START-OF-LOG: 3.0
CREATED-BY: reconstructed-log-builder
CONTEST: ARRL-DX-CW
CALLSIGN: LZ1QZ
LOCATION: 
CATEGORY: CHECKLOG
CATEGORY-OPERATOR: SINGLE-OP
CATEGORY-BAND: ALL
CATEGORY-MODE: MIXED
CATEGORY-POWER: UNKNOWN
CATEGORY-ASSISTED: NON-ASSISTED
CATEGORY-TRANSMITTER: ONE
CATEGORY-STATION: UNKNOWN
CATEGORY-OVERLAY: 
OPERATORS: LZ1QZ
CLAIMED-SCORE: 
CLUB: 
NAME: 
SOAPBOX: RECONSTRUCTED MOCKUP LOG - NOT AN OFFICIAL SUBMISSION.
SOAPBOX: Derived from submitted logs for ARRL-DX-CW ARRL/arrl_international_dx_cw_contest/2024.
QSO:  7012 CW 2024-02-17 0059 LZ1QZ         599 KW NR4M          599 VA
QSO:  7001 CW 2024-02-17 0104 LZ1QZ         599 K AA1K          599 DE
QSO:  7066 CW 2024-02-17 0106 LZ1QZ         599 KW KI1G          599 RI
QSO:  7056 CW 2024-02-17 0110 LZ1QZ         599 K NY6DX         599 NJ
QSO:  7018 CW 2024-02-17 0111 LZ1QZ         599 KW VA2WA         599 QC
QSO:  7023 CW 2024-02-17 0111 LZ1QZ         599 KW K1TTT         599 MA
QSO:  7028 CW 2024-02-17 0111 LZ1QZ         599 KW W3LPL         599 MD
QSO:  7010 CW 2024-02-17 0112 LZ1QZ         599 K N2AA          599 NJ
QSO:  7007 CW 2024-02-17 0113 LZ1QZ         599 KW K4ZW          599 VA
QSO:  7009 CW 2024-02-17 0113 LZ1QZ         599 KW K9RS          599 DE
QSO: 14067 CW 2024-02-17 0115 LZ1QZ         599 KW K9RS          599 DE
QSO: 14054 CW 2024-02-17 0116 LZ1QZ         599 K N4UU          599 FL
QSO: 14046 CW 2024-02-17 0117 LZ1QZ         599 KW N9NC          599 NH
QSO: 14055 CW 2024-02-17 0117 LZ1QZ         599 KW K3WU          599 PA
QSO: 14005 CW 2024-02-17 0118 LZ1QZ         599 KW KU2M          599 NJ
QSO: 14016 CW 2024-02-17 0119 LZ1QZ         599 KW N2MF          599 NY
QSO: 14016 CW 2024-02-17 0119 LZ1QZ         599 KW W4NF          599 VA
QSO: 14019 CW 2024-02-17 0120 LZ1QZ         599 KW N5DX          599 NY
QSO: 14020 CW 2024-02-17 0121 LZ1QZ         599 KW NR4M          599 VA
QSO: 14004 CW 2024-02-17 0122 LZ1QZ         599 KW K3LR          599 PA
QSO: 14007 CW 2024-02-17 0122 LZ1QZ         599 KW W3LPL         599 MD
QSO: 14022 CW 2024-02-17 0123 LZ1QZ         599 KW WC1M          599 NH
QSO: 14054 CW 2024-02-17 0124 LZ1QZ         599 KW N4OGW         599 MS
QSO: 14057 CW 2024-02-17 0125 LZ1QZ         599 KW W1RCR         599 FL
QSO:  7008 CW 2024-02-17 0127 LZ1QZ         599 K K9OM          599 FL
QSO:  7003 CW 2024-02-17 0129 LZ1QZ         599 KW K3WW          599 PA
QSO:  7004 CW 2024-02-17 0130 LZ1QZ         599 KW WC1M          599 NH
QSO:  7004 CW 2024-02-17 0131 LZ1QZ         599 KW N5DX          599 NY
QSO:  7009 CW 2024-02-17 0131 LZ1QZ         599 KW VE3NNT        599 ON
QSO:  7030 CW 2024-02-17 0132 LZ1QZ         599 KW K5GN          599 TX
QSO:  7018 CW 2024-02-17 0133 LZ1QZ         599 KW K3LR          599 PA
QSO:  7005 CW 2024-02-17 0134 LZ1QZ         599 KW W4NF          599 VA
QSO:  7006 CW 2024-02-17 0134 LZ1QZ         599 KW W8FJ          599 PA
QSO:  7023 CW 2024-02-17 0136 LZ1QZ         599 1000 KA1IS         599 ME
QSO:  7034 CW 2024-02-17 0136 LZ1QZ         599 KW NN3Q          599 PA
QSO:  7034 CW 2024-02-17 0137 LZ1QZ         599 KW K3CCR         599 MD
QSO:  7033 CW 2024-02-17 0138 LZ1QZ         599 KW K1TZQ         599 RI
QSO:  7015 CW 2024-02-17 0140 LZ1QZ         599 KW K9CT          599 IL
QSO:  3534 CW 2024-02-17 0142 LZ1QZ         599 KW N3RD          599 PA
QSO:  3504 CW 2024-02-17 0143 LZ1QZ         599 KW W3LPL         599 MD
QSO:  3514 CW 2024-02-17 0143 LZ1QZ         599 KW K5ZD          599 MA
QSO:  3501 CW 2024-02-17 0144 LZ1QZ         599 KW K1LZ          599 ME
QSO:  3503 CW 2024-02-17 0144 LZ1QZ         599 KW K1TTT         599 MA
QSO:  3501 CW 2024-02-17 0149 LZ1QZ         599 KW NR4M          599 VA
QSO:  3514 CW 2024-02-17 0151 LZ1QZ         599 KW VA2WA         599 QC
QSO:  3534 CW 2024-02-17 0152 LZ1QZ         599 KW AA3B          599 PA
QSO: 14003 CW 2024-02-17 0154 LZ1QZ         599 KW K0EJ          599 TN
QSO: 14018 CW 2024-02-17 0155 LZ1QZ         599 KW WO1N          599 MA
QSO: 14053 CW 2024-02-17 0155 LZ1QZ         599 KW K3AJ          599 MD
QSO: 14061 CW 2024-02-17 0159 LZ1QZ         599 KW VE3EJ         599 ON
QSO: 14043 CW 2024-02-17 0200 LZ1QZ         599 KW K8LX          599 MI
QSO: 14005 CW 2024-02-17 0201 LZ1QZ         599 KW K8AZ          599 OH
QSO: 14058 CW 2024-02-17 0206 LZ1QZ         599 KW K4AB          599 AL
QSO: 14062 CW 2024-02-17 0206 LZ1QZ         599 KW KI1G          599 RI
QSO: 14000 CW 2024-02-17 0207 LZ1QZ         599 KW K1LZ          599 ME
QSO: 14010 CW 2024-02-17 0208 LZ1QZ         599 KW K0RF          599 CO
QSO: 14042 CW 2024-02-17 0211 LZ1QZ         599 KW K8CX          599 OH
QSO: 14015 CW 2024-02-17 0212 LZ1QZ         599 KW K4ZW          599 VA
QSO: 14020 CW 2024-02-17 0212 LZ1QZ         599 KW KQ3F          599 PA
QSO: 14053 CW 2024-02-17 0213 LZ1QZ         599 KW N3AD          599 PA
QSO: 14054 CW 2024-02-17 0213 LZ1QZ         599 KW KU8E          599 GA
QSO: 14006 CW 2024-02-17 0215 LZ1QZ         599 100 K5GN          599 TX
QSO: 14024 CW 2024-02-17 0218 LZ1QZ         599 KW W5MX          599 KY
QSO: 14061 CW 2024-02-17 0219 LZ1QZ         599 K K5NZ          599 TX
QSO: 14034 CW 2024-02-17 0222 LZ1QZ         599 KW NJ4P          599 TN
QSO: 14006 CW 2024-02-17 0225 LZ1QZ         599 KW K1KI          599 CT
QSO:  7008 CW 2024-02-17 0229 LZ1QZ         599 KW K1ZZ          599 CT
QSO:  7029 CW 2024-02-17 0229 LZ1QZ         599 KW K9MA          599 WI
QSO:  7035 CW 2024-02-17 0230 LZ1QZ         599 KW W9SN          599 TN
QSO:  7002 CW 2024-02-17 0231 LZ1QZ         599 KW N2NT          599 NJ
QSO:  7028 CW 2024-02-17 0235 LZ1QZ         599 K N4UU          599 FL
QSO:  7003 CW 2024-02-17 0239 LZ1QZ         599 KW K1RX          599 NH
QSO:  7008 CW 2024-02-17 0240 LZ1QZ         599 KW K2SE          599 NJ
QSO:  7010 CW 2024-02-17 0240 LZ1QZ         599 KW KR2Q          599 NJ
QSO:  7015 CW 2024-02-17 0242 LZ1QZ         599 K WA1Z          599 NH
QSO:  7021 CW 2024-02-17 0242 LZ1QZ         599 KW K1LZ          599 ME
QSO:  7030 CW 2024-02-17 0242 LZ1QZ         599 KW W0AAE         599 IA
QSO:  7008 CW 2024-02-17 0450 LZ1QZ         599 KW NR3X          599 NC
QSO:  7015 CW 2024-02-17 0451 LZ1QZ         599 KW K0RF          599 CO
QSO:  3548 CW 2024-02-17 0455 LZ1QZ         599 KW K8LX          599 MI
QSO:  3500 CW 2024-02-17 0456 LZ1QZ         599 KW K0PJ          599 WI
QSO:  3563 CW 2024-02-17 0456 LZ1QZ         599 KW K8GL          599 MI
QSO:  3508 CW 2024-02-17 0459 LZ1QZ         599 KW VE3JM         599 ON
QSO:  3508 CW 2024-02-17 0501 LZ1QZ         599 KW VY2TT         599 PE
QSO:  3518 CW 2024-02-17 0502 LZ1QZ         599 KW W3BGN         599 PA
QSO:  7023 CW 2024-02-17 0505 LZ1QZ         599 KW WK2G          599 PA
QSO:  7001 CW 2024-02-17 0507 LZ1QZ         599 KW NN7CW         599 FL
QSO:  7015 CW 2024-02-17 0522 LZ1QZ         599 KW W5MX          599 KY
QSO:  7008 CW 2024-02-17 0524 LZ1QZ         599 KW K5TR          599 TX
QSO:  7042 CW 2024-02-17 0529 LZ1QZ         599 KW W9VW          599 IN
QSO:  7045 CW 2024-02-17 0532 LZ1QZ         599 KW K2YR          599 NY
QSO:  3522 CW 2024-02-17 0536 LZ1QZ         599 KW K9CT          599 IL
QSO:  3522 CW 2024-02-17 0537 LZ1QZ         599 KW K9CT          599 IL
QSO:  3513 CW 2024-02-17 0539 LZ1QZ         599 KW N2NT          599 NJ
QSO:  3513 CW 2024-02-17 0540 LZ1QZ         599 K WA1Z          599 NH
QSO:  3512 CW 2024-02-17 0541 LZ1QZ         599 KW K9RS          599 DE
QSO:  3538 CW 2024-02-17 0543 LZ1QZ         599 KW NJ4P          599 TN
QSO:  3505 CW 2024-02-17 0545 LZ1QZ         599 KW NA8V          599 MI
QSO:  3556 CW 2024-02-17 0546 LZ1QZ         599 KW NN3Q          599 PA
QSO: 14003 CW 2024-02-17 0928 LZ1QZ         599 KW N4RV          599 VA
QSO: 14004 CW 2024-02-17 0929 LZ1QZ         599 K AA1K          599 DE
QSO: 14017 CW 2024-02-17 0930 LZ1QZ         599 KW K1TTT         599 MA
QSO: 14018 CW 2024-02-17 0931 LZ1QZ         599 KW K9CT          599 IL
QSO: 14019 CW 2024-02-17 0932 LZ1QZ         599 KW K5TR          599 TX
QSO: 14040 CW 2024-02-17 0932 LZ1QZ         599 KW VY2TT         599 PE
QSO: 14033 CW 2024-02-17 0935 LZ1QZ         599 KW AA7A          599 AZ
QSO: 14042 CW 2024-02-17 0937 LZ1QZ         599 KW VE3AT         599 ON
QSO: 14029 CW 2024-02-17 0941 LZ1QZ         599 K N2AA          599 NJ
QSO: 14048 CW 2024-02-17 0943 LZ1QZ         599 KW N5RZ          599 TX
QSO: 14006 CW 2024-02-17 0944 LZ1QZ         599 KW NA8V          599 MI
QSO: 14007 CW 2024-02-17 0944 LZ1QZ         599 KW NY3A          599 PA
QSO: 14013 CW 2024-02-17 0945 LZ1QZ         599 KW K1RX          599 NH
QSO: 14034 CW 2024-02-17 0947 LZ1QZ         599 KW VE3JM         599 ON
QSO: 14002 CW 2024-02-17 0950 LZ1QZ         599 KW W2FU          599 NY
QSO: 14010 CW 2024-02-17 0951 LZ1QZ         599 KW VE3NNT        599 ON
QSO: 14040 CW 2024-02-17 0953 LZ1QZ         599 KW N7TU          599 AZ
QSO: 28069 CW 2024-02-17 1516 LZ1QZ         599 KW K8GU          599 OH
QSO: 28069 CW 2024-02-17 1517 LZ1QZ         599 KW K3WJV         599 PA
QSO: 28067 CW 2024-02-17 1518 LZ1QZ         599 KW AI6O          599 MO
QSO: 28057 CW 2024-02-17 1519 LZ1QZ         599 1000 KA2MGE        599 NY
QSO: 28067 CW 2024-02-17 1520 LZ1QZ         599 KW AI6O          599 MO
QSO: 28045 CW 2024-02-17 1522 LZ1QZ         599 KW K1TZQ         599 RI
QSO: 28000 CW 2024-02-17 1524 LZ1QZ         599 KW N8II          599 WV
QSO: 28048 CW 2024-02-17 1524 LZ1QZ         599 KW K3AJ          599 MD
QSO: 28047 CW 2024-02-17 1525 LZ1QZ         599 KW W4NF          599 VA
QSO: 28045 CW 2024-02-17 1527 LZ1QZ         599 1KW W8MJ          599 MI
QSO: 28048 CW 2024-02-17 1531 LZ1QZ         599 K K1RM          599 CT
QSO: 28040 CW 2024-02-17 1532 LZ1QZ         599 KW K5TR          599 TX
QSO: 28022 CW 2024-02-17 1534 LZ1QZ         599 KW N5DX          599 NY
QSO: 28043 CW 2024-02-17 1542 LZ1QZ         599 KW K9CT          599 IL
QSO: 21056 CW 2024-02-17 1555 LZ1QZ         599 K W1CSM         599 MA
QSO: 21017 CW 2024-02-17 1556 LZ1QZ         599 KW K1KI          599 CT
QSO: 21015 CW 2024-02-17 1558 LZ1QZ         599 KW K9RS          599 DE
QSO: 21013 CW 2024-02-17 1559 LZ1QZ         599 KW K3LR          599 PA
QSO: 21013 CW 2024-02-17 1559 LZ1QZ         599 KW VE3JM         599 ON
QSO: 21010 CW 2024-02-17 1601 LZ1QZ         599 KW K1LZ          599 ME
QSO: 21010 CW 2024-02-17 1602 LZ1QZ         599 KW W4NF          599 VA
QSO: 21006 CW 2024-02-17 1724 LZ1QZ         599 KW W3LPL         599 MD
QSO: 21004 CW 2024-02-17 1726 LZ1QZ         599 KW ND7K          599 AZ
QSO: 21006 CW 2024-02-17 1732 LZ1QZ         599 KW K9CT          599 IL
QSO: 21002 CW 2024-02-17 1737 LZ1QZ         599 KW N2NT          599 NJ
QSO: 21003 CW 2024-02-17 1737 LZ1QZ         599 KW N5DX          599 NY
QSO: 28010 CW 2024-02-18 1157 LZ1QZ         599 KW K1LZ          599 ME
QSO: 28009 CW 2024-02-18 1207 LZ1QZ         599 KW W3SM          599 CT
QSO: 28007 CW 2024-02-18 1213 LZ1QZ         599 KW N2NT          599 NJ
QSO: 28003 CW 2024-02-18 1214 LZ1QZ         599 KW W3LPL         599 MD
QSO: 28002 CW 2024-02-18 1215 LZ1QZ         599 KW NR4M          599 VA
QSO: 28002 CW 2024-02-18 1217 LZ1QZ         599 KW NR3X          599 NC
QSO: 28005 CW 2024-02-18 1221 LZ1QZ         599 KW WO4O          599 FL
QSO: 28007 CW 2024-02-18 1223 LZ1QZ         599 KW KI1G          599 RI
QSO: 28009 CW 2024-02-18 1225 LZ1QZ         599 KW N3RD          599 PA
QSO: 28012 CW 2024-02-18 1229 LZ1QZ         599 1000 K0ZR          599 VA
QSO: 28014 CW 2024-02-18 1231 LZ1QZ         599 KW K1JB          599 ME
QSO: 28020 CW 2024-02-18 1243 LZ1QZ         599 K N4AF          599 NC
QSO: 28024 CW 2024-02-18 1247 LZ1QZ         599 KW W9SN          599 TN
QSO: 28024 CW 2024-02-18 1248 LZ1QZ         599 KW N1PGA         599 MA
QSO: 28028 CW 2024-02-18 1250 LZ1QZ         599 KW AG3I          599 PA
QSO: 28062 CW 2024-02-18 1259 LZ1QZ         599 KW K1TO          599 FL
QSO: 28065 CW 2024-02-18 1302 LZ1QZ         599 K N2AA          599 NJ
QSO: 28067 CW 2024-02-18 1304 LZ1QZ         599 KW K1ZZ          599 CT
QSO: 28000 CW 2024-02-18 1547 LZ1QZ         599 KW KQ2M          599 CT
QSO: 28000 CW 2024-02-18 1548 LZ1QZ         599 KW NN7CW         599 FL
QSO: 28010 CW 2024-02-18 1609 LZ1QZ         599 KW K1AR          599 NH
QSO: 28016 CW 2024-02-18 1612 LZ1QZ         599 KW K4ZW          599 VA
QSO: 28022 CW 2024-02-18 1615 LZ1QZ         599 KW NS0R          599 KS
QSO: 28029 CW 2024-02-18 1617 LZ1QZ         599 K N3AM          599 MD
QSO: 28031 CW 2024-02-18 1618 LZ1QZ         599 KW N3RS          599 PA
QSO: 28034 CW 2024-02-18 1619 LZ1QZ         599 KW KQ3F          599 PA
QSO: 28042 CW 2024-02-18 1623 LZ1QZ         599 KW N5ZO          599 CA
QSO: 21009 CW 2024-02-18 1724 LZ1QZ         599 KW K0RF          599 CO
QSO: 21009 CW 2024-02-18 1727 LZ1QZ         599 KW N4RV          599 VA
QSO: 21011 CW 2024-02-18 1729 LZ1QZ         599 KW AB3CX         599 NY
QSO: 21013 CW 2024-02-18 1732 LZ1QZ         599 KW N2RC          599 NY
END-OF-LOG:
