START-OF-LOG: 3.0
CREATED-BY: reconstructed-log-builder
CONTEST: ARRL-DX-CW
CALLSIGN: RU3GF
LOCATION: 
CATEGORY: CHECKLOG
CATEGORY-OPERATOR: SINGLE-OP
CATEGORY-BAND: ALL
CATEGORY-MODE: MIXED
CATEGORY-POWER: UNKNOWN
CATEGORY-ASSISTED: NON-ASSISTED
CATEGORY-TRANSMITTER: ONE
CATEGORY-STATION: UNKNOWN
CATEGORY-OVERLAY: 
OPERATORS: RU3GF
CLAIMED-SCORE: 
CLUB: 
NAME: 
SOAPBOX: RECONSTRUCTED MOCKUP LOG - NOT AN OFFICIAL SUBMISSION.
SOAPBOX: Derived from submitted logs for ARRL-DX-CW ARRL/arrl_international_dx_cw_contest/2024.
QSO:  7013 CW 2024-02-17 0200 RU3GF         599 KW N7IV          599 ND
QSO:  7042 CW 2024-02-17 0211 RU3GF         599 KW NW3Y          599 DE
QSO:  7001 CW 2024-02-17 0221 RU3GF         599 K AA1K          599 DE
QSO:  7035 CW 2024-02-17 0305 RU3GF         599 KW W5MX          599 KY
QSO:  7025 CW 2024-02-17 0310 RU3GF         599 KW N0TT          599 MO
QSO: 28080 CW 2024-02-17 1513 RU3GF         599 KW KM5G          599 AR
QSO: 28082 CW 2024-02-17 1514 RU3GF         599 KW K5WE          599 OK
QSO: 28072 CW 2024-02-17 1515 RU3GF         599 KW N5OT          599 OK
QSO: 28030 CW 2024-02-17 1528 RU3GF         599 K W0IZ          599 CO
QSO: 28022 CW 2024-02-17 1529 RU3GF         599 KW N5DX          599 NY
QSO: 28083 CW 2024-02-17 1557 RU3GF         599 KW KX7M          599 CA
QSO: 28024 CW 2024-02-17 1600 RU3GF         599 KW K0RF          599 CO
QSO: 28062 CW 2024-02-17 1601 RU3GF         599 KW K9MA          599 WI
QSO: 28031 CW 2024-02-18 1325 RU3GF         599 KW K9RS          599 DE
QSO: 28057 CW 2024-02-18 1326 RU3GF         599 KW VE9HF         599 NB
QSO: 28058 CW 2024-02-18 1433 RU3GF         599 KW KF0UR         599 CO
QSO: 28143 CW 2024-02-18 1438 RU3GF         599 KW AD1C          599 CO
QSO: 28143 CW 2024-02-18 1442 RU3GF         599 KW AD1C          599 CO
QSO: 28000 CW 2024-02-18 1517 RU3GF         599 KW N6KN          599 CA
QSO: 28087 CW 2024-02-18 1526 RU3GF         599 KW K4ZW          599 VA
QSO: 28065 CW 2024-02-18 1530 RU3GF         599 KW KM5G          599 AR
QSO: 28022 CW 2024-02-18 1544 RU3GF         599 KW NS0R          599 KS
QSO: 28004 CW 2024-02-18 1638 RU3GF         599 KW N5DX          599 NY
QSO: 28065 CW 2024-02-18 1646 RU3GF         599 0 CB0ZW         599 500
END-OF-LOG:
