START-OF-LOG: 3.0
CREATED-BY: reconstructed-log-builder
CONTEST: ZRS-KVP
CALLSIGN: S51VC
LOCATION: 
CATEGORY: CHECKLOG
CATEGORY-OPERATOR: SINGLE-OP
CATEGORY-BAND: ALL
CATEGORY-MODE: MIXED
CATEGORY-POWER: UNKNOWN
CATEGORY-ASSISTED: NON-ASSISTED
CATEGORY-TRANSMITTER: ONE
CATEGORY-STATION: UNKNOWN
CATEGORY-OVERLAY: 
OPERATORS: S51VC
CLAIMED-SCORE: 
CLUB: 
NAME: 
SOAPBOX: RECONSTRUCTED MOCKUP LOG - NOT AN OFFICIAL SUBMISSION.
SOAPBOX: Derived from submitted logs for ZRS-KVP ZRS_KVP/2022/jesen.
QSO:  3700 PH 2022-11-20 0923 S51VC         59 69 S53M          59 50
QSO:  3700 PH 2022-11-20 0923 S51VC         59 69 S59A          59 64
QSO:  3700 PH 2022-11-20 0924 S51VC         59 69 S57AV         59 17
QSO:  3700 PH 2022-11-20 0929 S51VC         59 69 S52ZW         59 80
QSO:  3700 PH 2022-11-20 0932 S51VC         59 69 S51I          59 96
QSO:  3700 PH 2022-11-20 0936 S51VC         59 69 S51D          59 80
QSO:  3700 PH 2022-11-20 0946 S51VC         59 69 S52AA         59 97
QSO:  3700 PH 2022-11-20 0948 S51VC         59 69 S56NE         59 21
QSO:  3700 PH 2022-11-20 0951 S51VC         59 69 S53O          59 72
QSO:  3500 CW 2022-11-20 0959 S51VC         599 69 S52ZW         599 80
END-OF-LOG:
