START-OF-LOG: 3.0
CREATED-BY: HMRA public OK1WC downloader
CONTEST: OK1WC-MEMORIAL
CALLSIGN: DR3W
OPERATORS: DR3W
CATEGORY: SO-ALL-CW-LOW
CATEGORY-OPERATOR: SINGLE-OP
CATEGORY-BAND: ALL
CATEGORY-MODE: CW
CATEGORY-POWER: LOW
SOAPBOX: Recreated from OK1WC Memorial reference table MWC250804.
SOAPBOX: Source publication level: 4.
SOAPBOX: Source: https://memorial-ok1wc.cz/index.php?page=eval3/a_eval3&kolo=675&rocnik=17&tyden=31&jobdate=250804&pub_level=4
QSO:  7000 CW 2025-08-04 1630 DR3W          599 1          SD6F          599 1         
QSO:  7000 CW 2025-08-04 1630 DR3W          599 2          OK2PYA        599 2         
QSO:  7000 CW 2025-08-04 1630 DR3W          599 3          OK1DOL        599 2         
QSO:  7000 CW 2025-08-04 1632 DR3W          599 4          LZ5DI         599 7         
QSO:  7000 CW 2025-08-04 1632 DR3W          599 5          PA3AAV        599 10        
QSO:  7000 CW 2025-08-04 1632 DR3W          599 6          OL8R          599 12        
QSO:  7000 CW 2025-08-04 1633 DR3W          599 7          DL5YM         599 10        
QSO:  7000 CW 2025-08-04 1634 DR3W          599 8          SM5IMO        599 11        
QSO:  7000 CW 2025-08-04 1634 DR3W          599 9          SP2QG         599 8         
QSO:  7000 CW 2025-08-04 1635 DR3W          599 10         SD6M          599 5         
QSO:  7000 CW 2025-08-04 1636 DR3W          599 11         DL2CC         599 15        
QSO:  7000 CW 2025-08-04 1636 DR3W          599 12         SD1A          599 7         
QSO:  7000 CW 2025-08-04 1636 DR3W          599 13         SP4DNX        599 12        
QSO:  7000 CW 2025-08-04 1637 DR3W          599 14         SF6J          599 16        
QSO:  7000 CW 2025-08-04 1638 DR3W          599 15         SN1T          599 23        
QSO:  7000 CW 2025-08-04 1638 DR3W          599 16         DF7CB         599 17        
QSO:  7000 CW 2025-08-04 1639 DR3W          599 17         OK2IW         599 8         
QSO:  7000 CW 2025-08-04 1639 DR3W          599 18         SP8FHK        599 21        
QSO:  7000 CW 2025-08-04 1640 DR3W          599 19         OM3CPF        599 19        
QSO:  7000 CW 2025-08-04 1640 DR3W          599 20         SP3MEP        599 23        
QSO:  7000 CW 2025-08-04 1641 DR3W          599 21         OK1RKS        599 21        
QSO:  7000 CW 2025-08-04 1642 DR3W          599 22         SN5N          599 32        
QSO:  3500 CW 2025-08-04 1643 DR3W          599 23         SP3VT         599 7         
QSO:  3500 CW 2025-08-04 1643 DR3W          599 24         OK1RZ         599 8         
QSO:  7000 CW 2025-08-04 1643 DR3W          599 25         OL730PLZ      599 25        
QSO:  7000 CW 2025-08-04 1645 DR3W          599 26         S52W          599 30        
QSO:  7000 CW 2025-08-04 1645 DR3W          599 27         DA3T          599 24        
QSO:  7000 CW 2025-08-04 1645 DR3W          599 28         OK5SA         599 10        
QSO:  7000 CW 2025-08-04 1646 DR3W          599 29         HA1AS         599 16        
QSO:  7000 CW 2025-08-04 1646 DR3W          599 30         OK1EG         599 9         
QSO:  7000 CW 2025-08-04 1646 DR3W          599 31         SP2XX         599 30        
QSO:  7000 CW 2025-08-04 1647 DR3W          599 32         RA3G          599 31        
QSO:  7000 CW 2025-08-04 1647 DR3W          599 33         DL6WT         599 31        
QSO:  7000 CW 2025-08-04 1648 DR3W          599 34         OK5M          599 49        
QSO:  7000 CW 2025-08-04 1648 DR3W          599 35         DK1KC         599 10        
QSO:  7000 CW 2025-08-04 1648 DR3W          599 36         OK1FMX        599 26        
QSO:  7000 CW 2025-08-04 1648 DR3W          599 37         DL2MY         599 32        
QSO:  7000 CW 2025-08-04 1649 DR3W          599 38         DJ9KH         599 34        
QSO:  7000 CW 2025-08-04 1650 DR3W          599 39         DK5ZX         599 12        
QSO:  7000 CW 2025-08-04 1650 DR3W          599 40         IU4JNR        599 34        
QSO:  7000 CW 2025-08-04 1651 DR3W          599 41         SM5ACQ        599 38        
QSO:  7000 CW 2025-08-04 1651 DR3W          599 42         SM5DXR        599 25        
QSO:  7000 CW 2025-08-04 1652 DR3W          599 43         DL4ME         599 43        
QSO:  3500 CW 2025-08-04 1652 DR3W          599 44         OK1AY         599 7         
QSO:  3500 CW 2025-08-04 1652 DR3W          599 45         SP3CW         599 7         
QSO:  3500 CW 2025-08-04 1653 DR3W          599 46         OK1USP        599 7         
QSO:  7000 CW 2025-08-04 1654 DR3W          599 47         DM6EE         599 5         
QSO:  7000 CW 2025-08-04 1655 DR3W          599 48         RL3O          599 23        
QSO:  7000 CW 2025-08-04 1656 DR3W          599 49         RV6HV         599 3         
QSO:  7000 CW 2025-08-04 1656 DR3W          599 50         OK2NO         599 52        
QSO:  7000 CW 2025-08-04 1657 DR3W          599 51         DA0BCC        599 44        
QSO:  7000 CW 2025-08-04 1657 DR3W          599 52         DJ9SN         599 35        
QSO:  7000 CW 2025-08-04 1657 DR3W          599 53         HA6NL         599 60        
QSO:  7000 CW 2025-08-04 1658 DR3W          599 54         OK1FKD        599 35        
QSO:  7000 CW 2025-08-04 1700 DR3W          599 55         HB9CWM        599 19        
QSO:  7000 CW 2025-08-04 1700 DR3W          599 56         DR6T          599 32        
QSO:  7000 CW 2025-08-04 1700 DR3W          599 57         DL8QS         599 64        
QSO:  7000 CW 2025-08-04 1702 DR3W          599 58         OM3ZU         599 50        
QSO:  7000 CW 2025-08-04 1703 DR3W          599 59         PA0CT         599 51        
QSO:  7000 CW 2025-08-04 1703 DR3W          599 60         DM7W          599 68        
QSO:  7000 CW 2025-08-04 1704 DR3W          599 61         YL1CAT        599 55        
QSO:  7000 CW 2025-08-04 1704 DR3W          599 62         DA2K          599 50        
QSO:  7000 CW 2025-08-04 1704 DR3W          599 63         OL4W          599 57        
QSO:  7000 CW 2025-08-04 1704 DR3W          599 64         OK1TRJ        599 51        
QSO:  7000 CW 2025-08-04 1705 DR3W          599 65         SP2MKI        599 41        
QSO:  7000 CW 2025-08-04 1705 DR3W          599 66         DF1PU         599 18        
QSO:  7000 CW 2025-08-04 1706 DR3W          599 67         DF7TS         599 46        
QSO:  7000 CW 2025-08-04 1706 DR3W          599 68         DF8V          599 57        
QSO:  7000 CW 2025-08-04 1706 DR3W          599 69         DF7IH         599 17        
QSO:  7000 CW 2025-08-04 1707 DR3W          599 70         OG6B          599 35        
QSO:  7000 CW 2025-08-04 1707 DR3W          599 71         LY3QA         599 48        
QSO:  7000 CW 2025-08-04 1707 DR3W          599 72         SP5Y          599 83        
QSO:  7000 CW 2025-08-04 1707 DR3W          599 73         HA5BA         599 37        
QSO:  3500 CW 2025-08-04 1708 DR3W          599 74         DL7YS         599 62        
QSO:  3500 CW 2025-08-04 1708 DR3W          599 75         DJ3WE         599 69        
QSO:  3500 CW 2025-08-04 1709 DR3W          599 76         OK1DOR        599 57        
QSO:  3500 CW 2025-08-04 1709 DR3W          599 77         OK1OA         599 76        
QSO:  3500 CW 2025-08-04 1710 DR3W          599 78         OK1FMX        599 51        
QSO:  3500 CW 2025-08-04 1711 DR3W          599 79         DM7W          599 84        
QSO:  3500 CW 2025-08-04 1712 DR3W          599 80         DJ9SN         599 56        
QSO:  3500 CW 2025-08-04 1713 DR3W          599 81         DJ9MH         599 2         
QSO:  3500 CW 2025-08-04 1714 DR3W          599 82         DL2CC         599 98        
QSO:  3500 CW 2025-08-04 1715 DR3W          599 83         OK1TRJ        599 71        
QSO:  3500 CW 2025-08-04 1716 DR3W          599 84         DL1JHR        599 14        
QSO:  3500 CW 2025-08-04 1716 DR3W          599 85         OM3CPF        599 68        
QSO:  3500 CW 2025-08-04 1718 DR3W          599 86         DF7CB         599 94        
QSO:  3500 CW 2025-08-04 1719 DR3W          599 87         OK5M          599 109       
QSO:  3500 CW 2025-08-04 1720 DR3W          599 88         OK1DOL        599 119       
QSO:  7000 CW 2025-08-04 1720 DR3W          599 89         RK6O          599 45        
QSO:  7000 CW 2025-08-04 1720 DR3W          599 90         SP4JFR        599 75        
QSO:  7000 CW 2025-08-04 1721 DR3W          599 91         OM3FW         599 71        
QSO:  7000 CW 2025-08-04 1721 DR3W          599 92         DF1LON        599 49        
QSO:  7000 CW 2025-08-04 1721 DR3W          599 93         SP2QG         599 96        
QSO:  7000 CW 2025-08-04 1722 DR3W          599 94         DR2C          599 99        
QSO:  7000 CW 2025-08-04 1722 DR3W          599 95         SO3O          599 102       
QSO:  7000 CW 2025-08-04 1723 DR3W          599 96         PC4H          599 81        
QSO:  7000 CW 2025-08-04 1723 DR3W          599 97         M4N           599 75        
QSO:  3500 CW 2025-08-04 1725 DR3W          599 98         OM3ZU         599 89        
QSO:  3500 CW 2025-08-04 1726 DR3W          599 99         OK1FKD        599 73        
QSO:  3500 CW 2025-08-04 1726 DR3W          599 100        DF8V          599 90        
QSO:  3500 CW 2025-08-04 1727 DR3W          599 101        SM5ACQ        599 81        
QSO:  3500 CW 2025-08-04 1728 DR3W          599 102        SM5IMO        599 103       
QSO:  3500 CW 2025-08-04 1729 DR3W          599 103        DA3T          599 78        
END-OF-LOG:
