START-OF-LOG: 3.0
CREATED-BY: reconstructed-log-builder
CONTEST: ARRL-10
CALLSIGN: K4CAE
LOCATION: 
CATEGORY: CHECKLOG
CATEGORY-OPERATOR: SINGLE-OP
CATEGORY-BAND: ALL
CATEGORY-MODE: MIXED
CATEGORY-POWER: UNKNOWN
CATEGORY-ASSISTED: NON-ASSISTED
CATEGORY-TRANSMITTER: ONE
CATEGORY-STATION: UNKNOWN
CATEGORY-OVERLAY: 
OPERATORS: K4CAE
CLAIMED-SCORE: 
CLUB: 
NAME: 
SOAPBOX: RECONSTRUCTED MOCKUP LOG - NOT AN OFFICIAL SUBMISSION.
SOAPBOX: Derived from submitted logs for ARRL-10 ARRL/arrl_10_meter_contest/2021.
QSO: 28000 PH 2021-12-12 0034 K4CAE         59 SC K8DJR         59 MI
QSO: 28445 PH 2021-12-12 0035 K4CAE         59 SC WA1T          59 ME
QSO: 28403 PH 2021-12-12 0037 K4CAE         59 SC KC1XX         59 NH
QSO: 28473 PH 2021-12-12 0038 K4CAE         59 SC WX1S          59 NH
QSO: 28000 PH 2021-12-12 0041 K4CAE         59 SC K5TR          59 TX
QSO: 28000 PH 2021-12-12 0046 K4CAE         59 SC WZ1V          59 CT
QSO: 28370 PH 2021-12-12 0048 K4CAE         59 SC NY1E          59 ME
QSO: 28000 PH 2021-12-12 0054 K4CAE         59 SC N1WRK         59 MA
QSO: 28000 PH 2021-12-12 0057 K4CAE         59 SC AF1T          59 NH
QSO: 28411 PH 2021-12-12 0058 K4CAE         59 SC N8VZ          59 OH
QSO: 28520 PH 2021-12-12 0100 K4CAE         59 SC N8RA          59 CT
QSO: 28459 PH 2021-12-12 0101 K4CAE         59 SC K8AZ          59 OH
QSO: 28450 PH 2021-12-12 0102 K4CAE         59 SC K0TT          59 MN
QSO: 28465 PH 2021-12-12 0103 K4CAE         59 SC NX5M          59 TX
QSO: 28459 PH 2021-12-12 0115 K4CAE         59 SC KW8N          59 OH
QSO: 28482 PH 2021-12-12 0121 K4CAE         59 SC K4ZW          59 VA
QSO: 28492 PH 2021-12-12 0123 K4CAE         59 SC W1AW          59 CT
END-OF-LOG:
