START-OF-LOG: 3.0
CREATED-BY: okomdx-downloader
CONTEST: OK-OM DX CW Contest 2022
CALLSIGN: LY5G
OPERATORS: LY5G
CATEGORY: SINGLE-OP ALL QRP
CATEGORY-OPERATOR: SINGLE-OP
CATEGORY-BAND: ALL
CATEGORY-MODE: CW
CATEGORY-POWER: QRP
CATEGORY-ASSISTED: NON-ASSISTED
CATEGORY-TRANSMITTER: ONE
CATEGORY-STATION: FIXED
QSO:  1829 CW 2022-11-13 0355 LY5G          599 0001       OK1IP         599 CPR       
QSO:  1831 CW 2022-11-13 0355 LY5G          599 0002       OK2BFN        599 GZL       
QSO:  1832 CW 2022-11-13 0356 LY5G          599 0003       OK1MDK        599 FHB       
QSO:  1836 CW 2022-11-13 0358 LY5G          599 0004       OM2VL         599 DST       
QSO:  3532 CW 2022-11-13 0400 LY5G          599 0005       OK1HEH        599 FCR       
QSO:  3530 CW 2022-11-13 0401 LY5G          599 0006       OK6OK         599 HNJ       
QSO:  3529 CW 2022-11-13 0402 LY5G          599 0007       OK5Z          599 GTR       
QSO:  3528 CW 2022-11-13 0402 LY5G          599 0008       OL1C          599 ETE       
QSO:  3528 CW 2022-11-13 0403 LY5G          599 0009       OK1MAW        599 FSV       
QSO:  3524 CW 2022-11-13 0404 LY5G          599 0010       OM5CD         599 BAB       
QSO:  3523 CW 2022-11-13 0406 LY5G          599 0011       OM8AA         599 POP       
QSO:  3516 CW 2022-11-13 0408 LY5G          599 0012       OM5NL         599 KOM       
QSO:  3515 CW 2022-11-13 0408 LY5G          599 0013       OM3RBS        599 BST       
QSO:  3525 CW 2022-11-13 0409 LY5G          599 0014       OK1AY         599 DPJ       
QSO:  3533 CW 2022-11-13 0411 LY5G          599 0015       OK1DM         599 ELT       
QSO:  3535 CW 2022-11-13 0412 LY5G          599 0016       OK2MBP        599 HNJ       
QSO:  3549 CW 2022-11-13 0413 LY5G          599 0017       OK2PIM        599 GKR       
QSO:  3533 CW 2022-11-13 0414 LY5G          599 0018       OM0AS         599 SNI       
QSO:  3522 CW 2022-11-13 0415 LY5G          599 0019       OK1MDK        599 FHB       
QSO:  3522 CW 2022-11-13 0416 LY5G          599 0020       OM8DD         599 KEO       
QSO:  3513 CW 2022-11-13 0417 LY5G          599 0021       OL4W          599 ELI       
QSO:  3512 CW 2022-11-13 0418 LY5G          599 0022       OM2VL         599 DST       
QSO:  3512 CW 2022-11-13 0419 LY5G          599 0023       OK6N          599 HVS       
QSO:  1827 CW 2022-11-13 0420 LY5G          599 0024       OL1C          599 ETE       
QSO:  1828 CW 2022-11-13 0421 LY5G          599 0025       OK1DM         599 ELT       
QSO:  3528 CW 2022-11-13 0426 LY5G          599 0026       OM8FR         599 KEZ       
QSO:  3528 CW 2022-11-13 0430 LY5G          599 0027       OK2DN         599 HOL       
QSO:  3538 CW 2022-11-13 0433 LY5G          599 0028       OK2ABU        599 GZS       
QSO:  3538 CW 2022-11-13 0434 LY5G          599 0029       OM6RM         599 SEN       
QSO:  3515 CW 2022-11-13 0438 LY5G          599 0030       OM0R          599 LEV       
QSO:  1832 CW 2022-11-13 0439 LY5G          599 0031       OL5Y          599 BKO       
QSO:  1829 CW 2022-11-13 0441 LY5G          599 0032       OM3CPF        599 SEA       
QSO:  1825 CW 2022-11-13 0442 LY5G          599 0033       OK2BUZ        599 HVS       
QSO:  3516 CW 2022-11-13 0601 LY5G          599 0034       OL5Y          599 BKO       
QSO:  3527 CW 2022-11-13 0605 LY5G          599 0035       OM5VS         599 LVC       
QSO:  3532 CW 2022-11-13 0607 LY5G          599 0036       OM7LW         599 LUC       
QSO:  3536 CW 2022-11-13 0607 LY5G          599 0037       OM5B          599 PAR       
QSO:  3538 CW 2022-11-13 0608 LY5G          599 0038       OK4YL         599 HNJ       
QSO:  3539 CW 2022-11-13 0609 LY5G          599 0039       OK1JFP        599 EUL       
QSO:  3541 CW 2022-11-13 0610 LY5G          599 0040       OK1DKR        599 APH       
QSO:  3547 CW 2022-11-13 0611 LY5G          599 0041       OM7AG         599 ZVO       
QSO:  7009 CW 2022-11-13 0614 LY5G          599 0042       OL7D          599 BNY       
QSO:  7010 CW 2022-11-13 0615 LY5G          599 0043       OK1Z          599 CPI       
QSO:  7011 CW 2022-11-13 0615 LY5G          599 0044       OK1DKU        599 BPZ       
QSO:  7012 CW 2022-11-13 0616 LY5G          599 0045       OM0R          599 LEV       
QSO:  7014 CW 2022-11-13 0616 LY5G          599 0046       OM5DX         599 LVC       
QSO:  7016 CW 2022-11-13 0619 LY5G          599 0047       OM2XW         599 MYJ       
QSO:  7017 CW 2022-11-13 0620 LY5G          599 0048       OL0W          599 BBE       
QSO:  7017 CW 2022-11-13 0620 LY5G          599 0049       OM6AL         599 MAR       
QSO:  7018 CW 2022-11-13 0621 LY5G          599 0050       OL6P          599 GVY       
QSO:  7022 CW 2022-11-13 0623 LY5G          599 0051       OM7LW         599 LUC       
QSO:  7021 CW 2022-11-13 0624 LY5G          599 0052       OK1DMP        599 BPV       
QSO:  7020 CW 2022-11-13 0625 LY5G          599 0053       OM6RM         599 SEN       
QSO:  7020 CW 2022-11-13 0626 LY5G          599 0054       OM8ON         599 KEB       
QSO:  7022 CW 2022-11-13 0626 LY5G          599 0055       OK2HBR        599 HOL       
QSO:  7023 CW 2022-11-13 0627 LY5G          599 0056       OM8AA         599 POP       
QSO:  7025 CW 2022-11-13 0628 LY5G          599 0057       OK1FPS        599 APD       
QSO:  7026 CW 2022-11-13 0628 LY5G          599 0058       OK2NO         599 HBR       
QSO:  7029 CW 2022-11-13 0631 LY5G          599 0059       OK7L          599 FTR       
QSO:  7030 CW 2022-11-13 0631 LY5G          599 0060       OM5VS         599 LVC       
QSO:  7030 CW 2022-11-13 0632 LY5G          599 0061       OM3ZU         599 PRE       
QSO:  7026 CW 2022-11-13 0633 LY5G          599 0062       OL2A          599 GZS       
QSO:  7027 CW 2022-11-13 0634 LY5G          599 0063       OK2PIM        599 GKR       
QSO:  7028 CW 2022-11-13 0635 LY5G          599 0064       OK3DM         599 BBE       
QSO:  7032 CW 2022-11-13 0636 LY5G          599 0065       OK6Y          599 GVY       
QSO:  7034 CW 2022-11-13 0855 LY5G          599 0066       OK2EC         599 GUH       
QSO:  7026 CW 2022-11-13 0857 LY5G          599 0067       OK2QA         599 HPR       
QSO:  7025 CW 2022-11-13 0857 LY5G          599 0068       OK5Z          599 GTR       
QSO:  7022 CW 2022-11-13 0901 LY5G          599 0069       OK1OA         599 ELI       
QSO:  7020 CW 2022-11-13 0902 LY5G          599 0070       OM7LM         599 ZVO       
QSO:  7019 CW 2022-11-13 0902 LY5G          599 0071       OM3ZWA        599 PRE       
QSO:  7017 CW 2022-11-13 0903 LY5G          599 0072       OK1MV         599 FPA       
QSO:  7016 CW 2022-11-13 0904 LY5G          599 0073       OL5Y          599 BKO       
QSO:  7018 CW 2022-11-13 0906 LY5G          599 0074       OK1PI         599 FCR       
QSO:  7032 CW 2022-11-13 0909 LY5G          599 0075       OK1AGE        599 BPZ       
QSO: 14025 CW 2022-11-13 0910 LY5G          599 0076       OK1CZ         599 BKO       
QSO: 14024 CW 2022-11-13 0911 LY5G          599 0077       OK1DTP        599 API       
QSO: 14023 CW 2022-11-13 0912 LY5G          599 0078       OM3RM         599 DST       
QSO: 14020 CW 2022-11-13 0914 LY5G          599 0079       OM3CDN        599 BAC       
QSO: 14016 CW 2022-11-13 0916 LY5G          599 0080       OL0W          599 BBE       
QSO: 14015 CW 2022-11-13 0918 LY5G          599 0081       OM2VL         599 DST       
QSO: 14014 CW 2022-11-13 0918 LY5G          599 0082       OK1XC         599 CTA       
QSO: 14014 CW 2022-11-13 0919 LY5G          599 0083       OM3CPF        599 SEA       
QSO: 14013 CW 2022-11-13 0920 LY5G          599 0084       OK2BFN        599 GZL       
QSO: 14012 CW 2022-11-13 0921 LY5G          599 0085       OL7D          599 BNY       
QSO: 14026 CW 2022-11-13 0922 LY5G          599 0086       OK3DM         599 BBE       
QSO: 14026 CW 2022-11-13 0923 LY5G          599 0087       OM6RM         599 SEN       
QSO: 14028 CW 2022-11-13 0924 LY5G          599 0088       OK1MAW        599 FSV       
QSO: 14028 CW 2022-11-13 0925 LY5G          599 0089       OM8FR         599 KEZ       
QSO: 14029 CW 2022-11-13 0926 LY5G          599 0090       OK2ABU        599 GZS       
QSO: 14033 CW 2022-11-13 0928 LY5G          599 0091       OK1DMP        599 BPV       
QSO: 14034 CW 2022-11-13 0929 LY5G          599 0092       OK1FRO        599 APJ       
QSO: 14039 CW 2022-11-13 0931 LY5G          599 0093       OK1JFP        599 EUL       
QSO: 14040 CW 2022-11-13 0932 LY5G          599 0094       OM3BY         599 PBY       
QSO: 14043 CW 2022-11-13 0934 LY5G          599 0095       OM3TBG        599 NIT       
QSO: 14044 CW 2022-11-13 0934 LY5G          599 0096       OK1FKD        599 ECH       
QSO: 14045 CW 2022-11-13 0935 LY5G          599 0097       OK1FGD        599 FSE       
QSO: 14047 CW 2022-11-13 0936 LY5G          599 0098       OK2MBP        599 HNJ       
QSO: 14007 CW 2022-11-13 0938 LY5G          599 0099       OK5TFC        599 BMB       
QSO: 14008 CW 2022-11-13 0939 LY5G          599 0100       OM0R          599 LEV       
QSO: 14010 CW 2022-11-13 0940 LY5G          599 0101       OK5OK         599 EUL       
QSO: 14016 CW 2022-11-13 0942 LY5G          599 0102       OK4T          599 DKV       
QSO: 14018 CW 2022-11-13 0945 LY5G          599 0103       OK2BRS        599 HVS       
QSO: 14019 CW 2022-11-13 0948 LY5G          599 0104       OK1DRX        599 BPZ       
QSO: 14022 CW 2022-11-13 0951 LY5G          599 0105       OM8ON         599 KEB       
QSO: 14023 CW 2022-11-13 0952 LY5G          599 0106       OM8DD         599 KEO       
QSO: 14024 CW 2022-11-13 0953 LY5G          599 0107       OM7LM         599 ZVO       
QSO: 14047 CW 2022-11-13 0959 LY5G          599 0108       OK1FRJ        599 BBE       
QSO: 14051 CW 2022-11-13 1001 LY5G          599 0109       OM0MW         599 PRE       
QSO: 14039 CW 2022-11-13 1004 LY5G          599 0110       OM5NA         599 PEZ       
QSO: 14037 CW 2022-11-13 1005 LY5G          599 0111       OM3RBS        599 BST       
END-OF-LOG:
