START-OF-LOG: 3.0
CREATED-BY: reconstructed-log-builder
CONTEST: CQ-WW-SSB
CALLSIGN: KA4RRU
LOCATION: 
CATEGORY: CHECKLOG
CATEGORY-OPERATOR: SINGLE-OP
CATEGORY-BAND: ALL
CATEGORY-MODE: MIXED
CATEGORY-POWER: UNKNOWN
CATEGORY-ASSISTED: NON-ASSISTED
CATEGORY-TRANSMITTER: ONE
CATEGORY-STATION: UNKNOWN
CATEGORY-OVERLAY: 
OPERATORS: KA4RRU
CLAIMED-SCORE: 
CLUB: 
NAME: 
SOAPBOX: RECONSTRUCTED MOCKUP LOG - NOT AN OFFICIAL SUBMISSION.
SOAPBOX: Derived from submitted logs for CQ-WW-SSB CQWW/ph/2021.
QSO:  7235 PH 2021-10-30 0121 KA4RRU        59 05 J68HZ         59 8
QSO:  7203 PH 2021-10-30 0131 KA4RRU        59 05 ZF5T          59 8
QSO:  7250 PH 2021-10-30 0133 KA4RRU        59 05 KP2M          59 8
QSO:  7101 PH 2021-10-30 0136 KA4RRU        59 05 M6T           59 14
QSO:  7146 PH 2021-10-30 0136 KA4RRU        59 05 ED1R          59 14
QSO:  7161 PH 2021-10-30 0137 KA4RRU        59 05 OM7M          59 15
QSO:  7243 PH 2021-10-30 0139 KA4RRU        59 05 VP9I          59 5
QSO:  7226 PH 2021-10-30 0140 KA4RRU        59 05 C6AHB         59 8
QSO:  7200 PH 2021-10-30 0141 KA4RRU        59 05 DP7D          59 14
QSO:  7220 PH 2021-10-30 0141 KA4RRU        59 05 VE2IDX        59 2
QSO:  7214 PH 2021-10-30 0144 KA4RRU        59 5 VE7GL         59 3
QSO:  7247 PH 2021-10-30 0144 KA4RRU        59 05 VE4VT         59 4
QSO:  7223 PH 2021-10-30 0146 KA4RRU        59 05 KP3Z          59 08
QSO:  7229 PH 2021-10-30 0150 KA4RRU        59 05 PJ2T          59 9
QSO:  7210 PH 2021-10-30 0153 KA4RRU        59 05 V31XX         59 07
QSO:  7147 PH 2021-10-30 0154 KA4RRU        59 05 TM6M          59 14
QSO:  7127 PH 2021-10-30 0214 KA4RRU        59 05 PJ4G          59 09
QSO:  7162 PH 2021-10-30 0259 KA4RRU        59 05 PI4COM        59 14
QSO:  3812 PH 2021-10-30 0352 KA4RRU        59 05 PJ4K          59 9
QSO:  3662 PH 2021-10-30 0356 KA4RRU        59 05 VE2AED        59 5
QSO:  3666 PH 2021-10-30 0356 KA4RRU        59 05 VA3WB         59 4
QSO:  3683 PH 2021-10-30 0357 KA4RRU        59 05 TM0DX         59 14
QSO:  3792 PH 2021-10-30 0357 KA4RRU        59 05 M6T           59 14
QSO:  3699 PH 2021-10-30 0359 KA4RRU        59 05 WP3C          59 08
QSO:  3711 PH 2021-10-30 0400 KA4RRU        59 05 CQ8M          59 14
QSO:  3787 PH 2021-10-30 0401 KA4RRU        59 05 DF0HQ         59 14
QSO:  3799 PH 2021-10-30 0401 KA4RRU        59 05 LZ9W          59 20
QSO:  3677 PH 2021-10-30 0402 KA4RRU        59 05 EE3M          59 14
QSO:  3645 PH 2021-10-30 0403 KA4RRU        59 05 VE2IM         59 02
QSO:  3626 PH 2021-10-30 0404 KA4RRU        59 05 SP9N          59 15
QSO:  3786 PH 2021-10-30 0404 KA4RRU        59 05 EA8RM         59 33
QSO:  3707 PH 2021-10-30 0413 KA4RRU        59 05 KP2M          59 8
QSO:  3720 PH 2021-10-30 0414 KA4RRU        59 05 EI9E          59 14
QSO:  3758 PH 2021-10-30 0416 KA4RRU        59 05 S53M          59 15
QSO:  3773 PH 2021-10-30 0418 KA4RRU        59 05 YT5A          59 15
QSO:  3777 PH 2021-10-30 0418 KA4RRU        59 05 E7DX          59 15
QSO:  3688 PH 2021-10-30 0425 KA4RRU        59 05 P40W          59 09
QSO: 21270 PH 2021-10-30 1916 KA4RRU        59 05 VE7DX         59 3
QSO: 21267 PH 2021-10-30 1923 KA4RRU        59 05 J68HZ         59 8
QSO: 14195 PH 2021-10-30 1948 KA4RRU        59 05 YT5A          59 15
QSO: 28383 PH 2021-10-30 1953 KA4RRU        59 05 KP4AA         59 8
QSO: 28528 PH 2021-10-30 1955 KA4RRU        59 05 V26B          59 8
QSO: 14344 PH 2021-10-30 2351 KA4RRU        59 5 ZZ2T          59 11
QSO: 14267 PH 2021-10-30 2353 KA4RRU        59 05 J68HZ         59 8
QSO: 14261 PH 2021-10-30 2354 KA4RRU        59 05 FY5KE         59 9
QSO: 14323 PH 2021-10-30 2354 KA4RRU        59 05 PJ2T          59 9
QSO: 14000 PH 2021-10-30 2356 KA4RRU        59 05 ZP6RAI        59 11
QSO: 14200 PH 2021-10-30 2357 KA4RRU        59 05 PY0F          59 11
QSO: 14264 PH 2021-10-30 2357 KA4RRU        59 05 PJ4G          59 09
QSO: 14250 PH 2021-10-30 2359 KA4RRU        59 05 VA7RR         59 3
QSO: 14309 PH 2021-10-30 2359 KA4RRU        59 05 KL7RA         59 1
QSO: 14316 PH 2021-10-30 2359 KA4RRU        59 05 VE5DLC        59 4
QSO:  7195 PH 2021-10-31 0011 KA4RRU        59 05 EI7M          59 14
QSO:  7168 PH 2021-10-31 0013 KA4RRU        59 05 IR4X          59 15
QSO:  7180 PH 2021-10-31 0014 KA4RRU        59 05 LZ9W          59 20
QSO:  7169 PH 2021-10-31 0016 KA4RRU        59 05 9A7A          59 15
QSO:  7133 PH 2021-10-31 0018 KA4RRU        59 05 V26B          59 8
QSO:  7000 PH 2021-10-31 0019 KA4RRU        59 05 S51CK         59 15
QSO:  7173 PH 2021-10-31 0019 KA4RRU        59 05 E7DX          59 15
QSO:  7144 PH 2021-10-31 0026 KA4RRU        59 05 OT5A          59 14
QSO:  7187 PH 2021-10-31 0026 KA4RRU        59 05 HB9NE         59 14
QSO: 14299 PH 2021-10-31 0035 KA4RRU        59 05 LT1F          59 13
QSO: 14000 PH 2021-10-31 0046 KA4RRU        59 05 CX2CC         59 13
QSO: 14256 PH 2021-10-31 0046 KA4RRU        59 05 VK6N          59 29
QSO:  7111 PH 2021-10-31 0051 KA4RRU        59 05 J42L          59 20
QSO:  3724 PH 2021-10-31 0133 KA4RRU        59 05 PJ2T          59 9
QSO:  3717 PH 2021-10-31 0134 KA4RRU        59 05 9A7A          59 15
QSO:  3726 PH 2021-10-31 0136 KA4RRU        59 05 ZF1A          59 08
QSO:  3791 PH 2021-10-31 0136 KA4RRU        59 05 LN8W          59 14
QSO:  3791 PH 2021-10-31 0217 KA4RRU        59 05 MM2N          59 14
QSO:  3752 PH 2021-10-31 0220 KA4RRU        59 05 OM7M          59 15
QSO:  3644 PH 2021-10-31 0221 KA4RRU        59 05 CR6K          59 14
QSO:  3729 PH 2021-10-31 0222 KA4RRU        59 05 HI3LT         59 8
QSO:  3700 PH 2021-10-31 0225 KA4RRU        59 05 UW1M          59 16
QSO:  3500 PH 2021-10-31 0327 KA4RRU        59 05 CO2JD         59 8
QSO:  3664 PH 2021-10-31 0329 KA4RRU        59 05 CQ3J          59 33
QSO:  3724 PH 2021-10-31 0330 KA4RRU        59 05 IB9A          59 15
QSO:  7228 PH 2021-10-31 0335 KA4RRU        59 05 FY5KE         59 9
QSO:  7190 PH 2021-10-31 0340 KA4RRU        59 05 SN3A          59 15
QSO:  7230 PH 2021-10-31 0341 KA4RRU        59 05 TI1K          59 7
QSO:  7156 PH 2021-10-31 0342 KA4RRU        59 05 HI3LT         59 8
QSO: 28000 PH 2021-10-31 1412 KA4RRU        59 05 I4JED         59 15
END-OF-LOG:
