START-OF-LOG: 3.0
CONTEST: ARRL-RTTY
CALLSIGN: DL1LSL
LOCATION: DX
CATEGORY-OPERATOR: SINGLE-OP
CATEGORY-ASSISTED: NON-ASSISTED
CATEGORY-POWER: LOW
CATEGORY-BAND: ALL
CATEGORY-MODE: RTTY
CATEGORY-TRANSMITTER: ONE
CATEGORY-STATION: FIXED
OPERATORS: DL1LSL
CREATED-BY: N1MM LOGGER+ 1.0.11052.0
HQ-CATEGORY: Single Operator, Low Power
HQ-GRID-LOCATOR: JN48IT
QSO: 14114 RY 2026-01-03 1840 DL1LSL 599 1 EA7R 599 0031
QSO: 14113 RY 2026-01-03 1842 DL1LSL 599 2 WA1Z 599 NH
QSO: 14117 RY 2026-01-03 1849 DL1LSL 599 3 K2NV 599 NY
QSO: 14116 RY 2026-01-03 1854 DL1LSL 599 4 AA3B 599 PA
QSO: 14119 RY 2026-01-03 1859 DL1LSL 599 5 W2CG 599 NJ
QSO: 14091 RY 2026-01-03 1909 DL1LSL 599 6 W2FU 599 NY
QSO: 14093 RY 2026-01-03 1912 DL1LSL 599 7 NM2K 599 NY
QSO: 3580 RY 2026-01-03 2116 DL1LSL 599 8 DL3BQA 599 0110
QSO: 3584 RY 2026-01-03 2118 DL1LSL 599 9 IW1CBG 599 0036
QSO: 3584 RY 2026-01-03 2125 DL1LSL 599 10 SQ5N 599 0118
QSO: 3592 RY 2026-01-03 2138 DL1LSL 599 11 TM1X 599 0073
QSO: 3593 RY 2026-01-03 2140 DL1LSL 599 12 OL6N 599 0158
QSO: 3598 RY 2026-01-03 2142 DL1LSL 599 13 SN7Q 599 0171
QSO: 3604 RY 2026-01-03 2154 DL1LSL 599 14 HA3OU 599 0053
QSO: 28094 RY 2026-01-04 0721 DL1LSL 599 15 YM7KA 599 0073
QSO: 28091 RY 2026-01-04 0921 DL1LSL 599 16 VJ3A 599 0120
QSO: 28094 RY 2026-01-04 0934 DL1LSL 599 17 SV1AZL 599 0088
QSO: 28108 RY 2026-01-04 1113 DL1LSL 599 18 D4Z 599 0496
QSO: 28081 RY 2026-01-04 1603 DL1LSL 599 19 UT5EL 599 0205
QSO: 28124 RY 2026-01-04 1606 DL1LSL 599 20 YQ6A 599 0525
QSO: 21101 RY 2026-01-04 1617 DL1LSL 599 21 OK3C 599 1376
QSO: 21089 RY 2026-01-04 1628 DL1LSL 599 22 AI0Y 599 ND
QSO: 21100 RY 2026-01-04 1633 DL1LSL 599 23 IU4CHE 599 0049
QSO: 21092 RY 2026-01-04 1711 DL1LSL 599 24 N0XR 599 IA
QSO: 21104 RY 2026-01-04 1715 DL1LSL 599 25 W7II 599 IA
QSO: 14086 RY 2026-01-04 1731 DL1LSL 599 26 VE5MX 599 SK
QSO: 14112 RY 2026-01-04 1750 DL1LSL 599 27 EA2KV 599 0061
QSO: 14118 RY 2026-01-04 1751 DL1LSL 599 28 TK5MH 599 0170
QSO: 7056 RY 2026-01-04 1759 DL1LSL 599 29 SM2M 599 0480
QSO: 7062 RY 2026-01-04 1801 DL1LSL 599 30 EA8BW 599 2342
QSO: 3599 RY 2026-01-04 1834 DL1LSL 599 31 HA8BE 599 0017
QSO: 3587 RY 2026-01-04 1925 DL1LSL 599 32 SB7A 599 0415
QSO: 3597 RY 2026-01-04 1935 DL1LSL 599 33 UR5SD 599 0540
QSO: 3599 RY 2026-01-04 1936 DL1LSL 599 34 EW7B 599 0635
QSO: 7044 RY 2026-01-04 1939 DL1LSL 599 35 YT0W 599 0641
QSO: 7066 RY 2026-01-04 1942 DL1LSL 599 36 IO5M 599 0518
QSO: 3580 RY 2026-01-04 1951 DL1LSL 599 37 TM5EE 599 0903
QSO: 3589 RY 2026-01-04 1955 DL1LSL 599 38 SM6M 599 0276
QSO: 3588 RY 2026-01-04 1957 DL1LSL 599 39 IC8SQS 599 0472
QSO: 3596 RY 2026-01-04 2001 DL1LSL 599 40 LY5W 599 0428
END-OF-LOG: