START-OF-LOG: 3.0
CONTEST: ARRL-RTTY
CALLSIGN: KE6QR
LOCATION: EB
CATEGORY-OPERATOR: SINGLE-OP
CATEGORY-ASSISTED: NON-ASSISTED
CATEGORY-POWER: HIGH
CATEGORY-BAND: ALL
CATEGORY-MODE: DIGI
CATEGORY-TRANSMITTER: ONE
CATEGORY-TIME: 12-HOURS
OPERATORS: KE6QR
CLUB: Northern California Contest Club
CREATED-BY: WRITELOG V12.89D
HQ-CATEGORY: Single Operator, High Power
HQ-GRID-LOCATOR: CM88VC
QSO: 14120 RY 2026-01-03 1825 KE6QR 599 CA AD5XD 599 TX
QSO: 14117 RY 2026-01-03 1826 KE6QR 599 CA N7UVH 599 ID
QSO: 14114 RY 2026-01-03 1827 KE6QR 599 CA N0AT 599 MN
QSO: 14108 RY 2026-01-03 1829 KE6QR 599 CA VE7WO 599 BC
QSO: 14104 RY 2026-01-03 1833 KE6QR 599 CA AB0LR 599 CO
QSO: 21128 RY 2026-01-03 1924 KE6QR 599 CA N2BJ 599 IL
QSO: 21129 RY 2026-01-03 1925 KE6QR 599 CA K0YR 599 MN
QSO: 21125 RY 2026-01-03 1929 KE6QR 599 CA ZD7BG 599 80
QSO: 21121 RY 2026-01-03 1934 KE6QR 599 CA W0LSD 599 CO
QSO: 21118 RY 2026-01-03 1936 KE6QR 599 CA W9MR 599 IL
QSO: 21117 RY 2026-01-03 1937 KE6QR 599 CA WI9WI 599 WI
QSO: 21116 RY 2026-01-03 1939 KE6QR 599 CA WP3C 599 163
QSO: 21115 RY 2026-01-03 1940 KE6QR 599 CA K9CT 599 IL
QSO: 21115 RY 2026-01-03 1940 KE6QR 599 CA NW8S 599 OH
QSO: 21113 RY 2026-01-03 1941 KE6QR 599 CA AF6SA 599 CA
QSO: 21112 RY 2026-01-03 1942 KE6QR 599 CA K3ANI 599 MD
QSO: 21111 RY 2026-01-03 1943 KE6QR 599 CA AI9T 599 IL
QSO: 21110 RY 2026-01-03 1944 KE6QR 599 CA WB8BZK 599 IL
QSO: 21110 RY 2026-01-03 2016 KE6QR 599 CA KF0UR 599 CO
QSO: 21109 RY 2026-01-03 2017 KE6QR 599 CA AH2O 599 NY
QSO: 21108 RY 2026-01-03 2018 KE6QR 599 CA AA0FO 599 KS
QSO: 21108 RY 2026-01-03 2018 KE6QR 599 CA N8EA 599 MI
QSO: 21105 RY 2026-01-03 2024 KE6QR 599 CA WF4W 599 GA
QSO: 21104 RY 2026-01-03 2025 KE6QR 599 CA VA7RY 599 BC
QSO: 21103 RY 2026-01-03 2027 KE6QR 599 CA AA9L 599 WI
QSO: 21101 RY 2026-01-03 2029 KE6QR 599 CA AE1P 599 NH
QSO: 21099 RY 2026-01-03 2031 KE6QR 599 CA K2QB 599 NY
QSO: 21098 RY 2026-01-03 2032 KE6QR 599 CA KF7U 599 AZ
QSO: 21096 RY 2026-01-03 2033 KE6QR 599 CA K5XH 599 AR
QSO: 21094 RY 2026-01-03 2036 KE6QR 599 CA VY1CO 599 YT
QSO: 21093 RY 2026-01-03 2038 KE6QR 599 CA VE2FXL 599 QC
QSO: 21092 RY 2026-01-03 2039 KE6QR 599 CA AK2S 599 NJ
QSO: 21091 RY 2026-01-03 2041 KE6QR 599 CA VE4DL 599 MB
QSO: 21089 RY 2026-01-03 2043 KE6QR 599 CA AD4ES 599 FL
QSO: 21088 RY 2026-01-03 2044 KE6QR 599 CA WA1F 599 FL
QSO: 21087 RY 2026-01-03 2046 KE6QR 599 CA KD7ND 599 AZ
QSO: 21086 RY 2026-01-03 2046 KE6QR 599 CA KU2M 599 NJ
QSO: 21085 RY 2026-01-03 2047 KE6QR 599 CA W0SD 599 SD
QSO: 21085 RY 2026-01-03 2048 KE6QR 599 CA WS9V 599 IL
QSO: 21084 RY 2026-01-03 2049 KE6QR 599 CA KB3Z 599 PA
QSO: 21082 RY 2026-01-03 2050 KE6QR 599 CA NJ4P 599 TN
QSO: 21082 RY 2026-01-03 2051 KE6QR 599 CA N9CK 599 WI
QSO: 21081 RY 2026-01-03 2052 KE6QR 599 CA NF6P 599 FL
QSO: 28127 RY 2026-01-03 2108 KE6QR 599 CA PY2EX 599 018
QSO: 28120 RY 2026-01-03 2129 KE6QR 599 CA PY2SNX 599 205
QSO: 28118 RY 2026-01-03 2130 KE6QR 599 CA LT4E 599 066
QSO: 28113 RY 2026-01-03 2132 KE6QR 599 CA KL7AC 599 73
QSO: 28111 RY 2026-01-03 2135 KE6QR 599 CA K0TI 599 MN
QSO: 28110 RY 2026-01-03 2136 KE6QR 599 CA D4Z 599 261
QSO: 28107 RY 2026-01-03 2137 KE6QR 599 CA KS2G 599 NY
QSO: 28103 RY 2026-01-03 2141 KE6QR 599 CA PY2XV 599 113
QSO: 28097 RY 2026-01-03 2143 KE6QR 599 CA KK5OQ 599 MS
QSO: 28095 RY 2026-01-03 2143 KE6QR 599 CA AA1SU 599 VT
QSO: 28093 RY 2026-01-03 2145 KE6QR 599 CA NX5M 599 TX
QSO: 28090 RY 2026-01-03 2147 KE6QR 599 CA NN1D 599 NH
QSO: 28090 RY 2026-01-03 2148 KE6QR 599 CA PU1JSV 599 057
QSO: 28084 RY 2026-01-03 2151 KE6QR 599 CA PZ5RA 599 336
QSO: 14139 RY 2026-01-03 2210 KE6QR 599 CA WT2P 599 IL
QSO: 14138 RY 2026-01-03 2211 KE6QR 599 CA AA4CF 599 GA
QSO: 14137 RY 2026-01-03 2213 KE6QR 599 CA NW8S 599 OH
QSO: 14132 RY 2026-01-03 2215 KE6QR 599 CA NS4X 599 TN
QSO: 14129 RY 2026-01-03 2217 KE6QR 599 CA WJ0B 599 KS
QSO: 14128 RY 2026-01-03 2218 KE6QR 599 CA W2CDO 599 MD
QSO: 14126 RY 2026-01-03 2220 KE6QR 599 CA N0CDA 599 CO
QSO: 14126 RY 2026-01-03 2221 KE6QR 599 CA W0ZA 599 NE
QSO: 14124 RY 2026-01-03 2227 KE6QR 599 CA W0AAE 599 MN
QSO: 14123 RY 2026-01-03 2228 KE6QR 599 CA AA3B 599 PA
QSO: 14122 RY 2026-01-03 2229 KE6QR 599 CA K9JY 599 VT
QSO: 14121 RY 2026-01-03 2231 KE6QR 599 CA K9WX 599 IN
QSO: 14119 RY 2026-01-03 2232 KE6QR 599 CA WT9U 599 IN
QSO: 14117 RY 2026-01-03 2233 KE6QR 599 CA KD9V 599 IN
QSO: 14113 RY 2026-01-03 2237 KE6QR 599 CA AA3S 599 MD
QSO: 14112 RY 2026-01-03 2241 KE6QR 599 CA W2CG 599 NJ
QSO: 14111 RY 2026-01-03 2242 KE6QR 599 CA KO0Z 599 MO
QSO: 14110 RY 2026-01-03 2243 KE6QR 599 CA W0ZQ 599 MN
QSO: 14107 RY 2026-01-03 2245 KE6QR 599 CA W0PR 599 MN
QSO: 14107 RY 2026-01-03 2246 KE6QR 599 CA K1DC 599 MA
QSO: 14104 RY 2026-01-03 2251 KE6QR 599 CA KU2M 599 NJ
QSO: 14103 RY 2026-01-03 2253 KE6QR 599 CA W1SJ 599 VT
QSO: 14101 RY 2026-01-03 2253 KE6QR 599 CA W4MLB 599 FL
QSO: 14100 RY 2026-01-03 2255 KE6QR 599 CA OG66X 599 82
QSO: 14099 RY 2026-01-03 2258 KE6QR 599 CA WB0YYE 599 NE
QSO: 14098 RY 2026-01-03 2302 KE6QR 599 CA AB5SE 599 AR
QSO: 14097 RY 2026-01-03 2306 KE6QR 599 CA NR4M 599 VA
QSO: 14096 RY 2026-01-03 2307 KE6QR 599 CA N8LRG 599 OH
QSO: 14094 RY 2026-01-03 2310 KE6QR 599 CA K5LY 599 TX
QSO: 14092 RY 2026-01-03 2313 KE6QR 599 CA W7VXS 599 WA
QSO: 14091 RY 2026-01-03 2314 KE6QR 599 CA K0TG 599 MN
QSO: 14090 RY 2026-01-03 2315 KE6QR 599 CA P49X 599 959
QSO: 14088 RY 2026-01-03 2318 KE6QR 599 CA KC0V 599 KS
QSO: 14088 RY 2026-01-03 2319 KE6QR 599 CA NJ4P 599 TN
QSO: 14087 RY 2026-01-03 2320 KE6QR 599 CA WA2CP 599 NY
QSO: 14086 RY 2026-01-03 2321 KE6QR 599 CA N2NL 599 FL
QSO: 14086 RY 2026-01-03 2322 KE6QR 599 CA NF6P 599 FL
QSO: 14087 RY 2026-01-03 2326 KE6QR 599 CA WS7I 599 WA
QSO: 28110 RY 2026-01-03 2326 KE6QR 599 CA JA6GCE 599 160
QSO: 28109 RY 2026-01-03 2329 KE6QR 599 CA JA1BJI 599 097
QSO: 28105 RY 2026-01-03 2330 KE6QR 599 CA W9MR 599 IL
QSO: 28096 RY 2026-01-03 2332 KE6QR 599 CA KF0UQR 599 KS
QSO: 28093 RY 2026-01-03 2333 KE6QR 599 CA K7ULS 599 UT
QSO: 28092 RY 2026-01-03 2334 KE6QR 599 CA WV6I 599 CA
QSO: 28088 RY 2026-01-03 2335 KE6QR 599 CA KD5ILA 599 AR
QSO: 28085 RY 2026-01-03 2337 KE6QR 599 CA K4NV 599 GA
QSO: 28116 RY 2026-01-03 2338 KE6QR 599 CA N7UVH 599 ID
QSO: 21140 RY 2026-01-03 2346 KE6QR 599 CA PW2R 599 446
QSO: 21135 RY 2026-01-03 2348 KE6QR 599 CA JS1OYN 599 108
QSO: 21130 RY 2026-01-03 2349 KE6QR 599 CA W9XT 599 WI
QSO: 21127 RY 2026-01-03 2356 KE6QR 599 CA JA1BJI 599 118
QSO: 21125 RY 2026-01-03 2358 KE6QR 599 CA W5JK 599 TX
QSO: 21124 RY 2026-01-04 0001 KE6QR 599 CA N2NL 599 FL
QSO: 21119 RY 2026-01-04 0002 KE6QR 599 CA JR3RIY 599 072
QSO: 21117 RY 2026-01-04 0003 KE6QR 599 CA KO7T 599 WA
QSO: 21112 RY 2026-01-04 0005 KE6QR 599 CA KL7AC 599 250
QSO: 21110 RY 2026-01-04 0008 KE6QR 599 CA W7GES 599 AZ
QSO: 21108 RY 2026-01-04 0009 KE6QR 599 CA DS5DNO 599 021
QSO: 21107 RY 2026-01-04 0010 KE6QR 599 CA YB0NSI 599 9
QSO: 21105 RY 2026-01-04 0012 KE6QR 599 CA KA6BIM 599 OR
QSO: 21104 RY 2026-01-04 0013 KE6QR 599 CA VK4SN 599 192
QSO: 21103 RY 2026-01-04 0014 KE6QR 599 CA N8LRG 599 OH
QSO: 21099 RY 2026-01-04 0017 KE6QR 599 CA PY3TD 599 062
QSO: 21092 RY 2026-01-04 0019 KE6QR 599 CA K1RZ 599 MD
QSO: 21091 RY 2026-01-04 0020 KE6QR 599 CA WV6I 599 CA
QSO: 21087 RY 2026-01-04 0021 KE6QR 599 CA W7EVE 599 AZ
QSO: 21085 RY 2026-01-04 0022 KE6QR 599 CA JN4MMO 599 134
QSO: 21085 RY 2026-01-04 0024 KE6QR 599 CA K7RU 599 WA
QSO: 14131 RY 2026-01-04 0030 KE6QR 599 CA NT5V 599 TX
QSO: 14129 RY 2026-01-04 0031 KE6QR 599 CA WF4DX 599 FL
QSO: 14128 RY 2026-01-04 0032 KE6QR 599 CA VE3UWY 599 ON
QSO: 14127 RY 2026-01-04 0034 KE6QR 599 CA WD0T 599 SD
QSO: 14126 RY 2026-01-04 0036 KE6QR 599 CA AE1P 599 NH
QSO: 14125 RY 2026-01-04 0037 KE6QR 599 CA WI9WI 599 WI
QSO: 14122 RY 2026-01-04 0038 KE6QR 599 CA KI6RRN 599 AZ
QSO: 14120 RY 2026-01-04 0043 KE6QR 599 CA KF0UR 599 CO
QSO: 14119 RY 2026-01-04 0045 KE6QR 599 CA N0GN 599 NE
QSO: 14117 RY 2026-01-04 0048 KE6QR 599 CA VE2FK 599 QC
QSO: 14116 RY 2026-01-04 0051 KE6QR 599 CA KI1G 599 RI
QSO: 14112 RY 2026-01-04 0055 KE6QR 599 CA N7AT 599 AZ
QSO: 14109 RY 2026-01-04 0056 KE6QR 599 CA KT7E 599 OR
QSO: 14108 RY 2026-01-04 0057 KE6QR 599 CA AK2S 599 NJ
QSO: 14107 RY 2026-01-04 0058 KE6QR 599 CA K5RZA 599 TX
QSO: 7115 RY 2026-01-04 0240 KE6QR 599 CA WF4DX 599 FL
QSO: 7112 RY 2026-01-04 0241 KE6QR 599 CA KY0Q 599 IL
QSO: 7111 RY 2026-01-04 0241 KE6QR 599 CA KT9L 599 IN
QSO: 7110 RY 2026-01-04 0242 KE6QR 599 CA WA7YAZ 599 UT
QSO: 7106 RY 2026-01-04 0245 KE6QR 599 CA WD0BGZ 599 NE
QSO: 7104 RY 2026-01-04 0247 KE6QR 599 CA WB2WPM 599 NY
QSO: 7103 RY 2026-01-04 0249 KE6QR 599 CA W2FU 599 NY
QSO: 7100 RY 2026-01-04 0251 KE6QR 599 CA W0ZQ 599 MN
QSO: 7100 RY 2026-01-04 0251 KE6QR 599 CA W0ZQ 599 MN
QSO: 7100 RY 2026-01-04 0253 KE6QR 599 CA WA2CP 599 NY
QSO: 7099 RY 2026-01-04 0254 KE6QR 599 CA AD4EB 599 TN
QSO: 7096 RY 2026-01-04 0256 KE6QR 599 CA W3GH 599 PA
QSO: 7096 RY 2026-01-04 0258 KE6QR 599 CA N2HMM 599 NJ
QSO: 7095 RY 2026-01-04 0259 KE6QR 599 CA N2NL 599 FL
QSO: 7094 RY 2026-01-04 0300 KE6QR 599 CA NR4M 599 VA
QSO: 7093 RY 2026-01-04 0302 KE6QR 599 CA K4EA 599 GA
QSO: 7092 RY 2026-01-04 0303 KE6QR 599 CA N0XR 599 IA
QSO: 7091 RY 2026-01-04 0304 KE6QR 599 CA W1GD 599 MA
QSO: 7089 RY 2026-01-04 0305 KE6QR 599 CA K7QA 599 MT
QSO: 7088 RY 2026-01-04 0307 KE6QR 599 CA K9JY 599 VT
QSO: 7086 RY 2026-01-04 0316 KE6QR 599 CA WA2TMC 599 NY
QSO: 7085 RY 2026-01-04 0317 KE6QR 599 CA AA4R 599 NC
QSO: 7084 RY 2026-01-04 0318 KE6QR 599 CA NX5M 599 TX
QSO: 7082 RY 2026-01-04 0321 KE6QR 599 CA K7RU 599 WA
QSO: 7075 RY 2026-01-04 0324 KE6QR 599 CA AI0Y 599 ND
QSO: 7073 RY 2026-01-04 0326 KE6QR 599 CA N9OK 599 IL
QSO: 7072 RY 2026-01-04 0327 KE6QR 599 CA N8OO 599 LA
QSO: 7071 RY 2026-01-04 0328 KE6QR 599 CA W9MR 599 IL
QSO: 7065 RY 2026-01-04 0332 KE6QR 599 CA K5RZA 599 TX
QSO: 7064 RY 2026-01-04 0333 KE6QR 599 CA K3MM 599 MD
QSO: 7062 RY 2026-01-04 0334 KE6QR 599 CA K2RET 599 NJ
QSO: 7060 RY 2026-01-04 0336 KE6QR 599 CA AB0S 599 NE
QSO: 7057 RY 2026-01-04 0338 KE6QR 599 CA K1RZ 599 MD
QSO: 7055 RY 2026-01-04 0339 KE6QR 599 CA WS7I 599 WA
QSO: 7053 RY 2026-01-04 0342 KE6QR 599 CA AC0C 599 KS
QSO: 7053 RY 2026-01-04 0347 KE6QR 599 CA VE5MX 599 SK
QSO: 7046 RY 2026-01-04 0350 KE6QR 599 CA AD5XD 599 TX
QSO: 7044 RY 2026-01-04 0352 KE6QR 599 CA NJ4P 599 TN
QSO: 14121 RY 2026-01-04 1703 KE6QR 599 CA WA2QAU 599 NY
QSO: 14102 RY 2026-01-04 1709 KE6QR 599 CA KB9S 599 WI
QSO: 14101 RY 2026-01-04 1710 KE6QR 599 CA W3GH 599 PA
QSO: 14104 RY 2026-01-04 1711 KE6QR 599 CA K5XH 599 AR
QSO: 14105 RY 2026-01-04 1712 KE6QR 599 CA K9CT 599 IL
QSO: 14106 RY 2026-01-04 1712 KE6QR 599 CA W5TN 599 TX
QSO: 14109 RY 2026-01-04 1714 KE6QR 599 CA WB5BHS 599 AR
QSO: 14112 RY 2026-01-04 1715 KE6QR 599 CA KD8FS 599 MI
QSO: 14090 RY 2026-01-04 1722 KE6QR 599 CA IT9AUG 599 384
QSO: 14088 RY 2026-01-04 1723 KE6QR 599 CA VE5MX 599 SK
QSO: 14087 RY 2026-01-04 1723 KE6QR 599 CA AA9L 599 WI
QSO: 21151 RY 2026-01-04 1725 KE6QR 599 CA VE3KTB 599 ON
QSO: 21149 RY 2026-01-04 1726 KE6QR 599 CA N9ATF 599 IL
QSO: 21148 RY 2026-01-04 1726 KE6QR 599 CA W2VQ 599 NJ
QSO: 21147 RY 2026-01-04 1727 KE6QR 599 CA N0BUI 599 MN
QSO: 21142 RY 2026-01-04 1728 KE6QR 599 CA KK4PJ 599 FL
QSO: 21141 RY 2026-01-04 1729 KE6QR 599 CA VE3TM 599 ON
QSO: 21140 RY 2026-01-04 1730 KE6QR 599 CA VE7KAJ 599 BC
QSO: 21136 RY 2026-01-04 1732 KE6QR 599 CA WD0BGZ 599 NE
QSO: 21135 RY 2026-01-04 1733 KE6QR 599 CA N0GN 599 NE
QSO: 21130 RY 2026-01-04 1735 KE6QR 599 CA VE6BBP 599 AB
QSO: 21128 RY 2026-01-04 1736 KE6QR 599 CA N0LLH 599 KS
QSO: 21126 RY 2026-01-04 1737 KE6QR 599 CA K7QA 599 MT
QSO: 21125 RY 2026-01-04 1739 KE6QR 599 CA W9ILY 599 IL
QSO: 21124 RY 2026-01-04 1743 KE6QR 599 CA WF4DX 599 FL
QSO: 21123 RY 2026-01-04 1744 KE6QR 599 CA K5WW 599 TX
QSO: 21123 RY 2026-01-04 1745 KE6QR 599 CA K0IR 599 MN
QSO: 21121 RY 2026-01-04 1746 KE6QR 599 CA AA2EQ 599 NY
QSO: 21119 RY 2026-01-04 1747 KE6QR 599 CA K9JY 599 VT
QSO: 21116 RY 2026-01-04 1749 KE6QR 599 CA NM2K 599 NY
QSO: 21113 RY 2026-01-04 1750 KE6QR 599 CA WC3N 599 MD
QSO: 21112 RY 2026-01-04 1751 KE6QR 599 CA W0PI 599 MN
QSO: 21110 RY 2026-01-04 1752 KE6QR 599 CA VE6WQ 599 AB
QSO: 21109 RY 2026-01-04 1753 KE6QR 599 CA DP7D 599 2055
QSO: 21105 RY 2026-01-04 1754 KE6QR 599 CA N2HMM 599 NJ
QSO: 21104 RY 2026-01-04 1756 KE6QR 599 CA K3WJV 599 PA
QSO: 21103 RY 2026-01-04 1756 KE6QR 599 CA NW3L 599 MD
QSO: 21102 RY 2026-01-04 1757 KE6QR 599 CA K9OM 599 FL
QSO: 21099 RY 2026-01-04 1758 KE6QR 599 CA WM0L 599 NE
QSO: 21098 RY 2026-01-04 1758 KE6QR 599 CA W2CG 599 NJ
QSO: 21096 RY 2026-01-04 1759 KE6QR 599 CA KG4IGC 599 SC
QSO: 21091 RY 2026-01-04 1800 KE6QR 599 CA ND4Y 599 KY
QSO: 21090 RY 2026-01-04 1801 KE6QR 599 CA AB5SE 599 AR
QSO: 21087 RY 2026-01-04 1802 KE6QR 599 CA P49X 599 2330
QSO: 21086 RY 2026-01-04 1805 KE6QR 599 CA K2RET 599 NJ
QSO: 21083 RY 2026-01-04 1806 KE6QR 599 CA AA4NU 599 TN
QSO: 21082 RY 2026-01-04 1807 KE6QR 599 CA WD0T 599 SD
QSO: 28114 RY 2026-01-04 1810 KE6QR 599 CA WZ8P 599 OH
QSO: 28103 RY 2026-01-04 1812 KE6QR 599 CA K6NV 599 CA
QSO: 28101 RY 2026-01-04 1813 KE6QR 599 CA K5QQ 599 MO
QSO: 28100 RY 2026-01-04 1814 KE6QR 599 CA KP2B 599 1338
QSO: 28096 RY 2026-01-04 1814 KE6QR 599 CA 4U1WB 599 DC
QSO: 28095 RY 2026-01-04 1816 KE6QR 599 CA N0XR 599 IA
QSO: 28093 RY 2026-01-04 1818 KE6QR 599 CA AE1P 599 NH
QSO: 28087 RY 2026-01-04 1832 KE6QR 599 CA K2RB 599 CT
QSO: 28086 RY 2026-01-04 1833 KE6QR 599 CA P49X 599 2375
QSO: 28085 RY 2026-01-04 1833 KE6QR 599 CA VE5MX 599 SK
QSO: 21136 RY 2026-01-04 1836 KE6QR 599 CA W1RH 599 CA
QSO: 21129 RY 2026-01-04 1848 KE6QR 599 CA AA4CF 599 GA
QSO: 21126 RY 2026-01-04 1931 KE6QR 599 CA VA6RCN 599 AB
QSO: 21118 RY 2026-01-04 1933 KE6QR 599 CA WA2CP 599 NY
QSO: 21112 RY 2026-01-04 1934 KE6QR 599 CA VE3NNT 599 ON
QSO: 21111 RY 2026-01-04 1935 KE6QR 599 CA KI6QDH 599 WY
QSO: 21109 RY 2026-01-04 1936 KE6QR 599 CA KT9L 599 IN
QSO: 21108 RY 2026-01-04 1937 KE6QR 599 CA W4MLB 599 FL
QSO: 21108 RY 2026-01-04 1937 KE6QR 599 CA W2FU 599 NY
QSO: 21103 RY 2026-01-04 1938 KE6QR 599 CA NN2NN 599 NY
QSO: 21091 RY 2026-01-04 1945 KE6QR 599 CA K4EA 599 GA
QSO: 21089 RY 2026-01-04 1945 KE6QR 599 CA N8OO 599 LA
QSO: 21087 RY 2026-01-04 1946 KE6QR 599 CA AI0Y 599 ND
QSO: 28133 RY 2026-01-04 1949 KE6QR 599 CA PY2XJ 599 90
QSO: 28125 RY 2026-01-04 1950 KE6QR 599 CA W0ZQ 599 MN
QSO: 28120 RY 2026-01-04 1951 KE6QR 599 CA PW2K 599 973
QSO: 28118 RY 2026-01-04 1952 KE6QR 599 CA NJ4P 599 TN
QSO: 28115 RY 2026-01-04 1953 KE6QR 599 CA N5XJ 599 TX
QSO: 28111 RY 2026-01-04 1954 KE6QR 599 CA PU2UAF 599 290
QSO: 28108 RY 2026-01-04 1955 KE6QR 599 CA W0BM 599 MN
QSO: 28096 RY 2026-01-04 1957 KE6QR 599 CA K4EA 599 GA
QSO: 28095 RY 2026-01-04 1958 KE6QR 599 CA KI1G 599 RI
QSO: 28094 RY 2026-01-04 1958 KE6QR 599 CA NX3Z 599 MD
QSO: 28090 RY 2026-01-04 1959 KE6QR 599 CA KM4OQO 599 VA
END-OF-LOG: