START-OF-LOG: 3.0
CONTEST: ARRL-RTTY
CALLSIGN: PY2EX
LOCATION: DX
CATEGORY-OPERATOR: SINGLE-OP
CATEGORY-ASSISTED: NON-ASSISTED
CATEGORY-POWER: HIGH
CATEGORY-BAND: 10M
CATEGORY-MODE: RTTY
CATEGORY-TRANSMITTER: ONE
CATEGORY-STATION: FIXED
CATEGORY-OVERLAY: LIMITED
OPERATORS: PY2EX
CLUB: Sao Paulo Contest Group
CREATED-BY: N1MM LOGGER+ 1.0.11052.0
HQ-CATEGORY: Single Operator, High Power
HQ-GRID-LOCATOR: GG66JJ
QSO: 28125 RY 2026-01-03 2057 PY2EX 599 1 KA3KHZ 599 DE
QSO: 28125 RY 2026-01-03 2058 PY2EX 599 2 K0JJR 599 MN
QSO: 28125 RY 2026-01-03 2058 PY2EX 599 3 KI1G 599 RI
QSO: 28125 RY 2026-01-03 2059 PY2EX 599 4 KD2SC 599 PA
QSO: 28125 RY 2026-01-03 2100 PY2EX 599 5 KJ9C 599 MT
QSO: 28125 RY 2026-01-03 2100 PY2EX 599 6 KA8G 599 OH
QSO: 28125 RY 2026-01-03 2101 PY2EX 599 7 NA6MB 599 CA
QSO: 28125 RY 2026-01-03 2102 PY2EX 599 8 K6FA 599 CA
QSO: 28125 RY 2026-01-03 2102 PY2EX 599 9 W4ZD 599 NC
QSO: 28125 RY 2026-01-03 2102 PY2EX 599 10 N8QE 599 OH
QSO: 28125 RY 2026-01-03 2103 PY2EX 599 11 WZ6ZZ 599 CA
QSO: 28125 RY 2026-01-03 2103 PY2EX 599 12 K7ULS 599 UT
QSO: 28125 RY 2026-01-03 2104 PY2EX 599 13 WA8SHP 599 OH
QSO: 28125 RY 2026-01-03 2105 PY2EX 599 14 N0UJJ 599 MN
QSO: 28125 RY 2026-01-03 2106 PY2EX 599 15 OA4DOS 599 0019
QSO: 28125 RY 2026-01-03 2107 PY2EX 599 16 VE3XAT 599 ON
QSO: 28125 RY 2026-01-03 2107 PY2EX 599 17 AA4R 599 NC
QSO: 28125 RY 2026-01-03 2108 PY2EX 599 18 KE6QR 599 CA
QSO: 28125 RY 2026-01-03 2108 PY2EX 599 19 KA6BIM 599 OR
QSO: 28125 RY 2026-01-03 2109 PY2EX 599 20 KK7RPI 599 WA
QSO: 28125 RY 2026-01-03 2110 PY2EX 599 21 KH6CJJ 599 0181
QSO: 28125 RY 2026-01-03 2110 PY2EX 599 22 N4JT 599 NC
QSO: 28125 RY 2026-01-03 2111 PY2EX 599 23 KB1EFS 599 MA
QSO: 28125 RY 2026-01-03 2111 PY2EX 599 24 N3QXC 599 PA
QSO: 28114 RY 2026-01-03 2113 PY2EX 599 25 N4TB 599 FL
QSO: 21137 RY 2026-01-03 2117 PY2EX 599 26 AJ4RJ 599 GA
QSO: 21137 RY 2026-01-03 2117 PY2EX 599 27 K0TC 599 MN
QSO: 21137 RY 2026-01-03 2118 PY2EX 599 28 NJ4P 599 TN
QSO: 21137 RY 2026-01-03 2118 PY2EX 599 29 WB8BZK 599 IL
QSO: 21137 RY 2026-01-03 2119 PY2EX 599 30 KS3F 599 PA
QSO: 14117 RY 2026-01-03 2123 PY2EX 599 31 EA8BW 599 0596
QSO: 14117 RY 2026-01-03 2124 PY2EX 599 32 W4PJW 599 VA
QSO: 14117 RY 2026-01-03 2126 PY2EX 599 33 EA4GOY 599 0210
QSO: 14117 RY 2026-01-03 2129 PY2EX 599 34 W3FIZ 599 PA
QSO: 14078 RY 2026-01-03 2131 PY2EX 599 35 K4EA 599 GA
QSO: 14086 RY 2026-01-03 2133 PY2EX 599 36 AC0C 599 KS
QSO: 14089 RY 2026-01-03 2135 PY2EX 599 37 KB3Z 599 PA
QSO: 14094 RY 2026-01-03 2138 PY2EX 599 38 WA2TMC 599 NY
QSO: 14099 RY 2026-01-03 2139 PY2EX 599 39 K4RO 599 TN
QSO: 14100 RY 2026-01-03 2141 PY2EX 599 40 WA2DNI 599 NY
QSO: 28100 RY 2026-01-03 2142 PY2EX 599 41 KB9S 599 WI
QSO: 28100 RY 2026-01-03 2143 PY2EX 599 42 KI6DY 599 OH
QSO: 28100 RY 2026-01-03 2143 PY2EX 599 43 W2GS 599 MS
QSO: 28100 RY 2026-01-03 2144 PY2EX 599 44 K3RWN 599 PA
QSO: 28100 RY 2026-01-03 2145 PY2EX 599 45 KQ4AV 599 NC
QSO: 28100 RY 2026-01-03 2146 PY2EX 599 46 WA4GUD 599 MD
QSO: 28100 RY 2026-01-03 2148 PY2EX 599 47 WA2UCZ 599 NC
QSO: 28100 RY 2026-01-03 2149 PY2EX 599 48 K9WX 599 IN
QSO: 28100 RY 2026-01-03 2149 PY2EX 599 49 K9CW 599 IL
QSO: 28100 RY 2026-01-03 2150 PY2EX 599 50 VA6DM 599 AB
QSO: 28100 RY 2026-01-03 2151 PY2EX 599 51 K7QA 599 MT
QSO: 28100 RY 2026-01-03 2152 PY2EX 599 52 W7YAQ 599 OR
QSO: 28100 RY 2026-01-03 2152 PY2EX 599 53 W9XT 599 WI
QSO: 28100 RY 2026-01-03 2153 PY2EX 599 54 AA6AA 599 CA
QSO: 28100 RY 2026-01-03 2153 PY2EX 599 55 WA0EJX 599 CO
QSO: 28100 RY 2026-01-03 2156 PY2EX 599 56 WB3JFS 599 NV
QSO: 28100 RY 2026-01-03 2157 PY2EX 599 57 W7FN 599 WA
QSO: 28095 RY 2026-01-03 2215 PY2EX 599 58 KM9R 599 NV
QSO: 28095 RY 2026-01-03 2216 PY2EX 599 59 WB6JJJ 599 OR
QSO: 28095 RY 2026-01-03 2216 PY2EX 599 60 K5VR 599 AR
QSO: 28095 RY 2026-01-03 2217 PY2EX 599 61 WQ5L 599 MS
QSO: 28095 RY 2026-01-03 2219 PY2EX 599 62 JA1SJV 599 0018
QSO: 28095 RY 2026-01-03 2220 PY2EX 599 63 WD5FCA 599 AL
QSO: 28095 RY 2026-01-03 2221 PY2EX 599 64 N8CL 599 NY
QSO: 28095 RY 2026-01-03 2221 PY2EX 599 65 KM4FO 599 KY
QSO: 28095 RY 2026-01-03 2222 PY2EX 599 66 AD5XD 599 TX
QSO: 28095 RY 2026-01-03 2223 PY2EX 599 67 KA8HOK 599 AL
QSO: 28095 RY 2026-01-03 2223 PY2EX 599 68 K0TI 599 MN
QSO: 28095 RY 2026-01-03 2224 PY2EX 599 69 K5LD 599 FL
QSO: 28095 RY 2026-01-03 2224 PY2EX 599 70 K5MXG 599 TX
QSO: 28095 RY 2026-01-03 2225 PY2EX 599 71 KU2M 599 NJ
QSO: 28095 RY 2026-01-03 2227 PY2EX 599 72 N0CD 599 CO
QSO: 28095 RY 2026-01-03 2227 PY2EX 599 73 N7CKJ 599 ID
QSO: 28095 RY 2026-01-03 2228 PY2EX 599 74 KB2URI 599 NY
QSO: 28095 RY 2026-01-03 2228 PY2EX 599 75 AJ6V 599 CA
QSO: 28095 RY 2026-01-03 2229 PY2EX 599 76 AD5LU 599 TX
QSO: 28095 RY 2026-01-03 2229 PY2EX 599 77 K4SO 599 VA
QSO: 28095 RY 2026-01-03 2230 PY2EX 599 78 W0RX 599 MN
QSO: 28095 RY 2026-01-03 2231 PY2EX 599 79 JA1BJI 599 0059
QSO: 28095 RY 2026-01-03 2231 PY2EX 599 80 K0IL 599 NE
QSO: 28095 RY 2026-01-03 2232 PY2EX 599 81 N0AT 599 MN
QSO: 28095 RY 2026-01-03 2233 PY2EX 599 82 K5KLA 599 LA
QSO: 28095 RY 2026-01-03 2233 PY2EX 599 83 AA5UN 599 TX
QSO: 28095 RY 2026-01-03 2235 PY2EX 599 84 N4LJT 599 MI
QSO: 28095 RY 2026-01-03 2235 PY2EX 599 85 K3GP 599 OH
QSO: 28095 RY 2026-01-03 2236 PY2EX 599 86 K0CN 599 MN
QSO: 28095 RY 2026-01-03 2236 PY2EX 599 87 N9OK 599 IL
QSO: 28095 RY 2026-01-03 2237 PY2EX 599 88 K6UF 599 CA
QSO: 28095 RY 2026-01-03 2238 PY2EX 599 89 WB6CIA 599 CA
QSO: 28095 RY 2026-01-03 2238 PY2EX 599 90 K1RZ 599 MD
QSO: 28095 RY 2026-01-03 2239 PY2EX 599 91 N7QJ 599 OR
QSO: 28095 RY 2026-01-03 2240 PY2EX 599 92 W4VIC 599 VA
QSO: 28095 RY 2026-01-03 2241 PY2EX 599 93 WA7PVE 599 WA
QSO: 28095 RY 2026-01-03 2241 PY2EX 599 94 KB7AK 599 WA
QSO: 28095 RY 2026-01-03 2242 PY2EX 599 95 WN6A 599 CA
QSO: 28095 RY 2026-01-03 2243 PY2EX 599 96 K5UZ 599 AR
QSO: 28095 RY 2026-01-03 2243 PY2EX 599 97 W1MJC 599 MI
QSO: 28095 RY 2026-01-03 2244 PY2EX 599 98 KO7T 599 WA
QSO: 28095 RY 2026-01-03 2244 PY2EX 599 99 K7WP 599 AZ
QSO: 28095 RY 2026-01-03 2245 PY2EX 599 100 KI4GGJ 599 GA
QSO: 28095 RY 2026-01-03 2247 PY2EX 599 101 NN5T 599 TX
QSO: 28095 RY 2026-01-03 2248 PY2EX 599 102 N3DUE 599 MD
QSO: 28095 RY 2026-01-03 2248 PY2EX 599 103 NG0E 599 MN
QSO: 28095 RY 2026-01-03 2249 PY2EX 599 104 N5REL 599 TX
QSO: 28095 RY 2026-01-03 2249 PY2EX 599 105 WA7PVE 599 WA
QSO: 28095 RY 2026-01-03 2250 PY2EX 599 106 W8TB 599 OH
QSO: 28095 RY 2026-01-03 2250 PY2EX 599 107 K7RL 599 WA
QSO: 28095 RY 2026-01-03 2252 PY2EX 599 108 VE7MHI 599 BC
QSO: 28095 RY 2026-01-03 2252 PY2EX 599 109 WB5JJJ 599 AR
QSO: 28081 RY 2026-01-03 2254 PY2EX 599 110 JF1TEU 599 0002
QSO: 28081 RY 2026-01-03 2255 PY2EX 599 111 AE7AP 599 MT
QSO: 28081 RY 2026-01-03 2256 PY2EX 599 112 JR3BOT 599 0001
QSO: 28081 RY 2026-01-03 2258 PY2EX 599 113 VE7BGP 599 BC
QSO: 28081 RY 2026-01-03 2300 PY2EX 599 114 WA3WXR 599 PA
QSO: 28081 RY 2026-01-03 2301 PY2EX 599 115 KB0QHS 599 MN
QSO: 28081 RY 2026-01-03 2302 PY2EX 599 116 KB9LEB 599 FL
QSO: 28081 RY 2026-01-03 2303 PY2EX 599 117 W9SN 599 TN
QSO: 28086 RY 2026-01-03 2304 PY2EX 599 118 KD5ILA 599 AR
QSO: 28097 RY 2026-01-03 2309 PY2EX 599 119 WB0RUR 599 AR
QSO: 28099 RY 2026-01-03 2310 PY2EX 599 120 N7UVH 599 ID
QSO: 28104 RY 2026-01-03 2312 PY2EX 599 121 PZ5RA 599 0382
QSO: 28105 RY 2026-01-03 2313 PY2EX 599 122 JH7QXJ 599 0014
QSO: 21100 RY 2026-01-03 2317 PY2EX 599 123 WA2OTC 599 MD
QSO: 21100 RY 2026-01-03 2319 PY2EX 599 124 W7FN 599 WA
QSO: 21103 RY 2026-01-03 2320 PY2EX 599 125 W5TN 599 TX
QSO: 21104 RY 2026-01-03 2321 PY2EX 599 126 K9JPD 599 IN
QSO: 21105 RY 2026-01-03 2323 PY2EX 599 127 N2IC 599 NM
QSO: 21106 RY 2026-01-03 2323 PY2EX 599 128 AE1P 599 NH
QSO: 21107 RY 2026-01-03 2324 PY2EX 599 129 KF0UR 599 CO
QSO: 21108 RY 2026-01-03 2325 PY2EX 599 130 W7GES 599 AZ
QSO: 21109 RY 2026-01-03 2330 PY2EX 599 131 AL7LO 599 0127
QSO: 21125 RY 2026-01-03 2332 PY2EX 599 132 KR7X 599 OR
QSO: 21125 RY 2026-01-03 2333 PY2EX 599 133 N8HRZ 599 OH
QSO: 21125 RY 2026-01-03 2333 PY2EX 599 134 KM9R 599 NV
QSO: 21125 RY 2026-01-03 2335 PY2EX 599 135 WB2TQE 599 FL
QSO: 21125 RY 2026-01-03 2336 PY2EX 599 136 W1AQ 599 RI
QSO: 21125 RY 2026-01-03 2336 PY2EX 599 137 WZ6ZZ 599 CA
QSO: 21133 RY 2026-01-03 2338 PY2EX 599 138 JS1OYN 599 0098
QSO: 21119 RY 2026-01-03 2340 PY2EX 599 139 JA6GCE 599 0173
QSO: 14126 RY 2026-01-03 2344 PY2EX 599 140 WF4DX 599 FL
QSO: 14083 RY 2026-01-03 2346 PY2EX 599 141 N4CWZ 599 NC
QSO: 14087 RY 2026-01-03 2349 PY2EX 599 142 W7EVE 599 AZ
QSO: 14105 RY 2026-01-03 2351 PY2EX 599 143 K5RZA 599 TX
QSO: 14106 RY 2026-01-03 2352 PY2EX 599 144 K8MM 599 MI
QSO: 14108 RY 2026-01-03 2353 PY2EX 599 145 VA7ST 599 BC
QSO: 14134 RY 2026-01-03 2355 PY2EX 599 146 AC9S 599 IL
QSO: 14139 RY 2026-01-03 2358 PY2EX 599 147 N7VGO 599 WA
QSO: 14139 RY 2026-01-03 2359 PY2EX 599 148 N8URE 599 MD
QSO: 14139 RY 2026-01-04 0000 PY2EX 599 149 AD5LU 599 TX
QSO: 14139 RY 2026-01-04 0003 PY2EX 599 150 N7DB 599 OR
QSO: 28101 RY 2026-01-04 1300 PY2EX 599 151 UT4LW 599 0631
QSO: 28101 RY 2026-01-04 1301 PY2EX 599 152 DL9NEI 599 0145
QSO: 28101 RY 2026-01-04 1302 PY2EX 599 153 DJ5QV 599 0221
QSO: 28101 RY 2026-01-04 1303 PY2EX 599 154 DL3FBB 599 0043
QSO: 28101 RY 2026-01-04 1304 PY2EX 599 155 E74HJ 599 0095
QSO: 28115 RY 2026-01-04 1310 PY2EX 599 156 F5MMB 599 0031
QSO: 28119 RY 2026-01-04 1311 PY2EX 599 157 UT5ECZ 599 0264
QSO: 28119 RY 2026-01-04 1314 PY2EX 599 158 SQ8YHF 599 0253
QSO: 28121 RY 2026-01-04 1316 PY2EX 599 159 ZY2N 599 0460
QSO: 21128 RY 2026-01-04 1321 PY2EX 599 160 PG3N 599 0105
QSO: 21079 RY 2026-01-04 1329 PY2EX 599 161 K4RUM 599 FL
QSO: 21085 RY 2026-01-04 1332 PY2EX 599 162 P49X 599 1734
QSO: 21087 RY 2026-01-04 1338 PY2EX 599 163 DD2D 599 0635
QSO: 28130 RY 2026-01-04 1432 PY2EX 599 164 OK3C 599 1244
QSO: 28140 RY 2026-01-04 1434 PY2EX 599 165 PE1OYB 599 0122
QSO: 28140 RY 2026-01-04 1436 PY2EX 599 166 PD2GSP 599 0237
QSO: 28140 RY 2026-01-04 1437 PY2EX 599 167 G0C 599 0070
QSO: 28140 RY 2026-01-04 1438 PY2EX 599 168 IK2AHB 599 0133
QSO: 28140 RY 2026-01-04 1439 PY2EX 599 169 PA3GZR 599 0043
QSO: 28140 RY 2026-01-04 1440 PY2EX 599 170 F5BEG 599 0527
QSO: 28136 RY 2026-01-04 1447 PY2EX 599 171 LB1UK 599 0156
QSO: 28086 RY 2026-01-04 1449 PY2EX 599 172 4Z5ML 599 0245
QSO: 28089 RY 2026-01-04 1452 PY2EX 599 173 S54E 599 0950
QSO: 28092 RY 2026-01-04 1453 PY2EX 599 174 DP9A 599 0228
QSO: 28093 RY 2026-01-04 1455 PY2EX 599 175 II2XMAS 599 0171
QSO: 28094 RY 2026-01-04 1456 PY2EX 599 176 DL3BQA 599 0742
QSO: 28097 RY 2026-01-04 1458 PY2EX 599 177 IO6T 599 1073
QSO: 28097 RY 2026-01-04 1459 PY2EX 599 178 ON5HY 599 0037
QSO: 28097 RY 2026-01-04 1500 PY2EX 599 179 G4EBK 599 0060
QSO: 28097 RY 2026-01-04 1502 PY2EX 599 180 SP9DTE 599 0266
QSO: 28097 RY 2026-01-04 1504 PY2EX 599 181 IZ2BHQ 599 0036
QSO: 28097 RY 2026-01-04 1505 PY2EX 599 182 IW1ALW 599 0143
QSO: 28097 RY 2026-01-04 1506 PY2EX 599 183 OK2WMC 599 0192
QSO: 28097 RY 2026-01-04 1507 PY2EX 599 184 YU5R 599 0426
QSO: 28097 RY 2026-01-04 1509 PY2EX 599 185 DA6KK 599 0164
QSO: 28097 RY 2026-01-04 1510 PY2EX 599 186 PA2A 599 0124
QSO: 28097 RY 2026-01-04 1510 PY2EX 599 187 DL1PLS 599 0151
QSO: 28097 RY 2026-01-04 1512 PY2EX 599 188 DF8QB 599 0118
QSO: 28102 RY 2026-01-04 1514 PY2EX 599 189 EA8BW 599 1905
QSO: 28136 RY 2026-01-04 1519 PY2EX 599 190 PA3ARM 599 0113
QSO: 21098 RY 2026-01-04 1522 PY2EX 599 191 OH2KW 599 0487
QSO: 21083 RY 2026-01-04 1524 PY2EX 599 192 TM1X 599 0340
QSO: 21104 RY 2026-01-04 1529 PY2EX 599 193 EA8BW 599 1932
QSO: 21106 RY 2026-01-04 1531 PY2EX 599 194 5Q2J 599 0487
QSO: 14102 RY 2026-01-04 1946 PY2EX 599 195 PA2KW 599 0167
QSO: 14094 RY 2026-01-04 1947 PY2EX 599 196 S54E 599 1253
QSO: 14094 RY 2026-01-04 1948 PY2EX 599 197 PY2PLL 599 0275
QSO: 14094 RY 2026-01-04 1949 PY2EX 599 198 GW4W 599 0167
QSO: 14123 RY 2026-01-04 1953 PY2EX 599 199 EI7M 599 1972
QSO: 14125 RY 2026-01-04 1954 PY2EX 599 200 PI4DX 599 0859
QSO: 28107 RY 2026-01-04 1958 PY2EX 599 201 NN4SS 599 SC
QSO: 28107 RY 2026-01-04 1958 PY2EX 599 202 K2RET 599 NJ
QSO: 28107 RY 2026-01-04 1959 PY2EX 599 203 K8OS 599 MN
QSO: 28107 RY 2026-01-04 2000 PY2EX 599 204 WB8SIG 599 OH
QSO: 28107 RY 2026-01-04 2000 PY2EX 599 205 K7JQ 599 AZ
QSO: 28107 RY 2026-01-04 2001 PY2EX 599 206 N8FYL 599 MI
QSO: 28107 RY 2026-01-04 2002 PY2EX 599 207 KZ9V 599 WI
QSO: 28107 RY 2026-01-04 2002 PY2EX 599 208 AA3B 599 PA
QSO: 28107 RY 2026-01-04 2003 PY2EX 599 209 VE4DL 599 MB
QSO: 28107 RY 2026-01-04 2003 PY2EX 599 210 AC0W 599 MN
QSO: 28107 RY 2026-01-04 2004 PY2EX 599 211 WV6I 599 CA
QSO: 28107 RY 2026-01-04 2005 PY2EX 599 212 W3GH 599 PA
QSO: 28107 RY 2026-01-04 2005 PY2EX 599 213 K0VG 599 MN
QSO: 28107 RY 2026-01-04 2006 PY2EX 599 214 KZ3P 599 SC
QSO: 28107 RY 2026-01-04 2006 PY2EX 599 215 K9YC 599 CA
QSO: 28107 RY 2026-01-04 2007 PY2EX 599 216 NW8S 599 OH
QSO: 28107 RY 2026-01-04 2008 PY2EX 599 217 N0XR 599 IA
QSO: 28107 RY 2026-01-04 2010 PY2EX 599 218 K1DC 599 MA
QSO: 28107 RY 2026-01-04 2011 PY2EX 599 219 AA3S 599 MD
QSO: 28107 RY 2026-01-04 2012 PY2EX 599 220 NJ4P 599 TN
QSO: 28107 RY 2026-01-04 2013 PY2EX 599 221 KB0HNN 599 MN
QSO: 28107 RY 2026-01-04 2013 PY2EX 599 222 VE5MX 599 SK
QSO: 28107 RY 2026-01-04 2015 PY2EX 599 223 W0PI 599 MN
QSO: 28107 RY 2026-01-04 2016 PY2EX 599 224 NF0N 599 NE
QSO: 28107 RY 2026-01-04 2016 PY2EX 599 225 KI6OY 599 CA
QSO: 21110 RY 2026-01-04 2025 PY2EX 599 226 WJ1U 599 NH
QSO: 21110 RY 2026-01-04 2026 PY2EX 599 227 WV6I 599 CA
QSO: 21110 RY 2026-01-04 2026 PY2EX 599 228 KB0IFX 599 IA
QSO: 21110 RY 2026-01-04 2028 PY2EX 599 229 KB0IFX 599 IA
QSO: 21110 RY 2026-01-04 2031 PY2EX 599 230 K4KZ 599 NC
QSO: 21109 RY 2026-01-04 2132 PY2EX 599 231 N3FJP 599 MD
QSO: 21138 RY 2026-01-04 2134 PY2EX 599 232 VE6SYD 599 AB
QSO: 21138 RY 2026-01-04 2135 PY2EX 599 233 N7VGO 599 WA
QSO: 21138 RY 2026-01-04 2136 PY2EX 599 234 KC9IMA 599 IL
QSO: 21138 RY 2026-01-04 2136 PY2EX 599 235 AA4DD 599 TN
QSO: 21138 RY 2026-01-04 2137 PY2EX 599 236 K6YK 599 CA
QSO: 21138 RY 2026-01-04 2138 PY2EX 599 237 KT7E 599 OR
QSO: 21138 RY 2026-01-04 2138 PY2EX 599 238 VE5MX 599 SK
QSO: 21138 RY 2026-01-04 2139 PY2EX 599 239 K1MK 599 MA
QSO: 21138 RY 2026-01-04 2139 PY2EX 599 240 N8WCP 599 OH
QSO: 21138 RY 2026-01-04 2140 PY2EX 599 241 W3GH 599 PA
QSO: 21138 RY 2026-01-04 2141 PY2EX 599 242 KS3H 599 VA
QSO: 21138 RY 2026-01-04 2141 PY2EX 599 243 KB0V 599 IL
QSO: 21131 RY 2026-01-04 2145 PY2EX 599 244 N7GP 599 AZ
QSO: 21130 RY 2026-01-04 2146 PY2EX 599 245 N0EO 599 MN
QSO: 21129 RY 2026-01-04 2147 PY2EX 599 246 WP3C 599 1321
QSO: 21124 RY 2026-01-04 2150 PY2EX 599 247 WN8Y 599 TN
QSO: 21123 RY 2026-01-04 2151 PY2EX 599 248 WB8JUI 599 OH
QSO: 21119 RY 2026-01-04 2152 PY2EX 599 249 NS4X 599 TN
QSO: 21116 RY 2026-01-04 2155 PY2EX 599 250 VE3GYL 599 ON
QSO: 21113 RY 2026-01-04 2156 PY2EX 599 251 KI6QDH 599 WY
QSO: 21111 RY 2026-01-04 2157 PY2EX 599 252 AI9T 599 IL
QSO: 21110 RY 2026-01-04 2158 PY2EX 599 253 KP2B 599 1630
QSO: 21107 RY 2026-01-04 2200 PY2EX 599 254 K1RZ 599 MD
QSO: 21106 RY 2026-01-04 2200 PY2EX 599 255 OA4DOS 599 0303
QSO: 21104 RY 2026-01-04 2203 PY2EX 599 256 4U1WB 599 DC
QSO: 21102 RY 2026-01-04 2204 PY2EX 599 257 W4MLB 599 FL
QSO: 21100 RY 2026-01-04 2205 PY2EX 599 258 NN1D 599 NH
QSO: 21097 RY 2026-01-04 2206 PY2EX 599 259 AA5AU 599 LA
QSO: 21095 RY 2026-01-04 2208 PY2EX 599 260 N0XR 599 IA
QSO: 21093 RY 2026-01-04 2210 PY2EX 599 261 K7RU 599 WA
QSO: 21093 RY 2026-01-04 2211 PY2EX 599 262 K0TI 599 MN
QSO: 21091 RY 2026-01-04 2212 PY2EX 599 263 N8OO 599 LA
QSO: 21089 RY 2026-01-04 2214 PY2EX 599 264 VA3LR 599 ON
QSO: 21086 RY 2026-01-04 2217 PY2EX 599 265 AC0C 599 KS
QSO: 21084 RY 2026-01-04 2218 PY2EX 599 266 WT9U 599 IN
QSO: 21112 RY 2026-01-04 2222 PY2EX 599 267 K5ZD 599 OH
QSO: 14120 RY 2026-01-04 2225 PY2EX 599 268 AA3B 599 PA
QSO: 14128 RY 2026-01-04 2228 PY2EX 599 269 VE6BBP 599 AB
QSO: 14143 RY 2026-01-04 2229 PY2EX 599 270 WK6I 599 CA
QSO: 14143 RY 2026-01-04 2230 PY2EX 599 271 K3YP 599 OH
QSO: 14143 RY 2026-01-04 2231 PY2EX 599 272 KA4RRU 599 VA
QSO: 14143 RY 2026-01-04 2232 PY2EX 599 273 KS4YX 599 SC
QSO: 14143 RY 2026-01-04 2233 PY2EX 599 274 VE5MX 599 SK
QSO: 14143 RY 2026-01-04 2234 PY2EX 599 275 W4BHJ 599 NC
QSO: 14143 RY 2026-01-04 2234 PY2EX 599 276 AA4DD 599 TN
QSO: 14143 RY 2026-01-04 2235 PY2EX 599 277 VE2FK 599 QC
QSO: 14143 RY 2026-01-04 2236 PY2EX 599 278 KM4FO 599 KY
QSO: 14143 RY 2026-01-04 2236 PY2EX 599 279 N8GU 599 FL
QSO: 14143 RY 2026-01-04 2237 PY2EX 599 280 KT3R 599 SD
QSO: 28103 RY 2026-01-04 2241 PY2EX 599 281 K4DXV 599 TN
QSO: 28103 RY 2026-01-04 2242 PY2EX 599 282 JF1OVA 599 0023
QSO: 28103 RY 2026-01-04 2242 PY2EX 599 283 JA2AXB 599 0132
QSO: 28103 RY 2026-01-04 2243 PY2EX 599 284 K1MK 599 MA
QSO: 28103 RY 2026-01-04 2244 PY2EX 599 285 JG1LFR 599 0277
QSO: 28103 RY 2026-01-04 2245 PY2EX 599 286 N5BMD 599 LA
QSO: 28103 RY 2026-01-04 2246 PY2EX 599 287 KC9IMA 599 IL
QSO: 28103 RY 2026-01-04 2246 PY2EX 599 288 N4TL 599 NC
QSO: 28103 RY 2026-01-04 2247 PY2EX 599 289 JA1MZM 599 0018
QSO: 28103 RY 2026-01-04 2248 PY2EX 599 290 WA9LEY 599 IL
QSO: 28101 RY 2026-01-04 2250 PY2EX 599 291 W0PR 599 MN
QSO: 28098 RY 2026-01-04 2252 PY2EX 599 292 WA5POK 599 TN
QSO: 28102 RY 2026-01-04 2255 PY2EX 599 293 KS0AA 599 KS
QSO: 28094 RY 2026-01-04 2257 PY2EX 599 294 K4EA 599 GA
QSO: 28092 RY 2026-01-04 2259 PY2EX 599 295 JA1OVD 599 0500
QSO: 28090 RY 2026-01-04 2259 PY2EX 599 296 N4YDU 599 NC
QSO: 28084 RY 2026-01-04 2302 PY2EX 599 297 YV4ABR 599 0238
QSO: 21099 RY 2026-01-04 2307 PY2EX 599 298 W7VXS 599 WA
QSO: 21100 RY 2026-01-04 2308 PY2EX 599 299 AB8YZ 599 TX
QSO: 21100 RY 2026-01-04 2310 PY2EX 599 300 WO7U 599 MO
QSO: 21100 RY 2026-01-04 2310 PY2EX 599 301 KF7GMV 599 ID
QSO: 21100 RY 2026-01-04 2311 PY2EX 599 302 JR1XIS 599 0006
QSO: 21100 RY 2026-01-04 2312 PY2EX 599 303 N7GCO 599 WA
QSO: 21100 RY 2026-01-04 2313 PY2EX 599 304 K9DR 599 WY
QSO: 21100 RY 2026-01-04 2314 PY2EX 599 305 K3MM 599 MD
QSO: 21100 RY 2026-01-04 2315 PY2EX 599 306 N6FC 599 OR
QSO: 21100 RY 2026-01-04 2315 PY2EX 599 307 JK1OLT 599 0175
QSO: 21100 RY 2026-01-04 2316 PY2EX 599 308 JF1LMB 599 0169
QSO: 21100 RY 2026-01-04 2317 PY2EX 599 309 KA8HOK 599 AL
QSO: 21100 RY 2026-01-04 2317 PY2EX 599 310 JG1LHB 599 0079
QSO: 21100 RY 2026-01-04 2318 PY2EX 599 311 JK1NSR 599 0054
QSO: 21100 RY 2026-01-04 2319 PY2EX 599 312 JA6BZI 599 0040
QSO: 21100 RY 2026-01-04 2320 PY2EX 599 313 AA3B 599 PA
QSO: 21100 RY 2026-01-04 2320 PY2EX 599 314 KB0NES 599 MN
QSO: 21100 RY 2026-01-04 2322 PY2EX 599 315 KE4TT 599 NC
QSO: 21100 RY 2026-01-04 2323 PY2EX 599 316 JF1KML 599 0018
QSO: 21100 RY 2026-01-04 2325 PY2EX 599 317 JR3NZC 599 0104
QSO: 21100 RY 2026-01-04 2326 PY2EX 599 318 VE7MHI 599 BC
QSO: 21100 RY 2026-01-04 2326 PY2EX 599 319 N7DB 599 OR
QSO: 21100 RY 2026-01-04 2328 PY2EX 599 320 JA4EVN 599 0064
QSO: 21100 RY 2026-01-04 2328 PY2EX 599 321 NE6I 599 CA
QSO: 21100 RY 2026-01-04 2329 PY2EX 599 322 JA2AXB 599 0159
QSO: 21100 RY 2026-01-04 2329 PY2EX 599 323 JA1BJI 599 0467
QSO: 21100 RY 2026-01-04 2330 PY2EX 599 324 YV5IAL 599 0008
QSO: 21100 RY 2026-01-04 2332 PY2EX 599 325 AA1UI 599 NH
QSO: 21100 RY 2026-01-04 2332 PY2EX 599 326 AB5SE 599 AR
QSO: 21100 RY 2026-01-04 2333 PY2EX 599 327 JE5HTN 599 0136
QSO: 21100 RY 2026-01-04 2334 PY2EX 599 328 N6LL 599 CA
QSO: 21100 RY 2026-01-04 2335 PY2EX 599 329 KI4AMD 599 VA
QSO: 21100 RY 2026-01-04 2336 PY2EX 599 330 K6XM 599 CA
QSO: 21094 RY 2026-01-04 2341 PY2EX 599 331 K5LY 599 TX
QSO: 21087 RY 2026-01-04 2343 PY2EX 599 332 W7EVE 599 AZ
END-OF-LOG: