START-OF-LOG: 3.0
CREATED-BY: vhfmanager-downloader
CONTEST: ZRS novembrsko UKV tekmovanje - Official results - VHFManager
CALLSIGN: G0NRL
CATEGORY: 145 MHz - Generated log
CATEGORY-OPERATOR: SINGLE-OP
CATEGORY-ASSISTED: NON-ASSISTED
CATEGORY-TRANSMITTER: ONE
CATEGORY-STATION: FIXED
QSO: 144300 PH 2019-11-02 1404 G0NRL         1   JO01GH JO01GH G0NRL         CW  F8KIH 599 
QSO: 144300 PH 2019-11-02 2224 G0NRL         4   JO01GH JO01GH G0NRL         CW  F6DWG/P 599
QSO: 144300 PH 2019-11-02 2232 G0NRL         5   JO01GH JO01GH G0NRL         CW  G4RGK 559 
QSO: 144300 PH 2019-11-02 2251 G0NRL         7   JO01GH JO01GH G0NRL         CW  PI4MAX 599
QSO: 144300 PH 2019-11-03 0811 G0NRL         9   JO01GH JO01GH G0NRL         CW  G3XDY 599 
QSO: 144300 PH 2019-11-03 1325 G0NRL         11  JO01GH JO01GH G0NRL         CW  DL2OM 599 
QSO: 144300 PH 2019-11-03 0826 G0NRL         13  JO01GH JO01GH G0NRL         CW  DL4YR 599 
QSO: 144300 PH 2019-11-03 0957 G0NRL         15  JO01GH JO01GH G0NRL         CW  DF0MU 599 
QSO: 144300 PH 2019-11-03 1159 G0NRL         20  JO01GH JO01GH G0NRL         CW  G4CZB/P 569
QSO: 144300 PH 2019-11-03 1250 G0NRL         27  JO01GH JO01GH G0NRL         CW  G5RS/A 599
QSO: 144300 PH 2019-11-03 1332 G0NRL         28  JO01GH JO01GH G0NRL         CW  DK5WO 599 
QSO: 144300 PH 2019-11-03 1352 G0NRL         29  JO01GH JO01GH G0NRL         CW  F5APQ 599 
END-OF-LOG:
