START-OF-LOG: 3.0
CREATED-BY: vhfmanager-downloader
CONTEST: ZRS novembrsko UKV tekmovanje - Official results - VHFManager
CALLSIGN: OM1RV
CATEGORY: 145 MHz - Generated log
CATEGORY-OPERATOR: SINGLE-OP
CATEGORY-ASSISTED: NON-ASSISTED
CATEGORY-TRANSMITTER: ONE
CATEGORY-STATION: FIXED
QSO: 144300 PH 2019-11-02 1729 OM1RV         1   JN98NC JN88NC OM1RV         CW  OM8A 599  
QSO: 144300 PH 2019-11-02 1757 OM1RV         2   JN88NC JN88NC OM1RV         CW  OK4AC 599 
QSO: 144300 PH 2019-11-03 0750 OM1RV         4   JN88NC JN88NC OM1RV         CW  9A9R 599  
QSO: 144300 PH 2019-11-03 0803 OM1RV         5   JN88NC JN88NC OM1RV         CW  9A5RJ 599 
QSO: 144300 PH 2019-11-03 0837 OM1RV         7   JN88NC JN88NC OM1RV         CW  S54W 599  
QSO: 144300 PH 2019-11-03 0943 OM1RV         9   JN88NC JN88NC OM1RV         CW  IQ3AZ 599 
QSO: 144300 PH 2019-11-03 0959 OM1RV         11  JN88NC JN88NC OM1RV         CW  S51ZO 599 
QSO: 144300 PH 2019-11-03 1020 OM1RV         14  JN88NC JN88NC OM1RV         CW  YT5C 599  
QSO: 144300 PH 2019-11-03 1025 OM1RV         15  JN88NC JN88NC OM1RV         CW  HG7B 599  
QSO: 144300 PH 2019-11-03 1032 OM1RV         16  JN88NC JN88NC OM1RV         CW  HG7F 599  
QSO: 144300 PH 2019-11-03 1041 OM1RV         17  JN88NC JN88NC OM1RV         CW  YU7C 599  
QSO: 144300 PH 2019-11-03 1355 OM1RV         21  JN88NC JN88NC OM1RV         CW  S59P 599  
QSO: 144300 PH 2019-11-03 1004 OM1RV         112 JN88NC JN88NC OM1RV         CW  S57Q 599  
END-OF-LOG:
