START-OF-LOG: 3.0
CREATED-BY: HMRA public OK1WC downloader
CONTEST: OK1WC-MEMORIAL
CALLSIGN: OM5ZW
OPERATORS: OM5ZW
CATEGORY: SO-ALL-CW-LOW
CATEGORY-OPERATOR: SINGLE-OP
CATEGORY-BAND: ALL
CATEGORY-MODE: CW
CATEGORY-POWER: LOW
SOAPBOX: Recreated from OK1WC Memorial reference table MWC230925.
SOAPBOX: Source publication level: 4.
SOAPBOX: Source: https://memorial-ok1wc.cz/index.php?page=eval3/a_eval3&kolo=578&rocnik=15&tyden=39&jobdate=230925&pub_level=4
QSO:  7000 CW 2023-09-25 1630 OM5ZW         599 1          OK1NU         599 1         
QSO:  7000 CW 2023-09-25 1630 OM5ZW         599 2          SN5N          599 3         
QSO:  7000 CW 2023-09-25 1631 OM5ZW         599 3          RX3QNE        599 3         
QSO:  7000 CW 2023-09-25 1631 OM5ZW         599 4          DD5M          599 5         
QSO:  7000 CW 2023-09-25 1632 OM5ZW         599 5          HA1AH         599 3         
QSO:  7000 CW 2023-09-25 1633 OM5ZW         599 6          OK1WSL        599 1         
QSO:  7000 CW 2023-09-25 1633 OM5ZW         599 7          DF8KY         599 3         
QSO:  7000 CW 2023-09-25 1634 OM5ZW         599 8          DA0RR         599 7         
QSO:  7000 CW 2023-09-25 1634 OM5ZW         599 9          SM0OEK        599 8         
QSO:  7000 CW 2023-09-25 1634 OM5ZW         599 10         OK2NAJ        599 6         
QSO:  7000 CW 2023-09-25 1635 OM5ZW         599 11         DG8HJ         599 10        
QSO:  7000 CW 2023-09-25 1635 OM5ZW         599 12         OK2BFN        599 10        
QSO:  7000 CW 2023-09-25 1635 OM5ZW         599 13         ZA1RR         599 3         
QSO:  7000 CW 2023-09-25 1635 OM5ZW         599 14         SM5ACQ        599 7         
QSO:  7000 CW 2023-09-25 1636 OM5ZW         599 15         OK2GU         599 6         
QSO:  7000 CW 2023-09-25 1636 OM5ZW         599 16         SK0QO         599 8         
QSO:  7000 CW 2023-09-25 1636 OM5ZW         599 17         OM5TZ         599 11        
QSO:  7000 CW 2023-09-25 1636 OM5ZW         599 18         HA5BA         599 14        
QSO:  7000 CW 2023-09-25 1637 OM5ZW         599 19         DF7YE         599 16        
QSO:  7000 CW 2023-09-25 1637 OM5ZW         599 20         OK7AZ         599 6         
QSO:  7000 CW 2023-09-25 1637 OM5ZW         599 21         OK5FF         599 15        
QSO:  7000 CW 2023-09-25 1637 OM5ZW         599 22         OK5M          599 21        
QSO:  7000 CW 2023-09-25 1638 OM5ZW         599 23         YL3JD         599 9         
QSO:  7000 CW 2023-09-25 1638 OM5ZW         599 24         HA5MA         599 14        
QSO:  7000 CW 2023-09-25 1639 OM5ZW         599 25         OK1KTI        599 7         
QSO:  7000 CW 2023-09-25 1639 OM5ZW         599 26         G4LJU         599 7         
QSO:  7000 CW 2023-09-25 1639 OM5ZW         599 27         DL8QS         599 16        
QSO:  7000 CW 2023-09-25 1639 OM5ZW         599 28         YU7TBA        599 11        
QSO:  7000 CW 2023-09-25 1640 OM5ZW         599 29         IN3FHE        599 13        
QSO:  7000 CW 2023-09-25 1640 OM5ZW         599 30         DL7YS         599 18        
QSO:  7000 CW 2023-09-25 1640 OM5ZW         599 31         SP8BXL        599 18        
QSO:  7000 CW 2023-09-25 1640 OM5ZW         599 32         DJ9MH         599 18        
QSO:  7000 CW 2023-09-25 1641 OM5ZW         599 33         OK1FMX        599 18        
QSO:  7000 CW 2023-09-25 1641 OM5ZW         599 34         DF8TY         599 14        
QSO:  7000 CW 2023-09-25 1641 OM5ZW         599 35         OK1DAR        599 7         
QSO:  7000 CW 2023-09-25 1642 OM5ZW         599 36         D1CW          599 12        
QSO:  7000 CW 2023-09-25 1642 OM5ZW         599 37         SM5DXR        599 15        
QSO:  7000 CW 2023-09-25 1642 OM5ZW         599 38         OM7AT         599 5         
QSO:  7000 CW 2023-09-25 1643 OM5ZW         599 39         DL1BUG        599 29        
QSO:  7000 CW 2023-09-25 1643 OM5ZW         599 40         OK5TFC        599 28        
QSO:  7000 CW 2023-09-25 1644 OM5ZW         599 41         YL3FW         599 17        
QSO:  7000 CW 2023-09-25 1644 OM5ZW         599 42         DJ0SP         599 29        
QSO:  7000 CW 2023-09-25 1645 OM5ZW         599 43         SE0B          599 36        
QSO:  7000 CW 2023-09-25 1645 OM5ZW         599 44         E77EA         599 38        
QSO:  7000 CW 2023-09-25 1645 OM5ZW         599 45         DL5YM         599 24        
QSO:  7000 CW 2023-09-25 1646 OM5ZW         599 46         SM6TOL        599 20        
QSO:  7000 CW 2023-09-25 1646 OM5ZW         599 47         SD6M          599 23        
QSO:  7000 CW 2023-09-25 1646 OM5ZW         599 48         SD1A          599 22        
QSO:  7000 CW 2023-09-25 1647 OM5ZW         599 49         OK1AMX        599 18        
QSO:  7000 CW 2023-09-25 1647 OM5ZW         599 50         OK1FHI        599 34        
QSO:  7000 CW 2023-09-25 1648 OM5ZW         599 51         9A/OK1DOY     599 27        
QSO:  7000 CW 2023-09-25 1648 OM5ZW         599 52         DA0BCC        599 42        
QSO:  7000 CW 2023-09-25 1649 OM5ZW         599 53         OK1DEP        599 35        
QSO:  7000 CW 2023-09-25 1649 OM5ZW         599 54         OK5D          599 32        
QSO:  7000 CW 2023-09-25 1649 OM5ZW         599 55         YU1RA         599 29        
QSO:  7000 CW 2023-09-25 1650 OM5ZW         599 56         OK1RZ         599 43        
QSO:  7000 CW 2023-09-25 1650 OM5ZW         599 57         OK1RKS        599 39        
QSO:  7000 CW 2023-09-25 1650 OM5ZW         599 58         SM5IMO        599 37        
QSO:  7000 CW 2023-09-25 1651 OM5ZW         599 59         DL4YR         599 20        
QSO:  7000 CW 2023-09-25 1651 OM5ZW         599 60         HG5E          599 52        
QSO:  7000 CW 2023-09-25 1652 OM5ZW         599 61         DJ9SN         599 28        
QSO:  7000 CW 2023-09-25 1652 OM5ZW         599 62         DL1NKS        599 42        
QSO:  7000 CW 2023-09-25 1653 OM5ZW         599 63         Z35M          599 18        
QSO:  7000 CW 2023-09-25 1653 OM5ZW         599 64         DJ8VH         599 34        
QSO:  7000 CW 2023-09-25 1653 OM5ZW         599 65         OK1IBP        599 35        
QSO:  7000 CW 2023-09-25 1654 OM5ZW         599 66         SP2QG         599 52        
QSO:  7000 CW 2023-09-25 1654 OM5ZW         599 67         SP2XX         599 40        
QSO:  7000 CW 2023-09-25 1654 OM5ZW         599 68         OK2PYA        599 40        
QSO:  7000 CW 2023-09-25 1655 OM5ZW         599 69         HA6NL         599 62        
QSO:  7000 CW 2023-09-25 1655 OM5ZW         599 70         EA3X          599 36        
QSO:  7000 CW 2023-09-25 1655 OM5ZW         599 71         DD2ML         599 39        
QSO:  7000 CW 2023-09-25 1657 OM5ZW         599 72         OM5RM         599 51        
QSO:  7000 CW 2023-09-25 1657 OM5ZW         599 73         E77DX         599 3         
QSO:  7000 CW 2023-09-25 1658 OM5ZW         599 74         OK1FKD        599 40        
QSO:  7000 CW 2023-09-25 1658 OM5ZW         599 75         PA3DBS        599 32        
QSO:  7000 CW 2023-09-25 1658 OM5ZW         599 76         OK1NG         599 35        
QSO:  7000 CW 2023-09-25 1659 OM5ZW         599 77         OK1TD         599 38        
QSO:  7000 CW 2023-09-25 1659 OM5ZW         599 78         OL4W          599 52        
QSO:  7000 CW 2023-09-25 1659 OM5ZW         599 79         OM4AY         599 29        
QSO:  7000 CW 2023-09-25 1659 OM5ZW         599 80         SP2KAC        599 42        
QSO:  7000 CW 2023-09-25 1700 OM5ZW         599 81         OM2KI         599 65        
QSO:  7000 CW 2023-09-25 1700 OM5ZW         599 82         OK1USP        599 33        
QSO:  7000 CW 2023-09-25 1700 OM5ZW         599 83         HA5NR         599 49        
QSO:  7000 CW 2023-09-25 1701 OM5ZW         599 84         OK1ITK        599 8         
QSO:  7000 CW 2023-09-25 1701 OM5ZW         599 85         DL4ME         599 15        
QSO:  7000 CW 2023-09-25 1701 OM5ZW         599 86         DF4PD         599 42        
QSO:  7000 CW 2023-09-25 1702 OM5ZW         599 87         SN1T          599 72        
QSO:  7000 CW 2023-09-25 1702 OM5ZW         599 88         DM5I          599 79        
QSO:  7000 CW 2023-09-25 1703 OM5ZW         599 89         DJ9KH         599 49        
QSO:  7000 CW 2023-09-25 1704 OM5ZW         599 90         OK2EA         599 52        
QSO:  7000 CW 2023-09-25 1704 OM5ZW         599 91         OK1DM         599 49        
QSO:  7000 CW 2023-09-25 1704 OM5ZW         599 92         DJ4MX         599 55        
QSO:  7000 CW 2023-09-25 1705 OM5ZW         599 93         OM5JA         599 42        
QSO:  7000 CW 2023-09-25 1705 OM5ZW         599 94         SP4JFR        599 49        
QSO:  7000 CW 2023-09-25 1706 OM5ZW         599 95         SP3CW         599 67        
QSO:  7000 CW 2023-09-25 1706 OM5ZW         599 96         PA3ARM        599 53        
QSO:  7000 CW 2023-09-25 1706 OM5ZW         599 97         SC6O          599 50        
QSO:  7000 CW 2023-09-25 1707 OM5ZW         599 98         OK6OK         599 51        
QSO:  7000 CW 2023-09-25 1707 OM5ZW         599 99         OK1OA         599 66        
QSO:  7000 CW 2023-09-25 1708 OM5ZW         599 100        OK1DSZ        599 64        
QSO:  3500 CW 2023-09-25 1708 OM5ZW         599 101        OM2KI         599 85        
QSO:  3500 CW 2023-09-25 1708 OM5ZW         599 102        OK2BFN        599 56        
QSO:  3500 CW 2023-09-25 1709 OM5ZW         599 103        HA5MA         599 65        
QSO:  3500 CW 2023-09-25 1709 OM5ZW         599 104        OK1AY         599 29        
QSO:  3500 CW 2023-09-25 1709 OM5ZW         599 105        OM5B          599 31        
QSO:  3500 CW 2023-09-25 1709 OM5ZW         599 106        DL1BUG        599 63        
QSO:  3500 CW 2023-09-25 1710 OM5ZW         599 107        OM4DU         599 34        
QSO:  3500 CW 2023-09-25 1710 OM5ZW         599 108        SM6M          599 87        
QSO:  3500 CW 2023-09-25 1710 OM5ZW         599 109        HA1AS         599 35        
QSO:  3500 CW 2023-09-25 1711 OM5ZW         599 110        DK2FG         599 31        
QSO:  3500 CW 2023-09-25 1711 OM5ZW         599 111        OK1DAR        599 24        
QSO:  3500 CW 2023-09-25 1711 OM5ZW         599 112        OK1FKD        599 60        
QSO:  3500 CW 2023-09-25 1712 OM5ZW         599 113        DD5M          599 87        
QSO:  3500 CW 2023-09-25 1712 OM5ZW         599 114        OK2GU         599 40        
QSO:  3500 CW 2023-09-25 1713 OM5ZW         599 115        DL1DWR        599 2         
QSO:  3500 CW 2023-09-25 1713 OM5ZW         599 116        DL7YS         599 66        
QSO:  3500 CW 2023-09-25 1713 OM5ZW         599 117        OK1FMX        599 65        
QSO:  3500 CW 2023-09-25 1714 OM5ZW         599 118        DL8QS         599 75        
QSO:  3500 CW 2023-09-25 1714 OM5ZW         599 119        SM5DXR        599 40        
QSO:  3500 CW 2023-09-25 1714 OM5ZW         599 120        DM5I          599 103       
QSO:  3500 CW 2023-09-25 1715 OM5ZW         599 121        SD6M          599 62        
QSO:  3500 CW 2023-09-25 1715 OM5ZW         599 122        OK5M          599 95        
QSO:  3500 CW 2023-09-25 1715 OM5ZW         599 123        OM3ZU         599 32        
QSO:  3500 CW 2023-09-25 1715 OM5ZW         599 124        OK1IBP        599 72        
QSO:  3500 CW 2023-09-25 1716 OM5ZW         599 125        DF7IH         599 35        
QSO:  3500 CW 2023-09-25 1716 OM5ZW         599 126        DD2ML         599 75        
QSO:  3500 CW 2023-09-25 1717 OM5ZW         599 127        SM5ACQ        599 66        
QSO:  3500 CW 2023-09-25 1717 OM5ZW         599 128        YL2KO         599 59        
QSO:  3500 CW 2023-09-25 1718 OM5ZW         599 129        DL4CF         599 32        
QSO:  3500 CW 2023-09-25 1718 OM5ZW         599 130        OK1DSZ        599 86        
QSO:  3500 CW 2023-09-25 1718 OM5ZW         599 131        OL4W          599 82        
QSO:  3500 CW 2023-09-25 1719 OM5ZW         599 132        SN1T          599 111       
QSO:  3500 CW 2023-09-25 1719 OM5ZW         599 133        SN5N          599 101       
QSO:  3500 CW 2023-09-25 1720 OM5ZW         599 134        OK1FIG        599 4         
QSO:  3500 CW 2023-09-25 1720 OM5ZW         599 135        OK2EA         599 88        
QSO:  3500 CW 2023-09-25 1721 OM5ZW         599 136        OK1DOR        599 84        
QSO:  3500 CW 2023-09-25 1721 OM5ZW         599 137        OK1RKS        599 74        
QSO:  3500 CW 2023-09-25 1721 OM5ZW         599 138        SD1A          599 70        
QSO:  3500 CW 2023-09-25 1722 OM5ZW         599 139        OK1DEP        599 89        
QSO:  3500 CW 2023-09-25 1722 OM5ZW         599 140        DJ9SN         599 72        
QSO:  3500 CW 2023-09-25 1723 OM5ZW         599 141        SM5IMO        599 88        
QSO:  3500 CW 2023-09-25 1723 OM5ZW         599 142        OK1FGD        599 82        
QSO:  3500 CW 2023-09-25 1724 OM5ZW         599 143        SP2QG         599 101       
QSO:  3500 CW 2023-09-25 1724 OM5ZW         599 144        SP2XX         599 81        
QSO:  3500 CW 2023-09-25 1724 OM5ZW         599 145        DL1NKS        599 82        
QSO:  3500 CW 2023-09-25 1724 OM5ZW         599 146        SE0B          599 110       
QSO:  3500 CW 2023-09-25 1725 OM5ZW         599 147        SD6F          599 94        
QSO:  3500 CW 2023-09-25 1725 OM5ZW         599 148        OK2PYA        599 101       
QSO:  3500 CW 2023-09-25 1726 OM5ZW         599 149        DJ8VH         599 85        
QSO:  3500 CW 2023-09-25 1727 OM5ZW         599 150        DA0BCC        599 107       
QSO:  3500 CW 2023-09-25 1729 OM5ZW         599 151        OM3CPF        599 76        
QSO:  3500 CW 2023-09-25 1729 OM5ZW         599 152        OK1OA         599 98        
QSO:  7000 CW 2023-09-25 1729 OM5ZW         599 153        DF8V          599 60        
QSO:  7000 CW 2023-09-25 1729 OM5ZW         599 154        HB9HTF        599 76        
END-OF-LOG:
