START-OF-LOG: 3.0
CATEGORY: Single operator, mixed, low power
CONTEST: EASTER
CALLSIGN: 9A1DR
CLAIMED-SCORE: 5915
CREATED-BY: UcxLog 8.09, modified by DXHF upload.
GRID-LOCATOR: JN85AU
QSO:  7000 CW 2021-04-05 1520 9A1DR         599 001    DF2KK         599 G11
QSO:  7000 CW 2021-04-05 1520 9A1DR         599 002    DH1NBE        599 U21
QSO:  7000 CW 2021-04-05 1521 9A1DR         599 003    DL4ME         599 X30
QSO:  7000 CW 2021-04-05 1522 9A1DR         599 004    DR4A          599 F27
QSO:  7000 CW 2021-04-05 1522 9A1DR         599 005    DL6KVA        599 V01
QSO:  7000 CW 2021-04-05 1523 9A1DR         599 006    DL1KWK        599 V01
QSO:  7000 CW 2021-04-05 1526 9A1DR         599 007    DL2JRM        599 S50
QSO:  7000 CW 2021-04-05 1527 9A1DR         599 008    DK0SU         599 P11
QSO:  7000 CW 2021-04-05 1528 9A1DR         599 009    DP70HSC       599 HSC70
QSO:  7000 CW 2021-04-05 1529 9A1DR         599 010    DM4L          599 B41
QSO:  7000 CW 2021-04-05 1531 9A1DR         599 011    DK2GZ         599 A36
QSO:  7000 CW 2021-04-05 1532 9A1DR         599 012    DL5LYM        599 S41
QSO:  7000 CW 2021-04-05 1533 9A1DR         599 013    DH6RS         599 S22
QSO:  7000 CW 2021-04-05 1534 9A1DR         599 014    DM6EE         599 H24
QSO:  7000 CW 2021-04-05 1535 9A1DR         599 015    DL1RTL        599 Y34
QSO:  7000 CW 2021-04-05 1536 9A1DR         599 016    DL3RHN        599 V22
QSO:  7000 CW 2021-04-05 1538 9A1DR         599 017    DB0FFR        599 100JL
QSO:  7000 CW 2021-04-05 1538 9A1DR         599 018    DL2LRT        599 S36
QSO:  7000 CW 2021-04-05 1539 9A1DR         599 019    DK1FT         599 P06
QSO:  7000 CW 2021-04-05 1540 9A1DR         599 020    DL6OZ         599 H24
QSO:  7000 CW 2021-04-05 1541 9A1DR         599 021    DL4FN         599 F35
QSO:  7000 CW 2021-04-05 1543 9A1DR         599 022    IK3YBX        599 037
QSO:  7000 CW 2021-04-05 1544 9A1DR         599 023    DK2DW         599 B12
QSO:  7000 CW 2021-04-05 1545 9A1DR         599 024    DL5YM         599 Y21
QSO:  7000 CW 2021-04-05 1547 9A1DR         599 025    DL1CW         599 P51
QSO:  7000 CW 2021-04-05 1548 9A1DR         599 026    DK2OY         599 M15
QSO:  7000 CW 2021-04-05 1548 9A1DR         599 027    DK8ZB         599 F39
QSO:  7000 CW 2021-04-05 1549 9A1DR         599 028    DL6GCE        599 C12
QSO:  7000 CW 2021-04-05 1551 9A1DR         599 029    DF1DT         599 O04
QSO:  7000 CW 2021-04-05 1553 9A1DR         599 030    DK0TEU        599 E29
QSO:  7000 CW 2021-04-05 1559 9A1DR         599 031    DL8NAS        599 B13
QSO:  7000 CW 2021-04-05 1600 9A1DR         599 032    DK8AX         599 F10
QSO:  7000 CW 2021-04-05 1601 9A1DR         599 033    DL2SWR        599 V13
QSO:  7000 CW 2021-04-05 1601 9A1DR         599 034    DL4ZBY        599 F27
QSO:  7000 CW 2021-04-05 1602 9A1DR         599 035    DL8DYL        599 S01
QSO:  7000 CW 2021-04-05 1603 9A1DR         599 036    DR50AGCW      599 AGCW50
QSO:  7000 CW 2021-04-05 1605 9A1DR         599 037    DL6MHW        599 W37
QSO:  7000 CW 2021-04-05 1605 9A1DR         599 038    DL0CK         599 R04
QSO:  7000 CW 2021-04-05 1607 9A1DR         599 039    DJ9AO         599 X22
QSO:  7000 CW 2021-04-05 1607 9A1DR         599 040    DL5AXX        599 X34
QSO:  7000 CW 2021-04-05 1609 9A1DR         599 041    DL5JQ         599 R25
QSO:  7000 CW 2021-04-05 1611 9A1DR         599 042    DL7JV         599 D08
QSO:  7000 CW 2021-04-05 1614 9A1DR         599 043    DL3HAS        599 G16
QSO:  7000 CW 2021-04-05 1614 9A1DR         599 044    YO3FFF        599 073
QSO:  7000 CW 2021-04-05 1616 9A1DR         599 045    DF7CB         599 R10
QSO:  7000 CW 2021-04-05 1616 9A1DR         599 046    DJ6TK         599 M03
QSO:  7000 CW 2021-04-05 1617 9A1DR         599 047    DK5GB         599 P24
QSO:  7000 CW 2021-04-05 1618 9A1DR         599 048    PA3AAV        599 087
QSO:  7000 CW 2021-04-05 1618 9A1DR         599 049    DM6WAN        599 S54
QSO:  7000 CW 2021-04-05 1620 9A1DR         599 050    DF9LK         599 M15
QSO:  7000 CW 2021-04-05 1621 9A1DR         599 051    DL1NKS        599 B24
QSO:  7000 CW 2021-04-05 1621 9A1DR         599 052    DL8DWW        599 S04
QSO:  7000 CW 2021-04-05 1653 9A1DR         599 053    DL7UCW        599 Y38
QSO:  7000 CW 2021-04-05 1655 9A1DR         599 054    DF1XC         599 Y24
QSO:  7000 CW 2021-04-05 1656 9A1DR         599 055    IT9RZU        599 077
QSO:  7000 CW 2021-04-05 1657 9A1DR         599 056    SM9X          599 038
QSO:  7000 PH 2021-04-05 1701 9A1DR         59  057    DL4YAY        59  N13
QSO:  7000 PH 2021-04-05 1702 9A1DR         59  058    DL1SBF        59  P51
QSO:  7000 PH 2021-04-05 1705 9A1DR         59  059    DG1ATN        59  X43
QSO:  7000 PH 2021-04-05 1705 9A1DR         59  060    DG9BJA        59  I20
QSO:  7000 PH 2021-04-05 1707 9A1DR         59  061    IV3KKW        59  085
QSO:  7000 PH 2021-04-05 1708 9A1DR         59  062    DK5OA         59  H73
QSO:  7000 PH 2021-04-05 1712 9A1DR         59  063    DL1XAQ        59  E38
QSO:  7000 PH 2021-04-05 1713 9A1DR         59  064    DJ5TM         59  A22
QSO:  7000 PH 2021-04-05 1722 9A1DR         59  065    YU1KN         59  020
END-OF-LOG:
