START-OF-LOG: 3.0
CATEGORY: Single operator, SSB, low power
CONTEST: EASTER
SPECIFIC: M02
CALLSIGN: DO2LNJ
LOCATION: DX
CLAIMED-SCORE: 814
CREATED-BY: HAM OSTERCONTEST VERSION 2021-1.0, modified by DXHF upload.
CLUB: DARC
OPERATORS: DO2LNJ
QSO: 3500  PH  2021-04-05 1500 DO2LNJ 59  M02               DK0M     59  M02
QSO: 3500  PH  2021-04-05 1506 DO2LNJ 59  M02               DK5DF    59  H24
QSO: 3500  PH  2021-04-05 1512 DO2LNJ 59  M02               DN0IPA   59  IPA
QSO: 3500  PH  2021-04-05 1514 DO2LNJ 59  M02               DF6VU    59  N49
QSO: 3500  PH  2021-04-05 1535 DO2LNJ 59  M02               DJ3AK    59  H24
QSO: 3500  PH  2021-04-05 1536 DO2LNJ 59  M02               DG6IMR   59  Y26
QSO: 3500  PH  2021-04-05 1537 DO2LNJ 59  M02               DL4NWD   59  V30
QSO: 3500  PH  2021-04-05 1543 DO2LNJ 59  M02               DO1GPP   59  Y26
QSO: 3500  PH  2021-04-05 1544 DO2LNJ 59  M02               DM6OM    59  H73
QSO: 3500  PH  2021-04-05 1548 DO2LNJ 59  M02               DO9KIP   59  E09
QSO: 3500  PH  2021-04-05 1616 DO2LNJ 59  M02               DF1LM    59  NM
QSO: 3500  PH  2021-04-05 1617 DO2LNJ 59  M02               DL1EK    59  R25
QSO: 3500  PH  2021-04-05 1630 DO2LNJ 59  M02               DJ4MH    59  I38
QSO: 3500  PH  2021-04-05 1632 DO2LNJ 59  M02               DL3LAB   59  M15
QSO: 3500  PH  2021-04-05 1648 DO2LNJ 59  M02               DL2LBK   59  M06
QSO: 3500  PH  2021-04-05 1648 DO2LNJ 59  M02               DK2NI    59  N29
QSO: 3500  PH  2021-04-05 1705 DO2LNJ 59  M02               DB9OH    59  H24
QSO: 3500  PH  2021-04-05 1706 DO2LNJ 59  M02               DK1OM    59  H02
QSO: 3500  PH  2021-04-05 1709 DO2LNJ 59  M02               DL9HCO   59  E09
QSO: 3500  PH  2021-04-05 1710 DO2LNJ 59  M02               DL5BL    59  H24
QSO: 3500  PH  2021-04-05 1711 DO2LNJ 59  M02               DO8HK    59  I17
QSO: 3500  PH  2021-04-05 1718 DO2LNJ 59  M02               DM7EE    59  H24
END-OF-LOG:
