START-OF-LOG: 2.0
CATEGORY: Single operator, mixed, low power
CONTEST: WAG
SPECIFIC: T19
CALLSIGN: DG5DJ
CLAIMED-SCORE: 2484
CREATED-BY: UcxLog 7.09, modified by DXHF upload.
OPERATORS: DG5DJ
QSO:  7000 PH 2018-10-21 1248 DG5DJ         59  T19    DL0DG         59  L02
QSO:  7000 PH 2018-10-21 1252 DG5DJ         59  T19    DH0F          59  B09
QSO:  7000 PH 2018-10-21 1256 DG5DJ         59  T19    DB0LY         59  M11
QSO:  7000 PH 2018-10-21 1257 DG5DJ         59  T19    SP9QMP        59  445
QSO:  7000 PH 2018-10-21 1300 DG5DJ         59  T19    DA0CCC        59  D23
QSO:  7000 PH 2018-10-21 1303 DG5DJ         59  T19    DK8R          59  Q05
QSO:  7000 PH 2018-10-21 1304 DG5DJ         59  T19    DL7UXG        59  D21
QSO:  7000 PH 2018-10-21 1306 DG5DJ         59  T19    DL0LK         59  E03
QSO:  7000 PH 2018-10-21 1310 DG5DJ         59  T19    SP1JQJ        59  123
QSO:  7000 PH 2018-10-21 1311 DG5DJ         59  T19    EV1R          59  1026
QSO: 21000 PH 2018-10-21 1313 DG5DJ         59  T19    KC1XX         59  437
QSO: 21000 PH 2018-10-21 1317 DG5DJ         59  T19    DF8XC         59  N01
QSO: 21000 PH 2018-10-21 1318 DG5DJ         59  T19    DK0HF         59  N08
QSO: 21000 PH 2018-10-21 1320 DG5DJ         59  T19    K3ZO          59  668
QSO: 14000 PH 2018-10-21 1322 DG5DJ         59  T19    RA3YDA        59  349
QSO: 14000 PH 2018-10-21 1323 DG5DJ         59  T19    UW5ZM         59  121
QSO: 14000 PH 2018-10-21 1325 DG5DJ         59  T19    S53EO         59  504
QSO: 28000 PH 2018-10-21 1330 DG5DJ         59  T19    M6XPB         59  001
QSO: 21000 PH 2018-10-21 1333 DG5DJ         59  T19    DP5N          59  N41
QSO: 21000 PH 2018-10-21 1335 DG5DJ         59  T19    NR3X          59  127
QSO: 21000 PH 2018-10-21 1337 DG5DJ         59  T19    FY/DL5FAB     59  163
QSO: 14000 PH 2018-10-21 1343 DG5DJ         59  T19    DF3TE         59  G46
QSO: 14000 PH 2018-10-21 1348 DG5DJ         59  T19    EC1DD         59  023
QSO: 14000 PH 2018-10-21 1349 DG5DJ         59  T19    RZ3Z          59  560
QSO: 14000 PH 2018-10-21 1352 DG5DJ         59  T19    4Z5FI         59  097
QSO: 14000 PH 2018-10-21 1354 DG5DJ         59  T19    OZ4NA         59  120
QSO: 14000 PH 2018-10-21 1358 DG5DJ         59  T19    LZ9V          59  850
QSO: 21000 PH 2018-10-21 1417 DG5DJ         59  T19    DK3T          59  N61
QSO: 21000 PH 2018-10-21 1420 DG5DJ         59  T19    DL1C          59  Y21
QSO: 21000 PH 2018-10-21 1422 DG5DJ         59  T19    EA7/DJ4EL     59  001
QSO: 14000 PH 2018-10-21 1432 DG5DJ         59  T19    F6DRP         59  132
QSO: 14000 PH 2018-10-21 1434 DG5DJ         59  T19    SV0UQ         59  266
QSO: 14000 PH 2018-10-21 1437 DG5DJ         59  T19    EA5IQX        59  062
QSO: 14000 PH 2018-10-21 1441 DG5DJ         59  T19    TF3DT         59  233
QSO: 14000 PH 2018-10-21 1443 DG5DJ         59  T19    DH0F          59  B09
QSO: 14000 PH 2018-10-21 1444 DG5DJ         59  T19    CR3W          59  2080
QSO: 14000 PH 2018-10-21 1446 DG5DJ         59  T19    A61FK         59  206
QSO: 14000 PH 2018-10-21 1447 DG5DJ         59  T19    DP9A          59  Y37
QSO: 14000 PH 2018-10-21 1449 DG5DJ         59  T19    9A5Y          59  1636
QSO: 14000 PH 2018-10-21 1451 DG5DJ         59  T19    DF8XC         59  N01
QSO: 14000 PH 2018-10-21 1452 DG5DJ         59  T19    DK3T          59  N61
QSO: 21000 PH 2018-10-21 1500 DG5DJ         59  T19    4X4DK         59  180
END-OF-LOG:
