START-OF-LOG: 3.0
CREATED-BY: reconstructed-log-builder
CONTEST: ARRL-DX-SSB
CALLSIGN: W3EP
LOCATION: 
CATEGORY: CHECKLOG
CATEGORY-OPERATOR: SINGLE-OP
CATEGORY-BAND: ALL
CATEGORY-MODE: MIXED
CATEGORY-POWER: UNKNOWN
CATEGORY-ASSISTED: NON-ASSISTED
CATEGORY-TRANSMITTER: ONE
CATEGORY-STATION: UNKNOWN
CATEGORY-OVERLAY: 
OPERATORS: W3EP
CLAIMED-SCORE: 
CLUB: 
NAME: 
SOAPBOX: RECONSTRUCTED MOCKUP LOG - NOT AN OFFICIAL SUBMISSION.
SOAPBOX: Derived from submitted logs for ARRL-DX-SSB ARRL/arrl_international_dx_phone_contest/2020.
QSO:  7000 PH 2020-03-07 0032 W3EP          59 CT IK2TDM        59 500
QSO:  7139 PH 2020-03-07 0032 W3EP          59 CT PY4AZ         59 KW
QSO:  7134 PH 2020-03-07 0035 W3EP          59 CT UT2II         59 KW
QSO:  7143 PH 2020-03-07 0041 W3EP          59 CT LU5FC         59 KW
QSO:  7154 PH 2020-03-07 0044 W3EP          59 CT OK1CF         59 KW
QSO:  7158 PH 2020-03-07 0045 W3EP          59 CT HA7RY         59 K
QSO:  7160 PH 2020-03-07 0046 W3EP          59 CT SN3A          59 KW
QSO:  7170 PH 2020-03-07 0048 W3EP          59 CT IO5O          59 500
QSO:  7177 PH 2020-03-07 0050 W3EP          59 CT SP8PCF        59 KW
QSO:  7186 PH 2020-03-07 0051 W3EP          59 CT DL6FBL        59 KW
QSO:  7189 PH 2020-03-07 0052 W3EP          59 CT CR6T          59 KW
QSO:  7199 PH 2020-03-07 0054 W3EP          59 CT S51YI         59 KW
QSO:  7224 PH 2020-03-07 0056 W3EP          59 CT VP9I          59 100
QSO:  7236 PH 2020-03-07 0057 W3EP          59 CT NP2P          59 K
QSO:  7249 PH 2020-03-07 0059 W3EP          59 CT M5BFL         59 400
QSO:  3701 PH 2020-03-07 0104 W3EP          59 CT HG1S          59 KW
QSO:  3714 PH 2020-03-07 0105 W3EP          59 CT VP2MMF        59 100
QSO:  3727 PH 2020-03-07 0106 W3EP          59 CT MI5K          59 400
QSO:  3730 PH 2020-03-07 0107 W3EP          59 CT XE2X          59 K
QSO:  3739 PH 2020-03-07 0109 W3EP          59 CT EI9E          59 1000
QSO:  3772 PH 2020-03-07 0111 W3EP          59 CT EA5KA         59 KW
QSO:  3787 PH 2020-03-07 0113 W3EP          59 CT M6T           59 400
QSO:  3779 PH 2020-03-07 0117 W3EP          59 CT F6KHM         59 KW
QSO:  3777 PH 2020-03-07 0119 W3EP          59 CT EW6W          59 1000
QSO:  3775 PH 2020-03-07 0120 W3EP          59 CT TM9R          59 1000
QSO:  3500 PH 2020-03-07 0122 W3EP          59 CT TI2CC         59 KW
QSO:  3759 PH 2020-03-07 0123 W3EP          59 CT DK7YY         59 600
QSO:  3736 PH 2020-03-07 0125 W3EP          59 CT HB9CXZ        59 KW
QSO:  3716 PH 2020-03-07 0129 W3EP          59 CT OM2VL         59 KW
QSO:  3708 PH 2020-03-07 0131 W3EP          59 CT RW2F          59 KW
QSO:  3713 PH 2020-03-07 0131 W3EP          59 CT C6ANM         59 100
QSO:  3500 PH 2020-03-07 0134 W3EP          59 CT YL3CW         59 1000
QSO:  3742 PH 2020-03-07 0137 W3EP          59 CT ES5G          59 1000
QSO:  3746 PH 2020-03-07 0141 W3EP          59 CT GM0V          59 400
QSO:  3786 PH 2020-03-07 0155 W3EP          59 CT PJ2T          59 K
QSO:  3797 PH 2020-03-07 0157 W3EP          59 CT LY4A          59 KW
QSO:  7000 PH 2020-03-07 0206 W3EP          59 CT CM2XN         59 100
QSO:  7137 PH 2020-03-07 0207 W3EP          59 CT TO5A          59 500
QSO:  7152 PH 2020-03-07 0209 W3EP          59 CT ED1R          59 1000
QSO:  7166 PH 2020-03-07 0213 W3EP          59 CT 9A1A          59 KW
QSO:  7163 PH 2020-03-07 0216 W3EP          59 CT M6T           59 400
QSO:  7174 PH 2020-03-07 0219 W3EP          59 CT PX2C          59 K
QSO:  7253 PH 2020-03-07 0236 W3EP          59 CT J68HZ         59 K
QSO:  7204 PH 2020-03-07 0240 W3EP          59 CT ZF1A          59 1000
QSO:  3718 PH 2020-03-07 0246 W3EP          59 CT KP2M          59 KW
QSO:  3764 PH 2020-03-07 0254 W3EP          59 CT VP5M          59 100
QSO:  3774 PH 2020-03-07 0302 W3EP          59 CT OZ1ADL        59 KW
QSO:  3790 PH 2020-03-07 0310 W3EP          59 CT 9A1A          59 KW
QSO:  3757 PH 2020-03-07 0314 W3EP          59 CT ZF1A          59 1000
QSO:  3724 PH 2020-03-07 0320 W3EP          59 CT DL6FBL        59 KW
QSO:  3700 PH 2020-03-07 0326 W3EP          59 CT HQ9X          59 KW
QSO:  3705 PH 2020-03-07 0327 W3EP          59 CT SN7Q          59 K
QSO:  3719 PH 2020-03-07 0328 W3EP          59 CT IR4M          59 500
QSO:  7193 PH 2020-03-07 0336 W3EP          59 CT LX20I         59 1000
QSO:  7203 PH 2020-03-07 0338 W3EP          59 CT PJ2T          59 K
QSO:  7216 PH 2020-03-07 0339 W3EP          59 CT TO3Z          59 1000
QSO:  7124 PH 2020-03-07 0344 W3EP          59 CT SP8K          59 KW
QSO:  7259 PH 2020-03-07 0345 W3EP          59 CT OM3RM         59 KW
QSO:  7111 PH 2020-03-07 0346 W3EP          59 CT HA3NU         59 KW
QSO:  7251 PH 2020-03-07 0348 W3EP          59 CT UW5ZM         59 KW
QSO:  7278 PH 2020-03-07 0352 W3EP          59 CT HG7T          59 KW
QSO:  7000 PH 2020-03-07 0353 W3EP          59 CT HA1DAE        59 KW
QSO:  7083 PH 2020-03-07 0355 W3EP          59 CT HA4XH         59 KW
QSO:  7174 PH 2020-03-07 0408 W3EP          59 CT S50R          59 KW
QSO:  7231 PH 2020-03-07 0414 W3EP          59 CT TO0A          59 500
QSO:  3705 PH 2020-03-07 0421 W3EP          59 CT HA5PP         59 KW
QSO:  3736 PH 2020-03-07 0425 W3EP          59 CT TI7W          59 1000
QSO:  3740 PH 2020-03-07 0426 W3EP          59 CT KP3DX         59 73
QSO:  3757 PH 2020-03-07 0431 W3EP          59 CT 8P5A          59 1000
QSO:  3775 PH 2020-03-07 0437 W3EP          59 CT TO5A          59 500
QSO:  3786 PH 2020-03-07 0440 W3EP          59 CT OE6Z          59 1000
QSO:  3678 PH 2020-03-07 0443 W3EP          59 CT HB9CXZ        59 KW
QSO:  3749 PH 2020-03-07 0451 W3EP          59 CT PT5J          59 1000
QSO:  3763 PH 2020-03-07 0454 W3EP          59 CT H33K          59 1000
QSO:  3796 PH 2020-03-07 0502 W3EP          59 CT V26M          59 K
QSO:  7000 PH 2020-03-07 0505 W3EP          59 CT 4X1DX         59 KW
QSO:  7290 PH 2020-03-07 0508 W3EP          59 CT V55A          59 400
QSO:  7241 PH 2020-03-07 0510 W3EP          59 CT YO9HP         59 KW
QSO:  3775 PH 2020-03-07 1037 W3EP          59 CT V47T          59 K
QSO:  3777 PH 2020-03-07 1038 W3EP          59 CT ZF1A          59 1000
QSO:  7188 PH 2020-03-07 1040 W3EP          59 CT TI7W          59 1000
QSO:  7000 PH 2020-03-07 1043 W3EP          59 CT HC0E          59 KW
QSO:  7202 PH 2020-03-07 1044 W3EP          59 CT ZF5T          59 KW
QSO:  7000 PH 2020-03-07 1045 W3EP          59 CT KH6LC         59 K
QSO:  7224 PH 2020-03-07 1047 W3EP          59 CT V47T          59 K
QSO:  7167 PH 2020-03-07 1050 W3EP          59 CT VP2MMF        59 100
QSO:  7195 PH 2020-03-07 1054 W3EP          59 CT V26M          59 K
QSO:  7229 PH 2020-03-07 1057 W3EP          59 CT HQ9X          59 KW
QSO:  7243 PH 2020-03-07 1059 W3EP          59 CT 8P5A          59 1000
QSO:  7143 PH 2020-03-07 1101 W3EP          59 CT HI3LT         59 100
QSO:  7216 PH 2020-03-07 1111 W3EP          59 CT C6ANM         59 100
QSO: 14209 PH 2020-03-07 1125 W3EP          59 CT OR3A          59 KW
QSO: 14213 PH 2020-03-07 1126 W3EP          59 CT S50R          59 KW
QSO: 14216 PH 2020-03-07 1126 W3EP          59 CT PA3EVY        59 400
QSO: 14232 PH 2020-03-07 1129 W3EP          59 CT M6T           59 400
QSO: 14235 PH 2020-03-07 1129 W3EP          59 CT EB4A          59 1000
QSO: 14237 PH 2020-03-07 1129 W3EP          59 CT TM6M          59 KW
QSO: 14242 PH 2020-03-07 1130 W3EP          59 CT PY2NY         59 KW
QSO: 14244 PH 2020-03-07 1131 W3EP          59 CT 9A1A          59 KW
QSO: 14251 PH 2020-03-07 1132 W3EP          59 CT DL6FBL        59 KW
QSO: 14254 PH 2020-03-07 1133 W3EP          59 CT SN7Q          59 K
QSO: 14256 PH 2020-03-07 1133 W3EP          59 CT SF4D          59 KW
QSO: 14257 PH 2020-03-07 1134 W3EP          59 CT EA5DFV        59 KW
QSO: 14262 PH 2020-03-07 1136 W3EP          59 CT IR1G          59 500
QSO: 14265 PH 2020-03-07 1136 W3EP          59 CT HG7T          59 KW
QSO: 14268 PH 2020-03-07 1137 W3EP          59 CT FY5FY         59 K
QSO: 14278 PH 2020-03-07 1139 W3EP          59 CT LY4A          59 KW
QSO: 14289 PH 2020-03-07 1140 W3EP          59 CT SP5C          59 500
QSO: 14293 PH 2020-03-07 1141 W3EP          59 CT S57DX         59 KW
QSO: 14295 PH 2020-03-07 1142 W3EP          59 CT D4Z           59 1000
QSO: 14303 PH 2020-03-07 1142 W3EP          59 CT YP0C          59 KW
QSO: 14308 PH 2020-03-07 1143 W3EP          59 CT EI9E          59 1000
QSO: 14319 PH 2020-03-07 1145 W3EP          59 CT OM2Y          59 KW
QSO: 14329 PH 2020-03-07 1148 W3EP          59 CT RW7K          59 KW
QSO: 14334 PH 2020-03-07 1150 W3EP          59 CT KP2M          59 KW
QSO: 14280 PH 2020-03-07 1157 W3EP          59 CT 4U1A          59 KW
QSO: 14282 PH 2020-03-07 1157 W3EP          59 CT IR4M          59 500
QSO: 14000 PH 2020-03-07 1201 W3EP          59 CT PY0F          59 KW
QSO: 14256 PH 2020-03-07 1228 W3EP          59 CT LN8W          59 KW
QSO: 14269 PH 2020-03-07 1232 W3EP          59 CT R5AJ          59 1000
QSO: 14275 PH 2020-03-07 1234 W3EP          59 CT WP4SD         59 100
QSO: 14288 PH 2020-03-07 1237 W3EP          59 CT HA3DX         59 KW
QSO: 14300 PH 2020-03-07 1240 W3EP          59 CT EU1A          59 KW
QSO: 14301 PH 2020-03-07 1241 W3EP          59 CT HA3NU         59 KW
QSO: 14307 PH 2020-03-07 1242 W3EP          59 CT J42L          59 500
QSO: 14324 PH 2020-03-07 1244 W3EP          59 CT EV1R          59 KW
QSO: 14333 PH 2020-03-07 1246 W3EP          59 CT OM2VL         59 KW
QSO: 14334 PH 2020-03-07 1247 W3EP          59 CT UD4F          59 K
QSO: 14172 PH 2020-03-07 1251 W3EP          59 CT PJ4G          59 KW
QSO: 14000 PH 2020-03-07 1254 W3EP          59 CT YT1A          59 1000
QSO: 14190 PH 2020-03-07 1254 W3EP          59 CT HA8JV         59 KW
QSO: 14229 PH 2020-03-07 1300 W3EP          59 CT SO9I          59 K
QSO: 14195 PH 2020-03-07 1305 W3EP          59 CT PZ5RA         59 150
QSO: 14163 PH 2020-03-07 1309 W3EP          59 CT 4X6FR         59 KW
QSO: 14000 PH 2020-03-07 1314 W3EP          59 CT IK2TDM        59 500
QSO: 14167 PH 2020-03-07 1316 W3EP          59 CT SO7O          59 500
QSO: 14164 PH 2020-03-07 1320 W3EP          59 CT VP5M          59 100
QSO: 14000 PH 2020-03-07 1323 W3EP          59 CT US5D          59 200
QSO: 14180 PH 2020-03-07 1323 W3EP          59 CT UV5U          59 KW
QSO: 14261 PH 2020-03-07 1333 W3EP          59 CT HB9NE         59 1000
QSO: 21226 PH 2020-03-07 1436 W3EP          59 CT J68SS         59 300
QSO: 21218 PH 2020-03-07 1439 W3EP          59 CT CE3CT         59 KW
QSO: 21208 PH 2020-03-07 1441 W3EP          59 CT HK4GOO        59 100
QSO: 21210 PH 2020-03-07 1441 W3EP          59 CT V31MA         59 100
QSO: 14207 PH 2020-03-07 1448 W3EP          59 CT GM0V          59 400
QSO: 14220 PH 2020-03-07 1451 W3EP          59 CT YL2SM         59 KW
QSO: 14266 PH 2020-03-07 1457 W3EP          59 CT CQ8M          59 KW
QSO: 14286 PH 2020-03-07 1459 W3EP          59 CT ES5G          59 1000
QSO: 14303 PH 2020-03-07 1502 W3EP          59 CT OT5L          59 KW
QSO: 14346 PH 2020-03-07 1505 W3EP          59 CT DL5YL         59 KW
QSO: 14314 PH 2020-03-07 1509 W3EP          59 CT 9A1TT         59 KW
QSO: 14208 PH 2020-03-07 1513 W3EP          59 CT A44A          59 KW
QSO: 14205 PH 2020-03-07 1514 W3EP          59 CT HA8A          59 KW
QSO: 14202 PH 2020-03-07 1517 W3EP          59 CT F6KOP         59 1000
QSO: 14100 PH 2020-03-07 1521 W3EP          59 CT S51JQ         59 800
QSO: 14161 PH 2020-03-07 1522 W3EP          59 CT OH9GGY        59 100
QSO: 14160 PH 2020-03-07 1523 W3EP          59 CT DF5RF         59 5
QSO: 14000 PH 2020-03-07 1525 W3EP          59 CT PA2TMS        59 100
QSO: 14343 PH 2020-03-07 1528 W3EP          59 CT 4X1DX         59 KW
QSO: 14271 PH 2020-03-07 1535 W3EP          59 CT MI0M          59 400
QSO: 14178 PH 2020-03-07 1539 W3EP          59 CT LY2N          59 100
QSO: 14000 PH 2020-03-07 1540 W3EP          59 IA HB9CNY        59 100
QSO: 14178 PH 2020-03-07 1540 W3EP          59 CT SP6VWX        59 100
QSO: 14179 PH 2020-03-07 1544 W3EP          59 CT DL4ABR        59 500
QSO: 14264 PH 2020-03-07 1551 W3EP          59 CT PA0AA         59 400
QSO: 21252 PH 2020-03-07 1605 W3EP          59 CT EA6FO         59 KW
QSO: 21257 PH 2020-03-07 1606 W3EP          59 CT EA7X          59 1000
QSO: 21260 PH 2020-03-07 1607 W3EP          59 CT IT9RWB        59 100
QSO: 21000 PH 2020-03-07 1609 W3EP          59 CT EA8DED        59 KW
QSO: 21294 PH 2020-03-07 1612 W3EP          59 CT TO5A          59 500
QSO: 21303 PH 2020-03-07 1613 W3EP          59 CT J68HZ         59 K
QSO: 21308 PH 2020-03-07 1614 W3EP          59 CT CQ8M          59 KW
QSO: 21324 PH 2020-03-07 1616 W3EP          59 CT TO0A          59 500
QSO: 21336 PH 2020-03-07 1619 W3EP          59 CT PJ7AA         59 100
QSO: 21341 PH 2020-03-07 1620 W3EP          59 CT TI7W          59 1000
QSO: 21346 PH 2020-03-07 1621 W3EP          59 CT P40A          59 100
QSO: 21361 PH 2020-03-07 1621 W3EP          59 CT V47T          59 K
QSO: 21364 PH 2020-03-07 1621 W3EP          59 CT 8P2K          59 100
QSO: 21000 PH 2020-03-07 1623 W3EP          59 CT PP1WW         59 KW
QSO: 21000 PH 2020-03-07 1629 W3EP          59 CT FG5GP         59 400
QSO: 21241 PH 2020-03-07 1630 W3EP          59 CT DL6FBL        59 KW
QSO: 21250 PH 2020-03-07 1631 W3EP          59 CT WP3R          59 150
QSO: 21261 PH 2020-03-07 1632 W3EP          59 CT KP3DX         59 73
QSO: 21265 PH 2020-03-07 1633 W3EP          59 CT PT5J          59 1000
QSO: 21275 PH 2020-03-07 1634 W3EP          59 CT CV7S          59 KW
QSO: 21279 PH 2020-03-07 1635 W3EP          59 CT OR3A          59 KW
QSO: 21290 PH 2020-03-07 1636 W3EP          59 CT FY5KE         59 KW
QSO: 21309 PH 2020-03-07 1639 W3EP          59 CT NP2P          59 K
QSO: 21313 PH 2020-03-07 1640 W3EP          59 CT V26M          59 K
QSO: 21321 PH 2020-03-07 1641 W3EP          59 CT 8P5A          59 1000
QSO: 21332 PH 2020-03-07 1642 W3EP          59 CT VP2MMF        59 100
QSO: 28425 PH 2020-03-07 1655 W3EP          59 CT PX2C          59 K
QSO: 28000 PH 2020-03-07 1656 W3EP          59 CT PV8AZ         59 005
QSO: 28460 PH 2020-03-07 1659 W3EP          59 CT V55A          59 400
QSO: 14336 PH 2020-03-07 1925 W3EP          59 CT HQ9X          59 KW
QSO: 14335 PH 2020-03-07 2320 W3EP          59 CT HQ9X          59 KW
QSO: 14286 PH 2020-03-07 2323 W3EP          59 CT V47T          59 K
QSO:  7137 PH 2020-03-07 2328 W3EP          59 CT OM2VL         59 KW
QSO:  3767 PH 2020-03-08 0022 W3EP          59 CT SP8R          59 KW
QSO:  3731 PH 2020-03-08 0024 W3EP          59 CT EA8RM         59 1000
QSO:  3696 PH 2020-03-08 0025 W3EP          59 CT VP9I          59 100
QSO:  3747 PH 2020-03-08 0032 W3EP          59 CT KP3MM         59 K
QSO:  3756 PH 2020-03-08 0033 W3EP          59 CT F4GGQ         59 1000
QSO:  3777 PH 2020-03-08 0038 W3EP          59 CT EI9E          59 1000
QSO:  7000 PH 2020-03-08 0058 W3EP          59 CT 4O4T          59 KW
QSO:  7177 PH 2020-03-08 0106 W3EP          59 CT DF70DARC      59 KW
QSO:  7000 PH 2020-03-08 0110 W3EP          59 CT HC0T          59 100
QSO:  7212 PH 2020-03-08 0111 W3EP          59 CT PJ4G          59 KW
QSO:  7163 PH 2020-03-08 0118 W3EP          59 CT CR6K          59 1000
QSO:  7247 PH 2020-03-08 0124 W3EP          59 CT KP3MM         59 K
QSO:  7237 PH 2020-03-08 0135 W3EP          59 CT KP3DX         59 73
QSO:  7239 PH 2020-03-08 0136 W3EP          59 CT VP5M          59 100
QSO:  7248 PH 2020-03-08 0138 W3EP          59 CT HK4GOO        59 100
QSO:  7265 PH 2020-03-08 0141 W3EP          59 CT EA6FO         59 KW
QSO:  3500 PH 2020-03-08 0157 W3EP          59 CT CT2ITR        59 KW
QSO:  3742 PH 2020-03-08 0200 W3EP          59 CT J68HZ         59 K
QSO:  3500 PH 2020-03-08 0217 W3EP          59 CT CT2ITR        59 KW
QSO:  3768 PH 2020-03-08 0228 W3EP          59 CT PX2B          59 KW
QSO:  3771 PH 2020-03-08 0230 W3EP          59 CT WP3R          59 150
QSO:  7145 PH 2020-03-08 0240 W3EP          59 CT YT7A          59 KW
QSO:  7238 PH 2020-03-08 0246 W3EP          59 CT HB0A          59 KW
QSO:  7141 PH 2020-03-08 0251 W3EP          59 CT HA8A          59 KW
QSO:  7161 PH 2020-03-08 0253 W3EP          59 CT 9A8M          59 KW
QSO:  7172 PH 2020-03-08 0255 W3EP          59 CT OM2KI         59 KW
QSO:  7178 PH 2020-03-08 0256 W3EP          59 CT EI9E          59 1000
QSO:  3676 PH 2020-03-08 0309 W3EP          59 CT P40A          59 100
QSO:  3725 PH 2020-03-08 0334 W3EP          59 CT UW1M          59 KW
QSO:  3735 PH 2020-03-08 0337 W3EP          59 CT LU7YS         59 KW
QSO:  3743 PH 2020-03-08 0340 W3EP          59 CT UV5U          59 KW
QSO:  3671 PH 2020-03-08 0349 W3EP          59 CT HB0A          59 KW
QSO:  3706 PH 2020-03-08 0354 W3EP          59 CT HK4GOO        59 100
QSO:  7193 PH 2020-03-08 1149 W3EP          59 CT VK3GK         59 400
QSO:  7195 PH 2020-03-08 1152 W3EP          59 CT ZM1A          59 KW
QSO:  7199 PH 2020-03-08 1152 W3EP          59 CT VK4QH         59 400
QSO:  7220 PH 2020-03-08 1158 W3EP          59 CT CO8ZZ         59 KW
QSO:  7000 PH 2020-03-08 1159 W3EP          59 CT TI2JS         59 100
QSO:  7249 PH 2020-03-08 1159 W3EP          59 CT KP2M          59 KW
QSO: 14256 PH 2020-03-08 1224 W3EP          59 CT M6O           59 400
QSO: 14263 PH 2020-03-08 1226 W3EP          59 CT RL5A          59 KW
QSO: 14264 PH 2020-03-08 1226 W3EP          59 CT IR6T          59 500
QSO: 14279 PH 2020-03-08 1229 W3EP          59 CT IO5O          59 500
QSO: 14290 PH 2020-03-08 1232 W3EP          59 CT 9A5Y          59 KW
QSO: 14000 PH 2020-03-08 1234 W3EP          59 CT YL6Z          59 1000
QSO: 14324 PH 2020-03-08 1240 W3EP          59 CT RK7A          59 KW
QSO: 14330 PH 2020-03-08 1242 W3EP          59 CT IK7YTT        59 500
QSO: 14000 PH 2020-03-08 1248 W3EP          59 CT RT2F          59 100
QSO: 14298 PH 2020-03-08 1256 W3EP          59 CT TO0A          59 500
QSO: 14250 PH 2020-03-08 1303 W3EP          59 CT ZF1A          59 1000
QSO: 14254 PH 2020-03-08 1304 W3EP          59 CT C6ATF         59 100
QSO: 14261 PH 2020-03-08 1305 W3EP          59 CT TI7W          59 1000
QSO: 21302 PH 2020-03-08 1431 W3EP          59 CT PJ4G          59 KW
QSO: 21330 PH 2020-03-08 1432 W3EP          59 CT PJ2T          59 K
QSO: 21300 PH 2020-03-08 1642 W3EP          59 CT EA1X          59 KW
QSO: 21310 PH 2020-03-08 1642 W3EP          59 CT EA8RM         59 1000
QSO: 21000 PH 2020-03-08 1646 W3EP          59 CT EA8AUW        59 100
QSO: 21220 PH 2020-03-08 1650 W3EP          59 CT IZ8FWN        59 100
QSO: 21213 PH 2020-03-08 1651 W3EP          59 CT EA8BQM        59 100
QSO: 21288 PH 2020-03-08 1701 W3EP          59 CT OA4SS         59 KW
QSO: 21304 PH 2020-03-08 1705 W3EP          59 CT H33K          59 1000
QSO: 21300 PH 2020-03-08 1706 W3EP          59 CT 8P1W          59 100
QSO: 21284 PH 2020-03-08 1709 W3EP          59 CT PS8HF         59 100
QSO: 21253 PH 2020-03-08 1710 W3EP          59 CT PY4AZ         59 KW
QSO: 21000 PH 2020-03-08 1712 W3EP          59 CT TI2OY         59 100
QSO: 21224 PH 2020-03-08 1714 W3EP          59 CT TO3Z          59 1000
END-OF-LOG:
