START-OF-LOG: 3.0
CREATED-BY: reconstructed-log-builder
CONTEST: ARRL-DX-SSB
CALLSIGN: WA2WGF
LOCATION: 
CATEGORY: CHECKLOG
CATEGORY-OPERATOR: SINGLE-OP
CATEGORY-BAND: ALL
CATEGORY-MODE: MIXED
CATEGORY-POWER: UNKNOWN
CATEGORY-ASSISTED: NON-ASSISTED
CATEGORY-TRANSMITTER: ONE
CATEGORY-STATION: UNKNOWN
CATEGORY-OVERLAY: 
OPERATORS: WA2WGF
CLAIMED-SCORE: 
CLUB: 
NAME: 
SOAPBOX: RECONSTRUCTED MOCKUP LOG - NOT AN OFFICIAL SUBMISSION.
SOAPBOX: Derived from submitted logs for ARRL-DX-SSB ARRL/arrl_international_dx_phone_contest/2020.
QSO:  7163 PH 2020-03-07 0022 WA2WGF        59 NY M6T           59 400
QSO:  7154 PH 2020-03-07 0023 WA2WGF        59 NY OK1CF         59 KW
QSO:  7151 PH 2020-03-07 0027 WA2WGF        59 NY EA5Z          59 1000
QSO:  7143 PH 2020-03-07 0029 WA2WGF        59 NY LU5FC         59 KW
QSO:  7000 PH 2020-03-07 0030 WA2WGF        59 NY CM2XN         59 100
QSO: 14177 PH 2020-03-07 0031 WA2WGF        59 NY WP3R          59 150
QSO: 14188 PH 2020-03-07 0032 WA2WGF        59 NY VP2MMF        59 100
QSO: 14194 PH 2020-03-07 0033 WA2WGF        59 NY J68SS         59 300
QSO: 14000 PH 2020-03-07 0035 WA2WGF        59 NY PT2ADM        59 200
QSO: 14000 PH 2020-03-07 0036 WA2WGF        59 NY KP4PR         59 100
QSO: 14254 PH 2020-03-07 0037 WA2WGF        59 NY ZW5B          59 KW
QSO: 14307 PH 2020-03-07 0040 WA2WGF        59 NY KP2M          59 KW
QSO:  7139 PH 2020-03-07 0046 WA2WGF        59 NY PJ4G          59 KW
QSO:  7158 PH 2020-03-07 0050 WA2WGF        59 NY HA7RY         59 K
QSO:  7167 PH 2020-03-07 0052 WA2WGF        59 NY 9A8M          59 KW
QSO:  7183 PH 2020-03-07 0054 WA2WGF        59 NY IR4M          59 500
QSO:  7185 PH 2020-03-07 0055 WA2WGF        59 NY IW1FRU        59 100
QSO:  7186 PH 2020-03-07 0056 WA2WGF        59 NY DL6FBL        59 KW
QSO:  7189 PH 2020-03-07 0057 WA2WGF        59 NY CR6T          59 KW
QSO:  7192 PH 2020-03-07 0059 WA2WGF        59 NY I4VEQ         59 500
QSO:  7150 PH 2020-03-07 0110 WA2WGF        59 NY CR6K          59 1000
QSO:  7152 PH 2020-03-07 0111 WA2WGF        59 NY ED1R          59 1000
QSO:  7161 PH 2020-03-07 0113 WA2WGF        59 NC S52NR         59 100
QSO: 14247 PH 2020-03-07 0122 WA2WGF        59 NY J68HZ         59 K
QSO: 14285 PH 2020-03-07 0124 WA2WGF        59 NY ZP5DBC        59 KW
QSO: 14233 PH 2020-03-07 0126 WA2WGF        59 NY P40A          59 100
QSO: 14277 PH 2020-03-07 0134 WA2WGF        59 NY PT5J          59 1000
QSO: 14340 PH 2020-03-07 0136 WA2WGF        59 NY CE2LR         59 KW
QSO:  7172 PH 2020-03-07 0149 WA2WGF        59 NY OM2KI         59 KW
QSO:  7170 PH 2020-03-07 0150 WA2WGF        59 NY IO5O          59 500
QSO:  7166 PH 2020-03-07 0151 WA2WGF        59 NY 9A1A          59 KW
QSO:  7155 PH 2020-03-07 0156 WA2WGF        59 NY S54ZZ         59 1000
QSO:  7145 PH 2020-03-07 0159 WA2WGF        59 NY YT7A          59 KW
QSO:  7135 PH 2020-03-07 0200 WA2WGF        59 NY S53MM         59 KW
QSO: 14287 PH 2020-03-07 0204 WA2WGF        59 NY PV2P          59 KW
QSO:  7204 PH 2020-03-07 0211 WA2WGF        59 NY ZF1A          59 1000
QSO:  7200 PH 2020-03-07 0212 WA2WGF        59 NY PJ2T          59 K
QSO:  7199 PH 2020-03-07 0213 WA2WGF        59 NY S51YI         59 KW
QSO:  7193 PH 2020-03-07 0214 WA2WGF        59 NY LX20I         59 1000
QSO:  7177 PH 2020-03-07 0222 WA2WGF        59 NY SP8PCF        59 KW
QSO:  7160 PH 2020-03-07 0224 WA2WGF        59 NY SN3A          59 KW
QSO:  7157 PH 2020-03-07 0226 WA2WGF        59 NY HA8A          59 KW
QSO:  7000 PH 2020-03-07 0230 WA2WGF        59 NY IK2TDM        59 500
QSO: 14000 PH 2020-03-07 0232 WA2WGF        59 NY PY0F          59 KW
QSO:  7238 PH 2020-03-07 1037 WA2WGF        59 NY J68HZ         59 K
QSO:  7167 PH 2020-03-07 1039 WA2WGF        59 NY VP2MMF        59 100
QSO:  7143 PH 2020-03-07 1042 WA2WGF        59 NY HI3LT         59 100
QSO:  7235 PH 2020-03-07 1048 WA2WGF        59 NY TO0A          59 500
QSO:  7214 PH 2020-03-07 1049 WA2WGF        59 NY NP2P          59 K
QSO:  7192 PH 2020-03-07 1051 WA2WGF        59 NY 8P5A          59 1000
QSO:  7188 PH 2020-03-07 1052 WA2WGF        59 NY TI7W          59 1000
QSO:  7202 PH 2020-03-07 1102 WA2WGF        59 NY ZF5T          59 KW
QSO:  7224 PH 2020-03-07 1106 WA2WGF        59 NY V47T          59 K
QSO:  7229 PH 2020-03-07 1113 WA2WGF        59 NY HQ9X          59 KW
QSO:  7226 PH 2020-03-07 1117 WA2WGF        59 NY VP5M          59 100
QSO:  7228 PH 2020-03-07 1117 WA2WGF        59 NY P40A          59 100
QSO:  7185 PH 2020-03-07 1120 WA2WGF        59 NY VP9I          59 100
QSO:  7213 PH 2020-03-07 1124 WA2WGF        59 NY V26M          59 K
QSO:  7233 PH 2020-03-07 1140 WA2WGF        59 NY KP3DX         59 73
QSO:  7218 PH 2020-03-07 1145 WA2WGF        59 NY CO8ZZ         59 KW
QSO: 14000 PH 2020-03-07 1155 WA2WGF        59 NY YT1A          59 1000
QSO: 14000 PH 2020-03-07 1157 WA2WGF        59 NY IK2TDM        59 500
QSO: 14229 PH 2020-03-07 1159 WA2WGF        59 NY SO9I          59 K
QSO: 14237 PH 2020-03-07 1159 WA2WGF        59 NY TM6M          59 KW
QSO: 14244 PH 2020-03-07 1200 WA2WGF        59 NY 9A1A          59 KW
QSO: 14251 PH 2020-03-07 1200 WA2WGF        59 NY DL6FBL        59 KW
QSO: 14254 PH 2020-03-07 1202 WA2WGF        59 NY SN7Q          59 K
QSO: 14257 PH 2020-03-07 1202 WA2WGF        59 NY EA5DFV        59 KW
QSO: 14262 PH 2020-03-07 1203 WA2WGF        59 NY IR1G          59 500
QSO: 14266 PH 2020-03-07 1204 WA2WGF        59 NY 9A5Y          59 KW
QSO: 14268 PH 2020-03-07 1204 WA2WGF        59 NY FY5FY         59 K
QSO: 14271 PH 2020-03-07 1205 WA2WGF        59 NY IB2M          59 500
QSO: 14272 PH 2020-03-07 1206 WA2WGF        59 NY GB2GP         59 400
QSO: 14288 PH 2020-03-07 1206 WA2WGF        59 NY HA3DX         59 KW
QSO: 14293 PH 2020-03-07 1207 WA2WGF        59 NY S57DX         59 KW
QSO: 14299 PH 2020-03-07 1207 WA2WGF        59 NY IZ4COW        59 500
QSO: 14307 PH 2020-03-07 1209 WA2WGF        59 NY J42L          59 500
QSO: 14308 PH 2020-03-07 1209 WA2WGF        59 NY EI9E          59 1000
QSO: 14312 PH 2020-03-07 1209 WA2WGF        59 NY IK7YTT        59 500
QSO: 14314 PH 2020-03-07 1210 WA2WGF        59 NY 9A1TT         59 KW
QSO: 14317 PH 2020-03-07 1211 WA2WGF        59 NY IU3BTY        59 500
QSO: 14319 PH 2020-03-07 1212 WA2WGF        59 NY OM2Y          59 KW
QSO: 14324 PH 2020-03-07 1212 WA2WGF        59 NY S53MM         59 KW
QSO: 14329 PH 2020-03-07 1213 WA2WGF        59 NY RW7K          59 KW
QSO: 14335 PH 2020-03-07 1213 WA2WGF        59 NY OM2VL         59 KW
QSO: 14345 PH 2020-03-07 1214 WA2WGF        59 NY TI7W          59 1000
QSO: 14214 PH 2020-03-07 1247 WA2WGF        59 NY S50R          59 KW
QSO: 14219 PH 2020-03-07 1248 WA2WGF        59 NY EA3AQ         59 KW
QSO: 14226 PH 2020-03-07 1250 WA2WGF        59 NY YT1X          59 KW
QSO: 14235 PH 2020-03-07 1251 WA2WGF        59 NY EB4A          59 1000
QSO: 14253 PH 2020-03-07 1252 WA2WGF        59 NY EI7M          59 1000
QSO: 14256 PH 2020-03-07 1253 WA2WGF        59 NY LN8W          59 KW
QSO: 14261 PH 2020-03-07 1255 WA2WGF        59 NY HB9NE         59 1000
QSO: 14265 PH 2020-03-07 1255 WA2WGF        59 NY S57AL         59 1000
QSO: 14268 PH 2020-03-07 1256 WA2WGF        59 NY IU5JHK        59 500
QSO: 14282 PH 2020-03-07 1257 WA2WGF        59 NY IR4M          59 500
QSO: 14284 PH 2020-03-07 1300 WA2WGF        59 NY IO5O          59 500
QSO: 14294 PH 2020-03-07 1300 WA2WGF        59 NY IV3EPO        59 500
QSO: 14177 PH 2020-03-07 1306 WA2WGF        59 NY EA7I          59 KW
QSO: 21291 PH 2020-03-07 1308 WA2WGF        59 NY 8P5A          59 1000
QSO: 21265 PH 2020-03-07 1309 WA2WGF        59 NY PT5J          59 1000
QSO: 21275 PH 2020-03-07 1309 WA2WGF        59 NY CV7S          59 KW
QSO: 21270 PH 2020-03-07 1313 WA2WGF        59 NY ZW5B          59 KW
QSO: 21282 PH 2020-03-07 1313 WA2WGF        59 NY PX2A          59 KW
QSO: 21303 PH 2020-03-07 1314 WA2WGF        59 NY PJ4G          59 KW
QSO: 21293 PH 2020-03-07 1318 WA2WGF        59 NY PY5WW         59 KW
QSO: 14176 PH 2020-03-07 1321 WA2WGF        59 NY DL1IAO        59 KW
QSO: 14180 PH 2020-03-07 1321 WA2WGF        59 NY UV5U          59 KW
QSO: 21257 PH 2020-03-07 1523 WA2WGF        59 NY EA7X          59 1000
QSO: 21263 PH 2020-03-07 1523 WA2WGF        59 NY J68SS         59 300
QSO: 21314 PH 2020-03-07 1610 WA2WGF        59 NY KP4RV         59 100
QSO: 21000 PH 2020-03-07 1613 WA2WGF        59 NY FG5GP         59 400
QSO: 21253 PH 2020-03-07 1616 WA2WGF        59 NY PY4AZ         59 KW
QSO: 21290 PH 2020-03-07 1619 WA2WGF        59 NY FY5KE         59 KW
QSO: 21294 PH 2020-03-07 1620 WA2WGF        59 NY TO5A          59 500
QSO: 21303 PH 2020-03-07 1621 WA2WGF        59 NY J68HZ         59 K
QSO: 21310 PH 2020-03-07 1622 WA2WGF        59 NY EA8RM         59 1000
QSO: 21313 PH 2020-03-07 1623 WA2WGF        59 NY V26M          59 K
QSO: 21332 PH 2020-03-07 1625 WA2WGF        59 NY VP2MMF        59 100
QSO: 21340 PH 2020-03-07 1626 WA2WGF        59 NY PY5AMF        59 KW
QSO: 14178 PH 2020-03-07 2215 WA2WGF        59 NY PY1ZV         59 KW
QSO: 21228 PH 2020-03-07 2217 WA2WGF        59 NY OA4O          59 KW
QSO: 21000 PH 2020-03-07 2218 WA2WGF        59 NY PP5JN         59 100
QSO: 14222 PH 2020-03-07 2227 WA2WGF        59 NY TO5A          59 500
QSO: 14265 PH 2020-03-07 2228 WA2WGF        59 NY ZF1A          59 1000
QSO: 14194 PH 2020-03-07 2259 WA2WGF        59 NY CE1TT         59 KW
QSO: 14224 PH 2020-03-07 2259 WA2WGF        59 NY HK3EA         59 KW
QSO: 14286 PH 2020-03-07 2301 WA2WGF        59 NY V47T          59 K
QSO: 14314 PH 2020-03-07 2302 WA2WGF        59 NY HI3LT         59 100
QSO: 14319 PH 2020-03-07 2302 WA2WGF        59 NY PJ2T          59 K
QSO: 14000 PH 2020-03-07 2304 WA2WGF        59 NY PP1WW         59 KW
QSO: 14333 PH 2020-03-07 2306 WA2WGF        59 NY PY5HC         59 KW
QSO: 14182 PH 2020-03-07 2307 WA2WGF        59 NY TO0A          59 500
QSO: 14216 PH 2020-03-07 2345 WA2WGF        59 NY KH7M          59 K
QSO: 14331 PH 2020-03-08 0000 WA2WGF        59 NY PS2T          59 1000
QSO:  7162 PH 2020-03-08 0124 WA2WGF        59 NY IR2Q          59 500
QSO:  7194 PH 2020-03-08 1011 WA2WGF        59 NY ZM1A          59 KW
QSO:  7238 PH 2020-03-08 1018 WA2WGF        59 NY KH7M          59 K
QSO:  7199 PH 2020-03-08 1024 WA2WGF        59 NY VK4QH         59 400
QSO:  7193 PH 2020-03-08 1029 WA2WGF        59 NY VK3GK         59 400
QSO: 14000 PH 2020-03-08 1432 WA2WGF        59 NY 4O4T          59 KW
QSO: 14177 PH 2020-03-08 1432 WA2WGF        59 NY SP3P          59 150
QSO: 14200 PH 2020-03-08 1434 WA2WGF        59 NY RK7A          59 KW
QSO: 14215 PH 2020-03-08 1435 WA2WGF        59 NY IO6A          59 500
END-OF-LOG:
