START-OF-LOG: 3.0
CREATED-BY: HMRA public OK1WC downloader
CONTEST: OK1WC-MEMORIAL
CALLSIGN: IS0JHQ
OPERATORS: IS0JHQ
CATEGORY: SO-40M-CW-LOW
CATEGORY-OPERATOR: SINGLE-OP
CATEGORY-BAND: 40M
CATEGORY-MODE: CW
CATEGORY-POWER: LOW
SOAPBOX: Recreated from OK1WC Memorial reference table MWC230206.
SOAPBOX: Source publication level: 4.
SOAPBOX: Source: https://memorial-ok1wc.cz/index.php?page=eval3/a_eval3&kolo=545&rocnik=15&tyden=06&jobdate=230206&pub_level=4
QSO:  7000 CW 2023-02-06 1630 IS0JHQ        599 1          OK1TRJ        599 1         
QSO:  7000 CW 2023-02-06 1630 IS0JHQ        599 2          G4CZB         599 1         
QSO:  7000 CW 2023-02-06 1631 IS0JHQ        599 3          OK5SA         599 1         
QSO:  7000 CW 2023-02-06 1632 IS0JHQ        599 4          SM5CSS        599 3         
QSO:  7000 CW 2023-02-06 1632 IS0JHQ        599 5          OK2NO         599 6         
QSO:  7000 CW 2023-02-06 1633 IS0JHQ        599 6          SP2XX         599 6         
QSO:  7000 CW 2023-02-06 1633 IS0JHQ        599 7          OK1TD         599 7         
QSO:  7000 CW 2023-02-06 1633 IS0JHQ        599 8          OK2NAJ        599 7         
QSO:  7000 CW 2023-02-06 1634 IS0JHQ        599 9          LY4K          599 2         
QSO:  7000 CW 2023-02-06 1634 IS0JHQ        599 10         OL8R          599 15        
QSO:  7000 CW 2023-02-06 1634 IS0JHQ        599 11         SD1A          599 6         
QSO:  7000 CW 2023-02-06 1635 IS0JHQ        599 12         OK1RKS        599 8         
QSO:  7000 CW 2023-02-06 1637 IS0JHQ        599 13         OK1DAR        599 4         
QSO:  7000 CW 2023-02-06 1638 IS0JHQ        599 14         SP2HHX        599 5         
QSO:  7000 CW 2023-02-06 1639 IS0JHQ        599 15         M4N           599 14        
QSO:  7000 CW 2023-02-06 1639 IS0JHQ        599 16         G4LJU         599 7         
QSO:  7000 CW 2023-02-06 1640 IS0JHQ        599 17         HB9AXG        599 1         
QSO:  7000 CW 2023-02-06 1641 IS0JHQ        599 18         OK1FKD        599 18        
QSO:  7000 CW 2023-02-06 1641 IS0JHQ        599 19         OK1KTI        599 6         
QSO:  7000 CW 2023-02-06 1642 IS0JHQ        599 20         OK1TRJ        599 19        
QSO:  7000 CW 2023-02-06 1642 IS0JHQ        599 21         HA1AH         599 26        
QSO:  7000 CW 2023-02-06 1643 IS0JHQ        599 22         OM3ZU         599 17        
QSO:  7000 CW 2023-02-06 1643 IS0JHQ        599 23         OK1ITK        599 9         
QSO:  7000 CW 2023-02-06 1644 IS0JHQ        599 24         DM6EE         599 24        
QSO:  7000 CW 2023-02-06 1644 IS0JHQ        599 25         SN2S          599 19        
QSO:  7000 CW 2023-02-06 1645 IS0JHQ        599 26         RX3Q          599 21        
QSO:  7000 CW 2023-02-06 1645 IS0JHQ        599 27         OK5M          599 35        
QSO:  7000 CW 2023-02-06 1646 IS0JHQ        599 28         IV3KKW        599 23        
QSO:  7000 CW 2023-02-06 1647 IS0JHQ        599 29         HA5LV         599 18        
QSO:  7000 CW 2023-02-06 1648 IS0JHQ        599 30         OK4RQ         599 35        
QSO:  7000 CW 2023-02-06 1648 IS0JHQ        599 31         OK2SLS        599 15        
QSO:  7000 CW 2023-02-06 1649 IS0JHQ        599 32         SN4D          599 22        
QSO:  7000 CW 2023-02-06 1649 IS0JHQ        599 33         DA0RR         599 51        
QSO:  7000 CW 2023-02-06 1650 IS0JHQ        599 34         HA5BA         599 28        
QSO:  7000 CW 2023-02-06 1650 IS0JHQ        599 35         UA4FCO        599 9         
QSO:  7000 CW 2023-02-06 1651 IS0JHQ        599 36         DF5EN         599 21        
QSO:  7000 CW 2023-02-06 1651 IS0JHQ        599 37         SM5DXR        599 19        
QSO:  7000 CW 2023-02-06 1652 IS0JHQ        599 38         DK3AX         599 24        
QSO:  7000 CW 2023-02-06 1654 IS0JHQ        599 39         OM4DU         599 23        
QSO:  7000 CW 2023-02-06 1654 IS0JHQ        599 40         OM7AT         599 5         
QSO:  7000 CW 2023-02-06 1655 IS0JHQ        599 41         OT6E          599 24        
QSO:  7000 CW 2023-02-06 1656 IS0JHQ        599 42         OK5D          599 41        
QSO:  7000 CW 2023-02-06 1656 IS0JHQ        599 43         RX3QNE        599 34        
QSO:  7000 CW 2023-02-06 1657 IS0JHQ        599 44         OM5CM         599 29        
QSO:  7000 CW 2023-02-06 1658 IS0JHQ        599 45         OK1TN         599 42        
QSO:  7000 CW 2023-02-06 1658 IS0JHQ        599 46         HB9HTF        599 42        
QSO:  7000 CW 2023-02-06 1700 IS0JHQ        599 47         OK1DSZ        599 50        
QSO:  7000 CW 2023-02-06 1701 IS0JHQ        599 48         G3VIP         599 53        
QSO:  7000 CW 2023-02-06 1702 IS0JHQ        599 49         DK3GI         599 62        
QSO:  7000 CW 2023-02-06 1702 IS0JHQ        599 50         DF4ZL         599 52        
QSO:  7000 CW 2023-02-06 1703 IS0JHQ        599 51         OK6OK         599 39        
QSO:  7000 CW 2023-02-06 1705 IS0JHQ        599 52         OK1DOR        599 56        
QSO:  7000 CW 2023-02-06 1705 IS0JHQ        599 53         OK2PYA        599 60        
QSO:  7000 CW 2023-02-06 1706 IS0JHQ        599 54         OM5TZ         599 65        
QSO:  7000 CW 2023-02-06 1707 IS0JHQ        599 55         EA3X          599 53        
QSO:  7000 CW 2023-02-06 1708 IS0JHQ        599 56         Z32TO         599 53        
QSO:  7000 CW 2023-02-06 1709 IS0JHQ        599 57         SE0B          599 73        
QSO:  7000 CW 2023-02-06 1709 IS0JHQ        599 58         DJ4MX         599 58        
QSO:  7000 CW 2023-02-06 1710 IS0JHQ        599 59         OK1FGD        599 51        
QSO:  7000 CW 2023-02-06 1712 IS0JHQ        599 60         HA7RY         599 67        
QSO:  7000 CW 2023-02-06 1713 IS0JHQ        599 61         YO4TL         599 17        
QSO:  7000 CW 2023-02-06 1714 IS0JHQ        599 62         OK2QA         599 76        
QSO:  7000 CW 2023-02-06 1715 IS0JHQ        599 63         SD6F          599 88        
QSO:  7000 CW 2023-02-06 1717 IS0JHQ        599 64         E77EA         599 93        
QSO:  7000 CW 2023-02-06 1718 IS0JHQ        599 65         DL4MFM        599 61        
QSO:  7000 CW 2023-02-06 1719 IS0JHQ        599 66         E7/Z35M       599 32        
QSO:  7000 CW 2023-02-06 1719 IS0JHQ        599 67         DL6JF         599 73        
QSO:  7000 CW 2023-02-06 1722 IS0JHQ        599 68         SP8HWM        599 66        
QSO:  7000 CW 2023-02-06 1725 IS0JHQ        599 69         OK4A          599 12        
QSO:  7000 CW 2023-02-06 1725 IS0JHQ        599 70         LZ/OK5FF      599 42        
QSO:  7000 CW 2023-02-06 1726 IS0JHQ        599 71         IN3FHE        599 72        
QSO:  7000 CW 2023-02-06 1726 IS0JHQ        599 72         G4FJW         599 32        
QSO:  7000 CW 2023-02-06 1729 IS0JHQ        599 73         SV1DAY        599 22        
QSO:  7000 CW 2023-02-06 1729 IS0JHQ        599 74         DL4ME         599 104       
END-OF-LOG:
