START-OF-LOG: 3.0
CREATED-BY: yota-public-qso-downloader
CONTEST: YOTA-CONTEST
CALLSIGN: S57X
CATEGORY-OPERATOR: SINGLE-OP
CATEGORY-BAND: ALL
CATEGORY-MODE: MIXED
CATEGORY: Single Operator 3 bands
CLAIMED-SCORE: 0
QSO: 14014 CW 2024-12-30 1417 S57X          599 72     HA2KMR        599 69    
QSO: 14016 CW 2024-12-30 1418 S57X          599 72     SN9DT         599 41    
QSO: 14017 CW 2024-12-30 1418 S57X          599 72     HG5D          599 67    
QSO: 14019 CW 2024-12-30 1419 S57X          599 72     Z33B          599 73    
QSO: 14032 CW 2024-12-30 1421 S57X          599 72     DB0DH         599 58    
QSO: 14034 CW 2024-12-30 1422 S57X          599 72     SV2TCY        599 41    
QSO: 14036 CW 2024-12-30 1423 S57X          599 72     F6JOE         599 59    
QSO: 14039 CW 2024-12-30 1423 S57X          599 72     SD7X          599 61    
QSO: 14042 CW 2024-12-30 1424 S57X          599 72     DF5EN         599 62    
QSO: 14007 CW 2024-12-30 1425 S57X          599 72     IV3KKW        599 48    
QSO: 14013 CW 2024-12-30 1427 S57X          599 72     LY7W          599 60    
QSO: 14014 CW 2024-12-30 1428 S57X          599 72     LY7T          599 55    
QSO: 14017 CW 2024-12-30 1430 S57X          599 72     OT6E          599 72    
QSO: 14025 CW 2024-12-30 1431 S57X          599 72     DF4XX         599 70    
QSO: 14027 CW 2024-12-30 1432 S57X          599 72     R24YOTA       599 11    
QSO: 14028 CW 2024-12-30 1433 S57X          599 72     LY2PX         599 72    
QSO: 14028 CW 2024-12-30 1433 S57X          599 72     SP2QG         599 67    
QSO: 14024 CW 2024-12-30 1435 S57X          599 72     LA8HGA        599 55    
QSO: 14023 CW 2024-12-30 1436 S57X          599 72     F5OZC         599 83    
QSO: 14026 CW 2024-12-30 1438 S57X          599 72     OY1CT         599 64    
QSO: 14032 CW 2024-12-30 1439 S57X          599 72     YO8OLY        599 10    
QSO: 14037 CW 2024-12-30 1441 S57X          599 72     SF6W          599 71    
QSO:  7009 CW 2024-12-30 1711 S57X          599 72     F6KRK         599 45    
QSO:  7011 CW 2024-12-30 1713 S57X          599 72     DL6KVA        599 57    
QSO:  7015 CW 2024-12-30 1714 S57X          599 72     LY5O          599 69    
QSO:  7017 CW 2024-12-30 1716 S57X          599 72     9A3SMS        599 24    
QSO:  7017 CW 2024-12-30 1717 S57X          599 72     DK8ZB         599 73    
QSO:  7019 CW 2024-12-30 1718 S57X          599 72     S57AJ         599 55    
QSO:  7021 CW 2024-12-30 1719 S57X          599 72     YL24YOTA      599 17    
QSO:  7008 CW 2024-12-30 1728 S57X          599 72     ON7PQ         599 65    
QSO:  7012 CW 2024-12-30 1729 S57X          599 72     LY2J          599 71    
QSO:  7013 CW 2024-12-30 1731 S57X          599 72     HA8DU         599 68    
QSO:  7014 CW 2024-12-30 1731 S57X          599 72     YU1YV         599 70    
QSO:  7016 CW 2024-12-30 1732 S57X          599 72     E77EA         599 52    
QSO:  7017 CW 2024-12-30 1734 S57X          599 72     YL2TD         599 64    
QSO:  7018 CW 2024-12-30 1735 S57X          599 72     SO5N          599 74    
QSO:  7021 CW 2024-12-30 1735 S57X          599 72     YU5T          599 73    
QSO:  7021 CW 2024-12-30 1736 S57X          599 72     Z35M          599 57    
QSO:  7024 CW 2024-12-30 1739 S57X          599 72     S51YOTA       599 24    
QSO:  7026 CW 2024-12-30 1739 S57X          599 72     DJ0SP         599 64    
QSO:  7026 CW 2024-12-30 1740 S57X          599 72     ON4EM         599 53    
QSO:  7030 CW 2024-12-30 1742 S57X          599 72     R3OM          599 72    
QSO:  7028 CW 2024-12-30 1743 S57X          599 72     EA3X          599 64    
QSO:  7023 CW 2024-12-30 1743 S57X          599 72     SD6M          599 75    
QSO:  7018 CW 2024-12-30 1744 S57X          599 72     S58W          599 17    
QSO:  7015 CW 2024-12-30 1745 S57X          599 72     EA4AOC        599 45    
QSO:  7008 CW 2024-12-30 1746 S57X          599 72     IS0AFM        599 47    
QSO:  7009 CW 2024-12-30 1748 S57X          599 72     YL7X          599 62    
QSO:  7014 CW 2024-12-30 1749 S57X          599 72     IK2CLB        599 60    
QSO:  7021 CW 2024-12-30 1759 S57X          599 72     YO8OLY        599 10    
QSO:  7021 CW 2024-12-30 1759 S57X          599 72     OQ5M          599 50    
QSO:  7023 CW 2024-12-30 1800 S57X          599 72     SP2QG         599 67    
QSO:  7028 CW 2024-12-30 1802 S57X          599 72     SN5J          599 64    
QSO:  7028 CW 2024-12-30 1803 S57X          599 72     M1X           599 56    
QSO:  7028 CW 2024-12-30 1805 S57X          599 72     OZ1CTZ        599 64    
QSO:  7028 CW 2024-12-30 1806 S57X          599 72     PA0RDT        599 77    
QSO:  7028 CW 2024-12-30 1808 S57X          599 72     DH1OL         599 25    
QSO:  7028 CW 2024-12-30 1810 S57X          599 72     OH1RX         599 67    
QSO:  7028 CW 2024-12-30 1811 S57X          599 72     SP2DKI        599 68    
QSO:  7028 CW 2024-12-30 1812 S57X          599 72     F5PBM         599 67    
QSO:  7028 CW 2024-12-30 1813 S57X          599 72     EV1R          599 65    
QSO:  7028 CW 2024-12-30 1814 S57X          599 72     EA1WH         599 45    
QSO:  7028 CW 2024-12-30 1815 S57X          599 72     LY2MC         599 73    
QSO:  7025 CW 2024-12-30 1818 S57X          599 72     LY7K          599 26    
QSO:  7014 CW 2024-12-30 1820 S57X          599 72     DF8V          599 67    
QSO:  7014 CW 2024-12-30 1821 S57X          599 72     DL1BUG        599 69    
QSO:  7018 CW 2024-12-30 1822 S57X          599 72     HA2KMR        599 69    
QSO:  7019 CW 2024-12-30 1822 S57X          599 72     H25A          599 49    
QSO:  7023 CW 2024-12-30 1825 S57X          599 72     DL1LZ         599 64    
QSO:  3537 CW 2024-12-30 1829 S57X          599 72     OK2MBP        599 66    
QSO:  3536 CW 2024-12-30 1830 S57X          599 72     HA7I          599 48    
QSO:  3534 CW 2024-12-30 1830 S57X          599 72     HA7P          599 76    
QSO:  3532 CW 2024-12-30 1831 S57X          599 72     YU5T          599 73    
QSO:  3531 CW 2024-12-30 1831 S57X          599 72     SO5N          599 74    
QSO:  3529 CW 2024-12-30 1832 S57X          599 72     9A3LET        599 18    
QSO:  3528 CW 2024-12-30 1834 S57X          599 72     SN9DT         599 41    
QSO:  3527 CW 2024-12-30 1834 S57X          599 72     9A3SMS        599 24    
QSO:  3526 CW 2024-12-30 1835 S57X          599 72     DL7PIA        599 16    
QSO:  3524 CW 2024-12-30 1836 S57X          599 72     HA5MA         599 70    
QSO:  3522 CW 2024-12-30 1836 S57X          599 72     SN1T          599 69    
QSO:  3526 CW 2024-12-30 1838 S57X          599 72     SP9DLY        599 73    
QSO:  3526 CW 2024-12-30 1839 S57X          599 72     OQ5M          599 50    
QSO:  3526 CW 2024-12-30 1839 S57X          599 72     DF5EN         599 62    
QSO:  3526 CW 2024-12-30 1840 S57X          599 72     SN5J          599 64    
QSO:  3526 CW 2024-12-30 1840 S57X          599 72     YO5AVN        599 74    
QSO:  3526 CW 2024-12-30 1841 S57X          599 72     PA0RDT        599 77    
QSO:  3526 CW 2024-12-30 1842 S57X          599 72     LY2MC         599 73    
QSO:  3526 CW 2024-12-30 1842 S57X          599 72     DH1OL         599 25    
QSO:  3526 CW 2024-12-30 1843 S57X          599 72     UA3MIF        599 60    
QSO:  3526 CW 2024-12-30 1844 S57X          599 72     DL4ME         599 83    
QSO:  3526 CW 2024-12-30 1845 S57X          599 72     9A1DR         599 60    
QSO:  3526 CW 2024-12-30 1847 S57X          599 72     HA6QU         599 58    
QSO:  3526 CW 2024-12-30 1848 S57X          599 72     DL1BUG        599 69    
QSO:  3526 CW 2024-12-30 1848 S57X          599 72     YO5LD         599 30    
QSO:  3526 CW 2024-12-30 1849 S57X          599 72     S57AJ         599 55    
QSO:  3526 CW 2024-12-30 1850 S57X          599 72     PA0M          599 70    
QSO:  3526 CW 2024-12-30 1850 S57X          599 72     SP2DKI        599 68    
QSO:  3526 CW 2024-12-30 1850 S57X          599 72     HA7MF         599 73    
QSO:  3526 CW 2024-12-30 1851 S57X          599 72     OK7TJ         599 62    
QSO:  3526 CW 2024-12-30 1851 S57X          599 72     E72U          599 49    
QSO:  3526 CW 2024-12-30 1852 S57X          599 72     DL6RY         599 25    
QSO:  3526 CW 2024-12-30 1852 S57X          599 72     F5OZC         599 83    
QSO:  3526 CW 2024-12-30 1853 S57X          599 72     SP9JZT        599 66    
QSO:  3526 CW 2024-12-30 1854 S57X          599 72     ON4EM         599 53    
QSO:  3526 CW 2024-12-30 1855 S57X          599 72     YL2TD         599 64    
QSO:  3526 CW 2024-12-30 1855 S57X          599 72     HA7TM         599 69    
QSO:  3526 CW 2024-12-30 1856 S57X          599 72     DF6QE         599 46    
QSO:  3531 CW 2024-12-30 1857 S57X          599 72     YT2RX         599 43    
QSO:  3528 CW 2024-12-30 1859 S57X          599 72     F5OIH         599 55    
QSO:  3535 CW 2024-12-30 1902 S57X          599 72     HA8BE         599 69    
QSO:  3528 CW 2024-12-30 1906 S57X          599 72     YU1ML         599 77    
QSO:  3527 CW 2024-12-30 1907 S57X          599 72     SP2QG         599 67    
QSO:  3523 CW 2024-12-30 1907 S57X          599 72     YQ6A          599 69    
QSO:  3521 CW 2024-12-30 1908 S57X          599 72     YL24YOTA      599 17    
QSO:  3513 CW 2024-12-30 1909 S57X          599 72     HA6YOTA       599 15    
QSO:  3512 CW 2024-12-30 1944 S57X          599 72     YO8OLY        599 10    
QSO:  3516 CW 2024-12-30 1948 S57X          599 72     LB2WD         599 62    
QSO:  3517 CW 2024-12-30 1949 S57X          599 72     YT6X          599 61    
QSO:  3519 CW 2024-12-30 1950 S57X          599 72     DL6KVA        599 57    
QSO:  3519 CW 2024-12-30 1950 S57X          599 72     LY2A          599 70    
QSO:  3525 CW 2024-12-30 1956 S57X          599 72     DK2FG         599 83    
QSO:  3525 CW 2024-12-30 1957 S57X          599 72     LY7T          599 55    
QSO:  3525 CW 2024-12-30 1958 S57X          599 72     S50R          599 74    
QSO:  3525 CW 2024-12-30 1958 S57X          599 72     RG5A          599 67    
QSO:  3525 CW 2024-12-30 1959 S57X          599 72     EA6/GM3ZDH    599 73    
QSO:  3525 CW 2024-12-30 2000 S57X          599 72     E78W          599 50    
QSO:  3525 CW 2024-12-30 2002 S57X          599 72     YL3JA         599 25    
QSO:  3525 CW 2024-12-30 2005 S57X          599 72     DJ1OJ         599 87    
QSO:  3524 CW 2024-12-30 2006 S57X          599 72     ON7PQ         599 65    
QSO:  3523 CW 2024-12-30 2007 S57X          599 72     S51YOTA       599 24    
QSO:  3520 CW 2024-12-30 2015 S57X          599 72     DF7TR         599 24    
QSO:  3520 CW 2024-12-30 2017 S57X          599 72     DJ0SP         599 64    
QSO:  3514 CW 2024-12-30 2018 S57X          599 72     H25A          599 49    
QSO:  3521 CW 2024-12-30 2019 S57X          599 72     I1NVU         599 66    
QSO:  3522 CW 2024-12-30 2019 S57X          599 72     PF5X          599 67    
QSO:  3525 CW 2024-12-30 2020 S57X          599 72     HA6P          599 55    
QSO:  3527 CW 2024-12-30 2021 S57X          599 72     SO7NA         599 46    
QSO:  3530 CW 2024-12-30 2021 S57X          599 72     I2IFT         599 66    
QSO:  3532 CW 2024-12-30 2025 S57X          599 72     PA2DK         599 33    
QSO:  3532 CW 2024-12-30 2025 S57X          599 72     9A3SM         599 60    
QSO:  3532 CW 2024-12-30 2026 S57X          599 72     IK2CLB        599 60    
QSO:  3532 CW 2024-12-30 2026 S57X          599 72     HA1NB         599 13    
QSO:  3530 CW 2024-12-30 2028 S57X          599 72     HA8MV         599 62    
QSO:  3530 CW 2024-12-30 2030 S57X          599 72     DF8QB         599 70    
QSO:  3530 CW 2024-12-30 2034 S57X          599 72     OM3CPF        599 73    
QSO:  3519 CW 2024-12-30 2035 S57X          599 72     EI2KA         599 71    
QSO:  3516 CW 2024-12-30 2036 S57X          599 72     E7Y           599 20    
QSO:  3515 CW 2024-12-30 2037 S57X          599 72     S54X          599 57    
QSO:  3512 CW 2024-12-30 2038 S57X          599 72     9A5Y          599 18    
QSO:  3522 CW 2024-12-30 2040 S57X          599 72     SM5CSS        599 79    
QSO:  3530 CW 2024-12-30 2041 S57X          599 72     HG6O          599 70    
QSO:  3531 CW 2024-12-30 2123 S57X          599 72     IK1YRA        599 63    
QSO:  3529 CW 2024-12-30 2124 S57X          599 72     OL5Y          599 54    
QSO:  3529 CW 2024-12-30 2125 S57X          599 72     RT5P          599 67    
QSO:  3527 CW 2024-12-30 2128 S57X          599 72     SP4AWE        599 80    
QSO:  3526 CW 2024-12-30 2128 S57X          599 72     SD6F          599 62    
QSO:  3521 CW 2024-12-30 2130 S57X          599 72     IV3UHL        599 58    
QSO:  3529 CW 2024-12-30 2132 S57X          599 72     DF7C          599 47    
QSO:  3529 CW 2024-12-30 2133 S57X          599 72     OK1TRJ        599 39    
QSO:  3529 CW 2024-12-30 2134 S57X          599 72     YL7X          599 62    
QSO:  3529 CW 2024-12-30 2134 S57X          599 72     S53TG         599 45    
QSO:  3530 CW 2024-12-30 2137 S57X          599 72     IZ5DIY        599 47    
QSO:  3530 CW 2024-12-30 2137 S57X          599 72     S53K          599 50    
QSO:  3530 CW 2024-12-30 2138 S57X          599 72     IK4DRU        599 72    
QSO:  3530 CW 2024-12-30 2140 S57X          599 72     SM0Q          599 60    
QSO:  3530 CW 2024-12-30 2141 S57X          599 72     S525PMC       599 69    
QSO:  3517 CW 2024-12-30 2143 S57X          599 72     IK5MEL        599 57    
QSO:  3523 CW 2024-12-30 2145 S57X          599 72     IV3KKW        599 48    
QSO:  3535 CW 2024-12-30 2146 S57X          599 72     J42L          599 44    
QSO:  3542 CW 2024-12-30 2147 S57X          599 72     E71YOTA       599 18    
QSO:  3544 CW 2024-12-30 2149 S57X          599 72     IV3DXW        599 54    
QSO:  3544 CW 2024-12-30 2152 S57X          599 72     IZ8GUQ        599 48    
QSO:  3544 CW 2024-12-30 2152 S57X          599 72     SC6O          599 72    
QSO:  3544 CW 2024-12-30 2154 S57X          599 72     RA6L          599 52    
QSO:  3544 CW 2024-12-30 2154 S57X          599 72     DL1ROT        599 49    
QSO:  3540 CW 2024-12-30 2159 S57X          599 72     DJ9MH         599 84    
END-OF-LOG:
