START-OF-LOG: 3.0
CREATED-BY: reconstructed-log-builder
CONTEST: EA-RTTY
CALLSIGN: W7YAQ
LOCATION: 
CATEGORY: CHECKLOG
CATEGORY-OPERATOR: SINGLE-OP
CATEGORY-BAND: ALL
CATEGORY-MODE: MIXED
CATEGORY-POWER: UNKNOWN
CATEGORY-ASSISTED: NON-ASSISTED
CATEGORY-TRANSMITTER: ONE
CATEGORY-STATION: UNKNOWN
CATEGORY-OVERLAY: 
OPERATORS: W7YAQ
CLAIMED-SCORE: 
CLUB: 
NAME: 
SOAPBOX: RECONSTRUCTED MOCKUP LOG - NOT AN OFFICIAL SUBMISSION.
SOAPBOX: Derived from submitted logs for EA-RTTY URE/EARTTY/2019.
QSO: 14087 RY 2019-04-06 1820 W7YAQ         599 0001 GW5NF         599 0009
QSO: 14000 RY 2019-04-06 1823 W7YAQ         599 002 EE4E          599 CR
QSO: 14099 RY 2019-04-06 1824 W7YAQ         599 003 AM70D         599 A
QSO: 14096 RY 2019-04-06 1827 W7YAQ         599 0004 VE2FK         599 0118
QSO: 14093 RY 2019-04-06 1829 W7YAQ         599 0005 NN5O          599 0029
QSO: 14093 RY 2019-04-06 1830 W7YAQ         599 0006 AM170YO       599 S
QSO: 14090 RY 2019-04-06 1831 W7YAQ         599 007 EA4GOY        599 TO
QSO: 14082 RY 2019-04-06 1836 W7YAQ         599 0008 EA1WS         599 O
QSO: 14087 RY 2019-04-06 1836 W7YAQ         599 0009 KB8O          599 0032
QSO: 14101 RY 2019-04-06 1847 W7YAQ         599 0010 W9ILY         599 0106
QSO: 14093 RY 2019-04-06 1902 W7YAQ         599 011 EA2XR         599 BI
QSO: 14105 RY 2019-04-06 1905 W7YAQ         599 0012 N1MD          599 0115
QSO: 14088 RY 2019-04-06 1909 W7YAQ         599 014 W4LC          599 0050
QSO: 14088 RY 2019-04-06 1910 W7YAQ         599 0015 KB3AAY        599 0006
QSO: 14086 RY 2019-04-06 1911 W7YAQ         599 0016 W1ARY         599 0007
QSO: 14088 RY 2019-04-06 1912 W7YAQ         599 0017 AI9T          599 0091
QSO: 14090 RY 2019-04-06 1915 W7YAQ         599 0018 EB5CS         599 CS
QSO: 14108 RY 2019-04-06 1920 W7YAQ         599 0019 VA1XH         599 0086
QSO: 14086 RY 2019-04-06 1922 W7YAQ         599 0020 K6DTT/2       599 0094
QSO: 21087 RY 2019-04-06 1927 W7YAQ         599 021 KH6ZM         599 0017
END-OF-LOG:
