START-OF-LOG: 3.0
CREATED-BY: reconstructed-log-builder
CONTEST: ARRL-DX-SSB
CALLSIGN: W4UEF
LOCATION: 
CATEGORY: CHECKLOG
CATEGORY-OPERATOR: SINGLE-OP
CATEGORY-BAND: ALL
CATEGORY-MODE: MIXED
CATEGORY-POWER: UNKNOWN
CATEGORY-ASSISTED: NON-ASSISTED
CATEGORY-TRANSMITTER: ONE
CATEGORY-STATION: UNKNOWN
CATEGORY-OVERLAY: 
OPERATORS: W4UEF
CLAIMED-SCORE: 
CLUB: 
NAME: 
SOAPBOX: RECONSTRUCTED MOCKUP LOG - NOT AN OFFICIAL SUBMISSION.
SOAPBOX: Derived from submitted logs for ARRL-DX-SSB ARRL/arrl_international_dx_phone_contest/2022.
QSO: 14236 PH 2022-03-05 2024 W4UEF         59 NC TM6M          59 KW
QSO: 14161 PH 2022-03-05 2029 W4UEF         59 NC F8KGM         59 1K
QSO: 14167 PH 2022-03-05 2031 W4UEF         59 NC ED5R          59 K
QSO: 14207 PH 2022-03-05 2034 W4UEF         59 NC EC1DD         59 400
QSO: 28303 PH 2022-03-05 2041 W4UEF         59 NC PY2SBY        59 KW
QSO: 28380 PH 2022-03-05 2044 W4UEF         59 NC 4A7S          59 KW
QSO: 28388 PH 2022-03-05 2046 W4UEF         59 NC LU8DPM        59 K
QSO: 28427 PH 2022-03-05 2050 W4UEF         59 NC PY2YS         59 1000
QSO: 28431 PH 2022-03-05 2051 W4UEF         59 NC CB3R          59 100
QSO: 28448 PH 2022-03-05 2052 W4UEF         59 NC ZW5B          59 KW
QSO: 28459 PH 2022-03-05 2058 W4UEF         59 NC PY2PT         59 KW
QSO: 28463 PH 2022-03-05 2059 W4UEF         59 NC PT5J          59 1000
QSO: 28466 PH 2022-03-05 2101 W4UEF         59 NC PY4LH         59 100
QSO: 28493 PH 2022-03-05 2109 W4UEF         59 NC PU2UAF        59 100
QSO: 28494 PH 2022-03-05 2111 W4UEF         59 NC PY5ZHP        59 KW
QSO: 28000 PH 2022-03-05 2113 W4UEF         59 NC LU3DK         59 KW
QSO: 28515 PH 2022-03-05 2114 W4UEF         59 NC PY2HT         59 100
QSO: 28520 PH 2022-03-05 2117 W4UEF         59 NC PY2XYZ        59 100
QSO: 28522 PH 2022-03-05 2119 W4UEF         59 NC PY2SR         59 100
QSO: 28530 PH 2022-03-05 2119 W4UEF         59 NC PV2K          59 KW
QSO: 28540 PH 2022-03-05 2120 W4UEF         59 NC PY5ZW         59 100
QSO: 28570 PH 2022-03-05 2122 W4UEF         59 NC PU4MMZ        59 100
QSO: 14218 PH 2022-03-05 2146 W4UEF         59 NC FR4KR         59 1000
QSO: 14231 PH 2022-03-05 2148 W4UEF         59 NC HK4L          59 KW
QSO: 14237 PH 2022-03-05 2149 W4UEF         59 NC NP4WW         59 100
QSO: 14242 PH 2022-03-05 2150 W4UEF         59 NC CQ8M          59 KW
QSO: 14254 PH 2022-03-05 2156 W4UEF         59 NC NP2X          59 KW
QSO: 14257 PH 2022-03-05 2158 W4UEF         59 NC KP4AA         59 K
QSO: 14263 PH 2022-03-05 2158 W4UEF         59 NC ED7W          59 1000
QSO: 14266 PH 2022-03-05 2201 W4UEF         59 NC KP4PR         59 500
QSO: 14000 PH 2022-03-05 2203 W4UEF         59 NC CT9ABN        59 KW
QSO: 14277 PH 2022-03-05 2214 W4UEF         59 NC ZP5WBM        59 KW
QSO: 14285 PH 2022-03-05 2216 W4UEF         59 NC PZ2YT         59 KW
QSO: 14028 PH 2022-03-05 2218 W4UEF         59 NC ED8W          59 KW
QSO: 14304 PH 2022-03-05 2219 W4UEF         59 NC NP4DX         59 100
QSO: 14308 PH 2022-03-05 2220 W4UEF         59 NC PY5FO         59 KW
QSO: 14322 PH 2022-03-06 0040 W4UEF         59 NC PT7BI         59 KW
QSO: 14325 PH 2022-03-06 0043 W4UEF         59 NC KP4PK         59 100
QSO: 14333 PH 2022-03-06 0043 W4UEF         59 NC D4K           59 1000
QSO: 14000 PH 2022-03-06 0046 W4UEF         59 NC 6W1TG         59 400
QSO: 14341 PH 2022-03-06 0047 W4UEF         59 NC ZW5B          59 KW
QSO: 14344 PH 2022-03-06 0048 W4UEF         59 NC PY1NX         59 1000
QSO:  7142 PH 2022-03-06 0053 W4UEF         59 NC TM6M          59 KW
QSO:  7137 PH 2022-03-06 0058 W4UEF         59 NC HK4L          59 KW
QSO:  7144 PH 2022-03-06 0101 W4UEF         59 NC HI8JSG        59 KW
QSO:  7000 PH 2022-03-06 0105 W4UEF         59 NC KP4PR         59 500
QSO:  7159 PH 2022-03-06 0111 W4UEF         59 NC LZ5R          59 KW
QSO:  7167 PH 2022-03-06 0113 W4UEF         59 NC HI3LT         59 KW
QSO:  7170 PH 2022-03-06 0116 W4UEF         59 NC TM0R          59 KW
QSO:  7171 PH 2022-03-06 0121 W4UEF         59 NC F6AGM         59 1000
QSO:  7177 PH 2022-03-06 0127 W4UEF         59 NC HK3LRB        59 100
QSO:  7179 PH 2022-03-06 0130 W4UEF         59 NC IZ2DII        59 500
QSO:  7000 PH 2022-03-06 0131 W4UEF         59 NC IB0L          59 500
QSO:  7181 PH 2022-03-06 0131 W4UEF         59 NC ED7W          59 1000
QSO:  7196 PH 2022-03-06 0136 W4UEF         59 NC E7DX          59 1000
QSO:  7199 PH 2022-03-06 0139 W4UEF         59 NC CR6T          59 KW
QSO:  7203 PH 2022-03-06 0140 W4UEF         59 NC TI2CC         59 KW
QSO:  7205 PH 2022-03-06 0143 W4UEF         59 NC TO3Z          59 500
QSO:  7000 PH 2022-03-06 0147 W4UEF         59 NC VP9I          59 100
QSO:  7224 PH 2022-03-06 0150 W4UEF         59 NC TI7W          59 K
QSO:  7233 PH 2022-03-06 0152 W4UEF         59 NC P40F          59 KW
QSO:  7238 PH 2022-03-06 0153 W4UEF         59 NC WP4WW         59 1000
QSO:  7247 PH 2022-03-06 0154 W4UEF         59 NC HI3T          59 100
QSO:  7129 PH 2022-03-06 0239 W4UEF         59 NC TI2JS         59 100
QSO:  7134 PH 2022-03-06 0243 W4UEF         59 NC HI8ILK        59 100
QSO:  7145 PH 2022-03-06 0253 W4UEF         59 NC ED8W          59 KW
QSO:  7000 PH 2022-03-06 0256 W4UEF         59 NC 6W1TG         59 400
QSO:  7150 PH 2022-03-06 0258 W4UEF         59 NC IO5O          59 500
QSO:  7156 PH 2022-03-06 0301 W4UEF         59 NC S51YI         59 KW
QSO:  7000 PH 2022-03-06 0302 W4UEF         59 NC IK6LBT        59 500
QSO:  7000 PH 2022-03-06 0305 W4UEF         59 NC OM5DX         59 500
QSO:  7164 PH 2022-03-06 0307 W4UEF         59 NC PT7WM         59 KW
QSO:  7169 PH 2022-03-06 0309 W4UEF         59 NC IK1MTZ        59 500
QSO:  7171 PH 2022-03-06 0310 W4UEF         59 NC 9A5X          59 KW
QSO:  7173 PH 2022-03-06 0312 W4UEF         59 NC HA7RY         59 K
QSO:  7175 PH 2022-03-06 0315 W4UEF         59 NC II9P          59 500
QSO:  7179 PH 2022-03-06 0316 W4UEF         59 NC IZ2DII        59 500
QSO:  7182 PH 2022-03-06 0319 W4UEF         59 NC ED5R          59 K
QSO:  7198 PH 2022-03-06 0326 W4UEF         59 NC F8KGM         59 1K
QSO:  7205 PH 2022-03-06 0328 W4UEF         59 NC YV5RAB        59 100
QSO:  7218 PH 2022-03-06 0336 W4UEF         59 NC ZF1A          59 K
QSO:  7221 PH 2022-03-06 0338 W4UEF         59 NC YV6BXN        59 100
QSO:  7224 PH 2022-03-06 0340 W4UEF         59 NC PY7ZC         59 KW
QSO:  7226 PH 2022-03-06 0342 W4UEF         59 NC PJ2T          59 K
QSO:  7228 PH 2022-03-06 0342 W4UEF         59 NC FY5KE         59 100
QSO:  7233 PH 2022-03-06 0344 W4UEF         59 NC NP4DX         59 100
QSO:  7244 PH 2022-03-06 0345 W4UEF         59 NC V26K          59 KW
QSO:  7255 PH 2022-03-06 0348 W4UEF         59 NC PY1NX         59 1000
QSO: 14000 PH 2022-03-06 0355 W4UEF         59 NC YV4EK         59 100
QSO: 14271 PH 2022-03-06 0357 W4UEF         59 NC J68HZ         59 K
QSO:  3732 PH 2022-03-06 0413 W4UEF         59 NC TM0R          59 KW
QSO:  3744 PH 2022-03-06 0417 W4UEF         59 NC EB5A          59 KW
QSO:  3750 PH 2022-03-06 0419 W4UEF         59 NC P40F          59 KW
QSO:  3757 PH 2022-03-06 0421 W4UEF         59 NC TM6M          59 KW
QSO:  3762 PH 2022-03-06 0422 W4UEF         59 NC EI9E          59 1000
QSO:  3766 PH 2022-03-06 0425 W4UEF         59 NC SP8R          59 KW
QSO:  3770 PH 2022-03-06 0426 W4UEF         59 NC F6AGM         59 1000
QSO:  3500 PH 2022-03-06 0427 W4UEF         59 NC CO2JD         59 100
QSO:  3780 PH 2022-03-06 0428 W4UEF         59 NC TI5VMJ        59 KW
QSO:  3784 PH 2022-03-06 0431 W4UEF         59 NC ED5R          59 K
QSO:  3787 PH 2022-03-06 0432 W4UEF         59 NC OM3BH         59 KW
QSO:  3790 PH 2022-03-06 0433 W4UEF         59 NC OK5Z          59 KW
QSO:  3801 PH 2022-03-06 0607 W4UEF         59 NC TI7W          59 K
QSO:  7224 PH 2022-03-06 0734 W4UEF         59 NC PY5QW         59 KW
QSO:  7233 PH 2022-03-06 0735 W4UEF         59 NC VP5M          59 100
QSO:  7186 PH 2022-03-06 0745 W4UEF         59 NC J68HZ         59 K
QSO:  7183 PH 2022-03-06 0750 W4UEF         59 NC TM0R          59 KW
QSO:  7168 PH 2022-03-06 0752 W4UEF         59 NC KH6LC         59 KW
QSO: 28000 PH 2022-03-06 1743 W4UEF         59 NC WP3B          59 100
QSO: 28330 PH 2022-03-06 1744 W4UEF         59 NC V26K          59 KW
QSO: 28342 PH 2022-03-06 1748 W4UEF         59 NC EB5A          59 KW
QSO: 28000 PH 2022-03-06 1750 W4UEF         59 NC HD1A          59 K
QSO: 28350 PH 2022-03-06 1751 W4UEF         59 NC J68HZ         59 K
QSO: 28355 PH 2022-03-06 1752 W4UEF         59 NC WP4RF         59 500
QSO: 28000 PH 2022-03-06 1756 W4UEF         59 NC LW4EF         59 100
QSO: 28371 PH 2022-03-06 1758 W4UEF         59 NC KP4PR         59 500
QSO: 28378 PH 2022-03-06 1801 W4UEF         59 NC FG4KH         59 1K
QSO: 28387 PH 2022-03-06 1807 W4UEF         59 NC HI8PAP        59 100
QSO: 28393 PH 2022-03-06 1808 W4UEF         59 NC ZZ5K          59 KW
QSO: 28404 PH 2022-03-06 1812 W4UEF         59 NC PJ2T          59 K
QSO: 28413 PH 2022-03-06 1814 W4UEF         59 NC PJ4G          59 KILO
QSO: 28425 PH 2022-03-06 1815 W4UEF         59 NC PU5FJR        59 100
QSO: 28427 PH 2022-03-06 1817 W4UEF         59 NC LU3WC         59 KW
QSO: 28000 PH 2022-03-06 1820 W4UEF         59 NC CX5ABM        59 100
QSO: 28432 PH 2022-03-06 1822 W4UEF         59 NC 4A7S          59 KW
QSO: 28455 PH 2022-03-06 1828 W4UEF         59 NC PT4A          59 KW
QSO: 28459 PH 2022-03-06 1830 W4UEF         59 NC LO5D          59 K
QSO: 28465 PH 2022-03-06 1831 W4UEF         59 NC D4Z           59 K
QSO: 28475 PH 2022-03-06 1836 W4UEF         59 NC V31MA         59 100
QSO: 28478 PH 2022-03-06 1837 W4UEF         59 NC LU1DX         59 KW
QSO: 28490 PH 2022-03-06 1843 W4UEF         59 NC ZW8T          59 100
QSO: 28497 PH 2022-03-06 1847 W4UEF         59 NC CX5A          59 1000
QSO: 28498 PH 2022-03-06 1848 W4UEF         59 NC PX4M          59 KW
QSO: 28000 PH 2022-03-06 1850 W4UEF         59 NC CE2ML         59 K
QSO: 28507 PH 2022-03-06 1851 W4UEF         59 NC 4A5E          59 100
QSO: 28525 PH 2022-03-06 1853 W4UEF         59 NC ED7W          59 1000
QSO: 28000 PH 2022-03-06 1856 W4UEF         59 NC LW1D          59 KW
QSO: 28540 PH 2022-03-06 1856 W4UEF         59 NC CE7VP         59 100
QSO: 28544 PH 2022-03-06 1858 W4UEF         59 NC PX5M          59 100
QSO: 28000 PH 2022-03-06 1900 W4UEF         59 NC LU1WUD        59 KW
QSO: 28550 PH 2022-03-06 1901 W4UEF         59 NC PY2YVN        59 100
QSO: 28563 PH 2022-03-06 1905 W4UEF         59 NC P40F          59 KW
QSO: 28579 PH 2022-03-06 1911 W4UEF         59 NC LT6M          59 1000
QSO: 28594 PH 2022-03-06 1914 W4UEF         59 NC PY1FI         59 KW
QSO: 28610 PH 2022-03-06 1915 W4UEF         59 NC PY2EX         59 KW
QSO: 21207 PH 2022-03-06 1925 W4UEF         59 NC XE1MYO        59 100
QSO: 21252 PH 2022-03-06 1936 W4UEF         59 NC WP3R          59 100
QSO: 21000 PH 2022-03-06 1938 W4UEF         59 NC CO6LE         59 100
QSO: 21262 PH 2022-03-06 1940 W4UEF         59 NC FG4KH         59 1K
QSO: 21271 PH 2022-03-06 1944 W4UEF         59 NC 9Z4Y          59 100
QSO: 21276 PH 2022-03-06 1945 W4UEF         59 NC CV7S          59 KW
QSO: 21000 PH 2022-03-06 1947 W4UEF         59 NC KH7Q          59 K
QSO: 21281 PH 2022-03-06 1947 W4UEF         59 NC ED8W          59 KW
QSO: 21292 PH 2022-03-06 1952 W4UEF         59 NC PJ2T          59 K
QSO: 21294 PH 2022-03-06 1954 W4UEF         59 NC ZW8T          59 100
QSO: 21000 PH 2022-03-06 1955 W4UEF         59 NC HD1A          59 K
QSO: 21299 PH 2022-03-06 1956 W4UEF         59 NC FY5KE         59 100
QSO: 21308 PH 2022-03-06 1959 W4UEF         59 NC D4L           59 K
QSO: 21323 PH 2022-03-06 2001 W4UEF         59 NC WP4RF         59 500
QSO: 21333 PH 2022-03-06 2002 W4UEF         59 NC CQ8M          59 KW
QSO: 21335 PH 2022-03-06 2003 W4UEF         59 NC PJ4G          59 KILO
QSO: 21338 PH 2022-03-06 2004 W4UEF         59 NC V31XX         59 1000
QSO: 21342 PH 2022-03-06 2007 W4UEF         59 NC FR4KR         59 1000
QSO: 21347 PH 2022-03-06 2010 W4UEF         59 NC PY5IN         59 100
QSO: 21357 PH 2022-03-06 2013 W4UEF         59 NC PY2QT         59 100
QSO: 21000 PH 2022-03-06 2014 W4UEF         59 NC KP2B          59 100
QSO: 21374 PH 2022-03-06 2017 W4UEF         59 NC HK4L          59 KW
QSO: 21377 PH 2022-03-06 2019 W4UEF         59 NC ZP5DBC        59 KW
QSO: 21400 PH 2022-03-06 2027 W4UEF         59 NC TO3Z          59 500
QSO: 21404 PH 2022-03-06 2029 W4UEF         59 NC HI3T          59 100
QSO: 21415 PH 2022-03-06 2034 W4UEF         59 NC HH2AA         59 100
QSO: 21000 PH 2022-03-06 2037 W4UEF         59 NC 7Q6M          59 KW
QSO: 21421 PH 2022-03-06 2038 W4UEF         59 NC HI3LT         59 KW
QSO: 21439 PH 2022-03-06 2039 W4UEF         59 NC V26K          59 KW
QSO: 21245 PH 2022-03-06 2041 W4UEF         59 NC PT4A          59 KW
QSO: 21228 PH 2022-03-06 2042 W4UEF         59 NC PX2A          59 1500
QSO: 21225 PH 2022-03-06 2045 W4UEF         59 NC PY5AMF        59 KW
QSO: 21278 PH 2022-03-06 2054 W4UEF         59 NC PY2CX         59 100
QSO: 21000 PH 2022-03-06 2058 W4UEF         59 NC KP4PR         59 500
QSO: 21288 PH 2022-03-06 2100 W4UEF         59 NC TI7W          59 K
QSO: 21297 PH 2022-03-06 2102 W4UEF         59 NC HI8PAP        59 100
QSO: 21243 PH 2022-03-06 2330 W4UEF         59 NC CX5A          59 1000
QSO: 14168 PH 2022-03-06 2341 W4UEF         59 NC PY5AMF        59 KW
QSO: 14172 PH 2022-03-06 2343 W4UEF         59 NC CX2DK         59 KW
QSO: 14175 PH 2022-03-06 2347 W4UEF         59 NC FG4KH         59 1K
QSO: 14180 PH 2022-03-06 2348 W4UEF         59 NC PV2K          59 KW
QSO: 14188 PH 2022-03-06 2349 W4UEF         59 NC TI2VVV        59 KW
QSO: 14191 PH 2022-03-06 2351 W4UEF         59 NC PJ4G          59 KILO
QSO: 14206 PH 2022-03-06 2358 W4UEF         59 NC LO7H          59 KW
QSO: 14242 PH 2022-03-06 2359 W4UEF         59 NC ZF1A          59 K
END-OF-LOG:
