START-OF-LOG: 3.0
CREATED-BY: vhfmanager-downloader
CONTEST: ZRS majsko UKV tekmovanje - Official results - VHFManager
CALLSIGN: 9A5AB
CATEGORY: 145 MHz - single op low power
CATEGORY-OPERATOR: SINGLE-OP
CATEGORY-ASSISTED: NON-ASSISTED
CATEGORY-TRANSMITTER: ONE
CATEGORY-STATION: FIXED
QSO: 144300 PH 2015-05-02 1403 9A5AB         59  1 JN75VV   9A9R          59  6 JN85OQ  
QSO: 144300 PH 2015-05-02 1405 9A5AB         59  2 JN75VV   S57M          59  7 JN76PO  
QSO: 144300 PH 2015-05-02 1410 9A5AB         59  3 JN75VV   YU7ECD        59  9 KN05DX  
QSO: 144300 PH 2015-05-02 1411 9A5AB         59  4 JN75VV   S59P          59  20 JN86AO 
QSO: 144300 PH 2015-05-02 1413 9A5AB         59  5 JN75VV   YU5DIM        59  6 JN94US  
QSO: 144300 PH 2015-05-02 1415 9A5AB         59  6 JN75VV   OE6V          59  10 JN76VT 
QSO: 144300 PH 2015-05-02 1420 9A5AB         59  7 JN75VV   I5PVA/6       59  35 JN63GN 
QSO: 144300 PH 2015-05-02 1422 9A5AB         59  8 JN75VV   S59ABC        59  25 JN76TO 
QSO: 144300 PH 2015-05-02 1423 9A5AB         59  9 JN75VV   9A1N          59  10 JN85LI 
QSO: 144300 PH 2015-05-02 1424 9A5AB         59  10 JN75VV  9A8D          59  8 JN95LM  
QSO: 144300 PH 2015-05-02 1426 9A5AB         59  11 JN75VV  OE6KME/P      59  19 JN76UV 
QSO: 144300 PH 2015-05-02 1427 9A5AB         59  12 JN75VV  S53V          59  19 JN76UH 
QSO: 144300 PH 2015-05-02 1428 9A5AB         59  13 JN75VV  S57Q          59  43 JN76PB 
QSO: 144300 PH 2015-05-02 1432 9A5AB         59  14 JN75VV  OM3W          59  54 JN99CH 
QSO: 144300 PH 2015-05-02 1435 9A5AB         59  15 JN75VV  9A1W          59  8 JN75ST  
QSO: 144300 PH 2015-05-02 1437 9A5AB         59  16 JN75VV  OM5AW         59  59 JN88XH 
QSO: 144300 PH 2015-05-02 1438 9A5AB         59  17 JN75VV  S57CN         59  23 JN75PS 
QSO: 144300 PH 2015-05-02 1445 9A5AB         59  18 JN75VV  HG1W          59  38 JN87GF 
QSO: 144300 PH 2015-05-02 1448 9A5AB         59  19 JN75VV  9A1E          59  19 JN85QU 
QSO: 144300 PH 2015-05-02 1450 9A5AB         59  20 JN75VV  E74G          59  31 JN94FQ 
QSO: 144300 PH 2015-05-02 1451 9A5AB         59  21 JN75VV  9A4VM         59  26 JN85FS 
QSO: 144300 PH 2015-05-02 1452 9A5AB         59  22 JN75VV  9A5CAN        59  7 JN75WT  
QSO: 144300 PH 2015-05-02 1456 9A5AB         59  23 JN75VV  HA5KDQ        59  57 JN97LN 
QSO: 144300 PH 2015-05-02 1459 9A5AB         59  24 JN75VV  HG1Z          59  47 JN86KU 
QSO: 144300 PH 2015-05-02 1500 9A5AB         59  25 JN75VV  S57O          59  74 JN86DT 
QSO: 144300 PH 2015-05-02 1504 9A5AB         59  26 JN75VV  OK1KKI        59  33 JN79NF 
QSO: 144300 PH 2015-05-02 1508 9A5AB         59  27 JN75VV  OE1W          59  76 JN77TX 
QSO: 144300 PH 2015-05-02 1510 9A5AB         59  28 JN75VV  S52GC         59  14 JN76WK 
QSO: 144300 PH 2015-05-02 1518 9A5AB         59  29 JN75VV  S58M          59  61 JN76JC 
QSO: 144300 PH 2015-05-02 1519 9A5AB         59  30 JN75VV  S51DD         59  20 JN76WK 
QSO: 144300 PH 2015-05-02 1524 9A5AB         59  31 JN75VV  OL4N          59  71 JO60VR 
QSO: 144300 PH 2015-05-02 1528 9A5AB         59  32 JN75VV  OM3KMA        59  26 JN88RP 
QSO: 144300 PH 2015-05-02 1556 9A5AB         59  33 JN75VV  OL1B          59  52 JO80IB 
QSO: 144300 PH 2015-05-02 1559 9A5AB         59  34 JN75VV  OK1KUO        59  62 JO80FF 
QSO: 144300 PH 2015-05-02 1603 9A5AB         59  35 JN75VV  OK2C          59  69 JN99AJ 
QSO: 144300 PH 2015-05-02 1605 9A5AB         59  36 JN75VV  9A1CFI        59  30 JN75LF 
QSO: 144300 PH 2015-05-02 1610 9A5AB         59  37 JN75VV  HA6W          59  142 KN08FB
QSO: 144300 PH 2015-05-02 1621 9A5AB         59  38 JN75VV  IZ3NOC        59  13 JN55VC 
QSO: 144300 PH 2015-05-02 1625 9A5AB         59  39 JN75VV  IZ1POA        59  111 JN44OQ
QSO: 144300 PH 2015-05-02 1629 9A5AB         59  40 JN75VV  OM3TZZ        59  161 JN88NG
QSO: 144300 PH 2015-05-02 1632 9A5AB         59  41 JN75VV  OM3KII        59  121 JN88UU
QSO: 144300 PH 2015-05-02 1644 9A5AB         59  42 JN75VV  S53O          59  48 JN86AT 
QSO: 144300 PH 2015-05-02 1653 9A5AB         59  43 JN75VV  9A1CRS        59  59 JN95AE 
QSO: 144300 PH 2015-05-02 1654 9A5AB         59  44 JN75VV  OK2EZ         59  144 JN99BS
QSO: 144300 PH 2015-05-02 1658 9A5AB         59  45 JN75VV  SN9D          59  110 JN90PP
QSO: 144300 PH 2015-05-02 1710 9A5AB         59  46 JN75VV  OE6DRG/P      59  36 JN77KC 
QSO: 144300 PH 2015-05-02 1713 9A5AB         59  47 JN75VV  S56K          59  29 JN76KI 
QSO: 144300 PH 2015-05-02 1715 9A5AB         59  48 JN75VV  HA2R          59  159 JN87UE
QSO: 144300 PH 2015-05-02 1722 9A5AB         59  49 JN75VV  OK7O          59  265 JN69OU
QSO: 144300 PH 2015-05-02 1737 9A5AB         59  50 JN75VV  OK1NPF        59  105 JO70SQ
QSO: 144300 PH 2015-05-02 1742 9A5AB         59  51 JN75VV  9A0V          59  137 JN95PE
QSO: 144300 PH 2015-05-02 1744 9A5AB         59  52 JN75VV  9A1CEQ        59  36 JN85ER 
QSO: 144300 PH 2015-05-02 1755 9A5AB         59  53 JN75VV  S51RM         59  1 JN76JB  
QSO: 144300 PH 2015-05-02 1804 9A5AB         59  54 JN75VV  9A0C          59  39 JN85AO 
QSO: 144300 PH 2015-05-02 1804 9A5AB         59  55 JN75VV  9A1IW         59  47 JN75SL 
QSO: 144300 PH 2015-05-02 1847 9A5AB         59  56 JN75VV  OK1FC         59  213 JN79CP
QSO: 144300 PH 2015-05-02 1900 9A5AB         59  57 JN75VV  YU7C          59  98 JN95SS 
QSO: 144300 PH 2015-05-02 1909 9A5AB         59  58 JN75VV  OK2KEA        59  183 JN89EJ
QSO: 144300 PH 2015-05-02 1915 9A5AB         59  59 JN75VV  OL4A          59  302 JO60RN
QSO: 144300 PH 2015-05-02 1922 9A5AB         59  60 JN75VV  OL7C          59  340 JO60JJ
QSO: 144300 PH 2015-05-02 1928 9A5AB         59  61 JN75VV  OK1KCR        59  313 JN79VS
QSO: 144300 PH 2015-05-02 1931 9A5AB         59  62 JN75VV  OL1Z          59  137 JN88AU
QSO: 144300 PH 2015-05-02 1936 9A5AB         59  63 JN75VV  OK1VDJ        59  135 JN79US
QSO: 144300 PH 2015-05-02 1944 9A5AB         59  64 JN75VV  OL3Y          59  389 JN69JJ
QSO: 144300 PH 2015-05-02 1953 9A5AB         59  65 JN75VV  S51WC         59  60 JN75OT 
QSO: 144300 PH 2015-05-02 1955 9A5AB         59  66 JN75VV  DL9RAR        59  117 JN68HW
QSO: 144300 PH 2015-05-02 2003 9A5AB         59  67 JN75VV  DK1KC/P       57  136 JN58QH
QSO: 144300 PH 2015-05-02 2026 9A5AB         59  68 JN75VV  OE6HBF        59  41 JN76WR 
QSO: 144300 PH 2015-05-02 2031 9A5AB         59  69 JN75VV  S53D          59  8 JN76BD  
QSO: 144300 PH 2015-05-02 2035 9A5AB         59  70 JN75VV  OK2KCN        59  136 JN89OI
QSO: 144300 PH 2015-05-02 2049 9A5AB         59  71 JN75VV  S54O          59  59 JN75NT 
QSO: 144300 PH 2015-05-02 2055 9A5AB         59  72 JN75VV  S54MTB        59  23 JN75OT 
QSO: 144300 PH 2015-05-02 2058 9A5AB         59  73 JN75VV  I1AXE         59  102 JN34QM
QSO: 144300 PH 2015-05-02 2102 9A5AB         59  74 JN75VV  I5MZY/4       59  135 JN54OL
QSO: 144300 PH 2015-05-02 2127 9A5AB         59  75 JN75VV  YT4B          59  107 JN94SD
QSO: 144300 PH 2015-05-02 2136 9A5AB         59  76 JN75VV  S57RT         59  58 JN66WB 
QSO: 144300 PH 2015-05-02 2200 9A5AB         59  77 JN75VV  OE5BGN/P      59  403 JN68WS
QSO: 144300 PH 2015-05-02 2205 9A5AB         59  78 JN75VV  9A1CBM        59  115 JN83EN
QSO: 144300 PH 2015-05-02 2214 9A5AB         59  79 JN75VV  S57GTW        59  60 JN76FA 
QSO: 144300 PH 2015-05-02 2215 9A5AB         59  80 JN75VV  9A1CMS        59  11 JN86DM 
QSO: 144300 PH 2015-05-03 0500 9A5AB         59  81 JN75VV  S52LY         59  43 JN76AA 
QSO: 144300 PH 2015-05-03 0512 9A5AB         59  82 JN75VV  YU1VG         59  133 KN03KU
QSO: 144300 PH 2015-05-03 0514 9A5AB         59  83 JN75VV  YU1LA         59  149 KN04FR
QSO: 144300 PH 2015-05-03 0520 9A5AB         59  84 JN75VV  9A5G          59  95 JN75FI 
QSO: 144300 PH 2015-05-03 0537 9A5AB         59  85 JN75VV  IZ3VTH        59  6 JN65DM  
QSO: 144300 PH 2015-05-03 0733 9A5AB         59  86 JN75VV  IW5BUX/4      59  17 JN54PF 
QSO: 144300 PH 2015-05-03 0737 9A5AB         59  87 JN75VV  IQ2MI         59  100 JN44PS
QSO: 144300 PH 2015-05-03 0739 9A5AB         59  88 JN75VV  HG3X          59  77 JN96EE 
QSO: 144300 PH 2015-05-03 0742 9A5AB         59  89 JN75VV  I3LGP         59  118 JN55VK
QSO: 144300 PH 2015-05-03 0745 9A5AB         59  90 JN75VV  9A3AQ         59  4 JN75WS  
QSO: 144300 PH 2015-05-03 0806 9A5AB         59  91 JN75VV  IQ4AX         59  296 JN54KK
QSO: 144300 PH 2015-05-03 0815 9A5AB         59  92 JN75VV  IZ6SAC        59  10 JN63MP 
QSO: 144300 PH 2015-05-03 0833 9A5AB         59  93 JN75VV  OE8GVK/3      59  348 JN88GR
QSO: 144300 PH 2015-05-03 0939 9A5AB         59  94 JN75VV  YT2BGS        59  119 KN04IQ
QSO: 144300 PH 2015-05-03 0939 9A5AB         59  95 JN75VV  9A6SJZ        59  23 JN85FW 
QSO: 144300 PH 2015-05-03 0940 9A5AB         59  96 JN75VV  YT1WP         59  121 KN04CV
QSO: 144300 PH 2015-05-03 0959 9A5AB         59  97 JN75VV  9A6DAC        59  20 JN75SL 
QSO: 144300 PH 2015-05-03 1002 9A5AB         59  98 JN75VV  OK6R          59  416 JN79OW
QSO: 144300 PH 2015-05-03 1007 9A5AB         59  99 JN75VV  OM3RBS        59  168 JN98HE
QSO: 144300 PH 2015-05-03 1015 9A5AB         59  100 JN75VV IW3HVB/4      59  63 JN54UF 
QSO: 144300 PH 2015-05-03 1036 9A5AB         59  101 JN75VV S59DXU        59  8 JN76RI  
QSO: 144300 PH 2015-05-03 1040 9A5AB         59  102 JN75VV OK1KFH        59  438 JN69VN
QSO: 144300 PH 2015-05-03 1043 9A5AB         59  103 JN75VV OK1NOR        59  449 JO80FG
QSO: 144300 PH 2015-05-03 1100 9A5AB         59  104 JN75VV IV3UT         59  4 JN66OB  
QSO: 144300 PH 2015-05-03 1103 9A5AB         59  105 JN75VV IV3CYT        59  89 JN65SW 
QSO: 144300 PH 2015-05-03 1104 9A5AB         59  106 JN75VV S50K          59  8 JN75CW  
QSO: 144300 PH 2015-05-03 1108 9A5AB         59  107 JN75VV S57UZX        59  36 JN75LT 
QSO: 144300 PH 2015-05-03 1110 9A5AB         59  108 JN75VV S50TA         59  51 JN76HD 
QSO: 144300 PH 2015-05-03 1112 9A5AB         59  109 JN75VV 9A2TE/P       59  11 JN85GM 
QSO: 144300 PH 2015-05-03 1203 9A5AB         59  110 JN75VV OK1FQK        59  152 JN79PP
QSO: 144300 PH 2015-05-03 1210 9A5AB         59  111 JN75VV OK1RAW        59  71 JN69LV 
QSO: 144300 PH 2015-05-03 1220 9A5AB         59  112 JN75VV OM3RMY        59  177 JN88SS
QSO: 144300 PH 2015-05-03 1228 9A5AB         59  113 JN75VV IK3SSG        59  45 JN55XH 
QSO: 144300 PH 2015-05-03 1336 9A5AB         59  114 JN75VV YT7WE         59  200 KN05EJ
END-OF-LOG:
