START-OF-LOG: 3.0
CREATED-BY: reconstructed-log-builder
CONTEST: ARRL-DX-SSB
CALLSIGN: W2UH
LOCATION: 
CATEGORY: CHECKLOG
CATEGORY-OPERATOR: SINGLE-OP
CATEGORY-BAND: ALL
CATEGORY-MODE: MIXED
CATEGORY-POWER: UNKNOWN
CATEGORY-ASSISTED: NON-ASSISTED
CATEGORY-TRANSMITTER: ONE
CATEGORY-STATION: UNKNOWN
CATEGORY-OVERLAY: 
OPERATORS: W2UH
CLAIMED-SCORE: 
CLUB: 
NAME: 
SOAPBOX: RECONSTRUCTED MOCKUP LOG - NOT AN OFFICIAL SUBMISSION.
SOAPBOX: Derived from submitted logs for ARRL-DX-SSB ARRL/arrl_international_dx_phone_contest/2025.
QSO: 28422 PH 2025-03-01 1314 W2UH          59 NJ D4K           59 1000
QSO: 28634 PH 2025-03-01 1315 W2UH          59 NJ 4X6FR         59 200
QSO: 28593 PH 2025-03-01 1317 W2UH          59 NJ IO6T          59 100
QSO: 28307 PH 2025-03-01 1319 W2UH          59 NJ YT1X          59 KW
QSO: 28706 PH 2025-03-01 1321 W2UH          59 NJ HA3NU         59 100
QSO: 28303 PH 2025-03-01 1325 W2UH          59 NJ S53F          59 KW
QSO: 28419 PH 2025-03-01 1325 W2UH          59 NJ TM0T          59 KW
QSO: 28351 PH 2025-03-01 1326 W2UH          59 NJ E70T          59 1000
QSO: 28556 PH 2025-03-01 1326 W2UH          59 NJ LT3E          59 K
QSO: 28407 PH 2025-03-01 1329 W2UH          59 NJ IP4X          59 500
QSO: 28354 PH 2025-03-01 1330 W2UH          59 NJ IU8RIA        59 500
QSO: 28494 PH 2025-03-01 1330 W2UH          59 NJ VP5M          59 100
QSO: 28596 PH 2025-03-01 1331 W2UH          59 NJ YU1AO         59 KW
QSO: 28310 PH 2025-03-01 1332 W2UH          59 NJ S55OO         59 KW
QSO: 28460 PH 2025-03-01 1332 W2UH          59 NJ HC8M          59 KW
QSO: 28377 PH 2025-03-01 1334 W2UH          59 NJ HA5JI         59 KW
QSO: 28545 PH 2025-03-01 1334 W2UH          59 NJ S52NR         59 100
QSO: 28336 PH 2025-03-01 1336 W2UH          59 NJ EA7Z          59 500
QSO: 28320 PH 2025-03-01 1337 W2UH          59 NJ S53M          59 KW
QSO: 28315 PH 2025-03-01 1339 W2UH          59 NJ 9A3TR         59 KW
QSO: 28607 PH 2025-03-01 1339 W2UH          59 NJ ZF1A          59 K
QSO: 28461 PH 2025-03-01 1347 W2UH          59 NJ CR3Z          59 1000
QSO: 28339 PH 2025-03-01 1348 W2UH          59 NJ HA8L          59 KW
QSO: 28327 PH 2025-03-01 1350 W2UH          59 NJ EI7M          59 KW
QSO: 28344 PH 2025-03-01 1350 W2UH          59 NJ 9A1A          59 KW
QSO: 28572 PH 2025-03-01 1351 W2UH          59 NJ P49Y          59 K
QSO: 28380 PH 2025-03-01 1352 W2UH          59 NJ OM2ADM        59 KW
QSO: 28500 PH 2025-03-01 1353 W2UH          59 NJ ZF2VE         59 100
QSO: 28428 PH 2025-03-01 1354 W2UH          59 NJ EI3JZ         59 KW
QSO: 28417 PH 2025-03-01 1355 W2UH          59 NJ HC2PY         59 KW
QSO: 28625 PH 2025-03-01 1356 W2UH          59 NJ SV2DCD        59 500
QSO: 28452 PH 2025-03-01 1357 W2UH          59 NJ CR6K          59 1000
QSO: 28401 PH 2025-03-01 1358 W2UH          59 NJ 9A5Y          59 KW
QSO: 28445 PH 2025-03-01 1359 W2UH          59 NJ IO9A          59 500
QSO: 28481 PH 2025-03-01 1359 W2UH          59 NJ HK1T          59 1000
QSO: 28483 PH 2025-03-01 1404 W2UH          59 NJ CN8PA         59 100
QSO: 28000 PH 2025-03-01 1408 W2UH          59 NJ 9A2CT         59 KW
QSO: 28542 PH 2025-03-01 1408 W2UH          59 NJ YU5R          59 KW
QSO: 28384 PH 2025-03-01 1412 W2UH          59 NJ SN2B          59 KW
QSO: 28468 PH 2025-03-01 1420 W2UH          59 NJ OA4DKN        59 K
QSO: 28695 PH 2025-03-01 1423 W2UH          59 NJ EA8DED        59 100
QSO: 28805 PH 2025-03-01 1423 W2UH          59 NJ CT3KN         59 K
QSO: 28824 PH 2025-03-01 1424 W2UH          59 NJ EA3AR         59 K
QSO: 28447 PH 2025-03-01 1429 W2UH          59 NJ TM1C          59 KW
QSO: 28453 PH 2025-03-01 1429 W2UH          59 NJ 5K4X          59 100
QSO: 28488 PH 2025-03-01 1431 W2UH          59 NJ CR3W          59 1000
QSO: 28720 PH 2025-03-01 1431 W2UH          59 NJ OE3LZA        59 700
QSO: 28333 PH 2025-03-01 1434 W2UH          59 NJ ZB2KX         591 100
QSO: 28592 PH 2025-03-01 1442 W2UH          59 NJ EC6DX         59 KW
QSO: 21000 PH 2025-03-01 1448 W2UH          59 NJ OM5R          59 K
QSO: 21319 PH 2025-03-01 1449 W2UH          59 NJ OK4K          59 KW
QSO: 21368 PH 2025-03-01 1449 W2UH          59 NJ UR7EU         59 K
QSO: 21227 PH 2025-03-01 1451 W2UH          59 NJ HC8M          59 KW
QSO: 21413 PH 2025-03-01 1451 W2UH          59 NJ EW4M          59 1000
QSO: 21000 PH 2025-03-01 1452 W2UH          59 NJ EA6MR         59 100
QSO: 21295 PH 2025-03-01 1453 W2UH          59 NJ 9A1A          59 KW
QSO: 21422 PH 2025-03-01 1454 W2UH          59 NJ S52NR         59 100
QSO: 21438 PH 2025-03-01 1454 W2UH          59 NJ IO3X          59 500
QSO: 21337 PH 2025-03-01 1459 W2UH          59 NJ EC5CC         59 KW
QSO: 21384 PH 2025-03-01 1500 W2UH          59 NJ SJ2W          59 1000
QSO: 21204 PH 2025-03-01 1501 W2UH          59 NJ ED8W          59 KW
QSO: 21387 PH 2025-03-01 1503 W2UH          59 NJ HK3C          59 KW
QSO: 21304 PH 2025-03-01 1504 W2UH          59 NJ J62K          59 K
QSO: 21443 PH 2025-03-01 1505 W2UH          59 NJ TO4A          59 KW
QSO: 21330 PH 2025-03-01 1506 W2UH          59 NJ KP4PR         59 500
QSO: 21415 PH 2025-03-01 1507 W2UH          59 NJ 8P5A          59 1000
QSO: 21320 PH 2025-03-01 1508 W2UH          59 NJ 4U1A          59 KW
QSO: 21404 PH 2025-03-01 1509 W2UH          59 NJ PC0A          59 400
QSO: 21391 PH 2025-03-01 1510 W2UH          59 NJ ZF1A          59 K
QSO: 28600 PH 2025-03-01 1513 W2UH          59 NJ ED8W          59 KW
QSO: 28393 PH 2025-03-01 1600 W2UH          59 NJ FR8TZ         59 1000
QSO: 28539 PH 2025-03-01 1601 W2UH          59 NJ T77CX         59 KW
QSO: 28546 PH 2025-03-01 1604 W2UH          59 NJ G6AD          59 KW
QSO: 28560 PH 2025-03-01 1604 W2UH          59 NJ J75A          59 K
QSO: 28627 PH 2025-03-01 1607 W2UH          59 NJ IP4M          59 500
QSO: 28563 PH 2025-03-01 1609 W2UH          59 NJ 9Z4CT         59 100
QSO: 28313 PH 2025-03-01 1610 W2UH          59 NJ 8P5A          59 1000
QSO: 28876 PH 2025-03-01 1610 W2UH          59 NJ PI4DX         59 400
QSO: 21281 PH 2025-03-01 1628 W2UH          59 NJ IQ4FA         59 500
QSO: 21370 PH 2025-03-01 1628 W2UH          59 NJ CR6T          59 1000
QSO: 21297 PH 2025-03-01 1629 W2UH          59 NJ PJ2T          59 K
QSO: 21378 PH 2025-03-01 1630 W2UH          59 NJ ED7W          59 KW
QSO: 21343 PH 2025-03-01 1632 W2UH          59 NJ YP8T          59 KW
QSO: 21331 PH 2025-03-01 1633 W2UH          59 NJ LY4A          59 KW
QSO: 21442 PH 2025-03-01 1633 W2UH          59 NJ YU5R          59 KW
QSO: 28476 PH 2025-03-01 1634 W2UH          59 NJ J62K          59 K
QSO: 21393 PH 2025-03-01 1636 W2UH          59 NJ YT9A          59 KW
QSO: 14228 PH 2025-03-01 1637 W2UH          59 NJ JR1GSE        59 1000
QSO: 28621 PH 2025-03-01 1913 W2UH          59 NJ TO3Z          59 500
QSO: 28332 PH 2025-03-01 1914 W2UH          59 NJ KP4PR         59 500
QSO: 28582 PH 2025-03-01 1915 W2UH          59 NJ PP2RON        59 100
QSO: 28316 PH 2025-03-01 1916 W2UH          59 NJ KH6J          59 1000
QSO: 28567 PH 2025-03-01 1918 W2UH          59 NJ ZD7BG         59 200
QSO: 28496 PH 2025-03-01 1922 W2UH          59 NJ GM0V          59 1000
QSO: 28365 PH 2025-03-01 1925 W2UH          59 NJ PJ4G          59 1000
QSO: 28478 PH 2025-03-01 1927 W2UH          59 NJ HI3LT         59 KW
QSO: 28642 PH 2025-03-01 1929 W2UH          59 NJ 4A7S          59 KW
QSO: 28396 PH 2025-03-01 1931 W2UH          59 NJ WH7T          59 K
QSO: 28539 PH 2025-03-01 1933 W2UH          59 NJ TI1E          59 100
QSO: 21319 PH 2025-03-01 1935 W2UH          59 NJ HB9W          59 KW
QSO: 21330 PH 2025-03-01 2001 W2UH          59 NJ DM7XX         59 KW
QSO: 21381 PH 2025-03-01 2002 W2UH          59 NJ CR6K          59 1000
QSO: 21420 PH 2025-03-01 2005 W2UH          59 NJ 5Z4A          59 400
QSO: 21000 PH 2025-03-01 2007 W2UH          59 NJ F6ARC         59 KW
QSO: 28441 PH 2025-03-01 2158 W2UH          59 NJ KP2M          59 KW
QSO: 21264 PH 2025-03-01 2201 W2UH          59 NJ FR8UA         59 1000
QSO: 21412 PH 2025-03-01 2202 W2UH          59 NJ VP5M          59 100
QSO: 28338 PH 2025-03-01 2211 W2UH          59 NJ AH6AA         59 KW
QSO: 21205 PH 2025-03-01 2215 W2UH          59 NJ V31MA         59 1000
QSO: 21402 PH 2025-03-01 2216 W2UH          59 NJ TO3Z          59 500
QSO: 21278 PH 2025-03-01 2222 W2UH          59 NJ HC2PY         59 KW
QSO: 28418 PH 2025-03-01 2225 W2UH          59 NJ JA3YBK        59 1000
QSO: 28000 PH 2025-03-01 2343 W2UH          59 NJ JA7OWD        59 1K
QSO: 28000 PH 2025-03-01 2345 W2UH          59 NJ JH1KRC        59 K
QSO: 21363 PH 2025-03-01 2357 W2UH          59 NJ JA3YBK        59 1000
QSO: 21341 PH 2025-03-01 2358 W2UH          59 NJ KP3J          59 K
QSO: 21389 PH 2025-03-01 2358 W2UH          59 NJ OG8M          59 K
QSO: 21402 PH 2025-03-02 0001 W2UH          59 NJ KP2M          59 KW
QSO: 21300 PH 2025-03-02 0002 W2UH          59 NJ WH7T          59 K
QSO: 21418 PH 2025-03-02 0105 W2UH          59 NJ JF9JTS        59 KW
QSO:  7135 PH 2025-03-02 0141 W2UH          59 NJ S57AL         59 K
QSO:  7168 PH 2025-03-02 0145 W2UH          59 NJ IP4X          59 500
QSO:  7197 PH 2025-03-02 0145 W2UH          59 NJ YT9X          59 KW
QSO:  7166 PH 2025-03-02 0553 W2UH          59 NJ II2S          59 500
QSO:  7158 PH 2025-03-02 0603 W2UH          59 NJ IB8A          59 500
QSO:  7162 PH 2025-03-02 0603 W2UH          59 NJ OK5Z          59 KW
QSO:  7212 PH 2025-03-02 0604 W2UH          59 NJ J75A          59 K
QSO:  7177 PH 2025-03-02 0605 W2UH          59 NJ CR3Z          59 1000
QSO:  7236 PH 2025-03-02 0605 W2UH          59 NJ ZF1A          59 K
QSO:  7230 PH 2025-03-02 0606 W2UH          59 NJ J62K          59 K
QSO:  7224 PH 2025-03-02 0608 W2UH          59 NJ ZM4T          59 K
QSO:  7256 PH 2025-03-02 0610 W2UH          59 NJ VP5M          59 100
QSO:  7216 PH 2025-03-02 0611 W2UH          59 NJ PJ4G          59 1000
QSO:  7151 PH 2025-03-02 0612 W2UH          59 NJ WH7T          59 K
QSO:  7156 PH 2025-03-02 0613 W2UH          59 NJ SP8R          59 KW
QSO:  7141 PH 2025-03-02 0614 W2UH          59 NJ EI9E          59 1000
QSO:  7195 PH 2025-03-02 0615 W2UH          59 NJ SO9I          59 K
QSO:  7138 PH 2025-03-02 0621 W2UH          59 NJ 9A1P          59 KW
QSO:  7186 PH 2025-03-02 0624 W2UH          59 NJ SJ2W          59 1000
QSO:  7196 PH 2025-03-02 0626 W2UH          59 NJ F4DSK         59 KW
QSO:  7181 PH 2025-03-02 0627 W2UH          59 NJ HC8M          59 KW
QSO:  7224 PH 2025-03-02 0627 W2UH          59 NJ 8P5A          59 1000
QSO:  7184 PH 2025-03-02 0628 W2UH          59 NJ ED8W          59 KW
QSO:  7178 PH 2025-03-02 0629 W2UH          59 NJ S51YI         59 KW
QSO:  7242 PH 2025-03-02 0630 W2UH          59 NJ TI1K          59 KW
QSO:  7000 PH 2025-03-02 0631 W2UH          59 NJ HK3EA         59 100
QSO:  7160 PH 2025-03-02 0633 W2UH          59 NJ 9A1A          59 KW
QSO:  7227 PH 2025-03-02 0638 W2UH          59 NJ KH6J          59 1000
QSO:  7208 PH 2025-03-02 0641 W2UH          59 NJ OA4DKN        59 K
QSO:  7252 PH 2025-03-02 0642 W2UH          59 NJ TO3Z          59 500
QSO:  7196 PH 2025-03-02 0649 W2UH          59 NJ NP4DX         59 100
QSO:  7000 PH 2025-03-02 0651 W2UH          59 NJ KH6KW         59 400
QSO:  7210 PH 2025-03-02 0708 W2UH          59 NJ 4A7S          59 KW
QSO:  7224 PH 2025-03-02 0713 W2UH          59 NJ PR1T          59 KW
QSO:  7246 PH 2025-03-02 0717 W2UH          59 NJ HI3T          59 99
QSO:  7000 PH 2025-03-02 0721 W2UH          59 NJ FK8IK         59 KW
QSO:  7144 PH 2025-03-02 0723 W2UH          59 NJ PC0A          59 400
QSO:  7152 PH 2025-03-02 0731 W2UH          59 NJ MD4K          59 1000
QSO:  7227 PH 2025-03-02 0733 W2UH          59 NJ KH6J          59 1000
QSO: 14240 PH 2025-03-02 0734 W2UH          59 NJ PJ2T          59 K
QSO:  7203 PH 2025-03-02 0734 W2UH          59 NJ PJ2T          59 K
QSO:  7198 PH 2025-03-02 1113 W2UH          59 NJ JA3YBK        59 1000
QSO: 21277 PH 2025-03-02 1246 W2UH          59 NJ SV9FBG        59 KW
QSO: 21360 PH 2025-03-02 1246 W2UH          59 NJ S51CK         59 1000
QSO: 21449 PH 2025-03-02 1247 W2UH          59 NJ LY5GT         59 100
QSO: 21374 PH 2025-03-02 1248 W2UH          59 NJ ES6RW         59 1000
QSO: 21385 PH 2025-03-02 1249 W2UH          59 NJ OH0Z          59 KW
QSO: 21388 PH 2025-03-02 1250 W2UH          59 NJ SM7PEV        59 KW
QSO: 21290 PH 2025-03-02 1251 W2UH          59 NJ VP9I          59 100
QSO: 21358 PH 2025-03-02 1252 W2UH          59 NJ YO9HP         59 KW
QSO: 21424 PH 2025-03-02 1300 W2UH          59 NJ ON6NL         59 100
QSO: 21227 PH 2025-03-02 1301 W2UH          59 NJ OM3CW         59 KW
QSO: 21239 PH 2025-03-02 1301 W2UH          59 NJ OR7K          59 KW
QSO: 21394 PH 2025-03-02 1302 W2UH          59 NJ HG0Y          59 K
QSO: 21274 PH 2025-03-02 1303 W2UH          59 NJ J62K          59 K
QSO: 28692 PH 2025-03-02 1305 W2UH          59 NJ G8X           59 KW
QSO: 28524 PH 2025-03-02 1307 W2UH          59 NJ OM6NM         59 1000
QSO: 14257 PH 2025-03-02 1553 W2UH          59 NJ HG5E          59 KW
QSO: 14269 PH 2025-03-02 1825 W2UH          59 NJ IQ9UI         59 500
QSO: 14187 PH 2025-03-02 1826 W2UH          59 NJ SO7E          59 KW
QSO: 14301 PH 2025-03-02 1827 W2UH          59 NJ DK9IP         59 KW
QSO: 14199 PH 2025-03-02 1828 W2UH          59 NJ EA3C          59 KW
QSO: 14258 PH 2025-03-02 1828 W2UH          59 NJ HG5E          59 KW
QSO: 14342 PH 2025-03-02 1833 W2UH          59 NJ J62K          59 K
QSO: 14000 PH 2025-03-02 1834 W2UH          59 NJ EA8ZS         59 1K
QSO: 14238 PH 2025-03-02 1838 W2UH          59 NJ YL2GD         59 KW
QSO: 14307 PH 2025-03-02 1847 W2UH          59 NJ OZ1ADL        59 KW
QSO: 14212 PH 2025-03-02 1848 W2UH          59 NJ DM7XX         59 KW
QSO: 14000 PH 2025-03-02 2202 W2UH          59 NJ IO8V          59 500
QSO: 14160 PH 2025-03-02 2202 W2UH          59 NJ S50NB         59 KW
QSO: 14190 PH 2025-03-02 2202 W2UH          59 NJ HA3NU         59 100
QSO: 14265 PH 2025-03-02 2203 W2UH          59 NJ OH3Z          59 KW
QSO: 14232 PH 2025-03-02 2204 W2UH          59 NJ II2S          59 500
QSO: 14253 PH 2025-03-02 2204 W2UH          59 NJ IO5O          59 500
QSO: 21337 PH 2025-03-02 2207 W2UH          59 NJ JR3NZC        59 KW
QSO: 21423 PH 2025-03-02 2208 W2UH          59 NJ JE6RPM        59 K
QSO: 21000 PH 2025-03-02 2213 W2UH          59 NJ JH7LRS        59 1000
QSO: 21344 PH 2025-03-02 2216 W2UH          59 NJ JH4UYB        59 K
QSO: 21391 PH 2025-03-02 2218 W2UH          59 NJ JH8YOH        59 KW
QSO: 14274 PH 2025-03-02 2221 W2UH          59 NJ LZ9A          59 1000
QSO: 14205 PH 2025-03-02 2222 W2UH          59 NJ HG5E          59 KW
QSO: 28544 PH 2025-03-02 2252 W2UH          59 NJ JH4UYB        59 K
QSO: 28368 PH 2025-03-02 2253 W2UH          59 NJ VL4U          59 400
QSO: 28650 PH 2025-03-02 2255 W2UH          59 NJ JR2PMT        59 KW
QSO: 28620 PH 2025-03-02 2256 W2UH          59 NJ KL5DX         59 K
QSO: 28000 PH 2025-03-02 2257 W2UH          59 NJ JA9PPC        59 500
QSO: 28378 PH 2025-03-02 2257 W2UH          59 NJ KP2B          59 1000
QSO: 28000 PH 2025-03-02 2258 W2UH          59 NJ FS/VA3QSL     59 100
QSO: 28607 PH 2025-03-02 2259 W2UH          59 NJ AL4A          59 K
QSO: 28473 PH 2025-03-02 2301 W2UH          59 NJ JR1GSE        59 1000
QSO: 28554 PH 2025-03-02 2302 W2UH          59 NJ JM1XCW        59 KW
END-OF-LOG:
