START-OF-LOG: 3.0
CREATED-BY: vhfmanager-downloader
CONTEST: ZRS septembrsko UKV tekmovanje - Official results - VHFManager
CALLSIGN: DR0P
CATEGORY: 145 MHz - checklog
CATEGORY-OPERATOR: SINGLE-OP
CATEGORY-ASSISTED: NON-ASSISTED
CATEGORY-TRANSMITTER: ONE
CATEGORY-STATION: FIXED
QSO: 144300 PH 2009-09-05 1413 DR0P          59  1 JN48HU   DK5DQ         59  20 JO31PG 
QSO: 144300 PH 2009-09-05 1415 DR0P          59  2 JN48HU   DR2X          59  20 JO40QL 
QSO: 144300 PH 2009-09-05 1417 DR0P          59  3 JN48HU   DL0GTH        59  35 JO50JP 
QSO: 144300 PH 2009-09-05 1418 DR0P          59  4 JN48HU   DM5N          59  16 JN48LT 
QSO: 144300 PH 2009-09-05 1423 DR0P          59  5 JN48HU   HB9GT         59  30 JN47MH 
QSO: 144300 PH 2009-09-05 1426 DR0P          59  6 JN48HU   DF0OL         59  44 JO40BP 
QSO: 144300 PH 2009-09-05 1428 DR0P          59  7 JN48HU   DR2P          59  27 JN48LG 
QSO: 144300 PH 2009-09-05 1432 DR0P          59  8 JN48HU   DK1KC/P       57  21 JN58QH 
QSO: 144300 PH 2009-09-05 1437 DR0P          59  9 JN48HU   OE9G          59  12 JN47VN 
QSO: 144300 PH 2009-09-05 1439 DR0P          59  10 JN48HU  DF0MU         59  65 JO32PC 
QSO: 144300 PH 2009-09-05 1442 DR0P          59  11 JN48HU  DK0BC         59  18 JN48RN 
QSO: 144300 PH 2009-09-05 1443 DR0P          59  12 JN48HU  DJ0QZ         59  59 JN49LM 
QSO: 144300 PH 2009-09-05 1448 DR0P          59  13 JN48HU  F6KFH         59  22 JN39OC 
QSO: 144300 PH 2009-09-05 1455 DR0P          59  14 JN48HU  DL3LA         59  41 JO51WH 
QSO: 144300 PH 2009-09-05 1457 DR0P          59  15 JN48HU  DR6OBLN       59  42 JO62NM 
QSO: 144300 PH 2009-09-05 1459 DR0P          59  16 JN48HU  DR9A          59  101 JN48EQ
QSO: 144300 PH 2009-09-05 1508 DR0P          59  17 JN48HU  LX/PA1TK/P    55  72 JO30BA 
QSO: 144300 PH 2009-09-05 1517 DR0P          59  18 JN48HU  DR4M          59  54 JO50KM 
QSO: 144300 PH 2009-09-05 1523 DR0P          59  19 JN48HU  OM5M          59  124 JN88UU
QSO: 144300 PH 2009-09-05 1525 DR0P          59  20 JN48HU  OK5Z          59  68 JN89AK 
QSO: 144300 PH 2009-09-05 1527 DR0P          59  21 JN48HU  OK1KCB        59  20 JN79GB 
QSO: 144300 PH 2009-09-05 1540 DR0P          59  22 JN48HU  DF0AP         59  21 JN39IG 
QSO: 144300 PH 2009-09-05 1543 DR0P          59  23 JN48HU  DG9SEH        59  33 JN48PR 
QSO: 144300 PH 2009-09-05 1546 DR0P          59  24 JN48HU  DM7A          59  162 JO60LK
QSO: 144300 PH 2009-09-05 1553 DR0P          59  25 JN48HU  OE2M          59  51 JN67NT 
QSO: 144300 PH 2009-09-05 1601 DR0P          59  26 JN48HU  OK2D          59  136 JN99AJ
QSO: 144300 PH 2009-09-05 1604 DR0P          59  27 JN48HU  SK7MW         59  141 JO65MJ
QSO: 144300 PH 2009-09-05 1617 DR0P          59  28 JN48HU  OM3W          59  131 JN99CH
QSO: 144300 PH 2009-09-05 1619 DR0P          59  29 JN48HU  OL3Y          59  148 JN69JJ
QSO: 144300 PH 2009-09-05 1626 DR0P          59  30 JN48HU  DK0CG         59  77 JN59RJ 
QSO: 144300 PH 2009-09-05 1629 DR0P          59  31 JN48HU  OL7C          59  96 JO60JJ 
QSO: 144300 PH 2009-09-05 1632 DR0P          59  32 JN48HU  OM3TZZ        59  154 JN88NG
QSO: 144300 PH 2009-09-05 1633 DR0P          59  33 JN48HU  OK1HWU        59  86 JO70SS 
QSO: 144300 PH 2009-09-05 1636 DR0P          59  34 JN48HU  DH0F          59  70 JO50XG 
QSO: 144300 PH 2009-09-05 1638 DR0P          59  35 JN48HU  OL1C          59  156 JO60UQ
QSO: 144300 PH 2009-09-05 1641 DR0P          59  36 JN48HU  SP9KDA        59  76 JO80FQ 
QSO: 144300 PH 2009-09-05 1645 DR0P          59  37 JN48HU  OK1OPT        59  155 JN69NX
QSO: 144300 PH 2009-09-05 1650 DR0P          59  38 JN48HU  OL7D          59  123 JO70EQ
QSO: 144300 PH 2009-09-05 1658 DR0P          59  39 JN48HU  OK1SR         59  77 JN79KH 
QSO: 144300 PH 2009-09-05 1659 DR0P          59  40 JN48HU  DL0NF         59  82 JN59PL 
QSO: 144300 PH 2009-09-05 1702 DR0P          59  41 JN48HU  OK1KPA        59  126 JN79US
QSO: 144300 PH 2009-09-05 1703 DR0P          59  42 JN48HU  DB6NT         59  163 JO50VJ
QSO: 144300 PH 2009-09-05 1705 DR0P          59  43 JN48HU  OK2M          59  196 JN69UN
QSO: 144300 PH 2009-09-05 1707 DR0P          59  44 JN48HU  DL7DCL        59  85 JO61SK 
QSO: 144300 PH 2009-09-05 1708 DR0P          59  45 JN48HU  OK1KCR        59  183 JN79VS
QSO: 144300 PH 2009-09-05 1710 DR0P          59  46 JN48HU  OL4A          59  253 JO60RN
QSO: 144300 PH 2009-09-05 1714 DR0P          59  47 JN48HU  OL5J          59  143 JN79PP
QSO: 144300 PH 2009-09-05 1720 DR0P          59  48 JN48HU  5P5T          57  171 JO64GX
QSO: 144300 PH 2009-09-05 1723 DR0P          59  49 JN48HU  DL0FD         59  41 JN49JE 
QSO: 144300 PH 2009-09-05 1727 DR0P          59  50 JN48HU  DL7AFB        59  88 JO62JA 
QSO: 144300 PH 2009-09-05 1811 DR0P          59  51 JN48HU  DR5O          59  118 JO30GU
QSO: 144300 PH 2009-09-05 1817 DR0P          59  52 JN48HU  HB9QT         59  121 JN47BC
QSO: 144300 PH 2009-09-05 1819 DR0P          59  53 JN48HU  DF5GZ/P       59  114 JN47AX
QSO: 144300 PH 2009-09-05 1834 DR0P          59  54 JN48HU  DL0HB         59  133 JO53KB
QSO: 144300 PH 2009-09-05 1838 DR0P          59  55 JN48HU  F8KID         59  245 JN38AT
QSO: 144300 PH 2009-09-05 1846 DR0P          59  56 JN48HU  DJ5HN         59  29 JO40JH 
QSO: 144300 PH 2009-09-05 1848 DR0P          59  57 JN48HU  DL3SDN        59  4 JN48PT  
QSO: 144300 PH 2009-09-05 1848 DR0P          59  58 JN48HU  DF0CI         59  159 JO51CH
QSO: 144300 PH 2009-09-05 1856 DR0P          59  59 JN48HU  DF0XX         59  147 JO52GR
QSO: 144300 PH 2009-09-05 1859 DR0P          59  60 JN48HU  PI4GN         59  244 JO33II
QSO: 144300 PH 2009-09-05 1900 DR0P          59  61 JN48HU  DL0GL         59  144 JO31KP
QSO: 144300 PH 2009-09-05 1909 DR0P          59  62 JN48HU  DL5R          59  75 JN49XR 
QSO: 144300 PH 2009-09-05 1912 DR0P          59  63 JN48HU  PI9CM         59  207 JO22VA
QSO: 144300 PH 2009-09-05 1916 DR0P          59  64 JN48HU  LX7I          59  236 JN29XV
QSO: 144300 PH 2009-09-05 1932 DR0P          59  65 JN48HU  DK0SU         59  66 JN48NR 
QSO: 144300 PH 2009-09-05 1952 DR0P          59  66 JN48HU  DL0BLG        59  214 JN47ET
QSO: 144300 PH 2009-09-05 2001 DR0P          59  67 JN48HU  OE5BGN/P      59  240 JN68WS
QSO: 144300 PH 2009-09-05 2014 DR0P          59  68 JN48HU  PC5T          59  159 JO23KE
QSO: 144300 PH 2009-09-05 2016 DR0P          59  69 JN48HU  DK3TT         59  188 JO41JR
QSO: 144300 PH 2009-09-05 2018 DR0P          59  70 JN48HU  OK1KFB        59  130 JN79BC
QSO: 144300 PH 2009-09-05 2021 DR0P          59  71 JN48HU  DK0UU         59  200 JN48XK
QSO: 144300 PH 2009-09-05 2040 DR0P          59  72 JN48HU  DG7BBQ        59  66 JO43LA 
QSO: 144300 PH 2009-09-05 2043 DR0P          59  73 JN48HU  DM5C          59  108 JO42RG
QSO: 144300 PH 2009-09-05 2045 DR0P          59  74 JN48HU  DL6IAN        59  1 JN49GC  
QSO: 144300 PH 2009-09-05 2045 DR0P          59  75 JN48HU  DL0SAW        59  145 JO52KR
QSO: 144300 PH 2009-09-05 2046 DR0P          59  76 JN48HU  DC4ZS         55  5 JO40BA  
QSO: 144300 PH 2009-09-05 2049 DR0P          59  77 JN48HU  DL2YAJ/P      59  39 JN49GX 
QSO: 144300 PH 2009-09-05 2050 DR0P          59  78 JN48HU  DL6YN         59  18 JO40EB 
QSO: 144300 PH 2009-09-05 2051 DR0P          59  79 JN48HU  DJ1FZ         59  6 JN49EX  
QSO: 144300 PH 2009-09-05 2053 DR0P          59  80 JN48HU  OK1FC         59  186 JN79CP
QSO: 144300 PH 2009-09-05 2055 DR0P          59  81 JN48HU  DK9ZE         59  1 JN49HV  
QSO: 144300 PH 2009-09-05 2056 DR0P          59  82 JN48HU  DL0HN         59  43 JN49ND 
QSO: 144300 PH 2009-09-05 2057 DR0P          59  83 JN48HU  DL2DR         59  82 JO31TO 
QSO: 144300 PH 2009-09-05 2058 DR0P          59  84 JN48HU  DK0FX/P       59  34 JN49FU 
QSO: 144300 PH 2009-09-05 2059 DR0P          59  85 JN48HU  DL0D          59  67 JO31LI 
QSO: 144300 PH 2009-09-05 2100 DR0P          59  86 JN48HU  DL2ZAO        59  9 JN49HT  
QSO: 144300 PH 2009-09-05 2102 DR0P          59  87 JN48HU  DL2A          59  91 JN48NV 
QSO: 144300 PH 2009-09-05 2106 DR0P          59  88 JN48HU  DG6SFU/P      59  21 JN48NQ 
QSO: 144300 PH 2009-09-05 2116 DR0P          59  89 JN48HU  DL3YDP        59  46 JO31NN 
QSO: 144300 PH 2009-09-05 2117 DR0P          59  90 JN48HU  DL2DBR        59  3 JO30XU  
QSO: 144300 PH 2009-09-05 2120 DR0P          59  91 JN48HU  DL8ZAJ        59  26 JO40KD 
QSO: 144300 PH 2009-09-05 2122 DR0P          59  92 JN48HU  DD1OP         59  51 JO42PK 
QSO: 144300 PH 2009-09-05 2125 DR0P          59  93 JN48HU  DL4YDR        59  17 JO32RG 
QSO: 144300 PH 2009-09-05 2126 DR0P          59  94 JN48HU  DF2PN/P       59  77 JO30UG 
QSO: 144300 PH 2009-09-05 2131 DR0P          59  95 JN48HU  DL8AAV        59  104 JO52DH
QSO: 144300 PH 2009-09-05 2138 DR0P          59  96 JN48HU  HA5KDQ        59  316 JN97LN
QSO: 144300 PH 2009-09-05 2140 DR0P          59  97 JN48HU  DL0MZ/P       59  70 JN49CX 
QSO: 144300 PH 2009-09-05 2145 DR0P          59  98 JN48HU  DR5A          59  221 JO30EM
QSO: 144300 PH 2009-09-05 2147 DR0P          59  99 JN48HU  DK0IN/P       59  143 JO41KH
QSO: 144300 PH 2009-09-05 2149 DR0P          59  100 JN48HU PI9A          59  270 JO33DJ
QSO: 144300 PH 2009-09-05 2152 DR0P          59  101 JN48HU PA6NL         59  348 JO21BX
QSO: 144300 PH 2009-09-05 2154 DR0P          59  102 JN48HU DL0FO         59  176 JN59NU
QSO: 144300 PH 2009-09-05 2156 DR0P          59  103 JN48HU OE5MKO        59  271 JN67UT
QSO: 144300 PH 2009-09-05 2205 DR0P          59  104 JN48HU DJ5NQ         59  90 JO50TI 
QSO: 144300 PH 2009-09-05 2212 DR0P          59  105 JN48HU OE1W          59  319 JN77KR
QSO: 144300 PH 2009-09-05 2218 DR0P          59  106 JN48HU OM1DK         59  324 JN87UU
QSO: 144300 PH 2009-09-05 2220 DR0P          59  107 JN48HU SP6TRX        59  118 JO80IL
QSO: 144300 PH 2009-09-05 2223 DR0P          59  108 JN48HU OL7M          59  341 JO80FG
QSO: 144300 PH 2009-09-05 2230 DR0P          59  109 JN48HU F6HPP/P       59  402 JN19PG
QSO: 144300 PH 2009-09-05 2241 DR0P          59  110 JN48HU DL0RN/P       59  112 JO31IK
QSO: 144300 PH 2009-09-05 2243 DR0P          59  111 JN48HU DK0ZB         59  253 JO42ID
QSO: 144300 PH 2009-09-05 2317 DR0P          59  112 JN48HU DK5E          59  167 JO42FA
QSO: 144300 PH 2009-09-05 2326 DR0P          59  113 JN48HU OM6A          59  430 JN99JC
QSO: 144300 PH 2009-09-05 2329 DR0P          59  114 JN48HU OL3Z          59  450 JN79FX
QSO: 144300 PH 2009-09-05 2355 DR0P          59  115 JN48HU HB9EME        59  468 JN36GU
QSO: 144300 PH 2009-09-06 0018 DR0P          59  116 JN48HU DO6WT         59  1 JN47CO  
QSO: 144300 PH 2009-09-06 0020 DR0P          59  117 JN48HU DL1OBF        59  52 JO42PK 
QSO: 144300 PH 2009-09-06 0030 DR0P          59  118 JN48HU OE1ILW/3      59  292 JN77XX
QSO: 144300 PH 2009-09-06 0057 DR0P          59  119 JN48HU DG6MAN        59  80 JN58LQ 
QSO: 144300 PH 2009-09-06 0106 DR0P          59  120 JN48HU OM8A          59  528 JN87WV
QSO: 144300 PH 2009-09-06 0116 DR0P          59  121 JN48HU F4CQY/P       59  352 JN28QJ
QSO: 144300 PH 2009-09-06 0131 DR0P          59  122 JN48HU F5AEG/P       59  237 JN37NV
QSO: 144300 PH 2009-09-06 0147 DR0P          59  123 JN48HU TM0W          59  408 JN36BP
QSO: 144300 PH 2009-09-06 0206 DR0P          59  124 JN48HU DL0EE         59  77 JN49GK 
QSO: 144300 PH 2009-09-06 0219 DR0P          59  125 JN48HU DL0BLA        59  182 JO62PF
QSO: 144300 PH 2009-09-06 0225 DR0P          59  126 JN48HU F6KUP/P       59  283 JN29PD
QSO: 144300 PH 2009-09-06 0237 DR0P          59  127 JN48HU DR800GRZ      59  225 JO60AR
QSO: 144300 PH 2009-09-06 0254 DR0P          59  128 JN48HU DF0XG         59  283 JO51KW
QSO: 144300 PH 2009-09-06 0306 DR0P          59  129 JN48HU DG7SCB        59  121 JN49ND
QSO: 144300 PH 2009-09-06 0307 DR0P          59  130 JN48HU DF0PT         59  105 JO42CC
QSO: 144300 PH 2009-09-06 0308 DR0P          59  131 JN48HU DL0LN         59  104 JO31PW
QSO: 144300 PH 2009-09-06 0310 DR0P          59  132 JN48HU DL0HCG        59  96 JN48KP 
QSO: 144300 PH 2009-09-06 0314 DR0P          59  133 JN48HU DO6NR         59  15 JO50TI 
QSO: 144300 PH 2009-09-06 0317 DR0P          59  134 JN48HU DK1QJ/P       59  179 JO31PX
QSO: 144300 PH 2009-09-06 0319 DR0P          59  135 JN48HU DL3AZI        59  128 JO51MF
QSO: 144300 PH 2009-09-06 0320 DR0P          59  136 JN48HU HB9BHW        59  301 JN47LJ
QSO: 144300 PH 2009-09-06 0323 DR0P          59  137 JN48HU DG8FAY        59  60 JO40GD 
QSO: 144300 PH 2009-09-06 0328 DR0P          59  138 JN48HU DF0YY         59  421 JO62GD
QSO: 144300 PH 2009-09-06 0342 DR0P          59  139 JN48HU DK0PU         59  209 JO31JN
QSO: 144300 PH 2009-09-06 0343 DR0P          59  140 JN48HU DF0MTL        59  328 JO60OM
QSO: 144300 PH 2009-09-06 0345 DR0P          59  141 JN48HU DH8WN         59  210 JO50QU
QSO: 144300 PH 2009-09-06 0347 DR0P          59  142 JN48HU SN7L          59  365 JO70SS
QSO: 144300 PH 2009-09-06 0349 DR0P          59  143 JN48HU OL4K          59  260 JO70TQ
QSO: 144300 PH 2009-09-06 0353 DR0P          59  144 JN48HU DF3CH         59  2 JN49TJ  
QSO: 144300 PH 2009-09-06 0356 DR0P          59  145 JN48HU SN9P          59  108 JO90EA
QSO: 144300 PH 2009-09-06 0359 DR0P          59  146 JN48HU DL5RU         59  65 JN69CL 
QSO: 144300 PH 2009-09-06 0409 DR0P          59  147 JN48HU OE3WMA        59  109 JN78VE
QSO: 144300 PH 2009-09-06 0411 DR0P          59  148 JN48HU OK5T          59  221 JO70LK
QSO: 144300 PH 2009-09-06 0423 DR0P          59  149 JN48HU OE8GVK/P3     59  271 JN88GR
QSO: 144300 PH 2009-09-06 0434 DR0P          59  150 JN48HU OK1RF         59  402 JN79KM
QSO: 144300 PH 2009-09-06 0437 DR0P          59  151 JN48HU OK2KYZ        59  362 JO80NB
QSO: 144300 PH 2009-09-06 0446 DR0P          59  152 JN48HU OE5D          59  334 JN68PC
QSO: 144300 PH 2009-09-06 0506 DR0P          59  153 JN48HU OK1KRY        59  266 JN69MX
QSO: 144300 PH 2009-09-06 0524 DR0P          59  154 JN48HU OK1AR         59  454 JO60RA
QSO: 144300 PH 2009-09-06 0528 DR0P          59  155 JN48HU DJ9WJ         59  73 JO52BQ 
QSO: 144300 PH 2009-09-06 0544 DR0P          59  156 JN48HU F1DVE/P       59  124 JN38EV
QSO: 144300 PH 2009-09-06 0547 DR0P          59  157 JN48HU OK1KFH        59  444 JN69WR
QSO: 144300 PH 2009-09-06 0552 DR0P          59  158 JN48HU OQ4U          59  416 JO20KV
QSO: 144300 PH 2009-09-06 0607 DR0P          59  159 JN48HU OK1GZ         59  203 JO70CG
QSO: 144300 PH 2009-09-06 0610 DR0P          59  160 JN48HU DL4EAX        59  91 JO31IG 
QSO: 144300 PH 2009-09-06 0613 DR0P          59  161 JN48HU DJ8UV         59  150 JO41IN
QSO: 144300 PH 2009-09-06 0617 DR0P          59  162 JN48HU OP7V          59  194 JO10WU
QSO: 144300 PH 2009-09-06 0620 DR0P          59  163 JN48HU DK8FY         59  180 JN48GD
QSO: 144300 PH 2009-09-06 0626 DR0P          59  164 JN48HU DL5MO         59  97 JO50DO 
QSO: 144300 PH 2009-09-06 0630 DR0P          59  165 JN48HU DO4TC/P       59  16 JO30JM 
QSO: 144300 PH 2009-09-06 0634 DR0P          59  166 JN48HU DK2YL         59  67 JN39JG 
QSO: 144300 PH 2009-09-06 0636 DR0P          59  167 JN48HU M2F           55  165 JO02QV
QSO: 144300 PH 2009-09-06 0651 DR0P          59  168 JN48HU DJ7TW         59  24 JN49TB 
QSO: 144300 PH 2009-09-06 0652 DR0P          59  169 JN48HU DL0VLA        59  56 JO60FJ 
QSO: 144300 PH 2009-09-06 0654 DR0P          59  170 JN48HU DL8FL         59  50 JN48XS 
QSO: 144300 PH 2009-09-06 0655 DR0P          59  171 JN48HU DG9KB         59  88 JO30WW 
QSO: 144300 PH 2009-09-06 0657 DR0P          59  172 JN48HU DK7DV         59  70 JO31PL 
QSO: 144300 PH 2009-09-06 0658 DR0P          59  173 JN48HU DJ7UD         59  63 JN48CX 
QSO: 144300 PH 2009-09-06 0701 DR0P          59  174 JN48HU DM4TI         59  54 JO51MD 
QSO: 144300 PH 2009-09-06 0702 DR0P          59  175 JN48HU DL0SWG        57  126 JO63AQ
QSO: 144300 PH 2009-09-06 0704 DR0P          59  176 JN48HU DG3FK         59  42 JO41PG 
QSO: 144300 PH 2009-09-06 0709 DR0P          59  177 JN48HU DG0PF         59  69 JO50DO 
QSO: 144300 PH 2009-09-06 0711 DR0P          59  178 JN48HU DL2FFW        59  63 JO50DO 
QSO: 144300 PH 2009-09-06 0712 DR0P          59  179 JN48HU DL0KU/P       59  94 JO41EM 
QSO: 144300 PH 2009-09-06 0715 DR0P          59  180 JN48HU DD9FJ/P       59  28 JO40KE 
QSO: 144300 PH 2009-09-06 0719 DR0P          59  181 JN48HU DJ5OR         59  20 JO40II 
QSO: 144300 PH 2009-09-06 0723 DR0P          59  182 JN48HU DK4IK         59  1 JN48IV  
QSO: 144300 PH 2009-09-06 0726 DR0P          59  183 JN48HU DF9NP         59  148 JN58LU
QSO: 144300 PH 2009-09-06 0727 DR0P          59  184 JN48HU OK1MA         59  149 JN69JS
QSO: 144300 PH 2009-09-06 0728 DR0P          59  185 JN48HU DF9AL         59  137 JO61GE
QSO: 144300 PH 2009-09-06 0731 DR0P          59  186 JN48HU OK6T          59  180 JO80BJ
QSO: 144300 PH 2009-09-06 0740 DR0P          59  187 JN48HU PE1RLF/P      59  78 JO22VE 
QSO: 144300 PH 2009-09-06 0741 DR0P          59  188 JN48HU DK4SC         59  6 JN49PD  
QSO: 144300 PH 2009-09-06 0742 DR0P          59  189 JN48HU DM2EV         59  23 JO51DC 
QSO: 144300 PH 2009-09-06 0742 DR0P          59  190 JN48HU DL2BMH        59  67 JN49MI 
QSO: 144300 PH 2009-09-06 0747 DR0P          59  191 JN48HU DK0XT/P       59  160 JO31FP
QSO: 144300 PH 2009-09-06 0749 DR0P          59  192 JN48HU DH8WJ         59  104 JN59IE
QSO: 144300 PH 2009-09-06 0755 DR0P          59  193 JN48HU DO2XX         59  129 JO60IX
QSO: 144300 PH 2009-09-06 0758 DR0P          59  194 JN48HU DH1NAI        59  40 JO50TI 
QSO: 144300 PH 2009-09-06 0759 DR0P          59  195 JN48HU DJ7HC         59  180 JN48NI
QSO: 144300 PH 2009-09-06 0800 DR0P          59  196 JN48HU DL8NDS        59  2 JN49XS  
QSO: 144300 PH 2009-09-06 0804 DR0P          59  197 JN48HU DK1CB         59  94 JO53CL 
QSO: 144300 PH 2009-09-06 0807 DR0P          59  198 JN48HU F6KQV         59  107 JN38UN
QSO: 144300 PH 2009-09-06 0808 DR0P          59  199 JN48HU DL0PP         59  44 JN49IX 
QSO: 144300 PH 2009-09-06 0809 DR0P          59  200 JN48HU DO8YX         59  42 JO41FV 
QSO: 144300 PH 2009-09-06 0812 DR0P          59  201 JN48HU DF1PK         59  13 JO30NF 
QSO: 144300 PH 2009-09-06 0814 DR0P          59  202 JN48HU DH1OK         59  38 JN48RW 
QSO: 144300 PH 2009-09-06 0815 DR0P          59  203 JN48HU DD4JC         59  118 JO31MH
QSO: 144300 PH 2009-09-06 0817 DR0P          59  204 JN48HU DF2VJ         59  114 JN39LI
QSO: 144300 PH 2009-09-06 0822 DR0P          59  205 JN48HU DG7ABB/P      59  14 JO41UO 
QSO: 144300 PH 2009-09-06 0824 DR0P          59  206 JN48HU DK2DD         59  1 JN49IG  
QSO: 144300 PH 2009-09-06 0826 DR0P          59  207 JN48HU DO9HL         59  49 JN39PN 
QSO: 144300 PH 2009-09-06 0829 DR0P          59  208 JN48HU DL5JS         59  34 JO31JF 
QSO: 144300 PH 2009-09-06 0830 DR0P          59  209 JN48HU DL4SAV        59  182 JN58BR
QSO: 144300 PH 2009-09-06 0831 DR0P          59  210 JN48HU DF2DB         59  81 JO31TF 
QSO: 144300 PH 2009-09-06 0835 DR0P          59  211 JN48HU DJ5IO         59  49 JO50TI 
QSO: 144300 PH 2009-09-06 0837 DR0P          59  212 JN48HU DK2JX         59  9 JO41OT  
QSO: 144300 PH 2009-09-06 0838 DR0P          59  213 JN48HU DK1VI         59  2 JN49HH  
QSO: 144300 PH 2009-09-06 0839 DR0P          59  214 JN48HU DF5RF         59  16 JO40GD 
QSO: 144300 PH 2009-09-06 0841 DR0P          59  215 JN48HU DJ0SP         59  23 JO32JA 
QSO: 144300 PH 2009-09-06 0843 DR0P          59  216 JN48HU DH2SRM        59  56 JN48QQ 
QSO: 144300 PH 2009-09-06 0847 DR0P          59  217 JN48HU DL9WNM        59  68 JO61GE 
QSO: 144300 PH 2009-09-06 0849 DR0P          59  218 JN48HU DO6FFH        59  6 JO40OL  
QSO: 144300 PH 2009-09-06 0935 DR0P          59  219 JN48HU DL3AMI        59  48 JO50MX 
QSO: 144300 PH 2009-09-06 0938 DR0P          59  220 JN48HU DN2TW         59  1 JN49TB  
QSO: 144300 PH 2009-09-06 0942 DR0P          59  221 JN48HU DF6AD         59  113 JO41XX
QSO: 144300 PH 2009-09-06 0945 DR0P          59  222 JN48HU DK7AW         59  30 JO51ET 
QSO: 144300 PH 2009-09-06 0946 DR0P          59  223 JN48HU DH2FDN/P      59  30 JO40KE 
QSO: 144300 PH 2009-09-06 0947 DR0P          59  224 JN48HU DL9MKA        59  42 JO51SW 
QSO: 144300 PH 2009-09-06 0948 DR0P          59  225 JN48HU DO5AWE        59  88 JO51EA 
QSO: 144300 PH 2009-09-06 0951 DR0P          59  226 JN48HU DN5MHD        59  5 JN48VT  
QSO: 144300 PH 2009-09-06 1002 DR0P          59  227 JN48HU DF8CV/P       59  72 JN59UM 
QSO: 144300 PH 2009-09-06 1003 DR0P          59  228 JN48HU OK5ED         59  233 JO70CD
QSO: 144300 PH 2009-09-06 1007 DR0P          59  229 JN48HU OK1FHA        59  206 JN79LW
QSO: 144300 PH 2009-09-06 1011 DR0P          59  230 JN48HU OK1NWD        59  249 JN69WI
QSO: 144300 PH 2009-09-06 1012 DR0P          59  231 JN48HU OK2KJI        59  307 JN79TI
QSO: 144300 PH 2009-09-06 1017 DR0P          55  232 JN48HU DL6NAL        55  107 JN68RK
QSO: 144300 PH 2009-09-06 1020 DR0P          59  233 JN48HU DL2AKL        59  36 JO51JL 
QSO: 144300 PH 2009-09-06 1022 DR0P          59  234 JN48HU DM2CF         59  51 JO60EM 
QSO: 144300 PH 2009-09-06 1023 DR0P          59  235 JN48HU OK1ONI        59  165 JN69JX
QSO: 144300 PH 2009-09-06 1025 DR0P          59  236 JN48HU DL4NCO        59  28 JO50VH 
QSO: 144300 PH 2009-09-06 1025 DR0P          59  237 JN48HU DJ2NR         59  106 JO50VF
QSO: 144300 PH 2009-09-06 1029 DR0P          59  238 JN48HU DM2GG         59  8 JO51XL  
QSO: 144300 PH 2009-09-06 1033 DR0P          59  239 JN48HU DB8AT         59  36 JO51CP 
QSO: 144300 PH 2009-09-06 1037 DR0P          59  240 JN48HU DL8BEH        59  91 JO42AH 
QSO: 144300 PH 2009-09-06 1039 DR0P          59  241 JN48HU DL1DBR        59  179 JO41BN
QSO: 144300 PH 2009-09-06 1041 DR0P          59  242 JN48HU DK0IZ         59  241 JO43SX
QSO: 144300 PH 2009-09-06 1043 DR0P          59  243 JN48HU DK0NK         59  154 JO61VM
QSO: 144300 PH 2009-09-06 1044 DR0P          59  244 JN48HU DL4MN/P       59  71 JO62FK 
QSO: 144300 PH 2009-09-06 1047 DR0P          59  245 JN48HU DL3YCW        59  123 JO42HA
QSO: 144300 PH 2009-09-06 1052 DR0P          59  246 JN48HU DR3M          59  110 JO43SV
QSO: 144300 PH 2009-09-06 1053 DR0P          59  247 JN48HU DL9DAN        59  93 JO41HM 
QSO: 144300 PH 2009-09-06 1055 DR0P          59  248 JN48HU DO1KUB        59  37 JO40FE 
QSO: 144300 PH 2009-09-06 1057 DR0P          59  249 JN48HU DK2MN         59  62 JO32MC 
QSO: 144300 PH 2009-09-06 1059 DR0P          59  250 JN48HU DL2IAJ        59  2 JN49DN  
QSO: 144300 PH 2009-09-06 1113 DR0P          59  251 JN48HU DL1SUZ        59  164 JO53UN
QSO: 144300 PH 2009-09-06 1115 DR0P          59  252 JN48HU DG6ISR        59  226 JO61PK
QSO: 144300 PH 2009-09-06 1117 DR0P          59  253 JN48HU DL9SFG        59  37 JN58BX 
QSO: 144300 PH 2009-09-06 1118 DR0P          59  254 JN48HU DG9UBF        59  2 JN49GL  
QSO: 144300 PH 2009-09-06 1121 DR0P          59  255 JN48HU DL0DE         59  139 JO60BH
QSO: 144300 PH 2009-09-06 1126 DR0P          59  256 JN48HU DF9FD         59  123 JN49GU
QSO: 144300 PH 2009-09-06 1126 DR0P          59  257 JN48HU DJ4QO         59  34 JO42FB 
QSO: 144300 PH 2009-09-06 1127 DR0P          59  258 JN48HU DL1ASI        59  63 JO50MX 
QSO: 144300 PH 2009-09-06 1128 DR0P          59  259 JN48HU DO1JPG        59  122 JO62GV
QSO: 144300 PH 2009-09-06 1129 DR0P          59  260 JN48HU DM4TNF        59  60 JO61SL 
QSO: 144300 PH 2009-09-06 1132 DR0P          59  261 JN48HU DK6IM         59  18 JN49ST 
QSO: 144300 PH 2009-09-06 1133 DR0P          59  262 JN48HU DL2RSF        59  31 JO61MX 
QSO: 144300 PH 2009-09-06 1135 DR0P          59  263 JN48HU DL0OL/P       59  79 JO43CC 
QSO: 144300 PH 2009-09-06 1136 DR0P          59  264 JN48HU DL1OJ         59  33 JO42QI 
QSO: 144300 PH 2009-09-06 1150 DR0P          59  265 JN48HU DL0GS         59  44 JN39LF 
QSO: 144300 PH 2009-09-06 1200 DR0P          59  266 JN48HU DL8SCD        59  50 JN49ND 
QSO: 144300 PH 2009-09-06 1201 DR0P          59  267 JN48HU DH1OM         59  3 JO31VL  
QSO: 144300 PH 2009-09-06 1203 DR0P          59  268 JN48HU OK2KOJ        55  310 JN79UA
QSO: 144300 PH 2009-09-06 1205 DR0P          59  269 JN48HU DL1ASR        59  47 JO51EK 
QSO: 144300 PH 2009-09-06 1209 DR0P          55  270 JN48HU DL0OJ         59  2 JN49EU  
QSO: 144300 PH 2009-09-06 1209 DR0P          59  271 JN48HU DL3IAF        59  21 JN49IH 
QSO: 144300 PH 2009-09-06 1212 DR0P          59  272 JN48HU ON4AKV/P      55  255 JO20MV
QSO: 144300 PH 2009-09-06 1221 DR0P          59  273 JN48HU OK1VHF        59  241 JO70EB
QSO: 144300 PH 2009-09-06 1225 DR0P          59  274 JN48HU DL0KB         59  354 JN47KW
QSO: 144300 PH 2009-09-06 1233 DR0P          59  275 JN48HU DJ1AA         59  158 JO41XU
QSO: 144300 PH 2009-09-06 1242 DR0P          59  276 JN48HU F0EQE         59  82 JN29VM 
QSO: 144300 PH 2009-09-06 1245 DR0P          59  277 JN48HU DH1WM         59  13 JN49CD 
QSO: 144300 PH 2009-09-06 1246 DR0P          59  278 JN48HU DL1PF/P       52  12 JN49DX 
QSO: 144300 PH 2009-09-06 1247 DR0P          59  279 JN48HU DL1FAA        59  22 JO40NG 
QSO: 144300 PH 2009-09-06 1249 DR0P          59  280 JN48HU DL5ALW        59  127 JO51PD
QSO: 144300 PH 2009-09-06 1252 DR0P          59  281 JN48HU DL1ARH        55  32 JO50LU 
QSO: 144300 PH 2009-09-06 1254 DR0P          59  282 JN48HU DC1SK         59  50 JO51QF 
QSO: 144300 PH 2009-09-06 1257 DR0P          59  283 JN48HU DL9NCI        59  103 JO50WI
QSO: 144300 PH 2009-09-06 1258 DR0P          59  284 JN48HU DL6ATI        59  77 JO51DJ 
QSO: 144300 PH 2009-09-06 1302 DR0P          59  285 JN48HU DH6DAO        59  95 JO41CN 
QSO: 144300 PH 2009-09-06 1305 DR0P          59  286 JN48HU PI4HGV/P      59  311 JO32GO
QSO: 144300 PH 2009-09-06 1315 DR0P          59  287 JN48HU DJ1OB         59  79 JN48OM 
QSO: 144300 PH 2009-09-06 1320 DR0P          59  288 JN48HU DO7MUF        59  145 JO51OG
QSO: 144300 PH 2009-09-06 1324 DR0P          59  289 JN48HU DF0WF         59  406 JO62PW
QSO: 144300 PH 2009-09-06 1331 DR0P          59  290 JN48HU OE3FVU        59  205 JN78VE
QSO: 144300 PH 2009-09-06 1348 DR0P          59  291 JN48HU DK6SK         59  3 JN49QF  
QSO: 144300 PH 2009-09-06 1349 DR0P          59  292 JN48HU DL3LG         59  69 JN49ND 
QSO: 144300 PH 2009-09-06 1350 DR0P          59  293 JN48HU DL5DBT/P      59  135 JO31SN
QSO: 144300 PH 2009-09-06 1352 DR0P          59  294 JN48HU DJ4AX         59  112 JO31OM
END-OF-LOG:
