START-OF-LOG: 3.0
CREATED-BY: reconstructed-log-builder
CONTEST: ARRL-SS-SSB
CALLSIGN: KS3F
LOCATION: 
CATEGORY: CHECKLOG
CATEGORY-OPERATOR: SINGLE-OP
CATEGORY-BAND: ALL
CATEGORY-MODE: MIXED
CATEGORY-POWER: UNKNOWN
CATEGORY-ASSISTED: NON-ASSISTED
CATEGORY-TRANSMITTER: ONE
CATEGORY-STATION: UNKNOWN
CATEGORY-OVERLAY: 
OPERATORS: KS3F
CLAIMED-SCORE: 
CLUB: 
NAME: 
SOAPBOX: RECONSTRUCTED MOCKUP LOG - NOT AN OFFICIAL SUBMISSION.
SOAPBOX: Derived from submitted logs for ARRL-SS-SSB ARRL/arrl_november_phone_sweepstakes/2023.
QSO: 14164 PH 2023-11-19 1806 KS3F          0001 A 69 EPA K0EJ          0580 B 68 TN
QSO: 14184 PH 2023-11-19 1808 KS3F          0002 A 69 EPA AI0Y          0456 U 77 ND
QSO: 14190 PH 2023-11-19 1811 KS3F          0003 A 69 EPA K4QQG         0452 U 19 SC
QSO: 14193 PH 2023-11-19 1812 KS3F          0004 A 69 EPA K4OJ          0264 B 70 WCF
QSO: 14201 PH 2023-11-19 1813 KS3F          0005 A 69 EPA K9PW          0432 U 73 IL
QSO: 14225 PH 2023-11-19 1817 KS3F          0006 A 69 EPA WX4W          0736 M 98 KY
QSO: 14227 PH 2023-11-19 1820 KS3F          0007 A 69 EPA W0EWD         0693 A 77 IA
QSO: 14000 PH 2023-11-19 1825 KS3F          0008 A 69 EPA K4TMC         0353 A 76 NC
QSO: 21254 PH 2023-11-19 1828 KS3F          0009 A 69 EPA AA0FO         0350 B 71 KS
QSO: 21257 PH 2023-11-19 1828 KS3F          0010 A 69 EPA N5RZ          1023 B 69 STX
QSO: 21288 PH 2023-11-19 1830 KS3F          0011 A 69 EPA K0TJT         0176 U 19 MN
QSO: 21292 PH 2023-11-19 1831 KS3F          0012 A 69 EPA K0AD          0509 U 61 MN
QSO: 21299 PH 2023-11-19 1834 KS3F          0013 A 69 EPA K7QA          0505 U 58 MT
QSO: 21311 PH 2023-11-19 1836 KS3F          0014 A 69 EPA ND8L          0260 U 64 NFL
QSO: 21314 PH 2023-11-19 1840 KS3F          0015 A 69 EPA KL7SB         0831 B 76 AK
END-OF-LOG:
