START-OF-LOG: 3.0
CREATED-BY: reconstructed-log-builder
CONTEST: REF Contest
CALLSIGN: F5KDK
LOCATION: 
CATEGORY: CHECKLOG
CATEGORY-OPERATOR: SINGLE-OP
CATEGORY-BAND: ALL
CATEGORY-MODE: MIXED
CATEGORY-POWER: UNKNOWN
CATEGORY-ASSISTED: NON-ASSISTED
CATEGORY-TRANSMITTER: ONE
CATEGORY-STATION: UNKNOWN
CATEGORY-OVERLAY: 
OPERATORS: F5KDK
CLAIMED-SCORE: 
CLUB: 
NAME: 
SOAPBOX: RECONSTRUCTED MOCKUP LOG - NOT AN OFFICIAL SUBMISSION.
SOAPBOX: Derived from submitted logs for REF Contest REF/2016/SSB.
QSO:  3712 PH 2016-02-27 0614 F5KDK         59 24 F5KMB         59 60
QSO:  3500 PH 2016-02-27 0653 F5KDK         59 24 F4HLB/P       59 03
QSO:  3500 PH 2016-02-27 0754 F5KDK         59 24 F5ETA         59 23
QSO:  3500 PH 2016-02-27 0800 F5KDK         59 24 F4FKN         59 87
QSO:  7000 PH 2016-02-27 0831 F5KDK         59 24 IW2OEV        59 048
QSO:  7000 PH 2016-02-27 0833 F5KDK         59 24 F1JFR         59 67
QSO:  7100 PH 2016-02-27 0839 F5KDK         59 24 F4CDR         59 71
QSO:  7000 PH 2016-02-27 0845 F5KDK         59 24 F4GER         59 35
QSO:  7000 PH 2016-02-27 0855 F5KDK         59 24 F1TZE         59 60
QSO:  7000 PH 2016-02-27 0900 F5KDK         59 24 F1UMO         59 62
QSO:  7000 PH 2016-02-27 0909 F5KDK         59 13 F5MSB         59 32
QSO:  7000 PH 2016-02-27 0916 F5KDK         59 24 TM5PU         59 81
QSO:  7000 PH 2016-02-27 0936 F5KDK         59 24 F8NJ          59 85
QSO:  7000 PH 2016-02-27 0942 F5KDK         59 24 F6EKG         59 21
QSO:  7000 PH 2016-02-27 0957 F5KDK         59 24 F1IA          59 13
QSO:  7000 PH 2016-02-27 1013 F5KDK         59 34 F4GPX         59 49
QSO:  7000 PH 2016-02-27 1040 F5KDK         59 24 F6GLJ         59 33
QSO:  7000 PH 2016-02-27 1049 F5KDK         59 24 TM7AR         59 07
QSO:  7000 PH 2016-02-27 1108 F5KDK         59 13 F8AYR         59 47
QSO: 14131 PH 2016-02-27 1156 F5KDK         59 24 UB4WAW        59 035
QSO: 14131 PH 2016-02-27 1208 F5KDK         59 24 RK9CYA        59 2
QSO: 14131 PH 2016-02-27 1253 F5KDK         59 24 R5FU          59 0052
QSO: 21000 PH 2016-02-27 1509 F5KDK         59 24 SV1KYC        59 008
QSO: 14275 PH 2016-02-27 1600 F5KDK         59 24 YP3A          59 0022
QSO: 14000 PH 2016-02-27 1650 F5KDK         59 24 F6HKS         59 81
QSO: 14203 PH 2016-02-27 1741 F5KDK         59 24 LA2ONA        59 0006
QSO:  7104 PH 2016-02-27 1921 F5KDK         59 24 LA2ONA        59 0011
QSO:  3500 PH 2016-02-27 2026 F5KDK         59 24 F5KOU         59 80
QSO:  3500 PH 2016-02-27 2036 F5KDK         59 24 F1ULK         59 19
QSO:  3500 PH 2016-02-27 2055 F5KDK         59 24 F4GER         59 35
QSO:  3500 PH 2016-02-27 2059 F5KDK         59 24 F1HGH         59 13
QSO:  3500 PH 2016-02-27 2122 F5KDK         59 24 TM7AR         59 07
QSO:  7000 PH 2016-02-27 2122 F5KDK         59 24 F5FS          59 24
QSO:  3500 PH 2016-02-27 2127 F5KDK         59 24 F6KNL/P       59 33
QSO:  3500 PH 2016-02-27 2234 F5KDK         59 24 F4GGJ         59 81
QSO:  3500 PH 2016-02-27 2244 F5KDK         59 24 F4HMV         59 22
QSO:  3774 PH 2016-02-27 2303 F5KDK         59 24 HB9FWV        59 0019
QSO:  3500 PH 2016-02-27 2350 F5KDK         59 24 HB9HI         59 095
QSO:  3500 PH 2016-02-28 0700 F5KDK         59 24 F8AOW         59 24
QSO: 14000 PH 2016-02-28 0826 F5KDK         59 24 TA1BX         59 024
QSO: 14000 PH 2016-02-28 0853 F5KDK         59 24 F5RHD         59 62
QSO: 21000 PH 2016-02-28 1029 F5KDK         59 24 TA2ANB        59 0067
QSO: 28000 PH 2016-02-28 1126 F5KDK         59 24 F4IVV         59 38
QSO: 21222 PH 2016-02-28 1203 F5KDK         59 24 SV1PMH        59 134
QSO: 21000 PH 2016-02-28 1237 F5KDK         59 24 RV7M          59 134
QSO: 21000 PH 2016-02-28 1241 F5KDK         59 24 F4IVV         59 38
QSO: 21000 PH 2016-02-28 1332 F5KDK         59 13 FR5CB         59 FR
QSO: 21212 PH 2016-02-28 1335 F5KDK         59 24 R5FU          59 0139
QSO:  7137 PH 2016-02-28 1539 F5KDK         59 24 F4HIK         59 86
QSO:  7000 PH 2016-02-28 1559 F5KDK         59 24 F8KOU/P       59 23
QSO:  7000 PH 2016-02-28 1644 F5KDK         59 24 F6CBA         59 40
QSO:  7000 PH 2016-02-28 1645 F5KDK         59 24 F6KEH         59 34
QSO:  7137 PH 2016-02-28 1645 F5KDK         59 24 F1SMV         59 83
QSO:  3500 PH 2016-02-28 1709 F5KDK         59 24 F5JGY/P       59 46
QSO:  3500 PH 2016-02-28 1721 F5KDK         59 24 F4UKG         59 19
QSO:  3500 PH 2016-02-28 1725 F5KDK         59 13 F8CGM         59 49
QSO:  3670 PH 2016-02-28 1746 F5KDK         59 24 F4HIK         59 86
QSO:  3500 PH 2016-02-28 1754 F5KDK         59 24 F8KOU/P       59 23
END-OF-LOG:
