START-OF-LOG: 3.0
CREATED-BY: HMRA public OK1WC downloader
CONTEST: OK1WC-MEMORIAL
CALLSIGN: OK1RKS
OPERATORS: OK1RKS
CATEGORY: CHK-ALL-MIXED-LOW
CATEGORY-OPERATOR: SINGLE-OP
CATEGORY-BAND: ALL
CATEGORY-MODE: MIXED
CATEGORY-POWER: LOW
SOAPBOX: Recreated from OK1WC Memorial reference table MWC240708.
SOAPBOX: Source publication level: 4.
SOAPBOX: Source: https://memorial-ok1wc.cz/index.php?page=eval3/a_eval3&kolo=619&rocnik=16&tyden=28&jobdate=240708&pub_level=4
QSO:  7000 CW 2024-07-08 1632 OK1RKS        599 1          DL7YS         599 3         
QSO:  7000 CW 2024-07-08 1635 OK1RKS        599 2          OM3FW         599 10        
QSO:  7000 CW 2024-07-08 1635 OK1RKS        599 3          PA3ARM        599 10        
QSO:  7000 CW 2024-07-08 1636 OK1RKS        599 4          OK1RZ         599 10        
QSO:  7000 CW 2024-07-08 1636 OK1RKS        599 5          HG5E          599 21        
QSO:  7000 CW 2024-07-08 1637 OK1RKS        599 6          OK1OA         599 13        
QSO:  7000 CW 2024-07-08 1637 OK1RKS        599 7          SP4TKR        599 20        
QSO:  7000 CW 2024-07-08 1638 OK1RKS        599 8          S52W          599 20        
QSO:  7000 CW 2024-07-08 1639 OK1RKS        599 9          DL2024R       599 10        
QSO:  7000 CW 2024-07-08 1640 OK1RKS        599 10         OK1NU         599 22        
QSO:  7000 CW 2024-07-08 1641 OK1RKS        599 11         DR3W          599 14        
QSO:  7000 CW 2024-07-08 1642 OK1RKS        599 12         SP4DNX        599 20        
QSO:  7000 CW 2024-07-08 1645 OK1RKS        599 13         DF7YE         599 36        
QSO:  7000 CW 2024-07-08 1646 OK1RKS        599 14         OK2EA         599 29        
QSO:  7000 CW 2024-07-08 1648 OK1RKS        599 15         PA3DBS        599 26        
QSO:  7000 CW 2024-07-08 1649 OK1RKS        599 16         OK2IW         599 17        
QSO:  7000 CW 2024-07-08 1650 OK1RKS        599 17         SE5V          599 46        
QSO:  7000 CW 2024-07-08 1652 OK1RKS        599 18         SD6M          599 29        
QSO:  7000 CW 2024-07-08 1652 OK1RKS        599 19         OK1FGD        599 40        
QSO:  7000 CW 2024-07-08 1653 OK1RKS        599 20         HA5MA         599 41        
QSO:  7000 CW 2024-07-08 1653 OK1RKS        599 21         DD5M          599 45        
QSO:  7000 CW 2024-07-08 1654 OK1RKS        599 22         OK2NO         599 48        
QSO:  7000 CW 2024-07-08 1656 OK1RKS        599 23         SQ7M          599 16        
QSO:  7000 CW 2024-07-08 1657 OK1RKS        599 24         DA2K          599 48        
QSO:  7000 CW 2024-07-08 1658 OK1RKS        599 25         DK5DQ         599 48        
QSO:  7000 CW 2024-07-08 1658 OK1RKS        599 26         OL8R          599 84        
QSO:  7000 CW 2024-07-08 1659 OK1RKS        599 27         OK1IBP        599 61        
QSO:  7000 CW 2024-07-08 1700 OK1RKS        599 28         OK1DM         599 42        
QSO:  7000 CW 2024-07-08 1702 OK1RKS        599 29         OK1DOR        599 44        
QSO:  7000 CW 2024-07-08 1702 OK1RKS        599 30         OL4W          599 55        
QSO:  7000 CW 2024-07-08 1703 OK1RKS        599 31         OK2NAJ        599 56        
QSO:  7000 CW 2024-07-08 1704 OK1RKS        599 32         PC0A          599 63        
QSO:  7000 CW 2024-07-08 1704 OK1RKS        599 33         OM5ZW         599 78        
QSO:  3500 CW 2024-07-08 1708 OK1RKS        599 34         OK2BFN        599 65        
QSO:  3500 CW 2024-07-08 1709 OK1RKS        599 35         OK1AY         599 22        
QSO:  3500 CW 2024-07-08 1709 OK1RKS        599 36         OK2PYA        599 45        
QSO:  3500 CW 2024-07-08 1710 OK1RKS        599 37         OK1TD         599 48        
QSO:  3500 CW 2024-07-08 1712 OK1RKS        599 38         OL8R          599 112       
QSO:  3500 CW 2024-07-08 1714 OK1RKS        599 39         OK1FMX        599 54        
QSO:  3500 CW 2024-07-08 1717 OK1RKS        599 40         DA0BCC        599 80        
QSO:  3500 CW 2024-07-08 1718 OK1RKS        599 41         OK1DSZ        599 77        
QSO:  3500 CW 2024-07-08 1719 OK1RKS        599 42         OK1FRD        599 23        
QSO:  3500 CW 2024-07-08 1720 OK1RKS        599 43         OM2KI         599 87        
QSO:  3500 CW 2024-07-08 1721 OK1RKS        599 44         OM5ZW         599 114       
QSO:  3500 CW 2024-07-08 1722 OK1RKS        599 45         SN7Q          599 112       
QSO:  3500 CW 2024-07-08 1724 OK1RKS        599 46         DJ9MH         599 89        
QSO:  3500 CW 2024-07-08 1724 OK1RKS        599 47         SN1T          599 122       
QSO:  3500 CW 2024-07-08 1725 OK1RKS        599 48         OK1DZD        599 17        
END-OF-LOG:
