START-OF-LOG: 3.0
CREATED-BY: ua9qcq-yuri-gagarin-dx-ubn-downloader
CONTEST: YURI-GAGARIN-DX
CALLSIGN: UN4L
CATEGORY-OPERATOR: SINGLE-OP
CATEGORY-BAND: ALL
CATEGORY-MODE: CW
CATEGORY-ASSISTED: 
CATEGORY-TRANSMITTER: ONE
CATEGORY-STATION: 
CATEGORY-POWER: LOW
OPERATORS: UN4L
QSO:  1832 CW 2023-04-08 2107 UN4L          599 30     RC9J          599 21    
QSO:  1831 CW 2023-04-08 2109 UN4L          599 30     UA6CC         599 29    
QSO:  1831 CW 2023-04-08 2109 UN4L          599 30     RA5G          599 29    
QSO:  1831 CW 2023-04-08 2110 UN4L          599 30     RG2X          599 RK    
QSO:  1831 CW 2023-04-08 2111 UN4L          599 30     RA9MX         599 30    
QSO:  1831 CW 2023-04-08 2112 UN4L          599 30     UG8F          599 30    
QSO:  1831 CW 2023-04-08 2112 UN4L          599 30     UA4FCO        599 29    
QSO:  1822 CW 2023-04-08 2114 UN4L          599 30     RW0A          599 SA    
QSO:  1833 CW 2023-04-08 2116 UN4L          599 30     RC6U          599 29    
QSO:  1829 CW 2023-04-08 2116 UN4L          599 30     UA4S          599 29    
QSO:  1820 CW 2023-04-08 2117 UN4L          599 30     RW7F          599 29    
QSO:  1823 CW 2023-04-08 2118 UN4L          599 30     R8TT          599 AU    
QSO:  1833 CW 2023-04-08 2120 UN4L          599 30     RA9MA         599 30    
QSO:  1833 CW 2023-04-08 2121 UN4L          599 30     RD8D          599 30    
QSO:  1833 CW 2023-04-08 2122 UN4L          599 30     UA9D          599 30    
QSO:  3527 CW 2023-04-08 2125 UN4L          599 30     UA4Q          599 30    
QSO:  3527 CW 2023-04-08 2125 UN4L          599 30     R4RN          599 30    
QSO:  3527 CW 2023-04-08 2125 UN4L          599 30     EU1FQ         599 29    
QSO:  3527 CW 2023-04-08 2126 UN4L          599 30     RC9J          599 21    
QSO:  3527 CW 2023-04-08 2126 UN4L          599 30     OG7F          599 18    
QSO:  3527 CW 2023-04-08 2126 UN4L          599 30     UA9SEC        599 30    
QSO:  3527 CW 2023-04-08 2127 UN4L          599 30     R5FQ          599 29    
QSO:  3527 CW 2023-04-08 2127 UN4L          599 30     RA3AN         599 29    
QSO:  3527 CW 2023-04-08 2128 UN4L          599 30     YT6M          599 28    
QSO:  3527 CW 2023-04-08 2128 UN4L          599 30     RN9N          599 30    
QSO:  3527 CW 2023-04-08 2128 UN4L          599 30     RV3A          599 29    
QSO:  3527 CW 2023-04-08 2129 UN4L          599 30     UW1M          599 29    
QSO:  3527 CW 2023-04-08 2129 UN4L          599 30     UA3XFO        599 29    
QSO:  3520 CW 2023-04-08 2131 UN4L          599 30     RW0A          599 SA    
QSO:  3521 CW 2023-04-08 2131 UN4L          599 30     R108M         599 RG    
QSO:  3530 CW 2023-04-08 2132 UN4L          599 30     RW1A          599 29    
QSO:  3530 CW 2023-04-08 2132 UN4L          599 30     R4II          599 29    
QSO:  3530 CW 2023-04-08 2132 UN4L          599 30     RA7M          599 29    
QSO:  3530 CW 2023-04-08 2133 UN4L          599 30     UA3QAM        599 29    
QSO:  3530 CW 2023-04-08 2134 UN4L          599 30     RD8D          599 30    
QSO:  3530 CW 2023-04-08 2134 UN4L          599 30     R8WO          599 30    
QSO:  3530 CW 2023-04-08 2135 UN4L          599 30     D1CW          599 29    
QSO:  3530 CW 2023-04-08 2135 UN4L          599 30     UI7D          599 29    
QSO:  3530 CW 2023-04-08 2136 UN4L          599 30     R3QA          599 29    
QSO:  3530 CW 2023-04-08 2136 UN4L          599 30     UA4HAZ        599 29    
QSO:  3530 CW 2023-04-08 2136 UN4L          599 30     EW8DX         599 29    
QSO:  3530 CW 2023-04-08 2136 UN4L          599 30     R2BP          599 29    
QSO:  3530 CW 2023-04-08 2137 UN4L          599 30     UA9XL         599 20    
QSO:  3530 CW 2023-04-08 2137 UN4L          599 30     UC0A          599 32    
QSO:  3530 CW 2023-04-08 2137 UN4L          599 30     UR7MZ         599 29    
QSO:  3530 CW 2023-04-08 2138 UN4L          599 30     UA4FDL        599 29    
QSO:  3530 CW 2023-04-08 2138 UN4L          599 30     UA4Z          599 29    
QSO:  3530 CW 2023-04-08 2138 UN4L          599 30     UA3QR         599 29    
QSO:  3530 CW 2023-04-08 2139 UN4L          599 30     YT4T          599 28    
QSO:  3530 CW 2023-04-08 2139 UN4L          599 30     RA7E          599 29    
QSO:  3530 CW 2023-04-08 2140 UN4L          599 30     HB9CPS        599 28    
QSO:  3530 CW 2023-04-08 2142 UN4L          599 30     R7KX          599 29    
QSO:  3530 CW 2023-04-08 2142 UN4L          599 30     RA9MX         599 30    
QSO:  3530 CW 2023-04-08 2143 UN4L          599 30     D1AZ          599 29    
QSO:  3530 CW 2023-04-08 2143 UN4L          599 30     RA3YDA        599 29    
QSO:  3530 CW 2023-04-08 2143 UN4L          599 30     UP4L          599 30    
QSO:  3530 CW 2023-04-08 2144 UN4L          599 30     RM5F          599 29    
QSO:  3530 CW 2023-04-08 2145 UN4L          599 30     UA4S          599 29    
QSO:  3532 CW 2023-04-08 2146 UN4L          599 30     RG2X          599 RK    
QSO:  3535 CW 2023-04-08 2148 UN4L          599 30     R8TT          599 AU    
QSO:  3530 CW 2023-04-08 2149 UN4L          599 30     RZ9L          599 30    
QSO:  7020 CW 2023-04-08 2151 UN4L          599 30     PA2A          599 27    
QSO:  7020 CW 2023-04-08 2152 UN4L          599 30     YT1A          599 28    
QSO:  7020 CW 2023-04-08 2152 UN4L          599 30     RW1A          599 29    
QSO:  7020 CW 2023-04-08 2152 UN4L          599 30     RW3RN         599 29    
QSO:  7020 CW 2023-04-08 2152 UN4L          599 30     RG5A/6        599 29    
QSO:  7020 CW 2023-04-08 2153 UN4L          599 30     EW1I          599 29    
QSO:  7020 CW 2023-04-08 2153 UN4L          599 30     YT5M          599 28    
QSO:  7020 CW 2023-04-08 2153 UN4L          599 30     R7AT          599 29    
QSO:  7020 CW 2023-04-08 2153 UN4L          599 30     OL8R          599 28    
QSO:  7020 CW 2023-04-08 2154 UN4L          599 30     RA3AN         599 29    
QSO:  7020 CW 2023-04-08 2154 UN4L          599 30     RX6FJ         599 29    
QSO:  7020 CW 2023-04-08 2154 UN4L          599 30     RN3S          599 29    
QSO:  7020 CW 2023-04-08 2155 UN4L          599 30     DJ1YF         599 28    
QSO:  7020 CW 2023-04-08 2155 UN4L          599 30     R6CW          599 29    
QSO:  7020 CW 2023-04-08 2156 UN4L          599 30     RK3TT         599 29    
QSO:  7021 CW 2023-04-08 2157 UN4L          599 30     RG61PP        599 YG    
QSO:  7020 CW 2023-04-08 2158 UN4L          599 30     OZ6AGX        599 18    
QSO:  7020 CW 2023-04-08 2158 UN4L          599 30     UC7A          599 29    
QSO:  7020 CW 2023-04-08 2159 UN4L          599 30     E77EA         599 28    
QSO:  7020 CW 2023-04-08 2200 UN4L          599 30     DL0OO         599 28    
QSO:  7020 CW 2023-04-08 2200 UN4L          599 30     RT0O          599 32    
QSO:  7020 CW 2023-04-08 2200 UN4L          599 30     HA7UI         599 28    
QSO:  7020 CW 2023-04-08 2201 UN4L          599 30     HG8K          599 28    
QSO:  7020 CW 2023-04-08 2201 UN4L          599 30     RM3TO         599 29    
QSO:  7020 CW 2023-04-08 2201 UN4L          599 30     YT1A          599 28    
QSO:  7020 CW 2023-04-08 2202 UN4L          599 30     RW3VM         599 29    
QSO:  7020 CW 2023-04-08 2203 UN4L          599 30     RN3AM         599 29    
QSO:  7020 CW 2023-04-08 2204 UN4L          599 30     EA5IFY        599 37    
QSO:  7020 CW 2023-04-08 2204 UN4L          599 30     UR7MZ         599 29    
QSO:  7020 CW 2023-04-08 2204 UN4L          599 30     R5FQ          599 29    
QSO:  7020 CW 2023-04-08 2205 UN4L          599 30     YT9WW         599 28    
QSO:  7020 CW 2023-04-08 2205 UN4L          599 30     R7MM          599 29    
QSO:  7020 CW 2023-04-08 2205 UN4L          599 30     RW1A          599 29    
QSO:  7020 CW 2023-04-08 2206 UN4L          599 30     R2AA          599 29    
QSO:  7020 CW 2023-04-08 2206 UN4L          599 30     UC0A          599 32    
QSO:  7020 CW 2023-04-08 2206 UN4L          599 30     RA3YDA        599 29    
QSO:  7020 CW 2023-04-08 2207 UN4L          599 30     RL2D          599 29    
QSO:  7020 CW 2023-04-08 2207 UN4L          599 30     UW1M          599 29    
QSO:  7020 CW 2023-04-08 2208 UN4L          599 30     Z32TO         599 28    
QSO:  7020 CW 2023-04-08 2208 UN4L          599 30     RV3X          599 29    
QSO:  7020 CW 2023-04-08 2209 UN4L          599 30     UA4Z          599 29    
QSO:  7020 CW 2023-04-08 2209 UN4L          599 30     S59AW         599 28    
QSO:  7020 CW 2023-04-08 2209 UN4L          599 30     R0RG          599 32    
QSO:  7020 CW 2023-04-08 2210 UN4L          599 30     RN2FQ         599 29    
QSO:  7020 CW 2023-04-08 2211 UN4L          599 30     OK1PX         599 28    
QSO:  7020 CW 2023-04-08 2211 UN4L          599 30     R3OR          599 29    
QSO:  7020 CW 2023-04-08 2211 UN4L          599 30     R7KX          599 29    
QSO:  7020 CW 2023-04-08 2212 UN4L          599 30     IK6QRH        599 28    
QSO:  7020 CW 2023-04-08 2212 UN4L          599 30     DL1IAO        599 28    
QSO:  7020 CW 2023-04-08 2213 UN4L          599 30     RT5P          599 29    
QSO:  7020 CW 2023-04-08 2214 UN4L          599 30     RW0A          599 SA    
QSO:  7020 CW 2023-04-08 2215 UN4L          599 30     RX3DFL        599 29    
QSO:  7020 CW 2023-04-08 2215 UN4L          599 30     UA3XFO        599 29    
QSO:  7020 CW 2023-04-08 2216 UN4L          599 30     YQ6A          599 28    
QSO:  7014 CW 2023-04-08 2217 UN4L          599 30     YU1RA         599 28    
QSO:  7020 CW 2023-04-08 2217 UN4L          599 30     RC9J          599 21    
QSO:  7020 CW 2023-04-08 2218 UN4L          599 30     RN9U          599 31    
QSO:  7020 CW 2023-04-08 2218 UN4L          599 30     DL4ME         599 28    
QSO:  7029 CW 2023-04-08 2220 UN4L          599 30     E7/Z35M       599 28    
QSO:  1831 CW 2023-04-08 2222 UN4L          599 30     UA4FER        599 29    
QSO:  1837 CW 2023-04-08 2223 UN4L          599 30     UP4L          599 30    
QSO:  1816 CW 2023-04-08 2224 UN4L          599 30     R4RN          599 30    
QSO:  1826 CW 2023-04-08 2225 UN4L          599 30     UN9L          599 30    
QSO:  1827 CW 2023-04-08 2226 UN4L          599 30     UA3QGT        599 29    
QSO:  3530 CW 2023-04-08 2234 UN4L          599 30     R5AG          599 AL    
QSO:  3530 CW 2023-04-08 2234 UN4L          599 30     RV9CVA        599 30    
QSO:  3530 CW 2023-04-08 2234 UN4L          599 30     YT1WA         599 28    
QSO:  3530 CW 2023-04-08 2235 UN4L          599 30     RC1W          599 29    
QSO:  3530 CW 2023-04-08 2235 UN4L          599 30     RA5AD         599 29    
QSO:  3522 CW 2023-04-08 2236 UN4L          599 30     RG61PP        599 YG    
QSO:  3530 CW 2023-04-08 2237 UN4L          599 30     RN3AM         599 29    
QSO:  3530 CW 2023-04-08 2237 UN4L          599 30     UI8C          599 30    
QSO:  3530 CW 2023-04-08 2237 UN4L          599 30     RO5X          599 29    
QSO:  3530 CW 2023-04-08 2238 UN4L          599 30     RA6WF         599 29    
QSO:  3530 CW 2023-04-08 2238 UN4L          599 30     RA3NC         599 29    
QSO:  3530 CW 2023-04-08 2238 UN4L          599 30     EV6Z          599 29    
QSO:  3530 CW 2023-04-08 2238 UN4L          599 30     DF5EG         599 28    
QSO:  3530 CW 2023-04-08 2239 UN4L          599 30     RL2H          599 29    
QSO:  3530 CW 2023-04-08 2239 UN4L          599 30     HA7RY         599 28    
QSO:  3530 CW 2023-04-08 2239 UN4L          599 30     R6CW          599 29    
QSO:  3530 CW 2023-04-08 2240 UN4L          599 30     S59AW         599 28    
QSO:  3516 CW 2023-04-08 2241 UN4L          599 30     UW1M          599 29    
QSO:  3530 CW 2023-04-08 2241 UN4L          599 30     RG2Y          599 29    
QSO:  3530 CW 2023-04-08 2241 UN4L          599 30     S57DX         599 28    
QSO:  3530 CW 2023-04-08 2242 UN4L          599 30     SD4W          599 18    
QSO:  3530 CW 2023-04-08 2242 UN4L          599 30     UA4AGT        599 29    
QSO:  3530 CW 2023-04-08 2243 UN4L          599 30     RT2X          599 29    
QSO:  3530 CW 2023-04-08 2244 UN4L          599 30     RA9MA         599 30    
QSO:  3530 CW 2023-04-08 2244 UN4L          599 30     UA6CC         599 29    
QSO:  3530 CW 2023-04-08 2245 UN4L          599 30     DL4ME         599 28    
QSO:  3530 CW 2023-04-08 2245 UN4L          599 30     RU4AA         599 29    
QSO:  3530 CW 2023-04-08 2245 UN4L          599 30     RN3S          599 29    
QSO:  3530 CW 2023-04-08 2246 UN4L          599 30     RG5A/6        599 29    
QSO:  3530 CW 2023-04-08 2247 UN4L          599 30     RA5G          599 29    
QSO:  3530 CW 2023-04-08 2248 UN4L          599 30     UA6YH         599 29    
QSO:  3530 CW 2023-04-08 2249 UN4L          599 30     LZ1QN         599 28    
QSO:  3530 CW 2023-04-08 2249 UN4L          599 30     UA1ZZ         599 19    
QSO:  3530 CW 2023-04-08 2251 UN4L          599 30     R2PU          599 29    
QSO:  3530 CW 2023-04-08 2251 UN4L          599 30     RT5P          599 29    
QSO:  3530 CW 2023-04-08 2252 UN4L          599 30     YU5T          599 28    
QSO:  1821 CW 2023-04-08 2255 UN4L          599 30     RN9N          599 30    
QSO:  1834 CW 2023-04-08 2257 UN4L          599 30     R3XX          599 29    
QSO:  1836 CW 2023-04-08 2258 UN4L          599 30     RG9A          599 30    
QSO:  1828 CW 2023-04-08 2258 UN4L          599 30     RM2D          599 29    
QSO:  7020 CW 2023-04-08 2300 UN4L          599 30     YU7KW         599 28    
QSO:  7020 CW 2023-04-08 2301 UN4L          599 30     RG2X          599 RK    
QSO:  7020 CW 2023-04-08 2303 UN4L          599 30     LZ1QN         599 28    
QSO:  7020 CW 2023-04-08 2304 UN4L          599 30     R3QA          599 29    
QSO:  7020 CW 2023-04-08 2304 UN4L          599 30     R2VA          599 PC    
QSO:  7020 CW 2023-04-08 2304 UN4L          599 30     R5QQ          599 29    
QSO:  7020 CW 2023-04-08 2304 UN4L          599 30     UA6GO         599 29    
QSO:  7020 CW 2023-04-08 2305 UN4L          599 30     G4FJW         599 27    
QSO:  7020 CW 2023-04-08 2305 UN4L          599 30     YU1YV         599 28    
QSO:  7020 CW 2023-04-08 2306 UN4L          599 30     RT1Q          599 29    
QSO:  7020 CW 2023-04-08 2307 UN4L          599 30     R0SBI         599 32    
QSO:  7020 CW 2023-04-08 2307 UN4L          599 30     DL1USB        599 28    
QSO:  7016 CW 2023-04-08 2308 UN4L          599 30     R8TT          599 AU    
QSO:  7020 CW 2023-04-08 2310 UN4L          599 30     YT6M          599 28    
QSO:  7020 CW 2023-04-08 2310 UN4L          599 30     UI7D          599 29    
QSO:  7020 CW 2023-04-08 2311 UN4L          599 30     EA1X          599 37    
QSO:  7020 CW 2023-04-08 2311 UN4L          599 30     R3ZP          599 29    
QSO:  7020 CW 2023-04-08 2311 UN4L          599 30     RK4CYW        599 29    
QSO:  7020 CW 2023-04-08 2312 UN4L          599 30     R1NW          599 19    
QSO:  7020 CW 2023-04-08 2312 UN4L          599 30     UA0SU         599 32    
QSO:  7020 CW 2023-04-08 2314 UN4L          599 30     EX8MJ         599 30    
QSO:  7020 CW 2023-04-08 2315 UN4L          599 30     9A3YT         599 28    
QSO:  7020 CW 2023-04-08 2315 UN4L          599 30     RM1T          599 29    
QSO:  7020 CW 2023-04-08 2316 UN4L          599 30     NA1NA         599 08    
QSO:  7020 CW 2023-04-08 2317 UN4L          599 30     DL1ROT        599 28    
QSO:  7020 CW 2023-04-08 2317 UN4L          599 30     HA1BC         599 28    
QSO:  7020 CW 2023-04-08 2318 UN4L          599 30     RK3P          599 29    
QSO:  7020 CW 2023-04-08 2319 UN4L          599 30     OK7CM         599 28    
QSO:  7020 CW 2023-04-08 2320 UN4L          599 30     UB7K          599 29    
QSO:  7020 CW 2023-04-08 2321 UN4L          599 30     R7RF          599 29    
QSO:  7020 CW 2023-04-08 2321 UN4L          599 30     RT3F          599 CP    
QSO:  7020 CW 2023-04-08 2321 UN4L          599 30     EV6Z          599 29    
QSO:  7013 CW 2023-04-08 2323 UN4L          599 30     R108M         599 RG    
QSO:  7007 CW 2023-04-08 2324 UN4L          599 30     SD4W          599 18    
QSO:  7007 CW 2023-04-08 2324 UN4L          599 30     RG9A          599 30    
QSO:  7007 CW 2023-04-08 2325 UN4L          599 30     UA7KA         599 29    
QSO:  7007 CW 2023-04-08 2326 UN4L          599 30     OM3TBG        599 28    
QSO:  7007 CW 2023-04-08 2326 UN4L          599 30     RA9MA         599 30    
QSO:  7007 CW 2023-04-08 2327 UN4L          599 30     D0AG          599 29    
QSO:  7007 CW 2023-04-08 2327 UN4L          599 30     OK5ET         599 28    
QSO:  7007 CW 2023-04-08 2328 UN4L          599 30     DF5EG         599 28    
QSO:  7015 CW 2023-04-08 2329 UN4L          599 30     LZ3ZZ         599 28    
QSO:  7023 CW 2023-04-08 2330 UN4L          599 30     RM5F          599 29    
QSO:  7013 CW 2023-04-08 2331 UN4L          599 30     RK3ER         599 29    
QSO:  1830 CW 2023-04-08 2333 UN4L          599 30     RG61PP        599 YG    
QSO:  3530 CW 2023-04-08 2340 UN4L          599 30     RT3F          599 CP    
QSO:  3530 CW 2023-04-08 2340 UN4L          599 30     RK4CYW        599 29    
QSO:  3530 CW 2023-04-08 2340 UN4L          599 30     R7RF          599 29    
QSO:  3530 CW 2023-04-08 2341 UN4L          599 30     DF1MM         599 28    
QSO:  3530 CW 2023-04-08 2341 UN4L          599 30     RK3DK         599 29    
QSO:  3530 CW 2023-04-08 2341 UN4L          599 30     R4OF          599 29    
QSO:  3530 CW 2023-04-08 2342 UN4L          599 30     EU6RO         599 29    
QSO:  3530 CW 2023-04-08 2342 UN4L          599 30     UB7K          599 29    
QSO:  3530 CW 2023-04-08 2342 UN4L          599 30     R4BZ          599 29    
QSO:  3530 CW 2023-04-08 2342 UN4L          599 30     R7MM          599 29    
QSO:  3530 CW 2023-04-08 2343 UN4L          599 30     R3EA          599 29    
QSO:  3530 CW 2023-04-08 2343 UN4L          599 30     EW1I          599 29    
QSO:  3530 CW 2023-04-08 2343 UN4L          599 30     DL4CF         599 28    
QSO:  3530 CW 2023-04-08 2344 UN4L          599 30     DL6KWN        599 28    
QSO:  3530 CW 2023-04-08 2344 UN4L          599 30     YU1FG         599 28    
QSO:  3530 CW 2023-04-08 2345 UN4L          599 30     S52WD         599 28    
QSO:  3530 CW 2023-04-08 2345 UN4L          599 30     RN9U          599 31    
QSO:  3530 CW 2023-04-08 2346 UN4L          599 30     UA3YMO        599 29    
QSO:  3530 CW 2023-04-08 2346 UN4L          599 30     RA9Y          599 31    
QSO:  3530 CW 2023-04-08 2347 UN4L          599 30     RA9SN         599 30    
QSO:  3530 CW 2023-04-08 2347 UN4L          599 30     UA3QGT        599 29    
QSO:  3530 CW 2023-04-08 2348 UN4L          599 30     OK2EA         599 28    
QSO:  3530 CW 2023-04-08 2348 UN4L          599 30     RA9AP         599 30    
QSO:  3530 CW 2023-04-08 2350 UN4L          599 30     UA6JQ         599 29    
QSO:  3530 CW 2023-04-08 2350 UN4L          599 30     R9MA          599 31    
QSO:  3521 CW 2023-04-08 2352 UN4L          599 30     RJ1O          599 KP    
QSO:  3530 CW 2023-04-08 2356 UN4L          599 30     OL8R          599 28    
QSO:  3530 CW 2023-04-08 2356 UN4L          599 30     YQ6A          599 28    
QSO:  3540 CW 2023-04-08 2358 UN4L          599 30     R2VA          599 PC    
QSO:  3537 CW 2023-04-08 2359 UN4L          599 30     UN9L          599 30    
QSO:  3530 CW 2023-04-09 0000 UN4L          599 30     RG9A          599 30    
QSO:  3530 CW 2023-04-09 0000 UN4L          599 30     RK3P          599 29    
QSO:  3530 CW 2023-04-09 0002 UN4L          599 30     RA4HBS        599 30    
QSO:  3530 CW 2023-04-09 0002 UN4L          599 30     RA3DSV        599 29    
QSO:  3533 CW 2023-04-09 0004 UN4L          599 30     UN7LAN        599 30    
QSO:  1832 CW 2023-04-09 0006 UN4L          599 30     UR7MZ         599 29    
QSO:  1833 CW 2023-04-09 0008 UN4L          599 30     R9MA          599 31    
QSO: 14015 CW 2023-04-09 0013 UN4L          599 30     RW0A          599 SA    
QSO:  7027 CW 2023-04-09 0015 UN4L          599 30     RA9MX         599 30    
QSO:  7027 CW 2023-04-09 0016 UN4L          599 30     ON3RO         599 27    
QSO:  7027 CW 2023-04-09 0017 UN4L          599 30     HA7RY         599 28    
QSO:  7027 CW 2023-04-09 0017 UN4L          599 30     RD3FT         599 29    
QSO:  7027 CW 2023-04-09 0020 UN4L          599 30     PG7R          599 27    
QSO:  7011 CW 2023-04-09 0022 UN4L          599 30     RD0A          599 32    
QSO:  7017 CW 2023-04-09 0023 UN4L          599 30     UC1A          599 29    
QSO:  3529 CW 2023-04-09 0028 UN4L          599 30     UA4WW         599 30    
QSO:  3529 CW 2023-04-09 0029 UN4L          599 30     R8CT          599 30    
QSO:  3529 CW 2023-04-09 0030 UN4L          599 30     RW9DX         599 30    
QSO:  3529 CW 2023-04-09 0030 UN4L          599 30     R4WDX         599 30    
QSO:  3529 CW 2023-04-09 0033 UN4L          599 30     UN7CAW        599 30    
QSO:  3529 CW 2023-04-09 0038 UN4L          599 30     RC6U          599 29    
QSO:  3536 CW 2023-04-09 0040 UN4L          599 30     HA2KMR        599 28    
QSO:  3530 CW 2023-04-09 0041 UN4L          599 30     RX3AEX        599 29    
QSO:  3524 CW 2023-04-09 0042 UN4L          599 30     R4ACY         599 29    
QSO:  3519 CW 2023-04-09 0043 UN4L          599 30     RV3AJ         599 29    
QSO:  3517 CW 2023-04-09 0043 UN4L          599 30     UG8F          599 30    
QSO:  3514 CW 2023-04-09 0044 UN4L          599 30     LZ5XQ         599 28    
QSO:  3511 CW 2023-04-09 0044 UN4L          599 30     HA1DAE        599 28    
QSO:  3523 CW 2023-04-09 0046 UN4L          599 30     RT4D          599 MP    
QSO:  7020 CW 2023-04-09 0049 UN4L          599 30     RD8D          599 30    
QSO:  7020 CW 2023-04-09 0049 UN4L          599 30     UA6CC         599 29    
QSO:  7020 CW 2023-04-09 0051 UN4L          599 30     R9MA          599 31    
QSO:  7020 CW 2023-04-09 0051 UN4L          599 30     RK3DK         599 29    
QSO:  7020 CW 2023-04-09 0052 UN4L          599 30     UN7FW         599 31    
QSO:  7020 CW 2023-04-09 0052 UN4L          599 30     UA4AGT        599 29    
QSO:  7020 CW 2023-04-09 0052 UN4L          599 30     OE5TXF        599 28    
QSO:  7020 CW 2023-04-09 0053 UN4L          599 30     UA4WW         599 30    
QSO:  7020 CW 2023-04-09 0053 UN4L          599 30     RN9N          599 30    
QSO:  7020 CW 2023-04-09 0054 UN4L          599 30     UA4S          599 29    
QSO:  7020 CW 2023-04-09 0054 UN4L          599 30     RW9MZ         599 30    
QSO:  7020 CW 2023-04-09 0054 UN4L          599 30     EW8DX         599 29    
QSO:  7020 CW 2023-04-09 0054 UN4L          599 30     R4ACY         599 29    
QSO:  7020 CW 2023-04-09 0055 UN4L          599 30     RT2X          599 29    
QSO:  7020 CW 2023-04-09 0055 UN4L          599 30     RC6U          599 29    
QSO:  7020 CW 2023-04-09 0056 UN4L          599 30     RA3NC         599 29    
QSO:  7020 CW 2023-04-09 0059 UN4L          599 30     OM0EE         599 28    
QSO:  3512 CW 2023-04-09 0100 UN4L          599 30     RU6CO         599 29    
QSO:  7020 CW 2023-04-09 0104 UN4L          599 30     RA5G          599 29    
QSO:  7019 CW 2023-04-09 0104 UN4L          599 30     HA2KMR        599 28    
QSO:  7010 CW 2023-04-09 0105 UN4L          599 30     RV3ZN         599 29    
QSO: 14011 CW 2023-04-09 0113 UN4L          599 30     UP4L          599 30    
QSO: 14015 CW 2023-04-09 0114 UN4L          599 30     UA0UV         599 33    
QSO: 14018 CW 2023-04-09 0117 UN4L          599 30     RW0AJ         599 32    
QSO:  7021 CW 2023-04-09 0122 UN4L          599 30     R4WDX         599 30    
QSO:  7021 CW 2023-04-09 0123 UN4L          599 30     RZ9L          599 30    
QSO:  7021 CW 2023-04-09 0123 UN4L          599 30     RO9L          599 30    
QSO:  7021 CW 2023-04-09 0124 UN4L          599 30     UA4LCC        599 29    
QSO:  7021 CW 2023-04-09 0124 UN4L          599 30     RZ9UO         599 31    
QSO:  7021 CW 2023-04-09 0125 UN4L          599 30     RW9DX         599 30    
QSO:  7021 CW 2023-04-09 0126 UN4L          599 30     DJ9IE         599 28    
QSO:  7021 CW 2023-04-09 0128 UN4L          599 30     R4RN          599 30    
QSO:  7021 CW 2023-04-09 0129 UN4L          599 30     UA9SEC        599 30    
QSO:  7021 CW 2023-04-09 0132 UN4L          599 30     RA5AD         599 29    
QSO:  7021 CW 2023-04-09 0132 UN4L          599 30     UA3QAM        599 29    
QSO:  7021 CW 2023-04-09 0133 UN4L          599 30     IK0HBN        599 28    
QSO:  7021 CW 2023-04-09 0134 UN4L          599 30     UA6AKD        599 29    
QSO:  7009 CW 2023-04-09 0135 UN4L          599 30     HG6O          599 28    
QSO:  7011 CW 2023-04-09 0136 UN4L          599 30     HA6NL         599 28    
QSO:  7011 CW 2023-04-09 0136 UN4L          599 30     HA1DAE        599 28    
QSO:  7031 CW 2023-04-09 0137 UN4L          599 30     UA9CUJ        599 30    
QSO:  7036 CW 2023-04-09 0138 UN4L          599 30     RA9Y          599 31    
QSO:  7028 CW 2023-04-09 0138 UN4L          599 30     R8CT          599 30    
QSO:  7004 CW 2023-04-09 0139 UN4L          599 30     RX3AEX        599 29    
QSO:  7020 CW 2023-04-09 0140 UN4L          599 30     RT2C          599 CU    
QSO:  7026 CW 2023-04-09 0141 UN4L          599 30     RW0AJ         599 32    
QSO: 14004 CW 2023-04-09 0144 UN4L          599 30     R0RT          599 32    
QSO: 14013 CW 2023-04-09 0148 UN4L          599 30     RT0O          599 32    
QSO: 14014 CW 2023-04-09 0148 UN4L          599 30     UA0D          599 33    
QSO: 14029 CW 2023-04-09 0150 UN4L          599 30     W2MV          599 08    
QSO: 21010 CW 2023-04-09 0151 UN4L          599 30     RW0A          599 SA    
QSO: 14029 CW 2023-04-09 0154 UN4L          599 30     W8FJ          599 05    
QSO: 14029 CW 2023-04-09 0155 UN4L          599 30     RW0J          599 KV    
QSO: 14012 CW 2023-04-09 0200 UN4L          599 30     R9OK          599 31    
QSO: 14025 CW 2023-04-09 0200 UN4L          599 30     RZ9UO         599 31    
QSO: 14029 CW 2023-04-09 0201 UN4L          599 30     RN9U          599 31    
QSO: 14029 CW 2023-04-09 0208 UN4L          599 30     NA1NA         599 08    
QSO: 14029 CW 2023-04-09 0208 UN4L          599 30     RD0A          599 32    
QSO: 14029 CW 2023-04-09 0209 UN4L          599 30     PY2BBQ        599 15    
QSO: 14029 CW 2023-04-09 0210 UN4L          599 30     RV9UDO        599 31    
QSO: 14017 CW 2023-04-09 0212 UN4L          599 30     R8TT          599 AU    
QSO: 14029 CW 2023-04-09 0213 UN4L          599 30     UC0A          599 32    
QSO: 14029 CW 2023-04-09 0214 UN4L          599 30     UA4S          599 29    
QSO: 14009 CW 2023-04-09 0219 UN4L          599 30     UA0QNV        599 23    
QSO: 14030 CW 2023-04-09 0221 UN4L          599 30     RA3AN         599 29    
QSO: 14030 CW 2023-04-09 0226 UN4L          599 30     UW1M          599 29    
QSO: 14030 CW 2023-04-09 0227 UN4L          599 30     RC6U          599 29    
QSO: 14032 CW 2023-04-09 0231 UN4L          599 30     RT3F          599 CP    
QSO: 14001 CW 2023-04-09 0231 UN4L          599 30     RG61PP        599 YG    
QSO: 14030 CW 2023-04-09 0235 UN4L          599 30     RK3DK         599 29    
QSO: 14030 CW 2023-04-09 0236 UN4L          599 30     UA4Z          599 29    
QSO: 14008 CW 2023-04-09 0237 UN4L          599 30     UA0QN         599 23    
QSO: 14030 CW 2023-04-09 0239 UN4L          599 30     RK2M          599 29    
QSO: 14030 CW 2023-04-09 0240 UN4L          599 30     R7MM          599 29    
QSO: 14030 CW 2023-04-09 0240 UN4L          599 30     UB8Y          599 31    
QSO: 14030 CW 2023-04-09 0241 UN4L          599 30     UC5C          599 29    
QSO: 14030 CW 2023-04-09 0241 UN4L          599 30     RA3NC         599 29    
QSO: 14030 CW 2023-04-09 0241 UN4L          599 30     PY3AU         599 15    
QSO: 14023 CW 2023-04-09 0243 UN4L          599 30     RC9J          599 21    
QSO: 14009 CW 2023-04-09 0246 UN4L          599 30     R9LY          599 30    
QSO: 14014 CW 2023-04-09 0246 UN4L          599 30     R9YC          599 31    
QSO: 14019 CW 2023-04-09 0247 UN4L          599 30     RA7A          599 29    
QSO: 14030 CW 2023-04-09 0249 UN4L          599 30     D0AG          599 29    
QSO: 14030 CW 2023-04-09 0251 UN4L          599 30     RX3AEX        599 29    
QSO: 14030 CW 2023-04-09 0253 UN4L          599 30     UR7MZ         599 29    
QSO: 14030 CW 2023-04-09 0254 UN4L          599 30     UA6LCJ        599 29    
QSO: 14030 CW 2023-04-09 0256 UN4L          599 30     RG5A/6        599 29    
QSO: 14030 CW 2023-04-09 0259 UN4L          599 30     VE9ML         599 09    
QSO: 14030 CW 2023-04-09 0301 UN4L          599 30     RT5Q          599 29    
QSO: 14030 CW 2023-04-09 0302 UN4L          599 30     HG6O          599 28    
QSO: 14030 CW 2023-04-09 0303 UN4L          599 30     EW3DI         599 29    
QSO: 14030 CW 2023-04-09 0303 UN4L          599 30     EW8DX         599 29    
QSO: 14030 CW 2023-04-09 0305 UN4L          599 30     RX6FJ         599 29    
QSO: 14030 CW 2023-04-09 0305 UN4L          599 30     R2PU          599 29    
QSO: 14030 CW 2023-04-09 0305 UN4L          599 30     UA3SDN        599 29    
QSO: 14030 CW 2023-04-09 0305 UN4L          599 30     RT4D          599 MP    
QSO: 14030 CW 2023-04-09 0306 UN4L          599 30     RN6AT         599 29    
QSO: 14030 CW 2023-04-09 0310 UN4L          599 30     RA4CL         599 29    
QSO: 14030 CW 2023-04-09 0311 UN4L          599 30     VA3TNM        599 04    
QSO: 14030 CW 2023-04-09 0313 UN4L          599 30     R3OM          599 29    
QSO: 14030 CW 2023-04-09 0316 UN4L          599 30     RN3AM         599 29    
QSO: 14030 CW 2023-04-09 0320 UN4L          599 30     R3OR          599 29    
QSO: 14030 CW 2023-04-09 0320 UN4L          599 30     RW3VM         599 29    
QSO: 14030 CW 2023-04-09 0321 UN4L          599 30     UG4A          599 29    
QSO: 14030 CW 2023-04-09 0321 UN4L          599 30     UA0OK         599 32    
QSO: 14030 CW 2023-04-09 0322 UN4L          599 30     UT7MR         599 29    
QSO: 14030 CW 2023-04-09 0322 UN4L          599 30     IV3UHL        599 28    
QSO: 21020 CW 2023-04-09 0328 UN4L          599 30     UA0UV         599 33    
QSO: 14030 CW 2023-04-09 0328 UN4L          599 30     R9JAP         599 20    
QSO: 21014 CW 2023-04-09 0329 UN4L          599 30     R0AK          599 30    
QSO: 14030 CW 2023-04-09 0330 UN4L          599 30     R2OM          599 29    
QSO: 14030 CW 2023-04-09 0331 UN4L          599 30     UA4CNJ        599 29    
QSO: 14030 CW 2023-04-09 0332 UN4L          599 30     RA9Y          599 31    
QSO: 21019 CW 2023-04-09 0333 UN4L          599 30     R0RG          599 32    
QSO: 14030 CW 2023-04-09 0333 UN4L          599 30     D1WA          599 29    
QSO: 21014 CW 2023-04-09 0337 UN4L          599 30     RW0AJ         599 32    
QSO: 14030 CW 2023-04-09 0338 UN4L          599 30     EW4GL         599 29    
QSO: 14030 CW 2023-04-09 0338 UN4L          599 30     RA3DGH        599 29    
QSO: 21017 CW 2023-04-09 0339 UN4L          599 30     UD8V          599 31    
QSO: 14030 CW 2023-04-09 0342 UN4L          599 30     RX3DFL        599 29    
QSO: 14030 CW 2023-04-09 0344 UN4L          599 30     HG4I          599 28    
QSO: 14030 CW 2023-04-09 0345 UN4L          599 30     EW8OM         599 29    
QSO: 14030 CW 2023-04-09 0345 UN4L          599 30     R3QA          599 29    
QSO: 14030 CW 2023-04-09 0346 UN4L          599 30     RT6N          599 29    
QSO: 14030 CW 2023-04-09 0347 UN4L          599 30     LZ1DQ         599 28    
QSO: 14017 CW 2023-04-09 0349 UN4L          599 30     RT1I          599 20    
QSO: 14030 CW 2023-04-09 0352 UN4L          599 30     RL2H          599 29    
QSO: 14030 CW 2023-04-09 0352 UN4L          599 30     RY2A          599 29    
QSO: 14021 CW 2023-04-09 0354 UN4L          599 30     RT2C          599 CU    
QSO: 14030 CW 2023-04-09 0355 UN4L          599 30     YT4W          599 28    
QSO: 28021 CW 2023-04-09 0402 UN4L          599 30     RC0CD         599 34    
QSO: 28018 CW 2023-04-09 0404 UN4L          599 30     UA9LAO        599 30    
QSO: 21025 CW 2023-04-09 0408 UN4L          599 30     HA7UI         599 28    
QSO: 21025 CW 2023-04-09 0408 UN4L          599 30     UA0D          599 33    
QSO: 21014 CW 2023-04-09 0413 UN4L          599 30     LZ86IV        599 28    
QSO: 21014 CW 2023-04-09 0414 UN4L          599 30     R7AW          599 29    
QSO: 21015 CW 2023-04-09 0414 UN4L          599 30     RT0O          599 32    
QSO: 21020 CW 2023-04-09 0415 UN4L          599 30     RZ9L          599 30    
QSO: 14030 CW 2023-04-09 0418 UN4L          599 30     RA5G          599 29    
QSO: 14030 CW 2023-04-09 0418 UN4L          599 30     UR5AW         599 29    
QSO: 14030 CW 2023-04-09 0418 UN4L          599 30     UA4LCC        599 29    
QSO: 14030 CW 2023-04-09 0419 UN4L          599 30     R7RF          599 29    
QSO: 14030 CW 2023-04-09 0421 UN4L          599 30     RW9MZ         599 30    
QSO: 28029 CW 2023-04-09 0424 UN4L          599 30     RM0F          599 34    
QSO: 14030 CW 2023-04-09 0425 UN4L          599 30     RW9DX         599 30    
QSO: 14030 CW 2023-04-09 0426 UN4L          599 30     R3XCJ         599 29    
QSO: 14030 CW 2023-04-09 0426 UN4L          599 30     UA5R          599 29    
QSO: 14030 CW 2023-04-09 0427 UN4L          599 30     RA9MA         599 30    
QSO: 14030 CW 2023-04-09 0427 UN4L          599 30     NA3M          599 08    
QSO: 14030 CW 2023-04-09 0427 UN4L          599 30     PA3DZM        599 27    
QSO: 14030 CW 2023-04-09 0428 UN4L          599 30     LZ2MP         599 28    
QSO: 14030 CW 2023-04-09 0429 UN4L          599 30     N2NT          599 08    
QSO: 14030 CW 2023-04-09 0429 UN4L          599 30     R5QQ          599 29    
QSO: 14030 CW 2023-04-09 0432 UN4L          599 30     EU1ST         599 29    
QSO: 14027 CW 2023-04-09 0434 UN4L          599 30     RJ1O          599 KP    
QSO: 14030 CW 2023-04-09 0434 UN4L          599 30     OM3YCA        599 28    
QSO: 14030 CW 2023-04-09 0435 UN4L          599 30     RW3AI         599 29    
QSO: 14030 CW 2023-04-09 0435 UN4L          599 30     RL3F          599 29    
QSO: 14030 CW 2023-04-09 0436 UN4L          599 30     RA5AD         599 29    
QSO: 14030 CW 2023-04-09 0436 UN4L          599 30     PA3AAV        599 27    
QSO: 14025 CW 2023-04-09 0437 UN4L          599 30     R108M         599 RG    
QSO: 14030 CW 2023-04-09 0438 UN4L          599 30     YU5T          599 28    
QSO: 14030 CW 2023-04-09 0438 UN4L          599 30     UA4HEZ        599 30    
QSO: 14030 CW 2023-04-09 0439 UN4L          599 30     EX8MJ         599 30    
QSO: 14030 CW 2023-04-09 0439 UN4L          599 30     YT6M          599 28    
QSO: 14030 CW 2023-04-09 0439 UN4L          599 30     UA4AGT        599 29    
QSO: 14030 CW 2023-04-09 0440 UN4L          599 30     UN8PT         599 30    
QSO: 14030 CW 2023-04-09 0441 UN4L          599 30     R7GU          599 29    
QSO: 14030 CW 2023-04-09 0441 UN4L          599 30     UA4FCO        599 29    
QSO: 14030 CW 2023-04-09 0442 UN4L          599 30     UN7LV         599 30    
QSO: 14030 CW 2023-04-09 0442 UN4L          599 30     OG7F          599 18    
QSO: 14030 CW 2023-04-09 0442 UN4L          599 30     RO5X          599 29    
QSO: 14030 CW 2023-04-09 0443 UN4L          599 30     RO9O          599 31    
QSO: 14030 CW 2023-04-09 0443 UN4L          599 30     RK6HG         599 29    
QSO: 14030 CW 2023-04-09 0443 UN4L          599 30     UA4WW         599 30    
QSO: 14030 CW 2023-04-09 0444 UN4L          599 30     OK1AMF        599 28    
QSO: 14030 CW 2023-04-09 0445 UN4L          599 30     YT5M          599 28    
QSO: 14030 CW 2023-04-09 0446 UN4L          599 30     HA2EOU        599 28    
QSO: 28020 CW 2023-04-09 0446 UN4L          599 30     R0RT          599 32    
QSO: 14030 CW 2023-04-09 0447 UN4L          599 30     UA4WAU        599 30    
QSO: 14030 CW 2023-04-09 0448 UN4L          599 30     UA4PBT        599 29    
QSO: 14030 CW 2023-04-09 0448 UN4L          599 30     R9MA          599 31    
QSO: 14030 CW 2023-04-09 0449 UN4L          599 30     UF5A          599 29    
QSO: 14030 CW 2023-04-09 0449 UN4L          599 30     D1CW          599 29    
QSO: 14030 CW 2023-04-09 0450 UN4L          599 30     RQ4F          599 29    
QSO: 14030 CW 2023-04-09 0451 UN4L          599 30     YO2CEQ        599 28    
QSO: 28022 CW 2023-04-09 0452 UN4L          599 30     RT0O          599 32    
QSO: 14030 CW 2023-04-09 0453 UN4L          599 30     RL2Y          599 29    
QSO: 14030 CW 2023-04-09 0454 UN4L          599 30     RA7M          599 29    
QSO: 14030 CW 2023-04-09 0454 UN4L          599 30     KC9OP         599 08    
QSO: 14030 CW 2023-04-09 0455 UN4L          599 30     R7AC          599 29    
QSO: 14030 CW 2023-04-09 0455 UN4L          599 30     UN7FW         599 31    
QSO: 14030 CW 2023-04-09 0458 UN4L          599 30     DF5EG         599 28    
QSO: 14030 CW 2023-04-09 0458 UN4L          599 30     RN4HAB        599 30    
QSO: 14030 CW 2023-04-09 0459 UN4L          599 30     RC7LS         599 29    
QSO: 14030 CW 2023-04-09 0459 UN4L          599 30     OK4RQ         599 28    
QSO: 14030 CW 2023-04-09 0500 UN4L          599 30     RV3X          599 29    
QSO: 14030 CW 2023-04-09 0500 UN4L          599 30     UA6GO         599 29    
QSO: 14030 CW 2023-04-09 0501 UN4L          599 30     UA4FDL        599 29    
QSO: 14030 CW 2023-04-09 0501 UN4L          599 30     HA2KMR        599 28    
QSO: 14030 CW 2023-04-09 0505 UN4L          599 30     UA7G          599 29    
QSO: 14030 CW 2023-04-09 0506 UN4L          599 30     ES2JJ         599 29    
QSO: 14030 CW 2023-04-09 0507 UN4L          599 30     OL8R          599 28    
QSO: 14030 CW 2023-04-09 0507 UN4L          599 30     RK7X          599 29    
QSO: 14030 CW 2023-04-09 0507 UN4L          599 30     DL1USB        599 28    
QSO: 14030 CW 2023-04-09 0508 UN4L          599 30     EV6Z          599 29    
QSO: 14030 CW 2023-04-09 0508 UN4L          599 30     RD3TOK        599 29    
QSO: 14030 CW 2023-04-09 0509 UN4L          599 30     RG9A          599 30    
QSO: 14015 CW 2023-04-09 0510 UN4L          599 30     RC3XC         599 LA    
QSO: 14030 CW 2023-04-09 0510 UN4L          599 30     RK4CYW        599 29    
QSO: 14030 CW 2023-04-09 0512 UN4L          599 30     UP0L          599 30    
QSO: 14030 CW 2023-04-09 0513 UN4L          599 30     RM2D          599 30    
QSO: 14029 CW 2023-04-09 0517 UN4L          599 30     UN0LM         599 30    
QSO: 14030 CW 2023-04-09 0518 UN4L          599 30     IK4RVY        599 28    
QSO: 14030 CW 2023-04-09 0519 UN4L          599 30     R4II          599 29    
QSO: 14030 CW 2023-04-09 0519 UN4L          599 30     DL9ZP         599 28    
QSO: 14030 CW 2023-04-09 0520 UN4L          599 30     RN3S          599 29    
QSO: 14030 CW 2023-04-09 0521 UN4L          599 30     SV1AJO        599 28    
QSO: 14034 CW 2023-04-09 0521 UN4L          599 30     R5AG          599 AL    
QSO: 14038 CW 2023-04-09 0522 UN4L          599 30     UP5B          599 30    
QSO: 21029 CW 2023-04-09 0524 UN4L          599 30     R0MZ          599 34    
QSO: 21029 CW 2023-04-09 0524 UN4L          599 30     OL8R          599 28    
QSO: 21029 CW 2023-04-09 0525 UN4L          599 30     RN7A          599 29    
QSO: 21029 CW 2023-04-09 0525 UN4L          599 30     UB7K          599 29    
QSO: 21029 CW 2023-04-09 0525 UN4L          599 30     UW1M          599 29    
QSO: 21029 CW 2023-04-09 0526 UN4L          599 30     RW0LCN        599 34    
QSO: 21029 CW 2023-04-09 0526 UN4L          599 30     RN3AM         599 29    
QSO: 21029 CW 2023-04-09 0527 UN4L          599 30     UA6Y          599 29    
QSO: 21029 CW 2023-04-09 0527 UN4L          599 30     OK2VWB        599 28    
QSO: 21029 CW 2023-04-09 0527 UN4L          599 30     RN5AA         599 29    
QSO: 21029 CW 2023-04-09 0528 UN4L          599 30     R108M         599 RG    
QSO: 21029 CW 2023-04-09 0528 UN4L          599 30     R7AC          599 29    
QSO: 21029 CW 2023-04-09 0528 UN4L          599 30     HA2KMR        599 28    
QSO: 21029 CW 2023-04-09 0529 UN4L          599 30     RA3WUG        599 29    
QSO: 21029 CW 2023-04-09 0529 UN4L          599 30     UA0LDY        599 34    
QSO: 21029 CW 2023-04-09 0529 UN4L          599 30     R7GU          599 29    
QSO: 21029 CW 2023-04-09 0530 UN4L          599 30     RN9RF         599 30    
QSO: 21029 CW 2023-04-09 0530 UN4L          599 30     UA0OK         599 32    
QSO: 21029 CW 2023-04-09 0531 UN4L          599 30     RG9A          599 30    
QSO: 21029 CW 2023-04-09 0531 UN4L          599 30     YQ6A          599 28    
QSO: 21029 CW 2023-04-09 0532 UN4L          599 30     RK3T          599 29    
QSO: 21029 CW 2023-04-09 0532 UN4L          599 30     D1WA          599 29    
QSO: 21029 CW 2023-04-09 0532 UN4L          599 30     HA5GF         599 28    
QSO: 21029 CW 2023-04-09 0533 UN4L          599 30     UA7G          599 29    
QSO: 21022 CW 2023-04-09 0535 UN4L          599 30     RJ1O          599 KP    
QSO: 21030 CW 2023-04-09 0536 UN4L          599 30     RW0J          599 KV    
QSO: 21029 CW 2023-04-09 0537 UN4L          599 30     YT5M          599 28    
QSO: 21029 CW 2023-04-09 0538 UN4L          599 30     RN9U          599 31    
QSO: 21029 CW 2023-04-09 0538 UN4L          599 30     RX3AEX        599 29    
QSO: 21029 CW 2023-04-09 0540 UN4L          599 30     OK5SA         599 28    
QSO: 21029 CW 2023-04-09 0541 UN4L          599 30     RA3AN         599 29    
QSO: 21032 CW 2023-04-09 0548 UN4L          599 30     RW3AI         599 29    
QSO: 21032 CW 2023-04-09 0549 UN4L          599 30     R5AK          599 29    
QSO: 21032 CW 2023-04-09 0549 UN4L          599 30     YO2IS         599 28    
QSO: 21020 CW 2023-04-09 0551 UN4L          599 30     RT2C          599 CU    
QSO: 21032 CW 2023-04-09 0552 UN4L          599 30     EW8DX         599 29    
QSO: 21032 CW 2023-04-09 0552 UN4L          599 30     UN9GD         599 31    
QSO: 21032 CW 2023-04-09 0554 UN4L          599 30     RW0AB         599 32    
QSO: 21032 CW 2023-04-09 0556 UN4L          599 30     RY2A          599 29    
QSO: 21032 CW 2023-04-09 0556 UN4L          599 30     RT3F          599 CP    
QSO: 21032 CW 2023-04-09 0556 UN4L          599 30     RA9MA         599 30    
QSO: 21032 CW 2023-04-09 0557 UN4L          599 30     RW3DIA        599 29    
QSO: 21032 CW 2023-04-09 0557 UN4L          599 30     HA8AP         599 28    
QSO: 21032 CW 2023-04-09 0557 UN4L          599 30     RG5A/6        599 29    
QSO: 21032 CW 2023-04-09 0558 UN4L          599 30     EU1ST         599 29    
QSO: 21032 CW 2023-04-09 0558 UN4L          599 30     IZ4JMA        599 28    
QSO: 21032 CW 2023-04-09 0600 UN4L          599 30     LZ2AF         599 28    
QSO: 21032 CW 2023-04-09 0601 UN4L          599 30     RA7M          599 29    
QSO: 21032 CW 2023-04-09 0602 UN4L          599 30     RW6K          599 29    
QSO: 21032 CW 2023-04-09 0603 UN4L          599 30     RA9DZ         599 30    
QSO: 21032 CW 2023-04-09 0604 UN4L          599 30     SC3A          599 18    
QSO: 21032 CW 2023-04-09 0605 UN4L          599 30     UA3XFO        599 29    
QSO: 21032 CW 2023-04-09 0605 UN4L          599 30     R6LBK         599 29    
QSO: 21032 CW 2023-04-09 0608 UN4L          599 30     DG0KS         599 28    
QSO: 21032 CW 2023-04-09 0608 UN4L          599 30     DL8DWW        599 28    
QSO: 21032 CW 2023-04-09 0608 UN4L          599 30     RD1T          599 29    
QSO: 21032 CW 2023-04-09 0609 UN4L          599 30     UA3X          599 29    
QSO: 21032 CW 2023-04-09 0609 UN4L          599 30     D0AG          599 29    
QSO: 21032 CW 2023-04-09 0609 UN4L          599 30     R3OM          599 29    
QSO: 21032 CW 2023-04-09 0610 UN4L          599 30     UP4L          599 30    
QSO: 21032 CW 2023-04-09 0610 UN4L          599 30     YU5DR         599 28    
QSO: 21032 CW 2023-04-09 0611 UN4L          599 30     R7KA          599 29    
QSO: 21032 CW 2023-04-09 0611 UN4L          599 30     RA1TM         599 29    
QSO: 21032 CW 2023-04-09 0614 UN4L          599 30     YO3HEX        599 28    
QSO: 21032 CW 2023-04-09 0615 UN4L          599 30     RU5X          599 29    
QSO: 21032 CW 2023-04-09 0617 UN4L          599 30     RT6N          599 29    
QSO: 21032 CW 2023-04-09 0618 UN4L          599 30     YU5T          599 28    
QSO: 21032 CW 2023-04-09 0618 UN4L          599 30     UA6LCJ        599 29    
QSO: 21032 CW 2023-04-09 0620 UN4L          599 30     RT2P          599 29    
QSO: 21032 CW 2023-04-09 0621 UN4L          599 30     UA3QGT        599 29    
QSO: 21032 CW 2023-04-09 0621 UN4L          599 30     YU1YV         599 28    
QSO: 21032 CW 2023-04-09 0622 UN4L          599 30     RA3YDA        599 29    
QSO: 21032 CW 2023-04-09 0622 UN4L          599 30     R7RF          599 29    
QSO: 21032 CW 2023-04-09 0622 UN4L          599 30     DF5EG         599 28    
QSO: 21032 CW 2023-04-09 0623 UN4L          599 30     UA1CUR        599 29    
QSO: 21032 CW 2023-04-09 0624 UN4L          599 30     R1CX          599 29    
QSO: 21032 CW 2023-04-09 0624 UN4L          599 30     RU6C          599 29    
QSO: 21032 CW 2023-04-09 0624 UN4L          599 30     YT6M          599 28    
QSO: 21033 CW 2023-04-09 0626 UN4L          599 30     UN9L          599 30    
QSO: 28008 CW 2023-04-09 0629 UN4L          599 30     UA0QNV        599 23    
QSO: 28025 CW 2023-04-09 0631 UN4L          599 30     RC0CD         599 34    
QSO: 28024 CW 2023-04-09 0632 UN4L          599 30     R0MZ          599 34    
QSO: 28010 CW 2023-04-09 0634 UN4L          599 30     UP4L          599 30    
QSO: 21032 CW 2023-04-09 0636 UN4L          599 30     RC2O          599 29    
QSO: 21032 CW 2023-04-09 0636 UN4L          599 30     RL2Y          599 29    
QSO: 21032 CW 2023-04-09 0636 UN4L          599 30     IK3IUE        599 28    
QSO: 21032 CW 2023-04-09 0637 UN4L          599 30     RA3GAA        599 29    
QSO: 14028 CW 2023-04-09 0642 UN4L          599 30     D1Y           599 29    
QSO: 14028 CW 2023-04-09 0643 UN4L          599 30     RA4WE         599 30    
QSO: 14028 CW 2023-04-09 0643 UN4L          599 30     RT4Q          599 29    
QSO: 14028 CW 2023-04-09 0643 UN4L          599 30     YL2TD         599 29    
QSO: 14028 CW 2023-04-09 0644 UN4L          599 30     R5AK          599 29    
QSO: 14028 CW 2023-04-09 0644 UN4L          599 30     LZ2CH         599 28    
QSO: 14028 CW 2023-04-09 0645 UN4L          599 30     EU1FQ         599 29    
QSO: 14028 CW 2023-04-09 0646 UN4L          599 30     RV3DBK        599 29    
QSO: 14028 CW 2023-04-09 0646 UN4L          599 30     YU3A          599 28    
QSO: 14028 CW 2023-04-09 0647 UN4L          599 30     DL8DWW        599 28    
QSO: 14028 CW 2023-04-09 0648 UN4L          599 30     R3ZP          599 29    
QSO: 14028 CW 2023-04-09 0649 UN4L          599 30     Z35W          599 28    
QSO: 14028 CW 2023-04-09 0649 UN4L          599 30     RT4W          599 30    
QSO: 14028 CW 2023-04-09 0650 UN4L          599 30     DM2RN         599 28    
QSO: 14028 CW 2023-04-09 0650 UN4L          599 30     UA3XFO        599 29    
QSO: 14028 CW 2023-04-09 0650 UN4L          599 30     RA3FD         599 29    
QSO: 14028 CW 2023-04-09 0650 UN4L          599 30     S56A          599 28    
QSO: 14028 CW 2023-04-09 0651 UN4L          599 30     RX3MM         599 29    
QSO: 14028 CW 2023-04-09 0652 UN4L          599 30     OK1DVA        599 28    
QSO: 14028 CW 2023-04-09 0652 UN4L          599 30     IV3DXW        599 28    
QSO: 14028 CW 2023-04-09 0654 UN4L          599 30     UA3QR         599 29    
QSO: 14028 CW 2023-04-09 0654 UN4L          599 30     EU1DC         599 29    
QSO: 14028 CW 2023-04-09 0654 UN4L          599 30     RL3T          599 29    
QSO: 14028 CW 2023-04-09 0655 UN4L          599 30     UA3YFL        599 29    
QSO: 14028 CW 2023-04-09 0657 UN4L          599 30     RV3ML         599 29    
QSO: 14030 CW 2023-04-09 0657 UN4L          599 30     RG2X          599 RK    
QSO: 14028 CW 2023-04-09 0658 UN4L          599 30     IZ4JMA        599 28    
QSO: 14028 CW 2023-04-09 0658 UN4L          599 30     OK1VK         599 28    
QSO: 14028 CW 2023-04-09 0658 UN4L          599 30     UA6AA         599 29    
QSO: 14028 CW 2023-04-09 0658 UN4L          599 30     RW4HFH        599 30    
QSO: 14028 CW 2023-04-09 0701 UN4L          599 30     R2BZ          599 29    
QSO: 14028 CW 2023-04-09 0701 UN4L          599 30     HA3NU         599 28    
QSO: 14028 CW 2023-04-09 0701 UN4L          599 30     EW1OW         599 29    
QSO: 14028 CW 2023-04-09 0701 UN4L          599 30     UA6HLN        599 29    
QSO: 14028 CW 2023-04-09 0702 UN4L          599 30     RN4SC         599 29    
QSO: 14027 CW 2023-04-09 0703 UN4L          599 30     EA6NB         599 37    
QSO: 14028 CW 2023-04-09 0704 UN4L          599 30     RL5A          599 29    
QSO: 14028 CW 2023-04-09 0705 UN4L          599 30     R5FQ          599 29    
QSO: 14028 CW 2023-04-09 0705 UN4L          599 30     UB5X          599 29    
QSO: 14028 CW 2023-04-09 0706 UN4L          599 30     R4MA          599 29    
QSO: 14028 CW 2023-04-09 0706 UN4L          599 30     UA6HFI        599 29    
QSO: 14028 CW 2023-04-09 0706 UN4L          599 30     UA4LF         599 29    
QSO: 14028 CW 2023-04-09 0707 UN4L          599 30     IK4RVY        599 28    
QSO: 14028 CW 2023-04-09 0711 UN4L          599 30     RK3NWA        599 29    
QSO: 14028 CW 2023-04-09 0711 UN4L          599 30     RT5P          599 29    
QSO: 14028 CW 2023-04-09 0711 UN4L          599 30     DL1BWU        599 28    
QSO: 14028 CW 2023-04-09 0712 UN4L          599 30     R7KX          599 29    
QSO: 14028 CW 2023-04-09 0713 UN4L          599 30     R1CX          599 29    
QSO: 14028 CW 2023-04-09 0714 UN4L          599 30     RT3C          599 29    
QSO: 14028 CW 2023-04-09 0715 UN4L          599 30     RU4AA         599 29    
QSO: 14028 CW 2023-04-09 0715 UN4L          599 30     RZ4AZ         599 29    
QSO: 14028 CW 2023-04-09 0717 UN4L          599 30     DL5ARM        599 28    
QSO: 14028 CW 2023-04-09 0717 UN4L          599 30     RV3AJ         599 29    
QSO: 14039 CW 2023-04-09 0718 UN4L          599 30     4X6FB         599 39    
QSO: 14028 CW 2023-04-09 0719 UN4L          599 30     R4IT          599 29    
QSO: 14028 CW 2023-04-09 0722 UN4L          599 30     DL9GMC        599 28    
QSO: 14028 CW 2023-04-09 0723 UN4L          599 30     DL4ME         599 28    
QSO: 14028 CW 2023-04-09 0723 UN4L          599 30     LZ8R          599 28    
QSO: 14041 CW 2023-04-09 0724 UN4L          599 30     RA7R          599 29    
QSO: 14028 CW 2023-04-09 0725 UN4L          599 30     RA3V          599 29    
QSO: 14028 CW 2023-04-09 0726 UN4L          599 30     R8WF          599 30    
QSO: 14028 CW 2023-04-09 0727 UN4L          599 30     M0NDZ         599 27    
QSO: 14028 CW 2023-04-09 0728 UN4L          599 30     R1QE          599 29    
QSO: 14028 CW 2023-04-09 0728 UN4L          599 30     RN3OG         599 29    
QSO: 14028 CW 2023-04-09 0729 UN4L          599 30     ER5DX         599 29    
QSO: 14028 CW 2023-04-09 0729 UN4L          599 30     OT6E          599 27    
QSO: 21033 CW 2023-04-09 0733 UN4L          599 30     R7AW          599 29    
QSO: 21033 CW 2023-04-09 0733 UN4L          599 30     UA6CC         599 29    
QSO: 21033 CW 2023-04-09 0733 UN4L          599 30     R7MM          599 29    
QSO: 21033 CW 2023-04-09 0734 UN4L          599 30     RK3DK         599 29    
QSO: 21033 CW 2023-04-09 0734 UN4L          599 30     SV1AJO        599 28    
QSO: 21033 CW 2023-04-09 0734 UN4L          599 30     LZ3QE         599 28    
QSO: 21033 CW 2023-04-09 0735 UN4L          599 30     EW1I          599 29    
QSO: 21033 CW 2023-04-09 0736 UN4L          599 30     SD4W          599 18    
QSO: 21033 CW 2023-04-09 0736 UN4L          599 30     RV3AJ         599 29    
QSO: 21033 CW 2023-04-09 0736 UN4L          599 30     HA7RY         599 28    
QSO: 21033 CW 2023-04-09 0737 UN4L          599 30     RN3S          599 29    
QSO: 21033 CW 2023-04-09 0737 UN4L          599 30     SM7RYR        599 18    
QSO: 21033 CW 2023-04-09 0737 UN4L          599 30     R2BP          599 29    
QSO: 21033 CW 2023-04-09 0738 UN4L          599 30     RA9Y          599 31    
QSO: 21033 CW 2023-04-09 0739 UN4L          599 30     LZ2HT         599 28    
QSO: 21033 CW 2023-04-09 0739 UN4L          599 30     EU1DC         599 29    
QSO: 21033 CW 2023-04-09 0740 UN4L          599 30     DL6DVU        599 28    
QSO: 21033 CW 2023-04-09 0741 UN4L          599 30     F8BCU         599 27    
QSO: 21033 CW 2023-04-09 0741 UN4L          599 30     RK6HG         599 29    
QSO: 21033 CW 2023-04-09 0742 UN4L          599 30     RG2Y          599 29    
QSO: 21033 CW 2023-04-09 0743 UN4L          599 30     IV3DXW        599 28    
QSO: 21033 CW 2023-04-09 0744 UN4L          599 30     LZ2VP         599 28    
QSO: 21033 CW 2023-04-09 0744 UN4L          599 30     RN2FQ         599 29    
QSO: 21033 CW 2023-04-09 0744 UN4L          599 30     RT5P          599 29    
QSO: 21033 CW 2023-04-09 0745 UN4L          599 30     UR7MZ         599 29    
QSO: 21033 CW 2023-04-09 0745 UN4L          599 30     RA5AD         599 29    
QSO: 21038 CW 2023-04-09 0749 UN4L          599 30     RW9DX         599 30    
QSO: 21038 CW 2023-04-09 0750 UN4L          599 30     RK7X          599 29    
QSO: 21038 CW 2023-04-09 0751 UN4L          599 30     DL3KWF        599 28    
QSO: 21038 CW 2023-04-09 0751 UN4L          599 30     R4IT          599 29    
QSO: 21038 CW 2023-04-09 0751 UN4L          599 30     DL6HRW        599 28    
QSO: 21038 CW 2023-04-09 0753 UN4L          599 30     RX3Q          599 29    
QSO: 21038 CW 2023-04-09 0753 UN4L          599 30     OK4RQ         599 28    
QSO: 21000 CW 2023-04-09 0755 UN4L          599 30     JR6CSY        599 45    
QSO: 21036 CW 2023-04-09 0757 UN4L          599 30     IK4RVY        599 28    
QSO: 21036 CW 2023-04-09 0758 UN4L          599 30     OK1DVA        599 28    
QSO: 21025 CW 2023-04-09 0759 UN4L          599 30     A71A          599 39    
QSO: 21027 CW 2023-04-09 0801 UN4L          599 30     R8TT          599 AU    
QSO: 21024 CW 2023-04-09 0801 UN4L          599 30     R8CT          599 30    
QSO: 21036 CW 2023-04-09 0802 UN4L          599 30     RQ4F          599 29    
QSO: 21036 CW 2023-04-09 0802 UN4L          599 30     BH1KVZ        599 44    
QSO: 21036 CW 2023-04-09 0803 UN4L          599 30     RT2X          599 29    
QSO: 21036 CW 2023-04-09 0803 UN4L          599 30     UB8A          599 30    
QSO: 21036 CW 2023-04-09 0805 UN4L          599 30     YO4DG         599 28    
QSO: 21036 CW 2023-04-09 0806 UN4L          599 30     RV3X          599 29    
QSO: 21036 CW 2023-04-09 0806 UN4L          599 30     ER5DX         599 29    
QSO: 21036 CW 2023-04-09 0806 UN4L          599 30     R3XCJ         599 29    
QSO: 21036 CW 2023-04-09 0808 UN4L          599 30     UA6AKD        599 29    
QSO: 28032 CW 2023-04-09 0809 UN4L          599 30     RW9DX         599 30    
QSO: 28032 CW 2023-04-09 0810 UN4L          599 30     DL1USB        599 28    
QSO: 28014 CW 2023-04-09 0811 UN4L          599 30     UN9L          599 30    
QSO: 28014 CW 2023-04-09 0812 UN4L          599 30     IV3DXW        599 28    
QSO: 28014 CW 2023-04-09 0812 UN4L          599 30     LZ2AF         599 28    
QSO: 28014 CW 2023-04-09 0813 UN4L          599 30     S51ZG         599 28    
QSO: 28014 CW 2023-04-09 0815 UN4L          599 30     YU8NU         599 28    
QSO: 28014 CW 2023-04-09 0816 UN4L          599 30     ZA1ME         599 28    
QSO: 28014 CW 2023-04-09 0818 UN4L          599 30     UA0LDY        599 34    
QSO: 28014 CW 2023-04-09 0818 UN4L          599 30     HA1DAE        599 28    
QSO: 28014 CW 2023-04-09 0819 UN4L          599 30     YU1YV         599 28    
QSO: 28014 CW 2023-04-09 0819 UN4L          599 30     HA8AP         599 28    
QSO: 28014 CW 2023-04-09 0820 UN4L          599 30     YT6M          599 28    
QSO: 28014 CW 2023-04-09 0821 UN4L          599 30     DJ1YF         599 28    
QSO: 28014 CW 2023-04-09 0823 UN4L          599 30     DL7UPN        599 28    
QSO: 28014 CW 2023-04-09 0824 UN4L          599 30     PA3AAV        599 27    
QSO: 28014 CW 2023-04-09 0825 UN4L          599 30     OK8KM         599 28    
QSO: 28014 CW 2023-04-09 0827 UN4L          599 30     VR2CO         599 44    
QSO: 28014 CW 2023-04-09 0829 UN4L          599 30     PA3ARM        599 27    
QSO: 28014 CW 2023-04-09 0830 UN4L          599 30     OK4RQ         599 28    
QSO: 28014 CW 2023-04-09 0830 UN4L          599 30     OK7CM         599 28    
QSO: 28014 CW 2023-04-09 0831 UN4L          599 30     HA3LN         599 28    
QSO: 28014 CW 2023-04-09 0831 UN4L          599 30     R0UT          599 33    
QSO: 28014 CW 2023-04-09 0831 UN4L          599 30     OK2YZ         599 28    
QSO: 28014 CW 2023-04-09 0832 UN4L          599 30     IV3HAX        599 28    
QSO: 28014 CW 2023-04-09 0833 UN4L          599 30     OK2MEV        599 28    
QSO: 28022 CW 2023-04-09 0841 UN4L          599 30     RO9O          599 31    
QSO: 28014 CW 2023-04-09 0843 UN4L          599 30     BY4DX         599 44    
QSO: 28014 CW 2023-04-09 0845 UN4L          599 30     DL7UGO        599 28    
QSO: 28014 CW 2023-04-09 0845 UN4L          599 30     OK1FMJ        599 28    
QSO: 28017 CW 2023-04-09 0855 UN4L          599 30     YU1FG         599 28    
QSO: 28017 CW 2023-04-09 0855 UN4L          599 30     SQ9FQY        599 28    
QSO: 28017 CW 2023-04-09 0858 UN4L          599 30     DF5EN         599 28    
QSO: 21005 CW 2023-04-09 0901 UN4L          599 30     UA0QNV        599 23    
QSO: 21025 CW 2023-04-09 0903 UN4L          599 30     EA1X          599 37    
QSO: 28017 CW 2023-04-09 0904 UN4L          599 30     YO2GL         599 28    
QSO: 28017 CW 2023-04-09 0904 UN4L          599 30     YO2NAA        599 28    
QSO: 28017 CW 2023-04-09 0907 UN4L          599 30     4X6FB         599 39    
QSO: 28019 CW 2023-04-09 0908 UN4L          599 30     CT1BOH        599 37    
QSO: 28017 CW 2023-04-09 0911 UN4L          599 30     YT5N          599 28    
QSO: 28017 CW 2023-04-09 0911 UN4L          599 30     DL4RDJ        599 28    
QSO: 28017 CW 2023-04-09 0912 UN4L          599 30     9A3YT         599 28    
QSO: 28017 CW 2023-04-09 0913 UN4L          599 30     UA2FZ         599 29    
QSO: 28017 CW 2023-04-09 0913 UN4L          599 30     DL4ME         599 28    
QSO: 28017 CW 2023-04-09 0915 UN4L          599 30     YO8BGD        599 28    
QSO: 28014 CW 2023-04-09 0918 UN4L          599 30     RW0A          599 SA    
QSO: 21035 CW 2023-04-09 0921 UN4L          599 30     RM3Z          599 29    
QSO: 21035 CW 2023-04-09 0922 UN4L          599 30     UA1TES        599 29    
QSO: 21035 CW 2023-04-09 0922 UN4L          599 30     M0NDZ         599 27    
QSO: 21035 CW 2023-04-09 0922 UN4L          599 30     R2KMO         599 29    
QSO: 21035 CW 2023-04-09 0923 UN4L          599 30     PI4HAL        599 27    
QSO: 21035 CW 2023-04-09 0923 UN4L          599 30     YT7X          599 28    
QSO: 21035 CW 2023-04-09 0923 UN4L          599 30     R2PU          599 29    
QSO: 21035 CW 2023-04-09 0923 UN4L          599 30     UA4Z          599 29    
QSO: 21035 CW 2023-04-09 0924 UN4L          599 30     UA3YMO        599 29    
QSO: 21015 CW 2023-04-09 0926 UN4L          599 30     R2VA          599 PC    
QSO: 21035 CW 2023-04-09 0926 UN4L          599 30     RG8U          599 31    
QSO: 21035 CW 2023-04-09 0927 UN4L          599 30     RL3F          599 29    
QSO: 21035 CW 2023-04-09 0927 UN4L          599 30     TA3DJ         599 39    
QSO: 21035 CW 2023-04-09 0928 UN4L          599 30     RA3NC         599 29    
QSO: 21035 CW 2023-04-09 0932 UN4L          599 30     UA0SBQ        599 32    
QSO: 21035 CW 2023-04-09 0932 UN4L          599 30     RV3DBK        599 29    
QSO: 21035 CW 2023-04-09 0933 UN4L          599 30     OE8CWG        599 28    
QSO: 21035 CW 2023-04-09 0933 UN4L          599 30     ON6WP         599 27    
QSO: 21035 CW 2023-04-09 0933 UN4L          599 30     D1M           599 29    
QSO: 21035 CW 2023-04-09 0934 UN4L          599 30     OK8KM         599 28    
QSO: 21035 CW 2023-04-09 0934 UN4L          599 30     RA3V          599 29    
QSO: 21035 CW 2023-04-09 0936 UN4L          599 30     LX1RFJ        599 27    
QSO: 21035 CW 2023-04-09 0936 UN4L          599 30     UA1ZZ         599 19    
QSO: 21035 CW 2023-04-09 0937 UN4L          599 30     SV2CLJ        599 28    
QSO: 21035 CW 2023-04-09 0937 UN4L          599 30     DF5EN         599 28    
QSO: 21035 CW 2023-04-09 0938 UN4L          599 30     BI8CZM        599 43    
QSO: 21035 CW 2023-04-09 0939 UN4L          599 30     BG5MWN        599 44    
QSO: 21035 CW 2023-04-09 0941 UN4L          599 30     BA3AX         599 44    
QSO: 21035 CW 2023-04-09 0942 UN4L          599 30     PG2AA         599 27    
QSO: 21035 CW 2023-04-09 0942 UN4L          599 30     DF7XR         599 28    
QSO: 21035 CW 2023-04-09 0945 UN4L          599 30     RO5X          599 29    
QSO: 21035 CW 2023-04-09 0947 UN4L          599 30     UA1CIO        599 29    
QSO: 21035 CW 2023-04-09 0948 UN4L          599 30     ON5SY         599 27    
QSO: 21035 CW 2023-04-09 0949 UN4L          599 30     YU3M          599 28    
QSO: 21035 CW 2023-04-09 0949 UN4L          599 30     RC6U          599 29    
QSO: 21035 CW 2023-04-09 0950 UN4L          599 30     PA4O          599 27    
QSO: 21035 CW 2023-04-09 0950 UN4L          599 30     EX8MJ         599 30    
QSO: 21035 CW 2023-04-09 0952 UN4L          599 30     YU1FG         599 28    
QSO: 21035 CW 2023-04-09 0952 UN4L          599 30     UA4WW         599 30    
QSO: 21035 CW 2023-04-09 0953 UN4L          599 30     RJ7M          599 29    
QSO: 21035 CW 2023-04-09 0953 UN4L          599 30     RA3XCZ        599 29    
QSO: 21035 CW 2023-04-09 0953 UN4L          599 30     R3QA          599 29    
QSO: 21035 CW 2023-04-09 0954 UN4L          599 30     DL9RBT        599 28    
QSO: 21035 CW 2023-04-09 0954 UN4L          599 30     S56A          599 28    
QSO: 21035 CW 2023-04-09 0954 UN4L          599 30     RN6MA         599 29    
QSO: 21035 CW 2023-04-09 0955 UN4L          599 30     PA0RDT        599 27    
QSO: 21035 CW 2023-04-09 0955 UN4L          599 30     RV7C          599 29    
QSO: 21035 CW 2023-04-09 0956 UN4L          599 30     SQ9FQY        599 28    
QSO: 21035 CW 2023-04-09 0956 UN4L          599 30     E77EA         599 28    
QSO: 21035 CW 2023-04-09 0957 UN4L          599 30     RA7E          599 29    
QSO: 21035 CW 2023-04-09 0958 UN4L          599 30     OK2EA         599 28    
QSO: 21035 CW 2023-04-09 0959 UN4L          599 30     LZ1QN         599 28    
QSO: 21035 CW 2023-04-09 0959 UN4L          599 30     UC0A          599 32    
QSO: 21035 CW 2023-04-09 1002 UN4L          599 30     UA3QAM        599 29    
QSO: 21035 CW 2023-04-09 1002 UN4L          599 30     YT5N          599 28    
QSO: 21034 CW 2023-04-09 1003 UN4L          599 30     RM2D          599 29    
QSO: 21039 CW 2023-04-09 1010 UN4L          599 30     PQ8RS         599 13    
QSO: 21040 CW 2023-04-09 1011 UN4L          599 30     R5AG          599 AL    
QSO: 21012 CW 2023-04-09 1012 UN4L          599 30     VK6T          599 58    
QSO: 21019 CW 2023-04-09 1012 UN4L          599 30     RG61PP        599 YG    
QSO: 28011 CW 2023-04-09 1015 UN4L          599 30     YU5T          599 28    
QSO: 28011 CW 2023-04-09 1016 UN4L          599 30     UA0SBQ        599 32    
QSO: 28011 CW 2023-04-09 1018 UN4L          599 30     E77EA         599 28    
QSO: 28011 CW 2023-04-09 1020 UN4L          599 30     RN9N          599 30    
QSO: 28011 CW 2023-04-09 1021 UN4L          599 30     SV1BJW        599 28    
QSO: 28011 CW 2023-04-09 1022 UN4L          599 30     R8TT          599 AU    
QSO: 28011 CW 2023-04-09 1023 UN4L          599 30     R2KMO         599 29    
QSO: 28011 CW 2023-04-09 1023 UN4L          599 30     PC7E          599 27    
QSO: 28019 CW 2023-04-09 1025 UN4L          599 30     VK6T          599 58    
QSO: 28028 CW 2023-04-09 1028 UN4L          599 30     OY1CT         599 18    
QSO: 28011 CW 2023-04-09 1029 UN4L          599 30     LZ86IV        599 28    
QSO: 28023 CW 2023-04-09 1030 UN4L          599 30     RZ9L          599 30    
QSO: 28024 CW 2023-04-09 1031 UN4L          599 30     UN0L          599 30    
QSO: 28026 CW 2023-04-09 1032 UN4L          599 30     RG2X          599 RK    
QSO: 28015 CW 2023-04-09 1035 UN4L          599 30     LZ8R          599 28    
QSO: 28030 CW 2023-04-09 1039 UN4L          599 30     PY2UDB        599 15    
QSO: 28030 CW 2023-04-09 1039 UN4L          599 30     9A1DR         599 28    
QSO: 28030 CW 2023-04-09 1040 UN4L          599 30     S58M          599 28    
QSO: 28030 CW 2023-04-09 1041 UN4L          599 30     MM9I          599 27    
QSO: 28030 CW 2023-04-09 1041 UN4L          599 30     E7/Z35M       599 28    
QSO: 28030 CW 2023-04-09 1043 UN4L          599 30     OK2VWB        599 28    
QSO: 28030 CW 2023-04-09 1044 UN4L          599 30     DJ3XD         599 28    
QSO: 28030 CW 2023-04-09 1045 UN4L          599 30     SC3A          599 18    
QSO: 28030 CW 2023-04-09 1046 UN4L          599 30     IZ4JMA        599 28    
QSO: 28030 CW 2023-04-09 1047 UN4L          599 30     EB7KA         599 37    
QSO: 28030 CW 2023-04-09 1047 UN4L          599 30     PC1PM         599 27    
QSO: 28006 CW 2023-04-09 1050 UN4L          599 30     PQ8RS         599 13    
QSO: 28022 CW 2023-04-09 1052 UN4L          599 30     RG9A          599 30    
QSO: 28021 CW 2023-04-09 1053 UN4L          599 30     HF50F         599 28    
QSO: 28021 CW 2023-04-09 1055 UN4L          599 30     DL7PA         599 28    
QSO: 28036 CW 2023-04-09 1059 UN4L          599 30     OZ6AGX        599 18    
QSO: 28036 CW 2023-04-09 1059 UN4L          599 30     Z35W          599 28    
QSO: 28036 CW 2023-04-09 1100 UN4L          599 30     DL0OO         599 28    
QSO: 28036 CW 2023-04-09 1100 UN4L          599 30     HA2KMR        599 28    
QSO: 28036 CW 2023-04-09 1102 UN4L          599 30     IK2SND        599 28    
QSO: 14022 CW 2023-04-09 1103 UN4L          599 30     R7CA          599 29    
QSO: 28036 CW 2023-04-09 1105 UN4L          599 30     DK7FZ         599 28    
QSO: 28036 CW 2023-04-09 1106 UN4L          599 30     DL7SX         599 28    
QSO: 28036 CW 2023-04-09 1106 UN4L          599 30     LZ2CH         599 28    
QSO: 28036 CW 2023-04-09 1106 UN4L          599 30     HA5BA         599 28    
QSO: 28036 CW 2023-04-09 1107 UN4L          599 30     EW4A          599 29    
QSO: 28036 CW 2023-04-09 1108 UN4L          599 30     R0RG          599 32    
QSO: 28039 CW 2023-04-09 1109 UN4L          599 30     PV8DX         599 12    
QSO: 28036 CW 2023-04-09 1110 UN4L          599 30     PA5FN         599 27    
QSO: 28036 CW 2023-04-09 1110 UN4L          599 30     HA8TP         599 28    
QSO: 28036 CW 2023-04-09 1112 UN4L          599 30     RT3F          599 CP    
QSO: 28036 CW 2023-04-09 1113 UN4L          599 30     UA9AX         599 30    
QSO: 28036 CW 2023-04-09 1113 UN4L          599 30     DL1DBR        599 28    
QSO: 28020 CW 2023-04-09 1115 UN4L          599 30     RG61PP        599 YG    
QSO: 28036 CW 2023-04-09 1116 UN4L          599 30     YO2CEQ        599 28    
QSO: 28036 CW 2023-04-09 1119 UN4L          599 30     RA9MA         599 30    
QSO: 28036 CW 2023-04-09 1122 UN4L          599 30     SM7RYR        599 18    
QSO: 14030 CW 2023-04-09 1125 UN4L          599 30     RM5F          599 29    
QSO: 14030 CW 2023-04-09 1125 UN4L          599 30     RA3GAA        599 29    
QSO: 14030 CW 2023-04-09 1126 UN4L          599 30     R6HV          599 29    
QSO: 14030 CW 2023-04-09 1127 UN4L          599 30     OK1BR         599 28    
QSO: 21027 CW 2023-04-09 1131 UN4L          599 30     PA2A          599 27    
QSO: 21027 CW 2023-04-09 1131 UN4L          599 30     HB9DAX        599 28    
QSO: 21027 CW 2023-04-09 1133 UN4L          599 30     R2BZ          599 29    
QSO: 21027 CW 2023-04-09 1133 UN4L          599 30     UA6HFI        599 29    
QSO: 21027 CW 2023-04-09 1133 UN4L          599 30     DL1NKS        599 28    
QSO: 21027 CW 2023-04-09 1133 UN4L          599 30     PA3EMN        599 27    
QSO: 21027 CW 2023-04-09 1134 UN4L          599 30     S57WW         599 28    
QSO: 21027 CW 2023-04-09 1135 UN4L          599 30     RK9CYA        599 30    
QSO: 21027 CW 2023-04-09 1135 UN4L          599 30     YO8DOH        599 28    
QSO: 21027 CW 2023-04-09 1135 UN4L          599 30     MM9I          599 27    
QSO: 21027 CW 2023-04-09 1135 UN4L          599 30     RA5G          599 29    
QSO: 21027 CW 2023-04-09 1135 UN4L          599 30     G4UCJ         599 27    
QSO: 21027 CW 2023-04-09 1136 UN4L          599 30     PA3ARM        599 27    
QSO: 21034 CW 2023-04-09 1138 UN4L          599 30     RG2X          599 RK    
QSO: 21027 CW 2023-04-09 1139 UN4L          599 30     LZ2CH         599 28    
QSO: 21027 CW 2023-04-09 1139 UN4L          599 30     R3AQ          599 29    
QSO: 21027 CW 2023-04-09 1140 UN4L          599 30     RM5F          599 29    
QSO: 21027 CW 2023-04-09 1141 UN4L          599 30     HA5BA         599 28    
QSO: 21027 CW 2023-04-09 1141 UN4L          599 30     RC1W          599 29    
QSO: 21027 CW 2023-04-09 1142 UN4L          599 30     UC5C          599 29    
QSO: 21027 CW 2023-04-09 1143 UN4L          599 30     F6GNP/M       599 27    
QSO: 21027 CW 2023-04-09 1143 UN4L          599 30     EV6Z          599 29    
QSO: 21027 CW 2023-04-09 1143 UN4L          599 30     EI8JX         599 27    
QSO: 21027 CW 2023-04-09 1144 UN4L          599 30     RN4SS         599 29    
QSO: 21027 CW 2023-04-09 1144 UN4L          599 30     NA1NA         599 08    
QSO: 21027 CW 2023-04-09 1146 UN4L          599 30     DL0OO         599 28    
QSO: 21027 CW 2023-04-09 1147 UN4L          599 30     R7CA          599 29    
QSO: 21027 CW 2023-04-09 1147 UN4L          599 30     LZ1IA         599 28    
QSO: 21027 CW 2023-04-09 1147 UN4L          599 30     OM4O          599 28    
QSO: 21027 CW 2023-04-09 1149 UN4L          599 30     R6CW          599 29    
QSO: 21027 CW 2023-04-09 1150 UN4L          599 30     VR2CO         599 44    
QSO: 14053 CW 2023-04-09 1151 UN4L          599 30     R2VA          599 PC    
QSO: 21027 CW 2023-04-09 1153 UN4L          599 30     RK2M          599 29    
QSO: 28029 CW 2023-04-09 1157 UN4L          599 30     R9IR          599 31    
QSO: 28030 CW 2023-04-09 1158 UN4L          599 30     UB7K          599 29    
QSO: 28030 CW 2023-04-09 1159 UN4L          599 30     EA5ITT        599 37    
QSO: 28030 CW 2023-04-09 1159 UN4L          599 30     HA7UI         599 28    
QSO: 28025 CW 2023-04-09 1200 UN4L          599 30     R108M         599 RG    
QSO: 28030 CW 2023-04-09 1201 UN4L          599 30     DL0GRH        599 28    
QSO: 28030 CW 2023-04-09 1202 UN4L          599 30     YO3JW         599 28    
QSO: 28030 CW 2023-04-09 1204 UN4L          599 30     UA0SU         599 32    
QSO: 28030 CW 2023-04-09 1207 UN4L          599 30     YO8DOH        599 28    
QSO: 28030 CW 2023-04-09 1208 UN4L          599 30     YU3M          599 28    
QSO: 28030 CW 2023-04-09 1208 UN4L          599 30     ER3KAZ        599 29    
QSO: 28030 CW 2023-04-09 1208 UN4L          599 30     R7KA          599 29    
QSO: 28030 CW 2023-04-09 1209 UN4L          599 30     R4IT          599 29    
QSO: 28030 CW 2023-04-09 1209 UN4L          599 30     PC4H          599 27    
QSO: 28030 CW 2023-04-09 1210 UN4L          599 30     Z32ZZZ        599 28    
QSO: 28030 CW 2023-04-09 1213 UN4L          599 30     EW3DI         599 29    
QSO: 14029 CW 2023-04-09 1215 UN4L          599 30     UA1ZZ         599 19    
QSO: 14035 CW 2023-04-09 1216 UN4L          599 30     YL3FW         599 29    
QSO: 14035 CW 2023-04-09 1217 UN4L          599 30     RW3FB         599 29    
QSO: 14035 CW 2023-04-09 1217 UN4L          599 30     UA9CU         599 30    
QSO: 14035 CW 2023-04-09 1218 UN4L          599 30     SV1IU         599 28    
QSO: 14035 CW 2023-04-09 1218 UN4L          599 30     SV1XG         599 28    
QSO: 14035 CW 2023-04-09 1219 UN4L          599 30     RJ7M          599 29    
QSO: 14035 CW 2023-04-09 1220 UN4L          599 30     UB3SAR        599 29    
QSO: 14035 CW 2023-04-09 1220 UN4L          599 30     UB7K          599 29    
QSO: 14035 CW 2023-04-09 1220 UN4L          599 30     OM6TU         599 28    
QSO: 14035 CW 2023-04-09 1220 UN4L          599 30     RK1NWA        599 19    
QSO: 14035 CW 2023-04-09 1221 UN4L          599 30     RA7C          599 29    
QSO: 14035 CW 2023-04-09 1221 UN4L          599 30     HA1BC         599 28    
QSO: 14035 CW 2023-04-09 1222 UN4L          599 30     R2AKM         599 29    
QSO: 14035 CW 2023-04-09 1222 UN4L          599 30     PA2A          599 27    
QSO: 14035 CW 2023-04-09 1223 UN4L          599 30     YO4RIW        599 28    
QSO: 14035 CW 2023-04-09 1223 UN4L          599 30     RA3YDA        599 29    
QSO: 14035 CW 2023-04-09 1223 UN4L          599 30     UA6CC         599 29    
QSO: 14035 CW 2023-04-09 1225 UN4L          599 30     LZ4A          599 28    
QSO: 14035 CW 2023-04-09 1225 UN4L          599 30     RN3Z          599 29    
QSO: 14035 CW 2023-04-09 1227 UN4L          599 30     R0UT          599 33    
QSO: 14035 CW 2023-04-09 1229 UN4L          599 30     R3XM          599 29    
QSO: 14009 CW 2023-04-09 1234 UN4L          599 30     H25A          599 39    
QSO: 14011 CW 2023-04-09 1234 UN4L          599 30     R4BZ          599 29    
QSO: 14012 CW 2023-04-09 1235 UN4L          599 30     UA9XO         599 20    
QSO: 14019 CW 2023-04-09 1236 UN4L          599 30     HA1DAE        599 28    
QSO: 14020 CW 2023-04-09 1237 UN4L          599 30     DM775NB       599 28    
QSO: 14020 CW 2023-04-09 1237 UN4L          599 30     RG2Y          599 29    
QSO: 14021 CW 2023-04-09 1237 UN4L          599 30     OR5T          599 27    
QSO: 14022 CW 2023-04-09 1238 UN4L          599 30     G3SVK         599 27    
QSO: 14025 CW 2023-04-09 1239 UN4L          599 30     RN4AO         599 29    
QSO: 14034 CW 2023-04-09 1240 UN4L          599 30     RL4A          599 29    
QSO: 21005 CW 2023-04-09 1242 UN4L          599 30     PA3AAV        599 27    
QSO: 21008 CW 2023-04-09 1243 UN4L          599 30     VE3EY         599 04    
QSO: 21008 CW 2023-04-09 1244 UN4L          599 30     DF5BX         599 28    
QSO: 21008 CW 2023-04-09 1245 UN4L          599 30     UA5R          599 29    
QSO: 21008 CW 2023-04-09 1245 UN4L          599 30     YO4NF         599 28    
QSO: 21008 CW 2023-04-09 1245 UN4L          599 30     DG2BAR        599 28    
QSO: 21008 CW 2023-04-09 1246 UN4L          599 30     LZ8R          599 28    
QSO: 21013 CW 2023-04-09 1246 UN4L          599 30     RC3XC         599 LA    
QSO: 21008 CW 2023-04-09 1247 UN4L          599 30     YU7KW         599 28    
QSO: 21008 CW 2023-04-09 1248 UN4L          599 30     G0UJA         599 27    
QSO: 21019 CW 2023-04-09 1250 UN4L          599 30     R0AA          599 32    
QSO: 21021 CW 2023-04-09 1250 UN4L          599 30     UA5D          599 29    
QSO: 21022 CW 2023-04-09 1250 UN4L          599 30     TA3ST         599 39    
QSO: 21022 CW 2023-04-09 1251 UN4L          599 30     UC5D          599 29    
QSO: 21022 CW 2023-04-09 1251 UN4L          599 30     R9GM          599 29    
QSO: 21030 CW 2023-04-09 1253 UN4L          599 30     DJ3XD         599 28    
QSO: 21035 CW 2023-04-09 1254 UN4L          599 30     RX6FJ         599 29    
QSO: 21036 CW 2023-04-09 1255 UN4L          599 30     UA4AGT        599 29    
QSO: 21037 CW 2023-04-09 1255 UN4L          599 30     UA9CTT        599 30    
QSO: 21039 CW 2023-04-09 1256 UN4L          599 30     S58M          599 28    
QSO: 21041 CW 2023-04-09 1257 UN4L          599 30     R6DM          599 29    
QSO: 28002 CW 2023-04-09 1259 UN4L          599 30     NA1NA         599 08    
QSO: 28005 CW 2023-04-09 1305 UN4L          599 30     R7RF          599 29    
QSO: 28011 CW 2023-04-09 1305 UN4L          599 30     UA6G          599 29    
QSO: 28018 CW 2023-04-09 1306 UN4L          599 30     LZ4A          599 28    
QSO: 28023 CW 2023-04-09 1307 UN4L          599 30     EC5K          599 37    
QSO: 28024 CW 2023-04-09 1308 UN4L          599 30     OL8R          599 28    
QSO: 28032 CW 2023-04-09 1308 UN4L          599 30     YU7KW         599 28    
QSO: 14008 CW 2023-04-09 1310 UN4L          599 30     R4ACY         599 29    
QSO: 14017 CW 2023-04-09 1311 UN4L          599 30     UA4Q          599 30    
QSO: 14018 CW 2023-04-09 1311 UN4L          599 30     YT5A          599 28    
QSO: 14023 CW 2023-04-09 1312 UN4L          599 30     RK4NB         599 29    
QSO: 14024 CW 2023-04-09 1313 UN4L          599 30     RK9CYA        599 30    
QSO: 14030 CW 2023-04-09 1314 UN4L          599 30     S58M          599 28    
QSO: 14034 CW 2023-04-09 1315 UN4L          599 30     RX3Q          599 29    
QSO: 14034 CW 2023-04-09 1315 UN4L          599 30     YO4NF         599 28    
QSO: 14035 CW 2023-04-09 1315 UN4L          599 30     HA6NL         599 28    
QSO: 14036 CW 2023-04-09 1316 UN4L          599 30     R2FZ          599 29    
QSO: 14039 CW 2023-04-09 1317 UN4L          599 30     UN2E          599 30    
QSO: 14039 CW 2023-04-09 1317 UN4L          599 30     RA9AP         599 30    
QSO: 14040 CW 2023-04-09 1317 UN4L          599 30     YT2ISM        599 28    
QSO: 14042 CW 2023-04-09 1318 UN4L          599 30     SC3A          599 18    
QSO: 14046 CW 2023-04-09 1320 UN4L          599 30     UN9L          599 30    
QSO: 14012 CW 2023-04-09 1320 UN4L          599 30     UF1A          599 29    
QSO:  7020 CW 2023-04-09 1323 UN4L          599 30     UA9XX         599 20    
QSO:  7010 CW 2023-04-09 1324 UN4L          599 30     UA3QR         599 29    
QSO: 21010 CW 2023-04-09 1328 UN4L          599 30     R5QQ          599 29    
QSO: 21024 CW 2023-04-09 1330 UN4L          599 30     HA1DAE        599 28    
QSO: 28028 CW 2023-04-09 1334 UN4L          599 30     ZS9Z          599 57    
QSO: 28021 CW 2023-04-09 1335 UN4L          599 30     YO3HEX        599 28    
QSO: 28025 CW 2023-04-09 1337 UN4L          599 30     PY1VOY        599 15    
QSO: 28025 CW 2023-04-09 1338 UN4L          599 30     S51RU         599 28    
QSO: 28025 CW 2023-04-09 1339 UN4L          599 30     ZS6OMT        599 57    
QSO: 28025 CW 2023-04-09 1340 UN4L          599 30     G3SVK         599 27    
QSO: 28025 CW 2023-04-09 1340 UN4L          599 30     DL1CC         599 28    
QSO:  7013 CW 2023-04-09 1345 UN4L          599 30     RA3GAA        599 29    
QSO:  7016 CW 2023-04-09 1346 UN4L          599 30     RO9O          599 31    
QSO: 14019 CW 2023-04-09 1349 UN4L          599 30     RN0JN         599 33    
QSO: 14012 CW 2023-04-09 1350 UN4L          599 30     TA3ST         599 39    
QSO: 14017 CW 2023-04-09 1351 UN4L          599 30     RK3ER         599 29    
QSO: 14018 CW 2023-04-09 1351 UN4L          599 30     EW4A          599 29    
QSO: 14031 CW 2023-04-09 1352 UN4L          599 30     UN7LAN        599 30    
QSO: 14033 CW 2023-04-09 1353 UN4L          599 30     RA4AG         599 29    
QSO: 14034 CW 2023-04-09 1353 UN4L          599 30     EA5IFY        599 37    
QSO: 14035 CW 2023-04-09 1353 UN4L          599 30     RK4W          599 30    
QSO: 14004 CW 2023-04-09 1355 UN4L          599 30     DL2VK         599 28    
QSO: 14008 CW 2023-04-09 1355 UN4L          599 30     RU6K          599 29    
QSO: 14010 CW 2023-04-09 1355 UN4L          599 30     DJ4MX         599 28    
QSO: 14011 CW 2023-04-09 1356 UN4L          599 30     RV3ZN         599 29    
QSO: 14012 CW 2023-04-09 1356 UN4L          599 30     YO8/LZ4UU     599 28    
QSO: 14012 CW 2023-04-09 1357 UN4L          599 30     RW3DIA        599 29    
QSO: 14013 CW 2023-04-09 1358 UN4L          599 30     RA3BQ         599 29    
QSO: 14017 CW 2023-04-09 1359 UN4L          599 30     SM7RYR        599 18    
QSO: 14019 CW 2023-04-09 1359 UN4L          599 30     HA1AH         599 28    
QSO: 14024 CW 2023-04-09 1400 UN4L          599 30     E7CW          599 28    
QSO: 14025 CW 2023-04-09 1400 UN4L          599 30     OK2EA         599 28    
QSO: 14027 CW 2023-04-09 1401 UN4L          599 30     OE5TXF        599 28    
QSO: 14028 CW 2023-04-09 1401 UN4L          599 30     RD1A/MM       599 75    
QSO: 21044 CW 2023-04-09 1403 UN4L          599 30     R9JAP         599 20    
QSO: 21010 CW 2023-04-09 1404 UN4L          599 30     RV3ZN         599 29    
QSO: 21010 CW 2023-04-09 1405 UN4L          599 30     4K6FO         599 29    
QSO: 21018 CW 2023-04-09 1410 UN4L          599 30     RU6CO         599 29    
QSO: 21035 CW 2023-04-09 1412 UN4L          599 30     YL2TD         599 29    
QSO: 21035 CW 2023-04-09 1412 UN4L          599 30     OG7F          599 18    
QSO: 21035 CW 2023-04-09 1412 UN4L          599 30     ON3RO         599 27    
QSO: 21035 CW 2023-04-09 1413 UN4L          599 30     UA6AA         599 29    
QSO: 21035 CW 2023-04-09 1413 UN4L          599 30     LA0CX         599 18    
QSO: 21035 CW 2023-04-09 1414 UN4L          599 30     G3OU          599 27    
QSO: 21035 CW 2023-04-09 1414 UN4L          599 30     OE5FDM        599 28    
QSO: 21035 CW 2023-04-09 1415 UN4L          599 30     HA5MIG        599 28    
QSO: 21035 CW 2023-04-09 1416 UN4L          599 30     R4WDX         599 30    
QSO: 21035 CW 2023-04-09 1417 UN4L          599 30     R8WO          599 30    
QSO: 21035 CW 2023-04-09 1418 UN4L          599 30     RN9N          599 30    
QSO: 21035 CW 2023-04-09 1418 UN4L          599 30     OK2YZ         599 28    
QSO: 21035 CW 2023-04-09 1418 UN4L          599 30     AF2F          599 08    
QSO: 21035 CW 2023-04-09 1419 UN4L          599 30     S59AW         599 28    
QSO: 21035 CW 2023-04-09 1419 UN4L          599 30     RM1F          599 29    
QSO: 21035 CW 2023-04-09 1421 UN4L          599 30     DL1NKB        599 28    
QSO: 21035 CW 2023-04-09 1421 UN4L          599 30     Z33B          599 28    
QSO: 21035 CW 2023-04-09 1422 UN4L          599 30     UI8C          599 30    
QSO: 21035 CW 2023-04-09 1422 UN4L          599 30     RO9A          599 30    
QSO: 21035 CW 2023-04-09 1423 UN4L          599 30     IK2SND        599 28    
QSO: 21035 CW 2023-04-09 1424 UN4L          599 30     K2CD          599 08    
QSO: 21035 CW 2023-04-09 1424 UN4L          599 30     IW3ILM        599 28    
QSO: 21035 CW 2023-04-09 1424 UN4L          599 30     W1FV          599 08    
QSO: 21035 CW 2023-04-09 1426 UN4L          599 30     DL2AMC        599 28    
QSO: 21035 CW 2023-04-09 1427 UN4L          599 30     EW4A          599 29    
QSO: 21035 CW 2023-04-09 1427 UN4L          599 30     N2NC          599 08    
QSO: 21035 CW 2023-04-09 1429 UN4L          599 30     OT6E          599 27    
QSO: 21035 CW 2023-04-09 1429 UN4L          599 30     S56C          599 28    
QSO: 21035 CW 2023-04-09 1430 UN4L          599 30     F6AUS         599 27    
QSO: 21035 CW 2023-04-09 1430 UN4L          599 30     UA6YH         599 29    
QSO: 21035 CW 2023-04-09 1430 UN4L          599 30     EW1OW         599 29    
QSO: 21035 CW 2023-04-09 1431 UN4L          599 30     E74X          599 28    
QSO: 21035 CW 2023-04-09 1431 UN4L          599 30     DF8DU         599 28    
QSO: 21035 CW 2023-04-09 1432 UN4L          599 30     NA3M          599 08    
QSO: 21035 CW 2023-04-09 1432 UN4L          599 30     NY3B          599 08    
QSO: 21035 CW 2023-04-09 1433 UN4L          599 30     PA7RW         599 27    
QSO: 21035 CW 2023-04-09 1433 UN4L          599 30     RA3BY         599 29    
QSO: 21035 CW 2023-04-09 1434 UN4L          599 30     LZ4A          599 28    
QSO: 21035 CW 2023-04-09 1434 UN4L          599 30     UD8A          599 30    
QSO: 21000 CW 2023-04-09 1435 UN4L          599 30     RX6FJ         599 29    
QSO: 21035 CW 2023-04-09 1438 UN4L          599 30     RD7X          599 29    
QSO: 21035 CW 2023-04-09 1438 UN4L          599 30     PC1PM         599 27    
QSO: 21035 CW 2023-04-09 1438 UN4L          599 30     ON4LY         599 27    
QSO: 21035 CW 2023-04-09 1439 UN4L          599 30     Z32ZZZ        599 28    
QSO: 21035 CW 2023-04-09 1441 UN4L          599 30     UN0L          599 30    
QSO:  7011 CW 2023-04-09 1444 UN4L          599 30     RC3XC         599 LA    
QSO:  7011 CW 2023-04-09 1446 UN4L          599 30     R8WO          599 30    
QSO:  7010 CW 2023-04-09 1447 UN4L          599 30     UA4FER        599 29    
QSO: 14022 CW 2023-04-09 1450 UN4L          599 30     LZ1QN         599 28    
QSO: 14022 CW 2023-04-09 1450 UN4L          599 30     RG8U          599 31    
QSO: 14022 CW 2023-04-09 1450 UN4L          599 30     ON3RO         599 27    
QSO: 14022 CW 2023-04-09 1451 UN4L          599 30     IK2SND        599 28    
QSO: 14022 CW 2023-04-09 1451 UN4L          599 30     IK6QRH        599 28    
QSO: 14022 CW 2023-04-09 1451 UN4L          599 30     OM7AT         599 28    
QSO: 14022 CW 2023-04-09 1452 UN4L          599 30     RN3BL         599 29    
QSO: 14022 CW 2023-04-09 1453 UN4L          599 30     TA3DJ         599 39    
QSO: 14022 CW 2023-04-09 1454 UN4L          599 30     ON6WP         599 27    
QSO: 14022 CW 2023-04-09 1454 UN4L          599 30     RM7F          599 29    
QSO: 14010 CW 2023-04-09 1457 UN4L          599 30     UA9XX         599 20    
QSO: 14015 CW 2023-04-09 1457 UN4L          599 30     LZ1BJ         599 28    
QSO: 14016 CW 2023-04-09 1458 UN4L          599 30     EI8JX         599 27    
QSO: 14016 CW 2023-04-09 1459 UN4L          599 30     PC6R          599 27    
QSO: 14021 CW 2023-04-09 1459 UN4L          599 30     HA5BMS        599 28    
QSO: 14027 CW 2023-04-09 1500 UN4L          599 30     YT7X          599 28    
QSO: 14032 CW 2023-04-09 1500 UN4L          599 30     OY1CT         599 18    
QSO: 14036 CW 2023-04-09 1501 UN4L          599 30     SV1BJW        599 28    
QSO: 14038 CW 2023-04-09 1502 UN4L          599 30     YU7KW         599 28    
QSO: 14039 CW 2023-04-09 1502 UN4L          599 30     RZ9L          599 30    
QSO: 14042 CW 2023-04-09 1503 UN4L          599 30     RU6CO         599 29    
QSO:  7015 CW 2023-04-09 1515 UN4L          599 30     EW4A          599 29    
QSO:  7018 CW 2023-04-09 1515 UN4L          599 30     UA0D          599 33    
QSO:  7020 CW 2023-04-09 1517 UN4L          599 30     UD6M          599 29    
QSO:  7021 CW 2023-04-09 1518 UN4L          599 30     RM2D          599 29    
QSO:  7023 CW 2023-04-09 1519 UN4L          599 30     RN5AA         599 29    
QSO:  7023 CW 2023-04-09 1519 UN4L          599 30     UP4L          599 30    
QSO:  7023 CW 2023-04-09 1520 UN4L          599 30     OG7F          599 18    
QSO:  7023 CW 2023-04-09 1520 UN4L          599 30     R7AC          599 29    
QSO:  7023 CW 2023-04-09 1520 UN4L          599 30     R9YC          599 31    
QSO:  7023 CW 2023-04-09 1520 UN4L          599 30     R9XS          599 20    
QSO:  7023 CW 2023-04-09 1521 UN4L          599 30     RO9A          599 30    
QSO:  7023 CW 2023-04-09 1521 UN4L          599 30     UA3YDI        599 29    
QSO:  7023 CW 2023-04-09 1521 UN4L          599 30     UA4PN         599 30    
QSO:  7023 CW 2023-04-09 1522 UN4L          599 30     RN4HAB        599 30    
QSO:  7023 CW 2023-04-09 1522 UN4L          599 30     YL2TD         599 29    
QSO:  7023 CW 2023-04-09 1522 UN4L          599 30     RW0J          599 KV    
QSO:  7023 CW 2023-04-09 1523 UN4L          599 30     EW8G          599 29    
QSO:  7023 CW 2023-04-09 1524 UN4L          599 30     RA9DZ         599 30    
QSO:  7023 CW 2023-04-09 1524 UN4L          599 30     RA3V          599 29    
QSO:  7023 CW 2023-04-09 1524 UN4L          599 30     RA4L          599 29    
QSO:  7023 CW 2023-04-09 1525 UN4L          599 30     R1QE          599 29    
QSO:  7023 CW 2023-04-09 1525 UN4L          599 30     RN0A          599 32    
QSO:  7023 CW 2023-04-09 1525 UN4L          599 30     ER3KAZ        599 29    
QSO:  7023 CW 2023-04-09 1527 UN4L          599 30     RL3F          599 29    
QSO:  7023 CW 2023-04-09 1528 UN4L          599 30     UA6LCJ        599 29    
QSO:  7023 CW 2023-04-09 1528 UN4L          599 30     RD3TOK        599 29    
QSO:  7023 CW 2023-04-09 1529 UN4L          599 30     R4MA          599 29    
QSO:  7008 CW 2023-04-09 1530 UN4L          599 30     UA0QNV        599 23    
QSO:  7023 CW 2023-04-09 1531 UN4L          599 30     RL2Y          599 29    
QSO:  7023 CW 2023-04-09 1532 UN4L          599 30     R4WR          599 30    
QSO: 21025 CW 2023-04-09 1536 UN4L          599 30     PA3DBS        599 27    
QSO: 21027 CW 2023-04-09 1537 UN4L          599 30     DL2VK         599 28    
QSO: 21029 CW 2023-04-09 1538 UN4L          599 30     IK0HBN        599 28    
QSO: 21032 CW 2023-04-09 1538 UN4L          599 30     UA6G          599 29    
QSO: 21044 CW 2023-04-09 1540 UN4L          599 30     YD2UWF        599 54    
QSO: 14017 CW 2023-04-09 1542 UN4L          599 30     DL6JF         599 28    
QSO: 14008 CW 2023-04-09 1543 UN4L          599 30     YU1RA         599 28    
QSO: 14008 CW 2023-04-09 1543 UN4L          599 30     R8CT          599 30    
QSO: 14009 CW 2023-04-09 1544 UN4L          599 30     RW4W          599 30    
QSO: 14018 CW 2023-04-09 1545 UN4L          599 30     R6AF          599 29    
QSO: 14019 CW 2023-04-09 1546 UN4L          599 30     4K6FO         599 29    
QSO: 14020 CW 2023-04-09 1547 UN4L          599 30     UC5D          599 29    
QSO: 14000 CW 2023-04-09 1549 UN4L          599 30     YT1T          599 28    
QSO: 14025 CW 2023-04-09 1549 UN4L          599 30     HF50F         599 28    
QSO: 14028 CW 2023-04-09 1550 UN4L          599 30     RM1F          599 29    
QSO: 14029 CW 2023-04-09 1550 UN4L          599 30     R7KBB         599 29    
QSO: 14031 CW 2023-04-09 1551 UN4L          599 30     DF1MM         599 28    
QSO: 14032 CW 2023-04-09 1552 UN4L          599 30     LZ4AE         599 28    
QSO: 14033 CW 2023-04-09 1552 UN4L          599 30     E74X          599 28    
QSO:  7016 CW 2023-04-09 1556 UN4L          599 30     R4BZ          599 29    
QSO:  7019 CW 2023-04-09 1556 UN4L          599 30     UA1CUR        599 29    
QSO:  7025 CW 2023-04-09 1557 UN4L          599 30     RX3Q          599 29    
QSO:  7027 CW 2023-04-09 1558 UN4L          599 30     UF8C          599 30    
QSO: 21021 CW 2023-04-09 1603 UN4L          599 30     ZS9Z          599 57    
QSO:  7023 CW 2023-04-09 1609 UN4L          599 30     RT4D          599 MP    
QSO:  7018 CW 2023-04-09 1625 UN4L          599 30     RJ1O          599 KP    
QSO:  7020 CW 2023-04-09 1626 UN4L          599 30     YO4NF         599 28    
QSO:  7020 CW 2023-04-09 1626 UN4L          599 30     RA7E          599 29    
QSO:  7020 CW 2023-04-09 1627 UN4L          599 30     UN7LAN        599 30    
QSO:  7020 CW 2023-04-09 1627 UN4L          599 30     RU4AA         599 29    
QSO:  7020 CW 2023-04-09 1627 UN4L          599 30     UI8C          599 30    
QSO:  7020 CW 2023-04-09 1628 UN4L          599 30     UA9D          599 30    
QSO:  7020 CW 2023-04-09 1628 UN4L          599 30     RA4HBS        599 30    
QSO:  7020 CW 2023-04-09 1628 UN4L          599 30     LZ4A          599 28    
QSO:  7020 CW 2023-04-09 1629 UN4L          599 30     HA8TP         599 28    
QSO:  7020 CW 2023-04-09 1630 UN4L          599 30     RT4Q          599 29    
QSO:  7020 CW 2023-04-09 1631 UN4L          599 30     RA9AP         599 30    
QSO:  7020 CW 2023-04-09 1634 UN4L          599 30     UA0OK         599 32    
QSO:  7020 CW 2023-04-09 1635 UN4L          599 30     RV7C          599 29    
QSO:  7020 CW 2023-04-09 1636 UN4L          599 30     UG4A          599 29    
QSO:  7020 CW 2023-04-09 1636 UN4L          599 30     BH1APZ        599 44    
QSO:  7020 CW 2023-04-09 1637 UN4L          599 30     EW8OM         599 29    
QSO:  7020 CW 2023-04-09 1637 UN4L          599 30     UC4P          599 29    
QSO:  7020 CW 2023-04-09 1637 UN4L          599 30     UA7G          599 29    
QSO:  7020 CW 2023-04-09 1637 UN4L          599 30     YO6FNA        599 28    
QSO:  7020 CW 2023-04-09 1638 UN4L          599 30     YL3FW         599 29    
QSO:  7020 CW 2023-04-09 1639 UN4L          599 30     RK7X          599 29    
QSO:  7020 CW 2023-04-09 1641 UN4L          599 30     RU5X          599 29    
QSO:  7020 CW 2023-04-09 1641 UN4L          599 30     UA3RBR        599 29    
QSO:  7020 CW 2023-04-09 1642 UN4L          599 30     OK4RQ         599 28    
QSO:  7020 CW 2023-04-09 1643 UN4L          599 30     RA7C          599 29    
QSO:  7020 CW 2023-04-09 1645 UN4L          599 30     R2BZ          599 29    
QSO:  7020 CW 2023-04-09 1645 UN4L          599 30     D1WA          599 29    
QSO:  7020 CW 2023-04-09 1646 UN4L          599 30     R3OM          599 29    
QSO:  7020 CW 2023-04-09 1647 UN4L          599 30     BI8CZM        599 43    
QSO:  7020 CW 2023-04-09 1647 UN4L          599 30     PA3AAV        599 27    
QSO:  7020 CW 2023-04-09 1648 UN4L          599 30     RA4AG         599 29    
QSO:  7020 CW 2023-04-09 1649 UN4L          599 30     D1M           599 29    
QSO:  7006 CW 2023-04-09 1654 UN4L          599 30     R5AG          599 AL    
QSO:  3522 CW 2023-04-09 1659 UN4L          599 30     R7AC          599 29    
QSO:  3522 CW 2023-04-09 1659 UN4L          599 30     D0AG          599 29    
QSO:  3522 CW 2023-04-09 1701 UN4L          599 30     RW3AI         599 29    
QSO:  3511 CW 2023-04-09 1702 UN4L          599 30     UD6M          599 29    
QSO:  3529 CW 2023-04-09 1702 UN4L          599 30     R5RA          599 29    
QSO:  3532 CW 2023-04-09 1703 UN4L          599 30     RA9SF         599 30    
QSO: 14014 CW 2023-04-09 1706 UN4L          599 30     E77EA         599 28    
QSO: 14009 CW 2023-04-09 1708 UN4L          599 30     RD8D          599 30    
QSO: 14030 CW 2023-04-09 1709 UN4L          599 30     RT2F          599 29    
QSO: 14030 CW 2023-04-09 1711 UN4L          599 30     PA3ARM        599 27    
QSO: 14030 CW 2023-04-09 1712 UN4L          599 30     RU5X          599 29    
QSO: 14030 CW 2023-04-09 1712 UN4L          599 30     UB3A          599 29    
QSO: 14030 CW 2023-04-09 1713 UN4L          599 30     YU1ED         599 28    
QSO: 14030 CW 2023-04-09 1713 UN4L          599 30     M1X           599 27    
QSO: 14030 CW 2023-04-09 1714 UN4L          599 30     RC3U          599 29    
QSO: 14030 CW 2023-04-09 1716 UN4L          599 30     OZ6AGX        599 18    
QSO: 14030 CW 2023-04-09 1716 UN4L          599 30     OK2YZ         599 28    
QSO: 14030 CW 2023-04-09 1716 UN4L          599 30     DL1KGT        599 28    
QSO: 14030 CW 2023-04-09 1717 UN4L          599 30     IK2AVH        599 28    
QSO: 14030 CW 2023-04-09 1718 UN4L          599 30     OM5MX         599 28    
QSO: 14030 CW 2023-04-09 1718 UN4L          599 30     UA1CIO        599 29    
QSO: 14030 CW 2023-04-09 1720 UN4L          599 30     UX5VK         599 29    
QSO: 14030 CW 2023-04-09 1720 UN4L          599 30     RA3BY         599 29    
QSO: 14030 CW 2023-04-09 1721 UN4L          599 30     IT9ODQ        599 28    
QSO: 14030 CW 2023-04-09 1722 UN4L          599 30     NA8V          599 08    
QSO: 14030 CW 2023-04-09 1723 UN4L          599 30     EU6O          599 29    
QSO: 14030 CW 2023-04-09 1723 UN4L          599 30     UA0SU         599 32    
QSO: 14030 CW 2023-04-09 1725 UN4L          599 30     DL3DRN        599 28    
QSO:  3522 CW 2023-04-09 1730 UN4L          599 30     RC3XC         599 LA    
QSO:  1829 CW 2023-04-09 1736 UN4L          599 30     R9UG          599 31    
QSO:  3510 CW 2023-04-09 1741 UN4L          599 30     RT0O          599 32    
QSO:  3517 CW 2023-04-09 1741 UN4L          599 30     RA3BQ         599 29    
QSO:  3518 CW 2023-04-09 1742 UN4L          599 30     RO9O          599 31    
QSO:  3519 CW 2023-04-09 1742 UN4L          599 30     R8WX          599 30    
QSO:  3524 CW 2023-04-09 1743 UN4L          599 30     RA9DZ         599 30    
QSO:  3527 CW 2023-04-09 1743 UN4L          599 30     RM8W/3        599 29    
QSO:  3531 CW 2023-04-09 1744 UN4L          599 30     R5WW          599 29    
QSO:  3520 CW 2023-04-09 1745 UN4L          599 30     R3OM          599 29    
QSO:  3521 CW 2023-04-09 1745 UN4L          599 30     RM2D          599 29    
QSO:  3512 CW 2023-04-09 1747 UN4L          599 30     UA4PN         599 30    
QSO:  3515 CW 2023-04-09 1748 UN4L          599 30     Z35Y          599 28    
QSO:  3518 CW 2023-04-09 1750 UN4L          599 30     EU1AI         599 29    
QSO:  7007 CW 2023-04-09 1800 UN4L          599 30     HA1AH         599 28    
QSO:  7008 CW 2023-04-09 1801 UN4L          599 30     RL5A          599 29    
QSO:  1831 CW 2023-04-09 1805 UN4L          599 30     RW9DX         599 30    
QSO:  1833 CW 2023-04-09 1810 UN4L          599 30     RO9O          599 31    
QSO:  3518 CW 2023-04-09 1812 UN4L          599 30     F5IN          599 27    
QSO:  3511 CW 2023-04-09 1813 UN4L          599 30     RA3GAA        599 29    
QSO:  3516 CW 2023-04-09 1814 UN4L          599 30     RW0AJ         599 32    
QSO:  7007 CW 2023-04-09 1816 UN4L          599 30     G3SVK         599 27    
QSO:  7011 CW 2023-04-09 1817 UN4L          599 30     RU5K          599 29    
QSO:  7011 CW 2023-04-09 1820 UN4L          599 30     RW3WX         599 29    
QSO:  7012 CW 2023-04-09 1821 UN4L          599 30     UA6AK         599 29    
QSO:  7017 CW 2023-04-09 1823 UN4L          599 30     PA7JWC        599 27    
QSO:  7017 CW 2023-04-09 1823 UN4L          599 30     DL1BUG        599 28    
END-OF-LOG:
