START-OF-LOG: 3.0
CREATED-BY: ua9qcq-yuri-gagarin-dx-ubn-downloader
CONTEST: YURI-GAGARIN-DX
CALLSIGN: YT2ISM
CATEGORY-OPERATOR: SINGLE-OP
CATEGORY-BAND: 20M
CATEGORY-MODE: MIXED
CATEGORY-ASSISTED: 
CATEGORY-TRANSMITTER: ONE
CATEGORY-STATION: 
CATEGORY-POWER: 
OPERATORS: YT2ISM
QSO: 14000 CW 2023-04-08 2101 YT2ISM        599 28     NA1NA         599 08    
QSO: 14000 CW 2023-04-08 2101 YT2ISM        599 28     R0CBW         599 34    
QSO: 14000 CW 2023-04-08 2102 YT2ISM        599 28     K1LZ          599 08    
QSO: 14000 CW 2023-04-08 2103 YT2ISM        599 28     VE9ML         599 09    
QSO: 14000 CW 2023-04-08 2103 YT2ISM        599 28     RT1I          599 20    
QSO: 14000 CW 2023-04-08 2104 YT2ISM        599 28     MM9I          599 27    
QSO: 14000 CW 2023-04-08 2105 YT2ISM        599 28     VA3TNM        599 04    
QSO: 14000 CW 2023-04-08 2107 YT2ISM        599 28     AC5XK         599 08    
QSO: 14000 CW 2023-04-08 2110 YT2ISM        599 28     RD4W          599 30    
QSO: 14000 CW 2023-04-08 2111 YT2ISM        599 28     RC9T          599 30    
QSO: 14000 CW 2023-04-08 2114 YT2ISM        599 28     YT4W          599 28    
QSO: 14048 CW 2023-04-09 0450 YT2ISM        599 28     D0AG          599 29    
QSO: 14000 CW 2023-04-09 0451 YT2ISM        599 28     RA4AG         599 29    
QSO: 14000 CW 2023-04-09 0452 YT2ISM        599 28     R8CT          599 30    
QSO: 14000 CW 2023-04-09 0452 YT2ISM        599 28     RG5A/6        599 29    
QSO: 14048 CW 2023-04-09 0452 YT2ISM        599 28     D1CW          599 29    
QSO: 14000 CW 2023-04-09 0453 YT2ISM        599 28     EX8MJ         599 30    
QSO: 14000 CW 2023-04-09 0454 YT2ISM        599 28     UN7FW         599 31    
QSO: 14000 CW 2023-04-09 0454 YT2ISM        599 28     UA4WAU        599 30    
QSO: 14000 CW 2023-04-09 0455 YT2ISM        599 28     R9MA          599 31    
QSO: 14000 CW 2023-04-09 0455 YT2ISM        599 28     RL3F          599 29    
QSO: 14000 CW 2023-04-09 0456 YT2ISM        599 28     UA4CNJ        599 29    
QSO: 14000 CW 2023-04-09 0456 YT2ISM        599 28     RN9U          599 31    
QSO: 14000 CW 2023-04-09 0456 YT2ISM        599 28     R8WO          599 30    
QSO: 14000 CW 2023-04-09 0457 YT2ISM        599 28     RA3DSV        599 29    
QSO: 14000 CW 2023-04-09 0457 YT2ISM        599 28     UA6GO         599 29    
QSO: 14000 CW 2023-04-09 0458 YT2ISM        599 28     UW1M          599 29    
QSO: 14000 CW 2023-04-09 0459 YT2ISM        599 28     UA4LCC        599 29    
QSO: 14000 CW 2023-04-09 0500 YT2ISM        599 28     UN2E          599 30    
QSO: 14000 CW 2023-04-09 0500 YT2ISM        599 28     R8WF          599 30    
QSO: 14000 CW 2023-04-09 0500 YT2ISM        599 28     RA7M          599 29    
QSO: 14000 CW 2023-04-09 0501 YT2ISM        599 28     R9JAP         599 20    
QSO: 14000 CW 2023-04-09 0501 YT2ISM        599 28     RL2Y          599 29    
QSO: 14000 CW 2023-04-09 0501 YT2ISM        599 28     UA9CES        599 30    
QSO: 14000 CW 2023-04-09 0502 YT2ISM        599 28     RV3X          599 29    
QSO: 14000 CW 2023-04-09 0502 YT2ISM        599 28     UT7MR         599 29    
QSO: 14000 CW 2023-04-09 0503 YT2ISM        599 28     RO9A          599 30    
QSO: 14000 CW 2023-04-09 0503 YT2ISM        599 28     UA4WW         599 30    
QSO: 14048 CW 2023-04-09 0503 YT2ISM        599 28     D1WA          599 29    
QSO: 14000 CW 2023-04-09 0504 YT2ISM        599 28     RN3AM         599 29    
QSO: 14000 CW 2023-04-09 0504 YT2ISM        599 28     UP4L          599 30    
QSO: 14000 CW 2023-04-09 0505 YT2ISM        599 28     UA4FCO        599 29    
QSO: 14000 CW 2023-04-09 0506 YT2ISM        599 28     RA9MA         599 30    
QSO: 14000 CW 2023-04-09 0507 YT2ISM        599 28     DL1ROT        599 28    
QSO: 14000 CW 2023-04-09 0508 YT2ISM        599 28     HA2KMR        599 28    
QSO: 14000 CW 2023-04-09 0508 YT2ISM        599 28     RA9DZ         599 30    
QSO: 14000 CW 2023-04-09 0509 YT2ISM        599 28     UA4PBT        599 29    
QSO: 14000 CW 2023-04-09 0510 YT2ISM        599 28     DL9ZP         599 28    
QSO: 14000 CW 2023-04-09 0511 YT2ISM        599 28     UA6LCJ        599 29    
QSO: 14000 CW 2023-04-09 0512 YT2ISM        599 28     KJ4AOM        599 08    
QSO: 14000 CW 2023-04-09 0513 YT2ISM        599 28     RA3NC         599 29    
QSO: 14000 CW 2023-04-09 0513 YT2ISM        599 28     RN4HAB        599 30    
QSO: 14000 CW 2023-04-09 0513 YT2ISM        599 28     RO5X          599 29    
QSO: 14000 CW 2023-04-09 0515 YT2ISM        599 28     YQ6A          599 28    
QSO: 14000 CW 2023-04-09 0515 YT2ISM        599 28     UA4WJ         599 30    
QSO: 14000 CW 2023-04-09 0516 YT2ISM        599 28     ES2JJ         599 29    
QSO: 14000 CW 2023-04-09 0517 YT2ISM        599 28     RK4NB         599 29    
QSO: 14000 CW 2023-04-09 0518 YT2ISM        599 28     HG4I          599 28    
QSO: 14000 CW 2023-04-09 0518 YT2ISM        599 28     RD3TOK        599 29    
QSO: 14000 CW 2023-04-09 0519 YT2ISM        599 28     UA0UV         599 33    
QSO: 14000 CW 2023-04-09 0519 YT2ISM        599 28     RL9L          599 30    
QSO: 14000 CW 2023-04-09 0519 YT2ISM        599 28     RN6AT         599 29    
QSO: 14000 CW 2023-04-09 0520 YT2ISM        599 28     R2OM          599 29    
QSO: 14000 CW 2023-04-09 0521 YT2ISM        599 28     UB5X          599 29    
QSO: 14000 CW 2023-04-09 0523 YT2ISM        599 28     UA4Z          599 29    
QSO: 14000 CW 2023-04-09 0523 YT2ISM        599 28     RO9L          599 30    
QSO: 14000 CW 2023-04-09 0525 YT2ISM        599 28     RA9CHZ        599 30    
QSO: 14000 CW 2023-04-09 0525 YT2ISM        599 28     OK1AMF        599 28    
QSO: 14000 CW 2023-04-09 0525 YT2ISM        599 28     RA3AN         599 29    
QSO: 14000 CW 2023-04-09 0526 YT2ISM        599 28     RT4W          599 30    
QSO: 14000 CW 2023-04-09 0526 YT2ISM        599 28     R3OM          599 29    
QSO: 14000 CW 2023-04-09 0527 YT2ISM        599 28     LZ3QE         599 28    
QSO: 14000 CW 2023-04-09 0527 YT2ISM        599 28     R4II          599 29    
QSO: 14000 CW 2023-04-09 0528 YT2ISM        599 28     RK4CYW        599 29    
QSO: 14000 CW 2023-04-09 0528 YT2ISM        599 28     R9LY          599 30    
QSO: 14000 CW 2023-04-09 0528 YT2ISM        599 28     UA9CU         599 30    
QSO: 14000 CW 2023-04-09 0529 YT2ISM        599 28     KJ4AOM        599 08    
QSO: 14000 CW 2023-04-09 0531 YT2ISM        599 28     UG4A          599 29    
QSO: 14000 CW 2023-04-09 0532 YT2ISM        599 28     EW4GL         599 29    
QSO: 14000 CW 2023-04-09 0532 YT2ISM        599 28     DL2JST        599 28    
QSO: 14000 CW 2023-04-09 0532 YT2ISM        599 28     RA9MX         599 30    
QSO: 14000 CW 2023-04-09 0533 YT2ISM        599 28     RA9AP         599 30    
QSO: 14000 CW 2023-04-09 0534 YT2ISM        599 28     UC0A          599 32    
QSO: 14000 CW 2023-04-09 0534 YT2ISM        599 28     RA9SF         599 30    
QSO: 14000 CW 2023-04-09 0534 YT2ISM        599 28     R4OF          599 29    
QSO: 14000 CW 2023-04-09 0539 YT2ISM        599 28     R4IT          599 30    
QSO: 14000 CW 2023-04-09 0539 YT2ISM        599 28     UD8A          599 30    
QSO: 14000 CW 2023-04-09 0539 YT2ISM        599 28     RT5P          599 29    
QSO: 14000 CW 2023-04-09 0540 YT2ISM        599 28     RA4CL         599 29    
QSO: 14000 CW 2023-04-09 0540 YT2ISM        599 28     UA6AKD        599 29    
QSO: 14000 CW 2023-04-09 0540 YT2ISM        599 28     UP5B          599 30    
QSO: 14000 CW 2023-04-09 0541 YT2ISM        599 28     EW8DX         599 29    
QSO: 14000 CW 2023-04-09 0541 YT2ISM        599 28     RW4HFH        599 30    
QSO: 14000 CW 2023-04-09 0542 YT2ISM        599 28     R2KMO         599 29    
QSO: 14000 CW 2023-04-09 0542 YT2ISM        599 28     EU1ST         599 29    
QSO: 14000 CW 2023-04-09 0543 YT2ISM        599 28     Z35W          599 28    
QSO: 14000 CW 2023-04-09 0543 YT2ISM        599 28     RN3S          599 29    
QSO: 14000 CW 2023-04-09 0543 YT2ISM        599 28     RQ4F          599 29    
QSO: 14000 CW 2023-04-09 0544 YT2ISM        599 28     RQ4F          599 29    
QSO: 14000 CW 2023-04-09 0544 YT2ISM        599 28     RA4L          599 29    
QSO: 14000 CW 2023-04-09 0545 YT2ISM        599 28     YL2AG         599 29    
QSO: 14000 CW 2023-04-09 0550 YT2ISM        599 28     N6HK          599 06    
QSO: 14000 CW 2023-04-09 0552 YT2ISM        599 28     UB8A          599 30    
QSO: 14000 CW 2023-04-09 0553 YT2ISM        599 28     RN4SC         599 29    
QSO: 14000 CW 2023-04-09 0553 YT2ISM        599 28     RT3F          599 CP    
QSO: 14000 CW 2023-04-09 0554 YT2ISM        599 28     OZ6AGX        599 18    
QSO: 14000 CW 2023-04-09 0554 YT2ISM        599 28     R3QA          599 29    
QSO: 14000 CW 2023-04-09 0556 YT2ISM        599 28     RA5AD         599 29    
QSO: 14000 CW 2023-04-09 0556 YT2ISM        599 28     EW1I          599 29    
QSO: 14000 CW 2023-04-09 0557 YT2ISM        599 28     RN9N          599 30    
QSO: 14000 CW 2023-04-09 0558 YT2ISM        599 28     YO2CEQ        599 28    
QSO: 14000 CW 2023-04-09 0600 YT2ISM        599 28     2E0WWV        599 27    
QSO: 14000 CW 2023-04-09 0601 YT2ISM        599 28     UA9D          599 30    
QSO: 14000 CW 2023-04-09 0602 YT2ISM        599 28     F5JBR         599 27    
QSO: 14000 CW 2023-04-09 0602 YT2ISM        599 28     DK3PM         599 28    
QSO: 14000 CW 2023-04-09 0604 YT2ISM        599 28     YO8BGD        599 28    
QSO: 14000 CW 2023-04-09 0605 YT2ISM        599 28     UF5A          599 29    
QSO: 14000 CW 2023-04-09 0605 YT2ISM        599 28     RW3AI         599 29    
QSO: 14000 CW 2023-04-09 0606 YT2ISM        599 28     R3XCJ         599 29    
QSO: 14000 CW 2023-04-09 0607 YT2ISM        599 28     RA7KW         599 RK    
QSO: 14000 CW 2023-04-09 0608 YT2ISM        599 28     W6SC          599 06    
QSO: 14000 CW 2023-04-09 0608 YT2ISM        599 28     R5AG          599 AL    
QSO: 14000 CW 2023-04-09 0609 YT2ISM        599 28     RN4SS         599 29    
QSO: 14000 CW 2023-04-09 0610 YT2ISM        599 28     R7RF          599 29    
QSO: 14000 CW 2023-04-09 0610 YT2ISM        599 28     DL1ASP        599 28    
QSO: 14000 CW 2023-04-09 0611 YT2ISM        599 28     RT4Q          599 29    
QSO: 14000 CW 2023-04-09 0611 YT2ISM        599 28     UA4FDL        599 29    
QSO: 14000 CW 2023-04-09 0612 YT2ISM        599 28     EW1TZ         599 29    
QSO: 14000 CW 2023-04-09 0613 YT2ISM        599 28     NA3M          599 08    
QSO: 14000 CW 2023-04-09 0614 YT2ISM        599 28     EW1OW         599 29    
QSO: 14000 CW 2023-04-09 0614 YT2ISM        599 28     DG0KS         599 28    
QSO: 14000 CW 2023-04-09 0615 YT2ISM        599 28     RV7C          599 29    
QSO: 14000 CW 2023-04-09 0617 YT2ISM        599 28     SV9RPE        599 28    
QSO: 14000 CW 2023-04-09 0618 YT2ISM        599 28     RN9RF         599 30    
QSO: 14000 CW 2023-04-09 0619 YT2ISM        599 28     UN8PT         599 30    
QSO: 14000 CW 2023-04-09 0623 YT2ISM        599 28     RN5AA         599 29    
QSO: 14000 CW 2023-04-09 0625 YT2ISM        599 28     UA7G          599 29    
QSO: 14000 CW 2023-04-09 0626 YT2ISM        599 28     RW7KW         599 29    
QSO: 14000 CW 2023-04-09 0627 YT2ISM        599 28     ON3RO         599 27    
QSO: 14000 CW 2023-04-09 0627 YT2ISM        599 28     RW9DX         599 30    
QSO: 14000 CW 2023-04-09 0627 YT2ISM        599 28     R1QE          599 29    
QSO: 14000 CW 2023-04-09 0628 YT2ISM        599 28     RV3DBK        599 29    
QSO: 14000 CW 2023-04-09 0628 YT2ISM        599 28     DF5EN         599 28    
QSO: 14000 CW 2023-04-09 0629 YT2ISM        599 28     RU5X          599 29    
QSO: 14000 CW 2023-04-09 0629 YT2ISM        599 28     IK2AVH        599 28    
QSO: 14000 CW 2023-04-09 0629 YT2ISM        599 28     UA6Y          599 29    
QSO: 14000 CW 2023-04-09 0630 YT2ISM        599 28     RK7X          599 29    
QSO: 14000 CW 2023-04-09 0630 YT2ISM        599 28     RA4WE         599 30    
QSO: 14000 CW 2023-04-09 0631 YT2ISM        599 28     UN0LM         599 30    
QSO: 14000 CW 2023-04-09 0632 YT2ISM        599 28     RX3MM         599 29    
QSO: 14000 CW 2023-04-09 0632 YT2ISM        599 28     RC6U          599 29    
QSO: 14000 CW 2023-04-09 0633 YT2ISM        599 28     RA1TM         599 29    
QSO: 14000 CW 2023-04-09 0634 YT2ISM        599 28     RA7E          599 29    
QSO: 14000 CW 2023-04-09 0635 YT2ISM        599 28     DF6FQ         599 28    
QSO: 14000 CW 2023-04-09 0637 YT2ISM        599 28     EU1FQ         599 29    
QSO: 14000 PH 2023-04-09 0640 YT2ISM        59  28     SM5JVF        59  18    
QSO: 14000 PH 2023-04-09 0640 YT2ISM        59  28     UA4FCO        59  29    
QSO: 14000 PH 2023-04-09 0643 YT2ISM        59  28     R3EP          59  29    
QSO: 14000 PH 2023-04-09 0643 YT2ISM        59  28     UG4A          59  29    
QSO: 14000 PH 2023-04-09 0643 YT2ISM        59  28     EW1I          59  29    
QSO: 14000 PH 2023-04-09 0650 YT2ISM        59  28     RT3F          59  CP    
QSO: 14000 PH 2023-04-09 0652 YT2ISM        59  28     R108M         59  RG    
QSO: 14000 CW 2023-04-09 0654 YT2ISM        599 28     F5PHY         599 27    
QSO: 14000 CW 2023-04-09 0655 YT2ISM        599 28     YL2TD         599 29    
QSO: 14000 CW 2023-04-09 0656 YT2ISM        599 28     EA5IFY        599 37    
QSO: 14000 CW 2023-04-09 0659 YT2ISM        599 28     TM1CY         599 27    
QSO: 14000 CW 2023-04-09 0659 YT2ISM        599 28     R4MA          599 29    
QSO: 14000 CW 2023-04-09 0700 YT2ISM        599 28     G4DUC         599 27    
QSO: 14000 CW 2023-04-09 0701 YT2ISM        599 28     ON3RO         599 27    
QSO: 14000 CW 2023-04-09 0702 YT2ISM        599 28     G4LJU         599 27    
QSO: 14000 CW 2023-04-09 0702 YT2ISM        599 28     UA6HLN        599 29    
QSO: 14000 CW 2023-04-09 0703 YT2ISM        599 28     RT3B          599 29    
QSO: 14000 CW 2023-04-09 0704 YT2ISM        599 28     DL9GMC        599 28    
QSO: 14000 CW 2023-04-09 0704 YT2ISM        599 28     UA1CUR        599 29    
QSO: 14000 CW 2023-04-09 0704 YT2ISM        599 28     RN2FQ         599 29    
QSO: 14000 CW 2023-04-09 0706 YT2ISM        599 28     RZ4AZ         599 29    
QSO: 14000 CW 2023-04-09 0707 YT2ISM        599 28     UA6AA         599 29    
QSO: 14000 CW 2023-04-09 0708 YT2ISM        599 28     RJ3F          599 29    
QSO: 14000 CW 2023-04-09 0708 YT2ISM        599 28     UA4LF         599 29    
QSO: 14032 CW 2023-04-09 0711 YT2ISM        599 28     UA9XL         599 20    
QSO: 14000 CW 2023-04-09 0711 YT2ISM        599 28     RG9A          599 30    
QSO: 14000 CW 2023-04-09 0712 YT2ISM        599 28     RX3DFL        599 29    
QSO: 14000 CW 2023-04-09 0713 YT2ISM        599 28     UA3YFL        599 29    
QSO: 14000 CW 2023-04-09 0714 YT2ISM        599 28     R7KX          599 29    
QSO: 14000 CW 2023-04-09 0715 YT2ISM        599 28     RN3OG         599 29    
QSO: 14000 CW 2023-04-09 0716 YT2ISM        599 28     OT6E          599 27    
QSO: 14000 CW 2023-04-09 0716 YT2ISM        599 28     RU4AA         599 29    
QSO: 14000 CW 2023-04-09 0716 YT2ISM        599 28     UB3SAR        599 29    
QSO: 14000 CW 2023-04-09 0717 YT2ISM        599 28     R9QQ          599 30    
QSO: 14000 CW 2023-04-09 0718 YT2ISM        599 28     R4WDX         599 30    
QSO: 14000 CW 2023-04-09 0718 YT2ISM        599 28     DL5ARM        599 28    
QSO: 14000 CW 2023-04-09 0719 YT2ISM        599 28     R3ZP          599 29    
QSO: 14000 CW 2023-04-09 0719 YT2ISM        599 28     RV3AJ         599 29    
QSO: 14000 CW 2023-04-09 0720 YT2ISM        599 28     UN7LV         599 30    
QSO: 14000 CW 2023-04-09 0721 YT2ISM        599 28     DL9GMC        599 28    
QSO: 14000 CW 2023-04-09 0721 YT2ISM        599 28     UP0L          599 30    
QSO: 14000 CW 2023-04-09 0722 YT2ISM        599 28     DL4ME         599 28    
QSO: 14000 CW 2023-04-09 0722 YT2ISM        599 28     UA4HEZ        599 30    
QSO: 14000 CW 2023-04-09 0723 YT2ISM        599 28     R4FT          599 29    
QSO: 14000 CW 2023-04-09 0724 YT2ISM        599 28     UI8C          599 30    
QSO: 14000 CW 2023-04-09 0725 YT2ISM        599 28     UB8Y          599 31    
QSO: 14000 CW 2023-04-09 0726 YT2ISM        599 28     PD5PET        599 27    
QSO: 14000 CW 2023-04-09 0726 YT2ISM        599 28     PA0RDT        599 27    
QSO: 14000 CW 2023-04-09 0727 YT2ISM        599 28     R7GU          599 29    
QSO: 14000 CW 2023-04-09 0728 YT2ISM        599 28     RN9RF         599 30    
QSO: 14000 CW 2023-04-09 0729 YT2ISM        599 28     UA6HFI        599 29    
QSO: 14000 CW 2023-04-09 0730 YT2ISM        599 28     RA7C          599 29    
QSO: 14000 CW 2023-04-09 0731 YT2ISM        599 28     R5AK          599 29    
QSO: 14000 CW 2023-04-09 0732 YT2ISM        599 28     RC2O          599 29    
QSO: 14000 CW 2023-04-09 0733 YT2ISM        599 28     DL7ED         599 28    
QSO: 14000 CW 2023-04-09 0734 YT2ISM        599 28     RT5Q          599 29    
QSO: 14000 CW 2023-04-09 0736 YT2ISM        599 28     M0NDZ         599 27    
QSO: 14000 CW 2023-04-09 0738 YT2ISM        599 28     PA2A          599 27    
QSO: 14000 CW 2023-04-09 0738 YT2ISM        599 28     R7AC          599 29    
QSO: 14000 CW 2023-04-09 0740 YT2ISM        599 28     UA3RBR        599 29    
QSO: 14000 CW 2023-04-09 0740 YT2ISM        599 28     R2FZ          599 29    
QSO: 14000 CW 2023-04-09 0740 YT2ISM        599 28     DL0GRH        599 28    
QSO: 14000 CW 2023-04-09 0741 YT2ISM        599 28     RN4SS         599 29    
QSO: 14000 CW 2023-04-09 0743 YT2ISM        599 28     PI50RAG       599 27    
QSO: 14000 CW 2023-04-09 0745 YT2ISM        599 28     UA4Q          599 30    
QSO: 14000 CW 2023-04-09 0747 YT2ISM        599 28     UA3QAM        599 29    
QSO: 14000 CW 2023-04-09 0747 YT2ISM        599 28     DL6DVU        599 28    
QSO: 14000 CW 2023-04-09 0748 YT2ISM        599 28     R5FQ          599 29    
QSO: 14000 CW 2023-04-09 0750 YT2ISM        599 28     RC9X          599 20    
QSO: 14000 CW 2023-04-09 0751 YT2ISM        599 28     EW8G          599 29    
QSO: 14000 CW 2023-04-09 0752 YT2ISM        599 28     UA3UBT        599 29    
QSO: 14000 CW 2023-04-09 0752 YT2ISM        599 28     PA7LV         599 27    
QSO: 14000 CW 2023-04-09 0754 YT2ISM        599 28     R2FZ          599 29    
QSO: 14000 CW 2023-04-09 0754 YT2ISM        599 28     RC1W          599 29    
QSO: 14000 CW 2023-04-09 0755 YT2ISM        599 28     UA9CUJ        599 30    
QSO: 14000 CW 2023-04-09 0755 YT2ISM        599 28     R7MM          599 29    
QSO: 14000 CW 2023-04-09 0757 YT2ISM        599 28     RA8LAK        599 30    
QSO: 14000 CW 2023-04-09 0758 YT2ISM        599 28     R2BP          599 29    
QSO: 14000 CW 2023-04-09 0759 YT2ISM        599 28     DJ3XD         599 28    
QSO: 14000 CW 2023-04-09 0759 YT2ISM        599 28     RV9CVA        599 30    
QSO: 14000 CW 2023-04-09 0759 YT2ISM        599 28     R2DEM         599 29    
QSO: 14000 CW 2023-04-09 0801 YT2ISM        599 28     IW2EAB        599 28    
QSO: 14000 CW 2023-04-09 0802 YT2ISM        599 28     R8AB          599 30    
QSO: 14000 CW 2023-04-09 0803 YT2ISM        599 28     UA9J          599 20    
QSO: 14000 CW 2023-04-09 0805 YT2ISM        599 28     RA3DGH        599 29    
QSO: 14000 CW 2023-04-09 0807 YT2ISM        599 28     UR7MZ         599 29    
QSO: 14000 CW 2023-04-09 0807 YT2ISM        599 28     RD1T          599 29    
QSO: 14000 CW 2023-04-09 0807 YT2ISM        599 28     RJ7M          599 29    
QSO: 14000 CW 2023-04-09 0809 YT2ISM        599 28     PA3ARM        599 27    
QSO: 14000 CW 2023-04-09 0809 YT2ISM        599 28     R2AKM         599 29    
QSO: 14000 CW 2023-04-09 0810 YT2ISM        599 28     UA9SEC        599 30    
QSO: 14000 CW 2023-04-09 0810 YT2ISM        599 28     UA1ZZ         599 19    
QSO: 14000 CW 2023-04-09 0812 YT2ISM        599 28     R2PU          599 29    
QSO: 14000 CW 2023-04-09 0812 YT2ISM        599 28     EW8OM         599 29    
QSO: 14000 CW 2023-04-09 0812 YT2ISM        599 28     DJ1YF         599 28    
QSO: 14000 CW 2023-04-09 0813 YT2ISM        599 28     DJ1PQ         599 28    
QSO: 14000 CW 2023-04-09 0815 YT2ISM        599 28     RA9Y          599 31    
QSO: 14000 CW 2023-04-09 0816 YT2ISM        599 28     HF50F         599 28    
QSO: 14000 CW 2023-04-09 0816 YT2ISM        599 28     R2VA          599 PC    
QSO: 14000 CW 2023-04-09 0818 YT2ISM        599 28     R1NW          599 19    
QSO: 14000 CW 2023-04-09 0819 YT2ISM        599 28     OY1CT         599 18    
QSO: 14000 CW 2023-04-09 0821 YT2ISM        599 28     EU1DC         599 29    
QSO: 14000 CW 2023-04-09 0829 YT2ISM        599 28     RM3Z          599 29    
QSO: 14000 CW 2023-04-09 0831 YT2ISM        599 28     UA9XO         599 20    
QSO: 14000 CW 2023-04-09 0834 YT2ISM        599 28     R108M         599 RG    
QSO: 14000 CW 2023-04-09 0836 YT2ISM        599 28     HB9CMW        599 28    
QSO: 14000 CW 2023-04-09 0837 YT2ISM        599 28     RK1NWA        599 19    
QSO: 14000 CW 2023-04-09 0839 YT2ISM        599 28     SM7RYR        599 18    
QSO: 14000 CW 2023-04-09 0839 YT2ISM        599 28     RM5F          599 29    
QSO: 14000 CW 2023-04-09 0842 YT2ISM        599 28     RG8U          599 31    
QSO: 14000 CW 2023-04-09 0843 YT2ISM        599 28     PA3EMN        599 27    
QSO: 14000 CW 2023-04-09 0844 YT2ISM        599 28     DC8YZ         599 28    
QSO: 14000 CW 2023-04-09 0844 YT2ISM        599 28     RY2A          599 29    
QSO: 14000 CW 2023-04-09 0845 YT2ISM        599 28     RA3FD         599 29    
QSO: 14000 CW 2023-04-09 0847 YT2ISM        599 28     R2AKM         599 29    
QSO: 14000 CW 2023-04-09 0847 YT2ISM        599 28     PC1PM         599 27    
QSO: 14000 CW 2023-04-09 0848 YT2ISM        599 28     PA1B          599 27    
QSO: 14000 CW 2023-04-09 0849 YT2ISM        599 28     UA3QR         599 29    
QSO: 14000 CW 2023-04-09 0851 YT2ISM        599 28     UA4HGL        599 29    
QSO: 14000 CW 2023-04-09 0851 YT2ISM        599 28     R6CW          599 29    
QSO: 14000 CW 2023-04-09 0852 YT2ISM        599 28     G8AJM         599 27    
QSO: 14000 CW 2023-04-09 0852 YT2ISM        599 28     DL7CB         599 28    
QSO: 14000 CW 2023-04-09 0853 YT2ISM        599 28     R3XM          599 29    
QSO: 14000 CW 2023-04-09 0854 YT2ISM        599 28     R9XS          599 20    
QSO: 14000 CW 2023-04-09 0856 YT2ISM        599 28     UA1ZZ         599 19    
QSO: 14000 CW 2023-04-09 0856 YT2ISM        599 28     RN6AT         599 29    
QSO: 14000 PH 2023-04-09 0911 YT2ISM        59  28     RW0A          59  SA    
QSO: 14000 PH 2023-04-09 0912 YT2ISM        59  28     R9LY          59  30    
QSO: 14000 PH 2023-04-09 0913 YT2ISM        59  28     R2VA          59  PC    
QSO: 14000 PH 2023-04-09 0914 YT2ISM        59  28     RG2X          59  RK    
QSO: 14000 PH 2023-04-09 0915 YT2ISM        59  28     RJ1O          59  KP    
QSO: 14000 PH 2023-04-09 0918 YT2ISM        59  28     R4HIA         59  29    
QSO: 14000 PH 2023-04-09 0918 YT2ISM        59  28     RM4HZ         59  30    
QSO: 14158 PH 2023-04-09 0919 YT2ISM        59  28     UF8C          59  30    
QSO: 14000 PH 2023-04-09 0919 YT2ISM        59  28     R4RB          59  30    
QSO: 14000 PH 2023-04-09 0919 YT2ISM        59  28     R7GU          59  29    
QSO: 14000 PH 2023-04-09 0919 YT2ISM        59  28     RC6AC         59  29    
QSO: 14000 PH 2023-04-09 0920 YT2ISM        59  28     R5EO          59  29    
QSO: 14000 PH 2023-04-09 0920 YT2ISM        59  28     UA7LV         59  30    
QSO: 14000 PH 2023-04-09 0923 YT2ISM        59  28     UA4HEZ        59  30    
QSO: 14000 PH 2023-04-09 0923 YT2ISM        59  28     RZ3DGI        59  29    
QSO: 14000 PH 2023-04-09 0924 YT2ISM        59  28     RG9A          59  30    
QSO: 14000 PH 2023-04-09 0924 YT2ISM        59  28     UA9R          59  30    
QSO: 14000 PH 2023-04-09 0925 YT2ISM        59  28     RC4AC         59  29    
QSO: 14000 PH 2023-04-09 0926 YT2ISM        59  28     R1BAC         59  29    
QSO: 14000 PH 2023-04-09 0926 YT2ISM        59  28     UA9CUA        59  30    
QSO: 14000 PH 2023-04-09 0927 YT2ISM        59  28     YT4W          59  28    
QSO: 14000 PH 2023-04-09 0927 YT2ISM        59  28     UA1CUR        59  29    
QSO: 14000 PH 2023-04-09 0927 YT2ISM        59  28     UF5A          59  29    
QSO: 14000 PH 2023-04-09 0927 YT2ISM        59  28     RA5G          59  29    
QSO: 14000 PH 2023-04-09 0928 YT2ISM        59  28     R2RZ          59  29    
QSO: 14000 PH 2023-04-09 0928 YT2ISM        59  28     RN3RQ         59  29    
QSO: 14000 PH 2023-04-09 0930 YT2ISM        59  28     RN9N          59  30    
QSO: 14000 PH 2023-04-09 0930 YT2ISM        59  28     RC6U          59  29    
QSO: 14000 PH 2023-04-09 0931 YT2ISM        59  28     RD1AH         59  29    
QSO: 14000 PH 2023-04-09 0932 YT2ISM        59  28     PE1EWR        59  27    
QSO: 14000 PH 2023-04-09 0933 YT2ISM        59  28     RU3VQ         59  29    
QSO: 14000 PH 2023-04-09 0933 YT2ISM        59  28     R2DOW         59  29    
QSO: 14000 PH 2023-04-09 0934 YT2ISM        59  28     SM6MVE        59  18    
QSO: 14000 PH 2023-04-09 0934 YT2ISM        59  28     RT4D          59  MP    
QSO: 14000 PH 2023-04-09 0935 YT2ISM        59  28     RA4CCK        59  29    
QSO: 14000 PH 2023-04-09 0936 YT2ISM        59  28     UA6CC         59  29    
QSO: 14000 PH 2023-04-09 0936 YT2ISM        59  28     RC7LK         59  29    
QSO: 14000 PH 2023-04-09 0936 YT2ISM        59  28     DH1AAS        59  28    
QSO: 14000 PH 2023-04-09 0937 YT2ISM        59  28     IU5OAV        59  28    
QSO: 14000 PH 2023-04-09 0938 YT2ISM        59  28     UA6ABE        59  29    
QSO: 14000 PH 2023-04-09 0938 YT2ISM        59  28     R4HIA         59  29    
QSO: 14000 PH 2023-04-09 0939 YT2ISM        59  28     R8UT          59  31    
QSO: 14000 PH 2023-04-09 0940 YT2ISM        59  28     R3AAA         59  29    
QSO: 14000 PH 2023-04-09 0941 YT2ISM        59  28     PH5M          59  27    
QSO: 14000 PH 2023-04-09 0941 YT2ISM        59  28     ER3CT         59  29    
QSO: 14000 PH 2023-04-09 0941 YT2ISM        59  28     OH7MFO        59  18    
QSO: 14000 PH 2023-04-09 0942 YT2ISM        59  28     HB9GHJ        59  28    
QSO: 14000 PH 2023-04-09 0943 YT2ISM        59  28     UB8AAT        59  30    
QSO: 14000 PH 2023-04-09 0943 YT2ISM        59  28     PD1TV         59  27    
QSO: 14000 PH 2023-04-09 0944 YT2ISM        59  28     RW3DU         59  29    
QSO: 14000 PH 2023-04-09 0944 YT2ISM        59  28     RY2A          59  29    
QSO: 14000 PH 2023-04-09 0945 YT2ISM        59  28     UA3BL         59  29    
QSO: 14000 PH 2023-04-09 0946 YT2ISM        59  28     UN8PT         59  30    
QSO: 14000 PH 2023-04-09 0947 YT2ISM        59  28     R4RT          59  29    
QSO: 14000 PH 2023-04-09 0947 YT2ISM        59  28     R1BAC         59  29    
QSO: 14000 PH 2023-04-09 0948 YT2ISM        59  28     PA3ATP        59  27    
QSO: 14000 PH 2023-04-09 0952 YT2ISM        59  28     R6XBK         59  29    
QSO: 14000 PH 2023-04-09 0952 YT2ISM        59  28     RA9V          59  31    
QSO: 14000 PH 2023-04-09 0952 YT2ISM        59  28     2E0RIV        59  27    
QSO: 14000 CW 2023-04-09 0955 YT2ISM        599 28     R4GM          599 29    
QSO: 14000 CW 2023-04-09 0956 YT2ISM        599 28     RN7A          599 29    
QSO: 14000 CW 2023-04-09 0959 YT2ISM        599 28     RA3DS         599 29    
QSO: 14000 CW 2023-04-09 1001 YT2ISM        599 28     UA3XFO        599 29    
QSO: 14000 CW 2023-04-09 1001 YT2ISM        599 28     UN7CAW        599 30    
QSO: 14000 CW 2023-04-09 1002 YT2ISM        599 28     OE5TXF        599 28    
QSO: 14000 CW 2023-04-09 1002 YT2ISM        599 28     RA6FUZ        599 29    
QSO: 14027 CW 2023-04-09 1003 YT2ISM        599 28     OK1PX         599 28    
QSO: 14000 CW 2023-04-09 1004 YT2ISM        599 28     M4T           599 27    
QSO: 14000 CW 2023-04-09 1004 YT2ISM        599 28     RW3FB         599 29    
QSO: 14000 CW 2023-04-09 1004 YT2ISM        599 28     UA6AKD        599 29    
QSO: 14000 CW 2023-04-09 1004 YT2ISM        599 28     PC7E          599 27    
QSO: 14000 CW 2023-04-09 1005 YT2ISM        599 28     RA3XCZ        599 29    
QSO: 14000 CW 2023-04-09 1005 YT2ISM        599 28     RW0A          599 SA    
QSO: 14000 CW 2023-04-09 1006 YT2ISM        599 28     UG5IA         599 29    
QSO: 14000 CW 2023-04-09 1006 YT2ISM        599 28     R4ACY         599 29    
QSO: 14000 CW 2023-04-09 1008 YT2ISM        599 28     RG8G          599 30    
QSO: 14000 CW 2023-04-09 1008 YT2ISM        599 28     RT4D          599 MP    
QSO: 14000 CW 2023-04-09 1008 YT2ISM        599 28     RT2X          599 29    
QSO: 14000 CW 2023-04-09 1009 YT2ISM        599 28     RA5G          599 29    
QSO: 14000 CW 2023-04-09 1010 YT2ISM        599 28     PA5FN         599 27    
QSO: 14000 CW 2023-04-09 1011 YT2ISM        599 28     RA3GAA        599 29    
QSO: 14000 CW 2023-04-09 1013 YT2ISM        599 28     PE2K          599 27    
QSO: 14000 CW 2023-04-09 1014 YT2ISM        599 28     IZ4JMA        599 28    
QSO: 14000 CW 2023-04-09 1016 YT2ISM        599 28     UA9XBJ        599 20    
QSO: 14000 CW 2023-04-09 1017 YT2ISM        599 28     ES2JJ         599 29    
QSO: 14000 CW 2023-04-09 1018 YT2ISM        599 28     UA1CIO        599 29    
QSO: 14000 CW 2023-04-09 1018 YT2ISM        599 28     PA3HHM        599 27    
QSO: 14000 CW 2023-04-09 1018 YT2ISM        599 28     UA4AGT        599 29    
QSO: 14000 CW 2023-04-09 1021 YT2ISM        599 28     YU1YV         599 28    
QSO: 14000 CW 2023-04-09 1022 YT2ISM        599 28     PD7CJT        599 27    
QSO: 14000 CW 2023-04-09 1023 YT2ISM        599 28     R2DEM         599 29    
QSO: 14000 CW 2023-04-09 1024 YT2ISM        599 28     PD0JMH        599 27    
QSO: 14000 CW 2023-04-09 1024 YT2ISM        599 28     OK1BR         599 28    
QSO: 14000 CW 2023-04-09 1024 YT2ISM        599 28     UA4PN         599 30    
QSO: 14000 CW 2023-04-09 1025 YT2ISM        599 28     RG2Y          599 29    
QSO: 14000 CW 2023-04-09 1025 YT2ISM        599 28     RM3TO         599 29    
QSO: 14026 CW 2023-04-09 1027 YT2ISM        599 28     D1M           599 29    
QSO: 14000 CW 2023-04-09 1027 YT2ISM        599 28     RC7LS         599 29    
QSO: 14000 CW 2023-04-09 1028 YT2ISM        599 28     RT0O          599 32    
QSO: 14000 CW 2023-04-09 1031 YT2ISM        599 28     R7KZ          599 29    
QSO: 14308 CW 2023-04-09 1032 YT2ISM        599 28     DC8YZ         599 28    
QSO: 14000 CW 2023-04-09 1033 YT2ISM        599 28     UF8C          599 30    
QSO: 14000 CW 2023-04-09 1033 YT2ISM        599 28     R5QQ          599 29    
QSO: 14000 CW 2023-04-09 1035 YT2ISM        599 28     PA3DZM        599 27    
QSO: 14000 CW 2023-04-09 1036 YT2ISM        599 28     PA4O          599 27    
QSO: 14000 CW 2023-04-09 1036 YT2ISM        599 28     RO9O          599 31    
QSO: 14000 CW 2023-04-09 1037 YT2ISM        599 28     IK4RVY        599 28    
QSO: 14000 CW 2023-04-09 1039 YT2ISM        599 28     RU6CO         599 29    
QSO: 14000 CW 2023-04-09 1040 YT2ISM        599 28     EI8JX         599 27    
QSO: 14000 CW 2023-04-09 1042 YT2ISM        599 28     EV6Z          599 29    
QSO: 14000 CW 2023-04-09 1043 YT2ISM        599 28     RM1T          599 29    
QSO: 14000 CW 2023-04-09 1045 YT2ISM        599 28     RN3Z          599 29    
QSO: 14000 CW 2023-04-09 1048 YT2ISM        599 28     RT4D          599 MP    
QSO: 14000 CW 2023-04-09 1049 YT2ISM        599 28     UT7MR         599 29    
QSO: 14000 CW 2023-04-09 1052 YT2ISM        599 28     DL2DRU        599 28    
QSO: 14000 PH 2023-04-09 1113 YT2ISM        59  28     I1WKN         59  28    
QSO: 14000 PH 2023-04-09 1115 YT2ISM        59  28     R7KA          59  29    
QSO: 14000 PH 2023-04-09 1116 YT2ISM        59  28     UA0D          59  33    
QSO: 14000 PH 2023-04-09 1116 YT2ISM        59  28     R5EJ          59  29    
QSO: 14000 PH 2023-04-09 1118 YT2ISM        59  28     RV7M          59  29    
QSO: 14000 PH 2023-04-09 1118 YT2ISM        59  28     RW4CJH        59  29    
QSO: 14000 PH 2023-04-09 1120 YT2ISM        59  28     UB5X          59  29    
QSO: 14000 PH 2023-04-09 1121 YT2ISM        59  28     RO9O          59  31    
QSO: 14000 PH 2023-04-09 1122 YT2ISM        59  28     RT1Q          59  29    
QSO: 14000 PH 2023-04-09 1122 YT2ISM        59  28     R6BH          59  29    
QSO: 14000 PH 2023-04-09 1124 YT2ISM        59  28     UR2PU         59  29    
QSO: 14000 PH 2023-04-09 1126 YT2ISM        59  28     UA4SJO        59  29    
QSO: 14000 PH 2023-04-09 1131 YT2ISM        59  28     RD0A          59  32    
QSO: 14000 CW 2023-04-09 1135 YT2ISM        599 28     RT6N          599 29    
QSO: 14000 CW 2023-04-09 1136 YT2ISM        599 28     OG7F          599 18    
QSO: 14000 CW 2023-04-09 1137 YT2ISM        599 28     ER3KAZ        599 29    
QSO: 14000 CW 2023-04-09 1138 YT2ISM        599 28     OL750HOL      599 28    
QSO: 14000 CW 2023-04-09 1138 YT2ISM        599 28     R8TT          599 AU    
QSO: 14000 CW 2023-04-09 1140 YT2ISM        599 28     YT1T          599 28    
QSO: 14000 CW 2023-04-09 1140 YT2ISM        599 28     RD4FB         599 29    
QSO: 14000 CW 2023-04-09 1140 YT2ISM        599 28     RC9A          599 30    
QSO: 14000 CW 2023-04-09 1141 YT2ISM        599 28     R9OK          599 31    
QSO: 14000 CW 2023-04-09 1143 YT2ISM        599 28     R4WR          599 30    
QSO: 14000 CW 2023-04-09 1306 YT2ISM        599 28     RC9J          599 21    
QSO: 14000 CW 2023-04-09 1307 YT2ISM        599 28     DM775BN       599 28    
QSO: 14000 CW 2023-04-09 1308 YT2ISM        599 28     R4RN          599 30    
QSO: 14000 CW 2023-04-09 1312 YT2ISM        599 28     PG7R          599 27    
QSO: 14000 CW 2023-04-09 1314 YT2ISM        599 28     RA3YDA        599 29    
QSO: 14000 CW 2023-04-09 1316 YT2ISM        599 28     R3AQ          599 29    
QSO: 14000 CW 2023-04-09 1317 YT2ISM        599 28     UA0D          599 33    
QSO: 14000 CW 2023-04-09 1317 YT2ISM        599 28     UN4L          599 30    
QSO: 14000 CW 2023-04-09 1317 YT2ISM        599 28     PC6R          599 27    
QSO: 14000 CW 2023-04-09 1322 YT2ISM        599 28     RA9XSL        599 20    
QSO: 14000 CW 2023-04-09 1322 YT2ISM        599 28     DF3NA         599 28    
QSO: 14000 CW 2023-04-09 1324 YT2ISM        599 28     RT2P          599 29    
QSO: 14000 CW 2023-04-09 1324 YT2ISM        599 28     HA8AP         599 28    
QSO: 14000 CW 2023-04-09 1325 YT2ISM        599 28     RM1F          599 29    
QSO: 14000 CW 2023-04-09 1332 YT2ISM        599 28     RU7K          599 29    
QSO: 14000 CW 2023-04-09 1332 YT2ISM        599 28     OK1DVA        599 28    
QSO: 14000 CW 2023-04-09 1335 YT2ISM        599 28     RT2F          599 29    
QSO: 14000 CW 2023-04-09 1338 YT2ISM        599 28     EU6O          599 29    
QSO: 14000 CW 2023-04-09 1339 YT2ISM        599 28     HB9IIH        599 28    
QSO: 14000 CW 2023-04-09 1339 YT2ISM        599 28     RK6HG         599 29    
QSO: 14000 CW 2023-04-09 1341 YT2ISM        599 28     SQ9FQY        599 28    
QSO: 14000 CW 2023-04-09 1342 YT2ISM        599 28     UI7D          599 29    
QSO: 14000 CW 2023-04-09 1343 YT2ISM        599 28     DJ3XD         599 28    
QSO: 14000 CW 2023-04-09 1344 YT2ISM        599 28     UA3YDI        599 29    
QSO: 14000 CW 2023-04-09 1345 YT2ISM        599 28     UA0OK         599 32    
QSO: 14000 CW 2023-04-09 1347 YT2ISM        599 28     UY5MU         599 29    
QSO: 14000 CW 2023-04-09 1348 YT2ISM        599 28     EW3ILM        599 29    
QSO: 14000 CW 2023-04-09 1349 YT2ISM        599 28     RW0AB         599 32    
QSO: 14000 CW 2023-04-09 1352 YT2ISM        599 28     R2SCN         599 29    
QSO: 14000 CW 2023-04-09 1352 YT2ISM        599 28     DL8DWW        599 28    
QSO: 14000 CW 2023-04-09 1353 YT2ISM        599 28     UA9CUJ        599 30    
QSO: 14000 CW 2023-04-09 1354 YT2ISM        599 28     R8OM          599 31    
QSO: 14000 CW 2023-04-09 1356 YT2ISM        599 28     RM7F          599 29    
QSO: 14000 CW 2023-04-09 1358 YT2ISM        599 28     RK3DK         599 29    
QSO: 14000 CW 2023-04-09 1359 YT2ISM        599 28     R6CW          599 29    
QSO: 14000 CW 2023-04-09 1401 YT2ISM        599 28     VE3EY         599 04    
QSO: 14000 CW 2023-04-09 1402 YT2ISM        599 28     OK1PFM        599 28    
QSO: 14000 CW 2023-04-09 1402 YT2ISM        599 28     RA9SN         599 30    
QSO: 14000 CW 2023-04-09 1404 YT2ISM        599 28     DL1DBR        599 28    
QSO: 14000 CW 2023-04-09 1408 YT2ISM        599 28     RW1A          599 29    
QSO: 14000 CW 2023-04-09 1408 YT2ISM        599 28     YL3FW         599 29    
QSO: 14000 CW 2023-04-09 1411 YT2ISM        599 28     OK4RQ         599 28    
QSO: 14000 CW 2023-04-09 1412 YT2ISM        599 28     IT9VDQ        599 28    
END-OF-LOG:
