START-OF-LOG: 3.0
LOCATION: DX
CALLSIGN: HA6QU
CATEGORY: SINGLE-OP 20M
CLUB: PRODX RADIOSPORT EGYESULET
CONTEST: EA-MAJESTAD-CW
CLAIMED-SCORE: 1092
OPERATORS: HA6QU
NAME: Dr. Bertalan Eged
GRID-LOCATOR: JN97MO
CREATED-BY: N1MM Logger+ 1.0.10386.0
QSO: 14017 CW 2025-05-18 0912 HA6QU         599 001    M0CKE         599 59       
QSO: 14019 CW 2025-05-18 0916 HA6QU         599 002    R9GM          599 193      
QSO: 14014 CW 2025-05-18 0919 HA6QU         599 003    YT1A          599 683      
QSO: 14020 CW 2025-05-18 0920 HA6QU         599 004    UR7R          599 440      
QSO: 14008 CW 2025-05-18 0922 HA6QU         599 005    ON9TT         599 173      
QSO: 14031 CW 2025-05-18 0922 HA6QU         599 006    OY1CT         599 455      
QSO: 14033 CW 2025-05-18 0923 HA6QU         599 007    F6AUS         599 334      
QSO: 14021 CW 2025-05-18 0924 HA6QU         599 008    I4IKW         599 188      
QSO: 14024 CW 2025-05-18 0927 HA6QU         599 009    LY7T          599 289      
QSO: 14010 CW 2025-05-18 0930 HA6QU         599 010    LZ1GU         599 675      
QSO: 14031 CW 2025-05-18 0932 HA6QU         599 011    4L8A          599 579      
QSO: 14028 CW 2025-05-18 0933 HA6QU         599 012    DK2FG         599 224      
QSO: 14019 CW 2025-05-18 0934 HA6QU         599 013    SE5V          599 44       
QSO: 14026 CW 2025-05-18 0935 HA6QU         599 014    YL2TD         599 493      
QSO: 14022 CW 2025-05-18 0937 HA6QU         599 015    PC6R          599 144      
QSO: 14023 CW 2025-05-18 0938 HA6QU         599 016    SV1JG         599 638      
QSO: 14015 CW 2025-05-18 0941 HA6QU         599 017    R3EG          599 574      
QSO: 14007 CW 2025-05-18 0943 HA6QU         599 018    EA1X          599 C        
QSO: 14003 CW 2025-05-18 0948 HA6QU         599 019    TM160ITU      599 0        
QSO: 14037 CW 2025-05-18 0952 HA6QU         599 020    EA7A          599 SE       
QSO: 14034 CW 2025-05-18 0953 HA6QU         599 021    Z35F          599 347      
QSO: 14029 CW 2025-05-18 0957 HA6QU         599 022    IK0YVV        599 165      
QSO: 14030 CW 2025-05-18 0957 HA6QU         599 023    EA6EJ         599 IB       
QSO: 14038 CW 2025-05-18 0959 HA6QU         599 024    EA2T          599 VI       
QSO: 14045 CW 2025-05-18 0959 HA6QU         599 025    EA2AZ         599 NA       
QSO: 14020 CW 2025-05-18 1000 HA6QU         599 026    SN1T          599 500      
QSO: 14023 CW 2025-05-18 1003 HA6QU         599 027    TM17REF       599 0        
QSO: 14021 CW 2025-05-18 1007 HA6QU         599 028    P3X           599 1597     
QSO: 14015 CW 2025-05-18 1008 HA6QU         599 029    ED1B          599 O        
QSO: 14034 CW 2025-05-18 1009 HA6QU         599 030    G4BJM         599 690      
QSO: 14020 CW 2025-05-18 1010 HA6QU         599 031    UR7R          599 476      
END-OF-LOG:
