START-OF-LOG: 3.0
CATEGORY: Single operator, SSB, low power
CONTEST: XMAS
SPECIFIC: Y34
CALLSIGN: DL1TV
CLAIMED-SCORE: 1836
CREATED-BY: UcxLog 8.24, modified by DXHF upload.
GRID-LOCATOR: JO62SG
QSO:  7000 PH 2022-12-26 0831 DL1TV         59  Y34    PA1VS         59  001
QSO:  7000 PH 2022-12-26 0832 DL1TV         59  Y34    DM7HB         59  A07
QSO:  7000 PH 2022-12-26 0836 DL1TV         59  Y34    DL2MAJ        59  C28
QSO:  7000 PH 2022-12-26 0837 DL1TV         59  Y34    DF2QZ         59  N20
QSO:  7000 PH 2022-12-26 0841 DL1TV         59  Y34    DA0N          59  CM21
QSO:  7000 PH 2022-12-26 0842 DL1TV         59  Y34    DJ5KW         59  R25
QSO:  7000 PH 2022-12-26 0849 DL1TV         59  Y34    DF7IH         59  P05
QSO:  7000 PH 2022-12-26 0850 DL1TV         59  Y34    DG1HP         59  K14
QSO:  7000 PH 2022-12-26 0851 DL1TV         59  Y34    DK1IJ         59  I18
QSO:  7000 PH 2022-12-26 0851 DL1TV         59  Y34    DH8GV         59  I30
QSO:  7000 PH 2022-12-26 0854 DL1TV         59  Y34    DG7BST        59  I23
QSO:  7000 PH 2022-12-26 0855 DL1TV         59  Y34    DF2FM         59  F36
QSO:  7000 PH 2022-12-26 0857 DL1TV         59  Y34    PE1OBL        59  005
QSO:  7000 PH 2022-12-26 0858 DL1TV         59  Y34    DL0WB         59  50P36
QSO:  7000 PH 2022-12-26 0918 DL1TV         59  Y34    DB6MC         59  F49
QSO:  7000 PH 2022-12-26 0919 DL1TV         59  Y34    DL8DSL        59  S22
QSO:  7000 PH 2022-12-26 0932 DL1TV         59  Y34    DL4CV         59  S44
QSO:  7000 PH 2022-12-26 0933 DL1TV         59  Y34    DK8SX         59  P06
QSO:  7000 PH 2022-12-26 0936 DL1TV         59  Y34    DM6AT         59  H24
QSO:  7000 PH 2022-12-26 0936 DL1TV         59  Y34    DL9LA         59  U08
QSO:  7000 PH 2022-12-26 0938 DL1TV         59  Y34    DL2AWR        59  T01
QSO:  7000 PH 2022-12-26 0938 DL1TV         59  Y34    DL4YAY        59  N13
QSO:  7000 PH 2022-12-26 0939 DL1TV         59  Y34    DL6HBQ        59  E09
QSO:  7000 PH 2022-12-26 0939 DL1TV         59  Y34    DK8MK         59  P03
QSO:  7000 PH 2022-12-26 0942 DL1TV         59  Y34    DA0M          59  Z90
QSO:  7000 PH 2022-12-26 0943 DL1TV         59  Y34    DL7ZZ         59  H32
QSO:  7000 PH 2022-12-26 0955 DL1TV         59  Y34    DL5BL         59  H24
QSO:  7000 PH 2022-12-26 0956 DL1TV         59  Y34    SP7O          59  041
QSO:  7000 PH 2022-12-26 1009 DL1TV         59  Y34    DL9UP         59  Q05
QSO:  7000 PH 2022-12-26 1010 DL1TV         59  Y34    DL5L          59  X23
QSO:  7000 PH 2022-12-26 1038 DL1TV         59  Y34    DL2RZ         59  M06
QSO:  7000 PH 2022-12-26 1038 DL1TV         59  Y34    DK8UL         59  V19
QSO:  7000 PH 2022-12-26 1042 DL1TV         59  Y34    DA0T          59  E38
QSO:  7000 PH 2022-12-26 1044 DL1TV         59  Y34    DL1FAR        59  F20
END-OF-LOG:
