START-OF-LOG: 3.0
CREATED-BY: reconstructed-log-builder
CONTEST: SAC-SSB
CALLSIGN: EA5Z
LOCATION: 
CATEGORY: CHECKLOG
CATEGORY-OPERATOR: SINGLE-OP
CATEGORY-BAND: ALL
CATEGORY-MODE: MIXED
CATEGORY-POWER: UNKNOWN
CATEGORY-ASSISTED: NON-ASSISTED
CATEGORY-TRANSMITTER: ONE
CATEGORY-STATION: UNKNOWN
CATEGORY-OVERLAY: 
OPERATORS: EA5Z
CLAIMED-SCORE: 
CLUB: 
NAME: 
SOAPBOX: RECONSTRUCTED MOCKUP LOG - NOT AN OFFICIAL SUBMISSION.
SOAPBOX: Derived from submitted logs for SAC-SSB SAC/SSB/2024.
QSO: 21330 PH 2024-10-12 1606 EA5Z          59 21 SE5N          59 137
QSO: 21330 PH 2024-10-12 1609 EA5Z          59 4 LB0HJ         59 11
QSO: 21330 PH 2024-10-12 1610 EA5Z          59 5 SA0IAT        59 259
QSO: 21330 PH 2024-10-12 1611 EA5Z          59 6 SM4EPR        59 9
QSO: 21250 PH 2024-10-12 1612 EA5Z          59 7 SA4UNA        57 10
QSO: 21250 PH 2024-10-12 1612 EA5Z          59 8 SM0SYP        59 8
QSO: 21330 PH 2024-10-12 1612 EA5Z          59 10 LA3BPA        59 99
QSO: 21330 PH 2024-10-12 1613 EA5Z          59 12 LB7VI         59 111
QSO: 21330 PH 2024-10-12 1615 EA5Z          59 13 LB4ZI         59 2
QSO: 21200 PH 2024-10-12 1616 EA5Z          59 16 SM7L          59 63
QSO: 21250 PH 2024-10-12 1617 EA5Z          59 18 SK6BA         59 169
QSO: 21330 PH 2024-10-12 1617 EA5Z          59 17 LA7USA        59 4
QSO: 21330 PH 2024-10-12 1618 EA5Z          59 19 SM8M          59 14
QSO: 21330 PH 2024-10-12 1631 EA5Z          59 20 LB1LG         59 18
QSO: 21330 PH 2024-10-12 1632 EA5Z          59 22 OZ1KVM        59 32
QSO: 21330 PH 2024-10-12 1635 EA5Z          59 23 OV1ZX         59 2
QSO: 21250 PH 2024-10-12 1639 EA5Z          59 24 LC5C          59 188
QSO: 21330 PH 2024-10-12 1641 EA5Z          59 25 LC2F          59 72
QSO: 21250 PH 2024-10-12 1642 EA5Z          59 27 OZ4GM         59 31
QSO: 21330 PH 2024-10-12 1642 EA5Z          59 26 LA3S          59 245
QSO: 21330 PH 2024-10-12 1643 EA5Z          59 28 SM5JVF        59 108
QSO: 21330 PH 2024-10-12 1645 EA5Z          59 29 LA3RNA        59 13
QSO: 21330 PH 2024-10-12 1650 EA5Z          59 30 LC1P          59 120
QSO: 21350 PH 2024-10-12 1654 EA5Z          59 33 OH5GIO        59 369
QSO: 21288 PH 2024-10-12 1655 EA5Z          59 35 OG8M          59 464
QSO: 21338 PH 2024-10-12 1655 EA5Z          59 34 SD3T          59 193
QSO: 21234 PH 2024-10-12 1656 EA5Z          59 39 SK3W          59 308
QSO: 21237 PH 2024-10-12 1656 EA5Z          59 38 OG1F          59 340
QSO: 21257 PH 2024-10-12 1656 EA5Z          59 37 OH2PM         59 210
QSO: 21283 PH 2024-10-12 1656 EA5Z          59 36 SM2S          59 372
QSO: 21230 PH 2024-10-12 1657 EA5Z          59 40 OH7TO         59 220
QSO: 21250 PH 2024-10-12 1657 EA5Z          59 31 SA4DHT        59 28
QSO: 21245 PH 2024-10-12 1658 EA5Z          59 44 OH9W          59 239
QSO: 21277 PH 2024-10-12 1658 EA5Z          59 43 OH2T          59 398
QSO: 21301 PH 2024-10-12 1658 EA5Z          59 42 SJ2W          59 697
QSO: 21217 PH 2024-10-12 1659 EA5Z          59 45 OH6RE         59 73
END-OF-LOG:
