START-OF-LOG: 3.0
CREATED-BY: reconstructed-log-builder
CONTEST: CQ-WW-CW
CALLSIGN: AK3V
LOCATION: 
CATEGORY: CHECKLOG
CATEGORY-OPERATOR: SINGLE-OP
CATEGORY-BAND: ALL
CATEGORY-MODE: MIXED
CATEGORY-POWER: UNKNOWN
CATEGORY-ASSISTED: NON-ASSISTED
CATEGORY-TRANSMITTER: ONE
CATEGORY-STATION: UNKNOWN
CATEGORY-OVERLAY: 
OPERATORS: AK3V
CLAIMED-SCORE: 
CLUB: 
NAME: 
SOAPBOX: RECONSTRUCTED MOCKUP LOG - NOT AN OFFICIAL SUBMISSION.
SOAPBOX: Derived from submitted logs for CQ-WW-CW CQWW/cw/2014.
QSO: 21023 CW 2014-11-29 1903 AK3V          599 05 EA8/RA1A      599 33
QSO: 21020 CW 2014-11-29 1905 AK3V          599 05 CR3L          599 33
QSO: 21017 CW 2014-11-29 1906 AK3V          599 05 EI4BZ         599 14
QSO: 21017 CW 2014-11-29 1907 AK3V          599 05 PT2CM         599 11
QSO: 21028 CW 2014-11-29 1907 AK3V          599 5 HC1WDT        599 10
QSO: 21033 CW 2014-11-29 1910 AK3V          599 05 KH7XX         599 31
QSO: 21034 CW 2014-11-29 1911 AK3V          599 05 HK1NA         599 09
QSO: 21034 CW 2014-11-29 1911 AK3V          599 05 HK1NA         599 09
QSO: 21035 CW 2014-11-29 1912 AK3V          599 05 FY5KE         599 9
QSO: 21050 CW 2014-11-29 1913 AK3V          599 05 ZM1A          599 32
QSO: 14028 CW 2014-11-29 2222 AK3V          599 05 TM6M          599 14
QSO: 14030 CW 2014-11-29 2222 AK3V          599 05 JK1MZT        599 25
QSO: 14032 CW 2014-11-29 2224 AK3V          599 05 SJ2W          599 14
QSO: 14035 CW 2014-11-29 2227 AK3V          599 05 6W1RW         599 35
QSO: 14035 CW 2014-11-29 2228 AK3V          599 5 EA8CN         599 33
QSO: 14039 CW 2014-11-29 2229 AK3V          599 05 V55V          599 38
QSO: 14041 CW 2014-11-29 2231 AK3V          599 05 PJ4Q          599 9
QSO: 14042 CW 2014-11-29 2231 AK3V          599 05 6W1SR         599 35
QSO: 14043 CW 2014-11-29 2232 AK3V          599 05 CS2C          599 14
QSO: 14044 CW 2014-11-29 2233 AK3V          599 05 LX7I          599 14
QSO: 14045 CW 2014-11-29 2233 AK3V          599 05 CR3L          599 33
QSO: 14050 CW 2014-11-29 2234 AK3V          599 05 CN2AA         599 33
QSO: 14057 CW 2014-11-29 2238 AK3V          599 05 VK6LW         599 29
QSO: 14059 CW 2014-11-29 2240 AK3V          599 05 IO5O          599 15
QSO: 14000 CW 2014-11-29 2241 AK3V          599 05 5B/RN3QO      599 20
QSO: 14060 CW 2014-11-29 2243 AK3V          599 05 HK1NA         599 09
QSO: 14060 CW 2014-11-29 2244 AK3V          599 05 9K2HN         599 21
QSO: 14061 CW 2014-11-29 2248 AK3V          599 05 V47T          599 8
QSO: 14007 CW 2014-11-29 2249 AK3V          599 05 ED5O          599 14
QSO: 14007 CW 2014-11-29 2249 AK3V          599 05 IR1Y          599 15
QSO: 14020 CW 2014-11-29 2254 AK3V          599 05 PY4YY         599 11
QSO: 14022 CW 2014-11-29 2254 AK3V          599 5 HC1WDT        599 10
QSO: 14025 CW 2014-11-29 2256 AK3V          599 05 PJ4A          599 09
QSO: 14000 CW 2014-11-29 2257 AK3V          599 5 TA3D          599 20
QSO: 14026 CW 2014-11-29 2257 AK3V          599 05 PY3OZ         599 11
QSO: 14033 CW 2014-11-29 2258 AK3V          599 05 R0QA          599 19
QSO: 21008 CW 2014-11-29 2301 AK3V          599 05 HC2AO/8       599 10
QSO: 21022 CW 2014-11-29 2308 AK3V          599 05 YN2CC         599 7
QSO: 21027 CW 2014-11-29 2310 AK3V          599 05 PW2D          599 11
QSO: 21028 CW 2014-11-29 2311 AK3V          599 05 KH6LC         599 31
QSO: 21032 CW 2014-11-29 2312 AK3V          599 05 JA6BZI        599 25
QSO: 21039 CW 2014-11-29 2313 AK3V          599 05 TO7A          599 8
QSO: 21000 CW 2014-11-29 2314 AK3V          599 5 JE5JHZ        599 25
QSO: 21041 CW 2014-11-29 2315 AK3V          599 05 KP2Q          599 8
QSO: 21042 CW 2014-11-29 2316 AK3V          599 05 JR2IOB        599 25
QSO: 21044 CW 2014-11-29 2316 AK3V          599 05 DS4EOI/2      599 25
QSO: 21045 CW 2014-11-29 2317 AK3V          599 05 JH5RXS        599 25
QSO: 21000 CW 2014-11-29 2320 AK3V          599 05 NH2DX         599 27
QSO: 21049 CW 2014-11-29 2322 AK3V          599 05 9M6NA         599 28
QSO: 21059 CW 2014-11-29 2324 AK3V          599 05 SJ2W          599 14
QSO: 21061 CW 2014-11-29 2325 AK3V          599 05 JA6LCJ        599 25
QSO: 21008 CW 2014-11-29 2357 AK3V          599 05 JA7NVF        599 25
QSO: 21010 CW 2014-11-29 2358 AK3V          599 5 RT0C          599 19
QSO: 21013 CW 2014-11-29 2359 AK3V          599 05 VK2IM         599 30
QSO: 21015 CW 2014-11-30 0000 AK3V          599 05 JA2IVK        599 25
QSO: 21022 CW 2014-11-30 0003 AK3V          599 05 ZF1A          599 8
QSO: 21029 CW 2014-11-30 0006 AK3V          599 5 JA7IC         599 25
QSO: 21000 CW 2014-11-30 0009 AK3V          599 05 JA5DQH        599 25
QSO: 21046 CW 2014-11-30 0012 AK3V          599 05 AH0K          599 27
QSO: 14013 CW 2014-11-30 0125 AK3V          599 05 RA0UF         599 18
QSO: 14018 CW 2014-11-30 0126 AK3V          599 05 EA7PP         599 14
QSO: 14019 CW 2014-11-30 0128 AK3V          599 05 P33W          599 20
QSO: 14022 CW 2014-11-30 0130 AK3V          599 05 CE3CT         599 12
QSO: 14000 CW 2014-11-30 0131 AK3V          599 05 HD2A          599 10
QSO: 14031 CW 2014-11-30 0132 AK3V          599 05 OH8L          599 15
QSO: 14033 CW 2014-11-30 0133 AK3V          599 05 YT1VP         599 15
QSO: 14042 CW 2014-11-30 0134 AK3V          599 05 NP4Z          599 8
QSO: 14043 CW 2014-11-30 0135 AK3V          599 05 LU8YE         599 13
QSO: 14044 CW 2014-11-30 0136 AK3V          599 05 PT2CM         599 11
QSO: 14047 CW 2014-11-30 0137 AK3V          599 5 UA0KBG        599 19
QSO: 14048 CW 2014-11-30 0138 AK3V          599 05 EA6FO         599 14
QSO: 14048 CW 2014-11-30 0138 AK3V          599 5 UA4W          599 16
QSO: 14053 CW 2014-11-30 0139 AK3V          599 05 EA5RS         599 14
QSO: 14061 CW 2014-11-30 0142 AK3V          599 05 PS7DX         599 11
QSO: 14068 CW 2014-11-30 0143 AK3V          599 05 R3DCX         599 16
QSO:  7005 CW 2014-11-30 0144 AK3V          599 05 S57AL         599 15
QSO:  7007 CW 2014-11-30 0145 AK3V          599 05 9A1A          599 15
QSO:  7008 CW 2014-11-30 0146 AK3V          599 05 YU7AV         599 15
QSO:  7010 CW 2014-11-30 0147 AK3V          599 05 YL2SW         599 15
QSO:  7012 CW 2014-11-30 0148 AK3V          599 05 YU1UN         599 15
QSO:  7014 CW 2014-11-30 0148 AK3V          599 05 OP4K          599 14
QSO:  7014 CW 2014-11-30 0149 AK3V          599 05 DK4M          599 14
QSO:  7015 CW 2014-11-30 0150 AK3V          599 05 ED5O          599 14
QSO:  7015 CW 2014-11-30 0152 AK3V          599 5 UA3R          599 16
QSO:  7016 CW 2014-11-30 0152 AK3V          599 05 S57Z          599 15
QSO:  7017 CW 2014-11-30 0153 AK3V          599 05 G4DBW         599 14
QSO:  7019 CW 2014-11-30 0154 AK3V          599 05 YU1DW         599 15
QSO:  7020 CW 2014-11-30 0156 AK3V          599 05 TC0A          599 20
QSO:  7021 CW 2014-11-30 0156 AK3V          599 05 IR4M          599 15
QSO:  7021 CW 2014-11-30 0156 AK3V          599 05 OK5T          599 15
QSO:  7022 CW 2014-11-30 0157 AK3V          599 05 DR4A          599 14
QSO:  7022 CW 2014-11-30 0157 AK3V          599 05 PJ4A          599 09
QSO:  7023 CW 2014-11-30 0158 AK3V          599 05 ES5OW         599 15
QSO:  7024 CW 2014-11-30 0158 AK3V          599 05 VA2WA         599 5
QSO:  7025 CW 2014-11-30 0159 AK3V          599 05 RT6A          599 16
QSO:  7025 CW 2014-11-30 0159 AK3V          599 05 TM6M          599 14
QSO:  7028 CW 2014-11-30 0200 AK3V          599 05 UW5Q          599 16
QSO:  7028 CW 2014-11-30 0201 AK3V          599 05 MW5R          599 14
QSO:  7029 CW 2014-11-30 0201 AK3V          599 05 HA3NU         599 15
QSO:  7030 CW 2014-11-30 0203 AK3V          599 05 II9P          599 15
QSO:  7030 CW 2014-11-30 0203 AK3V          599 05 IO1T          599 15
QSO:  7031 CW 2014-11-30 0203 AK3V          599 05 LZ9W          599 20
QSO: 28000 CW 2014-11-30 1251 AK3V          599 05 OA4SS         599 10
QSO: 28057 CW 2014-11-30 1252 AK3V          599 05 EF8U          599 33
QSO: 28051 CW 2014-11-30 1255 AK3V          599 05 II9P          599 15
QSO: 28051 CW 2014-11-30 1256 AK3V          599 05 UA4M          599 16
QSO: 28000 CW 2014-11-30 1257 AK3V          599 05 9A1P          599 15
QSO: 28045 CW 2014-11-30 1301 AK3V          599 05 F8AAN         599 14
QSO: 28043 CW 2014-11-30 1303 AK3V          599 05 LZ6K          599 20
QSO: 28042 CW 2014-11-30 1304 AK3V          599 05 EF5R          599 14
QSO: 28041 CW 2014-11-30 1742 AK3V          599 05 ED1R          599 14
QSO: 28055 CW 2014-11-30 1752 AK3V          599 05 HK1NA         599 09
QSO: 28058 CW 2014-11-30 1757 AK3V          599 05 6Y6N          599 8
QSO: 28000 CW 2014-11-30 1801 AK3V          599 05 CO8DM         599 8
QSO: 28071 CW 2014-11-30 1803 AK3V          599 05 PJ4S          599 9
QSO: 28074 CW 2014-11-30 1806 AK3V          599 05 TO7A          599 8
QSO: 28014 CW 2014-11-30 1808 AK3V          599 05 KH7XX         599 31
QSO: 28021 CW 2014-11-30 1810 AK3V          599 05 V55V          599 38
QSO: 28022 CW 2014-11-30 1811 AK3V          599 5 HC1WDT        599 10
QSO: 28023 CW 2014-11-30 1812 AK3V          599 05 CT3KN         599 33
QSO: 28026 CW 2014-11-30 1814 AK3V          599 05 PT2CM         599 11
QSO: 28028 CW 2014-11-30 1815 AK3V          599 05 LU1DZ         599 13
QSO: 28032 CW 2014-11-30 1815 AK3V          599 05 PS2T          599 11
QSO: 28033 CW 2014-11-30 1816 AK3V          599 05 LT1F          599 13
QSO: 28043 CW 2014-11-30 1821 AK3V          599 05 EA8/K1LZ      599 33
QSO: 28051 CW 2014-11-30 1822 AK3V          599 05 PX2A          599 11
QSO: 28053 CW 2014-11-30 1823 AK3V          599 5 V26K          599 8
QSO: 28054 CW 2014-11-30 1824 AK3V          599 05 HC2AO/8       599 10
QSO: 28055 CW 2014-11-30 1824 AK3V          599 05 ZL3TE         599 32
QSO: 21003 CW 2014-11-30 1827 AK3V          599 05 G4PIQ         599 14
QSO: 21008 CW 2014-11-30 1828 AK3V          599 05 CN2AA         599 33
QSO: 21012 CW 2014-11-30 1830 AK3V          599 5 EA8CN         599 33
QSO: 21015 CW 2014-11-30 1831 AK3V          599 5 VE5ZX         599 4
QSO: 21024 CW 2014-11-30 1832 AK3V          599 05 EA2NN         599 14
QSO: 21025 CW 2014-11-30 1833 AK3V          599 05 TM6M          599 14
QSO: 21027 CW 2014-11-30 1834 AK3V          599 05 9A1A          599 15
QSO: 21028 CW 2014-11-30 1834 AK3V          599 05 IO1T          599 15
QSO: 21029 CW 2014-11-30 1834 AK3V          599 05 TM4Q          599 14
QSO: 21030 CW 2014-11-30 1835 AK3V          599 05 EA7PP         599 14
QSO: 21031 CW 2014-11-30 1835 AK3V          599 05 DR1A          599 14
QSO: 21034 CW 2014-11-30 1836 AK3V          599 5 PJ2T          599 9
QSO: 21035 CW 2014-11-30 1838 AK3V          599 05 LX7I          599 14
QSO: 21036 CW 2014-11-30 1838 AK3V          599 05 M3I           599 14
QSO: 21037 CW 2014-11-30 1840 AK3V          599 05 DL0AO         599 14
QSO: 21038 CW 2014-11-30 1840 AK3V          599 05 G5E           599 14
END-OF-LOG:
