START-OF-LOG: 3.0
CREATED-BY: reconstructed-log-builder
CONTEST: CQ-WW-CW
CALLSIGN: DL9NEI
LOCATION: 
CATEGORY: CHECKLOG
CATEGORY-OPERATOR: SINGLE-OP
CATEGORY-BAND: ALL
CATEGORY-MODE: MIXED
CATEGORY-POWER: UNKNOWN
CATEGORY-ASSISTED: NON-ASSISTED
CATEGORY-TRANSMITTER: ONE
CATEGORY-STATION: UNKNOWN
CATEGORY-OVERLAY: 
OPERATORS: DL9NEI
CLAIMED-SCORE: 
CLUB: 
NAME: 
SOAPBOX: RECONSTRUCTED MOCKUP LOG - NOT AN OFFICIAL SUBMISSION.
SOAPBOX: Derived from submitted logs for CQ-WW-CW CQWW/cw/2014.
QSO: 28018 CW 2014-11-29 0828 DL9NEI        599 14 XV9NPS        599 26
QSO: 28035 CW 2014-11-29 0839 DL9NEI        599 14 7O2A          599 37
QSO: 14016 CW 2014-11-29 1557 DL9NEI        599 14 W7VJ          599 3
QSO:  7023 CW 2014-11-29 1816 DL9NEI        599 14 VU4KV         599 26
QSO: 14062 CW 2014-11-29 2216 DL9NEI        599 14 KP2Q          599 8
QSO: 14016 CW 2014-11-30 1937 DL9NEI        599 14 N3RS          599 5
QSO: 14020 CW 2014-11-30 1937 DL9NEI        599 14 W1KM          599 5
QSO:  7049 CW 2014-11-30 1943 DL9NEI        599 14 9K2HN         599 21
QSO: 14117 CW 2014-11-30 1944 DL9NEI        599 14 W2TF          599 5
QSO: 14000 CW 2014-11-30 1946 DL9NEI        599 14 K4XS          599 5
END-OF-LOG:
