START-OF-LOG: 3.0
CREATED-BY: reconstructed-log-builder
CONTEST: CQ-WW-CW
CALLSIGN: JJ1CZR
LOCATION: 
CATEGORY: CHECKLOG
CATEGORY-OPERATOR: SINGLE-OP
CATEGORY-BAND: ALL
CATEGORY-MODE: MIXED
CATEGORY-POWER: UNKNOWN
CATEGORY-ASSISTED: NON-ASSISTED
CATEGORY-TRANSMITTER: ONE
CATEGORY-STATION: UNKNOWN
CATEGORY-OVERLAY: 
OPERATORS: JJ1CZR
CLAIMED-SCORE: 
CLUB: 
NAME: 
SOAPBOX: RECONSTRUCTED MOCKUP LOG - NOT AN OFFICIAL SUBMISSION.
SOAPBOX: Derived from submitted logs for CQ-WW-CW CQWW/cw/2014.
QSO:  7045 CW 2014-11-30 1118 JJ1CZR        599 25 PJ2T          599 9
QSO:  7023 CW 2014-11-30 1130 JJ1CZR        599 25 PJ4A          599 09
QSO:  7019 CW 2014-11-30 1159 JJ1CZR        599 25 6Y6N          599 8
QSO:  7030 CW 2014-11-30 1204 JJ1CZR        599 25 KN5O          599 4
QSO:  7043 CW 2014-11-30 1208 JJ1CZR        599 25 K9CT          599 4
QSO:  7035 CW 2014-11-30 1213 JJ1CZR        599 25 K0OU          599 4
QSO:  7032 CW 2014-11-30 1217 JJ1CZR        599 25 YL2KO         599 15
QSO:  3506 CW 2014-11-30 1220 JJ1CZR        599 25 VE7GL         599 3
QSO: 21085 CW 2014-11-30 2336 JJ1CZR        599 25 K6WSC         599 3
QSO: 21085 CW 2014-11-30 2336 JJ1CZR        599 25 N7AT          599 3
QSO: 21085 CW 2014-11-30 2336 JJ1CZR        599 25 NW6V          599 3
QSO: 21085 CW 2014-11-30 2337 JJ1CZR        599 25 AK7AZ         599 3
QSO: 21085 CW 2014-11-30 2337 JJ1CZR        599 25 VE7CV         599 3
QSO: 21085 CW 2014-11-30 2338 JJ1CZR        599 25 K9YC          599 3
QSO: 21085 CW 2014-11-30 2338 JJ1CZR        599 25 N7DD          599 03
QSO: 21085 CW 2014-11-30 2338 JJ1CZR        599 25 WK1Q          599 5
QSO: 21000 CW 2014-11-30 2339 JJ1CZR        599 25 N4PN          599 05
QSO: 21085 CW 2014-11-30 2339 JJ1CZR        599 25 N0NI          599 4
QSO: 21085 CW 2014-11-30 2339 JJ1CZR        599 25 W0AIH         599 04
QSO: 21085 CW 2014-11-30 2340 JJ1CZR        599 25 VA7OM         599 3
QSO: 21085 CW 2014-11-30 2340 JJ1CZR        599 25 VE6WQ         599 4
QSO: 21000 CW 2014-11-30 2341 JJ1CZR        599 25 VA7MG         599 03
QSO: 21085 CW 2014-11-30 2341 JJ1CZR        599 25 K7SCX         599 4
QSO: 21085 CW 2014-11-30 2341 JJ1CZR        599 25 W5ZO          599 04
QSO: 21085 CW 2014-11-30 2341 JJ1CZR        599 25 W7SO          599 3
QSO: 21085 CW 2014-11-30 2343 JJ1CZR        599 25 K0RF          599 04
QSO: 21085 CW 2014-11-30 2343 JJ1CZR        599 25 KI0J          599 04
QSO: 21085 CW 2014-11-30 2343 JJ1CZR        599 25 NS6E          599 3
QSO: 21085 CW 2014-11-30 2343 JJ1CZR        599 25 WA0MHJ        599 4
QSO: 21085 CW 2014-11-30 2344 JJ1CZR        599 25 K7GK          599 3
QSO: 21085 CW 2014-11-30 2344 JJ1CZR        599 25 K7RL          599 3
QSO: 21085 CW 2014-11-30 2344 JJ1CZR        599 25 W3EKT         599 5
QSO: 21085 CW 2014-11-30 2345 JJ1CZR        599 25 K5XR          599 4
QSO: 21085 CW 2014-11-30 2345 JJ1CZR        599 25 W2TA          599 5
QSO: 21085 CW 2014-11-30 2345 JJ1CZR        599 25 W7VO          599 3
QSO: 21085 CW 2014-11-30 2347 JJ1CZR        599 25 K6JS          599 3
QSO: 21085 CW 2014-11-30 2347 JJ1CZR        599 25 NQ7R          599 3
QSO: 21085 CW 2014-11-30 2348 JJ1CZR        599 25 N7XU          599 3
QSO: 21085 CW 2014-11-30 2348 JJ1CZR        599 25 W6AWW         599 3
QSO: 21085 CW 2014-11-30 2349 JJ1CZR        599 25 K0DU          599 4
QSO: 21085 CW 2014-11-30 2349 JJ1CZR        599 25 K2UR          599 04
QSO: 21085 CW 2014-11-30 2349 JJ1CZR        599 25 N6RO          599 3
QSO: 21085 CW 2014-11-30 2350 JJ1CZR        599 25 KF7IQ         599 03
QSO: 21085 CW 2014-11-30 2350 JJ1CZR        599 25 WA2VYA        599 4
QSO: 21085 CW 2014-11-30 2351 JJ1CZR        599 25 K3LR          599 5
QSO: 21085 CW 2014-11-30 2351 JJ1CZR        599 25 K7LFY         599 3
QSO: 21085 CW 2014-11-30 2351 JJ1CZR        599 25 K7RR          599 3
QSO: 21000 CW 2014-11-30 2352 JJ1CZR        599 25 K7RI          599 03
QSO: 21085 CW 2014-11-30 2352 JJ1CZR        599 25 K0AP          599 4
QSO: 21085 CW 2014-11-30 2352 JJ1CZR        599 25 W6UB          599 04
QSO: 21085 CW 2014-11-30 2353 JJ1CZR        599 25 K6JEB         599 3
QSO: 21085 CW 2014-11-30 2353 JJ1CZR        599 25 K9CT          599 4
QSO: 21085 CW 2014-11-30 2353 JJ1CZR        599 25 W7CT          599 3
QSO: 21085 CW 2014-11-30 2354 JJ1CZR        599 25 W2FU          599 5
QSO: 21085 CW 2014-11-30 2355 JJ1CZR        599 25 K7UA          599 3
QSO: 21085 CW 2014-11-30 2355 JJ1CZR        599 25 N5DO          599 4
QSO: 21085 CW 2014-11-30 2356 JJ1CZR        599 25 N6NG          599 3
QSO: 21085 CW 2014-11-30 2356 JJ1CZR        599 25 W7OM          599 03
QSO: 21085 CW 2014-11-30 2357 JJ1CZR        599 25 N6XI          599 3
END-OF-LOG:
