START-OF-LOG: 3.0
CREATED-BY: reconstructed-log-builder
CONTEST: CQ-WW-CW
CALLSIGN: K3UK
LOCATION: 
CATEGORY: CHECKLOG
CATEGORY-OPERATOR: SINGLE-OP
CATEGORY-BAND: ALL
CATEGORY-MODE: MIXED
CATEGORY-POWER: UNKNOWN
CATEGORY-ASSISTED: NON-ASSISTED
CATEGORY-TRANSMITTER: ONE
CATEGORY-STATION: UNKNOWN
CATEGORY-OVERLAY: 
OPERATORS: K3UK
CLAIMED-SCORE: 
CLUB: 
NAME: 
SOAPBOX: RECONSTRUCTED MOCKUP LOG - NOT AN OFFICIAL SUBMISSION.
SOAPBOX: Derived from submitted logs for CQ-WW-CW CQWW/cw/2014.
QSO:  7037 CW 2014-11-29 0220 K3UK          599 05 SN7Q          599 15
QSO:  7000 CW 2014-11-29 0221 K3UK          599 05 YT7A          599 15
QSO:  7007 CW 2014-11-29 0231 K3UK          599 05 S57AL         599 15
QSO: 14059 CW 2014-11-29 1235 K3UK          599 05 HG6N          599 15
QSO: 14057 CW 2014-11-29 1237 K3UK          599 5 EU6AF         599 16
QSO: 14069 CW 2014-11-29 1239 K3UK          599 05 UA4M          599 16
QSO: 14056 CW 2014-11-29 1241 K3UK          599 05 VE9AA         599 5
QSO: 14044 CW 2014-11-29 1242 K3UK          599 5 PJ2T          599 9
QSO: 21031 CW 2014-11-29 1609 K3UK          599 05 9A5X          599 15
QSO: 21000 CW 2014-11-29 1722 K3UK          599 5 YT7Z          599 15
QSO: 21026 CW 2014-11-29 1724 K3UK          599 05 EA7PP         599 14
QSO: 21021 CW 2014-11-29 1726 K3UK          599 5 EU1WW         599 16
QSO: 21026 CW 2014-11-29 1728 K3UK          599 05 SP8R          599 15
QSO: 21027 CW 2014-11-29 1729 K3UK          599 05 LY2CX         599 15
QSO: 21030 CW 2014-11-29 1730 K3UK          599 05 II9P          599 15
QSO: 21025 CW 2014-11-29 1835 K3UK          599 05 M3W           599 14
QSO: 14043 CW 2014-11-29 1843 K3UK          599 05 OK5W          599 15
QSO: 14039 CW 2014-11-29 1844 K3UK          599 05 DR1A          599 14
QSO: 14025 CW 2014-11-29 1847 K3UK          599 05 OM7M          599 15
QSO: 14028 CW 2014-11-29 1852 K3UK          599 05 TM6M          599 14
QSO: 14046 CW 2014-11-29 1856 K3UK          599 05 OL9R          599 15
QSO: 14002 CW 2014-11-29 1914 K3UK          599 05 VC7M          599 3
QSO: 21009 CW 2014-11-29 1956 K3UK          599 05 V47T          599 8
QSO: 21012 CW 2014-11-29 2001 K3UK          599 05 6Y6N          599 8
QSO: 28023 CW 2014-11-29 2255 K3UK          599 05 KH6LC         599 31
QSO: 28010 CW 2014-11-29 2257 K3UK          599 05 JH5RXS        599 25
QSO: 14019 CW 2014-11-30 0113 K3UK          599 05 P33W          599 20
QSO: 14024 CW 2014-11-30 0115 K3UK          599 05 ZF1A          599 8
QSO: 14028 CW 2014-11-30 0117 K3UK          599 05 IB9T          599 15
QSO: 14000 CW 2014-11-30 0119 K3UK          599 05 YT1A          599 15
QSO:  7021 CW 2014-11-30 0306 K3UK          599 05 IR4M          599 15
QSO:  7026 CW 2014-11-30 0307 K3UK          599 05 VP2EAQ        599 8
QSO:  7034 CW 2014-11-30 0309 K3UK          599 05 EU1A          599 16
QSO:  7035 CW 2014-11-30 0311 K3UK          599 05 CR3L          599 33
QSO:  7032 CW 2014-11-30 0312 K3UK          599 05 RG6G          599 16
QSO:  7002 CW 2014-11-30 0319 K3UK          599 05 LY4A          599 15
QSO:  7003 CW 2014-11-30 0321 K3UK          599 05 UX4U          599 16
QSO:  7014 CW 2014-11-30 0326 K3UK          599 05 DD1A          599 14
QSO:  7003 CW 2014-11-30 0331 K3UK          599 05 DF0HQ         599 14
QSO:  7007 CW 2014-11-30 0335 K3UK          599 05 9A1A          599 15
QSO:  7008 CW 2014-11-30 0341 K3UK          599 05 YO7CVL        599 20
QSO: 14023 CW 2014-11-30 0401 K3UK          599 05 HK1NA         599 09
QSO: 14033 CW 2014-11-30 0403 K3UK          599 05 ES5MC         599 15
QSO: 14037 CW 2014-11-30 0406 K3UK          599 5 RC6U          599 16
QSO: 14029 CW 2014-11-30 0415 K3UK          599 05 PT2CM         599 11
QSO:  7010 CW 2014-11-30 0440 K3UK          599 05 YU1UN         599 15
QSO:  7002 CW 2014-11-30 0441 K3UK          599 05 P3F           599 20
QSO:  7006 CW 2014-11-30 0450 K3UK          599 05 DR1A          599 14
QSO:  7002 CW 2014-11-30 0452 K3UK          599 05 SN5N          599 15
QSO: 21027 CW 2014-11-30 1502 K3UK          599 05 E73W          599 15
QSO: 21004 CW 2014-11-30 1504 K3UK          599 05 EI5KF         599 14
QSO: 21015 CW 2014-11-30 1504 K3UK          599 05 PA3S          599 14
QSO: 21001 CW 2014-11-30 1506 K3UK          599 05 OQ5M          599 14
QSO: 21003 CW 2014-11-30 1508 K3UK          599 05 PJ2V          599 9
QSO: 21019 CW 2014-11-30 1510 K3UK          599 05 RL3DS         599 16
QSO: 21029 CW 2014-11-30 1516 K3UK          599 05 S51TA         599 15
QSO: 21027 CW 2014-11-30 1518 K3UK          599 05 S57AL         599 15
QSO: 21031 CW 2014-11-30 1520 K3UK          599 05 LA7GIA        599 14
QSO: 21010 CW 2014-11-30 1526 K3UK          599 05 IR1X          599 15
QSO: 21005 CW 2014-11-30 1527 K3UK          599 05 F5PHW         599 14
QSO: 21000 CW 2014-11-30 1528 K3UK          599 05 OL1C          599 15
QSO: 21008 CW 2014-11-30 1531 K3UK          599 05 M7O           599 14
QSO: 21002 CW 2014-11-30 1534 K3UK          599 05 VE2FU         599 5
QSO: 21010 CW 2014-11-30 1651 K3UK          599 05 PA4PS         599 14
QSO: 14007 CW 2014-11-30 1717 K3UK          599 05 EA5KA         599 14
QSO: 14014 CW 2014-11-30 1719 K3UK          599 05 KH6LC         599 31
END-OF-LOG:
