START-OF-LOG: 3.0
CREATED-BY: reconstructed-log-builder
CONTEST: CQ-WW-CW
CALLSIGN: WA5BDU
LOCATION: 
CATEGORY: CHECKLOG
CATEGORY-OPERATOR: SINGLE-OP
CATEGORY-BAND: ALL
CATEGORY-MODE: MIXED
CATEGORY-POWER: UNKNOWN
CATEGORY-ASSISTED: NON-ASSISTED
CATEGORY-TRANSMITTER: ONE
CATEGORY-STATION: UNKNOWN
CATEGORY-OVERLAY: 
OPERATORS: WA5BDU
CLAIMED-SCORE: 
CLUB: 
NAME: 
SOAPBOX: RECONSTRUCTED MOCKUP LOG - NOT AN OFFICIAL SUBMISSION.
SOAPBOX: Derived from submitted logs for CQ-WW-CW CQWW/cw/2014.
QSO: 21016 CW 2014-11-29 1355 WA5BDU        599 04 M7O           599 14
QSO: 21017 CW 2014-11-29 1356 WA5BDU        599 04 EI4BZ         599 14
QSO: 21008 CW 2014-11-29 1448 WA5BDU        599 04 PA6V          599 14
QSO: 21000 CW 2014-11-29 1452 WA5BDU        599 4 YT7Z          599 15
QSO: 21025 CW 2014-11-29 1453 WA5BDU        599 04 DD1A          599 14
QSO: 21026 CW 2014-11-29 1454 WA5BDU        599 04 SN2B          599 15
QSO: 21029 CW 2014-11-29 1454 WA5BDU        599 04 IK2AOO        599 15
QSO: 14023 CW 2014-11-29 1457 WA5BDU        599 04 RT4D          599 16
QSO: 14024 CW 2014-11-29 1515 WA5BDU        599 4 RM4W          599 16
QSO: 14028 CW 2014-11-29 1531 WA5BDU        599 04 9A1A          599 15
QSO: 21037 CW 2014-11-29 1651 WA5BDU        599 04 9K2HN         599 21
QSO: 21036 CW 2014-11-29 1655 WA5BDU        599 04 E73W          599 15
QSO: 28064 CW 2014-11-29 1915 WA5BDU        599 04 OX3OA         599 40
QSO: 14012 CW 2014-11-29 1959 WA5BDU        599 04 OQ5M          599 14
QSO: 28018 CW 2014-11-29 2003 WA5BDU        599 4 KH8B          599 32
QSO: 28026 CW 2014-11-29 2138 WA5BDU        599 04 VK4KW         599 30
QSO: 28028 CW 2014-11-29 2208 WA5BDU        599 04 LO2F          599 13
QSO: 28027 CW 2014-11-29 2253 WA5BDU        599 04 VK2DX         599 30
QSO: 21051 CW 2014-11-29 2254 WA5BDU        599 04 KH6CW         599 31
QSO: 14021 CW 2014-11-30 0016 WA5BDU        599 04 W1AW/3        599 5
QSO: 14049 CW 2014-11-30 0242 WA5BDU        599 04 P3F           599 20
QSO:  7025 CW 2014-11-30 1317 WA5BDU        599 04 CO2CCA        599 8
QSO: 28026 CW 2014-11-30 1427 WA5BDU        599 04 OU4X          599 14
QSO: 28000 CW 2014-11-30 1429 WA5BDU        599 04 DL9GFB        599 14
QSO: 28024 CW 2014-11-30 1430 WA5BDU        599 04 9A5D          599 15
QSO: 28024 CW 2014-11-30 1431 WA5BDU        599 04 OQ5M          599 14
QSO: 28020 CW 2014-11-30 1432 WA5BDU        599 04 UW1M          599 16
QSO: 28020 CW 2014-11-30 1432 WA5BDU        599 04 YT2R          599 15
QSO: 28019 CW 2014-11-30 1433 WA5BDU        599 04 SP4D          599 15
QSO: 28016 CW 2014-11-30 1434 WA5BDU        599 04 SN5N          599 15
QSO: 28015 CW 2014-11-30 1435 WA5BDU        599 04 UW3U          599 16
QSO: 28014 CW 2014-11-30 1436 WA5BDU        599 04 OP4K          599 14
QSO: 28014 CW 2014-11-30 1437 WA5BDU        599 04 GW5R          599 14
QSO: 28011 CW 2014-11-30 1439 WA5BDU        599 04 YL2KO         599 15
QSO: 28000 CW 2014-11-30 1440 WA5BDU        599 04 DK3T          599 14
QSO: 28009 CW 2014-11-30 1440 WA5BDU        599 04 EA7PP         599 14
QSO: 28010 CW 2014-11-30 1440 WA5BDU        599 04 9A1A          599 15
QSO: 28002 CW 2014-11-30 1442 WA5BDU        599 04 LZ2HM         599 20
QSO: 28006 CW 2014-11-30 1442 WA5BDU        599 04 PI4DX         599 14
QSO: 28001 CW 2014-11-30 1444 WA5BDU        599 04 LY7A          599 15
QSO: 28001 CW 2014-11-30 1446 WA5BDU        599 04 F6IRA/P       599 14
QSO: 28000 CW 2014-11-30 1447 WA5BDU        599 04 LZ1NG         599 20
QSO: 21002 CW 2014-11-30 1449 WA5BDU        599 04 CR3A          599 33
QSO: 21005 CW 2014-11-30 1450 WA5BDU        599 04 F5PHW         599 14
QSO: 21006 CW 2014-11-30 1450 WA5BDU        599 04 G5E           599 14
QSO: 21006 CW 2014-11-30 1451 WA5BDU        599 04 HA7RY         599 15
QSO: 21006 CW 2014-11-30 1453 WA5BDU        599 04 LY4A          599 15
QSO: 21012 CW 2014-11-30 1454 WA5BDU        599 04 YU2FG         599 15
QSO: 28101 CW 2014-11-30 1634 WA5BDU        599 4 HR2J          599 7
END-OF-LOG:
