START-OF-LOG: 3.0
CREATED-BY: reconstructed-log-builder
CONTEST: ARRL-RTTY
CALLSIGN: AH6FC
LOCATION: 
CATEGORY: CHECKLOG
CATEGORY-OPERATOR: SINGLE-OP
CATEGORY-BAND: ALL
CATEGORY-MODE: MIXED
CATEGORY-POWER: UNKNOWN
CATEGORY-ASSISTED: NON-ASSISTED
CATEGORY-TRANSMITTER: ONE
CATEGORY-STATION: UNKNOWN
CATEGORY-OVERLAY: 
OPERATORS: AH6FC
CLAIMED-SCORE: 
CLUB: 
NAME: 
SOAPBOX: RECONSTRUCTED MOCKUP LOG - NOT AN OFFICIAL SUBMISSION.
SOAPBOX: Derived from submitted logs for ARRL-RTTY ARRL/arrl_rtty_roundup/2022.
QSO: 14130 DG 2022-01-08 1954 AH6FC         559 0001 NE4S          539 GA
QSO: 14131 DG 2022-01-08 1955 AH6FC         579 0002 KB2S          569 WA
QSO: 14131 DG 2022-01-08 1957 AH6FC         579 0004 KL7DE         569 0031
QSO: 14131 DG 2022-01-08 1958 AH6FC         559 0005 W4JUU         559 TN
QSO: 14132 DG 2022-01-08 1959 AH6FC         569 0006 VE7UBA        559 BC
QSO: 14132 DG 2022-01-08 2000 AH6FC         559 0007 K5HDU         549 UT
QSO: 14132 DG 2022-01-08 2002 AH6FC         569 0008 VE6CLE        569 AB
QSO: 14132 DG 2022-01-08 2005 AH6FC         559 0009 K3MAW         549 MD
QSO: 14132 DG 2022-01-08 2010 AH6FC         549 0013 N4NP          569 KY
QSO: 14131 DG 2022-01-08 2011 AH6FC         589 0014 W6TCP         579 CA
QSO: 14132 DG 2022-01-08 2017 AH6FC         559 0016 KX1X          549 MA
QSO: 14131 DG 2022-01-08 2018 AH6FC         569 0017 KD2UCW        549 GA
QSO: 14131 DG 2022-01-08 2020 AH6FC         569 0015 KC0SDG        549 CO
QSO: 14131 DG 2022-01-08 2022 AH6FC         569 0020 AC8ZU         549 OH
QSO: 14131 DG 2022-01-08 2023 AH6FC         59 0021 KL7BSC        59 5
QSO: 14131 DG 2022-01-08 2036 AH6FC         559 0024 WD5G          559 OK
QSO: 14132 DG 2022-01-08 2039 AH6FC         549 0026 N2NQ          559 VA
QSO: 14130 DG 2022-01-08 2045 AH6FC         559 0029 WB9Z          549 FL
QSO: 14132 DG 2022-01-08 2048 AH6FC         539 0030 KC9AXZ        539 WI
QSO: 14132 DG 2022-01-08 2049 AH6FC         539 0030 KC9AXZ        549 WI
QSO: 14131 DG 2022-01-08 2053 AH6FC         569 HI W8BAP         549 OH
QSO: 14132 DG 2022-01-08 2111 AH6FC         549 0033 KC2WUF        549 NJ
QSO: 14132 DG 2022-01-08 2114 AH6FC         549 0035 JI1MUT        539 0001
QSO: 14000 DG 2022-01-08 2122 AH6FC         589 0038 AK0MR         559 CO
QSO: 14131 DG 2022-01-08 2124 AH6FC         559 0039 W4UWC         569 KY
QSO: 14131 DG 2022-01-08 2126 AH6FC         579 0040 W6MSN         549 CA
QSO: 14131 DG 2022-01-08 2128 AH6FC         539 0042 VA7DXC        539 BC
QSO:  7082 DG 2022-01-09 0218 AH6FC         569 0043 K3QH          559 FL
QSO:  7081 DG 2022-01-09 0220 AH6FC         549 0044 K7VAP         539 WA
QSO:  7081 DG 2022-01-09 0223 AH6FC         579 0045 NX6D          579 CA
QSO:  7081 DG 2022-01-09 0226 AH6FC         539 0047 NO5F          549 AR
QSO:  7081 DG 2022-01-09 0228 AH6FC         539 0048 NP4TX         539 42
QSO:  7081 DG 2022-01-09 0232 AH6FC         559 50 K7TDM         559 NV
QSO:  7075 DG 2022-01-09 0234 AH6FC         539 0051 KA1RUE        529 OH
QSO:  7081 DG 2022-01-09 0235 AH6FC         549 0052 W6NCB         539 TN
QSO:  7081 DG 2022-01-09 0240 AH6FC         549 0054 W7OSG         539 ID
QSO:  7082 DG 2022-01-09 0432 AH6FC         549 0055 W6MSN         549 CA
QSO:  7081 DG 2022-01-09 0433 AH6FC         559 0056 KD5YS         559 LA
QSO:  7082 DG 2022-01-09 0435 AH6FC         539 0057 KO4CAA        549 GA
QSO:  7083 DG 2022-01-09 0437 AH6FC         559 0059 WC6Q          539 CA
QSO: 14131 DG 2022-01-09 0448 AH6FC         579 0061 JA1EPJ        549 0080
QSO: 14131 DG 2022-01-09 0449 AH6FC         579 0062 JH1CTV        559 20
QSO: 14131 DG 2022-01-09 0451 AH6FC         549 0064 JA1KPF        569 0005
QSO: 14132 DG 2022-01-09 0454 AH6FC         599 0065 JR1BAS        589 47
QSO:  7082 DG 2022-01-09 0512 AH6FC         559 0066 W1UE          569 MA
QSO:  7081 DG 2022-01-09 0515 AH6FC         549 0067 K6RFM         559 CA
QSO:  7082 DG 2022-01-09 0523 AH6FC         539 0068 N7IX          589 WY
QSO:  7082 DG 2022-01-09 0524 AH6FC         589 0069 N6KIM         589 CA
QSO:  7000 RY 2022-01-09 0527 AH6FC         539 0070 K0PG          559 IL
QSO:  7082 DG 2022-01-09 0538 AH6FC         559 0072 NA3M          549 MD
QSO:  7082 DG 2022-01-09 0544 AH6FC         539 0073 W6MSN         549 CA
QSO: 14131 DG 2022-01-09 1753 AH6FC         579 0073 K6XX          559 CA
QSO: 14131 DG 2022-01-09 1755 AH6FC         549 0074 WA3GPP        539 PA
QSO: 14131 DG 2022-01-09 1758 AH6FC         559 0075 N6KIM         559 CA
QSO: 14133 DG 2022-01-09 1800 AH6FC         579 0076 KD9GY         569 IL
QSO: 14131 DG 2022-01-09 1808 AH6FC         559 0078 NA5NN         549 MS
QSO: 21132 DG 2022-01-09 1814 AH6FC         579 0079 W1UE          539 MA
QSO: 21131 DG 2022-01-09 1842 AH6FC         559 0081 ND4G          529 FL
END-OF-LOG:
