START-OF-LOG: 3.0
CREATED-BY: HMRA public OK1WC downloader
CONTEST: OK1WC-MEMORIAL
CALLSIGN: DK3AX
OPERATORS: DK3AX
CATEGORY: SO-80M-CW-QRP
CATEGORY-OPERATOR: SINGLE-OP
CATEGORY-BAND: 80M
CATEGORY-MODE: CW
CATEGORY-POWER: QRP
SOAPBOX: Recreated from OK1WC Memorial reference table MWC220321.
SOAPBOX: Source publication level: 4.
SOAPBOX: Source: https://memorial-ok1wc.cz/index.php?page=eval3/a_eval3&kolo=499&rocnik=14&tyden=12&jobdate=220321&pub_level=4
QSO:  3500 CW 2022-03-21 1630 DK3AX         599 1          DA3T          599 1         
QSO:  3500 CW 2022-03-21 1631 DK3AX         599 2          OK1RZ         599 3         
QSO:  3500 CW 2022-03-21 1631 DK3AX         599 3          OM2KI         599 6         
QSO:  3500 CW 2022-03-21 1632 DK3AX         599 4          OM3CPF        599 3         
QSO:  3500 CW 2022-03-21 1633 DK3AX         599 5          OK2PYA        599 7         
QSO:  3500 CW 2022-03-21 1634 DK3AX         599 6          OM5KM         599 8         
QSO:  3500 CW 2022-03-21 1634 DK3AX         599 7          DL5YM         599 7         
QSO:  3500 CW 2022-03-21 1635 DK3AX         599 8          OK1IBP        599 11        
QSO:  3500 CW 2022-03-21 1636 DK3AX         599 9          OK1TN         599 15        
QSO:  3500 CW 2022-03-21 1637 DK3AX         599 10         OL4W          599 13        
QSO:  3500 CW 2022-03-21 1639 DK3AX         599 11         SN5N          599 21        
QSO:  3500 CW 2022-03-21 1640 DK3AX         599 12         OK2EA         599 4         
QSO:  3500 CW 2022-03-21 1641 DK3AX         599 13         SD6F          599 21        
QSO:  3500 CW 2022-03-21 1641 DK3AX         599 14         PA3AAV        599 29        
QSO:  3500 CW 2022-03-21 1642 DK3AX         599 15         OL150KR       599 25        
QSO:  3500 CW 2022-03-21 1643 DK3AX         599 16         LY32A         599 18        
QSO:  3500 CW 2022-03-21 1644 DK3AX         599 17         OK1AY         599 27        
QSO:  3500 CW 2022-03-21 1645 DK3AX         599 18         OK1WSL        599 20        
QSO:  3500 CW 2022-03-21 1647 DK3AX         599 19         OK1OA         599 25        
QSO:  3500 CW 2022-03-21 1649 DK3AX         599 20         OK2BFN        599 33        
QSO:  3500 CW 2022-03-21 1650 DK3AX         599 21         OK2WY         599 26        
QSO:  3500 CW 2022-03-21 1651 DK3AX         599 22         OK2HBY        599 26        
QSO:  3500 CW 2022-03-21 1652 DK3AX         599 23         OM5AW         599 22        
QSO:  3500 CW 2022-03-21 1652 DK3AX         599 24         SP3MEP        599 45        
QSO:  3500 CW 2022-03-21 1653 DK3AX         599 25         HG200IR       599 9         
QSO:  3500 CW 2022-03-21 1657 DK3AX         599 26         OK2PIM        599 29        
QSO:  3500 CW 2022-03-21 1657 DK3AX         599 27         DD5M          599 55        
QSO:  3500 CW 2022-03-21 1700 DK3AX         599 28         OM4MW         599 76        
QSO:  3500 CW 2022-03-21 1701 DK3AX         599 29         OM5CM         599 41        
QSO:  3500 CW 2022-03-21 1702 DK3AX         599 30         OK2NAJ        599 50        
QSO:  3500 CW 2022-03-21 1704 DK3AX         599 31         SM6M          599 73        
QSO:  3500 CW 2022-03-21 1705 DK3AX         599 32         OK1FKD        599 42        
QSO:  3500 CW 2022-03-21 1706 DK3AX         599 33         HA2OS         599 57        
QSO:  3500 CW 2022-03-21 1707 DK3AX         599 34         DJ9KH         599 54        
QSO:  3500 CW 2022-03-21 1709 DK3AX         599 35         OK5OO         599 71        
QSO:  3500 CW 2022-03-21 1711 DK3AX         599 36         OK2CQR        599 44        
QSO:  3500 CW 2022-03-21 1712 DK3AX         599 37         SE0B          599 63        
QSO:  3500 CW 2022-03-21 1713 DK3AX         599 38         PA3DBS        599 54        
QSO:  3500 CW 2022-03-21 1714 DK3AX         599 39         DL8QS         599 81        
QSO:  3500 CW 2022-03-21 1716 DK3AX         599 40         SO3O          599 93        
QSO:  3500 CW 2022-03-21 1720 DK3AX         599 41         OK1DTP        599 10        
QSO:  3500 CW 2022-03-21 1721 DK3AX         599 42         DL1VDL        599 99        
QSO:  3500 CW 2022-03-21 1721 DK3AX         599 43         E77EA         599 91        
QSO:  3500 CW 2022-03-21 1722 DK3AX         599 44         DJ3WE         599 99        
QSO:  3500 CW 2022-03-21 1723 DK3AX         599 45         DM6EE         599 13        
QSO:  3500 CW 2022-03-21 1724 DK3AX         599 46         DJ5CW         599 23        
QSO:  3500 CW 2022-03-21 1724 DK3AX         599 47         OK5M          599 105       
QSO:  3500 CW 2022-03-21 1725 DK3AX         599 48         OK1RKS        599 63        
QSO:  3500 CW 2022-03-21 1729 DK3AX         599 49         DL4ME         599 118       
QSO:  3500 CW 2022-03-21 1729 DK3AX         599 50         SP2R          599 33        
END-OF-LOG:
