START-OF-LOG: 2.0
CATEGORY: Single operator, CW, low power
CONTEST: WAG
SPECIFIC: V11
CALLSIGN: DL1THB
CLAIMED-SCORE: 0
CLUB:
E-MAIL: dl1thb@gmx.net
OPERATORS:
QSO:  7010 CW 2025-10-18 1606 DL1THB        599 V11    SN9DT         599 004    0
QSO:  7009 CW 2025-10-18 1608 DL1THB        599 V11    DL1EKO        599 V22    0
QSO:  7011 CW 2025-10-18 1610 DL1THB        599 V11    ON3EBR        599 028    0
QSO:  7012 CW 2025-10-18 1611 DL1THB        599 V11    DK3AX         599 B18    0
QSO:  7013 CW 2025-10-18 1614 DL1THB        599 V11    IK2CZQ        599 027    0
QSO:  7014 CW 2025-10-18 1616 DL1THB        599 V11    OM2ADM        599 039    0
QSO:  7015 CW 2025-10-18 1617 DL1THB        599 V11    OE1CIW        599 016    0
QSO:  7016 CW 2025-10-18 1618 DL1THB        599 V11    OK5TFC        599 040    0
QSO:  7017 CW 2025-10-18 1619 DL1THB        599 V11    DF1PU         599 Z11    0
QSO:  7018 CW 2025-10-18 1623 DL1THB        599 V11    DK4DS         599 O10    0
QSO:  7019 CW 2025-10-18 1625 DL1THB        599 V11    DL3TC         599 X22    0
QSO:  7019 CW 2025-10-18 1626 DL1THB        599 V11    DL2025C       599 2025C  0
QSO:  7020 CW 2025-10-18 1627 DL1THB        599 V11    DD2D          599 F39    0
QSO:  7025 CW 2025-10-18 1629 DL1THB        599 V11    OK5NZ         599 040    0
QSO:  7026 CW 2025-10-18 1631 DL1THB        599 V11    DL0GEO        599 Z31    0
QSO:  7029 CW 2025-10-18 1632 DL1THB        599 V11    ON4CAU        599 047    0
QSO:  7013 CW 2025-10-18 1634 DL1THB        599 V11    DF8AE         599 N01    0
QSO:  7012 CW 2025-10-18 1635 DL1THB        599 V11    YL1YF         599 033    0
QSO:  7010 CW 2025-10-18 1637 DL1THB        599 V11    DK0RPO        599 K26    0
QSO:  7007 CW 2025-10-18 1640 DL1THB        599 V11    DL2VK         599 U14    0
QSO:  7006 CW 2025-10-18 1641 DL1THB        599 V11    SD7X          599 040    0
QSO:  7004 CW 2025-10-18 1642 DL1THB        599 V11    PA3DBS        599 014    0
QSO:  7022 CW 2025-10-18 1649 DL1THB        599 V11    DL2DXA        599 S01    0
QSO:  7023 CW 2025-10-18 1651 DL1THB        599 V11    OY1CT         599 108    0
QSO:  7024 CW 2025-10-18 1653 DL1THB        599 V11    HB9RB         599 043    0
QSO:  7035 CW 2025-10-18 1657 DL1THB        599 V11    DM7CW         599 NM     0
QSO:  7037 CW 2025-10-18 1658 DL1THB        599 V11    SP3CW         599 011    0
QSO:  7003 CW 2025-10-18 1701 DL1THB        599 V11    DK3YD         599 C12    0
QSO:  7009 CW 2025-10-18 1703 DL1THB        599 V11    DF4ZL         599 F16    0
QSO:  7011 CW 2025-10-18 1704 DL1THB        599 V11    DA0LH         599 25ILLW 0
QSO:  7011 CW 2025-10-18 1705 DL1THB        599 V11    HA1RJ         599 052    0
QSO:  7011 CW 2025-10-18 1706 DL1THB        599 V11    UN3M          599 066    0
QSO:  7014 CW 2025-10-18 1707 DL1THB        599 V11    HA7TM         599 102    0
QSO:  7016 CW 2025-10-18 1709 DL1THB        599 V11    DL2LRT        599 S36    0
QSO:  7012 CW 2025-10-18 1719 DL1THB        599 V11    DL6OCH        599 H57    0
QSO:  7014 CW 2025-10-18 1720 DL1THB        599 V11    SV1BJW/6      599 108    0
QSO:  7014 CW 2025-10-18 1721 DL1THB        599 V11    DD5M          599 C01    0
QSO:  7017 CW 2025-10-18 1723 DL1THB        599 V11    DQ9L          599 K06    0
QSO:  7031 CW 2025-10-18 1734 DL1THB        599 V11    PA3AAV        599 087    0
QSO:  7033 CW 2025-10-18 1735 DL1THB        599 V11    E74A          599 070    0
QSO:  7002 CW 2025-10-19 0641 DL1THB        599 V11    K3MM          599 392    0
QSO:  7005 CW 2025-10-19 0643 DL1THB        599 V11    S52AW         599 536    0
QSO:  7005 CW 2025-10-19 0645 DL1THB        599 V11    OK1KKI        599 855    0
QSO:  7007 CW 2025-10-19 0646 DL1THB        599 V11    W3RJ          599 072    0
QSO:  7007 CW 2025-10-19 0649 DL1THB        599 V11    DM3F          599 S07    0
QSO:  7010 CW 2025-10-19 0651 DL1THB        599 V11    DC8YZ         599 B13    0
QSO:  7012 CW 2025-10-19 0651 DL1THB        599 V11    M4T           599 026    0
QSO:  7013 CW 2025-10-19 0653 DL1THB        599 V11    F8KLY         599 228    0
QSO:  7016 CW 2025-10-19 0654 DL1THB        599 V11    OK1OA         599 229    0
QSO:  7016 CW 2025-10-19 0657 DL1THB        599 V11    DL1EAR        599 R25    0
QSO:  7017 CW 2025-10-19 0700 DL1THB        599 V11    DF7C          599 R10    0
QSO:  7017 CW 2025-10-19 0701 DL1THB        599 V11    LZ3QE         599 353    0
QSO:  7017 CW 2025-10-19 0701 DL1THB        599 V11    DL3KWF        599 V11    0
QSO:  7018 CW 2025-10-19 0703 DL1THB        599 V11    DA2K          599 C37    0
QSO:  7019 CW 2025-10-19 0707 DL1THB        599 V11    DK0OG         599 C15    0
QSO:  7020 CW 2025-10-19 0709 DL1THB        599 V11    DL4JU         599 R09    0
QSO:  7021 CW 2025-10-19 0709 DL1THB        599 V11    OH2KW         599 236    0
QSO:  7022 CW 2025-10-19 0710 DL1THB        599 V11    9A3VM         599 737    0
QSO:  7022 CW 2025-10-19 0714 DL1THB        599 V11    DL5NO         599 C01    0
QSO:  7024 CW 2025-10-19 0717 DL1THB        599 V11    DL3YM         599 A24    0
QSO:  7025 CW 2025-10-19 0720 DL1THB        599 V11    DR1W          599 P62    0
QSO:  7026 CW 2025-10-19 0721 DL1THB        599 V11    DF7TS         599 Z46    0
QSO:  7028 CW 2025-10-19 0722 DL1THB        599 V11    YL3CW         599 144    0
QSO:  7032 CW 2025-10-19 0724 DL1THB        599 V11    DK9PY         599 U04    0
QSO:  7035 CW 2025-10-19 0730 DL1THB        599 V11    DM7T          599 T21    0
QSO:  7037 CW 2025-10-19 0734 DL1THB        599 V11    DL2RUG        599 C12    0
QSO:  7001 CW 2025-10-19 0736 DL1THB        599 V11    DA0AA         599 B06    0
QSO:  7005 CW 2025-10-19 0742 DL1THB        599 V11    R1MS          599 252    0
QSO:  7010 CW 2025-10-19 0744 DL1THB        599 V11    OK2TJ         599 151    0
QSO:  7013 CW 2025-10-19 0752 DL1THB        599 V11    F5IN          599 096    0
QSO:  7014 CW 2025-10-19 0753 DL1THB        599 V11    SP0I          599 275    0
QSO:  7015 CW 2025-10-19 0755 DL1THB        599 V11    DL8WN         599 NM     0
QSO:  7016 CW 2025-10-19 0756 DL1THB        599 V11    DM4L          599 B41    0
QSO:  7018 CW 2025-10-19 0800 DL1THB        599 V11    DA2X          599 S01    0
QSO:  7019 CW 2025-10-19 0801 DL1THB        599 V11    DK1WI         599 O16    0
QSO:  7020 CW 2025-10-19 0803 DL1THB        599 V11    YU1YV         599 417    0
QSO:  7021 CW 2025-10-19 0803 DL1THB        599 V11    LY4L          599 916    0
QSO:  7021 CW 2025-10-19 0804 DL1THB        599 V11    YO6KPT        599 574    0
QSO:  7022 CW 2025-10-19 0805 DL1THB        599 V11    DL6FA         599 F38    0
QSO:  7023 CW 2025-10-19 0809 DL1THB        599 V11    LY6O          599 335    0
QSO:  7025 CW 2025-10-19 0811 DL1THB        599 V11    DL5IAH        599 K09    0
QSO:  7026 CW 2025-10-19 0813 DL1THB        599 V11    EU8U          599 751    0
QSO:  7028 CW 2025-10-19 0815 DL1THB        599 V11    DL1DTL        599 S01    0
QSO:  7028 CW 2025-10-19 0816 DL1THB        599 V11    DJ9DZ         599 N06    0
QSO:  7033 CW 2025-10-19 0820 DL1THB        599 V11    S53V          599 524    0
QSO:  7035 CW 2025-10-19 0822 DL1THB        599 V11    IQ2CJ         599 111    0
QSO:  7005 CW 2025-10-19 1021 DL1THB        599 V11    DA2C          599 K24    0
QSO:  7014 CW 2025-10-19 1024 DL1THB        599 V11    ON6MG         599 226    0
QSO:  7015 CW 2025-10-19 1025 DL1THB        599 V11    IK2HKT        599 047    0
QSO:  7016 CW 2025-10-19 1026 DL1THB        599 V11    SF0A          599 241    0
QSO:  7017 CW 2025-10-19 1032 DL1THB        599 V11    DJ0YI         599 P42    0
QSO:  7018 CW 2025-10-19 1033 DL1THB        599 V11    DF8V          599 Q05    0
QSO:  7023 CW 2025-10-19 1036 DL1THB        599 V11    DL6EZ         599 R01    0
QSO:  7024 CW 2025-10-19 1037 DL1THB        599 V11    DK5SF         599 Z46    0
QSO:  7027 CW 2025-10-19 1039 DL1THB        599 V11    DP4E          599 N62    0
QSO:  7028 CW 2025-10-19 1039 DL1THB        599 V11    DF1LON        599 R11    0
QSO:  7031 CW 2025-10-19 1040 DL1THB        599 V11    DD6CW         599 NM     0
QSO:  7034 CW 2025-10-19 1042 DL1THB        599 V11    DL5KAT        599 Z31    0
QSO:  7035 CW 2025-10-19 1044 DL1THB        599 V11    DK0IW         599 C07    0
QSO:  7036 CW 2025-10-19 1046 DL1THB        599 V11    DL2NBY        599 B26    0
QSO:  7037 CW 2025-10-19 1048 DL1THB        599 V11    DL1HAA        599 N22    0
QSO: 14002 CW 2025-10-19 1050 DL1THB        599 V11    W1XX          599 368    0
QSO: 14011 CW 2025-10-19 1051 DL1THB        599 V11    UA6LCN        599 770    0
QSO: 14012 CW 2025-10-19 1052 DL1THB        599 V11    W5NF          599 279    0
QSO: 14015 CW 2025-10-19 1054 DL1THB        599 V11    RN3BL         599 762    0
QSO: 14025 CW 2025-10-19 1057 DL1THB        599 V11    UA9BA         599 178    0
QSO: 14028 CW 2025-10-19 1058 DL1THB        599 V11    UX1VX         599 129    0
QSO: 14032 CW 2025-10-19 1100 DL1THB        599 V11    YO4TL         599 187    0
QSO: 21010 CW 2025-10-19 1104 DL1THB        599 V11    UA6AK         599 152    0
QSO: 21012 CW 2025-10-19 1105 DL1THB        599 V11    RX6FJ         599 257    0
QSO: 21017 CW 2025-10-19 1107 DL1THB        599 V11    YU1YV         599 529    0
QSO: 21026 CW 2025-10-19 1108 DL1THB        599 V11    RN4AO         599 139    0
QSO: 21033 CW 2025-10-19 1109 DL1THB        599 V11    UA4Q          599 528    0
QSO: 21034 CW 2025-10-19 1110 DL1THB        599 V11    LZ1ND         599 495    0
QSO: 21011 CW 2025-10-19 1115 DL1THB        599 V11    KC1XX         599 1709   0
QSO: 14016 CW 2025-10-19 1121 DL1THB        599 V11    RK3P          599 305    0
QSO: 14020 CW 2025-10-19 1123 DL1THB        599 V11    DL3KWF        599 V11    0
QSO: 14022 CW 2025-10-19 1125 DL1THB        599 V11    YR8R          599 174    0
QSO: 14038 CW 2025-10-19 1129 DL1THB        599 V11    LZ2CJ         599 007    0
QSO: 14043 CW 2025-10-19 1131 DL1THB        599 V11    HA8TKS        599 167    0
QSO:  7004 CW 2025-10-19 1402 DL1THB        599 V11    SP1AEN        599 433    0
QSO:  7005 CW 2025-10-19 1403 DL1THB        599 V11    SO5O          599 494    0
QSO:  7005 CW 2025-10-19 1405 DL1THB        599 V11    DM5GG         599 S07    0
QSO:  7011 CW 2025-10-19 1407 DL1THB        599 V11    YO5ODT        599 026    0
QSO:  7011 CW 2025-10-19 1409 DL1THB        599 V11    DL2NBU        599 C12    0
QSO:  7012 CW 2025-10-19 1410 DL1THB        599 V11    DA0BCC        599 BCC    0
QSO:  7015 CW 2025-10-19 1412 DL1THB        599 V11    SQ9TX         599 045    0
QSO:  7017 CW 2025-10-19 1415 DL1THB        599 V11    DK2ZO         599 P05    0
QSO:  7020 CW 2025-10-19 1423 DL1THB        599 V11    DL1OJ         599 N01    0
QSO:  7023 CW 2025-10-19 1424 DL1THB        599 V11    SP4AWE        599 251    0
QSO:  7023 CW 2025-10-19 1426 DL1THB        599 V11    DM7W          599 T19    0
QSO:  7024 CW 2025-10-19 1428 DL1THB        599 V11    S54A          599 351    0
QSO:  7026 CW 2025-10-19 1430 DL1THB        599 V11    DL4A          599 P55    0
QSO:  7027 CW 2025-10-19 1431 DL1THB        599 V11    DD1LD         599 C12    0
QSO:  7028 CW 2025-10-19 1434 DL1THB        599 V11    DK5GB         599 129    0
QSO:  7030 CW 2025-10-19 1436 DL1THB        599 V11    DL3GA         599 A04    0
QSO:  7036 CW 2025-10-19 1438 DL1THB        599 V11    DF1PY         599 K01    0
QSO:  7037 CW 2025-10-19 1439 DL1THB        599 V11    DL1SAN        599 P14    0
QSO:  7038 CW 2025-10-19 1439 DL1THB        599 V11    DL6JZ         599 DVS    0
QSO:  7037 CW 2025-10-19 1442 DL1THB        599 V11    DK9OY         599 H32    0
END-OF-LOG:
