START-OF-LOG: 3.0
CREATED-BY: HMRA public OK1WC downloader
CONTEST: OK1WC-MEMORIAL
CALLSIGN: PA3AAV
OPERATORS: PA3AAV
CATEGORY: SO-40M-CW-LOW
CATEGORY-OPERATOR: SINGLE-OP
CATEGORY-BAND: 40M
CATEGORY-MODE: CW
CATEGORY-POWER: LOW
SOAPBOX: Recreated from OK1WC Memorial reference table MWC250505.
SOAPBOX: Source publication level: 4.
SOAPBOX: Source: https://memorial-ok1wc.cz/index.php?page=eval3/a_eval3&kolo=662&rocnik=17&tyden=18&jobdate=250505&pub_level=4
QSO:  7000 CW 2025-05-05 1630 PA3AAV        599 1          OK6OK         599 1         
QSO:  7000 CW 2025-05-05 1630 PA3AAV        599 2          SN1T          599 1         
QSO:  7000 CW 2025-05-05 1630 PA3AAV        599 3          DF7TS         599 1         
QSO:  7000 CW 2025-05-05 1631 PA3AAV        599 4          DF2RQ         599 2         
QSO:  7000 CW 2025-05-05 1631 PA3AAV        599 5          SP9OUV        599 1         
QSO:  7000 CW 2025-05-05 1631 PA3AAV        599 6          OK1IBP        599 4         
QSO:  7000 CW 2025-05-05 1632 PA3AAV        599 7          OK2GU         599 3         
QSO:  7000 CW 2025-05-05 1632 PA3AAV        599 8          ZA1RR         599 3         
QSO:  7000 CW 2025-05-05 1632 PA3AAV        599 9          ON4EM         599 3         
QSO:  7000 CW 2025-05-05 1632 PA3AAV        599 10         SP8FHK        599 5         
QSO:  7000 CW 2025-05-05 1633 PA3AAV        599 11         M7R           599 4         
QSO:  7000 CW 2025-05-05 1633 PA3AAV        599 12         OK2VX         599 5         
QSO:  7000 CW 2025-05-05 1633 PA3AAV        599 13         M4N           599 5         
QSO:  7000 CW 2025-05-05 1633 PA3AAV        599 14         RV6HV         599 7         
QSO:  7000 CW 2025-05-05 1634 PA3AAV        599 15         OL8R          599 15        
QSO:  7000 CW 2025-05-05 1634 PA3AAV        599 16         HB9BXE        599 10        
QSO:  7000 CW 2025-05-05 1635 PA3AAV        599 17         DL8QS         599 9         
QSO:  7000 CW 2025-05-05 1635 PA3AAV        599 18         DR6T          599 3         
QSO:  7000 CW 2025-05-05 1635 PA3AAV        599 19         IQ4FE         599 5         
QSO:  7000 CW 2025-05-05 1635 PA3AAV        599 20         OH1SIC        599 4         
QSO:  7000 CW 2025-05-05 1636 PA3AAV        599 21         SM5DXR        599 6         
QSO:  7000 CW 2025-05-05 1636 PA3AAV        599 22         OK2NO         599 10        
QSO:  7000 CW 2025-05-05 1636 PA3AAV        599 23         DJ1OJ         599 6         
QSO:  7000 CW 2025-05-05 1637 PA3AAV        599 24         SP8BXL        599 11        
QSO:  7000 CW 2025-05-05 1637 PA3AAV        599 25         HA5BA         599 12        
QSO:  7000 CW 2025-05-05 1637 PA3AAV        599 26         OK2NAJ        599 14        
QSO:  7000 CW 2025-05-05 1637 PA3AAV        599 27         G4DZL         599 4         
QSO:  7000 CW 2025-05-05 1638 PA3AAV        599 28         OM5CM         599 6         
QSO:  7000 CW 2025-05-05 1638 PA3AAV        599 29         OM3ZU         599 12        
QSO:  7000 CW 2025-05-05 1638 PA3AAV        599 30         DL4ME         599 17        
QSO:  7000 CW 2025-05-05 1639 PA3AAV        599 31         PA3EMN        599 13        
QSO:  7000 CW 2025-05-05 1639 PA3AAV        599 32         DA2K          599 15        
QSO:  7000 CW 2025-05-05 1639 PA3AAV        599 33         DJ5AS         599 11        
QSO:  7000 CW 2025-05-05 1640 PA3AAV        599 34         DF4PD         599 7         
QSO:  7000 CW 2025-05-05 1640 PA3AAV        599 35         YU5T          599 15        
QSO:  7000 CW 2025-05-05 1640 PA3AAV        599 36         LY4K          599 17        
QSO:  7000 CW 2025-05-05 1641 PA3AAV        599 37         DR7T          599 23        
QSO:  7000 CW 2025-05-05 1642 PA3AAV        599 38         LZ5DI         599 31        
QSO:  7000 CW 2025-05-05 1642 PA3AAV        599 39         PC4H          599 5         
QSO:  7000 CW 2025-05-05 1643 PA3AAV        599 40         OK1TRJ        599 21        
QSO:  7000 CW 2025-05-05 1643 PA3AAV        599 41         RA4HBS        599 5         
QSO:  7000 CW 2025-05-05 1644 PA3AAV        599 42         OK1RZ         599 23        
QSO:  7000 CW 2025-05-05 1644 PA3AAV        599 43         DR2C          599 32        
QSO:  7000 CW 2025-05-05 1645 PA3AAV        599 44         HB9HTF        599 27        
QSO:  7000 CW 2025-05-05 1645 PA3AAV        599 45         DR6W          599 3         
QSO:  7000 CW 2025-05-05 1645 PA3AAV        599 46         SN7J          599 18        
QSO:  7000 CW 2025-05-05 1646 PA3AAV        599 47         SP8IOV        599 14        
QSO:  7000 CW 2025-05-05 1646 PA3AAV        599 48         SP2KAC        599 20        
QSO:  7000 CW 2025-05-05 1646 PA3AAV        599 49         OH3MZ         599 18        
QSO:  7000 CW 2025-05-05 1646 PA3AAV        599 50         HG5E          599 49        
QSO:  7000 CW 2025-05-05 1647 PA3AAV        599 51         DM7T          599 21        
QSO:  7000 CW 2025-05-05 1648 PA3AAV        599 52         OK2BFN        599 34        
QSO:  7000 CW 2025-05-05 1649 PA3AAV        599 53         SM5ACQ        599 26        
QSO:  7000 CW 2025-05-05 1649 PA3AAV        599 54         HA2OS         599 10        
QSO:  7000 CW 2025-05-05 1649 PA3AAV        599 55         OK1ITK        599 15        
QSO:  7000 CW 2025-05-05 1649 PA3AAV        599 56         OK2QA         599 27        
QSO:  7000 CW 2025-05-05 1649 PA3AAV        599 57         OM4DU         599 22        
QSO:  7000 CW 2025-05-05 1650 PA3AAV        599 58         PA2TA         599 27        
QSO:  7000 CW 2025-05-05 1650 PA3AAV        599 59         SD6F          599 30        
QSO:  7000 CW 2025-05-05 1651 PA3AAV        599 60         HB9CMW        599 16        
QSO:  7000 CW 2025-05-05 1651 PA3AAV        599 61         DL7YS         599 37        
QSO:  7000 CW 2025-05-05 1652 PA3AAV        599 62         DD5M          599 44        
QSO:  7000 CW 2025-05-05 1652 PA3AAV        599 63         HA5MA         599 39        
QSO:  7000 CW 2025-05-05 1653 PA3AAV        599 64         OK5SA         599 27        
QSO:  7000 CW 2025-05-05 1653 PA3AAV        599 65         OK1DSZ        599 44        
QSO:  7000 CW 2025-05-05 1653 PA3AAV        599 66         RX3QNE        599 27        
QSO:  7000 CW 2025-05-05 1654 PA3AAV        599 67         OK1DZD        599 9         
QSO:  7000 CW 2025-05-05 1654 PA3AAV        599 68         OZ7BQ         599 27        
QSO:  7000 CW 2025-05-05 1655 PA3AAV        599 69         DF7YE         599 59        
QSO:  7000 CW 2025-05-05 1655 PA3AAV        599 70         OM5AA         599 14        
QSO:  7000 CW 2025-05-05 1656 PA3AAV        599 71         DK5FN         599 23        
QSO:  7000 CW 2025-05-05 1656 PA3AAV        599 72         OM4AY         599 28        
QSO:  7000 CW 2025-05-05 1656 PA3AAV        599 73         OZ1AAR        599 35        
QSO:  7000 CW 2025-05-05 1657 PA3AAV        599 74         SN5N          599 57        
QSO:  7000 CW 2025-05-05 1657 PA3AAV        599 75         S55OO         599 52        
QSO:  7000 CW 2025-05-05 1657 PA3AAV        599 76         DL0BO         599 42        
QSO:  7000 CW 2025-05-05 1658 PA3AAV        599 77         SP2HHX        599 30        
QSO:  7000 CW 2025-05-05 1658 PA3AAV        599 78         HA6NL         599 71        
QSO:  7000 CW 2025-05-05 1659 PA3AAV        599 79         UT4LW         599 37        
QSO:  7000 CW 2025-05-05 1659 PA3AAV        599 80         YL3JD         599 48        
QSO:  7000 CW 2025-05-05 1659 PA3AAV        599 81         DM7W          599 55        
QSO:  7000 CW 2025-05-05 1700 PA3AAV        599 82         OM5ZW         599 75        
QSO:  7000 CW 2025-05-05 1700 PA3AAV        599 83         SM9X          599 45        
QSO:  7000 CW 2025-05-05 1701 PA3AAV        599 84         DL8TG         599 42        
QSO:  7000 CW 2025-05-05 1701 PA3AAV        599 85         DA0BCC        599 67        
QSO:  7000 CW 2025-05-05 1701 PA3AAV        599 86         DA3T          599 42        
QSO:  7000 CW 2025-05-05 1702 PA3AAV        599 87         SP2XX         599 61        
QSO:  7000 CW 2025-05-05 1703 PA3AAV        599 88         DK1KC         599 64        
QSO:  7000 CW 2025-05-05 1704 PA3AAV        599 89         SP2QG         599 80        
QSO:  7000 CW 2025-05-05 1704 PA3AAV        599 90         SP7N          599 43        
QSO:  7000 CW 2025-05-05 1704 PA3AAV        599 91         OK1KKI        599 26        
QSO:  7000 CW 2025-05-05 1705 PA3AAV        599 92         UA3DLD        599 73        
QSO:  7000 CW 2025-05-05 1705 PA3AAV        599 93         OK1TN         599 62        
QSO:  7000 CW 2025-05-05 1706 PA3AAV        599 94         DH0GDS        599 17        
QSO:  7000 CW 2025-05-05 1707 PA3AAV        599 95         SE6K          599 32        
QSO:  7000 CW 2025-05-05 1707 PA3AAV        599 96         DJ9SN         599 46        
QSO:  7000 CW 2025-05-05 1708 PA3AAV        599 97         SM6TOL        599 55        
QSO:  7000 CW 2025-05-05 1709 PA3AAV        599 98         M0CKE         599 10        
QSO:  7000 CW 2025-05-05 1710 PA3AAV        599 99         OK5NZ         599 64        
QSO:  7000 CW 2025-05-05 1711 PA3AAV        599 100        DL1EMA        599 35        
QSO:  7000 CW 2025-05-05 1711 PA3AAV        599 101        OK2SFP        599 32        
QSO:  7000 CW 2025-05-05 1712 PA3AAV        599 102        DL5YM         599 78        
QSO:  7000 CW 2025-05-05 1712 PA3AAV        599 103        DF8V          599 68        
QSO:  7000 CW 2025-05-05 1713 PA3AAV        599 104        OK2IW         599 49        
QSO:  7000 CW 2025-05-05 1714 PA3AAV        599 105        DK4DS         599 55        
QSO:  7000 CW 2025-05-05 1714 PA3AAV        599 106        SO3O          599 65        
QSO:  7000 CW 2025-05-05 1715 PA3AAV        599 107        OL730PLZ      599 30        
QSO:  7000 CW 2025-05-05 1717 PA3AAV        599 108        PA3DBS        599 55        
QSO:  7000 CW 2025-05-05 1717 PA3AAV        599 109        SN2S          599 82        
QSO:  7000 CW 2025-05-05 1718 PA3AAV        599 110        OM4WM         599 70        
QSO:  7000 CW 2025-05-05 1719 PA3AAV        599 111        S53F          599 111       
QSO:  7000 CW 2025-05-05 1720 PA3AAV        599 112        OM5KM         599 70        
QSO:  7000 CW 2025-05-05 1721 PA3AAV        599 113        OK1AMX        599 75        
QSO:  7000 CW 2025-05-05 1722 PA3AAV        599 114        IN3FHE        599 48        
QSO:  7000 CW 2025-05-05 1723 PA3AAV        599 115        OK1OFM        599 9         
QSO:  7000 CW 2025-05-05 1724 PA3AAV        599 116        OK2EA         599 75        
QSO:  7000 CW 2025-05-05 1725 PA3AAV        599 117        IU3BRO        599 8         
QSO:  7000 CW 2025-05-05 1725 PA3AAV        599 118        OM3TVI        599 32        
QSO:  7000 CW 2025-05-05 1726 PA3AAV        599 119        OM3TBG        599 32        
QSO:  7000 CW 2025-05-05 1727 PA3AAV        599 120        Z35M          599 32        
QSO:  7000 CW 2025-05-05 1729 PA3AAV        599 121        UX2HB         599 23        
END-OF-LOG:
