START-OF-LOG: 3.0
CREATED-BY: reconstructed-log-builder
CONTEST: FD CW
CALLSIGN: G3RWF
LOCATION: 
CATEGORY: CHECKLOG
CATEGORY-OPERATOR: SINGLE-OP
CATEGORY-BAND: ALL
CATEGORY-MODE: MIXED
CATEGORY-POWER: UNKNOWN
CATEGORY-ASSISTED: NON-ASSISTED
CATEGORY-TRANSMITTER: ONE
CATEGORY-STATION: UNKNOWN
CATEGORY-OVERLAY: 
OPERATORS: G3RWF
CLAIMED-SCORE: 
CLUB: 
NAME: 
SOAPBOX: RECONSTRUCTED MOCKUP LOG - NOT AN OFFICIAL SUBMISSION.
SOAPBOX: Derived from submitted logs for FD CW DARC/Fieldday/CW/2025.
QSO:  7030 CW 2025-06-07 1510 G3RWF         599 001 DK1EY/P       599 013
QSO:  7017 CW 2025-06-07 1513 G3RWF         599 0003 DL0MZ/P       599 0028
QSO:  7018 CW 2025-06-07 1514 G3RWF         599 0004 OT5X/P        599 0028
QSO:  7024 CW 2025-06-07 1518 G3RWF         599 006 DK5KK/P       599 003
QSO:  7012 CW 2025-06-07 1526 G3RWF         599 008 DQ1V/P        599 049
QSO:  7019 CW 2025-06-07 1530 G3RWF         599 009 DK0MN/P       599 0039
QSO:  7024 CW 2025-06-07 1532 G3RWF         599 0010 ON/G4BJM/P    599 0020
QSO:  7017 CW 2025-06-07 1544 G3RWF         599 0013 DF0JR/P       599 0049
QSO:  7019 CW 2025-06-07 1545 G3RWF         599 014 GW4TTA/P      599 029
QSO:  7020 CW 2025-06-07 1547 G3RWF         599 015 DK0MM/P       599 072
QSO:  7023 CW 2025-06-07 1550 G3RWF         599 0016 DM4L/P        599 0057
QSO:  7029 CW 2025-06-07 1652 G3RWF         599 017 DK0MM/P       599 187
QSO:  7000 CW 2025-06-07 1653 G3RWF         599 18 DM7T/P        599 104
QSO:  7015 CW 2025-06-07 1702 G3RWF         599 0021 S53X/P        599 0134
QSO: 28020 CW 2025-06-07 1713 G3RWF         599 0024 S50BCC/P      599 0185
QSO: 14012 CW 2025-06-07 1756 G3RWF         599 026 HA6T/P        599 114
QSO: 14042 CW 2025-06-07 1759 G3RWF         599 0027 EK0W/P        599 0070
QSO: 14015 CW 2025-06-07 1801 G3RWF         599 0028 S50BCC/P      599 0239
QSO: 14022 CW 2025-06-07 1802 G3RWF         599 029 DP6M/P        599 0175
QSO: 14000 CW 2025-06-07 1806 G3RWF         599 31 CT1JGA/P      599 174
QSO: 14029 CW 2025-06-07 1807 G3RWF         599 032 DL0LA/P       599 0219
QSO: 14039 CW 2025-06-07 1810 G3RWF         599 033 DL0XM/P       599 0168
QSO: 14000 CW 2025-06-07 1811 G3RWF         599 0034 S59ZZ/P       599 0111
QSO: 14019 CW 2025-06-07 1817 G3RWF         599 0036 DM3C/P        599 0214
QSO:  3513 CW 2025-06-07 2022 G3RWF         599 0039 M0RYB/P       599 0342
QSO:  3516 CW 2025-06-07 2023 G3RWF         599 041 HA6T/P        599 197
QSO:  3500 CW 2025-06-07 2025 G3RWF         599 042 DL0FA/P       599 268
QSO:  3500 CW 2025-06-07 2026 G3RWF         599 43 DM7T/P        599 331
QSO:  3520 CW 2025-06-07 2028 G3RWF         599 44 DQ1V/P        599 399
QSO:  3521 CW 2025-06-07 2029 G3RWF         599 045 DK0V/P        599 0438
QSO:  3500 CW 2025-06-07 2031 G3RWF         599 48 DK0RA/P       599 323
QSO:  3500 CW 2025-06-07 2033 G3RWF         599 049 DL0U/P        599 172
QSO:  3525 CW 2025-06-07 2035 G3RWF         599 0050 DL0HN/P       599 0349
QSO:  3500 CW 2025-06-07 2038 G3RWF         599 053 DM3F/P        599 345
QSO:  3534 CW 2025-06-07 2039 G3RWF         599 054 EI5KF/P       599 0419
QSO:  3511 CW 2025-06-07 2041 G3RWF         599 0055 ON/G4BJM/P    599 0263
QSO:  3511 CW 2025-06-07 2042 G3RWF         599 056 DL0CS/P       599 0391
QSO:  3512 CW 2025-06-07 2043 G3RWF         599 057 DL0KF/P       599 0265
QSO:  3514 CW 2025-06-07 2044 G3RWF         599 058 DF0VK/P       599 0393
QSO:  3517 CW 2025-06-07 2047 G3RWF         599 0060 S53X/P        599 0380
QSO:  3519 CW 2025-06-07 2051 G3RWF         599 0061 DL0ULM/P      599 0341
QSO:  3519 CW 2025-06-07 2052 G3RWF         599 062 DR3W/P        599 381
QSO:  3523 CW 2025-06-07 2053 G3RWF         599 0063 S50BCC/P      599 0517
QSO:  3525 CW 2025-06-07 2055 G3RWF         599 0064 G4FNL/P       599 0488
QSO:  1824 CW 2025-06-07 2102 G3RWF         599 065 DK0MN/P       599 0422
QSO:  1831 CW 2025-06-07 2110 G3RWF         599 0067 S57WX/P       599 0330
QSO:  1828 CW 2025-06-07 2112 G3RWF         599 0068 DL0HN/P       599 0411
QSO:  1823 CW 2025-06-07 2114 G3RWF         599 70 DQ1V/P        599 464
QSO:  1824 CW 2025-06-07 2114 G3RWF         599 069 DL0CS/P       599 0447
QSO:  1830 CW 2025-06-07 2128 G3RWF         599 0076 G4FNL/P       599 0536
QSO:  1827 CW 2025-06-07 2131 G3RWF         599 078 DR5W/P        599 312
QSO:  1832 CW 2025-06-07 2137 G3RWF         599 081 DP6M/P        599 0450
QSO:  7025 CW 2025-06-08 0602 G3RWF         599 086 DP6M/P        599 0792
QSO:  7031 CW 2025-06-08 0606 G3RWF         599 0088 DM2I/P        599 0640
QSO:  7019 CW 2025-06-08 0612 G3RWF         599 090 HA5N/P        599 425
QSO:  7018 CW 2025-06-08 0613 G3RWF         599 091 HB9RB/P       599 130
QSO:  7020 CW 2025-06-08 0615 G3RWF         599 093 DR3W/P        599 791
QSO:  7020 CW 2025-06-08 0615 G3RWF         599 92 HB9AW/P       599 720
QSO:  7026 CW 2025-06-08 0618 G3RWF         599 094 DL0XM/P       599 0772
QSO:  7011 CW 2025-06-08 0624 G3RWF         599 0096 DL0HN/P       599 0779
QSO:  7014 CW 2025-06-08 0628 G3RWF         599 097 DK0V/P        599 0848
QSO:  7017 CW 2025-06-08 0631 G3RWF         599 099 IQ0PG/P       599 0331
QSO:  7025 CW 2025-06-08 0640 G3RWF         599 101 DR8C/P        599 764
QSO:  7028 CW 2025-06-08 0643 G3RWF         599 0022 DK0GUB/P      599 0292
QSO:  7028 CW 2025-06-08 0644 G3RWF         599 0103 OK2KWS/P      599 0475
QSO: 14017 CW 2025-06-08 0656 G3RWF         599 0105 ER3R/P        599 0774
QSO: 14000 CW 2025-06-08 0659 G3RWF         599 0106 R1ZM/P        599 0046
QSO: 14019 CW 2025-06-08 1318 G3RWF         599 108 R1CX/P        599 1113
QSO: 14027 CW 2025-06-08 1321 G3RWF         599 109 DK0MM/P       599 1280
QSO: 14036 CW 2025-06-08 1323 G3RWF         599 0111 S57WX/P       599 0967
QSO: 14011 CW 2025-06-08 1325 G3RWF         599 0113 YL2TD/P       599 0404
QSO: 14013 CW 2025-06-08 1326 G3RWF         599 114 DK0V/P        599 1116
QSO: 14026 CW 2025-06-08 1330 G3RWF         599 115 IZ7FLP/P      599 0368
QSO: 14036 CW 2025-06-08 1332 G3RWF         599 116 DL1BUG/P      599 575
QSO:  7011 CW 2025-06-08 1338 G3RWF         599 0117 DL0WB/P       599 0415
QSO:  7014 CW 2025-06-08 1339 G3RWF         599 0118 DL0EU/P       599 0297
QSO:  7015 CW 2025-06-08 1340 G3RWF         599 119 G3ULT/P       599 630
QSO:  7019 CW 2025-06-08 1342 G3RWF         599 0120 DM3X/P        599 0476
QSO:  7024 CW 2025-06-08 1344 G3RWF         599 122 DP5X/P        599 778
QSO:  7000 CW 2025-06-08 1347 G3RWF         599 124 DK0RA/P       599 803
QSO:  7000 CW 2025-06-08 1349 G3RWF         599 126 DM3F/P        599 966
QSO:  7013 CW 2025-06-08 1400 G3RWF         599 129 DL0CS/P       599 1064
QSO:  7020 CW 2025-06-08 1403 G3RWF         599 130 OK1AY         599 249
QSO:  7020 CW 2025-06-08 1404 G3RWF         599 132 DL5YM         599 0230
QSO:  7020 CW 2025-06-08 1404 G3RWF         599 0131 DM5I/P        599 1064
QSO:  7020 CW 2025-06-08 1405 G3RWF         599 0134 DA1A/P        599 0853
QSO:  7020 CW 2025-06-08 1408 G3RWF         599 0139 DM6M/P        599 0607
QSO:  7020 CW 2025-06-08 1408 G3RWF         599 0137 M0RYB/P       599 0996
QSO:  7000 CW 2025-06-08 1409 G3RWF         599 140 DL7A/P        599 955
QSO:  7013 CW 2025-06-08 1420 G3RWF         599 145 DR7B/P        599 0281
QSO:  7021 CW 2025-06-08 1424 G3RWF         599 0147 S57WX/P       599 0994
QSO:  7021 CW 2025-06-08 1425 G3RWF         599 148 DL5XJ/P       599 777
QSO:  7019 CW 2025-06-08 1447 G3RWF         599 0149 I2IFT         599 0399
QSO:  7019 CW 2025-06-08 1449 G3RWF         599 0152 DL0ULM/P      599 0706
QSO:  7018 CW 2025-06-08 1450 G3RWF         599 153 DF5EN         599 476
QSO:  7000 CW 2025-06-08 1453 G3RWF         599 155 DJ3HW/P       599 100
QSO:  7018 CW 2025-06-08 1453 G3RWF         599 0156 S51J          599 0148
QSO:  7018 CW 2025-06-08 1454 G3RWF         599 0157 DA3D/P        599 0372
END-OF-LOG:
