START-OF-LOG: 3.0
CREATED-BY: reconstructed-log-builder
CONTEST: CQ-WPX-RTTY
CALLSIGN: OK1DMP
LOCATION: 
CATEGORY: CHECKLOG
CATEGORY-OPERATOR: SINGLE-OP
CATEGORY-BAND: ALL
CATEGORY-MODE: MIXED
CATEGORY-POWER: UNKNOWN
CATEGORY-ASSISTED: NON-ASSISTED
CATEGORY-TRANSMITTER: ONE
CATEGORY-STATION: UNKNOWN
CATEGORY-OVERLAY: 
OPERATORS: OK1DMP
CLAIMED-SCORE: 
CLUB: 
NAME: 
SOAPBOX: RECONSTRUCTED MOCKUP LOG - NOT AN OFFICIAL SUBMISSION.
SOAPBOX: Derived from submitted logs for CQ-WPX-RTTY CQWPXRTTY/2018.
QSO:  7071 RY 2017-02-11 0735 OK1DMP        599 0002 LZ9R          599 0477
QSO:  7054 RY 2017-02-11 0756 OK1DMP        599 005 OV90EDR       599 89
QSO:  7050 RY 2017-02-11 0846 OK1DMP        599 0009 9A0Z          599 0444
QSO:  7048 RY 2017-02-11 0905 OK1DMP        599 013 F1RCH         599 181
QSO:  7044 RY 2017-02-11 0908 OK1DMP        599 0014 LM80REX       599 0050
QSO:  7046 RY 2017-02-11 0909 OK1DMP        599 015 UV0A          599 318
QSO: 14082 RY 2017-02-11 0940 OK1DMP        599 0020 EA6VQ         599 0231
QSO: 14084 RY 2017-02-11 0943 OK1DMP        599 021 A61QQ         599 0185
QSO: 14076 RY 2017-02-11 1018 OK1DMP        599 0024 HZ1TL         599 0191
QSO: 14084 RY 2017-02-11 1029 OK1DMP        599 26 A71AM         599 084
QSO: 14087 RY 2017-02-11 1034 OK1DMP        599 027 J62DX         599 046
QSO: 14092 RY 2017-02-11 1037 OK1DMP        599 028 CR3A          599 152
QSO: 14102 RY 2017-02-11 1102 OK1DMP        599 0030 PJ6T          599 0308
QSO: 14091 RY 2017-02-11 1122 OK1DMP        599 032 GS8VL         599 0174
QSO: 14080 RY 2017-02-11 1641 OK1DMP        599 0036 ZB2TT         599 0412
QSO: 14114 RY 2017-02-11 1644 OK1DMP        599 035 FG5LA         599 306
QSO:  7083 RY 2017-02-11 2243 OK1DMP        599 0041 TC2C          599 0855
QSO:  7089 RY 2017-02-11 2332 OK1DMP        599 0042 4M1K          599 0678
QSO:  7040 RY 2017-02-12 0033 OK1DMP        599 0049 WT4O          599 0794
QSO:  7063 RY 2017-02-12 0046 OK1DMP        599 0050 VC3A          599 1082
QSO:  3593 RY 2017-02-12 0557 OK1DMP        599 052 3Z6M          599 309
QSO: 14000 RY 2017-02-12 0615 OK1DMP        599 055 TA1BX         599 078
QSO: 14088 RY 2017-02-12 0903 OK1DMP        599 0061 CT1CJJ        599 0375
QSO: 21084 RY 2017-02-12 0942 OK1DMP        599 0063 VU2CPL        599 0115
QSO:  7039 RY 2017-02-12 1032 OK1DMP        599 0065 4U1ITU        599 0792
QSO: 21133 RY 2017-02-12 1622 OK1DMP        599 071 CE4SFG        599 234
QSO: 14120 RY 2017-02-12 1723 OK1DMP        599 076 TF3T          599 0576
QSO: 14080 RY 2017-02-12 1724 OK1DMP        599 075 CU2AF         599 731
QSO:  7054 RY 2018-02-10 1454 OK1DMP        599 0001 Z60A          599 0735
QSO:  3599 RY 2018-02-10 2049 OK1DMP        599 0003 Z60A          599 0658
QSO:  7032 RY 2018-02-10 2321 OK1DMP        599 004 P49X          599 1984
QSO: 14140 RY 2018-02-11 1401 OK1DMP        599 0005 V31VP         599 1411
QSO: 14100 RY 2018-02-11 1736 OK1DMP        599 0006 Z60A          599 1212
END-OF-LOG:
