START-OF-LOG: 3.0
CREATED-BY: reconstructed-log-builder
CONTEST: CQ-WPX-RTTY
CALLSIGN: VA2WA
LOCATION: 
CATEGORY: CHECKLOG
CATEGORY-OPERATOR: SINGLE-OP
CATEGORY-BAND: ALL
CATEGORY-MODE: MIXED
CATEGORY-POWER: UNKNOWN
CATEGORY-ASSISTED: NON-ASSISTED
CATEGORY-TRANSMITTER: ONE
CATEGORY-STATION: UNKNOWN
CATEGORY-OVERLAY: 
OPERATORS: VA2WA
CLAIMED-SCORE: 
CLUB: 
NAME: 
SOAPBOX: RECONSTRUCTED MOCKUP LOG - NOT AN OFFICIAL SUBMISSION.
SOAPBOX: Derived from submitted logs for CQ-WPX-RTTY CQWPXRTTY/2018.
QSO:  3557 RY 2018-02-10 0515 VA2WA         599 0001 WQ6K          599 0265
QSO:  3558 RY 2018-02-10 0521 VA2WA         599 0002 KG9X          599 0103
QSO:  3555 RY 2018-02-10 0522 VA2WA         599 0003 N3QE          599 0332
QSO:  3555 RY 2018-02-10 0523 VA2WA         599 004 DQ6Q          599 0113
QSO:  3555 RY 2018-02-10 0524 VA2WA         599 005 VE3PJ         599 80
QSO:  3555 RY 2018-02-10 0526 VA2WA         599 0007 VE5MX         599 0345
QSO:  3555 RY 2018-02-10 0526 VA2WA         599 006 WA1FXK        599 37
QSO:  3555 RY 2018-02-10 0527 VA2WA         599 0008 N7QT          599 0203
QSO:  3555 RY 2018-02-10 0528 VA2WA         599 0009 G8X           599 0157
QSO:  3555 RY 2018-02-10 0529 VA2WA         599 0010 OK4GP         599 0144
QSO:  3555 RY 2018-02-10 0532 VA2WA         599 0012 W9PA          599 0126
QSO:  3555 RY 2018-02-10 0533 VA2WA         599 0014 N6SS          599 0130
QSO:  3555 RY 2018-02-10 0533 VA2WA         599 0013 N8HP          599 0054
QSO:  3555 RY 2018-02-10 0534 VA2WA         599 012 DK5MB         599 0027
QSO:  3555 RY 2018-02-10 0534 VA2WA         599 0015 W9IL          599 0262
QSO:  3555 RY 2018-02-10 0535 VA2WA         599 0016 WA7LNW        599 0184
QSO:  3555 RY 2018-02-10 0536 VA2WA         599 0017 NK7U          599 0122
QSO:  3555 RY 2018-02-10 0537 VA2WA         599 0019 K4HPS         599 0053
QSO:  3555 RY 2018-02-10 0537 VA2WA         599 0018 VA3MJR        599 0085
QSO:  3555 RY 2018-02-10 0538 VA2WA         599 0020 AB9YC         599 0159
END-OF-LOG:
