START-OF-LOG: 3.0
CREATED-BY: vhfmanager-downloader
CONTEST: ZRS septembrsko UKV tekmovanje - Official results - VHFManager
CALLSIGN: DB5BQ
CATEGORY: 145 MHz - Generated log
CATEGORY-OPERATOR: SINGLE-OP
CATEGORY-ASSISTED: NON-ASSISTED
CATEGORY-TRANSMITTER: ONE
CATEGORY-STATION: FIXED
QSO: 144300 PH 2021-09-04 1429 DB5BQ         2   JO32UG JO32UG DB5BX         SSB DG5YL 59  
QSO: 144300 PH 2021-09-04 1449 DB5BQ         3   JO32UG JO32UG DB5BX         SSB DF0MU 59  
QSO: 144300 PH 2021-09-04 1458 DB5BQ         4   JO32UG JO32UG DB5BX         SSB DL0EF 59  
QSO: 144300 PH 2021-09-04 1510 DB5BQ         5   JO32UG JO32UG DB5BX         SSB PA4VHF 59 
QSO: 144300 PH 2021-09-04 1524 DB5BQ         5   JO32UG JO32UG DB5BX         SSB DG1YKW 59 
QSO: 144300 PH 2021-09-04 1513 DB5BQ         6   JO32UG JO32UG DB5BX         SSB DD8DW 59  
QSO: 144300 PH 2021-09-04 1518 DB5BQ         7   JO32UG JO32UG DB5BX         SSB DG3EX 59  
QSO: 144300 PH 2021-09-04 1821 DB5BQ         9   JO32UG JO32UG DB5BX         SSB DD8EI 59  
QSO: 144300 PH 2021-09-04 1826 DB5BQ         10  JO32UG JO32UG DB5BX         SSB DL5DAW 53 
QSO: 144300 PH 2021-09-04 1833 DB5BQ         11  JO32UG JO32UG DB5BX         SSB DF0RE 59  
QSO: 144300 PH 2021-09-04 1840 DB5BQ         12  JO32UG JO32UG DB5BX         SSB DF4T 59   
QSO: 144300 PH 2021-09-04 1850 DB5BQ         13  JO32UG JO32UG DB5BX         SSB DA0FF 59  
QSO: 144300 PH 2021-09-04 1854 DB5BQ         14  JO32UG JO32UG DB5BX         SSB DL1KFS 59 
QSO: 144300 PH 2021-09-04 1904 DB5BQ         15  JO32VG JO32UG DB5BX         SSB DL0HTW 59 
QSO: 144300 PH 2021-09-04 1909 DB5BQ         16  JO32UG JO32UG DB5BX         SSB OR6T 59   
QSO: 144300 PH 2021-09-04 1944 DB5BQ         17  JO32UG JO32UG DB5BX         SSB DK2NI 59  
QSO: 144300 PH 2021-09-04 1957 DB5BQ         18  JO32UG JO32UG DB5BX         SSB DL0GTH 59 
QSO: 144300 PH 2021-09-05 0956 DB5BQ         20  JO32UG JO32UG DB5BX         SSB DD1QZ 59  
QSO: 144300 PH 2021-09-05 1016 DB5BQ         22  JO32UG JO32UG DB5BX         SSB F8KID 59  
QSO: 144300 PH 2021-09-05 1024 DB5BQ         23  JO32UG JO32UG DB5BX         SSB DL0GM 59  
QSO: 144300 PH 2021-09-05 1238 DB5BQ         25  JO32UG JO32UG DB5BX         SSB DK5EZ 59  
END-OF-LOG:
