START-OF-LOG: 3.0
CREATED-BY: vhfmanager-downloader
CONTEST: ZRS septembrsko UKV tekmovanje - Official results - VHFManager
CALLSIGN: DM0A
CATEGORY: 145 MHz - Generated log
CATEGORY-OPERATOR: SINGLE-OP
CATEGORY-ASSISTED: NON-ASSISTED
CATEGORY-TRANSMITTER: ONE
CATEGORY-STATION: FIXED
QSO: 144300 PH 2021-09-04 1526 DM0A          1   JO41GU JO41GU DM0A          SSB DA0FF 59  
QSO: 144300 PH 2021-09-04 1528 DM0A          2   JO41GU JO41GU DM0A          SSB DQ8T 59   
QSO: 144300 PH 2021-09-04 1533 DM0A          3   JO41GU JO41GU DM0A          SSB OE1W 59   
QSO: 144300 PH 2021-09-04 1701 DM0A          4   JO41GU JO41GU DM0A          SSB DL0GTH 59 
QSO: 144300 PH 2021-09-04 1706 DM0A          5   JO41GU JO41GU DM0A          SSB DL5NEN 59 
QSO: 144300 PH 2021-09-04 1712 DM0A          6   JO41GU JO41GU DM0A          SSB G8T 59    
QSO: 144300 PH 2021-09-04 1715 DM0A          8   JO41GU JO41GU DM0A          SSB DK5DQ 59  
QSO: 144300 PH 2021-09-04 2023 DM0A          10  JO41GU JO41GU DM0A          SSB PA4VHF 59 
QSO: 144300 PH 2021-09-04 2026 DM0A          11  JO41GU JO41GU DM0A          SSB DF0MU 59  
QSO: 144300 PH 2021-09-04 2029 DM0A          12  JO41GU JO41GU DM0A          SSB G2D 59    
QSO: 144300 PH 2021-09-04 2044 DM0A          13  JO41GU JO41GU DM0A          SSB S50C 59   
QSO: 144300 PH 2021-09-04 2049 DM0A          14  JO41GU JO41GU DM0A          SSB OL7C 59   
END-OF-LOG:
