START-OF-LOG: 3.0
CREATED-BY: vhfmanager-downloader
CONTEST: ZRS novembrsko UKV tekmovanje - Official results - VHFManager
CALLSIGN: IK7LMX
CATEGORY: 145 MHz - checklog
CATEGORY-OPERATOR: SINGLE-OP
CATEGORY-ASSISTED: NON-ASSISTED
CATEGORY-TRANSMITTER: ONE
CATEGORY-STATION: FIXED
QSO: 144100 CW 2014-11-01 1828 IK7LMX        599 1 JN80XP   S50C          599 184 JN76JG
QSO: 144100 CW 2014-11-01 1840 IK7LMX        599 2 JN80XP   9A1W          599 18 JN75ST 
QSO: 144100 CW 2014-11-01 1850 IK7LMX        599 3 JN80XP   HA1KYY        599 51 JN87FI 
QSO: 144100 CW 2014-11-01 1856 IK7LMX        599 4 JN80XP   E70A          599 153 JN94GG
QSO: 144100 CW 2014-11-01 1902 IK7LMX        599 5 JN80XP   HA6W          599 164 KN08FB
QSO: 144100 CW 2014-11-02 1145 IK7LMX        599 6 JN80XP   HA1A          599 365 JN87GF
QSO: 144100 CW 2014-11-02 1205 IK7LMX        599 7 JN80XP   IZ3VTH        599 96 JN65DM 
QSO: 144100 CW 2014-11-02 1231 IK7LMX        599 8 JN80XP   IZ7FLS        599 20 JN81EB 
QSO: 144100 CW 2014-11-02 1241 IK7LMX        599 9 JN80XP   IQ3RO         599 202 JN55VC
QSO: 144100 CW 2014-11-02 1249 IK7LMX        599 10 JN80XP  9A8D          599 243 JN95LM
QSO: 144100 CW 2014-11-02 1252 IK7LMX        599 11 JN80XP  9A1CRS        599 222 JN95AE
END-OF-LOG:
