START-OF-LOG: 3.0
CREATED-BY: reconstructed-log-builder
CONTEST: EUDXC
CALLSIGN: K1WNT
LOCATION: 
CATEGORY: CHECKLOG
CATEGORY-OPERATOR: SINGLE-OP
CATEGORY-BAND: ALL
CATEGORY-MODE: MIXED
CATEGORY-POWER: UNKNOWN
CATEGORY-ASSISTED: NON-ASSISTED
CATEGORY-TRANSMITTER: ONE
CATEGORY-STATION: UNKNOWN
CATEGORY-OVERLAY: 
OPERATORS: K1WNT
CLAIMED-SCORE: 
CLUB: 
NAME: 
SOAPBOX: RECONSTRUCTED MOCKUP LOG - NOT AN OFFICIAL SUBMISSION.
SOAPBOX: Derived from submitted logs for EUDXC EUDX_contest/2023.
QSO: 14022 CW 2023-02-04 1535 K1WNT         599 8 OR5T          599 BE11
QSO: 21009 CW 2023-02-04 1540 K1WNT         599 08 OK4RQ         599 CZ10
QSO: 28019 CW 2023-02-04 1601 K1WNT         599 08 OK4T          599 CZ04
QSO: 14042 CW 2023-02-04 1844 K1WNT         599 08 YU7KW         599 28
QSO:  7014 CW 2023-02-04 2113 K1WNT         599 08 SV1ME         599 GR01
QSO:  7013 CW 2023-02-04 2114 K1WNT         599 8 SN6S          599 PL09
QSO:  7012 CW 2023-02-04 2115 K1WNT         599 8 HA7A          599 HU04
QSO:  7014 CW 2023-02-04 2117 K1WNT         599 08 E70T          599 28
QSO:  7016 CW 2023-02-04 2119 K1WNT         599 08 IQ2CJ         599 IT11
QSO:  7019 CW 2023-02-04 2121 K1WNT         599 08 HA3NU         599 HU07
QSO:  7015 CW 2023-02-04 2128 K1WNT         599 08 OM3RM         599 SK02
QSO:  7026 CW 2023-02-04 2130 K1WNT         599 8 SP1D          599 PL16
QSO:  7020 CW 2023-02-04 2133 K1WNT         599 08 PA3FQA        599 NL09
QSO:  7020 CW 2023-02-04 2134 K1WNT         599 8 PF5X          599 NL07
QSO:  7018 CW 2023-02-04 2136 K1WNT         599 8 DK9IP         599 DE01
QSO:  7009 CW 2023-02-04 2138 K1WNT         599 8 YL2KO         599 LV05
QSO:  7032 CW 2023-02-04 2150 K1WNT         599 08 OL8R          599 CZ11
END-OF-LOG:
