START-OF-LOG: 3.0
CREATED-BY: reconstructed-log-builder
CONTEST: EUDXC
CALLSIGN: NR4M
LOCATION: 
CATEGORY: CHECKLOG
CATEGORY-OPERATOR: SINGLE-OP
CATEGORY-BAND: ALL
CATEGORY-MODE: MIXED
CATEGORY-POWER: UNKNOWN
CATEGORY-ASSISTED: NON-ASSISTED
CATEGORY-TRANSMITTER: ONE
CATEGORY-STATION: UNKNOWN
CATEGORY-OVERLAY: 
OPERATORS: NR4M
CLAIMED-SCORE: 
CLUB: 
NAME: 
SOAPBOX: RECONSTRUCTED MOCKUP LOG - NOT AN OFFICIAL SUBMISSION.
SOAPBOX: Derived from submitted logs for EUDXC EUDX_contest/2023.
QSO: 28031 CW 2023-02-04 1356 NR4M          599 8 RM2R          599 29
QSO: 28031 CW 2023-02-04 1356 NR4M          599 8 UA6HFI        599 29
QSO: 28040 CW 2023-02-04 1356 NR4M          599 8 RV3VR         599 29
QSO: 28000 CW 2023-02-04 1358 NR4M          599 08 RA4ACX        599 29
QSO: 28031 CW 2023-02-04 1358 NR4M          599 08 R6MW          599 29
QSO: 28031 CW 2023-02-04 1359 NR4M          599 8 UZ7E          599 29
QSO: 21000 CW 2023-02-04 1401 NR4M          599 8 9A1DR         599 HR01
QSO: 21000 CW 2023-02-04 1401 NR4M          599 8 EW2ES         599 29
QSO: 21027 CW 2023-02-04 1401 NR4M          599 8 IK6BAK        599 28
QSO: 21027 CW 2023-02-04 1403 NR4M          599 8 UZ7E          599 29
QSO: 21027 CW 2023-02-04 1404 NR4M          599 8 PC5D          599 NL06
QSO: 21027 CW 2023-02-04 1405 NR4M          599 8 SP1NY         599 PL16
QSO: 21027 CW 2023-02-04 1405 NR4M          599 8 SP3BBS        599 PL01
QSO: 21026 CW 2023-02-04 1406 NR4M          599 08 DJ8EW         599 DE02
QSO: 21000 CW 2023-02-04 1408 NR4M          599 8 DL9GMC        599 DE09
QSO: 21027 CW 2023-02-04 1409 NR4M          599 8 R8LA          599 30
QSO: 21000 CW 2023-02-04 1410 NR4M          599 8 SP9YFF        599 PL12
QSO: 21027 CW 2023-02-04 1410 NR4M          599 8 RX3MM         599 29
QSO: 21026 CW 2023-02-04 1411 NR4M          599 08 UA9CHL        599 30
QSO: 21026 CW 2023-02-04 1412 NR4M          599 08 YO3HEX        599 RO08
QSO: 28016 CW 2023-02-04 1412 NR4M          599 8 DL2TM         599 DE14
QSO: 14028 CW 2023-02-04 1414 NR4M          599 08 DL8MAS        599 DE02
QSO: 14028 CW 2023-02-04 1414 NR4M          599 08 F6DCQ         599 FR01
QSO: 14000 CW 2023-02-04 1415 NR4M          599 8 DL1EMA        599 DE10
QSO: 14029 CW 2023-02-04 1415 NR4M          599 8 SN5J          599 PL08
QSO: 14000 CW 2023-02-04 1416 NR4M          599 08 YU1YV         599 28
QSO: 14028 CW 2023-02-04 1416 NR4M          599 8 UA6AK         599 29
QSO: 14029 CW 2023-02-04 1416 NR4M          599 8 K8AJS         599 8
QSO: 14024 CW 2023-02-04 1420 NR4M          599 08 E7CW          599 28
QSO: 14002 CW 2023-02-04 1424 NR4M          599 8 MM9I          599 27
QSO: 14009 CW 2023-02-04 1426 NR4M          599 08 RK3ER         599 29
QSO: 14010 CW 2023-02-04 1426 NR4M          599 8 SP1D          599 PL16
QSO: 14000 CW 2023-02-04 1735 NR4M          599 8 9A4W          599 HR02
QSO: 14013 CW 2023-02-04 1736 NR4M          599 8 LZ3M          599 BG04
QSO: 14005 CW 2023-02-04 1739 NR4M          599 08 VU2TMP        599 41
QSO: 14030 CW 2023-02-04 1739 NR4M          599 8 M7DX          599 27
QSO: 14035 CW 2023-02-04 1739 NR4M          599 8 OK1QM         599 SeeRu
QSO: 14022 CW 2023-02-04 1740 NR4M          599 8 PG5M          599 NL01
QSO: 14016 CW 2023-02-04 1750 NR4M          599 8 VE5MX         599 3
QSO: 21028 CW 2023-02-04 1754 NR4M          599 08 RA3YDA        599 29
QSO: 21028 CW 2023-02-04 1754 NR4M          599 08 SV1AZL        599 GR10
END-OF-LOG:
