START-OF-LOG: 3.0
CREATED-BY: okomdx-downloader
CONTEST: OK-OM DX CW Contest 2017
CALLSIGN: DL/YL3GX
OPERATORS: DL/YL3GX
CATEGORY: SINGLE-OP 80M LOW
CATEGORY-OPERATOR: SINGLE-OP
CATEGORY-BAND: 80M
CATEGORY-MODE: CW
CATEGORY-POWER: LOW
CATEGORY-ASSISTED: NON-ASSISTED
CATEGORY-TRANSMITTER: ONE
CATEGORY-STATION: FIXED
QSO:  3514 CW 2017-11-11 2118 DL/YL3GX      599 001        OK7PN         599 HVS       
QSO:  3515 CW 2017-11-11 2123 DL/YL3GX      599 002        OM3GI         599 POP       
QSO:  3521 CW 2017-11-11 2139 DL/YL3GX      599 003        OK2HBR        599 HOL       
QSO:  3521 CW 2017-11-11 2141 DL/YL3GX      599 004        OM3KFF        599 BAD       
QSO:  3521 CW 2017-11-11 2148 DL/YL3GX      599 005        OM6RM         599 SEN       
QSO:  3525 CW 2017-11-11 2153 DL/YL3GX      599 006        OM3ZWA        599 PRE       
QSO:  3530 CW 2017-11-11 2159 DL/YL3GX      599 007        OM6AL         599 MAR       
QSO:  3531 CW 2017-11-11 2211 DL/YL3GX      599 008        OK2EQ         599 HOP       
QSO:  3533 CW 2017-11-11 2227 DL/YL3GX      599 009        OL9Z          599 HKA       
QSO:  3535 CW 2017-11-11 2231 DL/YL3GX      599 010        OM3CDN        599 BAC       
QSO:  3535 CW 2017-11-11 2242 DL/YL3GX      599 011        OL1C          599 ETE       
QSO:  3536 CW 2017-11-11 2247 DL/YL3GX      599 012        OK1VD         599 FHK       
QSO:  3537 CW 2017-11-11 2249 DL/YL3GX      599 013        OK2RJC        599 HNJ       
QSO:  3546 CW 2017-11-11 2300 DL/YL3GX      599 014        OK1HCG        599 BMB       
QSO:  3556 CW 2017-11-11 2303 DL/YL3GX      599 015        OK1MGW        599 FHK       
QSO:  3540 CW 2017-11-11 2308 DL/YL3GX      599 016        OK1SI         599 ELT       
QSO:  3528 CW 2017-11-11 2313 DL/YL3GX      599 017        OK1OA         599 ELI       
QSO:  3530 CW 2017-11-11 2322 DL/YL3GX      599 018        OK3TM         599 BPB       
END-OF-LOG:
