START-OF-LOG: 2.0
REF-SECTION: 16
CALLSIGN: F5MLY
CATEGORY: SINGLE-OP ALL LOW
CLAIMED-SCORE:  12870
CONTEST: REF-SSB
CREATED-BY: WINREF-HF V9.6.34
NAME: DENECHAUD JOEL
OFFTIME: 2021-02-27 2322 2021-02-28 0819
OFFTIME: 2021-02-28 0913 2021-02-28 1800
OFFTIME: 2021-02-27 1659 2021-02-27 2236
OFFTIME: 2021-02-27 1022 2021-02-27 1554
OFFTIME: 2021-02-27 0600 2021-02-27 0921
RIG: KENWOOD TS 850S
RIG: KENWOOD TS 850S
RIG: BOUCLE DE 83 M
RIG: 80
QSO: 3500  PH 2021-02-27 0921 F5MLY         59  16     TM0KUC        59  15   
QSO: 3500  PH 2021-02-27 0923 F5MLY         59  16     F5KBG         59  03   
QSO: 3500  PH 2021-02-27 0926 F5MLY         59  16     F4DNU         59  79   
QSO: 3500  PH 2021-02-27 0937 F5MLY         59  16     F6CQI         59  49   
QSO: 7000  PH 2021-02-27 0951 F5MLY         59  16     F8DO          59  69   
QSO: 7000  PH 2021-02-27 1001 F5MLY         59  16     F6HQP         59  73   
QSO: 7000  PH 2021-02-27 1004 F5MLY         59  16     TM2FT         59  02   
QSO: 7000  PH 2021-02-27 1008 F5MLY         59  16     F8KCF         59  74   
QSO: 7000  PH 2021-02-27 1010 F5MLY         59  16     F4QLR         59  62   
QSO: 7000  PH 2021-02-27 1022 F5MLY         59  16     F8KHO/P       59  51   
QSO: 3500  PH 2021-02-27 1554 F5MLY         59  16     F5TMR         59  17   
QSO: 3500  PH 2021-02-27 1555 F5MLY         59  16     F5OAM         59  47   
QSO: 3500  PH 2021-02-27 1558 F5MLY         59  16     F4HER         59  86   
QSO: 3500  PH 2021-02-27 1600 F5MLY         59  16     F5MVB         59  36   
QSO: 3500  PH 2021-02-27 1603 F5MLY         59  16     F5BQV         59  56   
QSO: 3500  PH 2021-02-27 1606 F5MLY         59  16     F4GMJ         59  17   
QSO: 3500  PH 2021-02-27 1611 F5MLY         59  16     F6BPZ         59  74   
QSO: 3500  PH 2021-02-27 1614 F5MLY         59  16     F4ILK         59  49   
QSO: 3500  PH 2021-02-27 1617 F5MLY         59  16     F6FET         59  53   
QSO: 3500  PH 2021-02-27 1620 F5MLY         59  16     F4EDU         59  33   
QSO: 3500  PH 2021-02-27 1622 F5MLY         59  16     F4AWH         59  70   
QSO: 3500  PH 2021-02-27 1624 F5MLY         59  16     F8HDE         59  42   
QSO: 3500  PH 2021-02-27 1627 F5MLY         59  16     F5HIJ         59  33   
QSO: 3500  PH 2021-02-27 1631 F5MLY         59  16     F4GLN         59  27   
QSO: 3500  PH 2021-02-27 1633 F5MLY         59  16     F5JFU         59  58   
QSO: 3500  PH 2021-02-27 1634 F5MLY         59  16     F5AUZ         59  87   
QSO: 3500  PH 2021-02-27 1636 F5MLY         59  16     F5HDN         59  87   
QSO: 3500  PH 2021-02-27 1638 F5MLY         59  16     F6DZU         59  40   
QSO: 3500  PH 2021-02-27 1640 F5MLY         59  16     F4FHR         59  86   
QSO: 3500  PH 2021-02-27 1642 F5MLY         59  16     F5LBL         59  30   
QSO: 3500  PH 2021-02-27 1644 F5MLY         59  16     F5FDC         59  82   
QSO: 3500  PH 2021-02-27 1646 F5MLY         59  16     F4EQA         59  34   
QSO: 3500  PH 2021-02-27 1651 F5MLY         59  16     F6AWU         59  44   
QSO: 3500  PH 2021-02-27 1655 F5MLY         59  16     F4HWS         59  14   
QSO: 3500  PH 2021-02-27 1659 F5MLY         59  16     F8ATM         59  81   
QSO: 3500  PH 2021-02-27 2236 F5MLY         59  16     F6CPX         59  24   
QSO: 3500  PH 2021-02-27 2248 F5MLY         59  16     F5VBD         59  73   
QSO: 3500  PH 2021-02-27 2254 F5MLY         59  16     F4HTZ         59  71   
QSO: 3500  PH 2021-02-27 2258 F5MLY         59  16     F5MLJ         59  41   
QSO: 3500  PH 2021-02-27 2305 F5MLY         59  16     F1UVN         59  62   
QSO: 3500  PH 2021-02-27 2307 F5MLY         59  16     F5LIW         59  21   
QSO: 3500  PH 2021-02-27 2310 F5MLY         59  16     F5KSE         59  31   
QSO: 3500  PH 2021-02-27 2311 F5MLY         59  16     F8EFU         59  57   
QSO: 3500  PH 2021-02-27 2314 F5MLY         59  16     F5JNX         59  68   
QSO: 3500  PH 2021-02-27 2318 F5MLY         59  16     F4KKV         59  53   
QSO: 3500  PH 2021-02-27 2321 F5MLY         59  16     F6KEH         59  34   
QSO: 3500  PH 2021-02-27 2322 F5MLY         59  16     F6GOE         59  19   
QSO: 3500  PH 2021-02-28 0819 F5MLY         59  16     F4EEJ/P       59  16   
QSO: 3500  PH 2021-02-28 0823 F5MLY         59  16     F5PHK         59  40   
QSO: 3500  PH 2021-02-28 0825 F5MLY         59  16     F4FWG         59  40   
QSO: 3500  PH 2021-02-28 0829 F5MLY         59  16     F5SOI         59  24   
QSO: 3500  PH 2021-02-28 0836 F5MLY         59  16     F2MM          59  17   
QSO: 3500  PH 2021-02-28 0841 F5MLY         59  16     F5OQL         59  79   
QSO: 3500  PH 2021-02-28 0911 F5MLY         59  16     F5MMB         59  40   
QSO: 3500  PH 2021-02-28 0913 F5MLY         59  16     F5PHW         59  56   
END-OF-LOG:
