START-OF-LOG: 3.0
CREATED-BY: vhfmanager-downloader
CONTEST: ZRS marčevsko UKV tekmovanje - Official results - VHFManager
CALLSIGN: DK1VC
CATEGORY: 1,3 GHz - checklog
CATEGORY-OPERATOR: SINGLE-OP
CATEGORY-ASSISTED: NON-ASSISTED
CATEGORY-TRANSMITTER: ONE
CATEGORY-STATION: FIXED
QSO: 1300000 PH 2014-03-01 1411 DK1VC         59  1 JO31RG   DK9TF         59  1 JO31NF  
QSO: 1300000 PH 2014-03-01 1417 DK1VC         59  2 JO31RG   DK6JL         59  2 JO31DH  
QSO: 1300000 PH 2014-03-01 1424 DK1VC         59  3 JO31RG   DJ6TA         59  1 JO30MS  
QSO: 1300000 PH 2014-03-01 1436 DK1VC         59  4 JO31RG   DJ7QT         59  3 JO31QL  
QSO: 1300000 PH 2014-03-01 1441 DK1VC         59  5 JO31RG   DD8DW         59  3 JO31WO  
QSO: 1300000 PH 2014-03-01 1448 DK1VC         59  6 JO31RG   DL0LN         59  8 JO31QX  
QSO: 1300000 PH 2014-03-01 1456 DK1VC         59  7 JO31RG   DF0MU         59  18 JO32PC 
QSO: 1300000 PH 2014-03-01 1504 DK1VC         59  8 JO31RG   PE1MMP        59  6 JO21VT  
QSO: 1300000 PH 2014-03-01 1508 DK1VC         58  9 JO31RG   PA0S          58  3 JO21FW  
QSO: 1300000 PH 2014-03-01 1512 DK1VC         59  10 JO31RG  DF7JS         59  1 JO31JM  
QSO: 1300000 PH 2014-03-01 1608 DK1VC         59  11 JO31RG  DG3YMT        59  9 JO31KP  
QSO: 1300000 PH 2014-03-01 1722 DK1VC         52  12 JO31RG  DF0YY         59  16 JO62GD 
QSO: 1300000 PH 2014-03-01 1724 DK1VC         59  13 JO31RG  DK5WO         59  4 JO30AS  
QSO: 1300000 PH 2014-03-01 1726 DK1VC         59  14 JO31RG  DF0WSB        59  2 JO31FG  
QSO: 1300000 PH 2014-03-01 1729 DK1VC         59  15 JO31RG  PI4Z          59  12 JO11WM 
QSO: 1300000 PH 2014-03-01 1844 DK1VC         59  16 JO31RG  PA0EHG        59  14 JO22HB 
QSO: 1300000 PH 2014-03-01 1900 DK1VC         59  17 JO31RG  DB7EH         59  3 JO31MG  
QSO: 1300000 PH 2014-03-01 1906 DK1VC         59  18 JO31RG  DJ5VW         59  3 JO31RJ  
QSO: 1300000 PH 2014-03-01 1914 DK1VC         59  19 JO31RG  DK0PU         59  25 JO31JN 
QSO: 1300000 PH 2014-03-01 1917 DK1VC         59  20 JO31RG  DK5EZ         59  10 JO31MG 
QSO: 1300000 PH 2014-03-01 2011 DK1VC         59  21 JO31RG  DK2MN         59  2 JO32MC  
QSO: 1300000 PH 2014-03-01 2024 DK1VC         59  22 JO31RG  DB5KN         59  1 JO31NB  
QSO: 1300000 PH 2014-03-01 2040 DK1VC         59  23 JO31RG  DL2DR         59  2 JO31TO  
QSO: 1300000 PH 2014-03-02 0953 DK1VC         59  24 JO31RG  DK2ZF/P       59  18 JO43WJ 
QSO: 1300000 PH 2014-03-02 1053 DK1VC         54  25 JO31RG  DK1CB         55  6 JO53CL  
QSO: 1300000 PH 2014-03-02 1054 DK1VC         59  26 JO31RG  DL9JY         59  4 JO31MK  
QSO: 1300000 PH 2014-03-02 1057 DK1VC         57  27 JO31RG  DL3YCW        57  5 JO42HA  
QSO: 1300000 PH 2014-03-02 1153 DK1VC         57  28 JO31RG  DL1KDT        59  35 JO30JP 
QSO: 1300000 PH 2014-03-02 1204 DK1VC         59  29 JO31RG  DL3YDP        59  6 JO31NN  
END-OF-LOG:
