START-OF-LOG: 3.0
CREATED-BY: reconstructed-log-builder
CONTEST: ARRL-DIGI
CALLSIGN: EB1LA
LOCATION: 
CATEGORY: CHECKLOG
CATEGORY-OPERATOR: SINGLE-OP
CATEGORY-BAND: ALL
CATEGORY-MODE: MIXED
CATEGORY-POWER: UNKNOWN
CATEGORY-ASSISTED: NON-ASSISTED
CATEGORY-TRANSMITTER: ONE
CATEGORY-STATION: UNKNOWN
CATEGORY-OVERLAY: 
OPERATORS: EB1LA
CLAIMED-SCORE: 
CLUB: 
NAME: 
SOAPBOX: RECONSTRUCTED MOCKUP LOG - NOT AN OFFICIAL SUBMISSION.
SOAPBOX: Derived from submitted logs for ARRL-DIGI ARRL/arrl_international_digital_contest/2026.
QSO: 14075 DG 2026-06-06 1820 EB1LA         IN73 W3FIZ         FN20
QSO: 14074 DG 2026-06-06 1831 EB1LA         IN73 IK7ZLW        JN81
QSO: 14075 DG 2026-06-06 1947 EB1LA         IN73 KB3Z          FN20
QSO: 14074 DG 2026-06-06 1956 EB1LA         IN73 RL9M          MO64
QSO:  3574 DG 2026-06-06 2220 EB1LA         IN73 ON4VMA        JO11
QSO:  3573 DG 2026-06-06 2317 EB1LA         IN73 DD5Y          JO73
QSO:  3575 DG 2026-06-06 2331 EB1LA         IN73 EA1IQM        IN52
QSO:  3574 DG 2026-06-06 2357 EB1LA         IN73 YT2TW/P       KN04
QSO:  3574 DG 2026-06-07 0057 EB1LA         IN73 EW8HP         KO42
QSO:  3573 DG 2026-06-07 0120 EB1LA         IN73 W3FIZ         FN20
QSO:  3574 DG 2026-06-07 0258 EB1LA         IN73 WA3RGH        FM18
QSO:  3575 DG 2026-06-07 0404 EB1LA         IN73 AJ1I          FN41
QSO:  3575 DG 2026-06-07 0414 EB1LA         IN73 W4VG          FM07
QSO:  3575 DG 2026-06-07 0524 EB1LA         IN73 K3MM          FM19
QSO: 21074 DG 2026-06-07 0722 EB1LA         IN73 DD5Y          JO73
END-OF-LOG:
