START-OF-LOG: 3.0
CREATED-BY: okomdx-downloader
CONTEST: OK-OM DX Contest 2025
CALLSIGN: IU4JNR
OPERATORS: IU4JNR
CATEGORY: SOSB160 high
CATEGORY-OPERATOR: SINGLE-OP
CATEGORY-BAND: ALL
CATEGORY-MODE: CW
CATEGORY-POWER: HIGH
CATEGORY-ASSISTED: NON-ASSISTED
CATEGORY-TRANSMITTER: ONE
CATEGORY-STATION: FIXED
QSO:  1829 CW 2025-11-08 1515 IU4JNR        599 001        8S0DX         599 004       
QSO:  1826 CW 2025-11-08 1517 IU4JNR        599 002        SP7M          599 004       
QSO:  1828 CW 2025-11-08 1533 IU4JNR        599 003        S51W          599 001       
QSO:  1831 CW 2025-11-08 1554 IU4JNR        599 004        HA0NAR        599 003       
QSO:  1825 CW 2025-11-08 1558 IU4JNR        599 005        F5NZY         599 001       
QSO:  1825 CW 2025-11-08 1622 IU4JNR        599 006        G3OJV         599 001       
QSO:  1825 CW 2025-11-08 1634 IU4JNR        599 007        OK8AW         599 BPV       
QSO:  1825 CW 2025-11-08 1635 IU4JNR        599 008        G3ROO         599 001       
QSO:  1825 CW 2025-11-08 1638 IU4JNR        599 009        OK2MPB        599 GUH       
QSO:  1825 CW 2025-11-08 1643 IU4JNR        599 010        OK1BM         599 EJA       
QSO:  1825 CW 2025-11-08 1645 IU4JNR        599 011        OK1MDK        599 FHB       
QSO:  1825 CW 2025-11-08 1649 IU4JNR        599 012        DJ3RA         599 003       
QSO:  1825 CW 2025-11-08 1650 IU4JNR        599 013        OM4MM         599 PAR       
QSO:  1827 CW 2025-11-08 1656 IU4JNR        599 014        OK1AUC        599 CPR       
QSO:  1825 CW 2025-11-08 1658 IU4JNR        599 015        DK3AX         599 044       
QSO:  1825 CW 2025-11-08 1701 IU4JNR        599 016        YO7EY         599 005       
QSO:  1820 CW 2025-11-08 1726 IU4JNR        599 017        LY2XW         599 266       
QSO:  1832 CW 2025-11-08 1741 IU4JNR        599 018        IU8RIA        599 340       
QSO:  1825 CW 2025-11-08 1747 IU4JNR        599 019        OM0R          599 LEV       
QSO:  1828 CW 2025-11-08 1748 IU4JNR        599 020        SP1NY         599 194       
QSO:  1825 CW 2025-11-08 1824 IU4JNR        599 021        OM4WM         599 PAR       
QSO:  1835 CW 2025-11-08 1828 IU4JNR        599 022        9A3J          599 076       
QSO:  1832 CW 2025-11-08 1829 IU4JNR        599 023        HA5JI         599 399       
QSO:  1829 CW 2025-11-08 1832 IU4JNR        599 024        OL1C          599 ETE       
QSO:  1825 CW 2025-11-08 1833 IU4JNR        599 025        IT9LKX        599 226       
QSO:  1827 CW 2025-11-08 1834 IU4JNR        599 026        HA3DX         599 430       
QSO:  1828 CW 2025-11-08 1839 IU4JNR        599 027        LY7M          599 030       
QSO:  1825 CW 2025-11-08 1933 IU4JNR        599 028        OK1KKI        599 CJH       
QSO:  1828 CW 2025-11-08 1935 IU4JNR        599 030        OL2J          599 GJI       
QSO:  1825 CW 2025-11-08 1936 IU4JNR        599 031        OL3Z          599 APD       
QSO:  1825 CW 2025-11-08 1937 IU4JNR        599 032        OK6OK         599 HNJ       
QSO:  1826 CW 2025-11-08 1939 IU4JNR        599 033        OK3C          599 GTR       
QSO:  1825 CW 2025-11-08 1940 IU4JNR        599 034        OK2BFN        599 GZL       
QSO:  1825 CW 2025-11-08 1941 IU4JNR        599 035        OK1TN         599 FJI       
QSO:  1823 CW 2025-11-08 1943 IU4JNR        599 036        ON7PQ         599 006       
QSO:  1835 CW 2025-11-08 1944 IU4JNR        599 037        OK1AGE        599 BPZ       
QSO:  1822 CW 2025-11-08 1945 IU4JNR        599 038        OK7AW         599 GKR       
QSO:  1828 CW 2025-11-08 1946 IU4JNR        599 039        OK7O          599 DPS       
QSO:  1824 CW 2025-11-08 1947 IU4JNR        599 040        OM3CPF        599 SEA       
QSO:  1834 CW 2025-11-08 1948 IU4JNR        599 042        S52W          599 378       
QSO:  1825 CW 2025-11-08 1949 IU4JNR        599 043        OL1T          599 DPJ       
QSO:  1825 CW 2025-11-08 1950 IU4JNR        599 044        OK6Y          599 GVY       
QSO:  1825 CW 2025-11-08 1952 IU4JNR        599 045        HA2RQ         599 026       
QSO:  1825 CW 2025-11-08 2025 IU4JNR        599 046        YL7X          599 656       
QSO:  1833 CW 2025-11-08 2027 IU4JNR        599 047        OM5DX         599 LVC       
QSO:  1831 CW 2025-11-08 2028 IU4JNR        599 048        OK2HBR        599 HOL       
QSO:  1820 CW 2025-11-08 2032 IU4JNR        599 049        LZ5R          599 720       
QSO:  1820 CW 2025-11-08 2032 IU4JNR        599 050        EI8X          599 524       
QSO:  1823 CW 2025-11-08 2037 IU4JNR        599 051        HA7I          599 141       
QSO:  1826 CW 2025-11-08 2037 IU4JNR        599 052        9A3A          599 126       
QSO:  1832 CW 2025-11-08 2038 IU4JNR        599 053        HA5UX         599 027       
QSO:  1825 CW 2025-11-08 2039 IU4JNR        599 054        UW3WF         599 070       
QSO:  1825 CW 2025-11-08 2039 IU4JNR        599 055        F5TFW         599 087       
QSO:  1834 CW 2025-11-08 2041 IU4JNR        599 056        OK2MBP        599 HNJ       
QSO:  1825 CW 2025-11-08 2045 IU4JNR        599 057        OK1DLX        599 FNA       
QSO:  1825 CW 2025-11-08 2047 IU4JNR        599 058        OK1AXD        599 FHK       
QSO:  1830 CW 2025-11-08 2049 IU4JNR        599 059        OL0A          599 APF       
QSO:  1825 CW 2025-11-08 2049 IU4JNR        599 060        SP8GNF        599 019       
QSO:  1837 CW 2025-11-08 2050 IU4JNR        599 061        OM3BY         599 PBY       
QSO:  1825 CW 2025-11-08 2051 IU4JNR        599 062        S54X          599 289       
QSO:  1821 CW 2025-11-08 2052 IU4JNR        599 063        OK2TJ         599 GVY       
QSO:  1825 CW 2025-11-08 2055 IU4JNR        599 064        SN9S          599 212       
QSO:  1827 CW 2025-11-08 2057 IU4JNR        599 065        F5IN          599 033       
QSO:  1824 CW 2025-11-08 2058 IU4JNR        599 066        HA6NL         599 440       
QSO:  1825 CW 2025-11-08 2101 IU4JNR        599 067        OL5Y          599 BKO       
QSO:  1820 CW 2025-11-08 2101 IU4JNR        599 068        E77EA         599 479       
QSO:  1830 CW 2025-11-08 2108 IU4JNR        599 069        HB9ARF        599 420       
QSO:  1829 CW 2025-11-08 2112 IU4JNR        599 070        OK2EA         599 HVS       
QSO:  1828 CW 2025-11-08 2112 IU4JNR        599 071        DL5AXX        599 149       
QSO:  1831 CW 2025-11-08 2113 IU4JNR        599 072        YL3CW         599 014       
QSO:  1826 CW 2025-11-08 2114 IU4JNR        599 073        OL26WRTC      599 BKO       
QSO:  1826 CW 2025-11-08 2140 IU4JNR        599 074        IT9/DK6XZ     599 234       
QSO:  1817 CW 2025-11-08 2141 IU4JNR        599 075        OM5R          599 LVC       
QSO:  1825 CW 2025-11-08 2142 IU4JNR        599 076        OL3M          599 FUO       
QSO:  1828 CW 2025-11-08 2145 IU4JNR        599 077        OL7D          599 BNY       
QSO:  1825 CW 2025-11-08 2147 IU4JNR        599 078        HB9BXE        599 458       
QSO:  1819 CW 2025-11-08 2148 IU4JNR        599 079        HA3NU         599 264       
QSO:  1836 CW 2025-11-08 2149 IU4JNR        599 080        SN1T          599 006       
QSO:  1827 CW 2025-11-08 2151 IU4JNR        599 081        OM3RKA        599 KOM       
QSO:  1825 CW 2025-11-08 2152 IU4JNR        599 083        OK5OK         599 EUL       
QSO:  1828 CW 2025-11-08 2153 IU4JNR        599 084        OK1DWF        599 BKO       
QSO:  1831 CW 2025-11-08 2155 IU4JNR        599 085        OK1OA         599 API       
QSO:  1825 CW 2025-11-08 2156 IU4JNR        599 086        OK1FZM        599 CTA       
QSO:  1836 CW 2025-11-08 2157 IU4JNR        599 087        OK2AF         599 GZS       
QSO:  1825 CW 2025-11-08 2158 IU4JNR        599 088        OK1FRJ        599 BBE       
QSO:  1825 CW 2025-11-08 2200 IU4JNR        599 089        YO5AVN        599 483       
QSO:  1830 CW 2025-11-08 2200 IU4JNR        599 090        EA4AOC        599 618       
QSO:  1820 CW 2025-11-08 2213 IU4JNR        599 091        IK8UND        599 400       
QSO:  1825 CW 2025-11-08 2223 IU4JNR        599 093        S57KM         599 067       
QSO:  1829 CW 2025-11-08 2227 IU4JNR        599 094        OK1PI         599 FCR       
QSO:  1825 CW 2025-11-08 2231 IU4JNR        599 095        IT9IVU        599 360       
QSO:  1825 CW 2025-11-08 2238 IU4JNR        599 096        I2WIJ         599 126       
QSO:  1825 CW 2025-11-08 2241 IU4JNR        599 097        OM6AL         599 MAR       
QSO:  1832 CW 2025-11-08 2243 IU4JNR        599 098        IZ8EYP        599 166       
QSO:  1824 CW 2025-11-08 2248 IU4JNR        599 099        OK3X          599 BPB       
END-OF-LOG:
