START-OF-LOG: 3.0
CREATED-BY: vhfmanager-downloader
CONTEST: ZRS julijsko UKV tekmovanje - Official results - VHFManager
CALLSIGN: OK7MM
CATEGORY: 145 MHz - Generated log
CATEGORY-OPERATOR: SINGLE-OP
CATEGORY-ASSISTED: NON-ASSISTED
CATEGORY-TRANSMITTER: ONE
CATEGORY-STATION: FIXED
QSO: 144300 PH 2013-07-06 1405 OK7MM         1   JN79JW JN79JW OK7MM         SSB OL4W 59   
QSO: 144300 PH 2013-07-06 1407 OK7MM         2   JN79JW JN79JW OK7MM         SSB OK1NPF 59 
QSO: 144300 PH 2013-07-06 1407 OK7MM         3   JN79JW JN79JW OK7MM         SSB OK1KMP 59 
QSO: 144300 PH 2013-07-06 1411 OK7MM         4   JN79JW JN79JW OK7MM         SSB DL0STO 59 
QSO: 144300 PH 2013-07-06 1414 OK7MM         5   JN79JW JN79JW OK7MM         SSB OK1FC 59  
QSO: 144300 PH 2013-07-06 1416 OK7MM         6   JN79JW JN79JW OK7MM         SSB OK5T 59   
QSO: 144300 PH 2013-07-06 1416 OK7MM         7   JN79JW JN79JW OK7MM         SSB OK1KPA 59 
QSO: 144300 PH 2013-07-06 1423 OK7MM         8   JN79JW JN79JW OK7MM         SSB OK1KIR 59 
QSO: 144300 PH 2013-07-06 1426 OK7MM         10  JN79JW JN79JW OK7MM         SSB OK5D 59   
QSO: 144300 PH 2013-07-06 1430 OK7MM         12  JN79JW JN79JW OK7MM         SSB OL5Z 59   
QSO: 144300 PH 2013-07-06 1431 OK7MM         13  JN79JW JN79JW OK7MM         SSB OK6T 59   
QSO: 144300 PH 2013-07-06 1434 OK7MM         14  JN79JW JN79JW OK7MM         SSB OK7O 59   
QSO: 144300 PH 2013-07-06 1441 OK7MM         17  JN79JW JN79JW OK7MM         SSB OL3Z 59   
QSO: 144300 PH 2013-07-06 1444 OK7MM         18  JN79JW JN79JW OK7MM         SSB OK1KFX 59 
QSO: 144300 PH 2013-07-06 1446 OK7MM         19  JN79JW JN79JW OK7MM         SSB OK2KGB 59 
QSO: 144300 PH 2013-07-06 1453 OK7MM         20  JN79JW JN79JW OK7MM         SSB OK1KAD 59 
QSO: 144300 PH 2013-07-06 1454 OK7MM         21  JN79JW JN79JW OK7MM         SSB OK1KRY 59 
QSO: 144300 PH 2013-07-06 1455 OK7MM         22  JN79JW JN79JW OK7MM         SSB OK1KQH 59 
QSO: 144300 PH 2013-07-06 1500 OK7MM         23  JN79JW JN79JW OK7MM         SSB OK1KFH 59 
QSO: 144300 PH 2013-07-06 1511 OK7MM         24  JN79JW JN79JW OK7MM         SSB OK1RAR 59 
QSO: 144300 PH 2013-07-06 1524 OK7MM         26  JN79JW JN79JW OK7MM         SSB OK1DT 59  
QSO: 144300 PH 2013-07-06 1529 OK7MM         27  JN79JW JN79JW OK7MM         SSB OL7G 59   
QSO: 144300 PH 2013-07-06 1532 OK7MM         29  JN79JW JN79JW OK7MM         SSB OK1VRY 59 
QSO: 144300 PH 2013-07-06 1537 OK7MM         30  JN79JW JN79JW OK7MM         CW  OK1OAZ 599
QSO: 144300 PH 2013-07-06 1542 OK7MM         31  JN79JW JN79JW OK7MM         SSB S50C 59   
QSO: 144300 PH 2013-07-06 1547 OK7MM         32  JN79JW JN79JW OK7MM         SSB S57M 59   
QSO: 144300 PH 2013-07-06 1557 OK7MM         33  JN79JW JN79JW OK7MM         SSB S56K 59   
QSO: 144300 PH 2013-07-06 2151 OK7MM         35  JN79JW JN79JW OK7MM         CW  OK1KEO 599
QSO: 144300 PH 2013-07-06 2202 OK7MM         37  JN79JW JN79JW OK7MM         SSB S59DEM 59 
QSO: 144300 PH 2013-07-06 2214 OK7MM         38  JN79JW JN79JW OK7MM         SSB OK1VVP 59 
QSO: 144300 PH 2013-07-06 2225 OK7MM         41  JN79JW JN79JW OK7MM         CW  IK5ZWU/6 599
QSO: 144300 PH 2013-07-06 2229 OK7MM         42  JN79JW JN79JW OK7MM         CW  OK1DSZ 599
QSO: 144300 PH 2013-07-06 2239 OK7MM         43  JN79JW JN79JW OK7MM         CW  OL9W 599  
QSO: 144300 PH 2013-07-06 2243 OK7MM         44  JN79JW JN79JW OK7MM         CW  OL2J 599  
QSO: 144300 PH 2013-07-06 2246 OK7MM         45  JN79JW JN79JW OK7MM         CW  OK1SI 599 
QSO: 144300 PH 2013-07-07 0518 OK7MM         49  JN79JW JN79JW OK7MM         CW  DF0MTL 599
QSO: 144300 PH 2013-07-07 0534 OK7MM         50  JN79JW JN79JW OK7MM         CW  DJ2IT 599 
QSO: 144300 PH 2013-07-07 0538 OK7MM         51  JN79JW JN79JW OK7MM         CW  OM3TZZ 599
QSO: 144300 PH 2013-07-07 0544 OK7MM         52  JN79JW JN79JW OK7MM         CW  OK2BY 599 
QSO: 144300 PH 2013-07-07 0546 OK7MM         53  JN79JW JN79JW OK7MM         CW  OM3KTY 599
QSO: 144300 PH 2013-07-07 0551 OK7MM         54  JN79JW JN79JW OK7MM         SSB OM3W 59   
QSO: 144300 PH 2013-07-07 0553 OK7MM         55  JN79JW JN79JW OK7MM         SSB OK2KYZ 59 
QSO: 144300 PH 2013-07-07 0604 OK7MM         56  JN79JW JN79JW OK7MM         CW  DF0CI 599 
QSO: 144300 PH 2013-07-07 0742 OK7MM         57  JN79JW JN79JW OK7MM         CW  DM5JL 599 
QSO: 144300 PH 2013-07-07 0746 OK7MM         58  JN79JW JN79JW OK7MM         CW  OK1FHI 599
QSO: 144300 PH 2013-07-07 0749 OK7MM         59  JN79JW JN79JW OK7MM         CW  OK1DJS 599
QSO: 144300 PH 2013-07-07 0753 OK7MM         60  JN79JW JN79JW OK7MM         CW  S59P 599  
QSO: 144300 PH 2013-07-07 0812 OK7MM         61  JN79JW JN79JW OK7MM         SSB OK1OPT 59 
QSO: 144300 PH 2013-07-07 0830 OK7MM         63  JN79JW JN79JW OK7MM         SSB OK1TVL 59 
QSO: 144300 PH 2013-07-07 0857 OK7MM         68  JN79JW JN79JW OK7MM         SSB DG0CC 59  
QSO: 144300 PH 2013-07-07 1116 OK7MM         71  JN79JW JN79JW OK7MM         CW  S59R 599  
QSO: 144300 PH 2013-07-07 1135 OK7MM         72  JN79JW JN79JW OK7MM         SSB DQ7A 59   
QSO: 144300 PH 2013-07-07 1150 OK7MM         74  JN79JW JN79JW OK7MM         CW  OL7S 599  
QSO: 144300 PH 2013-07-07 0513 OK7MM         207 JN79JW JN79JW OK7MM         CW  9A2L 599  
END-OF-LOG:
