START-OF-LOG: 3.0
CREATED-BY: vhfmanager-downloader
CONTEST: ZRS julijsko UKV tekmovanje - Official results - VHFManager
CALLSIGN: PA0EMO
CATEGORY: 145 MHz - Generated log
CATEGORY-OPERATOR: SINGLE-OP
CATEGORY-ASSISTED: NON-ASSISTED
CATEGORY-TRANSMITTER: ONE
CATEGORY-STATION: FIXED
QSO: 144300 PH 2013-07-06 1424 PA0EMO        4   JO23TE JO23TE PA0EMO        SSB F6KCP/P 59
QSO: 144300 PH 2013-07-06 1427 PA0EMO        5   JO23TE JO23TE PA0EMO        SSB TM02REF 59
QSO: 144300 PH 2013-07-06 1454 PA0EMO        8   JO23TE JO23TE PA0EMO        SSB TM7G 59   
QSO: 144300 PH 2013-07-06 1516 PA0EMO        10  JO23TE JO23TE PA0EMO        SSB DL0BA 59  
QSO: 144300 PH 2013-07-06 1522 PA0EMO        11  JO23TE JO23TE PA0EMO        SSB DJ7R 59   
QSO: 144300 PH 2013-07-06 1531 PA0EMO        13  JO23TE JO23TE PA0EMO        SSB EA2DR/1 59
QSO: 144300 PH 2013-07-06 1628 PA0EMO        16  JO23TE JO23TE PA0EMO        SSB DF0MTL 59 
QSO: 144300 PH 2013-07-06 1715 PA0EMO        17  JO23TE JO23TE PA0EMO        SSB DR2X 59   
QSO: 144300 PH 2013-07-06 1826 PA0EMO        23  JO23TE JO23TE PA0EMO        SSB F6FZS/P 59
QSO: 144300 PH 2013-07-06 2015 PA0EMO        28  JO23TE JO23TE PA0EMO        SSB DG6QF 59  
QSO: 144300 PH 2013-07-06 2020 PA0EMO        28  JO23TE JO23TE PA0EMO        SSB DR4M 59   
QSO: 144300 PH 2013-07-06 2025 PA0EMO        31  JO23TE JO23TE PA0EMO        SSB DF0XX 59  
QSO: 144300 PH 2013-07-06 2031 PA0EMO        32  JO23TE JO23TE PA0EMO        SSB DC6BB 59  
QSO: 144300 PH 2013-07-06 2052 PA0EMO        34  JO23TE JO23TE PA0EMO        SSB DK0PU 59  
QSO: 144300 PH 2013-07-06 2054 PA0EMO        35  JO23TE JO23TE PA0EMO        SSB DL4EBA 59 
QSO: 144300 PH 2013-07-06 2055 PA0EMO        36  JO23TE JO23TE PA0EMO        SSB DL5DBT 59 
QSO: 144300 PH 2013-07-06 2057 PA0EMO        37  JO23TE JO23TE PA0EMO        SSB DD7EQ 59  
QSO: 144300 PH 2013-07-06 2102 PA0EMO        38  JO23TE JO23TE PA0EMO        SSB DK0OA 59  
QSO: 144300 PH 2013-07-06 2110 PA0EMO        40  JO23TE JO23TE PA0EMO        SSB DF0MU 59  
QSO: 144300 PH 2013-07-06 2113 PA0EMO        41  JO23TE JO23TE PA0EMO        SSB DK0SM 59  
QSO: 144300 PH 2013-07-06 2115 PA0EMO        42  JO23TE JO23TE PA0EMO        SSB DH1HB 59  
QSO: 144300 PH 2013-07-06 2118 PA0EMO        43  JO23TE JO23TE PA0EMO        SSB DJ6OL 59  
QSO: 144300 PH 2013-07-06 2119 PA0EMO        44  JO23TE JO23TE PA0EMO        SSB DL7DZ 59  
QSO: 144300 PH 2013-07-06 2121 PA0EMO        45  JO23TE JO23TE PA0EMO        SSB DL0LN 59  
QSO: 144300 PH 2013-07-06 2126 PA0EMO        46  JO23TE JO23TE PA0EMO        SSB DL0GTH 59 
QSO: 144300 PH 2013-07-06 2148 PA0EMO        49  JO23TE JO23TE PA0EMO        SSB DP5P 59   
QSO: 144300 PH 2013-07-06 2222 PA0EMO        53  JO23TE JO23TE PA0EMO        SSB DL0YLN 59 
QSO: 144300 PH 2013-07-06 2228 PA0EMO        55  JO23TE JO23TE PA0EMO        SSB DD1OP 59  
QSO: 144300 PH 2013-07-06 2245 PA0EMO        58  JO23TE JO23TE PA0EMO        SSB DK2YCT 59 
QSO: 144300 PH 2013-07-07 0629 PA0EMO        64  JO23TE JO23TE PA0EMO        SSB DG3EX 59  
QSO: 144300 PH 2013-07-06 2241 PA0EMO        65  JO23TE JO23TE PA0EMO        SSB DJ2JS 59  
QSO: 144300 PH 2013-07-07 0638 PA0EMO        66  JO23TE JO23TE PA0EMO        SSB PD1B 59   
QSO: 144300 PH 2013-07-07 0640 PA0EMO        67  JO23TE JO23TE PA0EMO        SSB DO9PL 59  
QSO: 144300 PH 2013-07-07 0641 PA0EMO        68  JO23TE JO23TE PA0EMO        SSB DL0HTW 59 
QSO: 144300 PH 2013-07-07 0638 PA0EMO        69  JO23TE JO23TE PA0EMO        SSB OK1KAD 59 
QSO: 144300 PH 2013-07-07 0643 PA0EMO        69  JO23TE JO23TE PA0EMO        SSB OK5Z 59   
QSO: 144300 PH 2013-07-07 0648 PA0EMO        71  JO23TE JO23TE PA0EMO        SSB DL0CS 59  
QSO: 144300 PH 2013-07-07 0821 PA0EMO        73  JO23TE JO23TE PA0EMO        SSB DF0CI 59  
QSO: 144300 PH 2013-07-07 0835 PA0EMO        74  JO23TE JO23TE PA0EMO        SSB OL4W 59   
QSO: 144300 PH 2013-07-07 0837 PA0EMO        75  JO23TE JO23TE PA0EMO        SSB OK1KRY 59 
QSO: 144300 PH 2013-07-07 0842 PA0EMO        76  JO23TE JO23TE PA0EMO        SSB OK2WT 59  
QSO: 144300 PH 2013-07-07 0844 PA0EMO        77  JO23TE JO23TE PA0EMO        SSB DL0SN 59  
QSO: 144300 PH 2013-07-07 0847 PA0EMO        78  JO23TE JO23TE PA0EMO        SSB DC1NNN 59 
QSO: 144300 PH 2013-07-07 0848 PA0EMO        79  JO23TE JO23TE PA0EMO        SSB DL1DBR 59 
QSO: 144300 PH 2013-07-07 0948 PA0EMO        89  JO23TE JO23TE PA0EMO        SSB DK0BN 59  
QSO: 144300 PH 2013-07-07 0950 PA0EMO        90  JO23TE JO23TE PA0EMO        SSB DL0STO 59 
QSO: 144300 PH 2013-07-07 0954 PA0EMO        91  JO23TE JO23TE PA0EMO        SSB DQ7A 59   
QSO: 144300 PH 2013-07-07 1057 PA0EMO        95  JO23TE JO23TE PA0EMO        SSB PA1TK 59  
QSO: 144300 PH 2013-07-07 1116 PA0EMO        97  JO23TE JO23TE PA0EMO        SSB DH1PAL 55 
QSO: 144300 PH 2013-07-07 1124 PA0EMO        98  JO23TE JO23TE PA0EMO        SSB DC2TL 59  
QSO: 144300 PH 2013-07-07 1136 PA0EMO        100 JO23TE JO23TE PA0EMO        SSB DO1PCD 59 
QSO: 144300 PH 2013-07-07 1139 PA0EMO        102 JO23TE JO23TE PA0EMO        SSB DF2AJ 59  
QSO: 144300 PH 2013-07-07 1144 PA0EMO        105 JO23TE JO23TE PA0EMO        SSB DH1NFL 59 
QSO: 144300 PH 2013-07-07 1146 PA0EMO        106 JO23TE JO23TE PA0EMO        SSB DF9FD 59  
QSO: 144300 PH 2013-07-07 1147 PA0EMO        107 JO23TE JO23TE PA0EMO        SSB DO8CW/P 59
QSO: 144300 PH 2013-07-07 1151 PA0EMO        108 JO23TE JO23TE PA0EMO        SSB PA0FEI 59 
QSO: 144300 PH 2013-07-07 1221 PA0EMO        113 JO23TE JO23TE PA0EMO        SSB DR5T 59   
QSO: 144300 PH 2013-07-07 1329 PA0EMO        120 JO23TE JO23TE PA0EMO        SSB DL2HSX 59 
END-OF-LOG:
