START-OF-LOG: 3.0
CREATED-BY: reconstructed-log-builder
CONTEST: WW-DIGI
CALLSIGN: N0AV
LOCATION: 
CATEGORY: CHECKLOG
CATEGORY-OPERATOR: SINGLE-OP
CATEGORY-BAND: ALL
CATEGORY-MODE: MIXED
CATEGORY-POWER: UNKNOWN
CATEGORY-ASSISTED: NON-ASSISTED
CATEGORY-TRANSMITTER: ONE
CATEGORY-STATION: UNKNOWN
CATEGORY-OVERLAY: 
OPERATORS: N0AV
CLAIMED-SCORE: 
CLUB: 
NAME: 
SOAPBOX: RECONSTRUCTED MOCKUP LOG - NOT AN OFFICIAL SUBMISSION.
SOAPBOX: Derived from submitted logs for WW-DIGI WWDIGI/2019.
QSO: 14081 DG 2019-08-31 1221 N0AV          EN32 ZW5B          GG54
QSO: 14082 DG 2019-08-31 1222 N0AV          EN32 VP8LP         GD18
QSO: 14081 DG 2019-08-31 1224 N0AV          EN32 CX3AL         GF15
QSO: 14081 DG 2019-08-31 1225 N0AV          EN32 CO8IH         FL20
QSO: 14080 DG 2019-08-31 1226 N0AV          EN32 AA5AU         EL49
QSO: 14082 DG 2019-08-31 1226 N0AV          EN32 CX7BBR        GF15
QSO: 14081 DG 2019-08-31 1228 N0AV          EN32 W3IK          EL87
QSO: 14081 DG 2019-08-31 1230 N0AV          ZZ00 KM4CQG        EL87
QSO: 14081 DG 2019-08-31 1231 N0AV          ZZ00 KM4CQG        EL87
QSO: 14082 DG 2019-08-31 1232 N0AV          EN32 KK4HEG        EM95
QSO: 14080 DG 2019-08-31 1236 N0AV          EN32 K5ZD          FN42
QSO: 14082 DG 2019-08-31 1239 N0AV          EN32 N4YDU         FM06
QSO: 14080 DG 2019-08-31 1305 N0AV          EN32 LX7I          JN29
QSO: 14081 DG 2019-08-31 1311 N0AV          EN32 K5JAZ         EM32
QSO: 14081 DG 2019-08-31 1311 N0AV          EN32 0 N5YHF         EM10
QSO: 14081 DG 2019-08-31 1315 N0AV          EN32 NA3M          FM19
QSO: 14081 DG 2019-08-31 1315 N0AV          EN32 1 W3YA          FN10
QSO: 14081 DG 2019-08-31 1317 N0AV          EN32 NT0K          EM85
QSO: 14081 DG 2019-08-31 1322 N0AV          EN32 4A2MAX        DL95
QSO: 14080 DG 2019-08-31 1323 N0AV          EN32 0 NA5NN         EM50
QSO: 14082 DG 2019-08-31 1325 N0AV          EN32 N3QE          FM19
QSO: 14081 DG 2019-08-31 1406 N0AV          EN32 W3RGA         FN10
QSO: 14082 DG 2019-08-31 1408 N0AV          EN32 W2HUV         FM29
QSO: 14082 DG 2019-08-31 1409 N0AV          EN32 VE2PI         FN46
QSO: 14080 DG 2019-08-31 1410 N0AV          EN32 K1HTV         FM18
QSO: 14080 DG 2019-08-31 1507 N0AV          EN32 K1BZ          FM19
QSO: 14083 DG 2019-08-31 1516 N0AV          EN32 CT1ILT        IN50
QSO: 14082 DG 2019-08-31 1849 N0AV          EN32 WU9B          DM43
QSO: 14082 DG 2019-08-31 1850 N0AV          EN32 NA2NY         FN33
QSO: 14083 DG 2019-08-31 1851 N0AV          EN32 N2LO          FN20
QSO: 14081 DG 2019-08-31 1852 N0AV          EN32 KE5CDE        EM10
QSO: 14080 DG 2019-08-31 1854 N0AV          EN32 NU1T          FN42
QSO: 14082 DG 2019-08-31 1855 N0AV          EN32 K6TQ          CM98
QSO: 14082 DG 2019-08-31 1858 N0AV          EN32 K6XN          CM87
QSO: 14080 DG 2019-08-31 1859 N0AV          EN32 KH6TU         BL10
QSO: 14082 DG 2019-08-31 1900 N0AV          EN32 0 EA6VQ         JM19
QSO: 14082 DG 2019-08-31 1901 N0AV          EN32 VE2CSM        FN46
QSO: 14083 DG 2019-08-31 1902 N0AV          EN32 KN0W          CN88
QSO: 14082 DG 2019-08-31 2008 N0AV          EN32 NG7M          DN31
QSO: 14081 DG 2019-08-31 2009 N0AV          EN32 N4BP          EL96
QSO: 14082 DG 2019-08-31 2009 N0AV          EN32 KA6BIM        CN73
QSO: 14080 DG 2019-08-31 2010 N0AV          EN32 KF7F          DM37
QSO: 14082 DG 2019-08-31 2011 N0AV          EN32 K1JT          FN20
QSO: 14082 DG 2019-08-31 2011 N0AV          EN32 K1JT          FN20
QSO: 14083 DG 2019-08-31 2012 N0AV          EN32 KM4SII        EM96
QSO: 14082 DG 2019-08-31 2013 N0AV          EN32 0 W1OP          FN41
QSO: 14083 DG 2019-08-31 2013 N0AV          EN32 HB9DDO        JN47
QSO: 14083 DG 2019-08-31 2015 N0AV          EN32 N7NM          CN87
QSO: 14080 DG 2019-08-31 2016 N0AV          EN32 0 W3KB          FN10
QSO: 14083 DG 2019-08-31 2017 N0AV          EN32 W7CD          CN87
QSO: 14082 DG 2019-08-31 2021 N0AV          EN32 W7DRM         CN87
QSO: 14080 DG 2019-08-31 2031 N0AV          EN32 0 P33W          KM65
QSO: 14082 DG 2019-08-31 2033 N0AV          EN32 0 K3UA          EN90
QSO: 14081 DG 2019-08-31 2035 N0AV          EN32 W1RM          FN31
QSO: 14079 DG 2019-08-31 2036 N0AV          EN32 NN7SS         CN87
QSO: 14080 DG 2019-08-31 2036 N0AV          EN32 K6SRZ         CM88
QSO: 14080 DG 2019-08-31 2037 N0AV          EN32 N6EE          FN22
QSO: 14082 DG 2019-08-31 2037 N0AV          EN32 KB7AK         CN85
QSO: 14082 DG 2019-08-31 2038 N0AV          EN32 KU7T          CN97
QSO: 14082 DG 2019-08-31 2039 N0AV          EN32 W7EW          CN84
QSO: 14083 DG 2019-08-31 2048 N0AV          EN32 KH6KR         BL10
QSO: 14082 DG 2019-08-31 2211 N0AV          EN32 KG5RJ         EM12
QSO: 14082 DG 2019-08-31 2212 N0AV          EN32 N4IQ          EM84
QSO: 14082 DG 2019-08-31 2212 N0AV          EN32 OA4DOS        FH17
QSO: 14082 DG 2019-08-31 2214 N0AV          EN32 K5HDU         EL29
QSO: 14082 DG 2019-08-31 2215 N0AV          EN32 LU8EKC        GF05
QSO: 14082 DG 2019-08-31 2216 N0AV          EN32 K6MM          CM87
QSO: 14082 DG 2019-08-31 2218 N0AV          EN32 W7TZ          CN83
QSO: 14081 DG 2019-08-31 2219 N0AV          EN32 ZL1ANH        RF64
QSO: 14082 DG 2019-08-31 2222 N0AV          EN32 K4WRX         EL87
QSO: 14080 DG 2019-08-31 2224 N0AV          EN32 0 AA2IL         DM12
QSO: 14081 DG 2019-08-31 2226 N0AV          EN32 NV6D          CN80
QSO: 14081 DG 2019-08-31 2229 N0AV          EN32 BD2RJ         PM19
QSO: 14082 DG 2019-08-31 2230 N0AV          EN32 JA6BZI        PM53
QSO: 14081 DG 2019-08-31 2240 N0AV          EN32 NW6P          CM87
QSO: 14082 DG 2019-08-31 2240 N0AV          EN32 XE1EE         DL90
QSO: 14080 DG 2019-08-31 2241 N0AV          EN32 K6TD          CM97
QSO: 14083 DG 2019-08-31 2241 N0AV          EN32 W6SX          DM07
QSO: 14082 DG 2019-08-31 2243 N0AV          EN32 0 AE6JV         CM97
QSO: 14081 DG 2019-08-31 2246 N0AV          EN32 N6QQ          DM03
QSO: 14082 DG 2019-08-31 2247 N0AV          EN32 KN5S          EL09
QSO: 14083 DG 2019-08-31 2247 N0AV          EN32 WS7V          DN06
QSO: 14083 DG 2019-08-31 2252 N0AV          EN32 YW1K          FJ49
QSO: 14081 DG 2019-09-01 1130 N0AV          EN32 0 NC4RY         FM05
QSO: 14080 DG 2019-09-01 1137 N0AV          EN32 WB8JUI        EN81
QSO: 14081 DG 2019-09-01 1140 N0AV          EN32 0 W8KVK         EM89
QSO: 14082 DG 2019-09-01 1158 N0AV          EN32 WQ5C          EL09
END-OF-LOG:
