START-OF-LOG: 3.0
CREATED-BY: vhfmanager-downloader
CONTEST: ALPE ADRIA UHF SHF - Unofficial results - VHFManager
CALLSIGN: 9A2SB
CATEGORY: 435 MHz - checklog
CATEGORY-OPERATOR: SINGLE-OP
CATEGORY-ASSISTED: NON-ASSISTED
CATEGORY-TRANSMITTER: ONE
CATEGORY-STATION: FIXED
QSO: 435000 PH 2015-06-21 0732 9A2SB         59  1 JN95GM   S51ZO         59  20 JN86DR 
QSO: 435000 PH 2015-06-21 0801 9A2SB         59  2 JN95GM   S59DGO        59  41 JN75FO 
QSO: 435000 PH 2015-06-21 0842 9A2SB         59  3 JN95GM   S57Q          59  42 JN76PB 
QSO: 435000 CW 2015-06-21 0907 9A2SB         599 4 JN95GM   OE5D          559 16 JN68PC 
QSO: 435000 CW 2015-06-21 0910 9A2SB         599 5 JN95GM   9A8D          599 14 JN95LM 
QSO: 435000 CW 2015-06-21 0918 9A2SB         599 6 JN95GM   S57LM         599 24 JN76HD 
QSO: 435000 PH 2015-06-21 0943 9A2SB         59  7 JN95GM   OE8FNK/8      59  19 JN66RS 
QSO: 435000 PH 2015-06-21 1110 9A2SB         59  8 JN95GM   9A1CEQ        59  11 JN85ER 
QSO: 435000 PH 2015-06-21 1257 9A2SB         59  9 JN95GM   9A4VM         59  21 JN85FS 
QSO: 435000 PH 2015-06-21 1328 9A2SB         59  10 JN95GM  S59P          59  43 JN86AO 
QSO: 435000 CW 2015-06-21 1331 9A2SB         599 11 JN95GM  OK2KKW        599 55 JO70FD 
QSO: 435000 PH 2015-06-21 1414 9A2SB         59  12 JN95GM  9A1CMS        59  44 JN86DM 
QSO: 435000 PH 2015-06-21 1415 9A2SB         59  13 JN95GM  YU1LA         59  41 KN04FR 
END-OF-LOG:
