START-OF-LOG: 3.0
CONTEST: CQ-WPX-RTTY
CALLSIGN: YB7LTE
LOCATION: DX
CATEGORY-OPERATOR: SINGLE-OP
CATEGORY-ASSISTED: NON-ASSISTED
CATEGORY-BAND: 20M
CATEGORY-POWER: LOW
CATEGORY-MODE: RTTY
CATEGORY-TRANSMITTER: ONE
CATEGORY-STATION: FIXED
CATEGORY-OVERLAY:
GRID-LOCATOR: OI76GQ
CLAIMED-SCORE: 570
NAME: DODI HERTANTO
OPERATORS: YB7LTE
CLUB: ODKS DX CLUB
CREATED-BY: N1MM Logger+ 1.0.11052.0
QSO:   14000 RY 2026-02-14 1002 YB7LTE           599 0001  YB8EAR           599  0079     
QSO:   14000 RY 2026-02-14 1003 YB7LTE           599 0002  YB4KAR           599  0111     
QSO:   14000 RY 2026-02-14 1231 YB7LTE           599 0003  JR4VEV           599  0141     
QSO:   14000 RY 2026-02-14 1302 YB7LTE           599 0004  SN2M             599  0410     
QSO:   14000 RY 2026-02-14 1303 YB7LTE           599 0005  YB9ELS           599  0286     
QSO:   14000 RY 2026-02-14 1309 YB7LTE           599 0006  IK2YCW           599  0269     
QSO:   14000 RY 2026-02-14 1313 YB7LTE           599 0007  DA0BCC           599  0322     
QSO:   14000 RY 2026-02-15 0934 YB7LTE           599 0008  VK4SN            599  0994     
QSO:   14000 RY 2026-02-15 1124 YB7LTE           599 0009  BG5JKZ           599  0553     
QSO:   14000 RY 2026-02-15 1144 YB7LTE           599 0010  JH1CTV           599  0039     
QSO:   14000 RY 2026-02-15 1147 YB7LTE           599 0011  JH2UNG           599  0097     
QSO:   14000 RY 2026-02-15 1148 YB7LTE           599 0012  JE2BOM           599  0123     
QSO:   14000 RY 2026-02-15 1152 YB7LTE           599 0013  JE1LFX           599  0785     
QSO:   14000 RY 2026-02-15 1155 YB7LTE           599 0014  YB4ECU           599  0150     
QSO:   14000 RY 2026-02-15 1348 YB7LTE           599 0015  A71MM            599  0187     
QSO:   14000 RY 2026-02-15 2237 YB7LTE           599 0016  DU3DG            599  0126     
END-OF-LOG:
