START-OF-LOG: 3.0
CREATED-BY: reconstructed-log-builder
CONTEST: 9A-CW
CALLSIGN: HG0YOTA
LOCATION: 
CATEGORY: CHECKLOG
CATEGORY-OPERATOR: SINGLE-OP
CATEGORY-BAND: ALL
CATEGORY-MODE: MIXED
CATEGORY-POWER: UNKNOWN
CATEGORY-ASSISTED: NON-ASSISTED
CATEGORY-TRANSMITTER: ONE
CATEGORY-STATION: UNKNOWN
CATEGORY-OVERLAY: 
OPERATORS: HG0YOTA
CLAIMED-SCORE: 
CLUB: 
NAME: 
SOAPBOX: RECONSTRUCTED MOCKUP LOG - NOT AN OFFICIAL SUBMISSION.
SOAPBOX: Derived from submitted logs for 9A-CW 9A_HRS_Contest/Croatian_CW_Contest/2022.
QSO: 03555 CW 2022-12-17 2038 HG0YOTA       599 0001 EU 9A6A          599 0307
QSO: 03554 CW 2022-12-17 2042 HG0YOTA       599 0011 EU UW1M          599 0613
QSO: 03555 CW 2022-12-17 2047 HG0YOTA       599 0001 EU YO5AVN        599 0247
QSO: 03526 CW 2022-12-17 2129 HG0YOTA       599 0599 EU SM2M          599 0594
QSO: 03526 CW 2022-12-17 2132 HG0YOTA       599 0001 EU OQ5M          599 0333
QSO: 03526 CW 2022-12-17 2132 HG0YOTA       599 0001 EU YO3GCL        599 0083
QSO: 03526 CW 2022-12-17 2136 HG0YOTA       599 2345 EU SP4G          599 0208
QSO: 03526 CW 2022-12-17 2139 HG0YOTA       599 0001 EU 9A3MA         599 0190
QSO: 03526 CW 2022-12-17 2144 HG0YOTA       599 0000 EU 9A7V          599 0884
QSO: 03500 CW 2022-12-17 2156 HG0YOTA       599 0000 EU YU1YV         599 0224
END-OF-LOG:
