START-OF-LOG: 3.0
CREATED-BY: vhfmanager-downloader
CONTEST: ZRS majsko UKV tekmovanje - Official results - VHFManager
CALLSIGN: DG1OJ
CATEGORY: 145 MHz - checklog
CATEGORY-OPERATOR: SINGLE-OP
CATEGORY-ASSISTED: NON-ASSISTED
CATEGORY-TRANSMITTER: ONE
CATEGORY-STATION: FIXED
QSO: 144300 PH 2016-05-07 1419 DG1OJ         59  1 JO52DS   DF0TX         59  29 JO51HT 
QSO: 144300 PH 2016-05-07 1423 DG1OJ         55  2 JO52DS   DH1GAP        59  27 JN47LU 
QSO: 144300 PH 2016-05-07 1424 DG1OJ         59  3 JO52DS   DA2T          59  21 JO41QW 
QSO: 144100 CW 2016-05-07 1426 DG1OJ         59  4 JO52DS   OE5BGN/P      589 42 JN88WS 
QSO: 144300 PH 2016-05-07 1428 DG1OJ         59  5 JO52DS   DQ7A          59  33 JN59RJ 
QSO: 144300 PH 2016-05-07 1446 DG1OJ         59  6 JO52DS   DM5C          59  34 JO42RG 
QSO: 144300 PH 2016-05-07 1448 DG1OJ         59  7 JO52DS   DF0FA         59  42 JO73CF 
QSO: 144300 PH 2016-05-07 1451 DG1OJ         59  8 JO52DS   DL0WF         59  40 JO62XR 
QSO: 144300 PH 2016-05-07 1455 DG1OJ         59  9 JO52DS   OK7O          59  91 JN69OU 
QSO: 144300 PH 2016-05-07 1458 DG1OJ         59  10 JO52DS  OL1C          59  60 JO60UQ 
QSO: 144300 PH 2016-05-07 1500 DG1OJ         59  11 JO52DS  OL7C          59  48 JO60JJ 
QSO: 144300 PH 2016-05-07 1509 DG1OJ         59  12 JO52DS  F6KFH         59  30 JN39OC 
QSO: 144300 PH 2016-05-07 1512 DG1OJ         59  13 JO52DS  DL0HTW        59  75 JO60QU 
QSO: 144300 PH 2016-05-07 1513 DG1OJ         59  14 JO52DS  OL3Y          59  61 JN69JJ 
QSO: 144300 PH 2016-05-07 1517 DG1OJ         59  15 JO52DS  DL0GTH        59  75 JO50JP 
QSO: 144300 PH 2016-05-07 1519 DG1OJ         59  16 JO52DS  DL2CC         59  87 JN48WM 
QSO: 144300 PH 2016-05-07 1524 DG1OJ         59  17 JO52DS  DL6IAK        59  112 JN48IX
QSO: 144300 PH 2016-05-07 1526 DG1OJ         59  18 JO52DS  DJ6OL         59  21 JO52AP 
QSO: 144300 PH 2016-05-07 1534 DG1OJ         59  19 JO52DS  DF0RW         59  94 JO31GG 
QSO: 144300 PH 2016-05-07 1535 DG1OJ         59  20 JO52DS  DK2CK         59  27 JO42CG 
QSO: 144300 PH 2016-05-07 1539 DG1OJ         59  21 JO52DS  DR2X          59  130 JO40QL
QSO: 144300 PH 2016-05-07 1541 DG1OJ         59  22 JO52DS  DJ3HW         59  52 JO42NC 
QSO: 144300 PH 2016-05-07 1552 DG1OJ         59  23 JO52DS  DL2MF         59  10 JO52DP 
QSO: 144300 PH 2016-05-07 1555 DG1OJ         59  24 JO52DS  DK0HB         59  30 JO43KA 
QSO: 144300 PH 2016-05-07 1559 DG1OJ         59  25 JO52DS  DG0CPG        59  13 JO51TU 
QSO: 144300 PH 2016-05-07 1600 DG1OJ         59  26 JO52DS  DG6ME         59  25 JO51KV 
QSO: 144300 PH 2016-05-07 1604 DG1OJ         59  27 JO52DS  DO6EBB/P      59  16 JO61XU 
QSO: 144300 PH 2016-05-07 1606 DG1OJ         59  28 JO52DS  DL2BQB        59  20 JO52TC 
QSO: 144300 PH 2016-05-07 1607 DG1OJ         59  29 JO52DS  DL3LA         59  48 JO51TK 
QSO: 144300 PH 2016-05-07 1609 DG1OJ         59  30 JO52DS  DF0XG         59  56 JO51KW 
QSO: 144300 PH 2016-05-07 1610 DG1OJ         59  31 JO52DS  DM3D          59  43 JO62IH 
QSO: 144300 PH 2016-05-07 1619 DG1OJ         59  32 JO52DS  DD6UBC        59  9 JO62SM  
QSO: 144300 PH 2016-05-07 1620 DG1OJ         59  33 JO52DS  DD6UAA        59  8 JO62SM  
QSO: 144300 PH 2016-05-07 1621 DG1OJ         59  34 JO52DS  DL7ULM/P      59  54 JO62MS 
QSO: 144300 PH 2016-05-07 1623 DG1OJ         55  35 JO52DS  SP3JUN        59  2 JO72SV  
QSO: 144300 PH 2016-05-07 1625 DG1OJ         59  36 JO52DS  DM4EE         59  9 JO64KE  
QSO: 144300 PH 2016-05-07 1631 DG1OJ         59  37 JO52DS  DL7AT         59  36 JO53CL 
QSO: 144300 PH 2016-05-07 1633 DG1OJ         59  38 JO52DS  DK2LB         59  46 JO53LQ 
QSO: 144300 PH 2016-05-07 1634 DG1OJ         59  39 JO52DS  DF3XZ         59  27 JO53AP 
QSO: 144300 PH 2016-05-07 1635 DG1OJ         59  40 JO52DS  DF8HS         59  6 JO53DP  
QSO: 144300 PH 2016-05-07 1636 DG1OJ         59  41 JO52DS  DF5KK         59  4 JO54BI  
QSO: 144300 PH 2016-05-07 1638 DG1OJ         59  42 JO52DS  DJ9FC         59  16 JO54HC 
QSO: 144300 PH 2016-05-07 1646 DG1OJ         59  43 JO52DS  DK0TEU        59  53 JO43OS 
QSO: 144300 PH 2016-05-07 1651 DG1OJ         59  44 JO52DS  DF0YY         59  88 JO62GD 
QSO: 144300 PH 2016-05-07 1654 DG1OJ         59  45 JO52DS  SN6J          59  57 JO70VX 
QSO: 144300 PH 2016-05-07 1706 DG1OJ         59  46 JO52DS  OK1ODC        59  88 JO60WR 
QSO: 144300 PH 2016-05-07 1708 DG1OJ         59  47 JO52DS  OM3W          59  190 JN99CH
QSO: 144300 PH 2016-05-07 1709 DG1OJ         59  48 JO52DS  DF0GEB        59  141 JO51EK
QSO: 144300 PH 2016-05-07 1712 DG1OJ         59  49 JO52DS  OK1KQH        59  155 JN79GO
QSO: 144300 PH 2016-05-07 1715 DG1OJ         59  50 JO52DS  DK5NJ         59  173 JO50VJ
QSO: 144300 PH 2016-05-07 1717 DG1OJ         59  51 JO52DS  OL4A          59  159 JO60RN
QSO: 144300 PH 2016-05-07 1721 DG1OJ         59  52 JO52DS  DF0MU         59  198 JO32PC
QSO: 144300 PH 2016-05-07 1726 DG1OJ         59  53 JO52DS  DF0AP         55  69 JN39IG 
QSO: 144300 PH 2016-05-07 1733 DG1OJ         59  54 JO52DS  DL0GL         59  89 JO31KP 
QSO: 144300 PH 2016-05-07 1737 DG1OJ         59  55 JO52DS  DR5F          59  16 JO52CG 
QSO: 144300 PH 2016-05-07 1747 DG1OJ         59  56 JO52DS  DL6RAI/P      59  30 JN57LQ 
QSO: 144300 PH 2016-05-07 1748 DG1OJ         59  57 JO52DS  HB9EFK        59  240 JN47PH
QSO: 144300 PH 2016-05-07 1753 DG1OJ         59  58 JO52DS  DA0FF         59  359 JO40XL
QSO: 144300 PH 2016-05-07 1757 DG1OJ         59  59 JO52DS  DL3WP         59  81 JN48NI 
QSO: 144300 PH 2016-05-07 1801 DG1OJ         59  60 JO52DS  DF0CI         59  198 JO51CH
QSO: 144300 PH 2016-05-07 1803 DG1OJ         59  61 JO52DS  TM2F          59  153 JN19PG
QSO: 144300 PH 2016-05-07 1806 DG1OJ         59  62 JO52DS  PA5Y          59  100 JO21VO
QSO: 144300 PH 2016-05-07 1812 DG1OJ         59  63 JO52DS  DL4EBA        59  35 JO31MG 
QSO: 144300 PH 2016-05-07 1814 DG1OJ         59  64 JO52DS  DL0HB         59  75 JO53KB 
QSO: 144300 PH 2016-05-07 1818 DG1OJ         59  65 JO52DS  DL0LN         59  118 JO31QX
QSO: 144300 PH 2016-05-07 1822 DG1OJ         59  66 JO52DS  DL4YDR        59  10 JO32RG 
QSO: 144300 PH 2016-05-07 1822 DG1OJ         59  67 JO52DS  DK0ZB         59  59 JO42ID 
QSO: 144300 PH 2016-05-07 1828 DG1OJ         59  68 JO52DS  DB1BAC        59  41 JO43FB 
QSO: 144300 PH 2016-05-07 1830 DG1OJ         59  69 JO52DS  PA3CG         59  24 JO32AA 
QSO: 144300 PH 2016-05-07 1832 DG1OJ         59  70 JO52DS  PA3HFJ        59  30 JO11VL 
QSO: 144300 PH 2016-05-07 1833 DG1OJ         59  71 JO52DS  ON4AIQ        59  2 JO10VW  
QSO: 144300 PH 2016-05-07 1841 DG1OJ         59  72 JO52DS  DJ7R          59  190 JN59UK
QSO: 144300 PH 2016-05-07 1844 DG1OJ         59  73 JO52DS  HB9GF         59  179 JN37WB
QSO: 144300 PH 2016-05-07 1929 DG1OJ         59  74 JO52DS  OK6R          59  132 JN79OW
QSO: 144300 PH 2016-05-07 1933 DG1OJ         59  75 JO52DS  DL0HEU        59  143 JN47ET
QSO: 144300 PH 2016-05-07 1945 DG1OJ         59  76 JO52DS  DF8OI         59  5 JO52BP  
QSO: 144300 PH 2016-05-07 1948 DG1OJ         59  77 JO52DS  DJ3JD         59  22 JO52FD 
QSO: 144300 PH 2016-05-07 1949 DG1OJ         59  78 JO52DS  DL0D/P        59  48 JO62QO 
QSO: 144300 PH 2016-05-07 1955 DG1OJ         59  79 JO52DS  DG4OP         59  16 JO52BP 
QSO: 144300 PH 2016-05-07 2006 DG1OJ         59  80 JO52DS  DG8LG         59  60 JO44VP 
QSO: 144300 PH 2016-05-07 2007 DG1OJ         59  81 JO52DS  DL8AAV        59  83 JO52DH 
QSO: 144300 PH 2016-05-07 2008 DG1OJ         59  82 JO52DS  DL5XAT        59  60 JO53AN 
QSO: 144300 PH 2016-05-07 2009 DG1OJ         59  83 JO52DS  DK9HE         59  29 JO53BI 
QSO: 144300 PH 2016-05-07 2011 DG1OJ         59  84 JO52DS  DL4HG         59  26 JO53CM 
QSO: 144300 PH 2016-05-07 2013 DG1OJ         59  85 JO52DS  DL2BJB        59  33 JO42PT 
QSO: 144300 PH 2016-05-07 2015 DG1OJ         59  86 JO52DS  DB4XN         57  3 JO43XQ  
QSO: 144300 PH 2016-05-07 2018 DG1OJ         59  87 JO52DS  DG7LAZ        59  3 JO43UR  
QSO: 144300 PH 2016-05-07 2022 DG1OJ         59  88 JO52DS  OV3T          55  13 JO46RG 
QSO: 144300 PH 2016-05-07 2024 DG1OJ         59  89 JO52DS  DL1XAS        59  19 JO43UM 
QSO: 144300 PH 2016-05-07 2026 DG1OJ         59  90 JO52DS  DF7LS         55  2 JO54AB  
QSO: 144300 PH 2016-05-07 2028 DG1OJ         59  91 JO52DS  DO8LAZ/P      59  1 JO44SR  
QSO: 144300 PH 2016-05-07 2029 DG1OJ         59  92 JO52DS  DL2NC         59  5 JO42XK  
QSO: 144300 PH 2016-05-07 2039 DG1OJ         59  93 JO52DS  PE1GUR        59  11 JO22TH 
QSO: 144300 PH 2016-05-07 2041 DG1OJ         59  94 JO52DS  PH4X          59  8 JO22QE  
QSO: 144300 PH 2016-05-07 2042 DG1OJ         59  95 JO52DS  DG9BAS        59  38 JO43NA 
QSO: 144300 PH 2016-05-07 2044 DG1OJ         59  96 JO52DS  ON4WY         59  40 JO11LC 
QSO: 144300 PH 2016-05-07 2048 DG1OJ         59  97 JO52DS  DD7EQ         59  87 JO31IG 
QSO: 144300 PH 2016-05-07 2050 DG1OJ         59  98 JO52DS  ON4PS         59  16 JO20KQ 
QSO: 144300 PH 2016-05-07 2052 DG1OJ         59  99 JO52DS  DO4MTB/P      59  28 JO41PU 
QSO: 144300 PH 2016-05-07 2055 DG1OJ         59  100 JO52DS DL0RD         59  63 JO31JJ 
QSO: 144300 PH 2016-05-07 2102 DG1OJ         59  101 JO52DS DL0VB         59  125 JO31OM
QSO: 144300 PH 2016-05-07 2103 DG1OJ         59  102 JO52DS DK0N          59  115 JO50BO
QSO: 144300 PH 2016-05-08 0350 DG1OJ         59  103 JO52DS DJ6QS         59  100 JO41GE
QSO: 144300 PH 2016-05-08 0352 DG1OJ         59  104 JO52DS DR3A          59  277 JN49LM
QSO: 144300 PH 2016-05-08 0358 DG1OJ         59  105 JO52DS DL0MI         59  53 JO42KH 
QSO: 144300 PH 2016-05-08 0406 DG1OJ         59  106 JO52DS DL5DBT        59  132 JO31TN
QSO: 144300 PH 2016-05-08 0411 DG1OJ         59  107 JO52DS ON3CF/P       59  77 JO20MW 
QSO: 144300 PH 2016-05-08 0421 DG1OJ         59  108 JO52DS DM4KCS/P      59  72 JO30EM 
QSO: 144300 PH 2016-05-08 0422 DG1OJ         59  109 JO52DS DK2MN         59  15 JO32MC 
QSO: 144300 PH 2016-05-08 0437 DG1OJ         59  110 JO52DS DK2GZ         59  257 JN49GB
QSO: 144300 PH 2016-05-08 0443 DG1OJ         59  111 JO52DS DH6ICE/P      59  113 JO40FC
QSO: 144300 PH 2016-05-08 0447 DG1OJ         59  112 JO52DS DL8HCO        59  6 JO53FU  
QSO: 144300 PH 2016-05-08 0459 DG1OJ         59  113 JO52DS DL9GS         59  44 JO31OM 
QSO: 144300 PH 2016-05-08 0501 DG1OJ         59  114 JO52DS F6KCP/P       59  175 JN18OU
QSO: 144300 PH 2016-05-08 0507 DG1OJ         59  115 JO52DS DF0SX         59  291 JN48MW
QSO: 144300 PH 2016-05-08 0515 DG1OJ         59  116 JO52DS DL1MFZ        59  62 JN58QI 
QSO: 144300 PH 2016-05-08 0517 DG1OJ         59  117 JO52DS OK1KCR        59  436 JN79VS
QSO: 144300 PH 2016-05-08 0519 DG1OJ         59  118 JO52DS DM5D          59  338 JO61OC
QSO: 144300 PH 2016-05-08 0524 DG1OJ         59  119 JO52DS OK1VDJ        57  139 JN79US
QSO: 144300 PH 2016-05-08 0528 DG1OJ         59  120 JO52DS DO6UL/P       59  53 JO60WR 
QSO: 144300 PH 2016-05-08 0531 DG1OJ         59  121 JO52DS OK1NOR        59  371 JO80FG
QSO: 144300 PH 2016-05-08 0609 DG1OJ         59  122 JO52DS DL1SUZ        59  43 JO53UN 
QSO: 144300 PH 2016-05-08 0613 DG1OJ         59  123 JO52DS DF7HD         59  29 JO53AO 
QSO: 144300 PH 2016-05-08 0615 DG1OJ         59  124 JO52DS DG9OAD        59  10 JO52BN 
QSO: 144300 PH 2016-05-08 0618 DG1OJ         59  125 JO52DS DL2MDQ        59  11 JO64QB 
QSO: 144300 PH 2016-05-08 0623 DG1OJ         59  126 JO52DS DL6UJH        59  103 JO62WA
QSO: 144300 PH 2016-05-08 0743 DG1OJ         59  127 JO52DS OE5D          59  341 JN68PC
QSO: 144300 PH 2016-05-08 0748 DG1OJ         59  128 JO52DS DG8NCO        59  189 JO50VH
QSO: 144300 PH 2016-05-08 0754 DG1OJ         59  129 JO52DS DK0OG         59  438 JN68GI
QSO: 144300 PH 2016-05-08 0756 DG1OJ         59  130 JO52DS OE5NNN/P      59  245 JN77DX
QSO: 144300 PH 2016-05-08 0810 DG1OJ         59  131 JO52DS OK1OPT        59  319 JN69NX
QSO: 144300 PH 2016-05-08 0817 DG1OJ         59  132 JO52DS DK3SR         59  80 JN49ND 
QSO: 144300 PH 2016-05-08 0848 DG1OJ         59  133 JO52DS DL1KDA        59  150 JO30EP
QSO: 144300 PH 2016-05-08 0850 DG1OJ         59  134 JO52DS DL0LB         59  305 JN49QA
QSO: 144300 PH 2016-05-08 0915 DG1OJ         59  135 JO52DS DL0BO         59  60 JO31OM 
QSO: 144300 PH 2016-05-08 0924 DG1OJ         59  136 JO52DS DG3BFA        59  19 JO42OS 
QSO: 144300 PH 2016-05-08 0934 DG1OJ         59  137 JO52DS DL2AAZ        59  44 JO52FE 
QSO: 144300 PH 2016-05-08 0936 DG1OJ         59  138 JO52DS DJ1AN         59  50 JO43NA 
QSO: 144300 PH 2016-05-08 0937 DG1OJ         59  139 JO52DS DM3W          59  234 JO62XE
QSO: 144300 PH 2016-05-08 0942 DG1OJ         59  140 JO52DS DL1SGP        59  11 JO52CO 
QSO: 144300 PH 2016-05-08 0950 DG1OJ         59  141 JO52DS DL4WS         59  13 JO43TP 
QSO: 144300 PH 2016-05-08 1015 DG1OJ         59  142 JO52DS DJ3AK         59  3 JO52GJ  
QSO: 144300 PH 2016-05-08 1021 DG1OJ         59  143 JO52DS DH2UHE        59  44 JO52TD 
QSO: 144300 PH 2016-05-08 1039 DG1OJ         59  144 JO52DS DL0AT         59  11 JO53AO 
QSO: 144300 PH 2016-05-08 1041 DG1OJ         59  145 JO52DS DK6GER        59  21 JO43UG 
QSO: 144300 PH 2016-05-08 1044 DG1OJ         59  146 JO52DS DL0MA         59  240 JN47QT
QSO: 144300 PH 2016-05-08 1045 DG1OJ         59  147 JO52DS DL1TIM        59  92 JO31PG 
QSO: 144300 PH 2016-05-08 1049 DG1OJ         59  148 JO52DS DL2YDS        59  107 JO42HG
QSO: 144300 PH 2016-05-08 1056 DG1OJ         59  149 JO52DS DJ8MS         55  106 JO54VC
QSO: 144300 PH 2016-05-08 1106 DG1OJ         59  150 JO52DS DL1OBF        59  111 JO42NC
QSO: 144300 PH 2016-05-08 1111 DG1OJ         59  151 JO52DS DK0PU         59  195 JO31JN
QSO: 144300 PH 2016-05-08 1114 DG1OJ         59  152 JO52DS DF2BR         59  32 JO43HB 
QSO: 144300 PH 2016-05-08 1122 DG1OJ         59  153 JO52DS DL1DBR        59  77 JO41BN 
QSO: 144300 PH 2016-05-08 1234 DG1OJ         59  154 JO52DS DL8SCD        59  115 JN49ND
QSO: 144300 PH 2016-05-08 1250 DG1OJ         59  155 JO52DS DR1B          59  75 JO33TP 
QSO: 144300 PH 2016-05-08 1254 DG1OJ         59  156 JO52DS SF7WT         59  19 JO65QQ 
QSO: 144300 PH 2016-05-08 1313 DG1OJ         59  157 JO52DS OK1KFH        59  419 JN69VN
QSO: 144300 PH 2016-05-08 1322 DG1OJ         59  158 JO52DS DJ6XH         59  393 JN57MP
QSO: 144300 PH 2016-05-08 1339 DG1OJ         59  159 JO52DS DL4MA         59  73 JO50UQ 
QSO: 144300 PH 2016-05-08 1343 DG1OJ         59  160 JO52DS DL9ECA        59  204 JO31CQ
QSO: 144300 PH 2016-05-08 1352 DG1OJ         59  161 JO52DS DK5OA         59  9 JO52FI  
QSO: 144300 PH 2016-05-08 1359 DG1OJ         59  162 JO52DS DC5FH         59  44 JN49JX 
END-OF-LOG:
