START-OF-LOG: 3.0
CONTEST: ARRL-222
CALLSIGN: KJ1K/R
LOCATION: WMA
CATEGORY-OPERATOR: MULTI-OP
CATEGORY-ASSISTED: ASSISTED
CATEGORY-POWER: HIGH
CATEGORY-BAND: 222
CATEGORY-MODE: MIXED
CATEGORY-TRANSMITTER: UNLIMITED
CATEGORY-STATION: ROVER
CATEGORY-TIME: 24-HOURS
OPERATORS: KJ1K WB2VVQ
CLUB: North East Weak Signal Group
CREATED-BY: ROVERLOG 2_7_2
HQ-CATEGORY: Unlimited Rover
QSO: 432 PH 2025-08-02 1802 KJ1K/R FN31IT K1TEO FN31JH
QSO: 222 PH 2025-08-02 1804 KJ1K/R FN31IT K1TEO FN31JH
QSO: 222 PH 2025-08-02 1805 KJ1K/R FN31IT WZ1V FN31RH
QSO: 432 PH 2025-08-02 1806 KJ1K/R FN31IT WZ1V FN31RH
QSO: 222 PH 2025-08-02 1818 KJ1K/R FN31IT WA2VNV FN30KV
QSO: 432 PH 2025-08-02 1859 KJ1K/R FN31IT N1ROZ FN42BL
QSO: 1.2G PH 2025-08-02 1916 KJ1K/R FN31IT K1TEO FN31JH
QSO: 222 PH 2025-08-02 1955 KJ1K/R FN31IT W1AUV FN32II
QSO: 432 PH 2025-08-02 1957 KJ1K/R FN31IT W1AUV FN32II
QSO: 222 PH 2025-08-03 1507 KJ1K/R FN32HK W1AUV FN32II
QSO: 432 PH 2025-08-03 1508 KJ1K/R FN32HK W1AUV FN32II
QSO: 1.2G PH 2025-08-03 1524 KJ1K/R FN32HK W2SZ FN22XU
QSO: 902 PH 2025-08-03 1529 KJ1K/R FN32HK W2SZ FN22XU
QSO: 2.3G PH 2025-08-03 1536 KJ1K/R FN32HK W2SZ FN22XU
QSO: 3.4G PH 2025-08-03 1541 KJ1K/R FN32HK W2SZ FN22XU
QSO: 5.7G PH 2025-08-03 1542 KJ1K/R FN32HK W2SZ FN22XU
QSO: 1.2G PH 2025-08-03 1653 KJ1K/R FN32JN W1AUV FN32II
QSO: 902 PH 2025-08-03 1653 KJ1K/R FN32JN W1AUV FN32II
QSO: 222 PH 2025-08-03 1738 KJ1K/R FN32JN AF1T FN33CD
QSO: 432 PH 2025-08-03 1740 KJ1K/R FN32JN AF1T FN33CD
QSO: 1.2G PH 2025-08-03 1744 KJ1K/R FN32JN AF1T FN33CD
QSO: 222 PH 2025-08-03 1746 KJ1K/R FN32JN N1JEZ FN44AR
QSO: 222 PH 2025-08-03 1747 KJ1K/R FN32JN W1GHZ FN34UJ
QSO: 432 PH 2025-08-03 1750 KJ1K/R FN32JN W1RGA/R FN33KD
QSO: 432 PH 2025-08-03 1751 KJ1K/R FN32JN W1RGA/R FN33KD
QSO: 1.2G PH 2025-08-03 1752 KJ1K/R FN32JN W1RGA/R FN33KD
QSO: 432 PH 2025-08-03 1757 KJ1K/R FN32JN N1JEZ FN44AR
END-OF-LOG: