START-OF-LOG: 3.0
CREATED-BY: HMRA public OK1WC downloader
CONTEST: OK1WC-MEMORIAL
CALLSIGN: OK1HMP
OPERATORS: OK1HMP
CATEGORY: SO-80M-CW-QRP
CATEGORY-OPERATOR: SINGLE-OP
CATEGORY-BAND: 80M
CATEGORY-MODE: CW
CATEGORY-POWER: QRP
SOAPBOX: Recreated from OK1WC Memorial reference table MWC240610.
SOAPBOX: Source publication level: 4.
SOAPBOX: Source: https://memorial-ok1wc.cz/index.php?page=eval3/a_eval3&kolo=615&rocnik=16&tyden=24&jobdate=240610&pub_level=4
QSO:  3500 CW 2024-06-10 1631 OK1HMP        599 1          OK1USP        599 2         
QSO:  3500 CW 2024-06-10 1631 OK1HMP        599 2          OK2GU         599 1         
QSO:  3500 CW 2024-06-10 1632 OK1HMP        599 3          OK1AY         599 2         
QSO:  3500 CW 2024-06-10 1636 OK1HMP        599 4          OK2BFN        599 18        
QSO:  3500 CW 2024-06-10 1641 OK1HMP        599 5          DJ9MH         599 19        
QSO:  3500 CW 2024-06-10 1649 OK1HMP        599 6          DL6MHW        599 33        
QSO:  3500 CW 2024-06-10 1650 OK1HMP        599 7          OM5TZ         599 6         
QSO:  3500 CW 2024-06-10 1701 OK1HMP        599 8          OK1HEH        599 34        
QSO:  3500 CW 2024-06-10 1702 OK1HMP        599 9          OK1NG         599 39        
QSO:  3500 CW 2024-06-10 1704 OK1HMP        599 10         OK1FKD        599 34        
QSO:  3500 CW 2024-06-10 1705 OK1HMP        599 11         OL8R          599 91        
QSO:  3500 CW 2024-06-10 1706 OK1HMP        599 12         OK1LO         599 10        
QSO:  3500 CW 2024-06-10 1706 OK1HMP        599 13         SO3O          599 58        
QSO:  3500 CW 2024-06-10 1708 OK1HMP        599 14         OK5M          599 89        
QSO:  3500 CW 2024-06-10 1708 OK1HMP        599 15         OM2KI         599 88        
QSO:  3500 CW 2024-06-10 1709 OK1HMP        599 16         OK2PYA        599 36        
QSO:  3500 CW 2024-06-10 1710 OK1HMP        599 17         OK1RR         599 71        
QSO:  3500 CW 2024-06-10 1711 OK1HMP        599 18         OM5ZW         599 105       
QSO:  3500 CW 2024-06-10 1712 OK1HMP        599 19         DR3W          599 74        
QSO:  3500 CW 2024-06-10 1712 OK1HMP        599 20         DL1BUG        599 57        
QSO:  3500 CW 2024-06-10 1715 OK1HMP        599 21         OM3CPF        599 67        
QSO:  3500 CW 2024-06-10 1715 OK1HMP        599 22         OK1RKS        599 58        
QSO:  3500 CW 2024-06-10 1716 OK1HMP        599 23         SN1T          599 99        
QSO:  3500 CW 2024-06-10 1718 OK1HMP        599 24         DJ3WE         599 73        
QSO:  3500 CW 2024-06-10 1719 OK1HMP        599 25         OK1FGD        599 88        
QSO:  3500 CW 2024-06-10 1722 OK1HMP        599 26         HA5OV         599 81        
QSO:  3500 CW 2024-06-10 1726 OK1HMP        599 27         OK2PKT        599 15        
QSO:  3500 CW 2024-06-10 1728 OK1HMP        599 28         OK1FMX        599 77        
QSO:  3500 CW 2024-06-10 1729 OK1HMP        599 29         DL8QS         599 91        
QSO:  3500 CW 2024-06-10 1729 OK1HMP        599 30         DR2C          599 99        
END-OF-LOG:
