START-OF-LOG: 3.0
CREATED-BY: reconstructed-log-builder
CONTEST: CQ-WW-CW
CALLSIGN: OK1DOZ
LOCATION: 
CATEGORY: CHECKLOG
CATEGORY-OPERATOR: SINGLE-OP
CATEGORY-BAND: ALL
CATEGORY-MODE: MIXED
CATEGORY-POWER: UNKNOWN
CATEGORY-ASSISTED: NON-ASSISTED
CATEGORY-TRANSMITTER: ONE
CATEGORY-STATION: UNKNOWN
CATEGORY-OVERLAY: 
OPERATORS: OK1DOZ
CLAIMED-SCORE: 
CLUB: 
NAME: 
SOAPBOX: RECONSTRUCTED MOCKUP LOG - NOT AN OFFICIAL SUBMISSION.
SOAPBOX: Derived from submitted logs for CQ-WW-CW CQWW/cw/2009.
QSO:  7004 CW 2009-11-28 0313 OK1DOZ        599 15 WE3C          599 5
QSO:  7006 CW 2009-11-28 0316 OK1DOZ        599 15 4X0G          599 20
QSO:  7008 CW 2009-11-28 0321 OK1DOZ        599 15 PJ4A          599 09
QSO:  7011 CW 2009-11-28 0321 OK1DOZ        599 15 W1KM          599 5
QSO:  7011 CW 2009-11-28 0323 OK1DOZ        599 15 AM5M          599 14
QSO:  7022 CW 2009-11-28 0326 OK1DOZ        599 15 UP0L          599 17
QSO:  7029 CW 2009-11-28 0327 OK1DOZ        599 15 NY4A          599 5
QSO:  7043 CW 2009-11-28 0329 OK1DOZ        599 15 W3UA          599 05
QSO:  7045 CW 2009-11-28 0330 OK1DOZ        599 15 EE2W          599 14
QSO:  7046 CW 2009-11-28 0331 OK1DOZ        599 15 EA6IB         599 14
QSO:  7019 CW 2009-11-28 0337 OK1DOZ        599 15 CR3L          599 33
QSO:  7035 CW 2009-11-28 0339 OK1DOZ        599 15 TC4X          599 20
QSO:  7000 CW 2009-11-28 0344 OK1DOZ        599 15 EA8URL        599 33
QSO: 14002 CW 2009-11-28 1255 OK1DOZ        599 15 K3CR          599 5
QSO: 14004 CW 2009-11-28 1257 OK1DOZ        599 15 N3AD          599 5
QSO: 14000 CW 2009-11-28 1258 OK1DOZ        599 15 ED2R          599 14
QSO: 14004 CW 2009-11-28 1258 OK1DOZ        599 15 4L8A          599 21
QSO: 14007 CW 2009-11-28 1300 OK1DOZ        599 15 NQ4I          599 05
QSO: 14011 CW 2009-11-28 1301 OK1DOZ        599 15 AM5M          599 14
QSO: 14012 CW 2009-11-28 1302 OK1DOZ        599 15 CN2R          599 33
QSO: 14014 CW 2009-11-28 1303 OK1DOZ        599 15 ZC4T          599 20
QSO: 14014 CW 2009-11-28 1304 OK1DOZ        599 15 NZ1U          599 5
QSO: 21007 CW 2009-11-28 1310 OK1DOZ        599 15 EF8M          599 33
QSO: 21025 CW 2009-11-28 1312 OK1DOZ        599 15 CR2X          599 14
QSO: 21000 CW 2009-11-28 1313 OK1DOZ        599 15 TA1C/2        599 20
QSO: 21000 CW 2009-11-28 1315 OK1DOZ        599 15 VE3KZ         599 04
QSO: 21045 CW 2009-11-28 1324 OK1DOZ        599 15 EE5I          599 14
QSO: 21015 CW 2009-11-28 1327 OK1DOZ        599 15 W1KM          599 5
QSO: 21055 CW 2009-11-28 1331 OK1DOZ        599 15 VY2SS         599 5
QSO: 21034 CW 2009-11-29 0811 OK1DOZ        599 15 RN9S          599 16
QSO: 21000 CW 2009-11-29 0814 OK1DOZ        599 15 UN9L          599 17
QSO: 21048 CW 2009-11-29 0815 OK1DOZ        599 15 RG9A          599 17
QSO: 21000 CW 2009-11-29 0820 OK1DOZ        599 15 UA9BX         599 17
QSO: 21030 CW 2009-11-29 0822 OK1DOZ        599 15 EA8URL        599 33
QSO: 21000 CW 2009-11-29 0833 OK1DOZ        599 15 RW9QA         599 17
QSO: 21000 CW 2009-11-29 0837 OK1DOZ        599 15 UA9QCQ        599 17
QSO: 21037 CW 2009-11-29 0840 OK1DOZ        599 15 UA9TZ         599 16
QSO: 21037 CW 2009-11-29 0842 OK1DOZ        599 15 RA9FTM        599 17
QSO: 21047 CW 2009-11-29 0844 OK1DOZ        599 15 RX9SA         599 16
QSO: 21065 CW 2009-11-29 0849 OK1DOZ        599 15 5C5W          599 33
QSO: 21000 CW 2009-11-29 0851 OK1DOZ        599 15 RX9FB         599 17
QSO: 21070 CW 2009-11-29 0852 OK1DOZ        599 15 RA9AE         599 17
QSO: 21074 CW 2009-11-29 0854 OK1DOZ        599 15 4L0A          599 21
QSO: 21010 CW 2009-11-29 0902 OK1DOZ        599 15 RO4W          599 16
QSO: 21000 CW 2009-11-29 0908 OK1DOZ        599 15 RX9TL/9       599 16
QSO: 21000 CW 2009-11-29 0909 OK1DOZ        599 15 UA9FGJ        599 17
QSO: 21085 CW 2009-11-29 0913 OK1DOZ        599 15 RA9DZ         599 17
QSO:  7014 CW 2009-11-29 1659 OK1DOZ        599 15 C4W           599 20
QSO:  7021 CW 2009-11-29 1707 OK1DOZ        599 15 TK5A          599 15
QSO:  7031 CW 2009-11-29 1708 OK1DOZ        599 15 UO1P          599 17
QSO:  7045 CW 2009-11-29 1709 OK1DOZ        599 15 CR3L          599 33
QSO:  7054 CW 2009-11-29 1712 OK1DOZ        599 15 CN3A          599 33
END-OF-LOG:
