START-OF-LOG: 3.0
CREATED-BY: reconstructed-log-builder
CONTEST: RUSSIAN-DX
CALLSIGN: R1FB
LOCATION: 
CATEGORY: CHECKLOG
CATEGORY-OPERATOR: SINGLE-OP
CATEGORY-BAND: ALL
CATEGORY-MODE: MIXED
CATEGORY-POWER: UNKNOWN
CATEGORY-ASSISTED: NON-ASSISTED
CATEGORY-TRANSMITTER: ONE
CATEGORY-STATION: UNKNOWN
CATEGORY-OVERLAY: 
OPERATORS: R1FB
CLAIMED-SCORE: 
CLUB: 
NAME: 
SOAPBOX: RECONSTRUCTED MOCKUP LOG - NOT AN OFFICIAL SUBMISSION.
SOAPBOX: Derived from submitted logs for RUSSIAN-DX RussianDXContest/2025.
QSO: 28030 CW 2025-03-15 1212 R1FB          599 LO 4K6FO         599 0002
QSO: 21010 CW 2025-03-15 1258 R1FB          599 LO UN0L          599 0142
QSO: 21010 CW 2025-03-15 1259 R1FB          599 LO BA8CY         599 0064
QSO: 21012 CW 2025-03-15 1301 R1FB          599 LO DL2025S       599 0098
QSO: 21016 CW 2025-03-15 1327 R1FB          599 LO YU1A          599 0162
QSO: 28011 CW 2025-03-15 1331 R1FB          599 LO NA3M          599 0082
QSO: 28029 CW 2025-03-15 1347 R1FB          599 LO UP0L          599 0217
QSO: 28034 CW 2025-03-15 1348 R1FB          599 LO 4X1MM         599 0260
QSO: 28036 CW 2025-03-15 1352 R1FB          599 LO K3WW          599 0223
QSO: 14024 CW 2025-03-15 1408 R1FB          599 LO BI4KWQ        599 0079
QSO: 14047 CW 2025-03-15 1641 R1FB          599 LO HA3LN         599 0113
QSO: 14051 CW 2025-03-15 1645 R1FB          599 LO EB5A          599 0644
QSO: 14000 CW 2025-03-15 1647 R1FB          599 LO DL9ZP         599 0237
QSO: 14054 CW 2025-03-15 1649 R1FB          599 LO OK2ZV         599 0380
QSO: 14058 CW 2025-03-15 1655 R1FB          599 LO SV1ENG        599 0328
QSO: 14000 CW 2025-03-15 1656 R1FB          599 LO GJ2A          599 0110
QSO: 14000 CW 2025-03-15 1705 R1FB          599 LO HA6QS         599 0167
QSO:  7027 CW 2025-03-15 1708 R1FB          599 LO HA8A          599 0522
QSO: 28037 CW 2025-03-16 0638 R1FB          599 LO JA0FVU        599 0035
QSO: 28049 CW 2025-03-16 0643 R1FB          599 LO DS1TUW        599 0131
QSO: 21033 CW 2025-03-16 0653 R1FB          599 LO LZ1ND         599 0471
QSO: 21033 CW 2025-03-16 0655 R1FB          599 LO IK6GPZ        599 0099
QSO: 21033 CW 2025-03-16 0657 R1FB          599 LO SV1ENG        599 0904
QSO: 21032 CW 2025-03-16 0659 R1FB          599 LO HA5UX         599 0301
QSO: 21033 CW 2025-03-16 0700 R1FB          599 LO IK4ZGO        599 0603
QSO: 21033 CW 2025-03-16 0700 R1FB          599 LO PA3ARM        599 0286
QSO: 14057 CW 2025-03-16 0703 R1FB          599 LO YT1TU         599 0195
QSO: 14057 CW 2025-03-16 0705 R1FB          599 LO AA3B          599 1554
QSO: 14036 CW 2025-03-16 0714 R1FB          599 LO HA1NG         599 0506
QSO: 14036 CW 2025-03-16 0715 R1FB          599 LO S52W          599 0897
QSO: 21043 CW 2025-03-16 0732 R1FB          599 LO HG7T          599 0458
QSO: 21000 CW 2025-03-16 0733 R1FB          599 LO JE1GWO        599 0017
QSO: 21035 CW 2025-03-16 0735 R1FB          599 LO OM7AT         599 0221
QSO: 21043 CW 2025-03-16 0735 R1FB          599 LO LZ9W          599 0985
QSO: 21044 CW 2025-03-16 0736 R1FB          599 LO LZ6K          599 0637
QSO: 28042 CW 2025-03-16 0739 R1FB          599 LO UN7LV         599 0121
QSO: 28042 CW 2025-03-16 0742 R1FB          599 LO BI3BX         599 0170
QSO: 28042 CW 2025-03-16 0742 R1FB          599 LO SV2AEL        599 0136
QSO: 28042 CW 2025-03-16 0744 R1FB          599 SP BA3RG         599 0169
QSO: 28042 CW 2025-03-16 0745 R1FB          599 LO LZ1BP         599 1078
QSO: 28042 CW 2025-03-16 0746 R1FB          599 LO HB9ARF        599 0634
QSO: 28042 CW 2025-03-16 0748 R1FB          599 LO E7DX          599 3168
QSO: 28042 CW 2025-03-16 0750 R1FB          599 LO DJ4MX         599 0840
QSO: 21044 CW 2025-03-16 0751 R1FB          599 LO DM3VPJ        599 0075
QSO: 21044 CW 2025-03-16 0754 R1FB          599 LO HA5JI         599 2154
QSO: 21044 CW 2025-03-16 0759 R1FB          599 LO LZ1ND         599 0523
QSO: 21044 CW 2025-03-16 0801 R1FB          599 LO HA8A          599 1546
QSO: 21000 CW 2025-03-16 0802 R1FB          599 LO YU7AA         599 0135
QSO: 28036 CW 2025-03-16 0807 R1FB          599 LO BH3AGU        599 0192
QSO: 21043 CW 2025-03-16 0957 R1FB          599 LO A71WW         599 1490
QSO: 21049 CW 2025-03-16 0959 R1FB          599 LO EA1CS         599 0265
QSO: 21053 CW 2025-03-16 1001 R1FB          599 LO LC5P          599 0181
QSO: 21048 CW 2025-03-16 1015 R1FB          599 LO DL2NBY        599 0778
QSO: 21058 CW 2025-03-16 1018 R1FB          599 LO YL3CW         599 0606
QSO: 21039 CW 2025-03-16 1020 R1FB          599 LO VL2A          599 0186
QSO: 21034 CW 2025-03-16 1024 R1FB          599 LO YT5M          599 0415
QSO: 21032 CW 2025-03-16 1025 R1FB          599 LO OM7M          599 2905
QSO: 21030 CW 2025-03-16 1027 R1FB          599 LO OK2EA         599 0914
QSO: 21012 CW 2025-03-16 1037 R1FB          599 LO JH4UTP        599 1130
QSO: 21004 CW 2025-03-16 1039 R1FB          599 LO BY1RX         599 0552
QSO: 21003 CW 2025-03-16 1044 R1FB          599 LO K1LZ          599 0704
QSO: 21011 CW 2025-03-16 1046 R1FB          599 LO I3FIY         599 0530
QSO: 21014 CW 2025-03-16 1047 R1FB          599 LO 4K6FO         599 1176
QSO: 21017 CW 2025-03-16 1048 R1FB          599 LO E70Y          599 0380
QSO: 21061 CW 2025-03-16 1111 R1FB          599 LO DL0RUS        599 0359
QSO: 21058 CW 2025-03-16 1113 R1FB          599 LO LZ1MC         599 0493
QSO: 21039 CW 2025-03-16 1123 R1FB          599 LO DF8V          599 0088
QSO: 21038 CW 2025-03-16 1124 R1FB          599 LO IK0YVV        599 0714
QSO: 21035 CW 2025-03-16 1125 R1FB          599 LO HA6NL         599 1022
QSO: 28040 CW 2025-03-16 1133 R1FB          599 LO K5ZD          599 0171
QSO: 28040 CW 2025-03-16 1133 R1FB          599 LO OY1CT         599 0766
QSO: 28051 CW 2025-03-16 1136 R1FB          599 LO M0NDZ         599 0464
QSO: 28000 CW 2025-03-16 1200 R1FB          599 LO ZA1EM         599 0548
END-OF-LOG:
