START-OF-LOG: 3.0
CREATED-BY: okomdx-downloader
CONTEST: OK-OM DX CW Contest 2016
CALLSIGN: OK1JFP
OPERATORS: OK1JFP
CATEGORY: SINGLE-OP ALL LOW
CATEGORY-OPERATOR: SINGLE-OP
CATEGORY-BAND: ALL
CATEGORY-MODE: CW
CATEGORY-POWER: LOW
CATEGORY-ASSISTED: NON-ASSISTED
CATEGORY-TRANSMITTER: ONE
CATEGORY-STATION: FIXED
QSO: 14000 CW 2016-11-12 1204 OK1JFP        599 EUL        UC7A          599 3         
QSO: 14000 CW 2016-11-12 1204 OK1JFP        599 EUL        RK4FF         599 3         
QSO: 14000 CW 2016-11-12 1205 OK1JFP        599 EUL        EU6DX         599 3         
QSO: 14000 CW 2016-11-12 1205 OK1JFP        599 EUL        YU1ML         599 1         
QSO: 14000 CW 2016-11-12 1207 OK1JFP        599 EUL        R3QA          599 6         
QSO: 14000 CW 2016-11-12 1207 OK1JFP        599 EUL        R3EG          599 13        
QSO: 14000 CW 2016-11-12 1208 OK1JFP        599 EUL        UA3QGT        599 5         
QSO: 14000 CW 2016-11-12 1209 OK1JFP        599 EUL        RU4SO         599 8         
QSO: 14000 CW 2016-11-12 1210 OK1JFP        599 EUL        UT8AL         599 5         
QSO: 14000 CW 2016-11-12 1210 OK1JFP        599 EUL        R8XF          599 6         
QSO: 14000 CW 2016-11-12 1211 OK1JFP        599 EUL        RC7A          599 10        
QSO: 14000 CW 2016-11-12 1212 OK1JFP        599 EUL        RG3B          599 4         
QSO: 14000 CW 2016-11-12 1212 OK1JFP        599 EUL        RA3MD         599 10        
QSO: 14000 CW 2016-11-12 1212 OK1JFP        599 EUL        OH2VZ         599 10        
QSO: 14000 CW 2016-11-12 1213 OK1JFP        599 EUL        UT1V          599 7         
QSO: 14000 CW 2016-11-12 1214 OK1JFP        599 EUL        LZ2CH         599 4         
QSO: 14000 CW 2016-11-12 1215 OK1JFP        599 EUL        SV2DSJ        599 4         
QSO: 14000 CW 2016-11-12 1215 OK1JFP        599 EUL        RA3XCZ        599 4         
QSO: 14000 CW 2016-11-12 1216 OK1JFP        599 EUL        RK9Q          599 6         
QSO: 14000 CW 2016-11-12 1216 OK1JFP        599 EUL        R3EA          599 10        
QSO: 14000 CW 2016-11-12 1216 OK1JFP        599 EUL        UY5ZI         599 3         
QSO: 14000 CW 2016-11-12 1219 OK1JFP        599 EUL        UA6YH         599 12        
QSO: 14000 CW 2016-11-12 1219 OK1JFP        599 EUL        UT0RM         599 6         
QSO: 14000 CW 2016-11-12 1220 OK1JFP        599 EUL        SM2T          599 16        
QSO: 14000 CW 2016-11-12 1220 OK1JFP        599 EUL        W3DA          599 8         
QSO: 14000 CW 2016-11-12 1221 OK1JFP        599 EUL        OG7F          599 26        
QSO: 14000 CW 2016-11-12 1222 OK1JFP        599 EUL        RN4W          599 23        
QSO: 14000 CW 2016-11-12 1223 OK1JFP        599 EUL        RT9S          599 15        
QSO: 14000 CW 2016-11-12 1223 OK1JFP        599 EUL        RK9LWA        599 9         
QSO: 14000 CW 2016-11-12 1225 OK1JFP        599 EUL        LY2XW         599 10        
QSO: 14000 CW 2016-11-12 1225 OK1JFP        599 EUL        K3WW          599 7         
QSO: 14000 CW 2016-11-12 1226 OK1JFP        599 EUL        UC5D          599 13        
QSO: 14000 CW 2016-11-12 1226 OK1JFP        599 EUL        F6GVC         599 7         
QSO: 14000 CW 2016-11-12 1227 OK1JFP        599 EUL        RZ3FQ         599 11        
QSO: 14000 CW 2016-11-12 1227 OK1JFP        599 EUL        LZ2PS         599 4         
QSO: 14000 CW 2016-11-12 1228 OK1JFP        599 EUL        SF3A          599 20        
QSO: 14000 CW 2016-11-12 1229 OK1JFP        599 EUL        G4EBK         599 3         
QSO: 14000 CW 2016-11-12 1229 OK1JFP        599 EUL        SV1JG         599 8         
QSO: 14000 CW 2016-11-12 1230 OK1JFP        599 EUL        RU9TN         599 29        
QSO: 14000 CW 2016-11-12 1231 OK1JFP        599 EUL        US7IY         599 28        
QSO: 14000 CW 2016-11-12 1231 OK1JFP        599 EUL        UT3MA         599 11        
QSO: 14000 CW 2016-11-12 1232 OK1JFP        599 EUL        RU4LM         599 30        
QSO: 14000 CW 2016-11-12 1233 OK1JFP        599 EUL        RA4PQ         599 17        
QSO: 14000 CW 2016-11-12 1233 OK1JFP        599 EUL        UA9KB         599 28        
QSO: 14000 CW 2016-11-12 1235 OK1JFP        599 EUL        RW3YA         599 21        
QSO: 14000 CW 2016-11-12 1235 OK1JFP        599 EUL        RN3S          599 28        
QSO: 14000 CW 2016-11-12 1237 OK1JFP        599 EUL        F5OZC         599 6         
QSO: 14000 CW 2016-11-12 1238 OK1JFP        599 EUL        RA3YZ         599 17        
QSO: 14000 CW 2016-11-12 1238 OK1JFP        599 EUL        RM7F          599 6         
QSO: 14000 CW 2016-11-12 1238 OK1JFP        599 EUL        RK3ER         599 38        
QSO: 14000 CW 2016-11-12 1239 OK1JFP        599 EUL        UA4QK         599 15        
QSO: 14000 CW 2016-11-12 1239 OK1JFP        599 EUL        R9RT          599 16        
QSO: 14000 CW 2016-11-12 1240 OK1JFP        599 EUL        UC8U          599 26        
QSO: 14000 CW 2016-11-12 1240 OK1JFP        599 EUL        RT4W          599 37        
QSO: 14000 CW 2016-11-12 1241 OK1JFP        599 EUL        RA4LO         599 50        
QSO: 14000 CW 2016-11-12 1242 OK1JFP        599 EUL        RX9CM         599 15        
QSO: 14000 CW 2016-11-12 1242 OK1JFP        599 EUL        EA4FL         599 9         
QSO: 14000 CW 2016-11-12 1243 OK1JFP        599 EUL        RA6MQ         599 1         
QSO: 14000 CW 2016-11-12 1244 OK1JFP        599 EUL        LZ7H          599 20        
QSO: 14000 CW 2016-11-12 1244 OK1JFP        599 EUL        ES3RF         599 9         
QSO: 14000 CW 2016-11-12 1245 OK1JFP        599 EUL        UT4LW         599 26        
QSO: 14000 CW 2016-11-12 1246 OK1JFP        599 EUL        RA1TU         599 31        
QSO: 14000 CW 2016-11-12 1246 OK1JFP        599 EUL        RX1AG         599 19        
QSO: 14000 CW 2016-11-12 1247 OK1JFP        599 EUL        UG4A          599 39        
QSO: 14000 CW 2016-11-12 1247 OK1JFP        599 EUL        UR0HQ         599 7         
QSO: 14000 CW 2016-11-12 1248 OK1JFP        599 EUL        G4OGB         599 10        
QSO: 14000 CW 2016-11-12 1249 OK1JFP        599 EUL        UR5MM         599 18        
QSO: 14000 CW 2016-11-12 1249 OK1JFP        599 EUL        R3MU          599 36        
QSO: 14000 CW 2016-11-12 1249 OK1JFP        599 EUL        Z35F          599 5         
QSO: 14000 CW 2016-11-12 1250 OK1JFP        599 EUL        EW6F          599 20        
QSO: 14000 CW 2016-11-12 1251 OK1JFP        599 EUL        RC9A          599 41        
QSO: 14000 CW 2016-11-12 1251 OK1JFP        599 EUL        OH1TS         599 21        
QSO: 14000 CW 2016-11-12 1251 OK1JFP        599 EUL        RM1T          599 41        
QSO: 14000 CW 2016-11-12 1252 OK1JFP        599 EUL        UT3UZ         599 1         
QSO: 14000 CW 2016-11-12 1252 OK1JFP        599 EUL        RU4A          599 59        
QSO: 14000 CW 2016-11-12 1253 OK1JFP        599 EUL        RN3YA         599 24        
QSO: 14000 CW 2016-11-12 1253 OK1JFP        599 EUL        UR5EPV        599 10        
QSO: 14000 CW 2016-11-12 1254 OK1JFP        599 EUL        UN9L          599 14        
QSO: 14000 CW 2016-11-12 1255 OK1JFP        599 EUL        LZ3FN         599 18        
QSO: 14000 CW 2016-11-12 1255 OK1JFP        599 EUL        UR5IUY        599 14        
QSO: 14000 CW 2016-11-12 1256 OK1JFP        599 EUL        RM3N          599 31        
QSO: 14000 CW 2016-11-12 1257 OK1JFP        599 EUL        TA2DA/4       599 23        
QSO: 14000 CW 2016-11-12 1258 OK1JFP        599 EUL        US0UX         599 12        
QSO: 14000 CW 2016-11-12 1258 OK1JFP        599 EUL        RN9RF         599 38        
QSO: 14000 CW 2016-11-12 1300 OK1JFP        599 EUL        R3OR          599 29        
QSO: 14000 CW 2016-11-12 1300 OK1JFP        599 EUL        YO4SI/P       599 6         
QSO: 14000 CW 2016-11-12 1301 OK1JFP        599 EUL        YO4AAC        599 3         
QSO: 14000 CW 2016-11-12 1302 OK1JFP        599 EUL        RW3AI         599 13        
QSO: 14000 CW 2016-11-12 1302 OK1JFP        599 EUL        YO7ARZ        599 2         
QSO: 14000 CW 2016-11-12 1303 OK1JFP        599 EUL        R3VL          599 39        
QSO: 14000 CW 2016-11-12 1304 OK1JFP        599 EUL        NK3Y          599 2         
QSO: 14000 CW 2016-11-12 1304 OK1JFP        599 EUL        K2NV          599 20        
QSO: 14000 CW 2016-11-12 1305 OK1JFP        599 EUL        RA4Y          599 60        
QSO: 21000 CW 2016-11-12 1313 OK1JFP        599 EUL        UA6YH         599 49        
QSO: 21000 CW 2016-11-12 1313 OK1JFP        599 EUL        RW4WA         599 53        
QSO: 21000 CW 2016-11-12 1314 OK1JFP        599 EUL        UC7A          599 65        
QSO: 21000 CW 2016-11-12 1314 OK1JFP        599 EUL        K1ZZ          599 79        
QSO: 21000 CW 2016-11-12 1315 OK1JFP        599 EUL        RA6AR         599 23        
QSO: 21000 CW 2016-11-12 1315 OK1JFP        599 EUL        RA9AP         599 68        
QSO: 21000 CW 2016-11-12 1316 OK1JFP        599 EUL        RW4CLF        599 48        
QSO: 21000 CW 2016-11-12 1317 OK1JFP        599 EUL        RL4A          599 73        
QSO: 21000 CW 2016-11-12 1318 OK1JFP        599 EUL        RA6FUZ        599 53        
QSO: 21000 CW 2016-11-12 1320 OK1JFP        599 EUL        RU4A          599 93        
QSO: 21000 CW 2016-11-12 1322 OK1JFP        599 EUL        4X0A          599 38        
QSO: 14000 CW 2016-11-12 1326 OK1JFP        599 EUL        R4IO          599 28        
QSO: 14000 CW 2016-11-12 1327 OK1JFP        599 EUL        RM6AA         599 72        
QSO: 14000 CW 2016-11-12 1328 OK1JFP        599 EUL        UR7VA         599 16        
QSO: 14000 CW 2016-11-12 1329 OK1JFP        599 EUL        RA3DGH        599 22        
QSO: 14000 CW 2016-11-12 1329 OK1JFP        599 EUL        G3OAG         599 20        
QSO: 14000 CW 2016-11-12 1337 OK1JFP        599 EUL        OH2BN         599 30        
QSO: 14000 CW 2016-11-12 1339 OK1JFP        599 EUL        R7MM          599 40        
QSO: 14000 CW 2016-11-12 1340 OK1JFP        599 EUL        R9AX          599 49        
QSO: 14000 CW 2016-11-12 1340 OK1JFP        599 EUL        RW4HFH        599 22        
QSO: 14000 CW 2016-11-12 1342 OK1JFP        599 EUL        UN2E          599 14        
QSO: 14000 CW 2016-11-12 1342 OK1JFP        599 EUL        RL4A          599 116       
QSO: 14000 CW 2016-11-12 1344 OK1JFP        599 EUL        UN7PGA        599 23        
QSO: 14000 CW 2016-11-12 1345 OK1JFP        599 EUL        RN4SC         599 56        
QSO: 14000 CW 2016-11-12 1346 OK1JFP        599 EUL        YO9CB         599 10        
QSO: 14000 CW 2016-11-12 1347 OK1JFP        599 EUL        EU6A          599 36        
QSO: 14000 CW 2016-11-12 1347 OK1JFP        599 EUL        RT3T          599 116       
QSO: 14000 CW 2016-11-12 1348 OK1JFP        599 EUL        SV5DKL        599 47        
QSO: 14000 CW 2016-11-12 1349 OK1JFP        599 EUL        RD3FV         599 68        
QSO: 14000 CW 2016-11-12 1350 OK1JFP        599 EUL        LA2AB         599 63        
QSO: 14000 CW 2016-11-12 1351 OK1JFP        599 EUL        CT9/OK7U      599 18        
QSO: 14000 CW 2016-11-12 1352 OK1JFP        599 EUL        LZ2TU         599 6         
QSO: 14000 CW 2016-11-12 1354 OK1JFP        599 EUL        EA5DNO        599 49        
QSO: 14000 CW 2016-11-12 1355 OK1JFP        599 EUL        RA3NC         599 103       
QSO: 14000 CW 2016-11-12 1357 OK1JFP        599 EUL        KO1U          599 12        
QSO: 14000 CW 2016-11-12 1358 OK1JFP        599 EUL        GM4OSS        599 34        
QSO: 14000 CW 2016-11-12 1359 OK1JFP        599 EUL        UR4GU         599 47        
QSO: 14000 CW 2016-11-12 1359 OK1JFP        599 EUL        G4KFT         599 30        
QSO: 14000 CW 2016-11-12 1400 OK1JFP        599 EUL        LZ7Z          599 30        
QSO: 14000 CW 2016-11-12 1401 OK1JFP        599 EUL        EA1WH         599 30        
QSO: 14000 CW 2016-11-12 1401 OK1JFP        599 EUL        RZ1OK         599 59        
QSO: 14000 CW 2016-11-12 1402 OK1JFP        599 EUL        K1GQ          599 45        
QSO: 14000 CW 2016-11-12 1403 OK1JFP        599 EUL        NR4M          599 38        
QSO: 14000 CW 2016-11-12 1404 OK1JFP        599 EUL        IT9CKA        599 20        
QSO: 14000 CW 2016-11-12 1425 OK1JFP        599 EUL        UV7V          599 36        
QSO: 14000 CW 2016-11-12 1425 OK1JFP        599 EUL        N8II          599 29        
QSO: 14000 CW 2016-11-12 1429 OK1JFP        599 EUL        R1QE          599 52        
QSO: 14000 CW 2016-11-12 1429 OK1JFP        599 EUL        F5OHM         599 3         
QSO: 14000 CW 2016-11-12 1432 OK1JFP        599 EUL        IT9SSI        599 47        
QSO: 14000 CW 2016-11-12 1432 OK1JFP        599 EUL        LZ2FM         599 12        
QSO: 14000 CW 2016-11-12 1433 OK1JFP        599 EUL        RU3XW         599 9         
QSO: 14000 CW 2016-11-12 1434 OK1JFP        599 EUL        UW1M          599 168       
QSO: 14000 CW 2016-11-12 1434 OK1JFP        599 EUL        UA4PAQ        599 39        
QSO: 14000 CW 2016-11-12 1435 OK1JFP        599 EUL        UA3QAM        599 31        
QSO: 14000 CW 2016-11-12 1435 OK1JFP        599 EUL        LZ1ND         599 106       
QSO: 14000 CW 2016-11-12 1435 OK1JFP        599 EUL        K1ZZ          599 166       
QSO: 14000 CW 2016-11-12 1436 OK1JFP        599 EUL        4X1ZZ         599 13        
QSO:  7000 CW 2016-11-12 1505 OK1JFP        599 EUL        RU4SO         599 126       
QSO:  7000 CW 2016-11-12 1505 OK1JFP        599 EUL        SP4W          599 69        
QSO:  7000 CW 2016-11-12 1506 OK1JFP        599 EUL        SM7ZDI        599 4         
QSO:  7000 CW 2016-11-12 1507 OK1JFP        599 EUL        LA2AB         599 105       
QSO:  7000 CW 2016-11-12 1508 OK1JFP        599 EUL        RK3ER         599 171       
QSO:  7000 CW 2016-11-12 1508 OK1JFP        599 EUL        DK3CC         599 46        
QSO:  7000 CW 2016-11-12 1509 OK1JFP        599 EUL        S54X          599 64        
QSO:  7000 CW 2016-11-12 1509 OK1JFP        599 EUL        LY2KA         599 57        
QSO:  7000 CW 2016-11-12 1511 OK1JFP        599 EUL        YO9AGI        599 46        
QSO:  7000 CW 2016-11-12 1512 OK1JFP        599 EUL        SM7N          599 71        
QSO:  7000 CW 2016-11-12 1512 OK1JFP        599 EUL        DJ0MY         599 70        
QSO:  7000 CW 2016-11-12 1513 OK1JFP        599 EUL        DL9SEV        599 21        
QSO:  7000 CW 2016-11-12 1514 OK1JFP        599 EUL        YP5A          599 73        
QSO:  7000 CW 2016-11-12 1515 OK1JFP        599 EUL        YU1DX         599 69        
QSO:  7000 CW 2016-11-12 1515 OK1JFP        599 EUL        LY5Q          599 63        
QSO:  7000 CW 2016-11-12 1516 OK1JFP        599 EUL        YU1LA         599 59        
QSO:  7000 CW 2016-11-12 1516 OK1JFP        599 EUL        SN8T          599 50        
QSO:  7000 CW 2016-11-12 1518 OK1JFP        599 EUL        LZ1VKD        599 29        
QSO:  7000 CW 2016-11-12 1519 OK1JFP        599 EUL        RA3NC         599 152       
QSO:  7000 CW 2016-11-12 1520 OK1JFP        599 EUL        UR5IUY        599 46        
QSO:  7000 CW 2016-11-12 1520 OK1JFP        599 EUL        LY5T          599 57        
QSO:  7000 CW 2016-11-12 1521 OK1JFP        599 EUL        YT5M          599 63        
QSO:  7000 CW 2016-11-12 1525 OK1JFP        599 EUL        YT4T          599 25        
QSO:  7000 CW 2016-11-12 1526 OK1JFP        599 EUL        EU8F          599 56        
QSO:  7000 CW 2016-11-12 1526 OK1JFP        599 EUL        EW8OM         599 62        
QSO:  7000 CW 2016-11-12 1527 OK1JFP        599 EUL        LZ1ND         599 152       
QSO:  7000 CW 2016-11-12 1529 OK1JFP        599 EUL        OZ7BQ         599 51        
QSO:  7000 CW 2016-11-12 1530 OK1JFP        599 EUL        LY2PX         599 69        
QSO:  7000 CW 2016-11-12 1530 OK1JFP        599 EUL        UR4PWC        599 67        
QSO:  7000 CW 2016-11-12 1534 OK1JFP        599 EUL        UW1M          599 230       
QSO:  7000 CW 2016-11-12 1534 OK1JFP        599 EUL        RL4A          599 234       
QSO:  7000 CW 2016-11-12 1536 OK1JFP        599 EUL        EW8G          599 3         
QSO:  7000 CW 2016-11-12 1536 OK1JFP        599 EUL        RW4CLF        599 131       
QSO:  7000 CW 2016-11-12 1537 OK1JFP        599 EUL        R9LM          599 62        
QSO:  7000 CW 2016-11-12 1538 OK1JFP        599 EUL        RK9LWA        599 60        
QSO:  7000 CW 2016-11-12 1540 OK1JFP        599 EUL        UV7V          599 107       
QSO:  7000 CW 2016-11-12 1541 OK1JFP        599 EUL        LY3CY         599 28        
QSO:  7000 CW 2016-11-12 1542 OK1JFP        599 EUL        HA8VK         599 47        
QSO:  7000 CW 2016-11-12 1542 OK1JFP        599 EUL        ON6NW         599 40        
QSO:  7000 CW 2016-11-12 1543 OK1JFP        599 EUL        UA6HFI        599 27        
QSO:  7000 CW 2016-11-12 1544 OK1JFP        599 EUL        RT3T          599 217       
QSO:  7000 CW 2016-11-12 1544 OK1JFP        599 EUL        PA5SKY        599 17        
QSO:  3500 CW 2016-11-12 1549 OK1JFP        599 EUL        DO2MIT        599 19        
QSO:  3500 CW 2016-11-12 1550 OK1JFP        599 EUL        RL4A          599 252       
QSO:  3500 CW 2016-11-12 1550 OK1JFP        599 EUL        RK3ER         599 199       
QSO:  3500 CW 2016-11-12 1551 OK1JFP        599 EUL        HA1AG         599 32        
QSO:  3500 CW 2016-11-12 1552 OK1JFP        599 EUL        LZ2PS         599 70        
QSO:  3500 CW 2016-11-12 1552 OK1JFP        599 EUL        DL2DRM        599 3         
QSO:  3500 CW 2016-11-12 1553 OK1JFP        599 EUL        EU8U          599 40        
QSO:  3500 CW 2016-11-12 1554 OK1JFP        599 EUL        UR4PWC        599 77        
QSO:  3500 CW 2016-11-12 1555 OK1JFP        599 EUL        LY2XW         599 128       
QSO:  3500 CW 2016-11-12 1556 OK1JFP        599 EUL        LZ1QZ         599 18        
QSO:  3500 CW 2016-11-12 1556 OK1JFP        599 EUL        SN5O          599 4         
QSO:  3500 CW 2016-11-12 1556 OK1JFP        599 EUL        DA3T          599 71        
QSO:  3500 CW 2016-11-12 1557 OK1JFP        599 EUL        DM2DZM        599 13        
QSO:  3500 CW 2016-11-12 1558 OK1JFP        599 EUL        DL3VZL        599 1         
QSO:  3500 CW 2016-11-12 1558 OK1JFP        599 EUL        SP4W          599 89        
QSO:  3500 CW 2016-11-12 1559 OK1JFP        599 EUL        YU1FG         599 61        
QSO:  3500 CW 2016-11-12 1600 OK1JFP        599 EUL        LZ3FN         599 56        
QSO:  3500 CW 2016-11-12 1600 OK1JFP        599 EUL        SP9M          599 16        
QSO:  3500 CW 2016-11-12 1600 OK1JFP        599 EUL        DL4WA         599 19        
QSO:  3500 CW 2016-11-12 1601 OK1JFP        599 EUL        SP9DUX        599 46        
QSO:  3500 CW 2016-11-12 1601 OK1JFP        599 EUL        HA8AR         599 25        
QSO:  3500 CW 2016-11-12 1602 OK1JFP        599 EUL        SQ3MVC        599 61        
QSO:  3500 CW 2016-11-12 1603 OK1JFP        599 EUL        UW1WU         599 19        
QSO:  3500 CW 2016-11-12 1604 OK1JFP        599 EUL        SP7N          599 22        
QSO:  3500 CW 2016-11-12 1604 OK1JFP        599 EUL        S57DX         599 31        
QSO:  3500 CW 2016-11-12 1605 OK1JFP        599 EUL        SP6JOE        599 17        
QSO:  3500 CW 2016-11-12 1606 OK1JFP        599 EUL        HB9AYZ        599 14        
QSO:  3500 CW 2016-11-12 1608 OK1JFP        599 EUL        HA3FMR        599 26        
QSO:  3500 CW 2016-11-12 1608 OK1JFP        599 EUL        OE3KAB        599 55        
QSO:  3500 CW 2016-11-12 1609 OK1JFP        599 EUL        SP2CBS        599 16        
QSO:  3500 CW 2016-11-12 1609 OK1JFP        599 EUL        SN8T          599 76        
QSO:  3500 CW 2016-11-12 1610 OK1JFP        599 EUL        DL2LFH        599 3         
QSO:  3500 CW 2016-11-12 1611 OK1JFP        599 EUL        RN3GQ         599 17        
QSO:  3500 CW 2016-11-12 1611 OK1JFP        599 EUL        SP4GHL        599 11        
QSO:  3500 CW 2016-11-12 1614 OK1JFP        599 EUL        LY3B          599 35        
QSO:  3500 CW 2016-11-12 1614 OK1JFP        599 EUL        YL2KO         599 11        
QSO:  3500 CW 2016-11-12 1623 OK1JFP        599 EUL        DK5CF         599 29        
QSO:  3500 CW 2016-11-12 1623 OK1JFP        599 EUL        R3ZZ          599 14        
QSO:  3500 CW 2016-11-12 1624 OK1JFP        599 EUL        LZ1ND         599 176       
QSO:  3500 CW 2016-11-12 1626 OK1JFP        599 EUL        DL8AWK        599 48        
QSO:  3500 CW 2016-11-12 1628 OK1JFP        599 EUL        UR5WFP        599 31        
QSO:  3500 CW 2016-11-12 1631 OK1JFP        599 EUL        E75M          599 26        
QSO:  7000 CW 2016-11-12 1643 OK1JFP        599 EUL        RA3YZ         599 70        
QSO:  7000 CW 2016-11-12 1643 OK1JFP        599 EUL        RC9A          599 224       
QSO:  7000 CW 2016-11-12 1645 OK1JFP        599 EUL        RA4PQ         599 146       
QSO:  7000 CW 2016-11-12 1646 OK1JFP        599 EUL        UT3WX         599 6         
QSO:  7000 CW 2016-11-12 1647 OK1JFP        599 EUL        YU8A          599 31        
QSO:  7000 CW 2016-11-12 1648 OK1JFP        599 EUL        UT5UQV        599 49        
QSO:  7000 CW 2016-11-12 1649 OK1JFP        599 EUL        Z32U          599 44        
QSO:  7000 CW 2016-11-12 1649 OK1JFP        599 EUL        EV6Z          599 92        
QSO:  7000 CW 2016-11-12 1650 OK1JFP        599 EUL        LZ1RW         599 7         
QSO:  7000 CW 2016-11-12 1650 OK1JFP        599 EUL        PG1BMC        599 34        
QSO:  7000 CW 2016-11-12 1652 OK1JFP        599 EUL        R3EA          599 172       
QSO:  7000 CW 2016-11-12 1653 OK1JFP        599 EUL        EA1FA         599 53        
QSO:  7000 CW 2016-11-12 1654 OK1JFP        599 EUL        R1AT          599 26        
QSO:  7000 CW 2016-11-12 1655 OK1JFP        599 EUL        YT1A          599 100       
QSO:  7000 CW 2016-11-12 1656 OK1JFP        599 EUL        YU1ML         599 47        
QSO:  7000 CW 2016-11-12 1658 OK1JFP        599 EUL        F6AUS         599 107       
QSO:  7000 CW 2016-11-12 1659 OK1JFP        599 EUL        Z33B          599 27        
QSO:  7000 CW 2016-11-12 1659 OK1JFP        599 EUL        SM5S          599 81        
QSO:  7000 CW 2016-11-12 1700 OK1JFP        599 EUL        R7MM          599 189       
QSO:  7000 CW 2016-11-12 1701 OK1JFP        599 EUL        DL3KVR        599 106       
QSO:  7000 CW 2016-11-12 1702 OK1JFP        599 EUL        UR5ITU        599 80        
QSO:  7000 CW 2016-11-12 1703 OK1JFP        599 EUL        UT8AS         599 90        
QSO:  7000 CW 2016-11-12 1704 OK1JFP        599 EUL        RA3XCZ        599 79        
QSO:  7000 CW 2016-11-12 1705 OK1JFP        599 EUL        ES4RD         599 113       
QSO:  7000 CW 2016-11-12 1705 OK1JFP        599 EUL        YU1FG         599 90        
QSO:  7000 CW 2016-11-12 1706 OK1JFP        599 EUL        PA7LV         599 38        
QSO:  7000 CW 2016-11-12 1706 OK1JFP        599 EUL        YO2GL         599 44        
QSO:  7000 CW 2016-11-12 1707 OK1JFP        599 EUL        YU5T          599 96        
QSO:  7000 CW 2016-11-12 1707 OK1JFP        599 EUL        UR4IZ         599 43        
QSO:  7000 CW 2016-11-12 1708 OK1JFP        599 EUL        PA3CVI        599 52        
QSO:  7000 CW 2016-11-12 1709 OK1JFP        599 EUL        EA1WX         599 106       
QSO:  7000 CW 2016-11-12 1709 OK1JFP        599 EUL        RN3GQ         599 67        
QSO:  7000 CW 2016-11-12 1709 OK1JFP        599 EUL        DL6KWN        599 35        
QSO:  3500 CW 2016-11-12 1739 OK1JFP        599 EUL        E79EA         599 29        
QSO:  3500 CW 2016-11-12 1739 OK1JFP        599 EUL        DL1CW         599 29        
QSO:  3500 CW 2016-11-12 1740 OK1JFP        599 EUL        F6AUS         599 124       
QSO:  3500 CW 2016-11-12 1741 OK1JFP        599 EUL        UA3LID        599 70        
QSO:  3500 CW 2016-11-12 1741 OK1JFP        599 EUL        RU4A          599 234       
QSO:  3500 CW 2016-11-12 1742 OK1JFP        599 EUL        DM7CW         599 33        
QSO:  3500 CW 2016-11-12 1742 OK1JFP        599 EUL        E77W          599 63        
QSO:  3500 CW 2016-11-12 1743 OK1JFP        599 EUL        LY4T          599 122       
QSO:  3500 CW 2016-11-12 1744 OK1JFP        599 EUL        RN3YA         599 127       
QSO:  3500 CW 2016-11-12 1744 OK1JFP        599 EUL        UR7MZ         599 151       
QSO:  3500 CW 2016-11-12 1746 OK1JFP        599 EUL        SP6A          599 20        
QSO:  3500 CW 2016-11-12 1746 OK1JFP        599 EUL        SP9RI         599 29        
QSO:  3500 CW 2016-11-12 1746 OK1JFP        599 EUL        RT5C          599 20        
QSO:  3500 CW 2016-11-12 1748 OK1JFP        599 EUL        DK3GI         599 18        
QSO:  3500 CW 2016-11-12 1749 OK1JFP        599 EUL        DL6DVU        599 53        
QSO:  3500 CW 2016-11-12 1749 OK1JFP        599 EUL        UC7A          599 252       
QSO:  3500 CW 2016-11-12 1750 OK1JFP        599 EUL        LZ7Z          599 94        
QSO:  3500 CW 2016-11-12 1750 OK1JFP        599 EUL        RT3T          599 302       
QSO:  3500 CW 2016-11-12 1751 OK1JFP        599 EUL        YO9AGI        599 92        
QSO:  3500 CW 2016-11-12 1751 OK1JFP        599 EUL        SP9BNM        599 65        
QSO:  3500 CW 2016-11-12 1752 OK1JFP        599 EUL        R5DT          599 17        
QSO:  3500 CW 2016-11-12 1752 OK1JFP        599 EUL        SP5GDY        599 58        
QSO:  3500 CW 2016-11-12 1753 OK1JFP        599 EUL        F3WT          599 9         
QSO:  3500 CW 2016-11-12 1754 OK1JFP        599 EUL        RA4Y          599 257       
QSO:  3500 CW 2016-11-12 1755 OK1JFP        599 EUL        HA3MY         599 73        
QSO:  3500 CW 2016-11-12 1755 OK1JFP        599 EUL        DF4ZL         599 22        
QSO:  3500 CW 2016-11-12 1756 OK1JFP        599 EUL        SN4EE         599 50        
QSO:  3500 CW 2016-11-12 1758 OK1JFP        599 EUL        SM5CZQ        599 97        
QSO:  3500 CW 2016-11-12 1758 OK1JFP        599 EUL        DL5CC         599 57        
QSO:  3500 CW 2016-11-12 1758 OK1JFP        599 EUL        HA6FQ         599 64        
QSO:  3500 CW 2016-11-12 1759 OK1JFP        599 EUL        LA2AB         599 187       
QSO:  3500 CW 2016-11-12 1800 OK1JFP        599 EUL        SD6M          599 92        
QSO:  3500 CW 2016-11-12 1800 OK1JFP        599 EUL        DL2DXA        599 69        
QSO:  3500 CW 2016-11-12 1802 OK1JFP        599 EUL        PA3DBS        599 50        
QSO:  3500 CW 2016-11-12 1803 OK1JFP        599 EUL        HA7PL         599 12        
QSO:  3500 CW 2016-11-12 1803 OK1JFP        599 EUL        EW1TO         599 32        
QSO:  3500 CW 2016-11-12 1804 OK1JFP        599 EUL        DL5DTG        599 71        
QSO:  3500 CW 2016-11-12 1805 OK1JFP        599 EUL        RA1TU         599 134       
QSO:  3500 CW 2016-11-12 1805 OK1JFP        599 EUL        YT1WA         599 106       
QSO:  3500 CW 2016-11-12 1806 OK1JFP        599 EUL        UC2K          599 14        
QSO:  3500 CW 2016-11-12 1807 OK1JFP        599 EUL        EW8OM         599 129       
QSO:  3500 CW 2016-11-12 1807 OK1JFP        599 EUL        DJ5MF         599 13        
QSO:  3500 CW 2016-11-12 1808 OK1JFP        599 EUL        DG7EE         599 69        
QSO:  3500 CW 2016-11-12 1808 OK1JFP        599 EUL        UV7V          599 203       
QSO:  3500 CW 2016-11-12 1809 OK1JFP        599 EUL        OE3MWS        599 12        
QSO:  3500 CW 2016-11-12 1809 OK1JFP        599 EUL        9A8FCC        599 89        
QSO:  3500 CW 2016-11-12 1810 OK1JFP        599 EUL        IK2SND        599 87        
QSO:  3500 CW 2016-11-12 1814 OK1JFP        599 EUL        UA3QGT        599 206       
QSO:  3500 CW 2016-11-12 1815 OK1JFP        599 EUL        HA8V          599 22        
QSO:  3500 CW 2016-11-12 1816 OK1JFP        599 EUL        DL1JHW        599 11        
QSO:  3500 CW 2016-11-12 1817 OK1JFP        599 EUL        SP5XO         599 3         
QSO:  3500 CW 2016-11-12 1817 OK1JFP        599 EUL        YL3CW         599 39        
QSO:  3500 CW 2016-11-12 1818 OK1JFP        599 EUL        PC5Q          599 104       
QSO:  3500 CW 2016-11-12 1818 OK1JFP        599 EUL        RC9A          599 268       
QSO:  3500 CW 2016-11-12 1819 OK1JFP        599 EUL        DL2AJB        599 56        
QSO:  3500 CW 2016-11-12 1820 OK1JFP        599 EUL        RN3S          599 170       
QSO:  3500 CW 2016-11-12 1822 OK1JFP        599 EUL        SV4FFL        599 2         
QSO:  3500 CW 2016-11-12 1823 OK1JFP        599 EUL        Z35F          599 86        
QSO:  3500 CW 2016-11-12 1824 OK1JFP        599 EUL        F8KLY         599 117       
QSO:  3500 CW 2016-11-12 1824 OK1JFP        599 EUL        EW1TZ         599 26        
QSO:  3500 CW 2016-11-12 1826 OK1JFP        599 EUL        UC5D          599 139       
QSO:  3500 CW 2016-11-12 1827 OK1JFP        599 EUL        UT5PY         599 42        
QSO:  3500 CW 2016-11-12 1828 OK1JFP        599 EUL        SO7M          599 18        
QSO:  3500 CW 2016-11-12 1828 OK1JFP        599 EUL        DL5JAB        599 9         
QSO:  1800 CW 2016-11-12 1935 OK1JFP        599 EUL        SP4W          599 163       
QSO:  1800 CW 2016-11-12 1936 OK1JFP        599 EUL        YO5AJR        599 26        
QSO:  1800 CW 2016-11-12 1939 OK1JFP        599 EUL        RK3ER         599 348       
QSO:  1800 CW 2016-11-12 1940 OK1JFP        599 EUL        LY2XW         599 273       
QSO:  3500 CW 2016-11-12 1947 OK1JFP        599 EUL        LY2MM         599 56        
QSO:  3500 CW 2016-11-12 1947 OK1JFP        599 EUL        YL5X          599 95        
QSO:  3500 CW 2016-11-12 1948 OK1JFP        599 EUL        SP9LJD        599 73        
QSO:  3500 CW 2016-11-12 1948 OK1JFP        599 EUL        R3EA          599 283       
QSO:  3500 CW 2016-11-12 1949 OK1JFP        599 EUL        SP9DLY        599 54        
QSO:  3500 CW 2016-11-12 1949 OK1JFP        599 EUL        DL2AWA        599 60        
QSO:  3500 CW 2016-11-12 1953 OK1JFP        599 EUL        DL5YCI        599 26        
QSO:  3500 CW 2016-11-12 1954 OK1JFP        599 EUL        HA1TO         599 24        
QSO:  3500 CW 2016-11-12 1954 OK1JFP        599 EUL        YU4SSR        599 80        
QSO:  3500 CW 2016-11-12 1955 OK1JFP        599 EUL        DK5TX         599 67        
QSO:  3500 CW 2016-11-12 1956 OK1JFP        599 EUL        OE1EBC        599 37        
QSO:  3500 CW 2016-11-12 1957 OK1JFP        599 EUL        RL5A          599 29        
QSO:  3500 CW 2016-11-12 1957 OK1JFP        599 EUL        S51RU         599 26        
QSO:  3500 CW 2016-11-12 2000 OK1JFP        599 EUL        LZ7Y          599 37        
QSO:  3500 CW 2016-11-12 2001 OK1JFP        599 EUL        SV1ENG        599 96        
QSO:  3500 CW 2016-11-12 2002 OK1JFP        599 EUL        OZ7YL         599 49        
QSO:  3500 CW 2016-11-12 2003 OK1JFP        599 EUL        9A2EY         599 35        
QSO:  3500 CW 2016-11-12 2003 OK1JFP        599 EUL        SP2QG         599 85        
QSO:  3500 CW 2016-11-12 2004 OK1JFP        599 EUL        DL3ASM        599 73        
QSO:  3500 CW 2016-11-12 2004 OK1JFP        599 EUL        UT1V          599 134       
QSO:  3500 CW 2016-11-12 2006 OK1JFP        599 EUL        R7MM          599 311       
QSO:  3500 CW 2016-11-12 2007 OK1JFP        599 EUL        R6AP          599 109       
QSO:  3500 CW 2016-11-12 2007 OK1JFP        599 EUL        UR5MM         599 194       
QSO:  3500 CW 2016-11-12 2008 OK1JFP        599 EUL        UI7F          599 200       
QSO:  3500 CW 2016-11-12 2009 OK1JFP        599 EUL        RM1T          599 59        
QSO:  3500 CW 2016-11-12 2010 OK1JFP        599 EUL        SP2MKT        599 39        
QSO:  3500 CW 2016-11-12 2012 OK1JFP        599 EUL        R8TT          599 39        
QSO:  3500 CW 2016-11-12 2012 OK1JFP        599 EUL        IZ3SQW        599 34        
QSO:  3500 CW 2016-11-12 2013 OK1JFP        599 EUL        OH1RX         599 84        
QSO:  3500 CW 2016-11-12 2014 OK1JFP        599 EUL        I6FDJ         599 96        
QSO:  3500 CW 2016-11-12 2014 OK1JFP        599 EUL        LY2OM         599 104       
QSO:  3500 CW 2016-11-12 2015 OK1JFP        599 EUL        SP9H          599 5         
QSO:  3500 CW 2016-11-12 2017 OK1JFP        599 EUL        LZ1GE         599 51        
QSO:  3500 CW 2016-11-12 2017 OK1JFP        599 EUL        DD2NU         599 6         
QSO:  3500 CW 2016-11-12 2018 OK1JFP        599 EUL        YO4SI/P       599 63        
QSO:  3500 CW 2016-11-12 2019 OK1JFP        599 EUL        SM0LPO        599 77        
QSO:  3500 CW 2016-11-12 2020 OK1JFP        599 EUL        R2ZA          599 64        
QSO:  3500 CW 2016-11-12 2021 OK1JFP        599 EUL        F6JOE         599 108       
QSO:  3500 CW 2016-11-12 2023 OK1JFP        599 EUL        4O7DX         599 33        
QSO:  3500 CW 2016-11-12 2024 OK1JFP        599 EUL        LY3CY         599 118       
QSO:  3500 CW 2016-11-12 2025 OK1JFP        599 EUL        RZ1OK         599 182       
QSO:  3500 CW 2016-11-12 2026 OK1JFP        599 EUL        UA3YDI        599 35        
QSO:  3500 CW 2016-11-12 2027 OK1JFP        599 EUL        LY1CX         599 71        
QSO:  3500 CW 2016-11-12 2028 OK1JFP        599 EUL        LY3NX         599 69        
QSO:  3500 CW 2016-11-12 2029 OK1JFP        599 EUL        RK9Q          599 150       
QSO:  3500 CW 2016-11-12 2030 OK1JFP        599 EUL        RA3NC         599 275       
QSO:  3500 CW 2016-11-12 2031 OK1JFP        599 EUL        IK2CZQ        599 55        
QSO:  3500 CW 2016-11-12 2032 OK1JFP        599 EUL        SP5UAF        599 46        
QSO:  3500 CW 2016-11-12 2034 OK1JFP        599 EUL        R1QE          599 131       
QSO:  3500 CW 2016-11-12 2034 OK1JFP        599 EUL        UT5UGR        599 48        
QSO:  3500 CW 2016-11-12 2035 OK1JFP        599 EUL        R6CC          599 280       
QSO:  3500 CW 2016-11-12 2036 OK1JFP        599 EUL        LZ7H          599 83        
QSO:  3500 CW 2016-11-12 2038 OK1JFP        599 EUL        RM3N          599 185       
QSO:  3500 CW 2016-11-12 2039 OK1JFP        599 EUL        SM5DXT        599 57        
QSO:  3500 CW 2016-11-12 2040 OK1JFP        599 EUL        F6HDI         599 110       
QSO:  3500 CW 2016-11-12 2041 OK1JFP        599 EUL        UT3UZ         599 64        
QSO:  3500 CW 2016-11-12 2044 OK1JFP        599 EUL        ON7CC         599 41        
QSO:  3500 CW 2016-11-12 2046 OK1JFP        599 EUL        SM5S          599 170       
QSO:  3500 CW 2016-11-12 2048 OK1JFP        599 EUL        SN60KDU       599 84        
QSO:  3500 CW 2016-11-12 2049 OK1JFP        599 EUL        SE5L          599 96        
QSO:  3500 CW 2016-11-12 2050 OK1JFP        599 EUL        E74Y          599 62        
QSO:  3500 CW 2016-11-12 2052 OK1JFP        599 EUL        HA6NW         599 122       
QSO:  3500 CW 2016-11-12 2052 OK1JFP        599 EUL        GM0WED        599 119       
QSO:  3500 CW 2016-11-12 2053 OK1JFP        599 EUL        ON4KNP        599 74        
QSO:  3500 CW 2016-11-12 2053 OK1JFP        599 EUL        YO3LP         599 77        
QSO:  7000 CW 2016-11-12 2106 OK1JFP        599 EUL        RN3S          599 231       
QSO:  7000 CW 2016-11-12 2107 OK1JFP        599 EUL        K1ZZ          599 248       
QSO:  7000 CW 2016-11-12 2108 OK1JFP        599 EUL        UA3R          599 68        
QSO:  7000 CW 2016-11-12 2109 OK1JFP        599 EUL        RT4W          599 132       
QSO:  7000 CW 2016-11-12 2114 OK1JFP        599 EUL        UA1ZCX/3      599 46        
QSO:  7000 CW 2016-11-12 2117 OK1JFP        599 EUL        YU1ED         599 79        
QSO:  7000 CW 2016-11-12 2214 OK1JFP        599 EUL        UA3MIF        599 225       
QSO:  7000 CW 2016-11-12 2214 OK1JFP        599 EUL        UC5D          599 187       
QSO:  7000 CW 2016-11-12 2215 OK1JFP        599 EUL        SV1JG         599 65        
QSO:  7000 CW 2016-11-12 2216 OK1JFP        599 EUL        RA4Y          599 337       
QSO:  7000 CW 2016-11-12 2218 OK1JFP        599 EUL        RC9J          599 113       
QSO:  7000 CW 2016-11-12 2219 OK1JFP        599 EUL        UT1QQ         599 79        
QSO:  7000 CW 2016-11-12 2219 OK1JFP        599 EUL        UI7F          599 234       
QSO:  7000 CW 2016-11-12 2224 OK1JFP        599 EUL        UA9SMU        599 56        
QSO:  3500 CW 2016-11-12 2229 OK1JFP        599 EUL        RO5X          599 76        
QSO:  3500 CW 2016-11-12 2230 OK1JFP        599 EUL        PA3CVI        599 98        
QSO:  3500 CW 2016-11-12 2231 OK1JFP        599 EUL        UT4U          599 169       
QSO:  3500 CW 2016-11-12 2231 OK1JFP        599 EUL        DL3AMB        599 87        
QSO:  3500 CW 2016-11-12 2232 OK1JFP        599 EUL        SP2MHD        599 86        
QSO:  3500 CW 2016-11-12 2232 OK1JFP        599 EUL        I1FLC         599 20        
QSO:  3500 CW 2016-11-12 2233 OK1JFP        599 EUL        UC1A          599 28        
QSO:  3500 CW 2016-11-12 2234 OK1JFP        599 EUL        RU4SO         599 284       
QSO:  3500 CW 2016-11-12 2234 OK1JFP        599 EUL        YT4T          599 130       
QSO:  3500 CW 2016-11-12 2235 OK1JFP        599 EUL        LA8OM         599 77        
QSO:  3500 CW 2016-11-12 2235 OK1JFP        599 EUL        DJ9SN         599 70        
QSO:  3500 CW 2016-11-12 2236 OK1JFP        599 EUL        F1AKK         599 39        
QSO:  3500 CW 2016-11-12 2236 OK1JFP        599 EUL        UA3MIF        599 242       
QSO:  3500 CW 2016-11-12 2238 OK1JFP        599 EUL        9A703XV       599 59        
QSO:  3500 CW 2016-11-12 2238 OK1JFP        599 EUL        W1KM          599 31        
QSO:  3500 CW 2016-11-12 2239 OK1JFP        599 EUL        DL5DBY        599 43        
QSO:  3500 CW 2016-11-12 2240 OK1JFP        599 EUL        DG7MA         599 10        
QSO:  3500 CW 2016-11-12 2240 OK1JFP        599 EUL        LA2HFA        599 165       
QSO:  3500 CW 2016-11-12 2241 OK1JFP        599 EUL        UT1IM         599 192       
QSO:  3500 CW 2016-11-12 2241 OK1JFP        599 EUL        DL7AT         599 34        
QSO:  3500 CW 2016-11-12 2243 OK1JFP        599 EUL        K1ZZ          599 304       
QSO:  3500 CW 2016-11-12 2244 OK1JFP        599 EUL        SB7W          599 167       
QSO:  3500 CW 2016-11-12 2244 OK1JFP        599 EUL        SE6N          599 90        
QSO:  3500 CW 2016-11-12 2245 OK1JFP        599 EUL        AA3B          599 146       
QSO:  3500 CW 2016-11-12 2246 OK1JFP        599 EUL        LA5FBA        599 22        
QSO:  3500 CW 2016-11-12 2247 OK1JFP        599 EUL        PA5SKY        599 38        
QSO:  3500 CW 2016-11-12 2248 OK1JFP        599 EUL        HB9CTU        599 46        
QSO:  3500 CW 2016-11-12 2248 OK1JFP        599 EUL        SM2T          599 272       
QSO:  3500 CW 2016-11-12 2253 OK1JFP        599 EUL        LZ3YV         599 28        
QSO:  3500 CW 2016-11-12 2258 OK1JFP        599 EUL        SP9JZT        599 103       
QSO:  3500 CW 2016-11-12 2300 OK1JFP        599 EUL        I5YKQ         599 74        
QSO:  3500 CW 2016-11-12 2300 OK1JFP        599 EUL        DL6KVA        599 203       
QSO:  3500 CW 2016-11-12 2302 OK1JFP        599 EUL        OR5T          599 15        
QSO:  3500 CW 2016-11-12 2302 OK1JFP        599 EUL        DH8MS         599 17        
QSO:  3500 CW 2016-11-13 0428 OK1JFP        599 EUL        W1FJ          599 107       
QSO:  3500 CW 2016-11-13 0429 OK1JFP        599 EUL        EU6DX         599 268       
QSO:  3500 CW 2016-11-13 0430 OK1JFP        599 EUL        RT3O          599 193       
QSO:  3500 CW 2016-11-13 0431 OK1JFP        599 EUL        LY5O          599 77        
QSO:  3500 CW 2016-11-13 0431 OK1JFP        599 EUL        DH2URF        599 102       
QSO:  3500 CW 2016-11-13 0433 OK1JFP        599 EUL        DL1AWC        599 70        
QSO:  3500 CW 2016-11-13 0435 OK1JFP        599 EUL        DK0NO         599 20        
QSO:  3500 CW 2016-11-13 0436 OK1JFP        599 EUL        DK0SU         599 84        
QSO:  3500 CW 2016-11-13 0441 OK1JFP        599 EUL        N8II          599 99        
QSO:  3500 CW 2016-11-13 0442 OK1JFP        599 EUL        RN4SC         599 170       
QSO:  3500 CW 2016-11-13 0443 OK1JFP        599 EUL        SP9WZJ        599 92        
QSO:  3500 CW 2016-11-13 0446 OK1JFP        599 EUL        RA7R          599 79        
QSO:  3500 CW 2016-11-13 0447 OK1JFP        599 EUL        PA5FN         599 131       
QSO:  3500 CW 2016-11-13 0447 OK1JFP        599 EUL        SM7N          599 217       
QSO:  3500 CW 2016-11-13 0455 OK1JFP        599 EUL        TA3D          599 33        
QSO:  3500 CW 2016-11-13 0457 OK1JFP        599 EUL        N8UM          599 137       
QSO:  3500 CW 2016-11-13 0458 OK1JFP        599 EUL        K3WJV         599 29        
QSO:  3500 CW 2016-11-13 0459 OK1JFP        599 EUL        DL8HK         599 70        
QSO:  3500 CW 2016-11-13 0500 OK1JFP        599 EUL        DL8UD         599 151       
QSO:  3500 CW 2016-11-13 0504 OK1JFP        599 EUL        UR1YAA        599 51        
QSO:  3500 CW 2016-11-13 0505 OK1JFP        599 EUL        DK3OI         599 96        
QSO:  3500 CW 2016-11-13 0508 OK1JFP        599 EUL        K0ZR          599 102       
QSO:  3500 CW 2016-11-13 0509 OK1JFP        599 EUL        YL2CV         599 235       
QSO:  3500 CW 2016-11-13 0520 OK1JFP        599 EUL        K3ZO          599 49        
QSO:  3500 CW 2016-11-13 0521 OK1JFP        599 EUL        F5OHM         599 70        
QSO:  3500 CW 2016-11-13 0526 OK1JFP        599 EUL        OH2VZ         599 154       
QSO:  3500 CW 2016-11-13 0527 OK1JFP        599 EUL        R3MU          599 167       
QSO:  3500 CW 2016-11-13 0530 OK1JFP        599 EUL        K3UL          599 81        
QSO:  3500 CW 2016-11-13 0531 OK1JFP        599 EUL        UA2CZ         599 82        
QSO:  3500 CW 2016-11-13 0533 OK1JFP        599 EUL        DL1ROT        599 88        
QSO:  3500 CW 2016-11-13 0535 OK1JFP        599 EUL        OU3A          599 66        
QSO:  3500 CW 2016-11-13 0537 OK1JFP        599 EUL        G4ARI         599 20        
QSO:  3500 CW 2016-11-13 0538 OK1JFP        599 EUL        K1GQ          599 250       
QSO:  3500 CW 2016-11-13 0540 OK1JFP        599 EUL        UA1CGS        599 16        
QSO:  3500 CW 2016-11-13 0542 OK1JFP        599 EUL        OG7F          599 136       
QSO:  3500 CW 2016-11-13 0548 OK1JFP        599 EUL        IZ3KMY        599 23        
QSO:  3500 CW 2016-11-13 0558 OK1JFP        599 EUL        RT2F          599 19        
QSO:  3500 CW 2016-11-13 0601 OK1JFP        599 EUL        DK1JU         599 1         
QSO:  3500 CW 2016-11-13 0602 OK1JFP        599 EUL        PA3AAV        599 192       
QSO:  3500 CW 2016-11-13 0603 OK1JFP        599 EUL        G3ZGC         599 15        
QSO:  3500 CW 2016-11-13 0604 OK1JFP        599 EUL        F5OGJ         599 24        
QSO:  3500 CW 2016-11-13 0605 OK1JFP        599 EUL        MM3N          599 71        
QSO:  3500 CW 2016-11-13 0608 OK1JFP        599 EUL        F5VHY         599 134       
QSO:  3500 CW 2016-11-13 0609 OK1JFP        599 EUL        SD1A          599 84        
QSO:  7000 CW 2016-11-13 0614 OK1JFP        599 EUL        R3OR          599 105       
QSO:  7000 CW 2016-11-13 0615 OK1JFP        599 EUL        OH2VZ         599 186       
QSO:  7000 CW 2016-11-13 0615 OK1JFP        599 EUL        HA3MY         599 210       
QSO:  7000 CW 2016-11-13 0616 OK1JFP        599 EUL        LY2XW         599 391       
QSO:  7000 CW 2016-11-13 0617 OK1JFP        599 EUL        S51RU         599 43        
QSO:  7000 CW 2016-11-13 0617 OK1JFP        599 EUL        RN3YA         599 167       
QSO:  7000 CW 2016-11-13 0618 OK1JFP        599 EUL        HA4FY         599 49        
QSO:  7000 CW 2016-11-13 0619 OK1JFP        599 EUL        IC8FBU        599 57        
QSO:  7000 CW 2016-11-13 0619 OK1JFP        599 EUL        E74Y          599 211       
QSO:  7000 CW 2016-11-13 0620 OK1JFP        599 EUL        RX1AG         599 127       
QSO:  7000 CW 2016-11-13 0620 OK1JFP        599 EUL        RM6AA         599 266       
QSO:  7000 CW 2016-11-13 0620 OK1JFP        599 EUL        HA6NW         599 162       
QSO:  7000 CW 2016-11-13 0622 OK1JFP        599 EUL        RV3VR         599 75        
QSO:  7000 CW 2016-11-13 0623 OK1JFP        599 EUL        UC7A          599 442       
QSO:  7000 CW 2016-11-13 0624 OK1JFP        599 EUL        UT0RM         599 39        
QSO:  7000 CW 2016-11-13 0625 OK1JFP        599 EUL        SM5DXT        599 195       
QSO:  7000 CW 2016-11-13 0626 OK1JFP        599 EUL        SP1C          599 91        
QSO:  7000 CW 2016-11-13 0627 OK1JFP        599 EUL        YU1DW         599 52        
QSO:  7000 CW 2016-11-13 0627 OK1JFP        599 EUL        IZ8FWN        599 73        
QSO:  7000 CW 2016-11-13 0628 OK1JFP        599 EUL        UY5ZZ         599 39        
QSO:  7000 CW 2016-11-13 0629 OK1JFP        599 EUL        SD1A          599 96        
QSO:  7000 CW 2016-11-13 0630 OK1JFP        599 EUL        IV3HAX        599 65        
QSO:  7000 CW 2016-11-13 0631 OK1JFP        599 EUL        9A8FCC        599 175       
QSO:  7000 CW 2016-11-13 0632 OK1JFP        599 EUL        LA8OM         599 103       
QSO:  7000 CW 2016-11-13 0632 OK1JFP        599 EUL        F5IN          599 99        
QSO:  7000 CW 2016-11-13 0634 OK1JFP        599 EUL        SP1AEN        599 85        
QSO:  7000 CW 2016-11-13 0636 OK1JFP        599 EUL        LY7M          599 36        
QSO:  7000 CW 2016-11-13 0637 OK1JFP        599 EUL        SE2T          599 236       
QSO:  7000 CW 2016-11-13 0638 OK1JFP        599 EUL        DA3T          599 251       
QSO:  7000 CW 2016-11-13 0638 OK1JFP        599 EUL        OE3KAB        599 170       
QSO:  7000 CW 2016-11-13 0639 OK1JFP        599 EUL        RM3N          599 218       
QSO:  7000 CW 2016-11-13 0640 OK1JFP        599 EUL        DL6KVA        599 255       
QSO:  7000 CW 2016-11-13 0640 OK1JFP        599 EUL        OG7F          599 182       
QSO:  7000 CW 2016-11-13 0640 OK1JFP        599 EUL        YL2CV         599 261       
QSO:  7000 CW 2016-11-13 0642 OK1JFP        599 EUL        UA3QAM        599 226       
QSO:  7000 CW 2016-11-13 0642 OK1JFP        599 EUL        PA3AAV        599 219       
QSO:  7000 CW 2016-11-13 0644 OK1JFP        599 EUL        UT3UZ         599 147       
QSO:  7000 CW 2016-11-13 0646 OK1JFP        599 EUL        SM0LPO        599 165       
QSO:  7000 CW 2016-11-13 0647 OK1JFP        599 EUL        EA5DNO        599 161       
QSO:  7000 CW 2016-11-13 0648 OK1JFP        599 EUL        YO9CB         599 74        
QSO:  7000 CW 2016-11-13 0648 OK1JFP        599 EUL        OE1EBC        599 61        
QSO:  7000 CW 2016-11-13 0649 OK1JFP        599 EUL        DL6DSA        599 79        
QSO:  7000 CW 2016-11-13 0651 OK1JFP        599 EUL        SP2MKT        599 109       
QSO:  7000 CW 2016-11-13 0652 OK1JFP        599 EUL        DL8UD         599 188       
QSO:  7000 CW 2016-11-13 0653 OK1JFP        599 EUL        DL3ASM        599 128       
QSO:  7000 CW 2016-11-13 0654 OK1JFP        599 EUL        UA3QGT        599 289       
QSO:  7000 CW 2016-11-13 0654 OK1JFP        599 EUL        F5PBM         599 23        
QSO:  7000 CW 2016-11-13 0656 OK1JFP        599 EUL        F5OHM         599 108       
QSO:  7000 CW 2016-11-13 0656 OK1JFP        599 EUL        UA2CZ         599 92        
QSO:  7000 CW 2016-11-13 0657 OK1JFP        599 EUL        HG7T          599 33        
QSO:  7000 CW 2016-11-13 0658 OK1JFP        599 EUL        SP3DOF        599 1         
QSO:  7000 CW 2016-11-13 0658 OK1JFP        599 EUL        HA3HX         599 92        
QSO:  7000 CW 2016-11-13 0659 OK1JFP        599 EUL        F6GVC         599 142       
QSO:  7000 CW 2016-11-13 0700 OK1JFP        599 EUL        UR5WFP        599 108       
QSO:  7000 CW 2016-11-13 0701 OK1JFP        599 EUL        SK7K          599 258       
QSO:  7000 CW 2016-11-13 0702 OK1JFP        599 EUL        RM3TO         599 113       
QSO:  3500 CW 2016-11-13 0721 OK1JFP        599 EUL        DL9NEI        599 133       
QSO:  3500 CW 2016-11-13 0723 OK1JFP        599 EUL        DL6DSA        599 104       
QSO:  3500 CW 2016-11-13 0727 OK1JFP        599 EUL        HA5PP         599 3         
QSO: 21000 CW 2016-11-13 0734 OK1JFP        599 EUL        UA3QGT        599 312       
QSO: 21000 CW 2016-11-13 0736 OK1JFP        599 EUL        RT3T          599 531       
QSO: 21000 CW 2016-11-13 0737 OK1JFP        599 EUL        R7FO          599 56        
QSO: 21000 CW 2016-11-13 0738 OK1JFP        599 EUL        RM8G          599 72        
QSO: 21000 CW 2016-11-13 0740 OK1JFP        599 EUL        RT4W          599 265       
QSO: 21000 CW 2016-11-13 0740 OK1JFP        599 EUL        UA3UAD        599 91        
QSO: 21000 CW 2016-11-13 0741 OK1JFP        599 EUL        RA3NC         599 361       
QSO: 21000 CW 2016-11-13 0741 OK1JFP        599 EUL        RM6AA         599 305       
QSO: 21000 CW 2016-11-13 0742 OK1JFP        599 EUL        RC9A          599 431       
QSO: 21000 CW 2016-11-13 0746 OK1JFP        599 EUL        JG3CQJ        599 42        
QSO: 21000 CW 2016-11-13 0749 OK1JFP        599 EUL        JA6GCE        599 143       
QSO: 21000 CW 2016-11-13 0751 OK1JFP        599 EUL        UN7PGA        599 70        
QSO: 21000 CW 2016-11-13 0752 OK1JFP        599 EUL        RA4LO         599 198       
QSO: 21000 CW 2016-11-13 0752 OK1JFP        599 EUL        R0AA          599 30        
QSO: 21000 CW 2016-11-13 0753 OK1JFP        599 EUL        RU4SO         599 368       
QSO: 21000 CW 2016-11-13 0753 OK1JFP        599 EUL        UA4C          599 164       
QSO: 21000 CW 2016-11-13 0754 OK1JFP        599 EUL        RT0O          599 64        
QSO: 21000 CW 2016-11-13 0754 OK1JFP        599 EUL        RA9SN         599 109       
QSO: 21000 CW 2016-11-13 0755 OK1JFP        599 EUL        LZ3FN         599 308       
QSO: 21000 CW 2016-11-13 0755 OK1JFP        599 EUL        UA9FGJ        599 27        
QSO: 21000 CW 2016-11-13 0756 OK1JFP        599 EUL        UN2E          599 198       
QSO: 21000 CW 2016-11-13 0756 OK1JFP        599 EUL        UA3MIF        599 312       
QSO: 21000 CW 2016-11-13 0757 OK1JFP        599 EUL        R9CAC         599 75        
QSO: 21000 CW 2016-11-13 0758 OK1JFP        599 EUL        R3DDL         599 27        
QSO: 21000 CW 2016-11-13 0800 OK1JFP        599 EUL        RM4R          599 69        
QSO: 21000 CW 2016-11-13 0802 OK1JFP        599 EUL        RN3S          599 318       
QSO: 21000 CW 2016-11-13 0803 OK1JFP        599 EUL        RK3ER         599 492       
QSO: 21000 CW 2016-11-13 0806 OK1JFP        599 EUL        R3VL          599 203       
QSO: 21000 CW 2016-11-13 0806 OK1JFP        599 EUL        R7MM          599 405       
QSO: 21000 CW 2016-11-13 0807 OK1JFP        599 EUL        RN4AO         599 20        
QSO: 21000 CW 2016-11-13 0807 OK1JFP        599 EUL        SP1MGM        599 23        
QSO: 21000 CW 2016-11-13 0808 OK1JFP        599 EUL        UX1IB         599 143       
QSO: 21000 CW 2016-11-13 0809 OK1JFP        599 EUL        UG4A          599 220       
QSO: 21000 CW 2016-11-13 0811 OK1JFP        599 EUL        UD8A          599 84        
QSO: 21000 CW 2016-11-13 0812 OK1JFP        599 EUL        UA3RF         599 123       
QSO: 21000 CW 2016-11-13 0814 OK1JFP        599 EUL        RM3N          599 242       
QSO: 21000 CW 2016-11-13 0815 OK1JFP        599 EUL        RA4HMT        599 45        
QSO: 21000 CW 2016-11-13 0816 OK1JFP        599 EUL        RW4LR         599 226       
QSO: 21000 CW 2016-11-13 0817 OK1JFP        599 EUL        RU9TN         599 280       
QSO: 21000 CW 2016-11-13 0819 OK1JFP        599 EUL        UA4FDL        599 123       
QSO: 21000 CW 2016-11-13 0819 OK1JFP        599 EUL        UR7MZ         599 284       
QSO: 21000 CW 2016-11-13 0821 OK1JFP        599 EUL        UA3R          599 107       
QSO: 21000 CW 2016-11-13 0821 OK1JFP        599 EUL        RA4Y          599 467       
QSO: 14000 CW 2016-11-13 0826 OK1JFP        599 EUL        SM5CSS        599 27        
QSO: 14000 CW 2016-11-13 0827 OK1JFP        599 EUL        SV4FFL        599 162       
QSO: 14000 CW 2016-11-13 0828 OK1JFP        599 EUL        SB7W          599 203       
QSO: 14000 CW 2016-11-13 0830 OK1JFP        599 EUL        G0BBO         599 91        
QSO: 14000 CW 2016-11-13 0831 OK1JFP        599 EUL        R3LC          599 65        
QSO: 14000 CW 2016-11-13 0833 OK1JFP        599 EUL        LZ1FI         599 3         
QSO: 14000 CW 2016-11-13 0835 OK1JFP        599 EUL        RA9AP         599 213       
QSO: 14000 CW 2016-11-13 0835 OK1JFP        599 EUL        YO7CVL        599 65        
QSO: 14000 CW 2016-11-13 0836 OK1JFP        599 EUL        UR4LIN        599 78        
QSO: 14000 CW 2016-11-13 0836 OK1JFP        599 EUL        EW8G          599 163       
QSO: 14000 CW 2016-11-13 0838 OK1JFP        599 EUL        RT5C          599 115       
QSO: 14000 CW 2016-11-13 0839 OK1JFP        599 EUL        US5UZ         599 2         
QSO: 14000 CW 2016-11-13 0839 OK1JFP        599 EUL        SK7K          599 287       
QSO: 14000 CW 2016-11-13 0842 OK1JFP        599 EUL        UN7CN         599 55        
QSO: 14000 CW 2016-11-13 0842 OK1JFP        599 EUL        UA6LCJ        599 114       
QSO: 14000 CW 2016-11-13 0843 OK1JFP        599 EUL        TA3AER        599 46        
QSO: 14000 CW 2016-11-13 0844 OK1JFP        599 EUL        RA6AR         599 189       
QSO: 14000 CW 2016-11-13 0844 OK1JFP        599 EUL        F6AUS         599 168       
QSO: 14000 CW 2016-11-13 0845 OK1JFP        599 EUL        R6CC          599 409       
QSO: 14000 CW 2016-11-13 0845 OK1JFP        599 EUL        UT4U          599 242       
QSO: 14000 CW 2016-11-13 0845 OK1JFP        599 EUL        YT4T          599 230       
QSO: 14000 CW 2016-11-13 0850 OK1JFP        599 EUL        US3LX         599 96        
QSO: 14000 CW 2016-11-13 0851 OK1JFP        599 EUL        UR7MZ         599 307       
QSO: 14000 CW 2016-11-13 0854 OK1JFP        599 EUL        RK9DO         599 55        
QSO: 14000 CW 2016-11-13 0913 OK1JFP        599 EUL        YT2ISM        599 6         
QSO: 14000 CW 2016-11-13 0913 OK1JFP        599 EUL        R7MT          599 102       
QSO: 14000 CW 2016-11-13 0914 OK1JFP        599 EUL        R4AC          599 60        
QSO: 14000 CW 2016-11-13 0914 OK1JFP        599 EUL        UX3HX         599 52        
QSO: 14000 CW 2016-11-13 0915 OK1JFP        599 EUL        YL2KO         599 167       
QSO: 14000 CW 2016-11-13 0916 OK1JFP        599 EUL        UA3UBT        599 68        
QSO: 14000 CW 2016-11-13 0916 OK1JFP        599 EUL        MM3N          599 131       
QSO: 14000 CW 2016-11-13 0917 OK1JFP        599 EUL        UA3RF         599 176       
QSO: 14000 CW 2016-11-13 0917 OK1JFP        599 EUL        OG6T          599 95        
QSO: 14000 CW 2016-11-13 0918 OK1JFP        599 EUL        RA9SN         599 157       
QSO: 14000 CW 2016-11-13 0920 OK1JFP        599 EUL        UN9LW         599 34        
QSO: 14000 CW 2016-11-13 0923 OK1JFP        599 EUL        LZ1DQ         599 105       
QSO: 14000 CW 2016-11-13 0924 OK1JFP        599 EUL        UT3UV         599 65        
QSO: 14000 CW 2016-11-13 0924 OK1JFP        599 EUL        RT3O          599 304       
QSO: 14000 CW 2016-11-13 0924 OK1JFP        599 EUL        F5IN          599 192       
QSO: 14000 CW 2016-11-13 0925 OK1JFP        599 EUL        R9XS          599 155       
QSO: 14000 CW 2016-11-13 0925 OK1JFP        599 EUL        RN0A          599 92        
QSO: 14000 CW 2016-11-13 0926 OK1JFP        599 EUL        UT5VX         599 62        
QSO: 14000 CW 2016-11-13 0927 OK1JFP        599 EUL        EA3IN         599 71        
QSO: 14000 CW 2016-11-13 0928 OK1JFP        599 EUL        R8XW          599 46        
QSO: 14000 CW 2016-11-13 0928 OK1JFP        599 EUL        RA4L          599 24        
QSO: 14000 CW 2016-11-13 0929 OK1JFP        599 EUL        EW8OM         599 257       
QSO: 14000 CW 2016-11-13 0930 OK1JFP        599 EUL        UN7ZZ         599 43        
QSO: 14000 CW 2016-11-13 0930 OK1JFP        599 EUL        M0HFB         599 103       
QSO: 14000 CW 2016-11-13 0935 OK1JFP        599 EUL        R3AP          599 24        
QSO: 14000 CW 2016-11-13 0937 OK1JFP        599 EUL        R2ZA          599 111       
QSO: 14000 CW 2016-11-13 0937 OK1JFP        599 EUL        R9CAC         599 130       
QSO: 14000 CW 2016-11-13 0938 OK1JFP        599 EUL        RM3TO         599 163       
QSO: 14000 CW 2016-11-13 0939 OK1JFP        599 EUL        SE2T          599 311       
QSO: 14000 CW 2016-11-13 0941 OK1JFP        599 EUL        UT1IM         599 206       
QSO: 14000 CW 2016-11-13 0942 OK1JFP        599 EUL        YU1FG         599 261       
QSO: 14000 CW 2016-11-13 0943 OK1JFP        599 EUL        RA6FUZ        599 201       
QSO: 14000 CW 2016-11-13 0944 OK1JFP        599 EUL        RO5O          599 33        
QSO: 14000 CW 2016-11-13 0945 OK1JFP        599 EUL        RW0AJ         599 68        
QSO: 14000 CW 2016-11-13 0946 OK1JFP        599 EUL        G3XOV         599 65        
QSO: 14000 CW 2016-11-13 0947 OK1JFP        599 EUL        EA5IIK        599 80        
QSO: 14000 CW 2016-11-13 0948 OK1JFP        599 EUL        RD1T          599 152       
QSO: 14000 CW 2016-11-13 0949 OK1JFP        599 EUL        RA7C          599 104       
QSO: 14000 CW 2016-11-13 0950 OK1JFP        599 EUL        LZ1YE         599 17        
QSO:  7000 CW 2016-11-13 1012 OK1JFP        599 EUL        PA3ATN        599 55        
QSO:  7000 CW 2016-11-13 1013 OK1JFP        599 EUL        SP2MHD        599 167       
QSO:  7000 CW 2016-11-13 1013 OK1JFP        599 EUL        SN60KDU       599 156       
QSO:  7000 CW 2016-11-13 1014 OK1JFP        599 EUL        DK5TX         599 127       
QSO:  7000 CW 2016-11-13 1015 OK1JFP        599 EUL        DL5JQ         599 17        
QSO:  7000 CW 2016-11-13 1016 OK1JFP        599 EUL        IK2SND        599 212       
QSO:  7000 CW 2016-11-13 1016 OK1JFP        599 EUL        9A2EY         599 146       
QSO:  7000 CW 2016-11-13 1017 OK1JFP        599 EUL        DL8HK         599 181       
QSO:  7000 CW 2016-11-13 1018 OK1JFP        599 EUL        HA3PT         599 86        
QSO:  7000 CW 2016-11-13 1019 OK1JFP        599 EUL        SP9RI         599 146       
QSO:  7000 CW 2016-11-13 1019 OK1JFP        599 EUL        DL1CW         599 191       
QSO:  7000 CW 2016-11-13 1020 OK1JFP        599 EUL        YU1KN         599 27        
QSO:  7000 CW 2016-11-13 1021 OK1JFP        599 EUL        S52W          599 81        
QSO:  7000 CW 2016-11-13 1022 OK1JFP        599 EUL        G4ERW         599 80        
QSO:  7000 CW 2016-11-13 1024 OK1JFP        599 EUL        SP6A          599 199       
QSO:  7000 CW 2016-11-13 1025 OK1JFP        599 EUL        DL2AWW        599 69        
QSO:  7000 CW 2016-11-13 1025 OK1JFP        599 EUL        DL3AMB        599 105       
QSO:  7000 CW 2016-11-13 1026 OK1JFP        599 EUL        HA8TP         599 101       
QSO:  7000 CW 2016-11-13 1026 OK1JFP        599 EUL        SQ9FQY        599 42        
QSO:  7000 CW 2016-11-13 1027 OK1JFP        599 EUL        PA3GDD        599 19        
QSO:  7000 CW 2016-11-13 1028 OK1JFP        599 EUL        HA9SB         599 61        
QSO:  7000 CW 2016-11-13 1030 OK1JFP        599 EUL        R2ZA          599 140       
QSO:  7000 CW 2016-11-13 1030 OK1JFP        599 EUL        DL3GA         599 171       
QSO:  7000 CW 2016-11-13 1032 OK1JFP        599 EUL        ON7CC         599 131       
QSO:  7000 CW 2016-11-13 1033 OK1JFP        599 EUL        PA5FN         599 196       
QSO:  7000 CW 2016-11-13 1034 OK1JFP        599 EUL        DF3SM         599 85        
QSO:  7000 CW 2016-11-13 1035 OK1JFP        599 EUL        DK3WN         599 129       
QSO:  7000 CW 2016-11-13 1036 OK1JFP        599 EUL        DL5MO         599 61        
QSO:  7000 CW 2016-11-13 1036 OK1JFP        599 EUL        SO5N          599 42        
QSO:  7000 CW 2016-11-13 1037 OK1JFP        599 EUL        SP9DUX        599 171       
QSO:  7000 CW 2016-11-13 1038 OK1JFP        599 EUL        G0ORH         599 32        
QSO:  7000 CW 2016-11-13 1039 OK1JFP        599 EUL        DL7PA         599 2         
QSO:  7000 CW 2016-11-13 1039 OK1JFP        599 EUL        PG2AA         599 10        
QSO:  7000 CW 2016-11-13 1039 OK1JFP        599 EUL        DK5CF         599 68        
QSO:  7000 CW 2016-11-13 1040 OK1JFP        599 EUL        SP9WZJ        599 163       
QSO:  7000 CW 2016-11-13 1040 OK1JFP        599 EUL        PA3CLQ        599 64        
QSO:  7000 CW 2016-11-13 1041 OK1JFP        599 EUL        DL9NEI        599 185       
QSO:  7000 CW 2016-11-13 1042 OK1JFP        599 EUL        DJ0YI         599 58        
QSO:  7000 CW 2016-11-13 1043 OK1JFP        599 EUL        YL3CW         599 32        
QSO:  7000 CW 2016-11-13 1044 OK1JFP        599 EUL        HB9DAX        599 28        
QSO:  7000 CW 2016-11-13 1045 OK1JFP        599 EUL        HA7PL         599 131       
QSO:  7000 CW 2016-11-13 1046 OK1JFP        599 EUL        DL1ROT        599 158       
QSO:  7000 CW 2016-11-13 1047 OK1JFP        599 EUL        SF3A          599 300       
QSO:  7000 CW 2016-11-13 1048 OK1JFP        599 EUL        I6FDJ         599 212       
QSO:  7000 CW 2016-11-13 1049 OK1JFP        599 EUL        DL1NEK        599 7         
QSO:  7000 CW 2016-11-13 1050 OK1JFP        599 EUL        SP9LJD        599 262       
QSO:  7000 CW 2016-11-13 1050 OK1JFP        599 EUL        LZ2TU         599 83        
QSO:  7000 CW 2016-11-13 1051 OK1JFP        599 EUL        DL3CX         599 82        
QSO:  7000 CW 2016-11-13 1052 OK1JFP        599 EUL        SD6M          599 209       
QSO:  7000 CW 2016-11-13 1053 OK1JFP        599 EUL        SQ3MVC        599 75        
QSO:  7000 CW 2016-11-13 1054 OK1JFP        599 EUL        LY2OM         599 209       
QSO:  7000 CW 2016-11-13 1055 OK1JFP        599 EUL        ON5JD         599 72        
QSO:  7000 CW 2016-11-13 1057 OK1JFP        599 EUL        DF6RI         599 58        
QSO:  7000 CW 2016-11-13 1057 OK1JFP        599 EUL        SP9M          599 73        
QSO:  7000 CW 2016-11-13 1058 OK1JFP        599 EUL        SP4GHL        599 130       
QSO:  7000 CW 2016-11-13 1058 OK1JFP        599 EUL        DL7YS         599 89        
QSO:  7000 CW 2016-11-13 1059 OK1JFP        599 EUL        DG7MA         599 27        
QSO:  7000 CW 2016-11-13 1101 OK1JFP        599 EUL        DK3OI         599 155       
QSO:  7000 CW 2016-11-13 1101 OK1JFP        599 EUL        SV2DSJ        599 236       
QSO:  7000 CW 2016-11-13 1106 OK1JFP        599 EUL        S57KV         599 72        
QSO:  7000 CW 2016-11-13 1106 OK1JFP        599 EUL        PA0RHA        599 45        
QSO: 21000 CW 2016-11-13 1111 OK1JFP        599 EUL        CT1ELZ        599 167       
QSO: 21000 CW 2016-11-13 1113 OK1JFP        599 EUL        R3EA          599 419       
QSO: 14000 CW 2016-11-13 1118 OK1JFP        599 EUL        R9QQ          599 117       
QSO: 14000 CW 2016-11-13 1119 OK1JFP        599 EUL        DL6KVA        599 327       
QSO: 14000 CW 2016-11-13 1120 OK1JFP        599 EUL        LA8OM         599 228       
QSO: 14000 CW 2016-11-13 1120 OK1JFP        599 EUL        RA7R          599 195       
QSO: 14000 CW 2016-11-13 1122 OK1JFP        599 EUL        UT3GX/QRP     599 64        
QSO: 14000 CW 2016-11-13 1123 OK1JFP        599 EUL        GM0WED        599 227       
QSO: 14000 CW 2016-11-13 1123 OK1JFP        599 EUL        R9FN          599 176       
QSO: 14000 CW 2016-11-13 1125 OK1JFP        599 EUL        SM5DXT        599 348       
QSO: 14000 CW 2016-11-13 1128 OK1JFP        599 EUL        CT1ELZ        599 176       
QSO: 14000 CW 2016-11-13 1129 OK1JFP        599 EUL        SV1ENG        599 277       
QSO: 14000 CW 2016-11-13 1130 OK1JFP        599 EUL        UA6HFI        599 236       
QSO:  7000 CW 2016-11-13 1138 OK1JFP        599 EUL        DL1NKS        599 224       
QSO:  7000 CW 2016-11-13 1138 OK1JFP        599 EUL        HA1AS         599 111       
QSO:  7000 CW 2016-11-13 1139 OK1JFP        599 EUL        DJ50MUC       599 77        
QSO:  7000 CW 2016-11-13 1140 OK1JFP        599 EUL        IW3FVZ        599 59        
QSO:  7000 CW 2016-11-13 1141 OK1JFP        599 EUL        DL0BZA        599 10        
QSO:  7000 CW 2016-11-13 1142 OK1JFP        599 EUL        YU1NIM        599 39        
QSO:  7000 CW 2016-11-13 1143 OK1JFP        599 EUL        DL9FCQ        599 10        
QSO:  7000 CW 2016-11-13 1144 OK1JFP        599 EUL        SM7CIL        599 91        
QSO:  7000 CW 2016-11-13 1145 OK1JFP        599 EUL        I2AZ          599 26        
QSO:  7000 CW 2016-11-13 1147 OK1JFP        599 EUL        Z35F          599 206       
QSO:  7000 CW 2016-11-13 1148 OK1JFP        599 EUL        DL1RNN        599 52        
QSO:  7000 CW 2016-11-13 1148 OK1JFP        599 EUL        SQ9S          599 58        
QSO:  7000 CW 2016-11-13 1149 OK1JFP        599 EUL        RT3O          599 345       
QSO:  7000 CW 2016-11-13 1150 OK1JFP        599 EUL        HA9PP         599 70        
QSO:  7000 CW 2016-11-13 1152 OK1JFP        599 EUL        DL0FMC        599 37        
QSO:  7000 CW 2016-11-13 1153 OK1JFP        599 EUL        OH1KH         599 8         
QSO:  7000 CW 2016-11-13 1155 OK1JFP        599 EUL        SE6N          599 170       
QSO:  7000 CW 2016-11-13 1156 OK1JFP        599 EUL        DK3YD         599 21        
QSO:  7000 CW 2016-11-13 1157 OK1JFP        599 EUL        SP3BES        599 66        
QSO:  7000 CW 2016-11-13 1159 OK1JFP        599 EUL        R7RC          599 101       
END-OF-LOG:
