START-OF-LOG: 3.0
CONTEST: WW-DIGI
CALLSIGN: DO1HFS
LOCATION: DX
CATEGORY-OPERATOR: SINGLE-OP
CATEGORY-BAND: ALL
CATEGORY-POWER: LOW
CATEGORY-ASSISTED: NON-ASSISTED
CATEGORY-MODE: DIGI
CATEGORY-TRANSMITTER: ONE
GRID-LOCATOR: JN67IW
CLAIMED-SCORE:
NAME: Heinrich Schnell
CLUB: DARC
CREATED-BY:
QSO:  28076  DG 2020-08-30 0928  DO1HFS           JN67     PA2REH           JO22    
QSO:  21081  DG 2020-08-30 0930  DO1HFS           JN67     UZ2I             KN88    
QSO:  21081  DG 2020-08-30 0931  DO1HFS           JN67     US7KC            KO21    
QSO:  21081  DG 2020-08-30 0932  DO1HFS           JN67     M0BJL            IO90    
QSO:  21082  DG 2020-08-30 0934  DO1HFS           JN67     SM5BS            JO89    
QSO:  21082  DG 2020-08-30 0935  DO1HFS           JN67     SP5GDY           KO02    
QSO:  21081  DG 2020-08-30 0937  DO1HFS           JN67     ON5AM            JO20    
QSO:  21082  DG 2020-08-30 0937  DO1HFS           JN67     LZ8E             KN33    
QSO:  21081  DG 2020-08-30 0938  DO1HFS           JN67     M0JBM            IO81    
QSO:  21081  DG 2020-08-30 0939  DO1HFS           JN67     M0JBM            IO81    
QSO:  21080  DG 2020-08-30 0941  DO1HFS           JN67     OO9O             JO21    
QSO:  28082  DG 2020-08-30 0943  DO1HFS           JN67     LZ8E             KN33    
QSO:  28081  DG 2020-08-30 0945  DO1HFS           JN67     DP7D             JO32    
QSO:  28081  DG 2020-08-30 0945  DO1HFS           JN67     LA6CF            JO49    
QSO:  28091  DG 2020-08-30 0947  DO1HFS           JN67     ON6NL            JO21    
END-OF-LOG:
