START-OF-LOG: 3.0
CONTEST: WW-DIGI
CALLSIGN: SF0D
LOCATION: DX
CATEGORY-OPERATOR: SINGLE-OP
CATEGORY-BAND: ALL
CATEGORY-POWER: LOW
CATEGORY-ASSISTED: NON-ASSISTED
CATEGORY-MODE: DIGI
CATEGORY-TRANSMITTER: ONE
GRID-LOCATOR: JO99
CLAIMED-SCORE:
NAME: Ingemar Johansson
OPERATORS: SM0DSF
CLUB: SK0QO
CREATED-BY:
QSO:  21091  DG 2020-08-29 1208  SF0D             JO99     UT5UN            KO50    
QSO:  21091  DG 2020-08-29 1212  SF0D             JO99     UZ2I             KN88    
QSO:  14091  DG 2020-08-29 1219  SF0D             JO99     M7DJK            JO01    
QSO:  14091  DG 2020-08-29 1227  SF0D             JO99     S57AW            JN76    
QSO:  14091  DG 2020-08-29 1229  SF0D             JO99     OK2FD            JN79    
QSO:  14091  DG 2020-08-29 1233  SF0D             JO99     HB9BUN           JN47    
QSO:  14091  DG 2020-08-29 1234  SF0D             JO99     TA4ORZ           KM46    
QSO:  14091  DG 2020-08-29 1237  SF0D             JO99     I3FIY            JN55    
QSO:  14091  DG 2020-08-29 1240  SF0D             JO99     PD7RF            JO22    
QSO:  14090  DG 2020-08-29 1250  SF0D             JO99     UA0SU            OO22    
QSO:  14090  DG 2020-08-29 1254  SF0D             JO99     PE3T             JO21    
QSO:  14090  DG 2020-08-29 1255  SF0D             JO99     UR5ZGY           KN57    
QSO:  14080  DG 2020-08-29 1301  SF0D             JO99     S50R             JN76    
QSO:  14080  DG 2020-08-29 1304  SF0D             JO99     S54Z             JN76    
QSO:  14080  DG 2020-08-29 1305  SF0D             JO99     IN3FOI           JN55    
QSO:  14080  DG 2020-08-29 1307  SF0D             JO99     S57AM            JN66    
QSO:  14080  DG 2020-08-29 1310  SF0D             JO99     OE1GAQ           JN88    
QSO:  14080  DG 2020-08-29 1311  SF0D             JO99     PD0JMH           JO32    
QSO:  14080  DG 2020-08-29 1313  SF0D             JO99     PA2RO            JO22    
QSO:  14080  DG 2020-08-29 1322  SF0D             JO99     DL0GC            JO31    
QSO:  14080  DG 2020-08-29 1323  SF0D             JO99     UA9MA            MO64    
QSO:  14080  DG 2020-08-29 1327  SF0D             JO99     OE3FVU           JN78    
QSO:  14080  DG 2020-08-29 1335  SF0D             JO99     K5ZD             FN42    
QSO:  14080  DG 2020-08-29 1336  SF0D             JO99     US6CQ            KN69    
QSO:  14080  DG 2020-08-29 1337  SF0D             JO99     UY5QQ            KN77    
QSO:  14080  DG 2020-08-29 1338  SF0D             JO99     IK2XDE           JN45    
QSO:  14080  DG 2020-08-29 1339  SF0D             JO99     3V8SS            JM54    
QSO:   7080  DG 2020-08-29 1430  SF0D             JO99     ER4A             KN38    
QSO:   7080  DG 2020-08-29 1431  SF0D             JO99     SP5MNT           KO02    
QSO:   7080  DG 2020-08-29 1431  SF0D             JO99     G3WPH            IO91    
QSO:   7080  DG 2020-08-29 1433  SF0D             JO99     G2KS             IO84    
QSO:   7080  DG 2020-08-29 1434  SF0D             JO99     SP9DTE           JO84    
QSO:   7080  DG 2020-08-29 1436  SF0D             JO99     UA9MA            MO64    
QSO:   7080  DG 2020-08-29 1438  SF0D             JO99     DL2OHL           JO31    
QSO:   7080  DG 2020-08-29 1440  SF0D             JO99     IZ5IIN           JN53    
QSO:   7080  DG 2020-08-29 1442  SF0D             JO99     S51A             JN76    
QSO:   7080  DG 2020-08-29 1444  SF0D             JO99     HG1G             JN86    
QSO:   7080  DG 2020-08-29 1447  SF0D             JO99     DK3WN            JN49    
QSO:   7080  DG 2020-08-29 1450  SF0D             JO99     IK3ORD           JN55    
QSO:   7080  DG 2020-08-29 1453  SF0D             JO99     SM0JCA           JO99    
QSO:   7080  DG 2020-08-29 1455  SF0D             JO99     UZ2I             KN88    
QSO:   7080  DG 2020-08-29 1456  SF0D             JO99     RK2M             KO97    
QSO:   7080  DG 2020-08-29 1458  SF0D             JO99     G4CUS            JO00    
QSO:   7080  DG 2020-08-29 1458  SF0D             JO99     ON5LW            JO21    
QSO:   7080  DG 2020-08-29 1459  SF0D             JO99     SP6NIC           JO81    
QSO:   7081  DG 2020-08-29 1507  SF0D             JO99     LY2PAD           KO14    
QSO:   7090  DG 2020-08-29 1509  SF0D             JO99     UW7LL            KN79    
QSO:   7090  DG 2020-08-29 1511  SF0D             JO99     G4EBY            IO91    
QSO:   7090  DG 2020-08-29 1512  SF0D             JO99     DJ1TU            JN48    
QSO:   7090  DG 2020-08-29 1514  SF0D             JO99     SP6EIY           JO80    
QSO:   7090  DG 2020-08-29 1516  SF0D             JO99     R4SAV            LO36    
QSO:   7090  DG 2020-08-29 1523  SF0D             JO99     SP8FO            KO11    
QSO:   7090  DG 2020-08-29 1526  SF0D             JO99     G2U              IO91    
QSO:   7090  DG 2020-08-29 1534  SF0D             JO99     9A1A             JN85    
QSO:   7090  DG 2020-08-29 1540  SF0D             JO99     UP4L             MO13    
QSO:  21090  DG 2020-08-29 1543  SF0D             JO99     MI7RPG           IO64    
QSO:  21090  DG 2020-08-29 1545  SF0D             JO99     YU4VBX           JN94    
QSO:  21090  DG 2020-08-29 1549  SF0D             JO99     S50A             JN75    
QSO:  14090  DG 2020-08-29 1557  SF0D             JO99     GJ0KYZ           IN89    
QSO:  14090  DG 2020-08-29 1559  SF0D             JO99     DL4MFA           JN57    
QSO:  14090  DG 2020-08-29 1601  SF0D             JO99     SP9MRP           JO90    
QSO:  14090  DG 2020-08-29 1608  SF0D             JO99     DJ5CT            JO30    
QSO:  14080  DG 2020-08-29 1619  SF0D             JO99     P33W             KM65    
QSO:  14080  DG 2020-08-29 1629  SF0D             JO99     YU5R             KN04    
QSO:  14080  DG 2020-08-29 1630  SF0D             JO99     OZ/DJ5LA         JO45    
QSO:  14080  DG 2020-08-29 1632  SF0D             JO99     SP6IHE           JO80    
QSO:   7081  DG 2020-08-29 1641  SF0D             JO99     LX1NO            JN39    
QSO:   7081  DG 2020-08-29 1645  SF0D             JO99     SP6DVP           JO80    
QSO:   7081  DG 2020-08-29 1647  SF0D             JO99     S57AW            JN76    
QSO:   7081  DG 2020-08-29 1649  SF0D             JO99     F6GGA            JN37    
QSO:   7081  DG 2020-08-29 1649  SF0D             JO99     UT3NK            KN49    
QSO:   7081  DG 2020-08-29 1650  SF0D             JO99     SP4BAO           KO03    
QSO:   7081  DG 2020-08-29 1900  SF0D             JO99     UA6CE            LN05    
QSO:   7081  DG 2020-08-29 1903  SF0D             JO99     S51CK            JN76    
QSO:   7081  DG 2020-08-29 1906  SF0D             JO99     R9FE             LO76    
QSO:   7081  DG 2020-08-29 1907  SF0D             JO99     DC4CP            JO30    
QSO:   7081  DG 2020-08-29 1908  SF0D             JO99     UT7IS            KN98    
QSO:   7081  DG 2020-08-29 1911  SF0D             JO99     DL0PPP           JO52    
QSO:   7081  DG 2020-08-29 1914  SF0D             JO99     PA3EWP           JO21    
QSO:   7081  DG 2020-08-29 1916  SF0D             JO99     PA3DTR           JO21    
QSO:   7081  DG 2020-08-29 1922  SF0D             JO99     DL9FB            JO51    
QSO:   7080  DG 2020-08-29 1926  SF0D             JO99     UX7QV            KN87    
QSO:   7081  DG 2020-08-29 1928  SF0D             JO99     UT2AU            KO61    
QSO:   7081  DG 2020-08-29 1935  SF0D             JO99     UX8IW            KN87    
QSO:   7081  DG 2020-08-29 1938  SF0D             JO99     UX1VT            KN68    
QSO:   7081  DG 2020-08-29 1939  SF0D             JO99     UR5ZGY           KN57    
QSO:   7081  DG 2020-08-29 1940  SF0D             JO99     G8PGO            IO92    
QSO:   7081  DG 2020-08-29 1941  SF0D             JO99     RA1ALC           KO59    
QSO:   7081  DG 2020-08-29 1945  SF0D             JO99     EA4FME           IN80    
QSO:   7081  DG 2020-08-29 1946  SF0D             JO99     5B4AIF           KM64    
QSO:   7090  DG 2020-08-29 1949  SF0D             JO99     RA3Y             KO73    
QSO:   7090  DG 2020-08-29 1951  SF0D             JO99     PD0JMH           JO32    
QSO:   3590  DG 2020-08-29 1958  SF0D             JO99     UA9MA            MO64    
QSO:   3590  DG 2020-08-29 2000  SF0D             JO99     DF8QB            JO31    
QSO:   3590  DG 2020-08-29 2004  SF0D             JO99     9A5Y             JN85    
QSO:   3590  DG 2020-08-29 2005  SF0D             JO99     LY5G             KO05    
QSO:   3590  DG 2020-08-29 2007  SF0D             JO99     DM3XRF           JN39    
QSO:   3590  DG 2020-08-29 2008  SF0D             JO99     SM6FZO           JO66    
QSO:   3590  DG 2020-08-29 2013  SF0D             JO99     UA9FLK           LO88    
QSO:   3590  DG 2020-08-29 2015  SF0D             JO99     ON7WM            JO21    
QSO:   3590  DG 2020-08-29 2016  SF0D             JO99     UZ2I             KN88    
QSO:   3590  DG 2020-08-29 2020  SF0D             JO99     LY7Z             KO15    
QSO:   3590  DG 2020-08-29 2021  SF0D             JO99     OH4AB            KP32    
QSO:   3590  DG 2020-08-29 2023  SF0D             JO99     LY3BRA           KO14    
QSO:   3590  DG 2020-08-29 2025  SF0D             JO99     9A1A             JN85    
QSO:   3590  DG 2020-08-29 2027  SF0D             JO99     R4MA             LO33    
QSO:   3590  DG 2020-08-29 2028  SF0D             JO99     S53F             JN75    
QSO:   3590  DG 2020-08-29 2030  SF0D             JO99     OH2BRG           KP21    
QSO:   3590  DG 2020-08-29 2032  SF0D             JO99     LY3BRA           KO14    
QSO:   3590  DG 2020-08-29 2036  SF0D             JO99     R2AT             KO85    
QSO:   3590  DG 2020-08-29 2037  SF0D             JO99     DL8RBR           JN68    
QSO:   3590  DG 2020-08-29 2039  SF0D             JO99     SP5DL            KO02    
QSO:   3590  DG 2020-08-29 2041  SF0D             JO99     UX7QV            KN87    
QSO:   3590  DG 2020-08-29 2047  SF0D             JO99     UT2AU            KO61    
QSO:   3590  DG 2020-08-29 2051  SF0D             JO99     DH8WR            JO50    
QSO:   3590  DG 2020-08-29 2052  SF0D             JO99     RU6YJ            LN04    
QSO:   3590  DG 2020-08-29 2055  SF0D             JO99     LZ8E             KN33    
QSO:   3590  DG 2020-08-29 2057  SF0D             JO99     UX1VT            KN68    
QSO:   3590  DG 2020-08-30 0417  SF0D             JO99     SE4E             JP70    
QSO:   3590  DG 2020-08-30 0419  SF0D             JO99     DL5NAV           JO33    
QSO:   3590  DG 2020-08-30 0426  SF0D             JO99     US7KC            KO21    
QSO:   3590  DG 2020-08-30 0428  SF0D             JO99     YL2KF            KO27    
QSO:   3590  DG 2020-08-30 0430  SF0D             JO99     YL1ZF            KO27    
QSO:   3590  DG 2020-08-30 0433  SF0D             JO99     OM7JG            JN98    
QSO:   3581  DG 2020-08-30 0441  SF0D             JO99     OH6BA            KP21    
QSO:   7081  DG 2020-08-30 0443  SF0D             JO99     IZ5IIN           JN53    
QSO:   7081  DG 2020-08-30 0445  SF0D             JO99     SE0X             JO99    
QSO:   7081  DG 2020-08-30 0448  SF0D             JO99     YO9FFX           KN24    
QSO:   7081  DG 2020-08-30 0449  SF0D             JO99     9A1CBM           JN83    
QSO:   7081  DG 2020-08-30 0450  SF0D             JO99     PT5J             GG52    
QSO:   7081  DG 2020-08-30 0454  SF0D             JO99     S57DD            JN76    
QSO:   7090  DG 2020-08-30 0500  SF0D             JO99     G2KS             IO84    
QSO:   7090  DG 2020-08-30 0501  SF0D             JO99     UR5NMZ           KN49    
QSO:   7090  DG 2020-08-30 0508  SF0D             JO99     DM8ANE           JN58    
QSO:   7090  DG 2020-08-30 0510  SF0D             JO99     RA3S             KO94    
QSO:   7090  DG 2020-08-30 0511  SF0D             JO99     PY2KNK           GG56    
QSO:   7090  DG 2020-08-30 0513  SF0D             JO99     MI7RPG           IO64    
QSO:   7090  DG 2020-08-30 0515  SF0D             JO99     MW7WAD           IO82    
QSO:   7090  DG 2020-08-30 0517  SF0D             JO99     RN3DKE           KO85    
QSO:   7090  DG 2020-08-30 0518  SF0D             JO99     UR5ZGY           KN57    
QSO:   7090  DG 2020-08-30 0521  SF0D             JO99     DC4CP            JO30    
QSO:   7090  DG 2020-08-30 0525  SF0D             JO99     UT7IS            KN98    
QSO:   7090  DG 2020-08-30 0529  SF0D             JO99     RN3OG            KO91    
QSO:   7081  DG 2020-08-30 0533  SF0D             JO99     HG1G             JN86    
QSO:   7081  DG 2020-08-30 0534  SF0D             JO99     S54I             JN76    
QSO:   7081  DG 2020-08-30 0535  SF0D             JO99     PC2K             JO22    
QSO:   7081  DG 2020-08-30 0537  SF0D             JO99     RA3LJ            KO64    
END-OF-LOG:
