START-OF-LOG: 3.0
CREATED-BY: reconstructed-log-builder
CONTEST: CQ-WW-SSB
CALLSIGN: G4WFQ
LOCATION: 
CATEGORY: CHECKLOG
CATEGORY-OPERATOR: SINGLE-OP
CATEGORY-BAND: ALL
CATEGORY-MODE: MIXED
CATEGORY-POWER: UNKNOWN
CATEGORY-ASSISTED: NON-ASSISTED
CATEGORY-TRANSMITTER: ONE
CATEGORY-STATION: UNKNOWN
CATEGORY-OVERLAY: 
OPERATORS: G4WFQ
CLAIMED-SCORE: 
CLUB: 
NAME: 
SOAPBOX: RECONSTRUCTED MOCKUP LOG - NOT AN OFFICIAL SUBMISSION.
SOAPBOX: Derived from submitted logs for CQ-WW-SSB CQWW/ph/2007.
QSO:  1853 PH 2007-10-27 0002 G4WFQ         59 14 CN2R          59 33
QSO:  1800 PH 2007-10-27 0004 G4WFQ         59 14 DF0HQ         59 14
QSO:  1800 PH 2007-10-27 0005 G4WFQ         59 14 CN2FF         59 33
QSO:  1800 PH 2007-10-27 0006 G4WFQ         59 14 S53O          59 15
QSO:  1800 PH 2007-10-27 0008 G4WFQ         59 14 S57M          59 15
QSO:  1827 PH 2007-10-27 0008 G4WFQ         59 14 OM7M          59 15
QSO:  1800 PH 2007-10-27 0010 G4WFQ         59 14 DA3A          59 14
QSO:  1885 PH 2007-10-27 0012 G4WFQ         59 14 DR1A          59 14
QSO:  1874 PH 2007-10-27 0015 G4WFQ         59 14 PI4CC         59 14
QSO:  1948 PH 2007-10-27 0015 G4WFQ         59 14 MW5W          59 14
QSO:  1845 PH 2007-10-27 0019 G4WFQ         59 14 PA0AGA        59 14
QSO:  1870 PH 2007-10-27 0019 G4WFQ         59 14 LY2IJ         59 15
QSO:  1866 PH 2007-10-27 0020 G4WFQ         59 14 OK1NY         59 15
QSO:  1867 PH 2007-10-27 0020 G4WFQ         59 14 T70A          59 15
QSO:  1863 PH 2007-10-27 0022 G4WFQ         59 14 PA6Z          59 14
QSO:  1800 PH 2007-10-27 0025 G4WFQ         59 14 OK1TP         59 15
QSO:  1859 PH 2007-10-27 0026 G4WFQ         59 14 SO2R          59 15
QSO:  1840 PH 2007-10-27 0027 G4WFQ         59 14 SP9KDA        59 15
QSO:  1855 PH 2007-10-27 0027 G4WFQ         59 14 LN3Z          59 14
QSO:  1840 PH 2007-10-27 0033 G4WFQ         59 14 IO1T          59 15
QSO:  1847 PH 2007-10-27 0034 G4WFQ         59 14 SN3R          59 15
QSO:  1800 PH 2007-10-27 0036 G4WFQ         59 14 OT5A          59 14
QSO:  1800 PH 2007-10-27 0036 G4WFQ         59 14 TM6M          59 14
QSO:  1837 PH 2007-10-27 0038 G4WFQ         59 14 GM7V          59 14
QSO:  1894 PH 2007-10-27 0050 G4WFQ         59 14 OL1X          59 15
QSO:  1800 PH 2007-10-27 0054 G4WFQ         59 14 DM0Y          59 14
QSO:  1800 PH 2007-10-27 0055 G4WFQ         59 14 EI2JD         59 14
QSO:  1800 PH 2007-10-27 0057 G4WFQ         59 14 UA2FT         59 15
QSO:  1865 PH 2007-10-27 0059 G4WFQ         59 14 GM2T          59 14
QSO:  1854 PH 2007-10-27 0104 G4WFQ         59 14 OM3X          59 15
QSO:  1851 PH 2007-10-27 0105 G4WFQ         59 14 UT7QF         59 16
QSO:  1850 PH 2007-10-27 0106 G4WFQ         59 14 EE2W          59 14
QSO:  1841 PH 2007-10-27 0107 G4WFQ         59 14 EB1WW         59 14
QSO:  1839 PH 2007-10-27 0109 G4WFQ         59 14 ER0WW         59 16
QSO:  1833 PH 2007-10-27 0111 G4WFQ         59 14 LN8W          59 14
QSO:  1904 PH 2007-10-27 0118 G4WFQ         59 14 HB0/HB9AON    59 14
QSO:  1830 PH 2007-10-27 0125 G4WFQ         59 14 RT4M          59 16
QSO:  1829 PH 2007-10-27 0149 G4WFQ         59 14 HB9BLQ        59 14
QSO:  1830 PH 2007-10-27 0150 G4WFQ         59 14 DF2UU         59 14
QSO:  1847 PH 2007-10-27 0154 G4WFQ         59 14 SP4XQN        59 15
QSO:  1800 PH 2007-10-27 0155 G4WFQ         59 14 SP1MVG        59 15
QSO:  1800 PH 2007-10-27 0158 G4WFQ         59 14 GM6NX         59 14
QSO:  1888 PH 2007-10-27 0158 G4WFQ         59 14 DL3LAB        59 14
QSO:  1872 PH 2007-10-27 0200 G4WFQ         59 14 G2F           59 14
QSO:  1868 PH 2007-10-27 0232 G4WFQ         59 14 9A7A          59 15
QSO:  1824 PH 2007-10-27 0244 G4WFQ         59 14 RW2F          59 15
QSO:  1840 PH 2007-10-27 0249 G4WFQ         59 14 HA8JV         59 15
QSO:  1835 PH 2007-10-27 0250 G4WFQ         59 14 OF4A          59 15
QSO:  1830 PH 2007-10-27 0352 G4WFQ         59 14 OH0/SP7VC     59 15
QSO: 28000 PH 2007-10-27 1045 G4WFQ         59 14 EH2T          59 14
QSO:  7167 PH 2007-10-27 1045 G4WFQ         59 14 K1TTT         59 5
QSO: 28336 PH 2007-10-27 1054 G4WFQ         59 14 AM3SSB        59 14
QSO: 28000 PH 2007-10-27 1056 G4WFQ         59 14 OK2AB         59 15
QSO: 28374 PH 2007-10-27 1057 G4WFQ         59 14 DL2MWB        59 14
QSO: 28000 PH 2007-10-27 1058 G4WFQ         59 14 DL3G          59 14
QSO: 28000 PH 2007-10-27 1100 G4WFQ         59 14 OL2U          59 15
QSO: 28396 PH 2007-10-27 1100 G4WFQ         59 14 SN100S        59 15
QSO: 28386 PH 2007-10-27 1101 G4WFQ         59 14 YO3FRI        59 20
QSO: 28395 PH 2007-10-27 1101 G4WFQ         59 14 T93O          59 15
QSO: 28500 PH 2007-10-27 1101 G4WFQ         59 14 HA8TP         59 15
QSO: 28408 PH 2007-10-27 1104 G4WFQ         59 14 YO7FB         59 20
QSO: 28000 PH 2007-10-27 1105 G4WFQ         59 14 DL7FA         59 14
QSO: 28411 PH 2007-10-27 1106 G4WFQ         59 14 OM3X          59 15
QSO: 28419 PH 2007-10-27 1107 G4WFQ         59 14 DL4MCF        59 14
QSO: 28426 PH 2007-10-27 1108 G4WFQ         59 14 OL7T          59 15
QSO: 28000 PH 2007-10-27 1110 G4WFQ         59 14 HA8JV         59 15
QSO: 28000 PH 2007-10-27 1110 G4WFQ         59 14 SP6KEP        59 15
QSO: 28000 PH 2007-10-27 1112 G4WFQ         59 14 TM6M          59 14
QSO: 28000 PH 2007-10-27 1112 G4WFQ         59 14 US5D          59 16
QSO: 28000 PH 2007-10-27 1113 G4WFQ         59 14 YT2T          59 15
QSO: 28455 PH 2007-10-27 1113 G4WFQ         59 14 OE2S          59 15
QSO: 28000 PH 2007-10-27 1114 G4WFQ         59 14 S58D          59 15
QSO: 28482 PH 2007-10-27 1123 G4WFQ         59 14 EB1TR         59 14
QSO: 28000 PH 2007-10-27 1124 G4WFQ         59 14 EA3DUM        59 14
QSO: 28492 PH 2007-10-27 1126 G4WFQ         59 14 P3F           59 20
QSO: 28495 PH 2007-10-27 1133 G4WFQ         59 14 AM3SSB        59 14
QSO: 28498 PH 2007-10-27 1138 G4WFQ         59 14 UU7J          59 16
QSO: 28000 PH 2007-10-27 1140 G4WFQ         59 14 LZ5A          59 20
QSO: 28505 PH 2007-10-27 1141 G4WFQ         59 14 EB1WW         59 14
QSO: 28511 PH 2007-10-27 1142 G4WFQ         59 14 HA6PX         59 15
QSO: 28515 PH 2007-10-27 1143 G4WFQ         59 14 HG3DX         59 15
QSO: 28516 PH 2007-10-27 1145 G4WFQ         59 14 CS2P          59 14
QSO: 28525 PH 2007-10-27 1152 G4WFQ         59 14 CQ9K          59 33
QSO: 28529 PH 2007-10-27 1153 G4WFQ         59 14 DQ4W          59 14
QSO: 21364 PH 2007-10-27 1212 G4WFQ         59 14 HB0/HB9AON    59 14
QSO: 21000 PH 2007-10-27 1214 G4WFQ         59 14 SP9KDA        59 15
QSO: 21000 PH 2007-10-27 1214 G4WFQ         59 14 ZC4LI         59 20
QSO: 21000 PH 2007-10-27 1217 G4WFQ         59 14 YT3M          59 15
QSO: 21230 PH 2007-10-27 1224 G4WFQ         59 14 OE2S          59 15
QSO: 21000 PH 2007-10-27 1225 G4WFQ         59 14 YT2T          59 15
QSO: 21270 PH 2007-10-27 1226 G4WFQ         59 14 DR4G          59 14
QSO: 14000 PH 2007-10-27 1611 G4WFQ         59 14 IK2YGZ        59 241
QSO: 14113 PH 2007-10-27 1611 G4WFQ         59 14 HB0/HB9AON    59 14
QSO: 14122 PH 2007-10-27 1614 G4WFQ         59 14 CN4P          59 33
QSO: 14127 PH 2007-10-27 1617 G4WFQ         59 14 8P5A          59 8
QSO: 14129 PH 2007-10-27 1617 G4WFQ         59 14 DR5Z          59 14
QSO: 14000 PH 2007-10-27 1621 G4WFQ         59 14 S59N          59 15
QSO: 14141 PH 2007-10-27 1622 G4WFQ         59 14 VE3RM         59 04
QSO:  7099 PH 2007-10-27 1625 G4WFQ         59 14 OK5R          59 15
QSO:  7091 PH 2007-10-27 1628 G4WFQ         59 14 DJ1AA         59 14
QSO:  7089 PH 2007-10-27 1629 G4WFQ         59 14 SO6X          59 15
QSO:  7000 PH 2007-10-27 1631 G4WFQ         59 14 RK4FD         59 16
QSO:  7079 PH 2007-10-27 1633 G4WFQ         59 14 HB0/HB9AON    59 14
QSO:  7072 PH 2007-10-27 1634 G4WFQ         59 14 YL7X          59 15
QSO:  7069 PH 2007-10-27 1635 G4WFQ         59 14 OZ2AR         59 14
QSO:  7000 PH 2007-10-27 1636 G4WFQ         59 14 RA3RK         59 16
QSO:  7000 PH 2007-10-27 1637 G4WFQ         59 14 RW3WWW        59 16
QSO:  7000 PH 2007-10-27 1637 G4WFQ         59 14 UP0L          59 17
QSO:  7000 PH 2007-10-27 1641 G4WFQ         59 14 DF0HQ         59 14
QSO:  7055 PH 2007-10-27 1641 G4WFQ         59 14 EK0B          59 21
QSO:  7000 PH 2007-10-27 1643 G4WFQ         59 14 UA4WKW        59 16
QSO:  7000 PH 2007-10-27 1648 G4WFQ         59 14 RL3A          59 16
QSO:  7050 PH 2007-10-27 1650 G4WFQ         59 14 YT8A          59 15
QSO:  7057 PH 2007-10-27 1653 G4WFQ         59 14 YO7LFV        59 20
QSO:  7028 PH 2007-10-27 1655 G4WFQ         59 14 T99D          59 15
QSO:  1800 PH 2007-10-27 1905 G4WFQ         59 14 PA4JJ         59 14
QSO:  1800 PH 2007-10-27 1908 G4WFQ         59 14 YL2PP         59 15
QSO:  1840 PH 2007-10-27 1915 G4WFQ         59 14 ON4WW         59 14
QSO:  1838 PH 2007-10-27 1918 G4WFQ         59 14 LY7A          59 15
QSO:  1800 PH 2007-10-27 1921 G4WFQ         59 14 IT9BLB        59 15
QSO:  1830 PH 2007-10-27 1924 G4WFQ         59 14 OH0/SP7VC     59 15
QSO:  1800 PH 2007-10-27 1951 G4WFQ         59 14 EU3AR         59 16
QSO:  1800 PH 2007-10-27 1959 G4WFQ         59 14 UA6AIW        59 16
QSO:  1810 PH 2007-10-27 2021 G4WFQ         59 14 4O/DD5FZ      59 15
QSO:  1829 PH 2007-10-27 2048 G4WFQ         59 14 ER0WW         59 16
QSO:  1815 PH 2007-10-27 2050 G4WFQ         59 14 OH3MMM        59 15
QSO:  1818 PH 2007-10-27 2123 G4WFQ         59 14 OF5Z          59 15
QSO:  1856 PH 2007-10-27 2127 G4WFQ         59 14 EA9LZ         59 33
QSO:  1840 PH 2007-10-27 2143 G4WFQ         59 14 YT2T          59 15
QSO:  1864 PH 2007-10-27 2215 G4WFQ         59 14 YL7X          59 15
QSO:  1840 PH 2007-10-27 2218 G4WFQ         59 14 YM0T          59 20
QSO:  1825 PH 2007-10-27 2223 G4WFQ         59 14 TM2Y          59 14
QSO:  1830 PH 2007-10-27 2245 G4WFQ         59 14 YQ9W          59 20
QSO:  1853 PH 2007-10-27 2259 G4WFQ         59 14 MI0LLL        59 14
QSO:  1814 PH 2007-10-27 2308 G4WFQ         59 14 TS6A          59 33
QSO:  7020 CW 2007-11-25 2034 G4WFQ         599 14 4O3A          599 15
END-OF-LOG:
