START-OF-LOG: 3.0
CREATED-BY: reconstructed-log-builder
CONTEST: CQ-WW-SSB
CALLSIGN: HB9CYT
LOCATION: 
CATEGORY: CHECKLOG
CATEGORY-OPERATOR: SINGLE-OP
CATEGORY-BAND: ALL
CATEGORY-MODE: MIXED
CATEGORY-POWER: UNKNOWN
CATEGORY-ASSISTED: NON-ASSISTED
CATEGORY-TRANSMITTER: ONE
CATEGORY-STATION: UNKNOWN
CATEGORY-OVERLAY: 
OPERATORS: HB9CYT
CLAIMED-SCORE: 
CLUB: 
NAME: 
SOAPBOX: RECONSTRUCTED MOCKUP LOG - NOT AN OFFICIAL SUBMISSION.
SOAPBOX: Derived from submitted logs for CQ-WW-SSB CQWW/ph/2007.
QSO: 28518 PH 2007-10-28 0943 HB9CYT        59 14 HE70FG        59 14
QSO: 28485 PH 2007-10-28 0948 HB9CYT        59 14 GM2T          59 14
QSO: 28000 PH 2007-10-28 0959 HB9CYT        59 14 SP9KDA        59 15
QSO: 28460 PH 2007-10-28 1004 HB9CYT        59 14 4U1WRC        59 14
QSO: 28537 PH 2007-10-28 1015 HB9CYT        59 14 4X0V          59 20
QSO: 28000 PH 2007-10-28 1017 HB9CYT        59 14 TA7KA         59 20
QSO: 28000 PH 2007-10-28 1030 HB9CYT        59 14 IR9Y          59 15
QSO: 28485 PH 2007-10-28 1039 HB9CYT        59 14 P33W          59 20
QSO: 28446 PH 2007-10-28 1051 HB9CYT        59 14 TS6A          59 33
QSO: 28000 PH 2007-10-28 1100 HB9CYT        59 14 IU9A          59 15
QSO: 28558 PH 2007-10-28 1118 HB9CYT        59 14 OF6NIO        59 15
QSO: 28525 PH 2007-10-28 1119 HB9CYT        59 14 IS0/IQ0AL     59 15
QSO: 28469 PH 2007-10-28 1128 HB9CYT        59 14 T93J          59 15
QSO: 21294 PH 2007-10-28 1135 HB9CYT        59 14 CN3A          59 33
QSO: 21148 PH 2007-10-28 1139 HB9CYT        59 14 6W1RY         59 35
QSO: 21216 PH 2007-10-28 1143 HB9CYT        59 14 CT9L          59 33
QSO: 21448 PH 2007-10-28 1145 HB9CYT        59 14 F1JKJ         59 14
QSO: 21373 PH 2007-10-28 1148 HB9CYT        59 14 CQ3T          59 33
QSO: 21384 PH 2007-10-28 1150 HB9CYT        59 14 ZY7C          59 11
QSO: 21000 PH 2007-10-28 1156 HB9CYT        59 14 6V7G          59 35
QSO: 21000 PH 2007-10-28 1202 HB9CYT        59 14 OM5CD         59 15
QSO: 21139 PH 2007-10-28 1208 HB9CYT        59 14 4X2M          59 20
QSO: 21402 PH 2007-10-28 1215 HB9CYT        59 14 CU2A          59 14
QSO: 21388 PH 2007-10-28 1218 HB9CYT        59 14 J42T          59 20
QSO: 21130 PH 2007-10-28 1222 HB9CYT        59 14 SV9GPV        59 20
QSO: 21167 PH 2007-10-28 1227 HB9CYT        59 14 LV5V          59 13
QSO: 21149 PH 2007-10-28 1228 HB9CYT        59 14 HI3K          59 8
QSO: 21131 PH 2007-10-28 1614 HB9CYT        59 14 HC8N          59 10
QSO: 21378 PH 2007-10-28 1621 HB9CYT        59 14 FY5KE         59 9
QSO: 21000 PH 2007-10-28 1630 HB9CYT        59 14 VA3YP         59 04
QSO: 21370 PH 2007-10-28 1647 HB9CYT        59 14 3DA0WW        59 38
QSO: 14000 PH 2007-10-28 1659 HB9CYT        59 14 EI9HX         59 14
QSO: 14000 PH 2007-10-28 1716 HB9CYT        59 14 CN2BC         59 33
QSO: 14239 PH 2007-10-28 1717 HB9CYT        59 14 ES5TV         59 15
QSO: 14137 PH 2007-10-28 1728 HB9CYT        59 14 VY2ZM         59 5
QSO: 14105 PH 2007-10-28 1730 HB9CYT        59 14 VC3J          59 04
QSO: 14167 PH 2007-10-28 1735 HB9CYT        59 14 C50C          59 35
QSO: 14179 PH 2007-10-28 1737 HB9CYT        59 14 F5ODA         59 14
QSO: 14250 PH 2007-10-28 1739 HB9CYT        59 14 EA3FUM        59 14
QSO: 14233 PH 2007-10-28 1747 HB9CYT        59 14 CQ9K          59 33
END-OF-LOG:
