START-OF-LOG: 3.0
CREATED-BY: reconstructed-log-builder
CONTEST: CQ-WW-SSB
CALLSIGN: JH1SAJ
LOCATION: 
CATEGORY: CHECKLOG
CATEGORY-OPERATOR: SINGLE-OP
CATEGORY-BAND: ALL
CATEGORY-MODE: MIXED
CATEGORY-POWER: UNKNOWN
CATEGORY-ASSISTED: NON-ASSISTED
CATEGORY-TRANSMITTER: ONE
CATEGORY-STATION: UNKNOWN
CATEGORY-OVERLAY: 
OPERATORS: JH1SAJ
CLAIMED-SCORE: 
CLUB: 
NAME: 
SOAPBOX: RECONSTRUCTED MOCKUP LOG - NOT AN OFFICIAL SUBMISSION.
SOAPBOX: Derived from submitted logs for CQ-WW-SSB CQWW/ph/2007.
QSO: 14197 PH 2007-10-27 0313 JH1SAJ        59 25 K7RL          59 3
QSO:  7200 PH 2007-10-27 0820 JH1SAJ        59 25 CV5D          59 13
QSO:  7075 PH 2007-10-27 0827 JH1SAJ        59 25 KG6DX         59 27
QSO:  7050 PH 2007-10-27 0829 JH1SAJ        59 25 LS2D          59 13
QSO:  7200 PH 2007-10-27 0844 JH1SAJ        59 25 HC8N          59 10
QSO:  7000 PH 2007-10-27 0853 JH1SAJ        59 25 LP1H          59 13
QSO:  7037 PH 2007-10-27 0907 JH1SAJ        59 25 6F75A         59 6
QSO:  7043 PH 2007-10-27 0920 JH1SAJ        59 25 LU4DX         59 13
QSO:  7093 PH 2007-10-27 0931 JH1SAJ        59 25 HQ9R          59 07
QSO:  7077 PH 2007-10-27 1629 JH1SAJ        59 25 UW1M          59 16
QSO:  7000 PH 2007-10-27 1641 JH1SAJ        59 25 KL7RA         59 01
QSO:  7070 PH 2007-10-27 2015 JH1SAJ        59 25 JT1CO         59 23
QSO:  7080 PH 2007-10-27 2021 JH1SAJ        59 25 S53F          59 15
QSO:  7071 PH 2007-10-27 2032 JH1SAJ        59 25 T93J          59 15
QSO:  7054 PH 2007-10-27 2232 JH1SAJ        59 25 SX5P          59 20
QSO:  7159 PH 2007-10-28 0709 JH1SAJ        59 25 K7RL          59 3
QSO:  7052 PH 2007-10-28 0712 JH1SAJ        59 25 PY2DY         59 11
QSO:  7034 PH 2007-10-28 0713 JH1SAJ        59 25 N2IC          59 4
QSO:  7000 PH 2007-10-28 0727 JH1SAJ        59 25 HC2AQ         59 10
QSO:  7125 PH 2007-10-28 0734 JH1SAJ        59 25 LP1H          59 13
QSO:  7045 PH 2007-10-28 0824 JH1SAJ        59 25 6Y1V          59 8
QSO:  7060 PH 2007-10-28 0831 JH1SAJ        59 25 ZM2M          59 32
QSO:  7075 PH 2007-10-28 0835 JH1SAJ        59 25 6F75A         59 6
END-OF-LOG:
