START-OF-LOG: 3.0
CREATED-BY: HMRA public OK1WC downloader
CONTEST: OK1WC-MEMORIAL
CALLSIGN: OK1NG
OPERATORS: OK1NG
CATEGORY: SO-ALL-CW-QRP
CATEGORY-OPERATOR: SINGLE-OP
CATEGORY-BAND: ALL
CATEGORY-MODE: CW
CATEGORY-POWER: QRP
SOAPBOX: Recreated from OK1WC Memorial reference table MWC240108.
SOAPBOX: Source publication level: 4.
SOAPBOX: Source: https://memorial-ok1wc.cz/index.php?page=eval3/a_eval3&kolo=593&rocnik=16&tyden=02&jobdate=240108&pub_level=4
QSO:  7000 CW 2024-01-08 1631 OK1NG         599 1          OK5OO         599 2         
QSO:  7000 CW 2024-01-08 1631 OK1NG         599 2          S52W          599 3         
QSO:  7000 CW 2024-01-08 1632 OK1NG         599 3          DL5YAS        599 2         
QSO:  7000 CW 2024-01-08 1635 OK1NG         599 4          SF6J          599 7         
QSO:  7000 CW 2024-01-08 1637 OK1NG         599 5          PA3AAV        599 26        
QSO:  7000 CW 2024-01-08 1638 OK1NG         599 6          SM5IMO        599 21        
QSO:  7000 CW 2024-01-08 1639 OK1NG         599 7          SC0O          599 16        
QSO:  7000 CW 2024-01-08 1640 OK1NG         599 8          ON4EM         599 21        
QSO:  7000 CW 2024-01-08 1644 OK1NG         599 9          PA2A          599 20        
QSO:  7000 CW 2024-01-08 1647 OK1NG         599 10         EA3X          599 43        
QSO:  7000 CW 2024-01-08 1648 OK1NG         599 11         YL3JD         599 27        
QSO:  7000 CW 2024-01-08 1650 OK1NG         599 12         SD6M          599 8         
QSO:  7000 CW 2024-01-08 1651 OK1NG         599 13         SM6M          599 55        
QSO:  7000 CW 2024-01-08 1651 OK1NG         599 14         SD6F          599 37        
QSO:  3500 CW 2024-01-08 1656 OK1NG         599 15         G8N           599 21        
QSO:  3500 CW 2024-01-08 1656 OK1NG         599 16         OK1FRD        599 27        
QSO:  3500 CW 2024-01-08 1656 OK1NG         599 17         OK1USP        599 38        
QSO:  3500 CW 2024-01-08 1657 OK1NG         599 18         OM5B          599 50        
QSO:  3500 CW 2024-01-08 1657 OK1NG         599 19         OL4W          599 37        
QSO:  3500 CW 2024-01-08 1658 OK1NG         599 20         DM6EE         599 43        
QSO:  3500 CW 2024-01-08 1658 OK1NG         599 21         DK2FG         599 42        
QSO:  3500 CW 2024-01-08 1659 OK1NG         599 22         SP3CW         599 43        
QSO:  3500 CW 2024-01-08 1659 OK1NG         599 23         DJ3WE         599 37        
QSO:  3500 CW 2024-01-08 1705 OK1NG         599 24         OK1FMX        599 39        
QSO:  3500 CW 2024-01-08 1706 OK1NG         599 25         DR2C          599 44        
QSO:  3500 CW 2024-01-08 1706 OK1NG         599 26         OK2GU         599 27        
QSO:  3500 CW 2024-01-08 1707 OK1NG         599 27         DL1DWR        599 42        
QSO:  3500 CW 2024-01-08 1707 OK1NG         599 28         OK1TRJ        599 42        
QSO:  3500 CW 2024-01-08 1708 OK1NG         599 29         OK1TN         599 56        
QSO:  3500 CW 2024-01-08 1708 OK1NG         599 30         DJ5CL         599 29        
QSO:  3500 CW 2024-01-08 1708 OK1NG         599 31         SN2S          599 48        
QSO:  3500 CW 2024-01-08 1709 OK1NG         599 32         OK1OFM        599 47        
QSO:  3500 CW 2024-01-08 1710 OK1NG         599 33         DJ9KH         599 58        
QSO:  3500 CW 2024-01-08 1711 OK1NG         599 34         SD6F          599 60        
QSO:  3500 CW 2024-01-08 1711 OK1NG         599 35         OK5D          599 46        
QSO:  3500 CW 2024-01-08 1712 OK1NG         599 36         DL5YAS        599 56        
QSO:  3500 CW 2024-01-08 1713 OK1NG         599 37         DL6MHW        599 59        
QSO:  3500 CW 2024-01-08 1716 OK1NG         599 38         DL1NKS        599 85        
QSO:  3500 CW 2024-01-08 1716 OK1NG         599 39         OK1RZ         599 71        
QSO:  3500 CW 2024-01-08 1718 OK1NG         599 40         G4PIQ         599 61        
QSO:  3500 CW 2024-01-08 1719 OK1NG         599 41         SE0B          599 72        
QSO:  3500 CW 2024-01-08 1720 OK1NG         599 42         SF7YE         599 87        
QSO:  3500 CW 2024-01-08 1720 OK1NG         599 43         HA6NL         599 73        
QSO:  3500 CW 2024-01-08 1722 OK1NG         599 44         OL8R          599 135       
QSO:  3500 CW 2024-01-08 1722 OK1NG         599 45         OM5KM         599 68        
QSO:  3500 CW 2024-01-08 1723 OK1NG         599 46         OK1OA         599 68        
QSO:  3500 CW 2024-01-08 1725 OK1NG         599 47         OK1ORA        599 58        
QSO:  3500 CW 2024-01-08 1725 OK1NG         599 48         DK3GI         599 71        
QSO:  3500 CW 2024-01-08 1725 OK1NG         599 49         SD1A          599 74        
QSO:  3500 CW 2024-01-08 1726 OK1NG         599 50         OK2PYA        599 88        
QSO:  3500 CW 2024-01-08 1726 OK1NG         599 51         OM5JA         599 61        
QSO:  3500 CW 2024-01-08 1727 OK1NG         599 52         SM5IMO        599 97        
QSO:  3500 CW 2024-01-08 1729 OK1NG         599 53         SO3O          599 87        
QSO:  3500 CW 2024-01-08 1729 OK1NG         599 54         SN1F          599 64        
END-OF-LOG:
