START-OF-LOG: 3.0
CREATED-BY: vhfmanager-downloader
CONTEST: ZRS novembrsko UKV tekmovanje - Official results - VHFManager
CALLSIGN: OK2XRW
CATEGORY: 145 MHz - Generated log
CATEGORY-OPERATOR: SINGLE-OP
CATEGORY-ASSISTED: NON-ASSISTED
CATEGORY-TRANSMITTER: ONE
CATEGORY-STATION: FIXED
QSO: 144300 PH 2012-11-03 1412 OK2XRW        1   JN89SE JN89SE OK2XRW        CW  OM3W 599  
QSO: 144300 PH 2012-11-03 1423 OK2XRW        2   JN89SE JN89SE OK2XRW        CW  OK2KYJ 599
QSO: 144300 PH 2012-11-03 1430 OK2XRW        3   JN89SE JN89SE OK2XRW        unkn OM6A 599  
QSO: 144300 PH 2012-11-03 1435 OK2XRW        4   JN89SE JN89SE OK2XRW        CW  OK2C 599  
QSO: 144300 PH 2012-11-03 1453 OK2XRW        6   JN89SE JN89SE OK2XRW        CW  OK2HBR 599
QSO: 144300 PH 2012-11-04 0640 OK2XRW        7   JN89SE JN89SE OK2XRW        CW  OM6TX 599 
QSO: 144300 PH 2012-11-04 0656 OK2XRW        8   JN89SE JN89SE OK2XRW        CW  OK6TW 599 
QSO: 144300 PH 2012-11-04 0700 OK2XRW        9   JN89SE JN89SE OK2XRW        CW  OK2KYZ 599
QSO: 144300 PH 2012-11-04 0716 OK2XRW        10  JN89SE JN89SE OK2XRW        CW  OM3TZZ 599
QSO: 144300 PH 2012-11-04 0731 OK2XRW        11  JN89SE JN89SE OK2XRW        CW  OK2PWR 599
QSO: 144300 PH 2012-11-04 0858 OK2XRW        13  JN89SE JN89SE OK2XRW        CW  OK2KCN 599
QSO: 144300 PH 2012-11-04 0906 OK2XRW        14  JN89SE JN89SE OK2XRW        CW  OK2BMJ 599
END-OF-LOG:
