START-OF-LOG: 3.0
CREATED-BY: reconstructed-log-builder
CONTEST: EUHFC
CALLSIGN: DL2KDF/M
LOCATION: 
CATEGORY: CHECKLOG
CATEGORY-OPERATOR: SINGLE-OP
CATEGORY-BAND: ALL
CATEGORY-MODE: MIXED
CATEGORY-POWER: UNKNOWN
CATEGORY-ASSISTED: NON-ASSISTED
CATEGORY-TRANSMITTER: ONE
CATEGORY-STATION: UNKNOWN
CATEGORY-OVERLAY: 
OPERATORS: DL2KDF/M
CLAIMED-SCORE: 
CLUB: 
NAME: 
SOAPBOX: RECONSTRUCTED MOCKUP LOG - NOT AN OFFICIAL SUBMISSION.
SOAPBOX: Derived from submitted logs for EUHFC EUHFC/2012.
QSO: 14248 PH 2012-08-04 1527 DL2KDF/M      59 87 EA7KB         59 92
QSO: 14254 PH 2012-08-04 1532 DL2KDF/M      59 87 HG8C          59 76
QSO: 14268 PH 2012-08-04 1535 DL2KDF/M      59 87 OH6LI         59 82
QSO: 14271 PH 2012-08-04 1539 DL2KDF/M      59 87 I2WIJ         59 73
QSO: 14282 PH 2012-08-04 1540 DL2KDF/M      59 87 IT9BUN        59 97
QSO: 14162 PH 2012-08-04 1543 DL2KDF/M      59 87 UA3BL         59 71
QSO: 14174 PH 2012-08-04 1545 DL2KDF/M      59 87 YP9W          59 87
QSO: 14190 PH 2012-08-04 1551 DL2KDF/M      59 07 R3/EA8CAC     59 95
QSO: 14000 PH 2012-08-04 1553 DL2KDF/M      59 87 YT0Z          59 75
QSO: 14206 PH 2012-08-04 1556 DL2KDF/M      59 87 RW1A          59 84
QSO: 14000 PH 2012-08-04 1558 DL2KDF/M      59 87 EW8DD         59 69
QSO: 14220 PH 2012-08-04 1603 DL2KDF/M      59 87 UI4I          59 79
END-OF-LOG:
