START-OF-LOG: 3.0
CREATED-BY: HMRA public OK1WC downloader
CONTEST: OK1WC-MEMORIAL
CALLSIGN: HA36EUDXF
OPERATORS: HA36EUDXF
CATEGORY: SO-ALL-CW-LOW
CATEGORY-OPERATOR: SINGLE-OP
CATEGORY-BAND: ALL
CATEGORY-MODE: CW
CATEGORY-POWER: LOW
SOAPBOX: Recreated from OK1WC Memorial reference table MWC221107.
SOAPBOX: Source publication level: 4.
SOAPBOX: Source: https://memorial-ok1wc.cz/index.php?page=eval3/a_eval3&kolo=532&rocnik=14&tyden=45&jobdate=221107&pub_level=4
QSO:  7000 CW 2022-11-07 1631 HA36EUDXF     599 1          R6AF          599           
QSO:  7000 CW 2022-11-07 1631 HA36EUDXF     599 2          DJ1PQ         599 1         
QSO:  7000 CW 2022-11-07 1632 HA36EUDXF     599 3          DL8QS         599 4         
QSO:  7000 CW 2022-11-07 1632 HA36EUDXF     599 4          OK6OK         599 4         
QSO:  7000 CW 2022-11-07 1633 HA36EUDXF     599 5          SE6K          599 2         
QSO:  7000 CW 2022-11-07 1633 HA36EUDXF     599 6          DL4ME         599 6         
QSO:  7000 CW 2022-11-07 1633 HA36EUDXF     599 7          OZ/SM5S       599 5         
QSO:  7000 CW 2022-11-07 1635 HA36EUDXF     599 8          OG6B          599 4         
QSO:  7000 CW 2022-11-07 1636 HA36EUDXF     599 9          OK2IW         599 4         
QSO:  7000 CW 2022-11-07 1636 HA36EUDXF     599 10         SP2DKI        599 10        
QSO:  7000 CW 2022-11-07 1637 HA36EUDXF     599 11         OK1FMX        599 10        
QSO:  7000 CW 2022-11-07 1637 HA36EUDXF     599 12         IN3FHE        599 9         
QSO:  7000 CW 2022-11-07 1638 HA36EUDXF     599 13         OK1RKS        599 6         
QSO:  7000 CW 2022-11-07 1639 HA36EUDXF     599 14         HA5BA         599 10        
QSO:  7000 CW 2022-11-07 1639 HA36EUDXF     599 15         SM5CSS        599 12        
QSO:  7000 CW 2022-11-07 1639 HA36EUDXF     599 16         OK2NAJ        599 11        
QSO:  7000 CW 2022-11-07 1640 HA36EUDXF     599 17         DL1BJO        599 4         
QSO:  7000 CW 2022-11-07 1640 HA36EUDXF     599 18         OK5M          599 30        
QSO:  7000 CW 2022-11-07 1641 HA36EUDXF     599 19         OM3ZU         599 14        
QSO:  7000 CW 2022-11-07 1641 HA36EUDXF     599 20         IK1WGX        599 15        
QSO:  7000 CW 2022-11-07 1641 HA36EUDXF     599 21         DJ2IA         599 10        
QSO:  7000 CW 2022-11-07 1642 HA36EUDXF     599 22         OK1TD         599 16        
QSO:  7000 CW 2022-11-07 1643 HA36EUDXF     599 23         YL2TQ         599 1         
QSO:  7000 CW 2022-11-07 1643 HA36EUDXF     599 24         PA2TA         599 22        
QSO:  7000 CW 2022-11-07 1643 HA36EUDXF     599 25         YL3FW         599 22        
QSO:  7000 CW 2022-11-07 1644 HA36EUDXF     599 26         OK2BFN        599 21        
QSO:  7000 CW 2022-11-07 1645 HA36EUDXF     599 27         UA4FCO        599 11        
QSO:  7000 CW 2022-11-07 1645 HA36EUDXF     599 28         SP7N          599 29        
QSO:  7000 CW 2022-11-07 1646 HA36EUDXF     599 29         OH3MZ         599 5         
QSO:  7000 CW 2022-11-07 1646 HA36EUDXF     599 30         OK1TRJ        599 15        
QSO:  7000 CW 2022-11-07 1647 HA36EUDXF     599 31         SM6TOL        599 18        
QSO:  7000 CW 2022-11-07 1649 HA36EUDXF     599 32         OK5TFC        599 20        
QSO:  7000 CW 2022-11-07 1650 HA36EUDXF     599 33         PA36EUDXF     599 59        
QSO:  7000 CW 2022-11-07 1650 HA36EUDXF     599 34         PA3AAV        599 59        
QSO:  7000 CW 2022-11-07 1651 HA36EUDXF     599 35         SD1A          599 36        
QSO:  7000 CW 2022-11-07 1651 HA36EUDXF     599 36         SN1T          599 47        
QSO:  7000 CW 2022-11-07 1652 HA36EUDXF     599 37         DL2SAX        599 26        
QSO:  7000 CW 2022-11-07 1654 HA36EUDXF     599 38         DL6MHW        599 48        
QSO:  7000 CW 2022-11-07 1655 HA36EUDXF     599 39         DF1DX         599 40        
QSO:  7000 CW 2022-11-07 1657 HA36EUDXF     599 40         OK1FKD        599 38        
QSO:  7000 CW 2022-11-07 1657 HA36EUDXF     599 41         DL1NKS        599 56        
QSO:  7000 CW 2022-11-07 1659 HA36EUDXF     599 42         SM5DXR        599 28        
QSO:  7000 CW 2022-11-07 1700 HA36EUDXF     599 43         SM6S          599 35        
QSO:  7000 CW 2022-11-07 1702 HA36EUDXF     599 44         EA3X          599 59        
QSO:  3500 CW 2022-11-07 1704 HA36EUDXF     599 45         OK2PAY        599           
QSO:  3500 CW 2022-11-07 1704 HA36EUDXF     599 46         R6AF          599           
QSO:  3500 CW 2022-11-07 1704 HA36EUDXF     599 47         OK1TN         599 36        
QSO:  3500 CW 2022-11-07 1705 HA36EUDXF     599 48         OK1AY         599 40        
QSO:  3500 CW 2022-11-07 1705 HA36EUDXF     599 49         S57EA         599 17        
QSO:  3500 CW 2022-11-07 1705 HA36EUDXF     599 50         DL1DWR        599 31        
QSO:  3500 CW 2022-11-07 1706 HA36EUDXF     599 51         OM5KM         599 33        
QSO:  3500 CW 2022-11-07 1708 HA36EUDXF     599 52         DL8QS         599 65        
QSO:  3500 CW 2022-11-07 1709 HA36EUDXF     599 53         OK5M          599 80        
QSO:  3500 CW 2022-11-07 1709 HA36EUDXF     599 54         OK1FKD        599 52        
QSO:  3500 CW 2022-11-07 1711 HA36EUDXF     599 55         OK2NAJ        599 67        
QSO:  3500 CW 2022-11-07 1712 HA36EUDXF     599 56         OK1RKS        599 55        
QSO:  3500 CW 2022-11-07 1713 HA36EUDXF     599 57         DL5YM         599 40        
QSO:  3500 CW 2022-11-07 1713 HA36EUDXF     599 58         OK1FHI        599 68        
QSO:  3500 CW 2022-11-07 1714 HA36EUDXF     599 59         OM5CM         599 42        
QSO:  3500 CW 2022-11-07 1715 HA36EUDXF     599 60         OK2BFN        599 64        
QSO:  3500 CW 2022-11-07 1716 HA36EUDXF     599 61         OL4W          599 57        
QSO:  3500 CW 2022-11-07 1717 HA36EUDXF     599 62         OZ/SM5S       599 33        
QSO:  3500 CW 2022-11-07 1718 HA36EUDXF     599 63         OK1NU         599 40        
QSO:  3500 CW 2022-11-07 1718 HA36EUDXF     599 64         OK2BRQ        599 12        
QSO:  3500 CW 2022-11-07 1719 HA36EUDXF     599 65         OK2SFP        599 33        
QSO:  3500 CW 2022-11-07 1720 HA36EUDXF     599 66         OL8R          599 121       
QSO:  3500 CW 2022-11-07 1721 HA36EUDXF     599 67         SD6M          599 60        
QSO:  3500 CW 2022-11-07 1722 HA36EUDXF     599 68         OM5B          599 71        
QSO:  3500 CW 2022-11-07 1722 HA36EUDXF     599 69         OM3CPF        599 82        
QSO:  3500 CW 2022-11-07 1722 HA36EUDXF     599 70         DA3T          599 85        
QSO:  3500 CW 2022-11-07 1723 HA36EUDXF     599 71         DL1NKS        599 88        
QSO:  3500 CW 2022-11-07 1724 HA36EUDXF     599 72         IN3FHE        599 49        
QSO:  3500 CW 2022-11-07 1725 HA36EUDXF     599 73         OK5M          599 105       
QSO:  3500 CW 2022-11-07 1727 HA36EUDXF     599 74         SN3K          599 59        
QSO:  3500 CW 2022-11-07 1728 HA36EUDXF     599 75         PA3AAV        599 119       
QSO:  3500 CW 2022-11-07 1729 HA36EUDXF     599 76         DF1DX         599 78        
END-OF-LOG:
