START-OF-LOG: 3.0
CREATED-BY: QARTest 15.6.1
CONTEST: EA-MAJESTAD-SSB
CALLSIGN: IT9CBE
CATEGORY: SINGLE-OP ALL LOW
CLAIMED-SCORE: 4720
NAME: Claudio Longo
GRID-LOCATOR: JM68WA
QSO: 14000 PH 2025-06-28 1522 IT9CBE        59  0001   LZ5R          59  0553   
QSO: 14000 PH 2025-06-28 1523 IT9CBE        59  0002   F4VSE         59  0078   
QSO: 14000 PH 2025-06-28 1524 IT9CBE        59  0003   YU3M          59  0026   
QSO: 14000 PH 2025-06-28 1526 IT9CBE        59  0004   YT1A          59  0314   
QSO: 14000 PH 2025-06-28 1528 IT9CBE        59  0005   E77EA         59  0016   
QSO: 14000 PH 2025-06-28 1529 IT9CBE        59  0006   OH2KW         59  0107   
QSO: 14000 PH 2025-06-28 1530 IT9CBE        59  0007   DR2T          59  0213   
QSO: 14000 PH 2025-06-28 1533 IT9CBE        59  0008   EA5XA         59  V      
QSO: 14000 PH 2025-06-28 1536 IT9CBE        59  0009   ED7R          59  CA     
QSO: 14000 PH 2025-06-28 1539 IT9CBE        59  0010   EA5XU         59  V      
QSO: 14000 PH 2025-06-28 1540 IT9CBE        59  0011   EF5Q          59  CS     
QSO: 14000 PH 2025-06-28 1542 IT9CBE        59  0012   EF5U          59  A      
QSO: 14000 PH 2025-06-28 1544 IT9CBE        59  0013   R2FG          59  0113   
QSO: 14000 PH 2025-06-28 1545 IT9CBE        59  0014   EA1FDJ        59  S      
QSO: 14000 PH 2025-06-28 1548 IT9CBE        59  0015   YL7X          59  0292   
QSO: 14000 PH 2025-06-28 1550 IT9CBE        59  0016   SN8Z          59  0319   
QSO: 14000 PH 2025-06-28 1551 IT9CBE        59  0017   YL1ZM         59  0141   
QSO: 14000 PH 2025-06-28 1552 IT9CBE        59  0018   EA1Z          59  PO     
QSO: 14000 PH 2025-06-28 1553 IT9CBE        59  0019   EA2XR         59  BI     
QSO: 14000 PH 2025-06-28 1555 IT9CBE        59  0020   DL7AX         59  0026   
QSO: 14000 PH 2025-06-28 1556 IT9CBE        59  0021   F6DRP         59  0064   
QSO: 14000 PH 2025-06-28 1557 IT9CBE        59  0022   M0XFJ         59  0042   
QSO: 28000 PH 2025-06-28 1559 IT9CBE        59  0023   EA8CZX        59  GC     
QSO: 28000 PH 2025-06-28 1603 IT9CBE        59  0024   EA8DHC        59  GC     
QSO: 28000 PH 2025-06-28 1604 IT9CBE        59  0025   EF0F/8        59  SMR    
QSO: 28450 PH 2025-06-28 1608 IT9CBE        59  0026   LZ5R          59  0604   
QSO: 28000 PH 2025-06-28 1611 IT9CBE        59  0027   EA8DMS        59  TF     
QSO: 28000 PH 2025-06-28 1619 IT9CBE        59  0028   ED8B          59  TF     
QSO: 28000 PH 2025-06-28 1620 IT9CBE        59  0029   ED5R          59  A      
QSO: 28000 PH 2025-06-28 1620 IT9CBE        59  0030   IT9IVU        59  0124   
QSO: 28000 PH 2025-06-28 1623 IT9CBE        59  0031   EA8AQV        59  GC     
QSO: 28000 PH 2025-06-28 1623 IT9CBE        59  0032   EA8SG         59  TF     
QSO: 28000 PH 2025-06-28 1627 IT9CBE        59  0033   EA4RCK        59  CR     
QSO: 14258 PH 2025-06-28 1638 IT9CBE        59  0034   EA8ED         59  GC     
QSO: 14254 PH 2025-06-28 1759 IT9CBE        59  0035   PB6W          59  0124   
QSO: 14216 PH 2025-06-28 1802 IT9CBE        59  0036   ED8W          59  TF     
QSO: 14230 PH 2025-06-28 1803 IT9CBE        59  0037   EC1ANS        59  VA     
QSO: 14266 PH 2025-06-28 1805 IT9CBE        59  0038   ER1MAX        59  0145   
QSO: 14223 PH 2025-06-28 1810 IT9CBE        59  0039   EF7O          59  CO     
QSO: 14234 PH 2025-06-28 1814 IT9CBE        59  0040   ED2R          59  VI     
QSO: 14237 PH 2025-06-28 1815 IT9CBE        59  0041   EA1X          59  C      
QSO: 14273 PH 2025-06-28 1816 IT9CBE        59  0042   EE5R          59  A      
QSO: 14282 PH 2025-06-28 1817 IT9CBE        59  0043   ED1R          59  AV     
QSO: 14306 PH 2025-06-28 1819 IT9CBE        59  0044   EF0F/8        59  SMR    
QSO: 14312 PH 2025-06-28 1820 IT9CBE        59  0045   EA1WH         59  S      
QSO: 14318 PH 2025-06-28 1821 IT9CBE        59  0046   CT7BOD        59  0292   
QSO: 14251 PH 2025-06-28 1822 IT9CBE        59  0047   RA3OA         59  0341   
QSO: 28495 PH 2025-06-28 1825 IT9CBE        59  0048   IT9RZU        59  0006   
QSO:  7140 PH 2025-06-28 1843 IT9CBE        59  0049   EA5APA        59  A      
QSO:  7122 PH 2025-06-28 1844 IT9CBE        59  0050   EA5EE         59  V      
QSO:  7110 PH 2025-06-28 1847 IT9CBE        59  0051   ED5V          59  V      
QSO:  7131 PH 2025-06-28 1850 IT9CBE        59  0052   RA3OA         59  0462   
QSO:  7135 PH 2025-06-28 1850 IT9CBE        59  0053   EC5K          59  V      
QSO:  7176 PH 2025-06-28 1851 IT9CBE        59  0054   ED1R          59  AV     
END-OF-LOG:
