START-OF-LOG: 3.0
CREATED-BY: reconstructed-log-builder
CONTEST: CQ-WW-RTTY
CALLSIGN: N5ZM
LOCATION: 
CATEGORY: CHECKLOG
CATEGORY-OPERATOR: SINGLE-OP
CATEGORY-BAND: ALL
CATEGORY-MODE: MIXED
CATEGORY-POWER: UNKNOWN
CATEGORY-ASSISTED: NON-ASSISTED
CATEGORY-TRANSMITTER: ONE
CATEGORY-STATION: UNKNOWN
CATEGORY-OVERLAY: 
OPERATORS: N5ZM
CLAIMED-SCORE: 
CLUB: 
NAME: 
SOAPBOX: RECONSTRUCTED MOCKUP LOG - NOT AN OFFICIAL SUBMISSION.
SOAPBOX: Derived from submitted logs for CQ-WW-RTTY CQWWRTTY/2024.
QSO: 14085 RY 2024-09-29 0218 N5ZM          599 04 AR CR3W          599 33 DX
QSO: 14083 RY 2024-09-29 0222 N5ZM          599 04 AR XE1YL         599 06 DX
QSO: 14086 RY 2024-09-29 0227 N5ZM          599 04 AR VA7KO         599 03 BC
QSO: 14089 RY 2024-09-29 0228 N5ZM          599 04 AR CR3DX         599 33 DX
QSO:  7066 RY 2024-09-29 0233 N5ZM          599 04 AR IP0O          599 15 DX
QSO:  7058 RY 2024-09-29 0236 N5ZM          599 04 AR DK5PD         599 14 DX
QSO:  7047 RY 2024-09-29 0238 N5ZM          599 04 AR PI4COM        599 14 DX
QSO:  3579 RY 2024-09-29 0241 N5ZM          599 04 AR N4QS          599 04 KY
QSO:  3583 RY 2024-09-29 0242 N5ZM          599 04 AR N8CWU         599 04 OH
QSO: 14126 RY 2024-09-29 0245 N5ZM          599 04 AR EX9A          599 17 DX
QSO: 14101 RY 2024-09-29 0250 N5ZM          599 04 AR 9A1A          599 15 DX
QSO: 14099 RY 2024-09-29 0253 N5ZM          599 04 AR RA9AU         599 17 DX
QSO: 28085 RY 2024-09-29 2107 N5ZM          599 04 AR G8X           599 14 DX
QSO: 28093 RY 2024-09-29 2111 N5ZM          599 04 AR PV2K          599 11 DX
QSO: 21091 RY 2024-09-29 2116 N5ZM          599 04 AZ F6CQU         599 14 DX
QSO:  7045 RY 2024-09-29 2327 N5ZM          599 04 AR S51CK         599 15 DX
QSO:  7071 RY 2024-09-29 2332 N5ZM          599 04 AR Z36W          599 15 DX
QSO:  7072 RY 2024-09-29 2334 N5ZM          599 04 AR GW0A          599 14 DX
QSO: 28083 RY 2024-09-29 2336 N5ZM          599 04 AR VK9DX         599 32 DX
QSO:  7077 RY 2024-09-29 2344 N5ZM          599 04 AR 4U1UN         599 05 DX
QSO:  3598 RY 2024-09-29 2347 N5ZM          599 04 AR 9A1A          599 15 DX
END-OF-LOG:
