START-OF-LOG: 3.0
CREATED-BY: vhfmanager-downloader
CONTEST: ZRS majsko UKV tekmovanje - Official results - VHFManager
CALLSIGN: PD1AHM
CATEGORY: 145 MHz - Generated log
CATEGORY-OPERATOR: SINGLE-OP
CATEGORY-ASSISTED: NON-ASSISTED
CATEGORY-TRANSMITTER: ONE
CATEGORY-STATION: FIXED
QSO: 144300 PH 2013-05-04 1527 PD1AHM        1   JO21WF JO21WF PD1AHM        SSB DK1GO 59  
QSO: 144300 PH 2013-05-04 1532 PD1AHM        2   JO21WF JO21WF PD1AHM        SSB DL1EIP 59 
QSO: 144300 PH 2013-05-04 1538 PD1AHM        4   JO21WF JO21WF PD1AHM        SSB DK0BN 59  
QSO: 144300 PH 2013-05-04 1540 PD1AHM        5   JO21WF JO21WF PD1AHM        SSB TM2K 59   
QSO: 144300 PH 2013-05-04 1606 PD1AHM        6   JO21WF JO21WF PD1AHM        SSB DR2X 59   
QSO: 144300 PH 2013-05-04 1609 PD1AHM        7   JO21WF JO21WF PD1AHM        SSB DR3A 59   
QSO: 144300 PH 2013-05-04 1617 PD1AHM        8   JO21WF JO21WF PD1AHM        SSB DL1DBR 59 
QSO: 144300 PH 2013-05-04 1622 PD1AHM        9   JO21WF JO21WF PD1AHM        SSB DF0OL 59  
QSO: 144300 PH 2013-05-04 1628 PD1AHM        9   JO21WF JO21WF PD1AHM        SSB DK0A 59   
QSO: 144300 PH 2013-05-04 1639 PD1AHM        10  JO21WF JO21WF PD1AHM        SSB PA1T 59   
QSO: 144300 PH 2013-05-04 1648 PD1AHM        11  JO21WF JO21WF PD1AHM        SSB DL0GTH 59 
QSO: 144300 PH 2013-05-04 1653 PD1AHM        12  JO21WF JO21WF PD1AHM        SSB DL0LN 59  
QSO: 144300 PH 2013-05-04 1659 PD1AHM        13  JO21WF JO21WF PD1AHM        SSB DK0B 59   
QSO: 144300 PH 2013-05-04 1701 PD1AHM        14  JO21WF JO21WF PD1AHM        SSB DD7EQ 59  
QSO: 144300 PH 2013-05-04 1702 PD1AHM        15  JO21WF JO21WF PD1AHM        SSB DK0PU 59  
QSO: 144300 PH 2013-05-04 1735 PD1AHM        19  JO21WF JO21WF PD1AHM        SSB DR5M 59   
QSO: 144300 PH 2013-05-04 1753 PD1AHM        21  JO21WF JO21WF PD1AHM        SSB DK1K 59   
QSO: 144300 PH 2013-05-04 1848 PD1AHM        23  JO21WF JO21WF PD1AHM        SSB DL9US 59  
QSO: 144300 PH 2013-05-04 1956 PD1AHM        24  JO21WF JO21WF PD1AHM        SSB OL1C 59   
QSO: 144300 PH 2013-05-04 2003 PD1AHM        25  JO21WF JO21WF PD1AHM        SSB OL3Y 59   
QSO: 144300 PH 2013-05-04 2056 PD1AHM        28  JO21WF JO21WF PD1AHM        SSB DG6SA 59  
QSO: 144300 PH 2013-05-04 2101 PD1AHM        29  JO21WF JO21WF PD1AHM        SSB DL4EBA 59 
QSO: 144300 PH 2013-05-04 2111 PD1AHM        30  JO21WF JO21WF PD1AHM        SSB DL1E 59   
QSO: 144300 PH 2013-05-04 2132 PD1AHM        31  JO21WF JO21WF PD1AHM        SSB DL1OBF 59 
QSO: 144300 PH 2013-05-04 2132 PD1AHM        32  JO21WF JO21WF PD1AHM        SSB DA2T 59   
QSO: 144300 PH 2013-05-04 2136 PD1AHM        33  JO21WF JO21WF PD1AHM        SSB DL5BCQ 59 
QSO: 144300 PH 2013-05-04 2200 PD1AHM        35  JO21WF JO21WF PD1AHM        SSB DL2DR 59  
QSO: 144300 PH 2013-05-04 2237 PD1AHM        36  JO21WF JO21WF PD1AHM        SSB DH0F 59   
QSO: 144300 PH 2013-05-04 2241 PD1AHM        37  JO21WF JO21WF PD1AHM        SSB DR9A 59   
QSO: 144300 PH 2013-05-05 0640 PD1AHM        38  JO21WF JO21WF PD1AHM        SSB DF0MU 59  
QSO: 144300 PH 2013-05-05 0814 PD1AHM        38  JO21WF JO21WF PD1AHM        SSB DK2GZ 59  
QSO: 144300 PH 2013-05-05 0644 PD1AHM        39  JO21WF JO21WF PD1AHM        SSB DL5R 59   
QSO: 144300 PH 2013-05-05 0824 PD1AHM        39  JO21WF JO21WF PD1AHM        SSB OL7C 59   
QSO: 144300 PH 2013-05-05 0836 PD1AHM        40  JO21WF JO21WF PD1AHM        SSB OM3W 59   
QSO: 144300 PH 2013-05-05 0659 PD1AHM        42  JO21WF JO21WF PD1AHM        SSB F1AZJ/P 59
QSO: 144300 PH 2013-05-05 0942 PD1AHM        42  JO21WF JO21WF PD1AHM        SSB F5OOM/P 59
QSO: 144300 PH 2013-05-05 0715 PD1AHM        43  JO21WF JO21WF PD1AHM        SSB DP4M 59   
QSO: 144300 PH 2013-05-05 0954 PD1AHM        43  JO21WF JO21WF PD1AHM        SSB DL0GL 59  
QSO: 144300 PH 2013-05-05 0718 PD1AHM        44  JO21WF JO21WF PD1AHM        SSB DC6BB 59  
END-OF-LOG:
