START-OF-LOG: 3.0
CREATED-BY: reconstructed-log-builder
CONTEST: WAE SSB
CALLSIGN: F4FRG
LOCATION: 
CATEGORY: CHECKLOG
CATEGORY-OPERATOR: SINGLE-OP
CATEGORY-BAND: ALL
CATEGORY-MODE: MIXED
CATEGORY-POWER: UNKNOWN
CATEGORY-ASSISTED: NON-ASSISTED
CATEGORY-TRANSMITTER: ONE
CATEGORY-STATION: UNKNOWN
CATEGORY-OVERLAY: 
OPERATORS: F4FRG
CLAIMED-SCORE: 
CLUB: 
NAME: 
SOAPBOX: RECONSTRUCTED MOCKUP LOG - NOT AN OFFICIAL SUBMISSION.
SOAPBOX: Derived from submitted logs for WAE SSB WAE/SSB/2024.
QSO: 14298 PH 2024-09-14 1925 F4FRG         59 0001 WA2DNI        59 0114
QSO: 14000 PH 2024-09-14 1931 F4FRG         59 002 HZ1TT         59 446
QSO: 14185 PH 2024-09-14 1932 F4FRG         59 0003 BA4TB         59 0445
QSO: 14165 PH 2024-09-14 1935 F4FRG         59 004 CT3KN         59 780
QSO: 14219 PH 2024-09-14 1937 F4FRG         59 0005 UN4Q          59 0821
QSO: 14207 PH 2024-09-14 1938 F4FRG         59 0006 VU3TPW        59 0107
QSO: 14203 PH 2024-09-14 1941 F4FRG         59 0007 PX8Z          59 0302
QSO: 14197 PH 2024-09-14 1942 F4FRG         59 008 FY5KE         59 0654
QSO: 14178 PH 2024-09-14 1944 F4FRG         59 0009 V85RH         59 0402
QSO: 14258 PH 2024-09-14 1947 F4FRG         59 0010 E2K           59 0427
QSO: 14250 PH 2024-09-14 1950 F4FRG         59 0011 TA3NE         59 0012
QSO: 14154 PH 2024-09-14 1952 F4FRG         59 012 AA4NC         59 426
QSO: 14161 PH 2024-09-14 1957 F4FRG         59 013 N2AA          59 0240
QSO: 14169 PH 2024-09-14 1959 F4FRG         59 0014 K4AB          59 0513
QSO: 14172 PH 2024-09-14 2000 F4FRG         59 015 TA4A          59 291
QSO: 14240 PH 2024-09-14 2004 F4FRG         59 016 CR3W          59 1452
QSO: 14266 PH 2024-09-14 2006 F4FRG         59 0017 WA2DNI        59 0154
QSO: 14261 PH 2024-09-14 2008 F4FRG         59 18 K5ZD          59 452
QSO: 14270 PH 2024-09-14 2009 F4FRG         59 0019 W1GD          59 0130
QSO: 14175 PH 2024-09-14 2011 F4FRG         59 0020 NE1C          59 0331
QSO: 28556 PH 2024-09-15 1637 F4FRG         59 0022 PY2PLL        59 0390
QSO: 28531 PH 2024-09-15 1640 F4FRG         59 0022 LU2PWY        59 0097
QSO: 28540 PH 2024-09-15 1643 F4FRG         59 0025 PU2UAF        59 0024
QSO: 28000 PH 2024-09-15 1646 F4FRG         59 0026 CB8E          59 0371
QSO: 28483 PH 2024-09-15 1650 F4FRG         59 0027 PY5ZHP        59 0219
QSO: 28422 PH 2024-09-15 1652 F4FRG         59 0028 PR1T          59 1422
QSO: 28395 PH 2024-09-15 1653 F4FRG         59 0029 PY2QT         59 0417
QSO: 28363 PH 2024-09-15 1655 F4FRG         59 030 UP4L          59 1204
QSO: 28543 PH 2024-09-15 1657 F4FRG         59 0031 K3MM          59 0289
QSO: 28453 PH 2024-09-15 1659 F4FRG         59 0032 CB3A          59 0200
QSO: 28385 PH 2024-09-15 1702 F4FRG         59 033 CR3W          59 2278
QSO: 28409 PH 2024-09-15 1704 F4FRG         59 0034 PV2K          59 1015
QSO: 28441 PH 2024-09-15 1706 F4FRG         59 035 CT9ABO        59 2458
QSO: 28446 PH 2024-09-15 1706 F4FRG         59 036 PT5J          59 1522
QSO: 28000 PH 2024-09-15 1708 F4FRG         59 037 CE4JZO        59 112
QSO: 28459 PH 2024-09-15 1710 F4FRG         59 0038 PY2ZR         59 0162
QSO: 28477 PH 2024-09-15 1712 F4FRG         59 039 PY2XV         59 130
QSO: 21275 PH 2024-09-15 1719 F4FRG         59 040 FY5KE         59 1242
QSO: 21364 PH 2024-09-15 1720 F4FRG         59 041 K1LZ          59 251
QSO: 21325 PH 2024-09-15 1722 F4FRG         59 0042 YB9ELS        59 0488
QSO: 21210 PH 2024-09-15 1724 F4FRG         59 43 K5ZD          59 1002
QSO: 21273 PH 2024-09-15 1726 F4FRG         59 0045 W0CN          59 0594
QSO: 21284 PH 2024-09-15 1726 F4FRG         59 044 PT5J          59 1540
QSO: 21264 PH 2024-09-15 1727 F4FRG         59 046 NN7CW         59 1226
QSO: 21202 PH 2024-09-15 1729 F4FRG         59 0047 NN3W          59 1226
QSO: 21196 PH 2024-09-15 1731 F4FRG         59 0048 CN8YZ         59 0128
QSO: 21396 PH 2024-09-15 1733 F4FRG         59 0049 HS8NKB        59 0132
QSO: 21382 PH 2024-09-15 1734 F4FRG         59 0050 4X7M          59 1487
QSO: 21298 PH 2024-09-15 1736 F4FRG         59 0051 9M2M          59 0268
END-OF-LOG:
