START-OF-LOG: 3.0
CREATED-BY: reconstructed-log-builder
CONTEST: WAE SSB
CALLSIGN: II1A
LOCATION: 
CATEGORY: CHECKLOG
CATEGORY-OPERATOR: SINGLE-OP
CATEGORY-BAND: ALL
CATEGORY-MODE: MIXED
CATEGORY-POWER: UNKNOWN
CATEGORY-ASSISTED: NON-ASSISTED
CATEGORY-TRANSMITTER: ONE
CATEGORY-STATION: UNKNOWN
CATEGORY-OVERLAY: 
OPERATORS: II1A
CLAIMED-SCORE: 
CLUB: 
NAME: 
SOAPBOX: RECONSTRUCTED MOCKUP LOG - NOT AN OFFICIAL SUBMISSION.
SOAPBOX: Derived from submitted logs for WAE SSB WAE/SSB/2024.
QSO: 14290 PH 2024-09-14 0744 II1A          59 001 CR3W          59 468
QSO: 14195 PH 2024-09-14 0749 II1A          59 0002 ZM1A          59 0263
QSO: 21000 PH 2024-09-14 1702 II1A          59 003 4L2M          59 1008
QSO: 21285 PH 2024-09-14 1702 II1A          59 004 CT3KN         59 569
QSO: 14194 PH 2024-09-14 1708 II1A          59 005 UP0L          59 716
QSO: 14262 PH 2024-09-14 1711 II1A          59 006 JE6RPM        59 387
QSO: 14226 PH 2024-09-14 1717 II1A          59 0008 E2A           59 0356
QSO: 14271 PH 2024-09-14 1720 II1A          59 009 RM9I          59 734
QSO: 14189 PH 2024-09-15 2124 II1A          59 0010 PY2NY         59 0665
QSO: 14198 PH 2024-09-15 2137 II1A          59 011 N2NT          59 896
QSO: 14160 PH 2024-09-15 2140 II1A          59 0013 NN3W          59 1408
QSO: 14178 PH 2024-09-15 2140 II1A          59 012 AA4NC         59 1121
QSO: 14155 PH 2024-09-15 2141 II1A          59 014 CT3KN         59 1148
QSO: 14163 PH 2024-09-15 2143 II1A          59 0015 ZX5D          59 0955
QSO: 14164 PH 2024-09-15 2144 II1A          59 016 K1LZ          59 320
QSO: 14171 PH 2024-09-15 2144 II1A          59 0017 KD4D          59 0449
QSO: 14185 PH 2024-09-15 2145 II1A          59 018 N2AA          59 0565
QSO: 14216 PH 2024-09-15 2147 II1A          59 0019 NU4E          59 0436
QSO: 14218 PH 2024-09-15 2148 II1A          59 0020 WP4I          59 0267
QSO: 14151 PH 2024-09-15 2151 II1A          59 021 K1ZM          59 967
QSO:  7147 PH 2024-09-15 2155 II1A          59 023 UP4L          59 1496
QSO:  7185 PH 2024-09-15 2156 II1A          59 024 P3CR          59 2049
QSO:  7196 PH 2024-09-15 2157 II1A          59 0025 4X7M          59 1637
QSO: 14264 PH 2024-09-15 2202 II1A          59 026 NN7CW         59 1385
QSO: 14291 PH 2024-09-15 2205 II1A          59 0027 CB3A          59 0329
QSO: 14296 PH 2024-09-15 2205 II1A          59 0028 ZZ2O          59 0790
QSO: 14323 PH 2024-09-15 2206 II1A          59 0029 W1RCR         59 0559
QSO:  7000 PH 2024-09-15 2209 II1A          59 031 4L2M          59 2403
QSO:  7176 PH 2024-09-15 2210 II1A          59 032 UP2L          59 2712
QSO:  7178 PH 2024-09-15 2214 II1A          59 033 CT9ABO        59 2689
QSO: 14189 PH 2024-09-15 2217 II1A          59 0034 AA3R          59 0556
QSO: 14197 PH 2024-09-15 2218 II1A          59 0035 CX6TU         59 0286
QSO: 14260 PH 2024-09-15 2220 II1A          59 0036 HI8R          59 0491
QSO: 14176 PH 2024-09-15 2225 II1A          59 0037 K4AB          59 0946
QSO: 14207 PH 2024-09-15 2227 II1A          59 038 PT5J          59 1818
QSO: 14213 PH 2024-09-15 2230 II1A          59 0039 PY6HD         59 0494
QSO: 14258 PH 2024-09-15 2231 II1A          59 0040 LO7H          59 0326
QSO:  7149 PH 2024-09-15 2233 II1A          59 041 K1ZM          59 987
QSO:  3500 PH 2024-09-15 2242 II1A          59 042 4L2M          59 2419
QSO:  7188 PH 2024-09-15 2246 II1A          59 043 FY5KE         59 1471
QSO: 14263 PH 2024-09-15 2249 II1A          59 044 LR3D          59 0580
QSO: 14222 PH 2024-09-15 2250 II1A          59 0045 4X7M          59 1673
END-OF-LOG:
