START-OF-LOG: 3.0
CREATED-BY: reconstructed-log-builder
CONTEST: CQ-160-CW
CALLSIGN: JE2GUV
LOCATION: 
CATEGORY: CHECKLOG
CATEGORY-OPERATOR: SINGLE-OP
CATEGORY-BAND: ALL
CATEGORY-MODE: MIXED
CATEGORY-POWER: UNKNOWN
CATEGORY-ASSISTED: NON-ASSISTED
CATEGORY-TRANSMITTER: ONE
CATEGORY-STATION: UNKNOWN
CATEGORY-OVERLAY: 
OPERATORS: JE2GUV
CLAIMED-SCORE: 
CLUB: 
NAME: 
SOAPBOX: RECONSTRUCTED MOCKUP LOG - NOT AN OFFICIAL SUBMISSION.
SOAPBOX: Derived from submitted logs for CQ-160-CW CQ160/cw/2025.
QSO:  1818 CW 2025-01-25 1247 JE2GUV        599 25 AA6AA         599 CA
QSO:  1815 CW 2025-01-25 1251 JE2GUV        599 25 BA3OM         599 24
QSO:  1832 CW 2025-01-25 1304 JE2GUV        599 25 K7RAT         599 OR
QSO:  1822 CW 2025-01-25 1312 JE2GUV        599 25 NA7TB         599 AZ
QSO:  1819 CW 2025-01-25 2055 JE2GUV        599 25 RL3A          599 16
QSO:  1800 CW 2025-01-26 1037 JE2GUV        599 25 JE1SPY        599 25
QSO:  1830 CW 2025-01-26 1040 JE2GUV        599 25 JA4OPW        599 25
QSO:  1824 CW 2025-01-26 1043 JE2GUV        599 25 JH2FXK        599 25
QSO:  1800 CW 2025-01-26 1044 JE2GUV        599 25 JF3BFS        599 25
QSO:  1816 CW 2025-01-26 1046 JE2GUV        599 25 DS2JJV        599 25
QSO:  1815 CW 2025-01-26 1047 JE2GUV        599 25 JE1CKA        599 25
QSO:  1800 CW 2025-01-26 1048 JE2GUV        599 25 JA7NPV        599 25
QSO:  1811 CW 2025-01-26 1048 JE2GUV        599 25 JA3YBK        599 25
QSO:  1811 CW 2025-01-26 1050 JE2GUV        599 25 RC0L          599 19
QSO:  1809 CW 2025-01-26 1051 JE2GUV        599 25 JH4RHF        599 25
QSO:  1834 CW 2025-01-26 1052 JE2GUV        599 25 JF3LOP        599 25
QSO:  1800 CW 2025-01-26 1059 JE2GUV        599 25 JI1FOE        599 25
QSO:  1830 CW 2025-01-26 1101 JE2GUV        599 25 JG6YLY        599 25
QSO:  1823 CW 2025-01-26 1103 JE2GUV        599 25 JS2MKU        599 25
QSO:  1827 CW 2025-01-26 1140 JE2GUV        599 25 JG6JAV        599 25
QSO:  1812 CW 2025-01-26 1200 JE2GUV        599 25 JH4UYB        599 25
QSO:  1800 CW 2025-01-26 1203 JE2GUV        599 25 7K1CPT        599 25
QSO:  1808 CW 2025-01-26 1205 JE2GUV        599 25 JA8RWU        599 25
QSO:  1815 CW 2025-01-26 1955 JE2GUV        599 25 RG2A          599 16
QSO:  1815 CW 2025-01-26 1957 JE2GUV        599 25 LY2XW         599 15
QSO:  1824 CW 2025-01-26 2001 JE2GUV        599 25 RK4FD         599 16
QSO:  1829 CW 2025-01-26 2003 JE2GUV        599 25 HG8DX         599 15
QSO:  1832 CW 2025-01-26 2005 JE2GUV        599 25 RW0CR         599 19
QSO:  1837 CW 2025-01-26 2008 JE2GUV        599 25 DK6WL         599 14
QSO:  1838 CW 2025-01-26 2009 JE2GUV        599 25 OK7O          599 15
QSO:  1826 CW 2025-01-26 2011 JE2GUV        599 25 RM4F          599 16
QSO:  1824 CW 2025-01-26 2016 JE2GUV        599 25 DM7C          599 14
QSO:  1821 CW 2025-01-26 2019 JE2GUV        599 25 R5AJ          599 16
QSO:  1819 CW 2025-01-26 2020 JE2GUV        599 25 9A5Y          599 15
QSO:  1818 CW 2025-01-26 2022 JE2GUV        599 25 OM3GI         599 15
QSO:  1846 CW 2025-01-26 2033 JE2GUV        599 25 DL7ON         599 14
QSO:  1839 CW 2025-01-26 2036 JE2GUV        599 25 SQ9Y          599 15
QSO:  1834 CW 2025-01-26 2039 JE2GUV        599 25 YL3FT         599 15
QSO:  1833 CW 2025-01-26 2041 JE2GUV        599 25 R5WW          599 16
QSO:  1831 CW 2025-01-26 2043 JE2GUV        599 25 IK0YUT        599 15
END-OF-LOG:
