START-OF-LOG: 3.0
CREATED-BY: vhfmanager-downloader
CONTEST: ZRS julijsko UKV tekmovanje - Official results - VHFManager
CALLSIGN: OK2KYJ
CATEGORY: 435 MHz - checklog
CATEGORY-OPERATOR: SINGLE-OP
CATEGORY-ASSISTED: NON-ASSISTED
CATEGORY-TRANSMITTER: ONE
CATEGORY-STATION: FIXED
QSO: 435000 PH 2011-07-02 1410 OK2KYJ        59  1 JN89QQ   OL7Q          59  11 JN99FN 
QSO: 435000 PH 2011-07-02 1410 OK2KYJ        59  2 JN89QQ   OK2UDE        59  5 JN89JS  
QSO: 435000 PH 2011-07-02 1413 OK2KYJ        59  3 JN89QQ   OL1B          59  12 JO80IB 
QSO: 435000 PH 2011-07-02 1416 OK2KYJ        59  4 JN89QQ   OK1KPA        59  9 JN79US  
QSO: 435000 PH 2011-07-02 1420 OK2KYJ        59  5 JN89QQ   OK1OPT        59  20 JN69NX 
QSO: 435000 PH 2011-07-02 1422 OK2KYJ        59  6 JN89QQ   OL9W          59  21 JN99CL 
QSO: 435000 PH 2011-07-02 1434 OK2KYJ        59  7 JN89QQ   OK2JI         59  13 JN89MW 
QSO: 435000 PH 2011-07-02 1437 OK2KYJ        59  8 JN89QQ   OL6M          59  21 JN89LP 
QSO: 435000 PH 2011-07-02 1440 OK2KYJ        59  9 JN89QQ   OK2C          59  38 JN99AJ 
QSO: 435000 PH 2011-07-02 1444 OK2KYJ        59  10 JN89QQ  OK5K          59  26 JN89VP 
QSO: 435000 PH 2011-07-02 1445 OK2KYJ        59  11 JN89QQ  OL7M          59  55 JO80FG 
QSO: 435000 PH 2011-07-02 1448 OK2KYJ        59  12 JN89QQ  OM8A          59  31 JN87WV 
QSO: 435000 PH 2011-07-02 1453 OK2KYJ        59  13 JN89QQ  OL4K          59  36 JO70TQ 
QSO: 435000 PH 2011-07-02 1500 OK2KYJ        59  14 JN89QQ  OK1MHJ        59  24 JO70UD 
QSO: 435000 PH 2011-07-02 1512 OK2KYJ        59  15 JN89QQ  OL3Z          59  73 JN79FX 
QSO: 435000 PH 2011-07-02 1515 OK2KYJ        59  16 JN89QQ  OK1KFB        59  34 JN79BC 
QSO: 435000 PH 2011-07-02 1519 OK2KYJ        59  17 JN89QQ  OK2KYZ        59  27 JN89XN 
QSO: 435000 PH 2011-07-02 1520 OK2KYJ        59  18 JN89QQ  OK2PHB        59  19 JN89QU 
QSO: 435000 PH 2011-07-02 1523 OK2KYJ        59  19 JN89QQ  OK2KPD        59  30 JO80UB 
QSO: 435000 PH 2011-07-02 1634 OK2KYJ        59  20 JN89QQ  DG1MDQ        59  9 JN58KI  
QSO: 435000 PH 2011-07-02 1744 OK2KYJ        59  21 JN89QQ  OK1KUO        59  62 JO80FF 
QSO: 435000 PH 2011-07-02 1746 OK2KYJ        59  22 JN89QQ  OK2RSC        59  43 JN89QE 
QSO: 435000 PH 2011-07-02 1749 OK2KYJ        59  23 JN89QQ  OM6A          59  92 JN99JC 
QSO: 435000 PH 2011-07-02 1753 OK2KYJ        59  24 JN89QQ  ERROR         59  12 JN89EJ 
QSO: 435000 PH 2011-07-02 1908 OK2KYJ        59  25 JN89QQ  OM5MX         59  29 JN98BG 
QSO: 435000 PH 2011-07-02 1916 OK2KYJ        59  26 JN89QQ  OK1VUF        59  54 JO70DP 
QSO: 435000 PH 2011-07-02 1921 OK2KYJ        59  27 JN89QQ  OK5Z          59  158 JN89AK
QSO: 435000 PH 2011-07-02 1924 OK2KYJ        59  28 JN89QQ  OK2KCE        59  51 JN89XX 
QSO: 435000 PH 2011-07-02 1934 OK2KYJ        59  29 JN89QQ  OK1KKL        59  108 JO70PO
QSO: 435000 PH 2011-07-02 1947 OK2KYJ        59  30 JN89QQ  OK2SJS        59  11 JN89MQ 
QSO: 435000 PH 2011-07-02 2002 OK2KYJ        59  31 JN89QQ  OK2JJA        59  11 JN89LW 
QSO: 435000 PH 2011-07-02 2024 OK2KYJ        59  32 JN89QQ  OK1KPI        59  36 JN69XJ 
QSO: 435000 PH 2011-07-02 2025 OK2KYJ        59  33 JN89QQ  OK2BDS        59  40 JN79WF 
QSO: 435000 PH 2011-07-02 2037 OK2KYJ        59  34 JN89QQ  OK2A          59  183 JO60JJ
QSO: 435000 PH 2011-07-02 2043 OK2KYJ        59  35 JN89QQ  DL0STO        59  63 JO60UR 
QSO: 435000 PH 2011-07-02 2049 OK2KYJ        59  36 JN89QQ  OK1AYR        59  6 JO80EG  
QSO: 435000 PH 2011-07-02 2052 OK2KYJ        59  37 JN89QQ  OK5TM         59  55 JN89BI 
QSO: 435000 PH 2011-07-02 2058 OK2KYJ        59  38 JN89QQ  OK2M          59  101 JN89UN
QSO: 435000 PH 2011-07-02 2108 OK2KYJ        59  39 JN89QQ  OK1FHA        59  79 JO60RB 
QSO: 435000 PH 2011-07-02 2112 OK2KYJ        59  40 JN89QQ  OK2KWS        59  56 JN89NV 
QSO: 435000 PH 2011-07-02 2117 OK2KYJ        59  41 JN89QQ  OK2KEA        59  54 JN89EJ 
QSO: 435000 PH 2011-07-02 2145 OK2KYJ        59  42 JN89QQ  OK2KJU        59  43 JN89SJ 
QSO: 435000 PH 2011-07-02 2153 OK2KYJ        59  43 JN89QQ  DR9A          54  205 JN48EQ
QSO: 435000 PH 2011-07-02 2157 OK2KYJ        59  44 JN89QQ  OK2UUJ        59  44 JO80NB 
QSO: 435000 PH 2011-07-02 2214 OK2KYJ        59  45 JN89QQ  OK1KTW        59  5 JN89IW  
QSO: 435000 PH 2011-07-02 2215 OK2KYJ        59  46 JN89QQ  OK1KMG        59  42 JN89IW 
QSO: 435000 PH 2011-07-02 2245 OK2KYJ        59  47 JN89QQ  SP9PZD        59  52 JN99MQ 
QSO: 435000 PH 2011-07-02 2246 OK2KYJ        59  48 JN89QQ  OM3KII        59  58 JN88UU 
QSO: 435000 PH 2011-07-03 0031 OK2KYJ        59  49 JN89QQ  DM7A          55  186 JO60LK
QSO: 435000 PH 2011-07-03 0438 OK2KYJ        59  50 JN89QQ  OE3RTB        59  20 JN88ER 
QSO: 435000 PH 2011-07-03 0519 OK2KYJ        59  51 JN89QQ  OM3CQF        59  10 JN88RT 
QSO: 435000 PH 2011-07-03 0616 OK2KYJ        59  52 JN89QQ  S57C          59  5912 JN76PB
QSO: 435000 PH 2011-07-03 0639 OK2KYJ        59  53 JN89QQ  OK2IGL        59  22 JN89HA 
QSO: 435000 PH 2011-07-03 0642 OK2KYJ        59  54 JN89QQ  OK2SUK        59  50 JN89TO 
QSO: 435000 CW 2011-07-03 0648 OK2KYJ        599 55 JN89QQ  OM3RAL        599 93 JN98LR 
QSO: 435000 CW 2011-07-03 0837 OK2KYJ        599 56 JN89QQ  HA1KYY        599 115 JN87FI
QSO: 435000 CW 2011-07-03 1004 OK2KYJ        599 57 JN89QQ  SP9EML        599 137 JN99LJ
QSO: 435000 PH 2011-07-03 1014 OK2KYJ        59  58 JN89QQ  OK2WYK        59  10 JN89AO 
QSO: 435000 PH 2011-07-03 1116 OK2KYJ        59  59 JN89QQ  OK1KNF        55  129 JN69MJ
QSO: 435000 CW 2011-07-03 1129 OK2KYJ        599 60 JN89QQ  DM5D          599 29 JO61OC 
QSO: 435000 PH 2011-07-03 1133 OK2KYJ        59  61 JN89QQ  OK2PNQ        59  21 JN89LE 
QSO: 435000 PH 2011-07-03 1213 OK2KYJ        59  62 JN89QQ  OE3A          59  173 JN77XX
QSO: 435000 CW 2011-07-03 1320 OK2KYJ        599 63 JN89QQ  OK2BVE        599 87 JN99JQ 
QSO: 435000 CW 2011-07-03 1324 OK2KYJ        599 64 JN89QQ  SP6IWQ        599 98 JO80HK 
END-OF-LOG:
