START-OF-LOG: 3.0
CREATED-BY: reconstructed-log-builder
CONTEST: CQ-WPX-CW
CALLSIGN: A92GE
LOCATION: 
CATEGORY: CHECKLOG
CATEGORY-OPERATOR: SINGLE-OP
CATEGORY-BAND: ALL
CATEGORY-MODE: MIXED
CATEGORY-POWER: UNKNOWN
CATEGORY-ASSISTED: NON-ASSISTED
CATEGORY-TRANSMITTER: ONE
CATEGORY-STATION: UNKNOWN
CATEGORY-OVERLAY: 
OPERATORS: A92GE
CLAIMED-SCORE: 
CLUB: 
NAME: 
SOAPBOX: RECONSTRUCTED MOCKUP LOG - NOT AN OFFICIAL SUBMISSION.
SOAPBOX: Derived from submitted logs for CQ-WPX-CW CQWPX/cw/2026.
QSO: 21021 CW 2026-05-30 0753 A92GE         599 001 IQ6AN         599 373
QSO: 21021 CW 2026-05-30 0753 A92GE         599 0002 UC9A          599 0308
QSO: 21021 CW 2026-05-30 0754 A92GE         599 0003 HA3DX         599 0643
QSO: 21021 CW 2026-05-30 0755 A92GE         599 0004 RL4R          599 0375
QSO: 21021 CW 2026-05-30 0755 A92GE         599 005 S53X          599 536
QSO: 21021 CW 2026-05-30 0756 A92GE         599 007 S57AL         599 686
QSO: 21021 CW 2026-05-30 0756 A92GE         599 006 UA4PN         599 190
QSO: 21021 CW 2026-05-30 0757 A92GE         599 009 HA7I          599 734
QSO: 21021 CW 2026-05-30 0757 A92GE         599 8 R3OM          599 265
QSO: 21021 CW 2026-05-30 0758 A92GE         599 010 RL3A          599 1138
QSO: 21021 CW 2026-05-30 0759 A92GE         599 0011 S53V          599 0395
QSO: 21021 CW 2026-05-30 0800 A92GE         599 013 R9MM          599 370
QSO: 21021 CW 2026-05-30 0801 A92GE         599 0014 LY2TS         599 0035
QSO: 21021 CW 2026-05-30 0801 A92GE         599 015 OE1TKW        599 073
QSO: 21021 CW 2026-05-30 0802 A92GE         599 016 R3MDT         599 182
QSO: 21021 CW 2026-05-30 0803 A92GE         599 0017 RX3N          599 0124
QSO: 21000 CW 2026-05-30 0804 A92GE         599 18 OM5R          599 221
QSO: 21021 CW 2026-05-30 0804 A92GE         599 019 LZ25W         599 218
QSO: 21000 CW 2026-05-30 0805 A92GE         599 020 R2SR          599 26
QSO: 21021 CW 2026-05-30 0806 A92GE         599 022 LY2K          599 418
QSO: 21021 CW 2026-05-30 0806 A92GE         599 023 OM7M          599 163
QSO: 21021 CW 2026-05-30 0806 A92GE         599 0021 SP8R          599 0926
QSO: 21021 CW 2026-05-30 0807 A92GE         599 025 LZ4AE         599 168
QSO: 21021 CW 2026-05-30 0807 A92GE         599 0024 RK4FM         599 0276
QSO: 21000 CW 2026-05-30 0808 A92GE         599 026 IZ3NYG        599 277
QSO: 21021 CW 2026-05-30 0808 A92GE         599 0027 HG4A          599 0928
QSO: 21021 CW 2026-05-30 0809 A92GE         599 028 US6EX         599 254
QSO: 21021 CW 2026-05-30 0810 A92GE         599 029 RG5A          599 309
QSO: 21021 CW 2026-05-30 0811 A92GE         599 0030 R4LR          599 0252
QSO: 21000 CW 2026-05-30 0812 A92GE         599 0033 UT3QZ         599 0044
QSO: 21021 CW 2026-05-30 0812 A92GE         599 032 LZ8E          599 084
QSO: 21021 CW 2026-05-30 0815 A92GE         599 036 RU7M          599 350
QSO: 21021 CW 2026-05-30 0815 A92GE         599 0035 SQ6MIH        599 0062
QSO: 21021 CW 2026-05-30 0816 A92GE         599 037 HA5NR         599 161
QSO: 21022 CW 2026-05-30 0817 A92GE         599 0038 LZ1ND         599 0091
QSO: 21022 CW 2026-05-30 0817 A92GE         599 0039 YO4AR         599 0359
QSO: 21021 CW 2026-05-30 0818 A92GE         599 0040 OK1PI         599 0110
QSO: 21021 CW 2026-05-30 0818 A92GE         599 041 UA3RW         599 174
QSO: 21021 CW 2026-05-30 0819 A92GE         599 0043 OL7J          599 0677
QSO: 21021 CW 2026-05-30 0819 A92GE         599 0042 UT8EU         599 0357
QSO: 21021 CW 2026-05-30 0820 A92GE         599 0044 YO4CAH        599 0042
QSO: 21021 CW 2026-05-30 0821 A92GE         599 045 UA3PI         599 115
QSO: 21021 CW 2026-05-30 0821 A92GE         599 046 YU1YV         599 245
QSO: 21021 CW 2026-05-30 0822 A92GE         599 047 OH2PQ         599 362
QSO: 21021 CW 2026-05-30 0822 A92GE         599 0048 S58W          599 0245
QSO: 21021 CW 2026-05-30 0823 A92GE         599 0049 UT3EV         599 0146
QSO: 21021 CW 2026-05-30 0824 A92GE         599 50 SQ3HLB        599 7
QSO: 21021 CW 2026-05-30 0827 A92GE         599 0054 R4II          599 0373
QSO: 21021 CW 2026-05-30 0831 A92GE         599 0055 ED7K          599 0601
QSO: 21021 CW 2026-05-30 0832 A92GE         599 056 EX2M          599 314
QSO: 21021 CW 2026-05-30 0832 A92GE         599 0057 LY5W          599 0583
QSO: 21000 CW 2026-05-30 0833 A92GE         599 59 DJ0SP         599 503
QSO: 21022 CW 2026-05-30 0833 A92GE         599 058 UA0OK         599 238
QSO: 21035 CW 2026-05-30 0904 A92GE         599 060 ES9C          599 396
END-OF-LOG:
