START-OF-LOG: 3.0
CREATED-BY: reconstructed-log-builder
CONTEST: EA-MAJESTAD-CW
CALLSIGN: SE6N
LOCATION: 
CATEGORY: CHECKLOG
CATEGORY-OPERATOR: SINGLE-OP
CATEGORY-BAND: ALL
CATEGORY-MODE: MIXED
CATEGORY-POWER: UNKNOWN
CATEGORY-ASSISTED: NON-ASSISTED
CATEGORY-TRANSMITTER: ONE
CATEGORY-STATION: UNKNOWN
CATEGORY-OVERLAY: 
OPERATORS: SE6N
CLAIMED-SCORE: 
CLUB: 
NAME: 
SOAPBOX: RECONSTRUCTED MOCKUP LOG - NOT AN OFFICIAL SUBMISSION.
SOAPBOX: Derived from submitted logs for EA-MAJESTAD-CW URE/SMRCW/2018.
QSO: 14000 CW 2018-05-19 1236 SE6N          599 7 UR4PWC        599 18
QSO: 14027 CW 2018-05-19 1246 SE6N          599 010 OK7W          599 373
QSO:  7020 CW 2018-05-19 1944 SE6N          599 017 OK7W          599 758
QSO:  3532 CW 2018-05-19 1958 SE6N          599 20 R8TT          599 533
QSO:  3532 CW 2018-05-19 2000 SE6N          599 021 RG9A          599 509
QSO:  3539 CW 2018-05-19 2115 SE6N          599 013 LY2MM         599 035
QSO:  3542 CW 2018-05-19 2117 SE6N          599 017 YL2SM         599 037
QSO:  3548 CW 2018-05-19 2121 SE6N          599 020 YL2PJ         599 038
QSO:  3516 CW 2018-05-19 2127 SE6N          599 027 SP9XCN        599 0037
QSO:  3550 CW 2018-05-19 2155 SE6N          599 048 YL2VW         599 120
QSO:  3551 CW 2018-05-19 2155 SE6N          599 049 LY4T          599 0067
QSO:  3500 CW 2018-05-19 2204 SE6N          599 52 EU1AI         599 67
QSO:  3500 CW 2018-05-19 2213 SE6N          599 0057 EW1I          599 0092
QSO:  3500 CW 2018-05-19 2239 SE6N          599 66 DL4JU         599 087
QSO:  3546 CW 2018-05-19 2253 SE6N          599 072 LY7Z          599 0181
QSO:  3538 CW 2018-05-20 0005 SE6N          599 089 LY2TS         599 226
END-OF-LOG:
