START-OF-LOG: 3.0
CREATED-BY: reconstructed-log-builder
CONTEST: EA-MAJESTAD-CW
CALLSIGN: UR7MZ
LOCATION: 
CATEGORY: CHECKLOG
CATEGORY-OPERATOR: SINGLE-OP
CATEGORY-BAND: ALL
CATEGORY-MODE: MIXED
CATEGORY-POWER: UNKNOWN
CATEGORY-ASSISTED: NON-ASSISTED
CATEGORY-TRANSMITTER: ONE
CATEGORY-STATION: UNKNOWN
CATEGORY-OVERLAY: 
OPERATORS: UR7MZ
CLAIMED-SCORE: 
CLUB: 
NAME: 
SOAPBOX: RECONSTRUCTED MOCKUP LOG - NOT AN OFFICIAL SUBMISSION.
SOAPBOX: Derived from submitted logs for EA-MAJESTAD-CW URE/SMRCW/2018.
QSO:  7075 CW 2018-05-19 0607 UR7MZ         599 009 OK7W          599 002
QSO: 14032 CW 2018-05-19 0636 UR7MZ         599 51 R8TT          599 53
QSO: 21029 CW 2018-05-19 0648 UR7MZ         599 66 R8TT          599 64
QSO: 21019 CW 2018-05-19 0657 UR7MZ         599 078 RG9A          599 005
QSO: 28018 CW 2018-05-19 0704 UR7MZ         599 88 R8TT          599 79
QSO: 28011 CW 2018-05-19 0706 UR7MZ         599 090 RG9A          599 031
QSO: 14019 CW 2018-05-19 0733 UR7MZ         599 113 OK7W          599 100
QSO: 21024 CW 2018-05-19 0857 UR7MZ         599 175 RU4SO         599 135
QSO: 28027 CW 2018-05-19 0908 UR7MZ         599 185 RU4SO         599 144
QSO: 14036 CW 2018-05-19 0930 UR7MZ         599 199 RU4SO         599 155
QSO: 21000 CW 2018-05-19 1046 UR7MZ         599 234 OK7W          599 268
QSO: 14024 CW 2018-05-19 1107 UR7MZ         599 246 UD7G          599 074
QSO: 14021 CW 2018-05-19 1223 UR7MZ         599 254 OG60F         599 044
QSO: 21022 CW 2018-05-19 1223 UR7MZ         599 255 9A7T          599 011
QSO: 21020 CW 2018-05-19 1226 UR7MZ         599 256 R3VL          599 014
QSO: 14030 CW 2018-05-19 1240 UR7MZ         599 259 9A7T          599 034
QSO: 14031 CW 2018-05-19 1242 UR7MZ         599 260 RG9A          599 292
QSO:  7018 CW 2018-05-19 1247 UR7MZ         599 265 RU4SO         599 234
QSO: 14010 CW 2018-05-19 1259 UR7MZ         599 272 YL5X          599 036
QSO: 28018 CW 2018-05-19 1309 UR7MZ         599 274 9A7T          599 066
QSO:  7014 CW 2018-05-19 1500 UR7MZ         599 293 R8TT          599 377
QSO:  3526 CW 2018-05-19 1515 UR7MZ         599 307 RG9A          599 378
QSO:  7024 CW 2018-05-19 1526 UR7MZ         599 315 LY2AJ         599 159
QSO:  7015 CW 2018-05-19 1528 UR7MZ         599 318 UD7G          599 132
QSO: 14020 CW 2018-05-19 1645 UR7MZ         599 324 K7RL          599 031
QSO:  7020 CW 2018-05-19 1718 UR7MZ         599 339 UR7GO         599 375
QSO:  3525 CW 2018-05-19 1727 UR7MZ         599 0346 YU1ED         599 0006
QSO:  3515 CW 2018-05-19 1752 UR7MZ         599 375 R8TT          599 482
END-OF-LOG:
