START-OF-LOG: 3.0
CREATED-BY: HMRA public OK1WC downloader
CONTEST: OK1WC-MEMORIAL
CALLSIGN: DK2FG
OPERATORS: DK2FG
CATEGORY: CHK-ALL-MIXED-LOW
CATEGORY-OPERATOR: SINGLE-OP
CATEGORY-BAND: ALL
CATEGORY-MODE: MIXED
CATEGORY-POWER: LOW
SOAPBOX: Recreated from OK1WC Memorial reference table MWC210315.
SOAPBOX: Source publication level: 4.
SOAPBOX: Source: https://memorial-ok1wc.cz/index.php?page=eval3/a_eval3&kolo=446&rocnik=13&tyden=11&jobdate=210315&pub_level=4
QSO:  7000 CW 2021-03-15 1630 DK2FG         599 1          SM9X          599 1         
QSO:  7000 CW 2021-03-15 1632 DK2FG         599 2          UR5YKO        599 3         
QSO:  7000 CW 2021-03-15 1633 DK2FG         599 3          DL1KNS        599 5         
QSO:  7000 CW 2021-03-15 1634 DK2FG         599 4          SM5DXR        599 5         
QSO:  7000 CW 2021-03-15 1635 DK2FG         599 5          OM3WZ         599 4         
QSO:  7000 CW 2021-03-15 1635 DK2FG         599 6          DL8QS         599 10        
QSO:  7000 CW 2021-03-15 1635 DK2FG         599 7          YL3FW         599 5         
QSO:  7000 CW 2021-03-15 1635 DK2FG         599 8          OH5ZA         599 8         
QSO:  7000 CW 2021-03-15 1636 DK2FG         599 9          SM5IMO        599 10        
QSO:  7000 CW 2021-03-15 1636 DK2FG         599 10         DF3VM         599 13        
QSO:  7000 CW 2021-03-15 1636 DK2FG         599 11         HA5MA         599 11        
QSO:  7000 CW 2021-03-15 1637 DK2FG         599 12         DJ3WE         599 8         
QSO:  7000 CW 2021-03-15 1637 DK2FG         599 13         RX3QNE        599 9         
QSO:  7000 CW 2021-03-15 1637 DK2FG         599 14         SD1A          599 16        
QSO:  7000 CW 2021-03-15 1638 DK2FG         599 15         OM4DU         599 6         
QSO:  7000 CW 2021-03-15 1638 DK2FG         599 16         I2IFT         599 10        
QSO:  7000 CW 2021-03-15 1638 DK2FG         599 17         DL6RAI        599 17        
QSO:  7000 CW 2021-03-15 1639 DK2FG         599 18         SK0QO         599 7         
QSO:  7000 CW 2021-03-15 1640 DK2FG         599 19         SI0W          599 8         
QSO:  7000 CW 2021-03-15 1640 DK2FG         599 20         EU8F          599 18        
QSO:  7000 CW 2021-03-15 1641 DK2FG         599 21         M1X           599 15        
QSO:  7000 CW 2021-03-15 1642 DK2FG         599 22         D1M           599 4         
QSO:  7000 CW 2021-03-15 1642 DK2FG         599 23         UA4FCO        599 8         
QSO:  7000 CW 2021-03-15 1644 DK2FG         599 24         9A7R          599 22        
QSO:  7000 CW 2021-03-15 1645 DK2FG         599 25         SM5ACQ        599 23        
QSO:  7000 CW 2021-03-15 1645 DK2FG         599 26         OK2TJ         599 22        
QSO:  7000 CW 2021-03-15 1646 DK2FG         599 27         UT5IZ         599 11        
QSO:  7000 CW 2021-03-15 1647 DK2FG         599 28         9A1AA         599 28        
QSO:  7000 CW 2021-03-15 1647 DK2FG         599 29         EA3X          599 35        
QSO:  7000 CW 2021-03-15 1647 DK2FG         599 30         DL1NKS        599 27        
QSO:  7000 CW 2021-03-15 1650 DK2FG         599 31         SM6M          599 53        
QSO:  7000 CW 2021-03-15 1652 DK2FG         599 32         SP4TKR        599 12        
QSO:  7000 CW 2021-03-15 1653 DK2FG         599 33         DD5M          599 31        
QSO:  7000 CW 2021-03-15 1654 DK2FG         599 34         DL1VDL        599 33        
QSO:  7000 CW 2021-03-15 1655 DK2FG         599 35         SN1T          599 27        
QSO:  7000 CW 2021-03-15 1657 DK2FG         599 36         OK2BFN        599 20        
QSO:  7000 CW 2021-03-15 1658 DK2FG         599 37         EU8R          599 25        
QSO:  7000 CW 2021-03-15 1700 DK2FG         599 38         LY2BKT        599 42        
QSO:  3500 CW 2021-03-15 1702 DK2FG         599 39         DL4ME         599 64        
QSO:  3500 CW 2021-03-15 1703 DK2FG         599 40         OK1FRD        599 30        
QSO:  3500 CW 2021-03-15 1703 DK2FG         599 41         OK1TN         599 72        
QSO:  3500 CW 2021-03-15 1703 DK2FG         599 42         OK1YM         599 54        
QSO:  3500 CW 2021-03-15 1704 DK2FG         599 43         M1X           599 52        
QSO:  3500 CW 2021-03-15 1704 DK2FG         599 44         OK1MNV        599 2         
QSO:  3500 CW 2021-03-15 1705 DK2FG         599 45         OK1AY         599 75        
QSO:  3500 CW 2021-03-15 1705 DK2FG         599 46         OK1LL         599 39        
QSO:  3500 CW 2021-03-15 1705 DK2FG         599 47         OM5VS         599 21        
QSO:  3500 CW 2021-03-15 1706 DK2FG         599 48         OM7CV         599 34        
QSO:  3500 CW 2021-03-15 1706 DK2FG         599 49         DF7CB         599 27        
QSO:  3500 CW 2021-03-15 1706 DK2FG         599 50         OM3CQ         599 47        
QSO:  3500 CW 2021-03-15 1707 DK2FG         599 51         OM4AZF        599 72        
QSO:  3500 CW 2021-03-15 1707 DK2FG         599 52         DA3T          599 31        
QSO:  3500 CW 2021-03-15 1707 DK2FG         599 53         DL1YCF        599 34        
QSO:  3500 CW 2021-03-15 1708 DK2FG         599 54         DL4MFM        599 42        
QSO:  3500 CW 2021-03-15 1708 DK2FG         599 55         DJ1PQ         599 22        
QSO:  3500 CW 2021-03-15 1708 DK2FG         599 56         SP9H          599 62        
QSO:  3500 CW 2021-03-15 1709 DK2FG         599 57         OK2ZV         599 47        
QSO:  3500 CW 2021-03-15 1709 DK2FG         599 58         DJ8VH         599 56        
QSO:  3500 CW 2021-03-15 1709 DK2FG         599 59         SK0QO         599 33        
QSO:  3500 CW 2021-03-15 1710 DK2FG         599 60         OK1UXH        599 32        
QSO:  3500 CW 2021-03-15 1711 DK2FG         599 61         EU8R          599 42        
QSO:  3500 CW 2021-03-15 1711 DK2FG         599 62         DL6IAK        599 58        
QSO:  3500 CW 2021-03-15 1712 DK2FG         599 63         DL8TG         599 40        
QSO:  3500 CW 2021-03-15 1712 DK2FG         599 64         OK4RM         599 52        
QSO:  3500 CW 2021-03-15 1712 DK2FG         599 65         DL3MXX        599 31        
QSO:  3500 CW 2021-03-15 1713 DK2FG         599 66         SP3MEP        599 81        
QSO:  3500 CW 2021-03-15 1713 DK2FG         599 67         SP2R          599 66        
QSO:  3500 CW 2021-03-15 1713 DK2FG         599 68         OK2BFN        599 37        
QSO:  3500 CW 2021-03-15 1714 DK2FG         599 69         DL21EURO      599 32        
QSO:  3500 CW 2021-03-15 1714 DK2FG         599 70         HA1YA         599 80        
QSO:  3500 CW 2021-03-15 1715 DK2FG         599 71         DL2ZA         599 39        
QSO:  3500 CW 2021-03-15 1715 DK2FG         599 72         OK1MIZ        599 40        
QSO:  3500 CW 2021-03-15 1715 DK2FG         599 73         IN3FHE        599 30        
QSO:  3500 CW 2021-03-15 1716 DK2FG         599 74         OK1TC         599 59        
QSO:  3500 CW 2021-03-15 1716 DK2FG         599 75         SP2DKI        599 61        
QSO:  3500 CW 2021-03-15 1716 DK2FG         599 76         DJ9KH         599 24        
QSO:  3500 CW 2021-03-15 1717 DK2FG         599 77         OK1NU         599 48        
QSO:  3500 CW 2021-03-15 1717 DK2FG         599 78         DJ3WE         599 54        
QSO:  3500 CW 2021-03-15 1718 DK2FG         599 79         OK1WSL        599 69        
QSO:  3500 CW 2021-03-15 1718 DK2FG         599 80         DL3DTH        599 74        
QSO:  3500 CW 2021-03-15 1718 DK2FG         599 81         OK1IBP        599 85        
QSO:  3500 CW 2021-03-15 1719 DK2FG         599 82         OM4DU         599 36        
QSO:  3500 CW 2021-03-15 1719 DK2FG         599 83         OM5RW         599 95        
QSO:  3500 CW 2021-03-15 1720 DK2FG         599 84         OK1HMP        599 104       
QSO:  3500 CW 2021-03-15 1720 DK2FG         599 85         DL8QS         599 68        
QSO:  3500 CW 2021-03-15 1720 DK2FG         599 86         OK2NO         599 84        
QSO:  3500 CW 2021-03-15 1721 DK2FG         599 87         DL1RTL        599 58        
QSO:  3500 CW 2021-03-15 1721 DK2FG         599 88         YL3FW         599 51        
QSO:  3500 CW 2021-03-15 1722 DK2FG         599 89         OK1FCJ        599 120       
QSO:  3500 CW 2021-03-15 1722 DK2FG         599 90         OM3WZ         599 49        
QSO:  3500 CW 2021-03-15 1723 DK2FG         599 91         OK8WW         599 80        
QSO:  3500 CW 2021-03-15 1723 DK2FG         599 92         DJ9MH         599 53        
QSO:  3500 CW 2021-03-15 1723 DK2FG         599 93         DM6EE         599 73        
QSO:  3500 CW 2021-03-15 1724 DK2FG         599 94         SM6M          599 112       
QSO:  3500 CW 2021-03-15 1724 DK2FG         599 95         DJ1YFK        599 29        
QSO:  3500 CW 2021-03-15 1725 DK2FG         599 96         DL6MHW        599 85        
QSO:  3500 CW 2021-03-15 1725 DK2FG         599 97         EU8F          599 55        
QSO:  3500 CW 2021-03-15 1726 DK2FG         599 98         SN8T          599 92        
QSO:  3500 CW 2021-03-15 1726 DK2FG         599 99         DL1VDL        599 101       
QSO:  3500 CW 2021-03-15 1727 DK2FG         599 100        OK1NG         599 65        
QSO:  3500 CW 2021-03-15 1727 DK2FG         599 101        HA5MA         599 93        
QSO:  3500 CW 2021-03-15 1728 DK2FG         599 102        ES1BH         599 43        
QSO:  3500 CW 2021-03-15 1729 DK2FG         599 103        OK2EA         599 97        
QSO:  3500 CW 2021-03-15 1729 DK2FG         599 104        SN1T          599 99        
QSO:  3500 CW 2021-03-15 1729 DK2FG         599 105        DD5M          599 100       
END-OF-LOG:
