START-OF-LOG: 3.0
CREATED-BY: ua9qcq-ham-spirit-ubn-downloader
CONTEST: HAM-SPIRIT
CALLSIGN: E70BS
CATEGORY-OPERATOR: SINGLE-OP
CATEGORY-BAND: ALL
CATEGORY-MODE: SSB
CATEGORY-ASSISTED: 
CATEGORY-TRANSMITTER: ONE
CATEGORY-STATION: 
CATEGORY-POWER: LOW
OPERATORS: E70BS
QSO: 28494 PH 2024-11-30 1012 E70BS         59  84JN   UA3BL         59  29KO  
QSO: 28507 PH 2024-11-30 1042 E70BS         59  28JN   R5AJ          59  29KO  
QSO: 28523 PH 2024-11-30 1105 E70BS         59  28JN   UD6B          59  0000  
QSO: 28542 PH 2024-11-30 1117 E70BS         59  28JN   R9RA          59  30MO  
QSO: 28499 PH 2024-11-30 1135 E70BS         59  28JN   RV3FF         59  29KO  
QSO: 28484 PH 2024-11-30 1140 E70BS         59  28JN   RA3OA         59  29KO  
QSO: 21184 PH 2024-11-30 1318 E70BS         59  28JN   R9RA          59  30MO  
QSO: 14157 PH 2024-11-30 1421 E70BS         59  28JN   RC9O          59  31NO  
END-OF-LOG:
