START-OF-LOG: 3.0
CREATED-BY: reconstructed-log-builder
CONTEST: ARRL-SS-SSB
CALLSIGN: KA0B
LOCATION: 
CATEGORY: CHECKLOG
CATEGORY-OPERATOR: SINGLE-OP
CATEGORY-BAND: ALL
CATEGORY-MODE: MIXED
CATEGORY-POWER: UNKNOWN
CATEGORY-ASSISTED: NON-ASSISTED
CATEGORY-TRANSMITTER: ONE
CATEGORY-STATION: UNKNOWN
CATEGORY-OVERLAY: 
OPERATORS: KA0B
CLAIMED-SCORE: 
CLUB: 
NAME: 
SOAPBOX: RECONSTRUCTED MOCKUP LOG - NOT AN OFFICIAL SUBMISSION.
SOAPBOX: Derived from submitted logs for ARRL-SS-SSB ARRL/arrl_november_phone_sweepstakes/2025.
QSO:  7200 PH 2025-11-16 0215 KA0B          1 B 79 NM K9BGL         125 B 55 IL
QSO:  7279 PH 2025-11-16 0223 KA0B          2 B 79 NM VY2TT         663 B 02 PE
QSO: 07250 PH 2025-11-16 0233 KA0B          0003 B 79 NM KR0P          0378 M 76 NE
QSO: 07207 PH 2025-11-16 0259 KA0B          0004 U 79 NM W0SD          0653 B 62 SD
QSO:  7242 PH 2025-11-16 0316 KA0B          005 B 79 NM KD4D          499 U 71 MDC
QSO: 07254 PH 2025-11-16 0327 KA0B          0006 B 79 NM W9YB          0311 S 19 IN
QSO:  7275 PH 2025-11-16 0328 KA0B          7 B 79 NM K0HC          0551 S 97 KS
QSO: 07262 PH 2025-11-16 0339 KA0B          0008 B 79 NM NJ8M          0580 B 67 KS
QSO:  7233 PH 2025-11-16 0349 KA0B          009 B 79 NM KM7W          874 B 69 MT
QSO: 07217 PH 2025-11-16 0351 KA0B          0010 B 79 NM NR4L          0602 U 17 TN
QSO:  7218 PH 2025-11-16 0416 KA0B          011 B 79 NM W2RQ          666 B 65 NNJ
QSO:  7000 PH 2025-11-16 0418 KA0B          12 B 79 NM W7WA          755 B 70 WWA
QSO:  7000 PH 2025-11-16 0421 KA0B          13 B 79 NM K5TR          828 B 76 STX
QSO:  7205 PH 2025-11-16 0424 KA0B          014 B 79 NM WC6H          852 B 71 SJV
QSO: 07168 PH 2025-11-16 0442 KA0B          0015 B 79 NM W4ATL         0518 B 80 GA
QSO: 07158 PH 2025-11-16 0448 KA0B          0016 B 79 NM K4OV          0567 U 78 NC
QSO: 07153 PH 2025-11-16 0449 KA0B          0017 B 79 NM K0EU          0939 U 70 CO
QSO: 07138 PH 2025-11-16 0455 KA0B          0018 B 79 NM N4OX          0700 B 76 NFL
QSO: 07266 PH 2025-11-16 0501 KA0B          0019 B 79 NM K3MM          0532 U 73 MDC
QSO: 07257 PH 2025-11-16 0505 KA0B          0020 B 79 NM K9RS          0625 M 66 DE
QSO: 07216 PH 2025-11-16 0511 KA0B          0022 B 79 NM N5RZ          0602 B 69 STX
QSO: 07194 PH 2025-11-16 0528 KA0B          0024 B 79 NM N7DX          0718 M 72 WWA
QSO:  7000 PH 2025-11-16 0530 KA0B          25 B 79 NM K7RAT         832 B 67 OR
QSO:  7181 PH 2025-11-16 0531 KA0B          26 B 79 NM K4ZW          812 B 77 VA
QSO:  7200 PH 2025-11-16 0534 KA0B          27 B 79 NM K3TW          356 U 63 NFL
QSO: 07165 PH 2025-11-16 0645 KA0B          0029 B 79 NM W4LT          0557 U 76 WCF
QSO: 07159 PH 2025-11-16 0648 KA0B          0030 B 79 NM K9CT          0824 U 67 IL
QSO: 07270 PH 2025-11-16 0650 KA0B          0031 B 79 NM VE7BC         0293 U 83 BC
QSO:  7264 PH 2025-11-16 0659 KA0B          032 B 79 NM NX6T          432 M 00 ORG
QSO: 07295 PH 2025-11-16 1312 KA0B          0033 B 79 NM KB9OWD        0385 U 96 WI
QSO: 07247 PH 2025-11-16 1315 KA0B          0034 B 79 NM AC0W          0508 A 79 MN
QSO: 07238 PH 2025-11-16 1317 KA0B          0035 B 79 NM W9YK          0238 M 67 IL
QSO: 07213 PH 2025-11-16 1320 KA0B          0036 B 79 NM K4BAI         0064 B 54 GA
QSO:  7189 PH 2025-11-16 1353 KA0B          37 B 79 NM N5RET         078 A 92 OK
QSO: 07182 PH 2025-11-16 1356 KA0B          0038 B 79 NM KH6ZB         0583 U 77 PAC
QSO: 07166 PH 2025-11-16 1409 KA0B          0039 B 79 NM N6WM          0884 M 07 EB
QSO: 21295 PH 2025-11-16 1432 KA0B          0040 B 79 NM WW4LL         0597 U 76 GA
QSO: 21313 PH 2025-11-16 1437 KA0B          0041 B 79 NM WX3B          0130 U 76 MDC
QSO: 21285 PH 2025-11-16 1447 KA0B          0042 B 79 NM WT9U          0709 U 75 IN
QSO: 21275 PH 2025-11-16 1458 KA0B          0043 B 79 NM AC9S          0436 U 61 IL
QSO: 21250 PH 2025-11-16 1612 KA0B          0044 B 79 NM KE2DX         0302 U 93 ENY
QSO: 21270 PH 2025-11-16 1613 KA0B          0045 B 79 NM KI9A          0288 M 78 IL
QSO: 21316 PH 2025-11-16 1632 KA0B          0046 B 79 NM VE3YT         0713 B 69 ONS
QSO: 21327 PH 2025-11-16 1634 KA0B          0047 B 79 NM W2ZQ          0289 M 30 SNJ
QSO: 21000 PH 2025-11-16 1636 KA0B          048 B 79 NM W6AFA         664 B 75 LAX
QSO: 21000 PH 2025-11-16 1638 KA0B          49 B 79 NM W5NX          564 M 20 AR
QSO: 21253 PH 2025-11-16 1642 KA0B          0050 B 79 NM N1RM          0675 M 68 VA
QSO: 21333 PH 2025-11-16 1750 KA0B          0051 B 79 NM 4U1WB         0074 U 89 MDC
QSO: 21418 PH 2025-11-16 2146 KA0B          53 B 79 NM KX7ID         256 M 22 ID
QSO: 21375 PH 2025-11-16 2151 KA0B          0054 B 79 NM K0AU          0360 B 72 SCV
QSO: 21294 PH 2025-11-16 2345 KA0B          0057 B 79 NM K4PV          0062 B 65 NFL
QSO: 21359 PH 2025-11-16 2347 KA0B          0058 B 79 NM KI7IOC        0179 B 16 OR
QSO: 14267 PH 2025-11-17 0004 KA0B          0059 B 79 NM AD5XD         1097 B 94 NTX
QSO: 14340 PH 2025-11-17 0012 KA0B          0060 B 79 NM W1SRD         0943 U 74 SV
QSO: 14168 PH 2025-11-17 0021 KA0B          0061 B 79 NM K5RX          0802 B 67 NTX
END-OF-LOG:
