START-OF-LOG: 3.0
CREATED-BY: reconstructed-log-builder
CONTEST: CQ-WW-RTTY
CALLSIGN: IZ0GMS
LOCATION: 
CATEGORY: CHECKLOG
CATEGORY-OPERATOR: SINGLE-OP
CATEGORY-BAND: ALL
CATEGORY-MODE: MIXED
CATEGORY-POWER: UNKNOWN
CATEGORY-ASSISTED: NON-ASSISTED
CATEGORY-TRANSMITTER: ONE
CATEGORY-STATION: UNKNOWN
CATEGORY-OVERLAY: 
OPERATORS: IZ0GMS
CLAIMED-SCORE: 
CLUB: 
NAME: 
SOAPBOX: RECONSTRUCTED MOCKUP LOG - NOT AN OFFICIAL SUBMISSION.
SOAPBOX: Derived from submitted logs for CQ-WW-RTTY CQWWRTTY/2021.
QSO: 14142 RY 2021-09-25 1548 IZ0GMS        599 15 DX YP0C          599 20 DX
QSO: 14144 RY 2021-09-25 1550 IZ0GMS        599 15 DX K2ZW          599 05 ME
QSO: 14148 RY 2021-09-25 1554 IZ0GMS        599 15 DX NB3R          599 05 PA
QSO: 14143 RY 2021-09-25 1613 IZ0GMS        599 15 DX N1API         599 05 CT
QSO: 14139 RY 2021-09-25 1615 IZ0GMS        599 15 DX CR3W          599 33 DX
QSO: 14134 RY 2021-09-25 1651 IZ0GMS        599 15 DX N2BJ          599 04 IL
QSO: 14131 RY 2021-09-25 1652 IZ0GMS        599 15 DX W3FV          599 05 PA
QSO: 14124 RY 2021-09-25 1657 IZ0GMS        599 15 DX NC1CC         599 05 RI
QSO: 14122 RY 2021-09-25 1659 IZ0GMS        599 15 DX K0OO          599 05 MD
QSO: 14112 RY 2021-09-25 1715 IZ0GMS        599 15 DX N0AT          599 04 MN
QSO: 14149 RY 2021-09-25 1717 IZ0GMS        599 15 DX YL9T          599 15 DX
QSO: 14148 RY 2021-09-25 1718 IZ0GMS        599 15 DX K8LF          599 05 VA
QSO: 14140 RY 2021-09-25 1749 IZ0GMS        599 15 DX W4GO          599 05 VA
QSO: 14144 RY 2021-09-25 1749 IZ0GMS        599 15 DX K0AP          599 04 KS
END-OF-LOG:
