START-OF-LOG: 3.0
CREATED-BY: reconstructed-log-builder
CONTEST: CQ-WW-CW
CALLSIGN: K1TT
LOCATION: 
CATEGORY: CHECKLOG
CATEGORY-OPERATOR: SINGLE-OP
CATEGORY-BAND: ALL
CATEGORY-MODE: MIXED
CATEGORY-POWER: UNKNOWN
CATEGORY-ASSISTED: NON-ASSISTED
CATEGORY-TRANSMITTER: ONE
CATEGORY-STATION: UNKNOWN
CATEGORY-OVERLAY: 
OPERATORS: K1TT
CLAIMED-SCORE: 
CLUB: 
NAME: 
SOAPBOX: RECONSTRUCTED MOCKUP LOG - NOT AN OFFICIAL SUBMISSION.
SOAPBOX: Derived from submitted logs for CQ-WW-CW CQWW/cw/2019.
QSO:  3510 CW 2019-11-23 0009 K1TT          599 05 SP5CNA        599 15
QSO:  1832 CW 2019-11-23 0157 K1TT          599 05 G3V           599 14
QSO: 14000 CW 2019-11-23 1203 K1TT          599 05 EA4FET        599 14
QSO: 14000 CW 2019-11-23 1223 K1TT          599 5 OE3VIA        599 15
QSO: 14062 CW 2019-11-23 1300 K1TT          599 05 DP9A          599 14
QSO: 14062 CW 2019-11-23 1431 K1TT          599 05 Z33F          599 15
QSO: 14000 CW 2019-11-23 1433 K1TT          599 05 IK0YUO        599 15
QSO: 14063 CW 2019-11-23 1439 K1TT          599 05 EA5ERA        599 14
QSO: 14062 CW 2019-11-23 1553 K1TT          599 5 DL1KGT        599 14
QSO: 14000 CW 2019-11-23 1603 K1TT          599 05 DL3OH         599 14
QSO: 21024 CW 2019-11-23 1748 K1TT          599 05 K5CRJ         599 04
QSO: 14053 CW 2019-11-23 1804 K1TT          599 05 IO3F          599 15
QSO: 21000 CW 2019-11-23 2007 K1TT          599 05 PY1ES         599 11
QSO:  7003 CW 2019-11-23 2007 K1TT          599 05 ON5AM         599 14
QSO: 14032 CW 2019-11-23 2111 K1TT          599 5 F4HTV         599 14
QSO:  7096 CW 2019-11-23 2304 K1TT          599 05 9A/AI6V       599 15
QSO:  3554 CW 2019-11-24 0531 K1TT          599 05 OE2BZL        599 15
QSO:  3540 CW 2019-11-24 0955 K1TT          599 05 VE7YBH        599 3
QSO: 21055 CW 2019-11-24 1917 K1TT          599 05 PU2NAX        599 11
QSO:  3503 CW 2019-11-24 2236 K1TT          599 05 SN5N          599 15
QSO:  3503 CW 2019-11-24 2255 K1TT          599 05 OK1USP        599 15
END-OF-LOG:
