START-OF-LOG: 3.0
CREATED-BY: reconstructed-log-builder
CONTEST: YURI-GAGARIN-DX
CALLSIGN: DJ1PQ
LOCATION: 
CATEGORY: CHECKLOG
CATEGORY-OPERATOR: SINGLE-OP
CATEGORY-BAND: ALL
CATEGORY-MODE: MIXED
CATEGORY-POWER: UNKNOWN
CATEGORY-ASSISTED: NON-ASSISTED
CATEGORY-TRANSMITTER: ONE
CATEGORY-STATION: UNKNOWN
CATEGORY-OVERLAY: 
OPERATORS: DJ1PQ
CLAIMED-SCORE: 
CLUB: 
NAME: 
SOAPBOX: RECONSTRUCTED MOCKUP LOG - NOT AN OFFICIAL SUBMISSION.
SOAPBOX: Derived from submitted logs for YURI-GAGARIN-DX YuriGagarinDXContest/2022.
QSO: 14028 CW 2022-04-10 0745 DJ1PQ         599 28 RA9AP         599 30
QSO: 14029 CW 2022-04-10 0749 DJ1PQ         599 28 RO9A          599 30
QSO: 14027 CW 2022-04-10 0813 DJ1PQ         599 28 UP5B          599 30
QSO: 14014 CW 2022-04-10 0821 DJ1PQ         599 28 R8CT          599 30
QSO: 14016 CW 2022-04-10 0824 DJ1PQ         599 28 RT5C          599 29
QSO: 21016 CW 2022-04-10 0847 DJ1PQ         599 28 RU9TN         599 30
QSO: 21012 CW 2022-04-10 0848 DJ1PQ         599 28 UN9L          599 30
QSO: 21014 CW 2022-04-10 0854 DJ1PQ         599 28 UP0L          599 30
QSO: 21010 CW 2022-04-10 0856 DJ1PQ         599 28 RW7F          599 29
QSO: 21013 CW 2022-04-10 0858 DJ1PQ         599 28 RW9USA        599 31
QSO: 21019 CW 2022-04-10 0903 DJ1PQ         599 28 UA9MA         599 30
QSO: 21011 CW 2022-04-10 0904 DJ1PQ         599 28 RK9AX         599 30
QSO: 21007 CW 2022-04-10 0928 DJ1PQ         599 28 CT1DRB        599 37
QSO: 21035 CW 2022-04-10 0930 DJ1PQ         599 28 SV1BJW        599 28
QSO: 21039 CW 2022-04-10 0931 DJ1PQ         599 28 RO7C          599 29
QSO: 21000 CW 2022-04-10 0932 DJ1PQ         599 28 RM7C          599 29
QSO: 21029 CW 2022-04-10 0934 DJ1PQ         599 28 R4ACY         599 29
QSO: 21042 CW 2022-04-10 0940 DJ1PQ         599 28 EB7KA         599 37
QSO: 21039 CW 2022-04-10 1009 DJ1PQ         599 28 RW7F          599 29
QSO: 21035 CW 2022-04-10 1011 DJ1PQ         599 28 RO9A          599 30
QSO: 21030 CW 2022-04-10 1012 DJ1PQ         599 28 RC7A          599 29
QSO: 21024 CW 2022-04-10 1015 DJ1PQ         599 28 UA9BA         599 30
QSO: 21016 CW 2022-04-10 1017 DJ1PQ         599 28 UD8A          599 30
QSO: 21021 CW 2022-04-10 1017 DJ1PQ         599 28 UA4CC         599 29
QSO:  7018 CW 2022-04-10 1425 DJ1PQ         599 28 PA3AAV        599 27
QSO:  7029 CW 2022-04-10 1429 DJ1PQ         599 28 RC1W          599 29
QSO:  7015 CW 2022-04-10 1431 DJ1PQ         599 28 IK0GDG        599 28
QSO:  7000 CW 2022-04-10 1435 DJ1PQ         599 28 DL1BUG        599 28
QSO:  7000 CW 2022-04-10 1444 DJ1PQ         599 28 YL3CW         599 29
END-OF-LOG:
