START-OF-LOG: 3.0
CREATED-BY: reconstructed-log-builder
CONTEST: YURI-GAGARIN-DX
CALLSIGN: LZ2CJ
LOCATION: 
CATEGORY: CHECKLOG
CATEGORY-OPERATOR: SINGLE-OP
CATEGORY-BAND: ALL
CATEGORY-MODE: MIXED
CATEGORY-POWER: UNKNOWN
CATEGORY-ASSISTED: NON-ASSISTED
CATEGORY-TRANSMITTER: ONE
CATEGORY-STATION: UNKNOWN
CATEGORY-OVERLAY: 
OPERATORS: LZ2CJ
CLAIMED-SCORE: 
CLUB: 
NAME: 
SOAPBOX: RECONSTRUCTED MOCKUP LOG - NOT AN OFFICIAL SUBMISSION.
SOAPBOX: Derived from submitted logs for YURI-GAGARIN-DX YuriGagarinDXContest/2022.
QSO: 14000 CW 2022-04-10 1640 LZ2CJ         599 28 YT1A          599 28
QSO: 14016 CW 2022-04-10 1641 LZ2CJ         599 28 YR9F          599 28
QSO: 14018 CW 2022-04-10 1642 LZ2CJ         599 28 LZ1QN         599 28
QSO: 14021 CW 2022-04-10 1643 LZ2CJ         599 28 EA3X          599 37
QSO: 14034 CW 2022-04-10 1645 LZ2CJ         599 28 OL1T          599 28
QSO: 14000 CW 2022-04-10 1646 LZ2CJ         599 28 F5SGI         599 27
QSO: 14011 CW 2022-04-10 1648 LZ2CJ         599 28 K1LZ          599 08
QSO: 14012 CW 2022-04-10 1648 LZ2CJ         599 28 LZ3V          599 28
QSO: 14000 CW 2022-04-10 1650 LZ2CJ         599 28 SP2FAP        599 28
QSO: 14020 CW 2022-04-10 1652 LZ2CJ         599 28 OK2EA         599 28
QSO: 14024 CW 2022-04-10 1654 LZ2CJ         599 28 AA3B          599 08
QSO: 14025 CW 2022-04-10 1655 LZ2CJ         599 28 YT7X          599 28
QSO: 14031 CW 2022-04-10 1657 LZ2CJ         599 28 HA4A          599 28
QSO: 14042 CW 2022-04-10 1658 LZ2CJ         599 28 IZ3ETC        599 28
QSO: 14023 CW 2022-04-10 1705 LZ2CJ         599 28 S59AA         599 28
QSO: 14038 CW 2022-04-10 1708 LZ2CJ         599 28 PG2AA         599 27
END-OF-LOG:
