START-OF-LOG: 3.0
CREATED-BY: reconstructed-log-builder
CONTEST: REF-CW
CALLSIGN: GM3JKS
LOCATION: 
CATEGORY: CHECKLOG
CATEGORY-OPERATOR: SINGLE-OP
CATEGORY-BAND: ALL
CATEGORY-MODE: MIXED
CATEGORY-POWER: UNKNOWN
CATEGORY-ASSISTED: NON-ASSISTED
CATEGORY-TRANSMITTER: ONE
CATEGORY-STATION: UNKNOWN
CATEGORY-OVERLAY: 
OPERATORS: GM3JKS
CLAIMED-SCORE: 
CLUB: 
NAME: 
SOAPBOX: RECONSTRUCTED MOCKUP LOG - NOT AN OFFICIAL SUBMISSION.
SOAPBOX: Derived from submitted logs for REF-CW REF/2015/CW.
QSO:  7021 CW 2015-01-24 1647 GM3JKS        599 001 F8DGY         599 77
QSO:  7000 CW 2015-01-24 1653 GM3JKS        599 002 F8AEE         599 10
QSO:  7008 CW 2015-01-24 1656 GM3JKS        599 4 TK4LS         599 2B
QSO:  7000 CW 2015-01-24 1658 GM3JKS        599 004 F5POJ         599 02
QSO:  7000 CW 2015-01-24 1705 GM3JKS        599 006 F6KGI         599 11
QSO:  7000 CW 2015-01-24 1706 GM3JKS        599 007 F5SBS         599 64
QSO:  7000 CW 2015-01-24 1710 GM3JKS        599 008 F6KKH         599 11
QSO:  7000 CW 2015-01-24 1714 GM3JKS        599 009 F6KCZ         599 14
QSO:  3500 CW 2015-01-24 1722 GM3JKS        599 010 F8EEQ         599 59
QSO:  3526 CW 2015-01-24 1724 GM3JKS        599 011 F8CIL         599 03
QSO:  3500 CW 2015-01-24 1726 GM3JKS        599 012 F5PZR         599 77
QSO:  7017 CW 2015-01-25 0931 GM3JKS        599 013 F5CQ          599 35
QSO:  7014 CW 2015-01-25 0932 GM3JKS        599 014 TM5G          599 44
QSO:  7011 CW 2015-01-25 0934 GM3JKS        599 015 F5IN          599 45
QSO:  7010 CW 2015-01-25 0936 GM3JKS        599 016 F6KRK         599 78
QSO: 14030 CW 2015-01-25 1014 GM3JKS        599 017 F5VHY         599 47
QSO: 14025 CW 2015-01-25 1637 GM3JKS        599 019 TM1A          599 77
QSO: 14000 CW 2015-01-25 1641 GM3JKS        599 020 F6EYB         599 40
QSO: 14020 CW 2015-01-25 1642 GM3JKS        599 021 F5OWL         599 83
QSO: 14023 CW 2015-01-25 1706 GM3JKS        599 022 F8CMF         599 74
QSO:  7008 CW 2015-01-25 1714 GM3JKS        599 023 F6KHM         599 29
QSO:  7000 CW 2015-01-25 1718 GM3JKS        599 001 F5BLC         599 12
QSO:  7011 CW 2015-01-25 1725 GM3JKS        599 025 TM7X          599 12
QSO:  7000 CW 2015-01-25 1727 GM3JKS        599 126 F5LPY         599 55
QSO:  3529 CW 2015-01-25 1734 GM3JKS        599 029 F5PBM         599 77
QSO:  3515 CW 2015-01-25 1740 GM3JKS        599 030 F8DGY         599 77
END-OF-LOG:
