START-OF-LOG: 3.0
CREATED-BY: yota-public-qso-downloader
CONTEST: YOTA-CONTEST
CALLSIGN: G4MAD
CATEGORY-OPERATOR: SINGLE-OP
CATEGORY-BAND: ALL
CATEGORY-MODE: MIXED
CATEGORY: Single Operator 3 bands
CLAIMED-SCORE: 0
QSO: 14012 CW 2025-03-09 1549 G4MAD         599 62     HA6YOTA       599 16    
QSO: 14018 CW 2025-03-09 1549 G4MAD         599 62     S51DX         599 62    
QSO: 14019 CW 2025-03-09 1551 G4MAD         599 62     YQ6A          599 70    
QSO: 14022 CW 2025-03-09 1553 G4MAD         599 62     DF4XX         599 71    
QSO: 14023 CW 2025-03-09 1554 G4MAD         599 62     DL6KVA        599 57    
QSO: 14024 CW 2025-03-09 1555 G4MAD         599 62     IK0YVV        599 51    
QSO: 14025 CW 2025-03-09 1557 G4MAD         599 62     HA2VH         599 64    
QSO: 14026 CW 2025-03-09 1600 G4MAD         599 62     YO3LW         599 46    
QSO: 14026 CW 2025-03-09 1602 G4MAD         599 62     AA3B          599 68    
QSO: 14034 CW 2025-03-09 1611 G4MAD         599 62     OK2QA         599 78    
QSO: 14011 CW 2025-03-09 1613 G4MAD         599 62     SM6TOL        599 64    
QSO: 14012 CW 2025-03-09 1614 G4MAD         599 62     LZ3ZZ         599 56    
QSO: 14016 CW 2025-03-09 1616 G4MAD         599 62     HG5D          599 68    
QSO: 14019 CW 2025-03-09 1617 G4MAD         599 62     S51YOTA       599 25    
QSO: 14023 CW 2025-03-09 1620 G4MAD         599 62     RG5A          599 68    
QSO: 14029 CW 2025-03-09 1626 G4MAD         599 62     SM7RYR        599 72    
QSO: 14036 CW 2025-03-09 1630 G4MAD         599 62     II9IGJ        599 0     
QSO: 14037 CW 2025-03-09 1632 G4MAD         599 62     OZ7BQ         599 83    
QSO: 14014 CW 2025-03-09 1636 G4MAD         599 62     HA8IH         599 67    
QSO: 14022 CW 2025-03-09 1642 G4MAD         599 62     HA3OU         599 59    
QSO: 14027 CW 2025-03-09 1644 G4MAD         599 62     SC6O          599 73    
QSO: 14030 CW 2025-03-09 1646 G4MAD         599 62     I1NVU         599 66    
QSO: 14032 CW 2025-03-09 1648 G4MAD         599 62     SM5X          599 65    
QSO: 14033 CW 2025-03-09 1649 G4MAD         599 62     DL3ON         599 20    
QSO: 14013 CW 2025-03-09 1650 G4MAD         599 62     LZ7G          599 69    
QSO: 14011 CW 2025-03-09 1651 G4MAD         599 62     LZ7O          599 64    
QSO: 14020 CW 2025-03-09 1654 G4MAD         599 62     SA6NL         599 75    
QSO: 14026 CW 2025-03-09 1655 G4MAD         599 62     EA4HKF        599 47    
QSO: 14026 CW 2025-03-09 1656 G4MAD         599 62     EA4AOC        599 46    
QSO: 14035 CW 2025-03-09 1657 G4MAD         599 62     HA7MF         599 73    
QSO: 14035 CW 2025-03-09 1701 G4MAD         599 62     IR0IDP        599 0     
QSO: 14029 CW 2025-03-09 1711 G4MAD         599 62     SN9DT         599 41    
QSO: 14014 CW 2025-03-09 1715 G4MAD         599 62     SM5ACQ        599 81    
QSO: 14018 CW 2025-03-09 1718 G4MAD         599 62     HG5E          599 54    
QSO: 14021 CW 2025-03-09 1720 G4MAD         599 62     HA3MAR        599 15    
QSO: 14012 CW 2025-03-09 1728 G4MAD         599 62     HA1TMP        599 20    
QSO: 14025 CW 2025-03-09 1736 G4MAD         599 62     HA3VH         599 64    
QSO:  7019 CW 2025-03-09 1746 G4MAD         599 62     PA3DBS        599 62    
QSO:  7023 CW 2025-03-09 1749 G4MAD         599 62     EA4AOC        599 46    
QSO:  7025 CW 2025-03-09 1752 G4MAD         599 62     IZ1LBG        599 34    
QSO:  7026 CW 2025-03-09 1753 G4MAD         599 62     LY7W          599 61    
QSO:  7027 CW 2025-03-09 1755 G4MAD         599 62     S57X          599 73    
QSO:  7029 CW 2025-03-09 1757 G4MAD         599 62     SP2QG         599 67    
QSO:  7009 CW 2025-03-09 1759 G4MAD         599 62     HA2KMR        599 70    
QSO:  7010 CW 2025-03-09 1802 G4MAD         599 62     SC6O          599 73    
QSO:  7016 CW 2025-03-09 1809 G4MAD         599 62     OT6E          599 72    
QSO:  7017 CW 2025-03-09 1810 G4MAD         599 62     DL6KVA        599 57    
QSO:  7020 CW 2025-03-09 1815 G4MAD         599 62     DL7PIA        599 17    
QSO:  7025 CW 2025-03-09 1817 G4MAD         599 62     I1NVU         599 66    
QSO:  7021 CW 2025-03-09 1833 G4MAD         599 62     DL4ME         599 84    
QSO:  7022 CW 2025-03-09 1835 G4MAD         599 62     DF8V          599 68    
QSO:  7023 CW 2025-03-09 1836 G4MAD         599 62     S51YOTA       599 25    
QSO:  7012 CW 2025-03-09 2034 G4MAD         599 62     HA3MAR        599 15    
QSO:  7014 CW 2025-03-09 2036 G4MAD         599 62     S51DX         599 62    
QSO:  7014 CW 2025-03-09 2040 G4MAD         599 62     SP5EXA        599 69    
QSO:  7017 CW 2025-03-09 2043 G4MAD         599 62     HA7UI         599 81    
QSO:  7011 CW 2025-03-09 2054 G4MAD         599 62     HA1TMP        599 20    
QSO:  7013 CW 2025-03-09 2055 G4MAD         599 62     E77EA         599 53    
QSO:  7015 CW 2025-03-09 2055 G4MAD         599 62     K1LZ          599 50    
END-OF-LOG:
