START-OF-LOG: 3.0
CREATED-BY: reconstructed-log-builder
CONTEST: SAC-CW
CALLSIGN: VE3AT
LOCATION: 
CATEGORY: CHECKLOG
CATEGORY-OPERATOR: SINGLE-OP
CATEGORY-BAND: ALL
CATEGORY-MODE: MIXED
CATEGORY-POWER: UNKNOWN
CATEGORY-ASSISTED: NON-ASSISTED
CATEGORY-TRANSMITTER: ONE
CATEGORY-STATION: UNKNOWN
CATEGORY-OVERLAY: 
OPERATORS: VE3AT
CLAIMED-SCORE: 
CLUB: 
NAME: 
SOAPBOX: RECONSTRUCTED MOCKUP LOG - NOT AN OFFICIAL SUBMISSION.
SOAPBOX: Derived from submitted logs for SAC-CW SAC/CW/2023.
QSO: 28029 CW 2023-09-16 1410 VE3AT         599 1 OH6RX         599 152
QSO: 28031 CW 2023-09-16 1411 VE3AT         599 2 OG4X          599 124
QSO: 28036 CW 2023-09-16 1411 VE3AT         599 3 OG1F          599 379
QSO: 28000 CW 2023-09-16 1412 VE3AT         599 4 SM6NT         599 145
QSO: 28010 CW 2023-09-16 1413 VE3AT         599 5 SM2U          599 61
QSO: 28020 CW 2023-09-16 1414 VE3AT         599 6 SK3W          599 258
QSO: 28014 CW 2023-09-16 1415 VE3AT         599 7 SM6F          599 165
QSO: 28016 CW 2023-09-16 1416 VE3AT         599 8 OH7K          599 117
QSO: 28018 CW 2023-09-16 1417 VE3AT         599 9 OH5TS         599 187
QSO: 28038 CW 2023-09-16 1419 VE3AT         599 10 OH6AC         599 128
QSO: 21017 CW 2023-09-16 1425 VE3AT         599 11 SC7DX         599 214
QSO: 21020 CW 2023-09-16 1425 VE3AT         599 12 LN8W          599 263
QSO: 21021 CW 2023-09-16 1426 VE3AT         599 13 OG7Z          599 272
QSO: 21023 CW 2023-09-16 1426 VE3AT         599 14 SK0QO         599 257
QSO: 21025 CW 2023-09-16 1428 VE3AT         599 15 OH8WW         599 266
QSO: 21025 CW 2023-09-16 1428 VE3AT         599 16 SM6F          599 180
QSO: 21025 CW 2023-09-16 1429 VE3AT         599 17 SB7S          599 218
QSO: 21026 CW 2023-09-16 1430 VE3AT         599 18 OH3FM         599 318
QSO: 21027 CW 2023-09-16 1431 VE3AT         599 19 SE0B          599 153
QSO: 21028 CW 2023-09-16 1432 VE3AT         599 20 OZ2TF         599 171
QSO: 21028 CW 2023-09-16 1433 VE3AT         599 21 LC5T          599 297
QSO: 21030 CW 2023-09-16 1433 VE3AT         599 22 SM5X          599 255
QSO: 21033 CW 2023-09-16 1434 VE3AT         599 23 OH8Z          599 320
QSO: 21035 CW 2023-09-16 1435 VE3AT         599 24 SK3W          599 299
QSO: 21041 CW 2023-09-16 1437 VE3AT         599 26 LA2AB         599 192
QSO: 21000 CW 2023-09-16 1438 VE3AT         599 27 OH3NAQ        599 85
QSO: 21043 CW 2023-09-16 1440 VE3AT         599 29 LA1TV         599 264
QSO: 21043 CW 2023-09-16 1441 VE3AT         599 28 OH3Z          599 121
QSO: 21045 CW 2023-09-16 1445 VE3AT         599 30 OY1CT         599 330
QSO: 21047 CW 2023-09-16 1445 VE3AT         599 31 OH1X          599 260
QSO: 21000 CW 2023-09-16 1446 VE3AT         599 32 OH2BAH        599 250
QSO: 21001 CW 2023-09-16 1447 VE3AT         599 34 OH5BM         599 239
QSO: 21049 CW 2023-09-16 1447 VE3AT         599 33 OH6DX         599 185
QSO: 21007 CW 2023-09-16 1449 VE3AT         599 35 OH3OJ         599 249
QSO: 21009 CW 2023-09-16 1450 VE3AT         599 36 OH0Z          599 320
QSO: 21011 CW 2023-09-16 1450 VE3AT         599 37 SM7RYR        599 153
QSO: 21016 CW 2023-09-16 1451 VE3AT         599 38 OG6N          599 306
QSO: 21021 CW 2023-09-16 1452 VE3AT         599 39 SF7X          599 39
QSO: 21022 CW 2023-09-16 1454 VE3AT         599 40 OG2X          599 224
QSO: 21023 CW 2023-09-16 1455 VE3AT         599 41 SM2U          599 210
QSO: 28029 CW 2023-09-16 1457 VE3AT         599 41 LN8W          599 75
QSO: 14021 CW 2023-09-16 1459 VE3AT         599 43 SJ2W          599 554
QSO: 14028 CW 2023-09-16 1500 VE3AT         599 44 SE5T          599 242
QSO: 14030 CW 2023-09-16 1501 VE3AT         599 45 SM0HRP        599 409
QSO: 14032 CW 2023-09-16 1502 VE3AT         599 36 OH8L          599 251
QSO: 14007 CW 2023-09-16 1503 VE3AT         599 47 TF3D          599 303
QSO: 14011 CW 2023-09-16 1505 VE3AT         599 48 8S3DX         599 82
QSO: 14012 CW 2023-09-16 1508 VE3AT         599 49 SM5ACQ        599 23
QSO: 28000 CW 2023-09-16 1531 VE3AT         599 50 OH2BAH        599 296
QSO: 28016 CW 2023-09-16 1531 VE3AT         599 50 OH7K          599 150
QSO: 21024 CW 2023-09-16 1540 VE3AT         599 51 TF3D          599 323
QSO: 21014 CW 2023-09-16 1542 VE3AT         599 52 OH7K          599 359
QSO: 21015 CW 2023-09-16 1542 VE3AT         599 53 SJ2W          599 665
QSO: 28022 CW 2023-09-16 1626 VE3AT         599 55 TF3D          599 91
QSO: 21007 CW 2023-09-16 1629 VE3AT         599 56 OH2XX         599 33
QSO: 21026 CW 2023-09-16 1632 VE3AT         599 57 OH6LW         599 105
QSO: 21026 CW 2023-09-16 1633 VE3AT         599 58 SD6M          599 164
QSO: 21029 CW 2023-09-16 1637 VE3AT         599 59 OG1F          599 741
QSO: 21033 CW 2023-09-16 1638 VE3AT         599 60 OH0R          599 568
QSO: 21035 CW 2023-09-16 1639 VE3AT         599 61 SE5E          599 680
QSO: 21044 CW 2023-09-16 1645 VE3AT         599 63 OH7KBF        599 161
QSO: 21047 CW 2023-09-16 1646 VE3AT         599 64 OH6TN         599 149
QSO: 21047 CW 2023-09-16 1647 VE3AT         599 65 OH6NC         599 345
QSO: 14000 CW 2023-09-16 1656 VE3AT         599 66 SD6O          599 418
QSO: 14012 CW 2023-09-16 1657 VE3AT         599 67 OH1NA         599 434
QSO: 14026 CW 2023-09-16 1700 VE3AT         599 68 SF1Z          599 367
QSO: 14029 CW 2023-09-16 1702 VE3AT         599 69 OH7K          599 498
QSO: 14030 CW 2023-09-16 1702 VE3AT         599 70 SK6EI         599 358
QSO: 14031 CW 2023-09-16 1704 VE3AT         599 71 SC7DX         599 305
QSO: 14032 CW 2023-09-16 1705 VE3AT         599 72 SM6Q          599 24
QSO: 14033 CW 2023-09-16 1705 VE3AT         599 73 OG1F          599 812
QSO: 14034 CW 2023-09-16 1709 VE3AT         599 74 SI6X          599 49
QSO: 14035 CW 2023-09-16 1709 VE3AT         599 75 SD6M          599 197
QSO: 14035 CW 2023-09-16 1711 VE3AT         599 76 SK0QO         599 471
QSO: 14035 CW 2023-09-16 1712 VE3AT         599 77 SB3W          599 596
QSO: 14039 CW 2023-09-16 1714 VE3AT         599 78 OH0R          599 612
QSO: 14018 CW 2023-09-16 1933 VE3AT         599 70 LC9A          599 66
QSO: 14019 CW 2023-09-16 1934 VE3AT         599 80 LC5T          599 687
QSO: 14027 CW 2023-09-16 1940 VE3AT         599 82 SM6F          599 561
QSO: 14032 CW 2023-09-16 1942 VE3AT         599 83 OH2KI         599 430
QSO: 14037 CW 2023-09-16 1942 VE3AT         599 84 SM6EAT        599 266
QSO: 14038 CW 2023-09-16 1943 VE3AT         599 85 OZ1IKY        599 702
QSO: 14041 CW 2023-09-16 1944 VE3AT         599 86 LA9GX         599 534
QSO: 14044 CW 2023-09-16 1945 VE3AT         599 87 OH2BA         599 527
QSO: 14049 CW 2023-09-16 1946 VE3AT         599 89 LA8OM         599 534
QSO: 14046 CW 2023-09-16 1947 VE3AT         599 88 OH3Z          599 371
QSO:  7015 CW 2023-09-16 2140 VE3AT         599 90 OH0Z          599 226
QSO:  7012 CW 2023-09-16 2144 VE3AT         599 91 OG1R          599 528
QSO:  7012 CW 2023-09-16 2204 VE3AT         599 92 OG5O          599 911
QSO:  7010 CW 2023-09-17 0145 VE3AT         599 93 LA2AB         599 1044
QSO:  7000 CW 2023-09-17 0147 VE3AT         599 94 OH2BAH        599 924
QSO:  7017 CW 2023-09-17 0152 VE3AT         599 95 LN8W          599 647
QSO:  7023 CW 2023-09-17 0154 VE3AT         599 96 OH7K          599 659
QSO:  7026 CW 2023-09-17 0155 VE3AT         599 97 SJ2W          599 1511
QSO:  7010 CW 2023-09-17 0202 VE3AT         599 98 OV2T          599 975
QSO:  7000 CW 2023-09-17 0204 VE3AT         599 99 SD6O          599 998
QSO:  7011 CW 2023-09-17 0204 VE3AT         599 100 OH1VR         599 462
QSO:  7013 CW 2023-09-17 0208 VE3AT         599 101 OH8X          599 1564
QSO:  7018 CW 2023-09-17 0211 VE3AT         599 102 LC5T          599 978
QSO:  7019 CW 2023-09-17 0216 VE3AT         599 103 OH1X          599 953
QSO:  7019 CW 2023-09-17 0217 VE3AT         599 104 OH0R          599 1279
QSO:  7021 CW 2023-09-17 0221 VE3AT         599 105 OH2YL         599 541
QSO:  7031 CW 2023-09-17 0231 VE3AT         599 106 TF3D          599 420
END-OF-LOG:
