START-OF-LOG: 3.0
CREATED-BY: vhfmanager-downloader
CONTEST: ZRS oktobrsko UKV tekmovanje - Official results - VHFManager
CALLSIGN: F5PZR
CATEGORY: 435 MHz - checklog
CATEGORY-OPERATOR: SINGLE-OP
CATEGORY-ASSISTED: NON-ASSISTED
CATEGORY-TRANSMITTER: ONE
CATEGORY-STATION: FIXED
QSO: 435000 PH 2015-10-03 1400 F5PZR         59  1 JN18NT   F1AZJ/P       59  1 JN28OK  
QSO: 435000 PH 2015-10-03 1408 F5PZR         59  2 JN18NT   F6KSD/P       59  6 JN27UR  
QSO: 435000 PH 2015-10-03 1425 F5PZR         59  3 JN18NT   TM6T          59  5 JN18GF  
QSO: 435000 PH 2015-10-03 1429 F5PZR         55  4 JN18NT   F4FRG         55  5 IN98KE  
QSO: 435000 PH 2015-10-03 1444 F5PZR         59  5 JN18NT   DR9A          59  5 JN48EQ  
QSO: 435000 PH 2015-10-03 1450 F5PZR         59  6 JN18NT   F4ULC         59  8 JN06FU  
QSO: 435000 PH 2015-10-03 1452 F5PZR         59  7 JN18NT   F6HMQ         59  1 JN18GP  
QSO: 435000 PH 2015-10-03 1511 F5PZR         59  8 JN18NT   HB9EOU        59  15 JN37KD 
QSO: 435000 PH 2015-10-03 1539 F5PZR         59  9 JN18NT   TM54E         59  12 JN28WQ 
QSO: 435000 PH 2015-10-03 1609 F5PZR         59  10 JN18NT  TM9A          59  44 JN39OC 
QSO: 435000 PH 2015-10-03 1716 F5PZR         59  11 JN18NT  F4BCY         59  11 JN07WU 
QSO: 435000 PH 2015-10-03 1719 F5PZR         55  12 JN18NT  F5MFI         55  10 JN07XT 
QSO: 435000 PH 2015-10-03 1730 F5PZR         59  13 JN18NT  F6ACA         59  6 JN18JR  
QSO: 435000 PH 2015-10-04 0752 F5PZR         59  14 JN18NT  HB9XC         59  78 JN37MD 
QSO: 435000 PH 2015-10-04 0949 F5PZR         59  15 JN18NT  HB9AJ         59  175 JN37SH
QSO: 435000 PH 2015-10-04 0954 F5PZR         59  16 JN18NT  HB9GF         59  110 JN37WB
END-OF-LOG:
