START-OF-LOG: 3.0
CREATED-BY: reconstructed-log-builder
CONTEST: ARRL-10
CALLSIGN: DL9UO
LOCATION: 
CATEGORY: CHECKLOG
CATEGORY-OPERATOR: SINGLE-OP
CATEGORY-BAND: ALL
CATEGORY-MODE: MIXED
CATEGORY-POWER: UNKNOWN
CATEGORY-ASSISTED: NON-ASSISTED
CATEGORY-TRANSMITTER: ONE
CATEGORY-STATION: UNKNOWN
CATEGORY-OVERLAY: 
OPERATORS: DL9UO
CLAIMED-SCORE: 
CLUB: 
NAME: 
SOAPBOX: RECONSTRUCTED MOCKUP LOG - NOT AN OFFICIAL SUBMISSION.
SOAPBOX: Derived from submitted logs for ARRL-10 ARRL/arrl_10_meter_contest/2023.
QSO: 28030 CW 2023-12-09 1010 DL9UO         599 1 BD7MM         599 839
QSO: 28009 CW 2023-12-09 1016 DL9UO         599 3 4K6FO         599 232
QSO: 28039 CW 2023-12-09 1020 DL9UO         599 4 R9CX          599 142
QSO: 28055 CW 2023-12-09 1023 DL9UO         599 005 RC9J          599 0122
QSO: 28010 CW 2023-12-09 1032 DL9UO         599 5 R8TT          599 365
QSO: 28042 CW 2023-12-09 1034 DL9UO         599 7 UD8A          599 295
QSO: 28048 CW 2023-12-09 1034 DL9UO         599 006 R9AE          599 251
QSO: 28062 CW 2023-12-09 1042 DL9UO         599 8 D4C           599 279
QSO: 28003 CW 2023-12-09 1050 DL9UO         599 9 K1EP          599 ME
QSO: 28045 CW 2023-12-09 1052 DL9UO         599 010 FY5KE         599 373
QSO: 28067 CW 2023-12-09 1222 DL9UO         599 11 VR2T          599 767
QSO: 28039 CW 2023-12-09 1224 DL9UO         599 12 AJ1AJ         599 MA
QSO: 28031 CW 2023-12-09 1226 DL9UO         599 013 N1UR          599 VT
QSO: 28040 CW 2023-12-09 1255 DL9UO         599 14 WO4O          599 FL
QSO: 28037 CW 2023-12-09 1257 DL9UO         599 15 VE3AT         599 ON
QSO: 28020 CW 2023-12-09 1258 DL9UO         599 16 KU2M          599 NJ
QSO: 28042 CW 2023-12-09 1302 DL9UO         599 17 WP2Z          599 223
QSO: 28034 CW 2023-12-09 1429 DL9UO         599 19 AA9H          599 IN
QSO: 28043 CW 2023-12-09 1433 DL9UO         599 20 K5PI          599 TX
QSO: 28066 CW 2023-12-09 1442 DL9UO         599 21 WN7S          599 VA
QSO: 28006 CW 2023-12-09 1444 DL9UO         599 22 KT8X          599 MI
QSO: 28018 CW 2023-12-09 1451 DL9UO         599 23 NS0R          599 KS
QSO: 28020 CW 2023-12-09 1453 DL9UO         599 024 W8AV          599 OH
QSO: 28016 CW 2023-12-09 1456 DL9UO         599 25 AA0FO         599 KS
QSO: 28037 CW 2023-12-09 1504 DL9UO         599 26 KT0K          599 NE
QSO: 28033 CW 2023-12-09 1518 DL9UO         599 27 K2WK          599 VA
QSO: 28011 CW 2023-12-10 0946 DL9UO         599 28 RW9DX         599 428
QSO: 28001 CW 2023-12-10 0951 DL9UO         599 029 RM9RZ         599 438
QSO: 28000 CW 2023-12-10 0953 DL9UO         599 30 UN7LAN        599 325
QSO: 28059 CW 2023-12-10 0955 DL9UO         599 31 UN9L          599 673
QSO: 28056 CW 2023-12-10 0957 DL9UO         599 32 ZS1C          599 215
QSO: 28002 CW 2023-12-10 1012 DL9UO         599 033 5Z4VJ         599 987
QSO: 28025 CW 2023-12-10 1024 DL9UO         599 035 RX9WN         599 329
QSO: 28000 CW 2023-12-10 1048 DL9UO         599 0036 VK2IG         599 0400
QSO: 28056 CW 2023-12-10 1051 DL9UO         599 37 3W9A          599 745
QSO: 28068 CW 2023-12-10 1056 DL9UO         599 038 TO0GL         599 524
QSO: 28000 CW 2023-12-10 1111 DL9UO         599 39 VR2RC         599 269
QSO: 28054 CW 2023-12-10 1118 DL9UO         599 40 BD4SDX        599 863
QSO: 28050 CW 2023-12-10 1156 DL9UO         599 042 TO5M          599 1298
QSO: 28006 CW 2023-12-10 1159 DL9UO         599 43 P40L          599 1978
QSO: 28023 CW 2023-12-10 1200 DL9UO         599 44 UP0L          599 1237
QSO: 28072 CW 2023-12-10 1201 DL9UO         599 45 NP2X          599 1386
QSO: 28000 CW 2023-12-10 1206 DL9UO         599 46 LW1D          599 529
QSO: 28024 CW 2023-12-10 1210 DL9UO         599 047 LT3E          599 1837
QSO: 28000 CW 2023-12-10 1212 DL9UO         599 049 PY3TD         599 414
QSO: 28026 CW 2023-12-10 1214 DL9UO         599 50 K1JB          599 ME
QSO: 28013 CW 2023-12-10 1236 DL9UO         599 52 W1KM          599 MA
QSO: 28065 CW 2023-12-10 1236 DL9UO         599 051 KS1J          599 RI
QSO: 28015 CW 2023-12-10 1238 DL9UO         599 53 AA5JF         599 GA
QSO: 28054 CW 2023-12-10 1239 DL9UO         599 054 W1EQ          599 CT
QSO: 28002 CW 2023-12-10 1242 DL9UO         599 56 K1TR          599 NH
QSO: 28014 CW 2023-12-10 1242 DL9UO         599 55 AB3CX         599 NY
QSO: 28003 CW 2023-12-10 1245 DL9UO         599 57 VP2VMM        599 2073
QSO: 28037 CW 2023-12-10 1248 DL9UO         599 58 PJ2T          599 2372
QSO: 28039 CW 2023-12-10 1419 DL9UO         599 51 K0MD          599 MN
QSO: 28051 CW 2023-12-10 1422 DL9UO         599 152 HK1MW         599 480
QSO: 28012 CW 2023-12-10 1425 DL9UO         599 53 ZF9CW         599 1895
QSO: 28053 CW 2023-12-10 1427 DL9UO         599 54 K8MP          599 OH
QSO: 28044 CW 2023-12-10 1433 DL9UO         599 55 KG9X          599 IL
QSO: 28062 CW 2023-12-10 1444 DL9UO         599 56 NA8V          599 MI
QSO: 28073 CW 2023-12-10 1448 DL9UO         599 57 CW5W          599 2304
QSO: 28004 CW 2023-12-10 1454 DL9UO         599 58 W0EWD         599 IA
QSO: 28008 CW 2023-12-10 1457 DL9UO         599 59 K5CM          599 OK
END-OF-LOG:
