START-OF-LOG: 3.0
LOCATION: DX
CALLSIGN: SM6TOL
CATEGORY: SINGLE-OP ALL LOW
CLUB: SK6EI
CONTEST: EA-MAJESTAD-SSB
CLAIMED-SCORE: 4602
OPERATORS: SM6TOL
NAME: Kjell Andersson
GRID-LOCATOR: JO78BL
CREATED-BY: N1MM Logger+ 1.0.9889.0
QSO: 21247 PH 2023-06-24 1327 SM6TOL        59  001    ED8O          59  GC       
QSO: 21260 PH 2023-06-24 1328 SM6TOL        59  002    ED5R          59  A        
QSO: 14193 PH 2023-06-24 1330 SM6TOL        59  003    ED5R          59  A        
QSO: 14200 PH 2023-06-24 1330 SM6TOL        59  004    IK4LZH        59  58       
QSO: 14204 PH 2023-06-24 1331 SM6TOL        59  005    9A9J          59  159      
QSO: 14215 PH 2023-06-24 1332 SM6TOL        59  006    ED5K          59  V        
QSO: 14218 PH 2023-06-24 1333 SM6TOL        59  007    9A1A          59  131      
QSO: 14224 PH 2023-06-24 1334 SM6TOL        59  008    RA3OA         59  63       
QSO: 14244 PH 2023-06-24 1335 SM6TOL        59  009    ED5E          59  A        
QSO: 14248 PH 2023-06-24 1337 SM6TOL        59  010    ED7R          59  CA       
QSO: 14260 PH 2023-06-24 1339 SM6TOL        59  011    IK0RMR        59  027      
QSO: 14265 PH 2023-06-24 1341 SM6TOL        59  012    EF0F          59  SMR      
QSO: 14274 PH 2023-06-24 1342 SM6TOL        59  013    IU0OVB        59  110      
QSO: 14285 PH 2023-06-24 1343 SM6TOL        59  014    OP4K          59  91       
QSO: 14290 PH 2023-06-24 1344 SM6TOL        59  015    EA1L          59  O        
QSO: 14297 PH 2023-06-24 1345 SM6TOL        59  016    DJ5KW         59  072      
QSO: 14312 PH 2023-06-24 1347 SM6TOL        59  017    EA7URC        59  CO       
QSO: 14315 PH 2023-06-24 1348 SM6TOL        59  018    EC4T          59  BA       
QSO: 14163 PH 2023-06-24 1350 SM6TOL        59  019    EA2XR         59  BI       
QSO: 14170 PH 2023-06-24 1352 SM6TOL        59  020    EF2O          59  NA       
QSO: 14187 PH 2023-06-24 1354 SM6TOL        59  021    TK4TH         59  087      
QSO: 14237 PH 2023-06-24 1357 SM6TOL        59  022    S57DX         59  241      
QSO: 14275 PH 2023-06-24 1450 SM6TOL        59  023    OM2VL         59  250      
QSO: 14280 PH 2023-06-24 1450 SM6TOL        59  024    EA5O          59  V        
QSO: 14306 PH 2023-06-24 1453 SM6TOL        59  025    EA3HJO        59  B        
QSO: 14174 PH 2023-06-24 1455 SM6TOL        59  026    IZ8GUQ        59  80       
QSO: 14192 PH 2023-06-24 1456 SM6TOL        59  027    EA3AYQ        59  GI       
QSO: 14198 PH 2023-06-24 1457 SM6TOL        59  028    IT9ESV        59  002      
QSO: 14198 PH 2023-06-24 1502 SM6TOL        59  029    LZ1DM         59  054      
QSO: 14196 PH 2023-06-24 1506 SM6TOL        59  030    IZ8EQG        59  31       
QSO: 21210 PH 2023-06-24 1508 SM6TOL        59  031    EA8ZS         59  GC       
QSO: 14322 PH 2023-06-24 1514 SM6TOL        59  032    SV3RPQ        59  070      
QSO: 14290 PH 2023-06-24 1519 SM6TOL        59  033    ED1R          59  AV       
QSO: 14278 PH 2023-06-24 1551 SM6TOL        59  034    LZ2YO         59  176      
QSO: 14274 PH 2023-06-24 1551 SM6TOL        59  035    ED8O          59  GC       
QSO: 14253 PH 2023-06-24 1554 SM6TOL        59  036    UT3EV         59  064      
QSO: 14240 PH 2023-06-24 1559 SM6TOL        59  037    EA4BAS        59  M        
QSO: 14235 PH 2023-06-24 1600 SM6TOL        59  038    LZ7G          59  258      
QSO: 14199 PH 2023-06-24 1610 SM6TOL        59  039    SZ3P          59  271      
QSO:  7125 PH 2023-06-24 1620 SM6TOL        59  040    9A1A          59  99       
QSO: 14194 PH 2023-06-25 0736 SM6TOL        59  041    HG8W          59  496      
QSO: 14240 PH 2023-06-25 0738 SM6TOL        59  042    EA4IE         59  TO       
QSO: 14293 PH 2023-06-25 0741 SM6TOL        59  043    IV3UHL        59  352      
QSO: 14188 PH 2023-06-25 0751 SM6TOL        59  044    EC5APA        59  A        
QSO: 21250 PH 2023-06-25 0755 SM6TOL        59  045    EA1L          59  O        
QSO: 14245 PH 2023-06-25 0800 SM6TOL        59  046    K1LZ          59  1373     
QSO: 14178 PH 2023-06-25 0859 SM6TOL        59  047    RW1A          59  518      
QSO: 14215 PH 2023-06-25 0902 SM6TOL        59  048    RW1F          59  690      
QSO: 14218 PH 2023-06-25 0904 SM6TOL        59  049    EA8ZS         59  GC       
QSO: 14251 PH 2023-06-25 0908 SM6TOL        59  050    EA5FSJ        59  A        
QSO: 21302 PH 2023-06-25 0943 SM6TOL        59  051    IZ2FOS        59  165      
QSO: 21257 PH 2023-06-25 0944 SM6TOL        59  052    EF0F          59  SMR      
QSO: 21247 PH 2023-06-25 0947 SM6TOL        59  053    EA2XR         59  BI       
QSO: 21204 PH 2023-06-25 0953 SM6TOL        59  054    EA8CZX        59  GC       
QSO: 14265 PH 2023-06-25 1151 SM6TOL        59  055    EA2EWL        59  Z        
QSO: 14278 PH 2023-06-25 1152 SM6TOL        59  056    RZ2D          59  54       
QSO: 14283 PH 2023-06-25 1155 SM6TOL        59  057    CT1IQI        59  112      
QSO: 14283 PH 2023-06-25 1156 SM6TOL        59  058    ON3TDM        59  225      
QSO: 14283 PH 2023-06-25 1157 SM6TOL        59  059    IQ3QU         59  123      
QSO: 14283 PH 2023-06-25 1159 SM6TOL        59  060    EF2H          59  HU       
END-OF-LOG:
