START-OF-LOG: 3.0
LOCATION: DX
CALLSIGN: UA4S
CATEGORY: CHECKLOG
CLUB:  
CONTEST: EA-MAJESTAD-SSB
CLAIMED-SCORE: 0
OPERATORS: UA4S
NAME: 
GRID-LOCATOR: LO46BE
CREATED-BY: N1MM Logger+ 1.0.9878.0
QSO: 21247 PH 2023-06-24 1201 UA4S          59  001    ED8O          59  GC       
QSO: 21260 PH 2023-06-24 1202 UA4S          59  002    ED5R          59  A        
QSO: 21265 PH 2023-06-24 1202 UA4S          59  003    EF2O          59  NA       
QSO: 21272 PH 2023-06-24 1203 UA4S          59  004    SZ3P          59  1        
QSO: 21298 PH 2023-06-24 1203 UA4S          59  005    K1LZ          59  8        
QSO: 21210 PH 2023-06-24 1204 UA4S          59  006    EA8ZS         59  GC       
QSO: 21223 PH 2023-06-24 1204 UA4S          59  007    ED1R          59  AV       
QSO: 21237 PH 2023-06-24 1205 UA4S          59  008    SM6NT         59  3        
QSO: 21240 PH 2023-06-24 1205 UA4S          59  009    EF0F          59  SMR      
QSO: 21245 PH 2023-06-24 1206 UA4S          59  010    OP4K          59  6        
QSO: 21253 PH 2023-06-24 1206 UA4S          59  011    9A1A          59  7        
QSO: 21263 PH 2023-06-24 1206 UA4S          59  012    IZ2FOS        59  4        
QSO: 21290 PH 2023-06-24 1208 UA4S          59  013    DL1ROT        59  2        
QSO: 21241 PH 2023-06-24 1211 UA4S          59  014    ED5E          59  A        
QSO: 14222 PH 2023-06-24 1214 UA4S          59  015    EA8ZS         59  GC       
QSO: 14301 PH 2023-06-24 1214 UA4S          59  016    EA7URC        59  CO       
QSO: 14281 PH 2023-06-24 1215 UA4S          59  017    SN3N          59  6        
QSO: 14208 PH 2023-06-24 1216 UA4S          59  018    9A1A          59  44       
QSO: 21220 PH 2023-06-24 1221 UA4S          59  019    LZ6E          59  22       
QSO: 21291 PH 2023-06-24 1222 UA4S          59  020    EB5A          59  A        
QSO: 21291 PH 2023-06-24 1224 UA4S          59  021    ER3CT         59  12       
QSO: 21330 PH 2023-06-24 1228 UA4S          59  022    EF8K          59  TF       
QSO: 14233 PH 2023-06-24 1230 UA4S          59  023    RW1F          59  71       
QSO: 14295 PH 2023-06-24 1231 UA4S          59  024    SK2T          59  23       
QSO: 14241 PH 2023-06-24 1233 UA4S          59  025    HG8W          59  44       
QSO: 14212 PH 2023-06-24 1237 UA4S          59  026    SM6NT         59  49       
QSO: 14215 PH 2023-06-24 1238 UA4S          59  027    ED5K          59  V        
QSO: 21293 PH 2023-06-24 1241 UA4S          59  028    CX7SS         59  21       
QSO: 21269 PH 2023-06-24 1242 UA4S          59  029    KU2M          59  13       
QSO: 21244 PH 2023-06-24 1243 UA4S          59  030    UA6YN         59  12       
QSO: 21233 PH 2023-06-24 1243 UA4S          59  031    LZ7G          59  35       
QSO: 21273 PH 2023-06-24 1245 UA4S          59  032    F4FQZ         59  26       
QSO: 21285 PH 2023-06-24 1246 UA4S          59  033    PT1K          59  12       
QSO: 21317 PH 2023-06-24 1249 UA4S          59  034    EA1ACP        59  SO       
QSO: 21290 PH 2023-06-24 1253 UA4S          59  035    SP4LO         59  10       
QSO: 21290 PH 2023-06-24 1254 UA4S          59  036    DO1ZTD        59  4        
QSO: 21290 PH 2023-06-24 1254 UA4S          59  037    YO9RAO        59  8        
QSO: 21290 PH 2023-06-24 1256 UA4S          59  038    EF5D          59  A        
QSO: 21290 PH 2023-06-24 1256 UA4S          59  039    GB0ATM        59  3        
QSO: 14290 PH 2023-06-24 1300 UA4S          59  040    EA1L          59  O        
QSO: 14275 PH 2023-06-24 1301 UA4S          59  041    SV8DJW        59  31       
QSO: 14293 PH 2023-06-24 1304 UA4S          59  042    EA3HJO        59  B        
QSO: 14200 PH 2023-06-24 1309 UA4S          59  043    IK4LZH        59  49       
QSO: 14286 PH 2023-06-24 1310 UA4S          59  044    PD3W          59  42       
QSO: 14258 PH 2023-06-24 1311 UA4S          59  045    OH2FB         59  73       
QSO: 14248 PH 2023-06-24 1312 UA4S          59  046    ED7R          59  CA       
QSO: 14285 PH 2023-06-24 1312 UA4S          59  047    OP4K          59  53       
QSO: 14193 PH 2023-06-24 1314 UA4S          59  048    ED5R          59  A        
QSO: 14275 PH 2023-06-24 1315 UA4S          59  049    LZ6E          59  58       
QSO: 14253 PH 2023-06-24 1315 UA4S          59  050    OM2VL         59  139      
QSO: 21203 PH 2023-06-24 1318 UA4S          59  051    EA5O          59  V        
QSO: 21206 PH 2023-06-24 1323 UA4S          59  052    EC4T          59  BA       
QSO: 21230 PH 2023-06-24 1324 UA4S          59  053    EA3HJO        59  B        
QSO: 21320 PH 2023-06-24 1324 UA4S          59  054    EA7URC        59  CO       
QSO: 21290 PH 2023-06-24 1325 UA4S          59  055    ER1MAX        59  28       
QSO: 21290 PH 2023-06-24 1326 UA4S          59  056    DL6MRM        59  35       
QSO: 21290 PH 2023-06-24 1329 UA4S          59  057    EA8BR         59  GC       
QSO: 21290 PH 2023-06-24 1331 UA4S          59  058    YC3DOC        59  18       
QSO: 21287 PH 2023-06-24 1332 UA4S          59  059    EA8BQM        59  GC       
QSO: 21265 PH 2023-06-24 1334 UA4S          59  060    EA7ITL        59  CA       
QSO: 21269 PH 2023-06-24 1358 UA4S          59  061    PV2K          59  118      
QSO: 21258 PH 2023-06-24 1400 UA4S          59  062    ED7O          59  J        
QSO: 21213 PH 2023-06-24 1407 UA4S          59  063    EA8CZX        59  GC       
QSO: 21277 PH 2023-06-24 1409 UA4S          59  064    EA1L          59  O        
QSO: 21190 PH 2023-06-24 1412 UA4S          59  065    PY2KJ         59  74       
QSO: 14298 PH 2023-06-24 1423 UA4S          59  066    EA5O          59  V        
QSO: 14290 PH 2023-06-24 1424 UA4S          59  067    ED1R          59  AV       
QSO: 14287 PH 2023-06-24 1427 UA4S          59  068    ED2R          59  VI       
QSO: 14269 PH 2023-06-24 1429 UA4S          59  069    EA2XR         59  BI       
QSO: 14269 PH 2023-06-24 1429 UA4S          59  070    SP9KRUP       59  15       
QSO: 14269 PH 2023-06-24 1430 UA4S          59  071    YO6LA         59  004      
QSO: 14269 PH 2023-06-24 1430 UA4S          59  072    HA3GCB        59  30       
QSO: 14269 PH 2023-06-24 1431 UA4S          59  073    S51CK         59  86       
QSO: 14269 PH 2023-06-24 1431 UA4S          59  074    SB5X          59  8        
QSO: 14269 PH 2023-06-24 1432 UA4S          59  075    SP3MLK        59  9        
QSO: 14269 PH 2023-06-24 1432 UA4S          59  076    SN9A          59  22       
QSO: 14269 PH 2023-06-24 1433 UA4S          59  077    S57DX         59  282      
QSO: 14269 PH 2023-06-24 1433 UA4S          59  078    HA7AVU        59  17       
QSO: 14269 PH 2023-06-24 1434 UA4S          59  079    OK1OA         59  6        
QSO: 14269 PH 2023-06-24 1434 UA4S          59  080    YO8RC         59  21       
QSO: 14269 PH 2023-06-24 1434 UA4S          59  081    HG6C          59  19       
QSO: 14180 PH 2023-06-24 1436 UA4S          59  082    EA4CT         59  M        
QSO: 14204 PH 2023-06-24 1436 UA4S          59  083    9A9J          59  238      
QSO: 14269 PH 2023-06-24 1438 UA4S          59  084    DB2WD         59  10       
QSO: 14269 PH 2023-06-24 1439 UA4S          59  085    PH3T          59  7        
QSO: 14310 PH 2023-06-24 1657 UA4S          59  086    EF0F          59  SMR      
QSO: 14270 PH 2023-06-24 1659 UA4S          59  087    LZ1C          59  71       
QSO: 14267 PH 2023-06-24 1659 UA4S          59  088    ER3CT         59  68       
QSO: 14258 PH 2023-06-24 1701 UA4S          59  089    ED8O          59  GC       
QSO: 14250 PH 2023-06-24 1701 UA4S          59  090    ED5E          59  A        
QSO: 14227 PH 2023-06-24 1705 UA4S          59  091    EA4IE         59  TO       
QSO: 14280 PH 2023-06-24 1706 UA4S          59  092    EA8DNF        59  GC       
QSO: 14230 PH 2023-06-24 1708 UA4S          59  093    EA5AML        59  V        
QSO: 14182 PH 2023-06-24 1712 UA4S          59  094    EA7IOJ        59  GR       
QSO: 14170 PH 2023-06-24 1713 UA4S          59  095    EC4T          59  BA       
QSO: 14302 PH 2023-06-24 1715 UA4S          59  097    ED7O          59  J        
QSO: 14286 PH 2023-06-24 1716 UA4S          59  098    ON3TDM        59  92       
QSO: 14283 PH 2023-06-24 1717 UA4S          59  099    IU0OVB        59  269      
QSO: 14275 PH 2023-06-24 1718 UA4S          59  100    TA5O          59  30       
QSO: 14206 PH 2023-06-25 0534 UA4S          59  101    ED3T          59  B        
QSO: 14203 PH 2023-06-25 0535 UA4S          59  102    YU3M          59  222      
QSO: 14190 PH 2023-06-25 0536 UA4S          59  103    8S80AA        59  500      
QSO: 14185 PH 2023-06-25 0539 UA4S          59  104    EC5APA        59  A        
QSO: 14178 PH 2023-06-25 0640 UA4S          59  105    EC5KY         59  CS       
QSO: 14180 PH 2023-06-25 0644 UA4S          59  106    EF2H          59  HU       
QSO: 14255 PH 2023-06-25 0644 UA4S          59  107    SO4R          59  201      
QSO: 21238 PH 2023-06-25 0727 UA4S          59  108    YU3M          59  281      
QSO: 21298 PH 2023-06-25 0730 UA4S          59  109    EA5FSJ        59  A        
QSO: 21236 PH 2023-06-25 0732 UA4S          59  110    HA3DX         59  620      
QSO: 14245 PH 2023-06-25 0736 UA4S          59  111    K1LZ          59  1339     
QSO: 14229 PH 2023-06-25 0736 UA4S          59  112    EA3AKA        59  T        
QSO: 14205 PH 2023-06-25 0737 UA4S          59  113    SP9MAT        59  82       
QSO: 14293 PH 2023-06-25 0741 UA4S          59  114    IV3UHL        59  351      
QSO: 21285 PH 2023-06-25 0742 UA4S          59  115    ED5K          59  V        
QSO: 21277 PH 2023-06-25 0743 UA4S          59  116    EE5SP         59  V        
QSO: 21213 PH 2023-06-25 0745 UA4S          59  117    EF8U          59  GC       
QSO: 21219 PH 2023-06-25 0746 UA4S          59  118    EC5EA         59  A        
QSO: 21200 PH 2023-06-25 0747 UA4S          59  119    EA5ISM        59  A        
QSO: 21240 PH 2023-06-25 0749 UA4S          59  120    OM5CM         59  69       
QSO: 21216 PH 2023-06-25 0752 UA4S          59  121    YO8SFF        59  49       
QSO: 21262 PH 2023-06-25 0756 UA4S          59  122    LZ1ND         59  188      
QSO: 21283 PH 2023-06-25 0801 UA4S          59  123    EA7HWF        59  CO       
QSO: 21204 PH 2023-06-25 0805 UA4S          59  124    RU6YJ         59  39       
QSO: 21204 PH 2023-06-25 0809 UA4S          59  125    UN8PT         59  39       
END-OF-LOG:
