START-OF-LOG: 3.0
CREATED-BY: reconstructed-log-builder
CONTEST: EA-MAJESTAD-CW
CALLSIGN: OM8LA
LOCATION: 
CATEGORY: CHECKLOG
CATEGORY-OPERATOR: SINGLE-OP
CATEGORY-BAND: ALL
CATEGORY-MODE: MIXED
CATEGORY-POWER: UNKNOWN
CATEGORY-ASSISTED: NON-ASSISTED
CATEGORY-TRANSMITTER: ONE
CATEGORY-STATION: UNKNOWN
CATEGORY-OVERLAY: 
OPERATORS: OM8LA
CLAIMED-SCORE: 
CLUB: 
NAME: 
SOAPBOX: RECONSTRUCTED MOCKUP LOG - NOT AN OFFICIAL SUBMISSION.
SOAPBOX: Derived from submitted logs for EA-MAJESTAD-CW URE/SMRCW/2015.
QSO: 14019 CW 2015-05-16 1220 OM8LA         599 1 ON5JT         599 018
QSO: 14023 CW 2015-05-16 1224 OM8LA         599 002 US3IY         599 018
QSO: 14033 CW 2015-05-16 1225 OM8LA         599 3 LY3QA         599 020
QSO: 14039 CW 2015-05-16 1227 OM8LA         599 4 YR1C          599 043
QSO: 14000 CW 2015-05-16 1228 OM8LA         599 5 RN3YA         599 16
QSO: 14036 CW 2015-05-16 1230 OM8LA         599 006 PA2W          599 009
QSO: 14000 CW 2015-05-16 1231 OM8LA         599 007 DF5LW         599 026
QSO: 14037 CW 2015-05-16 1232 OM8LA         599 8 SM5CSS        599 018
QSO: 14000 CW 2015-05-16 1233 OM8LA         599 9 DF6RI         599 019
QSO: 14037 CW 2015-05-16 1233 OM8LA         599 010 DC9ZP         599 021
QSO: 14037 CW 2015-05-16 1234 OM8LA         599 11 RX3MM         599 013
QSO: 14000 CW 2015-05-16 1237 OM8LA         599 14 EU6AA         599 2
QSO: 14000 CW 2015-05-16 1239 OM8LA         599 015 OZ7EA         599 018
QSO: 14010 CW 2015-05-16 1239 OM8LA         599 016 UR8QR         599 010
QSO: 14000 CW 2015-05-16 1241 OM8LA         599 018 RN4SC         599 023
QSO: 14020 CW 2015-05-16 1241 OM8LA         599 017 UW6M          599 012
QSO: 14037 CW 2015-05-16 1243 OM8LA         599 019 PD0ME         599 018
QSO: 14000 CW 2015-05-16 1245 OM8LA         599 22 DL2TM         599 13
QSO: 14037 CW 2015-05-16 1246 OM8LA         599 23 F5UQE         599 028
QSO: 14037 CW 2015-05-16 1246 OM8LA         599 025 G3LPU         599 018
QSO: 14037 CW 2015-05-16 1246 OM8LA         599 024 UC5D          599 026
QSO: 14037 CW 2015-05-16 1247 OM8LA         599 027 DL1ARJ        599 025
QSO: 14037 CW 2015-05-16 1248 OM8LA         599 028 PA3I          599 021
QSO: 14010 CW 2015-05-16 1249 OM8LA         599 029 EA7OR         599 CO
QSO: 14000 CW 2015-05-16 1250 OM8LA         599 31 PA3HCC        599 014
QSO: 14000 CW 2015-05-16 1250 OM8LA         599 030 SV1AJO        599 016
QSO: 14037 CW 2015-05-16 1251 OM8LA         599 032 PA9WOR        599 027
QSO: 14037 CW 2015-05-16 1253 OM8LA         599 33 SM2T          599 51
QSO: 14025 CW 2015-05-16 1254 OM8LA         599 34 LZ1DQ         599 016
QSO: 14037 CW 2015-05-16 1255 OM8LA         599 35 UT8IM         599 035
QSO: 14037 CW 2015-05-16 1256 OM8LA         599 036 SE4E          599 050
QSO: 14037 CW 2015-05-16 1258 OM8LA         599 038 DL5QS         599 013
QSO: 14037 CW 2015-05-16 1258 OM8LA         599 37 M0SEV         599 025
QSO: 14000 CW 2015-05-16 1259 OM8LA         599 039 YT5L          599 015
QSO: 14000 CW 2015-05-16 1300 OM8LA         599 40 OH1B          599 26
QSO: 14037 CW 2015-05-16 1301 OM8LA         599 41 PA3DRL        599 5
QSO: 14044 CW 2015-05-16 1301 OM8LA         599 42 PA0MIR        599 040
QSO: 14025 CW 2015-05-16 1317 OM8LA         599 44 RG9A          599 175
QSO: 14034 CW 2015-05-16 1318 OM8LA         599 045 CN8KD         599 047
QSO: 14025 CW 2015-05-16 1320 OM8LA         599 47 YT2ISM        599 017
QSO: 14018 CW 2015-05-16 1322 OM8LA         599 49 IK0EFR        599 043
QSO: 14016 CW 2015-05-16 1323 OM8LA         599 050 EA3NN         599 T
QSO: 14012 CW 2015-05-16 1324 OM8LA         599 51 UA9AU         599 91
QSO: 14017 CW 2015-05-16 1324 OM8LA         599 52 IK8TEO        599 010
QSO: 14000 CW 2015-05-16 1326 OM8LA         599 053 G3LHJ         599 031
QSO: 14031 CW 2015-05-16 1326 OM8LA         599 54 LY2FN         599 045
QSO: 14000 CW 2015-05-16 1327 OM8LA         599 55 OH1TS         599 30
QSO: 14000 CW 2015-05-16 1329 OM8LA         599 056 F5MA          599 018
QSO: 14000 CW 2015-05-16 1331 OM8LA         599 058 UR4RWW        599 039
QSO: 14030 CW 2015-05-16 1331 OM8LA         599 057 IV3ZXQ/QRP    599 009
QSO: 14028 CW 2015-05-16 1347 OM8LA         599 60 RT3D          599 41
END-OF-LOG:
