START-OF-LOG: 3.0
CREATED-BY: vhfmanager-downloader
CONTEST: ZRS marčevsko UKV tekmovanje - Official results - VHFManager
CALLSIGN: DF8WB
CATEGORY: 145 MHz - checklog
CATEGORY-OPERATOR: SINGLE-OP
CATEGORY-ASSISTED: NON-ASSISTED
CATEGORY-TRANSMITTER: ONE
CATEGORY-STATION: FIXED
QSO: 144300 PH 2018-03-03 2130 DF8WB         59  1 JO30HG   DL0WX         59  313 JO30FQ
QSO: 144300 PH 2018-03-03 2148 DF8WB         59  2 JO30HG   DK5DQ         59  229 JO31QH
QSO: 144300 PH 2018-03-03 2212 DF8WB         59  3 JO30HG   DJ7R          59  389 JN59UK
QSO: 144300 PH 2018-03-03 2214 DF8WB         59  4 JO30HG   PA1T          59  163 JO33JF
QSO: 144300 PH 2018-03-03 2239 DF8WB         59  5 JO30HG   OL7C          59  393 JO60JJ
QSO: 144300 PH 2018-03-03 2259 DF8WB         59  6 JO30HG   HB9GF         59  290 JN37WB
QSO: 144300 PH 2018-03-03 2327 DF8WB         59  7 JO30HG   DJ8OG         59  231 JO40NJ
QSO: 144300 PH 2018-03-04 1114 DF8WB         59  8 JO30HG   PA5Y          59  107 JO21VO
QSO: 144300 PH 2018-03-04 1122 DF8WB         59  9 JO30HG   DK5IR         59  129 JN49IC
QSO: 144300 PH 2018-03-04 1131 DF8WB         59  10 JO30HG  M0HRF/P       57  355 JO01JA
QSO: 144300 PH 2018-03-04 1312 DF8WB         59  11 JO30HG  DR3A          59  487 JN49LM
QSO: 144300 PH 2018-03-04 1315 DF8WB         59  12 JO30HG  DJ6XH         59  375 JN57MP
QSO: 144300 PH 2018-03-04 1332 DF8WB         59  13 JO30HG  DL0LN         59  429 JO31QX
QSO: 144300 PH 2018-03-04 1334 DF8WB         59  14 JO30HG  DL2KBX        59  133 JO30EM
QSO: 144300 PH 2018-03-04 1339 DF8WB         59  15 JO30HG  DR1H          59  828 JN59OP
QSO: 144300 PH 2018-03-04 1342 DF8WB         59  16 JO30HG  OK7O          59  653 JN69OU
QSO: 144300 PH 2018-03-04 1350 DF8WB         59  17 JO30HG  DL5ZBC        59  142 JO40LA
QSO: 144300 PH 2018-03-04 1352 DF8WB         59  18 JO30HG  DF7WL         59  106 JO30RE
QSO: 144300 PH 2018-03-04 1359 DF8WB         59  19 JO30HG  DF5HC         59  172 JN49HT
END-OF-LOG:
