START-OF-LOG: 3.0
CREATED-BY: reconstructed-log-builder
CONTEST: CQ-WPX-CW
CALLSIGN: DK4FP
LOCATION: 
CATEGORY: CHECKLOG
CATEGORY-OPERATOR: SINGLE-OP
CATEGORY-BAND: ALL
CATEGORY-MODE: MIXED
CATEGORY-POWER: UNKNOWN
CATEGORY-ASSISTED: NON-ASSISTED
CATEGORY-TRANSMITTER: ONE
CATEGORY-STATION: UNKNOWN
CATEGORY-OVERLAY: 
OPERATORS: DK4FP
CLAIMED-SCORE: 
CLUB: 
NAME: 
SOAPBOX: RECONSTRUCTED MOCKUP LOG - NOT AN OFFICIAL SUBMISSION.
SOAPBOX: Derived from submitted logs for CQ-WPX-CW CQWPX/cw/2024.
QSO: 14035 CW 2024-05-25 0717 DK4FP         599 8P5A          599 1278
QSO: 14026 CW 2024-05-25 0723 DK4FP         599 0002 PJ4A          599 0955
QSO: 14006 CW 2024-05-25 1933 DK4FP         599 0003 BY5EA         599 1319
QSO: 14022 CW 2024-05-25 1942 DK4FP         599 0004 BY8AC         599 1404
QSO: 14025 CW 2024-05-25 1944 DK4FP         599 005 II9P          599 987
QSO: 14033 CW 2024-05-25 1949 DK4FP         599 006 JA3YBK        599 693
QSO: 14037 CW 2024-05-25 1952 DK4FP         599 007 RM2U          599 995
QSO: 14039 CW 2024-05-25 1954 DK4FP         599 008 P3AA          599 3114
QSO: 14039 CW 2024-05-25 1955 DK4FP         599 008 EI7M          599 1049
QSO: 14056 CW 2024-05-25 2000 DK4FP         599 009 CN3A          599 1590
QSO: 14059 CW 2024-05-25 2002 DK4FP         599 0010 JH1EAQ        599 0659
QSO: 14060 CW 2024-05-25 2002 DK4FP         599 0010 HL2BQG        599 0936
END-OF-LOG:
