START-OF-LOG: 3.0
CREATED-BY: HMRA public OK1WC downloader
CONTEST: OK1WC-MEMORIAL
CALLSIGN: OK2LF
OPERATORS: OK2LF
CATEGORY: SO-80M-CW-LOW
CATEGORY-OPERATOR: SINGLE-OP
CATEGORY-BAND: 80M
CATEGORY-MODE: CW
CATEGORY-POWER: LOW
SOAPBOX: Recreated from OK1WC Memorial reference table MWC220725.
SOAPBOX: Source publication level: 4.
SOAPBOX: Source: https://memorial-ok1wc.cz/index.php?page=eval3/a_eval3&kolo=517&rocnik=14&tyden=30&jobdate=220725&pub_level=4
QSO:  3500 CW 2022-07-25 1630 OK2LF         599 1          OK1RZ         599 1         
QSO:  3500 CW 2022-07-25 1631 OK2LF         599 2          OK1TN         599 3         
QSO:  3500 CW 2022-07-25 1632 OK2LF         599 3          OM5KM         599 4         
QSO:  3500 CW 2022-07-25 1634 OK2LF         599 4          OK2BFN        599 6         
QSO:  3500 CW 2022-07-25 1635 OK2LF         599 5          SP3CW         599 3         
QSO:  3500 CW 2022-07-25 1636 OK2LF         599 6          OK1WSL        599 11        
QSO:  3500 CW 2022-07-25 1637 OK2LF         599 7          OK5FF         599 10        
QSO:  3500 CW 2022-07-25 1638 OK2LF         599 8          OK1JRU        599 7         
QSO:  3500 CW 2022-07-25 1641 OK2LF         599 9          OK2PYA        599 16        
QSO:  3500 CW 2022-07-25 1644 OK2LF         599 10         OK5N          599 120       
QSO:  3500 CW 2022-07-25 1645 OK2LF         599 11         OM5CM         599 14        
QSO:  3500 CW 2022-07-25 1645 OK2LF         599 12         OK1DAM        599 8         
QSO:  3500 CW 2022-07-25 1646 OK2LF         599 13         OK1USP        599 17        
QSO:  3500 CW 2022-07-25 1646 OK2LF         599 14         OK1DM         599 15        
QSO:  3500 CW 2022-07-25 1649 OK2LF         599 15         OM5AW         599 24        
QSO:  3500 CW 2022-07-25 1651 OK2LF         599 16         SM6M          599 42        
QSO:  3500 CW 2022-07-25 1652 OK2LF         599 17         OK1IBP        599 21        
QSO:  3500 CW 2022-07-25 1656 OK2LF         599 18         DR3W          599 39        
QSO:  3500 CW 2022-07-25 1657 OK2LF         599 19         OK1RKS        599 17        
QSO:  3500 CW 2022-07-25 1659 OK2LF         599 20         OK1DSZ        599 35        
QSO:  3500 CW 2022-07-25 1702 OK2LF         599 21         OK5OO         599 43        
QSO:  3500 CW 2022-07-25 1705 OK2LF         599 22         DK3GI         599 50        
QSO:  3500 CW 2022-07-25 1707 OK2LF         599 23         OK1YM         599 52        
QSO:  3500 CW 2022-07-25 1708 OK2LF         599 24         OK1OA         599 48        
QSO:  3500 CW 2022-07-25 1709 OK2LF         599 25         OK1FRJ        599 35        
QSO:  3500 CW 2022-07-25 1710 OK2LF         599 26         SN1F          599 29        
QSO:  3500 CW 2022-07-25 1711 OK2LF         599 27         OK2NAJ        599 48        
QSO:  3500 CW 2022-07-25 1714 OK2LF         599 28         OK2WY         599 53        
QSO:  3500 CW 2022-07-25 1715 OK2LF         599 29         OK1RR         599 58        
QSO:  3500 CW 2022-07-25 1716 OK2LF         599 30         HG1G          599 89        
QSO:  3500 CW 2022-07-25 1716 OK2LF         599 31         OK1DOR        599 56        
QSO:  3500 CW 2022-07-25 1718 OK2LF         599 32         DJ9SN         599 46        
QSO:  3500 CW 2022-07-25 1720 OK2LF         599 33         DJ9KH         599 58        
QSO:  3500 CW 2022-07-25 1722 OK2LF         599 34         DA3T          599 51        
QSO:  3500 CW 2022-07-25 1724 OK2LF         599 35         OM3ZU         599 64        
QSO:  3500 CW 2022-07-25 1726 OK2LF         599 36         OK1NU         599 52        
QSO:  3500 CW 2022-07-25 1728 OK2LF         599 37         OK1DRQ        599 23        
END-OF-LOG:
