START-OF-LOG: 3.0
CREATED-BY: reconstructed-log-builder
CONTEST: FD SSB
CALLSIGN: KD2RD
LOCATION: 
CATEGORY: CHECKLOG
CATEGORY-OPERATOR: SINGLE-OP
CATEGORY-BAND: ALL
CATEGORY-MODE: MIXED
CATEGORY-POWER: UNKNOWN
CATEGORY-ASSISTED: NON-ASSISTED
CATEGORY-TRANSMITTER: ONE
CATEGORY-STATION: UNKNOWN
CATEGORY-OVERLAY: 
OPERATORS: KD2RD
CLAIMED-SCORE: 
CLUB: 
NAME: 
SOAPBOX: RECONSTRUCTED MOCKUP LOG - NOT AN OFFICIAL SUBMISSION.
SOAPBOX: Derived from submitted logs for FD SSB DARC/Fieldday/SSB/2017.
QSO:  7164 PH 2017-09-02 2130 KD2RD         59 0001 DL0HN/P       59 0226
QSO:  7159 PH 2017-09-02 2254 KD2RD         59 002 DK0FY/P       59 0515
QSO:  7000 PH 2017-09-02 2256 KD2RD         59 003 DK0RA/P       59 086
QSO:  7160 PH 2017-09-02 2258 KD2RD         59 0005 DA0C/P        59 0193
QSO:  7159 PH 2017-09-02 2302 KD2RD         59 007 DK0MN/P       59 0433
QSO:  7000 PH 2017-09-02 2315 KD2RD         59 010 DL0GC/P       59 474
QSO:  7159 PH 2017-09-02 2316 KD2RD         59 012 DK7C/P        59 0330
QSO:  7159 PH 2017-09-02 2318 KD2RD         59 0014 DL5Z/P        59 0302
QSO:  7000 PH 2017-09-02 2320 KD2RD         59 017 DK0HH/P       59 358
QSO:  7000 PH 2017-09-02 2321 KD2RD         59 018 DL0IPS/P      59 217
QSO:  7000 PH 2017-09-02 2322 KD2RD         59 020 DL0RA/P       59 273
QSO:  7159 PH 2017-09-02 2324 KD2RD         59 023 DF0M/P        59 0181
QSO:  7000 PH 2017-09-02 2325 KD2RD         59 000 DP4M/P        59 382
QSO:  7129 PH 2017-09-03 0520 KD2RD         59 0030 S52WW         59 0693
QSO: 14222 PH 2017-09-03 1208 KD2RD         59 0031 SN5T/P        59 0891
END-OF-LOG:
