START-OF-LOG: 3.0
CREATED-BY: reconstructed-log-builder
CONTEST: CQ-WPX-SSB
CALLSIGN: EA4ZQ
LOCATION: 
CATEGORY: CHECKLOG
CATEGORY-OPERATOR: SINGLE-OP
CATEGORY-BAND: ALL
CATEGORY-MODE: MIXED
CATEGORY-POWER: UNKNOWN
CATEGORY-ASSISTED: NON-ASSISTED
CATEGORY-TRANSMITTER: ONE
CATEGORY-STATION: UNKNOWN
CATEGORY-OVERLAY: 
OPERATORS: EA4ZQ
CLAIMED-SCORE: 
CLUB: 
NAME: 
SOAPBOX: RECONSTRUCTED MOCKUP LOG - NOT AN OFFICIAL SUBMISSION.
SOAPBOX: Derived from submitted logs for CQ-WPX-SSB CQWPX/ph/2008.
QSO:  7074 PH 2008-03-29 0011 EA4ZQ         59 0001 LZ9W          59 0020
QSO:  7000 PH 2008-03-29 0012 EA4ZQ         59 0002 SN75T         59 0008
QSO:  7000 PH 2008-03-29 0018 EA4ZQ         59 004 TM6M          59 0022
QSO: 14222 PH 2008-03-29 0827 EA4ZQ         59 005 DL3TD         59 0734
QSO: 14140 PH 2008-03-29 0854 EA4ZQ         59 007 OL7R          59 0170
QSO: 14000 PH 2008-03-29 0859 EA4ZQ         59 008 ES5RW         59 0270
QSO: 21000 PH 2008-03-29 0905 EA4ZQ         59 009 TC7KA         59 562
QSO: 21000 PH 2008-03-29 0913 EA4ZQ         59 010 A41MX         59 352
QSO: 21209 PH 2008-03-29 1055 EA4ZQ         59 012 P33W          59 323
QSO: 28453 PH 2008-03-29 1811 EA4ZQ         59 0039 LO7D          59 0022
END-OF-LOG:
