START-OF-LOG: 3.0
CREATED-BY: reconstructed-log-builder
CONTEST: CQ-WPX-SSB
CALLSIGN: ON8UK
LOCATION: 
CATEGORY: CHECKLOG
CATEGORY-OPERATOR: SINGLE-OP
CATEGORY-BAND: ALL
CATEGORY-MODE: MIXED
CATEGORY-POWER: UNKNOWN
CATEGORY-ASSISTED: NON-ASSISTED
CATEGORY-TRANSMITTER: ONE
CATEGORY-STATION: UNKNOWN
CATEGORY-OVERLAY: 
OPERATORS: ON8UK
CLAIMED-SCORE: 
CLUB: 
NAME: 
SOAPBOX: RECONSTRUCTED MOCKUP LOG - NOT AN OFFICIAL SUBMISSION.
SOAPBOX: Derived from submitted logs for CQ-WPX-SSB CQWPX/ph/2008.
QSO: 14186 PH 2008-03-29 0715 ON8UK         59 001 CQ95F         59 0082
QSO: 14193 PH 2008-03-29 0716 ON8UK         59 0022 OP4K          59 0029
QSO: 14194 PH 2008-03-29 0732 ON8UK         59 003 OG5M          59 0124
QSO: 14133 PH 2008-03-29 0737 ON8UK         59 004 UA9UZZ        59 373
QSO: 14000 PH 2008-03-29 0743 ON8UK         59 005 EK3SA         59 326
QSO: 14000 PH 2008-03-29 0749 ON8UK         59 0006 UN9L          59 0285
QSO: 14000 PH 2008-03-29 0803 ON8UK         59 008 TC7KA         59 464
QSO: 14000 PH 2008-03-29 0811 ON8UK         59 8 YT1BB         59 341
QSO: 14139 PH 2008-03-29 0813 ON8UK         59 10 P33W          59 540
QSO:  7000 PH 2008-03-29 0836 ON8UK         59 11 S56P          59 204
QSO:  7050 PH 2008-03-29 0843 ON8UK         59 0103 AM1A          59 0193
QSO:  7000 PH 2008-03-29 0846 ON8UK         59 014 LY2MM         59 164
QSO:  7000 PH 2008-03-29 0849 ON8UK         59 15 EI9E          59 62
QSO:  7050 PH 2008-03-29 0851 ON8UK         59 16 SP0DXC        59 124
QSO:  7000 PH 2008-03-29 0857 ON8UK         59 017 OL3Z          59 0128
QSO:  7074 PH 2008-03-29 0901 ON8UK         59 0018 OK7M          59 0373
QSO: 21000 PH 2008-03-29 1117 ON8UK         59 019 9A4W          59 352
QSO: 21000 PH 2008-03-29 1133 ON8UK         59 0020 9A5Y          59 0316
QSO: 21180 PH 2008-03-29 1135 ON8UK         59 0021 ZY7C          59 0093
QSO: 21306 PH 2008-03-29 1140 ON8UK         59 0022 IU3X          59 0236
QSO: 21200 PH 2008-03-29 1143 ON8UK         59 0023 LZ9W          59 0376
QSO: 21000 PH 2008-03-29 1147 ON8UK         59 24 TC3D          59 959
QSO: 21279 PH 2008-03-29 1151 ON8UK         59 0026 9A60A         59 0162
QSO: 21206 PH 2008-03-29 1153 ON8UK         59 27 C4N           59 1376
QSO: 21000 PH 2008-03-29 1203 ON8UK         59 29 J42WT         59 357
QSO: 21243 PH 2008-03-29 1208 ON8UK         59 030 DR1A          59 0163
QSO: 14000 PH 2008-03-29 1258 ON8UK         59 031 HG8R          59 1247
QSO: 14169 PH 2008-03-29 1259 ON8UK         59 32 UW8I          59 622
QSO: 14129 PH 2008-03-29 1300 ON8UK         59 33 RD4WA         59 728
QSO: 14155 PH 2008-03-29 1308 ON8UK         59 034 NQ4I          59 0324
QSO: 14159 PH 2008-03-29 1309 ON8UK         59 0035 NE1C          59 0114
QSO: 14171 PH 2008-03-29 1313 ON8UK         59 0037 W1UE          59 0479
QSO: 14174 PH 2008-03-29 1314 ON8UK         59 38 AK1W          59 254
QSO: 14194 PH 2008-03-29 1317 ON8UK         59 39 WU3A          59 241
QSO: 14150 PH 2008-03-29 1326 ON8UK         59 040 K1ZM          59 722
QSO: 14153 PH 2008-03-29 1327 ON8UK         59 0041 WE3C          59 0280
QSO: 14285 PH 2008-03-29 1333 ON8UK         59 0042 UA4RZ         59 0857
QSO: 14136 PH 2008-03-29 1352 ON8UK         59 043 VE3EJ         59 0967
QSO: 14192 PH 2008-03-29 1356 ON8UK         59 44 K3EST         59 604
QSO:  7000 PH 2008-03-29 1409 ON8UK         59 45 YU3AA         59 424
QSO:  7045 PH 2008-03-29 1418 ON8UK         59 0047 YT8A          59 0781
QSO:  7072 PH 2008-03-29 1420 ON8UK         59 048 OL1X          59 0207
QSO:  7060 PH 2008-03-29 1424 ON8UK         59 0049 OK5R          59 0991
QSO: 21300 PH 2008-03-29 1428 ON8UK         59 0050 YW4M          59 0127
QSO: 21230 PH 2008-03-29 1430 ON8UK         59 51 8P1A          59 1358
QSO: 21350 PH 2008-03-29 1439 ON8UK         59 052 FY1FL         59 0163
QSO: 21000 PH 2008-03-29 1456 ON8UK         59 0056 LU7KAT        59 0365
QSO: 21240 PH 2008-03-29 1456 ON8UK         59 46 ZW5B          59 476
QSO: 21300 PH 2008-03-29 1458 ON8UK         59 0057 PP5JD         59 0839
QSO: 21233 PH 2008-03-29 1500 ON8UK         59 0058 LR2F          59 0467
QSO:  7080 PH 2008-03-29 1500 ON8UK         59 0046 2E0PLA        59 0094
QSO: 21340 PH 2008-03-29 1501 ON8UK         59 0059 PW2D          59 0424
QSO: 21326 PH 2008-03-29 1504 ON8UK         59 0060 CE4CT         59 0460
QSO: 21265 PH 2008-03-29 1517 ON8UK         59 616 8R1K          59 0691
QSO: 21230 PH 2008-03-29 1518 ON8UK         59 62 8P1A          59 1528
QSO: 21193 PH 2008-03-29 1522 ON8UK         59 063 P40A          59 1171
QSO: 21000 PH 2008-03-29 1524 ON8UK         59 064 5T5DC         59 0096
QSO: 21206 PH 2008-03-29 1530 ON8UK         59 0065 PS2T          59 0999
QSO: 21162 PH 2008-03-29 1533 ON8UK         59 066 CQ3T          59 0493
QSO: 14157 PH 2008-03-29 1539 ON8UK         59 067 UU7J          59 0801
QSO: 14261 PH 2008-03-29 1602 ON8UK         59 069 SX1L          59 0854
QSO: 14275 PH 2008-03-29 1606 ON8UK         59 070 9V1YC         59 1090
QSO: 14175 PH 2008-03-29 1611 ON8UK         59 71 HS0ZCW        59 510
QSO: 14000 PH 2008-03-29 1621 ON8UK         59 073 B7M           59 967
QSO: 14176 PH 2008-03-29 1624 ON8UK         59 0074 YR1C          59 0844
QSO: 14200 PH 2008-03-29 1626 ON8UK         59 0075 UZ8M          59 1038
QSO: 14188 PH 2008-03-29 1629 ON8UK         59 0076 RG3K          59 1048
QSO: 14223 PH 2008-03-29 1640 ON8UK         59 0078 KC3R          59 0882
QSO: 14166 PH 2008-03-30 1142 ON8UK         59 0092 UT5ID         59 0691
QSO: 14220 PH 2008-03-30 1150 ON8UK         59 079 RK3DZB        59 1204
QSO: 14000 PH 2008-03-30 1151 ON8UK         59 80 R3K           59 2020
QSO: 14304 PH 2008-03-30 1155 ON8UK         59 0081 UW5U          59 0975
QSO: 14327 PH 2008-03-30 1157 ON8UK         59 082 UO6P          59 559
QSO: 14335 PH 2008-03-30 1203 ON8UK         59 0083 IW1QN         59 0649
QSO: 14316 PH 2008-03-30 1207 ON8UK         59 84 RZ9HG         59 1603
QSO: 14297 PH 2008-03-30 1210 ON8UK         59 085 AM3SSB        59 1410
QSO: 14283 PH 2008-03-30 1214 ON8UK         59 86 RS3A          59 1694
QSO: 14273 PH 2008-03-30 1217 ON8UK         59 087 YT5A          59 1688
QSO: 14254 PH 2008-03-30 1220 ON8UK         59 0088 RZ3TZZ        59 0343
QSO: 14000 PH 2008-03-30 1225 ON8UK         59 89 RX9AM         59 1007
QSO: 14155 PH 2008-03-30 1232 ON8UK         59 090 GM7V          59 1628
QSO: 14138 PH 2008-03-30 1235 ON8UK         59 091 TM0R          59 1030
QSO: 14116 PH 2008-03-30 1239 ON8UK         59 0093 LZ9W          59 1487
QSO: 14000 PH 2008-03-30 1240 ON8UK         59 94 EF5K          59 1482
QSO: 14000 PH 2008-03-30 1246 ON8UK         59 95 VB3E          59 2335
QSO: 21201 PH 2008-03-30 1255 ON8UK         59 096 ZX2B          59 2117
QSO: 21000 PH 2008-03-30 1302 ON8UK         59 097 F6DZU         59 1163
QSO: 21277 PH 2008-03-30 1303 ON8UK         59 098 PR5Z          59 1022
QSO: 21323 PH 2008-03-30 1313 ON8UK         59 0099 EE2W          59 0472
QSO:  7000 PH 2008-03-30 1322 ON8UK         59 100 ES90C         59 1451
QSO:  7000 PH 2008-03-30 1328 ON8UK         59 101 TM7F          59 345
QSO:  7064 PH 2008-03-30 1329 ON8UK         59 0102 OM3BH         59 2153
QSO:  7000 PH 2008-03-30 1334 ON8UK         59 105 IZ1GAR        59 800
QSO:  7000 PH 2008-03-30 1335 ON8UK         59 104 HG80HQ        59 1025
QSO:  7200 PH 2008-03-30 1337 ON8UK         59 106 SN6O          59 624
QSO:  7090 PH 2008-03-30 1342 ON8UK         59 107 F4FLQ         59 0794
END-OF-LOG:
