START-OF-LOG: 3.0
CREATED-BY: reconstructed-log-builder
CONTEST: CQ-WPX-SSB
CALLSIGN: WB5AAA
LOCATION: 
CATEGORY: CHECKLOG
CATEGORY-OPERATOR: SINGLE-OP
CATEGORY-BAND: ALL
CATEGORY-MODE: MIXED
CATEGORY-POWER: UNKNOWN
CATEGORY-ASSISTED: NON-ASSISTED
CATEGORY-TRANSMITTER: ONE
CATEGORY-STATION: UNKNOWN
CATEGORY-OVERLAY: 
OPERATORS: WB5AAA
CLAIMED-SCORE: 
CLUB: 
NAME: 
SOAPBOX: RECONSTRUCTED MOCKUP LOG - NOT AN OFFICIAL SUBMISSION.
SOAPBOX: Derived from submitted logs for CQ-WPX-SSB CQWPX/ph/2008.
QSO:  7250 PH 2008-03-29 0420 WB5AAA        59 001 WX5S          59 37
QSO:  7100 PH 2008-03-29 0424 WB5AAA        59 0002 YW4M          59 0182
QSO:  7273 PH 2008-03-29 0428 WB5AAA        59 003 ZX2B          59 366
QSO:  7198 PH 2008-03-29 0436 WB5AAA        59 004 V48M          59 180
QSO:  7000 PH 2008-03-29 0440 WB5AAA        59 006 K7ZS          59 280
QSO:  7000 PH 2008-03-29 0442 WB5AAA        59 0007 ZL3A          59 0035
QSO:  7207 PH 2008-03-29 0452 WB5AAA        59 0008 XE1CQ         59 0211
QSO:  7000 PH 2008-03-29 0454 WB5AAA        59 009 W7EB          59 159
QSO:  3802 PH 2008-03-29 0503 WB5AAA        59 011 PJ2T          59 329
QSO:  3750 PH 2008-03-29 0506 WB5AAA        59 12 W0BH          59 0429
QSO:  1861 PH 2008-03-29 0524 WB5AAA        59 13 KD4D          59 46
QSO: 21300 PH 2008-03-29 1542 WB5AAA        59 0014 LT1F          59 0600
QSO: 14000 PH 2008-03-29 1557 WB5AAA        59 015 XE1CXC        59 760
QSO: 14264 PH 2008-03-29 1559 WB5AAA        59 016 KN1DX         59 716
QSO: 14267 PH 2008-03-29 1600 WB5AAA        59 017 VE6SV         59 144
QSO: 14295 PH 2008-03-29 1602 WB5AAA        59 0018 K2DB          59 0133
QSO: 14334 PH 2008-03-29 1604 WB5AAA        59 0019 NC1I          59 0817
QSO: 14263 PH 2008-03-29 1652 WB5AAA        59 022 VE5CPU        59 34
QSO: 14283 PH 2008-03-29 1654 WB5AAA        59 23 VQ58V         59 1296
QSO: 14000 PH 2008-03-29 1703 WB5AAA        59 25 K3ZO          59 493
QSO: 14000 PH 2008-03-29 1706 WB5AAA        59 26 N6AA          59 588
QSO: 14295 PH 2008-03-29 1711 WB5AAA        59 27 KI1G          59 319
QSO: 14245 PH 2008-03-29 1716 WB5AAA        59 0028 W1UE          59 0845
QSO: 14247 PH 2008-03-29 1717 WB5AAA        59 0029 NB7V          59 0192
QSO: 14314 PH 2008-03-29 1722 WB5AAA        59 0030 WA7XX         59 0364
QSO: 14000 PH 2008-03-29 1738 WB5AAA        59 031 KI6VC         59 335
QSO: 14000 PH 2008-03-29 1741 WB5AAA        59 033 W7EB          59 470
QSO: 14347 PH 2008-03-29 1753 WB5AAA        59 035 NQ2F          59 351
QSO: 14232 PH 2008-03-29 1801 WB5AAA        59 036 DR1A          59 0943
QSO: 14000 PH 2008-03-29 1804 WB5AAA        59 0037 WQ2N          59 0042
QSO: 14304 PH 2008-03-29 1805 WB5AAA        59 038 WB4MSG        59 634
QSO: 14000 PH 2008-03-29 1809 WB5AAA        59 39 VE6EX         59 654
QSO: 14336 PH 2008-03-29 1811 WB5AAA        59 0040 VE7SV         59 0474
QSO: 14241 PH 2008-03-29 1858 WB5AAA        59 41 WU3A          59 603
QSO: 14289 PH 2008-03-29 1904 WB5AAA        59 0042 KG4W          59 0626
QSO: 14327 PH 2008-03-29 1910 WB5AAA        59 0043 KG7C          59 0431
QSO: 14000 PH 2008-03-29 1920 WB5AAA        59 045 K1SND         59 259
QSO: 14000 PH 2008-03-29 1923 WB5AAA        59 046 AC6DX         59 207
QSO: 14000 PH 2008-03-29 1925 WB5AAA        59 048 W6AFA         59 400
QSO: 14223 PH 2008-03-29 1932 WB5AAA        59 0049 KC3R          59 1081
QSO: 14000 PH 2008-03-29 1938 WB5AAA        59 51 WC6H          59 551
QSO: 14246 PH 2008-03-29 1938 WB5AAA        59 0050 HI3C          59 1209
QSO: 14333 PH 2008-03-29 1946 WB5AAA        59 0052 VO1MP         59 0794
QSO: 14000 PH 2008-03-29 1947 WB5AAA        59 53 K7ZS          59 864
QSO: 14228 PH 2008-03-29 1951 WB5AAA        59 0054 VE5ZX         59 0346
QSO: 14307 PH 2008-03-29 2012 WB5AAA        59 55 AA5B          59 1100
QSO: 14283 PH 2008-03-29 2015 WB5AAA        59 32 S50A          59 1327
QSO: 14249 PH 2008-03-29 2053 WB5AAA        59 0059 WX6V          59 0226
QSO: 14236 PH 2008-03-29 2215 WB5AAA        59 060 N6XT          59 720
QSO: 14240 PH 2008-03-29 2219 WB5AAA        59 61 HH4/AF4Z      59 908
QSO: 14250 PH 2008-03-29 2222 WB5AAA        59 062 TO5A          59 1404
QSO: 14253 PH 2008-03-29 2228 WB5AAA        59 063 P40A          59 2149
QSO: 14200 PH 2008-03-29 2231 WB5AAA        59 0064 PT5A          59 1321
QSO: 14000 PH 2008-03-29 2233 WB5AAA        59 65 W7WA          59 1522
QSO: 14295 PH 2008-03-29 2247 WB5AAA        59 0067 PY4OG         59 0400
QSO: 14326 PH 2008-03-29 2254 WB5AAA        59 068 8R1K          59 1521
QSO: 14338 PH 2008-03-29 2257 WB5AAA        59 0069 LP1H          59 1331
QSO: 14200 PH 2008-03-29 2259 WB5AAA        59 0070 YW4M          59 0847
QSO: 14238 PH 2008-03-29 2302 WB5AAA        59 71 8P1A          59 2991
QSO: 14244 PH 2008-03-30 0019 WB5AAA        59 0072 PW2D          59 0827
QSO: 14264 PH 2008-03-30 0021 WB5AAA        59 073 6Y1V          59 1859
QSO: 14286 PH 2008-03-30 0023 WB5AAA        59 0074 PS2T          59 1882
QSO: 14288 PH 2008-03-30 0029 WB5AAA        59 0075 WP3C          59 0995
QSO: 14313 PH 2008-03-30 0035 WB5AAA        59 0076 PP5JD         59 2018
QSO: 14346 PH 2008-03-30 0039 WB5AAA        59 077 ZX2B          59 1707
QSO: 14280 PH 2008-03-30 0048 WB5AAA        59 0078 ZY7C          59 1267
QSO: 14000 PH 2008-03-30 0054 WB5AAA        59 079 VE7UQ         59 142
QSO: 14274 PH 2008-03-30 0058 WB5AAA        59 80 WX7P          59 519
QSO:  3810 PH 2008-03-30 0256 WB5AAA        59 0082 K2DB          59 0060
QSO:  3830 PH 2008-03-30 0256 WB5AAA        59 0083 KK9V          59 0262
QSO:  3802 PH 2008-03-30 0259 WB5AAA        59 084 ND8DX         59 927
QSO:  3822 PH 2008-03-30 0308 WB5AAA        59 0086 NC1I          59 1557
QSO:  1843 PH 2008-03-30 0314 WB5AAA        59 087 NQ4I          59 0412
QSO:  1800 PH 2008-03-30 0317 WB5AAA        59 88 AA4MM         59 323
QSO:  1800 PH 2008-03-30 0319 WB5AAA        59 89 VB3E          59 2129
QSO:  1800 PH 2008-03-30 0326 WB5AAA        59 090 W2MF          59 0211
QSO:  3820 PH 2008-03-30 0333 WB5AAA        59 091 K4PV          59 1287
QSO:  3806 PH 2008-03-30 0342 WB5AAA        59 92 W5WMU         59 1878
QSO:  3834 PH 2008-03-30 0349 WB5AAA        59 93 KD0S          59 384
QSO:  3500 PH 2008-03-30 0353 WB5AAA        59 0094 WQ2N          59 0179
QSO:  3625 PH 2008-03-30 0357 WB5AAA        59 95 KD4D          59 685
QSO:  3500 PH 2008-03-30 0440 WB5AAA        59 96 NM4K          59 473
QSO:  3659 PH 2008-03-30 0446 WB5AAA        59 0097 WX3B          59 0593
QSO:  3826 PH 2008-03-30 0448 WB5AAA        59 98 NN4GG         59 313
QSO:  3844 PH 2008-03-30 0459 WB5AAA        59 099 WX5S          59 143
QSO:  3824 PH 2008-03-30 0501 WB5AAA        59 100 NQ4I          59 0697
QSO:  3658 PH 2008-03-30 0503 WB5AAA        59 101 NJ4M          59 1349
QSO:  3837 PH 2008-03-30 0505 WB5AAA        59 102 WN9O          59 1080
QSO:  3500 PH 2008-03-30 0506 WB5AAA        59 103 WC6H          59 404
QSO:  1800 PH 2008-03-30 0526 WB5AAA        59 104 VQ59W         59 1463
QSO:  3500 PH 2008-03-30 0535 WB5AAA        59 105 N6ER          59 131
QSO:  3822 PH 2008-03-30 0539 WB5AAA        59 0106 K0XTR         59 0261
QSO:  3832 PH 2008-03-30 0542 WB5AAA        59 0107 WA7XX         59 0305
QSO:  3500 PH 2008-03-30 0545 WB5AAA        59 108 N2RRA         59 068
QSO:  3810 PH 2008-03-30 0558 WB5AAA        59 0110 VE6FI         59 0147
QSO: 21275 PH 2008-03-30 2101 WB5AAA        59 111 V48M          59 2709
QSO: 21260 PH 2008-03-30 2103 WB5AAA        59 0112 XR6T          59 1275
QSO: 21359 PH 2008-03-30 2109 WB5AAA        59 113 P40A          59 3835
QSO: 21295 PH 2008-03-30 2111 WB5AAA        59 114 PJ2T          59 1278
QSO: 21000 PH 2008-03-30 2114 WB5AAA        59 116 ZX5J          59 3903
QSO: 21317 PH 2008-03-30 2116 WB5AAA        59 0117 YV1CTE        59 0873
QSO: 21327 PH 2008-03-30 2121 WB5AAA        59 0118 TI5N          59 1037
QSO: 21000 PH 2008-03-30 2124 WB5AAA        59 119 PX2T          59 1267
QSO: 21370 PH 2008-03-30 2131 WB5AAA        59 120 FY1FL         59 1945
QSO: 21349 PH 2008-03-30 2139 WB5AAA        59 0122 LR2F          59 1957
QSO: 21000 PH 2008-03-30 2144 WB5AAA        59 124 PY2YU         59 3109
QSO: 21277 PH 2008-03-30 2146 WB5AAA        59 0125 PP5JD         59 3200
QSO: 21391 PH 2008-03-30 2151 WB5AAA        59 126 WP4SK         59 255
QSO: 21305 PH 2008-03-30 2157 WB5AAA        59 0127 PR1T          59 1390
QSO: 21200 PH 2008-03-30 2200 WB5AAA        59 0128 LQ5H          59 1216
QSO: 14000 PH 2008-03-30 2211 WB5AAA        59 0129 KG2RG         59 0692
QSO: 14266 PH 2008-03-30 2215 WB5AAA        59 0130 W6TK          59 1386
QSO: 14281 PH 2008-03-30 2218 WB5AAA        59 131 NU1AW         59 1020
QSO: 14287 PH 2008-03-30 2219 WB5AAA        59 0132 TI5N          59 0989
QSO: 14000 PH 2008-03-30 2230 WB5AAA        59 134 W6AFA         59 999
QSO: 14000 PH 2008-03-30 2231 WB5AAA        59 133 NR7DX         59 357
QSO: 14000 PH 2008-03-30 2233 WB5AAA        59 134 XE2S          59 712
END-OF-LOG:
