START-OF-LOG: 2.0
ARRL-SECTION: DX
CALLSIGN: EA7RM
CLUB:  
CONTEST: KING-OF-SPAIN-C
CATEGORY: SINGLE-OP 40M
CLAIMED-SCORE: 26496
OPERATORS: EA7RM
NAME: Manuel Abián Osorio
CREATED-BY: N1MM Logger V14.4.1
QSO:  7016 CW 2014-05-17 1801 EA7RM         599 J      EF5R          599 A       
QSO:  7016 CW 2014-05-17 1801 EA7RM         599 J      IZ2GRG        599 119     
QSO:  7016 CW 2014-05-17 1801 EA7RM         599 J      EA2OK         599 HU      
QSO:  7016 CW 2014-05-17 1802 EA7RM         599 J      F5VMN         599 88      
QSO:  7016 CW 2014-05-17 1803 EA7RM         599 J      EA5VN         599 MU      
QSO:  7016 CW 2014-05-17 1804 EA7RM         599 J      EA5HEW        599 A       
QSO:  7016 CW 2014-05-17 1805 EA7RM         599 J      YU1AHW        599 107     
QSO:  7016 CW 2014-05-17 1805 EA7RM         599 J      LY2F          599 79      
QSO:  7016 CW 2014-05-17 1806 EA7RM         599 J      EA5GFX        599 A       
QSO:  7016 CW 2014-05-17 1807 EA7RM         599 J      EA5DIF        599 V       
QSO:  7016 CW 2014-05-17 1807 EA7RM         599 J      EA1MI         599 SG      
QSO:  7016 CW 2014-05-17 1808 EA7RM         599 J      EA5RU         599 CS      
QSO:  7016 CW 2014-05-17 1809 EA7RM         599 J      EA2DK         599 SS      
QSO:  7016 CW 2014-05-17 1809 EA7RM         599 J      EA3CE         599 B       
QSO:  7016 CW 2014-05-17 1809 EA7RM         599 J      SP2LNW        599 001     
QSO:  7016 CW 2014-05-17 1810 EA7RM         599 J      LZ8E          599 228     
QSO:  7016 CW 2014-05-17 1811 EA7RM         599 J      IV3SKB        599 32      
QSO:  7016 CW 2014-05-17 1811 EA7RM         599 J      9A1AA         599 49      
QSO:  7016 CW 2014-05-17 1813 EA7RM         599 J      SP4GL         599 41      
QSO:  7016 CW 2014-05-17 1813 EA7RM         599 J      EA3FAR        599 T       
QSO:  7016 CW 2014-05-17 1814 EA7RM         599 J      EA5CP         599 MU      
QSO: 21026 CW 2014-05-17 1818 EA7RM         599 J      EF0JC         599 SMR        
QSO:  7014 CW 2014-05-17 1820 EA7RM         599 J      EA4ESP        599 CC      
QSO:  7014 CW 2014-05-17 1821 EA7RM         599 J      EA4AYD        599 AV      
QSO:  7014 CW 2014-05-17 1822 EA7RM         599 J      EF5Y          599 A       
QSO:  7014 CW 2014-05-17 1822 EA7RM         599 J      EA2DT         599 NA      
QSO:  7014 CW 2014-05-17 1824 EA7RM         599 J      EA7KZ         599 J       
QSO:  7014 CW 2014-05-17 1824 EA7RM         599 J      UA6LFQ        599 210     
QSO:  7014 CW 2014-05-17 1825 EA7RM         599 J      G2HDR         599 36      
QSO:  7014 CW 2014-05-17 1827 EA7RM         599 J      EA7ISH        599 H       
QSO:  7014 CW 2014-05-17 1827 EA7RM         599 J      ON3ND         599 96      
QSO:  7014 CW 2014-05-17 1828 EA7RM         599 J      EF8U          599 GC      
QSO:  7014 CW 2014-05-17 1828 EA7RM         599 J      HA6NW         599 147     
QSO:  7014 CW 2014-05-17 1829 EA7RM         599 J      EA7BY         599 SE      
QSO:  7014 CW 2014-05-17 1830 EA7RM         599 J      HA1TI         599 72      
QSO:  7014 CW 2014-05-17 1830 EA7RM         599 J      EA3BEA        599 B       
QSO:  7014 CW 2014-05-17 1831 EA7RM         599 J      EA7FRX        599 CO      
QSO:  7014 CW 2014-05-17 1831 EA7RM         599 J      EA5UF         599 V       
QSO:  7014 CW 2014-05-17 1832 EA7RM         599 J      EB5CS         599 CS      
QSO:  7014 CW 2014-05-17 1832 EA7RM         599 J      OM5WW         599 165     
QSO:  7014 CW 2014-05-17 1833 EA7RM         599 J      YU1FG         599 1       
QSO:  7014 CW 2014-05-17 1833 EA7RM         599 J      EA3CZR        599 L       
QSO:  7014 CW 2014-05-17 1833 EA7RM         599 J      EA5WU         599 CS      
QSO:  7014 CW 2014-05-17 1834 EA7RM         599 J      EI3KI         599 214     
QSO:  7014 CW 2014-05-17 1834 EA7RM         599 J      EA5ZL         599 CS      
QSO:  7014 CW 2014-05-17 1835 EA7RM         599 J      EA7ADI        599 SE      
QSO:  7014 CW 2014-05-17 1835 EA7RM         599 J      EA4OA         599 CU      
QSO:  7014 CW 2014-05-17 1835 EA7RM         599 J      EA4ENP        599 M       
QSO:  7014 CW 2014-05-17 1836 EA7RM         599 J      YO5OBA        599 44      
QSO:  7014 CW 2014-05-17 1836 EA7RM         599 J      EA7OL         599 GR      
QSO:  7014 CW 2014-05-17 1837 EA7RM         599 J      4Z5TK         599 64      
QSO:  7014 CW 2014-05-17 1838 EA7RM         599 J      EA5FGJ        599 A       
QSO:  7014 CW 2014-05-17 1841 EA7RM         599 J      ON5JD         599 4       
QSO:  7014 CW 2014-05-17 1841 EA7RM         599 J      EA1WX         599 O       
QSO:  7014 CW 2014-05-17 1842 EA7RM         599 J      OR3A          599 41      
QSO:  7014 CW 2014-05-17 1847 EA7RM         599 J      OM4O          599 79      
QSO:  7014 CW 2014-05-17 1848 EA7RM         599 J      DK8NT         599 175     
QSO:  7014 CW 2014-05-17 1849 EA7RM         599 J      EA8AA         599 TF      
QSO:  7014 CW 2014-05-17 1849 EA7RM         599 J      9A1CRT        599 79      
QSO:  7014 CW 2014-05-17 1850 EA7RM         599 J      PA9WOR        599 35      
QSO:  7014 CW 2014-05-17 1850 EA7RM         599 J      EA5ASM        599 A       
QSO:  7014 CW 2014-05-17 1852 EA7RM         599 J      RL4A          599 72      
QSO:  7014 CW 2014-05-17 1853 EA7RM         599 J      EA5OT         599 V       
QSO:  7014 CW 2014-05-17 1853 EA7RM         599 J      EA5KY         599 V       
QSO:  7014 CW 2014-05-17 1854 EA7RM         599 J      EA5GX         599 CS      
QSO:  7014 CW 2014-05-17 1854 EA7RM         599 J      DG7EE         599 60      
QSO:  7014 CW 2014-05-17 1855 EA7RM         599 J      YQ6A          599 124     
QSO:  7014 CW 2014-05-17 1856 EA7RM         599 J      DL5ARM        599 58      
QSO:  7014 CW 2014-05-17 1859 EA7RM         599 J      OR4K          599 019     
QSO:  7014 CW 2014-05-17 1900 EA7RM         599 J      EA5TT         599 V       
QSO:  7014 CW 2014-05-17 1901 EA7RM         599 J      EI8JX         599 56      
QSO:  7024 CW 2014-05-17 1906 EA7RM         599 J      EF0JC         599 SMR        
QSO:  7027 CW 2014-05-17 1911 EA7RM         599 J      OH6NIO        599 173     
QSO:  7027 CW 2014-05-17 1912 EA7RM         599 J      EA4OA         599 CU      
QSO:  7027 CW 2014-05-17 1912 EA7RM         599 J      EA2NA         599 NA      
QSO:  7027 CW 2014-05-17 1913 EA7RM         599 J      RY6Y          599 337     
QSO:  7027 CW 2014-05-17 1913 EA7RM         599 J      IK8UND        599 137     
QSO:  7027 CW 2014-05-17 1914 EA7RM         599 J      EA4IP         599 M       
QSO:  7027 CW 2014-05-17 1915 EA7RM         599 J      G3MPB         599 41      
QSO:  7027 CW 2014-05-17 1916 EA7RM         599 J      DL7USW/P      599 14      
QSO:  7027 CW 2014-05-17 1916 EA7RM         599 J      PC6F          599 32      
QSO:  7016 CW 2014-05-17 1917 EA7RM         599 J      EA4URE        599 M       
QSO:  7019 CW 2014-05-17 1918 EA7RM         599 J      EA1FAQ        599 VA      
QSO:  7021 CW 2014-05-17 1919 EA7RM         599 J      EC7ABV        599 CA      
QSO:  7024 CW 2014-05-17 1923 EA7RM         599 J      OZ7EA         599 106     
QSO:  7024 CW 2014-05-17 1924 EA7RM         599 J      EA3GBA        599 B       
QSO:  7024 CW 2014-05-17 1924 EA7RM         599 J      OM4J          599 77      
QSO:  7024 CW 2014-05-17 1926 EA7RM         599 J      RF9C          599 94      
QSO:  7024 CW 2014-05-17 1927 EA7RM         599 J      EA5LA         599 V       
QSO:  7024 CW 2014-05-17 1929 EA7RM         599 J      EA4FLY        599 M       
QSO:  7024 CW 2014-05-17 1930 EA7RM         599 J      RA3Y          599 122     
QSO:  7024 CW 2014-05-17 1931 EA7RM         599 J      9A6A          599 150     
QSO:  7024 CW 2014-05-17 1932 EA7RM         599 J      EA5GIE        599 V       
QSO:  7024 CW 2014-05-17 1934 EA7RM         599 J      PA3GQF        599 26      
QSO:  7024 CW 2014-05-17 1935 EA7RM         599 J      YT6W          599 45      
QSO:  7024 CW 2014-05-17 1936 EA7RM         599 J      UT5UDX        599 184     
QSO:  7024 CW 2014-05-17 1938 EA7RM         599 J      PA3FMC        599 31      
QSO:  7024 CW 2014-05-17 1938 EA7RM         599 J      EF1A          599 C       
QSO:  7024 CW 2014-05-17 1939 EA7RM         599 J      IZ3SQW        599 71      
QSO:  7024 CW 2014-05-17 1939 EA7RM         599 J      ON7AMI        599 3       
QSO:  7024 CW 2014-05-17 1940 EA7RM         599 J      GW0BBO        599 61      
QSO:  7024 CW 2014-05-17 1941 EA7RM         599 J      EA7OF         599 J       
QSO:  7024 CW 2014-05-17 1942 EA7RM         599 J      EA7CHO        599 J       
QSO:  7024 CW 2014-05-17 1944 EA7RM         599 J      RW3VM         599 25      
QSO:  7024 CW 2014-05-17 1944 EA7RM         599 J      OM150JM       599 62      
QSO:  7024 CW 2014-05-17 1945 EA7RM         599 J      DK2CX         599 116     
QSO:  7020 CW 2014-05-17 2005 EA7RM         599 J      EA5DD         599 A       
QSO:  7018 CW 2014-05-17 2006 EA7RM         599 J      SM5ALJ        599 59      
QSO:  7018 CW 2014-05-17 2007 EA7RM         599 J      DL5QS         599 65      
QSO:  7018 CW 2014-05-17 2007 EA7RM         599 J      SP2MKI        599 44      
QSO:  7018 CW 2014-05-17 2008 EA7RM         599 J      SE4E          599 51      
QSO:  7018 CW 2014-05-17 2008 EA7RM         599 J      EA5FJD        599 MU      
QSO:  7018 CW 2014-05-17 2008 EA7RM         599 J      ED1R          599 AV      
QSO:  7018 CW 2014-05-17 2009 EA7RM         599 J      S56A          599 135     
QSO:  7018 CW 2014-05-17 2009 EA7RM         599 J      M0BKB         599 48      
QSO:  7018 CW 2014-05-17 2009 EA7RM         599 J      EA5ERA        599 V       
QSO:  7018 CW 2014-05-17 2010 EA7RM         599 J      PA5WT         599 75      
QSO:  7018 CW 2014-05-17 2010 EA7RM         599 J      YL5X          599 41      
QSO:  7018 CW 2014-05-17 2011 EA7RM         599 J      YU5T          599 12      
QSO:  7018 CW 2014-05-17 2011 EA7RM         599 J      HA6NL         599 174     
QSO:  7018 CW 2014-05-17 2012 EA7RM         599 J      EA1YO         599 S       
QSO:  7018 CW 2014-05-17 2012 EA7RM         599 J      YO5OHY        599 137     
QSO:  7018 CW 2014-05-17 2012 EA7RM         599 J      G4AYU         599 14      
QSO:  7018 CW 2014-05-17 2013 EA7RM         599 J      SP9DLY        599 59      
QSO:  7018 CW 2014-05-17 2014 EA7RM         599 J      RN1CW         599 16      
QSO: 14023 CW 2014-05-17 2017 EA7RM         599 J      EF0JC         599 SMR        
QSO:  7018 CW 2014-05-17 2018 EA7RM         599 J      EC7AKV        599 SE      
QSO:  7018 CW 2014-05-17 2019 EA7RM         599 J      EU6AA         599 84      
QSO:  7018 CW 2014-05-17 2020 EA7RM         599 J      R9GM          599 141     
QSO:  7018 CW 2014-05-17 2021 EA7RM         599 J      R7FO          599 31      
QSO:  7018 CW 2014-05-17 2021 EA7RM         599 J      DL1DQW        599 144     
QSO:  7018 CW 2014-05-17 2022 EA7RM         599 J      ED7P          599 SE      
QSO:  7018 CW 2014-05-17 2022 EA7RM         599 J      EA5ICS        599 A       
QSO:  7018 CW 2014-05-17 2023 EA7RM         599 J      LI2HFA        599 51      
QSO:  7018 CW 2014-05-17 2024 EA7RM         599 J      EA7HCB        599 SE      
QSO:  7018 CW 2014-05-17 2025 EA7RM         599 J      EA1AER        599 LE      
QSO:  7018 CW 2014-05-17 2025 EA7RM         599 J      EA1ND         599 PO      
QSO:  7018 CW 2014-05-17 2025 EA7RM         599 J      PA0CT         599 89      
QSO:  7018 CW 2014-05-17 2026 EA7RM         599 J      DL6JF         599 44      
QSO:  7018 CW 2014-05-17 2027 EA7RM         599 J      EC4TA         599 M       
QSO:  7018 CW 2014-05-17 2027 EA7RM         599 J      EA8AA         599 TF      
QSO:  7018 CW 2014-05-17 2029 EA7RM         599 J      EA4IV         599 M       
QSO:  7018 CW 2014-05-17 2030 EA7RM         599 J      PA0QX         599 31      
QSO:  7018 CW 2014-05-17 2031 EA7RM         599 J      DL/SP3CW      599 23      
QSO:  7018 CW 2014-05-17 2035 EA7RM         599 J      EA2GC         599 NA      
QSO:  7021 CW 2014-05-17 2037 EA7RM         599 J      EA4XT         599 CU      
QSO:  7030 CW 2014-05-17 2038 EA7RM         599 J      EA1VT         599 C       
QSO:  7018 CW 2014-05-17 2040 EA7RM         599 J      EA6ZS         599 IB      
QSO:  7018 CW 2014-05-17 2041 EA7RM         599 J      HA4FY         599 16      
QSO:  7018 CW 2014-05-17 2041 EA7RM         599 J      DL1YCF        599 3       
QSO:  7018 CW 2014-05-17 2042 EA7RM         599 J      SE5Y          599 81      
QSO:  7018 CW 2014-05-17 2042 EA7RM         599 J      EA2CW         599 BI      
QSO:  7018 CW 2014-05-17 2044 EA7RM         599 J      EA1BYA        599 SG      
QSO:  7018 CW 2014-05-17 2044 EA7RM         599 J      HG6V          599 296     
QSO:  7018 CW 2014-05-17 2045 EA7RM         599 J      YO4DW         599 67      
QSO:  7018 CW 2014-05-17 2045 EA7RM         599 J      S57DX         599 42      
QSO:  7018 CW 2014-05-17 2046 EA7RM         599 J      ON6LS         599 55      
QSO:  7018 CW 2014-05-17 2046 EA7RM         599 J      DJ2MM         599 48      
QSO:  7018 CW 2014-05-17 2046 EA7RM         599 J      R7MT          599 39      
QSO:  7018 CW 2014-05-17 2047 EA7RM         599 J      EA5GFX        599 A       
QSO:  7018 CW 2014-05-17 2048 EA7RM         599 J      DL7ALM        599 10      
QSO:  7018 CW 2014-05-17 2049 EA7RM         599 J      UA1ZZ         599 172     
QSO:  7018 CW 2014-05-17 2050 EA7RM         599 J      E73SD         599 68      
QSO:  7018 CW 2014-05-17 2052 EA7RM         599 J      EA1JK         599 S       
QSO:  7018 CW 2014-05-17 2052 EA7RM         599 J      9A1AA         599 116     
QSO:  7018 CW 2014-05-17 2053 EA7RM         599 J      EC5AGM        599 A       
QSO:  7018 CW 2014-05-17 2054 EA7RM         599 J      EA2DPA        599 BI      
QSO:  7018 CW 2014-05-17 2055 EA7RM         599 J      S50R          599 28      
QSO:  7018 CW 2014-05-17 2055 EA7RM         599 J      DJ3CS         599 46      
QSO:  7018 CW 2014-05-17 2056 EA7RM         599 J      EB2AM         599 BI      
QSO:  7018 CW 2014-05-17 2057 EA7RM         599 J      EA1WH         599 S       
QSO:  7018 CW 2014-05-17 2057 EA7RM         599 J      LZ1FJ         599 33      
QSO:  7018 CW 2014-05-17 2058 EA7RM         599 J      SM5S          599 11      
QSO:  7021 CW 2014-05-17 2109 EA7RM         599 J      YO6HSU        599 065     
QSO:  7021 CW 2014-05-17 2111 EA7RM         599 J      PY1MT         599 56      
QSO:  7021 CW 2014-05-17 2112 EA7RM         599 J      S52AU         599 6       
QSO:  7021 CW 2014-05-17 2113 EA7RM         599 J      OK6K          599 85      
QSO:  7021 CW 2014-05-17 2113 EA7RM         599 J      YU7KW         599 34      
QSO:  7021 CW 2014-05-17 2113 EA7RM         599 J      OK2PVX        599 12      
QSO:  7021 CW 2014-05-17 2114 EA7RM         599 J      LA2MOA        599 174     
QSO:  7021 CW 2014-05-17 2114 EA7RM         599 J      EA7CHO        599 J       
QSO:  7021 CW 2014-05-17 2115 EA7RM         599 J      IV3IQY        599 6       
QSO:  7021 CW 2014-05-17 2117 EA7RM         599 J      DL4EA         599 38      
QSO:  7021 CW 2014-05-17 2119 EA7RM         599 J      EF8A          599 TF      
QSO:  7021 CW 2014-05-17 2119 EA7RM         599 J      PA3CVI        599 96      
QSO:  7021 CW 2014-05-17 2120 EA7RM         599 J      OT7G          599 25      
QSO:  7021 CW 2014-05-17 2122 EA7RM         599 J      DJ8EW         599 18      
QSO:  7021 CW 2014-05-17 2122 EA7RM         599 J      HB9CTU        599 19      
QSO:  7021 CW 2014-05-17 2123 EA7RM         599 J      OK1KZ         599 79      
QSO:  7014 CW 2014-05-17 2139 EA7RM         599 J      OL1M          599 163     
QSO:  7017 CW 2014-05-17 2140 EA7RM         599 J      EA7EER        599 J       
QSO:  7017 CW 2014-05-17 2142 EA7RM         599 J      EA8AA         599 TF      
QSO:  7017 CW 2014-05-17 2146 EA7RM         599 J      SP9MZH        599 57      
QSO:  7017 CW 2014-05-17 2148 EA7RM         599 J      EA4UV         599 M       
QSO:  7017 CW 2014-05-17 2149 EA7RM         599 J      EA7GZT        599 J       
QSO:  7017 CW 2014-05-17 2150 EA7RM         599 J      EA7EZB        599 J       
QSO:  7017 CW 2014-05-17 2151 EA7RM         599 J      EA1AST        599 O       
QSO:  7017 CW 2014-05-17 2151 EA7RM         599 J      EA7ENO        599 J       
QSO:  7017 CW 2014-05-17 2151 EA7RM         599 J      EA6AZ         599 IB      
QSO:  7017 CW 2014-05-17 2153 EA7RM         599 J      DL2AXM        599 38      
QSO:  7017 CW 2014-05-17 2154 EA7RM         599 J      EA7JQA        599 J       
QSO:  7017 CW 2014-05-17 2154 EA7RM         599 J      EA5GDW        599 A       
QSO:  7017 CW 2014-05-17 2155 EA7RM         599 J      DL3HAE        599 43      
QSO:  7017 CW 2014-05-17 2155 EA7RM         599 J      G3WPH         599 32      
QSO:  7017 CW 2014-05-17 2157 EA7RM         599 J      EA7AZA        599 CA      
QSO:  7017 CW 2014-05-17 2157 EA7RM         599 J      OK2PDN        599 55      
QSO:  7017 CW 2014-05-17 2158 EA7RM         599 J      SP9DUX        599 63      
QSO:  7017 CW 2014-05-17 2158 EA7RM         599 J      G3XOV         599 30      
QSO:  7017 CW 2014-05-17 2159 EA7RM         599 J      DL1EAL        599 110     
QSO:  7017 CW 2014-05-17 2201 EA7RM         599 J      LZ2NG         599 73      
QSO:  7017 CW 2014-05-17 2205 EA7RM         599 J      K3TN          599 269     
QSO:  7017 CW 2014-05-17 2206 EA7RM         599 J      E74X          599 49      
QSO:  7017 CW 2014-05-17 2207 EA7RM         599 J      LZ2PS         599 290     
QSO:  7017 CW 2014-05-17 2207 EA7RM         599 J      EA1AF         599 P       
QSO:  7017 CW 2014-05-17 2208 EA7RM         599 J      F5VBT         599 39      
QSO:  7017 CW 2014-05-17 2210 EA7RM         599 J      EA7OR         599 CO      
QSO:  7017 CW 2014-05-17 2211 EA7RM         599 J      E73SD         599 94      
QSO:  7017 CW 2014-05-17 2212 EA7RM         599 J      MI0GRG        599 20      
QSO:  7017 CW 2014-05-17 2213 EA7RM         599 J      EI5IX         599 1       
QSO:  7017 CW 2014-05-17 2215 EA7RM         599 J      OM7JG         599 100     
QSO:  7017 CW 2014-05-17 2215 EA7RM         599 J      UA1ZZ         599 207     
QSO:  7017 CW 2014-05-17 2216 EA7RM         599 J      EA5AIO        599 V       
QSO:  7025 CW 2014-05-17 2234 EA7RM         599 J      ED4T          599 TO      
QSO:  7026 CW 2014-05-17 2235 EA7RM         599 J      HA3HO         599 4       
QSO:  7026 CW 2014-05-17 2236 EA7RM         599 J      AA3B          599 409     
QSO:  7026 CW 2014-05-17 2237 EA7RM         599 J      DL5JS         599 9       
QSO:  7026 CW 2014-05-17 2244 EA7RM         599 J      PA3BWK        599 75      
QSO:  7026 CW 2014-05-17 2245 EA7RM         599 J      OK1CT         599 76      
QSO:  7026 CW 2014-05-17 2245 EA7RM         599 J      EA5DFV        599 A       
QSO:  7026 CW 2014-05-17 2246 EA7RM         599 J      SP3BES        599 79      
QSO:  7026 CW 2014-05-17 2250 EA7RM         599 J      YO4SI         599 002     
QSO:  7026 CW 2014-05-17 2251 EA7RM         599 J      NB1N          599 47      
QSO:  7026 CW 2014-05-17 2254 EA7RM         599 J      CO7EH         599 31      
QSO:  7026 CW 2014-05-17 2255 EA7RM         599 J      RK4HYT        599 79      
QSO:  7026 CW 2014-05-17 2256 EA7RM         599 J      G3UFY         599 41      
QSO:  7026 CW 2014-05-17 2257 EA7RM         599 J      NK3Y          599 56      
QSO:  7026 CW 2014-05-17 2258 EA7RM         599 J      F5VLY         599 155     
QSO:  7026 CW 2014-05-17 2300 EA7RM         599 J      HA3HO         599 051     
QSO:  7026 CW 2014-05-17 2301 EA7RM         599 J      EA7SL         599 CA      
QSO:  7026 CW 2014-05-17 2303 EA7RM         599 J      KN4Y          599 21      
QSO:  7026 CW 2014-05-17 2303 EA7RM         599 J      EF5B          599 V       
QSO:  7026 CW 2014-05-17 2306 EA7RM         599 J      PB7B          599 3       
QSO:  7026 CW 2014-05-17 2306 EA7RM         599 J      PC2D          599 36      
QSO:  7026 CW 2014-05-17 2308 EA7RM         599 J      SP2BLK        599 32      
QSO:  7012 CW 2014-05-18 0513 EA7RM         599 J      9A5V          599 114     
QSO:  7012 CW 2014-05-18 0514 EA7RM         599 J      W6NLK         599 004     
QSO:  7012 CW 2014-05-18 0515 EA7RM         599 J      WA7XX         599 1       
QSO:  7012 CW 2014-05-18 0515 EA7RM         599 J      N6NC          599 16      
QSO:  7012 CW 2014-05-18 0517 EA7RM         599 J      N8UM          599 188     
QSO:  7012 CW 2014-05-18 0519 EA7RM         599 J      K5SBR         599 002     
QSO:  7012 CW 2014-05-18 0519 EA7RM         599 J      K4BAI         599 251     
QSO:  7012 CW 2014-05-18 0520 EA7RM         599 J      VE3KP         599 31      
QSO:  7012 CW 2014-05-18 0522 EA7RM         599 J      WA7BNG        599 2       
QSO:  7024 CW 2014-05-18 0532 EA7RM         599 J      EC7AMY        599 SE      
QSO:  7023 CW 2014-05-18 0532 EA7RM         599 J      EA7AYF        599 MA      
QSO:  7012 CW 2014-05-18 0535 EA7RM         599 J      PA3DBS        599 60      
QSO:  7012 CW 2014-05-18 0537 EA7RM         599 J      AB2SO         599 30      
QSO:  7012 CW 2014-05-18 0537 EA7RM         599 J      EA4BL         599 BA      
QSO:  7012 CW 2014-05-18 0540 EA7RM         599 J      ZL1BVB        599 4       
QSO:  7019 CW 2014-05-18 0545 EA7RM         599 J      EA1FA         599 O       
QSO:  7018 CW 2014-05-18 0606 EA7RM         599 J      EA5HEW        599 A       
QSO:  7018 CW 2014-05-18 0610 EA7RM         599 J      S57KV         599 2       
QSO:  7001 CW 2014-05-18 0612 EA7RM         599 J      EA4ZK         599 M       
QSO:  7024 CW 2014-05-18 0613 EA7RM         599 J      EA7CJN        599 J       
QSO:  7022 CW 2014-05-18 0614 EA7RM         599 J      EA1MX         599 S       
QSO:  7021 CW 2014-05-18 0618 EA7RM         599 J      PA0WLB        599 73      
QSO:  7021 CW 2014-05-18 0620 EA7RM         599 J      IZ8JFL/1      599 78      
QSO:  7021 CW 2014-05-18 0625 EA7RM         599 J      EA4CUN        599 TO      
QSO:  7021 CW 2014-05-18 0625 EA7RM         599 J      PI4DX         599 163     
QSO:  7021 CW 2014-05-18 0629 EA7RM         599 J      DF9EY         599 27      
QSO:  7021 CW 2014-05-18 0630 EA7RM         599 J      EA2AGV        599 BI      
QSO:  7021 CW 2014-05-18 0631 EA7RM         599 J      K8MP          599 141     
QSO:  7021 CW 2014-05-18 0635 EA7RM         599 J      DF6FQ         599 1       
QSO:  7021 CW 2014-05-18 0637 EA7RM         599 J      EA7TS         599 GR      
QSO:  7021 CW 2014-05-18 0638 EA7RM         599 J      EA5OT         599 V       
QSO:  7021 CW 2014-05-18 0646 EA7RM         599 J      DL2OM         599 124     
QSO:  7021 CW 2014-05-18 0650 EA7RM         599 J      PA3ANN        599 39      
END-OF-LOG:
