START-OF-LOG: 3.0
CATEGORY: Single operator, SSB, low power
CONTEST: XMAS
SPECIFIC: V14
LOCATION: DX
CALLSIGN: DO1TDS
CLUB: V14
CLAIMED-SCORE: 336
OPERATORS: DO1TDS
ADDRESS-CITY: Schwerin
ADDRESS-STATE-PROVINCE: MV
ADDRESS-POSTALCODE: 19055
ADDRESS-COUNTRY: FED.REP OF Germany
GRID-LOCATOR: JO53QP
CREATED-BY: N1MM Logger+ 1.0.10560.0, modified by DXHF upload.
QSO:    3613 PH 2024-12-26 0835 DO1TDS        59  V14  DO1JKO        59  H24
QSO:    3644 PH 2024-12-26 0838 DO1TDS        59  V14  DL5OAZ        59  H37
QSO:    3644 PH 2024-12-26 0840 DO1TDS        59  V14  DL1SWT        59  V19
QSO:    3644 PH 2024-12-26 0846 DO1TDS        59  V14  DK5DQ         59  O32
QSO:    3644 PH 2024-12-26 0921 DO1TDS        59  V14  DL1FAC        59  M02
QSO:    3644 PH 2024-12-26 0930 DO1TDS        59  V14  DK4VW         59  M15
QSO:    3644 PH 2024-12-26 0930 DO1TDS        59  V14  DM5F          59  Y26
QSO:    3644 PH 2024-12-26 0940 DO1TDS        59  V14  DO8HK         59  I17
QSO:    3644 PH 2024-12-26 0940 DO1TDS        59  V14  DL5WW         59  V22
QSO:    3644 PH 2024-12-26 0948 DO1TDS        59  V14  DJ9FC         59  M02
QSO:    3644 PH 2024-12-26 0949 DO1TDS        59  V14  DG8HJ         59  DVE
QSO:    3644 PH 2024-12-26 0950 DO1TDS        59  V14  DL6CWM        59  W37
QSO:    3644 PH 2024-12-26 1010 DO1TDS        59  V14  DH2SH         59  E29
QSO:    3644 PH 2024-12-26 1011 DO1TDS        59  V14  DL1ABR        59  H05
END-OF-LOG:
