START-OF-LOG: 3.0
CREATED-BY: HMRA public YU DX downloader
CONTEST: YU-DX-CONTEST
CALLSIGN: F6AUS
OPERATORS: F6AUS
CATEGORY: B. (SO-AB-CW-LP <= 100 W) (Out of Serbia)
CATEGORY-OPERATOR: SINGLE-OP
CATEGORY-BAND: ALL
CATEGORY-MODE: CW
CATEGORY-POWER: LOW
SOAPBOX: Recreated from YU DX public QSO table for 2020.
SOAPBOX: Public Error Summary rows are ignored; QSO rows include adjudication status.
SOAPBOX: Source: https://yudx.yu1srs.org.rs/results?year=2020
SOAPBOX: Published final score: 18864.
QSO:  7000 CW 2020-04-18 0740 F6AUS         599 1          YT4T          599 BGD       
QSO:  7000 CW 2020-04-18 0742 F6AUS         599 2          YU1BFG        599 BRA       
QSO:  7000 CW 2020-04-18 0743 F6AUS         599 3          YU1A          599 BGD       
QSO:  7000 CW 2020-04-18 0746 F6AUS         599 4          4O4T          599 41        
QSO:  7000 CW 2020-04-18 0748 F6AUS         599 5          OL9R          599 2         
QSO:  7000 CW 2020-04-18 0749 F6AUS         599 6          S57DX         599 37        
QSO:  7000 CW 2020-04-18 0750 F6AUS         599 7          YT5FD         599 KOL       
QSO:  7000 CW 2020-04-18 0751 F6AUS         599 8          AM1WARD       599 1         
QSO:  7000 CW 2020-04-18 0753 F6AUS         599 9          AM6WARD       599 1         
QSO:  7000 CW 2020-04-18 0753 F6AUS         599 10         AM2WARD       599 1         
QSO:  7000 CW 2020-04-18 0754 F6AUS         599 11         TM95WARD      599 1         
QSO:  7000 CW 2020-04-18 0755 F6AUS         599 12         SP2R          599 34        
QSO:  7000 CW 2020-04-18 0755 F6AUS         599 13         YT3H          599 ZBB       
QSO:  7000 CW 2020-04-18 0756 F6AUS         599 14         UA5C          599 52        
QSO:  7000 CW 2020-04-18 0757 F6AUS         599 15         SP1AEN        599 45        
QSO:  7000 CW 2020-04-18 0758 F6AUS         599 16         E77W          599 65        
QSO:  7000 CW 2020-04-18 0800 F6AUS         599 17         DL1CW         599 37        
QSO:  7000 CW 2020-04-18 0801 F6AUS         599 18         EU8U          599 91        
QSO:  7000 CW 2020-04-18 0803 F6AUS         599 19         YU1DW         599 BRA       
QSO:  7000 CW 2020-04-18 0804 F6AUS         599 20         IK7MIY        599 57        
QSO:  7000 CW 2020-04-18 0805 F6AUS         599 21         ES7GM         599 501       
QSO:  7000 CW 2020-04-18 0807 F6AUS         599 22         IK0GDG        599 55        
QSO:  7000 CW 2020-04-18 0807 F6AUS         599 23         OM8AA         599 53        
QSO:  7000 CW 2020-04-18 0808 F6AUS         599 24         DL6IAK        599 136       
QSO:  7000 CW 2020-04-18 0809 F6AUS         599 25         DJ0YI         599 47        
QSO:  7000 CW 2020-04-18 0810 F6AUS         599 26         DF7BA         599 44        
QSO:  7000 CW 2020-04-18 0811 F6AUS         599 27         DL9FBF        599 16        
QSO:  7000 CW 2020-04-18 0812 F6AUS         599 28         DL0MFL        599 48        
QSO:  7000 CW 2020-04-18 0813 F6AUS         599 29         DL6KVA        599 32        
QSO:  7000 CW 2020-04-18 0813 F6AUS         599 30         YU7KW         599 JBN       
QSO:  7000 CW 2020-04-18 0816 F6AUS         599 31         Z39A          599 24        
QSO: 14000 CW 2020-04-18 0819 F6AUS         599 32         UA3R          599 62        
QSO: 14000 CW 2020-04-18 0820 F6AUS         599 33         YT4T          599 BGD       
QSO: 14000 CW 2020-04-18 0821 F6AUS         599 34         YT5FD         599 KOL       
QSO: 14000 CW 2020-04-18 0822 F6AUS         599 35         YU1ED         599 BGD       
QSO: 14000 CW 2020-04-18 0831 F6AUS         599 36         YU0W          599 BGD       
QSO: 14000 CW 2020-04-18 0832 F6AUS         599 37         YT1Z          599 ZAJ       
QSO: 14000 CW 2020-04-18 0832 F6AUS         599 38         YT1Q          599 SUM       
QSO: 14000 CW 2020-04-18 0836 F6AUS         599 39         RZ9L          599 83        
QSO: 14000 CW 2020-04-18 0836 F6AUS         599 40         RC9J          599 111       
QSO: 14000 CW 2020-04-18 0837 F6AUS         599 41         R7AT          599 117       
QSO: 14000 CW 2020-04-18 0838 F6AUS         599 42         4X1EL         599 16        
QSO: 14000 CW 2020-04-18 0840 F6AUS         599 43         YT5M          599 MAC       
QSO: 14000 CW 2020-04-18 0842 F6AUS         599 44         YT5YTT        599 KOL       
QSO: 14000 CW 2020-04-18 0843 F6AUS         599 45         5B4AOW        599 1         
QSO: 14000 CW 2020-04-18 0846 F6AUS         599 46         RT5P          599 41        
QSO: 14000 CW 2020-04-18 0847 F6AUS         599 47         YU1A          599 BGD       
QSO: 14000 CW 2020-04-18 0849 F6AUS         599 48         R4BZ          599 64        
QSO: 14000 CW 2020-04-18 0853 F6AUS         599 49         YT2ISM        599 RAS       
QSO: 14000 CW 2020-04-18 0854 F6AUS         599 50         YT1T          599 MAC       
QSO: 14000 CW 2020-04-18 0856 F6AUS         599 51         R8WO          599 35        
QSO: 14000 CW 2020-04-18 0857 F6AUS         599 52         HA8DU         599 98        
QSO: 14000 CW 2020-04-18 0858 F6AUS         599 53         RK3TT         599 70        
QSO: 14000 CW 2020-04-18 0859 F6AUS         599 54         OH9STAYHOME   599 1         
QSO: 14000 CW 2020-04-18 0901 F6AUS         599 55         OH7STAYHOME   599 1         
QSO: 14000 CW 2020-04-18 0903 F6AUS         599 56         AM8WARD       599 1         
QSO: 14000 CW 2020-04-18 0904 F6AUS         599 57         UA3RBR        599 117       
QSO: 14000 CW 2020-04-18 0904 F6AUS         599 58         R0AA          599 130       
QSO: 14000 CW 2020-04-18 0907 F6AUS         599 59         YU1DW         599 BRA       
QSO: 14000 CW 2020-04-18 0907 F6AUS         599 60         YT5RA         599 BGD       
QSO: 14000 CW 2020-04-18 0909 F6AUS         599 61         P3AA          599 1         
QSO: 14000 CW 2020-04-18 0909 F6AUS         599 62         UA3AB         599 1         
QSO: 14000 CW 2020-04-18 0910 F6AUS         599 63         9A5W          599 1         
QSO: 14000 CW 2020-04-18 0911 F6AUS         599 64         UR7GO         599 1         
QSO: 21000 CW 2020-04-18 0913 F6AUS         599 65         4X1VF         599 1         
QSO: 21000 CW 2020-04-18 0914 F6AUS         599 66         4Z5LA         599 1         
QSO: 21000 CW 2020-04-18 0918 F6AUS         599 67         4X1GA         599 1         
QSO: 21000 CW 2020-04-18 0919 F6AUS         599 68         4Z5ML         599 1         
QSO: 14000 CW 2020-04-18 0928 F6AUS         599 69         JA6GCE        599 1         
QSO: 14000 CW 2020-04-18 0929 F6AUS         599 70         UT5NR         599 87        
QSO: 14000 CW 2020-04-18 0930 F6AUS         599 71         LY9A          599 13        
QSO: 14000 CW 2020-04-18 1358 F6AUS         599 72         A92GE         599 1         
QSO: 14000 CW 2020-04-18 1400 F6AUS         599 73         UN7LZ         599 1         
QSO:  7000 CW 2020-04-18 1401 F6AUS         599 74         OK1OA         599 57        
QSO:  7000 CW 2020-04-18 1548 F6AUS         599 75         UP4L          599 113       
QSO:  7000 CW 2020-04-18 1549 F6AUS         599 76         UF5A          599 125       
QSO:  7000 CW 2020-04-18 1728 F6AUS         599 77         YU1AAA        599 BGD       
QSO:  7000 CW 2020-04-18 1728 F6AUS         599 78         YT5M          599 MAC       
QSO:  7000 CW 2020-04-18 1839 F6AUS         599 79         YU5T          599 JAB       
QSO:  3500 CW 2020-04-18 1841 F6AUS         599 80         YU7KW         599 JBN       
QSO:  3500 CW 2020-04-18 1843 F6AUS         599 81         YU1YV         599 RAS       
QSO:  3500 CW 2020-04-18 1844 F6AUS         599 82         YU3A          599 ZBB       
QSO:  3500 CW 2020-04-18 1846 F6AUS         599 83         RA9P          599 19        
END-OF-LOG:
