START-OF-LOG: 3.0
CREATED-BY: HMRA public OK1WC downloader
CONTEST: OK1WC-MEMORIAL
CALLSIGN: DK5DQ
OPERATORS: DK5DQ
CATEGORY: SO-40M-CW-LOW
CATEGORY-OPERATOR: SINGLE-OP
CATEGORY-BAND: 40M
CATEGORY-MODE: CW
CATEGORY-POWER: LOW
SOAPBOX: Recreated from OK1WC Memorial reference table MWC240805.
SOAPBOX: Source publication level: 4.
SOAPBOX: Source: https://memorial-ok1wc.cz/index.php?page=eval3/a_eval3&kolo=623&rocnik=16&tyden=32&jobdate=240805&pub_level=4
QSO:  7000 CW 2024-08-05 1630 DK5DQ         599 1          DA3T          599 1         
QSO:  7000 CW 2024-08-05 1631 DK5DQ         599 2          DM5I          599 2         
QSO:  7000 CW 2024-08-05 1632 DK5DQ         599 3          HA6NL         599 7         
QSO:  7000 CW 2024-08-05 1632 DK5DQ         599 4          DA2K          599 5         
QSO:  7000 CW 2024-08-05 1633 DK5DQ         599 5          OK5D          599 8         
QSO:  7000 CW 2024-08-05 1633 DK5DQ         599 6          S52W          599 8         
QSO:  7000 CW 2024-08-05 1633 DK5DQ         599 7          PA3AAV        599 14        
QSO:  7000 CW 2024-08-05 1634 DK5DQ         599 8          PA3ARM        599 5         
QSO:  7000 CW 2024-08-05 1634 DK5DQ         599 9          DF7YE         599 13        
QSO:  7000 CW 2024-08-05 1634 DK5DQ         599 10         OK1RZ         599 15        
QSO:  7000 CW 2024-08-05 1635 DK5DQ         599 11         SO7NA         599 5         
QSO:  7000 CW 2024-08-05 1636 DK5DQ         599 12         OK1AMX        599 12        
QSO:  7000 CW 2024-08-05 1636 DK5DQ         599 13         OK1TN         599 14        
QSO:  7000 CW 2024-08-05 1637 DK5DQ         599 14         DJ9KH         599 16        
QSO:  7000 CW 2024-08-05 1638 DK5DQ         599 15         DL7YS         599 20        
QSO:  7000 CW 2024-08-05 1638 DK5DQ         599 16         OK1RR         599 18        
QSO:  7000 CW 2024-08-05 1639 DK5DQ         599 17         OK1IBP        599 14        
QSO:  7000 CW 2024-08-05 1639 DK5DQ         599 18         DA0BCC        599 24        
QSO:  7000 CW 2024-08-05 1639 DK5DQ         599 19         SN5N          599 18        
QSO:  7000 CW 2024-08-05 1640 DK5DQ         599 20         SM5ACQ        599 11        
QSO:  7000 CW 2024-08-05 1641 DK5DQ         599 21         SD6M          599 12        
QSO:  7000 CW 2024-08-05 1642 DK5DQ         599 22         OK4Y          599 23        
QSO:  7000 CW 2024-08-05 1643 DK5DQ         599 23         SP2QG         599 31        
QSO:  7000 CW 2024-08-05 1644 DK5DQ         599 24         SD1A          599 19        
QSO:  7000 CW 2024-08-05 1644 DK5DQ         599 25         SD6F          599 24        
QSO:  7000 CW 2024-08-05 1645 DK5DQ         599 26         SM6TOL        599 18        
QSO:  7000 CW 2024-08-05 1645 DK5DQ         599 27         S58MU         599 19        
QSO:  7000 CW 2024-08-05 1646 DK5DQ         599 28         SM5IMO        599 32        
QSO:  7000 CW 2024-08-05 1701 DK5DQ         599 29         S51J          599 61        
QSO:  7000 CW 2024-08-05 1702 DK5DQ         599 30         LZ5DI         599 47        
QSO:  7000 CW 2024-08-05 1702 DK5DQ         599 31         OK2IW         599 22        
QSO:  7000 CW 2024-08-05 1703 DK5DQ         599 32         SE5T          599 43        
QSO:  7000 CW 2024-08-05 1704 DK5DQ         599 33         SC6O          599 47        
QSO:  7000 CW 2024-08-05 1704 DK5DQ         599 34         OK1DSZ        599 70        
QSO:  7000 CW 2024-08-05 1705 DK5DQ         599 35         DF8V          599 38        
QSO:  7000 CW 2024-08-05 1706 DK5DQ         599 36         DF4ZL         599 53        
QSO:  7000 CW 2024-08-05 1706 DK5DQ         599 37         DR2C          599 82        
QSO:  7000 CW 2024-08-05 1706 DK5DQ         599 38         DM1T          599 73        
QSO:  7000 CW 2024-08-05 1707 DK5DQ         599 39         OK1DOL        599 79        
QSO:  7000 CW 2024-08-05 1707 DK5DQ         599 40         G4LJU         599 19        
QSO:  7000 CW 2024-08-05 1708 DK5DQ         599 41         OK1USP        599 58        
QSO:  7000 CW 2024-08-05 1708 DK5DQ         599 42         SE4E          599 58        
QSO:  7000 CW 2024-08-05 1709 DK5DQ         599 43         SP3VT         599 70        
QSO:  7000 CW 2024-08-05 1710 DK5DQ         599 44         HB9BXE        599 74        
QSO:  7000 CW 2024-08-05 1711 DK5DQ         599 45         DM7W          599 68        
QSO:  7000 CW 2024-08-05 1711 DK5DQ         599 46         OL8R          599 108       
QSO:  7000 CW 2024-08-05 1712 DK5DQ         599 47         DF1LON/P      599 28        
QSO:  7000 CW 2024-08-05 1712 DK5DQ         599 48         OK1NG         599 61        
QSO:  7000 CW 2024-08-05 1713 DK5DQ         599 49         PD5BS         599 2         
QSO:  7000 CW 2024-08-05 1713 DK5DQ         599 50         HA1AS         599 42        
QSO:  7000 CW 2024-08-05 1714 DK5DQ         599 51         HA5BA         599 58        
QSO:  7000 CW 2024-08-05 1714 DK5DQ         599 52         OK1TD         599 63        
QSO:  7000 CW 2024-08-05 1716 DK5DQ         599 53         DH0GHU        599 37        
QSO:  7000 CW 2024-08-05 1717 DK5DQ         599 54         OK1NU         599 45        
QSO:  7000 CW 2024-08-05 1717 DK5DQ         599 55         OM5CM         599 78        
QSO:  7000 CW 2024-08-05 1718 DK5DQ         599 56         HA5OV         599 74        
QSO:  7000 CW 2024-08-05 1719 DK5DQ         599 57         PC0A          599 97        
QSO:  7000 CW 2024-08-05 1719 DK5DQ         599 58         SM5CSS        599 62        
QSO:  7000 CW 2024-08-05 1721 DK5DQ         599 59         DL2NBY        599 77        
QSO:  7000 CW 2024-08-05 1721 DK5DQ         599 60         DL5YM         599 94        
QSO:  7000 CW 2024-08-05 1721 DK5DQ         599 61         OK2EA         599 84        
QSO:  7000 CW 2024-08-05 1722 DK5DQ         599 62         OK5TFC        599 73        
QSO:  7000 CW 2024-08-05 1723 DK5DQ         599 63         OK1FGD        599 84        
QSO:  7000 CW 2024-08-05 1723 DK5DQ         599 64         OK1FHI        599 87        
QSO:  7000 CW 2024-08-05 1723 DK5DQ         599 65         OK2NO         599 90        
QSO:  7000 CW 2024-08-05 1724 DK5DQ         599 66         Z35M          599 49        
QSO:  7000 CW 2024-08-05 1725 DK5DQ         599 67         OM5JA         599 74        
QSO:  7000 CW 2024-08-05 1725 DK5DQ         599 68         DK5TA         599 47        
QSO:  7000 CW 2024-08-05 1726 DK5DQ         599 69         DJ4WT         599 73        
QSO:  7000 CW 2024-08-05 1726 DK5DQ         599 70         DL4YR         599 45        
QSO:  7000 CW 2024-08-05 1727 DK5DQ         599 71         OK2PYA        599 60        
QSO:  7000 CW 2024-08-05 1727 DK5DQ         599 72         OK4RQ         599 84        
QSO:  7000 CW 2024-08-05 1727 DK5DQ         599 73         OK2VX         599 69        
QSO:  7000 CW 2024-08-05 1728 DK5DQ         599 74         DL1NKS        599 57        
END-OF-LOG:
