START-OF-LOG: 3.0
CREATED-BY: HMRA public OK1WC downloader
CONTEST: OK1WC-MEMORIAL
CALLSIGN: OK1RZ
OPERATORS: OK1RZ
CATEGORY: SO-40M-CW-LOW
CATEGORY-OPERATOR: SINGLE-OP
CATEGORY-BAND: 40M
CATEGORY-MODE: CW
CATEGORY-POWER: LOW
SOAPBOX: Recreated from OK1WC Memorial reference table MWC240805.
SOAPBOX: Source publication level: 4.
SOAPBOX: Source: https://memorial-ok1wc.cz/index.php?page=eval3/a_eval3&kolo=623&rocnik=16&tyden=32&jobdate=240805&pub_level=4
QSO:  7000 CW 2024-08-05 1630 OK1RZ         599 1          SP3VT         599 1         
QSO:  7000 CW 2024-08-05 1630 OK1RZ         599 2          DM8T          599 2         
QSO:  7000 CW 2024-08-05 1630 OK1RZ         599 3          DR6T          599 1         
QSO:  7000 CW 2024-08-05 1631 OK1RZ         599 4          OK1USP        599 3         
QSO:  7000 CW 2024-08-05 1631 OK1RZ         599 5          OK5M          599 3         
QSO:  7000 CW 2024-08-05 1631 OK1RZ         599 6          OK1NG         599 2         
QSO:  7000 CW 2024-08-05 1631 OK1RZ         599 7          SP2ILQ        599 1         
QSO:  7000 CW 2024-08-05 1632 OK1RZ         599 8          SM5CSS        599 3         
QSO:  7000 CW 2024-08-05 1632 OK1RZ         599 9          DF7IH         599 3         
QSO:  7000 CW 2024-08-05 1633 OK1RZ         599 10         S51J          599 5         
QSO:  7000 CW 2024-08-05 1633 OK1RZ         599 11         OK1DSZ        599 6         
QSO:  7000 CW 2024-08-05 1634 OK1RZ         599 12         SP8BXL        599 5         
QSO:  7000 CW 2024-08-05 1634 OK1RZ         599 13         OM5JA         599 4         
QSO:  7000 CW 2024-08-05 1634 OK1RZ         599 14         SN7Q          599 12        
QSO:  7000 CW 2024-08-05 1634 OK1RZ         599 15         DK5DQ         599 10        
QSO:  7000 CW 2024-08-05 1635 OK1RZ         599 16         SE4E          599 9         
QSO:  7000 CW 2024-08-05 1635 OK1RZ         599 17         DJ9MH         599 7         
QSO:  7000 CW 2024-08-05 1636 OK1RZ         599 18         DK3GI         599 10        
QSO:  7000 CW 2024-08-05 1636 OK1RZ         599 19         OK1TRJ        599 8         
QSO:  7000 CW 2024-08-05 1636 OK1RZ         599 20         DF4ZL         599 13        
QSO:  7000 CW 2024-08-05 1637 OK1RZ         599 21         PA4HBS        599 4         
QSO:  7000 CW 2024-08-05 1638 OK1RZ         599 22         RX3QNE        599 8         
QSO:  7000 CW 2024-08-05 1639 OK1RZ         599 23         OL8R          599 31        
QSO:  7000 CW 2024-08-05 1639 OK1RZ         599 24         OM5CM         599 2         
QSO:  7000 CW 2024-08-05 1640 OK1RZ         599 25         PC4H          599 6         
QSO:  7000 CW 2024-08-05 1640 OK1RZ         599 26         PC0A          599 20        
QSO:  7000 CW 2024-08-05 1641 OK1RZ         599 27         HA5BA         599 18        
QSO:  7000 CW 2024-08-05 1642 OK1RZ         599 28         UZ1P          599 14        
QSO:  7000 CW 2024-08-05 1642 OK1RZ         599 29         SE5T          599 18        
QSO:  7000 CW 2024-08-05 1643 OK1RZ         599 30         DM1T          599 32        
QSO:  7000 CW 2024-08-05 1643 OK1RZ         599 31         DL7YS         599 29        
QSO:  7000 CW 2024-08-05 1644 OK1RZ         599 32         HA6NL         599 38        
QSO:  7000 CW 2024-08-05 1645 OK1RZ         599 33         OK1RKS        599 18        
QSO:  7000 CW 2024-08-05 1645 OK1RZ         599 34         DL2NBY        599 26        
QSO:  7000 CW 2024-08-05 1646 OK1RZ         599 35         DF7YE         599 58        
QSO:  7000 CW 2024-08-05 1647 OK1RZ         599 36         SP2QG         599 41        
QSO:  7000 CW 2024-08-05 1647 OK1RZ         599 37         OK1DOL        599 44        
QSO:  7000 CW 2024-08-05 1647 OK1RZ         599 38         LZ5DI         599 22        
QSO:  7000 CW 2024-08-05 1648 OK1RZ         599 39         PA3AAV        599 50        
QSO:  7000 CW 2024-08-05 1649 OK1RZ         599 40         OK1FMX        599 26        
QSO:  7000 CW 2024-08-05 1649 OK1RZ         599 41         OM4DU         599 23        
QSO:  7000 CW 2024-08-05 1649 OK1RZ         599 42         OK7U          599 20        
QSO:  7000 CW 2024-08-05 1650 OK1RZ         599 43         OK1TN         599 37        
QSO:  7000 CW 2024-08-05 1650 OK1RZ         599 44         OM2KI         599 49        
QSO:  7000 CW 2024-08-05 1650 OK1RZ         599 45         OK5SA         599 25        
QSO:  7000 CW 2024-08-05 1651 OK1RZ         599 46         OK1AMX        599 31        
QSO:  7000 CW 2024-08-05 1651 OK1RZ         599 47         HA1AS         599 24        
QSO:  7000 CW 2024-08-05 1651 OK1RZ         599 48         DA3T          599 31        
QSO:  7000 CW 2024-08-05 1651 OK1RZ         599 49         DM7W          599 36        
QSO:  7000 CW 2024-08-05 1652 OK1RZ         599 50         SM5IMO        599 38        
QSO:  7000 CW 2024-08-05 1652 OK1RZ         599 51         OZ7BQ         599 24        
QSO:  7000 CW 2024-08-05 1652 OK1RZ         599 52         OK1TD         599 37        
QSO:  7000 CW 2024-08-05 1653 OK1RZ         599 53         SN2S          599 33        
QSO:  7000 CW 2024-08-05 1654 OK1RZ         599 54         OK2PYA        599 24        
QSO:  7000 CW 2024-08-05 1654 OK1RZ         599 55         OK1ITK        599 17        
QSO:  7000 CW 2024-08-05 1654 OK1RZ         599 56         OK5D          599 59        
QSO:  7000 CW 2024-08-05 1655 OK1RZ         599 57         OK1HEH        599 29        
QSO:  7000 CW 2024-08-05 1655 OK1RZ         599 58         SP2XX         599 45        
QSO:  7000 CW 2024-08-05 1655 OK1RZ         599 59         OM3ZU         599 31        
QSO:  7000 CW 2024-08-05 1657 OK1RZ         599 60         DL5YM         599 56        
QSO:  7000 CW 2024-08-05 1657 OK1RZ         599 61         OK2BFN        599 63        
QSO:  7000 CW 2024-08-05 1657 OK1RZ         599 62         OK1FGD        599 50        
QSO:  7000 CW 2024-08-05 1658 OK1RZ         599 63         SN5N          599 55        
QSO:  7000 CW 2024-08-05 1658 OK1RZ         599 64         OH1SIC        599 25        
QSO:  7000 CW 2024-08-05 1659 OK1RZ         599 65         SV1DAY        599 22        
QSO:  7000 CW 2024-08-05 1701 OK1RZ         599 66         DJ9KH         599 64        
QSO:  7000 CW 2024-08-05 1701 OK1RZ         599 67         OK2NO         599 56        
QSO:  7000 CW 2024-08-05 1702 OK1RZ         599 68         S52W          599 72        
QSO:  7000 CW 2024-08-05 1703 OK1RZ         599 69         OK1OA         599 57        
QSO:  7000 CW 2024-08-05 1703 OK1RZ         599 70         D1M           599 9         
QSO:  7000 CW 2024-08-05 1703 OK1RZ         599 71         DL1DQW        599 31        
QSO:  7000 CW 2024-08-05 1704 OK1RZ         599 72         SP4TKR        599 74        
QSO:  7000 CW 2024-08-05 1705 OK1RZ         599 73         DL8TG         599 9         
QSO:  7000 CW 2024-08-05 1707 OK1RZ         599 74         OH4BCS        599 19        
QSO:  7000 CW 2024-08-05 1707 OK1RZ         599 75         OK1DZD        599 10        
QSO:  7000 CW 2024-08-05 1708 OK1RZ         599 76         OK5TFC        599 59        
QSO:  7000 CW 2024-08-05 1710 OK1RZ         599 77         OK4RQ         599 66        
QSO:  7000 CW 2024-08-05 1711 OK1RZ         599 78         OK2IW         599 37        
QSO:  7000 CW 2024-08-05 1711 OK1RZ         599 79         G4LJU         599 22        
QSO:  7000 CW 2024-08-05 1712 OK1RZ         599 80         OK1DAR        599 18        
QSO:  7000 CW 2024-08-05 1712 OK1RZ         599 81         DM5I          599 99        
QSO:  7000 CW 2024-08-05 1713 OK1RZ         599 82         OK1IBP        599 76        
QSO:  7000 CW 2024-08-05 1713 OK1RZ         599 83         OK2NAJ        599 81        
QSO:  7000 CW 2024-08-05 1713 OK1RZ         599 84         Z35M          599 35        
QSO:  7000 CW 2024-08-05 1714 OK1RZ         599 85         IK5TBK        599 17        
QSO:  7000 CW 2024-08-05 1715 OK1RZ         599 86         OK4Y          599 69        
QSO:  7000 CW 2024-08-05 1715 OK1RZ         599 87         DR2C          599 100       
QSO:  7000 CW 2024-08-05 1716 OK1RZ         599 88         DJ1PQ         599 24        
QSO:  7000 CW 2024-08-05 1716 OK1RZ         599 89         DF1LON/P      599 33        
QSO:  7000 CW 2024-08-05 1718 OK1RZ         599 90         SP2ILQ        599 20        
QSO:  7000 CW 2024-08-05 1719 OK1RZ         599 91         DK5TA         599 38        
QSO:  7000 CW 2024-08-05 1719 OK1RZ         599 92         OK1FHI        599 82        
QSO:  7000 CW 2024-08-05 1720 OK1RZ         599 93         SM5DXR        599 44        
QSO:  7000 CW 2024-08-05 1720 OK1RZ         599 94         DJ9SN         599 59        
QSO:  7000 CW 2024-08-05 1720 OK1RZ         599 95         HB9BXE        599 92        
QSO:  7000 CW 2024-08-05 1721 OK1RZ         599 96         OK1NU         599 49        
QSO:  7000 CW 2024-08-05 1722 OK1RZ         599 97         YL3FW         599 35        
QSO:  7000 CW 2024-08-05 1723 OK1RZ         599 98         SQ8LUU        599 30        
QSO:  7000 CW 2024-08-05 1723 OK1RZ         599 99         DA2K          599 70        
QSO:  7000 CW 2024-08-05 1724 OK1RZ         599 100        OK2EA         599 87        
QSO:  7000 CW 2024-08-05 1725 OK1RZ         599 101        OK1TLB        599 8         
QSO:  7000 CW 2024-08-05 1726 OK1RZ         599 102        HA5OV         599 85        
QSO:  7000 CW 2024-08-05 1726 OK1RZ         599 103        S58MU         599 72        
QSO:  7000 CW 2024-08-05 1727 OK1RZ         599 104        DA0BCC        599 107       
QSO:  7000 CW 2024-08-05 1729 OK1RZ         599 105        SM6TOL        599 74        
QSO:  7000 CW 2024-08-05 1729 OK1RZ         599 106        PA3ARM        599 78        
END-OF-LOG:
