START-OF-LOG: 3.0
CREATED-BY: reconstructed-log-builder
CONTEST: ZRS septembrsko UKV tekmovanje - Official results - VHFManager
CALLSIGN: OK1KQH
LOCATION: 
CATEGORY: CHECKLOG
CATEGORY-OPERATOR: SINGLE-OP
CATEGORY-BAND: ALL
CATEGORY-MODE: MIXED
CATEGORY-POWER: UNKNOWN
CATEGORY-ASSISTED: NON-ASSISTED
CATEGORY-TRANSMITTER: ONE
CATEGORY-STATION: UNKNOWN
CATEGORY-OVERLAY: 
OPERATORS: OK1KQH
CLAIMED-SCORE: 
CLUB: 
NAME: 
SOAPBOX: RECONSTRUCTED MOCKUP LOG - NOT AN OFFICIAL SUBMISSION.
SOAPBOX: Derived from submitted logs for ZRS septembrsko UKV tekmovanje - Official results - VHFManager EU_VHF_CONTESTS/ZRS_September_2014/144MHz.
QSO: 144300 PH 2014-09-06 1406 OK1KQH        59 5 JN79GO S50C          59 15 JN76JG
QSO: 144100 CW 2014-09-06 2020 OK1KQH        599 187 JN79GO S53O          599 103 JN86AT
QSO: 144100 CW 2014-09-06 2033 OK1KQH        599 193 JN79GO S58RU         599 70 JN65WM
QSO: 144100 CW 2014-09-06 2038 OK1KQH        599 195 JN79GO S50J          599 58 JN65VO
QSO: 144100 CW 2014-09-06 2106 OK1KQH        599 207 JN79GO S59ABL        599 95 JN65WP
QSO: 144100 CW 2014-09-06 2117 OK1KQH        599 210 JN79GO S57M          599 214 JN76PO
QSO: 144100 CW 2014-09-06 2120 OK1KQH        599 211 JN79GO S52IT         599 85 JN66WB
QSO: 144100 CW 2014-09-06 2137 OK1KQH        599 216 JN79GO S57Q          599 306 JN76PB
QSO: 144100 CW 2014-09-06 2221 OK1KQH        599 226 JN79GO S51ZO         599 343 JN86DR
QSO: 144100 CW 2014-09-06 2303 OK1KQH        599 240 JN79GO S59ABC        599 266 JN76TO
QSO: 144100 CW 2014-09-07 0319 OK1KQH        599 283 JN79GO S59P          599 384 JN86AO
QSO: 144300 PH 2014-09-07 0351 OK1KQH        59 209 JN79GO S57O          59 369 JN86DT
QSO: 144300 PH 2014-09-07 0356 OK1KQH        59 292 JN79GO S59DEM        59 510 JN75DS
QSO: 144100 CW 2014-09-07 0449 OK1KQH        599 312 JN79GO S50G          599 251 JN76JC
END-OF-LOG:
