START-OF-LOG: 3.0
CONTEST: CQ-WW-RTTY
CALLSIGN: KW6AA
LOCATION: SDG
CATEGORY-OPERATOR: SINGLE-OP
CATEGORY-ASSISTED: ASSISTED
CATEGORY-BAND: ALL
CATEGORY-POWER: LOW
CATEGORY-MODE: RTTY
CATEGORY-TRANSMITTER: ONE
CATEGORY-STATION: FIXED
CATEGORY-OVERLAY:
GRID-LOCATOR: DM12LT
CLAIMED-SCORE: 270
NAME: IHOR
OPERATORS: KW6AA
CLUB: SOUTHERN CALIFORNIA CONTEST CLUB
CREATED-BY: N1MM Logger+ 1.0.10619.0
QSO:   21143 RY 2025-09-28 1719 KW6AA            599 03  CA   VA3FF            599 04  ON   
QSO:   28097 RY 2025-09-28 1724 KW6AA            599 03  CA   AC0C             599 04  SD   
QSO:   21096 RY 2025-09-28 1732 KW6AA            599 03  CA   N7BT             599 05  MD   
QSO:   21126 RY 2025-09-28 1901 KW6AA            599 03  CA   VA7KO            599 03  BC   
QSO:   21078 RY 2025-09-28 2002 KW6AA            599 03  CA   KS0AA            599 04  KS   
QSO:   21090 RY 2025-09-28 2003 KW6AA            599 03  CA   KH6ZM            599 31  DX   
QSO:   21125 RY 2025-09-28 2007 KW6AA            599 03  CA   K1LZ             599 05  ME   
QSO:   21117 RY 2025-09-28 2355 KW6AA            599 03  CA   VE6WQ            599 04  AB   
QSO:   21000 RY 2025-09-28 2358 KW6AA            599 03  CA   XE2X             599 06  DX   
END-OF-LOG:
