START-OF-LOG: 3.0
CONTEST: CQ-WW-RTTY
CALLSIGN: OK1PI
LOCATION: DX
CATEGORY-OPERATOR: SINGLE-OP
CATEGORY-ASSISTED: ASSISTED
CATEGORY-BAND: ALL
CATEGORY-POWER: HIGH
CATEGORY-MODE: RTTY
CATEGORY-TRANSMITTER: ONE
CATEGORY-STATION: FIXED
CATEGORY-OVERLAY:
GRID-LOCATOR: JN79VV
CLAIMED-SCORE: 34560
NAME: Ivan Pazdersky
OPERATORS: OK1PI
CREATED-BY: N1MM Logger+ 1.0.10936.0
QSO:    3581 RY 2025-09-27 0443 OK1PI            599 15  DX   VE3DZ            599 04  ON   
QSO:    3584 RY 2025-09-27 0444 OK1PI            599 15  DX   CN3A             599 33  DX   
QSO:    3581 RY 2025-09-27 0446 OK1PI            599 15  DX   VE2CQ            599 05  QC   
QSO:    3578 RY 2025-09-27 0447 OK1PI            599 15  DX   W3GH             599 05  PA   
QSO:    3580 RY 2025-09-27 0448 OK1PI            599 15  DX   K1LZ             599 05  ME   
QSO:    3589 RY 2025-09-27 0449 OK1PI            599 15  DX   P49X             599 09  DX   
QSO:    3579 RY 2025-09-27 0450 OK1PI            599 15  DX   K1SFA            599 05  MA   
QSO:    3583 RY 2025-09-27 0456 OK1PI            599 15  DX   AA3B             599 05  PA   
QSO:    3586 RY 2025-09-27 0457 OK1PI            599 15  DX   K4EA             599 05  GA   
QSO:    3595 RY 2025-09-27 0458 OK1PI            599 15  DX   NJ4P             599 04  TN   
QSO:    3596 RY 2025-09-27 0502 OK1PI            599 15  DX   K9CT             599 04  IL   
QSO:    3594 RY 2025-09-27 0504 OK1PI            599 15  DX   AC0C             599 04  KS   
QSO:    3596 RY 2025-09-27 0506 OK1PI            599 15  DX   IO6T             599 15  DX   
QSO:    3596 RY 2025-09-27 0507 OK1PI            599 15  DX   OV9R             599 14  DX   
QSO:    3596 RY 2025-09-27 0507 OK1PI            599 15  DX   LA5LJA           599 14  DX   
QSO:    3596 RY 2025-09-27 0508 OK1PI            599 15  DX   IQ2ZY            599 15  DX   
QSO:    3596 RY 2025-09-27 0509 OK1PI            599 15  DX   G4OZG            599 14  DX   
QSO:    3600 RY 2025-09-27 0510 OK1PI            599 15  DX   N6AR             599 05  FL   
QSO:    3596 RY 2025-09-27 0511 OK1PI            599 15  DX   OE2E             599 15  DX   
QSO:    3596 RY 2025-09-27 0512 OK1PI            599 15  DX   S53X             599 15  DX   
QSO:    3596 RY 2025-09-27 0513 OK1PI            599 15  DX   DO1AYJ           599 14  DX   
QSO:    3596 RY 2025-09-27 0514 OK1PI            599 15  DX   IN3OWY           599 15  DX   
QSO:    3596 RY 2025-09-27 0516 OK1PI            599 15  DX   G0BLB            599 14  DX   
QSO:    3596 RY 2025-09-27 0517 OK1PI            599 15  DX   HB9TOC           599 14  DX   
QSO:    3596 RY 2025-09-27 0517 OK1PI            599 15  DX   IW3ICN           599 15  DX   
QSO:    3596 RY 2025-09-27 0517 OK1PI            599 15  DX   DG1YBN           599 14  DX   
QSO:   21079 RY 2025-09-27 1649 OK1PI            599 15  DX   WP3C             599 08  DX   
QSO:   21080 RY 2025-09-27 1651 OK1PI            599 15  DX   PY2QT            599 11  DX   
QSO:   21082 RY 2025-09-27 1652 OK1PI            599 15  DX   WA0O             599 04  MO   
QSO:   28114 RY 2025-09-28 0525 OK1PI            599 15  DX   V6D              599 27  DX   
QSO:   28086 RY 2025-09-28 0550 OK1PI            599 15  DX   JA6WFM           599 25  DX   
QSO:   28087 RY 2025-09-28 0550 OK1PI            599 15  DX   BG0DLA           599 24  DX   
QSO:   28095 RY 2025-09-28 0551 OK1PI            599 15  DX   UN4PG            599 17  DX   
QSO:   28107 RY 2025-09-28 0552 OK1PI            599 15  DX   JA8KSF           599 25  DX   
QSO:   28109 RY 2025-09-28 0556 OK1PI            599 15  DX   JA6VZB           599 25  DX   
QSO:   28109 RY 2025-09-28 0557 OK1PI            599 15  DX   JH5FTY           599 25  DX   
QSO:   28109 RY 2025-09-28 0558 OK1PI            599 15  DX   JE5HTN           599 25  DX   
QSO:   28109 RY 2025-09-28 0558 OK1PI            599 15  DX   JA3VLD           599 25  DX   
QSO:   14118 RY 2025-09-28 1229 OK1PI            599 15  DX   V6D              599 27  DX   
QSO:   14080 RY 2025-09-28 1252 OK1PI            599 15  DX   ZL3IO            599 32  DX   
QSO:   21086 RY 2025-09-28 1255 OK1PI            599 15  DX   VE3MZD           599 04  ON   
QSO:   21087 RY 2025-09-28 1256 OK1PI            599 15  DX   YB8RW            599 28  DX   
QSO:   21096 RY 2025-09-28 1258 OK1PI            599 15  DX   YB8SB            599 28  DX   
QSO:   21106 RY 2025-09-28 1259 OK1PI            599 15  DX   YB0NSI           599 28  DX   
QSO:   21117 RY 2025-09-28 1300 OK1PI            599 15  DX   AH2O             599 05  DX   
QSO:   21083 RY 2025-09-28 1302 OK1PI            599 15  DX   PV2K             599 11  DX   
QSO:   21094 RY 2025-09-28 1304 OK1PI            599 15  DX   VA3WW            599 04  ON   
QSO:   21100 RY 2025-09-28 1305 OK1PI            599 15  DX   XE1YL            599 06  DX   
QSO:   21105 RY 2025-09-28 1306 OK1PI            599 15  DX   P49X             599 09  DX   
QSO:   21104 RY 2025-09-28 1307 OK1PI            599 15  DX   N4CW             599 05  NC   
QSO:   21109 RY 2025-09-28 1307 OK1PI            599 15  DX   KA3YJM           599 05  MD   
QSO:   21119 RY 2025-09-28 1309 OK1PI            599 15  DX   K1LZ             599 05  ME   
QSO:   21119 RY 2025-09-28 1309 OK1PI            599 15  DX   AE1P             599 05  NH   
QSO:   21109 RY 2025-09-28 1310 OK1PI            599 15  DX   VE2CQ            599 05  QC   
QSO:   21110 RY 2025-09-28 1311 OK1PI            599 15  DX   K0HB             599 04  MN   
QSO:   21111 RY 2025-09-28 1312 OK1PI            599 15  DX   KS0AA            599 04  KS   
QSO:   21115 RY 2025-09-28 1313 OK1PI            599 15  DX   KI1G             599 05  RI   
QSO:   21116 RY 2025-09-28 1314 OK1PI            599 15  DX   VE1RM            599 05  NS   
QSO:   21121 RY 2025-09-28 1314 OK1PI            599 15  DX   W0LSD            599 04  CO   
QSO:   21124 RY 2025-09-28 1315 OK1PI            599 15  DX   N6AR             599 05  FL   
QSO:   21136 RY 2025-09-28 1316 OK1PI            599 15  DX   W4TTY            599 05  VA   
QSO:   21144 RY 2025-09-28 1318 OK1PI            599 15  DX   VE3MGY           599 04  ON   
QSO:   21147 RY 2025-09-28 1318 OK1PI            599 15  DX   W4RM             599 05  NC   
QSO:   21144 RY 2025-09-28 1319 OK1PI            599 15  DX   VE3DZ            599 04  ON   
QSO:   21151 RY 2025-09-28 1320 OK1PI            599 15  DX   NW3L             599 05  MD   
QSO:   21154 RY 2025-09-28 1321 OK1PI            599 15  DX   WW3S             599 05  PA   
QSO:   21161 RY 2025-09-28 1321 OK1PI            599 15  DX   VA1XH            599 05  NS   
QSO:   21084 RY 2025-09-28 1516 OK1PI            599 15  DX   K7RAT            599 03  OR   
QSO:   21088 RY 2025-09-28 1517 OK1PI            599 15  DX   WS9M             599 05  NY   
QSO:   21091 RY 2025-09-28 1517 OK1PI            599 15  DX   K3ANI            599 05  MD   
QSO:   21092 RY 2025-09-28 1518 OK1PI            599 15  DX   N7US             599 04  IL   
QSO:   21090 RY 2025-09-28 1519 OK1PI            599 15  DX   K7BTW            599 03  WA   
QSO:   21102 RY 2025-09-28 1519 OK1PI            599 15  DX   K1SFA            599 05  MA   
QSO:   21103 RY 2025-09-28 1521 OK1PI            599 15  DX   VE6WQ            599 04  AB   
QSO:   21105 RY 2025-09-28 1522 OK1PI            599 15  DX   AA9L             599 04  WI   
QSO:   21097 RY 2025-09-28 1522 OK1PI            599 15  DX   N1SV             599 05  MA   
QSO:   14085 RY 2025-09-28 2310 OK1PI            599 15  DX   VE3MZD           599 04  ON   
QSO:   14089 RY 2025-09-28 2312 OK1PI            599 15  DX   W3GH             599 05  PA   
QSO:   14089 RY 2025-09-28 2312 OK1PI            599 15  DX   WS9M             599 05  NY   
QSO:   14084 RY 2025-09-28 2313 OK1PI            599 15  DX   KI1G             599 05  RI   
QSO:   14087 RY 2025-09-28 2313 OK1PI            599 15  DX   W2MKM            599 05  NJ   
QSO:   14087 RY 2025-09-28 2314 OK1PI            599 15  DX   K0IR             599 04  MN   
QSO:   14085 RY 2025-09-28 2315 OK1PI            599 15  DX   K3QIA            599 05  PA   
QSO:   14089 RY 2025-09-28 2316 OK1PI            599 15  DX   K4SBZ            599 05  FL   
QSO:   14094 RY 2025-09-28 2318 OK1PI            599 15  DX   K7BTW            599 03  WA   
QSO:   14090 RY 2025-09-28 2319 OK1PI            599 15  DX   W2GS             599 04  MS   
QSO:   14084 RY 2025-09-28 2319 OK1PI            599 15  DX   N4ZZ             599 04  TN   
QSO:   14086 RY 2025-09-28 2320 OK1PI            599 15  DX   LU1EHX           599 13  DX   
QSO:   14088 RY 2025-09-28 2323 OK1PI            599 15  DX   WD5DBV           599 04  LA   
QSO:   14094 RY 2025-09-28 2324 OK1PI            599 15  DX   W0ZA             599 04  NE   
QSO:   14095 RY 2025-09-28 2325 OK1PI            599 15  DX   K5EK             599 05  NC   
QSO:   14097 RY 2025-09-28 2326 OK1PI            599 15  DX   VE3BR            599 04  ON   
QSO:   14099 RY 2025-09-28 2327 OK1PI            599 15  DX   W6EU             599 03  CA   
QSO:   14095 RY 2025-09-28 2329 OK1PI            599 15  DX   K5TXM            599 04  TX   
QSO:   14105 RY 2025-09-28 2330 OK1PI            599 15  DX   W9YK             599 04  IL   
QSO:   14112 RY 2025-09-28 2335 OK1PI            599 15  DX   WQ5OO            599 04  LA   
QSO:   14107 RY 2025-09-28 2336 OK1PI            599 15  DX   NS4X             599 04  TN   
QSO:   14101 RY 2025-09-28 2338 OK1PI            599 15  DX   KV0I             599 04  NE   
QSO:   14097 RY 2025-09-28 2338 OK1PI            599 15  DX   N5KWN            599 04  TX   
QSO:   14104 RY 2025-09-28 2339 OK1PI            599 15  DX   N7IR             599 03  AZ   
QSO:   14102 RY 2025-09-28 2341 OK1PI            599 15  DX   AB0LR            599 04  CO   
QSO:   14099 RY 2025-09-28 2343 OK1PI            599 15  DX   KK4PJ            599 05  FL   
QSO:   14108 RY 2025-09-28 2345 OK1PI            599 15  DX   WO1N             599 05  MA   
QSO:   14109 RY 2025-09-28 2346 OK1PI            599 15  DX   V26OC            599 08  DX   
QSO:   14114 RY 2025-09-28 2347 OK1PI            599 15  DX   W0MB             599 04  MO   
QSO:   14117 RY 2025-09-28 2348 OK1PI            599 15  DX   W4UK             599 05  SC   
QSO:   14121 RY 2025-09-28 2349 OK1PI            599 15  DX   WE6EZ            599 04  TX   
QSO:   14116 RY 2025-09-28 2350 OK1PI            599 15  DX   K9CT             599 04  IL   
QSO:   14118 RY 2025-09-28 2353 OK1PI            599 15  DX   N5RZ             599 04  TX   
QSO:   14123 RY 2025-09-28 2354 OK1PI            599 15  DX   NW3L             599 05  MD   
QSO:   14126 RY 2025-09-28 2357 OK1PI            599 15  DX   K0OO             599 05  MD   
END-OF-LOG:
