START-OF-LOG: 3.0
CONTEST: CQ-WW-RTTY
CALLSIGN: SV1FWV
LOCATION: DX
CATEGORY-OPERATOR: SINGLE-OP
CATEGORY-ASSISTED: NON-ASSISTED
CATEGORY-BAND: 20M
CATEGORY-POWER: LOW
CATEGORY-MODE: RTTY
CATEGORY-TRANSMITTER: ONE
CATEGORY-STATION: FIXED
CATEGORY-OVERLAY: CLASSIC
GRID-LOCATOR: KM18VC
CLAIMED-SCORE: 11316
NAME: Takis Perrotis
CLUB: GTC
CREATED-BY: DXLog.net v2.6.20
QSO:   14104 RY 2025-09-27 0730 SV1FWV           599 20  DX   IB9Z             599 15  DX     0
QSO:   14104 RY 2025-09-27 0732 SV1FWV           599 20  DX   UX1CL            599 16  DX     0
QSO:   14104 RY 2025-09-27 0735 SV1FWV           599 20  DX   YU1NR            599 15  DX     0
QSO:   14104 RY 2025-09-27 0736 SV1FWV           599 20  DX   RA1M             599 16  DX     0
QSO:   14105 RY 2025-09-27 0747 SV1FWV           599 20  DX   R6MC             599 16  DX     0
QSO:   14105 RY 2025-09-27 0748 SV1FWV           599 20  DX   I1JTQ            599 15  DX     0
QSO:   14105 RY 2025-09-27 0749 SV1FWV           599 20  DX   SM6LPG           599 14  DX     0
QSO:   14105 RY 2025-09-27 0750 SV1FWV           599 20  DX   YO9BCM           599 20  DX     0
QSO:   14105 RY 2025-09-27 0752 SV1FWV           599 20  DX   OR3A             599 14  DX     0
QSO:   14105 RY 2025-09-27 0753 SV1FWV           599 20  DX   YT2U             599 15  DX     0
QSO:   14105 RY 2025-09-27 0753 SV1FWV           599 20  DX   IK8EQG           599 15  DX     0
QSO:   14105 RY 2025-09-27 0754 SV1FWV           599 20  DX   EE4Y             599 14  DX     0
QSO:   14105 RY 2025-09-27 0755 SV1FWV           599 20  DX   IW0HLZ           599 15  DX     0
QSO:   14105 RY 2025-09-27 0756 SV1FWV           599 20  DX   OL7K             599 15  DX     0
QSO:   14105 RY 2025-09-27 0757 SV1FWV           599 20  DX   DK2AT            599 14  DX     0
QSO:   14105 RY 2025-09-27 0758 SV1FWV           599 20  DX   IW8BCG           599 15  DX     0
QSO:   14105 RY 2025-09-27 0800 SV1FWV           599 20  DX   IN3VVK           599 15  DX     0
QSO:   14105 RY 2025-09-27 0801 SV1FWV           599 20  DX   N1RM             599 05  VA     0
QSO:   14105 RY 2025-09-27 0803 SV1FWV           599 20  DX   YO8RFS           599 20  DX     0
QSO:   14105 RY 2025-09-27 0805 SV1FWV           599 20  DX   UT2UB            599 16  DX     0
QSO:   14105 RY 2025-09-27 0809 SV1FWV           599 20  DX   HB9TZU           599 14  DX     0
QSO:   14105 RY 2025-09-27 0809 SV1FWV           599 20  DX   EF3T             599 14  DX     0
QSO:   14105 RY 2025-09-27 0810 SV1FWV           599 20  DX   YO6FLW           599 20  DX     0
QSO:   14105 RY 2025-09-27 0813 SV1FWV           599 20  DX   DG2BWG           599 14  DX     0
QSO:   14086 RY 2025-09-27 0826 SV1FWV           599 20  DX   EA3IPX           599 14  DX     0
QSO:   14093 RY 2025-09-27 0841 SV1FWV           599 20  DX   YT7E             599 15  DX     0
QSO:   14094 RY 2025-09-27 0843 SV1FWV           599 20  DX   ER3KAZ           599 16  DX     0
QSO:   14094 RY 2025-09-27 0844 SV1FWV           599 20  DX   IQ5PJ            599 15  DX     0
QSO:   14103 RY 2025-09-27 0848 SV1FWV           599 20  DX   IZ1ZHG           599 15  DX     0
QSO:   14104 RY 2025-09-27 0851 SV1FWV           599 20  DX   LZ1QV            599 20  DX     0
QSO:   14104 RY 2025-09-27 0851 SV1FWV           599 20  DX   R6DM             599 16  DX     0
QSO:   14104 RY 2025-09-27 0855 SV1FWV           599 20  DX   YO9BNP           599 20  DX     0
QSO:   14104 RY 2025-09-27 0856 SV1FWV           599 20  DX   I2XLF            599 15  DX     0
QSO:   14104 RY 2025-09-27 0858 SV1FWV           599 20  DX   OK6AB            599 15  DX     0
QSO:   14104 RY 2025-09-27 0859 SV1FWV           599 20  DX   PA7LV            599 14  DX     0
QSO:   14104 RY 2025-09-27 0900 SV1FWV           599 20  DX   RU4SS            599 16  DX     0
QSO:   14104 RY 2025-09-27 0903 SV1FWV           599 20  DX   F4GDI            599 14  DX     0
QSO:   14104 RY 2025-09-27 0904 SV1FWV           599 20  DX   DJ1OJ            599 14  DX     0
QSO:   14104 RY 2025-09-27 0905 SV1FWV           599 20  DX   UT8EU            599 16  DX     0
QSO:   14104 RY 2025-09-27 0906 SV1FWV           599 20  DX   HA1BC            599 15  DX     0
QSO:   14104 RY 2025-09-27 0908 SV1FWV           599 20  DX   OK2VIR           599 15  DX     0
QSO:   14104 RY 2025-09-27 0909 SV1FWV           599 20  DX   HA3HK            599 15  DX     0
QSO:   14106 RY 2025-09-27 0914 SV1FWV           599 20  DX   ER3UA            599 16  DX     0
QSO:   14108 RY 2025-09-27 0915 SV1FWV           599 20  DX   TM6P             599 14  DX     0
QSO:   14113 RY 2025-09-27 0916 SV1FWV           599 20  DX   HG5D             599 15  DX     0
QSO:   14115 RY 2025-09-27 0917 SV1FWV           599 20  DX   IK1RGK           599 15  DX     0
QSO:   14117 RY 2025-09-27 0921 SV1FWV           599 20  DX   VY2/WE5DX        599 05  PE     0
QSO:   14120 RY 2025-09-27 0923 SV1FWV           599 20  DX   NJ4P             599 04  TN     0
QSO:   14123 RY 2025-09-27 0924 SV1FWV           599 20  DX   K9CT             599 04  IL     0
QSO:   14124 RY 2025-09-27 0925 SV1FWV           599 20  DX   I4CC             599 15  DX     0
QSO:   14115 RY 2025-09-27 0928 SV1FWV           599 20  DX   IV3SKB           599 15  DX     0
QSO:   14114 RY 2025-09-27 0929 SV1FWV           599 20  DX   DF3IS            599 14  DX     0
QSO:   14114 RY 2025-09-27 0929 SV1FWV           599 20  DX   DL0FR            599 14  DX     0
QSO:   14114 RY 2025-09-27 0930 SV1FWV           599 20  DX   IK4HVR           599 15  DX     0
QSO:   14114 RY 2025-09-27 0931 SV1FWV           599 20  DX   OZ4VW            599 14  DX     0
QSO:   14109 RY 2025-09-27 0938 SV1FWV           599 20  DX   IV3JAK           599 15  DX     0
QSO:   14106 RY 2025-09-27 0944 SV1FWV           599 20  DX   IG9ITO           599 33  DX     0
QSO:   14104 RY 2025-09-27 0945 SV1FWV           599 20  DX   F4JTM            599 14  DX     0
QSO:   14102 RY 2025-09-27 0946 SV1FWV           599 20  DX   YT3X             599 15  DX     0
QSO:   14101 RY 2025-09-27 0947 SV1FWV           599 20  DX   9A1A             599 15  DX     0
QSO:   14098 RY 2025-09-27 0950 SV1FWV           599 20  DX   YT8A             599 15  DX     0
QSO:   14096 RY 2025-09-27 0952 SV1FWV           599 20  DX   PA2IP            599 14  DX     0
QSO:   14095 RY 2025-09-27 0953 SV1FWV           599 20  DX   IQ9UI            599 15  DX     0
QSO:   14094 RY 2025-09-27 0954 SV1FWV           599 20  DX   TM1X             599 14  DX     0
QSO:   14091 RY 2025-09-27 0955 SV1FWV           599 20  DX   IK6XEJ           599 15  DX     0
QSO:   14091 RY 2025-09-27 0956 SV1FWV           599 20  DX   K1LZ             599 05  ME     0
QSO:   14121 RY 2025-09-27 0959 SV1FWV           599 20  DX   S54L             599 15  DX     0
QSO:   14128 RY 2025-09-27 1001 SV1FWV           599 20  DX   DL3DRN           599 14  DX     0
QSO:   14099 RY 2025-09-27 1152 SV1FWV           599 20  DX   IT9NOV           599 15  DX     0
QSO:   14105 RY 2025-09-27 1158 SV1FWV           599 20  DX   S50W             599 15  DX     0
QSO:   14107 RY 2025-09-27 1158 SV1FWV           599 20  DX   UT5EPP           599 16  DX     0
QSO:   14111 RY 2025-09-27 1200 SV1FWV           599 20  DX   RA3GZ            599 16  DX     0
QSO:   14112 RY 2025-09-27 1201 SV1FWV           599 20  DX   DA2X             599 14  DX     0
QSO:   14115 RY 2025-09-27 1203 SV1FWV           599 20  DX   UR5SD            599 16  DX     0
QSO:   14115 RY 2025-09-27 1204 SV1FWV           599 20  DX   SP3PGX           599 15  DX     0
QSO:   14115 RY 2025-09-27 1204 SV1FWV           599 20  DX   OM8JP            599 15  DX     0
QSO:   14115 RY 2025-09-27 1205 SV1FWV           599 20  DX   OK2HFC           599 15  DX     0
QSO:   14117 RY 2025-09-27 1209 SV1FWV           599 20  DX   OZ4GM            599 14  DX     0
QSO:   14119 RY 2025-09-27 1211 SV1FWV           599 20  DX   3V8LL            599 33  DX     0
QSO:   14087 RY 2025-09-27 1214 SV1FWV           599 20  DX   IO0A             599 15  DX     0
QSO:   14088 RY 2025-09-27 1215 SV1FWV           599 20  DX   R4FED            599 16  DX     0
QSO:   14090 RY 2025-09-27 1216 SV1FWV           599 20  DX   RA3Y             599 16  DX     0
QSO:   14096 RY 2025-09-27 1220 SV1FWV           599 20  DX   RA9AU            599 17  DX     0
QSO:   14098 RY 2025-09-27 1226 SV1FWV           599 20  DX   OH3OJ            599 15  DX     0
QSO:   14099 RY 2025-09-27 1227 SV1FWV           599 20  DX   SP4TKR           599 15  DX     0
QSO:   14101 RY 2025-09-27 1229 SV1FWV           599 20  DX   SP6JZP           599 15  DX     0
QSO:   14101 RY 2025-09-27 1231 SV1FWV           599 20  DX   DL7AUO           599 14  DX     0
QSO:   14101 RY 2025-09-27 1232 SV1FWV           599 20  DX   OK2PGJ           599 15  DX     0
QSO:   14101 RY 2025-09-27 1234 SV1FWV           599 20  DX   DL1EHG           599 14  DX     0
QSO:   14105 RY 2025-09-27 1239 SV1FWV           599 20  DX   DP9A             599 14  DX     0
QSO:   14114 RY 2025-09-27 1246 SV1FWV           599 20  DX   IW2MXY           599 15  DX     0
QSO:   14114 RY 2025-09-27 1247 SV1FWV           599 20  DX   CR3W             599 33  DX     0
QSO:   14114 RY 2025-09-27 1249 SV1FWV           599 20  DX   IW1PNJ           599 15  DX     0
QSO:   14114 RY 2025-09-27 1250 SV1FWV           599 20  DX   SP8CGU           599 15  DX     0
QSO:   14114 RY 2025-09-27 1253 SV1FWV           599 20  DX   F1UVN            599 14  DX     0
QSO:   14114 RY 2025-09-27 1253 SV1FWV           599 20  DX   F4IRV            599 14  DX     0
QSO:   14114 RY 2025-09-27 1256 SV1FWV           599 20  DX   UA6BJY           599 16  DX     0
QSO:   14114 RY 2025-09-27 1257 SV1FWV           599 20  DX   I0KHY            599 15  DX     0
QSO:   14114 RY 2025-09-27 1258 SV1FWV           599 20  DX   TA2EHI           599 20  DX     0
QSO:   14114 RY 2025-09-27 1300 SV1FWV           599 20  DX   OD5ZF            599 20  DX     0
QSO:   14114 RY 2025-09-27 1303 SV1FWV           599 20  DX   IK2GZU           599 15  DX     0
QSO:   14100 RY 2025-09-27 1312 SV1FWV           599 20  DX   IZ2ZQP           599 15  DX     0
QSO:   14107 RY 2025-09-27 1315 SV1FWV           599 20  DX   UT7AXA           599 16  DX     0
QSO:   14108 RY 2025-09-27 1326 SV1FWV           599 20  DX   I2BZN            599 15  DX     0
QSO:   14108 RY 2025-09-27 1328 SV1FWV           599 20  DX   M2JPQ            599 14  DX     0
QSO:   14108 RY 2025-09-27 1328 SV1FWV           599 20  DX   IK4QJF           599 15  DX     0
QSO:   14104 RY 2025-09-27 1339 SV1FWV           599 20  DX   OH8WR            599 15  DX     0
QSO:   14094 RY 2025-09-27 1344 SV1FWV           599 20  DX   SO9I             599 15  DX     0
QSO:   14098 RY 2025-09-27 1345 SV1FWV           599 20  DX   OK1VK            599 15  DX     0
QSO:   14100 RY 2025-09-27 1351 SV1FWV           599 20  DX   SN9S             599 15  DX     0
QSO:   14100 RY 2025-09-27 1401 SV1FWV           599 20  DX   S58M             599 15  DX     0
QSO:   14099 RY 2025-09-27 1403 SV1FWV           599 20  DX   YO3YUH           599 20  DX     0
QSO:   14099 RY 2025-09-27 1404 SV1FWV           599 20  DX   OK6TW            599 15  DX     0
QSO:   14120 RY 2025-09-27 1424 SV1FWV           599 20  DX   SV1AJO           599 14  DX     0
QSO:   14119 RY 2025-09-27 1428 SV1FWV           599 20  DX   DR3W             599 14  DX     0
QSO:   14104 RY 2025-09-27 1430 SV1FWV           599 20  DX   IZ8EFB           599 15  DX     0
QSO:   14104 RY 2025-09-27 1431 SV1FWV           599 20  DX   IZ3KNK           599 15  DX     0
END-OF-LOG:
