START-OF-LOG: 3.0
CREATED-BY: reconstructed-log-builder
CONTEST: Alpe Adria UHF - Official results - VHFManager
CALLSIGN: OK2BMU
LOCATION: 
CATEGORY: CHECKLOG
CATEGORY-OPERATOR: SINGLE-OP
CATEGORY-BAND: ALL
CATEGORY-MODE: MIXED
CATEGORY-POWER: UNKNOWN
CATEGORY-ASSISTED: NON-ASSISTED
CATEGORY-TRANSMITTER: ONE
CATEGORY-STATION: UNKNOWN
CATEGORY-OVERLAY: 
OPERATORS: OK2BMU
CLAIMED-SCORE: 
CLUB: 
NAME: 
SOAPBOX: RECONSTRUCTED MOCKUP LOG - NOT AN OFFICIAL SUBMISSION.
SOAPBOX: Derived from submitted logs for Alpe Adria UHF - Official results - VHFManager EU_VHF_CONTESTS/alpe_adria_uhf_10/435MHz.
QSO: 435000 PH 2009-06-21 0825 OK2BMU        59 10 JN99CT S59P          59 31 JN86AO
QSO: 435000 CW 2009-06-21 0908 OK2BMU        599 17 JN99CT 9A2SB         599 24 JN95GM
QSO: 435000 CW 2009-06-21 0918 OK2BMU        599 18 JN99CT YU7A          599 25 KN05BW
QSO: 435000 PH 2009-06-21 0927 OK2BMU        59 20 JN99CT OE3A          59 43 JN77XX
QSO: 435000 CW 2009-06-21 0954 OK2BMU        599 24 JN99BU YU1LA         599 19 KN04FR
QSO: 435000 CW 2009-06-21 1001 OK2BMU        599 25 JN99CT OK2PMA        599 26 JN89HF
QSO: 435000 PH 2009-06-21 1003 OK2BMU        59 26 JN99CT S59R          59 61 JN76OM
QSO: 435000 PH 2009-06-21 1018 OK2BMU        599 27 JN99CT S57C          599 40 JN65XM
QSO: 435000 PH 2009-06-21 1022 OK2BMU        59 28 JN99CT OK1TEH        59 15 JO70FD
QSO: 435000 PH 2009-06-21 1024 OK2BMU        59 30 JN99CT 9A1CMS        59 29 JN86DM
QSO: 435000 CW 2009-06-21 1047 OK2BMU        599 31 JN99CT 9A3JH         599 35 JN75BA
QSO: 435000 PH 2009-06-21 1054 OK2BMU        599 31 JN99CT S50TA         599 22 JN76HD
END-OF-LOG:
