START-OF-LOG: 3.0
CREATED-BY: reconstructed-log-builder
CONTEST: ARRL-RTTY
CALLSIGN: F1VEV
LOCATION: 
CATEGORY: CHECKLOG
CATEGORY-OPERATOR: SINGLE-OP
CATEGORY-BAND: ALL
CATEGORY-MODE: MIXED
CATEGORY-POWER: UNKNOWN
CATEGORY-ASSISTED: NON-ASSISTED
CATEGORY-TRANSMITTER: ONE
CATEGORY-STATION: UNKNOWN
CATEGORY-OVERLAY: 
OPERATORS: F1VEV
CLAIMED-SCORE: 
CLUB: 
NAME: 
SOAPBOX: RECONSTRUCTED MOCKUP LOG - NOT AN OFFICIAL SUBMISSION.
SOAPBOX: Derived from submitted logs for ARRL-RTTY ARRL/arrl_rtty_roundup/2018.
QSO:  7039 RY 2018-01-07 0842 F1VEV         599 0001 LZ8E          599 761
QSO:  7042 RY 2018-01-07 0845 F1VEV         599 0002 LY5W          599 336
QSO:  7048 RY 2018-01-07 0851 F1VEV         599 0003 SK2T          599 210
QSO:  7048 RY 2018-01-07 0854 F1VEV         599 004 M2E           599 117
QSO:  7050 RY 2018-01-07 0856 F1VEV         599 0005 DA0WRTC       599 423
QSO:  7052 RY 2018-01-07 0857 F1VEV         599 006 OZ1ADL        599 59
QSO:  7053 RY 2018-01-07 0859 F1VEV         599 007 PA3DBS        599 018
QSO:  7060 RY 2018-01-07 0902 F1VEV         599 0009 SN7Q          599 848
QSO:  7044 RY 2018-01-07 0913 F1VEV         599 016 UX1UX         599 418
QSO: 14103 RY 2018-01-07 0919 F1VEV         599 0012 MM3AWD        599 76
QSO: 14090 RY 2018-01-07 0931 F1VEV         599 0014 LA2XNA        599 62
QSO: 14098 RY 2018-01-07 1019 F1VEV         599 015 OH2MQ         599 084
QSO: 14105 RY 2018-01-07 1020 F1VEV         599 016 OG4X          599 70
QSO: 14113 RY 2018-01-07 1023 F1VEV         599 018 OH1F          599 44
QSO:  7042 RY 2018-01-07 1026 F1VEV         599 0019 OK1PI         599 21
QSO:  7045 RY 2018-01-07 1026 F1VEV         599 020 IU4CHE        599 425
QSO: 14113 RY 2018-01-07 1135 F1VEV         599 0021 YL5T          599 231
QSO: 14104 RY 2018-01-07 1138 F1VEV         599 0022 Z37M          599 151
QSO: 14085 RY 2018-01-07 1143 F1VEV         599 023 A71AE         599 120
QSO: 14083 RY 2018-01-07 1146 F1VEV         599 024 EI3JE         599 294
END-OF-LOG:
