START-OF-LOG: 2.0
CALLSIGN: OK8KM
CONTEST: SPDX
CATEGORY: SOAB CW LP
CLAIMED-SCORE: 3528
OPERATORS: OK8KM
CREATED-BY: HMRA public SPDX downloader
SOAPBOX: Recreated from https://spdxcontest.pzk.org.pl/2024/results_json_files/OK8KM.json
QSO: 3500 CW 2024-04-06 1506 OK8KM 599 001 SP8GNF 599 L
QSO: 3500 CW 2024-04-06 1507 OK8KM 599 002 SP4AWE 599 O
QSO: 3500 CW 2024-04-06 1509 OK8KM 599 003 SO5N 599 R
QSO: 3500 CW 2024-04-06 1510 OK8KM 599 004 SP4BEU 599 J
QSO: 3500 CW 2024-04-06 1512 OK8KM 599 005 SP5LST 599 R
QSO: 3500 CW 2024-04-06 1513 OK8KM 599 006 SP3MEP 599 W
QSO: 3500 CW 2024-04-06 1522 OK8KM 599 007 SP8OOE 599 K
QSO: 3500 CW 2024-04-06 1530 OK8KM 599 008 SQ5W 599 R
QSO: 7000 CW 2024-04-06 1546 OK8KM 599 009 SP2R 599 F
QSO: 7000 CW 2024-04-06 1548 OK8KM 599 010 SO4M 599 J
QSO: 7000 CW 2024-04-06 1550 OK8KM 599 011 SP6ET 599 D
QSO: 7000 CW 2024-04-06 1552 OK8KM 599 012 SP7OGP 599 C
QSO: 7000 CW 2024-04-06 1554 OK8KM 599 013 SP3HRN 599 B
QSO: 7000 CW 2024-04-06 1555 OK8KM 599 014 SP4TKR 599 J
QSO: 7000 CW 2024-04-06 1556 OK8KM 599 015 SN2S 599 F
QSO: 7000 CW 2024-04-06 1603 OK8KM 599 016 SN2F 599 F
QSO: 7000 CW 2024-04-06 1605 OK8KM 599 017 SP3FON 599 W
QSO: 7000 CW 2024-04-06 1606 OK8KM 599 018 SP9DLY 599 G
QSO: 7000 CW 2024-04-06 1609 OK8KM 599 019 SP4W 599 J
QSO: 7000 CW 2024-04-06 1612 OK8KM 599 020 SP9GFI 599 G
QSO: 7000 CW 2024-04-06 1618 OK8KM 599 021 SP1NY 599 Z
QSO: 7000 CW 2024-04-06 1627 OK8KM 599 022 SP4F 599 O
QSO: 7000 CW 2024-04-06 1654 OK8KM 599 023 SP3A 599 B
QSO: 7000 CW 2024-04-06 1657 OK8KM 599 024 SN5N 599 L
QSO: 7000 CW 2024-04-06 1802 OK8KM 599 025 HF1K 599 Z
QSO: 7000 CW 2024-04-06 1803 OK8KM 599 026 SP5ELA 599 R
QSO: 7000 CW 2024-04-06 1809 OK8KM 599 027 SP2HYO 599 P
QSO: 7000 CW 2024-04-06 1816 OK8KM 599 028 SQ9CAQ 599 M
QSO: 7000 CW 2024-04-06 1818 OK8KM 599 029 SN1I 599 Z
QSO: 7000 CW 2024-04-06 1820 OK8KM 599 030 SN7O 599 C
QSO: 7000 CW 2024-04-06 1822 OK8KM 599 031 SP0PZK 599 W
QSO: 7000 CW 2024-04-06 1830 OK8KM 599 032 SP7CF 599 C
QSO: 7000 CW 2024-04-06 1832 OK8KM 599 033 SP1AEN 599 F
QSO: 7000 CW 2024-04-06 1842 OK8KM 599 034 SP8PAI 599 L
QSO: 7000 CW 2024-04-06 1852 OK8KM 599 035 SP9WZJ 599 G
QSO: 7000 CW 2024-04-06 1856 OK8KM 599 036 SP9BCH 599 M
QSO: 7000 CW 2024-04-06 1902 OK8KM 599 037 HF60AYP 599 D
QSO: 7000 CW 2024-04-06 1905 OK8KM 599 038 SP2GVN 599 P
QSO: 7000 CW 2024-04-06 1910 OK8KM 599 039 SN8U 599 L
QSO: 7000 CW 2024-04-06 1913 OK8KM 599 040 SQ5OUO 599 R
QSO: 7000 CW 2024-04-07 0604 OK8KM 599 041 SP5KCR 599 R
QSO: 7000 CW 2024-04-07 0605 OK8KM 599 042 SP5CNA 599 R
QSO: 7000 CW 2024-04-07 0609 OK8KM 599 043 SP2MKI 599 P
QSO: 7000 CW 2024-04-07 0612 OK8KM 599 044 SQ6JNX 599 D
QSO: 7000 CW 2024-04-07 0614 OK8KM 599 045 SQ5J 599 R
QSO: 7000 CW 2024-04-07 0615 OK8KM 599 046 SP9XCN 599 G
QSO: 7000 CW 2024-04-07 0617 OK8KM 599 047 SP9AMH 599 M
QSO: 7000 CW 2024-04-07 0619 OK8KM 599 048 SP6IWG 599 D
QSO: 7000 CW 2024-04-07 0624 OK8KM 599 049 SP9FZH 599 G
QSO: 7000 CW 2024-04-07 0625 OK8KM 599 050 SP2QG 599 P
QSO: 7000 CW 2024-04-07 0626 OK8KM 599 051 SP2FAP 599 J
QSO: 7000 CW 2024-04-07 0628 OK8KM 599 052 SP2LNW 599 F
QSO: 7000 CW 2024-04-07 0629 OK8KM 599 053 SP7IIT 599 S
QSO: 7000 CW 2024-04-07 0631 OK8KM 599 054 SP3IOE 599 W
QSO: 7000 CW 2024-04-07 0636 OK8KM 599 055 SQ5EF 599 R
QSO: 7000 CW 2024-04-07 0639 OK8KM 599 056 SP9PBB 599 M
QSO: 7000 CW 2024-04-07 0641 OK8KM 599 057 SN3F 599 W
QSO: 7000 CW 2024-04-07 0642 OK8KM 599 058 SP1D 599 Z
QSO: 7000 CW 2024-04-07 0645 OK8KM 599 059 SP9KDA 599 U
QSO: 7000 CW 2024-04-07 0649 OK8KM 599 060 SP6CIK 599 U
QSO: 7000 CW 2024-04-07 0658 OK8KM 599 061 SP2WGB 599 F
END-OF-LOG:
