START-OF-LOG: 3.0
CREATED-BY: vhfmanager-downloader
CONTEST: ZRS julijsko UKV tekmovanje - Official results - VHFManager
CALLSIGN: DF0MU
CATEGORY: 2,3 GHz - checklog
CATEGORY-OPERATOR: SINGLE-OP
CATEGORY-ASSISTED: NON-ASSISTED
CATEGORY-TRANSMITTER: ONE
CATEGORY-STATION: FIXED
QSO: 2300000 PH 2015-07-04 1419 DF0MU         59  1 JO32PC   DC7BQ         56  1 JO42JF  
QSO: 2300000 CW 2015-07-04 1440 DF0MU         599 2 JO32PC   DJ6OL         559 1 JO52AP  
QSO: 2300000 PH 2015-07-04 1451 DF0MU         59  3 JO32PC   DL0LN         59  3 JO31QX  
QSO: 2300000 PH 2015-07-04 1551 DF0MU         59  4 JO32PC   PA0FEI        59  2 JO33BC  
QSO: 2300000 PH 2015-07-04 1610 DF0MU         59  5 JO32PC   DG3EX         59  1 JO31NH  
QSO: 2300000 PH 2015-07-04 1623 DF0MU         59  6 JO32PC   OZ1ALS        57  1 JO44XX  
QSO: 2300000 PH 2015-07-04 1642 DF0MU         59  7 JO32PC   DL2PK         59  1 JO31IK  
QSO: 2300000 PH 2015-07-04 1717 DF0MU         57  8 JO32PC   G3XDY         57  3 JO02OB  
QSO: 2300000 PH 2015-07-04 1738 DF0MU         59  9 JO32PC   PI4GN         59  7 JO33II  
QSO: 2300000 PH 2015-07-04 1958 DF0MU         59  10 JO32PC  PI4Z          59  6 JO11WM  
QSO: 2300000 PH 2015-07-04 2021 DF0MU         59  11 JO32PC  DF7JS         59  3 JO31JM  
QSO: 2300000 PH 2015-07-04 2029 DF0MU         59  12 JO32PC  PA0BAT        59  4 JO31FX  
QSO: 2300000 PH 2015-07-04 2037 DF0MU         59  13 JO32PC  DJ6TA         59  4 JO30MS  
QSO: 2300000 PH 2015-07-04 2355 DF0MU         59  14 JO32PC  DK2MN         59  10 JO32MC 
QSO: 2300000 PH 2015-07-05 0618 DF0MU         59  15 JO32PC  DK2ZF/P       59  7 JO43WJ  
QSO: 2300000 CW 2015-07-05 0637 DF0MU         599 16 JO32PC  OE5RBO        559 8 JN68OB  
QSO: 2300000 PH 2015-07-05 0646 DF0MU         59  17 JO32PC  DK0PU         59  15 JO31JN 
QSO: 2300000 PH 2015-07-05 0702 DF0MU         55  18 JO32PC  DL1HSF        59  9 JO61FR  
QSO: 2300000 PH 2015-07-05 0710 DF0MU         59  19 JO32PC  DL1SUZ        59  8 JO53UN  
QSO: 2300000 CW 2015-07-05 0746 DF0MU         599 20 JO32PC  OK1MAC        599 38 JN79IO 
QSO: 2300000 PH 2015-07-05 0831 DF0MU         59  21 JO32PC  OZ9ZZ         57  4 JO46QK  
QSO: 2300000 CW 2015-07-05 0850 DF0MU         599 22 JO32PC  OM3KII        599 34 JN88UU 
QSO: 2300000 PH 2015-07-05 0856 DF0MU         59  23 JO32PC  DL4EBW        59  1 JO31NH  
QSO: 2300000 PH 2015-07-05 0922 DF0MU         59  24 JO32PC  OZ3ZW         55  3 JO54RS  
QSO: 2300000 CW 2015-07-05 1011 DF0MU         559 25 JO32PC  DH1VY         599 2 JN39KF  
QSO: 2300000 PH 2015-07-05 1200 DF0MU         59  26 JO32PC  DH9FAC        59  2 JO40KB  
QSO: 2300000 PH 2015-07-05 1218 DF0MU         59  27 JO32PC  DK5EZ         59  9 JO31NH  
QSO: 2300000 PH 2015-07-05 1233 DF0MU         55  28 JO32PC  DR1T          59  6 JO50KQ  
QSO: 2300000 PH 2015-07-05 1259 DF0MU         59  29 JO32PC  DL3YEE        59  22 JO50LX 
END-OF-LOG:
