START-OF-LOG: 3.0
CREATED-BY: reconstructed-log-builder
CONTEST: CQ-WW-SSB
CALLSIGN: W7VP
LOCATION: 
CATEGORY: CHECKLOG
CATEGORY-OPERATOR: SINGLE-OP
CATEGORY-BAND: ALL
CATEGORY-MODE: MIXED
CATEGORY-POWER: UNKNOWN
CATEGORY-ASSISTED: NON-ASSISTED
CATEGORY-TRANSMITTER: ONE
CATEGORY-STATION: UNKNOWN
CATEGORY-OVERLAY: 
OPERATORS: W7VP
CLAIMED-SCORE: 
CLUB: 
NAME: 
SOAPBOX: RECONSTRUCTED MOCKUP LOG - NOT AN OFFICIAL SUBMISSION.
SOAPBOX: Derived from submitted logs for CQ-WW-SSB CQWW/ph/2015.
QSO: 28467 PH 2015-10-24 2108 W7VP          59 03 PY2COY        59 11
QSO: 28473 PH 2015-10-24 2110 W7VP          59 03 LR1E          59 13
QSO: 28477 PH 2015-10-24 2112 W7VP          59 3 P49Y          59 9
QSO: 28000 PH 2015-10-24 2113 W7VP          59 03 PY2XC         59 11
QSO: 28000 PH 2015-10-24 2116 W7VP          59 03 LU3HIP        59 13
QSO: 28500 PH 2015-10-24 2117 W7VP          59 03 ZY2B          59 11
QSO: 28000 PH 2015-10-24 2118 W7VP          59 03 KP2XX         59 08
QSO: 28550 PH 2015-10-24 2126 W7VP          59 03 PJ2T          59 9
QSO: 28327 PH 2015-10-24 2139 W7VP          59 03 CB3W          59 12
QSO: 28358 PH 2015-10-24 2142 W7VP          59 03 LT7F          59 13
QSO: 28383 PH 2015-10-24 2143 W7VP          59 3 8P5A          59 8
QSO: 14244 PH 2015-10-24 2200 W7VP          59 03 OH8L          59 15
QSO: 14268 PH 2015-10-24 2202 W7VP          59 03 CR3A          59 33
QSO: 14305 PH 2015-10-24 2209 W7VP          59 03 RU1A          59 16
QSO: 14338 PH 2015-10-24 2210 W7VP          59 03 LA3T          59 14
QSO:  7188 PH 2015-10-25 0335 W7VP          59 03 EF8R          59 33
QSO: 14233 PH 2015-10-25 0343 W7VP          59 03 UA2F          59 15
QSO: 14239 PH 2015-10-25 0343 W7VP          59 03 9K2HN         59 21
QSO: 14226 PH 2015-10-25 0344 W7VP          59 03 A73A          59 21
QSO: 14204 PH 2015-10-25 0347 W7VP          59 3 4L8A          59 21
QSO: 14199 PH 2015-10-25 0349 W7VP          59 03 8S0C          59 14
QSO: 14000 PH 2015-10-25 0350 W7VP          59 03 OZ7X          59 14
QSO: 14207 PH 2015-10-25 0358 W7VP          59 03 E51EAQ        59 32
QSO: 14242 PH 2015-10-25 0401 W7VP          59 03 ES5TV         59 15
QSO: 14170 PH 2015-10-25 0402 W7VP          59 03 LY7A          59 15
QSO: 14190 PH 2015-10-25 0403 W7VP          59 03 OH1Z          59 15
QSO: 14269 PH 2015-10-25 0404 W7VP          59 03 RM5A          59 16
QSO: 14275 PH 2015-10-25 0405 W7VP          59 03 ES6RW         59 15
QSO: 14296 PH 2015-10-25 0407 W7VP          59 03 OH5Z          59 15
END-OF-LOG:
