START-OF-LOG: 3.0
CREATED-BY: reconstructed-log-builder
CONTEST: OK1WC-MEMORIAL
CALLSIGN: OK8KM
LOCATION: 
CATEGORY: CHECKLOG
CATEGORY-OPERATOR: SINGLE-OP
CATEGORY-BAND: ALL
CATEGORY-MODE: MIXED
CATEGORY-POWER: UNKNOWN
CATEGORY-ASSISTED: NON-ASSISTED
CATEGORY-TRANSMITTER: ONE
CATEGORY-STATION: UNKNOWN
CATEGORY-OVERLAY: 
OPERATORS: OK8KM
CLAIMED-SCORE: 
CLUB: 
NAME: 
SOAPBOX: RECONSTRUCTED MOCKUP LOG - NOT AN OFFICIAL SUBMISSION.
SOAPBOX: Derived from submitted logs for OK1WC-MEMORIAL OK1WC_Memorial/2022-04-11.
QSO:  3500 CW 2022-04-11 1630 OK8KM         599 1 OM2KI         599 3
QSO:  3500 CW 2022-04-11 1631 OK8KM         599 2 OK1AY         599 3
QSO:  3500 CW 2022-04-11 1632 OK8KM         599 3 OK2PYA        599 5
QSO:  3500 CW 2022-04-11 1633 OK8KM         599 4 OK1DTP        599 9
QSO:  3500 CW 2022-04-11 1634 OK8KM         599 5 OM5CM         599 6
QSO:  3500 CW 2022-04-11 1634 OK8KM         599 6 SN7Q          599 10
QSO:  3500 CW 2022-04-11 1637 OK8KM         599 7 OK1TN         599 13
QSO:  3500 CW 2022-04-11 1637 OK8KM         599 8 OK2WY         599 13
QSO:  3500 CW 2022-04-11 1638 OK8KM         599 9 SN5N          599 21
QSO:  3500 CW 2022-04-11 1641 OK8KM         599 11 SP3CW         599 19
QSO:  3500 CW 2022-04-11 1643 OK8KM         599 13 OK1FMX        599 21
QSO:  3500 CW 2022-04-11 1645 OK8KM         599 14 OK2HBY        599 21
QSO:  3500 CW 2022-04-11 1647 OK8KM         599 15 DK2FG         599 20
QSO:  3500 CW 2022-04-11 1649 OK8KM         599 16 SN8T          599 29
QSO:  3500 CW 2022-04-11 1652 OK8KM         599 17 SP7QO         599 15
QSO:  3500 CW 2022-04-11 1653 OK8KM         599 18 SO3O          599 41
QSO:  3500 CW 2022-04-11 1656 OK8KM         599 20 DL1DWR        599 32
QSO:  3500 CW 2022-04-11 1656 OK8KM         599 19 SN1F          599 42
QSO:  3500 CW 2022-04-11 1658 OK8KM         599 22 OK2EA         599 61
QSO:  3500 CW 2022-04-11 1701 OK8KM         599 23 OM2KI         599 55
QSO:  3500 CW 2022-04-11 1702 OK8KM         599 24 HG1G          599 49
QSO:  3500 CW 2022-04-11 1703 OK8KM         599 25 HG1G          599 50
QSO:  3500 CW 2022-04-11 1704 OK8KM         599 26 PA3AAV        599 68
QSO:  3500 CW 2022-04-11 1707 OK8KM         599 27 OK1FHI        599 61
QSO:  3500 CW 2022-04-11 1708 OK8KM         599 28 OK2NO         599 67
QSO:  3500 CW 2022-04-11 1710 OK8KM         599 29 DK2RO         599 56
QSO:  3500 CW 2022-04-11 1712 OK8KM         599 30 HA2OS         599 65
QSO:  3500 CW 2022-04-11 1713 OK8KM         599 31 SP3MEP        599 77
QSO:  3500 CW 2022-04-11 1714 OK8KM         599 32 DJ9KH         599 74
QSO:  3500 CW 2022-04-11 1717 OK8KM         599 33 OK2NAJ        599 84
END-OF-LOG:
