START-OF-LOG: 3.0
CREATED-BY: reconstructed-log-builder
CONTEST: CQ-WW-RTTY
CALLSIGN: UD3T
LOCATION: 
CATEGORY: CHECKLOG
CATEGORY-OPERATOR: SINGLE-OP
CATEGORY-BAND: ALL
CATEGORY-MODE: MIXED
CATEGORY-POWER: UNKNOWN
CATEGORY-ASSISTED: NON-ASSISTED
CATEGORY-TRANSMITTER: ONE
CATEGORY-STATION: UNKNOWN
CATEGORY-OVERLAY: 
OPERATORS: UD3T
CLAIMED-SCORE: 
CLUB: 
NAME: 
SOAPBOX: RECONSTRUCTED MOCKUP LOG - NOT AN OFFICIAL SUBMISSION.
SOAPBOX: Derived from submitted logs for CQ-WW-RTTY CQWWRTTY/2025.
QSO: 28095 RY 2025-09-27 0752 UD3T          599 16 DX S50W          599 15 DX
QSO: 14098 RY 2025-09-27 0815 UD3T          599 16 DX R0WY          599 18 DX
QSO: 14095 RY 2025-09-27 0824 UD3T          599 16 DX IQ5PJ         599 15 DX
QSO: 14095 RY 2025-09-27 0827 UD3T          599 16 DX PA4G          599 14 DX
QSO: 14097 RY 2025-09-27 0827 UD3T          599 16 DX DK7TM         599 14 DX
QSO: 14095 RY 2025-09-27 0828 UD3T          599 16 DX R6DM          599 16 DX
QSO: 14000 RY 2025-09-27 0829 UD3T          599 16 DX YT2U          599 15 DX
QSO: 14096 RY 2025-09-27 0829 UD3T          599 16 DX YL3DJ         599 15 DX
QSO: 14096 RY 2025-09-27 0830 UD3T          599 16 DX DL4ME         599 14 DX
QSO: 14096 RY 2025-09-27 0830 UD3T          599 16 DX YL2NK         599 15 DX
QSO: 14095 RY 2025-09-27 0831 UD3T          599 16 DX SP4AAZ        599 15 DX
QSO: 14095 RY 2025-09-27 0834 UD3T          599 16 DX PA3DTR        599 14 DX
QSO: 14000 RY 2025-09-27 0835 UD3T          599 16 DX DL1LQL        599 14 DX
QSO: 14100 RY 2025-09-27 0837 UD3T          599 16 DX OG6N          599 15 DX
QSO: 28000 RY 2025-09-27 0842 UD3T          599 16 DX DL8SDC        599 14 DX
QSO: 28114 RY 2025-09-27 0842 UD3T          599 16 DX G0GQT         599 14 DX
QSO: 28000 RY 2025-09-27 0844 UD3T          599 16 DX F4IRV         599 14 DX
QSO: 28114 RY 2025-09-27 0844 UD3T          599 16 DX F6BBO         599 14 DX
QSO: 28115 RY 2025-09-27 0845 UD3T          599 16 DX PE3T          599 14 DX
QSO: 28116 RY 2025-09-27 0845 UD3T          599 16 DX IU7XWD        599 15 DX
QSO: 28115 RY 2025-09-27 0848 UD3T          599 16 DX JK8PBO        599 25 DX
QSO: 28112 RY 2025-09-27 0850 UD3T          599 16 DX BA5AB         599 24 DX
QSO: 28115 RY 2025-09-27 0851 UD3T          599 16 DX JG8TDZ        599 25 DX
QSO: 28000 RY 2025-09-27 0852 UD3T          599 16 DX JA0BZY        599 25 DX
QSO: 28115 RY 2025-09-27 0855 UD3T          599 16 DX F4FDA         599 14 DX
QSO: 28114 RY 2025-09-27 0857 UD3T          599 16 DX GW5L          599 14 DX
QSO: 28115 RY 2025-09-27 0858 UD3T          599 16 DX JS1KKY        599 25 DX
QSO: 21115 RY 2025-09-27 0902 UD3T          599 16 DX IW3ICN        599 15 DX
QSO: 21115 RY 2025-09-27 0903 UD3T          599 16 DX JH4UTP        599 25 DX
QSO: 21116 RY 2025-09-27 0903 UD3T          599 16 DX JA0GCY        599 25 DX
QSO: 21114 RY 2025-09-27 0904 UD3T          599 16 DX JE2PHJ        599 25 DX
QSO: 21000 RY 2025-09-27 0905 UD3T          599 16 DX JH6WDG        599 25 DX
QSO: 21115 RY 2025-09-27 0905 UD3T          599 16 DX YO9SW         599 20 DX
QSO: 21115 RY 2025-09-27 0907 UD3T          599 16 DX 9A5Y          599 15 DX
QSO: 21000 RY 2025-09-27 0909 UD3T          599 16 DX F4IRV         599 14 DX
QSO: 21116 RY 2025-09-27 0911 UD3T          599 16 DX PA0CT         599 14 DX
QSO: 21114 RY 2025-09-27 0912 UD3T          599 16 DX HG60IPA       599 15 DX
QSO: 21115 RY 2025-09-27 0912 UD3T          599 16 DX SN3A          599 15 DX
QSO: 21115 RY 2025-09-27 0916 UD3T          599 16 DX OZ/DF4ZL      599 14 DX
QSO: 21000 RY 2025-09-27 0918 UD3T          599 16 DX OK2HBR        599 15 DX
QSO: 21000 RY 2025-09-27 0919 UD3T          599 16 DX OK1LV         599 15 DX
QSO: 21114 RY 2025-09-27 0919 UD3T          599 16 DX YO2IS         599 20 DX
QSO: 21115 RY 2025-09-27 0919 UD3T          599 16 DX DL1ABR        599 14 DX
QSO: 21115 RY 2025-09-27 0921 UD3T          599 16 DX DL7AUO        599 14 DX
QSO: 21115 RY 2025-09-27 0921 UD3T          599 16 DX IO3F          599 15 DX
QSO: 21113 RY 2025-09-27 0924 UD3T          599 16 DX HG3C          599 15 DX
QSO: 21114 RY 2025-09-27 0924 UD3T          599 16 DX DJ8EW         599 14 DX
QSO: 21114 RY 2025-09-27 0925 UD3T          599 16 DX M1X           599 14 DX
QSO: 21114 RY 2025-09-27 0925 UD3T          599 16 DX TM6M          599 14 DX
QSO: 21115 RY 2025-09-27 0925 UD3T          599 16 DX G9F           599 14 DX
QSO: 21115 RY 2025-09-27 0926 UD3T          599 16 DX DF7C          599 14 DX
QSO: 21000 RY 2025-09-27 0927 UD3T          599 16 NN DK4FP         599 14 DX
QSO: 21114 RY 2025-09-27 0928 UD3T          599 16 DX RA0FLP        599 19 DX
QSO: 21000 RY 2025-09-27 0929 UD3T          599 16 DX BG2KAJ        599 24 DX
QSO: 21114 RY 2025-09-27 0930 UD3T          599 16 DX IT9MRM        599 15 DX
QSO: 21114 RY 2025-09-27 0932 UD3T          599 16 DX DL4IB         599 14 DX
QSO: 21115 RY 2025-09-27 0933 UD3T          599 16 DX IK3TCK        599 15 DX
QSO: 21115 RY 2025-09-27 0934 UD3T          599 16 DX G4GOA         599 14 DX
QSO: 21115 RY 2025-09-27 0935 UD3T          599 16 DX OK1KKI        599 15 DX
QSO: 21115 RY 2025-09-27 0936 UD3T          599 16 DX DK1X          599 14 DX
QSO: 21115 RY 2025-09-27 0936 UD3T          599 16 DX IO6T          599 15 DX
QSO: 21000 RY 2025-09-27 0937 UD3T          599 16 DX SN9A          599 15 DX
QSO: 21116 RY 2025-09-27 0937 UD3T          599 16 DX SE4E          599 14 DX
QSO: 21115 RY 2025-09-27 0938 UD3T          599 16 DX DL5WW         599 14 DX
QSO: 21114 RY 2025-09-27 0939 UD3T          599 16 DX JH7RTQ        599 25 DX
QSO: 21115 RY 2025-09-27 0941 UD3T          599 16 DX DL1GME        599 14 DX
QSO: 21114 RY 2025-09-27 0942 UD3T          599 16 DX SP3GAX        599 15 DX
QSO: 21115 RY 2025-09-27 0944 UD3T          599 16 DX OK2HFC        599 15 DX
QSO: 21000 RY 2025-09-27 0945 UD3T          599 16 DX F4ERS         599 14 DX
QSO: 21114 RY 2025-09-27 0947 UD3T          599 16 DX DL6EZ         599 14 DX
QSO: 21115 RY 2025-09-27 0947 UD3T          599 16 DX DJ6OI         599 14 DX
QSO: 21115 RY 2025-09-27 0948 UD3T          599 16 DX PC4H          599 14 DX
QSO: 21117 RY 2025-09-27 0951 UD3T          599 16 DX IZ3KNK        599 15 DX
QSO: 21115 RY 2025-09-27 0952 UD3T          599 16 DX PA2TA         599 14 DX
QSO: 21114 RY 2025-09-27 0953 UD3T          599 16 DX M0AFZ         599 14 DX
QSO: 21115 RY 2025-09-27 0953 UD3T          599 16 DX JA8IDS        599 25 DX
QSO: 21112 RY 2025-09-27 0954 UD3T          599 16 DX DK9BM         599 14 DX
QSO: 21113 RY 2025-09-27 0954 UD3T          599 16 DX DF3IS         599 14 DX
QSO: 21113 RY 2025-09-27 0955 UD3T          599 16 DX IK4RVY        599 15 DX
QSO: 21113 RY 2025-09-27 0955 UD3T          599 16 DX YO3GNF        599 20 DX
QSO: 21112 RY 2025-09-27 0956 UD3T          599 16 DX M0TQR         599 14 DX
QSO: 21115 RY 2025-09-27 0956 UD3T          599 16 DX G1SCT         599 14 DX
QSO: 21000 RY 2025-09-27 0957 UD3T          599 16 DX DL7NY         599 14 DX
QSO: 21115 RY 2025-09-27 0957 UD3T          599 16 DX SO9I          599 15 DX
QSO: 21115 RY 2025-09-27 0958 UD3T          599 16 DX II9P          599 15 DX
QSO: 21113 RY 2025-09-27 0959 UD3T          599 16 DX EE4Y          599 14 DX
QSO: 28113 RY 2025-09-27 1003 UD3T          599 16 DX 2E0CVN        599 14 DX
QSO: 28115 RY 2025-09-27 1005 UD3T          599 16 DX EF3T          599 14 DX
QSO: 28115 RY 2025-09-27 1006 UD3T          599 16 DX IO0A          599 15 DX
QSO: 28115 RY 2025-09-27 1007 UD3T          599 16 DX PA2A          599 14 DX
QSO: 28115 RY 2025-09-27 1007 UD3T          599 16 DX SV1TAY        599 20 DX
QSO: 28116 RY 2025-09-27 1008 UD3T          599 16 DX G4DDL         599 14 DX
QSO: 28115 RY 2025-09-27 1010 UD3T          599 16 DX JI4WAO        599 25 DX
QSO: 28115 RY 2025-09-27 1011 UD3T          599 16 DX PD2GSP        599 14 DX
QSO: 28115 RY 2025-09-27 1011 UD3T          599 16 DX PY2EBD        599 11 DX
QSO: 28115 RY 2025-09-27 1012 UD3T          599 16 DX PA2TA         599 14 DX
QSO: 28000 RY 2025-09-27 1027 UD3T          599 16 DX IU2JWF        599 15 DX
QSO: 28113 RY 2025-09-27 1029 UD3T          599 16 DX M0PNN         599 14 DX
QSO: 28115 RY 2025-09-27 1029 UD3T          599 16 DX G1SCT         599 14 DX
QSO: 28115 RY 2025-09-27 1030 UD3T          599 16 DX IK8EQG        599 15 DX
QSO: 28115 RY 2025-09-27 1031 UD3T          599 16 DX PC4H          599 14 DX
QSO: 28114 RY 2025-09-27 1032 UD3T          599 16 DX PE2K          599 14 DX
QSO: 28115 RY 2025-09-27 1034 UD3T          599 16 DX ON6NL         599 14 DX
QSO: 28115 RY 2025-09-27 1035 UD3T          599 16 DX DK5DQ         599 14 DX
QSO: 28115 RY 2025-09-27 1036 UD3T          599 16 DX G7D           599 14 DX
QSO: 28115 RY 2025-09-27 1036 UD3T          599 16 DX JA6WFM        599 25 DX
QSO: 28114 RY 2025-09-27 1037 UD3T          599 16 DX PC2F          599 14 DX
QSO: 28117 RY 2025-09-27 1037 UD3T          599 16 DX IK5ZUB        599 15 DX
QSO: 28000 RY 2025-09-27 1038 UD3T          599 16 DX F4ERS         599 14 DX
QSO: 28114 RY 2025-09-27 1042 UD3T          599 16 DX IK2JBY        599 15 DX
QSO: 28114 RY 2025-09-27 1044 UD3T          599 16 DX G0BNR         599 14 DX
QSO: 28114 RY 2025-09-27 1044 UD3T          599 16 DX ON2AD         599 14 DX
QSO: 28115 RY 2025-09-27 1045 UD3T          599 16 DX DL6SFR        599 14 DX
QSO: 28115 RY 2025-09-27 1046 UD3T          599 16 DX LX5M          599 14 DX
QSO: 28113 RY 2025-09-27 1047 UD3T          599 16 DX GM4JR         599 14 DX
QSO: 28115 RY 2025-09-27 1047 UD3T          599 16 DX 4Z5MY         599 20 DX
QSO: 28115 RY 2025-09-27 1048 UD3T          599 16 DX I2BRT         599 15 DX
QSO: 28115 RY 2025-09-27 1049 UD3T          599 16 DX UN3M          599 17 DX
QSO: 28000 RY 2025-09-27 1057 UD3T          599 16 DX G6GLP         599 14 DX
QSO: 28000 RY 2025-09-27 1058 UD3T          599 16 DX IT9AJP        599 15 DX
QSO: 28000 RY 2025-09-27 1100 UD3T          599 16 DX JA1EMQ        599 25 DX
QSO: 28000 RY 2025-09-27 1100 UD3T          599 16 DX JF2XGF        599 25 DX
QSO: 28115 RY 2025-09-27 1101 UD3T          599 16 DX G4AWA         599 14 DX
QSO: 28115 RY 2025-09-27 1101 UD3T          599 16 DX I1JTQ         599 15 DX
QSO: 28000 RY 2025-09-27 1102 UD3T          599 16 DX HB9HQX        599 14 DX
QSO: 28116 RY 2025-09-27 1102 UD3T          599 16 DX PI4CG         599 14 DX
QSO: 28115 RY 2025-09-27 1110 UD3T          599 16 DX IZ0EHL        599 15 DX
QSO: 28115 RY 2025-09-27 1111 UD3T          599 16 DX RG0S          599 18 DX
QSO: 21124 RY 2025-09-27 1153 UD3T          599 16 DX IV3LNQ        599 15 DX
QSO: 21126 RY 2025-09-27 1153 UD3T          599 16 DX DP6K          599 14 DX
QSO: 21125 RY 2025-09-27 1154 UD3T          599 16 DX OP5T          599 14 DX
QSO: 21000 RY 2025-09-27 1155 UD3T          599 16 DX IZ7XNB        599 15 DX
QSO: 21126 RY 2025-09-27 1155 UD3T          599 16 DX DL1DTL        599 14 DX
QSO: 21000 RY 2025-09-27 1156 UD3T          599 16 DX DJ5FS         599 14 DX
QSO: 21126 RY 2025-09-27 1156 UD3T          599 16 DX JA4RMX        599 25 DX
QSO: 21126 RY 2025-09-27 1157 UD3T          599 16 DX OV9R          599 14 DX
QSO: 21126 RY 2025-09-27 1159 UD3T          599 16 DX BG2ASC        599 24 DX
QSO: 21122 RY 2025-09-27 1339 UD3T          599 16 DX PA4G          599 14 DX
QSO: 21122 RY 2025-09-27 1340 UD3T          599 16 DX SP2UUU        599 15 DX
QSO: 21123 RY 2025-09-27 1341 UD3T          599 16 DX LZ1KAU        599 20 DX
QSO: 21000 RY 2025-09-27 1342 UD3T          599 16 DX HA0GK         599 15 DX
QSO: 21000 RY 2025-09-27 1345 UD3T          599 16 DX YO3DAC        599 20 DX
QSO: 21123 RY 2025-09-27 1346 UD3T          599 16 DX SP9EMI        599 15 DX
QSO: 21123 RY 2025-09-27 1346 UD3T          599 16 DX WN7S          599 05 VA
QSO: 28000 RY 2025-09-27 1349 UD3T          599 16 DX IZ2BHQ        599 15 DX
QSO: 28116 RY 2025-09-27 1349 UD3T          599 16 DX F6FLU         599 14 DX
QSO: 28116 RY 2025-09-27 1351 UD3T          599 16 DX EE8E          599 33 DX
QSO: 28116 RY 2025-09-27 1351 UD3T          599 16 DX IK5PWS        599 15 DX
QSO: 28000 RY 2025-09-27 1353 UD3T          599 16 DX F5SDD         599 14 DX
QSO: 28119 RY 2025-09-27 1412 UD3T          599 16 DX M1D           599 14 DX
QSO: 28119 RY 2025-09-27 1412 UD3T          599 16 DX PH3BDJ        599 14 DX
QSO: 28118 RY 2025-09-27 1413 UD3T          599 16 DX ON3ONX        599 14 DX
QSO: 28119 RY 2025-09-27 1413 UD3T          599 16 DX KB1EFS        599 05 NY
QSO: 28119 RY 2025-09-27 1415 UD3T          599 16 DX AA4DD         599 04 TN
QSO: 28121 RY 2025-09-27 1417 UD3T          599 16 DX KD3TB         599 05 MD
QSO: 28119 RY 2025-09-27 1420 UD3T          599 16 DX NF0N          599 04 NE
QSO: 28120 RY 2025-09-27 1422 UD3T          599 16 DX NJ4P          599 04 TN
QSO: 28119 RY 2025-09-27 1423 UD3T          599 16 DX SP9XL         599 15 DX
QSO: 28118 RY 2025-09-27 1425 UD3T          599 16 DX UA1OMS        599 16 DX
QSO: 28119 RY 2025-09-27 1425 UD3T          599 16 DX K3LT          599 05 DE
QSO: 28119 RY 2025-09-27 1425 UD3T          599 16 DX PI4CC         599 14 DX
QSO: 28119 RY 2025-09-27 1432 UD3T          599 16 DX W9VQ          599 04 IL
QSO: 28120 RY 2025-09-27 1432 UD3T          599 16 DX W4RN          599 05 VA
QSO: 28119 RY 2025-09-27 1433 UD3T          599 16 DX K4FTO         599 05 VA
QSO: 28119 RY 2025-09-27 1435 UD3T          599 16 DX W3CRZ         599 04 OH
QSO: 28121 RY 2025-09-27 1447 UD3T          599 16 DX AA9L          599 04 WI
QSO: 28119 RY 2025-09-27 1448 UD3T          599 16 DX K3WA          599 05 NC
QSO: 28121 RY 2025-09-27 1452 UD3T          599 16 DX F4GDI         599 14 DX
QSO: 28121 RY 2025-09-27 1452 UD3T          599 16 DX N3ALN         599 05 MD
QSO: 28121 RY 2025-09-27 1454 UD3T          599 16 DX KB9DVC        599 04 IL
QSO: 28121 RY 2025-09-27 1456 UD3T          599 16 DX G2L           599 14 DX
QSO: 28121 RY 2025-09-27 1456 UD3T          599 16 DX WA2CP         599 05 NY
QSO: 28123 RY 2025-09-27 1457 UD3T          599 16 DX I2XLF         599 15 DX
QSO: 28120 RY 2025-09-27 1502 UD3T          599 16 DX AC1PK         599 05 NH
QSO: 28121 RY 2025-09-27 1503 UD3T          599 16 DX G3ZNU         599 14 DX
QSO: 21123 RY 2025-09-27 1509 UD3T          599 16 DX S53K          599 15 DX
QSO: 21125 RY 2025-09-27 1509 UD3T          599 16 DX Z33F          599 15 DX
QSO: 21123 RY 2025-09-27 1511 UD3T          599 16 DX EE8E          599 33 DX
QSO: 21126 RY 2025-09-27 1511 UD3T          599 16 DX YU1LM/QRP     599 15 DX
QSO: 14116 RY 2025-09-27 1515 UD3T          599 16 DX YU3A          599 15 DX
QSO: 14116 RY 2025-09-27 1516 UD3T          599 16 DX GM4HYG        599 14 DX
QSO: 14116 RY 2025-09-27 1516 UD3T          599 16 DX IK2SYK        599 15 DX
QSO: 14116 RY 2025-09-27 1517 UD3T          599 16 DX EE8E          599 33 DX
QSO: 14114 RY 2025-09-27 1518 UD3T          599 16 DX 2E0OBO        599 14 DX
QSO: 14116 RY 2025-09-27 1518 UD3T          599 16 DX M1D           599 14 DX
QSO: 14116 RY 2025-09-27 1518 UD3T          599 16 DX YU1NR         599 15 DX
QSO: 14116 RY 2025-09-27 1520 UD3T          599 16 DX IU1FQQ        599 15 DX
QSO: 21098 RY 2025-09-27 1802 UD3T          599 16 DX DM5TI         599 14 DX
QSO:  7054 RY 2025-09-28 0439 UD3T          599 16 DX YO4NF         599 20 DX
QSO:  7053 RY 2025-09-28 0442 UD3T          599 16 DX IO3A          599 15 DX
QSO:  7053 RY 2025-09-28 0443 UD3T          599 16 DX YU1UN         599 15 DX
QSO:  7053 RY 2025-09-28 0444 UD3T          599 16 DX RA3V          599 16 DX
QSO:  7056 RY 2025-09-28 0501 UD3T          599 16 DX SE4E          599 14 DX
QSO:  7055 RY 2025-09-28 0502 UD3T          599 16 DX IO6T          599 15 DX
QSO:  7055 RY 2025-09-28 0503 UD3T          599 16 DX RT2H          599 16 DX
QSO:  7000 RY 2025-09-28 0505 UD3T          599 16 DX YO4BEW        599 20 DX
QSO:  7055 RY 2025-09-28 0505 UD3T          599 16 DX DL2OE         599 14 DX
QSO:  7052 RY 2025-09-28 0506 UD3T          599 16 DX RX7O          599 16 DX
QSO:  7000 RY 2025-09-28 0507 UD3T          599 16 DX DK9HN         599 14 DX
QSO:  7054 RY 2025-09-28 0507 UD3T          599 16 DX DM7W          599 14 DX
QSO:  7054 RY 2025-09-28 0507 UD3T          599 16 DX YT9VM         599 15 DX
QSO: 21108 RY 2025-09-28 0513 UD3T          599 16 DX IB9T          599 15 DX
QSO: 21108 RY 2025-09-28 0513 UD3T          599 16 DX JR1AQI        599 25 DX
QSO: 21108 RY 2025-09-28 0514 UD3T          599 16 DX ON4CT         599 14 DX
QSO: 21107 RY 2025-09-28 0515 UD3T          599 16 DX 9A1A          599 15 DX
QSO: 21108 RY 2025-09-28 0516 UD3T          599 16 DX JG1LFR        599 25 DX
QSO: 21108 RY 2025-09-28 0517 UD3T          599 16 DX JJ0NIP        599 25 DX
QSO: 21107 RY 2025-09-28 0518 UD3T          599 16 DX RA0R          599 18 DX
QSO: 21107 RY 2025-09-28 0518 UD3T          599 16 DX UA0AGI        599 18 DX
QSO: 21110 RY 2025-09-28 0518 UD3T          599 16 DX JR1UMO        599 25 DX
QSO: 21106 RY 2025-09-28 0519 UD3T          599 16 DX JA4HEU        599 25 DX
QSO: 21000 RY 2025-09-28 0520 UD3T          599 16 DX JA7MCB        599 25 DX
QSO: 21108 RY 2025-09-28 0521 UD3T          599 16 DX LZ2K          599 20 DX
QSO: 21108 RY 2025-09-28 0521 UD3T          599 16 DX SN2M          599 15 DX
QSO: 21108 RY 2025-09-28 0522 UD3T          599 16 DX G9D           599 14 DX
QSO: 21108 RY 2025-09-28 0522 UD3T          599 16 DX HA5GF         599 15 DX
QSO: 21108 RY 2025-09-28 0523 UD3T          599 16 DX JA6GCE        599 25 DX
QSO: 21107 RY 2025-09-28 0528 UD3T          599 16 DX 9A5D          599 15 DX
QSO: 21106 RY 2025-09-28 0529 UD3T          599 16 NIZHEGO SV5BYP        599 20 DX
QSO: 21107 RY 2025-09-28 0529 UD3T          599 16 DX JA1QOW        599 25 DX
QSO: 21108 RY 2025-09-28 0532 UD3T          599 16 DX DQ2A          599 14 DX
QSO: 21108 RY 2025-09-28 0533 UD3T          599 16 DX Z36N          599 15 DX
QSO: 21108 RY 2025-09-28 0623 UD3T          599 16 DX UC0A          599 18 DX
QSO: 21000 RY 2025-09-28 0624 UD3T          599 16 DX UA0A          599 18 DX
QSO: 21108 RY 2025-09-28 0624 UD3T          599 16 DX HA8TKS        599 15 DX
QSO: 21109 RY 2025-09-28 0625 UD3T          599 16 DX ED7O          599 14 DX
QSO: 21106 RY 2025-09-28 0626 UD3T          599 16 DX JH1CTV        599 25 DX
QSO: 21000 RY 2025-09-28 0627 UD3T          599 16 DX JK1NSR        599 25 DX
QSO: 21108 RY 2025-09-28 0627 UD3T          599 16 DX JH1KYA        599 25 DX
QSO: 21108 RY 2025-09-28 0628 UD3T          599 16 DX BI8CZM        599 24 DX
QSO: 21108 RY 2025-09-28 0629 UD3T          599 16 DX SP2FNC        599 15 DX
QSO: 21108 RY 2025-09-28 0633 UD3T          599 16 DX DO6SR         599 14 DX
QSO: 21000 RY 2025-09-28 0634 UD3T          599 16 DX JH9FCP        599 25 DX
QSO: 21108 RY 2025-09-28 0634 UD3T          599 16 DX DP6A          599 14 DX
QSO: 21108 RY 2025-09-28 0634 UD3T          599 16 DX YO3CEN        599 20 DX
QSO: 21108 RY 2025-09-28 0637 UD3T          599 16 DX JA0IOF        599 25 DX
QSO: 21119 RY 2025-09-28 0637 UD3T          599 16 DX DK8ZZ         599 14 DX
QSO: 21000 RY 2025-09-28 0643 UD3T          599 16 DX OM2BK         599 15 DX
QSO: 21108 RY 2025-09-28 0643 UD3T          599 16 DX YO4NF         599 20 DX
QSO: 21108 RY 2025-09-28 0644 UD3T          599 16 DX HG3DX         599 15 DX
QSO: 21110 RY 2025-09-28 0645 UD3T          599 16 DX SN9S          599 15 DX
QSO: 21108 RY 2025-09-28 0646 UD3T          599 16 DX OK2PGJ        599 15 DX
QSO: 21108 RY 2025-09-28 0649 UD3T          599 16 DX SP2MKI        599 15 DX
QSO: 21108 RY 2025-09-28 0650 UD3T          599 16 DX EA1B          599 14 DX
QSO: 21108 RY 2025-09-28 0653 UD3T          599 16 DX OK1PMA        599 15 DX
QSO: 14121 RY 2025-09-28 0659 UD3T          599 16 DX IN3VVK        599 15 DX
QSO: 14121 RY 2025-09-28 0659 UD3T          599 16 DX IZ0EHL        599 15 DX
QSO: 14120 RY 2025-09-28 0700 UD3T          599 16 DX LZ1AMA        599 20 DX
QSO: 14121 RY 2025-09-28 0700 UD3T          599 16 DX WQ5OO         599 04 LA
QSO: 14121 RY 2025-09-28 0701 UD3T          599 16 DX IQ3PN         599 15 DX
QSO: 14120 RY 2025-09-28 0702 UD3T          599 16 DX EA8UE         599 33 DX
QSO: 14120 RY 2025-09-28 0703 UD3T          599 16 DX ON3ONX        599 14 DX
QSO: 14121 RY 2025-09-28 0703 UD3T          599 16 DX YT8A          599 15 DX
QSO: 14121 RY 2025-09-28 0704 UD3T          599 16 DX YU7ZZ         599 15 DX
QSO: 14121 RY 2025-09-28 0705 UD3T          599 16 DX HB9KG         599 14 DX
QSO: 28121 RY 2025-09-28 0850 UD3T          599 16 DX UC0A          599 18 DX
QSO: 28000 RY 2025-09-28 0853 UD3T          599 16 DX SN9A          599 15 DX
QSO: 21000 RY 2025-09-28 0856 UD3T          599 16 DX OZ1LFI        599 14 DX
QSO: 21000 RY 2025-09-28 0857 UD3T          599 16 DX IK5AMB        599 15 DX
QSO: 21108 RY 2025-09-28 0857 UD3T          599 16 DX OM5CM         599 15 DX
QSO: 21110 RY 2025-09-28 0857 UD3T          599 16 DX IB4B          599 15 DX
QSO: 21109 RY 2025-09-28 0859 UD3T          599 16 DX EA1GT/QRP     599 14 DX
QSO: 21111 RY 2025-09-28 0859 UD3T          599 16 DX PA7LV         599 14 DX
QSO: 21110 RY 2025-09-28 0901 UD3T          599 16 DX SE6F          599 14 DX
QSO: 21111 RY 2025-09-28 0902 UD3T          599 16 DX IO3W          599 15 DX
QSO: 21110 RY 2025-09-28 0905 UD3T          599 16 DX SV1RK         599 20 DX
QSO: 21110 RY 2025-09-28 0906 UD3T          599 16 DX IT9RKR        599 15 DX
QSO: 21110 RY 2025-09-28 0906 UD3T          599 16 DX S50W          599 15 DX
QSO: 21108 RY 2025-09-28 0907 UD3T          599 16 DX S52OT         599 15 DX
QSO: 21109 RY 2025-09-28 0907 UD3T          599 16 DX OZ7HB         599 14 DX
QSO: 21110 RY 2025-09-28 0907 UD3T          599 16 DX DP9A          599 14 DX
QSO: 21110 RY 2025-09-28 0909 UD3T          599 16 DX DL6SFR        599 14 DX
QSO: 21111 RY 2025-09-28 0912 UD3T          599 16 DX IZ0EHL        599 15 DX
QSO: 21111 RY 2025-09-28 0912 UD3T          599 16 DX YO6LM         599 20 DX
QSO: 21108 RY 2025-09-28 0913 UD3T          599 16 DX IZ5BSA        599 15 DX
QSO: 21111 RY 2025-09-28 0913 UD3T          599 16 DX OM5M          599 15 DX
QSO: 21111 RY 2025-09-28 0914 UD3T          599 16 DX DM3M          599 14 DX
QSO: 21110 RY 2025-09-28 0915 UD3T          599 16 DX IK8EQG        599 15 DX
QSO: 21000 RY 2025-09-28 0917 UD3T          599 16 DX DM2HEY        599 14 DX
QSO: 21109 RY 2025-09-28 0917 UD3T          599 16 DX EA2ESU        599 14 DX
QSO: 21110 RY 2025-09-28 0918 UD3T          599 16 DX SQ9CXC        599 15 DX
QSO: 21112 RY 2025-09-28 0919 UD3T          599 16 DX LZ1QB         599 20 DX
QSO: 21111 RY 2025-09-28 0920 UD3T          599 16 DX DL7JPH        599 14 DX
QSO: 21108 RY 2025-09-28 0922 UD3T          599 16 DX SN6U          599 15 DX
QSO: 28105 RY 2025-09-28 0924 UD3T          599 16 DX HB9RB         599 14 DX
QSO: 28079 RY 2025-09-28 0925 UD3T          599 16 DX IK4XQT        599 15 DX
QSO: 28103 RY 2025-09-28 0925 UD3T          599 16 DX F6GGA         599 14 DX
QSO: 28104 RY 2025-09-28 0926 UD3T          599 16 DX ON8NT         599 14 DX
QSO: 28105 RY 2025-09-28 0926 UD3T          599 16 DX M2J           599 14 DX
QSO: 28105 RY 2025-09-28 0928 UD3T          599 16 DX I0WBX         599 15 DX
QSO: 28104 RY 2025-09-28 0929 UD3T          599 16 DX F1IKA         599 14 DX
QSO: 28105 RY 2025-09-28 0929 UD3T          599 16 DX TM6V          599 14 DX
QSO: 28102 RY 2025-09-28 0930 UD3T          599 16 DX IK1BPL        599 15 DX
QSO: 28103 RY 2025-09-28 0931 UD3T          599 16 DX F4KOL         599 14 DX
QSO: 28104 RY 2025-09-28 0931 UD3T          599 16 DX DL2FQ         599 14 DX
QSO: 21130 RY 2025-09-28 1130 UD3T          599 16 DX TA1SOR        599 20 DX
QSO: 21131 RY 2025-09-28 1130 UD3T          599 16 DX DQ2A          599 14 DX
QSO: 21131 RY 2025-09-28 1130 UD3T          599 16 DX JE4MHL        599 25 DX
QSO: 21128 RY 2025-09-28 1131 UD3T          599 16 DX DL3DRN        599 14 DX
QSO: 21131 RY 2025-09-28 1131 UD3T          599 16 DX DK7HA         599 14 DX
QSO: 21130 RY 2025-09-28 1132 UD3T          599 16 DX DO1MAW        599 14 DX
QSO: 21131 RY 2025-09-28 1133 UD3T          599 16 DX AA3B          599 05 PA
QSO: 21131 RY 2025-09-28 1135 UD3T          599 16 DX G8S           599 14 DX
QSO: 21131 RY 2025-09-28 1135 UD3T          599 16 DX IK1NEG        599 15 DX
QSO: 21130 RY 2025-09-28 1136 UD3T          599 16 DX JI1RXQ        599 25 DX
QSO: 21130 RY 2025-09-28 1136 UD3T          599 16 DX SX8AJX        599 20 DX
QSO: 21130 RY 2025-09-28 1137 UD3T          599 16 DX R0CY          599 19 DX
QSO: 21000 RY 2025-09-28 1138 UD3T          599 16 DX DK2CC         599 14 DX
QSO: 21131 RY 2025-09-28 1138 UD3T          599 16 DX DL8TG         599 14 DX
QSO: 21131 RY 2025-09-28 1139 UD3T          599 16 DX SQ1K          599 15 DX
QSO: 21131 RY 2025-09-28 1139 UD3T          599 16 DX TM6V          599 14 DX
QSO: 21080 RY 2025-09-28 1141 UD3T          599 16 DX F6FTB         599 14 DX
QSO: 21131 RY 2025-09-28 1141 UD3T          599 16 DX ZF2SS         599 8 DX
QSO: 21131 RY 2025-09-28 1142 UD3T          599 16 DX OM3WFH        599 15 DX
QSO: 21131 RY 2025-09-28 1143 UD3T          599 16 DX OM7AG         599 15 DX
QSO: 21000 RY 2025-09-28 1144 UD3T          599 16 DX EA1EWY        599 14 DX
QSO: 21131 RY 2025-09-28 1145 UD3T          599 16 DX VE2BVV        599 05 QC
QSO: 21131 RY 2025-09-28 1148 UD3T          599 16 DX DJ4WM         599 14 DX
QSO: 21131 RY 2025-09-28 1148 UD3T          599 16 DX JH7VTE        599 25 DX
QSO: 21131 RY 2025-09-28 1148 UD3T          599 16 DX WJ1X          599 05 CT
QSO: 21131 RY 2025-09-28 1150 UD3T          599 16 DX NJ4P          599 04 TN
QSO: 21000 RY 2025-09-28 1151 UD3T          599 16 DX DK3WN         599 14 DX
QSO: 21131 RY 2025-09-28 1152 UD3T          599 16 DX AG4TT         599 05 NC
QSO: 21131 RY 2025-09-28 1153 UD3T          599 16 DX EE4M          599 14 DX
QSO: 21132 RY 2025-09-28 1153 UD3T          599 16 DX SP8CGU        599 15 DX
QSO: 21130 RY 2025-09-28 1154 UD3T          599 16 DX OE2E          599 15 DX
QSO: 21130 RY 2025-09-28 1156 UD3T          599 16 DX DF2RG         599 14 DX
QSO: 21131 RY 2025-09-28 1157 UD3T          599 16 DX K5ZD          599 04 OH
QSO: 21130 RY 2025-09-28 1158 UD3T          599 16 DX HG6Z          599 15 DX
QSO: 21130 RY 2025-09-28 1159 UD3T          599 16 DX JO7KMB        599 25 DX
QSO: 21130 RY 2025-09-28 1200 UD3T          599 16 DX RW0SR         599 18 DX
QSO: 21131 RY 2025-09-28 1201 UD3T          599 16 DX AJ4A          599 04 KY
QSO: 21129 RY 2025-09-28 1202 UD3T          599 16 DX DG2BWG        599 14 DX
QSO: 28105 RY 2025-09-28 1204 UD3T          599 16 DX HB9G          599 14 DX
QSO: 28105 RY 2025-09-28 1204 UD3T          599 16 DX TM3Z          599 14 DX
QSO: 28105 RY 2025-09-28 1206 UD3T          599 16 DX 2E0CEY        599 14 DX
QSO: 28105 RY 2025-09-28 1207 UD3T          599 16 DX PV2K          599 11 DX
QSO: 28105 RY 2025-09-28 1208 UD3T          599 16 DX II1R          599 15 DX
QSO: 28105 RY 2025-09-28 1209 UD3T          599 16 DX RA0R          599 18 DX
QSO: 28105 RY 2025-09-28 1211 UD3T          599 16 DX CR3W          599 33 DX
QSO: 28103 RY 2025-09-28 1212 UD3T          599 16 DX EA6/DK9IP     599 14 DX
QSO: 28000 RY 2025-09-28 1213 UD3T          599 16 DX SP6BEN        599 15 DX
QSO: 28107 RY 2025-09-28 1213 UD3T          599 16 DX IW1PVT        599 15 DX
QSO:  7047 RY 2025-09-28 1222 UD3T          599 16 DX EW7B          599 16 DX
QSO: 28110 RY 2025-09-28 1249 UD3T          599 16 DX ED3D          599 14 DX
QSO: 28000 RY 2025-09-28 1252 UD3T          599 16 DX IZ2JPN        599 15 DX
QSO: 28108 RY 2025-09-28 1254 UD3T          599 16 DX PA3DTR        599 14 DX
QSO: 28010 RY 2025-09-28 1256 UD3T          599 16 DX I1/DL8LR      599 15 DX
QSO: 28109 RY 2025-09-28 1256 UD3T          599 16 DX PA3EWG        599 14 DX
QSO: 28108 RY 2025-09-28 1257 UD3T          599 16 DX R6DM          599 16 DX
QSO: 28109 RY 2025-09-28 1257 UD3T          599 16 DX MW9W          599 14 DX
QSO: 28000 RY 2025-09-28 1258 UD3T          599 16 DX IU5SHF        599 15 DX
QSO: 28109 RY 2025-09-28 1300 UD3T          599 16 DX IB9T          599 15 DX
QSO: 28107 RY 2025-09-28 1302 UD3T          599 16 DX YB8EAR        599 28 DX
QSO: 28109 RY 2025-09-28 1302 UD3T          599 16 DX IK4QJF        599 15 DX
QSO: 28109 RY 2025-09-28 1303 UD3T          599 16 DX IB9R          599 15 DX
QSO: 28109 RY 2025-09-28 1303 UD3T          599 16 DX PA7LV         599 14 DX
QSO: 28109 RY 2025-09-28 1304 UD3T          599 16 DX DL1GME        599 14 DX
QSO: 28107 RY 2025-09-28 1305 UD3T          599 16 DX MM7BWK        599 14 DX
QSO: 28109 RY 2025-09-28 1307 UD3T          599 16 DX IU0LTY        599 15 DX
QSO: 28107 RY 2025-09-28 1308 UD3T          599 16 DX ON8GA         599 14 DX
QSO: 28055 RY 2025-09-28 1309 UD3T          599 16 DX DG4O          599 14 DX
QSO: 28109 RY 2025-09-28 1309 UD3T          599 16 DX PA0FVH        599 14 DX
QSO: 28109 RY 2025-09-28 1311 UD3T          599 16 DX IZ5HQB        599 15 DX
QSO: 21150 RY 2025-09-28 1315 UD3T          599 16 DX DG1LJP        599 14 DX
QSO: 21150 RY 2025-09-28 1317 UD3T          599 16 DX 9A7B          599 15 DX
QSO: 14122 RY 2025-09-28 1320 UD3T          599 16 DX IV3ZNK        599 15 DX
QSO: 14000 RY 2025-09-28 1436 UD3T          599 16 DX HB9HQX        599 14 DX
QSO: 14122 RY 2025-09-28 1439 UD3T          599 16 DX HF6UWU        599 15 DX
QSO: 14121 RY 2025-09-28 1440 UD3T          599 16 DX EA1X          599 14 DX
QSO: 14122 RY 2025-09-28 1440 UD3T          599 16 DX DL5ASK        599 14 DX
QSO: 14122 RY 2025-09-28 1441 UD3T          599 16 DX IV3JAK        599 15 DX
QSO: 14121 RY 2025-09-28 1442 UD3T          599 16 DX DL1ZBO        599 14 DX
QSO: 14122 RY 2025-09-28 1444 UD3T          599 16 DX JH9CEN        599 25 DX
QSO: 14120 RY 2025-09-28 1445 UD3T          599 16 DX HG6C          599 15 DX
QSO: 14122 RY 2025-09-28 1447 UD3T          599 16 DX DL1EHG        599 14 DX
QSO: 14122 RY 2025-09-28 1448 UD3T          599 16 DX PE1PIX        599 14 DX
QSO: 14123 RY 2025-09-28 1449 UD3T          599 16 DX SN9S          599 15 DX
QSO: 21118 RY 2025-09-28 1510 UD3T          599 16 DX K5VIP         599 05 VA
QSO: 21116 RY 2025-09-28 1511 UD3T          599 16 DX EA5BH         599 14 DX
QSO: 21118 RY 2025-09-28 1511 UD3T          599 16 DX GW4W          599 14 DX
QSO: 21118 RY 2025-09-28 1511 UD3T          599 16 DX W9ILY         599 04 IL
QSO: 21117 RY 2025-09-28 1512 UD3T          599 16 DX ON4APU        599 14 DX
QSO: 21118 RY 2025-09-28 1513 UD3T          599 16 DX M0KKM         599 14 DX
QSO: 21118 RY 2025-09-28 1515 UD3T          599 16 DX SN3C          599 15 DX
QSO: 21118 RY 2025-09-28 1515 UD3T          599 16 DX W2CDO         599 05 MD
QSO: 21120 RY 2025-09-28 1517 UD3T          599 16 DX AI4DB         599 04 TN
END-OF-LOG:
