START-OF-LOG: 3.0
CREATED-BY: ua9qcq-rda-ubn-downloader
CONTEST: RDA
CALLSIGN: OH1MM
CATEGORY-OPERATOR: SINGLE-OP
CATEGORY-BAND: ALL
CATEGORY-MODE: MIXED
CATEGORY-ASSISTED: 
CATEGORY-TRANSMITTER: ONE
CATEGORY-STATION: 
CATEGORY-POWER: HIGH
OPERATORS: OH1MM
QSO: 14195 PH 2021-08-21 0835 OH1MM         59  0001   R1BIG         59  SP10  
QSO: 14148 PH 2021-08-21 1230 OH1MM         59  0002   R5VCJ/P       59  VL12  
QSO: 14129 PH 2021-08-21 1231 OH1MM         59  0003   RK3E/P        59  OR23  
QSO: 14037 CW 2021-08-21 1239 OH1MM         599 0004   RA7KW/P       599 RK15  
QSO: 14022 CW 2021-08-21 1240 OH1MM         599 0005   R5RT/P        599 TB29  
QSO: 14034 CW 2021-08-21 1242 OH1MM         599 0006   RN3AC/P       599 TV32  
QSO: 14054 CW 2021-08-21 1429 OH1MM         599 0007   UB8O/P        599 NS30  
QSO: 14003 CW 2021-08-21 1439 OH1MM         599 0008   RX9KT/6       599 RO49  
QSO: 14020 CW 2021-08-21 1442 OH1MM         599 0009   RF9C/P        599 SV52  
QSO: 14035 CW 2021-08-21 1444 OH1MM         599 0010   UA9BA         599 CB38  
QSO: 14039 CW 2021-08-21 1445 OH1MM         599 0011   RU0LL/P       599 PK26  
QSO:  7087 PH 2021-08-21 1508 OH1MM         59  0012   RU5A/P        59  KG19  
QSO: 14015 CW 2021-08-21 1524 OH1MM         599 0013   R7MM          599 RO22  
QSO: 14040 CW 2021-08-21 1527 OH1MM         599 0014   R6AP          599 KR01  
QSO: 14062 CW 2021-08-21 1532 OH1MM         599 0015   RT5P          599 TL14  
QSO: 14038 CW 2021-08-21 1539 OH1MM         599 0016   R4IO          599 SR13  
QSO: 14025 CW 2021-08-21 1541 OH1MM         599 0017   R8TA          599 OB14  
QSO: 14049 CW 2021-08-21 1547 OH1MM         599 0018   RU9TN         599 OB10  
QSO: 14032 CW 2021-08-21 1548 OH1MM         599 0019   R3OR/P        599 VR33  
QSO: 14028 CW 2021-08-21 1550 OH1MM         599 0020   R7LV          599 RO44  
QSO: 14040 CW 2021-08-21 1552 OH1MM         599 0021   UB3DDA/P      599 MO83  
QSO: 14023 CW 2021-08-21 1555 OH1MM         599 0022   RG4A          599 VG23  
QSO: 14014 CW 2021-08-21 1557 OH1MM         599 0023   R3ZZ          599 BO27  
QSO: 14019 CW 2021-08-21 1604 OH1MM         599 0024   RM3F          599 MO60  
QSO: 14021 CW 2021-08-21 1607 OH1MM         599 0025   R4ACY/P       599 VG17  
QSO:  7026 CW 2021-08-21 1608 OH1MM         599 0026   R4MM          599 UL01  
QSO:  7025 CW 2021-08-21 1609 OH1MM         599 0027   RQ9O/P        599 NS20  
QSO:  7017 CW 2021-08-21 1613 OH1MM         599 0028   R1CX/P        599 LO26  
QSO:  7024 CW 2021-08-21 1614 OH1MM         599 0029   UA1OJL        599 AR01  
QSO:  7032 CW 2021-08-21 1615 OH1MM         599 0030   R5DC/P        599 MO83  
QSO:  7029 CW 2021-08-21 1617 OH1MM         599 0031   RC2A          599 MO88  
QSO:  7019 CW 2021-08-21 1620 OH1MM         599 0032   RC1W          599 PS12  
QSO:  7037 CW 2021-08-21 1621 OH1MM         599 0033   RT4P/P        599 TA63  
QSO:  7001 CW 2021-08-21 1622 OH1MM         599 0034   RA0SMS        599 IR26  
QSO:  7008 CW 2021-08-21 1623 OH1MM         599 0035   RC9A          599 CB27  
QSO:  7031 CW 2021-08-21 1624 OH1MM         599 0036   RN4HAB        599 SR02  
QSO:  7032 CW 2021-08-21 1625 OH1MM         599 0037   R4WAA/P       599 UD17  
QSO: 14001 CW 2021-08-21 1656 OH1MM         599 0038   R4RN/P        599 TA58  
QSO: 14045 CW 2021-08-21 1657 OH1MM         599 0039   RX6AM         599 KR06  
QSO: 14007 CW 2021-08-21 1700 OH1MM         599 0040   UA4HAZ/P      599 SR24  
QSO:  7029 CW 2021-08-21 1717 OH1MM         599 0041   UA4NE/P       599 KI33  
QSO:  7034 CW 2021-08-21 1718 OH1MM         599 0042   R8WO          599 BA55  
QSO:  7023 CW 2021-08-21 1719 OH1MM         599 0043   UA6CC         599 KR35  
QSO:  7003 CW 2021-08-21 1720 OH1MM         599 0044   RM7M/P        599 RO31  
QSO:  7015 CW 2021-08-21 1722 OH1MM         599 0045   RK9AX         599 CB50  
QSO:  7017 CW 2021-08-21 1723 OH1MM         599 0046   RV3YR         599 BR01  
QSO:  7031 CW 2021-08-21 1725 OH1MM         599 0047   RM3G          599 LP23  
QSO:  7012 CW 2021-08-21 1727 OH1MM         599 0048   RW4AD         599 VG04  
QSO:  7024 CW 2021-08-21 1730 OH1MM         599 0049   UA4PWR/P      599 TA43  
QSO:  7039 CW 2021-08-21 1853 OH1MM         599 0050   RJ9J          599 HM03  
QSO:  7038 CW 2021-08-21 1855 OH1MM         599 0051   R8FT          599 PM50  
QSO:  7040 CW 2021-08-21 1856 OH1MM         599 0052   RU7K          599 RK03  
QSO:  7012 CW 2021-08-21 1901 OH1MM         599 0053   RM7C          599 KR09  
QSO:  7024 CW 2021-08-21 1902 OH1MM         599 0054   RT4W          599 UD05  
QSO:  7021 CW 2021-08-21 1907 OH1MM         599 0055   RC9J          599 HM11  
QSO:  7004 CW 2021-08-21 1908 OH1MM         599 0056   R4SA          599 MR02  
QSO:  7010 CW 2021-08-21 1909 OH1MM         599 0057   RD0A          599 KK49  
QSO:  7013 CW 2021-08-21 1910 OH1MM         599 0058   R7RC          599 SE01  
QSO:  7021 CW 2021-08-21 1911 OH1MM         599 0059   R9XAL         599 KO12  
QSO:  7006 CW 2021-08-21 1914 OH1MM         599 0060   RG2A          599 MO58  
QSO:  7029 CW 2021-08-21 1917 OH1MM         599 0061   RA1WZ         599 PS16  
QSO:  7015 CW 2021-08-21 1921 OH1MM         599 0062   RA2F          599 KA02  
QSO:  7014 CW 2021-08-21 1922 OH1MM         599 0063   RO9A          599 CB06  
QSO:  3531 CW 2021-08-21 1925 OH1MM         599 0064   RU4PU         599 TA29  
QSO:  3520 CW 2021-08-21 1926 OH1MM         599 0065   UA3EDQ        599 OR17  
QSO:  3519 CW 2021-08-21 1927 OH1MM         599 0066   RV4AS         599 VG22  
QSO:  3528 CW 2021-08-21 1928 OH1MM         599 0067   UA3YFL        599 BR01  
QSO:  3525 CW 2021-08-21 1930 OH1MM         599 0068   R4DD/P        599 SA24  
QSO:  3515 CW 2021-08-21 1936 OH1MM         599 0069   R6CZ/P        599 RK26  
QSO:  3509 CW 2021-08-21 1937 OH1MM         599 0070   R4RN/P        599 TA58  
QSO:  3533 CW 2021-08-21 1938 OH1MM         599 0071   RX6CB         599 KR66  
QSO:  3537 CW 2021-08-21 1939 OH1MM         599 0072   RT6C          599 KR60  
QSO:  7034 CW 2021-08-21 1943 OH1MM         599 0073   RV3A/6        599 RK07  
QSO:  7032 CW 2021-08-21 1945 OH1MM         599 0074   RM3TO         599 NN20  
QSO:  7024 CW 2021-08-21 1949 OH1MM         599 0075   R4FD/P        599 RO64  
QSO:  7032 CW 2021-08-21 1952 OH1MM         599 0076   RU3A          599 MO64  
QSO:  7024 CW 2021-08-22 0507 OH1MM         599 0077   UA6AKD        599 KR57  
QSO:  7030 CW 2021-08-22 0509 OH1MM         599 0078   RJ7M          599 RO49  
QSO:  7028 CW 2021-08-22 0526 OH1MM         599 0079   RN3S          599 RA03  
QSO:  7021 CW 2021-08-22 0530 OH1MM         599 0080   R1NW          599 KL19  
QSO:  7007 CW 2021-08-22 0532 OH1MM         599 0081   RU3KO/P       599 VR13  
QSO:  7031 CW 2021-08-22 0533 OH1MM         599 0082   UG4A          599 VG09  
QSO:  7010 CW 2021-08-22 0537 OH1MM         599 0083   RW3AI         599 MA02  
QSO:  7039 CW 2021-08-22 0538 OH1MM         599 0084   RA3DX         599 MO10  
QSO:  7020 CW 2021-08-22 0540 OH1MM         599 0085   RT3C          599 MO52  
QSO:  7030 CW 2021-08-22 0541 OH1MM         599 0086   RX9CC         599 SV37  
QSO:  7025 CW 2021-08-22 0542 OH1MM         599 0087   R3CW          599 MA09  
QSO:  7018 CW 2021-08-22 0543 OH1MM         599 0088   RM4F          599 PE24  
QSO: 14021 CW 2021-08-22 0547 OH1MM         599 0089   R0RT          599 IR05  
QSO: 14033 CW 2021-08-22 0552 OH1MM         599 0090   RT0O          599 BU22  
QSO: 14022 CW 2021-08-22 0553 OH1MM         599 0091   RK8I          599 TO23  
QSO: 14015 CW 2021-08-22 0555 OH1MM         599 0092   RM9T          599 OB13  
QSO: 14037 CW 2021-08-22 0557 OH1MM         599 0093   UA0CID/P      599 HK18  
QSO: 14021 CW 2021-08-22 0719 OH1MM         599 0094   RX0L          599 PK12  
QSO: 14017 CW 2021-08-22 0721 OH1MM         599 0095   RM8Y          599 AL05  
QSO: 14056 CW 2021-08-22 0722 OH1MM         599 0096   RA4DAR        599 SA22  
QSO: 14038 CW 2021-08-22 0724 OH1MM         599 0097   RW3YA         599 BR04  
QSO: 14035 CW 2021-08-22 0724 OH1MM         599 0098   RN6AT         599 KR49  
QSO: 14030 CW 2021-08-22 0725 OH1MM         599 0099   RG2A          599 MO58  
QSO: 14028 CW 2021-08-22 0726 OH1MM         599 0100   RM4F          599 PE24  
QSO: 14019 CW 2021-08-22 0732 OH1MM         599 0101   UA0QN/P       599 YA23  
QSO: 14068 CW 2021-08-22 0733 OH1MM         599 0102   RJ9I          599 TO22  
END-OF-LOG:
