START-OF-LOG: 3.0
CREATED-BY: ua9qcq-rda-ubn-downloader
CONTEST: RDA
CALLSIGN: PA5DX
CATEGORY-OPERATOR: SINGLE-OP
CATEGORY-BAND: ALL
CATEGORY-MODE: SSB
CATEGORY-ASSISTED: 
CATEGORY-TRANSMITTER: ONE
CATEGORY-STATION: 
CATEGORY-POWER: LOW
OPERATORS: PA5DX
QSO: 14200 PH 2021-08-21 0815 PA5DX         59  0001   RM4HZ         59  SR36  
QSO: 14200 PH 2021-08-21 0816 PA5DX         59  0002   RW1CW         59  LO23  
QSO: 14200 PH 2021-08-21 0818 PA5DX         59  0003   R3TE          59  NN05  
QSO: 14200 PH 2021-08-21 0818 PA5DX         59  0004   RC9X          59  KO10  
QSO: 14200 PH 2021-08-21 0818 PA5DX         59  0005   RC9AR         59  CB20  
QSO: 14200 PH 2021-08-21 0822 PA5DX         59  0006   R1BIG/P       59  SP10  
QSO: 14200 PH 2021-08-21 0823 PA5DX         59  0007   R1YY          59  MU22  
QSO: 14200 PH 2021-08-21 0824 PA5DX         59  0008   RU4CK/P       59  SA40  
QSO: 14200 PH 2021-08-21 0825 PA5DX         59  0009   RT2H          59  MO44  
QSO: 14200 PH 2021-08-21 0826 PA5DX         59  0010   R3LC          59  SM02  
QSO: 14200 PH 2021-08-21 0827 PA5DX         59  0011   UA3OQ         59  VR02  
QSO: 14200 PH 2021-08-21 0827 PA5DX         59  0012   RU3VQ         59  VL21  
QSO: 14200 PH 2021-08-21 0828 PA5DX         59  0013   R9JAD         59  HM07  
QSO: 14200 PH 2021-08-21 0829 PA5DX         59  0014   R5RC          59  TB16  
QSO: 14200 PH 2021-08-21 0829 PA5DX         59  0015   RV9CME        59  SV76  
QSO: 14200 PH 2021-08-21 0830 PA5DX         59  0016   R9RA          59  KN10  
QSO: 14200 PH 2021-08-21 0832 PA5DX         59  0017   RZ9AD         59  CB20  
QSO: 14200 PH 2021-08-21 0832 PA5DX         59  0018   UA4PWR/P      59  TA43  
QSO: 14200 PH 2021-08-21 0834 PA5DX         59  0019   RZ3DJU        59  MO44  
QSO: 14200 PH 2021-08-21 0836 PA5DX         59  0020   UA4AVN/P      59  VG41  
QSO: 14200 PH 2021-08-21 0837 PA5DX         59  0021   R7NP          59  RO12  
QSO: 14200 PH 2021-08-21 0838 PA5DX         59  0022   R9YBW         59  AL38  
QSO: 14200 PH 2021-08-21 0842 PA5DX         59  0023   R1CAV         59  SP12  
QSO: 14200 PH 2021-08-21 0842 PA5DX         59  0024   R4FET         59  PE32  
QSO: 14200 PH 2021-08-21 0843 PA5DX         59  0025   UA4FDK        59  PE09  
QSO: 14200 PH 2021-08-21 0843 PA5DX         59  0026   R9FDM         59  PM39  
QSO: 14200 PH 2021-08-21 0846 PA5DX         59  0027   UB3ERL        59  LP08  
QSO: 14200 PH 2021-08-21 0847 PA5DX         59  0028   R3RZ          59  TB09  
QSO: 14200 PH 2021-08-21 0847 PA5DX         59  0029   R9CS/P        59  SV58  
QSO: 14200 PH 2021-08-21 0848 PA5DX         59  0030   R4HCS         59  SR13  
QSO: 14200 PH 2021-08-21 0848 PA5DX         59  0031   RW0A          59  KK33  
QSO: 14200 PH 2021-08-21 0853 PA5DX         59  0032   R4IB          59  SR39  
QSO: 14200 PH 2021-08-21 0856 PA5DX         59  0033   RA3TNC/P      59  NN42  
QSO: 14200 PH 2021-08-21 0857 PA5DX         59  0034   RX9KT/6       59  RO49  
QSO: 14200 PH 2021-08-21 0903 PA5DX         59  0035   RA3VA         59  VL07  
QSO: 14200 PH 2021-08-21 0904 PA5DX         59  0036   R4FCJ         59  PE06  
QSO: 14200 PH 2021-08-21 0904 PA5DX         59  0037   R2DAW         59  MO94  
QSO: 14200 PH 2021-08-21 0905 PA5DX         59  0038   R6LBK/P       59  RO09  
QSO: 14200 PH 2021-08-21 0906 PA5DX         59  0039   UA8S          59  OB06  
QSO: 14200 PH 2021-08-21 0907 PA5DX         59  0040   RA3GAA        59  LP05  
QSO: 14200 PH 2021-08-21 0908 PA5DX         59  0041   RN3T          59  NN07  
QSO: 14200 PH 2021-08-21 0908 PA5DX         59  0042   R1FZ          59  SP19  
QSO: 14164 PH 2021-08-21 0910 PA5DX         59  0043   R4CU/P        59  SA24  
QSO: 14200 PH 2021-08-21 0910 PA5DX         59  0043   RC2SB/P       59  RA22  
QSO: 14200 PH 2021-08-21 0910 PA5DX         59  0044   RZ9L          59  TN01  
QSO: 14200 PH 2021-08-21 0911 PA5DX         59  0045   RA0AY         59  KK08  
QSO: 14200 PH 2021-08-21 0919 PA5DX         59  0046   UG3A          59  MA09  
QSO: 14200 PH 2021-08-21 0922 PA5DX         59  0047   UA4AVG        59  VG07  
QSO: 14200 PH 2021-08-21 0922 PA5DX         59  0048   UA6HML        59  ST21  
QSO: 14200 PH 2021-08-21 0923 PA5DX         59  0049   UA1WA         59  PS01  
QSO: 14200 PH 2021-08-21 0923 PA5DX         59  0050   R3MBD         59  MO77  
QSO: 14200 PH 2021-08-21 0924 PA5DX         59  0051   UB8A          59  CB02  
QSO: 14200 PH 2021-08-21 0925 PA5DX         59  0052   RA3DSV        59  MO60  
QSO: 14200 PH 2021-08-21 0925 PA5DX         59  0053   R9NB          59  OM01  
QSO: 14200 PH 2021-08-21 0927 PA5DX         59  0054   R2DYA         59  MO89  
QSO: 14200 PH 2021-08-21 0927 PA5DX         59  0055   UF8C          59  SV27  
QSO: 14200 PH 2021-08-21 0928 PA5DX         59  0056   RV4CU         59  SA26  
QSO: 14200 PH 2021-08-21 0929 PA5DX         59  0057   RA1AGJ/P      59  NV07  
QSO: 14200 PH 2021-08-21 0930 PA5DX         59  0058   UA1ZJV        59  MU05  
QSO: 14200 PH 2021-08-21 0931 PA5DX         59  0059   UA9CED        59  SV45  
QSO: 14200 PH 2021-08-21 0932 PA5DX         59  0060   RD8D          59  SV45  
QSO: 14200 PH 2021-08-21 0933 PA5DX         59  0061   R3TM/P        59  NN35  
QSO: 14200 PH 2021-08-21 0934 PA5DX         59  0062   R9AB          59  CB22  
QSO: 14200 PH 2021-08-21 0934 PA5DX         59  0063   RK3E/P        59  OR23  
QSO: 14200 PH 2021-08-21 0935 PA5DX         59  0064   RO3F          59  MO44  
QSO: 14200 PH 2021-08-21 0936 PA5DX         59  0065   RZ9P          59  NS21  
QSO: 14200 PH 2021-08-21 0937 PA5DX         59  0066   RA3R          59  TB02  
QSO: 14200 PH 2021-08-21 0939 PA5DX         59  0067   R3DCB         59  MO22  
QSO: 14200 PH 2021-08-21 0939 PA5DX         59  0068   RW1F          59  LO30  
QSO: 14200 PH 2021-08-21 0939 PA5DX         59  0069   UA9AX         59  CB13  
QSO: 14200 PH 2021-08-21 0940 PA5DX         59  0070   RX9CCJ        59  SV37  
QSO: 14200 PH 2021-08-21 0941 PA5DX         59  0071   R3DAB         59  MO34  
QSO: 14200 PH 2021-08-21 0943 PA5DX         59  0072   UA9CUA        59  SV28  
QSO: 14200 PH 2021-08-21 0944 PA5DX         59  0073   R3MB          59  YR01  
QSO: 14200 PH 2021-08-21 0944 PA5DX         59  0074   RZ9WU         59  BA47  
QSO: 14200 PH 2021-08-21 0945 PA5DX         59  0075   RA1ANM/P      59  SP17  
QSO: 14200 PH 2021-08-21 0946 PA5DX         59  0076   R5DC/P        59  MO83  
QSO: 14200 PH 2021-08-21 0948 PA5DX         59  0077   RU9W          59  BA73  
QSO: 14200 PH 2021-08-21 0949 PA5DX         59  0078   RY9YAD/P      59  AL69  
QSO: 14200 PH 2021-08-21 0950 PA5DX         59  0079   RU3KO/P       59  VR13  
QSO: 14200 PH 2021-08-21 0951 PA5DX         59  0080   R3OM          59  VR09  
QSO: 14200 PH 2021-08-21 0954 PA5DX         59  0081   RA0QD         59  YA39  
QSO: 14200 PH 2021-08-21 0955 PA5DX         59  0082   RA4HBS        59  SR32  
QSO: 14200 PH 2021-08-21 0957 PA5DX         59  0083   UA9CES        59  SV15  
QSO: 14200 PH 2021-08-21 1000 PA5DX         59  0084   UA1WCF        59  PS26  
QSO: 14200 PH 2021-08-21 1002 PA5DX         59  0085   UA3DFR        59  MO01  
QSO: 14200 PH 2021-08-21 1003 PA5DX         59  0086   RC5Z          59  BO05  
QSO: 14200 PH 2021-08-21 1004 PA5DX         59  0087   R4LBJ         59  UL06  
QSO: 14200 PH 2021-08-21 1005 PA5DX         59  0088   R5FN          59  MO94  
QSO: 14200 PH 2021-08-21 1006 PA5DX         59  0089   UB3PEH        59  TL11  
QSO: 14200 PH 2021-08-21 1007 PA5DX         59  0090   R6DBT         59  KR58  
QSO: 14200 PH 2021-08-21 1008 PA5DX         59  0091   R0QAF         59  YA01  
QSO: 14200 PH 2021-08-21 1011 PA5DX         59  0092   R7TD          59  ST03  
QSO: 14200 PH 2021-08-21 1012 PA5DX         59  0093   R3AAA         59  MA02  
QSO: 14200 PH 2021-08-21 1013 PA5DX         59  0094   RM7C          59  KR09  
QSO: 14200 PH 2021-08-21 1016 PA5DX         59  0095   RN6DR         59  KR15  
QSO: 14200 PH 2021-08-21 1018 PA5DX         59  0096   RT9YA         59  AL03  
QSO: 14200 PH 2021-08-21 1018 PA5DX         59  0097   RM3DA         59  MO59  
QSO: 14200 PH 2021-08-21 1018 PA5DX         59  0098   R9FAX         59  PM26  
QSO: 14200 PH 2021-08-21 1020 PA5DX         59  0099   RU4HU/P       59  SR33  
QSO: 14200 PH 2021-08-21 1137 PA5DX         59  0100   RA9MX/P       59  OM17  
QSO: 14200 PH 2021-08-21 1138 PA5DX         59  0101   RU5A/P        59  KG19  
QSO: 14200 PH 2021-08-21 1138 PA5DX         59  0102   UA9R          59  KN01  
QSO: 14200 PH 2021-08-21 1140 PA5DX         59  0103   RD8B/P        59  SV22  
QSO: 14200 PH 2021-08-21 1141 PA5DX         59  0104   RA9AMO        59  CB01  
QSO: 14200 PH 2021-08-21 1142 PA5DX         59  0105   UF5D          59  MO36  
QSO: 14200 PH 2021-08-21 1143 PA5DX         59  0106   RV6AVU        59  KR28  
QSO: 14200 PH 2021-08-21 1145 PA5DX         59  0107   UB8S          59  OB02  
QSO: 14200 PH 2021-08-21 1145 PA5DX         59  0108   RA4LBS/3      59  MO08  
QSO: 14200 PH 2021-08-21 1146 PA5DX         59  0109   RK3IT         59  TV04  
QSO: 14200 PH 2021-08-21 1147 PA5DX         59  0110   RK9ULD        59  KE15  
QSO: 14200 PH 2021-08-21 1149 PA5DX         59  0111   RW3QW         59  VR22  
QSO: 14200 PH 2021-08-21 1149 PA5DX         59  0112   UA9FLK        59  PM05  
QSO: 14200 PH 2021-08-21 1150 PA5DX         59  0113   RA3WEO        59  KU32  
QSO: 14200 PH 2021-08-21 1151 PA5DX         59  0114   UA0A          59  KK18  
QSO: 14200 PH 2021-08-21 1152 PA5DX         59  0115   R2FBK/P       59  KA15  
QSO: 14200 PH 2021-08-21 1153 PA5DX         59  0116   RW9TP/P       59  OB59  
QSO: 14200 PH 2021-08-21 1156 PA5DX         59  0117   RA9AU         59  CB20  
QSO: 14200 PH 2021-08-21 1157 PA5DX         59  0118   R3YAU         59  BR16  
QSO: 14200 PH 2021-08-21 1159 PA5DX         59  0119   UA6AVA        59  KR33  
QSO: 14200 PH 2021-08-21 1201 PA5DX         59  0120   RA9FDR/P      59  PM25  
QSO: 14200 PH 2021-08-21 1203 PA5DX         59  0121   RA6LIS        59  RO27  
QSO: 14200 PH 2021-08-21 1204 PA5DX         59  0122   R2EL          59  OR02  
QSO: 14200 PH 2021-08-21 1206 PA5DX         59  0123   RN4ZT         59  CU05  
QSO: 14200 PH 2021-08-21 1208 PA5DX         59  0124   R6DIR         59  KR45  
QSO: 14200 PH 2021-08-21 1209 PA5DX         59  0125   UA1D          59  LO25  
QSO: 14200 PH 2021-08-21 1210 PA5DX         59  0126   RX3N/P        59  KS15  
QSO: 21200 PH 2021-08-21 1212 PA5DX         59  0127   RW1F          59  LO30  
QSO: 14200 PH 2021-08-21 1214 PA5DX         59  0129   R2DKK         59  MO10  
QSO: 28000 PH 2021-08-21 1215 PA5DX         59  0128   RW1F          59  LO30  
QSO: 14200 PH 2021-08-21 1218 PA5DX         59  0130   R5RT/P        59  TB29  
QSO: 14200 PH 2021-08-21 1219 PA5DX         59  0131   RK9AX         59  CB50  
QSO: 14200 PH 2021-08-21 1224 PA5DX         59  0132   R4FCN/P       59  VL18  
QSO: 14200 PH 2021-08-21 1225 PA5DX         59  0133   RA4CL         59  SA05  
QSO: 14200 PH 2021-08-21 1226 PA5DX         59  0134   R3SM/P        59  RA27  
QSO: 14200 PH 2021-08-21 1226 PA5DX         59  0135   RA3Y          59  BR10  
QSO: 14200 PH 2021-08-21 1227 PA5DX         59  0136   UA9URI        59  KE21  
QSO: 14200 PH 2021-08-21 1228 PA5DX         59  0137   R2ADJ/P       59  SA23  
QSO: 14200 PH 2021-08-21 1229 PA5DX         59  0138   UB5MBA        59  YR05  
QSO: 14200 PH 2021-08-21 1233 PA5DX         59  0139   RG1A          59  SP05  
QSO: 14200 PH 2021-08-21 1236 PA5DX         59  0140   R3WZ          59  KU01  
QSO: 14200 PH 2021-08-21 1237 PA5DX         59  0141   UA4PDJ/P      59  TA35  
QSO: 14200 PH 2021-08-21 1239 PA5DX         59  0142   RD2E          59  OR02  
QSO: 14200 PH 2021-08-21 1241 PA5DX         59  0143   RA6ANN        59  KR38  
QSO: 14200 PH 2021-08-21 1243 PA5DX         59  0144   UD3K/P        59  UA24  
QSO: 14200 PH 2021-08-21 1244 PA5DX         59  0145   R7IA/P        59  KM10  
QSO: 14200 PH 2021-08-21 1245 PA5DX         59  0146   UB3RFN        59  TB05  
QSO: 14200 PH 2021-08-21 1246 PA5DX         59  0147   RN3FY         59  MO21  
QSO: 14200 PH 2021-08-21 1247 PA5DX         59  0148   RN2F/P        59  KA15  
QSO: 14200 PH 2021-08-21 1251 PA5DX         59  0149   RW3S          59  RA18  
QSO: 14200 PH 2021-08-21 1252 PA5DX         59  0150   RT2P          59  TL37  
QSO: 14200 PH 2021-08-21 1254 PA5DX         59  0151   RT3C          59  MO52  
QSO: 14170 PH 2021-08-21 1255 PA5DX         59  0039   UA8S          59  OB06  
QSO: 14200 PH 2021-08-21 1257 PA5DX         59  0152   RZ3DW         59  MO44  
QSO: 14200 PH 2021-08-21 1555 PA5DX         59  0153   R2QA          59  VR37  
QSO: 14200 PH 2021-08-21 1557 PA5DX         59  0154   RN4AX         59  VG08  
QSO: 14200 PH 2021-08-21 1557 PA5DX         59  0155   UA6AH         59  KR24  
QSO: 14200 PH 2021-08-21 1558 PA5DX         59  0156   RC7LK         59  RO22  
QSO: 14000 PH 2021-08-21 1603 PA5DX         59  0141   UA4PDJ/P      59  TA35  
QSO: 14226 PH 2021-08-21 1605 PA5DX         59  0156   UA4PWR/P      59  TA43  
QSO: 14200 PH 2021-08-21 1607 PA5DX         59  0157   RV4CK         59  SA27  
QSO:  7125 PH 2021-08-21 1621 PA5DX         59  0158   R5DC/P        59  MO83  
QSO:  7125 PH 2021-08-21 1630 PA5DX         59  0159   R1FZ          59  SP19  
QSO:  7125 PH 2021-08-21 1650 PA5DX         59  0160   RW1F          59  LO30  
QSO:  7125 PH 2021-08-21 1652 PA5DX         59  0161   UA1CF         59  PS26  
QSO: 14188 PH 2021-08-21 1700 PA5DX         59  0162   RV3YR         59  BR01  
QSO: 14200 PH 2021-08-21 1703 PA5DX         59  0163   R0AH          59  KK08  
QSO: 14200 PH 2021-08-21 1704 PA5DX         59  0164   RK3AF         59  MO73  
QSO: 14200 PH 2021-08-21 1707 PA5DX         59  0165   UB3DUV        59  MO44  
QSO:  7127 PH 2021-08-21 1819 PA5DX         59  0166   R3CDX         59  MO22  
QSO:  7133 PH 2021-08-21 1821 PA5DX         59  0167   RK3E/P        59  OR23  
QSO:  7133 PH 2021-08-21 1823 PA5DX         59  0168   RW9QA         59  KN01  
QSO:  7133 PH 2021-08-21 1824 PA5DX         59  0169   RW9TP/P       59  OB59  
QSO:  7133 PH 2021-08-21 1824 PA5DX         59  0170   R4FCN/P       59  VL18  
QSO:  7133 PH 2021-08-21 1825 PA5DX         59  0171   RA3DKV        59  MO60  
QSO:  7133 PH 2021-08-21 1826 PA5DX         59  0172   RA1ANM/P      59  SP17  
QSO:  7133 PH 2021-08-21 1832 PA5DX         59  0173   UA9R          59  KN01  
QSO:  7133 PH 2021-08-21 1833 PA5DX         59  0174   RA3TNC/P      59  NN42  
QSO:  7133 PH 2021-08-21 1843 PA5DX         59  0175   R9CS/P        59  SV58  
QSO:  7133 PH 2021-08-21 1845 PA5DX         59  0176   RO2B          59  MA11  
QSO:  7133 PH 2021-08-21 1846 PA5DX         59  0177   UA4FDK        59  PE09  
QSO:  7133 PH 2021-08-21 1846 PA5DX         59  0178   RU4HU/P       59  SR33  
QSO:  7133 PH 2021-08-21 1847 PA5DX         59  0179   UB8AAT        59  CB45  
QSO:  7133 PH 2021-08-21 1849 PA5DX         59  0180   RU2F          59  KA02  
QSO:  7133 PH 2021-08-21 1850 PA5DX         59  0181   RD8B/P        59  SV24  
QSO:  7133 PH 2021-08-21 1850 PA5DX         59  0182   R2DKK         59  MO10  
QSO:  7133 PH 2021-08-21 1853 PA5DX         59  0183   RT8U          59  KE32  
QSO:  7133 PH 2021-08-21 1854 PA5DX         59  0184   R5ACQ         59  KG13  
QSO:  7133 PH 2021-08-21 1857 PA5DX         59  0185   R1CBL/P       59  LO24  
QSO:  3768 PH 2021-08-21 1918 PA5DX         59  0186   R1FZ          59  SP19  
END-OF-LOG:
