START-OF-LOG: 3.0
CREATED-BY: HMRA public YU DX downloader
CONTEST: YU-DX-CONTEST
CALLSIGN: IK5MEP
OPERATORS: IK5MEP
CATEGORY: B. (SO-AB-CW-LP <= 100 W) (Out of Serbia)
CATEGORY-OPERATOR: SINGLE-OP
CATEGORY-BAND: ALL
CATEGORY-MODE: CW
CATEGORY-POWER: LOW
SOAPBOX: Recreated from YU DX public QSO table for 2023.
SOAPBOX: Public Error Summary rows are ignored; QSO rows include adjudication status.
SOAPBOX: Source: https://yudx.yu1srs.org.rs/results?year=2023
SOAPBOX: Published final score: 120.
QSO: 14000 CW 2023-04-15 1324 IK5MEP        599 1          YU1KT         599 BGD       
QSO: 14000 CW 2023-04-15 1326 IK5MEP        599 2          YT7X          599 SRM       
QSO: 21000 CW 2023-04-15 1333 IK5MEP        599 3          CT1ELZ        599 25        
QSO: 21000 CW 2023-04-15 1336 IK5MEP        599 4          EW1TZ         599 1         
QSO: 21000 CW 2023-04-15 1337 IK5MEP        599 5          EU8U          599 70        
QSO: 21000 CW 2023-04-15 1345 IK5MEP        599 6          RX6FJ         599 3         
END-OF-LOG:
