START-OF-LOG: 3.0
CREATED-BY: HMRA public YU DX downloader
CONTEST: YU-DX-CONTEST
CALLSIGN: LZ3TL
OPERATORS: LZ3TL
CATEGORY: F. (SO-AB-Mixed-LP <= 100 W) (Out of Serbia)
CATEGORY-OPERATOR: SINGLE-OP
CATEGORY-BAND: ALL
CATEGORY-MODE: MIXED
CATEGORY-POWER: LOW
SOAPBOX: Recreated from YU DX public QSO table for 2023.
SOAPBOX: Public Error Summary rows are ignored; QSO rows include adjudication status.
SOAPBOX: Source: https://yudx.yu1srs.org.rs/results?year=2023
SOAPBOX: Published final score: 5018.
QSO:  7000 CW 2023-04-15 0904 LZ3TL         599 1          YU1CA         599 BGD       
QSO:  7000 CW 2023-04-15 0914 LZ3TL         599 2          HA8BT         599 13        
QSO: 14000 CW 2023-04-15 0918 LZ3TL         599 3          DL3KWF        599 54        
QSO: 14000 CW 2023-04-15 0919 LZ3TL         599 4          US1VM         599 64        
QSO: 21000 CW 2023-04-15 0930 LZ3TL         599 5          UN7FW         599 20        
QSO: 21000 CW 2023-04-15 0931 LZ3TL         599 6          RK3DK         599 29        
QSO: 21000 CW 2023-04-15 0935 LZ3TL         599 7          ES5NY         599 86        
QSO:  7000 CW 2023-04-15 1438 LZ3TL         599 8          HA3GC         599 83        
QSO:  7000 CW 2023-04-15 1652 LZ3TL         599 9          OK2MBP        599 155       
QSO:  7000 CW 2023-04-15 1656 LZ3TL         599 10         YU5IDI        599 BGD       
QSO:  7000 CW 2023-04-15 1701 LZ3TL         599 11         UI7D          599 200       
QSO:  3500 CW 2023-04-15 1818 LZ3TL         599 12         HA8BT         599 92        
QSO:  3500 CW 2023-04-15 1819 LZ3TL         599 13         YU6DX         599 BGD       
QSO:  3500 CW 2023-04-15 1820 LZ3TL         599 14         Z33F          599 40        
QSO:  3500 CW 2023-04-15 1820 LZ3TL         599 15         LZ1QZ         599 26        
QSO:  3500 CW 2023-04-15 1823 LZ3TL         599 16         YT5A          599 RAS       
QSO:  3500 CW 2023-04-15 1825 LZ3TL         599 17         OM3ZU         599 159       
QSO:  3500 CW 2023-04-15 1828 LZ3TL         599 18         HA8V          599 52        
QSO:  3500 CW 2023-04-15 1829 LZ3TL         599 19         9A2KD         599 331       
QSO:  3500 CW 2023-04-15 1830 LZ3TL         599 20         YT4W          599 BRA       
QSO:  3500 CW 2023-04-15 1831 LZ3TL         599 21         YU1ED         599 BGD       
QSO:  3500 CW 2023-04-15 1832 LZ3TL         599 22         YU7JDE        599 SBT       
QSO:  3500 CW 2023-04-15 1832 LZ3TL         599 23         YT9W          599 RAN       
QSO:  3500 CW 2023-04-15 1836 LZ3TL         599 24         EW1M          599 46        
QSO:  3500 CW 2023-04-15 1840 LZ3TL         599 25         Z35Z          599 19        
QSO:  3500 CW 2023-04-15 1843 LZ3TL         599 26         YU3A          599 ZBB       
QSO:  3500 CW 2023-04-15 1844 LZ3TL         599 27         OK1DM         599 14        
QSO:  3500 CW 2023-04-15 2015 LZ3TL         599 28         OM3CMK        599 50        
QSO:  3500 CW 2023-04-15 2019 LZ3TL         599 29         Z35Y          599 46        
QSO:  3500 CW 2023-04-15 2023 LZ3TL         599 30         YU5DR         599 KOL       
QSO:  3500 CW 2023-04-15 2024 LZ3TL         599 31         OK2ZLD        599 50        
QSO:  3500 CW 2023-04-15 2026 LZ3TL         599 32         YU1KT         599 BGD       
QSO:  3500 CW 2023-04-15 2029 LZ3TL         599 33         YT2U          599 ZBB       
QSO:  7000 CW 2023-04-15 2037 LZ3TL         599 34         9A2KD         599 378       
QSO:  7000 CW 2023-04-15 2043 LZ3TL         599 35         YU1KT         599 BGD       
QSO:  3500 CW 2023-04-15 2047 LZ3TL         599 36         YU1RM         599 BGD       
QSO:  3500 CW 2023-04-15 2048 LZ3TL         599 37         YT5R          599 ZAJ       
QSO:  3500 CW 2023-04-15 2052 LZ3TL         599 38         SP3GTS        599 34        
QSO:  3500 CW 2023-04-15 2054 LZ3TL         599 39         YU1LM/P       599 BGD       
END-OF-LOG:
