START-OF-LOG: 3.0
CREATED-BY: yota-public-qso-downloader
CONTEST: YOTA-CONTEST
CALLSIGN: ON6FC
CATEGORY-OPERATOR: SINGLE-OP
CATEGORY-BAND: ALL
CATEGORY-MODE: MIXED
CATEGORY: Single Operator All band
CLAIMED-SCORE: 0
QSO:  7014 CW 2026-03-15 1001 ON6FC         599 74     DL9GBY        599 73    
QSO:  7014 CW 2026-03-15 1001 ON6FC         599 74     DL1ROT        599 50    
QSO:  7014 CW 2026-03-15 1002 ON6FC         599 74     M0CYR         599 84    
QSO:  7014 CW 2026-03-15 1002 ON6FC         599 74     LY9A          599 70    
QSO:  7031 CW 2026-03-15 1017 ON6FC         599 74     DJ1OJ         599 89    
QSO:  7031 CW 2026-03-15 1018 ON6FC         599 74     DM4K          599 67    
QSO:  7031 CW 2026-03-15 1020 ON6FC         599 74     M6MPC         599 27    
QSO:  7031 CW 2026-03-15 1021 ON6FC         599 74     DK3GI         599 75    
QSO: 14038 CW 2026-03-15 1028 ON6FC         599 74     UZ7E          599 52    
QSO: 14010 CW 2026-03-15 1031 ON6FC         599 74     RF9C          599 58    
QSO: 14025 CW 2026-03-15 1033 ON6FC         599 74     OM7M          599 17    
QSO: 14018 CW 2026-03-15 1034 ON6FC         599 74     HA8TA         599 16    
QSO: 14019 CW 2026-03-15 1034 ON6FC         599 74     LY7T          599 55    
QSO: 14021 CW 2026-03-15 1035 ON6FC         599 74     HA2A          599 65    
QSO: 14022 CW 2026-03-15 1037 ON6FC         599 74     IT9PPG        599 75    
QSO: 14028 CW 2026-03-15 1040 ON6FC         599 74     YU5T          599 75    
QSO: 14028 CW 2026-03-15 1041 ON6FC         599 74     UA6GO         599 72    
QSO: 14028 CW 2026-03-15 1041 ON6FC         599 74     YL3NU         599 72    
QSO: 14028 CW 2026-03-15 1043 ON6FC         599 74     RV3DBK        599 74    
QSO: 14028 CW 2026-03-15 1044 ON6FC         599 74     SM6TOL        599 66    
QSO: 14028 CW 2026-03-15 1044 ON6FC         599 74     EV6Z          599 72    
QSO: 14028 CW 2026-03-15 1045 ON6FC         599 74     RN4SC         599 74    
QSO: 14028 CW 2026-03-15 1046 ON6FC         599 74     HG6O          599 72    
QSO: 14028 CW 2026-03-15 1046 ON6FC         599 74     LZ3ND         599 59    
QSO: 14028 CW 2026-03-15 1049 ON6FC         599 74     UC7N          599 61    
QSO: 14018 CW 2026-03-15 1055 ON6FC         599 74     OH2KW         599 70    
QSO: 14021 CW 2026-03-15 1055 ON6FC         599 74     HA3MAR        599 16    
QSO: 14024 CW 2026-03-15 1056 ON6FC         599 74     YL1YF         599 67    
QSO: 14026 CW 2026-03-15 1057 ON6FC         599 74     HA5OV         599 70    
QSO:  7027 CW 2026-03-15 1748 ON6FC         599 74     SF6J          599 78    
QSO:  7027 CW 2026-03-15 1749 ON6FC         599 74     OK2BRJ        599 74    
QSO:  7027 CW 2026-03-15 1750 ON6FC         599 74     DL8ABG        599 50    
QSO:  7027 CW 2026-03-15 1750 ON6FC         599 74     SA2OLM        599 68    
QSO:  7027 CW 2026-03-15 1752 ON6FC         599 74     OH7CW         599 43    
QSO:  7027 CW 2026-03-15 1754 ON6FC         599 74     M0AMS         599 63    
QSO:  7027 CW 2026-03-15 1755 ON6FC         599 74     SP3VT         599 69    
QSO:  7027 CW 2026-03-15 1755 ON6FC         599 74     PA0CT         599 69    
QSO:  7027 CW 2026-03-15 1756 ON6FC         599 74     RF9C          599 58    
QSO:  7027 CW 2026-03-15 1756 ON6FC         599 74     DL3DRN        599 81    
QSO:  7027 CW 2026-03-15 1757 ON6FC         599 74     PA0RDT        599 79    
QSO:  7027 CW 2026-03-15 1758 ON6FC         599 74     SM7GVF        599 66    
QSO:  7027 CW 2026-03-15 1800 ON6FC         599 74     DG0KS         599 63    
QSO:  7027 CW 2026-03-15 1801 ON6FC         599 74     IZ8RQS        599 36    
QSO:  7027 CW 2026-03-15 1802 ON6FC         599 74     SP2QG         599 69    
QSO:  7027 CW 2026-03-15 1803 ON6FC         599 74     DJ9MH         599 86    
QSO:  7027 CW 2026-03-15 1803 ON6FC         599 74     IW3ILM        599 65    
QSO:  7027 CW 2026-03-15 1804 ON6FC         599 74     SM5S          599 69    
QSO:  7027 CW 2026-03-15 1804 ON6FC         599 74     OZ1AAR        599 80    
QSO:  7027 CW 2026-03-15 1805 ON6FC         599 74     DL7GW         599 68    
QSO:  7027 CW 2026-03-15 1805 ON6FC         599 74     UZ7E          599 52    
QSO:  7027 CW 2026-03-15 1807 ON6FC         599 74     PC4H          599 66    
QSO:  7027 CW 2026-03-15 1808 ON6FC         599 74     DF8TY         599 60    
QSO:  7027 CW 2026-03-15 1809 ON6FC         599 74     OK1AY         599 81    
QSO:  3518 CW 2026-03-15 1817 ON6FC         599 74     HA7UI         599 82    
QSO:  3518 CW 2026-03-15 1818 ON6FC         599 74     HA1NB         599 15    
QSO:  3518 CW 2026-03-15 1818 ON6FC         599 74     SM7GVF        599 66    
QSO:  3518 CW 2026-03-15 1819 ON6FC         599 74     DJ1PQ         599 88    
QSO:  3518 CW 2026-03-15 1819 ON6FC         599 74     LY9A          599 70    
QSO:  3518 CW 2026-03-15 1821 ON6FC         599 74     US0SY         599 72    
QSO:  3518 CW 2026-03-15 1822 ON6FC         599 74     GM2S          599 75    
QSO:  3518 CW 2026-03-15 1822 ON6FC         599 74     OK1AY         599 81    
QSO:  3518 CW 2026-03-15 1824 ON6FC         599 74     OK2BRJ        599 74    
QSO:  3518 CW 2026-03-15 1825 ON6FC         599 74     HA5UA         599 67    
QSO:  3519 CW 2026-03-15 1828 ON6FC         599 74     ON5WL         599 82    
QSO:  3507 CW 2026-03-15 1834 ON6FC         599 74     IK2CLB        599 88    
QSO:  3513 CW 2026-03-15 1837 ON6FC         599 74     SM5CSS        599 80    
END-OF-LOG:
