START-OF-LOG: 2.0
ARRL-SECTION: DX
CALLSIGN: UT4UPT
CATEGORY: SINGLE-OP ALL QRP
CLUB:
CONTEST: EA-MAJESTAD-SSB
CLAIMED-SCORE: 91
OPERATORS: UT4UPT
NAME: ANDREW
CREATED-BY: N1MM Logger+ 1.0.4798.0
QSO: 28499 PH 2024-06-22 1402 UT4UPT           59 001	LZ2FDI	      59 041
QSO: 14176 PH 2024-06-22 1529 UT4UPT	       59 002	ED5R	      59 A
QSO: 14228 PH 2024-06-22 1612 UT4UPT	       59 003	IK4RWY	      59 073
QSO: 14248 PH 2024-06-22 1617 UT4UPT	       59 004	IZ0DHC	      59 045
QSO: 14277 PH 2024-06-22 1624 UT4UPT	       59 005	SW3RWQ	      59 197
QSO: 14238 PH 2024-06-22 1704 UT4UPT	       59 006	EA3FP	      59 B
QSO: 14203 PH 2024-06-22 1731 UT4UPT	       59 007	S52OT	      59 294
QSO: 14279 PH 2024-06-22 1811 UT4UPT	       59 008	DR2T	      59 125
QSO: 14305 PH 2024-06-22 1817 UT4UPT	       59 009	ED1R          59 AW
QSO: 14284 PH 2024-06-22 1839 UT4UPT	       59 010	IW3UHL	      59 256
END-OF-LOG:										