START-OF-LOG: 3.0
CONTEST: CQ-WPX-CW
CALLSIGN: EA5YU
LOCATION: DX
CATEGORY-OPERATOR: SINGLE-OP
CATEGORY-ASSISTED: ASSISTED
CATEGORY-BAND: ALL
CATEGORY-POWER: HIGH
CATEGORY-MODE: CW
CATEGORY-TRANSMITTER: ONE
CATEGORY-STATION: FIXED
CATEGORY-OVERLAY:
GRID-LOCATOR: IM97LO
CLAIMED-SCORE: 300267
NAME: JOSE REBOLLO PEREZ
OPERATORS: EA5YU
CLUB: EA CONTEST CLUB
CREATED-BY: N1MM Logger+ 1.0.11229.0
QSO:   28009 CW 2026-05-30 0956 EA5YU            599 0001  PT5J             599  0165     
QSO:   28025 CW 2026-05-30 1000 EA5YU            599 0002  4X1MM            599  0084     
QSO:   28027 CW 2026-05-30 1013 EA5YU            599 0003  9A1A             599  0103     
QSO:   28035 CW 2026-05-30 1014 EA5YU            599 0004  CN3A             599  0230     
QSO:   28024 CW 2026-05-30 1018 EA5YU            599 0005  DL2OM            599  0033     
QSO:   28026 CW 2026-05-30 1019 EA5YU            599 0006  II1X             599  0001     
QSO:   28019 CW 2026-05-30 1020 EA5YU            599 0007  S50W             599  0012     
QSO:   28012 CW 2026-05-30 1024 EA5YU            599 0008  CR3DX            599  2158     
QSO:   28019 CW 2026-05-30 1028 EA5YU            599 0009  4Z5ML            599  0095     
QSO:   28007 CW 2026-05-30 1030 EA5YU            599 0010  TM1A             599  0024     
QSO:   21014 CW 2026-05-30 1036 EA5YU            599 0011  IP2A             599  0447     
QSO:   21003 CW 2026-05-30 1039 EA5YU            599 0012  OG9X             599  0333     
QSO:   21003 CW 2026-05-30 1040 EA5YU            599 0013  E70T             599  0429     
QSO:   21011 CW 2026-05-30 1042 EA5YU            599 0014  RX9WN            599  0487     
QSO:   21012 CW 2026-05-30 1044 EA5YU            599 0015  E7CC             599  0120     
QSO:   21014 CW 2026-05-30 1044 EA5YU            599 0016  S50K             599  0408     
QSO:   21016 CW 2026-05-30 1046 EA5YU            599 0017  BY7KP            599  0368     
QSO:   21023 CW 2026-05-30 1047 EA5YU            599 0018  SN3A             599  0443     
QSO:   21027 CW 2026-05-30 1049 EA5YU            599 0019  UW5Y             599  0791     
QSO:   21030 CW 2026-05-30 1050 EA5YU            599 0020  OM4Q             599  0739     
QSO:   21044 CW 2026-05-30 1051 EA5YU            599 0021  BG9TX            599  0589     
QSO:   21007 CW 2026-05-30 1055 EA5YU            599 0022  JA7NVF           599  0666     
QSO:   21020 CW 2026-05-30 1057 EA5YU            599 0023  OK7O             599  1107     
QSO:   21033 CW 2026-05-30 1105 EA5YU            599 0024  GX0OUR           599  0150     
QSO:   21034 CW 2026-05-30 1108 EA5YU            599 0025  RL3A             599  1603     
QSO:   21035 CW 2026-05-30 1109 EA5YU            599 0026  IZ3NYG           599  0331     
QSO:   21038 CW 2026-05-30 1110 EA5YU            599 0027  OP0HQ            599  0231     
QSO:   21041 CW 2026-05-30 1111 EA5YU            599 0028  YT5A             599  0411     
QSO:   21049 CW 2026-05-30 1112 EA5YU            599 0029  RW1A             599  0927     
QSO:   21052 CW 2026-05-30 1113 EA5YU            599 0030  UC9A             599  0556     
QSO:   21057 CW 2026-05-30 1115 EA5YU            599 0031  RX3N             599  0199     
QSO:   21001 CW 2026-05-30 1117 EA5YU            599 0032  BD1IIJ           599  0577     
QSO:   21002 CW 2026-05-30 1118 EA5YU            599 0033  SP4Z             599  0202     
QSO:   21009 CW 2026-05-30 1120 EA5YU            599 0034  SM8T             599  0174     
QSO:   21019 CW 2026-05-30 1123 EA5YU            599 0035  BG0DLA           599  0853     
QSO:   21025 CW 2026-05-30 1124 EA5YU            599 0036  PX2C             599  0384     
QSO:   21029 CW 2026-05-30 1125 EA5YU            599 0037  ED7K             599  0763     
QSO:   21035 CW 2026-05-30 1126 EA5YU            599 0038  S50W             599  0349     
QSO:   21046 CW 2026-05-30 1128 EA5YU            599 0039  RU7M             599  0588     
QSO:   21067 CW 2026-05-30 1131 EA5YU            599 0040  M5P              599  0041     
QSO:   21069 CW 2026-05-30 1132 EA5YU            599 0041  NP3Y             599  1157     
QSO:   28020 CW 2026-05-30 1134 EA5YU            599 0042  TM5T             599  0353     
QSO:   28030 CW 2026-05-30 1134 EA5YU            599 0043  DR8C             599  0626     
QSO:   28030 CW 2026-05-30 1135 EA5YU            599 0044  EE7R             599  0040     
QSO:   28034 CW 2026-05-30 1137 EA5YU            599 0045  DL9GK            599  0007     
QSO:   28034 CW 2026-05-30 1138 EA5YU            599 0046  G3VYI            599  0047     
QSO:   28014 CW 2026-05-30 1140 EA5YU            599 0047  EA1R             599  0062     
QSO:   28022 CW 2026-05-30 1141 EA5YU            599 0048  SX9V             599  0017     
QSO:   28023 CW 2026-05-30 1142 EA5YU            599 0049  Z35T             599  0084     
QSO:   28015 CW 2026-05-30 1143 EA5YU            599 0050  DQ1A             599  0068     
QSO:   28025 CW 2026-05-30 1145 EA5YU            599 0051  LT3E             599  0132     
QSO:   28054 CW 2026-05-30 1151 EA5YU            599 0052  PW2F             599  0942     
QSO:   28051 CW 2026-05-30 1152 EA5YU            599 0053  PP4T             599  0419     
QSO:   28027 CW 2026-05-30 1153 EA5YU            599 0054  CR2X             599  1056     
QSO:   28029 CW 2026-05-30 1155 EA5YU            599 0055  P40L             599  1370     
QSO:   21006 CW 2026-05-30 1158 EA5YU            599 0056  LZ5R             599  0951     
QSO:   21008 CW 2026-05-30 1200 EA5YU            599 0057  B4T              599  0733     
QSO:   21015 CW 2026-05-30 1207 EA5YU            599 0058  P3X              599  1823     
QSO:   21029 CW 2026-05-30 1214 EA5YU            599 0059  CT7BJG           599  0841     
QSO:   21038 CW 2026-05-30 1216 EA5YU            599 0060  9A4W             599  0396     
QSO:   21034 CW 2026-05-30 1220 EA5YU            599 0061  RT5Z             599  0412     
QSO:   21035 CW 2026-05-30 1222 EA5YU            599 0062  NR4M             599  0308     
QSO:   21055 CW 2026-05-30 1738 EA5YU            599 0063  KT5J             599  0610     
QSO:   21003 CW 2026-05-30 1738 EA5YU            599 0064  KU2M             599  0534     
QSO:   21004 CW 2026-05-30 1739 EA5YU            599 0065  NH8S             599  0359     
QSO:   21006 CW 2026-05-30 1742 EA5YU            599 0066  WZ7F             599  1201     
QSO:   21013 CW 2026-05-30 1743 EA5YU            599 0067  II9P             599  2230     
QSO:   21018 CW 2026-05-30 1744 EA5YU            599 0068  PP5KR            599  0212     
QSO:   21024 CW 2026-05-30 1747 EA5YU            599 0069  9A9R             599  0417     
QSO:   21033 CW 2026-05-30 1747 EA5YU            599 0070  CR2X             599  1741     
QSO:   21064 CW 2026-05-30 1749 EA5YU            599 0071  K5KU             599  1577     
QSO:   21059 CW 2026-05-30 1749 EA5YU            599 0072  OM5R             599  0716     
QSO:   21053 CW 2026-05-30 1750 EA5YU            599 0073  CN3A             599  1407     
QSO:   21041 CW 2026-05-30 1753 EA5YU            599 0074  HA3NU            599  1365     
QSO:   21028 CW 2026-05-30 1756 EA5YU            599 0075  BA7MT            599  0621     
QSO:   21026 CW 2026-05-30 1757 EA5YU            599 0076  9A5D             599  1174     
QSO:   21015 CW 2026-05-30 1759 EA5YU            599 0077  NY4A             599  1037     
QSO:   21017 CW 2026-05-30 1800 EA5YU            599 0078  NA8V             599  0742     
QSO:   21021 CW 2026-05-30 1801 EA5YU            599 0079  PP5WX            599  0747     
QSO:   21040 CW 2026-05-30 1806 EA5YU            599 0080  IT9KQU           599  0439     
QSO:   21003 CW 2026-05-30 1808 EA5YU            599 0081  WU2X             599  2047     
QSO:   21013 CW 2026-05-30 1809 EA5YU            599 0082  LP1H             599  0647     
QSO:   21001 CW 2026-05-30 1944 EA5YU            599 0083  KP2M             599  1672     
QSO:   21001 CW 2026-05-30 1945 EA5YU            599 0084  PW2F             599  1552     
QSO:   21007 CW 2026-05-30 1946 EA5YU            599 0085  EF5Y             599  1892     
QSO:   21008 CW 2026-05-30 1947 EA5YU            599 0086  LU9GBR           599  0153     
QSO:   21018 CW 2026-05-30 1948 EA5YU            599 0087  PR2CC            599  0493     
QSO:   21047 CW 2026-05-30 1957 EA5YU            599 0088  V49X             599  0597     
QSO:   21050 CW 2026-05-30 1958 EA5YU            599 0089  PX1M             599  0683     
QSO:   21057 CW 2026-05-30 1959 EA5YU            599 0090  WG4R             599  0337     
QSO:   21022 CW 2026-05-30 2000 EA5YU            599 0091  K0MD             599  0026     
QSO:   21010 CW 2026-05-30 2002 EA5YU            599 0092  9Z4BM            599  1211     
QSO:   21027 CW 2026-05-30 2004 EA5YU            599 0093  YV8AD            599  0229     
QSO:   21030 CW 2026-05-30 2006 EA5YU            599 0094  9A7RR            599  0429     
QSO:   21038 CW 2026-05-30 2013 EA5YU            599 0095  V26OC            599  0146     
QSO:   21056 CW 2026-05-30 2018 EA5YU            599 0096  LU7HF            599  0512     
QSO:   21029 CW 2026-05-30 2023 EA5YU            599 0097  P40L             599  2420     
QSO:   21042 CW 2026-05-30 2024 EA5YU            599 0098  ED7W             599  1152     
QSO:   21036 CW 2026-05-30 2025 EA5YU            599 0099  N4IQ             599  0262     
QSO:   21009 CW 2026-05-30 2033 EA5YU            599 0100  ZV5M             599  0165     
QSO:   21011 CW 2026-05-30 2034 EA5YU            599 0101  CR3DX            599  3284     
QSO:   14019 CW 2026-05-30 2039 EA5YU            599 0102  DJ5MO            599  0246     
QSO:   14001 CW 2026-05-30 2042 EA5YU            599 0103  II2S             599  1509     
QSO:   14002 CW 2026-05-30 2044 EA5YU            599 0104  AA3B             599  2087     
QSO:   14005 CW 2026-05-30 2047 EA5YU            599 0105  OL5Y             599  1059     
QSO:   14007 CW 2026-05-30 2048 EA5YU            599 0106  WF9A             599  1160     
QSO:   14010 CW 2026-05-30 2050 EA5YU            599 0107  HG8R             599  1766     
QSO:   14018 CW 2026-05-30 2051 EA5YU            599 0108  PP5WX            599  0940     
QSO:   14025 CW 2026-05-30 2054 EA5YU            599 0109  PE6Q             599  0287     
QSO:   14031 CW 2026-05-30 2055 EA5YU            599 0110  DL4YR            599  0342     
QSO:   14035 CW 2026-05-30 2055 EA5YU            599 0111  TM4ZZ            599  1067     
QSO:   14036 CW 2026-05-30 2057 EA5YU            599 0112  VA1MM            599  0627     
QSO:   14037 CW 2026-05-30 2058 EA5YU            599 0113  HA7I             599  1380     
QSO:   14040 CW 2026-05-30 2058 EA5YU            599 0114  KT3M             599  1138     
QSO:   14040 CW 2026-05-30 2059 EA5YU            599 0115  EA3AR            599  0118     
QSO:   14044 CW 2026-05-30 2101 EA5YU            599 0116  CT7BJG           599  1443     
QSO:   14045 CW 2026-05-30 2104 EA5YU            599 0117  CR6K             599  2794     
QSO:   14047 CW 2026-05-30 2106 EA5YU            599 0118  LX7I             599  1878     
QSO:   14050 CW 2026-05-30 2108 EA5YU            599 0119  E78A             599  0766     
QSO:   14058 CW 2026-05-30 2111 EA5YU            599 0120  EI4II            599  0103     
QSO:   14059 CW 2026-05-30 2111 EA5YU            599 0121  AC1U             599  0827     
QSO:   14021 CW 2026-05-30 2113 EA5YU            599 0122  OL3R             599  0789     
QSO:   14001 CW 2026-05-30 2114 EA5YU            599 0123  TM29X            599  1157     
QSO:   14001 CW 2026-05-30 2117 EA5YU            599 0124  ZW7M             599  0634     
QSO:   14002 CW 2026-05-30 2118 EA5YU            599 0125  K1LZ             599  2067     
QSO:   14004 CW 2026-05-30 2120 EA5YU            599 0126  DA3M             599  0537     
QSO:   14000 CW 2026-05-30 2124 EA5YU            599 0127  BY3GA            599  0433     
QSO:   14001 CW 2026-05-30 2124 EA5YU            599 0128  G9W              599  1113     
QSO:   14004 CW 2026-05-30 2125 EA5YU            599 0129  VE3EJ            599  0656     
QSO:   14006 CW 2026-05-30 2127 EA5YU            599 0130  WP4X             599  1531     
QSO:   14009 CW 2026-05-30 2128 EA5YU            599 0131  HG5E             599  1651     
QSO:   14024 CW 2026-05-30 2129 EA5YU            599 0132  TM1A             599  1024     
QSO:   14021 CW 2026-05-30 2132 EA5YU            599 0133  LZ75HSC          599  0199     
QSO:   14020 CW 2026-05-30 2133 EA5YU            599 0134  RT5T             599  0588     
QSO:   14021 CW 2026-05-30 2133 EA5YU            599 0135  NC8C             599  1721     
QSO:   14027 CW 2026-05-30 2136 EA5YU            599 0136  UT7CR            599  1344     
QSO:   14027 CW 2026-05-30 2137 EA5YU            599 0137  HG0Y             599  1374     
QSO:   14029 CW 2026-05-30 2141 EA5YU            599 0138  PP2FRS           599  0249     
QSO:   14031 CW 2026-05-30 2143 EA5YU            599 0139  EA5GIE           599  0097     
QSO:   14033 CW 2026-05-30 2145 EA5YU            599 0140  OK7O             599  2010     
QSO:   14042 CW 2026-05-30 2146 EA5YU            599 0141  YT7K             599  1095     
QSO:   14046 CW 2026-05-30 2147 EA5YU            599 0142  YT5M             599  0752     
QSO:   14048 CW 2026-05-30 2149 EA5YU            599 0143  KQ4R             599  1214     
QSO:   14011 CW 2026-05-30 2150 EA5YU            599 0144  9A3SMS           599  1229     
QSO:   14013 CW 2026-05-30 2152 EA5YU            599 0145  DR1A             599  1503     
QSO:   14041 CW 2026-05-30 2159 EA5YU            599 0146  DL6KVA           599  1049     
QSO:   14042 CW 2026-05-30 2200 EA5YU            599 0147  AE2V             599  1940     
QSO:   14050 CW 2026-05-30 2201 EA5YU            599 0148  W4NZ             599  0631     
QSO:   14054 CW 2026-05-30 2202 EA5YU            599 0149  5Q6C             599  0682     
QSO:   14059 CW 2026-05-30 2209 EA5YU            599 0150  S59L             599  1237     
QSO:   14062 CW 2026-05-30 2210 EA5YU            599 0151  AB0S             599  0213     
QSO:   14006 CW 2026-05-30 2212 EA5YU            599 0152  NY4A             599  1457     
QSO:   14004 CW 2026-05-30 2214 EA5YU            599 0153  VE9KK            599  0328     
QSO:   14014 CW 2026-05-30 2219 EA5YU            599 0154  KF3P             599  1378     
QSO:    7000 CW 2026-05-30 2222 EA5YU            599 0155  DJ5MW            599  0918     
QSO:    7066 CW 2026-05-30 2225 EA5YU            599 0156  CN3A             599  0917     
QSO:    7032 CW 2026-05-30 2226 EA5YU            599 0157  SP8R             599  2330     
QSO:    7030 CW 2026-05-30 2227 EA5YU            599 0158  EI7M             599  1059     
QSO:    7059 CW 2026-05-30 2228 EA5YU            599 0159  TM29X            599  1223     
QSO:    7053 CW 2026-05-30 2232 EA5YU            599 0160  PY2XL            599  0498     
QSO:    7035 CW 2026-05-30 2235 EA5YU            599 0161  DL3ANK           599  0920     
QSO:    7038 CW 2026-05-30 2236 EA5YU            599 0162  ES9C             599  1302     
QSO:    7041 CW 2026-05-30 2237 EA5YU            599 0163  DP75HSC          599  0529     
QSO:    7018 CW 2026-05-30 2244 EA5YU            599 0164  II1X             599  0568     
QSO:    7038 CW 2026-05-30 2247 EA5YU            599 0165  S50W             599  0749     
QSO:    7022 CW 2026-05-30 2248 EA5YU            599 0166  M6N              599  0616     
QSO:    7014 CW 2026-05-30 2249 EA5YU            599 0167  ZV5M             599  0149     
QSO:    7010 CW 2026-05-30 2250 EA5YU            599 0168  HA7A             599  1026     
QSO:    3511 CW 2026-05-30 2255 EA5YU            599 0169  9A7T             599  0805     
QSO:    3507 CW 2026-05-30 2259 EA5YU            599 0170  4Z4KX            599  0324     
QSO:    3516 CW 2026-05-30 2301 EA5YU            599 0171  IZ2FME           599  0084     
QSO:    7002 CW 2026-05-31 0535 EA5YU            599 0172  F8AAN            599  0239     
QSO:    7004 CW 2026-05-31 0536 EA5YU            599 0173  IT9RZU           599  0522     
QSO:    7004 CW 2026-05-31 0537 EA5YU            599 0174  NY4A             599  1965     
QSO:    7004 CW 2026-05-31 0538 EA5YU            599 0175  TO3E             599  1814     
QSO:    7006 CW 2026-05-31 0539 EA5YU            599 0176  MM1E             599  1797     
QSO:    7007 CW 2026-05-31 0542 EA5YU            599 0177  OP0HQ            599  1279     
QSO:    7008 CW 2026-05-31 0543 EA5YU            599 0178  NU5A             599  3074     
QSO:    7009 CW 2026-05-31 0543 EA5YU            599 0179  HG7T             599  1035     
QSO:    7009 CW 2026-05-31 0544 EA5YU            599 0180  HG6N             599  3271     
QSO:    7012 CW 2026-05-31 0545 EA5YU            599 0181  4O3A             599  1697     
QSO:    7014 CW 2026-05-31 0546 EA5YU            599 0182  II4M             599  1496     
QSO:    7015 CW 2026-05-31 0548 EA5YU            599 0183  LA8OM            599  0979     
QSO:    7023 CW 2026-05-31 0551 EA5YU            599 0184  IK5ZWU           599  0277     
QSO:    7025 CW 2026-05-31 0551 EA5YU            599 0185  EC4C             599  0699     
QSO:    7027 CW 2026-05-31 0554 EA5YU            599 0186  ZL30CW           599  1283     
QSO:    7028 CW 2026-05-31 0555 EA5YU            599 0187  TM1A             599  1257     
QSO:    7028 CW 2026-05-31 0557 EA5YU            599 0188  OK1Z             599  1346     
QSO:    7029 CW 2026-05-31 0558 EA5YU            599 0189  OK7O             599  2532     
QSO:    7030 CW 2026-05-31 0559 EA5YU            599 0190  OM7JG            599  1797     
QSO:    7031 CW 2026-05-31 0605 EA5YU            599 0191  DL5YM            599  0662     
QSO:    7034 CW 2026-05-31 0606 EA5YU            599 0192  WP4X             599  1999     
QSO:    7041 CW 2026-05-31 0608 EA5YU            599 0193  NP3Y             599  2903     
QSO:    7044 CW 2026-05-31 0610 EA5YU            599 0194  IK5MEP           599  0360     
QSO:    7045 CW 2026-05-31 0611 EA5YU            599 0195  GE0LZL           599  0114     
QSO:    7009 CW 2026-05-31 0613 EA5YU            599 0196  KQ1F             599  1106     
QSO:    7015 CW 2026-05-31 0614 EA5YU            599 0197  WU2X             599  3088     
QSO:    7016 CW 2026-05-31 0618 EA5YU            599 0198  LY4A             599  1747     
QSO:    7018 CW 2026-05-31 0619 EA5YU            599 0199  F5IN             599  1021     
QSO:    7059 CW 2026-05-31 0624 EA5YU            599 0200  3G2S             599  1467     
QSO:    7050 CW 2026-05-31 0626 EA5YU            599 0201  I2IFT            599  1134     
QSO:    7001 CW 2026-05-31 0628 EA5YU            599 0202  K8LX             599  0548     
QSO:    7006 CW 2026-05-31 0633 EA5YU            599 0203  DF2RQ            599  0722     
QSO:    7010 CW 2026-05-31 0634 EA5YU            599 0204  IQ6AN            599  1146     
QSO:    7015 CW 2026-05-31 0635 EA5YU            599 0205  OM7M             599  0875     
QSO:    7021 CW 2026-05-31 0637 EA5YU            599 0206  9A3YT            599  0977     
QSO:    7030 CW 2026-05-31 0639 EA5YU            599 0207  IK3VUT           599  0907     
QSO:    7012 CW 2026-05-31 0643 EA5YU            599 0208  S52AW            599  1543     
QSO:   14002 CW 2026-05-31 0736 EA5YU            599 0209  UA4W             599  1606     
QSO:   14012 CW 2026-05-31 0740 EA5YU            599 0210  KC7V             599  2341     
QSO:   14065 CW 2026-05-31 0743 EA5YU            599 0211  OR7G             599  0544     
QSO:   14067 CW 2026-05-31 0747 EA5YU            599 0212  G4IIY            599  1049     
QSO:   14064 CW 2026-05-31 0749 EA5YU            599 0213  PG2AA            599  0288     
QSO:   14061 CW 2026-05-31 0750 EA5YU            599 0214  SO4S             599  1069     
QSO:   14059 CW 2026-05-31 0751 EA5YU            599 0215  F5SDH            599  0042     
QSO:   14058 CW 2026-05-31 0752 EA5YU            599 0216  E7CW             599  1730     
QSO:   14056 CW 2026-05-31 0753 EA5YU            599 0217  E73B             599  0929     
QSO:   14055 CW 2026-05-31 0754 EA5YU            599 0218  VK1A             599  2456     
QSO:   14055 CW 2026-05-31 0756 EA5YU            599 0219  LA1K             599  0168     
QSO:   14052 CW 2026-05-31 0757 EA5YU            599 0220  UZ0U             599  0921     
QSO:   14052 CW 2026-05-31 0757 EA5YU            599 0221  IU1LCU           599  0773     
QSO:   14051 CW 2026-05-31 0758 EA5YU            599 0222  ES3YJ            599  0221     
QSO:   14050 CW 2026-05-31 0759 EA5YU            599 0223  S58A             599  3220     
QSO:   14046 CW 2026-05-31 0802 EA5YU            599 0224  YL5W             599  0664     
QSO:   14061 CW 2026-05-31 0803 EA5YU            599 0225  OY1CT            599  0900     
QSO:   14041 CW 2026-05-31 0806 EA5YU            599 0226  UB4WDD           599  0127     
QSO:   14038 CW 2026-05-31 0808 EA5YU            599 0227  KP2M             599  2431     
QSO:   14036 CW 2026-05-31 0809 EA5YU            599 0228  SM8T             599  1098     
QSO:   14034 CW 2026-05-31 0811 EA5YU            599 0229  SK5AA            599  0081     
QSO:   14031 CW 2026-05-31 0811 EA5YU            599 0230  OM4Q             599  1836     
QSO:   14026 CW 2026-05-31 0814 EA5YU            599 0231  NP3Y             599  3031     
QSO:   14022 CW 2026-05-31 0821 EA5YU            599 0232  RA7A             599  0418     
QSO:   14017 CW 2026-05-31 0824 EA5YU            599 0233  UA9LAO           599  1036     
QSO:   14016 CW 2026-05-31 0825 EA5YU            599 0234  S54K             599  1226     
QSO:   14015 CW 2026-05-31 0827 EA5YU            599 0235  RA3SI            599  0294     
QSO:   14015 CW 2026-05-31 0827 EA5YU            599 0236  EV1R             599  1239     
QSO:   14014 CW 2026-05-31 0829 EA5YU            599 0237  PA3EYC           599  0050     
QSO:   14011 CW 2026-05-31 0832 EA5YU            599 0238  IK4DCX           599  0439     
QSO:   14003 CW 2026-05-31 0836 EA5YU            599 0239  S50W             599  1308     
QSO:   14002 CW 2026-05-31 0837 EA5YU            599 0240  SF0A             599  0486     
QSO:   14001 CW 2026-05-31 0838 EA5YU            599 0241  C4E              599  1738     
QSO:   14018 CW 2026-05-31 0841 EA5YU            599 0242  OP7T             599  0199     
QSO:   14039 CW 2026-05-31 0846 EA5YU            599 0243  DL7ON            599  1457     
QSO:   14046 CW 2026-05-31 0848 EA5YU            599 0244  K1ZZ             599  1540     
QSO:   14056 CW 2026-05-31 0850 EA5YU            599 0245  EA2PA            599  0027     
QSO:   14058 CW 2026-05-31 0851 EA5YU            599 0246  YL2BJ            599  0612     
QSO:   14002 CW 2026-05-31 0852 EA5YU            599 0247  DQ2A             599  0664     
QSO:   14004 CW 2026-05-31 0853 EA5YU            599 0248  IZ8JFL           599  0840     
QSO:   14005 CW 2026-05-31 0854 EA5YU            599 0249  2E0YEM           599  0174     
QSO:   14005 CW 2026-05-31 0855 EA5YU            599 0250  TF3W             599  1375     
QSO:   14006 CW 2026-05-31 0856 EA5YU            599 0251  LY7R             599  1112     
QSO:   14008 CW 2026-05-31 0858 EA5YU            599 0252  M6N              599  1162     
QSO:   14011 CW 2026-05-31 0900 EA5YU            599 0253  ME5C             599  0567     
QSO:   14011 CW 2026-05-31 0903 EA5YU            599 0254  IK5MEP           599  0479     
QSO:   14019 CW 2026-05-31 0904 EA5YU            599 0255  EA3X             599  0398     
QSO:   14024 CW 2026-05-31 0907 EA5YU            599 0256  W1RCR            599  1537     
QSO:   14026 CW 2026-05-31 0907 EA5YU            599 0257  HB9CYN           599  0140     
QSO:   14029 CW 2026-05-31 0908 EA5YU            599 0258  YT2ISM           599  0432     
QSO:   14030 CW 2026-05-31 0910 EA5YU            599 0259  9A1A             599  2106     
QSO:   14036 CW 2026-05-31 0911 EA5YU            599 0260  IZ0DHC           599  0385     
QSO:   14037 CW 2026-05-31 0911 EA5YU            599 0261  UO2L             599  1084     
QSO:   14038 CW 2026-05-31 0912 EA5YU            599 0262  UR8RF            599  0602     
QSO:   14042 CW 2026-05-31 0913 EA5YU            599 0263  LZ25W            599  2491     
QSO:   14043 CW 2026-05-31 0916 EA5YU            599 0264  CN3A             599  2486     
QSO:   14037 CW 2026-05-31 0917 EA5YU            599 0265  HB0DX            599  2040     
QSO:   14041 CW 2026-05-31 0919 EA5YU            599 0266  IQ2MI            599  0788     
QSO:   14028 CW 2026-05-31 0924 EA5YU            599 0267  RC7A             599  0162     
QSO:   14022 CW 2026-05-31 0926 EA5YU            599 0268  DA1A             599  1162     
QSO:   14021 CW 2026-05-31 0929 EA5YU            599 0269  OP4F             599  0268     
QSO:   21002 CW 2026-05-31 0936 EA5YU            599 0270  F5SDD            599  0068     
QSO:   21003 CW 2026-05-31 0937 EA5YU            599 0271  TF3W             599  1401     
QSO:   21004 CW 2026-05-31 0938 EA5YU            599 0272  GS8VL            599  1567     
QSO:   21000 CW 2026-05-31 0939 EA5YU            599 0273  LY4L             599  0274     
QSO:   21005 CW 2026-05-31 0942 EA5YU            599 0274  F5NIB            599  0780     
QSO:   21009 CW 2026-05-31 0943 EA5YU            599 0275  9A7A             599  3477     
QSO:   21011 CW 2026-05-31 0947 EA5YU            599 0276  R9MM             599  0918     
QSO:   21012 CW 2026-05-31 0947 EA5YU            599 0277  OL7T             599  2046     
QSO:   21018 CW 2026-05-31 0949 EA5YU            599 0278  DK6WL            599  0095     
QSO:   21019 CW 2026-05-31 0951 EA5YU            599 0279  M2G              599  0324     
QSO:   21020 CW 2026-05-31 0952 EA5YU            599 0280  DF8V             599  0680     
QSO:   21024 CW 2026-05-31 0955 EA5YU            599 0281  YO2NAA           599  0275     
QSO:   21011 CW 2026-05-31 1016 EA5YU            599 0282  II3O             599  0709     
QSO:   21029 CW 2026-05-31 1019 EA5YU            599 0283  SC7DX            599  0404     
QSO:   21031 CW 2026-05-31 1020 EA5YU            599 0284  IV3UHL           599  0941     
QSO:   21032 CW 2026-05-31 1021 EA5YU            599 0285  ES9C             599  1786     
QSO:   21033 CW 2026-05-31 1024 EA5YU            599 0286  MD4K             599  2409     
QSO:   21040 CW 2026-05-31 1025 EA5YU            599 0287  RO9A             599  0615     
QSO:   21041 CW 2026-05-31 1026 EA5YU            599 0288  DL2OBF           599  0824     
QSO:   21043 CW 2026-05-31 1028 EA5YU            599 0289  JT5DX            599  1809     
QSO:   21044 CW 2026-05-31 1028 EA5YU            599 0290  IK0YUT           599  0217     
QSO:   21045 CW 2026-05-31 1029 EA5YU            599 0291  R9DX             599  1248     
QSO:   21046 CW 2026-05-31 1032 EA5YU            599 0292  LZ25W            599  1409     
QSO:   21047 CW 2026-05-31 1033 EA5YU            599 0293  UA9CTT           599  0985     
QSO:   21049 CW 2026-05-31 1034 EA5YU            599 0294  PA5KT            599  0364     
QSO:   21063 CW 2026-05-31 1038 EA5YU            599 0295  RA9Y             599  3029     
QSO:   21071 CW 2026-05-31 1039 EA5YU            599 0296  EX2M             599  1067     
QSO:   21003 CW 2026-05-31 1041 EA5YU            599 0297  II2C             599  0780     
QSO:   21004 CW 2026-05-31 1043 EA5YU            599 0298  GX4GA            599  1533     
QSO:   21013 CW 2026-05-31 1044 EA5YU            599 0299  F5IN             599  1323     
QSO:   21018 CW 2026-05-31 1045 EA5YU            599 0300  HA3DX            599  2324     
QSO:   21007 CW 2026-05-31 1047 EA5YU            599 0301  IT9VDQ           599  0546     
QSO:   21010 CW 2026-05-31 1048 EA5YU            599 0302  OK6Y             599  0985     
QSO:   21018 CW 2026-05-31 1049 EA5YU            599 0303  LY6O             599  1093     
QSO:   21021 CW 2026-05-31 1050 EA5YU            599 0304  EF8R             599  1433     
QSO:   21027 CW 2026-05-31 1054 EA5YU            599 0305  YR9F             599  0771     
QSO:   21035 CW 2026-05-31 1105 EA5YU            599 0306  UF5A             599  0403     
QSO:   28014 CW 2026-05-31 1107 EA5YU            599 0307  IB3N             599  0922     
QSO:   28007 CW 2026-05-31 1108 EA5YU            599 0308  YT7R             599  0062     
QSO:   28024 CW 2026-05-31 1119 EA5YU            599 0309  S58A             599  3470     
QSO:   28004 CW 2026-05-31 1123 EA5YU            599 0310  RL3A             599  4350     
QSO:   28044 CW 2026-05-31 1124 EA5YU            599 0311  G5O              599  0104     
QSO:   28045 CW 2026-05-31 1125 EA5YU            599 0312  EA5CP            599  0076     
QSO:   28044 CW 2026-05-31 1126 EA5YU            599 0313  DR1A             599  0444     
QSO:   28039 CW 2026-05-31 1128 EA5YU            599 0314  MM9ODX           599  0567     
QSO:   28029 CW 2026-05-31 1131 EA5YU            599 0315  II9P             599  3903     
QSO:   28021 CW 2026-05-31 1132 EA5YU            599 0316  EI3Z             599  0244     
QSO:   28021 CW 2026-05-31 1133 EA5YU            599 0317  EF5Y             599  2987     
QSO:   28016 CW 2026-05-31 1134 EA5YU            599 0318  R7AW             599  0167     
QSO:   28011 CW 2026-05-31 1135 EA5YU            599 0319  9J2FI            599  1006     
QSO:   28010 CW 2026-05-31 1137 EA5YU            599 0320  OP0HQ            599  0268     
QSO:   28043 CW 2026-05-31 1139 EA5YU            599 0321  CT3KN            599  2269     
QSO:   28032 CW 2026-05-31 1141 EA5YU            599 0322  OL3Z             599  0287     
QSO:   28000 CW 2026-05-31 1143 EA5YU            599 0323  YT1X             599  0523     
QSO:   28006 CW 2026-05-31 1143 EA5YU            599 0324  LZ4TX            599  0409     
QSO:   28007 CW 2026-05-31 1144 EA5YU            599 0325  TM6M             599  3022     
QSO:   28009 CW 2026-05-31 1147 EA5YU            599 0326  II4M             599  1879     
QSO:   28011 CW 2026-05-31 1148 EA5YU            599 0327  S58Y             599  0286     
QSO:   28017 CW 2026-05-31 1149 EA5YU            599 0328  RY3D             599  0296     
QSO:   28029 CW 2026-05-31 1151 EA5YU            599 0329  IZ3NYG           599  0925     
QSO:   28033 CW 2026-05-31 1153 EA5YU            599 0330  ZD7BG            599  0421     
QSO:   28038 CW 2026-05-31 1154 EA5YU            599 0331  S54O             599  0275     
QSO:   28046 CW 2026-05-31 1156 EA5YU            599 0332  HA5UX            599  0597     
QSO:   28046 CW 2026-05-31 1157 EA5YU            599 0333  SM2EZT           599  0786     
QSO:   28046 CW 2026-05-31 1157 EA5YU            599 0334  LX4A             599  0132     
QSO:   28046 CW 2026-05-31 1158 EA5YU            599 0335  II5T             599  0191     
QSO:   28046 CW 2026-05-31 1158 EA5YU            599 0336  DR8M             599  0621     
QSO:   28046 CW 2026-05-31 1158 EA5YU            599 0337  PA5WT            599  0183     
QSO:   28046 CW 2026-05-31 1200 EA5YU            599 0338  HA8FK            599  0533     
QSO:   28046 CW 2026-05-31 1201 EA5YU            599 0339  IK1BPL           599  0447     
QSO:   28046 CW 2026-05-31 1203 EA5YU            599 0340  EV1R             599  1444     
QSO:   28046 CW 2026-05-31 1203 EA5YU            599 0341  DD6CW            599  0306     
QSO:   28046 CW 2026-05-31 1203 EA5YU            599 0342  DL4KG            599  0007     
QSO:   28046 CW 2026-05-31 1204 EA5YU            599 0343  DL6RDR           599  0218     
QSO:   28046 CW 2026-05-31 1205 EA5YU            599 0344  IZ6BTN           599  0127     
QSO:   28046 CW 2026-05-31 1207 EA5YU            599 0345  YU0T             599  0511     
QSO:   28046 CW 2026-05-31 1209 EA5YU            599 0346  LZ5R             599  0556     
QSO:   28046 CW 2026-05-31 1209 EA5YU            599 0347  MX6R             599  0147     
QSO:   28046 CW 2026-05-31 1209 EA5YU            599 0348  S53X             599  1512     
QSO:   28001 CW 2026-05-31 1216 EA5YU            599 0349  PP5WX            599  1419     
QSO:   28008 CW 2026-05-31 1217 EA5YU            599 0350  DD5Y             599  0497     
QSO:   28013 CW 2026-05-31 1219 EA5YU            599 0351  PY2XL            599  0752     
QSO:   28021 CW 2026-05-31 1221 EA5YU            599 0352  YL6W             599  1653     
QSO:   28028 CW 2026-05-31 1223 EA5YU            599 0353  OM7JG            599  1868     
QSO:   28029 CW 2026-05-31 1224 EA5YU            599 0354  OK7O             599  2963     
QSO:   28009 CW 2026-05-31 1228 EA5YU            599 0355  LP1H             599  0779     
QSO:   28011 CW 2026-05-31 1228 EA5YU            599 0356  YT9W             599  0538     
QSO:   28017 CW 2026-05-31 1230 EA5YU            599 0357  G4ERW            599  0137     
QSO:   28019 CW 2026-05-31 1235 EA5YU            599 0358  PY2NY            599  0830     
QSO:   28003 CW 2026-05-31 1333 EA5YU            599 0359  F5NIB            599  0848     
QSO:   28015 CW 2026-05-31 1336 EA5YU            599 0360  DK1FY            599  0173     
QSO:   28047 CW 2026-05-31 1340 EA5YU            599 0361  2E0YEM           599  0225     
QSO:   28040 CW 2026-05-31 1342 EA5YU            599 0362  7S9A             599  0509     
QSO:   28028 CW 2026-05-31 1344 EA5YU            599 0363  OZ5W             599  0195     
QSO:   28025 CW 2026-05-31 1345 EA5YU            599 0364  DP9A             599  0359     
QSO:   28024 CW 2026-05-31 1348 EA5YU            599 0365  HA3DX            599  2465     
QSO:   28016 CW 2026-05-31 1353 EA5YU            599 0366  PY3TD            599  0344     
QSO:   28016 CW 2026-05-31 1354 EA5YU            599 0367  MX3W             599  1406     
QSO:   28026 CW 2026-05-31 1356 EA5YU            599 0368  G9W              599  0147     
QSO:   28007 CW 2026-05-31 1402 EA5YU            599 0369  PY1XW            599  0433     
QSO:   28035 CW 2026-05-31 1406 EA5YU            599 0370  F5SDH            599  0153     
QSO:   28034 CW 2026-05-31 1410 EA5YU            599 0371  G4R              599  0353     
QSO:   28033 CW 2026-05-31 1418 EA5YU            599 0372  AZ1A             599  0328     
QSO:   28036 CW 2026-05-31 1421 EA5YU            599 0373  PY1NSC           599  0098     
QSO:   28017 CW 2026-05-31 1424 EA5YU            599 0374  TM4ZZ            599  1789     
QSO:   28037 CW 2026-05-31 1431 EA5YU            599 0375  PP2RR            599  0105     
QSO:   28042 CW 2026-05-31 1433 EA5YU            599 0376  ZX2T             599  0795     
QSO:   28043 CW 2026-05-31 1434 EA5YU            599 0377  CP7DX            599  0831     
QSO:   28046 CW 2026-05-31 1440 EA5YU            599 0378  PR2CC            599  0783     
QSO:   28025 CW 2026-05-31 1444 EA5YU            599 0379  LU5UEA           599  0185     
QSO:   28017 CW 2026-05-31 1445 EA5YU            599 0380  LU1DZ            599  0263     
QSO:   28038 CW 2026-05-31 1447 EA5YU            599 0381  EF6T             599  0586     
QSO:   28020 CW 2026-05-31 1450 EA5YU            599 0382  MD4K             599  2707     
QSO:   28008 CW 2026-05-31 1548 EA5YU            599 0383  HA4A             599  0382     
QSO:   28017 CW 2026-05-31 1549 EA5YU            599 0384  CX2BR            599  0072     
QSO:   21036 CW 2026-05-31 1554 EA5YU            599 0385  9A1A             599  1457     
QSO:   21007 CW 2026-05-31 1555 EA5YU            599 0386  HG7T             599  1101     
QSO:   21010 CW 2026-05-31 1556 EA5YU            599 0387  K1LZ             599  3115     
QSO:   21003 CW 2026-05-31 1557 EA5YU            599 0388  MX3W             599  1498     
QSO:   21006 CW 2026-05-31 1558 EA5YU            599 0389  9A5Y             599  3141     
QSO:   21007 CW 2026-05-31 1558 EA5YU            599 0390  TM1A             599  0789     
QSO:   21017 CW 2026-05-31 1603 EA5YU            599 0391  NG3R             599  1599     
QSO:   21019 CW 2026-05-31 1603 EA5YU            599 0392  VA1EET           599  3349     
QSO:   21025 CW 2026-05-31 1606 EA5YU            599 0393  YU9DX            599  1589     
QSO:   21027 CW 2026-05-31 1607 EA5YU            599 0394  DR1A             599  1139     
QSO:   21030 CW 2026-05-31 1608 EA5YU            599 0395  DP9A             599  1065     
QSO:   21032 CW 2026-05-31 1610 EA5YU            599 0396  G9W              599  0864     
QSO:   21035 CW 2026-05-31 1610 EA5YU            599 0397  HG4A             599  2734     
QSO:   21043 CW 2026-05-31 1612 EA5YU            599 0398  EI4HQ            599  0406     
QSO:   21047 CW 2026-05-31 1614 EA5YU            599 0399  VY2TT            599  2748     
QSO:   21053 CW 2026-05-31 1615 EA5YU            599 0400  N4VI             599  0578     
QSO:   21054 CW 2026-05-31 1616 EA5YU            599 0401  OR7G             599  0861     
QSO:   21054 CW 2026-05-31 1618 EA5YU            599 0402  HC8M             599  2523     
QSO:   21064 CW 2026-05-31 1620 EA5YU            599 0403  AA6KJ            599  1019     
QSO:   21070 CW 2026-05-31 1622 EA5YU            599 0404  TN8GD            599  1308     
QSO:   21061 CW 2026-05-31 1623 EA5YU            599 0405  VA2UR            599  0435     
QSO:   21039 CW 2026-05-31 1629 EA5YU            599 0406  OK5Z             599  3036     
QSO:   21020 CW 2026-05-31 1632 EA5YU            599 0407  OK2PVF           599  0143     
QSO:   21043 CW 2026-05-31 1635 EA5YU            599 0408  G5O              599  0303     
QSO:   21034 CW 2026-05-31 1643 EA5YU            599 0409  S53R             599  1599     
QSO:   21033 CW 2026-05-31 1643 EA5YU            599 0410  WG3J             599  0736     
QSO:   21029 CW 2026-05-31 1645 EA5YU            599 0411  YT4CW            599  2730     
QSO:   21024 CW 2026-05-31 1646 EA5YU            599 0412  II1X             599  0823     
QSO:   21011 CW 2026-05-31 1649 EA5YU            599 0413  CR6K             599  3974     
QSO:   21010 CW 2026-05-31 1650 EA5YU            599 0414  YU9A             599  2126     
QSO:   21002 CW 2026-05-31 1651 EA5YU            599 0415  F6KPQ            599  0292     
QSO:   21060 CW 2026-05-31 1655 EA5YU            599 0416  PT2AW            599  0286     
QSO:   21064 CW 2026-05-31 1656 EA5YU            599 0417  5Z4A             599  1859     
QSO:   21067 CW 2026-05-31 1657 EA5YU            599 0418  CP7DX            599  0894     
QSO:   21063 CW 2026-05-31 1658 EA5YU            599 0419  CE1WGM           599  0841     
QSO:   21058 CW 2026-05-31 1700 EA5YU            599 0420  UT4E             599  0848     
QSO:   21057 CW 2026-05-31 1701 EA5YU            599 0421  HG3N             599  2551     
QSO:   21050 CW 2026-05-31 1704 EA5YU            599 0422  II2Q             599  3204     
QSO:   21047 CW 2026-05-31 1709 EA5YU            599 0423  DP75HSC          599  0764     
QSO:   21044 CW 2026-05-31 1710 EA5YU            599 0424  NP4E             599  0694     
QSO:   21042 CW 2026-05-31 1711 EA5YU            599 0425  OZ5W             599  0883     
QSO:   21041 CW 2026-05-31 1713 EA5YU            599 0426  K1SM             599  0933     
QSO:   21010 CW 2026-05-31 1718 EA5YU            599 0427  SX9V             599  1759     
QSO:   21013 CW 2026-05-31 1719 EA5YU            599 0428  RW7F             599  0759     
QSO:   21016 CW 2026-05-31 1723 EA5YU            599 0429  9M2LAN           599  0489     
QSO:   21022 CW 2026-05-31 1726 EA5YU            599 0430  YT9A             599  1449     
QSO:   21027 CW 2026-05-31 1727 EA5YU            599 0431  LX7I             599  3203     
QSO:   21031 CW 2026-05-31 1729 EA5YU            599 0432  XR3A             599  2022     
QSO:   21034 CW 2026-05-31 1730 EA5YU            599 0433  F6HKA            599  1278     
QSO:   21036 CW 2026-05-31 1732 EA5YU            599 0434  NU5A             599  3846     
QSO:   21038 CW 2026-05-31 1733 EA5YU            599 0435  PY2NY            599  0919     
QSO:   21044 CW 2026-05-31 1736 EA5YU            599 0436  CE3SPR           599  0871     
QSO:   21055 CW 2026-05-31 1739 EA5YU            599 0437  RN3QO            599  1137     
QSO:   21000 CW 2026-05-31 1742 EA5YU            599 0438  P30A             599  1971     
QSO:   21021 CW 2026-05-31 1746 EA5YU            599 0439  EA2PA            599  0030     
QSO:   21027 CW 2026-05-31 1748 EA5YU            599 0440  PB8DX            599  0782     
QSO:   21046 CW 2026-05-31 1750 EA5YU            599 0441  ED3T             599  0271     
QSO:   28036 CW 2026-05-31 1753 EA5YU            599 0442  ES9C             599  0828     
QSO:   28008 CW 2026-05-31 1754 EA5YU            599 0443  DJ5MO            599  0440     
QSO:   21066 CW 2026-05-31 1758 EA5YU            599 0444  HG26TISZA        599  1897     
QSO:   21043 CW 2026-05-31 1801 EA5YU            599 0445  JA3YBK           599  1650     
QSO:   21031 CW 2026-05-31 1802 EA5YU            599 0446  EC3A             599  1515     
QSO:   21007 CW 2026-05-31 1804 EA5YU            599 0447  PY3TD            599  0471     
QSO:   14013 CW 2026-05-31 1807 EA5YU            599 0448  OM2X             599  1497     
QSO:   14016 CW 2026-05-31 1809 EA5YU            599 0449  RG2Y             599  1435     
QSO:   14017 CW 2026-05-31 1810 EA5YU            599 0450  OM8CW            599  2179     
QSO:   14071 CW 2026-05-31 1814 EA5YU            599 0451  SO6OO            599  0436     
QSO:   14068 CW 2026-05-31 1815 EA5YU            599 0452  RL4A             599  0154     
QSO:   14065 CW 2026-05-31 1816 EA5YU            599 0453  OM7K             599  1748     
QSO:   14057 CW 2026-05-31 1819 EA5YU            599 0454  OL3Z             599  1753     
QSO:   14056 CW 2026-05-31 1821 EA5YU            599 0455  F6HKA            599  1310     
QSO:   14055 CW 2026-05-31 1822 EA5YU            599 0456  YT1TU            599  0198     
QSO:   14055 CW 2026-05-31 1824 EA5YU            599 0457  RW1A             599  3384     
QSO:   14051 CW 2026-05-31 1832 EA5YU            599 0458  ES9C             599  2989     
QSO:   14050 CW 2026-05-31 1835 EA5YU            599 0459  YU5R             599  1421     
QSO:   14042 CW 2026-05-31 1838 EA5YU            599 0460  RC6U             599  0199     
QSO:   14041 CW 2026-05-31 1839 EA5YU            599 0461  HG6N             599  4418     
QSO:   14040 CW 2026-05-31 1839 EA5YU            599 0462  OM3CW            599  0792     
QSO:   14040 CW 2026-05-31 1840 EA5YU            599 0463  LC7X             599  0322     
QSO:   14038 CW 2026-05-31 1840 EA5YU            599 0464  LZ25W            599  2983     
QSO:   14000 CW 2026-05-31 1845 EA5YU            599 0465  JT5DX            599  2542     
QSO:   14001 CW 2026-05-31 1851 EA5YU            599 0466  P30A             599  2088     
QSO:   14004 CW 2026-05-31 1852 EA5YU            599 0467  ON5JT            599  0342     
QSO:   14005 CW 2026-05-31 1853 EA5YU            599 0468  9A5Y             599  3416     
QSO:   14008 CW 2026-05-31 1854 EA5YU            599 0469  DP75HSC          599  1341     
QSO:   14012 CW 2026-05-31 1859 EA5YU            599 0470  SZ40A            599  1352     
QSO:   14011 CW 2026-05-31 1904 EA5YU            599 0471  LZ1AQ            599  0921     
QSO:   14024 CW 2026-05-31 1908 EA5YU            599 0472  OL7J             599  2538     
QSO:   14025 CW 2026-05-31 1909 EA5YU            599 0473  UC9A             599  1418     
QSO:   14026 CW 2026-05-31 1910 EA5YU            599 0474  OK5Z             599  3179     
QSO:   14027 CW 2026-05-31 1911 EA5YU            599 0475  YU5M             599  1263     
QSO:   14034 CW 2026-05-31 1914 EA5YU            599 0476  HA8WY            599  0648     
QSO:   14034 CW 2026-05-31 1915 EA5YU            599 0477  E70T             599  1849     
QSO:   14037 CW 2026-05-31 1917 EA5YU            599 0478  VE3KG            599  1690     
QSO:   14040 CW 2026-05-31 1918 EA5YU            599 0479  9A7A             599  4066     
QSO:   14041 CW 2026-05-31 1919 EA5YU            599 0480  IK4MTF           599  0337     
QSO:   14042 CW 2026-05-31 1919 EA5YU            599 0481  YU5A             599  1765     
QSO:   14043 CW 2026-05-31 1920 EA5YU            599 0482  JA1CSN           599  1631     
QSO:   14044 CW 2026-05-31 1920 EA5YU            599 0483  IO3T             599  0976     
QSO:   14046 CW 2026-05-31 1921 EA5YU            599 0484  DA2X             599  2716     
QSO:   14047 CW 2026-05-31 1922 EA5YU            599 0485  EU1A             599  2523     
QSO:   14048 CW 2026-05-31 1922 EA5YU            599 0486  S53R             599  1788     
QSO:   14049 CW 2026-05-31 1924 EA5YU            599 0487  W1MX             599  0954     
QSO:   14053 CW 2026-05-31 1926 EA5YU            599 0488  UA9CTT           599  1297     
QSO:   14056 CW 2026-05-31 1926 EA5YU            599 0489  K8GL             599  1270     
QSO:   14056 CW 2026-05-31 1927 EA5YU            599 0490  PA3FQA           599  0183     
QSO:   14057 CW 2026-05-31 1928 EA5YU            599 0491  UT7NY            599  0247     
QSO:   14059 CW 2026-05-31 1929 EA5YU            599 0492  EI8CE            599  0250     
QSO:   14060 CW 2026-05-31 1931 EA5YU            599 0493  OI3V             599  2314     
QSO:   14061 CW 2026-05-31 1932 EA5YU            599 0494  UA6LUQ           599  0942     
QSO:   14013 CW 2026-05-31 1935 EA5YU            599 0495  YU9A             599  2256     
QSO:   14067 CW 2026-05-31 1935 EA5YU            599 0496  HG2DX            599  1088     
QSO:   14068 CW 2026-05-31 1937 EA5YU            599 0497  S53XX            599  0218     
QSO:   14069 CW 2026-05-31 1938 EA5YU            599 0498  GE0LZL           599  0265     
QSO:   14071 CW 2026-05-31 1940 EA5YU            599 0499  WS7L             599  0816     
QSO:   14074 CW 2026-05-31 1941 EA5YU            599 0500  K1LT             599  0892     
QSO:   14002 CW 2026-05-31 1943 EA5YU            599 0501  VA1EET           599  3569     
QSO:   14004 CW 2026-05-31 1944 EA5YU            599 0502  DL3JAN           599  0210     
QSO:   14006 CW 2026-05-31 1945 EA5YU            599 0503  LN8W             599  2573     
QSO:   14007 CW 2026-05-31 1947 EA5YU            599 0504  S52A             599  1045     
QSO:   14012 CW 2026-05-31 1948 EA5YU            599 0505  OM7M             599  2348     
END-OF-LOG:
