START-OF-LOG: 3.0
CREATED-BY: vhfmanager-downloader
CONTEST: ZRS marčevsko UKV tekmovanje - Official results - VHFManager
CALLSIGN: HB9RF
CATEGORY: 145 MHz - Generated log
CATEGORY-OPERATOR: SINGLE-OP
CATEGORY-ASSISTED: NON-ASSISTED
CATEGORY-TRANSMITTER: ONE
CATEGORY-STATION: FIXED
QSO: 144300 PH 2017-03-04 1408 HB9RF         7   JN47FB JN47FB HB9RF         SSB HB9AOF 59 
QSO: 144300 PH 2017-03-04 1410 HB9RF         9   JN47FB JN47FB HB9RF         SSB HB9CQL 59 
QSO: 144300 PH 2017-03-04 1415 HB9RF         12  JN47FB JN47FB HB9RF         SSB HB9CL 59  
QSO: 144300 PH 2017-03-04 1513 HB9RF         64  JN47FB JN47FB HB9RF         SSB HB2C 59   
QSO: 144300 PH 2017-03-04 1544 HB9RF         92  JN47FB JN47FB HB9RF         SSB F1CBC 55  
QSO: 144300 PH 2017-03-04 1546 HB9RF         93  JN47FB JN47FB HB9RF         SSB F6KRK 59  
QSO: 144300 PH 2017-03-04 1554 HB9RF         96  JN47FB JN47FB HB9RF         SSB F0GCL 59  
QSO: 144300 PH 2017-03-04 1600 HB9RF         101 JN47FB JN47FB HB9RF         SSB F6KFH 59  
QSO: 144300 PH 2017-03-04 1607 HB9RF         104 JN47FB JN47FB HB9RF         SSB PA3GEO 59 
QSO: 144300 PH 2017-03-04 1616 HB9RF         113 JN47FB JN47FB HB9RF         SSB PA3HFJ 59 
QSO: 144300 PH 2017-03-04 1636 HB9RF         129 JN47FB JN47FB HB9RF         SSB F5PZR 59  
QSO: 144300 PH 2017-03-04 1719 HB9RF         150 JN47FB JN47FB HB9RF         SSB DK2ZF/P 59
QSO: 144300 PH 2017-03-04 2037 HB9RF         199 JN47FB JN47FB HB9RF         SSB F5OOM/P 59
QSO: 144300 PH 2017-03-04 2257 HB9RF         205 JN47FB JN47FB HB9RF         SSB DL1SUZ 55 
QSO: 144300 PH 2017-03-04 2259 HB9RF         207 JN47FB JN47FB HB9RF         SSB DA0FF 59  
QSO: 144300 PH 2017-03-04 2317 HB9RF         213 JN47FB JN47FB HB9RF         SSB OL7C 59   
QSO: 144300 PH 2017-03-04 2332 HB9RF         217 JN47FB JN47FB HB9RF         SSB OK7O 59   
QSO: 144300 PH 2017-03-04 2359 HB9RF         220 JN47FB JN47FB HB9RF         SSB DK5DQ 55  
QSO: 144300 PH 2017-03-05 0014 HB9RF         221 JN47FB JN47FB HB9RF         SSB HB9GF 59  
QSO: 144300 PH 2017-03-05 0702 HB9RF         232 JN47FB JN47FB HB9RF         SSB PA1T 59   
QSO: 144300 PH 2017-03-05 0751 HB9RF         245 JN47FB JN47FB HB9RF         SSB F1NZC 59  
QSO: 144300 PH 2017-03-05 0838 HB9RF         258 JN47FB JN47FB HB9RF         SSB F1SIU 59  
QSO: 144300 PH 2017-03-05 0840 HB9RF         259 JN47FB JN47FB HB9RF         SSB F4DBD 59  
QSO: 144300 PH 2017-03-05 0858 HB9RF         266 JN47FB JN47FB HB9RF         SSB F5JJA 55  
QSO: 144300 PH 2017-03-05 0902 HB9RF         268 JN47FB JN47FB HB9RF         SSB I1AXE 59  
QSO: 144300 PH 2017-03-05 1015 HB9RF         298 JN47FB JN47FB HB9RF         SSB OE5D 59   
QSO: 144300 PH 2017-03-05 1021 HB9RF         301 JN47FB JN47FB HB9RF         SSB DL1MHJ 59 
QSO: 144300 PH 2017-03-05 0924 HB9RF         302 JN47FB JN47FB HB9RF         SSB PA2CV 59  
QSO: 144300 PH 2017-03-05 1037 HB9RF         308 JN47FB JN47FB HB9RF         SSB F6HPP/P 59
QSO: 144300 PH 2017-03-05 1109 HB9RF         316 JN47FB JN47FB HB9RF         SSB OK1NPF 59 
QSO: 144300 PH 2017-03-05 1228 HB9RF         336 JN47FB JN47FB HB9RF         SSB OL3Y 59   
QSO: 144300 PH 2017-03-05 1229 HB9RF         337 JN47FB JN47FB HB9RF         SSB OK1KPA 59 
QSO: 144300 PH 2017-03-05 1238 HB9RF         340 JN47FB JN47FB HB9RF         SSB PA0PVW 59 
QSO: 144300 PH 2017-03-05 1300 HB9RF         347 JN47FB JN47FB HB9RF         CW  PA3CGJ 59 
QSO: 144300 PH 2017-03-05 1310 HB9RF         349 JN47FB JN47FB HB9RF         SSB PD0PSO 59 
QSO: 144300 PH 2017-03-05 1317 HB9RF         351 JN47FB JN47FB HB9RF         SSB DL0HTW 59 
QSO: 144300 PH 2017-03-05 1327 HB9RF         356 JN47FB JN47FB HB9RF         SSB IQ1VM 59  
QSO: 144300 PH 2017-03-05 1334 HB9RF         358 JN47FB JN47FB HB9RF         SSB F8KID 59  
END-OF-LOG:
