START-OF-LOG: 3.0
CREATED-BY: reconstructed-log-builder
CONTEST: WAE RTTY
CALLSIGN: IK3SSJ
LOCATION: 
CATEGORY: CHECKLOG
CATEGORY-OPERATOR: SINGLE-OP
CATEGORY-BAND: ALL
CATEGORY-MODE: MIXED
CATEGORY-POWER: UNKNOWN
CATEGORY-ASSISTED: NON-ASSISTED
CATEGORY-TRANSMITTER: ONE
CATEGORY-STATION: UNKNOWN
CATEGORY-OVERLAY: 
OPERATORS: IK3SSJ
CLAIMED-SCORE: 
CLUB: 
NAME: 
SOAPBOX: RECONSTRUCTED MOCKUP LOG - NOT AN OFFICIAL SUBMISSION.
SOAPBOX: Derived from submitted logs for WAE RTTY WAE/RTTY/2020.
QSO: 14087 RY 2020-11-14 0817 IK3SSJ        599 0001 OH2KW         599 0066
QSO: 14094 RY 2020-11-14 0821 IK3SSJ        599 0002 P3X           599 0550
QSO:  7043 RY 2020-11-14 1502 IK3SSJ        599 0003 JH4UYB        599 0379
QSO:  7045 RY 2020-11-14 1506 IK3SSJ        599 004 RA3Y          599 590
QSO:  7046 RY 2020-11-14 1507 IK3SSJ        599 0005 HB9FXU        599 0036
QSO:  7063 RY 2020-11-14 1511 IK3SSJ        599 0007 DJ4WM         599 0142
QSO:  7063 RY 2020-11-14 1511 IK3SSJ        599 0006 PA3BFH        599 0042
QSO:  7063 RY 2020-11-14 1512 IK3SSJ        599 0008 US5QUB        599 0160
QSO:  7062 RY 2020-11-14 1513 IK3SSJ        599 0010 PD0JMH        599 0091
QSO:  7063 RY 2020-11-14 1513 IK3SSJ        599 0009 EA4FME        599 0121
QSO:  7063 RY 2020-11-14 1514 IK3SSJ        599 0011 PG2K          599 0117
QSO:  7063 RY 2020-11-14 1515 IK3SSJ        599 0012 SP6FXY        599 0091
QSO:  7000 RY 2020-11-14 1516 IK3SSJ        599 014 OH5UQ         599 028
QSO:  7062 RY 2020-11-14 1517 IK3SSJ        599 0015 SP1TJ         599 0133
QSO:  7063 RY 2020-11-14 1518 IK3SSJ        599 016 SO50WD        599 162
QSO:  7063 RY 2020-11-14 1521 IK3SSJ        599 0017 EI8KM         599 0001
QSO:  7063 RY 2020-11-14 1522 IK3SSJ        599 0018 DK9FEC        599 0090
QSO:  7063 RY 2020-11-14 1522 IK3SSJ        599 0019 UT8IM         599 0066
QSO:  7064 RY 2020-11-14 1523 IK3SSJ        599 0020 SP9DLY        599 0024
QSO:  7058 RY 2020-11-14 1527 IK3SSJ        599 0022 UR6EA         599 0002
QSO:  7053 RY 2020-11-14 1616 IK3SSJ        599 023 UX1VT         599 250
QSO:  7045 RY 2020-11-14 1619 IK3SSJ        599 0024 YQ6A          599 0669
QSO:  7045 RY 2020-11-14 1621 IK3SSJ        599 0026 YO9BCM        599 0251
QSO:  7000 RY 2020-11-14 1623 IK3SSJ        599 027 DL1KWK        599 045
QSO:  7040 RY 2020-11-14 1623 IK3SSJ        599 028 YO2LXW        599 088
QSO:  7047 RY 2020-11-14 1625 IK3SSJ        599 0029 PA0CMF        599 0071
QSO:  7047 RY 2020-11-14 1626 IK3SSJ        599 0031 DL3SYA        599 0446
QSO:  7047 RY 2020-11-14 1626 IK3SSJ        599 0030 SE6K          599 0248
QSO:  7057 RY 2020-11-14 1955 IK3SSJ        599 0033 RA1ALC        599 0279
QSO:  7057 RY 2020-11-14 1957 IK3SSJ        599 0034 R2XM          599 0178
QSO:  7057 RY 2020-11-14 1957 IK3SSJ        599 0035 UT5EPP        599 0621
QSO:  7067 RY 2020-11-14 2000 IK3SSJ        599 0036 K3AJ          599 0590
QSO:  7067 RY 2020-11-14 2001 IK3SSJ        599 0037 OH2LU         599 0119
QSO:  7067 RY 2020-11-14 2003 IK3SSJ        599 0040 N1RM          599 0503
QSO:  7069 RY 2020-11-14 2003 IK3SSJ        599 0039 CT7AJL        599 0586
QSO:  7067 RY 2020-11-14 2004 IK3SSJ        599 0041 KU4V          599 0200
QSO:  7067 RY 2020-11-14 2006 IK3SSJ        599 0042 CT7AUP        599 0536
QSO:  7069 RY 2020-11-14 2007 IK3SSJ        599 0044 N6AR          599 0480
QSO:  7041 RY 2020-11-14 2009 IK3SSJ        599 0045 UR5LY         599 0015
QSO:  7066 RY 2020-11-14 2010 IK3SSJ        599 0046 TA7OYG        599 0191
QSO:  7066 RY 2020-11-14 2014 IK3SSJ        599 0047 MM9I          599 0532
QSO:  7056 RY 2020-11-14 2019 IK3SSJ        599 0048 PY7XC         599 0249
QSO:  7051 RY 2020-11-14 2025 IK3SSJ        599 049 JA0BZY        599 018
QSO:  7050 RY 2020-11-14 2026 IK3SSJ        599 0050 WB1AEL        599 0005
QSO:  7049 RY 2020-11-14 2028 IK3SSJ        599 0050 YB2HAF        599 0167
QSO:  7055 RY 2020-11-14 2034 IK3SSJ        599 0052 AB3CV         599 0474
QSO:  7057 RY 2020-11-14 2035 IK3SSJ        599 0053 K4RUM         599 0178
QSO:  7058 RY 2020-11-14 2039 IK3SSJ        599 0054 W4RN          599 0807
QSO:  7067 RY 2020-11-14 2041 IK3SSJ        599 055 LY9Y          599 0699
QSO:  7060 RY 2020-11-14 2042 IK3SSJ        599 0056 VE3UTT        599 0506
QSO:  7059 RY 2020-11-14 2049 IK3SSJ        599 0057 K1MK          599 0705
QSO:  7045 RY 2020-11-14 2052 IK3SSJ        599 0058 JH4UTP        599 0410
QSO:  7056 RY 2020-11-14 2058 IK3SSJ        599 0059 RA0ACM        599 0051
QSO:  7057 RY 2020-11-14 2100 IK3SSJ        599 0060 W3FIZ         599 0668
QSO:  7062 RY 2020-11-14 2103 IK3SSJ        599 062 LB2WG         599 147
QSO:  7063 RY 2020-11-14 2104 IK3SSJ        599 0063 UY5TE         599 0152
QSO:  7062 RY 2020-11-14 2105 IK3SSJ        599 0064 EA8DHH        599 0281
QSO:  7064 RY 2020-11-14 2108 IK3SSJ        599 0065 RG9A          599 1281
QSO:  7067 RY 2020-11-15 0743 IK3SSJ        599 0066 DF3VM         599 0011
QSO:  7035 RY 2020-11-15 0744 IK3SSJ        599 067 EA3AKA        599 072
QSO:  7040 RY 2020-11-15 0745 IK3SSJ        599 069 G3PXT         599 089
QSO:  7070 RY 2020-11-15 0745 IK3SSJ        599 0068 EC1A          599 1029
QSO:  7042 RY 2020-11-15 0748 IK3SSJ        599 070 DL6UHD        599 386
QSO:  7000 RY 2020-11-15 0750 IK3SSJ        599 071 DK0IU         599 712
QSO:  7071 RY 2020-11-15 0750 IK3SSJ        599 0072 DL1FCU        599 0227
QSO:  7070 RY 2020-11-15 0751 IK3SSJ        599 0074 EA4GOY        599 0944
QSO: 14094 RY 2020-11-15 0756 IK3SSJ        599 0075 OZ1ADL        599 0402
QSO: 14094 RY 2020-11-15 0759 IK3SSJ        599 0076 UT5EPP        599 0736
QSO: 14096 RY 2020-11-15 0800 IK3SSJ        599 0077 OH2BP         599 0086
QSO: 14080 RY 2020-11-15 0805 IK3SSJ        599 079 EW8Z          599 485
QSO: 14098 RY 2020-11-15 0805 IK3SSJ        599 078 EW6DM         599 584
QSO: 14100 RY 2020-11-15 0809 IK3SSJ        599 0080 UT7IS         599 0212
QSO: 14100 RY 2020-11-15 0812 IK3SSJ        599 0081 RG9A          599 1597
QSO: 14103 RY 2020-11-15 0814 IK3SSJ        599 082 IT9ATF        599 0241
QSO: 14112 RY 2020-11-15 0815 IK3SSJ        599 0083 D4Z           599 0198
QSO: 14115 RY 2020-11-15 0855 IK3SSJ        599 0084 JH4UTP        599 0583
QSO: 14081 RY 2020-11-15 0901 IK3SSJ        599 085 UR5ZEP        599 072
QSO: 14109 RY 2020-11-15 0901 IK3SSJ        599 0086 EA4GOY        599 1002
QSO: 14108 RY 2020-11-15 0904 IK3SSJ        599 0088 DP7D          599 1221
QSO: 14109 RY 2020-11-15 0904 IK3SSJ        599 0087 GW0A          599 0822
QSO: 14105 RY 2020-11-15 0906 IK3SSJ        599 0089 OH8KVY        599 0587
QSO: 14094 RY 2020-11-15 0908 IK3SSJ        599 090 RK0UT         599 217
QSO: 14119 RY 2020-11-15 0912 IK3SSJ        599 0092 MW9W          599 0548
QSO: 14108 RY 2020-11-15 0917 IK3SSJ        599 0093 HG1G          599 0939
QSO: 14000 RY 2020-11-15 0918 IK3SSJ        599 094 IW8PQ         599 284
QSO: 14106 RY 2020-11-15 0922 IK3SSJ        599 0095 US6CQ         599 0569
QSO: 14092 RY 2020-11-15 0923 IK3SSJ        599 0096 OH3FM         599 0541
QSO: 14099 RY 2020-11-15 1050 IK3SSJ        599 0097 UY5ZZ         599 0531
QSO: 14110 RY 2020-11-15 1056 IK3SSJ        599 0098 RQ7R          599 0383
QSO: 14111 RY 2020-11-15 1058 IK3SSJ        599 0099 UT3N          599 0309
QSO: 14112 RY 2020-11-15 1100 IK3SSJ        599 0100 EC1RS         599 0229
QSO: 14114 RY 2020-11-15 1101 IK3SSJ        599 0101 LX1ER         599 0443
QSO: 14116 RY 2020-11-15 1104 IK3SSJ        599 0103 OH7L          599 0410
QSO: 14089 RY 2020-11-15 1111 IK3SSJ        599 0104 CT7AUP        599 0796
QSO: 14090 RY 2020-11-15 1112 IK3SSJ        599 0105 MM9I          599 0864
QSO: 14094 RY 2020-11-15 1112 IK3SSJ        599 0106 RA1ALC        599 0477
QSO: 14095 RY 2020-11-15 1113 IK3SSJ        599 107 R4WT          599 037
QSO: 14096 RY 2020-11-15 1114 IK3SSJ        599 0108 OH2LU         599 0227
QSO: 14101 RY 2020-11-15 1114 IK3SSJ        599 0109 RX9CM         599 0315
QSO: 14128 RY 2020-11-15 1529 IK3SSJ        599 0110 K1SM          599 0418
QSO: 14130 RY 2020-11-15 1530 IK3SSJ        599 0111 ON5GQ         599 0839
QSO: 14131 RY 2020-11-15 1531 IK3SSJ        599 0112 G3VGZ         599 0316
QSO: 14133 RY 2020-11-15 1532 IK3SSJ        599 0113 M3ECT         599 0402
QSO: 14133 RY 2020-11-15 1532 IK3SSJ        599 0114 VE2EBK        599 0264
QSO: 14133 RY 2020-11-15 1534 IK3SSJ        599 0116 K5CKS         599 0131
QSO: 14133 RY 2020-11-15 1534 IK3SSJ        599 0115 N7UVH         599 0253
QSO: 14134 RY 2020-11-15 1535 IK3SSJ        599 0118 ON/SP2UUU     599 0131
QSO: 14136 RY 2020-11-15 1535 IK3SSJ        599 117 I3FGX         599 0114
QSO: 14133 RY 2020-11-15 1536 IK3SSJ        599 119 W4LC          599 292
QSO: 14133 RY 2020-11-15 1537 IK3SSJ        599 0120 K7WP          599 0025
QSO: 14133 RY 2020-11-15 1538 IK3SSJ        599 0121 K4HMB         599 0228
QSO: 14132 RY 2020-11-15 1539 IK3SSJ        599 0122 DL8TG         599 0526
QSO: 14000 RY 2020-11-15 1541 IK3SSJ        599 124 DJ7UC         599 240
QSO: 14133 RY 2020-11-15 1541 IK3SSJ        599 0123 VE6TK         599 0494
QSO: 14133 RY 2020-11-15 1542 IK3SSJ        599 0125 DL7VOG        599 0669
QSO: 14133 RY 2020-11-15 1545 IK3SSJ        599 0127 NX8G          599 0309
QSO: 14133 RY 2020-11-15 1546 IK3SSJ        599 128 SN1LH         599 428
QSO: 14133 RY 2020-11-15 1552 IK3SSJ        599 131 IK5FKF        599 429
QSO: 14135 RY 2020-11-15 1553 IK3SSJ        599 0133 VE2QV         599 0074
QSO: 14133 RY 2020-11-15 1557 IK3SSJ        599 0135 W7GES         599 0439
QSO: 14133 RY 2020-11-15 1559 IK3SSJ        599 137 SQ6PLE        599 410
QSO: 14000 RY 2020-11-15 1600 IK3SSJ        599 139 DF2QZ         599 188
QSO: 14133 RY 2020-11-15 1600 IK3SSJ        599 0138 WA0MHJ        599 0038
QSO: 14135 RY 2020-11-15 1603 IK3SSJ        599 0140 G0HDV         599 0601
QSO: 14123 RY 2020-11-15 1606 IK3SSJ        599 0141 VE2FK         599 0600
QSO: 14118 RY 2020-11-15 1608 IK3SSJ        599 0143 EC1A          599 1347
QSO: 14117 RY 2020-11-15 1609 IK3SSJ        599 144 K0TI          599 262
QSO: 14113 RY 2020-11-15 1610 IK3SSJ        599 0145 SN7Q          599 1693
QSO: 14111 RY 2020-11-15 1612 IK3SSJ        599 0146 K9NR          599 0052
QSO: 14103 RY 2020-11-15 1614 IK3SSJ        599 0147 MW6M          599 0460
QSO: 14101 RY 2020-11-15 1615 IK3SSJ        599 0148 KE1IH         599 0228
QSO: 14101 RY 2020-11-15 1617 IK3SSJ        599 0151 DL2ZAY        599 0174
QSO: 14100 RY 2020-11-15 1618 IK3SSJ        599 0152 DL1EJM        599 0063
QSO: 14101 RY 2020-11-15 1618 IK3SSJ        599 0153 W3FIZ         599 1086
END-OF-LOG:
