START-OF-LOG: 3.0
CREATED-BY: vhfmanager-downloader
CONTEST: ZRS julijsko UKV tekmovanje - Official results - VHFManager
CALLSIGN: 9A6IBU
CATEGORY: 145 MHz - checklog
CATEGORY-OPERATOR: SINGLE-OP
CATEGORY-ASSISTED: NON-ASSISTED
CATEGORY-TRANSMITTER: ONE
CATEGORY-STATION: FIXED
QSO: 144300 PH 2009-07-04 1420 9A6IBU        59  1 JN85CU   9A3ING        59  4 JN75OD  
QSO: 144300 PH 2009-07-04 1421 9A6IBU        59  2 JN85CU   9A2UI         59  15 JN95FQ 
QSO: 144300 PH 2009-07-04 1422 9A6IBU        59  3 JN85CU   9A3QI         59  7 JN75SL  
QSO: 144300 PH 2009-07-04 1422 9A6IBU        59  4 JN85CU   E72SKJ        59  4 JN74XX  
QSO: 144300 PH 2009-07-04 1423 9A6IBU        59  5 JN85CU   9A7KJI        59  9 JN85OO  
QSO: 144300 PH 2009-07-04 1423 9A6IBU        59  6 JN85CU   9A1TZ         59  7 JN85LO  
QSO: 144300 PH 2009-07-04 1424 9A6IBU        59  7 JN85CU   9A6DJX        59  8 JN95AE  
QSO: 144300 PH 2009-07-04 1426 9A6IBU        59  8 JN85CU   9A5JA         59  3 JN75WT  
QSO: 144300 PH 2009-07-04 1427 9A6IBU        59  9 JN85CU   9A2PR         59  6 JN76WD  
QSO: 144300 PH 2009-07-04 1428 9A6IBU        59  10 JN85CU  E74QA         59  9 JN74XX  
QSO: 144300 PH 2009-07-04 1429 9A6IBU        59  11 JN85CU  9A6DLY        59  5 JN85FX  
QSO: 144300 PH 2009-07-04 1434 9A6IBU        59  12 JN85CU  9A1RC         59  11 JN85GQ 
QSO: 144300 PH 2009-07-04 1435 9A6IBU        59  13 JN85CU  9A3CNP        59  2 JN85GO  
QSO: 144300 PH 2009-07-04 1439 9A6IBU        59  14 JN85CU  9A3CNC        59  6 JN86AB  
QSO: 144300 PH 2009-07-04 1451 9A6IBU        59  15 JN85CU  9A4U          59  3 JN85NK  
QSO: 144300 PH 2009-07-04 1504 9A6IBU        59  16 JN85CU  9A5TJ         59  19 JN95JG 
QSO: 144300 PH 2009-07-04 1505 9A6IBU        59  17 JN85CU  9A6ILI        59  2 JN86EH  
QSO: 144300 PH 2009-07-04 1508 9A6IBU        59  18 JN85CU  9A7GVA        59  5 JN85NK  
QSO: 144300 PH 2009-07-04 1512 9A6IBU        59  19 JN85CU  9A2EY         59  6 JN75XV  
QSO: 144300 PH 2009-07-04 1515 9A6IBU        59  20 JN85CU  9A2GS         59  3 JN75XT  
QSO: 144300 PH 2009-07-04 1524 9A6IBU        59  21 JN85CU  9A760SB       59  8 JN85XD  
QSO: 144300 PH 2009-07-04 1531 9A6IBU        59  22 JN85CU  9A9Z          59  8 JN75XS  
QSO: 144300 PH 2009-07-04 1547 9A6IBU        59  23 JN85CU  9A7JKL        59  4 JN85FV  
QSO: 144300 PH 2009-07-04 1547 9A6IBU        59  24 JN85CU  9A3CSK        59  4 JN85FV  
QSO: 144300 PH 2009-07-04 1548 9A6IBU        59  25 JN85CU  9A3CKH        59  4 JN85FV  
QSO: 144300 PH 2009-07-04 1548 9A6IBU        59  26 JN85CU  9A7GJV        59  4 JN85FV  
QSO: 144300 PH 2009-07-04 1555 9A6IBU        59  27 JN85CU  9A5AB         59  44 JN75TT 
QSO: 144300 PH 2009-07-04 1556 9A6IBU        59  28 JN85CU  9A2GA         59  7 JN75WR  
QSO: 144300 PH 2009-07-04 1614 9A6IBU        59  29 JN85CU  E73LJ         59  1 JN85SC  
QSO: 144300 PH 2009-07-04 1615 9A6IBU        59  30 JN85CU  9A6APT        59  9 JN75WX  
QSO: 144300 PH 2009-07-04 1622 9A6IBU        59  31 JN85CU  9A5BPM        59  8 JN85BQ  
QSO: 144300 PH 2009-07-04 1645 9A6IBU        59  32 JN85CU  9A7KM         59  1 JN85NK  
QSO: 144300 PH 2009-07-04 1650 9A6IBU        59  33 JN85CU  9A7PVM        59  7 JN85AU  
QSO: 144300 PH 2009-07-04 1652 9A6IBU        59  34 JN85CU  9A4MF         59  11 JN85NK 
QSO: 144300 PH 2009-07-04 1653 9A6IBU        59  35 JN85CU  9A7IUP        59  10 JN86KD 
QSO: 144300 PH 2009-07-04 1722 9A6IBU        59  36 JN85CU  E78AB         59  42 JN84OR 
QSO: 144300 PH 2009-07-04 1747 9A6IBU        59  37 JN85CU  YT1S          59  88 JN94RO 
QSO: 144300 PH 2009-07-04 1750 9A6IBU        59  38 JN85CU  9A3GJ         59  5 JN85QJ  
QSO: 144300 PH 2009-07-04 1817 9A6IBU        59  39 JN85CU  9A1JSB        59  4 JN85WF  
QSO: 144300 PH 2009-07-04 1834 9A6IBU        59  40 JN85CU  9A2UB         59  38 JN86OB 
QSO: 144300 PH 2009-07-04 1854 9A6IBU        59  41 JN85CU  9A7JGN        59  10 JN95LL 
QSO: 144300 PH 2009-07-04 1935 9A6IBU        59  42 JN85CU  9A1ADE        59  9 JN75XT  
QSO: 144300 PH 2009-07-04 1950 9A6IBU        59  43 JN85CU  9A3BJK        59  3 JN85UI  
QSO: 144300 PH 2009-07-04 1953 9A6IBU        59  44 JN85CU  9A3CPG        59  8 JN85DW  
QSO: 144300 PH 2009-07-04 2010 9A6IBU        59  45 JN85CU  9A7JVB        59  4 JN95AD  
QSO: 144300 PH 2009-07-04 2012 9A6IBU        59  46 JN85CU  9A1CKZ        59  41 JN75XT 
QSO: 144300 PH 2009-07-04 2150 9A6IBU        59  47 JN85CU  E74NI         59  3 JN74XX  
QSO: 144300 PH 2009-07-04 2151 9A6IBU        59  48 JN85CU  E71ASM        59  4 JN74XX  
QSO: 144300 PH 2009-07-04 2154 9A6IBU        59  49 JN85CU  E72STL        59  1 JN74XX  
QSO: 144300 PH 2009-07-04 2155 9A6IBU        59  50 JN85CU  E75NPF        59  1 JN74XX  
QSO: 144300 PH 2009-07-05 0730 9A6IBU        59  51 JN85CU  9A6NCC        59  15 JN85CT 
QSO: 144300 PH 2009-07-05 0731 9A6IBU        59  52 JN85CU  9A4VM         59  125 JN85FS
QSO: 144300 PH 2009-07-05 0732 9A6IBU        59  53 JN85CU  E73LM         59  15 JN85EB 
QSO: 144300 PH 2009-07-05 0734 9A6IBU        59  54 JN85CU  9A1CJZ        59  16 JN75XT 
QSO: 144300 PH 2009-07-05 0748 9A6IBU        59  55 JN85CU  YU7ZEX        59  34 JN95WE 
QSO: 144300 PH 2009-07-05 0750 9A6IBU        59  56 JN85CU  9A3ARM        59  4 JN85GK  
QSO: 144300 PH 2009-07-05 0753 9A6IBU        59  57 JN85CU  9A4D          59  6 JN85OO  
QSO: 144300 PH 2009-07-05 0754 9A6IBU        59  58 JN85CU  9A6KKD        59  30 JN85NK 
QSO: 144300 PH 2009-07-05 0759 9A6IBU        59  59 JN85CU  9A4DI         59  35 JN75XS 
QSO: 144300 PH 2009-07-05 0800 9A6IBU        59  60 JN85CU  9A2QG         59  52 JN95EH 
QSO: 144300 PH 2009-07-05 0805 9A6IBU        59  61 JN85CU  9A1BTU        59  12 JN85UH 
QSO: 144300 PH 2009-07-05 0806 9A6IBU        59  62 JN85CU  9A3ZM         59  12 JN85UH 
QSO: 144300 PH 2009-07-05 0807 9A6IBU        59  63 JN85CU  9A7JFV        59  12 JN85UH 
QSO: 144300 PH 2009-07-05 0818 9A6IBU        59  64 JN85CU  9A1CJV        59  11 JN75XT 
QSO: 144300 PH 2009-07-05 0820 9A6IBU        59  65 JN85CU  9A6KTB        59  41 JN75SL 
QSO: 144300 PH 2009-07-05 0828 9A6IBU        59  66 JN85CU  S53PS         59  18 JN86BJ 
QSO: 144300 PH 2009-07-05 0829 9A6IBU        59  67 JN85CU  S59DIQ        59  19 JN86BJ 
QSO: 144300 PH 2009-07-05 0836 9A6IBU        59  68 JN85CU  9A3BPO        59  9 JN85KV  
QSO: 144300 PH 2009-07-05 0837 9A6IBU        59  69 JN85CU  9A3BOO        59  9 JN85HV  
QSO: 144300 PH 2009-07-05 0906 9A6IBU        59  70 JN85CU  9A1CBT        59  23 JN75XT 
QSO: 144300 PH 2009-07-05 0917 9A6IBU        59  71 JN85CU  9A6LVB        59  1 JN75XT  
QSO: 144300 PH 2009-07-05 0927 9A6IBU        59  72 JN85CU  E75DHS        59  6 JN74XX  
QSO: 144300 PH 2009-07-05 0949 9A6IBU        59  73 JN85CU  E73KG         59  11 JN84WN 
QSO: 144300 PH 2009-07-05 0954 9A6IBU        59  74 JN85CU  E77TT         59  8 JN84OS  
QSO: 144300 PH 2009-07-05 1057 9A6IBU        59  75 JN85CU  9A4PT         59  9 JN85UH  
QSO: 144300 PH 2009-07-05 1059 9A6IBU        59  76 JN85CU  9A1N          59  450 JN85LI
QSO: 144300 PH 2009-07-05 1104 9A6IBU        59  77 JN85CU  9A2W          59  6 JN85AU  
QSO: 144300 PH 2009-07-05 1105 9A6IBU        59  78 JN85CU  9A09P         59  25 JN86OB 
QSO: 144300 PH 2009-07-05 1114 9A6IBU        59  79 JN85CU  E74MC         59  2 JN74XX  
QSO: 144300 PH 2009-07-05 1211 9A6IBU        59  80 JN85CU  E72DF         59  6 JN74WU  
END-OF-LOG:
