START-OF-LOG: 3.0
CREATED-BY: reconstructed-log-builder
CONTEST: IARU-HF
CALLSIGN: AE2DX
LOCATION: 
CATEGORY: CHECKLOG
CATEGORY-OPERATOR: SINGLE-OP
CATEGORY-BAND: ALL
CATEGORY-MODE: MIXED
CATEGORY-POWER: UNKNOWN
CATEGORY-ASSISTED: NON-ASSISTED
CATEGORY-TRANSMITTER: ONE
CATEGORY-STATION: UNKNOWN
CATEGORY-OVERLAY: 
OPERATORS: AE2DX
CLAIMED-SCORE: 
CLUB: 
NAME: 
SOAPBOX: RECONSTRUCTED MOCKUP LOG - NOT AN OFFICIAL SUBMISSION.
SOAPBOX: Derived from submitted logs for IARU-HF ARRL/iaru_hf_world_championship/2022.
QSO: 28021 CW 2022-07-09 1836 AE2DX         599 08 PW2D          599 15
QSO: 28019 CW 2022-07-09 1839 AE2DX         599 08 XR3W          599 14
QSO: 28045 CW 2022-07-09 1847 AE2DX         599 08 XQ3SK         599 14
QSO: 21003 CW 2022-07-09 1850 AE2DX         599 08 LZ0HQ         599 BFRA
QSO: 21004 CW 2022-07-09 1857 AE2DX         599 8 S53MM         599 28
QSO: 21005 CW 2022-07-09 1859 AE2DX         599 08 OK3C          599 28
QSO: 21006 CW 2022-07-09 1903 AE2DX         599 08 EF4HQ         599 URE
QSO: 21008 CW 2022-07-09 1905 AE2DX         599 08 SN5Y          599 28
QSO: 21014 CW 2022-07-09 1913 AE2DX         599 8 YR0HQ         599 FRR
QSO: 21015 CW 2022-07-09 1918 AE2DX         599 08 S50HQ         599 ZRS
QSO: 21008 CW 2022-07-09 1921 AE2DX         599 08 7Q5RU         599 53
QSO: 21031 CW 2022-07-09 1929 AE2DX         599 08 EF8BBM        599 36
QSO: 21000 CW 2022-07-09 1932 AE2DX         599 08 TI2OY         599 11
END-OF-LOG:
