START-OF-LOG: 3.0
CREATED-BY: reconstructed-log-builder
CONTEST: IARU-HF
CALLSIGN: JH3FUK
LOCATION: 
CATEGORY: CHECKLOG
CATEGORY-OPERATOR: SINGLE-OP
CATEGORY-BAND: ALL
CATEGORY-MODE: MIXED
CATEGORY-POWER: UNKNOWN
CATEGORY-ASSISTED: NON-ASSISTED
CATEGORY-TRANSMITTER: ONE
CATEGORY-STATION: UNKNOWN
CATEGORY-OVERLAY: 
OPERATORS: JH3FUK
CLAIMED-SCORE: 
CLUB: 
NAME: 
SOAPBOX: RECONSTRUCTED MOCKUP LOG - NOT AN OFFICIAL SUBMISSION.
SOAPBOX: Derived from submitted logs for IARU-HF ARRL/iaru_hf_world_championship/2022.
QSO:  7004 CW 2022-07-09 1907 JH3FUK        599 45 IR2D          599 28
QSO:  7010 CW 2022-07-09 1910 JH3FUK        599 45 YT0HQ         599 SRS
QSO:  7025 CW 2022-07-09 1916 JH3FUK        599 45 HG0HQ         599 MRASZ
QSO:  7026 CW 2022-07-09 1919 JH3FUK        599 45 E7HQ          599 BA
QSO:  7028 CW 2022-07-09 1921 JH3FUK        599 45 DA0HQ         599 DARC
QSO:  7033 CW 2022-07-09 1924 JH3FUK        599 45 OH1F          599 18
QSO:  7035 CW 2022-07-09 1926 JH3FUK        599 45 OE0HQ         599 OV
QSO:  7039 CW 2022-07-09 1929 JH3FUK        599 45 YT6X          599 28
QSO:  7037 CW 2022-07-09 1933 JH3FUK        599 45 IO1HQ         599 ARI
QSO:  7020 CW 2022-07-09 1937 JH3FUK        599 45 UP7L          599 30
QSO:  7000 CW 2022-07-09 1940 JH3FUK        599 45 SN0HQ         599 PZK
QSO:  7022 CW 2022-07-09 1941 JH3FUK        599 45 HG6N          599 28
QSO:  7015 CW 2022-07-09 1944 JH3FUK        599 45 HA8TP         599 28
QSO:  7157 CW 2022-07-09 1948 JH3FUK        599 45 YT1A          599 28
QSO:  7027 CW 2022-07-09 1957 JH3FUK        599 45 YR0HQ         599 FRR
QSO:  7013 CW 2022-07-09 2000 JH3FUK        599 45 S57K          599 28
QSO:  7014 CW 2022-07-09 2021 JH3FUK        599 45 4U9A          599 28
QSO:  7032 CW 2022-07-09 2024 JH3FUK        599 45 LZ7R          599 28
QSO:  7000 CW 2022-07-09 2031 JH3FUK        599 45 9A0HQ         599 HRS
QSO:  7023 CW 2022-07-09 2040 JH3FUK        599 45 LZ0HQ         599 BFRA
END-OF-LOG:
