START-OF-LOG: 3.0
LOCATION: DX
CALLSIGN: TC4A
CLUB:  
CONTEST: REF-SSB
CATEGORY-OPERATOR: SINGLE-OP
CATEGORY-ASSISTED: ASSISTED
CATEGORY-BAND: 40M
CATEGORY-MODE: SSB
CATEGORY-POWER: HIGH
CATEGORY-STATION: FIXED
CATEGORY-TRANSMITTER: ONE
CLAIMED-SCORE: 3876
OPERATORS: TA4CS
NAME: COSKUN
CREATED-BY: N1MM Logger+ 1.0.7080.0
QSO:  7000 PH 2018-02-24 1608 TC4A          59  0001   F8NAN         59  63       
QSO:  7000 PH 2018-02-24 1619 TC4A          59  0002   F5KKE         59  79       
QSO:  7000 PH 2018-02-24 1632 TC4A          59  0003   F6CLQ         59  89       
QSO:  7000 PH 2018-02-24 1717 TC4A          59  0004   F8ATS         59  91       
QSO:  7000 PH 2018-02-24 1718 TC4A          59  0005   F1BRV         59  58       
QSO:  7000 PH 2018-02-24 1721 TC4A          59  0006   F6KQL         59  21       
QSO:  7000 PH 2018-02-24 1723 TC4A          59  0007   F2AR          59  35       
QSO:  7000 PH 2018-02-24 1724 TC4A          59  0008   F5PHW         59  56       
QSO:  7000 PH 2018-02-24 1726 TC4A          59  0009   F6CZQ         59  73       
QSO:  7000 PH 2018-02-24 1728 TC4A          59  0010   F5TGR         59  95       
QSO:  7000 PH 2018-02-24 1734 TC4A          59  0011   F1OKV         59  19       
QSO:  7000 PH 2018-02-24 1735 TC4A          59  0012   F6GOE         59  19       
QSO:  7000 PH 2018-02-24 1737 TC4A          59  0013   TM2B          59  03       
QSO:  7000 PH 2018-02-24 1737 TC4A          59  0014   F8DRE         59  28       
QSO:  7000 PH 2018-02-24 1745 TC4A          59  0015   TK4RB         59  2B       
QSO:  7000 PH 2018-02-24 1749 TC4A          59  0016   F5HPY         59  85       
QSO:  7000 PH 2018-02-24 1750 TC4A          59  0017   F4GGQ         59  29       
QSO:  7000 PH 2018-02-24 1754 TC4A          59  0018   F8FUA         59  14       
QSO:  7000 PH 2018-02-24 1754 TC4A          59  0019   F5BQV         59  56       
QSO:  7000 PH 2018-02-24 1756 TC4A          59  0020   F5VBD         59  73       
QSO:  7000 PH 2018-02-24 1830 TC4A          59  0021   F6KJS         59  71       
QSO:  7000 PH 2018-02-24 1843 TC4A          59  0022   TM15AAW       59  71       
QSO:  7000 PH 2018-02-24 1845 TC4A          59  0023   TM5L          59  71       
QSO:  7000 PH 2018-02-25 0559 TC4A          59  0024   F8CFU         59  63       
QSO:  7000 PH 2018-02-25 0601 TC4A          59  0025   F4GYI         59  86       
QSO:  7000 PH 2018-02-25 0602 TC4A          59  0026   F4HRG         59  44       
QSO:  7000 PH 2018-02-25 0605 TC4A          59  0027   F1JFR         59  67       
QSO:  7000 PH 2018-02-25 0609 TC4A          59  0028   F6KDU         59  64       
QSO:  7000 PH 2018-02-25 0610 TC4A          59  0029   F6BXD         59  59       
QSO:  7000 PH 2018-02-25 0611 TC4A          59  0030   F4KJQ         59  06       
QSO:  7000 PH 2018-02-25 0612 TC4A          59  0031   F6KLO         59  19       
QSO:  7000 PH 2018-02-25 0613 TC4A          59  0032   F5NUI         59  42       
QSO:  7000 PH 2018-02-25 0614 TC4A          59  0033   F6REF         59  00       
QSO:  7000 PH 2018-02-25 0615 TC4A          59  0034   F4KIY         59  57       
QSO:  7000 PH 2018-02-25 0617 TC4A          59  0035   F4DDX         59  16       
QSO:  7000 PH 2018-02-25 0618 TC4A          59  0036   F4LTS         59  29       
QSO:  7000 PH 2018-02-25 0620 TC4A          59  0037   F5ADE         59  36       
QSO:  7000 PH 2018-02-25 0623 TC4A          59  0038   F6KNB         59  33       
QSO:  7000 PH 2018-02-25 0629 TC4A          59  0039   F8DSN         59  88       
QSO:  7150 PH 2018-02-25 0730 TC4A          59  0040   F6KIS         59  71       
QSO:  7150 PH 2018-02-25 0734 TC4A          59  0041   TM2O          59  81       
QSO:  7150 PH 2018-02-25 0742 TC4A          59  0042   F4BHW         59  18       
QSO:  7000 PH 2018-02-25 0749 TC4A          59  0043   F5ODK/P       59  03       
QSO:  7000 PH 2018-02-25 0751 TC4A          59  0044   F6HQP         59  73       
QSO:  7150 PH 2018-02-25 0811 TC4A          59  0045   F6KBF         59  78       
END-OF-LOG:
