START-OF-LOG: 3.0
CREATED-BY: Win-Test 4.55.0
CONTEST: REF-CW
LOCATION: 33
GRID-LOCATOR: IN94KP
CALLSIGN: F6BLP
CATEGORY-OPERATOR: SINGLE-OP
CATEGORY-TRANSMITTER: ONE
CATEGORY-ASSISTED: NON-ASSISTED
CATEGORY-BAND: ALL
CATEGORY-POWER: HIGH
CATEGORY-MODE: CW
CATEGORY-STATION: FIXED
CLAIMED-SCORE: 309720
OPERATORS: F6BLP
CLUB: Clipperton DX Club
NAME: F6BLP
CERTIFICATE: NO
SOAPBOX: 
QSO:  3530 CW 2025-01-25 0604 F6BLP         599 33     TM3R          599 61    
QSO:  3503 CW 2025-01-25 0607 F6BLP         599 33     F4KKV         599 53    
QSO:  3501 CW 2025-01-25 0609 F6BLP         599 33     F5NIB         599 36    
QSO:  3507 CW 2025-01-25 0610 F6BLP         599 33     F8AAN         599 33    
QSO:  3508 CW 2025-01-25 0611 F6BLP         599 33     F4KJP         599 08    
QSO:  3510 CW 2025-01-25 0614 F6BLP         599 33     F5NKX         599 50    
QSO:  3512 CW 2025-01-25 0617 F6BLP         599 33     F6DEV         599 09    
QSO:  3514 CW 2025-01-25 0618 F6BLP         599 33     F5OYM         599 81    
QSO:  3515 CW 2025-01-25 0619 F6BLP         599 33     F5OHM         599 36    
QSO:  3515 CW 2025-01-25 0621 F6BLP         599 33     F4FFH/P       599 09    
QSO:  3516 CW 2025-01-25 0622 F6BLP         599 33     F5OZC         599 49    
QSO:  3517 CW 2025-01-25 0623 F6BLP         599 33     F8KHO         599 51    
QSO:  3518 CW 2025-01-25 0624 F6BLP         599 33     F5IN          599 45    
QSO:  3519 CW 2025-01-25 0625 F6BLP         599 33     F6REF         599 00    
QSO:  3520 CW 2025-01-25 0626 F6BLP         599 33     F5PHW         599 56    
QSO:  3524 CW 2025-01-25 0635 F6BLP         599 33     TM5B          599 60    
QSO:  3539 CW 2025-01-25 0638 F6BLP         599 33     F6FYA         599 37    
QSO:  3541 CW 2025-01-25 0638 F6BLP         599 33     TM1C          599 31    
QSO:  3544 CW 2025-01-25 0640 F6BLP         599 33     F6GOE         599 19    
QSO:  3545 CW 2025-01-25 0641 F6BLP         599 33     TM6HNA        599 73    
QSO:  3513 CW 2025-01-25 0641 F6BLP         599 33     F5VHY         599 47    
QSO:  3540 CW 2025-01-25 0644 F6BLP         599 33     F6HQP         599 73    
QSO:  3540 CW 2025-01-25 0647 F6BLP         599 33     F6KEH         599 34    
QSO:  3542 CW 2025-01-25 0648 F6BLP         599 33     F6IRA         599 40    
QSO:  3522 CW 2025-01-25 0649 F6BLP         599 33     TM0P          599 75    
QSO:  3504 CW 2025-01-25 0651 F6BLP         599 33     F5MNC         599 41    
QSO:  3507 CW 2025-01-25 0653 F6BLP         599 33     F5OEV         599 85    
QSO:  3518 CW 2025-01-25 0659 F6BLP         599 33     F6EPY         599 46    
QSO:  3519 CW 2025-01-25 0701 F6BLP         599 33     F8FUA         599 46    
QSO:  3520 CW 2025-01-25 0703 F6BLP         599 33     F8DFP         599 63    
QSO:  3523 CW 2025-01-25 0705 F6BLP         599 33     F5VBU         599 66    
QSO:  3522 CW 2025-01-25 0705 F6BLP         599 33     F6IIV         599 22    
QSO:  3521 CW 2025-01-25 0706 F6BLP         599 33     F6FTB         599 21    
QSO:  3539 CW 2025-01-25 0707 F6BLP         599 33     F2NY          599 13    
QSO:  3526 CW 2025-01-25 0708 F6BLP         599 33     F6KNB         599 33    
QSO:  3527 CW 2025-01-25 0709 F6BLP         599 33     F6KUQ         599 33    
QSO:  3524 CW 2025-01-25 0710 F6BLP         599 33     F5IAE         599 18    
QSO:  3527 CW 2025-01-25 0712 F6BLP         599 33     F6GCT         599 77    
QSO:  3531 CW 2025-01-25 0713 F6BLP         599 33     F4KIY         599 57    
QSO:  3533 CW 2025-01-25 0714 F6BLP         599 33     F4KLR         599 62    
QSO:  3535 CW 2025-01-25 0715 F6BLP         599 33     F5KLE         599 30    
QSO:  3532 CW 2025-01-25 0716 F6BLP         599 33     F6AGM         599 81    
QSO:  3557 CW 2025-01-25 0718 F6BLP         599 33     F5VV          599 01    
QSO:  3534 CW 2025-01-25 0722 F6BLP         599 33     F4WEJ         599 68    
QSO:  3563 CW 2025-01-25 0723 F6BLP         599 33     F5KDC         599 63    
QSO:  3510 CW 2025-01-25 0726 F6BLP         599 33     F8KCF         599 74    
QSO:  3511 CW 2025-01-25 0728 F6BLP         599 33     F6KKH         599 11    
QSO:  3512 CW 2025-01-25 0731 F6BLP         599 33     F5KCC         599 89    
QSO:  3514 CW 2025-01-25 0733 F6BLP         599 33     F6KJX         599 41    
QSO:  3553 CW 2025-01-25 0735 F6BLP         599 33     F6FET         599 53    
QSO:  7020 CW 2025-01-25 0737 F6BLP         599 33     FY5KE         599 FY    
QSO:  7003 CW 2025-01-25 0738 F6BLP         599 33     TM0P          599 75    
QSO:  7010 CW 2025-01-25 0740 F6BLP         599 33     F5OYM         599 81    
QSO:  7025 CW 2025-01-25 0741 F6BLP         599 33     F4WEJ         599 68    
QSO:  7041 CW 2025-01-25 0745 F6BLP         599 33     F5OCL         599 68    
QSO:  7001 CW 2025-01-25 0748 F6BLP         599 33     F8BDX         599 06    
QSO:  7003 CW 2025-01-25 0749 F6BLP         599 33     F5NKX         599 50    
QSO:  7007 CW 2025-01-25 0750 F6BLP         599 33     F5MAG         599 13    
QSO:  7008 CW 2025-01-25 0750 F6BLP         599 33     F6KEX         599 38    
QSO:  7018 CW 2025-01-25 0751 F6BLP         599 33     TM4S          599 04    
QSO:  7027 CW 2025-01-25 0752 F6BLP         599 33     F6DEV         599 09    
QSO:  7032 CW 2025-01-25 0753 F6BLP         599 33     F6FYA         599 37    
QSO:  7020 CW 2025-01-25 0754 F6BLP         599 33     F5PHW         599 56    
QSO:  7006 CW 2025-01-25 0755 F6BLP         599 33     TM3R          599 61    
QSO:  7016 CW 2025-01-25 0755 F6BLP         599 33     F5PHY         599 24    
QSO:  7005 CW 2025-01-25 0759 F6BLP         599 33     F6GCT         599 77    
QSO:  7004 CW 2025-01-25 0759 F6BLP         599 33     TM5B          599 60    
QSO:  7018 CW 2025-01-25 0800 F6BLP         599 33     F8KCF         599 74    
QSO:  7021 CW 2025-01-25 0801 F6BLP         599 33     F4KIY         599 57    
QSO:  7022 CW 2025-01-25 0801 F6BLP         599 33     F8FUA         599 46    
QSO:  7024 CW 2025-01-25 0802 F6BLP         599 33     TM7M          599 62    
QSO:  7037 CW 2025-01-25 0803 F6BLP         599 33     F4CWN         599 32    
QSO:  7026 CW 2025-01-25 0804 F6BLP         599 33     F4KKV         599 53    
QSO:  7027 CW 2025-01-25 0804 F6BLP         599 33     F5NZY         599 76    
QSO:  7030 CW 2025-01-25 0805 F6BLP         599 33     F5LLE         599 11    
QSO:  7026 CW 2025-01-25 0806 F6BLP         599 33     F5IND         599 83    
QSO:  7034 CW 2025-01-25 0807 F6BLP         599 33     F8KLY         599 69    
QSO:  7028 CW 2025-01-25 0822 F6BLP         599 33     F6KNB         599 33    
QSO:  7023 CW 2025-01-25 0823 F6BLP         599 33     F5MGD         599 60    
QSO:  7006 CW 2025-01-25 0823 F6BLP         599 33     F5OQK         599 85    
QSO:  7006 CW 2025-01-25 0824 F6BLP         599 33     F5PAL         599 63    
QSO:  7008 CW 2025-01-25 0825 F6BLP         599 33     F4KLW         599 63    
QSO:  7009 CW 2025-01-25 0825 F6BLP         599 33     F4BIT         599 54    
QSO:  7013 CW 2025-01-25 0826 F6BLP         599 33     F5VHY         599 47    
QSO:  7035 CW 2025-01-25 0828 F6BLP         599 33     F8KGZ         599 54    
QSO:  7014 CW 2025-01-25 0829 F6BLP         599 33     F5MWA         599 83    
QSO:  7020 CW 2025-01-25 0830 F6BLP         599 33     F5VBU         599 66    
QSO:  7015 CW 2025-01-25 0832 F6BLP         599 33     TM5DX         599 44    
QSO:  7015 CW 2025-01-25 0832 F6BLP         599 33     F5IN          599 45    
QSO:  7007 CW 2025-01-25 0833 F6BLP         599 33     F5MOX         599 91    
QSO:  7021 CW 2025-01-25 0835 F6BLP         599 33     F8BCU         599 26    
QSO:  7007 CW 2025-01-25 0836 F6BLP         599 33     F5MMX         599 91    
QSO:  7026 CW 2025-01-25 0841 F6BLP         599 33     F6IRA         599 40    
QSO:  7036 CW 2025-01-25 0843 F6BLP         599 33     F5KDC         599 63    
QSO:  7033 CW 2025-01-25 0846 F6BLP         599 33     TM50KPQ       599 56    
QSO:  7024 CW 2025-01-25 0848 F6BLP         599 33     F6KOP         599 77    
QSO:  7023 CW 2025-01-25 0849 F6BLP         599 33     F6FTB         599 21    
QSO:  7021 CW 2025-01-25 0850 F6BLP         599 33     F5OEV         599 85    
QSO:  7018 CW 2025-01-25 0851 F6BLP         599 33     F6FET         599 53    
QSO:  7025 CW 2025-01-25 0851 F6BLP         599 33     F4FFH/P       599 09    
QSO:  7039 CW 2025-01-25 0854 F6BLP         599 33     F6AGM         599 81    
QSO:  7016 CW 2025-01-25 0857 F6BLP         599 33     F6KEH         599 34    
QSO:  7039 CW 2025-01-25 0858 F6BLP         599 33     F6HQP         599 73    
QSO:  7011 CW 2025-01-25 0900 F6BLP         599 33     F6KKH         599 11    
QSO:  7000 CW 2025-01-25 0903 F6BLP         599 33     F5NIB         599 36    
QSO:  7002 CW 2025-01-25 0904 F6BLP         599 33     F6KRK         599 78    
QSO:  7017 CW 2025-01-25 0904 F6BLP         599 33     F8DFP         599 63    
QSO:  7017 CW 2025-01-25 0906 F6BLP         599 33     F5OZC         599 49    
QSO:  7019 CW 2025-01-25 0907 F6BLP         599 33     F6DYX         599 49    
QSO:  7001 CW 2025-01-25 0910 F6BLP         599 33     F6REF         599 00    
QSO:  7022 CW 2025-01-25 0912 F6BLP         599 33     F6IIV         599 22    
QSO: 14010 CW 2025-01-25 0919 F6BLP         599 33     TM4S          599 04    
QSO: 14030 CW 2025-01-25 0921 F6BLP         599 33     F6HOK         599 57    
QSO: 14002 CW 2025-01-25 0922 F6BLP         599 33     F5SIH         599 38    
QSO: 14009 CW 2025-01-25 0924 F6BLP         599 33     F6KHM         599 29    
QSO: 14021 CW 2025-01-25 0926 F6BLP         599 33     F8CRS         599 67    
QSO: 14022 CW 2025-01-25 0927 F6BLP         599 33     F5NKX         599 50    
QSO: 14023 CW 2025-01-25 0929 F6BLP         599 33     F8FUA         599 46    
QSO: 14024 CW 2025-01-25 0929 F6BLP         599 33     F4KIY         599 57    
QSO: 14027 CW 2025-01-25 0932 F6BLP         599 33     TM7M          599 62    
QSO: 14033 CW 2025-01-25 0933 F6BLP         599 33     F6FYA         599 37    
QSO: 14011 CW 2025-01-25 0942 F6BLP         599 33     F5OYM         599 81    
QSO: 14019 CW 2025-01-25 0943 F6BLP         599 33     F8KLY         599 69    
QSO: 14020 CW 2025-01-25 0943 F6BLP         599 33     TM5B          599 60    
QSO: 14035 CW 2025-01-25 0944 F6BLP         599 33     F4CWN         599 32    
QSO: 14025 CW 2025-01-25 0952 F6BLP         599 33     F5IN          599 45    
QSO: 14037 CW 2025-01-25 0953 F6BLP         599 33     F6EPY         599 46    
QSO: 14025 CW 2025-01-25 0957 F6BLP         599 33     F5VHY         599 47    
QSO: 14002 CW 2025-01-25 1001 F6BLP         599 33     F5POJ         599 02    
QSO: 14023 CW 2025-01-25 1002 F6BLP         599 33     F5PHW         599 56    
QSO: 14006 CW 2025-01-25 1003 F6BLP         599 33     F5RWE         599 36    
QSO: 14016 CW 2025-01-25 1010 F6BLP         599 33     FY5KE         599 FY    
QSO: 14016 CW 2025-01-25 1012 F6BLP         599 33     F5XX          599 81    
QSO: 14026 CW 2025-01-25 1015 F6BLP         599 33     TM3R          599 61    
QSO:  7022 CW 2025-01-25 1030 F6BLP         599 33     F6DCQ         599 74    
QSO:  7004 CW 2025-01-25 1031 F6BLP         599 33     F4KJP         599 08    
QSO:  7028 CW 2025-01-25 1033 F6BLP         599 33     F5RGY/P       599 25    
QSO:  7021 CW 2025-01-25 1033 F6BLP         599 33     F5NBX         599 87    
QSO:  7017 CW 2025-01-25 1035 F6BLP         599 33     F5MXH         599 45    
QSO:  7017 CW 2025-01-25 1036 F6BLP         599 33     F5IAE         599 18    
QSO:  7008 CW 2025-01-25 1039 F6BLP         599 33     F6EEQ         599 26    
QSO:  7011 CW 2025-01-25 1040 F6BLP         599 33     F4DPW         599 95    
QSO:  7011 CW 2025-01-25 1041 F6BLP         599 33     F6KMX         599 94    
QSO:  7012 CW 2025-01-25 1044 F6BLP         599 33     F5OKB         599 13    
QSO:  7013 CW 2025-01-25 1045 F6BLP         599 33     F6CEL         599 02    
QSO:  7008 CW 2025-01-25 1049 F6BLP         599 33     F6FWQ         599 86    
QSO:  7023 CW 2025-01-25 1051 F6BLP         599 33     F5VV          599 01    
QSO:  7010 CW 2025-01-25 1053 F6BLP         599 33     F8BPN         599 19    
QSO:  7003 CW 2025-01-25 1054 F6BLP         599 33     F6JXR         599 35    
QSO:  7024 CW 2025-01-25 1057 F6BLP         599 33     F8AOF         599 26    
QSO: 14033 CW 2025-01-25 1323 F6BLP         599 33     F5VV          599 01    
QSO: 14006 CW 2025-01-25 1325 F6BLP         599 33     F6KFI         599 72    
QSO: 14037 CW 2025-01-25 1326 F6BLP         599 33     F4KLR         599 62    
QSO: 14004 CW 2025-01-25 1328 F6BLP         599 33     F5NIB         599 36    
QSO: 21005 CW 2025-01-25 1333 F6BLP         599 33     F8FUA         599 46    
QSO: 21020 CW 2025-01-25 1335 F6BLP         599 33     F5IN          599 45    
QSO: 21020 CW 2025-01-25 1336 F6BLP         599 33     F6FYA         599 37    
QSO: 21003 CW 2025-01-25 1337 F6BLP         599 33     F6KRK         599 78    
QSO: 21012 CW 2025-01-25 1338 F6BLP         599 33     F6DCQ         599 74    
QSO: 21018 CW 2025-01-25 1340 F6BLP         599 33     F6REF         599 00    
QSO:  7011 CW 2025-01-25 1343 F6BLP         599 33     F6KMB         599 59    
QSO:  7017 CW 2025-01-25 1346 F6BLP         599 33     F6KGI/P       599 11    
QSO:  7032 CW 2025-01-25 1402 F6BLP         599 33     F6CZQ         599 73    
QSO:  7010 CW 2025-01-25 1403 F6BLP         599 33     F6KBK         599 77    
QSO:  7020 CW 2025-01-25 1405 F6BLP         599 33     F5MNC         599 41    
QSO:  7035 CW 2025-01-25 1407 F6BLP         599 33     F5PGP/P       599 06    
QSO:  7028 CW 2025-01-25 1408 F6BLP         599 33     F6GNG         599 76    
QSO:  7021 CW 2025-01-25 1414 F6BLP         599 33     F5KLJ         599 17    
QSO:  7008 CW 2025-01-25 1418 F6BLP         599 33     F8FHI         599 71    
QSO:  7030 CW 2025-01-25 1422 F6BLP         599 33     F5MFI         599 45    
QSO:  7014 CW 2025-01-25 1558 F6BLP         599 33     F8CRS         599 67    
QSO:  7031 CW 2025-01-25 1601 F6BLP         599 33     F5LZN         599 84    
QSO:  7034 CW 2025-01-25 1604 F6BLP         599 33     F8GDP         599 62    
QSO:  7029 CW 2025-01-25 1606 F6BLP         599 33     F4KLC         599 21    
QSO: 14045 CW 2025-01-25 1617 F6BLP         599 33     TX100REF      599 FO    
QSO: 14040 CW 2025-01-25 1625 F6BLP         599 33     FR8UA         599 FR    
QSO:  7016 CW 2025-01-25 1630 F6BLP         599 33     F6DJN         599 46    
QSO:  7034 CW 2025-01-25 1635 F6BLP         599 33     F5SJC         599 16    
QSO:  7033 CW 2025-01-25 1636 F6BLP         599 33     F8BMG         599 32    
QSO:  7030 CW 2025-01-25 1639 F6BLP         599 33     F9CI          599 22    
QSO:  7028 CW 2025-01-25 1643 F6BLP         599 33     F5KCC         599 89    
QSO:  7024 CW 2025-01-25 1645 F6BLP         599 33     F5JGL         599 33    
QSO:  7023 CW 2025-01-25 1648 F6BLP         599 33     F6JOE         599 59    
QSO:  7022 CW 2025-01-25 1653 F6BLP         599 33     F6BFQ         599 55    
QSO:  7020 CW 2025-01-25 1655 F6BLP         599 33     F5KMB         599 60    
QSO:  7013 CW 2025-01-25 1702 F6BLP         599 33     F5IYC         599 59    
QSO:  7013 CW 2025-01-25 1703 F6BLP         599 33     F5OWL         599 83    
QSO:  7012 CW 2025-01-25 1704 F6BLP         599 33     F6DTZ         599 65    
QSO:  7008 CW 2025-01-25 1709 F6BLP         599 33     F6FUD         599 66    
QSO:  7007 CW 2025-01-25 1710 F6BLP         599 33     F5PCV         599 62    
QSO:  7006 CW 2025-01-25 1711 F6BLP         599 33     F4JXS         599 60    
QSO:  7000 CW 2025-01-25 1716 F6BLP         599 33     F4EMK         599 64    
QSO:  3515 CW 2025-01-25 1719 F6BLP         599 33     F6KOP         599 77    
QSO:  3514 CW 2025-01-25 1724 F6BLP         599 33     F8FHI         599 71    
QSO:  3516 CW 2025-01-25 1725 F6BLP         599 33     F5MGD         599 60    
QSO:  3519 CW 2025-01-25 1728 F6BLP         599 33     F5LMG         599 22    
QSO:  3523 CW 2025-01-25 1729 F6BLP         599 33     F5MFI         599 45    
QSO:  3503 CW 2025-01-25 1731 F6BLP         599 33     F4EMK         599 64    
QSO:  3507 CW 2025-01-25 1732 F6BLP         599 33     F6DCQ         599 74    
QSO:  3524 CW 2025-01-25 1736 F6BLP         599 33     F6ACU         599 88    
QSO:  3522 CW 2025-01-26 0420 F6BLP         599 33     F8KLY         599 69    
QSO:  3525 CW 2025-01-26 0422 F6BLP         599 33     F8KGZ         599 54    
QSO:  7016 CW 2025-01-26 0456 F6BLP         599 33     TM100REF      599 FO    
QSO:  3527 CW 2025-01-26 0507 F6BLP         599 33     FY5KE         599 FY    
QSO:  3516 CW 2025-01-26 0515 F6BLP         599 33     F5NZY         599 76    
QSO:  3517 CW 2025-01-26 0516 F6BLP         599 33     TM5DX         599 44    
QSO:  3524 CW 2025-01-26 0518 F6BLP         599 33     F6KHM         599 29    
QSO:  3537 CW 2025-01-26 0523 F6BLP         599 33     F6KMX         599 94    
QSO:  3543 CW 2025-01-26 0523 F6BLP         599 33     F4KLW         599 63    
QSO:  3518 CW 2025-01-26 0526 F6BLP         599 33     F8CRS         599 67    
QSO:  3510 CW 2025-01-26 0618 F6BLP         599 33     F5PHY         599 24    
QSO:  3523 CW 2025-01-26 0622 F6BLP         599 33     F5OIH         599 86    
QSO:  3533 CW 2025-01-26 0637 F6BLP         599 33     F5OCL         599 68    
QSO:  3535 CW 2025-01-26 0640 F6BLP         599 33     F5MMB         599 40    
QSO:  3534 CW 2025-01-26 0641 F6BLP         599 33     F5SIH         599 38    
QSO:  3543 CW 2025-01-26 0642 F6BLP         599 33     F8GGZ         599 71    
QSO:  3546 CW 2025-01-26 0644 F6BLP         599 33     TM2D          599 32    
QSO:  3556 CW 2025-01-26 0647 F6BLP         599 33     F8DCZ         599 56    
QSO:  3509 CW 2025-01-26 0651 F6BLP         599 33     F6KRK         599 78    
QSO:  3526 CW 2025-01-26 0655 F6BLP         599 33     F5XX          599 81    
QSO:  3528 CW 2025-01-26 0658 F6BLP         599 33     TM7M          599 62    
QSO:  3527 CW 2025-01-26 0659 F6BLP         599 33     F5SGI         599 56    
QSO:  3523 CW 2025-01-26 0714 F6BLP         599 33     F6JOE         599 59    
QSO:  3529 CW 2025-01-26 0716 F6BLP         599 33     F6BUL         599 74    
QSO:  3530 CW 2025-01-26 0716 F6BLP         599 33     F4CWN         599 32    
QSO:  3555 CW 2025-01-26 0718 F6BLP         599 33     F8TMQ         599 38    
QSO:  3553 CW 2025-01-26 0721 F6BLP         599 33     F5IRQ         599 85    
QSO:  3548 CW 2025-01-26 0722 F6BLP         599 33     F6API         599 31    
QSO:  3548 CW 2025-01-26 0723 F6BLP         599 33     F4KJN         599 46    
QSO:  3545 CW 2025-01-26 0727 F6BLP         599 33     F5MBM         599 54    
QSO:  3535 CW 2025-01-26 0729 F6BLP         599 33     F4KNS         599 28    
QSO:  3525 CW 2025-01-26 0731 F6BLP         599 33     F4FFZ         599 56    
QSO:  3525 CW 2025-01-26 0733 F6BLP         599 33     F6FWQ         599 86    
QSO:  3518 CW 2025-01-26 0735 F6BLP         599 33     F8BVP         599 32    
QSO:  7008 CW 2025-01-26 0748 F6BLP         599 33     F4KLR         599 62    
QSO:  7008 CW 2025-01-26 0749 F6BLP         599 33     F4FFZ         599 56    
QSO:  7013 CW 2025-01-26 0751 F6BLP         599 33     F6KHM         599 29    
QSO:  7021 CW 2025-01-26 0758 F6BLP         599 33     F6GOE         599 19    
QSO:  7017 CW 2025-01-26 0759 F6BLP         599 33     TK5EP         599 2A    
QSO:  7025 CW 2025-01-26 0801 F6BLP         599 33     F6KUQ         599 33    
QSO:  7027 CW 2025-01-26 0803 F6BLP         599 33     F5OHM         599 36    
QSO:  7029 CW 2025-01-26 0805 F6BLP         599 33     F6KCS         599 41    
QSO:  7015 CW 2025-01-26 0807 F6BLP         599 33     TM87C         599 87    
QSO:  7010 CW 2025-01-26 0822 F6BLP         599 33     F4BDG         599 77    
QSO:  7024 CW 2025-01-26 0827 F6BLP         599 33     F5JY          599 83    
QSO:  7031 CW 2025-01-26 0829 F6BLP         599 33     F6AUS         599 79    
QSO:  7004 CW 2025-01-26 0833 F6BLP         599 33     F4HCZ         599 68    
QSO: 14014 CW 2025-01-26 0921 F6BLP         599 33     F6GOE         599 19    
QSO: 14030 CW 2025-01-26 0925 F6BLP         599 33     F4KJP         599 08    
QSO: 14050 CW 2025-01-26 0927 F6BLP         599 33     TM50KPQ       599 56    
QSO:  7031 CW 2025-01-26 0943 F6BLP         599 33     F5SIH         599 38    
QSO:  7037 CW 2025-01-26 0944 F6BLP         599 33     F6GTH         599 57    
QSO:  7013 CW 2025-01-26 0949 F6BLP         599 33     F5MBM         599 54    
QSO:  7015 CW 2025-01-26 0952 F6BLP         599 33     F6EPM         599 33    
QSO:  7016 CW 2025-01-26 0953 F6BLP         599 33     F8KHO         599 51    
QSO:  7017 CW 2025-01-26 0957 F6BLP         599 33     F5ILS         599 62    
QSO:  7021 CW 2025-01-26 1003 F6BLP         599 33     F5JKQ         599 44    
QSO:  7022 CW 2025-01-26 1003 F6BLP         599 33     F8EZX         599 31    
QSO:  7025 CW 2025-01-26 1005 F6BLP         599 33     F5IRQ         599 85    
QSO:  7018 CW 2025-01-26 1427 F6BLP         599 33     F6ETI         599 19    
QSO:  7019 CW 2025-01-26 1429 F6BLP         599 33     F6IPQ         599 47    
QSO:  7020 CW 2025-01-26 1430 F6BLP         599 33     F6KHT         599 47    
QSO:  7012 CW 2025-01-26 1437 F6BLP         599 33     F5KKD         599 93    
QSO:  7014 CW 2025-01-26 1439 F6BLP         599 33     F5OIH         599 86    
QSO:  7015 CW 2025-01-26 1440 F6BLP         599 33     F5JSQ         599 51    
QSO:  7016 CW 2025-01-26 1441 F6BLP         599 33     F6HJO         599 69    
QSO: 14018 CW 2025-01-26 1446 F6BLP         599 33     F6REF         599 00    
QSO: 14011 CW 2025-01-26 1449 F6BLP         599 33     F5PAL         599 63    
QSO: 14014 CW 2025-01-26 1457 F6BLP         599 33     F6AUS         599 79    
QSO: 14020 CW 2025-01-26 1501 F6BLP         599 33     F6KOP         599 77    
QSO: 21006 CW 2025-01-26 1505 F6BLP         599 33     FY5KE         599 FY    
QSO: 21014 CW 2025-01-26 1505 F6BLP         599 33     F6KOP         599 77    
QSO: 21020 CW 2025-01-26 1506 F6BLP         599 33     FR8UA         599 FR    
QSO: 21022 CW 2025-01-26 1507 F6BLP         599 33     F8KCF         599 74    
QSO: 21026 CW 2025-01-26 1508 F6BLP         599 33     F5NBX         599 87    
QSO: 21023 CW 2025-01-26 1509 F6BLP         599 33     F6GOE         599 19    
QSO: 21025 CW 2025-01-26 1511 F6BLP         599 33     F6KNB         599 33    
QSO: 21015 CW 2025-01-26 1517 F6BLP         599 33     F4CWN         599 32    
QSO: 21012 CW 2025-01-26 1519 F6BLP         599 33     F6KEH         599 34    
QSO: 21009 CW 2025-01-26 1524 F6BLP         599 33     F4KIY         599 57    
QSO: 14015 CW 2025-01-26 1530 F6BLP         599 33     F5PTI         599 16    
END-OF-LOG:
