START-OF-LOG: 3.0
LOCATION: DX
CONTEST: REF-CW
CALLSIGN: RN4HAB
GRID-LOCATOR: LO53CF
CATEGORY-ASSISTED: NON-ASSISTED
CATEGORY-OPERATOR: SINGLE-OP
CATEGORY-BAND: ALL
CATEGORY-MODE: CW
CATEGORY-POWER: LOW
CATEGORY-TRANSMITTER: ONE
CATEGORY-STATION: FIXED
CATEGORY-TIME: 24-HOURS
CATEGORY-OVERLAY: CLASSIC
CLAIMED-SCORE: 18634
OPERATORS: RN4HAB
OFFTIME: 
CLUB: RCWC
NAME: Zagrekov Sergey
CREATED-BY: 5MContest ver. 8.0.12
SOAPBOX:
QSO: 14009 CW 2025-01-25 0938 RN4HAB        599 001    F6KHM         599 29      
QSO: 21013 CW 2025-01-25 1330 RN4HAB        599 002    F5NKX         599 50      
QSO: 21020 CW 2025-01-25 1331 RN4HAB        599 003    F6FYA         599 37      
QSO: 21005 CW 2025-01-25 1336 RN4HAB        599 004    F8FUA         599 46      
QSO: 21016 CW 2025-01-25 1337 RN4HAB        599 005    F5OYM         599 81      
QSO: 14020 CW 2025-01-25 1339 RN4HAB        599 006    F6HQP         599 73      
QSO: 14017 CW 2025-01-25 1340 RN4HAB        599 007    F4KKV         599 53      
QSO: 21017 CW 2025-01-25 1344 RN4HAB        599 008    F6GO          599 19      
QSO: 21022 CW 2025-01-25 1347 RN4HAB        599 009    F6KHM         599 29      
QSO: 21024 CW 2025-01-25 1347 RN4HAB        599 010    F5PGP/P       599 06      
QSO: 21012 CW 2025-01-25 1352 RN4HAB        599 011    F6KOP         599 77      
QSO: 21018 CW 2025-01-26 0808 RN4HAB        599 012    F4KJP         599 08      
QSO: 14031 CW 2025-01-26 0813 RN4HAB        599 013    TM3R          599 61      
QSO: 14012 CW 2025-01-26 0817 RN4HAB        599 014    F6KOP         599 77      
QSO: 14010 CW 2025-01-26 0829 RN4HAB        599 015    F5PAL         599 63      
QSO: 14015 CW 2025-01-26 0836 RN4HAB        599 016    F5MNC         599 41      
QSO: 14016 CW 2025-01-26 0838 RN4HAB        599 017    F6GCT         599 77      
QSO: 14018 CW 2025-01-26 0840 RN4HAB        599 018    F5PHY         599 24      
QSO: 14019 CW 2025-01-26 0842 RN4HAB        599 019    F5PCV         599 62      
QSO: 14020 CW 2025-01-26 0843 RN4HAB        599 020    F5MFI         599 45      
QSO: 14020 CW 2025-01-26 0845 RN4HAB        599 021    F8BDX         599 06      
QSO: 14023 CW 2025-01-26 0849 RN4HAB        599 022    F5OWL         599 83      
QSO: 14024 CW 2025-01-26 0850 RN4HAB        599 023    F4FFZ         599 56      
QSO: 14025 CW 2025-01-26 0851 RN4HAB        599 024    F4KIY         599 57      
QSO: 14029 CW 2025-01-26 0901 RN4HAB        599 025    F6KRK         599 78      
QSO: 14029 CW 2025-01-26 0902 RN4HAB        599 026    F5OCL         599 68      
QSO: 14030 CW 2025-01-26 0904 RN4HAB        599 027    F4KJP         599 08      
QSO: 14032 CW 2025-01-26 0907 RN4HAB        599 028    F5KHP         599 32      
QSO: 14032 CW 2025-01-26 0909 RN4HAB        599 029    F8KLY         599 69      
QSO: 21026 CW 2025-01-26 0915 RN4HAB        599 030    F5XX          599 81      
QSO: 21019 CW 2025-01-26 0921 RN4HAB        599 031    F5OHM         599 36      
QSO: 21018 CW 2025-01-26 0922 RN4HAB        599 032    F6REF         599 00      
QSO: 21016 CW 2025-01-26 0923 RN4HAB        599 033    F5PTI         599 16      
QSO: 21029 CW 2025-01-26 0925 RN4HAB        599 034    F6KUQ         599 33      
QSO: 21023 CW 2025-01-26 0926 RN4HAB        599 035    F5PHY         599 24      
QSO: 21012 CW 2025-01-26 0927 RN4HAB        599 036    F5OWL         599 83      
QSO: 21017 CW 2025-01-26 0933 RN4HAB        599 037    F4EQA         599 34      
QSO: 21017 CW 2025-01-26 0934 RN4HAB        599 038    F5PAL         599 63      
QSO: 21017 CW 2025-01-26 0936 RN4HAB        599 039    F6FET         599 53      
QSO: 21015 CW 2025-01-26 0944 RN4HAB        599 040    F5POJ         599 02      
QSO: 21024 CW 2025-01-26 0947 RN4HAB        599 041    F5NIB         599 36      
QSO: 21018 CW 2025-01-26 0949 RN4HAB        599 042    F6DYX         599 49      
QSO: 21017 CW 2025-01-26 0951 RN4HAB        599 043    F5MAG         599 13      
QSO: 21009 CW 2025-01-26 0954 RN4HAB        599 044    F8KLY         599 69      
QSO: 21008 CW 2025-01-26 0957 RN4HAB        599 045    F8GGZ         599 71      
QSO: 28017 CW 2025-01-26 0959 RN4HAB        599 046    F6KOP         599 77      
QSO: 28018 CW 2025-01-26 0959 RN4HAB        599 047    F4KIY         599 57      
QSO: 28016 CW 2025-01-26 1002 RN4HAB        599 048    FY5KE         599 FY      
QSO: 28012 CW 2025-01-26 1004 RN4HAB        599 049    F6FET         599 53      
QSO: 28020 CW 2025-01-26 1005 RN4HAB        599 050    F6KMX         599 94      
QSO: 28028 CW 2025-01-26 1006 RN4HAB        599 051    F5IN          599 45      
QSO: 28031 CW 2025-01-26 1027 RN4HAB        599 052    F5NZY         599 76      
QSO: 28032 CW 2025-01-26 1028 RN4HAB        599 053    FR8UA         599 FR      
QSO: 28023 CW 2025-01-26 1032 RN4HAB        599 054    F8GGZ         599 71      
QSO: 28009 CW 2025-01-26 1034 RN4HAB        599 055    F6KHM         599 29      
QSO: 28011 CW 2025-01-26 1037 RN4HAB        599 056    F4KKV         599 53      
QSO: 28011 CW 2025-01-26 1039 RN4HAB        599 057    F4WEJ         599 68      
QSO: 28027 CW 2025-01-26 1046 RN4HAB        599 058    F6HQP         599 73      
QSO: 21021 CW 2025-01-26 1055 RN4HAB        599 059    F4KIY         599 57      
QSO: 14031 CW 2025-01-26 1104 RN4HAB        599 060    F6AGM         599 81      
QSO: 14024 CW 2025-01-26 1106 RN4HAB        599 061    F5RGY/P       599 25      
QSO: 14014 CW 2025-01-26 1112 RN4HAB        599 062    F6GOE         599 19      
QSO: 14009 CW 2025-01-26 1126 RN4HAB        599 063    F6KEH         599 34      
QSO: 28017 CW 2025-01-26 1128 RN4HAB        599 064    F4CWN         599 32      
QSO: 28026 CW 2025-01-26 1129 RN4HAB        599 065    F5VHY         599 47      
QSO: 28015 CW 2025-01-26 1130 RN4HAB        599 066    F6KRK         599 78      
QSO: 28012 CW 2025-01-26 1131 RN4HAB        599 067    F6EPY         599 46      
QSO: 28042 CW 2025-01-26 1133 RN4HAB        599 068    F4FFH/P       599 08      
QSO: 28029 CW 2025-01-26 1135 RN4HAB        599 069    F2GL          599 89      
QSO: 28034 CW 2025-01-26 1137 RN4HAB        599 070    TM4S          599 4       
QSO: 28017 CW 2025-01-26 1139 RN4HAB        599 071    F6FYA         599 37      
QSO: 28011 CW 2025-01-26 1142 RN4HAB        599 072    F8BCU         599 26      
QSO: 28021 CW 2025-01-26 1144 RN4HAB        599 073    F5NBX         599 87      
QSO: 28030 CW 2025-01-26 1148 RN4HAB        599 074    F6GOE         599 19      
QSO: 21025 CW 2025-01-26 1205 RN4HAB        599 075    F6KNB         599 33      
QSO: 21022 CW 2025-01-26 1206 RN4HAB        599 076    F4KLR         599 62      
QSO: 21009 CW 2025-01-26 1208 RN4HAB        599 077    F4BIT         599 54      
QSO: 21038 CW 2025-01-26 1209 RN4HAB        599 078    F5MFI         599 45      
QSO: 21019 CW 2025-01-26 1211 RN4HAB        599 079    F4BDG         599 77      
QSO: 21022 CW 2025-01-26 1214 RN4HAB        599 080    F5VBU         599 66      
QSO: 21024 CW 2025-01-26 1216 RN4HAB        599 081    F5IYC         599 59      
QSO: 21028 CW 2025-01-26 1218 RN4HAB        599 082    F4CWN         599 32      
QSO: 21029 CW 2025-01-26 1219 RN4HAB        599 083    F6DCQ         599 74      
QSO: 21030 CW 2025-01-26 1221 RN4HAB        599 084    TM3R          599 61      
QSO: 21013 CW 2025-01-26 1224 RN4HAB        599 085    F4WEJ         599 68      
QSO: 21023 CW 2025-01-26 1226 RN4HAB        599 086    TM0P          599 75      
QSO: 21017 CW 2025-01-26 1228 RN4HAB        599 087    FY5KE         599 FY      
QSO: 21020 CW 2025-01-26 1230 RN4HAB        599 088    FR8UA         599 FR      
QSO: 21015 CW 2025-01-26 1231 RN4HAB        599 089    F8DFP         599 63      
QSO: 21012 CW 2025-01-26 1233 RN4HAB        599 090    F5NZY         599 76      
QSO: 21011 CW 2025-01-26 1233 RN4HAB        599 091    F8KCF         599 74      
QSO: 21029 CW 2025-01-26 1240 RN4HAB        599 092    TM5B          599 60      
QSO: 21027 CW 2025-01-26 1245 RN4HAB        599 093    F5OQK         599 85      
QSO: 21025 CW 2025-01-26 1257 RN4HAB        599 094    TM4S          599 4       
QSO: 21019 CW 2025-01-26 1259 RN4HAB        599 095    F5KLE         599 30      
QSO: 21028 CW 2025-01-26 1300 RN4HAB        599 096    F6KMX         599 94      
QSO: 21014 CW 2025-01-26 1303 RN4HAB        599 097    TM7M          599 62      
QSO: 21022 CW 2025-01-26 1304 RN4HAB        599 098    F5IND         599 83      
QSO: 21015 CW 2025-01-26 1305 RN4HAB        599 099    F5JU          599 35      
QSO: 14017 CW 2025-01-26 1311 RN4HAB        599 100    F8KGZ         599 54      
QSO: 14020 CW 2025-01-26 1314 RN4HAB        599 101    F5PTI         599 16      
QSO: 14018 CW 2025-01-26 1316 RN4HAB        599 102    F5IN          599 45      
QSO: 14027 CW 2025-01-26 1323 RN4HAB        599 103    F4VVG         599 67      
QSO: 14023 CW 2025-01-26 1325 RN4HAB        599 104    F5KDC         599 63      
QSO: 14011 CW 2025-01-26 1450 RN4HAB        599 105    F6IFY         599 01      
QSO: 14008 CW 2025-01-26 1453 RN4HAB        599 106    F5MAG         599 13      
QSO: 21026 CW 2025-01-26 1458 RN4HAB        599 107    F6KRK         599 78      
QSO: 21012 CW 2025-01-26 1500 RN4HAB        599 108    F6KEH         599 34      
QSO: 21023 CW 2025-01-26 1502 RN4HAB        599 109    F6GOE         599 19      
QSO: 14015 CW 2025-01-26 1505 RN4HAB        599 110    F6KMX         599 94      
QSO: 14016 CW 2025-01-26 1507 RN4HAB        599 111    F5VBU         599 66      
QSO: 14011 CW 2025-01-26 1511 RN4HAB        599 112    F5MGD         599 60      
QSO: 14013 CW 2025-01-26 1513 RN4HAB        599 113    F6CEL         599 02      
QSO: 14018 CW 2025-01-26 1514 RN4HAB        599 114    F6KCS         599 41      
QSO: 14015 CW 2025-01-26 1515 RN4HAB        599 115    F5PHW         599 56      
QSO: 14022 CW 2025-01-26 1516 RN4HAB        599 116    F5OEV         599 85      
QSO: 14025 CW 2025-01-26 1518 RN4HAB        599 117    F5SGI         599 56      
QSO: 14019 CW 2025-01-26 1523 RN4HAB        599 118    F5NZY         599 76      
QSO: 14025 CW 2025-01-26 1531 RN4HAB        599 119    F4BDG         599 77      
QSO: 14023 CW 2025-01-26 1532 RN4HAB        599 120    F6DYX         599 49      
QSO: 14024 CW 2025-01-26 1536 RN4HAB        599 121    F6KJX         599 41      
QSO: 14026 CW 2025-01-26 1537 RN4HAB        599 122    F6KNB         599 33      
QSO: 14028 CW 2025-01-26 1538 RN4HAB        599 123    F5XX          599 81      
QSO:  7011 CW 2025-01-26 1554 RN4HAB        599 124    F5PAL         599 63      
QSO:  7017 CW 2025-01-26 1558 RN4HAB        599 125    F6GCT         599 77      
QSO:  7010 CW 2025-01-26 1604 RN4HAB        599 126    F6FYA         599 37      
QSO:  7009 CW 2025-01-26 1606 RN4HAB        599 127    F4WEJ         599 68      
QSO:  7017 CW 2025-01-26 1614 RN4HAB        599 128    F6KOP         599 77      
QSO:  7018 CW 2025-01-26 1615 RN4HAB        599 129    F5IN          599 45      
QSO:  7015 CW 2025-01-26 1617 RN4HAB        599 130    F4KIY         599 57      
QSO:  7015 CW 2025-01-26 1618 RN4HAB        599 131    F5PGP/P       599 06      
QSO:  7014 CW 2025-01-26 1619 RN4HAB        599 132    F5NZY         599 76      
QSO:  7016 CW 2025-01-26 1620 RN4HAB        599 133    F5SJC         599 16      
QSO:  7014 CW 2025-01-26 1625 RN4HAB        599 134    F5SGI         599 56      
QSO:  7013 CW 2025-01-26 1627 RN4HAB        599 135    F6IIV         599 22      
QSO:  7013 CW 2025-01-26 1628 RN4HAB        599 136    F5PHW         599 56      
QSO:  7009 CW 2025-01-26 1631 RN4HAB        599 137    F5KMB         599 60      
QSO:  7012 CW 2025-01-26 1634 RN4HAB        599 138    F6FTB         599 21      
QSO:  7008 CW 2025-01-26 1636 RN4HAB        599 139    F5MAG         599 13      
QSO:  7020 CW 2025-01-26 1701 RN4HAB        599 140    F8KLY         599 69      
QSO:  7019 CW 2025-01-26 1703 RN4HAB        599 141    F5KDC         599 63      
QSO:  7018 CW 2025-01-26 1707 RN4HAB        599 142    F6EPY         599 46      
QSO:  7025 CW 2025-01-26 1710 RN4HAB        599 143    TM7M          599 62      
QSO:  7027 CW 2025-01-26 1711 RN4HAB        599 144    F5VHY         599 47      
QSO:  7031 CW 2025-01-26 1717 RN4HAB        599 145    F6KFI         599 72      
QSO:  7020 CW 2025-01-26 1727 RN4HAB        599 146    F8CRS         599 67      
END-OF-LOG: