START-OF-LOG: 3.0
CREATED-BY: reconstructed-log-builder
CONTEST: CQ-WW-SSB
CALLSIGN: BD7IS
LOCATION: 
CATEGORY: CHECKLOG
CATEGORY-OPERATOR: SINGLE-OP
CATEGORY-BAND: ALL
CATEGORY-MODE: MIXED
CATEGORY-POWER: UNKNOWN
CATEGORY-ASSISTED: NON-ASSISTED
CATEGORY-TRANSMITTER: ONE
CATEGORY-STATION: UNKNOWN
CATEGORY-OVERLAY: 
OPERATORS: BD7IS
CLAIMED-SCORE: 
CLUB: 
NAME: 
SOAPBOX: RECONSTRUCTED MOCKUP LOG - NOT AN OFFICIAL SUBMISSION.
SOAPBOX: Derived from submitted logs for CQ-WW-SSB CQWW/ph/2020.
QSO: 14000 PH 2020-10-24 0002 BD7IS         59 24 W6AFA         59 03
QSO: 14243 PH 2020-10-24 0002 BD7IS         59 24 YB2MM         59 28
QSO: 14243 PH 2020-10-24 0004 BD7IS         59 24 YB6RMT        59 28
QSO: 14243 PH 2020-10-24 0005 BD7IS         59 24 RN8U          59 18
QSO: 14000 PH 2020-10-24 0007 BD7IS         59 24 JA1FFB        59 25
QSO: 14000 PH 2020-10-24 0011 BD7IS         59 24 YB7MD         59 28
QSO: 14243 PH 2020-10-24 0012 BD7IS         59 24 BU2EV         59 24
QSO: 14243 PH 2020-10-24 0014 BD7IS         59 24 RW0A          59 18
QSO: 14243 PH 2020-10-24 0015 BD7IS         59 24 YB0MWM        59 28
QSO: 14243 PH 2020-10-24 0016 BD7IS         59 24 YB8RW         59 28
QSO: 14243 PH 2020-10-24 0017 BD7IS         59 24 BH4TYL        59 24
QSO: 14243 PH 2020-10-24 0018 BD7IS         59 24 9M8DEN        59 28
QSO: 14243 PH 2020-10-24 0019 BD7IS         59 24 HL1VAU        59 25
QSO: 14243 PH 2020-10-24 0020 BD7IS         59 24 BG1II         59 24
QSO: 14000 PH 2020-10-24 0021 BD7IS         59 24 YB7WR         59 28
QSO: 14000 PH 2020-10-24 0022 BD7IS         59 24 JH0EPI        59 25
QSO: 14243 PH 2020-10-24 0023 BD7IS         59 24 BU2EP         59 24
QSO: 14234 PH 2020-10-24 0024 BD7IS         59 24 4E1RA         59 27
QSO: 14000 PH 2020-10-24 0026 BD7IS         59 24 YB1JYL        59 28
QSO: 14000 PH 2020-10-24 0030 BD7IS         59 24 YB1APD        59 28
QSO: 14000 PH 2020-10-24 0032 BD7IS         59 24 HL1IWD        59 25
QSO: 14243 PH 2020-10-24 0033 BD7IS         59 24 YB2BNN        59 28
QSO: 14242 PH 2020-10-24 0034 BD7IS         59 24 JF3IYW        59 25
QSO: 14243 PH 2020-10-24 0034 BD7IS         59 24 JR2BCF        59 25
QSO: 14243 PH 2020-10-24 0035 BD7IS         59 24 YB2XVT        59 28
QSO: 14000 PH 2020-10-24 0037 BD7IS         59 24 JG1LHB        59 25
QSO: 14000 PH 2020-10-24 0038 BD7IS         59 24 JR4DAH        59 25
QSO: 14243 PH 2020-10-24 0039 BD7IS         59 24 JF2VAX        59 25
QSO: 14243 PH 2020-10-24 0040 BD7IS         59 24 BY5HB         59 24
QSO: 14000 PH 2020-10-24 0041 BD7IS         59 24 JA3LIL        59 25
QSO: 14000 PH 2020-10-24 0042 BD7IS         59 24 JE3RMQ        59 25
QSO: 14243 PH 2020-10-24 0045 BD7IS         59 24 E27EK         59 26
QSO: 14000 PH 2020-10-24 0050 BD7IS         59 24 YB1LUE        59 28
QSO: 14000 PH 2020-10-24 0051 BD7IS         59 24 9M6ZAE        59 28
QSO: 14243 PH 2020-10-24 0051 BD7IS         59 24 JE4MHL        59 25
QSO: 14000 PH 2020-10-24 0055 BD7IS         59 24 JA3PFY        59 25
QSO: 14000 PH 2020-10-24 0056 BD7IS         59 24 E25ETT        59 26
QSO: 14000 PH 2020-10-24 0057 BD7IS         59 24 YB1PT         59 28
QSO: 14000 PH 2020-10-24 0103 BD7IS         59 24 YB1JYL        59 28
QSO: 14243 PH 2020-10-24 0106 BD7IS         59 24 HL2KV         59 25
QSO: 14243 PH 2020-10-24 0106 BD7IS         59 24 YB0NSI        59 28
QSO: 14000 PH 2020-10-24 0107 BD7IS         59 24 DU8RAM        59 27
QSO: 14243 PH 2020-10-24 0107 BD7IS         59 24 JH7IQQ        59 25
QSO: 14243 PH 2020-10-24 0110 BD7IS         59 24 YB2CPO        59 28
QSO: 14000 PH 2020-10-24 0112 BD7IS         59 27 JA6CNX        59 25
QSO: 14000 PH 2020-10-24 0113 BD7IS         59 24 DX4EVM        59 27
QSO: 14243 PH 2020-10-24 0113 BD7IS         59 24 BY1OK         59 24
QSO: 14151 PH 2020-10-24 0114 BD7IS         59 24 N7TU          59 3
QSO: 14175 PH 2020-10-24 0115 BD7IS         59 24 BA1RB         59 24
QSO: 14189 PH 2020-10-24 0116 BD7IS         59 24 BY8DX         59 24
QSO: 14199 PH 2020-10-24 0118 BD7IS         59 24 YB0ECT        59 28
QSO: 14218 PH 2020-10-24 0120 BD7IS         59 24 JA6ZPR        59 25
QSO: 14322 PH 2020-10-24 0122 BD7IS         59 24 VA7OM         59 3
QSO: 14318 PH 2020-10-24 0123 BD7IS         59 24 BD4RCC        59 24
QSO: 14308 PH 2020-10-24 0124 BD7IS         59 24 JH4UTP        59 25
QSO: 14000 PH 2020-10-24 0126 BD7IS         59 24 JA7YRR        59 25
QSO: 14243 PH 2020-10-24 0127 BD7IS         59 24 JN3SAC        59 25
QSO: 14243 PH 2020-10-24 0133 BD7IS         59 24 E22UYH        59 26
QSO: 14243 PH 2020-10-24 0135 BD7IS         59 24 BG8BXM        59 24
QSO: 14000 PH 2020-10-24 0138 BD7IS         59 24 7A1A          59 28
QSO: 14243 PH 2020-10-24 0138 BD7IS         59 24 YB2TJV        59 28
QSO: 14000 PH 2020-10-24 0139 BD7IS         59 24 JH1HIC        59 25
QSO: 14000 PH 2020-10-24 0142 BD7IS         59 24 JAPAN         59 25
QSO: 14243 PH 2020-10-24 0142 BD7IS         59 24 BG3QAO        59 24
QSO: 14243 PH 2020-10-24 0142 BD7IS         59 24 YB6IUP        59 28
QSO: 14000 PH 2020-10-24 0146 BD7IS         59 24 YB1DCW        59 28
QSO: 14243 PH 2020-10-24 0148 BD7IS         59 24 BX2AHP        59 24
QSO: 14243 PH 2020-10-24 0149 BD7IS         59 24 JI4WHS        59 25
QSO: 14171 PH 2020-10-24 0151 BD7IS         59 24 N7DD          59 3
QSO: 14167 PH 2020-10-24 0153 BD7IS         59 24 AA6AA         59 03
QSO: 14182 PH 2020-10-24 0155 BD7IS         59 24 N5CR          59 3
QSO: 14000 PH 2020-10-24 0202 BD7IS         59 24 YB1MAE        59 28
QSO: 14238 PH 2020-10-24 0202 BD7IS         59 24 BG5BAA        59 24
QSO: 14238 PH 2020-10-24 0204 BD7IS         59 24 JA3AOP        59 25
QSO: 14238 PH 2020-10-24 0208 BD7IS         59 24 E2X           59 26
QSO: 14238 PH 2020-10-24 0209 BD7IS         59 24 JL3DQX        59 25
QSO: 14000 PH 2020-10-24 0213 BD7IS         59 24 YB1ABY        59 28
QSO: 14000 PH 2020-10-24 0214 BD7IS         59 24 YB1BGI        59 28
QSO: 14238 PH 2020-10-24 0217 BD7IS         59 24 JG4AKL        59 25
QSO: 14238 PH 2020-10-24 0218 BD7IS         59 24 YB3KM         59 28
QSO: 14238 PH 2020-10-24 0222 BD7IS         59 24 JR3RIU        59 25
QSO: 14238 PH 2020-10-24 0226 BD7IS         59 24 JH3CUL        59 25
QSO: 14238 PH 2020-10-24 0235 BD7IS         59 24 YB0RI         59 28
QSO: 14238 PH 2020-10-24 0238 BD7IS         59 24 9M4CTO        59 28
QSO: 14000 PH 2020-10-24 0244 BD7IS         59 24 JA2KQE        59 25
QSO: 14000 PH 2020-10-24 0244 BD7IS         59 24 JK2VOC        59 25
QSO: 14238 PH 2020-10-24 0246 BD7IS         59 24 JA8RWU        59 25
QSO: 14238 PH 2020-10-24 0246 BD7IS         59 24 YB2IQ         59 28
QSO: 14238 PH 2020-10-24 0248 BD7IS         59 24 JJ0NSL        59 25
QSO: 14000 PH 2020-10-24 0249 BD7IS         59 24 JE1RXJ        59 25
QSO: 14238 PH 2020-10-24 0249 BD7IS         59 24 JL3MCM        59 25
QSO: 14000 PH 2020-10-24 0252 BD7IS         59 24 JA7NVF        59 25
QSO: 14315 PH 2020-10-24 0253 BD7IS         59 24 KL7RA         59 1
QSO: 14180 PH 2020-10-24 0259 BD7IS         59 24 K7RL          59 3
QSO: 14190 PH 2020-10-24 0310 BD7IS         59 24 N2IC          59 4
QSO: 14165 PH 2020-10-24 0312 BD7IS         59 24 HS5NMF        59 26
QSO: 14237 PH 2020-10-24 0323 BD7IS         59 24 JA7BEW        59 25
QSO: 14000 PH 2020-10-24 0327 BD7IS         59 24 JA3AER        59 25
QSO: 14237 PH 2020-10-24 0327 BD7IS         59 24 JL3ZHU        59 25
QSO: 14000 PH 2020-10-24 0328 BD7IS         59 24 DX1MK         59 27
QSO: 14000 PH 2020-10-24 0330 BD7IS         59 24 DV3RXC        59 27
QSO: 14237 PH 2020-10-24 0332 BD7IS         59 24 HL2WA         59 25
QSO: 14237 PH 2020-10-24 0333 BD7IS         59 24 JA8IJI        59 25
QSO: 14237 PH 2020-10-24 0336 BD7IS         59 24 DU6XA         59 27
QSO: 14237 PH 2020-10-24 0336 BD7IS         59 24 KL7KK         59 01
QSO: 14237 PH 2020-10-24 0337 BD7IS         59 24 BH4OUF        59 24
QSO: 14000 PH 2020-10-24 0339 BD7IS         59 24 JH8RXM        59 25
QSO: 14237 PH 2020-10-24 0340 BD7IS         59 24 JA3QOS        59 25
QSO: 14237 PH 2020-10-24 0341 BD7IS         59 24 K6NA          59 3
QSO: 14237 PH 2020-10-24 0342 BD7IS         59 24 KX7M          59 03
QSO: 14237 PH 2020-10-24 0344 BD7IS         59 24 BG6TTI        59 24
QSO: 14215 PH 2020-10-24 0354 BD7IS         59 24 DU1RB         59 27
QSO: 14272 PH 2020-10-24 0358 BD7IS         59 24 JI2ZJS        59 25
QSO: 14298 PH 2020-10-24 0358 BD7IS         59 24 JA6MWW        59 25
QSO: 14000 PH 2020-10-24 0402 BD7IS         59 24 JK1NJH        59 25
QSO: 14237 PH 2020-10-24 0403 BD7IS         59 24 RU0LL         59 19
QSO: 14237 PH 2020-10-24 0407 BD7IS         59 24 9M2SDX        59 54
QSO: 14237 PH 2020-10-24 0410 BD7IS         59 24 YB1APR        59 28
QSO: 14236 PH 2020-10-24 0411 BD7IS         59 24 JR2GRX        59 25
QSO: 14198 PH 2020-10-24 0703 BD7IS         59 24 B7N           59 24
QSO: 14000 PH 2020-10-24 0708 BD7IS         59 24 JJ1YAF        59 25
QSO: 14198 PH 2020-10-24 0709 BD7IS         59 24 YB2HAF        59 28
QSO: 14198 PH 2020-10-24 0719 BD7IS         59 24 JA2GHP        59 25
QSO: 14000 PH 2020-10-24 0720 BD7IS         59 24 DV6XDS        59 27
QSO: 14163 PH 2020-10-24 0732 BD7IS         59 24 OH0X          59 15
QSO: 14164 PH 2020-10-24 0733 BD7IS         59 24 PX2A          59 11
QSO: 14293 PH 2020-10-24 0741 BD7IS         59 24 OH5Z          59 15
QSO: 14289 PH 2020-10-24 0749 BD7IS         59 24 OM2Y          59 15
QSO: 14280 PH 2020-10-24 0752 BD7IS         59 24 DL2ARD        59 14
QSO: 14277 PH 2020-10-24 0803 BD7IS         59 24 BG6SZD        59 24
QSO: 14277 PH 2020-10-24 0818 BD7IS         59 24 YB0JVZ        59 28
QSO: 14000 PH 2020-10-24 0820 BD7IS         59 24 HS0ZDX        59 26
QSO: 14277 PH 2020-10-24 0820 BD7IS         59 24 JF1LMB        59 25
QSO: 14000 PH 2020-10-24 0821 BD7IS         59 24 BI4PDD        59 24
QSO: 14277 PH 2020-10-24 0822 BD7IS         59 24 YB1TIA        59 28
QSO: 14277 PH 2020-10-24 0825 BD7IS         59 24 DU1VGX        59 27
QSO: 14278 PH 2020-10-24 0838 BD7IS         59 24 UB7K          59 16
QSO: 14000 PH 2020-10-24 0845 BD7IS         59 24 DV1DLX        59 27
QSO: 14277 PH 2020-10-24 0846 BD7IS         59 24 E21FYK        59 26
QSO: 14277 PH 2020-10-24 0846 BD7IS         59 24 HS6MYW        59 26
QSO: 14000 PH 2020-10-24 0850 BD7IS         59 24 4I1BNC        59 27
QSO: 14000 PH 2020-10-24 0851 BD7IS         59 24 JP3UBR        59 25
QSO: 14277 PH 2020-10-24 0854 BD7IS         59 24 BY7KP         59 24
QSO: 14276 PH 2020-10-24 0856 BD7IS         59 24 JJ1MBU        59 25
QSO: 14326 PH 2020-10-24 0902 BD7IS         59 24 OK7K          59 15
QSO: 14000 PH 2020-10-24 0913 BD7IS         59 24 DU4DXT        59 27
QSO: 14218 PH 2020-10-24 0913 BD7IS         59 24 JE1RZR        59 25
QSO: 14218 PH 2020-10-24 0916 BD7IS         59 24 YB3BGM        59 28
QSO: 14164 PH 2020-10-24 0927 BD7IS         59 24 OH0X          59 15
QSO: 14157 PH 2020-10-24 0936 BD7IS         59 24 OH1TX         59 15
QSO: 14335 PH 2020-10-24 0940 BD7IS         59 24 RL3A          59 16
QSO: 14341 PH 2020-10-24 0941 BD7IS         59 24 SN2B          59 15
QSO: 14000 PH 2020-10-24 0944 BD7IS         59 24 R1IO          59 17
QSO: 14329 PH 2020-10-24 0944 BD7IS         59 24 DX6ARC        59 27
QSO: 14329 PH 2020-10-24 0944 BD7IS         59 24 VR2CC         59 24
QSO: 14000 PH 2020-10-24 0945 BD7IS         59 24 JA6ONQ        59 25
QSO: 14000 PH 2020-10-24 0954 BD7IS         59 24 DU1LAV        59 27
QSO: 14303 PH 2020-10-24 1009 BD7IS         59 24 VK4DH         59 30
QSO: 14000 PH 2020-10-24 1011 BD7IS         59 24 DU1NA         59 27
QSO: 14276 PH 2020-10-24 1022 BD7IS         59 24 RK7A          59 16
QSO: 14247 PH 2020-10-24 1023 BD7IS         59 24 RU1A          59 16
QSO: 14000 PH 2020-10-24 1030 BD7IS         59 24 DU4JT         59 27
QSO: 14000 PH 2020-10-24 1034 BD7IS         59 24 DU4DXT        59 27
QSO: 14231 PH 2020-10-24 1034 BD7IS         59 24 BU2BO         59 24
QSO: 14231 PH 2020-10-24 1037 BD7IS         59 24 YB2CBD        59 28
QSO: 14231 PH 2020-10-24 1038 BD7IS         59 24 HS8HEX        59 26
QSO: 14000 PH 2020-10-24 1041 BD7IS         59 24 CP5HK         59 10
QSO: 14231 PH 2020-10-24 1041 BD7IS         59 24 BH8MSA        59 24
QSO: 14000 PH 2020-10-24 1044 BD7IS         59 24 9M4CKT        59 28
QSO: 14000 PH 2020-10-24 1212 BD7IS         59 24 YB1FWO        59 28
QSO: 14305 PH 2020-10-24 1216 BD7IS         59 24 OH6UX         59 15
QSO: 14000 PH 2020-10-24 1217 BD7IS         59 24 DU7RH         59 27
QSO: 14305 PH 2020-10-24 1218 BD7IS         59 24 DV1PCX        59 27
QSO: 14000 PH 2020-10-24 1219 BD7IS         59 24 OH1Z          59 15
QSO: 14000 PH 2020-10-24 1220 BD7IS         59 24 9M4COO        59 28
QSO: 14305 PH 2020-10-24 1222 BD7IS         59 24 IK2XDE        59 15
QSO: 14000 PH 2020-10-24 1227 BD7IS         59 24 UR5AMJ        59 16
QSO: 14000 PH 2020-10-24 1227 BD7IS         59 24 US5LOD        59 16
QSO: 14000 PH 2020-10-24 1234 BD7IS         59 24 R3AAA         59 16
QSO: 14305 PH 2020-10-24 1236 BD7IS         59 24 SN8K          59 15
QSO: 14305 PH 2020-10-24 1237 BD7IS         59 24 EA3CV         59 14
QSO: 14305 PH 2020-10-24 1237 BD7IS         59 24 IZ0OTV        59 15
QSO: 14305 PH 2020-10-24 1238 BD7IS         59 24 DG9SEH        59 14
QSO: 14000 PH 2020-10-24 1239 BD7IS         59 24 IU0MBJ        59 15
QSO: 14305 PH 2020-10-24 1239 BD7IS         59 24 A71AM         59 21
QSO: 14305 PH 2020-10-24 1239 BD7IS         59 24 IZ2KPE        59 15
QSO: 14305 PH 2020-10-24 1240 BD7IS         59 24 LY2MM         59 15
QSO: 14305 PH 2020-10-24 1243 BD7IS         59 24 DL0LK         59 14
QSO: 14305 PH 2020-10-24 1243 BD7IS         59 24 HB9FPR        59 14
QSO: 14305 PH 2020-10-24 1243 BD7IS         59 24 RL3QI         59 16
QSO: 14305 PH 2020-10-24 1243 BD7IS         59 24 UA4M          59 16
QSO: 14000 PH 2020-10-24 1244 BD7IS         59 24 YB9UA         59 28
QSO: 14000 PH 2020-10-24 1246 BD7IS         59 24 RK4FAO        59 16
QSO: 14305 PH 2020-10-24 1247 BD7IS         59 24 R2AL          59 16
QSO: 14305 PH 2020-10-24 1248 BD7IS         59 24 A42K          59 21
QSO: 14305 PH 2020-10-24 1250 BD7IS         59 24 RZ3Z          59 16
QSO: 14316 PH 2020-10-24 1310 BD7IS         59 24 A65BB         59 21
QSO: 14000 PH 2020-10-24 1322 BD7IS         59 24 IK0ETA        59 15
QSO: 14000 PH 2020-10-24 1325 BD7IS         59 24 9M6KOM        59 28
QSO: 14135 PH 2020-10-24 1355 BD7IS         59 24 A61QQ         59 21
QSO: 14247 PH 2020-10-24 1413 BD7IS         59 24 A73A          59 21
QSO: 14202 PH 2020-10-24 2227 BD7IS         59 24 NC7M          59 3
QSO: 14241 PH 2020-10-24 2250 BD7IS         59 24 W7RM          59 3
QSO: 14000 PH 2020-10-24 2259 BD7IS         59 24 JA3VOV        59 25
QSO: 14000 PH 2020-10-24 2303 BD7IS         59 24 JH3GMI        59 25
QSO: 14000 PH 2020-10-24 2306 BD7IS         59 24 JH1OLB        59 25
QSO: 14250 PH 2020-10-24 2310 BD7IS         59 24 K6TQ          59 3
QSO: 14000 PH 2020-10-24 2314 BD7IS         59 24 N6M           59 03
QSO: 14000 PH 2020-10-24 2315 BD7IS         59 24 JM1LKI        59 25
QSO: 14000 PH 2020-10-24 2319 BD7IS         59 24 JE1GZB        59 25
QSO: 14250 PH 2020-10-24 2320 BD7IS         59 24 JG1LFR        59 25
QSO: 14249 PH 2020-10-24 2324 BD7IS         59 24 W6BO          59 3
QSO: 14196 PH 2020-10-24 2332 BD7IS         59 24 K2RD          59 3
QSO: 14268 PH 2020-10-24 2341 BD7IS         59 24 KU7T          59 3
QSO: 14000 PH 2020-10-24 2342 BD7IS         59 24 W7PU          59 3
QSO: 14268 PH 2020-10-24 2343 BD7IS         59 24 K7GS          59 03
QSO: 14000 PH 2020-10-24 2344 BD7IS         59 24 JH9FCP        59 25
QSO: 14268 PH 2020-10-24 2344 BD7IS         59 24 JS1KKY        59 25
QSO: 14268 PH 2020-10-24 2346 BD7IS         59 24 N7UR          59 3
QSO: 14000 PH 2020-10-24 2351 BD7IS         59 24 JR2MIO        59 25
QSO: 14268 PH 2020-10-24 2351 BD7IS         59 24 JA3GZE        59 25
QSO: 14268 PH 2020-10-24 2351 BD7IS         59 24 KA6BIM        59 3
QSO: 14000 PH 2020-10-24 2354 BD7IS         59 24 WA6KHK        59 03
QSO: 14268 PH 2020-10-24 2355 BD7IS         59 24 BY1RX         59 24
QSO: 14268 PH 2020-10-24 2357 BD7IS         59 24 JA6BZI        59 25
QSO: 14241 PH 2020-10-25 1237 BD7IS         59 24 LZ9W          59 20
QSO: 14282 PH 2020-10-25 1238 BD7IS         59 24 DF0HQ         59 14
QSO: 14314 PH 2020-10-25 1240 BD7IS         59 24 R2AA          59 16
QSO: 14261 PH 2020-10-25 1247 BD7IS         59 24 YB7MRK        59 28
QSO: 14191 PH 2020-10-25 1301 BD7IS         59 24 OM3BH         59 15
QSO: 14223 PH 2020-10-25 1302 BD7IS         59 24 UW1M          59 16
QSO: 14276 PH 2020-10-25 1304 BD7IS         59 24 RT4F          59 16
QSO: 14296 PH 2020-10-25 1307 BD7IS         59 24 SP8R          59 15
QSO: 14148 PH 2020-10-25 1313 BD7IS         59 24 SP9N          59 15
QSO: 14000 PH 2020-10-25 1321 BD7IS         59 24 YC7YGR        59 28
QSO: 14148 PH 2020-10-25 1325 BD7IS         59 24 SP9N          59 15
QSO: 14202 PH 2020-10-25 1331 BD7IS         59 24 RA5G          59 16
QSO: 14000 PH 2020-10-25 1402 BD7IS         59 24 DU1IVT        59 27
QSO: 14285 PH 2020-10-25 2215 BD7IS         59 24 NC7M          59 3
QSO: 14182 PH 2020-10-25 2220 BD7IS         59 24 JH5HDA        59 25
QSO: 14158 PH 2020-10-25 2227 BD7IS         59 24 W7IL          59 03
QSO: 14179 PH 2020-10-25 2230 BD7IS         59 24 W1PR          59 3
QSO: 14254 PH 2020-10-25 2232 BD7IS         59 24 K3EST         59 3
QSO: 14270 PH 2020-10-25 2234 BD7IS         59 24 JL1CNY        59 25
QSO: 14000 PH 2020-10-25 2236 BD7IS         59 24 JA6EML        59 25
QSO: 14333 PH 2020-10-25 2239 BD7IS         59 24 JF7PHE        59 25
QSO: 14266 PH 2020-10-25 2243 BD7IS         59 24 KE8FT         59 03
QSO: 14270 PH 2020-10-25 2244 BD7IS         59 24 K0AU          59 3
QSO: 14000 PH 2020-10-25 2246 BD7IS         59 24 NW7E          59 03
QSO: 14270 PH 2020-10-25 2247 BD7IS         59 24 JA3EBT        59 25
QSO: 14270 PH 2020-10-25 2248 BD7IS         59 24 JL3RDC        59 25
QSO: 14270 PH 2020-10-25 2248 BD7IS         59 24 KH7M          59 31
QSO: 14270 PH 2020-10-25 2250 BD7IS         59 24 DS2GOO        59 25
QSO: 14270 PH 2020-10-25 2251 BD7IS         59 24 NL7S          59 1
QSO: 14000 PH 2020-10-25 2252 BD7IS         59 24 JH7BDS        59 25
QSO: 14270 PH 2020-10-25 2254 BD7IS         59 24 KB0EO         59 4
QSO: 14000 PH 2020-10-25 2255 BD7IS         59 24 JA4DPL        59 25
QSO: 14000 PH 2020-10-25 2259 BD7IS         59 24 JH1EVD        59 25
QSO: 14270 PH 2020-10-25 2259 BD7IS         59 24 K7EDX         59 3
QSO: 14270 PH 2020-10-25 2300 BD7IS         59 24 JH1BHW        59 25
QSO: 14270 PH 2020-10-25 2301 BD7IS         59 24 JN3TMW        59 25
QSO: 14000 PH 2020-10-25 2304 BD7IS         59 24 JE1GWO        59 25
QSO: 14000 PH 2020-10-25 2305 BD7IS         59 24 JH4PUL/3      59 25
QSO: 14270 PH 2020-10-25 2306 BD7IS         59 24 JA6GCE        59 25
END-OF-LOG:
