START-OF-LOG: 3.0
CREATED-BY: reconstructed-log-builder
CONTEST: CQ-WW-SSB
CALLSIGN: OE3TWH
LOCATION: 
CATEGORY: CHECKLOG
CATEGORY-OPERATOR: SINGLE-OP
CATEGORY-BAND: ALL
CATEGORY-MODE: MIXED
CATEGORY-POWER: UNKNOWN
CATEGORY-ASSISTED: NON-ASSISTED
CATEGORY-TRANSMITTER: ONE
CATEGORY-STATION: UNKNOWN
CATEGORY-OVERLAY: 
OPERATORS: OE3TWH
CLAIMED-SCORE: 
CLUB: 
NAME: 
SOAPBOX: RECONSTRUCTED MOCKUP LOG - NOT AN OFFICIAL SUBMISSION.
SOAPBOX: Derived from submitted logs for CQ-WW-SSB CQWW/ph/2020.
QSO: 14295 PH 2020-10-24 0939 OE3TWH        59 15 4X7R          59 20
QSO: 14276 PH 2020-10-24 1037 OE3TWH        59 15 RK7A          59 16
QSO:  7107 PH 2020-10-24 1050 OE3TWH        59 14 OL4C          59 15
QSO:  7135 PH 2020-10-24 1052 OE3TWH        59 15 4O4T          59 15
QSO:  7185 PH 2020-10-24 1055 OE3TWH        59 15 YL7X          59 15
QSO:  7198 PH 2020-10-24 1101 OE3TWH        59 15 LZ9W          59 20
QSO:  7181 PH 2020-10-24 1104 OE3TWH        59 15 DF0HQ         59 14
QSO:  7143 PH 2020-10-24 1106 OE3TWH        59 15 IW1FRU        59 15
QSO:  7000 PH 2020-10-24 1147 OE3TWH        59 15 IB9A          59 15
QSO:  7186 PH 2020-10-24 1152 OE3TWH        59 15 LY1FW         59 15
QSO:  7123 PH 2020-10-24 1156 OE3TWH        59 15 SI9AM         59 14
QSO:  7000 PH 2020-10-24 1158 OE3TWH        59 15 IZ1ANK        59 15
QSO:  7178 PH 2020-10-24 1226 OE3TWH        59 15 OZ5E          59 14
QSO: 14320 PH 2020-10-24 1252 OE3TWH        59 15 P3X           59 20
QSO: 14335 PH 2020-10-24 1517 OE3TWH        59 15 RL3A          59 16
QSO:  3500 PH 2020-10-24 1731 OE3TWH        59 15 IZ6FXP        59 15
END-OF-LOG:
