START-OF-LOG: 3.0
CREATED-BY: reconstructed-log-builder
CONTEST: WAE CW
CALLSIGN: OH2EA
LOCATION: 
CATEGORY: CHECKLOG
CATEGORY-OPERATOR: SINGLE-OP
CATEGORY-BAND: ALL
CATEGORY-MODE: MIXED
CATEGORY-POWER: UNKNOWN
CATEGORY-ASSISTED: NON-ASSISTED
CATEGORY-TRANSMITTER: ONE
CATEGORY-STATION: UNKNOWN
CATEGORY-OVERLAY: 
OPERATORS: OH2EA
CLAIMED-SCORE: 
CLUB: 
NAME: 
SOAPBOX: RECONSTRUCTED MOCKUP LOG - NOT AN OFFICIAL SUBMISSION.
SOAPBOX: Derived from submitted logs for WAE CW WAE/CW/2022.
QSO: 21006 CW 2022-08-13 1530 OH2EA         599 001 VY2ZM         599 860
QSO: 14011 CW 2022-08-13 1636 OH2EA         599 0002 ZM1A          599 0234
QSO: 14007 CW 2022-08-13 1646 OH2EA         599 0004 BG1HGS        599 0237
QSO: 14012 CW 2022-08-13 1649 OH2EA         599 005 UA9BA         599 0138
QSO: 14012 CW 2022-08-13 1653 OH2EA         599 006 CR3DX         599 1274
QSO: 14000 CW 2022-08-13 1809 OH2EA         599 007 VY2ZM         599 1020
QSO: 14021 CW 2022-08-13 1817 OH2EA         599 0008 AA3B          599 0950
QSO: 14006 CW 2022-08-13 2001 OH2EA         599 0009 NP2X          599 0299
QSO: 14008 CW 2022-08-13 2003 OH2EA         599 0010 PR2E          599 0525
QSO: 14033 CW 2022-08-13 2012 OH2EA         599 0011 E2WRTC        599 0585
QSO:  3525 CW 2022-08-13 2017 OH2EA         599 0012 A60A          599 1335
QSO: 14047 CW 2022-08-13 2032 OH2EA         599 013 PY4BZ         599 610
QSO: 14045 CW 2022-08-13 2153 OH2EA         599 015 D4L           599 1147
QSO:  7032 CW 2022-08-13 2249 OH2EA         599 0016 KP2M          599 0895
QSO:  7006 CW 2022-08-13 2259 OH2EA         599 0018 E2WRTC        599 0671
QSO:  7000 CW 2022-08-13 2310 OH2EA         599 19 HZ1TT         599 110
QSO:  7034 CW 2022-08-13 2313 OH2EA         599 010 D4L           599 1210
QSO:  7031 CW 2022-08-13 2320 OH2EA         599 0022 K3WW          599 0708
QSO:  7023 CW 2022-08-13 2322 OH2EA         599 0023 AA3B          599 1249
QSO:  7007 CW 2022-08-14 0026 OH2EA         599 0024 K3RA          599 0333
QSO:  7010 CW 2022-08-14 0033 OH2EA         599 025 K1LZ          599 1543
QSO:  7028 CW 2022-08-14 0041 OH2EA         599 0026 A60A          599 1515
QSO:  3501 CW 2022-08-14 0106 OH2EA         599 017 VY2ZM         599 1236
QSO:  7007 CW 2022-08-14 0108 OH2EA         599 0028 W8FJ          599 0246
QSO:  7024 CW 2022-08-14 0147 OH2EA         599 0029 K1ZZ          599 0556
QSO:  7024 CW 2022-08-14 0155 OH2EA         599 030 VY2ZM         599 1259
QSO: 14042 CW 2022-08-14 1249 OH2EA         599 0031 NM5M          599 0254
QSO: 14023 CW 2022-08-14 1257 OH2EA         599 032 N9RV          599 326
QSO: 14048 CW 2022-08-14 1627 OH2EA         599 0033 K3MD          599 0383
QSO:  7005 CW 2022-08-14 1656 OH2EA         599 034 VK1A          599 0727
QSO:  7010 CW 2022-08-14 1659 OH2EA         599 0035 ZM1A          599 0705
QSO: 14014 CW 2022-08-14 2013 OH2EA         599 0036 VU2XE         599 0442
QSO: 14003 CW 2022-08-14 2027 OH2EA         599 0038 K2ZR          599 0355
QSO: 14049 CW 2022-08-14 2047 OH2EA         599 0039 N2ZN          599 0117
QSO: 14004 CW 2022-08-14 2141 OH2EA         599 0041 K4BAI         599 0377
QSO: 14036 CW 2022-08-14 2144 OH2EA         599 0042 K0VBU         599 0267
QSO: 14001 CW 2022-08-14 2149 OH2EA         599 0042 K7SV          599 0755
QSO: 14000 CW 2022-08-14 2159 OH2EA         599 44 K3TW          599 16
QSO: 14005 CW 2022-08-14 2210 OH2EA         599 0045 W1ZT          599 0178
QSO:  7028 CW 2022-08-14 2247 OH2EA         599 046 CT9ABV        599 2137
QSO: 14040 CW 2022-08-14 2315 OH2EA         599 0048 N5AW          599 0476
QSO:  7004 CW 2022-08-14 2327 OH2EA         599 0049 W4PM          599 0329
QSO:  7000 CW 2022-08-14 2355 OH2EA         599 41 K3TW          599 99
END-OF-LOG:
