START-OF-LOG: 3.0
CREATED-BY: reconstructed-log-builder
CONTEST: RCC-CUP
CALLSIGN: F5ICC
LOCATION: 
CATEGORY: CHECKLOG
CATEGORY-OPERATOR: SINGLE-OP
CATEGORY-BAND: ALL
CATEGORY-MODE: MIXED
CATEGORY-POWER: UNKNOWN
CATEGORY-ASSISTED: NON-ASSISTED
CATEGORY-TRANSMITTER: ONE
CATEGORY-STATION: UNKNOWN
CATEGORY-OVERLAY: 
OPERATORS: F5ICC
CLAIMED-SCORE: 
CLUB: 
NAME: 
SOAPBOX: RECONSTRUCTED MOCKUP LOG - NOT AN OFFICIAL SUBMISSION.
SOAPBOX: Derived from submitted logs for RCC-CUP RCCCup/2020.
QSO:  7037 CW 2020-05-02 0422 F5ICC         599 27 RG9A          599 RCC74
QSO:  7033 CW 2020-05-02 0430 F5ICC         599 27 P3AA          599 RCC5
QSO: 14012 CW 2020-05-02 0607 F5ICC         599 27 RG9A          599 RCC74
QSO: 14025 CW 2020-05-02 0616 F5ICC         599 27 RA9P          599 31
QSO: 14028 CW 2020-05-02 0621 F5ICC         599 27 R8TT          599 RCC31
QSO: 14008 CW 2020-05-02 0650 F5ICC         599 27 R8CT          599 30
QSO: 14031 CW 2020-05-02 0726 F5ICC         599 27 RA9SF         599 RCC332
QSO: 14010 CW 2020-05-02 0735 F5ICC         599 27 RK9AX         599 RCC179
QSO: 14020 CW 2020-05-02 0748 F5ICC         599 27 RU9SO         599 30
QSO: 14037 CW 2020-05-02 0759 F5ICC         599 27 RT9S          599 RCC107
QSO: 14043 CW 2020-05-02 0829 F5ICC         599 27 RX9CC         599 20
QSO: 14020 CW 2020-05-02 0844 F5ICC         599 27 4X6FR         599 39
END-OF-LOG:
