START-OF-LOG: 3.0
CONTEST: CQ-WPX-SSB
CALLSIGN: BY6SX
LOCATION: DX
CATEGORY-OPERATOR: MULTI-OP
CATEGORY-ASSISTED: NON-ASSISTED
CATEGORY-BAND: ALL
CATEGORY-POWER: LOW
CATEGORY-MODE: SSB
CATEGORY-TRANSMITTER: ONE
CATEGORY-STATION: FIXED
CATEGORY-OVERLAY:
GRID-LOCATOR: OM50QM
CLAIMED-SCORE: 8520
NAME: YCRAC
OPERATORS: BG6SNN BG6RGG BG6RGE
CLUB: CRAC
CREATED-BY: N1MM Logger+ 1.0.10715.0
QSO:   21220 PH 2026-03-28 0810 BY6SX            59  0001  BI1QJQ           59   0112    0
QSO:   21250 PH 2026-03-28 0821 BY6SX            59  0002  RG2A             59   0177    0
QSO:   21254 PH 2026-03-28 0827 BY6SX            59  0003  VR2XAB           59   0069    0
QSO:   21262 PH 2026-03-28 0832 BY6SX            59  0004  VR2VRC           59   0455    0
QSO:   21311 PH 2026-03-28 0834 BY6SX            59  0005  JJ0VNR           59   0653    0
QSO:   21330 PH 2026-03-28 0836 BY6SX            59  0006  BD7MM            59   0460    0
QSO:   21345 PH 2026-03-28 0838 BY6SX            59  0007  RL3A             59   1298    0
QSO:   21424 PH 2026-03-28 0842 BY6SX            59  0008  BI7JMD           59   0517    0
QSO:   21367 PH 2026-03-28 0844 BY6SX            59  0009  DZ3T             59   0752    0
QSO:   21285 PH 2026-03-28 0847 BY6SX            59  0010  R2ARR            59   0226    0
QSO:   21288 PH 2026-03-28 0859 BY6SX            59  0011  YB0AGW           59   0334    0
QSO:   21217 PH 2026-03-28 0914 BY6SX            59  0012  R4GM             59   0122    0
QSO:   21241 PH 2026-03-28 0921 BY6SX            59  0013  DX9M             59   0305    0
QSO:   21282 PH 2026-03-28 0923 BY6SX            59  0014  BV0TW            59   0794    0
QSO:   21361 PH 2026-03-28 0928 BY6SX            59  0015  RU1A             59   1584    0
QSO:   21398 PH 2026-03-28 0933 BY6SX            59  0016  JR3RIY           59   0202    0
QSO:   21317 PH 2026-03-28 0939 BY6SX            59  0017  BD7KSF           59   0260    0
QSO:   21209 PH 2026-03-28 0946 BY6SX            59  0018  UD4F             59   0290    0
QSO:   21151 PH 2026-03-28 0955 BY6SX            59  0019  BY7KP            59   0085    0
QSO:   14270 PH 2026-03-28 1332 BY6SX            59  0020  BA7MT            59   0500    0
QSO:   14263 PH 2026-03-28 1338 BY6SX            59  0021  YB0AGW           59   0525    0
QSO:   21387 PH 2026-03-28 1345 BY6SX            59  0022  S50K             59   0568    0
QSO:   21300 PH 2026-03-28 1424 BY6SX            59  0023  SP8R             59   0653    0
QSO:   21265 PH 2026-03-28 1434 BY6SX            59  0024  DU1EG            59   0533    0
QSO:   21250 PH 2026-03-28 2324 BY6SX            59  0025  YB8BUL           59   0250    0
QSO:   21242 PH 2026-03-28 2329 BY6SX            59  0026  XV9R             59   0317    0
QSO:   21238 PH 2026-03-28 2334 BY6SX            59  0027  YB3KM            59   1012    0
QSO:   21210 PH 2026-03-28 2338 BY6SX            59  0028  3W9A             59   0869    0
QSO:   21200 PH 2026-03-28 2350 BY6SX            59  0029  YB1RGK           59   0379    0
QSO:   21360 PH 2026-03-29 0009 BY6SX            59  0030  YB1DX            59   0753    0
QSO:   21348 PH 2026-03-29 0018 BY6SX            59  0031  VJ2T             59   0821    0
QSO:   21227 PH 2026-03-29 0321 BY6SX            59  0032  DU7RAA           59   0480    0
QSO:   21235 PH 2026-03-29 0324 BY6SX            59  0033  DV4ZAR           59   0475    0
QSO:   21255 PH 2026-03-29 0336 BY6SX            59  0034  DU4DXT           59   0378    0
QSO:   21300 PH 2026-03-29 0347 BY6SX            59  0035  7A0F             59   0909    0
QSO:   21313 PH 2026-03-29 0349 BY6SX            59  0036  BG0DLA           59   0468    0
QSO:   21326 PH 2026-03-29 0351 BY6SX            59  0037  E20NGF           59   0368    0
QSO:   21333 PH 2026-03-29 0355 BY6SX            59  0038  R8YB             59   0211    0
QSO:   21372 PH 2026-03-29 0357 BY6SX            59  0039  E2A              59   1181    0
QSO:   21213 PH 2026-03-29 0407 BY6SX            59  0040  JK2VOC           59   0326    0
QSO:   21225 PH 2026-03-29 0409 BY6SX            59  0041  UA9UR            59   0626    0
QSO:   21315 PH 2026-03-29 0422 BY6SX            59  0042  JD1D             59   0687    0
QSO:   21369 PH 2026-03-29 0451 BY6SX            59  0043  KL5DX            59   1208    0
QSO:   21379 PH 2026-03-29 0453 BY6SX            59  0044  JA8RUZ           59   0650    0
QSO:   21244 PH 2026-03-29 0502 BY6SX            59  0045  4F1EBD           59   1057    0
QSO:   21222 PH 2026-03-29 0505 BY6SX            59  0046  6K0GA            59   1030    0
QSO:   28466 PH 2026-03-29 0648 BY6SX            59  0047  DU3LA            59   0517    0
QSO:   21200 PH 2026-03-29 0650 BY6SX            59  0048  BD6SM            59   0054    0
QSO:   28414 PH 2026-03-29 0651 BY6SX            59  0049  9M6A             59   0421    0
QSO:   28417 PH 2026-03-29 0652 BY6SX            59  0050  9M5Y             59   1189    0
QSO:   28412 PH 2026-03-29 0653 BY6SX            59  0051  OL9Z             59   0887    0
QSO:   21377 PH 2026-03-29 0710 BY6SX            59  0052  BA7MT            59   0747    0
QSO:   28406 PH 2026-03-29 0717 BY6SX            59  0053  VK9DX            59   2978    0
QSO:   28477 PH 2026-03-29 0721 BY6SX            59  0054  DV1DLX           59   0436    0
QSO:   21257 PH 2026-03-29 0728 BY6SX            59  0055  RZ3B             59   0676    0
QSO:   21353 PH 2026-03-29 0735 BY6SX            59  0056  JJ0PKS           59   0734    0
QSO:   21200 PH 2026-03-29 1212 BY6SX            59  0057  RM3F             59   1787    0
QSO:   21220 PH 2026-03-29 1227 BY6SX            59  0058  OG8M             59   1359    0
QSO:   21279 PH 2026-03-29 1231 BY6SX            59  0059  OG73X            59   1687    0
QSO:   21198 PH 2026-03-29 1238 BY6SX            59  0060  OG9X             59   1560    0
QSO:   14262 PH 2026-03-29 1247 BY6SX            59  0061  R5AJ             59   0712    0
QSO:    7127 PH 2026-03-29 1249 BY6SX            59  0062  BY5HB            59   0179    0
QSO:    7114 PH 2026-03-29 1251 BY6SX            59  0063  JH7MQD           59   0046    0
QSO:   21332 PH 2026-03-29 1257 BY6SX            59  0064  ES9C             59   2965    0
QSO:   21349 PH 2026-03-29 1300 BY6SX            59  0065  RM9I             59   1703    0
QSO:   21357 PH 2026-03-29 2258 BY6SX            59  0066  DU3LA            59   0652    0
QSO:   21394 PH 2026-03-29 2300 BY6SX            59  0067  JH1HIC           59   0495    0
END-OF-LOG:
