START-OF-LOG: 3.0
CONTEST: CQ-WPX-SSB
CALLSIGN: F4GWM
LOCATION: DX
CATEGORY-OPERATOR: SINGLE-OP
CATEGORY-ASSISTED: ASSISTED
CATEGORY-BAND: ALL
CATEGORY-POWER: LOW
CATEGORY-MODE: SSB
CATEGORY-TRANSMITTER: ONE
CATEGORY-STATION: FIXED
CATEGORY-OVERLAY:
GRID-LOCATOR: JN27SA
CLAIMED-SCORE: 0
NAME: TREVEDY CEDRIC
OPERATORS: F4GWM
CREATED-BY: ADIF2CABR V.3.12 (C) SP7DQR
QSO:   14127 PH 2026-03-28 0613 F4GWM            59  1     LY9A             59   202      
QSO:   14156 PH 2026-03-28 0628 F4GWM            59  2     VK9DX            59   1015     
QSO:   14175 PH 2026-03-28 0633 F4GWM            59  3     ZF2KT            59   633      
QSO:   14192 PH 2026-03-28 0635 F4GWM            59  4     AB3AH            59   496      
QSO:   14192 PH 2026-03-28 0638 F4GWM            59  5     UX0KR            59   56       
QSO:   14211 PH 2026-03-28 0639 F4GWM            59  6     YU5R             59   256      
QSO:   14214 PH 2026-03-28 0640 F4GWM            59  7     HG0R             59   170      
QSO:   14237 PH 2026-03-28 0644 F4GWM            59  8     LZ25W            59   359      
QSO:   14245 PH 2026-03-28 0646 F4GWM            59  9     CQ9A             59   862      
QSO:   14250 PH 2026-03-28 0646 F4GWM            59  10    IO9A             59   635      
QSO:   14250 PH 2026-03-28 0649 F4GWM            59  11    ED7O             59   548      
QSO:   14269 PH 2026-03-28 0650 F4GWM            59  12    YP8T             59   184      
QSO:   14271 PH 2026-03-28 0651 F4GWM            59  13    V26K             59   1003     
QSO:   14278 PH 2026-03-28 0652 F4GWM            59  14    YT9X             59   211      
QSO:   14296 PH 2026-03-28 0653 F4GWM            59  15    YP7P             59   332      
QSO:   14306 PH 2026-03-28 0655 F4GWM            59  16    CN3A             59   1020     
QSO:   14312 PH 2026-03-28 0657 F4GWM            59  17    VL4A             59   114      
QSO:   14312 PH 2026-03-28 0658 F4GWM            59  18    ZM4T             59   154      
QSO:   14332 PH 2026-03-28 0700 F4GWM            59  19    TI1T             59   824      
QSO:   14332 PH 2026-03-28 0701 F4GWM            59  20    CR3A             59   1183     
QSO:   14102 PH 2026-03-28 0748 F4GWM            59  21    GM2T             59   080      
QSO:   14142 PH 2026-03-28 0756 F4GWM            59  22    CR5L             59   434      
QSO:   14145 PH 2026-03-28 0757 F4GWM            59  23    LY7J             59   415      
QSO:   14148 PH 2026-03-28 0759 F4GWM            59  24    LZ6E             59   386      
QSO:   14148 PH 2026-03-28 0800 F4GWM            59  25    LY5I             59   088      
QSO:   14186 PH 2026-03-28 0804 F4GWM            59  26    SG5Z             59   380      
QSO:   14186 PH 2026-03-28 0805 F4GWM            59  27    SM2M             59   169      
QSO:   14207 PH 2026-03-28 0806 F4GWM            59  28    NU5A             59   859      
QSO:   14207 PH 2026-03-28 0807 F4GWM            59  29    CQ7X             59   1607     
QSO:   14207 PH 2026-03-28 0807 F4GWM            59  30    LN2T             59   333      
QSO:   14227 PH 2026-03-28 0810 F4GWM            59  31    VP2M             59   1271     
QSO:   14227 PH 2026-03-28 0812 F4GWM            59  32    EI7M             59   518      
QSO:   14227 PH 2026-03-28 0814 F4GWM            59  33    SZ3P             59   264      
QSO:   14304 PH 2026-03-28 0821 F4GWM            59  34    ES9C             59   901      
QSO:   14304 PH 2026-03-28 0825 F4GWM            59  35    YP0C             59   328      
QSO:   14345 PH 2026-03-28 0827 F4GWM            59  36    J62K             59   1158     
QSO:   14118 PH 2026-03-28 0922 F4GWM            59  37    LY2DX            59   231      
QSO:   14118 PH 2026-03-28 0923 F4GWM            59  38    YL2PJ            59   083      
QSO:   14118 PH 2026-03-28 0925 F4GWM            59  39    MX4Y             59   248      
QSO:   14118 PH 2026-03-28 0926 F4GWM            59  40    YO9HP            59   179      
QSO:   14167 PH 2026-03-28 0931 F4GWM            59  41    YR8R             59   86       
QSO:   14167 PH 2026-03-28 0933 F4GWM            59  42    9H6A             59   463      
QSO:   14139 PH 2026-03-28 0951 F4GWM            59  43    EA6URP           59   146      
QSO:   14139 PH 2026-03-28 0952 F4GWM            59  44    LY7K             59   011      
QSO:   14139 PH 2026-03-28 0954 F4GWM            59  45    YO8SMM           59   32       
QSO:   14139 PH 2026-03-28 0959 F4GWM            59  46    SM6TOL           59   007      
QSO:   14156 PH 2026-03-28 1002 F4GWM            59  47    UT1KWA           59   070      
QSO:   14156 PH 2026-03-28 1014 F4GWM            59  48    AA3R             59   770      
QSO:   14156 PH 2026-03-28 1034 F4GWM            59  49    HG0Y             59   155      
QSO:   14156 PH 2026-03-28 1035 F4GWM            59  50    EA1L             59   858      
QSO:   14156 PH 2026-03-28 1036 F4GWM            59  51    LY2K             59   649      
QSO:   14156 PH 2026-03-28 1037 F4GWM            59  52    LC6C             59   143      
QSO:   14156 PH 2026-03-28 1042 F4GWM            59  53    SX5P             59   258      
QSO:   14156 PH 2026-03-28 1043 F4GWM            59  54    IB9T             59   1058     
QSO:   14156 PH 2026-03-28 1044 F4GWM            59  55    SP8R             59   970      
QSO:   14156 PH 2026-03-28 1045 F4GWM            59  56    NM2F             59   109      
QSO:   14156 PH 2026-03-28 1047 F4GWM            59  57    HG5A             59   575      
QSO:   14156 PH 2026-03-28 1047 F4GWM            59  58    SP5C             59   897      
QSO:   14156 PH 2026-03-28 1048 F4GWM            59  59    3Z77D            59   795      
QSO:   14156 PH 2026-03-28 1050 F4GWM            59  60    VA3AA            59   463      
QSO:   14156 PH 2026-03-28 1052 F4GWM            59  61    OL7T             59   371      
QSO:   14156 PH 2026-03-28 1053 F4GWM            59  62    AA4V             59   573      
QSO:   14156 PH 2026-03-28 1056 F4GWM            59  63    8S0C             59   293      
QSO:   14156 PH 2026-03-28 1057 F4GWM            59  64    OM7M             59   406      
QSO:   14156 PH 2026-03-28 1101 F4GWM            59  65    II9P             59   475      
QSO:   14156 PH 2026-03-28 1104 F4GWM            59  66    E7Y              59   547      
QSO:   14156 PH 2026-03-28 1105 F4GWM            59  67    IQ8BB            59   380      
QSO:   14156 PH 2026-03-28 1106 F4GWM            59  68    HA0SA            59   390      
QSO:   14156 PH 2026-03-28 1107 F4GWM            59  69    HA3DX            59   838      
QSO:   14156 PH 2026-03-28 1110 F4GWM            59  70    HA7A             59   285      
QSO:   14156 PH 2026-03-28 1111 F4GWM            59  71    IQ6JU            59   730      
QSO:   14156 PH 2026-03-28 1113 F4GWM            59  72    WX3B             59   298      
QSO:   14156 PH 2026-03-28 1115 F4GWM            59  73    M6C              59   028      
QSO:   14156 PH 2026-03-28 1116 F4GWM            59  74    YT8A             59   437      
QSO:   14156 PH 2026-03-28 1119 F4GWM            59  75    YT2ISM           59   154      
QSO:   14156 PH 2026-03-28 1124 F4GWM            59  76    YT7X             59   168      
QSO:   14156 PH 2026-03-28 1126 F4GWM            59  77    9A2CT            59   54       
QSO:   14156 PH 2026-03-28 1128 F4GWM            59  78    EI4GNB           59   179      
QSO:   14156 PH 2026-03-28 1130 F4GWM            59  79    KN2M             59   518      
QSO:   14156 PH 2026-03-28 1132 F4GWM            59  80    M0KPW            59   004      
QSO:   14156 PH 2026-03-28 1133 F4GWM            59  81    M8PJZ            59   011      
QSO:   14156 PH 2026-03-28 1136 F4GWM            59  82    M0JVX            59   029      
QSO:   14156 PH 2026-03-28 1143 F4GWM            59  83    G0CNN            59   150      
QSO:   14156 PH 2026-03-28 1147 F4GWM            59  84    CF3A             59   902      
QSO:   14156 PH 2026-03-28 1149 F4GWM            59  85    AA4NC            59   556      
QSO:   14156 PH 2026-03-28 1152 F4GWM            59  86    WG3J             59   122      
QSO:   14156 PH 2026-03-28 1154 F4GWM            59  87    K2SSS            59   416      
QSO:   14156 PH 2026-03-28 1203 F4GWM            59  88    KT6V             59   181      
QSO:   14137 PH 2026-03-28 1506 F4GWM            59  89    HG2DX            59   286      
QSO:   14137 PH 2026-03-28 1508 F4GWM            59  90    YT1T             59   392      
QSO:   14187 PH 2026-03-28 1531 F4GWM            59  91    CY0S             59   398      
QSO:   14137 PH 2026-03-28 1534 F4GWM            59  92    WZ7F             59   1152     
QSO:   14137 PH 2026-03-28 1545 F4GWM            59  93    YE9BJM           59   688      
QSO:   14257 PH 2026-03-28 1557 F4GWM            59  94    SM5JVF           59   363      
QSO:   14257 PH 2026-03-28 1558 F4GWM            59  95    LC2F             59   193      
QSO:   14257 PH 2026-03-28 1600 F4GWM            59  96    ES6RW            59   394      
QSO:   14257 PH 2026-03-28 1602 F4GWM            59  97    ES3V             59   510      
QSO:   14257 PH 2026-03-28 1604 F4GWM            59  98    SP2WGB           59   001      
QSO:   14257 PH 2026-03-28 1615 F4GWM            59  99    YO4NT            59   215      
QSO:   14257 PH 2026-03-28 1616 F4GWM            59  100   EF5Q             59   146      
QSO:   14257 PH 2026-03-28 1616 F4GWM            59  101   R1CX             59   361      
QSO:   14257 PH 2026-03-28 1617 F4GWM            59  102   RK4FAO           59   329      
QSO:   14257 PH 2026-03-28 1618 F4GWM            59  103   R0ABR            59   716      
QSO:   14257 PH 2026-03-28 1620 F4GWM            59  104   OM0WR            59   457      
QSO:   14257 PH 2026-03-28 1620 F4GWM            59  105   SP6YG            59   078      
QSO:   14257 PH 2026-03-28 1623 F4GWM            59  106   R1IO             59   406      
QSO:   14257 PH 2026-03-28 1625 F4GWM            59  107   EU4E             59   816      
QSO:   14257 PH 2026-03-28 1625 F4GWM            59  108   RT4P             59   035      
QSO:   14257 PH 2026-03-28 1627 F4GWM            59  109   OH1TM            59   498      
QSO:   14257 PH 2026-03-28 1629 F4GWM            59  110   OM3TGE           59   22       
QSO:   14257 PH 2026-03-28 1631 F4GWM            59  111   3Z6V             59   272      
QSO:   14257 PH 2026-03-28 1633 F4GWM            59  112   SO9B             59   343      
QSO:   14257 PH 2026-03-28 1634 F4GWM            59  113   SP3QDX           59   032      
QSO:   14257 PH 2026-03-28 1646 F4GWM            59  114   VK4A             59   1347     
QSO:   14257 PH 2026-03-28 1648 F4GWM            59  115   HG5E             59   1229     
QSO:   14257 PH 2026-03-28 1649 F4GWM            59  116   E74E             59   629      
QSO:   14257 PH 2026-03-28 1651 F4GWM            59  117   9A8DX            59   868      
QSO:   14257 PH 2026-03-28 1656 F4GWM            59  118   EC5CC            59   435      
QSO:   14257 PH 2026-03-28 1702 F4GWM            59  119   LB5SK            59   189      
QSO:   14257 PH 2026-03-28 1704 F4GWM            59  120   BY4SZ            59   934      
QSO:   14257 PH 2026-03-28 1710 F4GWM            59  121   YT7E             59   204      
QSO:   14257 PH 2026-03-28 1711 F4GWM            59  122   ED5E             59   612      
QSO:   14257 PH 2026-03-28 1713 F4GWM            59  123   MM0AOQ           59   336      
QSO:   14257 PH 2026-03-28 1717 F4GWM            59  124   6K0GA            59   840      
QSO:   14257 PH 2026-03-28 1718 F4GWM            59  125   OH5Z             59   1693     
QSO:   14257 PH 2026-03-28 1720 F4GWM            59  126   UT5EL            59   737      
QSO:   14257 PH 2026-03-28 1723 F4GWM            59  127   BV0TW            59   1121     
QSO:   14257 PH 2026-03-28 1725 F4GWM            59  128   YU4IZZ           59   281      
QSO:   14257 PH 2026-03-28 1725 F4GWM            59  129   HG7T             59   559      
QSO:   14257 PH 2026-03-28 1727 F4GWM            59  130   UZ7C             59   1487     
QSO:   14257 PH 2026-03-28 1729 F4GWM            59  131   RC5Z             59   324      
QSO:   14257 PH 2026-03-28 1734 F4GWM            59  132   LZ2ES            59   381      
QSO:   14257 PH 2026-03-28 1736 F4GWM            59  133   YO3RU            59   318      
QSO:   14257 PH 2026-03-28 1737 F4GWM            59  134   YO2LEA           59   283      
QSO:   14257 PH 2026-03-28 1742 F4GWM            59  135   EA9E             59   655      
QSO:   14257 PH 2026-03-28 1747 F4GWM            59  136   UB8A             59   1192     
QSO:   21000 PH 2026-03-28 1752 F4GWM            59  137   CG9T             59   1114     
QSO:   21000 PH 2026-03-28 1752 F4GWM            59  138   VE3EJ            59   1109     
QSO:   21000 PH 2026-03-28 1753 F4GWM            59  139   CG3T             59   979      
QSO:   21000 PH 2026-03-28 1754 F4GWM            59  140   VA3SWG           59   417      
QSO:   21000 PH 2026-03-28 1758 F4GWM            59  141   P45A             59   1171     
QSO:   21000 PH 2026-03-28 1759 F4GWM            59  142   FG4KH            59   396      
QSO:   21000 PH 2026-03-28 1800 F4GWM            59  143   N0GJW            59   363      
QSO:   21000 PH 2026-03-28 1801 F4GWM            59  144   WX3B             59   931      
QSO:   21000 PH 2026-03-28 1801 F4GWM            59  145   WA2CP            59   343      
QSO:   21000 PH 2026-03-28 1802 F4GWM            59  146   KM9P             59   1581     
QSO:   21000 PH 2026-03-28 1804 F4GWM            59  147   K1LZ             59   2606     
QSO:   21000 PH 2026-03-28 1806 F4GWM            59  148   VA3AA            59   1176     
QSO:   21000 PH 2026-03-28 1807 F4GWM            59  149   KB3VQC           59   225      
QSO:   21000 PH 2026-03-28 1816 F4GWM            59  150   NN3W             59   125      
QSO:   21000 PH 2026-03-28 1817 F4GWM            59  151   KQ1F             59   503      
QSO:   21000 PH 2026-03-28 1831 F4GWM            59  152   K0CN             59   257      
QSO:   21000 PH 2026-03-28 1838 F4GWM            59  153   WC6H             59   561      
QSO:   21000 PH 2026-03-28 1841 F4GWM            59  154   NW3Y             59   349      
QSO:   21000 PH 2026-03-28 1847 F4GWM            59  155   V47T             59   3196     
QSO:   14000 PH 2026-03-29 0539 F4GWM            59  156   UR5RP            59   387      
QSO:   14000 PH 2026-03-29 0540 F4GWM            59  157   SV9FBG           59   1455     
QSO:   14000 PH 2026-03-29 0550 F4GWM            59  158   KL5DX            59   723      
QSO:   14000 PH 2026-03-29 0552 F4GWM            59  159   4X7M             59   1467     
QSO:   14000 PH 2026-03-29 0557 F4GWM            59  160   LZ5R             59   3562     
QSO:   14000 PH 2026-03-29 0607 F4GWM            59  161   PT1M             59   1658     
QSO:   14000 PH 2026-03-29 0613 F4GWM            59  162   ER4A             59   874      
QSO:   14000 PH 2026-03-29 0614 F4GWM            59  163   RL3A             59   3887     
QSO:   14000 PH 2026-03-29 0617 F4GWM            59  164   LZ1AMA           59   198      
QSO:   14000 PH 2026-03-29 0618 F4GWM            59  165   RG2Y             59   764      
QSO:   14000 PH 2026-03-29 0619 F4GWM            59  166   TC3W             59   1706     
QSO:   14000 PH 2026-03-29 0620 F4GWM            59  167   YR8I             59   005      
QSO:   14000 PH 2026-03-29 0625 F4GWM            59  168   DR1A             59   1496     
QSO:   14000 PH 2026-03-29 0631 F4GWM            59  169   RG5A             59   1022     
QSO:   14000 PH 2026-03-29 0632 F4GWM            59  170   UR5TFT           59   246      
QSO:   14000 PH 2026-03-29 0653 F4GWM            59  171   YL5W             59   399      
QSO:   14000 PH 2026-03-29 0708 F4GWM            59  172   VK4KW            59   1998     
QSO:   14000 PH 2026-03-29 0724 F4GWM            59  173   VJ2T             59   1167     
QSO:   14000 PH 2026-03-29 0725 F4GWM            59  174   HQ9UM            59   273      
QSO:   14000 PH 2026-03-29 0736 F4GWM            59  175   VK7ACE           59   265      
QSO:   14000 PH 2026-03-29 0739 F4GWM            59  176   ZL2RVW           59   383      
QSO:   14000 PH 2026-03-29 0740 F4GWM            59  177   HD8R             59   3627     
QSO:   14000 PH 2026-03-29 0814 F4GWM            59  178   4O3A             59   2304     
QSO:   14000 PH 2026-03-29 0815 F4GWM            59  179   CQ3W             59   3006     
QSO:   14000 PH 2026-03-29 0913 F4GWM            59  180   VK6NC            59   797      
QSO:   14000 PH 2026-03-29 1025 F4GWM            59  181   OM5HIT           59   291      
QSO:   14000 PH 2026-03-29 1036 F4GWM            59  182   SN7Z             59   535      
QSO:   14000 PH 2026-03-29 1044 F4GWM            59  183   R1CI             59   62       
QSO:   14000 PH 2026-03-29 1046 F4GWM            59  184   SN3P             59   185      
QSO:   14000 PH 2026-03-29 1047 F4GWM            59  185   SO0O             59   276      
QSO:   14000 PH 2026-03-29 1048 F4GWM            59  186   SP9DTA           59   209      
QSO:   14000 PH 2026-03-29 1056 F4GWM            59  187   SA7DXR           59   194      
QSO:   14000 PH 2026-03-29 1100 F4GWM            59  188   S54K             59   1770     
QSO:   14000 PH 2026-03-29 1105 F4GWM            59  189   K2UV             59   085      
QSO:   14000 PH 2026-03-29 1106 F4GWM            59  190   WJ1U             59   1101     
QSO:   14000 PH 2026-03-29 1128 F4GWM            59  191   W5MX             59   1801     
QSO:   14000 PH 2026-03-29 1133 F4GWM            59  192   KI7WX            59   1065     
QSO:   14000 PH 2026-03-29 1136 F4GWM            59  193   NH8S             59   1301     
QSO:   14000 PH 2026-03-29 1138 F4GWM            59  194   AC1U             59   1847     
QSO:   14000 PH 2026-03-29 1142 F4GWM            59  195   WW4LL            59   735      
QSO:   14000 PH 2026-03-29 1645 F4GWM            59  196   M9YDX            59   146      
QSO:   14000 PH 2026-03-29 1713 F4GWM            59  197   LY1DZ            59   149      
QSO:   14000 PH 2026-03-29 1715 F4GWM            59  198   3Z1K             59   680      
QSO:   14000 PH 2026-03-29 1718 F4GWM            59  199   JH4UYB           59   1976     
QSO:   14000 PH 2026-03-29 1721 F4GWM            59  200   UP4L             59   2688     
QSO:   14000 PH 2026-03-29 1722 F4GWM            59  201   S53BB            59   490      
QSO:   14000 PH 2026-03-29 1724 F4GWM            59  202   RM3F             59   2090     
QSO:   14000 PH 2026-03-29 1725 F4GWM            59  203   SQ9MEE           59   291      
QSO:   14000 PH 2026-03-29 1727 F4GWM            59  204   IO6T             59   4840     
QSO:   14000 PH 2026-03-29 1728 F4GWM            59  205   SO9I             59   2452     
QSO:   14000 PH 2026-03-29 1730 F4GWM            59  206   SN2Z             59   2010     
QSO:   14000 PH 2026-03-29 1732 F4GWM            59  207   SN2M             59   651      
QSO:   14000 PH 2026-03-29 1733 F4GWM            59  208   S51FB            59   1131     
QSO:   14000 PH 2026-03-29 1735 F4GWM            59  209   9A60CBM          59   1169     
QSO:   14000 PH 2026-03-29 1735 F4GWM            59  210   OG6N             59   1034     
QSO:   14000 PH 2026-03-29 1738 F4GWM            59  211   S51DX            59   436      
QSO:   14000 PH 2026-03-29 1743 F4GWM            59  212   EW1P             59   1012     
QSO:   14000 PH 2026-03-29 1748 F4GWM            59  213   OE3CGR           59   101      
QSO:   14000 PH 2026-03-29 1750 F4GWM            59  214   9A8A             59   165      
QSO:   14000 PH 2026-03-29 1751 F4GWM            59  215   OH7MFO           59   326      
QSO:   14000 PH 2026-03-29 1751 F4GWM            59  216   RU4SO            59   669      
QSO:   14000 PH 2026-03-29 1752 F4GWM            59  217   SM5/UY5OO        59   080      
QSO:   14000 PH 2026-03-29 1752 F4GWM            59  218   OM1ST            59   118      
QSO:   14000 PH 2026-03-29 1755 F4GWM            59  219   SQ2TAC           59   240      
QSO:   14000 PH 2026-03-29 1756 F4GWM            59  220   OK6Y             59   1016     
QSO:   14000 PH 2026-03-29 1757 F4GWM            59  221   RA2F             59   07       
QSO:   14000 PH 2026-03-29 1805 F4GWM            59  222   SP4CUF           59   310      
QSO:   14000 PH 2026-03-29 1808 F4GWM            59  223   HA5OT            59   185      
END-OF-LOG:
