START-OF-LOG: 3.0
CONTEST: CQ-WPX-SSB
CALLSIGN: N0UY
LOCATION: MN
CATEGORY-OPERATOR: SINGLE-OP
CATEGORY-ASSISTED: NON-ASSISTED
CATEGORY-BAND: ALL
CATEGORY-POWER: HIGH
CATEGORY-MODE: SSB
CATEGORY-TRANSMITTER: ONE
CATEGORY-STATION:
CATEGORY-OVERLAY:
GRID-LOCATOR:
CLAIMED-SCORE: 250800
NAME: Ray
OPERATORS: N0UY
CREATED-BY: N3FJP's CQ WPX Contest Log 4.9.10
QSO:   21205 PH 2026-03-28 0000 N0UY             59  001   AA4V             59   2       0
QSO:   21215 PH 2026-03-28 0001 N0UY             59  002   CY0S             59   1       0
QSO:   21219 PH 2026-03-28 0002 N0UY             59  003   LT1E             59   1       0
QSO:   21222 PH 2026-03-28 0003 N0UY             59  004   FG4KH            59   3       0
QSO:   21225 PH 2026-03-28 0004 N0UY             59  005   P43K             59   6       0
QSO:   21230 PH 2026-03-28 0005 N0UY             59  006   LU1DK            59   9       0
QSO:   21242 PH 2026-03-28 0006 N0UY             59  007   TI1K             59   28      0
QSO:   21247 PH 2026-03-28 0007 N0UY             59  008   PY2RE            59   6       0
QSO:   21249 PH 2026-03-28 0007 N0UY             59  009   AD5A             59   15      0
QSO:   21254 PH 2026-03-28 0008 N0UY             59  010   WG3J             59   8       0
QSO:   21256 PH 2026-03-28 0009 N0UY             59  011   W6MX             59   2       0
QSO:   21260 PH 2026-03-28 0011 N0UY             59  012   PY5QW            59   25      0
QSO:   21264 PH 2026-03-28 0012 N0UY             59  013   PY3PA            59   7       0
QSO:   21272 PH 2026-03-28 0013 N0UY             59  014   P45A             59   38      0
QSO:   21277 PH 2026-03-28 0014 N0UY             59  015   9Z4BM            59   13      0
QSO:   21302 PH 2026-03-28 0017 N0UY             59  016   NU5A             59   5       0
QSO:   21304 PH 2026-03-28 0017 N0UY             59  017   NM4AA            59   43      0
QSO:   21310 PH 2026-03-28 0018 N0UY             59  018   LP1H             59   71      0
QSO:   21324 PH 2026-03-28 0019 N0UY             59  019   D4C              59   92      0
QSO:   21327 PH 2026-03-28 0020 N0UY             59  020   V47T             59   106     0
QSO:   21331 PH 2026-03-28 0021 N0UY             59  021   WS4K             59   29      0
QSO:   21355 PH 2026-03-28 0023 N0UY             59  022   8P5A             59   67      0
QSO:   21361 PH 2026-03-28 0024 N0UY             59  023   WD0T             59   44      0
QSO:   21365 PH 2026-03-28 0025 N0UY             59  024   KL5DX            59   74      0
QSO:   21375 PH 2026-03-28 0026 N0UY             59  025   PR2NX            59   52      0
QSO:   21400 PH 2026-03-28 0028 N0UY             59  026   V26K             59   80      0
QSO:   28317 PH 2026-03-28 0030 N0UY             59  027   V4/SP9FIH        59   68      0
QSO:   28345 PH 2026-03-28 0032 N0UY             59  028   PT1M             59   199     0
QSO:   28383 PH 2026-03-28 0035 N0UY             59  029   PR2EG            59   109     0
QSO:   28390 PH 2026-03-28 0037 N0UY             59  030   PP1WW            59   44      0
QSO:   28415 PH 2026-03-28 0040 N0UY             59  031   PV2G             59   79      0
QSO:   14150 PH 2026-03-28 0044 N0UY             59  032   KM9P             59   102     0
QSO:   14153 PH 2026-03-28 0045 N0UY             59  033   KI7WX            59   72      0
QSO:   14160 PH 2026-03-28 0046 N0UY             59  034   WT1A             59   92      0
QSO:   14172 PH 2026-03-28 0048 N0UY             59  035   K2SSS            59   66      0
QSO:   14180 PH 2026-03-28 0049 N0UY             59  036   AE1MV            59   7       0
QSO:   14187 PH 2026-03-28 0050 N0UY             59  037   WW4LL            59   163     0
QSO:   14193 PH 2026-03-28 0051 N0UY             59  038   KZ1W             59   36      0
QSO:   14201 PH 2026-03-28 0052 N0UY             59  039   WZ4F             59   106     0
QSO:   14205 PH 2026-03-28 0054 N0UY             59  040   CV6T             59   81      0
QSO:   14215 PH 2026-03-28 0056 N0UY             59  041   AF4PX            59   73      0
QSO:   14224 PH 2026-03-28 0057 N0UY             59  042   AD4EB            59   148     0
QSO:   14234 PH 2026-03-28 0059 N0UY             59  043   CT3KN            59   226     0
QSO:   14246 PH 2026-03-28 0102 N0UY             59  044   3G2S             59   96      0
QSO:   14259 PH 2026-03-28 0103 N0UY             59  045   V47T             59   282     0
QSO:   14262 PH 2026-03-28 0104 N0UY             59  046   AH2O             59   107     0
QSO:   14267 PH 2026-03-28 0107 N0UY             59  047   NL7WA            59   153     0
QSO:   14269 PH 2026-03-28 0108 N0UY             59  048   AA4V             59   143     0
QSO:   14272 PH 2026-03-28 0108 N0UY             59  049   WS7X             59   219     0
QSO:   14275 PH 2026-03-28 0109 N0UY             59  050   VA3AA            59   65      0
QSO:   14284 PH 2026-03-28 0112 N0UY             59  051   WA2CP            59   71      0
QSO:   14290 PH 2026-03-28 0113 N0UY             59  052   P49Y             59   258     0
QSO:   14292 PH 2026-03-28 0114 N0UY             59  053   AD5XD            59   202     0
QSO:   14295 PH 2026-03-28 0114 N0UY             59  054   J62K             59   328     0
QSO:   14309 PH 2026-03-28 0116 N0UY             59  055   C6AFD            59   128     0
QSO:   14312 PH 2026-03-28 0117 N0UY             59  056   AA3R             59   145     0
QSO:    7139 PH 2026-03-28 0121 N0UY             59  057   AB9H             59   62      0
QSO:   14160 PH 2026-03-28 0230 N0UY             59  058   WZ7F             59   391     0
QSO:   14165 PH 2026-03-28 0231 N0UY             59  059   PR2NX            59   237     0
QSO:   14186 PH 2026-03-28 0234 N0UY             59  060   CB4K             59   96      0
QSO:   14200 PH 2026-03-28 0236 N0UY             59  061   PY1FJ            59   120     0
QSO:   14203 PH 2026-03-28 0237 N0UY             59  062   KP2M             59   474     0
QSO:   14206 PH 2026-03-28 0237 N0UY             59  063   W3LL             59   84      0
QSO:   14212 PH 2026-03-28 0238 N0UY             59  064   WG9X             59   38      0
QSO:   14224 PH 2026-03-28 0240 N0UY             59  065   WI0WA            59   356     0
QSO:   14243 PH 2026-03-28 0244 N0UY             59  066   K6ACW            59   247     0
QSO:   14254 PH 2026-03-28 0246 N0UY             59  067   HD8R             59   676     0
QSO:   14273 PH 2026-03-28 0248 N0UY             59  068   LP1H             59   586     0
QSO:   14283 PH 2026-03-28 0249 N0UY             59  069   TI7W             59   718     0
QSO:   14287 PH 2026-03-28 0251 N0UY             59  070   ED8W             59   410     0
QSO:   14289 PH 2026-03-28 0252 N0UY             59  071   VE7WO            59   90      0
QSO:   14292 PH 2026-03-28 0254 N0UY             59  072   9Z4BM            59   409     0
QSO:   14306 PH 2026-03-28 0255 N0UY             59  073   CN3A             59   515     0
QSO:   14312 PH 2026-03-28 0257 N0UY             59  074   K7BEM            59   133     0
QSO:   14324 PH 2026-03-28 0258 N0UY             59  075   PT1M             59   627     0
QSO:   14335 PH 2026-03-28 0259 N0UY             59  076   CR3A             59   587     0
QSO:   14342 PH 2026-03-28 0300 N0UY             59  077   PZ5DX            59   561     0
QSO:    7128 PH 2026-03-28 0304 N0UY             59  078   UW5Y             59   439     0
QSO:    3667 PH 2026-03-28 0310 N0UY             59  079   NE1C             59   106     0
QSO:    3739 PH 2026-03-28 0312 N0UY             59  080   CG3I             59   79      0
QSO:    3669 PH 2026-03-28 0316 N0UY             59  081   AA4V             59   109     0
QSO:    7159 PH 2026-03-28 1131 N0UY             59  082   N3FJP            59   129     0
QSO:    7146 PH 2026-03-28 1134 N0UY             59  083   NR6O             59   627     0
QSO:    7171 PH 2026-03-28 1136 N0UY             59  084   NH7T             59   576     0
QSO:    7187 PH 2026-03-28 1139 N0UY             59  085   AA5Z             59   379     0
QSO:    7192 PH 2026-03-28 1139 N0UY             59  086   CG3T             59   619     0
QSO:    7197 PH 2026-03-28 1141 N0UY             59  087   VK4KW            59   930     0
QSO:   14178 PH 2026-03-28 1403 N0UY             59  088   KK5TY            59   40      0
QSO:   14182 PH 2026-03-28 1405 N0UY             59  089   UN3J             59   393     0
QSO:   14188 PH 2026-03-28 1406 N0UY             59  090   CY0S             59   250     0
QSO:   14196 PH 2026-03-28 1408 N0UY             59  091   NE1C             59   560     0
QSO:   14202 PH 2026-03-28 1409 N0UY             59  092   RM3F             59   920     0
QSO:   14212 PH 2026-03-28 1411 N0UY             59  093   IQ4RN            59   324     0
QSO:   14218 PH 2026-03-28 1412 N0UY             59  094   K1BIF            59   145     0
QSO:   14228 PH 2026-03-28 1414 N0UY             59  095   WC6H             59   799     0
QSO:   14235 PH 2026-03-28 1415 N0UY             59  096   UB8A             59   929     0
QSO:   14241 PH 2026-03-28 1416 N0UY             59  097   SM2M             59   729     0
QSO:   14242 PH 2026-03-28 1417 N0UY             59  098   UN9L             59   1437    0
QSO:   14244 PH 2026-03-28 1418 N0UY             59  099   KI1P             59   288     0
QSO:   14257 PH 2026-03-28 1419 N0UY             59  100   KR7D             59   469     0
QSO:   14264 PH 2026-03-28 1421 N0UY             59  101   KX2NY            59   222     0
QSO:   14282 PH 2026-03-28 1424 N0UY             59  102   HB9HLM           59   302     0
QSO:   14293 PH 2026-03-28 1425 N0UY             59  103   SP8R             59   1371    0
QSO:   14158 PH 2026-03-28 1527 N0UY             59  104   OL7T             59   589     0
QSO:   14174 PH 2026-03-28 1533 N0UY             59  105   N4ZZ             59   242     0
QSO:   14177 PH 2026-03-28 1534 N0UY             59  106   VE2GSO           59   246     0
QSO:   14179 PH 2026-03-28 1535 N0UY             59  107   KI6SE            59   38      0
QSO:   14191 PH 2026-03-28 1539 N0UY             59  108   HG5E             59   1131    0
QSO:   14194 PH 2026-03-28 1540 N0UY             59  109   E74E             59   512     0
QSO:   14200 PH 2026-03-28 1542 N0UY             59  110   9A8DX            59   751     0
QSO:   14220 PH 2026-03-28 1544 N0UY             59  111   WQ6L             59   250     0
QSO:   14240 PH 2026-03-28 1547 N0UY             59  112   KI5GTR           59   615     0
QSO:   14246 PH 2026-03-28 1548 N0UY             59  113   NV4Z             59   39      0
QSO:   14249 PH 2026-03-28 1549 N0UY             59  114   N1IPB            59   433     0
QSO:   14251 PH 2026-03-28 1549 N0UY             59  115   K0XF             59   414     0
QSO:   14260 PH 2026-03-28 1551 N0UY             59  116   KX7M             59   1011    0
QSO:   14270 PH 2026-03-28 1552 N0UY             59  117   DJ5MW            59   736     0
QSO:   14284 PH 2026-03-28 1555 N0UY             59  118   NR6Q             59   855     0
QSO:   14289 PH 2026-03-28 1555 N0UY             59  119   YT9X             59   1088    0
QSO:   14304 PH 2026-03-28 1558 N0UY             59  120   ES9C             59   1881    0
QSO:   14314 PH 2026-03-28 1559 N0UY             59  121   VA7BEC           59   226     0
QSO:   14349 PH 2026-03-28 1601 N0UY             59  122   EW1I             59   458     0
QSO:   21208 PH 2026-03-28 1604 N0UY             59  123   OT2A             59   621     0
QSO:   21210 PH 2026-03-28 1605 N0UY             59  124   OM7M             59   721     0
QSO:   21216 PH 2026-03-28 1606 N0UY             59  125   SN7R             59   258     0
QSO:   21224 PH 2026-03-28 1609 N0UY             59  126   YT9X             59   1008    0
QSO:   21227 PH 2026-03-28 1610 N0UY             59  127   TM6B             59   460     0
QSO:   21229 PH 2026-03-28 1611 N0UY             59  128   YL2KO            59   994     0
QSO:   21238 PH 2026-03-28 1612 N0UY             59  129   EI9E             59   472     0
QSO:   21242 PH 2026-03-28 1614 N0UY             59  130   EA3AR            59   659     0
QSO:   21248 PH 2026-03-28 1616 N0UY             59  131   OK5Z             59   1272    0
QSO:   21259 PH 2026-03-28 1617 N0UY             59  132   OM8A             59   1181    0
QSO:   21262 PH 2026-03-28 1618 N0UY             59  133   IT9STX           59   933     0
QSO:   21267 PH 2026-03-28 1620 N0UY             59  134   HG8R             59   1139    0
QSO:   21272 PH 2026-03-28 1621 N0UY             59  135   WA7NB            59   190     0
QSO:   21278 PH 2026-03-28 1622 N0UY             59  136   G6MC             59   177     0
QSO:   21284 PH 2026-03-28 1624 N0UY             59  137   DL4VK            59   245     0
QSO:   21288 PH 2026-03-28 1624 N0UY             59  138   9A1RBZ           59   897     0
QSO:   21293 PH 2026-03-28 1626 N0UY             59  139   OT7Q             59   901     0
QSO:   21298 PH 2026-03-28 1628 N0UY             59  140   9A73P            59   826     0
QSO:   21300 PH 2026-03-28 1629 N0UY             59  141   SP8R             59   943     0
QSO:   21308 PH 2026-03-28 1630 N0UY             59  142   W6AFA            59   359     0
QSO:   21312 PH 2026-03-28 1631 N0UY             59  143   DF7A             59   1207    0
QSO:   21320 PH 2026-03-28 1632 N0UY             59  144   ES9C             59   1189    0
QSO:   21323 PH 2026-03-28 1633 N0UY             59  145   IP2A             59   989     0
QSO:   21326 PH 2026-03-28 1634 N0UY             59  146   ED7O             59   1580    0
QSO:   21335 PH 2026-03-28 1636 N0UY             59  147   SO9I             59   1080    0
QSO:   21341 PH 2026-03-28 1637 N0UY             59  148   E73M             59   1112    0
QSO:   21346 PH 2026-03-28 1639 N0UY             59  149   DR1A             59   728     0
QSO:   21349 PH 2026-03-28 1639 N0UY             59  150   DJ7M             59   348     0
QSO:   21353 PH 2026-03-28 1641 N0UY             59  151   CQ7X             59   1246    0
QSO:   21363 PH 2026-03-28 1642 N0UY             59  152   PE1T             59   850     0
QSO:   21366 PH 2026-03-28 1643 N0UY             59  153   YT3TT            59   714     0
QSO:   21380 PH 2026-03-28 1647 N0UY             59  154   OL5G             59   340     0
QSO:   21432 PH 2026-03-28 1652 N0UY             59  155   EI7M             59   1210    0
QSO:   21440 PH 2026-03-28 1653 N0UY             59  156   LY4L             59   1215    0
QSO:   21205 PH 2026-03-28 1909 N0UY             59  157   K1LZ             59   2732    0
QSO:   21212 PH 2026-03-28 1911 N0UY             59  158   3Z77D            59   1706    0
QSO:   21215 PH 2026-03-28 1913 N0UY             59  159   IZ5EKV           59   102     0
QSO:   21227 PH 2026-03-28 1916 N0UY             59  160   GM2T             59   301     0
QSO:   21231 PH 2026-03-28 1918 N0UY             59  161   WW4LL            59   993     0
QSO:   21235 PH 2026-03-28 1918 N0UY             59  162   II9P             59   1133    0
QSO:   21260 PH 2026-03-28 1924 N0UY             59  163   CQ9A             59   2570    0
QSO:   21264 PH 2026-03-28 1925 N0UY             59  164   LZ5R             59   2607    0
QSO:   21276 PH 2026-03-28 1927 N0UY             59  165   DP6A             59   1246    0
QSO:   21282 PH 2026-03-28 1928 N0UY             59  166   WS7X             59   1373    0
QSO:   21285 PH 2026-03-28 1929 N0UY             59  167   HG7T             59   862     0
QSO:   21288 PH 2026-03-28 1929 N0UY             59  168   9A1IBZ           59   1255    0
QSO:   21290 PH 2026-03-28 1930 N0UY             59  169   WC6H             59   603     0
QSO:   21295 PH 2026-03-28 1931 N0UY             59  170   CN3A             59   2215    0
QSO:   21301 PH 2026-03-28 1932 N0UY             59  171   OT5A             59   631     0
QSO:   21305 PH 2026-03-28 1934 N0UY             59  172   NT6Q             59   2238    0
QSO:   21326 PH 2026-03-28 1936 N0UY             59  173   IO9A             59   1908    0
QSO:   21330 PH 2026-03-28 1937 N0UY             59  174   OM5R             59   1061    0
QSO:   21333 PH 2026-03-28 1938 N0UY             59  175   IO6T             59   2519    0
QSO:   21342 PH 2026-03-28 1941 N0UY             59  176   II8K             59   2085    0
QSO:   21359 PH 2026-03-28 1943 N0UY             59  177   NN6U             59   747     0
QSO:   21364 PH 2026-03-28 1944 N0UY             59  178   IB9T             59   2250    0
QSO:   21369 PH 2026-03-28 1945 N0UY             59  179   CR6T             59   2232    0
QSO:   21372 PH 2026-03-28 1946 N0UY             59  180   OM0R             59   1795    0
QSO:   21384 PH 2026-03-28 1948 N0UY             59  181   EA3AQ            59   598     0
QSO:   21390 PH 2026-03-28 1949 N0UY             59  182   TM4ZZ            59   756     0
QSO:   21396 PH 2026-03-28 1950 N0UY             59  183   NH7T             59   825     0
QSO:   21401 PH 2026-03-28 1951 N0UY             59  184   9A3TR            59   1471    0
QSO:   21425 PH 2026-03-28 1953 N0UY             59  185   KX7M             59   1302    0
QSO:   21431 PH 2026-03-28 1953 N0UY             59  186   EF2O             59   183     0
QSO:   21435 PH 2026-03-28 1955 N0UY             59  187   EB5A             59   1860    0
QSO:   21439 PH 2026-03-28 1955 N0UY             59  188   N1EPB            59   514     0
QSO:   28308 PH 2026-03-28 1957 N0UY             59  189   LT7L             59   548     0
QSO:   28314 PH 2026-03-28 1958 N0UY             59  190   CR3A             59   1917    0
QSO:   28320 PH 2026-03-28 1959 N0UY             59  191   LT3E             59   1550    0
QSO:   28325 PH 2026-03-28 2000 N0UY             59  192   PT9HZ            59   44      0
QSO:   28328 PH 2026-03-28 2003 N0UY             59  193   LU5EA            59   185     0
QSO:   28344 PH 2026-03-28 2005 N0UY             59  194   ED8M             59   260     0
QSO:   28348 PH 2026-03-28 2006 N0UY             59  195   W1RCR            59   560     0
QSO:   28358 PH 2026-03-28 2008 N0UY             59  196   LW3EK            59   214     0
QSO:   28362 PH 2026-03-28 2008 N0UY             59  197   PW2K             59   1258    0
QSO:   28374 PH 2026-03-28 2010 N0UY             59  198   CE7TS            59   185     0
QSO:   28378 PH 2026-03-28 2011 N0UY             59  199   PY2WB            59   863     0
QSO:   28386 PH 2026-03-28 2012 N0UY             59  200   HK1O             59   308     0
QSO:   28390 PH 2026-03-28 2013 N0UY             59  201   CV6T             59   737     0
QSO:   28398 PH 2026-03-28 2102 N0UY             59  202   CQ7X             59   3436    0
QSO:   28403 PH 2026-03-28 2103 N0UY             59  203   AH6AA            59   333     0
QSO:   28405 PH 2026-03-28 2103 N0UY             59  204   NH7T             59   847     0
QSO:   28409 PH 2026-03-28 2105 N0UY             59  205   ZF2OO            59   1909    0
QSO:   28411 PH 2026-03-28 2105 N0UY             59  206   HI3LT            59   340     0
QSO:   28428 PH 2026-03-28 2108 N0UY             59  207   D4K              59   2402    0
QSO:   28433 PH 2026-03-28 2111 N0UY             59  208   PY4LH            59   50      0
QSO:   28436 PH 2026-03-28 2112 N0UY             59  209   PT5J             59   2584    0
QSO:   28449 PH 2026-03-28 2114 N0UY             59  210   WC6H             59   431     0
QSO:   28455 PH 2026-03-28 2116 N0UY             59  211   PU2VLW           59   1139    0
QSO:   28465 PH 2026-03-28 2118 N0UY             59  212   P49Y             59   2425    0
QSO:   28472 PH 2026-03-28 2119 N0UY             59  213   PY4JW            59   492     0
QSO:   28477 PH 2026-03-28 2119 N0UY             59  214   AZ1D             59   1465    0
QSO:   28488 PH 2026-03-28 2121 N0UY             59  215   CE3VAK           59   453     0
QSO:   28496 PH 2026-03-28 2123 N0UY             59  216   ZZ3M             59   162     0
QSO:   28501 PH 2026-03-28 2123 N0UY             59  217   V26K             59   2692    0
QSO:   28505 PH 2026-03-28 2124 N0UY             59  218   NH8S             59   515     0
QSO:   28517 PH 2026-03-28 2126 N0UY             59  219   CX2RA            59   321     0
QSO:   28522 PH 2026-03-28 2128 N0UY             59  220   XQ3AQI           59   170     0
QSO:   28528 PH 2026-03-28 2129 N0UY             59  221   LU1VJC           59   164     0
QSO:   28530 PH 2026-03-28 2131 N0UY             59  222   CA2ECJ           59   62      0
QSO:   28535 PH 2026-03-28 2132 N0UY             59  223   LU7HDJ           59   257     0
QSO:   28540 PH 2026-03-28 2133 N0UY             59  224   PY2HT            59   747     0
QSO:   28544 PH 2026-03-28 2134 N0UY             59  225   CX5A             59   1196    0
QSO:   28547 PH 2026-03-28 2135 N0UY             59  226   9Y4I             59   333     0
QSO:   28551 PH 2026-03-28 2135 N0UY             59  227   CE2FHD           59   85      0
QSO:   28559 PH 2026-03-28 2136 N0UY             59  228   CQ2W             59   2832    0
QSO:   28570 PH 2026-03-28 2138 N0UY             59  229   P43L             59   772     0
QSO:   28572 PH 2026-03-28 2138 N0UY             59  230   CX8DS            59   251     0
QSO:   28575 PH 2026-03-28 2140 N0UY             59  231   LT5V             59   147     0
QSO:   28580 PH 2026-03-28 2141 N0UY             59  232   PU3EMK           59   93      0
QSO:   28583 PH 2026-03-28 2142 N0UY             59  233   CX1AR            59   61      0
QSO:   28590 PH 2026-03-28 2144 N0UY             59  234   LO7H             59   918     0
QSO:   28598 PH 2026-03-28 2145 N0UY             59  235   WT0O             59   696     0
QSO:   28612 PH 2026-03-28 2146 N0UY             59  236   HK1T             59   1933    0
QSO:   28616 PH 2026-03-28 2148 N0UY             59  237   8P5A             59   3896    0
QSO:   28625 PH 2026-03-28 2150 N0UY             59  238   PY2MNL           59   568     0
QSO:   28691 PH 2026-03-28 2154 N0UY             59  239   PY5WR            59   351     0
QSO:   28302 PH 2026-03-28 2159 N0UY             59  240   PY2IB            59   149     0
QSO:   28307 PH 2026-03-28 2159 N0UY             59  241   PY2ZR            59   219     0
QSO:   28310 PH 2026-03-28 2200 N0UY             59  242   PP5DZ            59   599     0
QSO:   28325 PH 2026-03-28 2203 N0UY             59  243   LT1C             59   36      0
QSO:   21200 PH 2026-03-28 2343 N0UY             59  244   9Y4I             59   391     0
QSO:   21235 PH 2026-03-28 2347 N0UY             59  245   VA2WA            59   1495    0
QSO:   21252 PH 2026-03-28 2348 N0UY             59  246   KA4RRU           59   897     0
QSO:   21258 PH 2026-03-28 2349 N0UY             59  247   KY0W             59   376     0
QSO:   21268 PH 2026-03-28 2350 N0UY             59  248   NT5V             59   934     0
QSO:   21277 PH 2026-03-28 2353 N0UY             59  249   HQ9UM            59   2295    0
QSO:   21290 PH 2026-03-28 2354 N0UY             59  250   TI7W             59   3048    0
QSO:   21295 PH 2026-03-28 2355 N0UY             59  251   N6JW             59   461     0
QSO:   21303 PH 2026-03-28 2356 N0UY             59  252   AA5Z             59   945     0
QSO:   21307 PH 2026-03-28 2358 N0UY             59  253   CX5D             59   1405    0
QSO:   21335 PH 2026-03-29 0000 N0UY             59  254   PJ2T             59   1887    0
QSO:   21342 PH 2026-03-29 0002 N0UY             59  255   JJ0VNR           59   1116    0
QSO:   21348 PH 2026-03-29 0003 N0UY             59  256   8P2F             59   240     0
QSO:   21356 PH 2026-03-29 0004 N0UY             59  257   KK5TY            59   359     0
QSO:   21405 PH 2026-03-29 0007 N0UY             59  258   BY4SZ            59   1258    0
QSO:   21415 PH 2026-03-29 0009 N0UY             59  259   JL3VUR/3         59   546     0
QSO:   21419 PH 2026-03-29 0010 N0UY             59  260   KK4PJ            59   559     0
QSO:   21426 PH 2026-03-29 0011 N0UY             59  261   JH4UYB           59   1187    0
QSO:   21440 PH 2026-03-29 0012 N0UY             59  262   JI7GBI           59   103     0
QSO:   21232 PH 2026-03-29 0015 N0UY             59  263   HI3LT            59   707     0
QSO:   21253 PH 2026-03-29 0018 N0UY             59  264   VR2VRC           59   625     0
QSO:   21258 PH 2026-03-29 0022 N0UY             59  265   K6UN             59   205     0
QSO:   21340 PH 2026-03-29 0029 N0UY             59  266   N6OKU            59   302     0
QSO:   14150 PH 2026-03-29 0032 N0UY             59  267   WX3B             59   976     0
QSO:   14156 PH 2026-03-29 0032 N0UY             59  268   CQ3T             59   1587    0
QSO:   14169 PH 2026-03-29 0034 N0UY             59  269   AC6ZM            59   171     0
QSO:   14183 PH 2026-03-29 0035 N0UY             59  270   4M4K             59   603     0
QSO:   14190 PH 2026-03-29 0037 N0UY             59  271   WS9M             59   590     0
QSO:   14194 PH 2026-03-29 0038 N0UY             59  272   KN2M             59   1241    0
QSO:   14205 PH 2026-03-29 0040 N0UY             59  273   PW2K             59   872     0
QSO:   14213 PH 2026-03-29 0042 N0UY             59  274   NT5V             59   1037    0
QSO:   14219 PH 2026-03-29 0043 N0UY             59  275   NR0Q             59   241     0
QSO:   14222 PH 2026-03-29 0044 N0UY             59  276   AD4TR            59   2010    0
QSO:   14281 PH 2026-03-29 0051 N0UY             59  277   WA7TT            59   339     0
QSO:   14294 PH 2026-03-29 0053 N0UY             59  278   WC8VOA           59   221     0
QSO:   14299 PH 2026-03-29 0054 N0UY             59  279   AB5SE            59   68      0
QSO:   14327 PH 2026-03-29 0057 N0UY             59  280   4U1WB            59   500     0
QSO:   14335 PH 2026-03-29 0058 N0UY             59  281   PY2MP            59   2017    0
QSO:   14338 PH 2026-03-29 0059 N0UY             59  282   3G3W             59   1413    0
QSO:   14343 PH 2026-03-29 0100 N0UY             59  283   HC2PY            59   694     0
QSO:   14154 PH 2026-03-29 1257 N0UY             59  284   K5TR             59   730     0
QSO:   14165 PH 2026-03-29 1258 N0UY             59  285   ES3V             59   875     0
QSO:   14169 PH 2026-03-29 1259 N0UY             59  286   NN3W             59   532     0
QSO:   14212 PH 2026-03-29 1306 N0UY             59  287   W4NYY            59   312     0
QSO:   14214 PH 2026-03-29 1307 N0UY             59  288   AA5Z             59   1318    0
QSO:   14236 PH 2026-03-29 1308 N0UY             59  289   N4XL             59   592     0
QSO:   14251 PH 2026-03-29 1310 N0UY             59  290   RU1A             59   4989    0
QSO:   14254 PH 2026-03-29 1311 N0UY             59  291   KD2TT            59   680     0
QSO:   14258 PH 2026-03-29 1316 N0UY             59  292   HA8A             59   2088    0
QSO:   14264 PH 2026-03-29 1317 N0UY             59  293   AD5A             59   898     0
QSO:   14267 PH 2026-03-29 1318 N0UY             59  294   VK4A             59   2644    0
QSO:   14280 PH 2026-03-29 1320 N0UY             59  295   N3QE             59   1905    0
QSO:   14290 PH 2026-03-29 1325 N0UY             59  296   VL4A             59   686     0
QSO:   14327 PH 2026-03-29 1336 N0UY             59  297   TM5C             59   2289    0
QSO:   14330 PH 2026-03-29 1337 N0UY             59  298   N3FJP            59   759     0
QSO:   14155 PH 2026-03-29 1340 N0UY             59  299   CG9T             59   1566    0
QSO:   14158 PH 2026-03-29 1342 N0UY             59  300   VK6T             59   108     0
QSO:   14166 PH 2026-03-29 1344 N0UY             59  301   NM1JY            59   539     0
QSO:   21215 PH 2026-03-29 1349 N0UY             59  302   3G2S             59   1886    0
QSO:   21228 PH 2026-03-29 1351 N0UY             59  303   AI5IN            59   54      0
QSO:   21245 PH 2026-03-29 1353 N0UY             59  304   K5MV             59   164     0
QSO:   21261 PH 2026-03-29 1356 N0UY             59  305   EA8KR            59   660     0
QSO:   21262 PH 2026-03-29 1357 N0UY             59  306   XE1CQ            59   851     0
QSO:   21316 PH 2026-03-29 1400 N0UY             59  307   J62K             59   1687    0
QSO:   21323 PH 2026-03-29 1402 N0UY             59  308   P49Y             59   3125    0
QSO:   21338 PH 2026-03-29 1405 N0UY             59  309   WA5JMZ           59   440     0
QSO:   21403 PH 2026-03-29 1412 N0UY             59  310   PZ5TW            59   1125    0
QSO:   21442 PH 2026-03-29 1413 N0UY             59  311   AA4NC            59   1895    0
QSO:   21220 PH 2026-03-29 1654 N0UY             59  312   CF3A             59   3016    0
QSO:   21226 PH 2026-03-29 1655 N0UY             59  313   N6AR             59   1731    0
QSO:   21268 PH 2026-03-29 1658 N0UY             59  314   VP2MPN           59   164     0
QSO:   21352 PH 2026-03-29 1704 N0UY             59  315   NR6O             59   1340    0
QSO:   28322 PH 2026-03-29 1710 N0UY             59  316   LW5DT            59   671     0
QSO:   28367 PH 2026-03-29 1713 N0UY             59  317   3G2S             59   2114    0
QSO:   28373 PH 2026-03-29 1716 N0UY             59  318   VA3LR            59   1225    0
QSO:   28384 PH 2026-03-29 1717 N0UY             59  319   TI7W             59   4471    0
QSO:   28392 PH 2026-03-29 1720 N0UY             59  320   TI2OY            59   1486    0
QSO:   28395 PH 2026-03-29 1721 N0UY             59  321   KW7MM            59   2034    0
QSO:   28400 PH 2026-03-29 1722 N0UY             59  322   YV5ALI           59   257     0
QSO:   21231 PH 2026-03-29 1727 N0UY             59  323   KD7ND            59   947     0
QSO:   21240 PH 2026-03-29 1728 N0UY             59  324   KD0BTO           59   1764    0
QSO:   21255 PH 2026-03-29 1735 N0UY             59  325   CG3T             59   2252    0
QSO:   21269 PH 2026-03-29 1738 N0UY             59  326   K7JQ             59   321     0
QSO:   14179 PH 2026-03-29 1744 N0UY             59  327   KS7T             59   456     0
QSO:   14186 PH 2026-03-29 1745 N0UY             59  328   WV4P             59   1720    0
QSO:   14201 PH 2026-03-29 1747 N0UY             59  329   IW2HAJ           59   3009    0
QSO:   14204 PH 2026-03-29 1748 N0UY             59  330   IK1PMR           59   1135    0
QSO:   14207 PH 2026-03-29 1749 N0UY             59  331   HA3DX            59   2878    0
QSO:   14236 PH 2026-03-29 1755 N0UY             59  332   OL5G             59   427     0
QSO:   14238 PH 2026-03-29 1755 N0UY             59  333   VE6TY            59   323     0
QSO:   14242 PH 2026-03-29 1757 N0UY             59  334   DL4VK            59   1464    0
QSO:   14243 PH 2026-03-29 1758 N0UY             59  335   VE7SAR           59   492     0
QSO:   14249 PH 2026-03-29 1800 N0UY             59  336   OT7Q             59   2019    0
QSO:   14253 PH 2026-03-29 1802 N0UY             59  337   NR6O             59   1375    0
QSO:   14269 PH 2026-03-29 1804 N0UY             59  338   DR1A             59   2014    0
QSO:   14274 PH 2026-03-29 1806 N0UY             59  339   9A1RBZ           59   1494    0
QSO:   14286 PH 2026-03-29 1809 N0UY             59  340   RL3A             59   5522    0
QSO:   14298 PH 2026-03-29 1813 N0UY             59  341   S51DX            59   517     0
QSO:   14303 PH 2026-03-29 1816 N0UY             59  342   OM7M             59   1434    0
QSO:   14313 PH 2026-03-29 1818 N0UY             59  343   9A73P            59   2116    0
QSO:   14318 PH 2026-03-29 1819 N0UY             59  344   3Z77D            59   3085    0
QSO:   14322 PH 2026-03-29 1820 N0UY             59  345   IB9T             59   4196    0
QSO:   14324 PH 2026-03-29 1821 N0UY             59  346   UW5Y             59   3001    0
QSO:   14330 PH 2026-03-29 1822 N0UY             59  347   S50W             59   1236    0
QSO:   14335 PH 2026-03-29 1824 N0UY             59  348   IP4M             59   2588    0
QSO:   28365 PH 2026-03-29 1835 N0UY             59  349   9Z4BM            59   2416    0
QSO:   28401 PH 2026-03-29 1840 N0UY             59  350   WA1F             59   494     0
QSO:   28418 PH 2026-03-29 1841 N0UY             59  351   WK7S             59   1009    0
QSO:   28430 PH 2026-03-29 1844 N0UY             59  352   LT4I             59   677     0
QSO:   28435 PH 2026-03-29 1845 N0UY             59  353   3G3W             59   2224    0
QSO:   28449 PH 2026-03-29 1847 N0UY             59  354   PJ2T             59   3125    0
QSO:   28453 PH 2026-03-29 1858 N0UY             59  355   4T4O             59   1091    0
QSO:   28456 PH 2026-03-29 1859 N0UY             59  356   J62K             59   1842    0
QSO:   28460 PH 2026-03-29 1900 N0UY             59  357   XE1CQ            59   1315    0
QSO:   28475 PH 2026-03-29 1901 N0UY             59  358   K1LZ             59   4699    0
QSO:   28485 PH 2026-03-29 1906 N0UY             59  359   5K3D             59   414     0
QSO:   28489 PH 2026-03-29 1907 N0UY             59  360   WS4K             59   1268    0
QSO:   28493 PH 2026-03-29 1907 N0UY             59  361   PU2KNM           59   40      0
QSO:   28501 PH 2026-03-29 1909 N0UY             59  362   PZ5DX            59   3972    0
QSO:   28525 PH 2026-03-29 1910 N0UY             59  363   PY2CHS           59   275     0
QSO:   28530 PH 2026-03-29 1911 N0UY             59  364   PY4KU            59   98      0
QSO:   28536 PH 2026-03-29 1912 N0UY             59  365   PJ7AA            59   955     0
QSO:   28539 PH 2026-03-29 1913 N0UY             59  366   CE3TL            59   313     0
QSO:   28561 PH 2026-03-29 1916 N0UY             59  367   PV8AJ            59   131     0
QSO:   28565 PH 2026-03-29 1917 N0UY             59  368   LW9HZI           59   187     0
QSO:   28578 PH 2026-03-29 1919 N0UY             59  369   LU1XAV           59   207     0
QSO:   28610 PH 2026-03-29 1922 N0UY             59  370   PV2P             59   1284    0
QSO:   28619 PH 2026-03-29 1923 N0UY             59  371   TI1I             59   1058    0
QSO:   28663 PH 2026-03-29 1926 N0UY             59  372   PP5RB            59   185     0
QSO:   28308 PH 2026-03-29 2119 N0UY             59  373   ZF2KT            59   3745    0
QSO:   28334 PH 2026-03-29 2121 N0UY             59  374   PY4BAL           59   414     0
QSO:   28337 PH 2026-03-29 2122 N0UY             59  375   PT9TI            59   338     0
QSO:   28345 PH 2026-03-29 2123 N0UY             59  376   XE1CKJ           59   415     0
QSO:   28355 PH 2026-03-29 2124 N0UY             59  377   LT6T             59   1118    0
QSO:   21207 PH 2026-03-29 2130 N0UY             59  378   AJ6V             59   470     0
QSO:   21212 PH 2026-03-29 2131 N0UY             59  379   PT1M             59   1785    0
QSO:   21227 PH 2026-03-29 2133 N0UY             59  380   NU5DE            59   553     0
QSO:   21230 PH 2026-03-29 2133 N0UY             59  381   VA7XU            59   175     0
QSO:   21243 PH 2026-03-29 2135 N0UY             59  382   KM9P             59   2595    0
QSO:   21245 PH 2026-03-29 2136 N0UY             59  383   W3LL             59   592     0
QSO:   21248 PH 2026-03-29 2136 N0UY             59  384   KI6FE            59   622     0
QSO:   21252 PH 2026-03-29 2138 N0UY             59  385   N5RZ             59   545     0
QSO:   21267 PH 2026-03-29 2140 N0UY             59  386   AD4TR            59   2969    0
QSO:   21269 PH 2026-03-29 2141 N0UY             59  387   KE2AY            59   1119    0
QSO:   21288 PH 2026-03-29 2143 N0UY             59  388   HD8R             59   5293    0
QSO:   21304 PH 2026-03-29 2146 N0UY             59  389   WM7A             59   877     0
QSO:   21308 PH 2026-03-29 2147 N0UY             59  390   JI1PUC           59   1026    0
QSO:   21328 PH 2026-03-29 2150 N0UY             59  391   FY5KE            59   2135    0
QSO:   21335 PH 2026-03-29 2151 N0UY             59  392   WQ5L             59   343     0
QSO:   21338 PH 2026-03-29 2153 N0UY             59  393   8P6NW            59   287     0
QSO:   21358 PH 2026-03-29 2158 N0UY             59  394   PY2PPZ           59   397     0
QSO:   21361 PH 2026-03-29 2159 N0UY             59  395   JH4UTP           59   87      0
QSO:   21368 PH 2026-03-29 2200 N0UY             59  396   4U1WB            59   816     0
QSO:   21374 PH 2026-03-29 2201 N0UY             59  397   NH8S             59   1767    0
QSO:   21378 PH 2026-03-29 2203 N0UY             59  398   WZ4F             59   3080    0
QSO:   21386 PH 2026-03-29 2204 N0UY             59  399   JH7QXJ           59   938     0
QSO:   21394 PH 2026-03-29 2207 N0UY             59  400   LW1D             59   19      0
END-OF-LOG:
