START-OF-LOG: 3.0
CONTEST: CQ-WPX-SSB
CALLSIGN: PG5X
LOCATION: DX
CATEGORY-OPERATOR: SINGLE-OP
CATEGORY-ASSISTED: NON-ASSISTED
CATEGORY-BAND: ALL
CATEGORY-POWER: LOW
CATEGORY-MODE: SSB
CATEGORY-TRANSMITTER: ONE
CATEGORY-STATION: FIXED
CATEGORY-OVERLAY:
GRID-LOCATOR: JO21OI
CLAIMED-SCORE: 20140
NAME: Rens Wouterse
OPERATORS: PG5X
CREATED-BY: N1MM Logger+ 1.0.11154.0
QSO:   14268 PH 2026-03-28 1456 PG5X             59  0001  IP4M             59   1062     
QSO:   14179 PH 2026-03-28 1459 PG5X             59  0002  YU5M             59   0483     
QSO:   14165 PH 2026-03-28 1501 PG5X             59  0003  OM0WR            59   0382     
QSO:   14167 PH 2026-03-28 1518 PG5X             59  0004  II9P             59   0786     
QSO:   21185 PH 2026-03-28 1643 PG5X             59  0005  I8KHC            59   0666     
QSO:   21235 PH 2026-03-28 1645 PG5X             59  0006  II9P             59   0672     
QSO:   14204 PH 2026-03-28 1748 PG5X             59  0007  P3CR             59   0609     
QSO:   14214 PH 2026-03-28 1749 PG5X             59  0008  IQ8BB            59   0942     
QSO:   14286 PH 2026-03-28 1751 PG5X             59  0009  YP8T             59   1117     
QSO:   14195 PH 2026-03-28 1753 PG5X             59  0010  HG3T             59   0163     
QSO:    7102 PH 2026-03-28 1759 PG5X             59  0011  YR100RC          59   0838     
QSO:    7100 PH 2026-03-28 1803 PG5X             59  0012  PA5CA            59   0210     
QSO:    7117 PH 2026-03-28 1807 PG5X             59  0013  HG5A             59   1017     
QSO:    7133 PH 2026-03-28 1809 PG5X             59  0014  S51CK            59   0885     
QSO:    7159 PH 2026-03-28 1814 PG5X             59  0015  SP8R             59   0804     
QSO:    7171 PH 2026-03-28 1817 PG5X             59  0016  ON4CJK           59   1021     
QSO:   21254 PH 2026-03-29 1057 PG5X             59  0017  LZ25W            59   1566     
QSO:   21273 PH 2026-03-29 1058 PG5X             59  0018  IT9STX           59   1513     
QSO:   21320 PH 2026-03-29 1100 PG5X             59  0019  UI5R             59   1342     
QSO:   21400 PH 2026-03-29 1102 PG5X             59  0020  UW7Q             59   0477     
QSO:   21207 PH 2026-03-29 1106 PG5X             59  0021  II8K             59   3340     
QSO:   21246 PH 2026-03-29 1116 PG5X             59  0022  RA3OA            59   0822     
QSO:   21334 PH 2026-03-29 1117 PG5X             59  0023  LZ2AO            59   1154     
QSO:   21203 PH 2026-03-29 1119 PG5X             59  0024  IT9FRX           59   0777     
QSO:   21179 PH 2026-03-29 1128 PG5X             59  0025  RU3A             59   0987     
QSO:   21166 PH 2026-03-29 1130 PG5X             59  0026  SZ40A            59   0807     
QSO:   14321 PH 2026-03-29 1132 PG5X             59  0027  IQ6JU            59   1554     
QSO:   14278 PH 2026-03-29 1135 PG5X             59  0028  HG5E             59   1918     
QSO:   14260 PH 2026-03-29 1138 PG5X             59  0029  E70T             59   0134     
QSO:   14236 PH 2026-03-29 1141 PG5X             59  0030  YT2ISM           59   0861     
QSO:   14198 PH 2026-03-29 1144 PG5X             59  0031  IW2HAJ           59   2407     
QSO:   14195 PH 2026-03-29 1146 PG5X             59  0032  UB7B             59   0966     
QSO:   14178 PH 2026-03-29 1148 PG5X             59  0033  YP7P             59   1968     
QSO:   14161 PH 2026-03-29 1205 PG5X             59  0034  IB4X             59   0656     
QSO:   14151 PH 2026-03-29 1207 PG5X             59  0035  ED2R             59   0549     
QSO:   14137 PH 2026-03-29 1209 PG5X             59  0036  OM7M             59   1342     
QSO:   14134 PH 2026-03-29 1210 PG5X             59  0037  YT8A             59   1261     
QSO:   14129 PH 2026-03-29 1213 PG5X             59  0038  YT1T             59   0762     
QSO:   14125 PH 2026-03-29 1214 PG5X             59  0039  HA0HV            59   0077     
QSO:   14120 PH 2026-03-29 1218 PG5X             59  0040  UT0ZT            59   0342     
QSO:   14256 PH 2026-03-29 1222 PG5X             59  0041  OK5Z             59   2938     
QSO:   14283 PH 2026-03-29 1225 PG5X             59  0042  3Z77D            59   2715     
QSO:   14286 PH 2026-03-29 1227 PG5X             59  0043  SP8R             59   2434     
QSO:   14301 PH 2026-03-29 1229 PG5X             59  0044  SP5C             59   1985     
QSO:   14305 PH 2026-03-29 1233 PG5X             59  0045  ES9C             59   3179     
QSO:   14312 PH 2026-03-29 1235 PG5X             59  0046  HG0R             59   1297     
QSO:   14329 PH 2026-03-29 1236 PG5X             59  0047  YO9HP            59   0951     
QSO:   21157 PH 2026-03-29 1238 PG5X             59  0048  RW3DU            59   0560     
QSO:   21172 PH 2026-03-29 1242 PG5X             59  0049  UT3EV            59   0817     
QSO:   21200 PH 2026-03-29 1244 PG5X             59  0050  RM3F             59   1818     
QSO:   21216 PH 2026-03-29 1247 PG5X             59  0051  UA9LAO           59   0465     
QSO:   21250 PH 2026-03-29 1249 PG5X             59  0052  UN4Q             59   1838     
QSO:   21263 PH 2026-03-29 1250 PG5X             59  0053  YU9A             59   2050     
QSO:   21303 PH 2026-03-29 1257 PG5X             59  0054  YT9X             59   1640     
QSO:   28353 PH 2026-03-29 1308 PG5X             59  0055  TA0S             59   0481     
QSO:   28386 PH 2026-03-29 1310 PG5X             59  0056  C4E              59   3606     
QSO:   28477 PH 2026-03-29 1313 PG5X             59  0057  CN3A             59   3089     
QSO:    7117 PH 2026-03-29 1318 PG5X             59  0058  OT5A             59   1437     
QSO:    7165 PH 2026-03-29 1322 PG5X             59  0059  LZ25W            59   1829     
QSO:    7156 PH 2026-03-29 1324 PG5X             59  0060  OO7J             59   0236     
QSO:    7168 PH 2026-03-29 1327 PG5X             59  0061  DR1A             59   2071     
QSO:    7177 PH 2026-03-29 1330 PG5X             59  0062  DH6DAO           59   0183     
QSO:   28586 PH 2026-03-29 1341 PG5X             59  0063  TA6B             59   0530     
QSO:   28547 PH 2026-03-29 1344 PG5X             59  0064  YM4KU            59   0326     
QSO:   28532 PH 2026-03-29 1347 PG5X             59  0065  7A1A             59   0470     
QSO:   28461 PH 2026-03-29 1351 PG5X             59  0066  OT7Q             59   1739     
QSO:   28442 PH 2026-03-29 1353 PG5X             59  0067  SX5P             59   0912     
QSO:   14122 PH 2026-03-29 1400 PG5X             59  0068  HA8TA            59   1025     
QSO:   14130 PH 2026-03-29 1402 PG5X             59  0069  E74E             59   1197     
QSO:   14136 PH 2026-03-29 1403 PG5X             59  0070  IK6QRH           59   0390     
QSO:   14147 PH 2026-03-29 1407 PG5X             59  0071  E75RKM           59   0086     
QSO:   14151 PH 2026-03-29 1415 PG5X             59  0072  UZ7C             59   2479     
QSO:   14163 PH 2026-03-29 1416 PG5X             59  0073  OL7T             59   1132     
QSO:   14173 PH 2026-03-29 1418 PG5X             59  0074  TA3T             59   2367     
QSO:   14187 PH 2026-03-29 1420 PG5X             59  0075  UZ0U             59   0825     
QSO:   14219 PH 2026-03-29 1422 PG5X             59  0076  YT9X             59   2101     
QSO:   14237 PH 2026-03-29 1423 PG5X             59  0077  HZ1TT            59   1644     
QSO:   14247 PH 2026-03-29 1425 PG5X             59  0078  LZ25W            59   2536     
QSO:   14262 PH 2026-03-29 1427 PG5X             59  0079  LY7J             59   1982     
QSO:   14313 PH 2026-03-29 1432 PG5X             59  0080  9A73P            59   1956     
QSO:   14316 PH 2026-03-29 1433 PG5X             59  0081  SX5P             59   1019     
QSO:   14324 PH 2026-03-29 1434 PG5X             59  0082  YP0C             59   1662     
QSO:   14337 PH 2026-03-29 1436 PG5X             59  0083  S51FB            59   0875     
QSO:    7120 PH 2026-03-29 1438 PG5X             59  0084  OE5OHO           59   0063     
QSO:    7123 PH 2026-03-29 1447 PG5X             59  0085  PI4X             59   0097     
QSO:    7127 PH 2026-03-29 1451 PG5X             59  0086  DP5A             59   0110     
QSO:    7135 PH 2026-03-29 1453 PG5X             59  0087  DH8BQA           59   1084     
QSO:    7142 PH 2026-03-29 1457 PG5X             59  0088  HA2KMR           59   0967     
QSO:    7163 PH 2026-03-29 1501 PG5X             59  0089  MX4Y             59   1042     
QSO:    7177 PH 2026-03-29 1503 PG5X             59  0090  DL3SKF           59   0493     
QSO:    7181 PH 2026-03-29 1507 PG5X             59  0091  OT7Q             59   1792     
QSO:    7187 PH 2026-03-29 1509 PG5X             59  0092  LY4A             59   2078     
QSO:    7196 PH 2026-03-29 1511 PG5X             59  0093  9A73P            59   2127     
QSO:    7086 PH 2026-03-29 1514 PG5X             59  0094  OL9R             59   1484     
QSO:    7113 PH 2026-03-29 1516 PG5X             59  0095  SO2T             59   1557     
QSO:   14349 PH 2026-03-29 1519 PG5X             59  0096  LZ2ES            59   0423     
QSO:   14143 PH 2026-03-29 1521 PG5X             59  0097  YR100RC          59   1892     
QSO:   14151 PH 2026-03-29 1523 PG5X             59  0098  IO9J             59   0585     
QSO:   14169 PH 2026-03-29 1524 PG5X             59  0099  OM3CW            59   0572     
QSO:   14184 PH 2026-03-29 1528 PG5X             59  0100  9A3YT            59   0981     
QSO:   14207 PH 2026-03-29 1541 PG5X             59  0101  UT5EL            59   1939     
QSO:   14214 PH 2026-03-29 1545 PG5X             59  0102  RA9SDT           59   0967     
QSO:   14221 PH 2026-03-29 1547 PG5X             59  0103  LZ5R             59   4609     
QSO:   14233 PH 2026-03-29 1551 PG5X             59  0104  HA5JI            59   3376     
QSO:   14257 PH 2026-03-29 1553 PG5X             59  0105  9A8DX            59   1506     
QSO:   14290 PH 2026-03-29 1556 PG5X             59  0106  HA8LNN           59   0105     
QSO:   14320 PH 2026-03-29 1559 PG5X             59  0107  UW7Q             59   0278     
QSO:    7104 PH 2026-03-29 1603 PG5X             59  0108  9A4V             59   1458     
QSO:    7131 PH 2026-03-29 1607 PG5X             59  0109  M1T              59   1384     
QSO:    7149 PH 2026-03-29 1611 PG5X             59  0110  TM4V             59   0958     
QSO:    7193 PH 2026-03-29 1620 PG5X             59  0111  IQ4RN            59   0342     
QSO:    3765 PH 2026-03-29 1624 PG5X             59  0112  DR1A             59   1189     
QSO:    3696 PH 2026-03-29 1632 PG5X             59  0113  SN3U             59   0528     
QSO:    3773 PH 2026-03-29 1636 PG5X             59  0114  OT5A             59   0810     
QSO:    3755 PH 2026-03-29 1646 PG5X             59  0115  OL9R             59   1528     
QSO:    3707 PH 2026-03-29 1650 PG5X             59  0116  OK6T             59   0749     
QSO:    7088 PH 2026-03-29 1654 PG5X             59  0117  S58W             59   1095     
QSO:    7098 PH 2026-03-29 1657 PG5X             59  0118  DA0T             59   2153     
QSO:    7155 PH 2026-03-29 1704 PG5X             59  0119  SP7AS            59   0833     
QSO:    7172 PH 2026-03-29 1713 PG5X             59  0120  RC5Z             59   1214     
QSO:    3670 PH 2026-03-29 1718 PG5X             59  0121  S55BA            59   0415     
QSO:    3751 PH 2026-03-29 1724 PG5X             59  0122  9A1CCY           59   1043     
QSO:    3789 PH 2026-03-29 1725 PG5X             59  0123  OL6N             59   0677     
QSO:    3728 PH 2026-03-29 1729 PG5X             59  0124  LY7Z             59   0652     
QSO:    3718 PH 2026-03-29 1736 PG5X             59  0125  9A73P            59   0875     
QSO:    3756 PH 2026-03-29 1743 PG5X             59  0126  OL5J             59   0503     
END-OF-LOG:
