START-OF-LOG: 3.0
CONTEST: CQ-WPX-SSB
CALLSIGN: SQ3HLB
LOCATION: DX
CATEGORY-OPERATOR: SINGLE-OP
CATEGORY-ASSISTED: ASSISTED
CATEGORY-BAND: ALL
CATEGORY-POWER: LOW
CATEGORY-MODE: SSB
CATEGORY-TRANSMITTER: ONE
CATEGORY-STATION: FIXED
CATEGORY-OVERLAY:
GRID-LOCATOR: jo72qt
CLAIMED-SCORE:
NAME: Jacek Billewicz
OPERATORS: SQ3HLB
CREATED-BY: CQ-WPX Adif Converter [N1MMLogger.net]
QSO:    7058 PH 2026-03-28 0559 SQ3HLB           59  1     TI7W             59   1238     
QSO:    7060 PH 2026-03-28 0559 SQ3HLB           59  2     E77EA            59   166      
QSO:    7066 PH 2026-03-28 0601 SQ3HLB           59  3     UR2Y             59   401      
QSO:    7070 PH 2026-03-28 0602 SQ3HLB           59  4     LY4L             59   502      
QSO:    7073 PH 2026-03-28 0602 SQ3HLB           59  5     IO5F             59   349      
QSO:    7096 PH 2026-03-28 0604 SQ3HLB           59  6     OE2S             59   66       
QSO:    7100 PH 2026-03-28 0605 SQ3HLB           59  7     HG7T             59   355      
QSO:    7110 PH 2026-03-28 0606 SQ3HLB           59  8     IW2HAJ           59   561      
QSO:    7111 PH 2026-03-28 0607 SQ3HLB           59  9     YP8T             59   375      
QSO:    7115 PH 2026-03-28 0608 SQ3HLB           59  10    S57O             59   94       
QSO:    7122 PH 2026-03-28 0609 SQ3HLB           59  11    DK9BM            59   28       
QSO:    7125 PH 2026-03-28 0610 SQ3HLB           59  12    ON4CJK           59   235      
QSO:    7129 PH 2026-03-28 0611 SQ3HLB           59  13    DA0BCC           59   263      
QSO:    7139 PH 2026-03-28 0614 SQ3HLB           59  14    UZ7C             59   449      
QSO:    7157 PH 2026-03-28 0616 SQ3HLB           59  15    IP2A             59   692      
QSO:    7175 PH 2026-03-28 0617 SQ3HLB           59  16    IO6T             59   761      
QSO:   21214 PH 2026-03-28 0625 SQ3HLB           59  17    P3CR             59   106      
QSO:   21220 PH 2026-03-28 0626 SQ3HLB           59  18    4X6TT            59   177      
QSO:   14153 PH 2026-03-28 0632 SQ3HLB           59  19    4X7M             59   377      
QSO:   14164 PH 2026-03-28 0633 SQ3HLB           59  20    TC1A             59   96       
QSO:   14207 PH 2026-03-28 0742 SQ3HLB           59  21    SV9FBG           59   227      
QSO:   14214 PH 2026-03-28 0744 SQ3HLB           59  22    IK8BB            59   88       
QSO:   14234 PH 2026-03-28 0745 SQ3HLB           59  23    EI7M             59   464      
QSO:   14245 PH 2026-03-28 0748 SQ3HLB           59  24    CQ9A             59   1053     
QSO:   14265 PH 2026-03-28 0750 SQ3HLB           59  25    SX3S             59   364      
QSO:   14268 PH 2026-03-28 0752 SQ3HLB           59  26    SV2HJQ           59   385      
QSO:   14271 PH 2026-03-28 0753 SQ3HLB           59  27    V26K             59   1130     
QSO:   14307 PH 2026-03-28 0755 SQ3HLB           59  28    CN3A             59   1182     
QSO:   14326 PH 2026-03-28 0757 SQ3HLB           59  29    TM5C             59   476      
QSO:   14332 PH 2026-03-28 0758 SQ3HLB           59  30    TI1T             59   936      
QSO:   21150 PH 2026-03-28 0801 SQ3HLB           59  31    UA9MA            59   283      
QSO:   21202 PH 2026-03-28 0805 SQ3HLB           59  32    RA9Y             59   590      
QSO:   21234 PH 2026-03-28 1118 SQ3HLB           59  33    4L8A             59   48       
QSO:   21242 PH 2026-03-28 1119 SQ3HLB           59  34    EA3AR            59   358      
QSO:   21252 PH 2026-03-28 1120 SQ3HLB           59  35    EA2EWL           59   179      
QSO:   21264 PH 2026-03-28 1121 SQ3HLB           59  36    EA1L             59   920      
QSO:   21270 PH 2026-03-28 1122 SQ3HLB           59  37    CR5L             59   203      
QSO:   21273 PH 2026-03-28 1139 SQ3HLB           59  38    EC6DX            59   212      
QSO:   21170 PH 2026-03-28 1655 SQ3HLB           59  39    9H6A             59   676      
QSO:   21159 PH 2026-03-28 1940 SQ3HLB           59  40    PW2K             59   691      
QSO:   21168 PH 2026-03-28 1942 SQ3HLB           59  41    CG3T             59   1151     
QSO:   21170 PH 2026-03-28 1943 SQ3HLB           59  42    CF3A             59   1748     
QSO:   21181 PH 2026-03-28 1944 SQ3HLB           59  43    V47T             59   3359     
QSO:   21186 PH 2026-03-28 1945 SQ3HLB           59  44    P45A             59   1383     
QSO:   21212 PH 2026-03-28 1954 SQ3HLB           59  45    CV6T             59   730      
QSO:   21190 PH 2026-03-28 1956 SQ3HLB           59  46    LS4F             59   142      
QSO:   21257 PH 2026-03-28 2001 SQ3HLB           59  47    HD8R             59   2681     
QSO:   21303 PH 2026-03-28 2004 SQ3HLB           59  48    HI3LT            59   555      
QSO:   21316 PH 2026-03-28 2011 SQ3HLB           59  49    NL7WA            59   1264     
QSO:   21252 PH 2026-03-28 2018 SQ3HLB           59  50    LP1H             59   1888     
QSO:   21269 PH 2026-03-28 2021 SQ3HLB           59  51    LT7L             59   559      
QSO:   14135 PH 2026-03-28 2042 SQ3HLB           59  52    VO1CH            59   253      
QSO:    7081 PH 2026-03-28 2048 SQ3HLB           59  53    PI4RS            59   515      
QSO:    7152 PH 2026-03-28 2049 SQ3HLB           59  54    UP0L             59   1769     
QSO:    7137 PH 2026-03-28 2050 SQ3HLB           59  55    EA8BS            59   536      
QSO:    7109 PH 2026-03-28 2051 SQ3HLB           59  56    RU1A             59   3422     
QSO:    7123 PH 2026-03-28 2056 SQ3HLB           59  57    UN9L             59   1994     
QSO:    7055 PH 2026-03-28 2354 SQ3HLB           59  58    UN3J             59   672      
QSO:    7057 PH 2026-03-28 2355 SQ3HLB           59  59    8P5A             59   4263     
QSO:    7065 PH 2026-03-28 2358 SQ3HLB           59  60    ED5O             59   1656     
QSO:    7088 PH 2026-03-28 2359 SQ3HLB           59  61    Z32TO            59   636      
QSO:    7118 PH 2026-03-29 0004 SQ3HLB           59  62    4O3A             59   1640     
QSO:    7123 PH 2026-03-29 0006 SQ3HLB           59  63    SZ40A            59   535      
QSO:    7129 PH 2026-03-29 0007 SQ3HLB           59  64    TC3W             59   1479     
QSO:    7157 PH 2026-03-29 0012 SQ3HLB           59  65    CR6P             59   1536     
QSO:    7164 PH 2026-03-29 0014 SQ3HLB           59  66    LZ5R             59   3209     
QSO:    7199 PH 2026-03-29 0016 SQ3HLB           59  67    LZ25W            59   1407     
QSO:    7130 PH 2026-03-29 0021 SQ3HLB           59  68    IP0A             59   2082     
QSO:    7082 PH 2026-03-29 0829 SQ3HLB           59  69    HA6PJ            59   535      
QSO:    7099 PH 2026-03-29 0831 SQ3HLB           59  70    SQ8MZW           59   213      
QSO:    7129 PH 2026-03-29 0833 SQ3HLB           59  71    OE3WMA           59   857      
QSO:    7148 PH 2026-03-29 0834 SQ3HLB           59  72    OM7K             59   1518     
QSO:    7155 PH 2026-03-29 0835 SQ3HLB           59  73    OK1DEZ           59   240      
QSO:    7167 PH 2026-03-29 0836 SQ3HLB           59  74    9A4V             59   1426     
QSO:    7187 PH 2026-03-29 0837 SQ3HLB           59  75    OK8JRM           59   847      
QSO:    7193 PH 2026-03-29 0839 SQ3HLB           59  76    HA6KG            59   989      
QSO:    7199 PH 2026-03-29 0840 SQ3HLB           59  77    9A73P            59   1976     
QSO:   14184 PH 2026-03-29 0846 SQ3HLB           59  78    HB9HLM           59   809      
QSO:   14125 PH 2026-03-29 0847 SQ3HLB           59  79    YT8A             59   1036     
QSO:   14154 PH 2026-03-29 0848 SQ3HLB           59  80    YT7X             59   549      
QSO:   14173 PH 2026-03-29 0850 SQ3HLB           59  81    EM0F             59   89       
QSO:   14176 PH 2026-03-29 0851 SQ3HLB           59  82    IS0AFM           59   618      
QSO:   14179 PH 2026-03-29 0852 SQ3HLB           59  83    ED7O             59   2972     
QSO:   14347 PH 2026-03-29 0856 SQ3HLB           59  84    CR3A             59   2563     
QSO:   21190 PH 2026-03-29 0900 SQ3HLB           59  85    UP9L             59   1217     
QSO:   21198 PH 2026-03-29 0901 SQ3HLB           59  86    RG5A             59   1159     
QSO:   21218 PH 2026-03-29 0902 SQ3HLB           59  87    UA4FER           59   1103     
QSO:   21300 PH 2026-03-29 0906 SQ3HLB           59  88    4L5EE            59   228      
QSO:   21411 PH 2026-03-29 0910 SQ3HLB           59  89    IZ8DSX           59   923      
QSO:   21441 PH 2026-03-29 0911 SQ3HLB           59  90    CQ3W             59   3093     
QSO:   28304 PH 2026-03-29 1034 SQ3HLB           59  91    PV2G             59   2565     
QSO:   28338 PH 2026-03-29 1035 SQ3HLB           59  92    JH4UTP           59   718      
QSO:   28347 PH 2026-03-29 1037 SQ3HLB           59  93    PW2K             59   1707     
QSO:   28378 PH 2026-03-29 1040 SQ3HLB           59  94    3W9A             59   1164     
QSO:   28405 PH 2026-03-29 1041 SQ3HLB           59  95    5X2VJ            59   687      
QSO:   28416 PH 2026-03-29 1042 SQ3HLB           59  96    PT5J             59   3253     
QSO:   28425 PH 2026-03-29 1049 SQ3HLB           59  97    ED7R             59   1172     
QSO:   28459 PH 2026-03-29 1051 SQ3HLB           59  98    UN7L             59   3183     
QSO:   28509 PH 2026-03-29 1053 SQ3HLB           59  99    5B4AIF           59   267      
QSO:   28528 PH 2026-03-29 1054 SQ3HLB           59  100   E2A              59   1440     
QSO:   28386 PH 2026-03-29 1122 SQ3HLB           59  101   C4E              59   3325     
QSO:   28371 PH 2026-03-29 1123 SQ3HLB           59  102   UB8A             59   2179     
QSO:   28349 PH 2026-03-29 1123 SQ3HLB           59  103   C4W              59   1010     
QSO:   28340 PH 2026-03-29 1125 SQ3HLB           59  104   AZ1D             59   1991     
QSO:   28318 PH 2026-03-29 1134 SQ3HLB           59  105   CR3A             59   2359     
QSO:   28315 PH 2026-03-29 1136 SQ3HLB           59  106   D4M              59   894      
QSO:   28309 PH 2026-03-29 1137 SQ3HLB           59  107   RF9C             59   475      
QSO:   28452 PH 2026-03-29 1402 SQ3HLB           59  108   LT5H             59   632      
QSO:   28389 PH 2026-03-29 1403 SQ3HLB           59  109   LT6T             59   688      
QSO:   28302 PH 2026-03-29 1408 SQ3HLB           59  110   PY2MP            59   2469     
QSO:   21162 PH 2026-03-29 1411 SQ3HLB           59  111   CT7/VA3FH        59   665      
QSO:   21165 PH 2026-03-29 1411 SQ3HLB           59  112   SZ40A            59   1038     
QSO:   21179 PH 2026-03-29 1412 SQ3HLB           59  113   EA1EC            59   152      
QSO:   21183 PH 2026-03-29 1413 SQ3HLB           59  114   IT9STX           59   1667     
QSO:   21197 PH 2026-03-29 1414 SQ3HLB           59  115   IT9FRX           59   1071     
QSO:   21212 PH 2026-03-29 1414 SQ3HLB           59  116   EA6MR            59   318      
QSO:   21223 PH 2026-03-29 1417 SQ3HLB           59  117   SZ3P             59   950      
QSO:   21254 PH 2026-03-29 1418 SQ3HLB           59  118   IO9R             59   706      
QSO:   21284 PH 2026-03-29 1420 SQ3HLB           59  119   EB5A             59   3114     
QSO:   21339 PH 2026-03-29 1422 SQ3HLB           59  120   SV8IIR           59   423      
QSO:   21359 PH 2026-03-29 1423 SQ3HLB           59  121   CR6T             59   3101     
QSO:   21389 PH 2026-03-29 1427 SQ3HLB           59  122   CT3KN            59   3423     
QSO:   21408 PH 2026-03-29 1428 SQ3HLB           59  123   CN3A             59   3390     
QSO:   21429 PH 2026-03-29 1429 SQ3HLB           59  124   ED7O             59   3509     
QSO:   21446 PH 2026-03-29 1431 SQ3HLB           59  125   EX9A             59   2798     
QSO:   21221 PH 2026-03-29 1527 SQ3HLB           59  126   ED5O             59   2467     
QSO:   21228 PH 2026-03-29 1529 SQ3HLB           59  127   CR6P             59   2554     
QSO:   21230 PH 2026-03-29 1532 SQ3HLB           59  128   EE5SP            59   561      
QSO:   21238 PH 2026-03-29 1532 SQ3HLB           59  129   SX3S             59   1933     
QSO:   21246 PH 2026-03-29 1533 SQ3HLB           59  130   YP8T             59   1627     
QSO:   21280 PH 2026-03-29 1537 SQ3HLB           59  131   AA4V             59   1051     
QSO:   21325 PH 2026-03-29 1541 SQ3HLB           59  132   II9P             59   1910     
QSO:   21332 PH 2026-03-29 1543 SQ3HLB           59  133   ES9C             59   3127     
QSO:   21201 PH 2026-03-29 1830 SQ3HLB           59  134   ED7R             59   1564     
QSO:   21212 PH 2026-03-29 1832 SQ3HLB           59  135   PT1M             59   1640     
QSO:   21256 PH 2026-03-29 1835 SQ3HLB           59  136   EE7P             59   971      
QSO:   14187 PH 2026-03-29 1844 SQ3HLB           59  137   MM9I             59   2078     
QSO:   14300 PH 2026-03-29 1849 SQ3HLB           59  138   EA3CI            59   2022     
QSO:   14349 PH 2026-03-29 1850 SQ3HLB           59  139   ED3D             59   1158     
QSO:    7093 PH 2026-03-29 1854 SQ3HLB           59  140   SJ2W             59   73       
QSO:    7121 PH 2026-03-29 1858 SQ3HLB           59  141   PE1T             59   1957     
QSO:    7135 PH 2026-03-29 1900 SQ3HLB           59  142   IQ5PJ            59   1368     
QSO:    7149 PH 2026-03-29 1903 SQ3HLB           59  143   SP8R             59   1814     
QSO:    7179 PH 2026-03-29 1954 SQ3HLB           59  144   S56NE            59   13       
QSO:    7143 PH 2026-03-29 1958 SQ3HLB           59  145   IZ5ILK           59   817      
QSO:    7140 PH 2026-03-29 1959 SQ3HLB           59  146   YT9X             59   1046     
QSO:    7116 PH 2026-03-29 2001 SQ3HLB           59  147   YU1ZP            59   467      
QSO:    7118 PH 2026-03-29 2003 SQ3HLB           59  148   OM7M             59   1395     
QSO:    7058 PH 2026-03-29 2004 SQ3HLB           59  149   YL2KO            59   1712     
QSO:    7065 PH 2026-03-29 2005 SQ3HLB           59  150   OH2BLV           59   42       
END-OF-LOG:
