START-OF-LOG: 3.0
CREATED-BY: yota-public-qso-downloader
CONTEST: YOTA-CONTEST
CALLSIGN: DL1NEO
CATEGORY-OPERATOR: SINGLE-OP
CATEGORY-BAND: ALL
CATEGORY-MODE: MIXED
CATEGORY: Single Operator All band
CLAIMED-SCORE: 0
QSO: 21015 CW 2023-07-22 1403 DL1NEO        599 47     AA3B          599 66    
QSO: 21024 CW 2023-07-22 1403 DL1NEO        599 47     WK2G          599 67    
QSO: 14037 CW 2023-07-22 1405 DL1NEO        599 47     UR5ECW        599 42    
QSO: 14024 CW 2023-07-22 1406 DL1NEO        599 47     RM2D          599 56    
QSO: 14035 CW 2023-07-22 1407 DL1NEO        599 47     OH2KW         599 68    
QSO: 14032 CW 2023-07-22 1407 DL1NEO        599 47     YT7X          599 60    
QSO: 14184 PH 2023-07-22 1408 DL1NEO        59  47     SK8YOTA       59  25    
QSO: 14259 PH 2023-07-22 1409 DL1NEO        59  47     9A3SMS        59  23    
QSO: 14263 PH 2023-07-22 1410 DL1NEO        59  47     UT3EV         59  75    
QSO:  7125 PH 2023-07-22 1411 DL1NEO        59  47     DK9BM         59  30    
QSO:  7024 CW 2023-07-22 1412 DL1NEO        599 47     SM6NT         599 68    
QSO:  7120 PH 2023-07-22 1413 DL1NEO        59  47     DL3LS         59  15    
QSO:  7140 PH 2023-07-22 1415 DL1NEO        59  47     DL4XT         59  15    
QSO:  7145 PH 2023-07-22 1416 DL1NEO        59  47     9A1CCY        59  15    
QSO:  7012 CW 2023-07-22 1421 DL1NEO        599 47     OM3CPF        599 72    
QSO: 21011 CW 2023-07-22 1423 DL1NEO        599 47     9A3SMS        599 23    
QSO: 21013 CW 2023-07-22 1424 DL1NEO        599 47     K4WW          599 81    
QSO: 21015 CW 2023-07-22 1424 DL1NEO        599 47     HA3NU         599 64    
QSO: 21030 CW 2023-07-22 1425 DL1NEO        599 47     OY1CT         599 63    
QSO: 21029 CW 2023-07-22 1425 DL1NEO        599 47     K4RUM         599 61    
QSO: 21023 CW 2023-07-22 1426 DL1NEO        599 47     UA1F          599 75    
QSO: 21014 CW 2023-07-22 1434 DL1NEO        599 47     R9MM          599 60    
QSO: 14017 CW 2023-07-22 1436 DL1NEO        599 47     HA8RT         599 24    
QSO:  7013 CW 2023-07-22 1437 DL1NEO        599 47     HA6NL         599 74    
QSO:  7190 PH 2023-07-22 1438 DL1NEO        59  47     DL1DJH        59  23    
QSO:  7028 CW 2023-07-22 1441 DL1NEO        599 47     HA1WA         599 64    
QSO:  7018 CW 2023-07-22 1442 DL1NEO        599 47     HG5D          599 66    
QSO:  7023 CW 2023-07-22 1442 DL1NEO        599 47     PA3GDD        599 60    
QSO:  7021 CW 2023-07-22 1443 DL1NEO        599 47     OK2HBR        599 71    
QSO:  7032 CW 2023-07-22 1444 DL1NEO        599 47     DL3DRN        599 78    
QSO: 14268 PH 2023-07-22 1446 DL1NEO        59  47     DL3LS         59  15    
QSO: 14020 CW 2023-07-22 1449 DL1NEO        599 47     EI0YOTA       599 13    
QSO: 14032 CW 2023-07-22 1449 DL1NEO        599 47     OY1CT         599 63    
QSO: 14021 CW 2023-07-22 1450 DL1NEO        599 47     RA3AN         599 69    
QSO: 14289 PH 2023-07-22 1452 DL1NEO        59  47     HA7KID        59  12    
QSO: 14014 CW 2023-07-22 1454 DL1NEO        599 47     E750ESP       599 50    
QSO: 14177 PH 2023-07-22 1454 DL1NEO        59  47     R3OM          59  71    
QSO: 14041 CW 2023-07-22 1455 DL1NEO        599 47     UT4LW         599 62    
QSO: 14002 CW 2023-07-22 1456 DL1NEO        599 47     K1LZ          599 67    
QSO: 14036 CW 2023-07-22 1456 DL1NEO        599 47     EA3X          599 63    
QSO: 14018 CW 2023-07-22 1457 DL1NEO        599 47     HA3NU         599 64    
QSO: 14027 CW 2023-07-22 1457 DL1NEO        599 47     EW8DX         599 76    
QSO: 14014 CW 2023-07-22 1457 DL1NEO        599 47     UT7RYL        599 11    
END-OF-LOG:
