START-OF-LOG: 3.0
CONTEST: WW-DIGI
CALLSIGN: YO8DHA
LOCATION: DX
CATEGORY-OPERATOR: SINGLE-OP
CATEGORY-ASSISTED: ASSISTED
CATEGORY-BAND: 15M
CATEGORY-POWER: LOW
CATEGORY-MODE: DIGI
CATEGORY-TRANSMITTER: ONE
GRID-LOCATOR: KN36UP
CLAIMED-SCORE:
NAME: Dorin TANASE
OPERATORS: YO8DHA
CREATED-BY:
QSO:   21091 DG 2021-08-28 1228 YO8DHA           KN36   YD2UFR           OI52    
QSO:   21091 DG 2021-08-28 1232 YO8DHA           KN36   YD1CRN           OI43    
QSO:   21091 DG 2021-08-28 1235 YO8DHA           KN36   YC0SJK           OI33    
QSO:   21091 DG 2021-08-28 1236 YO8DHA           KN36   9A5ST            JN83    
QSO:   21091 DG 2021-08-28 1238 YO8DHA           KN36   YU1UN            JN93    
QSO:   21091 DG 2021-08-28 1240 YO8DHA           KN36   G9D              JO01    
QSO:   21091 DG 2021-08-28 1241 YO8DHA           KN36   DL0PE            JO52    
QSO:   21091 DG 2021-08-28 1243 YO8DHA           KN36   YC1FDF           OI43    
QSO:   21091 DG 2021-08-28 1244 YO8DHA           KN36   YB1BA            OI33    
QSO:   21091 DG 2021-08-28 1245 YO8DHA           KN36   YC9AOS           OI71    
QSO:   21091 DG 2021-08-28 1246 YO8DHA           KN36   S51A             JN76    
QSO:   21091 DG 2021-08-28 1248 YO8DHA           KN36   HB9CZF           JN47    
QSO:   21091 DG 2021-08-28 1250 YO8DHA           KN36   IK4LZH           JN54    
QSO:   21091 DG 2021-08-28 1251 YO8DHA           KN36   YD1FRU           OI33    
QSO:   21091 DG 2021-08-28 1252 YO8DHA           KN36   ES6Q             KO37    
QSO:   21091 DG 2021-08-28 1256 YO8DHA           KN36   DL9RDM           JN68    
QSO:   21091 DG 2021-08-28 1258 YO8DHA           KN36   DO2TMJ           JO42    
QSO:   21091 DG 2021-08-28 1319 YO8DHA           KN36   YB3BGM           OI61    
QSO:   21091 DG 2021-08-28 1321 YO8DHA           KN36   R4CI             LO31    
QSO:   21091 DG 2021-08-28 1322 YO8DHA           KN36   YB2HAF           OI52    
QSO:   21091 DG 2021-08-28 1325 YO8DHA           KN36   YB4KAR           OI25    
QSO:   21091 DG 2021-08-28 1326 YO8DHA           KN36   E20XMG           OK03    
QSO:   21091 DG 2021-08-28 1328 YO8DHA           KN36   YB7HE            OI77    
QSO:   21091 DG 2021-08-28 1330 YO8DHA           KN36   S55OO            JN76    
QSO:   21091 DG 2021-08-28 1332 YO8DHA           KN36   YD1EQX           OI43    
QSO:   21091 DG 2021-08-28 1334 YO8DHA           KN36   YD1CBC           OI33    
QSO:   21091 DG 2021-08-28 1336 YO8DHA           KN36   YB2HND           OI52    
QSO:   21091 DG 2021-08-28 1337 YO8DHA           KN36   YC1INQ           OI33    
QSO:   21091 DG 2021-08-28 1341 YO8DHA           KN36   HG5OGI           JN97    
QSO:   21091 DG 2021-08-28 1342 YO8DHA           KN36   YF3ESW           OI62    
QSO:   21091 DG 2021-08-28 1344 YO8DHA           KN36   OZ1DAE           JO65    
QSO:   21091 DG 2021-08-28 1349 YO8DHA           KN36   I2XLF            JN45    
QSO:   21091 DG 2021-08-28 1351 YO8DHA           KN36   OK5NW            JN89    
QSO:   21091 DG 2021-08-28 1352 YO8DHA           KN36   YC0SCL           OI33    
QSO:   21091 DG 2021-08-28 1353 YO8DHA           KN36   YC0SJK           OI33    
QSO:   21091 DG 2021-08-28 1357 YO8DHA           KN36   OE1GAQ           JN88    
QSO:   21091 DG 2021-08-28 1359 YO8DHA           KN36   SP1MWN           JO72    
QSO:   21091 DG 2021-08-28 1400 YO8DHA           KN36   YB0ET            OI33    
QSO:   21091 DG 2021-08-28 1401 YO8DHA           KN36   S57ZT            JN76    
QSO:   21091 DG 2021-08-28 1404 YO8DHA           KN36   DL1STG           JO31    
QSO:   21091 DG 2021-08-28 1405 YO8DHA           KN36   7Z1IS            LL34    
QSO:   21091 DG 2021-08-28 1408 YO8DHA           KN36   HZ1SK            KL91    
QSO:   21091 DG 2021-08-28 1409 YO8DHA           KN36   YB2VYY           OI52    
QSO:   21091 DG 2021-08-28 1411 YO8DHA           KN36   YC1RYJ           OI33    
QSO:   21091 DG 2021-08-28 1413 YO8DHA           KN36   PA4GDR           JO32    
QSO:   21091 DG 2021-08-28 1415 YO8DHA           KN36   IK5FKE           JN53    
QSO:   21091 DG 2021-08-28 1416 YO8DHA           KN36   UN3G             MN83    
QSO:   21091 DG 2021-08-28 1418 YO8DHA           KN36   YB1IQE           OI42    
QSO:   21091 DG 2021-08-28 1420 YO8DHA           KN36   OK1PX            JO70    
QSO:   21091 DG 2021-08-28 1421 YO8DHA           KN36   YC3LKP           OI62    
QSO:   21091 DG 2021-08-28 1424 YO8DHA           KN36   DL7AB            JN47    
QSO:   21091 DG 2021-08-28 1426 YO8DHA           KN36   4X1ST            KM72    
QSO:   21091 DG 2021-08-28 1427 YO8DHA           KN36   DL1HUH           JO61    
QSO:   21091 DG 2021-08-28 1430 YO8DHA           KN36   SP6FXY           JO70    
QSO:   21091 DG 2021-08-28 1430 YO8DHA           KN36   SO4ATA           KO13    
QSO:   21091 DG 2021-08-28 1432 YO8DHA           KN36   YF3BER           OI62    
QSO:   21091 DG 2021-08-28 1435 YO8DHA           KN36   DQ9Y             JO31    
QSO:   21091 DG 2021-08-28 1437 YO8DHA           KN36   F4HIK            JN06    
QSO:   21091 DG 2021-08-28 1439 YO8DHA           KN36   DL2TR            JN49    
QSO:   21091 DG 2021-08-28 1442 YO8DHA           KN36   YB2CTE           OI53    
QSO:   21081 DG 2021-08-28 1444 YO8DHA           KN36   DQ9Y             JO31    
QSO:   21081 DG 2021-08-28 1446 YO8DHA           KN36   DL1HUH           JO61    
QSO:   21081 DG 2021-08-28 1447 YO8DHA           KN36   ON7KEC           JO21    
QSO:   21081 DG 2021-08-28 1448 YO8DHA           KN36   EU3A             KO12    
QSO:   21081 DG 2021-08-28 1449 YO8DHA           KN36   K3MM             FM19    
QSO:   21081 DG 2021-08-28 1450 YO8DHA           KN36   M0URL            IO91    
QSO:   21081 DG 2021-08-28 1451 YO8DHA           KN36   DG1VL            JO61    
QSO:   21081 DG 2021-08-28 1453 YO8DHA           KN36   PC2K             JO22    
QSO:   21081 DG 2021-08-28 1455 YO8DHA           KN36   OK1PX            JO70    
QSO:   21081 DG 2021-08-28 1456 YO8DHA           KN36   AA3B             FN20    
QSO:   21081 DG 2021-08-28 1459 YO8DHA           KN36   DL4LT            JO40    
QSO:   21091 DG 2021-08-28 1507 YO8DHA           KN36   SP2JVN           JO94    
QSO:   21091 DG 2021-08-28 1510 YO8DHA           KN36   PP5TI            GG52    
QSO:   21091 DG 2021-08-28 1512 YO8DHA           KN36   PY2ACA           GG66    
QSO:   21091 DG 2021-08-28 1515 YO8DHA           KN36   ZW5B             GG54    
QSO:   21091 DG 2021-08-28 1522 YO8DHA           KN36   PU2UAF           GG66    
QSO:   21091 DG 2021-08-28 1525 YO8DHA           KN36   5B4AMM           KM65    
QSO:   21091 DG 2021-08-28 1530 YO8DHA           KN36   RU2F             KO04    
QSO:   21091 DG 2021-08-28 1534 YO8DHA           KN36   YB1BML           OI33    
QSO:   21091 DG 2021-08-28 1536 YO8DHA           KN36   DF2AP            JO50    
QSO:   21091 DG 2021-08-28 1538 YO8DHA           KN36   YD2UFR           OI52    
QSO:   21091 DG 2021-08-28 1539 YO8DHA           KN36   SP4HXV           KO13    
QSO:   21091 DG 2021-08-28 1542 YO8DHA           KN36   PH5M             JO21    
QSO:   21091 DG 2021-08-28 1544 YO8DHA           KN36   DK0BT            JN59    
QSO:   21091 DG 2021-08-28 1546 YO8DHA           KN36   R7KR             KN85    
QSO:   21091 DG 2021-08-28 1552 YO8DHA           KN36   TA9J             LN10    
QSO:   21091 DG 2021-08-28 1554 YO8DHA           KN36   DK3RA            JO53    
QSO:   21091 DG 2021-08-28 1555 YO8DHA           KN36   DJ1OJ            JN58    
QSO:   21091 DG 2021-08-28 1603 YO8DHA           KN36   PY2QT            GG76    
QSO:   21091 DG 2021-08-28 1604 YO8DHA           KN36   PU4MMZ           GH80    
QSO:   21091 DG 2021-08-28 1605 YO8DHA           KN36   PU2YMH           GG67    
QSO:   21091 DG 2021-08-28 1607 YO8DHA           KN36   CX7SS            GF25    
QSO:   21091 DG 2021-08-28 1610 YO8DHA           KN36   DL4MFA           JN57    
QSO:   21091 DG 2021-08-28 1611 YO8DHA           KN36   OQ4U             JO20    
QSO:   21091 DG 2021-08-28 1612 YO8DHA           KN36   DJ4DN            JO31    
QSO:   21091 DG 2021-08-28 1617 YO8DHA           KN36   YU1UN            JN93    
QSO:   21091 DG 2021-08-28 1625 YO8DHA           KN36   PY5ZHP           GG54    
QSO:   21091 DG 2021-08-28 1626 YO8DHA           KN36   V51MA            JG87    
QSO:   21091 DG 2021-08-28 1628 YO8DHA           KN36   PU5IKE           GG53    
QSO:   21091 DG 2021-08-28 1631 YO8DHA           KN36   LW8DOZ           GF12    
QSO:   21091 DG 2021-08-28 1634 YO8DHA           KN36   CX7SS            GF25    
QSO:   21091 DG 2021-08-28 1638 YO8DHA           KN36   PY7ZC            HI21    
QSO:   21091 DG 2021-08-28 1646 YO8DHA           KN36   PY3LX            GG40    
QSO:   21091 DG 2021-08-28 1648 YO8DHA           KN36   YT9A             KN04    
QSO:   21091 DG 2021-08-29 0508 YO8DHA           KN36   YD7ACD           OI49    
QSO:   21091 DG 2021-08-29 0509 YO8DHA           KN36   YD7GTQ           OI48    
QSO:   21091 DG 2021-08-29 0510 YO8DHA           KN36   YB1AM            OI33    
QSO:   21091 DG 2021-08-29 0512 YO8DHA           KN36   YB3EF            OI62    
QSO:   21091 DG 2021-08-29 0513 YO8DHA           KN36   YB4TM            OI24    
QSO:   21091 DG 2021-08-29 0514 YO8DHA           KN36   YD2ULK           OI52    
QSO:   21091 DG 2021-08-29 0515 YO8DHA           KN36   YD2ULK           OI52    
QSO:   21091 DG 2021-08-29 0518 YO8DHA           KN36   R6DM             KN94    
QSO:   21091 DG 2021-08-29 0523 YO8DHA           KN36   A65DR            LL75    
QSO:   21091 DG 2021-08-29 0525 YO8DHA           KN36   YC2KJC           OI42    
QSO:   21091 DG 2021-08-29 0528 YO8DHA           KN36   YB6HAI           NJ93    
QSO:   21091 DG 2021-08-29 0529 YO8DHA           KN36   UZ2I             KN88    
QSO:   21091 DG 2021-08-29 0530 YO8DHA           KN36   YD0AUN           OI33    
QSO:   21091 DG 2021-08-29 0532 YO8DHA           KN36   RN4SN            LO36    
QSO:   21091 DG 2021-08-29 0536 YO8DHA           KN36   YD1RYX           OI33    
QSO:   21091 DG 2021-08-29 0537 YO8DHA           KN36   YB1GIP           OI33    
QSO:   21091 DG 2021-08-29 0539 YO8DHA           KN36   YB1TQL           OI33    
QSO:   21091 DG 2021-08-29 0540 YO8DHA           KN36   RL1F             KP50    
QSO:   21091 DG 2021-08-29 0542 YO8DHA           KN36   YC2BDS           OI52    
QSO:   21091 DG 2021-08-29 0544 YO8DHA           KN36   BY1RX            OM89    
QSO:   21091 DG 2021-08-29 0547 YO8DHA           KN36   YC1GDF           OI33    
QSO:   21091 DG 2021-08-29 0550 YO8DHA           KN36   RA3VX            LO06    
QSO:   21091 DG 2021-08-29 0556 YO8DHA           KN36   YC0SCV           OI33    
QSO:   21091 DG 2021-08-29 0557 YO8DHA           KN36   JE1FQV           PM95    
QSO:   21091 DG 2021-08-29 0559 YO8DHA           KN36   RU5X             KO84    
QSO:   21091 DG 2021-08-29 0601 YO8DHA           KN36   JA3QOS           PM74    
QSO:   21091 DG 2021-08-29 0604 YO8DHA           KN36   JH1BHW           PM95    
QSO:   21091 DG 2021-08-29 0607 YO8DHA           KN36   YB9UA            QI07    
QSO:   21091 DG 2021-08-29 0608 YO8DHA           KN36   YB1MAE           OI43    
QSO:   21091 DG 2021-08-29 0610 YO8DHA           KN36   YB9ELS           OI71    
QSO:   21091 DG 2021-08-29 0612 YO8DHA           KN36   OG4W             KP32    
QSO:   21091 DG 2021-08-29 0613 YO8DHA           KN36   JH4UTP           PM64    
QSO:   21091 DG 2021-08-29 0618 YO8DHA           KN36   UN7FGZ           MO82    
QSO:   21091 DG 2021-08-29 0620 YO8DHA           KN36   R0AX             NO56    
QSO:   21091 DG 2021-08-29 0621 YO8DHA           KN36   YB1MIG           OI32    
QSO:   21091 DG 2021-08-29 0624 YO8DHA           KN36   JH2MYN           PM94    
QSO:   21091 DG 2021-08-29 0625 YO8DHA           KN36   RG0S             OO22    
QSO:   21091 DG 2021-08-29 0627 YO8DHA           KN36   ES6Q             KO37    
QSO:   21091 DG 2021-08-29 0628 YO8DHA           KN36   UZ2I             KN88    
QSO:   21091 DG 2021-08-29 0629 YO8DHA           KN36   RG0S             OO22    
QSO:   21091 DG 2021-08-29 0632 YO8DHA           KN36   YB1MW            OI33    
QSO:   21091 DG 2021-08-29 0633 YO8DHA           KN36   YD4SIO           OI24    
QSO:   21091 DG 2021-08-29 0636 YO8DHA           KN36   4Z1TL            KM72    
QSO:   21091 DG 2021-08-29 0637 YO8DHA           KN36   YB7SKM           OI67    
QSO:   21091 DG 2021-08-29 0639 YO8DHA           KN36   YD3RAN           OI62    
QSO:   21091 DG 2021-08-29 0642 YO8DHA           KN36   YC0SAS           OI33    
QSO:   21091 DG 2021-08-29 0644 YO8DHA           KN36   UA6CE            LN05    
QSO:   21091 DG 2021-08-29 0646 YO8DHA           KN36   YD4SJA           OI24    
QSO:   21091 DG 2021-08-29 0647 YO8DHA           KN36   E24STG           OK04    
QSO:   21091 DG 2021-08-29 0649 YO8DHA           KN36   R4ADN            LN28    
QSO:   21091 DG 2021-08-29 0651 YO8DHA           KN36   YO9FFX           KN24    
QSO:   21091 DG 2021-08-29 0653 YO8DHA           KN36   JH1CTV           QM05    
QSO:   21091 DG 2021-08-29 0655 YO8DHA           KN36   R7CT             KN95    
QSO:   21091 DG 2021-08-29 0657 YO8DHA           KN36   HL1RR            PM37    
QSO:   21091 DG 2021-08-29 0659 YO8DHA           KN36   JA7WXL           QN00    
QSO:   21091 DG 2021-08-29 0700 YO8DHA           KN36   R1AV             KP50    
QSO:   21091 DG 2021-08-29 0703 YO8DHA           KN36   JJ1KZZ           PM95    
QSO:   21091 DG 2021-08-29 0705 YO8DHA           KN36   UT4UQ            KO50    
QSO:   28091 DG 2021-08-29 0712 YO8DHA           KN36   UZ1WW            KN19    
QSO:   28091 DG 2021-08-29 0713 YO8DHA           KN36   UR4QX            KN86    
QSO:   21091 DG 2021-08-29 0718 YO8DHA           KN36   UX7QV            KN87    
QSO:   21091 DG 2021-08-29 0721 YO8DHA           KN36   OM8CD            KN09    
QSO:   21091 DG 2021-08-29 0723 YO8DHA           KN36   BD7LMB           OL63    
QSO:   21091 DG 2021-08-29 0727 YO8DHA           KN36   HZ1SK            KL91    
QSO:   21091 DG 2021-08-29 0728 YO8DHA           KN36   YC1AYO           OI33    
QSO:   21091 DG 2021-08-29 0733 YO8DHA           KN36   YC1AYO           OI33    
QSO:   21091 DG 2021-08-29 0736 YO8DHA           KN36   YC0SCZ           OI33    
QSO:   21091 DG 2021-08-29 0737 YO8DHA           KN36   UA1AOS           KP50    
QSO:   21091 DG 2021-08-29 0741 YO8DHA           KN36   JA6MWW           PM53    
QSO:   21091 DG 2021-08-29 0742 YO8DHA           KN36   YB1DUU           OI43    
QSO:   21091 DG 2021-08-29 0744 YO8DHA           KN36   YD1CRN           OI43    
QSO:   21091 DG 2021-08-29 0753 YO8DHA           KN36   YB0DOS           OI33    
QSO:   21091 DG 2021-08-29 0757 YO8DHA           KN36   DF1LON           JO31    
QSO:   21091 DG 2021-08-29 0759 YO8DHA           KN36   UZ1WW            KN19    
QSO:   21091 DG 2021-08-29 0801 YO8DHA           KN36   R3LC             KO64    
QSO:   21091 DG 2021-08-29 0802 YO8DHA           KN36   IK6OIN           JN72    
QSO:   21091 DG 2021-08-29 0805 YO8DHA           KN36   RA1WZ            KO47    
QSO:   21091 DG 2021-08-29 0812 YO8DHA           KN36   OM7JG            JN98    
QSO:   21091 DG 2021-08-29 0816 YO8DHA           KN36   UR4QX            KN86    
QSO:   21091 DG 2021-08-29 0817 YO8DHA           KN36   DJ9MH            JO50    
QSO:   21091 DG 2021-08-29 0819 YO8DHA           KN36   SP4BKE           KO13    
QSO:   21081 DG 2021-08-29 0823 YO8DHA           KN36   R3LC             KO64    
QSO:   21081 DG 2021-08-29 0825 YO8DHA           KN36   UY5QZ            KN77    
QSO:   21081 DG 2021-08-29 0826 YO8DHA           KN36   YB2HAF           OI52    
QSO:   21081 DG 2021-08-29 0826 YO8DHA           KN36   UT2QQ            KN77    
END-OF-LOG:
