START-OF-LOG: 3.0
CONTEST: WW-DIGI
CALLSIGN: LY4K
LOCATION: DX
CATEGORY-OPERATOR: SINGLE-OP
CATEGORY-ASSISTED: ASSISTED
CATEGORY-BAND: ALL
CATEGORY-POWER: LOW
CATEGORY-MODE: DIGI
CATEGORY-TRANSMITTER: ONE
CLAIMED-SCORE:
NAME: Augustinas Liepuonis
CLUB: Vytautas Magnus university radio club
CREATED-BY:
QSO: 14082 DG 2019-08-31 1222 LY4K         KO14          G0ORH        IO91
QSO: 14080 DG 2019-08-31 1224 LY4K         KO14          G3YBO        IO93
QSO: 14081 DG 2019-08-31 1226 LY4K         KO14          G3RIK        IO83
QSO: 14081 DG 2019-08-31 1227 LY4K         KO14          ON8BB        JO21
QSO:  7081 DG 2019-08-31 1236 LY4K         KO14          YO9HP        KN35
QSO:  7081 DG 2019-08-31 1238 LY4K         KO14          S50A         JN75
QSO:  7081 DG 2019-08-31 1238 LY4K         KO14          S51A         JN76
QSO:  7081 DG 2019-08-31 1246 LY4K         KO14          UW5EKD       KN78
QSO:  7081 DG 2019-08-31 1248 LY4K         KO14          SQ8W         KN09
QSO: 14081 DG 2019-08-31 1253 LY4K         KO14          PA0PIW       JO22
QSO: 14081 DG 2019-08-31 1255 LY4K         KO14          M0LMK        JO01
QSO: 14081 DG 2019-08-31 1256 LY4K         KO14          P33W         KM65
QSO: 14081 DG 2019-08-31 1332 LY4K         KO14          M0BJL        IO90
QSO: 14081 DG 2019-08-31 1337 LY4K         KO14          4Z1ZV        KM72
QSO: 14080 DG 2019-08-31 1410 LY4K         KO14          OZ1ADL       JO46
QSO: 14080 DG 2019-08-31 1543 LY4K         KO14          DL2UH        JN48
QSO: 14080 DG 2019-08-31 1548 LY4K         KO14          PA1CC        JO21
QSO: 14081 DG 2019-08-31 1550 LY4K         KO14          RW7M         KN97
QSO: 14081 DG 2019-08-31 1550 LY4K         KO14          HA6NN        JN98
QSO: 14081 DG 2019-08-31 1551 LY4K         KO14          9A1A         JN85
QSO: 14081 DG 2019-08-31 1553 LY4K         KO14          S51A         JN76
QSO: 14080 DG 2019-08-31 1559 LY4K         KO14          LY2FN        KO14
QSO:  7090 DG 2019-08-31 1626 LY4K         KO14          LY1R         KO14
QSO:  7080 DG 2019-08-31 1629 LY4K         KO14          ER4DX        KN38
QSO:  7081 DG 2019-08-31 1632 LY4K         KO14          IZ2ZQP       JN45
QSO:  7081 DG 2019-08-31 1635 LY4K         KO14          RW7M         KN97
QSO:  7081 DG 2019-08-31 1636 LY4K         KO14          RW7M         KN97
QSO:  7081 DG 2019-08-31 1638 LY4K         KO14          UT7IS        KN98
QSO:  3591 DG 2019-08-31 1758 LY4K         KO14          9A1A         JN85
QSO:  3591 DG 2019-08-31 1759 LY4K         KO14          P33W         KM65
QSO:  3591 DG 2019-08-31 1802 LY4K         KO14          SQ3MZM       JO72
QSO:  3591 DG 2019-08-31 1804 LY4K         KO14          SP5DL        KO02
QSO:  3591 DG 2019-08-31 1806 LY4K         KO14          UV5QQ        KN76
QSO:  3591 DG 2019-08-31 1808 LY4K         KO14          RW7M         KN97
QSO:  3591 DG 2019-08-31 1809 LY4K         KO14          UR5QU        KN77
QSO:  3591 DG 2019-08-31 1811 LY4K         KO14          UT3N         KN49
QSO:  3591 DG 2019-08-31 1813 LY4K         KO14          R2IN         KO76
QSO:  3591 DG 2019-08-31 1814 LY4K         KO14          OH2K         KP20
QSO:  3591 DG 2019-08-31 1817 LY4K         KO14          UT7IS        KN98
QSO:  3591 DG 2019-08-31 1818 LY4K         KO14          YO9HP        KN35
QSO:  3591 DG 2019-08-31 1819 LY4K         KO14          RW0A         NO66
QSO:  3591 DG 2019-08-31 1822 LY4K         KO14          UA4HDB       LO53
QSO:  3591 DG 2019-08-31 1823 LY4K         KO14          IK4UXA       JN54
QSO:  3591 DG 2019-08-31 1826 LY4K         KO14          DK8ZZ        JO30
QSO: 14081 DG 2019-08-31 1830 LY4K         KO14          SV5DKL       KM46
QSO:  7091 DG 2019-08-31 1839 LY4K         KO14          HB9GPE       JN47
QSO:  7090 DG 2019-08-31 1840 LY4K         KO14          GJ0KYZ       IN89
QSO:  7090 DG 2019-08-31 1841 LY4K         KO14          GJ0KYZ       IN89
QSO:  7091 DG 2019-08-31 1845 LY4K         KO14          P33W         KM65
QSO:  7092 DG 2019-08-31 1847 LY4K         KO14          S51CK        JN76
QSO: 21081 DG 2019-09-01 0724 LY4K         KO14          P33W         KM65
QSO: 14080 DG 2019-09-01 0726 LY4K         KO14          LZ1QZ        KN32
QSO: 14081 DG 2019-09-01 0727 LY4K         KO14          PD2PKM       JO21
QSO: 14081 DG 2019-09-01 0728 LY4K         KO14          PA3DAT       JO22
QSO: 14081 DG 2019-09-01 0729 LY4K         KO14          G4MSA        IO90
QSO: 14081 DG 2019-09-01 0729 LY4K         KO14          DL3YCX       JO32
QSO: 14081 DG 2019-09-01 0732 LY4K         KO14          LZ3SD        KN22
QSO: 14081 DG 2019-09-01 0734 LY4K         KO14          4Z1KN        KM72
QSO: 14081 DG 2019-09-01 0738 LY4K         KO14          LY6A         KO24
QSO: 14081 DG 2019-09-01 0739 LY4K         KO14          LY1R         KO14
QSO: 14081 DG 2019-09-01 0740 LY4K         KO14          S57AW        JN76
QSO: 14091 DG 2019-09-01 0745 LY4K         KO14          S57AM        JN66
QSO: 14091 DG 2019-09-01 0746 LY4K         KO14          YO3IWZ       KN34
QSO: 14091 DG 2019-09-01 0748 LY4K         KO14          RG4A         LO20
QSO:  7081 DG 2019-09-01 0752 LY4K         KO14          SP1DOZ       JO73
QSO:  7080 DG 2019-09-01 0753 LY4K         KO14          OH3OJ        KP10
QSO:  7081 DG 2019-09-01 0754 LY4K         KO14          R5DC         KO95
QSO:  7081 DG 2019-09-01 0754 LY4K         KO14          DB2BJT       JO33
QSO:  7080 DG 2019-09-01 0756 LY4K         KO14          LY3BRA       KO14
QSO:  7080 DG 2019-09-01 0757 LY4K         KO14          SP2EWQ       JO93
QSO:  7080 DG 2019-09-01 0758 LY4K         KO14          PE1CUP       JO31
QSO:  7080 DG 2019-09-01 0758 LY4K         KO14          UR5NMZ       KN49
QSO:  7080 DG 2019-09-01 0759 LY4K         KO14          SP9UNX       JN99
QSO:  7080 DG 2019-09-01 0800 LY4K         KO14          OH3MA        KP20
QSO:  7081 DG 2019-09-01 0803 LY4K         KO14          OO3O         JO11
QSO:  7081 DG 2019-09-01 0805 LY4K         KO14          I2SVA        JN45
QSO:  7080 DG 2019-09-01 0808 LY4K         KO14          LA5LJA       JP50
QSO:  7080 DG 2019-09-01 0809 LY4K         KO14          ES4RD        KO49
QSO:  7080 DG 2019-09-01 0811 LY4K         KO14          DK3PM        JO64
QSO: 14080 DG 2019-09-01 0820 LY4K         KO14          G3YQA        IO93
QSO: 14081 DG 2019-09-01 0826 LY4K         KO14          DF2SD        JO31
QSO: 14081 DG 2019-09-01 0828 LY4K         KO14          DG5LP        JN48
QSO: 14081 DG 2019-09-01 0829 LY4K         KO14          G3TXF        IO91
QSO: 14081 DG 2019-09-01 0829 LY4K         KO14          ON5GF        JO20
QSO: 14081 DG 2019-09-01 0831 LY4K         KO14          DK3RA        JO53
QSO: 14081 DG 2019-09-01 0832 LY4K         KO14          EA2ASB       IN83
QSO: 14081 DG 2019-09-01 0834 LY4K         KO14          DD1VB        JN39
QSO: 14081 DG 2019-09-01 0836 LY4K         KO14          UX7QV        KN87
QSO: 14081 DG 2019-09-01 0837 LY4K         KO14          PE5O         JO21
QSO: 14081 DG 2019-09-01 0839 LY4K         KO14          HB9TOC       JN46
QSO: 14081 DG 2019-09-01 0841 LY4K         KO14          M0IHT        IO80
QSO: 14081 DG 2019-09-01 0842 LY4K         KO14          PC1EMR       JO21
QSO:  7081 DG 2019-09-01 0853 LY4K         KO14          OH2K         KP20
QSO:  7081 DG 2019-09-01 0855 LY4K         KO14          HB9AWS       JN46
QSO:  7081 DG 2019-09-01 0857 LY4K         KO14          PE2K         JO22
QSO:  7081 DG 2019-09-01 0902 LY4K         KO14          S50B         JN65
QSO:  7081 DG 2019-09-01 0903 LY4K         KO14          DM8MH        JO51
QSO:  7081 DG 2019-09-01 0904 LY4K         KO14          M0BEW        IO82
QSO:  7081 DG 2019-09-01 0905 LY4K         KO14          PA4GDR       JO32
QSO:  7081 DG 2019-09-01 0908 LY4K         KO14          OE3NHW       JN88
QSO: 14080 DG 2019-09-01 0915 LY4K         KO14          OT1A         JO10
QSO: 14081 DG 2019-09-01 0917 LY4K         KO14          F5AOW        JN06
QSO: 14082 DG 2019-09-01 0921 LY4K         KO14          UA9MA        MO64
QSO: 14081 DG 2019-09-01 0922 LY4K         KO14          LZ3CQ        KN12
QSO: 14081 DG 2019-09-01 0923 LY4K         KO14          EA7ZY        IM67
QSO: 14080 DG 2019-09-01 0925 LY4K         KO14          IK4LZH       JN54
QSO: 14080 DG 2019-09-01 0936 LY4K         KO14          UN7IT        LO80
QSO: 14082 DG 2019-09-01 0940 LY4K         KO14          UR4QX        KN86
QSO: 14082 DG 2019-09-01 0941 LY4K         KO14          YU5R         KN04
QSO: 14082 DG 2019-09-01 0942 LY4K         KO14          YU5R         KN04
QSO: 14082 DG 2019-09-01 0944 LY4K         KO14          OK6DJ        JN69
QSO: 14082 DG 2019-09-01 0946 LY4K         KO14          G4OWT        IO90
QSO: 14082 DG 2019-09-01 0946 LY4K         KO14          YO3GNF       KN34
QSO: 14081 DG 2019-09-01 0948 LY4K         KO14          OE3DXA       JN88
QSO: 14082 DG 2019-09-01 0951 LY4K         KO14          PA5KT        JO11
QSO: 14083 DG 2019-09-01 0955 LY4K         KO14          US4IRT       KN88
QSO:  7081 DG 2019-09-01 0958 LY4K         KO14          S50R         JN76
QSO:  7081 DG 2019-09-01 0959 LY4K         KO14          UA3DTK       KO85
QSO:  7082 DG 2019-09-01 1001 LY4K         KO14          YO9FFX       KN24
QSO:  7081 DG 2019-09-01 1003 LY4K         KO14          ES5RY        KO38
END-OF-LOG:
