START-OF-LOG: 3.0
CREATED-BY: reconstructed-log-builder
CONTEST: WAG
CALLSIGN: OK5OK
LOCATION: 
CATEGORY: CHECKLOG
CATEGORY-OPERATOR: SINGLE-OP
CATEGORY-BAND: ALL
CATEGORY-MODE: MIXED
CATEGORY-POWER: UNKNOWN
CATEGORY-ASSISTED: NON-ASSISTED
CATEGORY-TRANSMITTER: ONE
CATEGORY-STATION: UNKNOWN
CATEGORY-OVERLAY: 
OPERATORS: OK5OK
CLAIMED-SCORE: 
CLUB: 
NAME: 
SOAPBOX: RECONSTRUCTED MOCKUP LOG - NOT AN OFFICIAL SUBMISSION.
SOAPBOX: Derived from submitted logs for WAG DARC/WAG/2023.
QSO:  7018 CW 2023-10-21 1627 OK5OK         599 DL2NBY        599 B26
QSO:  7000 CW 2023-10-21 1629 OK5OK         599 OO2 DL3AMB        599 X41
QSO:  7000 CW 2023-10-21 1630 OK5OK         599 003 DL1LSW        599 S34
QSO:  7000 CW 2023-10-21 1631 OK5OK         599 004 DK9WE         599 M03
QSO:  7000 CW 2023-10-21 1632 OK5OK         599 005 DF2OF         599 L06
QSO:  7018 CW 2023-10-21 1633 OK5OK         599 6 DK1WB         599 H24
QSO:  7018 CW 2023-10-21 1633 OK5OK         599 007 DL1YCF        599 K16
QSO:  7017 CW 2023-10-21 1634 OK5OK         599 008 DM3W          599 D06
QSO:  7000 CW 2023-10-21 1635 OK5OK         599 009 DK8CB         599 N29
QSO:  7017 CW 2023-10-21 1637 OK5OK         599 11 DL7AT         599 E38
QSO:  7018 CW 2023-10-21 1637 OK5OK         599 012 DL8TG         599 W36
QSO:  7000 CW 2023-10-21 1638 OK5OK         599 014 DK0OA         599 H01
QSO:  7018 CW 2023-10-21 1638 OK5OK         599 13 DF6RI         599 U15
QSO:  7017 CW 2023-10-21 1642 OK5OK         599 015 DL3RDM        599 U08
QSO:  7018 CW 2023-10-21 1642 OK5OK         599 016 DM2DZM        599 NM
QSO:  7009 CW 2023-10-21 1645 OK5OK         599 17 DK0MM         599 F39
QSO:  7007 CW 2023-10-21 1646 OK5OK         599 18 DJ4MX         599 C26
QSO:  7009 CW 2023-10-21 1647 OK5OK         599 019 DK9PY         599 K04
QSO:  7010 CW 2023-10-21 1648 OK5OK         599 20 DM7AA         599 S55
QSO:  7014 CW 2023-10-21 1650 OK5OK         599 021 DL5ASK        599 X29
QSO:  7015 CW 2023-10-21 1652 OK5OK         599 022 DM3X          599 V11
QSO:  7000 CW 2023-10-21 1654 OK5OK         599 023 DL3BWG        599 Y14
QSO:  3513 CW 2023-10-22 0609 OK5OK         599 024 DK0OD         599 C06
QSO:  3513 CW 2023-10-22 0610 OK5OK         599 025 DQ7Y          599 B19
QSO:  3513 CW 2023-10-22 0612 OK5OK         599 27 DF1MM         599 I18
QSO:  3500 CW 2023-10-22 0613 OK5OK         599 029 DL8WEM        599 P24
QSO:  3513 CW 2023-10-22 0613 OK5OK         599 028 DA0BCC        599 BCC
QSO:  3513 CW 2023-10-22 0615 OK5OK         599 030 DF5AU         599 X22
QSO:  3500 CW 2023-10-22 0619 OK5OK         599 032 DL6UHA        599 Y27
QSO:  3513 CW 2023-10-22 0619 OK5OK         599 031 DF2DR         599 P14
QSO:  3500 CW 2023-10-22 0620 OK5OK         599 033 DL4KWA        599 V07
QSO:  3513 CW 2023-10-22 0621 OK5OK         599 034 DL5ANS        599 X23
QSO:  3500 CW 2023-10-22 0622 OK5OK         599 038 DL2DTJ        599 S13
QSO:  3513 CW 2023-10-22 0622 OK5OK         599 036 DF1SD         599 P42
QSO:  3513 CW 2023-10-22 0623 OK5OK         599 037 DL2NFC        599 B09
QSO:  3500 CW 2023-10-22 0624 OK5OK         599 039 DL1NKS        599 B24
QSO:  3500 CW 2023-10-22 0626 OK5OK         599 041 DJ1SL         599 H48
QSO:  3513 CW 2023-10-22 0626 OK5OK         599 040 DG0KS         599 V02
QSO:  3513 CW 2023-10-22 0629 OK5OK         599 043 DK3YD         599 C12
QSO:  3513 CW 2023-10-22 0630 OK5OK         599 044 DK5XG         599 E22
QSO:  3500 CW 2023-10-22 0632 OK5OK         599 045 DK0OA         599 H01
QSO:  3513 CW 2023-10-22 0634 OK5OK         599 047 DL8ULF        599 Y37
QSO:  3513 CW 2023-10-22 0634 OK5OK         599 046 DM2DZM        599 NM
QSO:  3513 CW 2023-10-22 0637 OK5OK         599 048 DG3T          599 F43
QSO:  3500 CW 2023-10-22 0638 OK5OK         599 049 DL0MOL        599 Y21
QSO:  3500 CW 2023-10-22 0641 OK5OK         599 050 DJ2IA         599 F43
QSO:  7017 CW 2023-10-22 0644 OK5OK         599 51 DL6MHW        599 W37
QSO:  7009 CW 2023-10-22 0645 OK5OK         599 52 DJ5CW         599 S07
QSO:  7000 CW 2023-10-22 0646 OK5OK         599 053 DL6FA         599 F38
QSO:  7007 CW 2023-10-22 0647 OK5OK         599 055 DF1HF         599 E21
QSO:  7009 CW 2023-10-22 0647 OK5OK         599 054 DM5EA         599 D27
END-OF-LOG:
