START-OF-LOG: 3.0
CREATED-BY: reconstructed-log-builder
CONTEST: WAG
CALLSIGN: PA6Q
LOCATION: 
CATEGORY: CHECKLOG
CATEGORY-OPERATOR: SINGLE-OP
CATEGORY-BAND: ALL
CATEGORY-MODE: MIXED
CATEGORY-POWER: UNKNOWN
CATEGORY-ASSISTED: NON-ASSISTED
CATEGORY-TRANSMITTER: ONE
CATEGORY-STATION: UNKNOWN
CATEGORY-OVERLAY: 
OPERATORS: PA6Q
CLAIMED-SCORE: 
CLUB: 
NAME: 
SOAPBOX: RECONSTRUCTED MOCKUP LOG - NOT AN OFFICIAL SUBMISSION.
SOAPBOX: Derived from submitted logs for WAG DARC/WAG/2023.
QSO:  7000 PH 2023-10-21 1628 PA6Q          59 001 DL5NUA        59 V22
QSO:  7000 PH 2023-10-21 1754 PA6Q          59 002 DG1HP         59 K14
QSO:  7200 PH 2023-10-21 1801 PA6Q          59 003 DL1MHJ        59 C12
QSO:  7138 PH 2023-10-21 1808 PA6Q          59 004 DL1PP         59 P36
QSO:  3500 PH 2023-10-21 1818 PA6Q          59 005 DM2BPG        59 W33
QSO:  3500 PH 2023-10-21 1825 PA6Q          59 006 DL4VCV        59 Q07
QSO:  3748 PH 2023-10-21 1836 PA6Q          59 007 DL0YLN        59 YLN
QSO:  3754 PH 2023-10-21 1841 PA6Q          59 008 DL5DTG        59 S07
QSO:  3500 PH 2023-10-21 1843 PA6Q          59 009 DM5SB         59 S50
QSO:  3500 PH 2023-10-21 1843 PA6Q          59 010 DO4FB         59 W37
QSO:  3762 PH 2023-10-21 1846 PA6Q          59 011 DL8NAS        59 B13
QSO:  3766 PH 2023-10-21 1849 PA6Q          59 012 DL2W          59 F74
QSO:  3500 PH 2023-10-21 1851 PA6Q          59 013 DO3ST         59 H05
QSO:  3778 PH 2023-10-21 1854 PA6Q          59 014 DL5L          59 X23
QSO:  3500 PH 2023-10-21 1856 PA6Q          59 015 DJ9JY         59 L30
QSO:  3711 PH 2023-10-21 1919 PA6Q          59 017 DL3LAB        59 M15
QSO:  3500 PH 2023-10-21 1922 PA6Q          59 018 DL5NUA        59 V22
QSO:  3500 PH 2023-10-21 1928 PA6Q          59 019 DK1IT         59 E29
QSO:  3730 PH 2023-10-21 1935 PA6Q          59 020 DL0MBG        59 X16
QSO:  3733 PH 2023-10-21 1940 PA6Q          59 021 DL5WW         59 V22
QSO:  3500 PH 2023-10-21 1947 PA6Q          59 023 DL2LBK        59 M06
QSO:  3759 PH 2023-10-21 1950 PA6Q          59 024 DF8XC         59 N47
QSO:  3500 PH 2023-10-21 1953 PA6Q          59 025 DK6HS         59 K14
QSO:  3766 PH 2023-10-21 1958 PA6Q          59 026 DG8DP         59 C01
QSO:  3500 PH 2023-10-21 2008 PA6Q          59 027 DM3Y          59 Y22
QSO:  3786 PH 2023-10-21 2009 PA6Q          59 028 DK5PD         59 F27
QSO:  3784 PH 2023-10-21 2010 PA6Q          59 029 DM2D          59 V11
QSO:  3782 PH 2023-10-21 2011 PA6Q          59 030 DO4OD         59 I16
QSO:  3500 PH 2023-10-21 2015 PA6Q          59 031 DO1UKR        59 E15
QSO:  3500 PH 2023-10-21 2022 PA6Q          59 032 DL0PS         59 N61
QSO:  3793 PH 2023-10-21 2024 PA6Q          59 033 DR5N          59 N06
QSO:  3797 PH 2023-10-21 2024 PA6Q          59 034 DQ2C          59 A24
QSO:  3500 PH 2023-10-21 2034 PA6Q          59 036 DH3FEN        59 Y28
QSO:  3710 PH 2023-10-21 2037 PA6Q          59 37 DO6CH         59 NM
QSO:  3719 PH 2023-10-21 2139 PA6Q          59 38 DL7ACN        59 A22
QSO:  3727 PH 2023-10-21 2148 PA6Q          59 40 DJ5MO         59 I43
QSO:  3500 PH 2023-10-21 2149 PA6Q          59 41 DK2R          59 U14
QSO:  3500 PH 2023-10-21 2152 PA6Q          59 042 DH2PA         59 K14
QSO:  3757 PH 2023-10-21 2155 PA6Q          59 043 DF2FQ         59 C01
QSO:  3500 PH 2023-10-21 2200 PA6Q          59 044 DK2YL         59 Q05
QSO:  3785 PH 2023-10-21 2201 PA6Q          59 45 DL0WW         59 F24
QSO:  3500 PH 2023-10-21 2202 PA6Q          59 046 DB1BAC        59 I18
QSO:  3775 PH 2023-10-21 2212 PA6Q          59 49 DP7D          59 L05
QSO:  3500 PH 2023-10-21 2217 PA6Q          59 050 DR5K          59 X42
QSO:  3748 PH 2023-10-21 2219 PA6Q          59 051 DB2LS         59 E39
QSO:  3500 PH 2023-10-21 2220 PA6Q          59 52 DL7JV         59 D08
QSO:  3750 PH 2023-10-21 2221 PA6Q          59 053 DB5SM         59 B13
QSO:  3701 PH 2023-10-21 2222 PA6Q          59 054 DF2RG         59 U18
QSO:  3703 PH 2023-10-21 2223 PA6Q          59 055 DL9FBF        59 F16
QSO:  3500 PH 2023-10-21 2229 PA6Q          59 056 DF8IU         59 A45
QSO:  3500 PH 2023-10-21 2231 PA6Q          59 057 DM5R          59 D20
QSO:  3791 PH 2023-10-21 2235 PA6Q          59 058 DM4L          59 B41
QSO:  3781 PH 2023-10-21 2322 PA6Q          59 060 DR0W          59 T13
QSO:  3500 PH 2023-10-21 2323 PA6Q          59 061 DL0AH         59 F01
QSO:  3500 PH 2023-10-21 2325 PA6Q          59 062 DG5DJ         59 T19
QSO:  3765 PH 2023-10-21 2327 PA6Q          59 64 DF7A          59 X28
QSO:  3754 PH 2023-10-21 2329 PA6Q          59 065 DM3W          59 D06
QSO:  3745 PH 2023-10-21 2330 PA6Q          59 066 DL6NDW        59 C12
QSO:  3742 PH 2023-10-21 2332 PA6Q          59 067 DA2X          59 S01
QSO:  3740 PH 2023-10-21 2335 PA6Q          59 068 DA0RR         59 RRDXA
QSO:  3500 PH 2023-10-21 2336 PA6Q          59 069 DM5B          59 Y26
QSO:  3710 PH 2023-10-21 2337 PA6Q          59 70 DR1E          59 E13
QSO:  3500 PH 2023-10-22 0619 PA6Q          59 071 DO3ANI        59 Y26
QSO:  3500 PH 2023-10-22 0624 PA6Q          59 072 DL0MGD        59 W10
QSO:  3500 PH 2023-10-22 0626 PA6Q          59 073 DM1PL         59 X37
QSO:  3532 PH 2023-10-22 0627 PA6Q          59 075 DK0IW         59 C07
QSO:  3740 PH 2023-10-22 0627 PA6Q          59 074 DL0DG         59 L02
QSO:  3728 PH 2023-10-22 0633 PA6Q          59 077 DL5CV         59 F17
QSO:  3728 PH 2023-10-22 0633 PA6Q          59 078 DO1OTW        59 H30
QSO:  3727 PH 2023-10-22 0634 PA6Q          59 079 DH7AHK        59 D06
QSO:  3500 PH 2023-10-22 0635 PA6Q          59 080 DJ7TW         59 P20
QSO:  3727 PH 2023-10-22 0635 PA6Q          59 081 DK1OM         59 H02
QSO:  3500 PH 2023-10-22 0636 PA6Q          59 083 DG4MH         59 K14
QSO:  3500 PH 2023-10-22 0636 PA6Q          59 084 DG9YFB        59 N44
QSO:  3500 PH 2023-10-22 0636 PA6Q          59 082 DL2JST        59 V14
QSO:  3500 PH 2023-10-22 0637 PA6Q          59 088 DK2BE         59 Z31
QSO:  3500 PH 2023-10-22 0637 PA6Q          59 086 DO1OHL        59 Y28
QSO:  3728 PH 2023-10-22 0637 PA6Q          59 085 DL6HBQ        59 E09
QSO:  3500 PH 2023-10-22 0638 PA6Q          59 087 DO7RMA        59 S36
QSO:  3700 PH 2023-10-22 0638 PA6Q          59 089 DF0DIG        59 DIG
QSO:  3500 PH 2023-10-22 0640 PA6Q          59 90 DD5AJ         59 G25
QSO:  3728 PH 2023-10-22 0642 PA6Q          59 091 DK2I          59 D15
QSO:  3500 PH 2023-10-22 0643 PA6Q          59 092 DK2NI         59 N13
QSO:  3500 PH 2023-10-22 0644 PA6Q          59 93 DL3AWI        59 X06
QSO:  3728 PH 2023-10-22 0646 PA6Q          59 094 DL2OAU        59 H05
QSO:  3500 PH 2023-10-22 0647 PA6Q          59 97 DF9MP         59 X37
QSO:  3500 PH 2023-10-22 0647 PA6Q          59 095 DK2LA         59 F38
QSO:  3500 PH 2023-10-22 0656 PA6Q          59 099 DH2IF         59 E33
QSO:  3500 PH 2023-10-22 0658 PA6Q          59 100 DL5AWE        59 X11
QSO:  3600 PH 2023-10-22 0733 PA6Q          59 101 DK9NCX        59 B18
QSO:  7000 PH 2023-10-22 0745 PA6Q          59 102 DK2YL         59 Q05
QSO:  7172 PH 2023-10-22 0747 PA6Q          59 103 DL0DG         59 L02
QSO:  7179 PH 2023-10-22 0749 PA6Q          59 104 DL8NAS        59 B13
QSO:  7000 PH 2023-10-22 0750 PA6Q          59 145 DM5B          59 Y26
QSO:  7189 PH 2023-10-22 0750 PA6Q          59 106 DJ7GS         59 A01
QSO:  7000 PH 2023-10-22 0751 PA6Q          59 107 DL4VAI        59 Q07
QSO:  7000 PH 2023-10-22 0753 PA6Q          59 148 DL0TE         59 D08
QSO:  7168 PH 2023-10-22 0758 PA6Q          59 109 DG9SEH        59 P47
QSO:  7164 PH 2023-10-22 0759 PA6Q          59 110 DF2FQ         59 C01
QSO:  7155 PH 2023-10-22 0800 PA6Q          59 111 DK0YLO        59 YLO
QSO:  7000 PH 2023-10-22 0803 PA6Q          59 112 DK1IT         59 E29
QSO:  7060 PH 2023-10-22 0805 PA6Q          59 113 DK0IW         59 C07
QSO:  7140 PH 2023-10-22 0805 PA6Q          59 114 DL2IAC        59 A12
QSO:  7000 PH 2023-10-22 0806 PA6Q          59 115 DB6LY         59 M11
QSO:  7117 PH 2023-10-22 0807 PA6Q          59 117 DB5SM         59 B13
QSO:  7135 PH 2023-10-22 0807 PA6Q          59 116 DK2TG         59 Y11
QSO:  7000 PH 2023-10-22 0809 PA6Q          59 118 DC5PAD        59 T01
QSO:  7156 PH 2023-10-22 0813 PA6Q          59 119 DK2PZ         59 DVC
QSO:  7000 PH 2023-10-22 0818 PA6Q          59 120 DL6OA         59 O16
QSO:  7000 PH 2023-10-22 0822 PA6Q          59 121 DF2F          59 L06
END-OF-LOG:
