START-OF-LOG: 3.0
CREATED-BY: reconstructed-log-builder
CONTEST: WW-DIGI
CALLSIGN: N9CIQ
LOCATION: 
CATEGORY: CHECKLOG
CATEGORY-OPERATOR: SINGLE-OP
CATEGORY-BAND: ALL
CATEGORY-MODE: MIXED
CATEGORY-POWER: UNKNOWN
CATEGORY-ASSISTED: NON-ASSISTED
CATEGORY-TRANSMITTER: ONE
CATEGORY-STATION: UNKNOWN
CATEGORY-OVERLAY: 
OPERATORS: N9CIQ
CLAIMED-SCORE: 
CLUB: 
NAME: 
SOAPBOX: RECONSTRUCTED MOCKUP LOG - NOT AN OFFICIAL SUBMISSION.
SOAPBOX: Derived from submitted logs for WW-DIGI WWDIGI/2024.
QSO: 21081 DG 2024-08-24 1227 N9CIQ         EN44 K9OM          EN65
QSO: 14082 DG 2024-08-24 1236 N9CIQ         EN44 W1UE          FN41
QSO: 14081 DG 2024-08-24 1237 N9CIQ         EN44 DS3EXT        PM36
QSO: 14082 DG 2024-08-24 1238 N9CIQ         EN44 W6OHV         DM14
QSO: 28091 DG 2024-08-24 1506 N9CIQ         EN44 PY3BF         GG40
QSO: 28091 DG 2024-08-24 1506 N9CIQ         EN44 PY3BF         GG40
QSO: 28090 DG 2024-08-24 1509 N9CIQ         EN44 AZ5D          FF96
QSO: 28092 DG 2024-08-24 1511 N9CIQ         EN44 VP8BTR        GD08
QSO: 28090 DG 2024-08-24 1513 N9CIQ         EN44 PY2WLM/QRP    GG66
QSO: 28090 DG 2024-08-24 1518 N9CIQ         EN44 CX2DSN        GF15
QSO: 28091 DG 2024-08-24 1520 N9CIQ         EN44 1 W4MLB         EL98
QSO:  3591 DG 2024-08-25 0442 N9CIQ         EN44 KZ4HS         EM55
QSO:  3592 DG 2024-08-25 0447 N9CIQ         EN44 0 WS6K          EM79
QSO:  3591 DG 2024-08-25 0448 N9CIQ         EN44 W9IZ          EM69
END-OF-LOG:
