START-OF-LOG: 3.0
CREATED-BY: reconstructed-log-builder
CONTEST: ARRL-SS-CW
CALLSIGN: N9EXL
LOCATION: 
CATEGORY: CHECKLOG
CATEGORY-OPERATOR: SINGLE-OP
CATEGORY-BAND: ALL
CATEGORY-MODE: MIXED
CATEGORY-POWER: UNKNOWN
CATEGORY-ASSISTED: NON-ASSISTED
CATEGORY-TRANSMITTER: ONE
CATEGORY-STATION: UNKNOWN
CATEGORY-OVERLAY: 
OPERATORS: N9EXL
CLAIMED-SCORE: 
CLUB: 
NAME: 
SOAPBOX: RECONSTRUCTED MOCKUP LOG - NOT AN OFFICIAL SUBMISSION.
SOAPBOX: Derived from submitted logs for ARRL-SS-CW ARRL/arrl_november_cw_sweepstakes/2021.
QSO: 14026 CW 2021-11-06 2211 N9EXL         0001 A 84 IL KY7M          0127 M 62 AZ
QSO: 14024 CW 2021-11-06 2218 N9EXL         0002 A 84 IL K7GM          0095 B 67 NNY
QSO: 14022 CW 2021-11-06 2219 N9EXL         0003 A 84 IL N2NT          0153 B 72 NNJ
QSO: 14019 CW 2021-11-06 2223 N9EXL         0004 A 84 IL N8KH          0049 U 80 SFL
QSO: 14019 CW 2021-11-06 2225 N9EXL         005 A 84 IL KH7X          144 B 66 AZ
QSO: 14018 CW 2021-11-06 2226 N9EXL         0006 A 84 IL W6AYC         0108 A 98 SB
QSO: 14017 CW 2021-11-06 2230 N9EXL         0007 A 84 IL W7RN          0154 A 59 NV
QSO: 14011 CW 2021-11-06 2234 N9EXL         0008 A 84 IL WO4O          0082 U 69 NFL
QSO: 14011 CW 2021-11-06 2235 N9EXL         0009 A 84 IL N5ZO          0177 U 79 SDG
QSO: 14009 CW 2021-11-06 2346 N9EXL         0011 A 84 IL N2IC          0242 Q 68 NM
QSO: 14017 CW 2021-11-06 2353 N9EXL         012 A 84 IL NX6T          215 M 00 SDG
QSO: 14024 CW 2021-11-06 2356 N9EXL         13 A 84 IL W6PH          276 B 55 ORG
QSO: 14028 CW 2021-11-07 0001 N9EXL         0014 A 84 IL VE7KW         0201 M 64 BC
QSO: 14028 CW 2021-11-07 0003 N9EXL         0015 A 84 IL N7DX          0290 M 72 WWA
QSO: 14039 CW 2021-11-07 0005 N9EXL         16 A 84 IL WJ9B          271 A 66 ID
QSO: 14049 CW 2021-11-07 0012 N9EXL         0018 A 84 IL W8TK          0262 M 59 AZ
QSO: 14046 CW 2021-11-07 0014 N9EXL         0019 A 84 IL K6WSC         0152 U 69 AZ
QSO: 14025 CW 2021-11-07 0019 N9EXL         0020 A 84 IL ND7K          0404 B 89 AZ
QSO: 14018 CW 2021-11-07 0025 N9EXL         021 A 84 IL N6NZ          154 U 72 SJV
QSO: 07065 CW 2021-11-07 0156 N9EXL         0022 A 84 IL W6AYC         0310 A 98 SB
QSO: 07062 CW 2021-11-07 0159 N9EXL         0023 A 84 IL K5TQ          0384 U 69 NM
QSO: 07059 CW 2021-11-07 0205 N9EXL         0024 A 84 IL K5TA          0435 B 66 NM
QSO: 14015 CW 2021-11-07 1414 N9EXL         0026 A 84 IL WA1S          0134 A 79 NFL
QSO: 14022 CW 2021-11-07 1416 N9EXL         0027 A 84 IL N1TO          0503 B 63 SFL
QSO: 14023 CW 2021-11-07 1421 N9EXL         0029 A 84 IL K1RX          0683 B 63 NH
QSO: 14027 CW 2021-11-07 1425 N9EXL         0031 A 84 IL K5TR          1036 B 76 STX
QSO: 14028 CW 2021-11-07 1428 N9EXL         032 A 84 IL K5GN          827 B 72 STX
QSO: 14029 CW 2021-11-07 1430 N9EXL         0033 A 84 IL N4BP          0409 U 55 SFL
QSO: 14032 CW 2021-11-07 1435 N9EXL         035 A 84 IL K6YT          578 B 62 SCV
QSO: 14035 CW 2021-11-07 1439 N9EXL         0036 A 84 IL K0LUZ         0465 U 57 NFL
QSO: 14035 CW 2021-11-07 1441 N9EXL         0037 A 84 IL N2MM          0592 U 60 SNJ
QSO: 14037 CW 2021-11-07 1444 N9EXL         0038 A 84 IL N4FX          0271 U 62 VA
QSO: 14036 CW 2021-11-07 1446 N9EXL         039 A 84 IL KD4D          833 U 71 MDC
QSO: 14038 CW 2021-11-07 1447 N9EXL         0040 A 84 IL W1TO          0094 U 56 WMA
QSO: 14040 CW 2021-11-07 1641 N9EXL         0042 A 84 IL W4NF          0837 U 75 VA
QSO: 14042 CW 2021-11-07 1643 N9EXL         0043 A 84 IL K6RB          0198 B 58 SCV
QSO: 14043 CW 2021-11-07 1644 N9EXL         0044 A 84 IL KC3R          0499 B 18 WPA
QSO: 14045 CW 2021-11-07 1647 N9EXL         0045 A 84 IL N4PD          0376 U 62 VA
QSO: 14046 CW 2021-11-07 1648 N9EXL         0046 A 84 IL K0EU          1129 U 70 CO
QSO: 14046 CW 2021-11-07 1650 N9EXL         47 A 84 IL W6PH          843 B 55 ORG
QSO: 14049 CW 2021-11-07 1654 N9EXL         49 A 84 IL K6NR          416 U 69 ORG
QSO: 14051 CW 2021-11-07 1656 N9EXL         0050 A 84 IL K3MM          0940 U 73 MDC
QSO: 14051 CW 2021-11-07 1658 N9EXL         051 A 84 IL VE3ZI         668 B 62 ONN
QSO: 14052 CW 2021-11-07 1700 N9EXL         0052 A 84 IL K5PI          1109 B 77 STX
QSO: 14054 CW 2021-11-07 1702 N9EXL         0053 A 84 IL K8IA          0899 M 57 AZ
QSO: 21010 CW 2021-11-07 1704 N9EXL         0054 A 84 IL K2PO          0728 A 71 OR
QSO: 07028 CW 2021-11-07 1719 N9EXL         0055 A 84 IL K8BL          0608 U 61 OH
END-OF-LOG:
