START-OF-LOG: 3.0
CREATED-BY: okomdx-downloader
CONTEST: OK-OM DX CW Contest 2014
CALLSIGN: N1NN
OPERATORS: N1NN
CATEGORY: SINGLE-OP ALL HIGH
CATEGORY-OPERATOR: SINGLE-OP
CATEGORY-BAND: ALL
CATEGORY-MODE: CW
CATEGORY-POWER: HIGH
CATEGORY-ASSISTED: NON-ASSISTED
CATEGORY-TRANSMITTER: ONE
CATEGORY-STATION: FIXED
QSO: 21018 CW 2014-11-08 1228 N1NN          599 1          OL90OK        599 GVY       
QSO: 21008 CW 2014-11-08 1232 N1NN          599 2          OK2PAY        599 GZS       
QSO: 21013 CW 2014-11-08 1233 N1NN          599 3          OK6W          599 FRK       
QSO: 21028 CW 2014-11-08 1242 N1NN          599 4          OK5T          599 ELT       
QSO: 21037 CW 2014-11-08 1244 N1NN          599 5          OM/HA5RT      599 DET       
QSO: 21017 CW 2014-11-08 1248 N1NN          599 6          OM3PA         599 PAR       
QSO: 21031 CW 2014-11-08 1250 N1NN          599 7          OK1DG         599 BNY       
QSO: 21021 CW 2014-11-08 1251 N1NN          599 8          OL3A          599 DDO       
QSO: 28043 CW 2014-11-08 1258 N1NN          599 9          OK1DO         599 DSO       
QSO: 28037 CW 2014-11-08 1306 N1NN          599 10         OK7K          599 BME       
QSO: 28038 CW 2014-11-08 1309 N1NN          599 11         OM5DX         599 LVC       
QSO: 28045 CW 2014-11-08 1312 N1NN          599 12         OK2W          599 HVS       
QSO: 21013 CW 2014-11-08 1326 N1NN          599 13         OM8DD         599 KEO       
QSO: 21027 CW 2014-11-08 1329 N1NN          599 14         OL4A          599 CJH       
QSO: 21030 CW 2014-11-08 1331 N1NN          599 15         OM3RRC        599 PBY       
QSO: 21041 CW 2014-11-08 1333 N1NN          599 16         OK1XC         599 CTA       
QSO: 21057 CW 2014-11-08 1339 N1NN          599 17         OL5M          599 FUO       
QSO: 21031 CW 2014-11-08 1403 N1NN          599 18         OK1ES         599 BRA       
QSO: 28048 CW 2014-11-08 1420 N1NN          599 19         OL5M          599 FUO       
QSO: 28052 CW 2014-11-08 1424 N1NN          599 20         OK5T          599 ELT       
QSO: 28046 CW 2014-11-08 1455 N1NN          599 21         OM5ZW         599 BAN       
QSO: 28013 CW 2014-11-08 1508 N1NN          599 22         OL5Y          599 BKO       
QSO: 28031 CW 2014-11-08 1521 N1NN          599 23         OL4A          599 CJH       
QSO: 21016 CW 2014-11-08 1529 N1NN          599 24         OM4J          599 TNC       
QSO: 14035 CW 2014-11-08 1619 N1NN          599 25         OM3RRC        599 PBY       
QSO: 14044 CW 2014-11-08 1627 N1NN          599 26         OM8DD         599 KEO       
QSO: 21019 CW 2014-11-08 1642 N1NN          599 27         OK1DOL        599 DPS       
QSO: 21023 CW 2014-11-08 1700 N1NN          599 28         OK1TN         599 FJI       
QSO: 21041 CW 2014-11-08 1703 N1NN          599 29         OK6T          599 FNA       
QSO: 21022 CW 2014-11-08 1707 N1NN          599 30         OK2ZI         599 GTR       
QSO: 21039 CW 2014-11-08 1720 N1NN          599 31         OK1VD         599 FHK       
QSO: 21051 CW 2014-11-08 1726 N1NN          599 32         OK8WW         599 BPZ       
QSO: 21032 CW 2014-11-08 1730 N1NN          599 33         OM3SEM        599 KOM       
QSO: 21013 CW 2014-11-08 1734 N1NN          599 34         OL3Z          599 APD       
QSO: 14018 CW 2014-11-08 1741 N1NN          599 35         OK1DOL        599 DPS       
QSO: 14043 CW 2014-11-08 1743 N1NN          599 36         OK1VD         599 FHK       
QSO: 14052 CW 2014-11-08 1745 N1NN          599 37         OK6T          599 FNA       
QSO: 14025 CW 2014-11-08 1748 N1NN          599 38         OK5T          599 ELT       
QSO: 14038 CW 2014-11-08 1751 N1NN          599 39         OK1MAW        599 FSV       
QSO: 14011 CW 2014-11-08 1817 N1NN          599 40         OL90OK        599 GVY       
QSO: 14024 CW 2014-11-08 1818 N1NN          599 41         OK2W          599 HVS       
QSO: 14040 CW 2014-11-08 1824 N1NN          599 42         OK2D          599 HVS       
QSO: 14018 CW 2014-11-08 1844 N1NN          599 43         OL4A          599 CJH       
QSO: 14019 CW 2014-11-08 1846 N1NN          599 44         OL1C          599 ETE       
QSO: 14027 CW 2014-11-08 1849 N1NN          599 45         OK1TN         599 FJI       
QSO: 14032 CW 2014-11-08 1850 N1NN          599 46         OK8WW         599 BPZ       
QSO: 14019 CW 2014-11-08 1854 N1NN          599 47         OL3Z          599 APD       
QSO: 14020 CW 2014-11-08 1940 N1NN          599 48         OL3A          599 DDO       
QSO: 14026 CW 2014-11-08 1942 N1NN          599 49         OL5Y          599 BKO       
QSO: 14036 CW 2014-11-08 1944 N1NN          599 50         OK1ES         599 BRA       
QSO: 14033 CW 2014-11-08 2021 N1NN          599 51         OK1OEA        599 ELO       
QSO:  7024 CW 2014-11-09 0126 N1NN          599 52         OK8WW         599 BPZ       
QSO:  7011 CW 2014-11-09 0128 N1NN          599 53         OL3Z          599 APD       
QSO:  7011 CW 2014-11-09 0204 N1NN          599 54         OL4A          599 CJH       
QSO:  7015 CW 2014-11-09 0325 N1NN          599 55         OL3A          599 DDO       
QSO:  7035 CW 2014-11-09 0354 N1NN          599 56         OK6T          599 FNA       
QSO:  7020 CW 2014-11-09 0358 N1NN          599 57         OL90OK        599 GVY       
QSO:  7014 CW 2014-11-09 0406 N1NN          599 58         OK1DOL        599 DPS       
QSO:  7031 CW 2014-11-09 0412 N1NN          599 59         OM8DD         599 KEO       
QSO:  7037 CW 2014-11-09 0417 N1NN          599 60         OK2PAY        599 GZS       
QSO:  7023 CW 2014-11-09 0557 N1NN          599 61         OL1C          599 ETE       
QSO:  7030 CW 2014-11-09 0600 N1NN          599 62         OK1TN         599 FJI       
QSO: 14019 CW 2014-11-09 1115 N1NN          599 63         OK7Y          599 EUL       
QSO: 14015 CW 2014-11-09 1119 N1NN          599 64         OM0WR         599 SNI       
QSO: 14026 CW 2014-11-09 1123 N1NN          599 65         OM6AL         599 MAR       
QSO: 14038 CW 2014-11-09 1125 N1NN          599 66         OK2QA         599 HPR       
QSO: 21011 CW 2014-11-09 1136 N1NN          599 67         OK2AF         599 GZS       
QSO: 21022 CW 2014-11-09 1139 N1NN          599 68         OK2D          599 HVS       
QSO: 21029 CW 2014-11-09 1141 N1NN          599 69         OK1HX         599 BNY       
QSO: 14050 CW 2014-11-09 1150 N1NN          599 70         OK2BUT        599 GHO       
END-OF-LOG:
