START-OF-LOG: 3.0
CREATED-BY: yota-public-qso-downloader
CONTEST: YOTA-CONTEST
CALLSIGN: HA8IH
CATEGORY-OPERATOR: SINGLE-OP
CATEGORY-BAND: ALL
CATEGORY-MODE: MIXED
CATEGORY: Single Operator 3 bands
CLAIMED-SCORE: 0
QSO:  7011 CW 2025-12-29 1157 HA8IH         599 67     9A1A          599 19    
QSO:  7011 CW 2025-12-29 1201 HA8IH         599 67     IW3SSD        599 54    
QSO:  7011 CW 2025-12-29 1201 HA8IH         599 67     HA5JI         599 71    
QSO:  7011 CW 2025-12-29 1203 HA8IH         599 67     HG7J          599 54    
QSO:  7011 CW 2025-12-29 1422 HA8IH         599 67     HA6ON         599 68    
QSO:  7012 CW 2025-12-29 1423 HA8IH         599 67     OM3CPF        599 74    
QSO:  7015 CW 2025-12-29 1424 HA8IH         599 67     I6FDJ         599 86    
QSO:  7017 CW 2025-12-29 1425 HA8IH         599 67     HA1VQ         599 79    
QSO:  7018 CW 2025-12-29 1425 HA8IH         599 67     UA3RBR        599 67    
QSO:  7019 CW 2025-12-29 1426 HA8IH         599 67     HA2VH         599 65    
QSO:  7020 CW 2025-12-29 1426 HA8IH         599 67     HG8CK         599 15    
QSO:  7025 CW 2025-12-29 1428 HA8IH         599 67     DK4YF         599 85    
QSO:  7025 CW 2025-12-29 1430 HA8IH         599 67     IN3OWY        599 77    
QSO:  7025 CW 2025-12-29 1430 HA8IH         599 67     DK2FG         599 84    
QSO:  7025 CW 2025-12-29 1430 HA8IH         599 67     E74HX         599 52    
QSO:  7025 CW 2025-12-29 1431 HA8IH         599 67     DL3DQL        599 83    
QSO:  7025 CW 2025-12-29 1431 HA8IH         599 67     HB9GA         599 51    
QSO:  7025 CW 2025-12-29 1432 HA8IH         599 67     DL1TV         599 66    
QSO:  7025 CW 2025-12-29 1433 HA8IH         599 67     ON2ZX         599 63    
QSO:  7025 CW 2025-12-29 1433 HA8IH         599 67     DH0GDS        599 63    
QSO:  7025 CW 2025-12-29 1434 HA8IH         599 67     9A7B          599 53    
QSO:  7025 CW 2025-12-29 1434 HA8IH         599 67     DK6TV         599 82    
QSO:  7025 CW 2025-12-29 1435 HA8IH         599 67     DL1YCF        599 62    
QSO:  7025 CW 2025-12-29 1436 HA8IH         599 67     ZA1RR         599 60    
QSO:  7025 CW 2025-12-29 1436 HA8IH         599 67     SN9S          599 74    
QSO:  7025 CW 2025-12-29 1436 HA8IH         599 67     DL8MAS        599 66    
QSO:  7025 CW 2025-12-29 1438 HA8IH         599 67     M1X           599 58    
QSO:  7025 CW 2025-12-29 1439 HA8IH         599 67     LY9A          599 69    
QSO:  7025 CW 2025-12-29 1439 HA8IH         599 67     UR5WCX        599 18    
QSO:  7025 CW 2025-12-29 1440 HA8IH         599 67     YO4LHR        599 60    
QSO:  7025 CW 2025-12-29 1442 HA8IH         599 67     LY2PX         599 73    
QSO:  7025 CW 2025-12-29 1442 HA8IH         599 67     OH1RX         599 68    
QSO:  7025 CW 2025-12-29 1444 HA8IH         599 67     R1QE          599 76    
QSO:  7025 CW 2025-12-29 1444 HA8IH         599 67     ON4EM         599 55    
QSO:  7025 CW 2025-12-29 1446 HA8IH         599 67     IK1YRA        599 64    
QSO:  7025 CW 2025-12-29 1448 HA8IH         599 67     DA1TT         599 68    
QSO:  7025 CW 2025-12-29 1450 HA8IH         599 67     UA3MIF        599 61    
QSO:  7025 CW 2025-12-29 1451 HA8IH         599 67     HA0LZ         599 78    
QSO:  7025 CW 2025-12-29 1452 HA8IH         599 67     IC8FBU        599 66    
QSO:  7025 CW 2025-12-29 1454 HA8IH         599 67     UZ7E          599 51    
QSO:  7025 CW 2025-12-29 1455 HA8IH         599 67     YO5AVN        599 75    
QSO:  7025 CW 2025-12-29 1457 HA8IH         599 67     DJ3CE         599 40    
QSO:  7025 CW 2025-12-29 1458 HA8IH         599 67     OH1TS         599 91    
QSO:  7025 CW 2025-12-29 1459 HA8IH         599 67     HG8K          599 68    
QSO:  7025 CW 2025-12-29 1501 HA8IH         599 67     OQ0T          599 60    
QSO:  7025 CW 2025-12-29 1501 HA8IH         599 67     SE4E          599 59    
QSO:  7025 CW 2025-12-29 1502 HA8IH         599 67     LY7W          599 61    
QSO:  7035 CW 2025-12-29 1505 HA8IH         599 67     OE6JOZ        599 57    
QSO:  7025 CW 2025-12-29 1509 HA8IH         599 67     DJ4WT         599 63    
QSO:  7019 CW 2025-12-29 1511 HA8IH         599 67     IU8RQW        599 66    
QSO:  7019 CW 2025-12-29 1511 HA8IH         599 67     PE2K          599 61    
QSO:  7019 CW 2025-12-29 1512 HA8IH         599 67     R4MA          599 63    
QSO:  7019 CW 2025-12-29 1512 HA8IH         599 67     R3ZP          599 36    
QSO:  7019 CW 2025-12-29 1513 HA8IH         599 67     DH7NK         599 62    
QSO:  7019 CW 2025-12-29 1513 HA8IH         599 67     YO4FHU        599 66    
QSO:  7017 CW 2025-12-29 1520 HA8IH         599 67     ON6FC         599 74    
QSO:  7020 CW 2025-12-29 1521 HA8IH         599 67     R2FZ          599 74    
QSO:  7029 CW 2025-12-29 1525 HA8IH         599 67     OM7AT         599 66    
QSO:  7128 PH 2025-12-29 1529 HA8IH         59  67     S51MG         59  15    
QSO:  7164 PH 2025-12-29 1532 HA8IH         59  67     IQ3TS         59  20    
QSO:  7168 PH 2025-12-29 1532 HA8IH         59  67     OM1EPT        59  16    
QSO:  7160 PH 2025-12-29 1536 HA8IH         59  67     YO5QDI        59  68    
QSO:  7153 PH 2025-12-29 1537 HA8IH         59  67     3Z0YOTA       59  18    
QSO:  7142 PH 2025-12-29 1539 HA8IH         59  67     DL4LS         59  17    
QSO:  7136 PH 2025-12-29 1540 HA8IH         59  67     IZ2FOS        59  44    
QSO:  7012 CW 2025-12-29 1545 HA8IH         599 67     YL2TD         599 65    
QSO:  7015 CW 2025-12-29 1546 HA8IH         599 67     DA1DX         599 57    
QSO:  7017 CW 2025-12-29 1547 HA8IH         599 67     S57AJ         599 56    
QSO:  7020 CW 2025-12-29 1549 HA8IH         599 67     US3EW         599 67    
QSO:  7020 CW 2025-12-29 1550 HA8IH         599 67     9A3DML        599 71    
QSO:  7020 CW 2025-12-29 1550 HA8IH         599 67     ON6RC         599 74    
QSO:  7020 CW 2025-12-29 1551 HA8IH         599 67     9A2L          599 14    
END-OF-LOG:
