START-OF-LOG: 3.0
CREATED-BY: yota-public-qso-downloader
CONTEST: YOTA-CONTEST
CALLSIGN: KM4OQO
CATEGORY-OPERATOR: SINGLE-OP
CATEGORY-BAND: ALL
CATEGORY-MODE: MIXED
CATEGORY: Single Operator All band YOTA 6 hours
CLAIMED-SCORE: 0
QSO:  7176 PH 2021-12-30 2028 KM4OQO        59  17     DL3ON         59  16    
QSO:  7188 PH 2021-12-30 2030 KM4OQO        59  17     K8Y           59  16    
QSO:  7195 PH 2021-12-30 2050 KM4OQO        59  17     VE2IAA        59  42    
QSO:  7180 PH 2021-12-30 2111 KM4OQO        59  17     VA3IK         59  69    
QSO:  7180 PH 2021-12-30 2112 KM4OQO        59  17     K8LF          59  63    
QSO:  7180 PH 2021-12-30 2112 KM4OQO        59  17     VE3XT         59  63    
QSO:  7180 PH 2021-12-30 2114 KM4OQO        59  17     WA4BAN        59  73    
QSO:  7180 PH 2021-12-30 2115 KM4OQO        59  17     KE8RWR        59  38    
QSO:  7180 PH 2021-12-30 2115 KM4OQO        59  17     WA3RWP        59  73    
QSO:  7180 PH 2021-12-30 2116 KM4OQO        59  17     KD2REH        59  68    
QSO:  7180 PH 2021-12-30 2116 KM4OQO        59  17     KC9JML        59  67    
QSO:  7180 PH 2021-12-30 2117 KM4OQO        59  17     KD9INP        59  46    
QSO:  7180 PH 2021-12-30 2117 KM4OQO        59  17     K2EDW         59  76    
QSO:  7180 PH 2021-12-30 2118 KM4OQO        59  17     WN8Y          59  69    
QSO:  7180 PH 2021-12-30 2119 KM4OQO        59  17     W4YSN         59  71    
QSO:  7180 PH 2021-12-30 2119 KM4OQO        59  17     NH2A          59  66    
QSO:  7180 PH 2021-12-30 2121 KM4OQO        59  17     VA3FUZ        59  65    
QSO:  7180 PH 2021-12-30 2121 KM4OQO        59  17     W2FID         59  82    
QSO:  7180 PH 2021-12-30 2121 KM4OQO        59  17     WB3FBL        59  57    
QSO:  7180 PH 2021-12-30 2123 KM4OQO        59  17     N4SOL         59  11    
QSO:  7180 PH 2021-12-30 2124 KM4OQO        59  17     K1TCP         59  52    
QSO:  7180 PH 2021-12-30 2125 KM4OQO        59  17     KC9BJY        59  59    
QSO:  7180 PH 2021-12-30 2125 KM4OQO        59  17     W3RKI         59  74    
QSO:  7180 PH 2021-12-30 2126 KM4OQO        59  17     KK4NUX        59  50    
QSO:  7180 PH 2021-12-30 2127 KM4OQO        59  17     K9YSL         59  65    
QSO:  7180 PH 2021-12-30 2128 KM4OQO        59  17     K0DDS         59  75    
QSO:  7180 PH 2021-12-30 2129 KM4OQO        59  17     VA3IP         59  75    
QSO:  7180 PH 2021-12-30 2130 KM4OQO        59  17     K3MTR         59  31    
QSO:  7180 PH 2021-12-30 2131 KM4OQO        59  17     KB9SAR        59  25    
QSO:  7180 PH 2021-12-30 2131 KM4OQO        59  17     N4WRO         59  68    
QSO:  7180 PH 2021-12-30 2134 KM4OQO        59  17     KC8VRP        59  54    
QSO:  7180 PH 2021-12-30 2135 KM4OQO        59  17     N1JTK         59  73    
QSO:  7180 PH 2021-12-30 2136 KM4OQO        59  17     VE3BFU        59  61    
QSO:  7180 PH 2021-12-30 2137 KM4OQO        59  17     K1OPK         59  74    
QSO:  7180 PH 2021-12-30 2139 KM4OQO        59  17     KC1MZA        59  54    
QSO:  7180 PH 2021-12-30 2141 KM4OQO        59  17     KN4ZXF        59  33    
QSO:  7180 PH 2021-12-30 2142 KM4OQO        59  17     NS8K          59  68    
QSO:  7180 PH 2021-12-30 2144 KM4OQO        59  17     W8MCR         59  59    
QSO:  7180 PH 2021-12-30 2144 KM4OQO        59  17     N1DFD         59  43    
QSO:  7180 PH 2021-12-30 2145 KM4OQO        59  17     KK2U          59  36    
QSO:  7180 PH 2021-12-30 2145 KM4OQO        59  17     N2IUO         59  63    
QSO:  7180 PH 2021-12-30 2146 KM4OQO        59  17     K2DOD         59  80    
QSO:  7180 PH 2021-12-30 2146 KM4OQO        59  17     KC3MHQ        59  58    
QSO:  7180 PH 2021-12-30 2147 KM4OQO        59  17     KC3RZP        59  27    
QSO:  7180 PH 2021-12-30 2147 KM4OQO        59  17     WA4APL        59  65    
QSO:  7180 PH 2021-12-30 2148 KM4OQO        59  17     KD2PBZ        59  39    
QSO:  7180 PH 2021-12-30 2149 KM4OQO        59  17     K8Y           59  16    
QSO:  7180 PH 2021-12-30 2149 KM4OQO        59  17     KC1JD         59  60    
QSO:  7180 PH 2021-12-30 2150 KM4OQO        59  17     VE2CFA        59  69    
QSO:  7180 PH 2021-12-30 2151 KM4OQO        59  17     N8SSH         59  60    
QSO:  7180 PH 2021-12-30 2154 KM4OQO        59  17     KB8FXJ        59  73    
QSO:  7180 PH 2021-12-30 2155 KM4OQO        59  17     OE6MMD        59  43    
QSO:  7180 PH 2021-12-30 2156 KM4OQO        59  17     KB3EOE        59  73    
QSO:  7180 PH 2021-12-30 2157 KM4OQO        59  17     N8XYM         59  62    
QSO:  7180 PH 2021-12-30 2158 KM4OQO        59  17     KE8ADV        59  46    
QSO:  7180 PH 2021-12-30 2159 KM4OQO        59  17     W9YKR         59  66    
QSO:  7180 PH 2021-12-30 2159 KM4OQO        59  17     K8TK          59  61    
QSO:  7180 PH 2021-12-30 2200 KM4OQO        59  17     VA3KRT        59  56    
END-OF-LOG:
