START-OF-LOG: 3.0
CREATED-BY: yota-public-qso-downloader
CONTEST: YOTA-CONTEST
CALLSIGN: OM6TX
CATEGORY-OPERATOR: SINGLE-OP
CATEGORY-BAND: ALL
CATEGORY-MODE: MIXED
CATEGORY: Single Operator 3 bands
CLAIMED-SCORE: 0
QSO:  3600 PH 2021-12-30 1802 OM6TX         59  68     9A3B          59  67    
QSO:  3600 PH 2021-12-30 1803 OM6TX         59  68     DL6MRM        59  64    
QSO:  3600 PH 2021-12-30 1806 OM6TX         59  68     LY5AX         59  23    
QSO:  3600 PH 2021-12-30 1808 OM6TX         59  68     DL7PIA        59  13    
QSO:  3600 PH 2021-12-30 1814 OM6TX         59  68     DL3ON         59  16    
QSO:  3600 PH 2021-12-30 1815 OM6TX         59  68     DF0AJW        59  30    
QSO:  3600 PH 2021-12-30 1818 OM6TX         59  68     HA8RJ         59  55    
QSO:  3600 PH 2021-12-30 1820 OM6TX         59  68     IZ0VXY        59  37    
QSO:  3600 PH 2021-12-30 1822 OM6TX         59  68     EO50FF        59  67    
QSO:  3600 PH 2021-12-30 1824 OM6TX         59  68     SP2R          59  54    
QSO:  3600 PH 2021-12-30 1825 OM6TX         59  68     HA1A          59  69    
QSO:  3600 PH 2021-12-30 1844 OM6TX         59  68     DO2NK         59  67    
QSO:  3600 PH 2021-12-30 1844 OM6TX         59  68     DL6DJ         59  54    
QSO:  3600 PH 2021-12-30 1847 OM6TX         59  68     DD8SM         59  54    
QSO:  3600 PH 2021-12-30 1848 OM6TX         59  68     HB3XYN        59  54    
QSO:  3600 PH 2021-12-30 1848 OM6TX         59  68     S51J          59  73    
QSO:  3600 PH 2021-12-30 1849 OM6TX         59  68     PE0CD         59  63    
QSO:  3600 PH 2021-12-30 1851 OM6TX         59  68     I0GXK         59  59    
QSO:  3600 PH 2021-12-30 1852 OM6TX         59  68     9A3AAW        59  37    
QSO:  3600 PH 2021-12-30 1853 OM6TX         59  68     DG7NCL        59  49    
QSO:  3600 PH 2021-12-30 1853 OM6TX         59  68     G4PIQ         59  54    
QSO:  3600 PH 2021-12-30 1854 OM6TX         59  68     OE2AOP        59  60    
QSO:  3600 PH 2021-12-30 1855 OM6TX         59  68     DL4GG         59  58    
QSO:  3600 PH 2021-12-30 1855 OM6TX         59  68     DJ6SA         59  84    
QSO:  3600 PH 2021-12-30 1856 OM6TX         59  68     LY9A          59  65    
QSO:  3600 PH 2021-12-30 1857 OM6TX         59  68     DG4AO         59  53    
QSO:  3600 PH 2021-12-30 1857 OM6TX         59  68     YU7OM         59  60    
QSO:  3600 PH 2021-12-30 1857 OM6TX         59  68     HA3NU         59  62    
QSO:  3600 PH 2021-12-30 1859 OM6TX         59  68     DO4HAC        59  53    
QSO:  3600 PH 2021-12-30 1859 OM6TX         59  68     DL2KG         59  75    
QSO:  3600 PH 2021-12-30 1900 OM6TX         59  68     YL3JA         59  22    
QSO:  3600 PH 2021-12-30 1902 OM6TX         59  68     9A3SMS        59  22    
QSO:  3600 PH 2021-12-30 1904 OM6TX         59  68     DL1DJH        59  21    
QSO:  3600 PH 2021-12-30 1910 OM6TX         59  68     OH2YOTA       59  21    
QSO:  3600 PH 2021-12-30 1938 OM6TX         59  68     OM21YOTA      59  20    
QSO:  3600 PH 2021-12-30 1939 OM6TX         59  68     SN0YOTA       59  16    
QSO:  3600 PH 2021-12-30 1941 OM6TX         59  68     HA2KID        59  14    
QSO:  3600 PH 2021-12-30 1942 OM6TX         59  68     SQ3YOTA       59  12    
QSO:  3600 PH 2021-12-30 1959 OM6TX         59  68     9A21Y         59  25    
QSO:  3600 PH 2021-12-30 2039 OM6TX         59  68     IZ1SAI        59  44    
QSO:  3600 PH 2021-12-30 2043 OM6TX         59  68     OE0YOTA       59  35    
QSO:  3600 PH 2021-12-30 2045 OM6TX         59  68     OL8R          59  51    
QSO:  3600 PH 2021-12-30 2047 OM6TX         59  68     OE3NHW        59  75    
QSO:  3600 PH 2021-12-30 2048 OM6TX         59  68     SP8MRD        59  58    
QSO:  3600 PH 2021-12-30 2048 OM6TX         59  68     OK1HBO        59  38    
QSO:  3600 PH 2021-12-30 2049 OM6TX         59  68     OM7AT         59  62    
QSO:  3600 PH 2021-12-30 2049 OM6TX         59  68     OM6ASP        59  29    
QSO:  3600 PH 2021-12-30 2050 OM6TX         59  68     9A5Y          59  41    
QSO:  3600 PH 2021-12-30 2050 OM6TX         59  68     OZ5E          59  72    
QSO:  3600 PH 2021-12-30 2051 OM6TX         59  68     DL8LSK        59  58    
QSO:  3600 PH 2021-12-30 2052 OM6TX         59  68     OE6BID        59  55    
QSO:  3600 PH 2021-12-30 2053 OM6TX         59  68     OE6PID        59  56    
QSO:  3600 PH 2021-12-30 2053 OM6TX         59  68     YO5AVN        59  72    
QSO:  3600 PH 2021-12-30 2054 OM6TX         59  68     SQ7OTH        59  44    
QSO:  3600 PH 2021-12-30 2054 OM6TX         59  68     9A6AZW        59  51    
QSO:  3600 PH 2021-12-30 2055 OM6TX         59  68     DH8GHH        59  39    
QSO:  3600 PH 2021-12-30 2056 OM6TX         59  68     IU0PCL        59  57    
QSO:  3600 PH 2021-12-30 2120 OM6TX         59  68     HB9BGG        59  67    
QSO:  3600 PH 2021-12-30 2122 OM6TX         59  68     UA3YDI        59  65    
QSO:  3600 PH 2021-12-30 2123 OM6TX         59  68     OK8QC         59  66    
QSO:  3600 PH 2021-12-30 2124 OM6TX         59  68     HA8AT         59  68    
QSO:  3600 PH 2021-12-30 2124 OM6TX         59  68     SP9EKP        59  34    
QSO:  3600 PH 2021-12-30 2125 OM6TX         59  68     HG5OG         59  64    
QSO:  3600 PH 2021-12-30 2126 OM6TX         59  68     DO1JWP        59  78    
QSO:  3600 PH 2021-12-30 2127 OM6TX         59  68     OM1AVV        59  40    
QSO:  3600 PH 2021-12-30 2127 OM6TX         59  68     DO5FDR        59  26    
QSO:  3600 PH 2021-12-30 2128 OM6TX         59  68     YU6TM         59  21    
QSO:  3600 PH 2021-12-30 2128 OM6TX         59  68     OE6TSF        59  11    
QSO:  3600 PH 2021-12-30 2129 OM6TX         59  68     DB2WD         59  41    
QSO:  3600 PH 2021-12-30 2130 OM6TX         59  68     YO5QDI        59  63    
QSO:  3600 PH 2021-12-30 2207 OM6TX         59  68     OK2MBP        59  64    
QSO:  3600 PH 2021-12-30 2208 OM6TX         59  68     YU5R          59  63    
QSO:  3600 PH 2021-12-30 2209 OM6TX         59  68     DO1JYP        59  78    
QSO:  3600 PH 2021-12-30 2209 OM6TX         59  68     IV3KKW        59  45    
QSO:  3600 PH 2021-12-30 2209 OM6TX         59  68     OK1LEV        59  18    
QSO:  3600 PH 2021-12-30 2210 OM6TX         59  68     IN3IIR        59  55    
QSO:  3600 PH 2021-12-30 2210 OM6TX         59  68     SP5UFK        59  46    
QSO:  3600 PH 2021-12-30 2214 OM6TX         59  68     UT8AS         59  65    
QSO:  3600 PH 2021-12-30 2215 OM6TX         59  68     IU1NKS        59  60    
QSO:  3600 PH 2021-12-30 2216 OM6TX         59  68     EM6YOTA       59  8     
QSO:  3600 PH 2021-12-30 2217 OM6TX         59  68     UR5VAA        59  63    
QSO:  3600 PH 2021-12-30 2218 OM6TX         59  68     I0IJ          59  72    
QSO:  3600 PH 2021-12-30 2218 OM6TX         59  68     HB9IQL        59  70    
QSO:  3600 PH 2021-12-30 2219 OM6TX         59  68     DL1LRI        59  67    
QSO:  3600 PH 2021-12-30 2221 OM6TX         59  68     DL2LVM        59  77    
QSO:  3600 PH 2021-12-30 2225 OM6TX         59  68     DL1MHJ        59  55    
END-OF-LOG:
