START-OF-LOG: 3.0
CREATED-BY: reconstructed-log-builder
CONTEST: CQ-WW-SSB
CALLSIGN: K2TQC
LOCATION: 
CATEGORY: CHECKLOG
CATEGORY-OPERATOR: SINGLE-OP
CATEGORY-BAND: ALL
CATEGORY-MODE: MIXED
CATEGORY-POWER: UNKNOWN
CATEGORY-ASSISTED: NON-ASSISTED
CATEGORY-TRANSMITTER: ONE
CATEGORY-STATION: UNKNOWN
CATEGORY-OVERLAY: 
OPERATORS: K2TQC
CLAIMED-SCORE: 
CLUB: 
NAME: 
SOAPBOX: RECONSTRUCTED MOCKUP LOG - NOT AN OFFICIAL SUBMISSION.
SOAPBOX: Derived from submitted logs for CQ-WW-SSB CQWW/ph/2008.
QSO: 21224 PH 2008-10-26 1319 K2TQC         59 05 TM2Y          59 14
QSO: 21000 PH 2008-10-26 1321 K2TQC         59 05 9A7A          59 15
QSO: 21000 PH 2008-10-26 1322 K2TQC         59 5 9A4W          59 15
QSO: 21262 PH 2008-10-26 1323 K2TQC         59 05 PJ4E          59 9
QSO: 21276 PH 2008-10-26 1323 K2TQC         59 5 IO5O          59 15
QSO: 14237 PH 2008-10-26 1325 K2TQC         59 05 YR1C          59 20
QSO: 14234 PH 2008-10-26 1326 K2TQC         59 5 LN8W          59 14
QSO: 14228 PH 2008-10-26 1327 K2TQC         59 05 DQ4W          59 14
QSO: 14175 PH 2008-10-26 1328 K2TQC         59 05 AO3A          59 14
QSO: 14268 PH 2008-10-26 1329 K2TQC         59 05 M6T           59 14
QSO: 14228 PH 2008-10-26 1330 K2TQC         59 05 EE2W          59 14
QSO: 14168 PH 2008-10-26 1632 K2TQC         59 05 OE5T          59 15
QSO: 14150 PH 2008-10-26 1634 K2TQC         59 05 OX2A          59 40
QSO: 14000 PH 2008-10-26 1635 K2TQC         59 05 OK5W          59 15
QSO: 14185 PH 2008-10-26 1635 K2TQC         59 05 YT9A          59 15
QSO: 14195 PH 2008-10-26 1637 K2TQC         59 05 DL2ARD        59 14
QSO: 14000 PH 2008-10-26 1638 K2TQC         59 05 OK1OUE        59 15
QSO: 14199 PH 2008-10-26 1638 K2TQC         59 05 LN3Z          59 14
QSO: 14203 PH 2008-10-26 1639 K2TQC         59 05 EI9HX         59 14
QSO: 14175 PH 2008-10-26 1827 K2TQC         59 05 EA1FCI        59 14
QSO: 14282 PH 2008-10-26 1828 K2TQC         59 05 CQ9K          59 33
QSO: 14273 PH 2008-10-26 1833 K2TQC         59 5 TI1R          59 7
QSO: 14265 PH 2008-10-26 1834 K2TQC         59 05 PR7AR         59 11
QSO: 14000 PH 2008-10-26 1836 K2TQC         59 05 XE1CWJ        59 06
QSO: 14000 PH 2008-10-26 1837 K2TQC         59 05 TM7F          59 14
QSO: 14000 PH 2008-10-26 1838 K2TQC         59 05 EA8BMG        59 33
QSO: 14220 PH 2008-10-26 1839 K2TQC         59 05 CT8K          59 14
END-OF-LOG:
