START-OF-LOG: 3.0
CREATED-BY: reconstructed-log-builder
CONTEST: CQ-WW-SSB
CALLSIGN: PA1PE
LOCATION: 
CATEGORY: CHECKLOG
CATEGORY-OPERATOR: SINGLE-OP
CATEGORY-BAND: ALL
CATEGORY-MODE: MIXED
CATEGORY-POWER: UNKNOWN
CATEGORY-ASSISTED: NON-ASSISTED
CATEGORY-TRANSMITTER: ONE
CATEGORY-STATION: UNKNOWN
CATEGORY-OVERLAY: 
OPERATORS: PA1PE
CLAIMED-SCORE: 
CLUB: 
NAME: 
SOAPBOX: RECONSTRUCTED MOCKUP LOG - NOT AN OFFICIAL SUBMISSION.
SOAPBOX: Derived from submitted logs for CQ-WW-SSB CQWW/ph/2008.
QSO: 14234 PH 2008-10-25 0614 PA1PE         59 14 YR1C          59 20
QSO: 21305 PH 2008-10-25 0617 PA1PE         59 14 4L0A          59 21
QSO: 21328 PH 2008-10-25 0620 PA1PE         59 14 UA4WKW        59 16
QSO: 21268 PH 2008-10-25 0626 PA1PE         59 14 PA6Z          59 14
QSO: 21000 PH 2008-10-25 0632 PA1PE         59 14 RN9S          59 16
QSO: 21240 PH 2008-10-25 0640 PA1PE         59 14 RW0A          59 18
QSO: 14000 PH 2008-10-25 0650 PA1PE         59 14 IF9A          59 15
QSO: 14319 PH 2008-10-25 0653 PA1PE         59 14 IM0/IK0FMB    59 15
QSO: 14326 PH 2008-10-25 0654 PA1PE         59 14 OH8X          59 15
QSO: 14343 PH 2008-10-25 0656 PA1PE         59 14 UT7L          59 16
QSO: 14313 PH 2008-10-25 0657 PA1PE         59 14 EA7RM         59 14
QSO: 14311 PH 2008-10-25 0658 PA1PE         59 14 EH7H          59 14
QSO: 14000 PH 2008-10-25 0659 PA1PE         59 14 JA7YRR        59 25
QSO: 14297 PH 2008-10-25 0659 PA1PE         59 14 RV4HC         59 16
QSO: 14294 PH 2008-10-25 0701 PA1PE         59 14 RS3A          59 16
QSO: 14000 PH 2008-10-25 0702 PA1PE         59 14 UT0AZA        59 16
QSO: 14252 PH 2008-10-25 0706 PA1PE         59 14 YO2MAX        59 20
QSO: 14000 PH 2008-10-25 0708 PA1PE         59 14 IR9Y          59 15
QSO: 14240 PH 2008-10-25 0709 PA1PE         59 14 RK3QWW        59 16
QSO: 14229 PH 2008-10-25 0711 PA1PE         59 14 PI4ZI         59 14
QSO: 14232 PH 2008-10-25 0711 PA1PE         59 14 IZ7GWZ        59 15
QSO: 14195 PH 2008-10-25 0713 PA1PE         59 14 3V8BB         59 33
QSO: 14260 PH 2008-10-25 0714 PA1PE         59 14 UX2IO         59 16
QSO: 14160 PH 2008-10-25 0715 PA1PE         59 14 9K2K          59 21
QSO: 14196 PH 2008-10-25 0717 PA1PE         59 14 EO3Q          59 16
QSO: 14185 PH 2008-10-25 0719 PA1PE         59 14 LZ1NK         59 20
QSO: 14000 PH 2008-10-25 0720 PA1PE         59 14 UP0L          59 17
QSO: 14132 PH 2008-10-25 0721 PA1PE         59 14 YT1R          59 15
QSO: 14124 PH 2008-10-25 0722 PA1PE         59 14 RA1AW         59 16
QSO: 14118 PH 2008-10-25 0723 PA1PE         59 14 YR9P          59 20
QSO: 14000 PH 2008-10-25 0724 PA1PE         59 14 EA3GHZ        59 14
QSO: 14200 PH 2008-10-25 0726 PA1PE         59 14 J42T          59 20
QSO: 14137 PH 2008-10-25 0727 PA1PE         59 14 CN4P          59 33
QSO: 14000 PH 2008-10-25 0728 PA1PE         59 14 UA1AQA        59 16
QSO: 14157 PH 2008-10-25 0729 PA1PE         59 14 EA5KV         59 14
QSO: 14000 PH 2008-10-25 0732 PA1PE         59 14 ER5GB         59 16
QSO: 14170 PH 2008-10-25 0734 PA1PE         59 14 RA0QC         59 19
QSO: 14206 PH 2008-10-25 0741 PA1PE         59 14 PA6Z          59 14
QSO: 14000 PH 2008-10-25 0744 PA1PE         59 14 IG9S          59 33
QSO: 14186 PH 2008-10-25 0744 PA1PE         59 14 D4C           59 35
QSO: 14000 PH 2008-10-25 0805 PA1PE         59 14 EW8KY         59 16
QSO: 14000 PH 2008-10-25 0840 PA1PE         59 14 UP2L          59 17
QSO: 14150 PH 2008-10-25 0840 PA1PE         59 14 LZ3FN         59 20
QSO: 14183 PH 2008-10-25 0843 PA1PE         59 14 RK3XWO        59 16
QSO: 14000 PH 2008-10-25 0844 PA1PE         59 14 UN9L          59 17
QSO: 14000 PH 2008-10-25 0845 PA1PE         59 14 RV9LM         59 17
QSO: 14175 PH 2008-10-25 0846 PA1PE         59 14 HA8JV         59 15
QSO: 14000 PH 2008-10-25 0857 PA1PE         59 14 AO8A          59 33
QSO: 14183 PH 2008-10-25 0857 PA1PE         59 14 AM1T          59 14
QSO: 14189 PH 2008-10-25 0900 PA1PE         59 14 CN2B          59 33
QSO: 14000 PH 2008-10-25 0904 PA1PE         59 14 YT1BB         59 15
QSO: 14200 PH 2008-10-25 0905 PA1PE         59 14 YT9A          59 15
QSO: 14000 PH 2008-10-25 0906 PA1PE         59 14 YU7ZZ         59 15
QSO: 14204 PH 2008-10-25 0908 PA1PE         59 14 J48RT         59 20
QSO: 14208 PH 2008-10-25 0908 PA1PE         59 14 RA3CM         59 16
QSO: 14213 PH 2008-10-25 0910 PA1PE         59 14 RM3F          59 16
QSO: 14273 PH 2008-10-25 0925 PA1PE         59 14 HG6N          59 15
QSO: 14189 PH 2008-10-25 0927 PA1PE         59 14 RA9JM         59 17
QSO: 14278 PH 2008-10-25 0929 PA1PE         59 14 EA5EA         59 14
QSO: 14000 PH 2008-10-25 0930 PA1PE         59 14 9A7A          59 15
QSO: 14303 PH 2008-10-25 0932 PA1PE         59 14 EA5EH         59 14
QSO: 14000 PH 2008-10-25 0935 PA1PE         59 14 YR8V          59 20
QSO: 14312 PH 2008-10-25 0935 PA1PE         59 14 EA4KR         59 14
QSO: 14000 PH 2008-10-25 0940 PA1PE         59 14 EA4TG         59 14
QSO: 14330 PH 2008-10-25 0941 PA1PE         59 14 E77XZ         59 15
QSO: 14334 PH 2008-10-25 0941 PA1PE         59 14 TM1O          59 14
QSO: 14337 PH 2008-10-25 0942 PA1PE         59 14 CT8K          59 14
QSO: 14344 PH 2008-10-25 0943 PA1PE         59 14 RW1AC         59 16
QSO: 14000 PH 2008-10-25 1001 PA1PE         59 14 UP4L          59 17
QSO: 14195 PH 2008-10-25 1004 PA1PE         59 14 EE7X          59 14
QSO: 14307 PH 2008-10-25 1005 PA1PE         59 14 EI7M          59 14
QSO: 14302 PH 2008-10-25 1009 PA1PE         59 14 IO5O          59 15
QSO: 14000 PH 2008-10-25 1010 PA1PE         59 14 9A1P          59 15
QSO: 14294 PH 2008-10-25 1012 PA1PE         59 14 GI5K          59 14
QSO: 14289 PH 2008-10-25 1018 PA1PE         59 14 YL6W          59 15
QSO: 14290 PH 2008-10-25 1018 PA1PE         59 14 RZ3AXX        59 16
QSO: 14287 PH 2008-10-25 1042 PA1PE         59 14 S51A          59 15
QSO: 14277 PH 2008-10-25 1047 PA1PE         59 14 PZ5Z          59 09
QSO: 14271 PH 2008-10-25 1048 PA1PE         59 14 AM3SSB        59 14
QSO: 14276 PH 2008-10-25 1048 PA1PE         59 14 E77XZ         59 15
QSO: 14269 PH 2008-10-25 1051 PA1PE         59 14 ES5TV         59 15
QSO: 14000 PH 2008-10-25 1052 PA1PE         59 14 9A8M          59 15
QSO: 14000 PH 2008-10-25 1052 PA1PE         59 14 RV4LC         59 16
QSO: 14122 PH 2008-10-25 1053 PA1PE         59 14 E7DX          59 15
QSO: 14000 PH 2008-10-25 1054 PA1PE         59 14 UU7J          59 16
QSO: 14000 PH 2008-10-25 1103 PA1PE         59 14 HG4F          59 15
QSO: 14205 PH 2008-10-25 1126 PA1PE         59 14 PJ4E          59 9
QSO: 14199 PH 2008-10-25 1131 PA1PE         59 14 K1IR          59 5
QSO: 14200 PH 2008-10-25 1131 PA1PE         59 14 AA1K          59 5
QSO: 14169 PH 2008-10-25 1133 PA1PE         59 14 NQ4I          59 05
QSO: 14168 PH 2008-10-25 1134 PA1PE         59 14 K3NA          59 5
QSO: 14166 PH 2008-10-25 1135 PA1PE         59 14 W2RE          59 5
QSO: 14167 PH 2008-10-25 1136 PA1PE         59 14 K3WW          59 5
QSO: 14135 PH 2008-10-25 1139 PA1PE         59 14 VP2E          59 08
QSO: 14000 PH 2008-10-25 1142 PA1PE         59 14 CK3AT         59 04
QSO: 14117 PH 2008-10-25 1144 PA1PE         59 14 PJ2T          59 9
QSO: 14149 PH 2008-10-25 1146 PA1PE         59 14 VO1KVT        59 5
QSO: 14150 PH 2008-10-25 1147 PA1PE         59 14 KC1XX         59 5
QSO: 14000 PH 2008-10-25 1148 PA1PE         59 14 E71A          59 15
QSO: 14000 PH 2008-10-25 1154 PA1PE         59 14 RW1ZA         59 16
QSO: 14228 PH 2008-10-25 1158 PA1PE         59 14 K1TTT         59 5
QSO: 14216 PH 2008-10-25 1200 PA1PE         59 14 EF1W          59 14
QSO: 14125 PH 2008-10-25 1209 PA1PE         59 14 VP5DX         59 08
QSO: 14000 PH 2008-10-25 1212 PA1PE         59 14 UA3BS         59 16
QSO: 14110 PH 2008-10-25 1217 PA1PE         59 14 8P5A          59 8
QSO: 14107 PH 2008-10-25 1218 PA1PE         59 14 HQ3Z          59 07
QSO: 14000 PH 2008-10-25 1223 PA1PE         59 14 9M8Z          59 28
QSO: 14173 PH 2008-10-25 1225 PA1PE         59 14 JA2PAC        59 25
QSO: 14318 PH 2008-10-25 1230 PA1PE         59 14 C49C          59 20
QSO: 14145 PH 2008-10-25 1235 PA1PE         59 14 VY2ZM         59 5
QSO: 14000 PH 2008-10-25 1237 PA1PE         59 14 A41MX         59 21
QSO: 14120 PH 2008-10-25 1237 PA1PE         59 14 HK3RA         59 9
QSO: 14122 PH 2008-10-25 1237 PA1PE         59 14 VO1TA         59 5
QSO: 14103 PH 2008-10-25 1246 PA1PE         59 14 CT9L          59 33
QSO: 14104 PH 2008-10-25 1247 PA1PE         599 14 VA2ZM         599 2
QSO: 14000 PH 2008-10-25 1255 PA1PE         59 14 RZ1ZZ         59 16
QSO: 14000 PH 2008-10-25 1257 PA1PE         59 14 LZ2JA         59 20
QSO: 14142 PH 2008-10-25 1258 PA1PE         59 14 6Y1V          59 08
QSO: 14155 PH 2008-10-25 1301 PA1PE         59 14 W3UA          59 5
QSO: 14158 PH 2008-10-25 1303 PA1PE         59 14 WE3C          59 5
QSO: 14160 PH 2008-10-25 1304 PA1PE         59 14 N2NT          59 05
QSO: 14171 PH 2008-10-25 1306 PA1PE         59 14 S53S          59 15
QSO: 14176 PH 2008-10-25 1308 PA1PE         59 14 LZ1ND         59 20
QSO: 14000 PH 2008-10-25 1310 PA1PE         59 14 IZ6FXP        59 15
QSO: 14222 PH 2008-10-25 1322 PA1PE         59 14 KC2NB         59 05
QSO: 14224 PH 2008-10-25 1323 PA1PE         59 14 N4T           59 05
QSO: 14121 PH 2008-10-25 1326 PA1PE         59 14 N5DX          59 4
QSO: 14238 PH 2008-10-25 1328 PA1PE         59 14 K1KP          59 5
QSO: 14247 PH 2008-10-25 1330 PA1PE         59 14 UZ2M          59 16
QSO: 14000 PH 2008-10-25 1341 PA1PE         59 14 P33W          59 20
QSO: 14331 PH 2008-10-25 1342 PA1PE         59 14 4L0A          59 21
QSO: 14000 PH 2008-10-25 1343 PA1PE         59 14 W9RE          59 04
QSO: 14000 PH 2008-10-25 1345 PA1PE         59 14 RK3AWK        59 16
QSO: 14000 PH 2008-10-25 1350 PA1PE         59 14 EK3SA         59 21
QSO: 14163 PH 2008-10-25 1357 PA1PE         59 14 KA1NCN        59 5
QSO: 14209 PH 2008-10-25 1358 PA1PE         59 14 UA3SAQ        59 16
QSO: 14000 PH 2008-10-25 1402 PA1PE         59 14 K1IM          59 5
QSO: 14190 PH 2008-10-25 1404 PA1PE         59 14 CQ4U          59 14
QSO: 14148 PH 2008-10-25 1424 PA1PE         59 14 4X0V          59 20
QSO: 14298 PH 2008-10-25 1429 PA1PE         59 14 SV9CVY        59 20
QSO: 14153 PH 2008-10-25 1436 PA1PE         59 14 K3LR          59 5
QSO: 14155 PH 2008-10-25 1437 PA1PE         59 14 W3LPL         59 5
QSO: 14120 PH 2008-10-25 1443 PA1PE         59 14 TF3W          59 40
QSO: 14241 PH 2008-10-25 1447 PA1PE         59 14 DJ4AX         59 14
QSO: 14000 PH 2008-10-25 1448 PA1PE         59 14 VU2PAI        59 22
QSO: 14199 PH 2008-10-25 1545 PA1PE         59 14 K0TV          59 5
QSO: 14198 PH 2008-10-25 1547 PA1PE         59 14 W0YR          59 5
QSO: 14331 PH 2008-10-25 1548 PA1PE         59 14 EA4KD         59 14
QSO: 14322 PH 2008-10-25 1550 PA1PE         59 14 K7RL          59 3
QSO: 14000 PH 2008-10-25 1553 PA1PE         59 14 CT/LZ3ND      59 14
QSO: 14123 PH 2008-10-25 1622 PA1PE         59 14 CQ3T          59 33
QSO: 14115 PH 2008-10-25 1623 PA1PE         59 14 EA7TN         59 14
QSO: 14107 PH 2008-10-25 1624 PA1PE         59 14 EA1FDI        59 14
QSO: 14240 PH 2008-10-25 1625 PA1PE         59 14 K9RS          59 5
QSO: 14227 PH 2008-10-25 1626 PA1PE         59 14 W3BGN         59 05
QSO: 14222 PH 2008-10-25 1627 PA1PE         59 14 EA7RU         59 14
QSO: 14222 PH 2008-10-25 1628 PA1PE         59 14 EA7RU         59 14
QSO: 14187 PH 2008-10-25 1638 PA1PE         59 14 K1DG          59 5
QSO: 14165 PH 2008-10-25 1641 PA1PE         59 14 N3RS          59 05
QSO: 14000 PH 2008-10-25 1642 PA1PE         59 14 K8PO          59 5
QSO: 14195 PH 2008-10-25 1654 PA1PE         59 14 K8AZ          59 04
QSO: 14000 PH 2008-10-25 1656 PA1PE         59 14 N1UR          59 05
QSO: 14188 PH 2008-10-26 0631 PA1PE         59 14 5B4AII        59 20
QSO: 14000 PH 2008-10-26 0634 PA1PE         59 14 UA0YAY        59 23
QSO: 14257 PH 2008-10-26 0639 PA1PE         59 14 RT4M          59 16
QSO: 14258 PH 2008-10-26 0639 PA1PE         59 14 RW9SZ         59 16
QSO: 14263 PH 2008-10-26 0652 PA1PE         59 14 UA9PC         59 18
QSO: 14156 PH 2008-10-26 0700 PA1PE         59 14 SO9Q          59 15
QSO: 14000 PH 2008-10-26 0703 PA1PE         59 14 RW9RW         59 17
QSO: 14000 PH 2008-10-26 0703 PA1PE         59 14 UN6LN         59 17
QSO: 14000 PH 2008-10-26 0705 PA1PE         59 14 RN3ZC         59 16
QSO: 14000 PH 2008-10-26 0706 PA1PE         59 14 4L2M          59 21
QSO: 14200 PH 2008-10-26 0706 PA1PE         59 14 UV8M          59 16
QSO: 14000 PH 2008-10-26 0711 PA1PE         59 14 LZ1BJ         59 20
QSO: 14178 PH 2008-10-26 0711 PA1PE         59 14 YR7M          59 20
QSO: 14196 PH 2008-10-26 0714 PA1PE         59 14 UA4WKW        59 16
QSO: 14219 PH 2008-10-26 0715 PA1PE         59 14 DL2ARD        59 14
QSO: 14000 PH 2008-10-26 0730 PA1PE         59 14 OK5W          59 15
QSO: 14337 PH 2008-10-26 0730 PA1PE         59 14 OM6A          59 15
QSO: 14290 PH 2008-10-26 0735 PA1PE         59 14 A73A          59 21
QSO: 14000 PH 2008-10-26 0738 PA1PE         59 14 EX2X          59 17
QSO: 14104 PH 2008-10-26 0739 PA1PE         59 14 YO3CZW        59 20
QSO: 14205 PH 2008-10-26 0758 PA1PE         59 14 CS2P          59 14
QSO: 14000 PH 2008-10-26 0804 PA1PE         59 14 CQ4T          59 14
QSO: 14000 PH 2008-10-26 0805 PA1PE         59 14 JA3AOP        59 25
QSO: 14311 PH 2008-10-26 0807 PA1PE         59 14 RV9CP         59 17
QSO: 14320 PH 2008-10-26 0810 PA1PE         59 14 CQ9K          59 33
QSO: 14000 PH 2008-10-26 0812 PA1PE         59 14 JA7FTR        59 25
QSO: 14000 PH 2008-10-26 0818 PA1PE         59 14 6V7M          59 35
QSO: 14106 PH 2008-10-26 0822 PA1PE         59 14 OH6M          59 15
QSO: 14175 PH 2008-10-26 0827 PA1PE         59 14 EA1FCI        59 14
QSO: 14000 PH 2008-10-26 0837 PA1PE         59 14 TA2/DL7BC     59 20
QSO: 14248 PH 2008-10-26 0841 PA1PE         59 14 DR1A          59 14
QSO: 14000 PH 2008-10-26 0842 PA1PE         59 14 LY1CX         59 15
QSO: 14270 PH 2008-10-26 0845 PA1PE         59 14 UZ5UA         59 16
QSO: 14000 PH 2008-10-26 0846 PA1PE         59 14 RA3RK         59 16
QSO: 14115 PH 2008-10-26 0848 PA1PE         59 14 SU1KM         59 34
QSO: 14169 PH 2008-10-26 0849 PA1PE         59 14 PT2CM         59 11
QSO: 14000 PH 2008-10-26 0904 PA1PE         59 14 LZ9X          59 20
QSO: 14317 PH 2008-10-26 0904 PA1PE         59 14 JA6ZPR        59 25
QSO: 14331 PH 2008-10-26 0906 PA1PE         59 14 CT3HF         59 33
QSO: 14000 PH 2008-10-26 0907 PA1PE         59 14 IR9Z          59 15
QSO: 14305 PH 2008-10-26 0920 PA1PE         59 14 B1Z           59 24
QSO: 14315 PH 2008-10-26 0922 PA1PE         59 14 DR5N          59 14
QSO: 14336 PH 2008-10-26 0924 PA1PE         59 14 EV1R          59 16
QSO: 14000 PH 2008-10-26 0935 PA1PE         59 14 ER0WW         59 16
QSO: 14000 PH 2008-10-26 0942 PA1PE         59 14 IZ8DPL        59 59
QSO: 14000 PH 2008-10-26 0942 PA1PE         59 14 YO8WW         59 20
QSO: 14000 PH 2008-10-26 0945 PA1PE         59 14 RN3QO         59 16
QSO: 14000 PH 2008-10-26 0948 PA1PE         59 14 RU3FF         59 16
QSO: 14309 PH 2008-10-26 0951 PA1PE         59 14 CT9L          59 33
QSO: 14270 PH 2008-10-26 1003 PA1PE         59 14 FY5KE         59 09
QSO: 14247 PH 2008-10-26 1006 PA1PE         59 14 CT7A          59 14
QSO: 14175 PH 2008-10-26 1007 PA1PE         59 14 YT9X          59 15
QSO: 14153 PH 2008-10-26 1023 PA1PE         59 14 CT1JLZ        59 14
QSO: 14124 PH 2008-10-26 1028 PA1PE         59 14 OH4XX         59 15
QSO: 14145 PH 2008-10-26 1032 PA1PE         59 14 EA1EVR        59 14
QSO: 14261 PH 2008-10-26 1038 PA1PE         59 14 HG3DX         59 15
QSO: 14235 PH 2008-10-26 1051 PA1PE         59 14 ZY7C          59 11
QSO: 14290 PH 2008-10-26 1055 PA1PE         59 14 IS0/K7QB      59 15
QSO: 14000 PH 2008-10-26 1057 PA1PE         59 14 UA3R          59 16
QSO: 14000 PH 2008-10-26 1135 PA1PE         59 14 9Y4D          59 9
QSO: 14184 PH 2008-10-26 1142 PA1PE         59 14 N2RM          59 5
QSO: 14178 PH 2008-10-26 1144 PA1PE         59 14 K5ZD          59 05
QSO: 14109 PH 2008-10-26 1153 PA1PE         59 14 P40A          59 9
QSO: 14165 PH 2008-10-26 1159 PA1PE         59 14 K1RX          59 5
QSO: 14183 PH 2008-10-26 1203 PA1PE         59 14 K2AX          59 5
QSO: 14234 PH 2008-10-26 1216 PA1PE         59 14 K3EST         59 5
QSO: 14283 PH 2008-10-26 1228 PA1PE         59 14 K3WW          59 5
QSO: 14318 PH 2008-10-26 1232 PA1PE         59 14 WB1DX         59 05
QSO: 14327 PH 2008-10-26 1235 PA1PE         59 14 K1LZ          59 05
QSO: 14329 PH 2008-10-26 1237 PA1PE         59 14 K2LE          59 5
QSO: 14000 PH 2008-10-26 1425 PA1PE         59 14 IU9A          59 15
QSO: 14147 PH 2008-10-26 1426 PA1PE         59 14 V26B          59 8
QSO: 14000 PH 2008-10-26 1428 PA1PE         59 14 YO4RST        59 20
QSO: 14000 PH 2008-10-26 1438 PA1PE         59 14 NL7V          59 01
QSO: 14164 PH 2008-10-26 1441 PA1PE         59 14 IZ8FWN        59 15
QSO: 14000 PH 2008-10-26 1446 PA1PE         59 14 VP5T          59 8
QSO: 14097 PH 2008-10-26 1446 PA1PE         59 14 HK6P          59 09
QSO: 14139 PH 2008-10-26 1451 PA1PE         59 14 VE3DZ         59 4
QSO: 14000 PH 2008-10-26 1459 PA1PE         59 14 HS0ZGD        59 26
QSO: 14185 PH 2008-10-26 1503 PA1PE         59 14 C4I           59 20
QSO: 14142 PH 2008-10-26 1515 PA1PE         59 14 LZ6W          59 20
QSO: 14000 PH 2008-10-26 1517 PA1PE         59 14 Z32ID         59 15
QSO: 14000 PH 2008-10-26 1541 PA1PE         59 14 TC4X          59 20
QSO: 14105 PH 2008-10-26 1541 PA1PE         59 14 V48M          59 8
QSO: 14099 PH 2008-10-26 1544 PA1PE         59 14 TF8GX         59 40
QSO: 14000 PH 2008-10-26 1545 PA1PE         59 14 VE2GSO        59 2
QSO: 14112 PH 2008-10-26 1545 PA1PE         59 14 VE3XD         59 4
QSO: 14119 PH 2008-10-26 1547 PA1PE         59 14 VE3RM         59 04
QSO: 14125 PH 2008-10-26 1549 PA1PE         59 14 VY2TT         59 5
QSO: 14128 PH 2008-10-26 1551 PA1PE         59 14 BA7NQ         59 24
QSO: 14136 PH 2008-10-26 1553 PA1PE         59 14 9V1YC         59 28
QSO: 14000 PH 2008-10-26 1600 PA1PE         59 14 W0YK          59 3
QSO: 14274 PH 2008-10-26 1605 PA1PE         59 14 AO7T          59 14
QSO: 14312 PH 2008-10-26 1610 PA1PE         59 14 K4ZW          59 5
QSO: 14296 PH 2008-10-26 1612 PA1PE         59 14 N1MM          59 5
QSO: 14304 PH 2008-10-26 1613 PA1PE         59 14 AO5B          59 14
QSO: 14339 PH 2008-10-26 1618 PA1PE         59 14 N2IC          59 4
QSO: 14093 PH 2008-10-26 1620 PA1PE         59 14 HI3T          59 8
QSO: 14000 PH 2008-10-26 1621 PA1PE         59 14 KP4KE         59 08
QSO: 14306 PH 2008-10-26 1626 PA1PE         59 14 W4WS          59 5
QSO: 14000 PH 2008-10-26 1640 PA1PE         59 14 K3ZO          59 05
QSO: 14000 PH 2008-10-26 1640 PA1PE         59 14 W7WA          59 03
QSO: 14000 PH 2008-10-26 1640 PA1PE         59 14 YU1EL         59 15
QSO: 14211 PH 2008-10-26 1640 PA1PE         59 14 W2GB          59 5
QSO: 14281 PH 2008-10-26 1657 PA1PE         59 14 IR4X          59 15
QSO: 14289 PH 2008-10-26 1658 PA1PE         59 14 K4AB          59 4
QSO: 14180 PH 2008-10-26 1702 PA1PE         59 14 EB1WW         59 14
QSO: 14175 PH 2008-10-26 1713 PA1PE         59 14 K2CJ          59 05
QSO: 14182 PH 2008-10-26 1918 PA1PE         59 14 NN3W          59 5
END-OF-LOG:
