START-OF-LOG: 3.0
CREATED-BY: reconstructed-log-builder
CONTEST: RDA
CALLSIGN: RA3AN
LOCATION: 
CATEGORY: CHECKLOG
CATEGORY-OPERATOR: SINGLE-OP
CATEGORY-BAND: ALL
CATEGORY-MODE: MIXED
CATEGORY-POWER: UNKNOWN
CATEGORY-ASSISTED: NON-ASSISTED
CATEGORY-TRANSMITTER: ONE
CATEGORY-STATION: UNKNOWN
CATEGORY-OVERLAY: 
OPERATORS: RA3AN
CLAIMED-SCORE: 
CLUB: 
NAME: 
SOAPBOX: RECONSTRUCTED MOCKUP LOG - NOT AN OFFICIAL SUBMISSION.
SOAPBOX: Derived from submitted logs for RDA RDAContest/2020.
QSO: 14000 CW 2020-08-15 0802 RA3AN         599 MO88 OK1DOL        599 0003
QSO: 14047 CW 2020-08-15 0805 RA3AN         599 MO88 PA3AAV        599 0006
QSO: 14020 CW 2020-08-15 0812 RA3AN         599 MO88 SV1ME         599 0001
QSO: 21010 CW 2020-08-15 0812 RA3AN         599 MO88 OP4K          599 0014
QSO: 21017 CW 2020-08-15 0814 RA3AN         599 MO88 ON5JT         599 0009
QSO: 14027 CW 2020-08-15 0818 RA3AN         599 MO88 SN5N          599 0025
QSO: 14028 CW 2020-08-15 0819 RA3AN         599 MO88 IK0YVV        599 0025
QSO: 14028 CW 2020-08-15 0819 RA3AN         599 MO88 UP4L          599 0032
QSO: 14029 CW 2020-08-15 0820 RA3AN         599 MO88 DL9NEI        599 0015
QSO: 14030 CW 2020-08-15 0820 RA3AN         599 MO88 YQ6A          599 0033
QSO: 21000 CW 2020-08-15 0822 RA3AN         599 MO88 YT5M          599 0023
QSO: 14055 CW 2020-08-15 0832 RA3AN         599 MO88 LZ1QZ         599 0026
QSO: 14007 CW 2020-08-15 0833 RA3AN         599 MO88 UP0L          599 0081
QSO: 14009 CW 2020-08-15 0835 RA3AN         599 MO88 IK1JJM        599 0011
QSO: 21023 CW 2020-08-15 0835 RA3AN         599 MO88 LZ5R          599 0082
QSO: 21026 CW 2020-08-15 0835 RA3AN         599 MO88 9A5X          599 0049
QSO: 14011 CW 2020-08-15 0838 RA3AN         599 MO88 UR7GO         599 0054
QSO: 21042 CW 2020-08-15 0839 RA3AN         599 MO87 SP3ZHP        599 0024
QSO: 21021 CW 2020-08-15 0841 RA3AN         599 MO88 LZ1ZJ         599 0039
QSO: 21031 CW 2020-08-15 0843 RA3AN         599 MO88 YO4NF         599 0037
QSO: 21032 CW 2020-08-15 0843 RA3AN         599 MO88 LY4T          599 0014
QSO: 14022 CW 2020-08-15 0844 RA3AN         599 MO88 DL6KVA        599 0038
QSO: 14032 CW 2020-08-15 0847 RA3AN         599 MO78 DJ0SP         599 0023
QSO: 14000 CW 2020-08-15 0849 RA3AN         599 MO88 DL2OM         599 0041
QSO: 21007 CW 2020-08-15 0849 RA3AN         599 MO88 YQ6A          599 0071
QSO: 21018 CW 2020-08-15 0852 RA3AN         599 MO88 S51DX         599 0026
QSO: 14040 CW 2020-08-15 0854 RA3AN         599 MO88 SN7Q          599 0056
QSO: 21030 CW 2020-08-15 0856 RA3AN         599 MO88 SV2JAO        599 0039
QSO: 28017 CW 2020-08-15 0900 RA3AN         599 MO88 4U1A          599 0088
QSO: 14007 CW 2020-08-15 0902 RA3AN         599 MO88 OP4K          599 0072
QSO: 28011 CW 2020-08-15 0903 RA3AN         599 MO88 DJ9AO         599 0061
QSO: 28012 CW 2020-08-15 0903 RA3AN         599 MO88 YL7X          599 0103
QSO: 14014 CW 2020-08-15 0905 RA3AN         599 M088 DL6RDE        599 0082
QSO: 14019 CW 2020-08-15 0907 RA3AN         599 MO88 LZ105AJ       599 0005
QSO: 14027 CW 2020-08-15 0910 RA3AN         599 MO88 9A5X          599 0104
QSO: 14030 CW 2020-08-15 0911 RA3AN         599 MO88 SV1ENG        599 0023
QSO: 28000 CW 2020-08-15 0911 RA3AN         599 MO88 SD1A          599 0037
QSO: 28025 CW 2020-08-15 0912 RA3AN         599 MO88 DL6KVA        599 0060
QSO: 14030 CW 2020-08-15 0913 RA3AN         599 MO88 ON5JT         599 0026
QSO: 28021 CW 2020-08-15 0930 RA3AN         599 MO88 DL3DTH        599 0048
QSO: 28022 CW 2020-08-15 0931 RA3AN         599 MO88 DA2W          599 0031
QSO: 28039 CW 2020-08-15 0933 RA3AN         599 MO88 DF7CB         599 0013
QSO: 28000 CW 2020-08-15 0934 RA3AN         599 MO88 YT6M          599 0032
QSO: 28038 CW 2020-08-15 0935 RA3AN         599 MO88 YU1YV         599 0013
QSO: 28039 CW 2020-08-15 0936 RA3AN         599 MO88 CT1DRB        599 0021
QSO: 28038 CW 2020-08-15 0937 RA3AN         599 MO88 UP4L          599 0135
QSO: 21024 CW 2020-08-15 0940 RA3AN         599 MO88 LZ9W          599 0212
QSO: 21026 CW 2020-08-15 0945 RA3AN         599 MO88 HA9A          599 0130
QSO: 28030 CW 2020-08-15 0945 RA3AN         599 MO88 OH1XT         599 0117
QSO: 21031 CW 2020-08-15 0946 RA3AN         599 MO88 EA3X          599 0029
QSO: 28038 CW 2020-08-15 0947 RA3AN         599 MO88 YT2AAA        599 0123
QSO: 21034 CW 2020-08-15 0948 RA3AN         599 MO88 DL3DTH        599 0066
QSO: 28039 CW 2020-08-15 0948 RA3AN         599 MO88 LX1NO         599 0078
QSO: 21035 CW 2020-08-15 0949 RA3AN         599 MO88 F6HKA         599 0066
QSO: 21000 CW 2020-08-15 0954 RA3AN         599 MO77 CT7/DL6IAK    599 0018
QSO: 28016 CW 2020-08-15 0954 RA3AN         599 MO88 SN7Q          599 0125
QSO: 21023 CW 2020-08-15 0957 RA3AN         599 MO88 SP6AEG        599 0060
QSO: 28032 CW 2020-08-15 0958 RA3AN         599 MO88 OK1VK         599 0114
QSO: 21033 CW 2020-08-15 0959 RA3AN         599 MO88 HA7PO         599 0067
QSO: 28011 CW 2020-08-15 0959 RA3AN         599 MO88 LZ9W          599 0232
QSO: 28022 CW 2020-08-15 1000 RA3AN         599 MO88 DK9IP         599 0070
QSO: 28022 CW 2020-08-15 1002 RA3AN         599 MO88 LZ5R          599 0264
QSO: 28023 CW 2020-08-15 1002 RA3AN         599 MO88 DJ9DZ         599 0094
QSO: 21045 CW 2020-08-15 1003 RA3AN         599 MO88 DJ9AO         599 0129
QSO: 28026 CW 2020-08-15 1004 RA3AN         599 MO88 LZ4AE         599 0131
QSO: 28067 CW 2020-08-15 1004 RA3AN         599 MA01 SM3WMU        599 0005
QSO: 21031 CW 2020-08-15 1007 RA3AN         599 MO88 LZ5QZ         599 0014
QSO: 21040 CW 2020-08-15 1009 RA3AN         599 MO88 SQ9S          599 0005
QSO: 21000 CW 2020-08-15 1010 RA3AN         599 MO88 Z35F          599 0040
QSO: 21022 CW 2020-08-15 1010 RA3AN         599 MO88 EA2WX         599 0045
QSO: 21032 CW 2020-08-15 1011 RA3AN         599 MA08 OS0S          599 0016
QSO: 21029 CW 2020-08-15 1012 RA3AN         599 MO88 DL4WA         599 0040
QSO: 21037 CW 2020-08-15 1013 RA3AN         599 MO88 UP4L          599 0170
QSO: 28028 CW 2020-08-15 1016 RA3AN         599 MO88 YT6W          599 0059
QSO: 14014 CW 2020-08-15 1018 RA3AN         599 MO88 UR7MZ         599 0100
QSO: 14028 CW 2020-08-15 1021 RA3AN         599 MO88 LZ3QE         599 0084
QSO: 14030 CW 2020-08-15 1022 RA3AN         599 MO88 HA9A          599 0179
QSO: 21022 CW 2020-08-15 1022 RA3AN         599 MO88 YL7X          599 0235
QSO: 21026 CW 2020-08-15 1024 RA3AN         599 MO88 DL6KVA        599 0138
QSO: 21006 CW 2020-08-15 1026 RA3AN         599 MO88 E74Y          599 0041
QSO: 21041 CW 2020-08-15 1026 RA3AN         599 MO88 SP9H          599 0099
QSO: 14046 CW 2020-08-15 1032 RA3AN         599 MO87 SP3ZHP        599 0059
QSO: 21000 CW 2020-08-15 1037 RA3AN         599 MO88 SP9BNM        599 0017
QSO: 21012 CW 2020-08-15 1223 RA3AN         599 MO88 LZ8E          599 0134
QSO: 14036 CW 2020-08-15 1224 RA3AN         599 0000 DA2W          599 0118
QSO: 21026 CW 2020-08-15 1227 RA3AN         599 MO88 UR7GO         599 0361
QSO: 14038 CW 2020-08-15 1228 RA3AN         599 MO88 4U1A          599 0384
QSO: 14056 CW 2020-08-15 1231 RA3AN         599 MO88 LX1NO         599 0211
QSO: 14007 CW 2020-08-15 1234 RA3AN         599 MO88 DJ9AO         599 0265
QSO: 21019 CW 2020-08-15 1351 RA3AN         599 MO78 DL2SAX        599 0037
QSO: 14005 CW 2020-08-15 1354 RA3AN         599 MO88 UR6EA         599 0045
QSO:  7024 CW 2020-08-15 1511 RA3AN         599 MO88 YU7KW         599 0107
QSO:  7012 CW 2020-08-15 1523 RA3AN         599 MO88 4U1A          599 0532
QSO:  7014 CW 2020-08-15 1526 RA3AN         599 MO88 YO4DW         599 0124
QSO:  7000 CW 2020-08-15 1528 RA3AN         599 MO88 EV6Z          599 0246
QSO: 14034 CW 2020-08-15 1529 RA3AN         599 MO88 YT2AAA        599 0448
QSO: 14036 CW 2020-08-15 1529 RA3AN         599 MO88 PA3FQA        599 0066
QSO:  7024 CW 2020-08-15 1531 RA3AN         599 MO88 HA9A          599 0311
QSO: 14025 CW 2020-08-15 1539 RA3AN         599 MO88 G4EDG         599 0008
QSO:  7000 CW 2020-08-15 1544 RA3AN         599 MO88 YT1A          599 0013
QSO:  7017 CW 2020-08-15 1545 RA3AN         599 MO88 ER4A          599 0253
QSO:  7029 CW 2020-08-15 1548 RA3AN         599 MO88 LA3MHA        599 0003
QSO: 14014 CW 2020-08-15 1549 RA3AN         599 MO88 DL6KWN        599 0024
QSO:  7033 CW 2020-08-15 1550 RA3AN         599 MO88 UT7CR         599 0624
QSO: 14028 CW 2020-08-15 1553 RA3AN         599 MO88 HA6NL         599 0279
QSO: 14027 CW 2020-08-15 1555 RA3AN         599 MO88 EU8U          599 0444
QSO: 14027 CW 2020-08-15 1555 RA3AN         599 MO88 F4DXW         599 0120
QSO: 14027 CW 2020-08-15 1555 RA3AN         599 MO88 OE1TKW        599 0013
QSO: 14028 CW 2020-08-15 1556 RA3AN         599 MO88 G4IZZ         599 0052
QSO: 14027 CW 2020-08-15 1557 RA3AN         599 MO88 UT2UB         599 0197
QSO: 14027 CW 2020-08-15 1558 RA3AN         599 MO88 OG6N          599 0613
QSO: 14028 CW 2020-08-15 1558 RA3AN         599 MO88 DJ8QP         599 0281
QSO: 14030 CW 2020-08-15 1600 RA3AN         599 MO88 G3OAG         599 0147
QSO: 14027 CW 2020-08-15 1601 RA3AN         599 M088 P3AA          599 0359
QSO: 14000 CW 2020-08-15 1602 RA3AN         599 MO88 UR7VA         599 0044
QSO: 14028 CW 2020-08-15 1602 RA3AN         599 MO88 F6IRA         599 0234
QSO: 14028 CW 2020-08-15 1603 RA3AN         599 MO88 LA8OM         599 0470
QSO: 14027 CW 2020-08-15 1604 RA3AN         599 MO88 DL4WA         599 0332
QSO: 14027 CW 2020-08-15 1605 RA3AN         599 MO88 OK4RQ         599 0074
QSO: 14028 CW 2020-08-15 1605 RA3AN         599 MO88 VE7ACN        599 0082
QSO: 14027 CW 2020-08-15 1607 RA3AN         599 MO F5MMB         599 0042
QSO: 14000 CW 2020-08-15 1608 RA3AN         599 MO88 K3ZO          599 0120
QSO: 14027 CW 2020-08-15 1608 RA3AN         599 MO88 G3P           599 0276
QSO: 14028 CW 2020-08-15 1608 RA3AN         599 MO88 4X1MM         599 0297
QSO: 14025 CW 2020-08-15 1609 RA3AN         599 MO88 4Z4KX         599 0053
QSO: 14027 CW 2020-08-15 1610 RA3AN         599 MO88 DL1THB        599 0048
QSO: 14027 CW 2020-08-15 1611 RA3AN         599 MO88 LZ9W          599 0626
QSO: 14000 CW 2020-08-15 1612 RA3AN         599 MO88 SP50ENV       599 0186
QSO: 14024 CW 2020-08-15 1613 RA3AN         599 MO88 F6FTB         599 0028
QSO: 14027 CW 2020-08-15 1613 RA3AN         599 MO88 I2WIJ         599 0170
QSO: 14028 CW 2020-08-15 1613 RA3AN         599 MO88 ER4A          599 0289
QSO: 14028 CW 2020-08-15 1613 RA3AN         599 MO88 LY6A          599 0241
QSO: 14027 CW 2020-08-15 1614 RA3AN         599 MO88 SM5CIL        599 0012
QSO: 14028 CW 2020-08-15 1614 RA3AN         599 MO88 LZ2NG         599 0226
QSO: 14028 CW 2020-08-15 1615 RA3AN         599 MO88 F4DSK         599 0220
QSO: 14028 CW 2020-08-15 1616 RA3AN         599 MO88 IN3FHE        599 0029
QSO: 14028 CW 2020-08-15 1617 RA3AN         599 MO88 F6GCP         599 0284
QSO: 14028 CW 2020-08-15 1617 RA3AN         599 MO88 LA2HFA        599 0111
QSO: 14028 CW 2020-08-15 1620 RA3AN         599 MO88 SP5CNA        599 0383
QSO: 14028 CW 2020-08-15 1621 RA3AN         599 MO88 SP9H          599 0342
QSO: 14007 CW 2020-08-15 1647 RA3AN         599 MO88 LZ5R          599 0881
QSO: 14042 CW 2020-08-15 1702 RA3AN         599 MO88 ZS1ANF        599 0089
QSO:  7001 CW 2020-08-15 1707 RA3AN         599 MO88 DL6RAI        599 0029
QSO:  7016 CW 2020-08-15 1711 RA3AN         599 MO88 DL6KVA        599 0528
QSO:  7017 CW 2020-08-15 1711 RA3AN         599 MO88 UR6EA         599 0074
QSO:  7018 CW 2020-08-15 1715 RA3AN         599 MO88 YQ6A          599 0479
QSO:  7023 CW 2020-08-15 1718 RA3AN         599 MO88 ES4RD         599 0490
QSO:  7029 CW 2020-08-15 1720 RA3AN         599 MO88 DJ9AO         599 0485
QSO:  7036 CW 2020-08-15 1722 RA3AN         599 MO88 LZ5R          599 0922
QSO:  7000 CW 2020-08-15 1723 RA3AN         599 MO88 UN7LDR        599 0137
QSO:  7040 CW 2020-08-15 1723 RA3AN         599 MO88 UN9L          599 0315
QSO:  7009 CW 2020-08-15 1727 RA3AN         599 MO88 OP4K          599 0498
QSO:  7014 CW 2020-08-15 1728 RA3AN         599 MO88 OH1XT         599 0522
QSO:  7014 CW 2020-08-15 1728 RA3AN         599 MO88 UN7CN         599 0109
QSO:  7014 CW 2020-08-15 1729 RA3AN         599 MO88 OH2YL         599 0104
QSO:  7000 CW 2020-08-15 1730 RA3AN         599 MO88 E74X          599 0086
QSO:  7038 CW 2020-08-15 1736 RA3AN         599 MO88 E77EA         599 0035
QSO:  3524 CW 2020-08-15 1743 RA3AN         599 MO88 LZ1QZ         599 0225
QSO:  3525 CW 2020-08-15 1744 RA3AN         599 MO88 LZ5R          599 0950
QSO:  7000 CW 2020-08-15 1746 RA3AN         599 M088 P3AA          599 0414
QSO:  7003 CW 2020-08-15 1747 RA3AN         599 MO88 UT6CW         599 0139
END-OF-LOG:
