START-OF-LOG: 3.0
CREATED-BY: reconstructed-log-builder
CONTEST: RDA
CALLSIGN: RW4M
LOCATION: 
CATEGORY: CHECKLOG
CATEGORY-OPERATOR: SINGLE-OP
CATEGORY-BAND: ALL
CATEGORY-MODE: MIXED
CATEGORY-POWER: UNKNOWN
CATEGORY-ASSISTED: NON-ASSISTED
CATEGORY-TRANSMITTER: ONE
CATEGORY-STATION: UNKNOWN
CATEGORY-OVERLAY: 
OPERATORS: RW4M
CLAIMED-SCORE: 
CLUB: 
NAME: 
SOAPBOX: RECONSTRUCTED MOCKUP LOG - NOT AN OFFICIAL SUBMISSION.
SOAPBOX: Derived from submitted logs for RDA RDAContest/2020.
QSO: 28020 CW 2020-08-15 0809 RW4M          599 UL04 UN8PT         599 0016
QSO: 28000 CW 2020-08-15 0819 RW4M          599 UL04 SF6W          599 0010
QSO: 28023 CW 2020-08-15 0839 RW4M          599 UL04 ES4RD         599 0052
QSO: 28017 CW 2020-08-15 0850 RW4M          599 UL04 4U1A          599 0070
QSO: 28000 CW 2020-08-15 0900 RW4M          599 UL04 SD1A          599 0021
QSO: 28025 CW 2020-08-15 0918 RW4M          599 UL04 SF0A          599 0032
QSO: 28030 CW 2020-08-15 0928 RW4M          599 UL04 OH1XT         599 0087
QSO: 28040 CW 2020-08-15 0930 RW4M          599 UL04 OH3WW         599 0088
QSO: 28023 CW 2020-08-15 0940 RW4M          599 UL04 SM6FPC        599 0066
QSO: 28022 CW 2020-08-15 1059 RW4M          599 UL04 LZ9W          599 0310
QSO: 28013 CW 2020-08-15 1145 RW4M          599 UL04 OG6N          599 0314
QSO: 28017 CW 2020-08-15 1159 RW4M          599 UL04 UR7GO         599 0330
QSO: 28029 CW 2020-08-15 1201 RW4M          599 UL04 LZ8E          599 0113
QSO: 28011 CW 2020-08-15 1210 RW4M          599 UL04 YT2AAA        599 0283
QSO: 28028 CW 2020-08-15 1223 RW4M          599 UL04 LZ4AE         599 0230
QSO: 28019 CW 2020-08-15 1242 RW4M          599 UL14 OG66X         599 0045
QSO: 14036 CW 2020-08-15 1351 RW4M          599 UL04 OY1CT         599 0087
QSO: 14000 CW 2020-08-15 1355 RW4M          599 UL04 EI7KD         599 0174
QSO: 14043 CW 2020-08-15 1400 RW4M          599 UL04 HZ7C          599 0059
QSO: 14045 CW 2020-08-15 1406 RW4M          599 UL04 ZS1ANF        599 0031
QSO: 14006 CW 2020-08-15 1427 RW4M          599 UL04 EU5C          599 0248
QSO: 28012 CW 2020-08-16 0754 RW4M          599 UL04 YO9FYP        599 0176
END-OF-LOG:
