START-OF-LOG: 3.0
CREATED-BY: reconstructed-log-builder
CONTEST: FD SSB
CALLSIGN: F4ENR
LOCATION: 
CATEGORY: CHECKLOG
CATEGORY-OPERATOR: SINGLE-OP
CATEGORY-BAND: ALL
CATEGORY-MODE: MIXED
CATEGORY-POWER: UNKNOWN
CATEGORY-ASSISTED: NON-ASSISTED
CATEGORY-TRANSMITTER: ONE
CATEGORY-STATION: UNKNOWN
CATEGORY-OVERLAY: 
OPERATORS: F4ENR
CLAIMED-SCORE: 
CLUB: 
NAME: 
SOAPBOX: RECONSTRUCTED MOCKUP LOG - NOT AN OFFICIAL SUBMISSION.
SOAPBOX: Derived from submitted logs for FD SSB DARC/Fieldday/SSB/2022.
QSO: 14263 PH 2022-09-03 1414 F4ENR         59 001 IZ7FLP        59 086
QSO:  7118 PH 2022-09-03 1500 F4ENR         59 0004 S55W/P        59 0124
QSO:  7000 PH 2022-09-03 1512 F4ENR         59 005 OE7F/P        59 168
QSO:  7000 PH 2022-09-03 1551 F4ENR         59 028 DL5D/P        59 080
QSO:  7177 PH 2022-09-03 1606 F4ENR         59 0009 S50X/P        59 0180
QSO:  7000 PH 2022-09-03 1737 F4ENR         59 010 OE4C/P        59 117
QSO:  7172 PH 2022-09-03 1754 F4ENR         59 0011 IQ0PG/P       59 0225
QSO:  7098 PH 2022-09-04 1207 F4ENR         59 0013 DK0WO/P       59 0304
QSO:  7101 PH 2022-09-04 1215 F4ENR         59 014 DK0ED/P       59 0311
QSO:  7120 PH 2022-09-04 1230 F4ENR         59 0015 G2L/P         59 0462
QSO:  7000 PH 2022-09-04 1236 F4ENR         59 016 DM3F/P        59 0694
QSO:  7126 PH 2022-09-04 1242 F4ENR         59 0017 G4FNL/P       59 0812
END-OF-LOG:
