START-OF-LOG: 3.0
CONTEST: ARRL-VHF-JAN
CALLSIGN: KI6A
LOCATION: LAX
CATEGORY-OPERATOR: SINGLE-OP
CATEGORY-ASSISTED: NON-ASSISTED
CATEGORY-POWER: LOW
CATEGORY-BAND: VHF-3-BAND
CATEGORY-MODE: ALL
CATEGORY-TRANSMITTER: ONE
CATEGORY-STATION: FIXED
OPERATORS: KI6A
CREATED-BY: RUMLOGNG (5.18.3) BY DL2RUM
HQ-CATEGORY: Single Operator, 3 Band
HQ-GRID-LOCATOR: DM04UA
QSO: 144 FM 2026-01-17 2014 KI6A DM04 KM6RNJ DM03
QSO: 432 FM 2026-01-17 2018 KI6A DM04 K6SUD DM14
QSO: 144 PH 2026-01-17 2125 KI6A DM04 KN6STX DM04
QSO: 50 DG 2026-01-17 2151 KI6A DM04 NA6MG DM04
QSO: 50 DG 2026-01-17 2153 KI6A DM04 W6BVB DM13
QSO: 50 DG 2026-01-17 2307 KI6A DM04 WA6LBY DM04
QSO: 50 DG 2026-01-17 2310 KI6A DM04 N6UTC DM03
QSO: 432 PH 2026-01-17 2317 KI6A DM04 KM6RNJ DM03
QSO: 144 CW 2026-01-17 2333 KI6A DM04 WQ6D DM04
QSO: 144 DG 2026-01-18 0004 KI6A DM04 NA6MG DM04
QSO: 50 DG 2026-01-18 0008 KI6A DM04 K9TAD DM04
QSO: 144 FM 2026-01-18 0130 KI6A DM04 WA9FBC DM04
QSO: 432 FM 2026-01-18 0135 KI6A DM04 KN6VQR DM03
QSO: 144 FM 2026-01-18 0154 KI6A DM04 K6LMN/R DM04
QSO: 144 DG 2026-01-18 0212 KI6A DM04 W6BVB DM13
QSO: 50 PH 2026-01-18 0308 KI6A DM04 WB6CIA DM04
QSO: 50 PH 2026-01-18 0308 KI6A DM04 KM6RNJ DM03
QSO: 50 DG 2026-01-18 1727 KI6A DM04 KF0BBU EM18
QSO: 50 DG 2026-01-18 1730 KI6A DM04 KC0IJH EM17
QSO: 144 FM 2026-01-18 1827 KI6A DM04 N6GP/R DM03
QSO: 432 FM 2026-01-18 1829 KI6A DM04 N6GP/R DM03
QSO: 50 DG 2026-01-18 1844 KI6A DM04 N5RZ EM00
QSO: 50 DG 2026-01-18 1846 KI6A DM04 K6NR DM14
QSO: 50 DG 2026-01-18 1850 KI6A DM04 N5WS EL09
QSO: 50 DG 2026-01-18 1853 KI6A DM04 KM5RG EL09
QSO: 50 DG 2026-01-18 1855 KI6A DM04 N6GP/R DM03
QSO: 50 DG 2026-01-18 2321 KI6A DM04 N6GP/R DM14
QSO: 432 FM 2026-01-19 0350 KI6A DM04 AC6VV DM04
END-OF-LOG: