START-OF-LOG: 3.0
CONTEST: ARRL-VHF-JAN
CALLSIGN: WT4R
LOCATION: TN
CATEGORY-OPERATOR: SINGLE-OP
CATEGORY-ASSISTED: ASSISTED
CATEGORY-POWER: LOW
CATEGORY-BAND: VHF-3-BAND
CATEGORY-MODE: ALL
CATEGORY-TRANSMITTER: ONE
CATEGORY-STATION: FIXED
OPERATORS: WT4R
CREATED-BY: 
HQ-CATEGORY: Single Operator, 3 Band
HQ-GRID-LOCATOR: EM85EW
QSO: 50 DG 2026-01-17 1923 WT4R EM85 AG4W EM64
QSO: 50 DG 2026-01-17 1924 WT4R EM85 W4NH EM84
QSO: 50 DG 2026-01-17 1928 WT4R EM85 K2JB EM85
QSO: 50 DG 2026-01-17 2125 WT4R EM85 W4ATL EM73
QSO: 50 DG 2026-01-17 2126 WT4R EM85 KB2ACY EM85
QSO: 50 DG 2026-01-17 2132 WT4R EM85 W4MAA EM84
QSO: 50 DG 2026-01-17 2133 WT4R EM85 NS4T EM73
QSO: 50 DG 2026-01-17 2135 WT4R EM85 W4UCK EM74
QSO: 50 DG 2026-01-17 2216 WT4R EM85 W4PH EM85
QSO: 50 DG 2026-01-17 2251 WT4R EM85 W4UDH EM75
QSO: 50 DG 2026-01-17 2258 WT4R EM85 W2UA EM74
QSO: 50 DG 2026-01-18 0006 WT4R EM85 W4BAB EM74
QSO: 144 DG 2026-01-18 2123 WT4R EM85 W4NH EM84
QSO: 50 DG 2026-01-18 2138 WT4R EM85 KK4MA EM93
QSO: 50 DG 2026-01-18 2144 WT4R EM85 N2CB EN75
QSO: 50 DG 2026-01-18 2209 WT4R EM85 K3DNE EM94
QSO: 50 DG 2026-01-18 2212 WT4R EM85 KC4GCK EM74
QSO: 50 DG 2026-01-18 2214 WT4R EM85 K4KR EM74
QSO: 50 DG 2026-01-18 2314 WT4R EM85 N5DTT EL29
QSO: 50 DG 2026-01-18 2320 WT4R EM85 NE5TX EL29
QSO: 50 DG 2026-01-18 2321 WT4R EM85 WN2E EM50
QSO: 50 DG 2026-01-18 2324 WT4R EM85 AI5VU EL29
END-OF-LOG: