START-OF-LOG: 2.0
ARRL-SECTION: DX
CALLSIGN: EA5NB
CLUB:  
CONTEST: EA-MAJESTAD-SSB
CATEGORY: SINGLE-OP 40M
CLAIMED-SCORE: 5040
OPERATORS: EA5NB
NAME: Manuel Cisneros Pascual
CREATED-BY: N1MM Logger+ 1.0.6430.0
QSO:  7110 PH 2017-06-25 0824 EA5NB         59  V      EC5JC         59  A        
QSO:  7110 PH 2017-06-25 0825 EA5NB         59  V      EB1HRW        59  VA       
QSO:  7110 PH 2017-06-25 0826 EA5NB         59  V      EA1DFQ        59  LO       
QSO:  7110 PH 2017-06-25 0828 EA5NB         59  V      EF5T          59  MU       
QSO:  7110 PH 2017-06-25 0830 EA5NB         59  V      ED5P          59  A        
QSO:  7110 PH 2017-06-25 0832 EA5NB         59  V      EA5FGK        59  A        
QSO:  7110 PH 2017-06-25 0833 EA5NB         59  V      EA5HEP        59  A        
QSO:  7110 PH 2017-06-25 0835 EA5NB         59  V      EA5SR         59  A        
QSO:  7110 PH 2017-06-25 0837 EA5NB         59  V      9A5Y          59  942      
QSO:  7110 PH 2017-06-25 0837 EA5NB         59  V      EA5GMB        59  MU       
QSO:  7110 PH 2017-06-25 0838 EA5NB         59  V      F6GPT         59  296      
QSO:  7110 PH 2017-06-25 0840 EA5NB         59  V      EA6QY         59  IB       
QSO:  7110 PH 2017-06-25 0843 EA5NB         59  V      EA3AVN        59  B        
QSO:  7110 PH 2017-06-25 0846 EA5NB         59  V      EA5IFY        59  CS       
QSO:  7110 PH 2017-06-25 0847 EA5NB         59  V      ED4SMR        59  CC       
QSO:  7110 PH 2017-06-25 0849 EA5NB         59  V      F1RHS         59  437      
QSO:  7110 PH 2017-06-25 0850 EA5NB         59  V      EB5CS         59  CS       
QSO:  7110 PH 2017-06-25 0851 EA5NB         59  V      EC5EA         59  A        
QSO:  7110 PH 2017-06-25 0852 EA5NB         59  V      EA1VM         59  P        
QSO:  7110 PH 2017-06-25 0853 EA5NB         59  V      EE5T          59  V        
QSO:  7110 PH 2017-06-25 0854 EA5NB         59  V      EC7AT         59  AL       
QSO:  7110 PH 2017-06-25 0857 EA5NB         59  V      EA7JPL        59  CA       
QSO:  7110 PH 2017-06-25 0858 EA5NB         59  V      EB1TR         59  O        
QSO:  7110 PH 2017-06-25 0901 EA5NB         59  V      EB1DJ         59  C        
QSO:  7110 PH 2017-06-25 0902 EA5NB         59  V      EC7DTQ        59  MA       
QSO:  7110 PH 2017-06-25 0904 EA5NB         59  V      EA7MV         59  GR       
QSO:  7110 PH 2017-06-25 0906 EA5NB         59  V      EA7JWF        59  CO       
QSO:  7110 PH 2017-06-25 0907 EA5NB         59  V      ED1V          59  PO       
QSO:  7110 PH 2017-06-25 0908 EA5NB         59  V      EA7HOH        59  CA       
QSO:  7110 PH 2017-06-25 0909 EA5NB         59  V      EA6DB         59  IB       
QSO:  7110 PH 2017-06-25 0911 EA5NB         59  V      ED7R          59  CA       
QSO:  7110 PH 2017-06-25 0914 EA5NB         59  V      EA2KB         59  ZA       
QSO:  7110 PH 2017-06-25 0916 EA5NB         59  V      ED4Y          59  CC       
QSO:  7110 PH 2017-06-25 0919 EA5NB         59  V      EA1PS         59  VA       
QSO:  7110 PH 2017-06-25 0925 EA5NB         59  V      EA1ASC        59  SA       
QSO:  7110 PH 2017-06-25 0927 EA5NB         59  V      EF1W          59  O        
QSO:  7110 PH 2017-06-25 0928 EA5NB         59  V      EA3AQ         59  B        
QSO:  7110 PH 2017-06-25 0930 EA5NB         59  V      EB7HQE        59  J        
QSO:  7110 PH 2017-06-25 0932 EA5NB         59  V      EC7DKU        59  CA       
QSO:  7110 PH 2017-06-25 0936 EA5NB         59  V      DK5KK         59  234      
QSO:  7110 PH 2017-06-25 0937 EA5NB         59  V      ED1R          59  AV       
QSO:  7110 PH 2017-06-25 0939 EA5NB         59  V      EA1WD         59  S        
QSO:  7110 PH 2017-06-25 0940 EA5NB         59  V      EA2DCD        59  BI       
QSO:  7110 PH 2017-06-25 0941 EA5NB         59  V      EA5XC         59  A        
QSO:  7110 PH 2017-06-25 0942 EA5NB         59  V      EB5AG         59  A        
QSO:  7110 PH 2017-06-25 0946 EA5NB         59  V      EA1MK         59  P        
QSO:  7110 PH 2017-06-25 0947 EA5NB         59  V      EA7JMO        59  MA       
QSO:  7110 PH 2017-06-25 0952 EA5NB         59  V      EA4TD         59  M        
QSO:  7110 PH 2017-06-25 0955 EA5NB         59  V      EA4BVW        59  TO       
QSO:  7110 PH 2017-06-25 0957 EA5NB         59  V      EA7IZZ        59  CA       
QSO:  7110 PH 2017-06-25 1004 EA5NB         59  V      EA7JZD        59  MA       
QSO:  7110 PH 2017-06-25 1006 EA5NB         59  V      EA3KT         59  B        
QSO:  7110 PH 2017-06-25 1008 EA5NB         59  V      TM2F          59  680      
QSO:  7110 PH 2017-06-25 1010 EA5NB         59  V      EA7JQT        59  SE       
QSO:  7110 PH 2017-06-25 1010 EA5NB         59  V      EF9R          59  CE       
QSO:  7110 PH 2017-06-25 1011 EA5NB         59  V      EA1AT         59  S        
QSO:  7110 PH 2017-06-25 1012 EA5NB         59  V      EC5NJ         59  V        
QSO:  7110 PH 2017-06-25 1013 EA5NB         59  V      ED3S          59  GI       
QSO:  7110 PH 2017-06-25 1018 EA5NB         59  V      EA3HKY        59  B        
QSO:  7110 PH 2017-06-25 1019 EA5NB         59  V      EA3HLM        59  B        
QSO:  7110 PH 2017-06-25 1020 EA5NB         59  V      EA2AGV        59  BI       
QSO:  7110 PH 2017-06-25 1025 EA5NB         59  V      ED9E          59  CE       
QSO:  7110 PH 2017-06-25 1027 EA5NB         59  V      EA8ZS         59  GC       
QSO:  7110 PH 2017-06-25 1028 EA5NB         59  V      EF0F          59  SMR      
QSO:  7110 PH 2017-06-25 1035 EA5NB         59  V      ED7T          59  AL       
QSO:  7110 PH 2017-06-25 1040 EA5NB         59  V      F6BLZ         59  175      
QSO:  7110 PH 2017-06-25 1042 EA5NB         59  V      EA4CRP        59  BA       
QSO:  7110 PH 2017-06-25 1043 EA5NB         59  V      EA5CVS        59  V        
QSO:  7110 PH 2017-06-25 1050 EA5NB         59  V      EG2SMR        59  NA       
QSO:  7110 PH 2017-06-25 1052 EA5NB         59  V      EA3GOM        59  B        
QSO:  7110 PH 2017-06-25 1055 EA5NB         59  V      EA4CWN        59  TO       
QSO:  7110 PH 2017-06-25 1057 EA5NB         59  V      EA1ABT        59  S        
QSO:  7110 PH 2017-06-25 1101 EA5NB         59  V      EA4GSH        59  BA       
END-OF-LOG:
