START-OF-LOG: 2.0
ARRL-SECTION: DX
CALLSIGN: YV4ET
CLUB: G5DX
CONTEST: EA-MAJESTAD-SSB
CATEGORY: SINGLE-OP 40M
CLAIMED-SCORE: 1742
OPERATORS: YV4ET
NAME: JUAN CARLOS FRIDEGOTTO
CREATED-BY: N1MM Logger+ 1.0.5013.0
QSO:  7107 PH 2015-06-28 0150 YV4ET         59  001    J79MM         59  439      
QSO:  7163 PH 2015-06-28 0200 YV4ET         59  002    RY6Y          59  710      
QSO:  7108 PH 2015-06-28 0220 YV4ET         59  003    PY2LED        59  713      
QSO:  7094 PH 2015-06-28 0315 YV4ET         59  004    9A3B          59  675      
QSO:  7144 PH 2015-06-28 0331 YV4ET         59  005    HG6V          59  441      
QSO:  7106 PH 2015-06-28 0339 YV4ET         59  006    ED1B          59  O        
QSO:  7115 PH 2015-06-28 0342 YV4ET         59  007    EA4FR         59  CR       
QSO:  7100 PH 2015-06-28 0408 YV4ET         59  008    EC7AT         59  AL       
QSO:  7165 PH 2015-06-28 0423 YV4ET         59  009    EA5RC         59  CS       
QSO:  7085 PH 2015-06-28 0601 YV4ET         59  010    EE7Y          59  H        
QSO:  7088 PH 2015-06-28 0602 YV4ET         59  011    EA2LMI        59  NA       
QSO:  7100 PH 2015-06-28 0604 YV4ET         59  012    ED1R          59  AV       
QSO:  7176 PH 2015-06-28 0608 YV4ET         59  013    F5VMN         59  456      
QSO:  7103 PH 2015-06-28 0611 YV4ET         59  014    EA5HJY        59  A        
QSO:  7095 PH 2015-06-28 0616 YV4ET         59  015    EA1IQM        59  PO       
QSO:  7083 PH 2015-06-28 0618 YV4ET         59  016    EA4GBA        59  CC       
QSO:  7144 PH 2015-06-28 0624 YV4ET         59  017    EA5IGO        59  V        
QSO:  7091 PH 2015-06-28 0627 YV4ET         59  018    EA5III        59  A        
QSO:  7068 PH 2015-06-28 0629 YV4ET         59  019    EA9UV         59  CE       
QSO:  7118 PH 2015-06-28 0631 YV4ET         59  020    EA1WD         59  S        
QSO:  7108 PH 2015-06-28 0644 YV4ET         59  021    VE2CWQ        59  002      
QSO:  7167 PH 2015-06-28 0650 YV4ET         59  022    ED2SMR        59  NA       
QSO:  7130 PH 2015-06-28 0657 YV4ET         59  023    EA4ZM         59  BA       
QSO:  7121 PH 2015-06-28 0659 YV4ET         59  024    EA7JQT        59  SE       
QSO:  7113 PH 2015-06-28 0705 YV4ET         59  025    EA9PD         59  CE       
QSO:  7126 PH 2015-06-28 0719 YV4ET         59  026    HI5KF         59  215      
QSO:  7095 PH 2015-06-28 0721 YV4ET         59  027    EA8AMY        59  GC       
QSO:  7120 PH 2015-06-28 0733 YV4ET         59  028    CM8MNH        59  001      
QSO:  7120 PH 2015-06-28 0737 YV4ET         59  029    W4C           59  003      
END-OF-LOG:
