START-OF-LOG: 3.0
CONTEST: WW-DIGI
CALLSIGN: R1FB
LOCATION: DX
CATEGORY-OPERATOR: SINGLE-OP
CATEGORY-ASSISTED: NON-ASSISTED
CATEGORY-BAND: ALL
CATEGORY-POWER: LOW
CATEGORY-MODE: DIGI
CATEGORY-TRANSMITTER: ONE
GRID-LOCATOR: KO48WV
CLAIMED-SCORE: 96570
NAME: ANDREW TOMKO
OPERATORS: R1FB
CLUB: RCPW
CREATED-BY: N1MM Logger+ 1.0.10406.0
QSO:   21093 DG 2024-08-24 1429 R1FB             KO48   BD7NSK           OL62    
QSO:   21093 DG 2024-08-24 1430 R1FB             KO48   YB1BML           OI33    
QSO:   21093 DG 2024-08-24 1432 R1FB             KO48   R9YU             NO22    
QSO:   21083 DG 2024-08-24 1436 R1FB             KO48   KA2MGE           FN02    
QSO:   21083 DG 2024-08-24 1437 R1FB             KO48   YD0ASW           OI33    
QSO:   21083 DG 2024-08-24 1438 R1FB             KO48   K9GMM            FM18    
QSO:   21083 DG 2024-08-24 1438 R1FB             KO48   IU8PWS           JN71    
QSO:   21083 DG 2024-08-24 1441 R1FB             KO48   YC2FAJ           OI42    
QSO:   21083 DG 2024-08-24 1444 R1FB             KO48   NF3R             FN20    
QSO:   21083 DG 2024-08-24 1444 R1FB             KO48   YC5AKH           OI09    
QSO:   21083 DG 2024-08-24 1445 R1FB             KO48   7I6O             NJ93    
QSO:   21083 DG 2024-08-24 1445 R1FB             KO48   YC1GDF           OI33    
QSO:   21082 DG 2024-08-24 1452 R1FB             KO48   YC1PIO           OI42    
QSO:   21082 DG 2024-08-24 1452 R1FB             KO48   VK2WW            QF55    
QSO:   21082 DG 2024-08-24 1454 R1FB             KO48   9W2BAF           OJ11    
QSO:   21082 DG 2024-08-24 1455 R1FB             KO48   YB4ECU           OI19    
QSO:   21082 DG 2024-08-24 1457 R1FB             KO48   JH4UYB           PM64    
QSO:   21082 DG 2024-08-24 1458 R1FB             KO48   3W9A             OK31    
QSO:   21082 DG 2024-08-24 1500 R1FB             KO48   K9YY             EM59    
QSO:   21082 DG 2024-08-24 1502 R1FB             KO48   W0ZA             EN00    
QSO:   21082 DG 2024-08-24 1504 R1FB             KO48   JH4UTP           PM64    
QSO:   21082 DG 2024-08-24 1506 R1FB             KO48   EA5IL            IM99    
QSO:   21092 DG 2024-08-24 1514 R1FB             KO48   YC3BVG           OI71    
QSO:   21092 DG 2024-08-24 1515 R1FB             KO48   YF8BJS           OI97    
QSO:   21092 DG 2024-08-24 1516 R1FB             KO48   EA3CFV           JN11    
QSO:   21092 DG 2024-08-24 1517 R1FB             KO48   BG6VBM           OM52    
QSO:   21092 DG 2024-08-24 1518 R1FB             KO48   YB1BMI           OI33    
QSO:   21092 DG 2024-08-24 1520 R1FB             KO48   YC4SIZ           OI24    
QSO:   21092 DG 2024-08-24 1521 R1FB             KO48   BD4UN            PM02    
QSO:   21092 DG 2024-08-24 1523 R1FB             KO48   YD2GYO           OI43    
QSO:   21092 DG 2024-08-24 1524 R1FB             KO48   IT9VCE           JM77    
QSO:   21092 DG 2024-08-24 1525 R1FB             KO48   JA0IXW           PM86    
QSO:   21092 DG 2024-08-24 1526 R1FB             KO48   YE1BMZ           OI33    
QSO:   21092 DG 2024-08-24 1529 R1FB             KO48   YB8PVU           PI09    
QSO:   21093 DG 2024-08-24 1542 R1FB             KO48   EA2DYB           IN83    
QSO:   21093 DG 2024-08-24 1545 R1FB             KO48   YF2BLL           OI52    
QSO:   21093 DG 2024-08-24 1547 R1FB             KO48   BI4IWL           OM86    
QSO:   21093 DG 2024-08-24 1548 R1FB             KO48   PU2UAF           GG66    
QSO:   21093 DG 2024-08-24 1549 R1FB             KO48   BD7LMB           OL62    
QSO:   21092 DG 2024-08-24 1553 R1FB             KO48   BH4GBC           PM01    
QSO:   21092 DG 2024-08-24 1554 R1FB             KO48   JH0WJF           PM86    
QSO:   21092 DG 2024-08-24 1558 R1FB             KO48   YB8PVU           PI09    
QSO:   21092 DG 2024-08-24 1558 R1FB             KO48   R0AX             NO56    
QSO:   21092 DG 2024-08-24 1600 R1FB             KO48   RW0SR            OO22    
QSO:   21093 DG 2024-08-24 1602 R1FB             KO48   7I6O             NJ93    
QSO:   21093 DG 2024-08-24 1604 R1FB             KO48   4K7RF            LN40    
QSO:   21093 DG 2024-08-24 1605 R1FB             KO48   S51NM            JN76    
QSO:   21093 DG 2024-08-24 1608 R1FB             KO48   YC9RRB           PI58    
QSO:   21093 DG 2024-08-24 1615 R1FB             KO48   WA3LXD           EL99    
QSO:   21082 DG 2024-08-24 1628 R1FB             KO48   CQ7F             IN50    
QSO:   21082 DG 2024-08-24 1629 R1FB             KO48   YD1FRU           OI33    
QSO:   21082 DG 2024-08-24 1630 R1FB             KO48   IC8TEM           JN70    
QSO:   21081 DG 2024-08-24 1637 R1FB             KO48   SU1SK            KM50    
QSO:   14083 DG 2024-08-24 1639 R1FB             KO48   DL2DBI           JO31    
QSO:   14083 DG 2024-08-24 1639 R1FB             KO48   W7YED            CN87    
QSO:   14083 DG 2024-08-24 1640 R1FB             KO48   NA3M             FM19    
QSO:   14083 DG 2024-08-24 1640 R1FB             KO48   DF8QB            JO31    
QSO:   14083 DG 2024-08-24 1641 R1FB             KO48   JH4UYB           PM64    
QSO:   14083 DG 2024-08-24 1642 R1FB             KO48   PD3AH            JO21    
QSO:   14083 DG 2024-08-24 1644 R1FB             KO48   DL0MT            JN48    
QSO:   14083 DG 2024-08-24 1651 R1FB             KO48   K5VIP            FM16    
QSO:   14083 DG 2024-08-24 1652 R1FB             KO48   PD0WZP           JO32    
QSO:   14083 DG 2024-08-24 1654 R1FB             KO48   DG5LP            JN48    
QSO:   14083 DG 2024-08-24 1654 R1FB             KO48   PE1MPI           JO21    
QSO:   14083 DG 2024-08-24 1655 R1FB             KO48   PD1B             JO32    
QSO:   14083 DG 2024-08-24 1656 R1FB             KO48   PD2PE            JO21    
QSO:   14083 DG 2024-08-24 1701 R1FB             KO48   MM1Z             IO75    
QSO:   14083 DG 2024-08-24 1704 R1FB             KO48   DR3K             JO31    
QSO:   14083 DG 2024-08-24 1704 R1FB             KO48   DL1SCZ           JN48    
QSO:   14083 DG 2024-08-24 1705 R1FB             KO48   ON4TTT           JO20    
QSO:   14083 DG 2024-08-24 1705 R1FB             KO48   PD5PET           JO21    
QSO:   14083 DG 2024-08-24 1707 R1FB             KO48   DG5PW            JO30    
QSO:   14083 DG 2024-08-24 1708 R1FB             KO48   PA3BMB           JO22    
QSO:   14083 DG 2024-08-24 1711 R1FB             KO48   UR5VLC           KN68    
QSO:   14092 DG 2024-08-24 1719 R1FB             KO48   R4CI             LO31    
QSO:   14092 DG 2024-08-24 1720 R1FB             KO48   DM8MH            JO51    
QSO:   14092 DG 2024-08-24 1722 R1FB             KO48   PA2IP            JO23    
QSO:   14092 DG 2024-08-24 1726 R1FB             KO48   BD7LMB           OL62    
QSO:   14092 DG 2024-08-24 1727 R1FB             KO48   9A2EY            JN85    
QSO:   14092 DG 2024-08-24 1732 R1FB             KO48   IZ4MJP           JN54    
QSO:   14092 DG 2024-08-24 1737 R1FB             KO48   SQ3MVA           JO82    
QSO:   14092 DG 2024-08-24 1738 R1FB             KO48   OM8CD            KN09    
QSO:   14092 DG 2024-08-24 1739 R1FB             KO48   JF1LMB           PM95    
QSO:   14092 DG 2024-08-24 1744 R1FB             KO48   YC0EYA           OI33    
QSO:   14092 DG 2024-08-24 1744 R1FB             KO48   BH4GBC           PM01    
QSO:   14092 DG 2024-08-24 1745 R1FB             KO48   BD4XNS           PM01    
QSO:   14092 DG 2024-08-24 1746 R1FB             KO48   BH4GBC           PM01    
QSO:   14092 DG 2024-08-24 1747 R1FB             KO48   BD8CHI           OM21    
QSO:   14092 DG 2024-08-24 1748 R1FB             KO48   EA2ASB           IN83    
QSO:   14092 DG 2024-08-24 1749 R1FB             KO48   BD6JN            OM64    
QSO:   14092 DG 2024-08-24 1753 R1FB             KO48   PA2UL            JO32    
QSO:   14092 DG 2024-08-24 1753 R1FB             KO48   PA4O             JO33    
QSO:   14092 DG 2024-08-24 1755 R1FB             KO48   YB8MJG           OI94    
QSO:   14092 DG 2024-08-24 1757 R1FB             KO48   BI4IWL           OM86    
QSO:   14092 DG 2024-08-24 1758 R1FB             KO48   YB4ECU           OI19    
QSO:   14092 DG 2024-08-24 1759 R1FB             KO48   ER4KAA           KN38    
QSO:   14092 DG 2024-08-24 1801 R1FB             KO48   OE1HLB           JN88    
QSO:   14092 DG 2024-08-24 1804 R1FB             KO48   YC3BVG           OI71    
QSO:   14092 DG 2024-08-24 1806 R1FB             KO48   UW5Y             KN38    
QSO:   14092 DG 2024-08-24 1811 R1FB             KO48   OK1FHI           JO70    
QSO:   14092 DG 2024-08-24 1811 R1FB             KO48   RC0AT            NO66    
QSO:   14092 DG 2024-08-24 1813 R1FB             KO48   BI1RRE           ON80    
QSO:   14092 DG 2024-08-24 1814 R1FB             KO48   EA5YI            IM99    
QSO:   14092 DG 2024-08-24 1818 R1FB             KO48   PA3EOU           JO22    
QSO:   14092 DG 2024-08-24 1819 R1FB             KO48   BY1HT            ON80    
QSO:   14092 DG 2024-08-24 1820 R1FB             KO48   G2U              IO91    
QSO:   14092 DG 2024-08-24 1822 R1FB             KO48   BY2HIT           PN35    
QSO:   14092 DG 2024-08-24 1825 R1FB             KO48   E2K              OK02    
QSO:   14092 DG 2024-08-24 1828 R1FB             KO48   SO9F             JO90    
QSO:   14092 DG 2024-08-24 1831 R1FB             KO48   MI0NWA           IO64    
QSO:   14091 DG 2024-08-24 1836 R1FB             KO48   VU3YDA           NL42    
QSO:   14092 DG 2024-08-24 1838 R1FB             KO48   DG9VH            JN39    
QSO:   14092 DG 2024-08-24 1841 R1FB             KO48   PE1CUP           JO31    
QSO:   14092 DG 2024-08-24 1844 R1FB             KO48   RG3R             LO03    
QSO:   14092 DG 2024-08-24 1847 R1FB             KO48   VU3IZV           NL42    
QSO:   14092 DG 2024-08-24 1847 R1FB             KO48   EA3CFV           JN11    
QSO:   28092 DG 2024-08-24 1855 R1FB             KO48   CD6SNT           FF30    
QSO:   28092 DG 2024-08-24 1857 R1FB             KO48   PA6AA            JO32    
QSO:   28092 DG 2024-08-24 1858 R1FB             KO48   VP8BTR           GD08    
QSO:   28092 DG 2024-08-24 1903 R1FB             KO48   AZ5D             FF96    
QSO:   28092 DG 2024-08-24 1904 R1FB             KO48   DN9FM            JN69    
QSO:   28092 DG 2024-08-24 1905 R1FB             KO48   IN3FSR           JN55    
QSO:   28092 DG 2024-08-24 1908 R1FB             KO48   PY5CC            GG54    
QSO:   28092 DG 2024-08-24 1911 R1FB             KO48   PU3VON           GF49    
QSO:   28092 DG 2024-08-24 1913 R1FB             KO48   SQ6H             JO80    
QSO:   28092 DG 2024-08-24 1915 R1FB             KO48   PD0ME            JO32    
QSO:   21092 DG 2024-08-24 1919 R1FB             KO48   PH3T             JO22    
QSO:   21092 DG 2024-08-24 1923 R1FB             KO48   VP8VK            FD98    
QSO:   21092 DG 2024-08-24 1924 R1FB             KO48   PA4O             JO33    
QSO:   21092 DG 2024-08-24 1924 R1FB             KO48   PA1SH            JO11    
QSO:   21092 DG 2024-08-24 1925 R1FB             KO48   RN3DKE           KO85    
QSO:   21092 DG 2024-08-24 1925 R1FB             KO48   K5VIP            FM16    
QSO:   21092 DG 2024-08-24 1926 R1FB             KO48   PY2DPM           GG66    
QSO:   21092 DG 2024-08-24 1927 R1FB             KO48   HS0ZOY           OK14    
QSO:   21092 DG 2024-08-24 1928 R1FB             KO48   KE5HDE           FN12    
QSO:   21092 DG 2024-08-24 1929 R1FB             KO48   G2KS             IO84    
QSO:   21092 DG 2024-08-24 1934 R1FB             KO48   YD6AJA           NJ75    
QSO:   21092 DG 2024-08-24 1935 R1FB             KO48   YB4SNK           OI24    
QSO:   21092 DG 2024-08-24 1937 R1FB             KO48   IU2TAW           JN45    
QSO:   21092 DG 2024-08-24 1938 R1FB             KO48   OH2O             KP20    
QSO:   21092 DG 2024-08-24 1940 R1FB             KO48   LT4I             GG22    
QSO:   21092 DG 2024-08-24 1942 R1FB             KO48   OH1NOA           KP01    
QSO:   21092 DG 2024-08-24 1944 R1FB             KO48   TI1F             EK70    
QSO:   21092 DG 2024-08-24 1947 R1FB             KO48   CO8MCL           FL20    
QSO:   21092 DG 2024-08-24 1950 R1FB             KO48   PA3EOU           JO22    
QSO:   21092 DG 2024-08-24 1951 R1FB             KO48   YB4KAR           OI25    
QSO:   21092 DG 2024-08-24 1952 R1FB             KO48   K5ZD             FN42    
QSO:   21092 DG 2024-08-24 1954 R1FB             KO48   OE3FVU           JN78    
QSO:   21082 DG 2024-08-24 2002 R1FB             KO48   9A5CW            JN65    
QSO:   21082 DG 2024-08-24 2003 R1FB             KO48   N4SVC            EM80    
QSO:   21082 DG 2024-08-24 2008 R1FB             KO48   LU6ETB           GF05    
QSO:   21082 DG 2024-08-24 2010 R1FB             KO48   KP4JFR           FK68    
QSO:   21082 DG 2024-08-24 2011 R1FB             KO48   CX7BBR           GF15    
QSO:   21082 DG 2024-08-24 2012 R1FB             KO48   IN3VVK           JN55    
QSO:   21082 DG 2024-08-24 2024 R1FB             KO48   HI6M             FK49    
QSO:   21092 DG 2024-08-24 2027 R1FB             KO48   EA8BBJ           IL39    
QSO:   21092 DG 2024-08-24 2028 R1FB             KO48   K6OK             CM98    
QSO:   21092 DG 2024-08-24 2030 R1FB             KO48   K6MTU            CM97    
QSO:   21092 DG 2024-08-24 2032 R1FB             KO48   IT9GJK           JM77    
QSO:   21092 DG 2024-08-24 2035 R1FB             KO48   IT9JVF           JM67    
QSO:   21092 DG 2024-08-24 2037 R1FB             KO48   EU6AAX           KO35    
QSO:   14092 DG 2024-08-24 2044 R1FB             KO48   4M5A             FK60    
QSO:   14092 DG 2024-08-24 2046 R1FB             KO48   S52D             JN76    
QSO:   14092 DG 2024-08-24 2047 R1FB             KO48   G7SLP            IO94    
QSO:   14092 DG 2024-08-24 2048 R1FB             KO48   CT7AIX           IM59    
QSO:   14092 DG 2024-08-24 2051 R1FB             KO48   SP2EWQ           JO93    
QSO:   14092 DG 2024-08-24 2051 R1FB             KO48   HB9CAL           JN47    
QSO:   14092 DG 2024-08-24 2054 R1FB             KO48   RA1M             KO59    
QSO:   14092 DG 2024-08-24 2055 R1FB             KO48   2E1FQO           IO82    
QSO:   14092 DG 2024-08-24 2057 R1FB             KO48   IZ4MJP           JN54    
QSO:   14092 DG 2024-08-24 2059 R1FB             KO48   HI8ILK           FK58    
QSO:   14092 DG 2024-08-24 2104 R1FB             KO48   EA2DR            IN83    
QSO:   14092 DG 2024-08-24 2106 R1FB             KO48   EA3EBN           JN11    
QSO:   14092 DG 2024-08-24 2107 R1FB             KO48   RM3DA            KO95    
QSO:   14092 DG 2024-08-24 2108 R1FB             KO48   R1AV             KP50    
QSO:   14092 DG 2024-08-24 2109 R1FB             KO48   VP8WA            GD08    
QSO:   14092 DG 2024-08-24 2115 R1FB             KO48   NZ4N             FM06    
QSO:   14092 DG 2024-08-25 0253 R1FB             KO48   CX6TU            GF25    
QSO:   14092 DG 2024-08-25 0255 R1FB             KO48   PY5EG            GG54    
QSO:   14092 DG 2024-08-25 0303 R1FB             KO48   N2BJ             EN61    
QSO:   14092 DG 2024-08-25 0309 R1FB             KO48   PT2ND            GH64    
QSO:   14092 DG 2024-08-25 0321 R1FB             KO48   PY2DPM           GG66    
QSO:   14092 DG 2024-08-25 0324 R1FB             KO48   CE3RIF           FF46    
QSO:   14092 DG 2024-08-25 0326 R1FB             KO48   OA4DOS           FH17    
QSO:   14092 DG 2024-08-25 0333 R1FB             KO48   ZL3YB            RE66    
QSO:   14092 DG 2024-08-25 0336 R1FB             KO48   SV8LMQ           KM18    
QSO:   14092 DG 2024-08-25 0343 R1FB             KO48   VK4AFU           QG61    
QSO:   14092 DG 2024-08-25 0344 R1FB             KO48   SV2SKD           KN10    
QSO:   14092 DG 2024-08-25 0346 R1FB             KO48   NP4TX            FK68    
QSO:   14092 DG 2024-08-25 0348 R1FB             KO48   VK3BDX           QF21    
QSO:   14092 DG 2024-08-25 0349 R1FB             KO48   K1SFA            FN32    
QSO:   14092 DG 2024-08-25 0353 R1FB             KO48   LU9WT            FE64    
QSO:   14092 DG 2024-08-25 0403 R1FB             KO48   RZ9A             MO04    
QSO:   14092 DG 2024-08-25 0409 R1FB             KO48   KR4NO            EM95    
QSO:   14092 DG 2024-08-25 0409 R1FB             KO48   CO8MCL           FL20    
QSO:   14092 DG 2024-08-25 0411 R1FB             KO48   KI4LLA           FM07    
QSO:   14092 DG 2024-08-25 0413 R1FB             KO48   K4OTX            EM74    
QSO:   14082 DG 2024-08-25 0417 R1FB             KO48   V31MA            EK57    
QSO:   14082 DG 2024-08-25 0420 R1FB             KO48   4K6FO            LN50    
QSO:   14082 DG 2024-08-25 0422 R1FB             KO48   R9CP             MO16    
QSO:   14082 DG 2024-08-25 0423 R1FB             KO48   NR4O             FM05    
QSO:   14082 DG 2024-08-25 0425 R1FB             KO48   K9KLD            EM58    
QSO:   14082 DG 2024-08-25 0426 R1FB             KO48   AA6AA            DM05    
QSO:   14082 DG 2024-08-25 0427 R1FB             KO48   AJ6T             EM66    
QSO:   14082 DG 2024-08-25 0431 R1FB             KO48   KA6BIM           CN73    
QSO:   14082 DG 2024-08-25 0434 R1FB             KO48   VK7NET           QE38    
QSO:   14082 DG 2024-08-25 0439 R1FB             KO48   TI2CC            EJ79    
QSO:   14082 DG 2024-08-25 0439 R1FB             KO48   WD6T             CM87    
QSO:   14082 DG 2024-08-25 0440 R1FB             KO48   AI5HG            EM54    
QSO:   14082 DG 2024-08-25 0441 R1FB             KO48   N4SVC            EM80    
QSO:   14082 DG 2024-08-25 0444 R1FB             KO48   N0VT             EM47    
QSO:   14082 DG 2024-08-25 0445 R1FB             KO48   R4MA             LO33    
QSO:   14082 DG 2024-08-25 0447 R1FB             KO48   YO4YPC           KN44    
QSO:   14082 DG 2024-08-25 0449 R1FB             KO48   NA6O             CM97    
QSO:   14082 DG 2024-08-25 0452 R1FB             KO48   HB9HDI           JN47    
QSO:   14082 DG 2024-08-25 0453 R1FB             KO48   AC2BI            FM19    
QSO:   14082 DG 2024-08-25 0455 R1FB             KO48   KC1EO            DN31    
QSO:   14082 DG 2024-08-25 0456 R1FB             KO48   9A6KFA           JN85    
QSO:   14082 DG 2024-08-25 0456 R1FB             KO48   RQ7R             KN64    
QSO:   14082 DG 2024-08-25 0457 R1FB             KO48   W5XO             EM10    
QSO:   14082 DG 2024-08-25 0459 R1FB             KO48   K4MI             FM17    
QSO:   14082 DG 2024-08-25 0500 R1FB             KO48   N4FUR            EL99    
QSO:   14082 DG 2024-08-25 0503 R1FB             KO48   NQ1C             FN32    
QSO:   14082 DG 2024-08-25 0507 R1FB             KO48   ON4FF            JO20    
QSO:   14082 DG 2024-08-25 0508 R1FB             KO48   KF0BAA           DM79    
QSO:   14082 DG 2024-08-25 0508 R1FB             KO48   N9TF             EM66    
QSO:   14092 DG 2024-08-25 0515 R1FB             KO48   W3KN             FM19    
QSO:   14092 DG 2024-08-25 0516 R1FB             KO48   YU0U             KN04    
QSO:   14091 DG 2024-08-25 0526 R1FB             KO48   4A2MAX           EL05    
QSO:   14092 DG 2024-08-25 0529 R1FB             KO48   K6OK             CM98    
QSO:   14092 DG 2024-08-25 0530 R1FB             KO48   K7STO            DN07    
QSO:   14092 DG 2024-08-25 0531 R1FB             KO48   G4UCJ            IO91    
QSO:   14092 DG 2024-08-25 0532 R1FB             KO48   RU3OZ            KO91    
QSO:   14092 DG 2024-08-25 0533 R1FB             KO48   KW6S             CM96    
QSO:   14092 DG 2024-08-25 0534 R1FB             KO48   N3QE             FM19    
QSO:   14092 DG 2024-08-25 0535 R1FB             KO48   IW2DNI           JN45    
QSO:   14092 DG 2024-08-25 0538 R1FB             KO48   KE2D             FN20    
QSO:   14092 DG 2024-08-25 0542 R1FB             KO48   N7JI             CN84    
QSO:   14092 DG 2024-08-25 0545 R1FB             KO48   LU6ETB           GF05    
QSO:   14092 DG 2024-08-25 0549 R1FB             KO48   VE5MX            DN89    
QSO:   14092 DG 2024-08-25 0552 R1FB             KO48   9A4TX            JN95    
QSO:   21092 DG 2024-08-25 0609 R1FB             KO48   TI1I             EJ79    
QSO:   21092 DG 2024-08-25 0612 R1FB             KO48   YD1FRU           OI33    
QSO:   21092 DG 2024-08-25 0614 R1FB             KO48   DS5DNO           PM45    
QSO:   21092 DG 2024-08-25 0615 R1FB             KO48   BG6KPQ           OM74    
QSO:   21092 DG 2024-08-25 0617 R1FB             KO48   BD8CHI           OM21    
QSO:   21092 DG 2024-08-25 0620 R1FB             KO48   DS3EXT           PM36    
QSO:   21092 DG 2024-08-25 0623 R1FB             KO48   BD4SDX           PM01    
QSO:   21092 DG 2024-08-25 0625 R1FB             KO48   BI3XGJ           OM68    
QSO:   21092 DG 2024-08-25 0627 R1FB             KO48   DV1XQX           PK04    
QSO:   21092 DG 2024-08-25 0629 R1FB             KO48   BH1VLK           OM89    
QSO:   21082 DG 2024-08-25 0637 R1FB             KO48   UP4L             MO13    
QSO:   21082 DG 2024-08-25 0637 R1FB             KO48   IK3ORD           JN55    
QSO:   21082 DG 2024-08-25 0640 R1FB             KO48   EA3RCB           JN11    
QSO:   21082 DG 2024-08-25 0642 R1FB             KO48   3D2USU           RH82    
QSO:   21082 DG 2024-08-25 0643 R1FB             KO48   IK8IOO           JM88    
QSO:   28092 DG 2024-08-25 0650 R1FB             KO48   E20SJC           OK04    
QSO:   28092 DG 2024-08-25 0651 R1FB             KO48   VU2KPH           NL25    
QSO:   21093 DG 2024-08-25 0700 R1FB             KO48   JR2EKD           PM85    
QSO:   21093 DG 2024-08-25 0703 R1FB             KO48   S56A             JN76    
QSO:   21093 DG 2024-08-25 0704 R1FB             KO48   JH5HDA           PM63    
QSO:   21093 DG 2024-08-25 0706 R1FB             KO48   JK1WEY           PM95    
QSO:   21093 DG 2024-08-25 0707 R1FB             KO48   IK2CMI           JN45    
QSO:   21093 DG 2024-08-25 0710 R1FB             KO48   YB5NHD           OJ00    
QSO:   28092 DG 2024-08-25 0715 R1FB             KO48   UN6GWG           MN83    
QSO:   28092 DG 2024-08-25 0715 R1FB             KO48   BA8DV            OM20    
QSO:   28092 DG 2024-08-25 0716 R1FB             KO48   BD7LMB           OL62    
QSO:   28092 DG 2024-08-25 0725 R1FB             KO48   IS0BSR           JM49    
QSO:   28092 DG 2024-08-25 0733 R1FB             KO48   RA3LJ            KO64    
QSO:   28092 DG 2024-08-25 0737 R1FB             KO48   BG0CAB           NN33    
QSO:   21091 DG 2024-08-25 0746 R1FB             KO48   JA8KSW/P         PM96    
QSO:   21091 DG 2024-08-25 0747 R1FB             KO48   JH1NCZ           PM95    
QSO:   21091 DG 2024-08-25 0749 R1FB             KO48   BI1QJQ           ON80    
QSO:   21091 DG 2024-08-25 0751 R1FB             KO48   RC0AT            NO66    
QSO:   21091 DG 2024-08-25 0754 R1FB             KO48   JH1XUM           PM95    
QSO:   21091 DG 2024-08-25 0755 R1FB             KO48   9M2J             OJ02    
QSO:   21091 DG 2024-08-25 0756 R1FB             KO48   JR3RIY           PM74    
QSO:   21091 DG 2024-08-25 0757 R1FB             KO48   IK2SAR           JN55    
QSO:   21091 DG 2024-08-25 0758 R1FB             KO48   YB0XTU           OI33    
QSO:   21091 DG 2024-08-25 0759 R1FB             KO48   YB1HR            OI33    
QSO:   21091 DG 2024-08-25 0803 R1FB             KO48   IU4RYF           JN54    
QSO:   21091 DG 2024-08-25 0804 R1FB             KO48   G4K              IO91    
QSO:   21091 DG 2024-08-25 0805 R1FB             KO48   JF1LMB           PM95    
QSO:   21091 DG 2024-08-25 0806 R1FB             KO48   JP7BRB           QM08    
QSO:   21082 DG 2024-08-25 0808 R1FB             KO48   IZ3XNJ           JN55    
QSO:   21082 DG 2024-08-25 0808 R1FB             KO48   2E0FVN           IO91    
QSO:   21082 DG 2024-08-25 0809 R1FB             KO48   BI8CZM           OM20    
QSO:   21082 DG 2024-08-25 0809 R1FB             KO48   IK5AEQ           JN53    
QSO:   21081 DG 2024-08-25 0810 R1FB             KO48   S51RW            JN76    
QSO:   21081 DG 2024-08-25 0810 R1FB             KO48   BH1TZO           OM89    
QSO:   21081 DG 2024-08-25 0811 R1FB             KO48   RM3DA            KO95    
QSO:   21081 DG 2024-08-25 0812 R1FB             KO48   G6RST            IO90    
QSO:   21081 DG 2024-08-25 0812 R1FB             KO48   HB9GFJ           JN36    
QSO:   21081 DG 2024-08-25 0813 R1FB             KO48   G0RAS            IO91    
QSO:   21081 DG 2024-08-25 0817 R1FB             KO48   SV1DZB           KM18    
QSO:   21081 DG 2024-08-25 0817 R1FB             KO48   JA1KPF           QM06    
QSO:   28092 DG 2024-08-25 0823 R1FB             KO48   CS7AXH           IN61    
QSO:   28092 DG 2024-08-25 0825 R1FB             KO48   YD2UFR           OI52    
QSO:   28092 DG 2024-08-25 0830 R1FB             KO48   9M2J             OJ02    
QSO:   21093 DG 2024-08-25 0842 R1FB             KO48   HB9GFJ           JN36    
QSO:   21093 DG 2024-08-25 0843 R1FB             KO48   JH7QXJ           QM08    
QSO:   14092 DG 2024-08-25 0849 R1FB             KO48   DL3KRI           JO52    
QSO:   14092 DG 2024-08-25 0851 R1FB             KO48   DF7EE            JO40    
QSO:   14092 DG 2024-08-25 0853 R1FB             KO48   DL4DBM           JO31    
QSO:   14092 DG 2024-08-25 0855 R1FB             KO48   IU4QTF           JN64    
QSO:   14092 DG 2024-08-25 0900 R1FB             KO48   DC4CP            JO30    
QSO:   14092 DG 2024-08-25 0904 R1FB             KO48   DL4ME            JO50    
QSO:   14092 DG 2024-08-25 0906 R1FB             KO48   SQ8W             KN09    
QSO:   14093 DG 2024-08-25 0911 R1FB             KO48   ZL3IO            RF80    
QSO:   14093 DG 2024-08-25 0913 R1FB             KO48   BD8CNL           OL28    
QSO:   28091 DG 2024-08-25 0921 R1FB             KO48   YD7OHC           OI67    
QSO:   28091 DG 2024-08-25 0922 R1FB             KO48   YB1HR            OI33    
QSO:   28091 DG 2024-08-25 0923 R1FB             KO48   YC1TCA           OI33    
QSO:   28091 DG 2024-08-25 0925 R1FB             KO48   4Z5MY            KM72    
QSO:   28091 DG 2024-08-25 0927 R1FB             KO48   YD1FRU           OI33    
QSO:   28091 DG 2024-08-25 0928 R1FB             KO48   YD2ULK           OI52    
QSO:   28091 DG 2024-08-25 0929 R1FB             KO48   YB1DCW           OI33    
QSO:   28091 DG 2024-08-25 0930 R1FB             KO48   CQ7F             IN50    
QSO:   28092 DG 2024-08-25 0935 R1FB             KO48   YE2AIV           OI52    
QSO:   28092 DG 2024-08-25 0937 R1FB             KO48   7I6O             NJ93    
QSO:   28092 DG 2024-08-25 0940 R1FB             KO48   YB0XTU           OI33    
QSO:   28092 DG 2024-08-25 0940 R1FB             KO48   YB4DCE           OI18    
QSO:   28092 DG 2024-08-25 0942 R1FB             KO48   YC5AKH           OI09    
QSO:   28092 DG 2024-08-25 0943 R1FB             KO48   OH1LXF           KP20    
QSO:   28092 DG 2024-08-25 0949 R1FB             KO48   BG0EJN           NN44    
QSO:   28092 DG 2024-08-25 0955 R1FB             KO48   EA4U             IN80    
QSO:   28092 DG 2024-08-25 1000 R1FB             KO48   VU3OAA           NL42    
QSO:   28092 DG 2024-08-25 1002 R1FB             KO48   7S9A             JO67    
QSO:   28092 DG 2024-08-25 1003 R1FB             KO48   YB1UK            OI33    
QSO:   28092 DG 2024-08-25 1007 R1FB             KO48   EA4FJX           IN80    
QSO:   28092 DG 2024-08-25 1010 R1FB             KO48   EC4AA            IN80    
QSO:   28082 DG 2024-08-25 1017 R1FB             KO48   PU1JSV           GG87    
QSO:   28082 DG 2024-08-25 1025 R1FB             KO48   YB1APD           OI43    
QSO:   28092 DG 2024-08-25 1031 R1FB             KO48   ES5MG            KO38    
QSO:   28092 DG 2024-08-25 1036 R1FB             KO48   BD7NSK           OL62    
QSO:   28092 DG 2024-08-25 1038 R1FB             KO48   UT1IC            KN87    
QSO:   28093 DG 2024-08-25 1048 R1FB             KO48   D4UM             HK86    
QSO:   28091 DG 2024-08-25 1053 R1FB             KO48   V51MA            JG87    
QSO:   28092 DG 2024-08-25 1057 R1FB             KO48   CX8AF            GF15    
QSO:   28092 DG 2024-08-25 1059 R1FB             KO48   CT7AIX           IM59    
QSO:   28092 DG 2024-08-25 1102 R1FB             KO48   EA8XNX           IL18    
QSO:   28093 DG 2024-08-25 1110 R1FB             KO48   UK8FF            MN60    
QSO:   28091 DG 2024-08-25 1113 R1FB             KO48   PY2WLM/QRP       GG66    
QSO:   21082 DG 2024-08-25 1116 R1FB             KO48   GW0A             IO81    
QSO:   21082 DG 2024-08-25 1119 R1FB             KO48   N3QE             FM19    
QSO:   21082 DG 2024-08-25 1120 R1FB             KO48   N4IW             FM07    
QSO:   21082 DG 2024-08-25 1122 R1FB             KO48   PY5GA            GG54    
QSO:   21082 DG 2024-08-25 1123 R1FB             KO48   G2KS             IO84    
QSO:   21082 DG 2024-08-25 1126 R1FB             KO48   N3HND            FM29    
QSO:   21082 DG 2024-08-25 1128 R1FB             KO48   2E0HXM           IO92    
QSO:   21082 DG 2024-08-25 1130 R1FB             KO48   G8RZ             IO84    
QSO:   21082 DG 2024-08-25 1134 R1FB             KO48   BG5BAA           PM00    
QSO:   14082 DG 2024-08-25 1140 R1FB             KO48   WA2BCK           FN13    
QSO:   14082 DG 2024-08-25 1149 R1FB             KO48   R4RB             LO55    
QSO:   14082 DG 2024-08-25 1153 R1FB             KO48   SP6SOZ           JO80    
QSO:   14082 DG 2024-08-25 1154 R1FB             KO48   N2WK             FN03    
END-OF-LOG:
