START-OF-LOG: 3.0
CONTEST: SAC-SSB
CALLSIGN: DL3KDS
CATEGORY-OPERATOR: SINGLE-OP
CATEGORY-BAND: ALL
CATEGORY-POWER: HIGH
OPERATORS: DL3KDS
CLUB: DARC
CLAIMED-SCORE: 1377
CATEGORY-STATION: FIXED
CATEGORY-TRANSMITTER: ONE
CATEGORY-OVERLAY: 
CATEGORY-MODE: SSB
NAME: Ernst Haarkamp
QSO: 14200 PH 2025-10-11 1206 DL3KDS        59       1 8S8S          59      17 0
QSO: 14200 PH 2025-10-11 1209 DL3KDS        59       2 SK6BA         59      13 0
QSO: 14200 PH 2025-10-11 1212 DL3KDS        59       3 OF9X          59      24 0
QSO: 14200 PH 2025-10-11 1215 DL3KDS        59       4 OH2XX         59      15 0
QSO: 14200 PH 2025-10-11 1217 DL3KDS        59       5 SE5E          59      46 0
QSO: 14200 PH 2025-10-11 1219 DL3KDS        59       6 LC6C          59      44 0
QSO: 14200 PH 2025-10-11 1222 DL3KDS        59       7 SK0QO         59      26 0
QSO: 14200 PH 2025-10-11 1227 DL3KDS        59       8 SG0X          59      58 0
QSO: 14200 PH 2025-10-11 1229 DL3KDS        59       9 ES8S          59      69 0
QSO: 14200 PH 2025-10-11 1230 DL3KDS        59      10 SD7X          59      36 0
QSO: 14200 PH 2025-10-11 1232 DL3KDS        59      11 SK2A          59      38 0
QSO: 14200 PH 2025-10-11 1235 DL3KDS        59      12 LC7W          59      27 0
QSO: 14200 PH 2025-10-11 1237 DL3KDS        59      13 OH2T          59      75 0
QSO: 14200 PH 2025-10-11 1239 DL3KDS        59      14 SK6LK         59      11 0
QSO: 14200 PH 2025-10-11 1240 DL3KDS        59      15 LN2T          59      48 0
QSO: 14200 PH 2025-10-11 1241 DL3KDS        59      16 OH7JL         59       9 0
QSO: 14200 PH 2025-10-11 1245 DL3KDS        59      17 OH6MSZ        59      49 0
QSO: 14200 PH 2025-10-11 1247 DL3KDS        59      18 LA1UKA        59      33 0
QSO: 14200 PH 2025-10-11 1252 DL3KDS        59      19 SK6AW         59      33 0
QSO: 21000 PH 2025-10-11 1408 DL3KDS        59      20 OG1F          59     280 0
QSO: 21000 PH 2025-10-11 1411 DL3KDS        59      21 OH7K          59     123 0
QSO: 21000 PH 2025-10-11 1412 DL3KDS        59      22 OH2XX         59     174 0
QSO: 21000 PH 2025-10-11 1414 DL3KDS        59      23 SJ2W          59     285 0
QSO: 21000 PH 2025-10-11 1416 DL3KDS        59      24 OH2PQ         59      80 0
QSO: 21000 PH 2025-10-11 1436 DL3KDS        59      25 OH7TO         59      95 0
QSO: 21000 PH 2025-10-11 1437 DL3KDS        59      26 OG8M          59      64 0
QSO: 21000 PH 2025-10-11 1439 DL3KDS        59      27 OH6MSZ        59     243 0
QSO: 21000 PH 2025-10-11 1443 DL3KDS        59      28 OH3JR         59     103 0
QSO: 21000 PH 2025-10-11 1446 DL3KDS        59      29 OH8CYV        59      81 0
QSO: 21000 PH 2025-10-11 1448 DL3KDS        59      30 SM2S          59     157 0
QSO: 21000 PH 2025-10-11 1450 DL3KDS        59      31 OH2T          59     298 0
QSO: 21000 PH 2025-10-11 1451 DL3KDS        59      32 OG100AA       59     135 0
QSO: 14200 PH 2025-10-12 0757 DL3KDS        59      33 OH3RF         59     393 0
QSO: 14200 PH 2025-10-12 0759 DL3KDS        59      34 OH8L          59     722 0
QSO: 14200 PH 2025-10-12 0801 DL3KDS        59      35 OG3B          59     788 0
QSO: 14200 PH 2025-10-12 0812 DL3KDS        59      36 OG5O          59     595 0
QSO: 14200 PH 2025-10-12 0819 DL3KDS        59      37 OG1F          59    1225 0
QSO: 14200 PH 2025-10-12 1105 DL3KDS        59      38 OH6OS         59     559 0
QSO: 14200 PH 2025-10-12 1108 DL3KDS        59      39 OH6DX         59    1052 0
QSO: 14200 PH 2025-10-12 1111 DL3KDS        59      40 OH2BKX        59     400 0
QSO: 14200 PH 2025-10-12 1112 DL3KDS        59      41 SM8T          59     620 0
QSO: 14200 PH 2025-10-12 1114 DL3KDS        59      42 SJ2W          59    1820 0
QSO: 14200 PH 2025-10-12 1118 DL3KDS        59      43 OG5B          59     659 0
QSO: 14200 PH 2025-10-12 1126 DL3KDS        59      44 OG7A          59     480 0
QSO: 14200 PH 2025-10-12 1128 DL3KDS        59      45 SM5EPO        59     637 0
QSO: 14200 PH 2025-10-12 1130 DL3KDS        59      46 OY1R          59     796 0
QSO: 14200 PH 2025-10-12 1132 DL3KDS        59      47 OH3JR         59     517 0
QSO: 14200 PH 2025-10-12 1134 DL3KDS        59      48 SE4A          59     779 0
QSO: 14200 PH 2025-10-12 1144 DL3KDS        59      49 OH7K          59     482 0
QSO: 14200 PH 2025-10-12 1147 DL3KDS        59      50 OH8WR         59     404 0
QSO: 14200 PH 2025-10-12 1154 DL3KDS        59      51 SA0IAT        59     463 0
QSO: 14200 PH 2025-10-12 1156 DL3KDS        59      52 OG6N          59     987 0
END-OF-LOG: