START-OF-LOG: 3.0
CONTEST: SAC-SSB
CALLSIGN: IK4MTF
CATEGORY-OPERATOR: SINGLE-OP
CATEGORY-BAND: ALL
CATEGORY-POWER: LOW
CLUB: ITALIAN CONTEST CLUB
CLAIMED-SCORE: 7375
CATEGORY-STATION: FIXED
CATEGORY-OVERLAY: 
CATEGORY-MODE: SSB
NAME: Pietro Corsi
QSO: 14211 PH 2025-10-11 1432 IK4MTF        59       1 OG6N          59     219 0
QSO: 14208 PH 2025-10-11 1433 IK4MTF        59       2 LA8OM         59     177 0
QSO: 14203 PH 2025-10-11 1434 IK4MTF        59       3 OH2R          59     264 0
QSO: 14200 PH 2025-10-11 1434 IK4MTF        59       4 SK3W          59     202 0
QSO: 14191 PH 2025-10-11 1435 IK4MTF        59       5 OH2XX         59     207 0
QSO: 14184 PH 2025-10-11 1436 IK4MTF        59       6 OH7JL         59      90 0
QSO: 14182 PH 2025-10-11 1437 IK4MTF        59       7 OH1NA         59     124 0
QSO: 14164 PH 2025-10-11 1440 IK4MTF        59       8 OY1R          59     204 0
QSO: 14176 PH 2025-10-11 1441 IK4MTF        59       9 SK6BA         59     103 0
QSO: 14194 PH 2025-10-11 1443 IK4MTF        59      10 OH3RF         59     121 0
QSO: 14205 PH 2025-10-11 1444 IK4MTF        59      11 SJ3A          59     112 0
QSO: 14239 PH 2025-10-11 1447 IK4MTF        59      12 LC2D          59      95 0
QSO: 14240 PH 2025-10-11 1448 IK4MTF        59      13 SK6TW         59     119 0
QSO: 14241 PH 2025-10-11 1449 IK4MTF        59      14 SE5E          59     302 0
QSO: 14243 PH 2025-10-11 1449 IK4MTF        59      15 OH8L          59     192 0
QSO: 14254 PH 2025-10-11 1452 IK4MTF        59      16 OH8K          59     209 0
QSO: 14236 PH 2025-10-11 1453 IK4MTF        59      17 OH0V          59     156 0
QSO: 14249 PH 2025-10-11 1454 IK4MTF        59      18 LC5A          59      74 0
QSO: 14273 PH 2025-10-11 1455 IK4MTF        59      19 SG0M          59     133 0
QSO: 14275 PH 2025-10-11 1456 IK4MTF        59      20 OZ5E          59     124 0
QSO: 14277 PH 2025-10-11 1456 IK4MTF        59      21 SG0X          59     247 0
QSO: 14279 PH 2025-10-11 1457 IK4MTF        59      22 LA4ESA        59     131 0
QSO: 14293 PH 2025-10-11 1458 IK4MTF        59      23 SD6D          59     102 0
QSO: 14297 PH 2025-10-11 1459 IK4MTF        59      24 SJ2W          59     384 0
QSO: 14215 PH 2025-10-11 1501 IK4MTF        59      25 OH2BKX        59     159 0
QSO: 14201 PH 2025-10-11 1502 IK4MTF        59      26 OG1F          59     384 0
QSO: 14171 PH 2025-10-11 1504 IK4MTF        59      27 SD9D          59     106 0
QSO: 14286 PH 2025-10-11 1505 IK4MTF        59      28 OI5AY         59      88 0
QSO: 14221 PH 2025-10-11 1506 IK4MTF        59      29 OH8X          59     345 0
QSO: 14270 PH 2025-10-11 1509 IK4MTF        59      30 SA2T          59     141 0
QSO: 14188 PH 2025-10-11 1512 IK4MTF        59      31 OH3JR         59     169 0
QSO: 21287 PH 2025-10-11 1517 IK4MTF        59      32 OH1Z          59     142 0
QSO: 21294 PH 2025-10-11 1517 IK4MTF        59      33 SM0D          59     100 0
QSO: 21310 PH 2025-10-11 1518 IK4MTF        59      34 LN2T          59     215 0
QSO: 21321 PH 2025-10-11 1519 IK4MTF        59      35 SM6MVE        59      97 0
QSO: 21323 PH 2025-10-11 1520 IK4MTF        59      36 OH7TO         59     115 0
QSO: 21334 PH 2025-10-11 1521 IK4MTF        59      37 OH3RF         59     167 0
QSO: 21340 PH 2025-10-11 1521 IK4MTF        59      38 OG6N          59     262 0
QSO: 21351 PH 2025-10-11 1522 IK4MTF        59      39 OI5AY         59      81 0
QSO: 21202 PH 2025-10-11 1525 IK4MTF        59      40 SK3W          59     195 0
QSO: 21205 PH 2025-10-11 1525 IK4MTF        59      41 SE5E          59     335 0
QSO: 21212 PH 2025-10-11 1526 IK4MTF        59      42 OH2T          59     336 0
QSO: 21215 PH 2025-10-11 1527 IK4MTF        59      43 OH2XX         59     276 0
QSO: 21230 PH 2025-10-11 1527 IK4MTF        59      44 OG1R          59     228 0
QSO: 21233 PH 2025-10-11 1528 IK4MTF        59      45 SM6TOL        59     100 0
QSO: 21240 PH 2025-10-11 1528 IK4MTF        59      46 OH8WR         59     142 0
QSO: 21243 PH 2025-10-11 1529 IK4MTF        59      47 OH6DX         59     387 0
QSO: 21275 PH 2025-10-11 1530 IK4MTF        59      48 LC5A          59     129 0
QSO: 21333 PH 2025-10-11 1532 IK4MTF        59      49 SK6D          59     171 0
QSO: 21355 PH 2025-10-11 1535 IK4MTF        59      50 SE4A          59     183 0
QSO: 14265 PH 2025-10-11 1540 IK4MTF        59      51 OF9X          59     241 0
QSO: 14197 PH 2025-10-11 1543 IK4MTF        59      52 OH1Z          59     158 0
QSO: 14132 PH 2025-10-11 1547 IK4MTF        59      53 OZ1D          59      76 0
QSO: 14162 PH 2025-10-11 1547 IK4MTF        59      54 OH8MBN        59      22 0
QSO: 14172 PH 2025-10-11 1549 IK4MTF        59      55 OG5O          59     246 0
QSO: 14190 PH 2025-10-11 1549 IK4MTF        59      56 OG3B          59     273 0
QSO: 14229 PH 2025-10-11 1553 IK4MTF        59      57 SM8T          59     140 0
QSO: 14232 PH 2025-10-11 1555 IK4MTF        59      58 LC4C          59      80 0
QSO: 14267 PH 2025-10-11 1558 IK4MTF        59      59 OH7Z          59     136 0
QSO: 14275 PH 2025-10-11 1601 IK4MTF        59      60 OI3V          59     260 0
QSO: 14276 PH 2025-10-11 1601 IK4MTF        59      61 OH2T          59     385 0
QSO: 14282 PH 2025-10-11 1603 IK4MTF        59      62 OH1TD         59     123 0
QSO: 21387 PH 2025-10-11 1605 IK4MTF        59      63 LC7W          59     132 0
QSO: 21379 PH 2025-10-11 1607 IK4MTF        59      64 SK6AW         59     111 0
QSO: 21364 PH 2025-10-11 1608 IK4MTF        59      65 SK6BA         59     162 0
QSO: 21288 PH 2025-10-11 1611 IK4MTF        59      66 SG0X          59     341 0
QSO: 21257 PH 2025-10-11 1612 IK4MTF        59      67 OH4BCS        59     230 0
QSO: 21240 PH 2025-10-11 1618 IK4MTF        59      68 LA1UKA        59     234 0
QSO: 21226 PH 2025-10-11 1619 IK4MTF        59      69 OG8M          59     366 0
QSO: 21320 PH 2025-10-11 1622 IK4MTF        59      70 SM4ONW        59     228 0
QSO: 21325 PH 2025-10-11 1626 IK4MTF        59      71 OH5GIO        59      41 0
QSO: 14251 PH 2025-10-11 1834 IK4MTF        59      72 SM0D          59     155 0
QSO: 14200 PH 2025-10-11 1837 IK4MTF        59      73 OH6OS         59     390 0
QSO: 14197 PH 2025-10-11 1839 IK4MTF        59      74 OZ4GM         59     167 0
QSO:  7156 PH 2025-10-11 1843 IK4MTF        59      75 OH2R          59     581 0
QSO:  7133 PH 2025-10-11 1845 IK4MTF        59      76 OG5O          59     433 0
QSO:  7193 PH 2025-10-11 1848 IK4MTF        59      77 OZ0MF         59     471 0
QSO:  7163 PH 2025-10-11 1854 IK4MTF        59      78 SK6AW         59     113 0
QSO:  7154 PH 2025-10-11 1855 IK4MTF        59      79 SE5E          59     574 0
QSO:  7130 PH 2025-10-11 1857 IK4MTF        59      80 OH6RX         59     743 0
QSO:  7190 PH 2025-10-11 1858 IK4MTF        59      81 SC5C          59     374 0
QSO:  7181 PH 2025-10-11 1900 IK4MTF        59      82 SG0X          59     477 0
QSO:  7178 PH 2025-10-11 1902 IK4MTF        59      83 8S8S          59     513 0
QSO: 14180 PH 2025-10-11 1903 IK4MTF        59      84 LN2T          59     351 0
QSO: 14218 PH 2025-10-11 1905 IK4MTF        59      85 OH4BCS        59     387 0
QSO: 14222 PH 2025-10-11 1905 IK4MTF        59      86 OH7TO         59     240 0
QSO: 14228 PH 2025-10-11 1907 IK4MTF        59      87 OZ2PBS        59     129 0
QSO: 14248 PH 2025-10-11 1908 IK4MTF        59      88 OH5GIO        59     141 0
QSO: 14267 PH 2025-10-11 1909 IK4MTF        59      89 OG5B          59     242 0
QSO: 14273 PH 2025-10-11 1910 IK4MTF        59      90 OH7K          59     292 0
QSO: 14280 PH 2025-10-11 1911 IK4MTF        59      91 OH6DX         59     601 0
QSO: 14285 PH 2025-10-11 1911 IK4MTF        59      92 OH8WW         59     143 0
QSO: 14288 PH 2025-10-11 1912 IK4MTF        59      93 OH8JIX        59     104 0
QSO: 14165 PH 2025-10-11 1913 IK4MTF        59      94 OH6MSZ        59     485 0
QSO: 14258 PH 2025-10-11 1914 IK4MTF        59      95 LN8W          59     332 0
QSO: 14207 PH 2025-10-11 1915 IK4MTF        59      96 OH6RX         59     770 0
QSO: 14193 PH 2025-10-11 1917 IK4MTF        59      97 OH1X          59      96 0
QSO: 14212 PH 2025-10-11 1922 IK4MTF        59      98 SB7S          59     404 0
QSO:  7198 PH 2025-10-11 1928 IK4MTF        59      99 OZ4GM         59     224 0
QSO:  7189 PH 2025-10-11 1930 IK4MTF        59     100 OF9X          59     463 0
QSO:  7183 PH 2025-10-11 1931 IK4MTF        59     101 SK3W          59     210 0
QSO:  7195 PH 2025-10-11 1934 IK4MTF        59     102 LN2T          59     119 0
QSO: 14215 PH 2025-10-11 1934 IK4MTF        59     103 SE5N          59     196 0
QSO: 14218 PH 2025-10-11 1936 IK4MTF        59     104 8S0C          59     361 0
QSO: 14287 PH 2025-10-12 0816 IK4MTF        59     105 8S8S          59     675 0
QSO: 14278 PH 2025-10-12 0817 IK4MTF        59     106 OH6RE         59     139 0
QSO: 14276 PH 2025-10-12 0818 IK4MTF        59     107 SK0QO         59     376 0
QSO: 14272 PH 2025-10-12 0824 IK4MTF        59     108 OH5NBJ        59     125 0
QSO: 14261 PH 2025-10-12 0824 IK4MTF        59     109 OH2PQ         59     232 0
QSO: 14208 PH 2025-10-12 0831 IK4MTF        59     110 SE4A          59     659 0
QSO: 14286 PH 2025-10-12 0835 IK4MTF        59     111 SM2A          59     100 0
QSO: 14260 PH 2025-10-12 0847 IK4MTF        59     112 OH2N          59     270 0
QSO: 14283 PH 2025-10-12 0850 IK4MTF        59     113 LC6C          59     423 0
QSO: 14277 PH 2025-10-12 0851 IK4MTF        59     114 SM5EPO        59     473 0
QSO: 14261 PH 2025-10-12 0853 IK4MTF        59     115 SD3T          59      25 0
QSO: 14257 PH 2025-10-12 0853 IK4MTF        59     116 OH2OA         59     322 0
QSO: 14263 PH 2025-10-12 0856 IK4MTF        59     117 OH3Z          59     428 0
QSO: 14219 PH 2025-10-12 0859 IK4MTF        59     118 OZ2DAN        59     153 0
QSO: 14215 PH 2025-10-12 0901 IK4MTF        59     119 SM6YEC        59     157 0
QSO: 14217 PH 2025-10-12 0901 IK4MTF        59     120 OH2LZC        59     189 0
QSO: 14217 PH 2025-10-12 0908 IK4MTF        59     121 OG100AA       59     332 0
QSO: 14186 PH 2025-10-12 0910 IK4MTF        59     122 OZ5W          59     212 0
QSO: 14287 PH 2025-10-12 0949 IK4MTF        59     123 SM4ONW        59     528 0
QSO: 21262 PH 2025-10-12 0950 IK4MTF        59     124 OG5O          59     727 0
QSO: 14172 PH 2025-10-12 1019 IK4MTF        59     125 LA1UKA        59     320 0
END-OF-LOG: