START-OF-LOG: 3.0
CONTEST: SAC-SSB
CALLSIGN: SP5WP
CATEGORY-OPERATOR: SINGLE-OP
CATEGORY-BAND: ALL
CATEGORY-POWER: LOW
OPERATORS: SP5WP
CLAIMED-SCORE: 2769
CATEGORY-STATION: FIXED
CATEGORY-OVERLAY: 
CATEGORY-MODE: SSB
NAME: Włodzimierz Jakubowski
QSO: 14000 PH 2025-10-11 1202 SP5WP         59       1 LN8W          59       3 0
QSO: 14000 PH 2025-10-11 1202 SP5WP         59       2 OH8L          59       4 0
QSO: 14000 PH 2025-10-11 1203 SP5WP         59       3 OG5B          59       3 0
QSO: 14000 PH 2025-10-11 1205 SP5WP         59       4 LB1UK         59       2 0
QSO: 14000 PH 2025-10-11 1206 SP5WP         59       5 LN2T          59       3 0
QSO: 14000 PH 2025-10-11 1214 SP5WP         59       6 SE4E          59       8 0
QSO: 14000 PH 2025-10-11 1217 SP5WP         59       7 SK2A          59      16 0
QSO: 14000 PH 2025-10-11 1219 SP5WP         59       8 G0CMQ         59      14 0
QSO: 14000 PH 2025-10-11 1230 SP5WP         59       9 SM4ONW        59      22 0
QSO: 14000 PH 2025-10-11 1233 SP5WP         59      10 LB4UH         59      24 0
QSO: 14000 PH 2025-10-11 1240 SP5WP         59      11 LC7W          59      34 0
QSO: 14000 PH 2025-10-11 1251 SP5WP         59      12 LB7LJ         59      16 0
QSO: 14000 PH 2025-10-11 1254 SP5WP         59      13 SA2T          59       3 0
QSO: 14000 PH 2025-10-11 1529 SP5WP         59      14 SJ2W          59     462 0
QSO: 14000 PH 2025-10-11 1532 SP5WP         59      15 OI5AY         59     136 0
QSO: 14000 PH 2025-10-11 1534 SP5WP         59      16 OH1TD         59      79 0
QSO: 14000 PH 2025-10-11 1542 SP5WP         59      17 LA8HGA        59     106 0
QSO: 14000 PH 2025-10-11 1546 SP5WP         59      18 LA/US1PM      59      94 0
QSO: 14000 PH 2025-10-11 1551 SP5WP         59      19 LC5A          59     152 0
QSO: 14000 PH 2025-10-11 1553 SP5WP         59      20 LC4C          59      78 0
QSO: 14000 PH 2025-10-11 1556 SP5WP         59      22 OH6RX         59     476 0
QSO: 14000 PH 2025-10-11 1557 SP5WP         59      23 LA8OM         59     266 0
QSO: 14000 PH 2025-10-11 1558 SP5WP         59      24 SJ3A          59     191 0
QSO: 14000 PH 2025-10-11 1559 SP5WP         59      25 SK3W          59     274 0
QSO: 14000 PH 2025-10-11 1600 SP5WP         59      26 DL1NKS        59      25 0
QSO: 14000 PH 2025-10-11 1605 SP5WP         59      27 LA4ESA        59     147 0
QSO:  7000 PH 2025-10-11 1744 SP5WP         59      28 8S8S          59     423 0
QSO:  7000 PH 2025-10-11 1749 SP5WP         59      29 OH1Z          59     290 0
QSO:  7000 PH 2025-10-11 1750 SP5WP         59      30 OH2XX         59     429 0
QSO:  7000 PH 2025-10-11 1751 SP5WP         59      31 OH1NA         59     361 0
QSO:  7000 PH 2025-10-11 1755 SP5WP         59      32 OZ3PY         59     200 0
QSO:  7000 PH 2025-10-11 1758 SP5WP         59      33 SJ2W          59     700 0
QSO:  7000 PH 2025-10-11 1800 SP5WP         59      34 SK3W          59     143 0
QSO:  7000 PH 2025-10-11 1803 SP5WP         59      35 OH6DX         59     512 0
QSO:  7000 PH 2025-10-11 1806 SP5WP         59      36 OH6RX         59     657 0
QSO:  7000 PH 2025-10-11 1807 SP5WP         59      37 OH2CV         59      49 0
QSO:  7000 PH 2025-10-11 1809 SP5WP         59      38 OG3B          59     469 0
QSO:  7000 PH 2025-10-11 1810 SP5WP         59      39 OI5AY         59     111 0
QSO:  7000 PH 2025-10-11 1811 SP5WP         59      40 OH3OA         59     256 0
QSO:  7000 PH 2025-10-11 1812 SP5WP         59      41 SK6AW         59      94 0
QSO:  7000 PH 2025-10-11 1814 SP5WP         59      42 OH2LZC        59      76 0
QSO:  7000 PH 2025-10-11 1815 SP5WP         59      43 OH2R          59     535 0
QSO:  7000 PH 2025-10-11 1815 SP5WP         59      44 SE5E          59     520 0
QSO:  7000 PH 2025-10-11 1820 SP5WP         59      45 OH2T          59     532 0
QSO:  7000 PH 2025-10-11 1822 SP5WP         59      46 OG1F          59     740 0
QSO:  7000 PH 2025-10-11 1822 SP5WP         59      47 SA0IAT        59     271 0
QSO:  7000 PH 2025-10-11 1826 SP5WP         59      48 SJ3A          59     274 0
QSO:  7000 PH 2025-10-11 1829 SP5WP         59      49 SC5C          59     330 0
QSO:  7000 PH 2025-10-12 0711 SP5WP         59      50 OH6RE         59      10 0
QSO:  7000 PH 2025-10-12 0712 SP5WP         59      51 OZ0MF         59     649 0
QSO:  7000 PH 2025-10-12 0714 SP5WP         59      52 OH4BCS        59     541 0
QSO:  7000 PH 2025-10-12 0716 SP5WP         59      53 SJ2W          59    1555 0
QSO:  7000 PH 2025-10-12 0718 SP5WP         59      54 LN8W          59     353 0
QSO:  7000 PH 2025-10-12 0737 SP5WP         59      55 LA7WRA        59     263 0
QSO:  7000 PH 2025-10-12 0804 SP5WP         59      56 OG7A          59     312 0
QSO:  7000 PH 2025-10-12 0808 SP5WP         59      57 OZ5E          59     516 0
QSO:  7000 PH 2025-10-12 0811 SP5WP         59      58 OZ4NA         59      99 0
QSO:  7000 PH 2025-10-12 0812 SP5WP         59      59 SM5DWF        59      50 0
QSO:  7000 PH 2025-10-12 0816 SP5WP         59      60 SB7S          59     643 0
QSO:  7000 PH 2025-10-12 0819 SP5WP         59      61 OZ4GM         59     342 0
QSO:  7000 PH 2025-10-12 0823 SP5WP         59      62 SM6TOL        59     133 0
QSO: 14000 PH 2025-10-12 0825 SP5WP         59      63 OH8X          59    1099 0
QSO: 14000 PH 2025-10-12 0832 SP5WP         59      64 OH5NBJ        59     143 0
QSO: 14000 PH 2025-10-12 0838 SP5WP         59      65 OG6N          59     838 0
QSO: 14000 PH 2025-10-12 0841 SP5WP         59      66 OH2N          59     248 0
QSO: 14000 PH 2025-10-12 0844 SP5WP         59      67 LA1TV         59     303 0
QSO: 14000 PH 2025-10-12 0846 SP5WP         59      68 OH2R          59     842 0
QSO: 14000 PH 2025-10-12 0847 SP5WP         59      69 OG3B          59     841 0
QSO: 14000 PH 2025-10-12 0852 SP5WP         59      70 OH3Z          59     417 0
QSO: 14000 PH 2025-10-12 0922 SP5WP         59      71 OY1R          59     750 0
QSO: 14000 PH 2025-10-12 0925 SP5WP         59      72 OG7A          59     428 0
QSO: 14000 PH 2025-10-12 0929 SP5WP         59      73 OI3V          59     729 0
QSO: 14000 PH 2025-10-12 0931 SP5WP         59      74 SM5EPO        59     543 0
QSO: 14000 PH 2025-10-12 0933 SP5WP         59      75 OH2XX         59     565 0
QSO: 14000 PH 2025-10-12 0940 SP5WP         59      76 IU4PPL        59       1 0
END-OF-LOG: