START-OF-LOG: 3.0
CREATED-BY: reconstructed-log-builder
CONTEST: RUSSIAN-DX
CALLSIGN: W7FW
LOCATION: 
CATEGORY: CHECKLOG
CATEGORY-OPERATOR: SINGLE-OP
CATEGORY-BAND: ALL
CATEGORY-MODE: MIXED
CATEGORY-POWER: UNKNOWN
CATEGORY-ASSISTED: NON-ASSISTED
CATEGORY-TRANSMITTER: ONE
CATEGORY-STATION: UNKNOWN
CATEGORY-OVERLAY: 
OPERATORS: W7FW
CLAIMED-SCORE: 
CLUB: 
NAME: 
SOAPBOX: RECONSTRUCTED MOCKUP LOG - NOT AN OFFICIAL SUBMISSION.
SOAPBOX: Derived from submitted logs for RUSSIAN-DX RussianDXContest/2023.
QSO: 14014 CW 2023-03-18 2313 W7FW          599 0001 LZ7G          599 0830
QSO:  7003 CW 2023-03-18 2347 W7FW          599 0004 UP4L          599 0971
QSO:  7004 CW 2023-03-19 0008 W7FW          599 0007 4X6FR         599 0412
QSO:  7003 CW 2023-03-19 0015 W7FW          599 0008 IK2YCW        599 0665
QSO:  7010 CW 2023-03-19 0026 W7FW          599 0008 9A3YT         599 0288
QSO:  7010 CW 2023-03-19 0028 W7FW          599 0009 YT5A          599 1125
QSO:  7012 CW 2023-03-19 0030 W7FW          599 0010 DK6WL         599 1038
QSO:  7036 CW 2023-03-19 0033 W7FW          599 0011 EA5IFY        599 0355
QSO:  7029 CW 2023-03-19 0036 W7FW          599 0012 IK2PFL        599 1269
QSO:  7023 CW 2023-03-19 0040 W7FW          599 0015 HA3NU         599 0486
QSO:  7019 CW 2023-03-19 0048 W7FW          599 0018 OL8R          599 1360
QSO:  7021 CW 2023-03-19 0105 W7FW          599 0019 OK7W          599 1649
QSO:  7018 CW 2023-03-19 0106 W7FW          599 0020 E77EA         599 1415
QSO:  7012 CW 2023-03-19 0111 W7FW          599 0022 HA5UX         599 0331
QSO:  7012 CW 2023-03-19 0133 W7FW          599 0022 4U1UN         599 0189
QSO:  7020 CW 2023-03-19 0144 W7FW          599 0024 SV1BJW        599 0776
QSO:  7035 CW 2023-03-19 0150 W7FW          599 0025 IV3IPS        599 0827
QSO:  7036 CW 2023-03-19 0152 W7FW          599 0026 IK2YCW        599 0715
QSO:  7027 CW 2023-03-19 0154 W7FW          599 0026 HG8K          599 0324
END-OF-LOG:
