START-OF-LOG: 3.0
CREATED-BY: vhfmanager-downloader
CONTEST: ZRS julijsko UKV tekmovanje - Official results - VHFManager
CALLSIGN: OK1DOL
CATEGORY: 145 MHz - checklog
CATEGORY-OPERATOR: SINGLE-OP
CATEGORY-ASSISTED: NON-ASSISTED
CATEGORY-TRANSMITTER: ONE
CATEGORY-STATION: FIXED
QSO: 144300 PH 2014-07-05 1709 OK1DOL        59  1 JN69OS   OL3Y          59  180 JN69JJ
QSO: 144300 PH 2014-07-05 1711 OK1DOL        59  2 JN69OS   OK7O          59  233 JN69OU
QSO: 144300 PH 2014-07-05 1714 OK1DOL        59  3 JN69OS   OL7C          59  247 JO60JJ
QSO: 144300 PH 2014-07-05 1720 OK1DOL        59  4 JN69OS   OE5BGN/P      59  173 JN68WS
QSO: 144300 PH 2014-07-05 1722 OK1DOL        59  5 JN69OS   OK1IPU        59  51 JN69UO 
QSO: 144300 PH 2014-07-05 1724 OK1DOL        59  6 JN69OS   OK1KIR        59  162 JO70DH
QSO: 144300 PH 2014-07-05 1725 OK1DOL        59  7 JN69OS   OK1KQH        59  152 JN79GO
QSO: 144300 PH 2014-07-05 1726 OK1DOL        59  8 JN69OS   OK2M          59  98 JN69UN 
QSO: 144300 PH 2014-07-05 1732 OK1DOL        59  9 JN69OS   OK1KFH        59  141 JN69VN
QSO: 144300 PH 2014-07-05 1733 OK1DOL        59  10 JN69OS  DN2VHF        59  114 JO41GU
QSO: 144300 PH 2014-07-05 1736 OK1DOL        59  11 JN69OS  OK1WT         59  160 JO60RA
QSO: 144300 PH 2014-07-05 1740 OK1DOL        59  12 JN69OS  OK1FC         59  141 JN79CP
QSO: 144300 PH 2014-07-05 1745 OK1DOL        59  13 JN69OS  OK1KJV        59  86 JO60UA 
QSO: 144300 PH 2014-07-05 1751 OK1DOL        59  14 JN69OS  DG8NCO        59  132 JO50VH
QSO: 144300 PH 2014-07-05 1754 OK1DOL        59  15 JN69OS  DG1AMG/P      59  71 JO51TC 
QSO: 144300 PH 2014-07-05 1815 OK1DOL        59  16 JN69OS  DH0F          59  105 JO50XG
QSO: 144300 PH 2014-07-05 1945 OK1DOL        59  17 JN69OS  OK1RAW        59  135 JN69KT
QSO: 144300 PH 2014-07-05 1952 OK1DOL        59  18 JN69OS  OK1KJO        59  153 JO60OK
QSO: 144300 PH 2014-07-05 1956 OK1DOL        59  19 JN69OS  OK1CMJ        59  13 JN69VP 
QSO: 144300 PH 2014-07-05 1958 OK1DOL        59  20 JN69OS  DR2X          59  392 JO40QL
QSO: 144300 PH 2014-07-05 2158 OK1DOL        59  21 JN69OS  OK1VRY        59  112 JN79FP
END-OF-LOG:
