START-OF-LOG: 3.0
CREATED-BY: reconstructed-log-builder
CONTEST: CQ-WW-CW
CALLSIGN: VA2MM
LOCATION: 
CATEGORY: CHECKLOG
CATEGORY-OPERATOR: SINGLE-OP
CATEGORY-BAND: ALL
CATEGORY-MODE: MIXED
CATEGORY-POWER: UNKNOWN
CATEGORY-ASSISTED: NON-ASSISTED
CATEGORY-TRANSMITTER: ONE
CATEGORY-STATION: UNKNOWN
CATEGORY-OVERLAY: 
OPERATORS: VA2MM
CLAIMED-SCORE: 
CLUB: 
NAME: 
SOAPBOX: RECONSTRUCTED MOCKUP LOG - NOT AN OFFICIAL SUBMISSION.
SOAPBOX: Derived from submitted logs for CQ-WW-CW CQWW/cw/2017.
QSO:  7033 CW 2017-11-25 0154 VA2MM         599 05 IR4X          599 15
QSO:  3530 CW 2017-11-25 1046 VA2MM         599 05 TI7W          599 07
QSO:  3536 CW 2017-11-25 1047 VA2MM         599 05 PJ4Y          599 9
QSO: 14034 CW 2017-11-25 1409 VA2MM         599 05 OZ7BQ         599 14
QSO: 14033 CW 2017-11-25 1428 VA2MM         599 5 IQ2CU         599 15
QSO: 21006 CW 2017-11-25 1648 VA2MM         599 05 C6AGU         599 8
QSO: 21000 CW 2017-11-25 1705 VA2MM         599 05 FG/F6ARC      599 08
QSO: 14068 CW 2017-11-25 1725 VA2MM         599 05 9G5W          599 35
QSO: 21000 CW 2017-11-25 1727 VA2MM         599 05 HH2AA         599 8
QSO: 21071 CW 2017-11-25 1730 VA2MM         599 05 6W1SU         599 35
QSO: 14036 CW 2017-11-25 1810 VA2MM         599 05 K4AB          599 4
QSO: 21060 CW 2017-11-26 1709 VA2MM         599 05 8R1/AG6UT     599 09
QSO: 21000 CW 2017-11-26 1722 VA2MM         599 05 YN2CC         599 7
QSO: 21016 CW 2017-11-26 2102 VA2MM         599 5 RI1ANO        599 13
END-OF-LOG:
