START-OF-LOG: 3.0
CREATED-BY: reconstructed-log-builder
CONTEST: CQ-WW-CW
CALLSIGN: IU8PWS
LOCATION: 
CATEGORY: CHECKLOG
CATEGORY-OPERATOR: SINGLE-OP
CATEGORY-BAND: ALL
CATEGORY-MODE: MIXED
CATEGORY-POWER: UNKNOWN
CATEGORY-ASSISTED: NON-ASSISTED
CATEGORY-TRANSMITTER: ONE
CATEGORY-STATION: UNKNOWN
CATEGORY-OVERLAY: 
OPERATORS: IU8PWS
CLAIMED-SCORE: 
CLUB: 
NAME: 
SOAPBOX: RECONSTRUCTED MOCKUP LOG - NOT AN OFFICIAL SUBMISSION.
SOAPBOX: Derived from submitted logs for CQ-WW-CW CQWW/cw/2023.
QSO:  7045 CW 2023-11-25 1917 IU8PWS        599 15 SP1NY         599 15
QSO:  7043 CW 2023-11-25 1921 IU8PWS        599 15 UB7K          599 16
QSO:  1827 CW 2023-11-25 2039 IU8PWS        599 15 9A2KD         599 15
QSO:  1838 CW 2023-11-25 2042 IU8PWS        599 15 TK4W          599 15
QSO:  1829 CW 2023-11-25 2333 IU8PWS        599 15 LX1NO         599 14
QSO:  1825 CW 2023-11-25 2339 IU8PWS        599 15 S53O          599 15
QSO:  1815 CW 2023-11-25 2348 IU8PWS        599 15 9A1A          599 15
QSO: 21044 CW 2023-11-26 1113 IU8PWS        599 15 PI4COM        599 14
QSO: 21058 CW 2023-11-26 1123 IU8PWS        599 15 RT4F          599 16
QSO: 28026 CW 2023-11-26 1516 IU8PWS        599 15 W8AV          599 4
QSO: 28028 CW 2023-11-26 1523 IU8PWS        599 15 KU2M          599 5
QSO: 28031 CW 2023-11-26 1527 IU8PWS        599 15 VA2WA         599 5
QSO: 28035 CW 2023-11-26 1530 IU8PWS        599 15 D4C           599 35
QSO: 28054 CW 2023-11-26 1534 IU8PWS        599 15 K3LR          599 5
QSO: 28064 CW 2023-11-26 1537 IU8PWS        599 15 EA8RM         599 33
QSO: 28016 CW 2023-11-26 1539 IU8PWS        599 15 CR3A          599 33
QSO: 28017 CW 2023-11-26 1541 IU8PWS        599 15 LT1F          599 13
QSO: 21111 CW 2023-11-26 1549 IU8PWS        599 15 VE9AA         599 5
QSO: 21115 CW 2023-11-26 1555 IU8PWS        599 15 VY2TT         599 5
QSO: 14068 CW 2023-11-26 1744 IU8PWS        599 15 CR3W          599 33
QSO: 14048 CW 2023-11-26 1746 IU8PWS        599 15 P33W          599 20
QSO: 14045 CW 2023-11-26 1750 IU8PWS        599 15 KC1XX         599 5
QSO: 14042 CW 2023-11-26 1753 IU8PWS        599 15 DF0HQ         599 14
QSO: 14002 CW 2023-11-26 1801 IU8PWS        599 15 CN3A          599 33
QSO: 14040 CW 2023-11-26 1805 IU8PWS        599 15 YT7B          599 15
QSO: 14018 CW 2023-11-26 1820 IU8PWS        599 15 N2SR          599 5
QSO: 14033 CW 2023-11-26 1823 IU8PWS        599 15 OM7M          599 15
QSO:  7044 CW 2023-11-26 2045 IU8PWS        599 15 TM7A          599 14
END-OF-LOG:
