START-OF-LOG: 3.0
CREATED-BY: vhfmanager-downloader
CONTEST: ZRS marčevsko UKV tekmovanje - Official results - VHFManager
CALLSIGN: DH1TS
CATEGORY: 435 MHz - checklog
CATEGORY-OPERATOR: SINGLE-OP
CATEGORY-ASSISTED: NON-ASSISTED
CATEGORY-TRANSMITTER: ONE
CATEGORY-STATION: FIXED
QSO: 435000 PH 2014-03-01 1620 DH1TS         59  1 JO30QQ   DK5WO         59  4 JO30AS  
QSO: 435000 PH 2014-03-01 1627 DH1TS         59  2 JO30QQ   PA0WMX        59  10 JO21XI 
QSO: 435000 PH 2014-03-01 1635 DH1TS         55  3 JO30QQ   G5B           52  44 IO92WS 
QSO: 435000 PH 2014-03-01 1637 DH1TS         57  4 JO30QQ   PI4GN         55  40 JO33II 
QSO: 435000 PH 2014-03-01 1830 DH1TS         59  5 JO30QQ   DF0MU         59  103 JO32PC
QSO: 435000 PH 2014-03-01 1837 DH1TS         59  6 JO30QQ   DL0HTW        59  62 JO60QU 
QSO: 435000 PH 2014-03-01 2013 DH1TS         59  7 JO30QQ   OK1TEH        59  144 JN79OW
QSO: 435000 PH 2014-03-02 1010 DH1TS         59  8 JO30QQ   DF7JS         57  31 JO31JM 
QSO: 435000 PH 2014-03-02 1013 DH1TS         59  9 JO30QQ   DK0PU         59  107 JO31JN
QSO: 435000 PH 2014-03-02 1018 DH1TS         57  10 JO30QQ  DL0LN         55  159 JO31QX
QSO: 435000 PH 2014-03-02 1022 DH1TS         59  11 JO30QQ  DK9IP         55  122 JN48GT
QSO: 435000 CW 2014-03-02 1030 DH1TS         55  11 JO30QQ  G0XDI         519 75 IO91RQ 
QSO: 435000 PH 2014-03-02 1040 DH1TS         57  13 JO30QQ  DJ7R          59  251 JN59UK
QSO: 435000 PH 2014-03-02 1043 DH1TS         59  14 JO30QQ  DJ6BS         59  149 JO43JH
QSO: 435000 PH 2014-03-02 1145 DH1TS         55  15 JO30QQ  M0MDG/P       55  93 JO00EW 
QSO: 435000 PH 2014-03-02 1205 DH1TS         57  16 JO30QQ  DF1RD         59  26 JN59UN 
QSO: 435000 PH 2014-03-02 1229 DH1TS         57  17 JO30QQ  OL3Z          59  290 JN79FX
END-OF-LOG:
