START-OF-LOG: 3.0
CREATED-BY: vhfmanager-downloader
CONTEST: ZRS novembrsko UKV tekmovanje - Official results - VHFManager
CALLSIGN: OE2M
CATEGORY: 145 MHz - checklog
CATEGORY-OPERATOR: SINGLE-OP
CATEGORY-ASSISTED: NON-ASSISTED
CATEGORY-TRANSMITTER: ONE
CATEGORY-STATION: FIXED
QSO: 144100 CW 2017-11-04 1412 OE2M          599 1 JN67NT   HB9CLN        599 4 JN37SK  
QSO: 144100 CW 2017-11-04 1412 OE2M          599 2 JN67NT   PI4MAX        599 5 JO21OJ  
QSO: 144100 CW 2017-11-04 1413 OE2M          599 3 JN67NT   DF5HC         599 3 JN59HT  
QSO: 144100 CW 2017-11-04 1414 OE2M          599 4 JN67NT   DJ8OG         599 6 JO40NJ  
QSO: 144100 CW 2017-11-04 1415 OE2M          599 5 JN67NT   DL6NDW        599 7 JN57OX  
QSO: 144100 CW 2017-11-04 1416 OE2M          599 6 JN67NT   DK0MM         599 6 JN49JT  
QSO: 144100 CW 2017-11-04 1417 OE2M          599 7 JN67NT   OE5OEL        599 3 JN68NB  
QSO: 144100 CW 2017-11-04 1418 OE2M          599 8 JN67NT   DL9MFY        599 3 JN58SD  
QSO: 144100 CW 2017-11-04 1420 OE2M          599 9 JN67NT   DM3SWD        599 1 JO62KL  
QSO: 144100 CW 2017-11-04 1422 OE2M          599 10 JN67NT  DD7MH         599 1 JN68HD  
QSO: 144100 CW 2017-11-04 1425 OE2M          599 11 JN67NT  DK1AX         599 8 JN59SV  
QSO: 144100 CW 2017-11-04 1427 OE2M          599 12 JN67NT  F5OCL         599 8 JN37QS  
QSO: 144100 CW 2017-11-04 1435 OE2M          599 13 JN67NT  F6ACU         599 8 JN38RC  
QSO: 144100 CW 2017-11-04 1438 OE2M          599 14 JN67NT  DK1PZ         599 9 JO41TH  
QSO: 144100 CW 2017-11-04 1438 OE2M          599 15 JN67NT  DJ7FM         599 6 JN68IO  
QSO: 144100 CW 2017-11-04 1439 OE2M          599 16 JN67NT  DL5RDO        599 11 JN59KK 
QSO: 144100 CW 2017-11-04 1440 OE2M          599 17 JN67NT  DM5EE         599 17 JO52GH 
QSO: 144100 CW 2017-11-04 1441 OE2M          599 18 JN67NT  DK6YM         599 11 JO31WE 
QSO: 144100 CW 2017-11-04 1441 OE2M          599 19 JN67NT  DJ2QV         599 14 JN58UA 
QSO: 144100 CW 2017-11-04 1442 OE2M          599 20 JN67NT  DL6GCE        599 10 JN58TD 
QSO: 144100 CW 2017-11-04 1443 OE2M          599 21 JN67NT  OK1HCU        599 12 JN69XB 
QSO: 144100 CW 2017-11-04 1444 OE2M          599 22 JN67NT  DK5GB         599 12 JN48MT 
QSO: 144100 CW 2017-11-04 1445 OE2M          599 23 JN67NT  DJ5MY/P       599 18 JN68BI 
QSO: 144100 CW 2017-11-04 1445 OE2M          599 24 JN67NT  DK1NNN        599 4 JO60BE  
QSO: 144100 CW 2017-11-04 1446 OE2M          599 25 JN67NT  DK2ZF/P       599 14 JO40IT 
QSO: 144100 CW 2017-11-04 1446 OE2M          599 26 JN67NT  DN0UKW        599 6 JO31LG  
QSO: 144100 CW 2017-11-04 1448 OE2M          599 27 JN67NT  DL7ULM/P      599 23 JO62MS 
QSO: 144100 CW 2017-11-04 1449 OE2M          599 28 JN67NT  HB9BAS        599 6 JN37SM  
QSO: 144100 CW 2017-11-04 1451 OE2M          599 29 JN67NT  DL2VL         599 21 JO60XX 
QSO: 144100 CW 2017-11-04 1452 OE2M          599 30 JN67NT  DL2AWA        599 15 JO50KU 
QSO: 144100 CW 2017-11-04 1453 OE2M          599 31 JN67NT  OK1VBN        599 21 JN78FX 
QSO: 144100 CW 2017-11-04 1454 OE2M          599 32 JN67NT  DF8TM         599 20 JN49QH 
QSO: 144100 CW 2017-11-04 1455 OE2M          599 33 JN67NT  DJ5MW         599 10 JN47WN 
QSO: 144100 CW 2017-11-04 1457 OE2M          599 34 JN67NT  DL3AWI        599 5 JO51MF  
QSO: 144100 CW 2017-11-04 1458 OE2M          599 35 JN67NT  DL3IAE        599 7 JN49DG  
QSO: 144100 CW 2017-11-04 1500 OE2M          599 36 JN67NT  DJ9KH         599 10 JO42LX 
QSO: 144100 CW 2017-11-04 1501 OE2M          599 37 JN67NT  DL4HG         599 15 JO53CM 
QSO: 144100 CW 2017-11-04 1503 OE2M          599 38 JN67NT  F6CHQ/P       599 8 JN37EX  
QSO: 144100 CW 2017-11-04 1504 OE2M          599 39 JN67NT  DJ7R          599 21 JN59UK 
QSO: 144100 CW 2017-11-04 1506 OE2M          599 40 JN67NT  DK7AC         599 12 JO52GF 
QSO: 144100 CW 2017-11-04 1508 OE2M          599 41 JN67NT  I3LGP         599 23 JN55VK 
QSO: 144100 CW 2017-11-04 1510 OE2M          599 42 JN67NT  DL5EBS        599 8 JO31NH  
QSO: 144100 CW 2017-11-04 1510 OE2M          599 43 JN67NT  DF0XG         599 27 JO51KW 
QSO: 144100 CW 2017-11-04 1512 OE2M          599 44 JN67NT  IZ2CPS        599 4 JN45SS  
QSO: 144100 CW 2017-11-04 1513 OE2M          599 45 JN67NT  DK6NJ         599 12 JN59WL 
QSO: 144100 CW 2017-11-04 1514 OE2M          599 46 JN67NT  DL4CF         599 27 JO51TH 
QSO: 144100 CW 2017-11-04 1514 OE2M          599 47 JN67NT  OK1PGS        599 20 JN69RS 
QSO: 144100 CW 2017-11-04 1516 OE2M          599 48 JN67NT  DL0GH         599 14 JO40JN 
QSO: 144100 CW 2017-11-04 1517 OE2M          599 49 JN67NT  OM3TZZ        599 8 JN88RJ  
QSO: 144100 CW 2017-11-04 1518 OE2M          599 50 JN67NT  HG7F          599 38 JN97KR 
QSO: 144100 CW 2017-11-04 1522 OE2M          599 51 JN67NT  DL1RIJ        599 6 JN58SE  
QSO: 144100 CW 2017-11-04 1523 OE2M          599 52 JN67NT  DJ0WW         599 21 JO40CF 
QSO: 144100 CW 2017-11-04 1524 OE2M          599 53 JN67NT  DL4MHA        599 22 JN58QI 
QSO: 144100 CW 2017-11-04 1525 OE2M          599 54 JN67NT  DH1PAL        599 7 JO30JP  
QSO: 144100 CW 2017-11-04 1527 OE2M          599 55 JN67NT  DL5XAT        599 20 JO53CN 
QSO: 144100 CW 2017-11-04 1529 OE2M          599 56 JN67NT  DH2DAM        599 19 JO31PG 
QSO: 144100 CW 2017-11-04 1532 OE2M          599 57 JN67NT  DL2RUG        599 19 JO62OJ 
QSO: 144100 CW 2017-11-04 1533 OE2M          599 58 JN67NT  DL6RBH        599 14 JN69GK 
QSO: 144100 CW 2017-11-04 1534 OE2M          599 59 JN67NT  DK0GHC        599 17 JO61FR 
QSO: 144100 CW 2017-11-04 1535 OE2M          599 60 JN67NT  DJ2FR         599 32 JN58PK 
QSO: 144100 CW 2017-11-04 1535 OE2M          599 61 JN67NT  DL2DVE        599 9 JN58WE  
QSO: 144100 CW 2017-11-04 1538 OE2M          599 62 JN67NT  DJ2DA         599 10 JO61PG 
QSO: 144100 CW 2017-11-04 1538 OE2M          599 63 JN67NT  DM3W          599 43 JO62XE 
QSO: 144100 CW 2017-11-04 1539 OE2M          599 64 JN67NT  DL3JIN        599 10 JO60LX 
QSO: 144100 CW 2017-11-04 1541 OE2M          599 65 JN67NT  DL2HWA        599 6 JO51WE  
QSO: 144100 CW 2017-11-04 1543 OE2M          599 66 JN67NT  OK1KPS        599 30 JN79BH 
QSO: 144100 CW 2017-11-04 1544 OE2M          599 67 JN67NT  OK1JDJ        599 24 JO60WQ 
QSO: 144100 CW 2017-11-04 1545 OE2M          599 68 JN67NT  DL3DTH        599 32 JO61UE 
QSO: 144100 CW 2017-11-04 1547 OE2M          599 69 JN67NT  HB9EWY        599 28 JN37SH 
QSO: 144100 CW 2017-11-04 1548 OE2M          599 70 JN67NT  DL3WP         599 26 JN48NI 
QSO: 144100 CW 2017-11-04 1550 OE2M          599 71 JN67NT  DG1HXJ        599 9 JN58TE  
QSO: 144100 CW 2017-11-04 1551 OE2M          599 72 JN67NT  DM5C          599 39 JO42RG 
QSO: 144100 CW 2017-11-04 1553 OE2M          599 73 JN67NT  DL2KEP/P      599 15 JO40GB 
QSO: 144100 CW 2017-11-04 1557 OE2M          599 74 JN67NT  DN0UKW        599 17 JO31LG 
QSO: 144100 CW 2017-11-04 1558 OE2M          599 75 JN67NT  DL2OM         599 60 JO30SN 
QSO: 144100 CW 2017-11-04 1600 OE2M          599 76 JN67NT  DF1JC         599 1 JO31OG  
QSO: 144100 CW 2017-11-04 1601 OE2M          599 77 JN67NT  DK8R          599 13 JN39PJ 
QSO: 144100 CW 2017-11-04 1602 OE2M          599 78 JN67NT  DL2MEP/P      599 17 JO40GB 
QSO: 144100 CW 2017-11-04 1603 OE2M          599 79 JN67NT  DK1NO         599 10 JN39AO 
QSO: 144100 CW 2017-11-04 1604 OE2M          599 80 JN67NT  DJ4MH         599 29 JO42BB 
QSO: 144100 CW 2017-11-04 1605 OE2M          599 81 JN67NT  DM3HZN        599 4 JO60BH  
QSO: 144100 CW 2017-11-04 1608 OE2M          599 82 JN67NT  DL5BAW/P      599 26 JO51ET 
QSO: 144100 CW 2017-11-04 1611 OE2M          599 83 JN67NT  DL3AMI        599 32 JO50MX 
QSO: 144100 CW 2017-11-04 1612 OE2M          599 84 JN67NT  DL6BF         599 2 JO32QI  
QSO: 144100 CW 2017-11-04 1613 OE2M          599 85 JN67NT  DL1SUZ        599 17 JO53UN 
QSO: 144100 CW 2017-11-04 1614 OE2M          599 86 JN67NT  DK2GZ         599 77 JN49GB 
QSO: 144100 CW 2017-11-04 1615 OE2M          599 87 JN67NT  DK5AJ         599 6 JO60JV  
QSO: 144100 CW 2017-11-04 1616 OE2M          599 88 JN67NT  DJ6OL         599 7 JO52AP  
QSO: 144100 CW 2017-11-04 1618 OE2M          599 89 JN67NT  DL0VN         599 28 JN39JF 
QSO: 144100 CW 2017-11-04 1618 OE2M          599 90 JN67NT  DK5SF         599 9 JN58TR  
QSO: 144100 CW 2017-11-04 1620 OE2M          599 91 JN67NT  DF1MM         599 42 JO43HB 
QSO: 144100 CW 2017-11-04 1621 OE2M          599 92 JN67NT  DH8WE         599 18 JO50TJ 
QSO: 144100 CW 2017-11-04 1625 OE2M          599 93 JN67NT  DL8EKI        599 1 JO31OX  
QSO: 144100 CW 2017-11-04 1626 OE2M          599 94 JN67NT  PA2M          599 2 JO21IP  
QSO: 144100 CW 2017-11-04 1629 OE2M          599 95 JN67NT  PA3GDY        599 8 JO21RX  
QSO: 144100 CW 2017-11-04 1630 OE2M          599 96 JN67NT  DJ9MH         599 19 JO50FA 
QSO: 144100 CW 2017-11-04 1631 OE2M          599 97 JN67NT  DK3AX         599 3 JN59DV  
QSO: 144100 CW 2017-11-04 1632 OE2M          599 98 JN67NT  PA4EME        599 11 JO20WX 
QSO: 144100 CW 2017-11-04 1633 OE2M          599 99 JN67NT  DL1NEO        599 31 JN59KV 
QSO: 144100 CW 2017-11-04 1634 OE2M          599 100 JN67NT DL2AKT        599 42 JO50NV 
QSO: 144100 CW 2017-11-04 1635 OE2M          599 101 JN67NT DL5JS         599 27 JO31JF 
QSO: 144100 CW 2017-11-04 1636 OE2M          599 102 JN67NT DF0MU         599 75 JO32PC 
QSO: 144100 CW 2017-11-04 1637 OE2M          599 103 JN67NT DL5DBT        599 43 JO31TN 
QSO: 144100 CW 2017-11-04 1639 OE2M          599 104 JN67NT DL4FCH        599 19 JO40KA 
QSO: 144100 CW 2017-11-04 1639 OE2M          599 105 JN67NT DL1NEO        599 33 JN59KV 
QSO: 144100 CW 2017-11-04 1640 OE2M          599 106 JN67NT PA4VHF        599 70 JO32JE 
QSO: 144100 CW 2017-11-04 1641 OE2M          599 107 JN67NT DL1EIP        599 32 JO31DF 
QSO: 144100 CW 2017-11-04 1643 OE2M          599 108 JN67NT DL3WW         599 35 JO60FL 
QSO: 144100 CW 2017-11-04 1645 OE2M          599 109 JN67NT DR5T          599 51 JN47KW 
QSO: 144100 CW 2017-11-04 1645 OE2M          599 110 JN67NT DL7AT         599 38 JO53CL 
QSO: 144100 CW 2017-11-04 1647 OE2M          599 111 JN67NT DH8IAB        599 2 JO30NO  
QSO: 144100 CW 2017-11-04 1648 OE2M          599 112 JN67NT DK3GI         599 7 JN59LQ  
QSO: 144100 CW 2017-11-04 1649 OE2M          599 113 JN67NT DL3EBJ        599 30 JO31CD 
QSO: 144100 CW 2017-11-04 1650 OE2M          599 114 JN67NT DO8GZ         599 4 JN58SD  
QSO: 144100 CW 2017-11-04 1703 OE2M          599 115 JN67NT HA7MB         599 56 KN07BM 
QSO: 144100 CW 2017-11-04 1706 OE2M          599 116 JN67NT 9A7D          599 25 JN85AO 
QSO: 144100 CW 2017-11-04 1707 OE2M          599 117 JN67NT 9A7B          599 24 JN83HG 
QSO: 144100 CW 2017-11-04 1708 OE2M          599 118 JN67NT DM5TI         599 7 JN68FF  
QSO: 144100 CW 2017-11-04 1709 OE2M          599 119 JN67NT S57LM         599 49 JN76HD 
QSO: 144100 CW 2017-11-04 1710 OE2M          599 120 JN67NT DK3YD         599 2 JN58TE  
QSO: 144100 CW 2017-11-04 1712 OE2M          599 121 JN67NT HA5OO         599 59 JN97OM 
QSO: 144100 CW 2017-11-04 1713 OE2M          599 122 JN67NT OM3D          599 53 KN19DB 
QSO: 144100 CW 2017-11-04 1714 OE2M          599 123 JN67NT DK0BN         599 129 JN39VX
QSO: 144100 CW 2017-11-04 1714 OE2M          599 124 JN67NT DL3MFQ        599 11 JN58SE 
QSO: 144100 CW 2017-11-04 1715 OE2M          599 125 JN67NT OM6A          599 144 JN99JC
QSO: 144100 CW 2017-11-04 1718 OE2M          599 126 JN67NT HA1A          599 108 JN87GF
QSO: 144100 CW 2017-11-04 1719 OE2M          599 127 JN67NT OM2Y          599 171 JN88RS
QSO: 144100 CW 2017-11-04 1720 OE2M          599 128 JN67NT OL7C          599 156 JO60JJ
QSO: 144100 CW 2017-11-04 1721 OE2M          599 129 JN67NT OE5NNN/P      599 75 JN77DX 
QSO: 144100 CW 2017-11-04 1722 OE2M          599 130 JN67NT OL4A          599 115 JO60RN
QSO: 144100 CW 2017-11-04 1723 OE2M          599 131 JN67NT DL0STO        599 107 JO60UR
QSO: 144100 CW 2017-11-04 1726 OE2M          599 132 JN67NT DL2CC         599 140 JN48WM
QSO: 144100 CW 2017-11-04 1727 OE2M          599 133 JN67NT OK7O          599 171 JN69OU
QSO: 144100 CW 2017-11-04 1727 OE2M          599 134 JN67NT DQ7A          599 107 JN59RJ
QSO: 144100 CW 2017-11-04 1729 OE2M          599 135 JN67NT DM7A          599 122 JO60OM
QSO: 144100 CW 2017-11-04 1731 OE2M          599 136 JN67NT DR9A          599 227 JN48EQ
QSO: 144100 CW 2017-11-04 1733 OE2M          599 137 JN67NT OL3Y          599 137 JN69JJ
QSO: 144100 CW 2017-11-04 1736 OE2M          599 138 JN67NT OM5AW         599 122 JN98AH
QSO: 144100 CW 2017-11-04 1738 OE2M          599 139 JN67NT S57O          599 131 JN86DT
QSO: 144100 CW 2017-11-04 1739 OE2M          599 140 JN67NT DK6SP         599 88 JN68AE 
QSO: 144100 CW 2017-11-04 1741 OE2M          599 141 JN67NT HG1Z          599 124 JN86KU
QSO: 144100 CW 2017-11-04 1743 OE2M          599 142 JN67NT OM3FW         599 119 JN88RQ
QSO: 144100 CW 2017-11-04 1745 OE2M          599 143 JN67NT HB9FAP        599 156 JN47PH
QSO: 144100 CW 2017-11-04 1746 OE2M          599 144 JN67NT DA0FF         599 260 JO40XL
QSO: 144100 CW 2017-11-04 1752 OE2M          599 145 JN67NT DM5A          599 67 JO61SH 
QSO: 144100 CW 2017-11-04 1756 OE2M          599 146 JN67NT F6HJO/P       599 52 JN27FJ 
QSO: 144100 CW 2017-11-04 1756 OE2M          599 147 JN67NT F6DCD         599 43 JN38RQ 
QSO: 144100 CW 2017-11-04 1759 OE2M          599 148 JN67NT I4CIV         599 39 JN63FX 
QSO: 144100 CW 2017-11-04 1811 OE2M          599 149 JN67NT DJ2NR         599 34 JO50VF 
QSO: 144100 CW 2017-11-04 1814 OE2M          599 150 JN67NT F6GYH         599 45 JN27TS 
QSO: 144100 CW 2017-11-04 1815 OE2M          599 151 JN67NT DF0CI         599 65 JO51CH 
QSO: 144100 CW 2017-11-04 1818 OE2M          599 152 JN67NT OK1MDK        599 36 JN79TO 
QSO: 144100 CW 2017-11-04 1822 OE2M          599 153 JN67NT OM3W          599 180 JN99CH
QSO: 144100 CW 2017-11-04 1825 OE2M          599 154 JN67NT IQ5NN         599 146 JN63GN
QSO: 144100 CW 2017-11-04 1827 OE2M          599 155 JN67NT HA2R          599 165 JN87UE
QSO: 144100 CW 2017-11-04 1832 OE2M          599 156 JN67NT OM3RM         599 91 JN88QA 
QSO: 144100 CW 2017-11-04 1838 OE2M          599 157 JN67NT UR7DWW        599 110 KN18EO
QSO: 144100 CW 2017-11-04 1841 OE2M          599 158 JN67NT S59P          599 117 JN86AO
QSO: 144100 CW 2017-11-04 1844 OE2M          599 159 JN67NT 9A8D          599 69 JN95LM 
QSO: 144100 CW 2017-11-04 1847 OE2M          599 160 JN67NT DK0OG         599 177 JN68GI
QSO: 144100 CW 2017-11-04 1848 OE2M          599 161 JN67NT DL8VL         599 123 JO71FG
QSO: 144100 CW 2017-11-04 1849 OE2M          599 162 JN67NT S58RU         599 41 JN65WM 
QSO: 144100 CW 2017-11-04 1852 OE2M          599 163 JN67NT DK1KC/P       599 132 JN58QH
QSO: 144100 CW 2017-11-04 1853 OE2M          599 164 JN67NT DP5V          599 78 JO71EC 
QSO: 144100 CW 2017-11-04 1855 OE2M          599 165 JN67NT DK6NJ         599 63 JN59WL 
QSO: 144100 CW 2017-11-04 1857 OE2M          599 166 JN67NT PA6RW         599 42 JO22SG 
QSO: 144100 CW 2017-11-04 1858 OE2M          599 167 JN67NT DF0MTL        599 148 JO61JF
QSO: 144100 CW 2017-11-04 1901 OE2M          599 168 JN67NT DL9AJ         599 26 JO42CJ 
QSO: 144100 CW 2017-11-04 1903 OE2M          599 169 JN67NT DL0CS         599 55 JO44WQ 
QSO: 144100 CW 2017-11-04 1904 OE2M          599 170 JN67NT DL0VV         599 57 JO64AD 
QSO: 144100 CW 2017-11-04 1904 OE2M          599 171 JN67NT DL8OAY        599 19 JO52AO 
QSO: 144100 CW 2017-11-04 1906 OE2M          599 172 JN67NT DL2YDS        599 86 JO42HG 
QSO: 144100 CW 2017-11-04 1908 OE2M          599 173 JN67NT DG6ME         599 26 JO51KV 
QSO: 144100 CW 2017-11-04 1910 OE2M          599 174 JN67NT OK1TRW        599 54 JO70HC 
QSO: 144100 CW 2017-11-04 1914 OE2M          599 175 JN67NT OK1OPT        599 82 JN69NX 
QSO: 144100 CW 2017-11-04 1916 OE2M          599 176 JN67NT DL2BJB        599 35 JO42PT 
QSO: 144100 CW 2017-11-04 1919 OE2M          599 177 JN67NT DM1517L       599 57 JO50DX 
QSO: 144100 CW 2017-11-04 1922 OE2M          599 178 JN67NT DM3D          599 50 JO62LI 
QSO: 144100 CW 2017-11-04 1924 OE2M          599 179 JN67NT DL8UI         599 55 JO41WI 
QSO: 144100 CW 2017-11-04 1925 OE2M          599 180 JN67NT DF3AO         599 10 JO41WI 
QSO: 144100 CW 2017-11-04 1926 OE2M          599 181 JN67NT DL0MET        599 4 JO41WI  
QSO: 144100 CW 2017-11-04 1927 OE2M          599 182 JN67NT OL1B          599 92 JO80IB 
QSO: 144100 CW 2017-11-04 1928 OE2M          599 183 JN67NT OK2PWR        599 103 JN89TG
QSO: 144100 CW 2017-11-04 1929 OE2M          599 184 JN67NT 9A9R          599 153 JN85OQ
QSO: 144100 CW 2017-11-04 1930 OE2M          599 185 JN67NT DF7RG         599 52 JN68HG 
QSO: 144100 CW 2017-11-04 1931 OE2M          599 186 JN67NT OE5HIL        599 3 JN78EA  
QSO: 144100 CW 2017-11-04 1936 OE2M          599 187 JN67NT S50J          599 45 JN65VO 
QSO: 144100 CW 2017-11-04 1954 OE2M          599 188 JN67NT OM3KII        599 221 JN88UU
QSO: 144100 CW 2017-11-04 1957 OE2M          599 189 JN67NT YU1LA         599 73 KN04FR 
QSO: 144100 CW 2017-11-04 2012 OE2M          599 190 JN67NT E77ZM         599 76 JN84PT 
QSO: 144100 CW 2017-11-04 2014 OE2M          599 191 JN67NT 9A1KDE        599 73 JN95FQ 
QSO: 144100 CW 2017-11-04 2016 OE2M          599 192 JN67NT S51ZO         599 144 JN86DR
QSO: 144100 CW 2017-11-04 2017 OE2M          599 193 JN67NT S52IT         599 59 JN66WB 
QSO: 144100 CW 2017-11-04 2027 OE2M          599 194 JN67NT DP4B          599 71 JO52GF 
QSO: 144100 CW 2017-11-04 2028 OE2M          599 195 JN67NT DK5AX         599 7 JO52CG  
QSO: 144100 CW 2017-11-04 2039 OE2M          599 196 JN67NT DL4SZB        599 21 JO62BO 
END-OF-LOG:
