START-OF-LOG: 3.0
CREATED-BY: reconstructed-log-builder
CONTEST: CQ-WW-SSB
CALLSIGN: YU1DW
LOCATION: 
CATEGORY: CHECKLOG
CATEGORY-OPERATOR: SINGLE-OP
CATEGORY-BAND: ALL
CATEGORY-MODE: MIXED
CATEGORY-POWER: UNKNOWN
CATEGORY-ASSISTED: NON-ASSISTED
CATEGORY-TRANSMITTER: ONE
CATEGORY-STATION: UNKNOWN
CATEGORY-OVERLAY: 
OPERATORS: YU1DW
CLAIMED-SCORE: 
CLUB: 
NAME: 
SOAPBOX: RECONSTRUCTED MOCKUP LOG - NOT AN OFFICIAL SUBMISSION.
SOAPBOX: Derived from submitted logs for CQ-WW-SSB CQWW/ph/2016.
QSO:  7067 PH 2016-10-29 0307 YU1DW         59 15 RK4FL         59 16
QSO:  7069 PH 2016-10-29 0308 YU1DW         59 15 UZ3A          59 16
QSO:  7077 PH 2016-10-29 0310 YU1DW         59 15 PY2YU         59 11
QSO:  7104 PH 2016-10-29 0310 YU1DW         59 15 A62A          59 21
QSO:  7063 PH 2016-10-29 0314 YU1DW         59 15 DL1WA         59 14
QSO:  7063 PH 2016-10-29 0314 YU1DW         59 15 DM5BB         59 14
QSO:  7000 PH 2016-10-29 0316 YU1DW         59 15 DL1ATZ        59 14
QSO:  7062 PH 2016-10-29 0316 YU1DW         59 15 EW1IP         59 16
QSO:  7062 PH 2016-10-29 0316 YU1DW         59 15 OL9R          59 15
QSO:  7056 PH 2016-10-29 0318 YU1DW         59 15 8P5A          59 8
QSO:  7061 PH 2016-10-29 0318 YU1DW         59 15 PS2T          59 11
QSO:  7128 PH 2016-10-29 0320 YU1DW         59 15 KP2M          59 8
QSO:  7052 PH 2016-10-29 0321 YU1DW         59 15 PZ5K          59 09
QSO:  7071 PH 2016-10-29 0322 YU1DW         59 15 PR7AB         59 11
QSO:  7107 PH 2016-10-29 0323 YU1DW         59 15 SN8D          59 15
QSO:  7126 PH 2016-10-29 0324 YU1DW         59 15 HK1AC         59 9
QSO:  7076 PH 2016-10-29 0325 YU1DW         59 15 EC5EA         59 14
QSO:  7076 PH 2016-10-29 0326 YU1DW         59 15 ED2C          59 14
QSO:  7048 PH 2016-10-29 0327 YU1DW         59 15 EF8U          59 33
QSO:  7092 PH 2016-10-29 0330 YU1DW         59 15 PR7AA         59 11
QSO:  7127 PH 2016-10-29 0332 YU1DW         59 15 ZW8T          59 11
QSO:  7155 PH 2016-10-29 0332 YU1DW         59 15 CQ8M          59 14
QSO:  7089 PH 2016-10-29 0334 YU1DW         59 15 ZD8W          59 36
QSO:  7000 PH 2016-10-29 0335 YU1DW         59 15 CT1FHL        59 14
QSO:  7067 PH 2016-10-29 0338 YU1DW         59 15 OZ1KVM        59 14
QSO:  7172 PH 2016-10-29 0340 YU1DW         59 15 CN2R          59 33
QSO:  7141 PH 2016-10-29 0344 YU1DW         59 15 CN3A          59 33
QSO:  7000 PH 2016-10-29 0346 YU1DW         59 15 KP2XX         59 08
QSO:  7000 PH 2016-10-29 0349 YU1DW         59 15 EA8URT        59 33
QSO:  7064 PH 2016-10-29 0350 YU1DW         59 15 UN5GM         59 17
QSO:  7000 PH 2016-10-29 0354 YU1DW         59 15 EA8BPX        59 33
QSO:  7064 PH 2016-10-29 0354 YU1DW         59 15 R1BCE         59 16
QSO:  7065 PH 2016-10-29 0354 YU1DW         59 15 UA4M          59 16
QSO:  7064 PH 2016-10-29 0357 YU1DW         59 15 EF8R          59 33
QSO:  7046 PH 2016-10-29 0431 YU1DW         59 15 H2T           59 20
QSO:  7110 PH 2016-10-29 0525 YU1DW         59 15 SX9C          59 20
QSO:  7120 PH 2016-10-29 0525 YU1DW         59 15 YW4D          59 9
QSO:  7068 PH 2016-10-29 0526 YU1DW         59 15 V47T          59 08
QSO:  7157 PH 2016-10-29 0527 YU1DW         59 15 4L0A          59 21
QSO:  7127 PH 2016-10-29 0528 YU1DW         59 15 ZW8T          59 11
QSO:  7065 PH 2016-10-29 0529 YU1DW         59 15 M6T           59 14
QSO:  7127 PH 2016-10-29 0530 YU1DW         59 15 ZW8T          59 11
QSO:  7000 PH 2016-10-29 0532 YU1DW         59 15 EA2ECA        59 14
QSO:  7069 PH 2016-10-29 0532 YU1DW         59 15 EB1ADD        59 14
QSO:  7069 PH 2016-10-29 0532 YU1DW         59 15 EF2A          59 14
QSO:  7069 PH 2016-10-29 0532 YU1DW         59 15 UT8IM         59 16
QSO:  7000 PH 2016-10-29 0533 YU1DW         59 15 R3WZ          59 16
QSO:  7000 PH 2016-10-29 0534 YU1DW         59 15 LN7TTT        59 14
QSO:  7070 PH 2016-10-29 0534 YU1DW         59 15 P33W          59 20
QSO:  7000 PH 2016-10-29 0535 YU1DW         59 15 EA7OY         59 14
QSO:  7068 PH 2016-10-29 0535 YU1DW         59 15 EA3HOE        59 14
QSO:  7069 PH 2016-10-29 0535 YU1DW         59 15 EE2A          59 14
QSO:  7000 PH 2016-10-29 0536 YU1DW         59 15 CT2JXU/P      59 14
QSO:  7068 PH 2016-10-29 0536 YU1DW         59 15 F5BEG         59 14
QSO:  7069 PH 2016-10-29 0537 YU1DW         59 15 6Y4V          59 8
QSO:  7000 PH 2016-10-29 0538 YU1DW         59 15 SK0QO         59 14
QSO:  7000 PH 2016-10-29 0538 YU1DW         59 15 UT0AZA        59 16
QSO:  7000 PH 2016-10-29 0539 YU1DW         59 15 U1BD          59 16
QSO:  7068 PH 2016-10-29 0539 YU1DW         59 15 UV5EEO        59 16
QSO:  7069 PH 2016-10-29 0539 YU1DW         59 15 UT0RM         59 16
QSO:  7000 PH 2016-10-29 0540 YU1DW         59 15 EA4DXP        59 14
QSO:  7000 PH 2016-10-29 0540 YU1DW         59 15 ON4TO         59 14
QSO:  7069 PH 2016-10-29 0540 YU1DW         59 15 LY1R          59 15
QSO:  7000 PH 2016-10-29 0541 YU1DW         59 15 UX3HA         59 16
QSO:  7068 PH 2016-10-29 0541 YU1DW         59 15 SK7K          59 14
QSO:  7000 PH 2016-10-29 0542 YU1DW         59 15 HC2AO         59 10
QSO:  7080 PH 2016-10-29 0542 YU1DW         59 15 SW3JH         59 20
QSO:  7000 PH 2016-10-29 0543 YU1DW         59 15 DL6RG         59 14
QSO:  7000 PH 2016-10-29 0543 YU1DW         59 15 F4ETG         59 14
QSO:  7000 PH 2016-10-29 0543 YU1DW         59 15 LY2NK         59 15
QSO:  7181 PH 2016-10-29 0543 YU1DW         59 15 EA2DDE        59 14
QSO:  7068 PH 2016-10-29 0544 YU1DW         59 15 ED8X          59 33
QSO:  7068 PH 2016-10-29 0544 YU1DW         59 15 LY5Q          59 15
QSO:  7069 PH 2016-10-29 0544 YU1DW         59 15 DK5WO         59 14
QSO:  7069 PH 2016-10-29 0544 YU1DW         59 15 LA6VQ         59 14
QSO:  7000 PH 2016-10-29 0545 YU1DW         59 15 IK1ZOF        59 15
QSO:  7000 PH 2016-10-29 0545 YU1DW         59 15 UR3ABQ        59 16
QSO:  7068 PH 2016-10-29 0545 YU1DW         59 15 DK2AT         59 14
QSO:  7069 PH 2016-10-29 0545 YU1DW         59 15 LY4A          59 15
QSO:  7000 PH 2016-10-29 0546 YU1DW         59 15 DJ0A          59 14
QSO:  7000 PH 2016-10-29 0546 YU1DW         59 15 PD0MHZ        59 14
QSO:  7069 PH 2016-10-29 0546 YU1DW         59 15 IS0M          59 15
QSO:  7000 PH 2016-10-29 0547 YU1DW         59 15 IT9GQH        59 15
QSO:  7040 PH 2016-10-29 0547 YU1DW         59 15 PA7AM         59 14
QSO:  7068 PH 2016-10-29 0547 YU1DW         59 15 EA1YD         59 14
QSO:  7068 PH 2016-10-29 0547 YU1DW         59 15 RO5F          59 16
QSO:  7069 PH 2016-10-29 0547 YU1DW         59 15 OV3X          59 14
QSO:  7069 PH 2016-10-29 0547 YU1DW         59 15 RM3O          59 16
QSO:  7000 PH 2016-10-29 0548 YU1DW         59 15 DL0WM         59 14
QSO:  7068 PH 2016-10-29 0548 YU1DW         59 15 SK3W          59 14
QSO:  7069 PH 2016-10-29 0548 YU1DW         59 15 PA8KW         59 14
QSO:  7000 PH 2016-10-29 0549 YU1DW         59 15 US7IID        59 16
QSO:  7000 PH 2016-10-29 0550 YU1DW         59 15 DL5LB         59 14
QSO:  7000 PH 2016-10-29 0551 YU1DW         59 15 IZ1DGG        59 15
QSO:  7069 PH 2016-10-29 0551 YU1DW         59 15 DK7DE         59 14
QSO:  7069 PH 2016-10-29 0551 YU1DW         59 15 HB2K          59 14
QSO:  7069 PH 2016-10-29 0551 YU1DW         59 15 OG3MS         59 15
QSO:  7068 PH 2016-10-29 0552 YU1DW         59 15 A73A          59 21
QSO:  7068 PH 2016-10-29 0552 YU1DW         59 15 II9P          59 15
QSO:  7068 PH 2016-10-29 0553 YU1DW         59 15 DL0CS         59 14
QSO:  7068 PH 2016-10-29 0553 YU1DW         59 15 PH9E          59 14
QSO:  7000 PH 2016-10-29 0554 YU1DW         59 15 UT5AX         59 16
QSO:  7068 PH 2016-10-29 0554 YU1DW         59 15 LY7Z          59 15
QSO:  7068 PH 2016-10-29 0555 YU1DW         59 15 UV5U          59 16
QSO:  7069 PH 2016-10-29 0555 YU1DW         59 15 LY2AJ         59 15
QSO:  7000 PH 2016-10-29 0556 YU1DW         59 15 PA1P          59 14
QSO:  7068 PH 2016-10-29 0556 YU1DW         59 15 DJ3WE         59 14
QSO:  7068 PH 2016-10-29 0556 YU1DW         59 15 EW2A          59 16
QSO:  7068 PH 2016-10-29 0557 YU1DW         59 15 EW7BA         59 16
QSO:  7000 PH 2016-10-29 0558 YU1DW         59 15 PY9MP         59 11
QSO:  7000 PH 2016-10-29 0559 YU1DW         59 15 UX3IT         59 16
QSO:  7000 PH 2016-10-29 0600 YU1DW         59 15 EW8OP         59 16
QSO:  7000 PH 2016-10-29 0600 YU1DW         59 15 IZ4VQS        59 15
QSO:  7069 PH 2016-10-29 0600 YU1DW         59 15 HB9OK         59 14
QSO:  7069 PH 2016-10-29 0600 YU1DW         59 15 IN3HUU        59 15
QSO:  7069 PH 2016-10-29 0602 YU1DW         59 15 PY2KJ         59 11
QSO:  7069 PH 2016-10-29 0602 YU1DW         59 15 ZM1A          59 32
QSO:  7000 PH 2016-10-29 0603 YU1DW         59 15 US0HZ         59 16
QSO:  7068 PH 2016-10-29 0603 YU1DW         59 15 IK2AUK        59 15
QSO:  7069 PH 2016-10-29 0603 YU1DW         59 15 LY5W          59 15
QSO:  7069 PH 2016-10-29 0604 YU1DW         59 15 LY2AT         59 15
QSO:  7110 PH 2016-10-29 0604 YU1DW         59 15 ED3V          59 14
QSO:  7069 PH 2016-10-29 0605 YU1DW         59 15 IZ3NVR        59 15
QSO:  7069 PH 2016-10-29 0606 YU1DW         59 15 F1IWH         59 14
QSO:  7068 PH 2016-10-29 0607 YU1DW         59 15 RU1A          59 16
QSO:  7068 PH 2016-10-29 0607 YU1DW         59 15 UA2F          59 15
QSO:  7069 PH 2016-10-29 0607 YU1DW         59 15 IU3BPW        59 15
QSO:  7069 PH 2016-10-29 0607 YU1DW         59 15 PA6AA         59 14
QSO:  7000 PH 2016-10-29 0608 YU1DW         59 15 DR2P          59 14
QSO:  7000 PH 2016-10-29 0608 YU1DW         59 15 EA3RP         59 14
QSO:  7069 PH 2016-10-29 0608 YU1DW         59 15 DF2RG         59 14
QSO:  7000 PH 2016-10-29 0609 YU1DW         59 15 F4FRF         59 14
QSO:  7000 PH 2016-10-29 0609 YU1DW         59 15 OK2MBP        59 15
QSO:  7068 PH 2016-10-29 0610 YU1DW         59 15 RK3AW         59 16
QSO:  7068 PH 2016-10-29 0611 YU1DW         59 15 PI4CC         59 14
QSO:  7069 PH 2016-10-29 0611 YU1DW         59 15 EI9HX         59 14
QSO:  7000 PH 2016-10-29 0612 YU1DW         59 15 IR8P          59 15
QSO:  7068 PH 2016-10-29 0612 YU1DW         59 15 OE2E          59 15
QSO:  7069 PH 2016-10-29 0612 YU1DW         59 15 UW5U          59 16
QSO:  7068 PH 2016-10-29 0613 YU1DW         59 15 DK0IW         59 14
QSO:  7068 PH 2016-10-29 0613 YU1DW         59 15 RT4F          59 16
QSO:  7069 PH 2016-10-29 0613 YU1DW         59 15 SP9EKF        59 15
QSO:  7068 PH 2016-10-29 0614 YU1DW         59 15 DK2LO         59 14
QSO:  7068 PH 2016-10-29 0614 YU1DW         59 15 TM6M          59 14
QSO:  7068 PH 2016-10-29 0615 YU1DW         59 15 UR4EI         59 16
QSO:  7069 PH 2016-10-29 0615 YU1DW         59 15 PA1AK         59 14
QSO:  7069 PH 2016-10-29 0615 YU1DW         59 15 S55X          59 15
QSO:  7068 PH 2016-10-29 0616 YU1DW         59 15 9A1P          59 15
QSO:  7068 PH 2016-10-29 0616 YU1DW         59 15 M4A           59 14
QSO:  7068 PH 2016-10-29 0616 YU1DW         59 15 RA3Y          59 16
QSO:  7069 PH 2016-10-29 0616 YU1DW         59 15 3Z6M          59 15
QSO:  7069 PH 2016-10-29 0616 YU1DW         59 15 OK1HEH        59 15
QSO:  7000 PH 2016-10-29 0617 YU1DW         59 15 OK2FD         59 15
QSO:  7068 PH 2016-10-29 0617 YU1DW         59 15 9A6TT         59 15
QSO:  7069 PH 2016-10-29 0617 YU1DW         59 15 OK1UG         59 15
QSO:  7069 PH 2016-10-29 0618 YU1DW         59 15 S56K          59 15
QSO:  7068 PH 2016-10-29 0619 YU1DW         59 15 DL6NDW        59 14
QSO:  7068 PH 2016-10-29 0619 YU1DW         59 15 IR4M          59 15
QSO:  7068 PH 2016-10-29 0619 YU1DW         59 15 US5UC         59 16
QSO:  7069 PH 2016-10-29 0619 YU1DW         59 15 G3B           59 14
QSO:  7069 PH 2016-10-29 0619 YU1DW         59 15 OK4DZ         59 15
QSO:  7068 PH 2016-10-29 0620 YU1DW         59 15 HG6N          59 15
QSO:  7069 PH 2016-10-29 0620 YU1DW         59 15 OK1PMA        59 15
QSO:  7080 PH 2016-10-29 0621 YU1DW         59 15 UT3UFH        59 16
QSO:  7000 PH 2016-10-29 0622 YU1DW         59 15 OM7SR         59 15
QSO:  7000 PH 2016-10-29 0623 YU1DW         59 15 IZ1GAR        59 15
QSO:  7068 PH 2016-10-29 0623 YU1DW         59 15 R4MZ          59 16
QSO:  7069 PH 2016-10-29 0623 YU1DW         59 15 M0ACM         59 14
QSO:  7069 PH 2016-10-29 0623 YU1DW         59 15 OR2F          59 14
QSO:  7068 PH 2016-10-29 0624 YU1DW         59 15 IW2HAJ        59 15
QSO:  7069 PH 2016-10-29 0624 YU1DW         59 15 SP8SN         59 15
QSO:  7000 PH 2016-10-29 0625 YU1DW         59 15 F6BQG         59 14
QSO:  7000 PH 2016-10-29 0625 YU1DW         59 15 OE3DMA        59 15
QSO:  7068 PH 2016-10-29 0625 YU1DW         59 15 M0HFC         59 14
QSO:  7069 PH 2016-10-29 0625 YU1DW         59 15 PH7A          59 14
QSO:  7000 PH 2016-10-29 0626 YU1DW         59 15 DJ1SL         59 14
QSO:  7000 PH 2016-10-29 0626 YU1DW         59 15 RX3VF         59 16
QSO:  7000 PH 2016-10-29 0626 YU1DW         59 15 SP9RTL        59 15
QSO:  7000 PH 2016-10-29 0627 YU1DW         59 15 SP4SHW        59 15
QSO:  7068 PH 2016-10-29 0628 YU1DW         59 15 F4ENK         59 14
QSO:  7068 PH 2016-10-29 0628 YU1DW         59 15 UZ9E          59 16
QSO:  7069 PH 2016-10-29 0628 YU1DW         59 15 CR5T          59 14
QSO:  7000 PH 2016-10-29 0629 YU1DW         59 15 EI4GNB        59 14
QSO:  7068 PH 2016-10-29 0629 YU1DW         59 15 DK0RX         59 14
QSO:  7100 PH 2016-10-29 0630 YU1DW         59 15 UR4SWL        59 16
QSO:  7000 PH 2016-10-29 0631 YU1DW         59 15 9A50CBM       59 15
QSO:  7068 PH 2016-10-29 0631 YU1DW         59 15 UR7R          59 16
QSO:  7069 PH 2016-10-29 0631 YU1DW         59 15 LZ5CA         59 20
QSO:  7057 PH 2016-10-29 0632 YU1DW         59 15 IQ5PJ         59 15
QSO:  7068 PH 2016-10-29 0632 YU1DW         59 15 DK1KC         59 14
QSO:  7069 PH 2016-10-29 0632 YU1DW         59 15 IK2ULV        59 15
QSO:  7069 PH 2016-10-29 0632 YU1DW         59 15 S53GO         59 15
QSO:  7000 PH 2016-10-29 0633 YU1DW         59 15 LY60KTU       59 15
QSO:  7068 PH 2016-10-29 0633 YU1DW         59 15 DL4RDJ        59 14
QSO:  7068 PH 2016-10-29 0634 YU1DW         59 15 EI6JK         59 14
QSO:  7069 PH 2016-10-29 0634 YU1DW         59 15 F5DRD         59 14
QSO:  7069 PH 2016-10-29 0634 YU1DW         59 15 SO7BIT        59 15
QSO:  7068 PH 2016-10-29 0635 YU1DW         59 15 9A5HZ         59 15
QSO:  7069 PH 2016-10-29 0635 YU1DW         59 15 IK3SSW        59 15
QSO:  7069 PH 2016-10-29 0635 YU1DW         59 15 YO9HP         59 20
QSO:  7000 PH 2016-10-29 0636 YU1DW         59 15 OH2BR         59 15
QSO:  7069 PH 2016-10-29 0636 YU1DW         59 15 IQ2LS         59 15
QSO:  7069 PH 2016-10-29 0636 YU1DW         59 15 US1I          59 16
QSO:  7068 PH 2016-10-29 0637 YU1DW         59 15 UT4TA         59 16
QSO:  7069 PH 2016-10-29 0637 YU1DW         59 15 HB9EFJ        59 14
QSO:  7069 PH 2016-10-29 0637 YU1DW         59 15 OM0ATP        59 15
QSO:  7068 PH 2016-10-29 0638 YU1DW         59 15 DM4X          59 14
QSO:  7068 PH 2016-10-29 0638 YU1DW         59 15 SO9Q          59 15
QSO:  7000 PH 2016-10-29 0639 YU1DW         59 15 DL3VZL        59 14
QSO:  7068 PH 2016-10-29 0639 YU1DW         59 15 LY9Y          59 15
QSO:  7068 PH 2016-10-29 0639 YU1DW         59 15 OK2KOJ        59 15
QSO:  7000 PH 2016-10-29 0640 YU1DW         59 15 M4M           59 14
QSO:  7068 PH 2016-10-29 0640 YU1DW         59 15 DL4LAM        59 14
QSO:  7069 PH 2016-10-29 0640 YU1DW         59 15 HB9ZZ         59 14
QSO:  7000 PH 2016-10-29 0641 YU1DW         59 15 G0OOF         59 14
QSO:  7068 PH 2016-10-29 0641 YU1DW         59 15 ED3X          59 14
QSO:  7069 PH 2016-10-29 0641 YU1DW         59 15 DG7JB         59 14
QSO:  7069 PH 2016-10-29 0641 YU1DW         59 15 UT8EL         59 16
QSO:  7000 PH 2016-10-29 0642 YU1DW         59 15 DL8ULO        59 14
QSO:  7069 PH 2016-10-29 0642 YU1DW         59 15 DK1FW         59 14
QSO:  7000 PH 2016-10-29 0643 YU1DW         59 15 DL1LOD        59 14
QSO:  7000 PH 2016-10-29 0643 YU1DW         59 15 YO3GA         59 20
QSO:  7068 PH 2016-10-29 0643 YU1DW         59 15 DF9XV         59 14
QSO:  7000 PH 2016-10-29 0644 YU1DW         59 15 IV3ONZ        59 15
QSO:  7000 PH 2016-10-29 0644 YU1DW         59 15 OM3CPF        59 15
QSO:  7068 PH 2016-10-29 0644 YU1DW         59 15 DL7URH        59 14
QSO:  7069 PH 2016-10-29 0644 YU1DW         59 15 F1PNJ         59 14
QSO:  7000 PH 2016-10-29 0645 YU1DW         59 15 OM4M          59 15
QSO:  7068 PH 2016-10-29 0646 YU1DW         59 15 OK8WW         59 15
QSO:  7068 PH 2016-10-29 0646 YU1DW         59 15 TM1O          59 14
QSO:  7000 PH 2016-10-29 0647 YU1DW         59 15 DL1NKS        59 14
QSO:  7000 PH 2016-10-29 0647 YU1DW         59 15 F6KVJ         59 14
QSO:  7000 PH 2016-10-29 0648 YU1DW         59 15 UT3WX         59 16
QSO:  7000 PH 2016-10-29 0648 YU1DW         59 15 Z36N          59 15
QSO:  7069 PH 2016-10-29 0648 YU1DW         59 15 IX1CLD        59 15
QSO:  7068 PH 2016-10-29 0649 YU1DW         59 15 CN2AA         59 33
QSO:  7068 PH 2016-10-29 0649 YU1DW         59 15 OE1CIW        59 15
QSO:  7069 PH 2016-10-29 0649 YU1DW         59 15 LY4OO         59 15
QSO:  7000 PH 2016-10-29 0651 YU1DW         59 15 OK2OLS        59 15
QSO:  7068 PH 2016-10-29 0651 YU1DW         59 15 S52CQ         59 15
QSO:  7069 PH 2016-10-29 0651 YU1DW         59 15 S51DX         59 15
QSO:  7000 PH 2016-10-29 0653 YU1DW         59 15 IZ8LNG        59 15
QSO:  7000 PH 2016-10-29 0653 YU1DW         59 15 SP9R          59 15
QSO:  7000 PH 2016-10-29 0654 YU1DW         59 15 DG7NFX        59 14
QSO:  7069 PH 2016-10-29 0654 YU1DW         59 15 F4CPF         59 14
QSO:  7000 PH 2016-10-29 0655 YU1DW         59 15 4O6ZD         59 15
QSO:  7000 PH 2016-10-29 0655 YU1DW         59 15 DL5RU         59 14
QSO:  7000 PH 2016-10-29 0655 YU1DW         59 15 SQ9IWS        59 15
QSO:  7069 PH 2016-10-29 0656 YU1DW         59 15 9A6V          59 15
QSO:  7069 PH 2016-10-29 0656 YU1DW         59 15 HB9CIC        59 14
QSO:  7069 PH 2016-10-29 0656 YU1DW         59 15 OP4K          59 14
QSO:  7000 PH 2016-10-29 0657 YU1DW         59 15 DB9RZ         59 14
QSO:  7000 PH 2016-10-29 0658 YU1DW         599 15 E74X          599 15
QSO:  7000 PH 2016-10-29 0658 YU1DW         59 15 SQ6PA         59 15
QSO:  7069 PH 2016-10-29 0658 YU1DW         59 15 IU6EPI        59 15
QSO:  7069 PH 2016-10-29 0658 YU1DW         59 15 OR3A          59 14
QSO:  7000 PH 2016-10-29 0659 YU1DW         59 15 DF5BM         59 14
QSO:  7069 PH 2016-10-29 0659 YU1DW         59 15 DF3IR         59 14
QSO:  7068 PH 2016-10-29 0701 YU1DW         59 15 HG7T          59 15
QSO:  7000 PH 2016-10-29 0702 YU1DW         59 15 ON4CT         59 14
QSO:  7068 PH 2016-10-29 0702 YU1DW         59 15 DP6A          59 14
QSO:  7000 PH 2016-10-29 0703 YU1DW         59 15 SP5C          59 15
QSO:  7069 PH 2016-10-29 0703 YU1DW         59 15 F1UIJ         59 14
QSO:  7000 PH 2016-10-29 0705 YU1DW         59 15 OK1FRO        59 15
QSO:  7000 PH 2016-10-29 0705 YU1DW         59 15 YO7NSP        59 20
QSO:  7069 PH 2016-10-29 0705 YU1DW         59 15 F4GVZ         59 14
QSO:  7000 PH 2016-10-29 0706 YU1DW         59 15 SP2BLC        59 15
QSO:  7000 PH 2016-10-29 0707 YU1DW         59 15 IN3FOX        59 15
QSO:  7123 PH 2016-10-29 0707 YU1DW         59 15 HB0A          59 14
QSO:  7077 PH 2016-10-29 0708 YU1DW         59 15 YO4NF         59 20
QSO: 14000 PH 2016-10-29 1216 YU1DW         59 15 PA3CVR        59 14
QSO: 14178 PH 2016-10-29 1216 YU1DW         59 15 LY4OO         59 15
QSO: 14000 PH 2016-10-29 1217 YU1DW         59 15 IZ1PHT        59 15
QSO: 14000 PH 2016-10-29 1217 YU1DW         59 15 UT3EV         59 16
QSO: 14000 PH 2016-10-29 1218 YU1DW         59 15 F5AJG         59 14
QSO: 14178 PH 2016-10-29 1218 YU1DW         59 15 DF6QC         59 14
QSO: 14178 PH 2016-10-29 1218 YU1DW         59 15 DL0HMK        59 14
QSO: 14178 PH 2016-10-29 1219 YU1DW         59 15 K3CCR         59 5
QSO: 14178 PH 2016-10-29 1219 YU1DW         59 15 LA1VNA        59 14
QSO: 14178 PH 2016-10-29 1219 YU1DW         59 15 W8GNM         59 04
QSO: 14178 PH 2016-10-29 1220 YU1DW         59 15 AB3CX         59 5
QSO: 14178 PH 2016-10-29 1220 YU1DW         59 15 DM4DS         59 14
QSO: 14178 PH 2016-10-29 1220 YU1DW         59 15 G8KEK/P       59 14
QSO: 14178 PH 2016-10-29 1221 YU1DW         59 15 VE9OA         59 5
QSO: 14178 PH 2016-10-29 1221 YU1DW         59 15 W1DX          59 5
QSO: 14178 PH 2016-10-29 1221 YU1DW         59 15 W2YR          59 5
QSO: 14178 PH 2016-10-29 1222 YU1DW         59 15 G3Y           59 14
QSO: 14000 PH 2016-10-29 1223 YU1DW         59 15 DL1DF         59 14
QSO: 14000 PH 2016-10-29 1223 YU1DW         59 15 DL6RG         59 14
QSO: 14000 PH 2016-10-29 1223 YU1DW         59 15 SP5JTW        59 15
QSO: 14174 PH 2016-10-29 1223 YU1DW         59 05 F6FTB         59 14
QSO: 14178 PH 2016-10-29 1223 YU1DW         59 15 W1EBI         59 5
QSO: 14178 PH 2016-10-29 1224 YU1DW         59 15 EA3HOE        59 14
QSO: 14178 PH 2016-10-29 1224 YU1DW         59 15 NR3X          59 5
QSO: 14178 PH 2016-10-29 1224 YU1DW         59 15 OL9M          59 15
QSO: 14178 PH 2016-10-29 1225 YU1DW         59 15 OH8KVY        59 15
QSO: 14000 PH 2016-10-29 1226 YU1DW         59 15 DK2CC         59 14
QSO: 14000 PH 2016-10-29 1226 YU1DW         59 15 F6KJG         59 14
QSO: 14178 PH 2016-10-29 1226 YU1DW         59 15 PA2C          59 14
QSO: 14000 PH 2016-10-29 1228 YU1DW         59 15 KE8UN         59 05
QSO: 14178 PH 2016-10-29 1228 YU1DW         59 15 M0XUU         59 14
QSO: 14178 PH 2016-10-29 1229 YU1DW         59 15 DK1WU         59 14
QSO: 14178 PH 2016-10-29 1229 YU1DW         59 15 NW3Y          59 5
QSO: 14178 PH 2016-10-29 1229 YU1DW         59 15 OK6K          59 15
QSO: 14000 PH 2016-10-29 1230 YU1DW         59 15 F4ETG         59 14
QSO: 14000 PH 2016-10-29 1232 YU1DW         59 15 W2ZQ          59 5
QSO: 14000 PH 2016-10-29 1233 YU1DW         59 15 DJ3HW         59 14
QSO: 14000 PH 2016-10-29 1233 YU1DW         59 15 OZ1DYI        59 14
QSO: 14000 PH 2016-10-29 1233 YU1DW         59 15 PD1AT         59 14
QSO: 14178 PH 2016-10-29 1233 YU1DW         59 15 DF0WRTC       59 14
QSO: 14178 PH 2016-10-29 1233 YU1DW         59 15 DL5YM         59 14
QSO: 14178 PH 2016-10-29 1234 YU1DW         59 15 K3LR          59 5
QSO: 14000 PH 2016-10-29 1235 YU1DW         59 15 SP4AWE        59 15
QSO: 14178 PH 2016-10-29 1235 YU1DW         59 15 KF3B          59 5
QSO: 14178 PH 2016-10-29 1235 YU1DW         59 15 NV9L          59 4
QSO: 14178 PH 2016-10-29 1235 YU1DW         59 15 VE3DC         59 4
QSO: 14178 PH 2016-10-29 1236 YU1DW         59 15 K2PLF         59 5
QSO: 14000 PH 2016-10-29 1237 YU1DW         59 15 IZ4MNY        59 15
QSO: 14178 PH 2016-10-29 1237 YU1DW         59 15 DL2TR         59 14
QSO: 14178 PH 2016-10-29 1237 YU1DW         59 15 RU1A          59 16
QSO: 14178 PH 2016-10-29 1237 YU1DW         59 15 W4NZ          59 4
QSO: 14178 PH 2016-10-29 1238 YU1DW         59 15 SJ2W          59 14
QSO: 14178 PH 2016-10-29 1239 YU1DW         59 15 AC9S          59 4
QSO: 14178 PH 2016-10-29 1239 YU1DW         59 15 N1PGA         59 5
QSO: 14100 PH 2016-10-29 1240 YU1DW         59 15 S57YK         59 15
QSO: 14178 PH 2016-10-29 1241 YU1DW         59 15 PH2A          59 14
QSO: 14000 PH 2016-10-29 1242 YU1DW         59 15 OK5W          59 15
QSO: 14178 PH 2016-10-29 1243 YU1DW         59 15 F6KFA         59 14
QSO: 14178 PH 2016-10-29 1244 YU1DW         59 15 IZ1PMC        59 15
QSO: 14178 PH 2016-10-29 1244 YU1DW         59 15 LB5BG         59 14
QSO: 14178 PH 2016-10-29 1244 YU1DW         59 15 ON6NL         59 14
QSO: 14178 PH 2016-10-29 1244 YU1DW         59 15 SP3P          59 15
QSO: 14000 PH 2016-10-29 1245 YU1DW         59 15 IV3ONZ        59 15
QSO: 14178 PH 2016-10-29 1245 YU1DW         59 15 G1PPA         59 14
QSO: 14178 PH 2016-10-29 1245 YU1DW         59 15 IW3FVZ        59 15
QSO: 14200 PH 2016-10-29 1245 YU1DW         59 15 DL9LM         59 14
QSO: 14000 PH 2016-10-29 1246 YU1DW         59 15 DL1VO         59 14
QSO: 14000 PH 2016-10-29 1246 YU1DW         59 15 SP6DVP        59 15
QSO: 14178 PH 2016-10-29 1246 YU1DW         59 15 DL6RAI        59 14
QSO: 14178 PH 2016-10-29 1246 YU1DW         59 15 UP2L          59 17
QSO: 14178 PH 2016-10-29 1247 YU1DW         59 15 OH6ECM        59 15
QSO: 14179 PH 2016-10-29 1247 YU1DW         59 15 F/KX6H        59 14
QSO: 14178 PH 2016-10-29 1248 YU1DW         59 15 DG1IU         59 14
QSO: 14178 PH 2016-10-29 1248 YU1DW         59 15 N4KG          59 4
QSO: 14000 PH 2016-10-29 1249 YU1DW         59 15 DL4YAO        59 14
QSO: 14178 PH 2016-10-29 1249 YU1DW         59 15 LA2G          59 14
QSO: 14000 PH 2016-10-29 1250 YU1DW         59 15 DL8DAW        59 14
QSO: 14178 PH 2016-10-29 1250 YU1DW         59 15 MI1M          59 14
QSO: 14000 PH 2016-10-29 1254 YU1DW         59 15 G3YRZ         59 14
QSO: 14178 PH 2016-10-29 1254 YU1DW         59 15 PA3AAV        59 14
QSO: 14178 PH 2016-10-29 1254 YU1DW         59 15 WR2G          59 5
QSO: 14000 PH 2016-10-29 1255 YU1DW         59 15 DH9DX/P       59 14
QSO: 14178 PH 2016-10-29 1255 YU1DW         59 15 KP2M          59 8
QSO: 14178 PH 2016-10-29 1255 YU1DW         59 15 OZ1DWK        59 14
QSO: 14178 PH 2016-10-29 1255 YU1DW         59 15 SP4PBI        59 15
QSO: 14000 PH 2016-10-29 1256 YU1DW         59 15 SP1MVW        59 15
QSO: 14178 PH 2016-10-29 1256 YU1DW         59 15 PA3EWG        59 14
QSO: 14178 PH 2016-10-29 1257 YU1DW         59 15 HB20AA        59 14
QSO: 14000 PH 2016-10-29 1258 YU1DW         59 15 DK8TA         59 14
QSO: 14000 PH 2016-10-29 1258 YU1DW         59 15 T46A          59 08
QSO: 14178 PH 2016-10-29 1258 YU1DW         59 15 K1LZ          59 05
QSO: 14000 PH 2016-10-29 1259 YU1DW         59 15 DK3JF         59 14
QSO: 14178 PH 2016-10-29 1259 YU1DW         59 15 K8AZ          59 4
QSO: 14178 PH 2016-10-29 1259 YU1DW         59 15 SE4E          59 14
QSO: 14178 PH 2016-10-29 1259 YU1DW         59 15 WV1M          59 5
QSO: 14178 PH 2016-10-29 1300 YU1DW         59 15 OP4K          59 14
QSO: 14178 PH 2016-10-29 1300 YU1DW         59 15 PA1TO         59 14
QSO: 14178 PH 2016-10-29 1300 YU1DW         59 15 WA3C/8        59 04
QSO: 14275 PH 2016-10-29 1300 YU1DW         59 15 PG2AA         59 14
QSO: 14000 PH 2016-10-29 1301 YU1DW         59 15 F8DVD         59 14
QSO: 14178 PH 2016-10-29 1301 YU1DW         59 15 F4HPX         59 14
QSO: 14000 PH 2016-10-29 1302 YU1DW         59 15 EA2DNR        59 14
QSO: 14178 PH 2016-10-29 1302 YU1DW         59 15 F4GOT         59 14
QSO: 14000 PH 2016-10-29 1303 YU1DW         59 15 DG2BHB        59 14
QSO: 14000 PH 2016-10-29 1303 YU1DW         59 15 DL4EBA        59 14
QSO: 14178 PH 2016-10-29 1303 YU1DW         59 15 2E0IFC        59 14
QSO: 14178 PH 2016-10-29 1303 YU1DW         59 15 N2PP          59 5
QSO: 14178 PH 2016-10-29 1304 YU1DW         59 15 K2LE          59 05
QSO: 14178 PH 2016-10-29 1305 YU1DW         59 15 K5EK          59 5
QSO: 14178 PH 2016-10-29 1305 YU1DW         59 15 SB7W          59 14
QSO: 14178 PH 2016-10-29 1306 YU1DW         59 15 LX1ER         59 14
QSO: 14178 PH 2016-10-29 1306 YU1DW         59 15 WE3C          59 5
QSO: 14000 PH 2016-10-29 1307 YU1DW         59 15 DL1EAL        59 14
QSO: 14178 PH 2016-10-29 1307 YU1DW         59 15 DK4WO         59 14
QSO: 14178 PH 2016-10-29 1307 YU1DW         59 15 PD1RJV        59 14
QSO: 14000 PH 2016-10-29 1308 YU1DW         59 15 K3ZO          59 05
QSO: 14178 PH 2016-10-29 1308 YU1DW         59 15 SF3A          59 14
QSO: 14178 PH 2016-10-29 1308 YU1DW         59 15 SP1FRC        59 15
QSO: 14178 PH 2016-10-29 1308 YU1DW         59 15 W1CSM         59 05
QSO: 14178 PH 2016-10-29 1309 YU1DW         59 15 K0KX          59 4
QSO: 14178 PH 2016-10-29 1309 YU1DW         59 15 M3W           59 14
QSO: 14178 PH 2016-10-29 1310 YU1DW         59 15 VE3JAQ        59 4
QSO: 14177 PH 2016-10-29 1615 YU1DW         59 15 GD0AMD        59 14
QSO: 14177 PH 2016-10-29 1616 YU1DW         59 15 DL3ASM        59 14
QSO: 14177 PH 2016-10-29 1616 YU1DW         59 15 G3YSX         59 14
QSO: 14177 PH 2016-10-29 1616 YU1DW         59 15 HB9EFJ        59 14
QSO: 14177 PH 2016-10-29 1617 YU1DW         59 15 CN2AA         59 33
QSO: 14177 PH 2016-10-29 1617 YU1DW         59 15 IZ3EIN        59 15
QSO: 14177 PH 2016-10-29 1617 YU1DW         59 15 K1VR          59 5
QSO: 14000 PH 2016-10-29 1618 YU1DW         59 15 N6AR          59 5
QSO: 14177 PH 2016-10-29 1618 YU1DW         59 15 G4HYG         59 14
QSO: 14177 PH 2016-10-29 1618 YU1DW         59 15 LA3S          59 14
QSO: 14177 PH 2016-10-29 1618 YU1DW         59 15 ON2VHF        59 14
QSO: 14177 PH 2016-10-29 1618 YU1DW         59 15 PI4COM        59 14
QSO: 14000 PH 2016-10-29 1619 YU1DW         59 15 CT1GVN        59 14
QSO: 14177 PH 2016-10-29 1619 YU1DW         59 15 DK5RL         59 14
QSO: 14177 PH 2016-10-29 1619 YU1DW         59 15 N4YA          59 5
QSO: 14177 PH 2016-10-29 1620 YU1DW         59 15 G2F           59 14
QSO: 14176 PH 2016-10-29 1621 YU1DW         59 15 K3OO          59 05
QSO: 14177 PH 2016-10-29 1621 YU1DW         59 15 GM2T          59 14
QSO: 14177 PH 2016-10-29 1621 YU1DW         59 15 M0SQC         59 14
QSO: 14000 PH 2016-10-29 1622 YU1DW         59 15 DL4ZAA        59 14
QSO: 14177 PH 2016-10-29 1622 YU1DW         59 15 HB9ZZ         59 14
QSO: 14177 PH 2016-10-29 1622 YU1DW         59 15 SP4DZT        59 15
QSO: 14000 PH 2016-10-29 1623 YU1DW         59 15 IZ2GTS        59 15
QSO: 14177 PH 2016-10-29 1623 YU1DW         59 15 MD1E          59 14
QSO: 14177 PH 2016-10-29 1623 YU1DW         59 15 WK1Q          59 5
QSO: 14000 PH 2016-10-29 1624 YU1DW         59 15 LA6ZP         59 14
QSO: 14177 PH 2016-10-29 1624 YU1DW         59 15 2E0VCC        59 14
QSO: 14177 PH 2016-10-29 1624 YU1DW         59 15 SP5SO         59 15
QSO: 14000 PH 2016-10-29 1625 YU1DW         59 15 IK3XTY        59 15
QSO: 14177 PH 2016-10-29 1625 YU1DW         59 15 IN3RFL        59 15
QSO: 14177 PH 2016-10-29 1626 YU1DW         59 15 G5O           59 14
QSO: 14000 PH 2016-10-29 1627 YU1DW         59 15 F4GYI         59 14
QSO: 14000 PH 2016-10-29 1627 YU1DW         59 15 IU3FCR        59 15
QSO: 14176 PH 2016-10-29 1627 YU1DW         59 15 M0DZB         59 14
QSO: 14177 PH 2016-10-29 1627 YU1DW         59 15 LN1B          59 14
QSO: 14000 PH 2016-10-29 1628 YU1DW         59 15 SP8IMG        59 15
QSO: 14177 PH 2016-10-29 1628 YU1DW         59 15 GK3MPD        59 14
QSO: 14177 PH 2016-10-29 1628 YU1DW         59 15 M4A           59 14
QSO: 14177 PH 2016-10-29 1630 YU1DW         59 15 DL4RDJ        59 14
QSO: 14177 PH 2016-10-29 1630 YU1DW         59 15 IS0M          59 15
QSO: 14177 PH 2016-10-29 1630 YU1DW         59 15 P33W          59 20
QSO: 14000 PH 2016-10-29 1631 YU1DW         59 15 W2AW          59 5
QSO: 14176 PH 2016-10-29 1631 YU1DW         59 15 EA3CS         59 14
QSO: 14176 PH 2016-10-29 1632 YU1DW         59 15 F8KGS         59 14
QSO: 14177 PH 2016-10-29 1633 YU1DW         59 15 EA1WX         59 14
QSO: 14177 PH 2016-10-29 1633 YU1DW         59 15 ED1S          59 14
QSO: 14177 PH 2016-10-29 1633 YU1DW         59 15 F5TGR         59 14
QSO: 14177 PH 2016-10-29 1633 YU1DW         59 15 IZ1OSP        59 15
QSO: 14000 PH 2016-10-29 1634 YU1DW         59 15 OE5WHN        59 15
QSO: 14177 PH 2016-10-29 1634 YU1DW         59 15 IW0EAC        59 15
QSO: 14177 PH 2016-10-29 1634 YU1DW         59 15 N1FD          59 5
QSO: 14177 PH 2016-10-29 1634 YU1DW         59 15 N3JT          59 5
QSO: 14000 PH 2016-10-29 1635 YU1DW         59 15 OK1TD         59 15
QSO: 14177 PH 2016-10-29 1636 YU1DW         59 15 G1EIX         59 14
QSO: 14177 PH 2016-10-29 1636 YU1DW         59 15 SP1HN         59 15
QSO: 14177 PH 2016-10-29 1637 YU1DW         59 15 VE9CB         59 5
QSO: 14000 PH 2016-10-29 1638 YU1DW         59 15 IZ1MDJ        59 15
QSO: 14177 PH 2016-10-29 1638 YU1DW         59 15 G3YNN         59 14
QSO: 14000 PH 2016-10-29 1639 YU1DW         59 15 DJ2SN         59 14
QSO: 14177 PH 2016-10-29 1639 YU1DW         59 15 DK0IW         59 14
QSO: 14177 PH 2016-10-29 1639 YU1DW         59 15 HB9BUN        59 14
QSO: 14000 PH 2016-10-29 1641 YU1DW         59 15 DL0GEO        59 14
QSO: 14000 PH 2016-10-29 1641 YU1DW         59 15 IN3EME        59 15
QSO: 14177 PH 2016-10-29 1641 YU1DW         59 15 NW8U          59 5
QSO: 14177 PH 2016-10-29 1642 YU1DW         59 15 SP5IVC        59 15
QSO: 14177 PH 2016-10-29 1643 YU1DW         59 15 F4DXP         59 14
QSO: 14177 PH 2016-10-29 1643 YU1DW         59 15 YT5X          59 15
QSO:  7000 PH 2016-10-29 1648 YU1DW         59 15 VR2XAN        59 24
QSO:  7056 PH 2016-10-29 1649 YU1DW         59 15 YM7KA         59 20
QSO:  7064 PH 2016-10-29 1650 YU1DW         59 15 RK3PWR        59 16
QSO:  7065 PH 2016-10-29 1651 YU1DW         59 15 R6DBT         59 16
QSO:  7063 PH 2016-10-29 1652 YU1DW         59 15 RV3YR         59 16
QSO:  7063 PH 2016-10-29 1653 YU1DW         59 15 SP9CLO        59 15
QSO:  7000 PH 2016-10-29 1654 YU1DW         59 15 UT5RB         59 16
QSO:  7063 PH 2016-10-29 1654 YU1DW         59 15 4Z5LY         59 20
QSO:  7000 PH 2016-10-29 1655 YU1DW         59 15 EW4W          59 16
QSO:  7040 PH 2016-10-29 1655 YU1DW         59 15 US0U          59 16
QSO:  7063 PH 2016-10-29 1655 YU1DW         59 15 UZ2I          59 16
QSO:  7000 PH 2016-10-29 1656 YU1DW         59 15 DM4M          59 14
QSO:  7063 PH 2016-10-29 1657 YU1DW         59 15 ES5TV         59 15
QSO:  7063 PH 2016-10-29 1657 YU1DW         59 15 OE6HZG        59 15
QSO:  7063 PH 2016-10-29 1657 YU1DW         59 15 SQ2WHH        59 15
QSO:  7000 PH 2016-10-29 1659 YU1DW         59 15 4X1IM         59 20
QSO:  7000 PH 2016-10-29 1659 YU1DW         59 15 UT2AB         59 16
QSO:  7063 PH 2016-10-29 1659 YU1DW         59 15 R4IM          59 16
QSO:  7000 PH 2016-10-29 1700 YU1DW         59 15 IO7K          59 15
QSO:  7000 PH 2016-10-29 1700 YU1DW         59 15 RV7M          59 16
QSO:  7000 PH 2016-10-29 1700 YU1DW         59 15 UR5FEO        59 16
QSO:  7063 PH 2016-10-29 1700 YU1DW         59 15 US5QUB        59 16
QSO:  7063 PH 2016-10-29 1702 YU1DW         59 15 OH6RE         59 15
QSO:  7000 PH 2016-10-29 1703 YU1DW         59 15 IZ5WTV        59 15
QSO:  7000 PH 2016-10-29 1704 YU1DW         59 15 ES8SX         59 15
QSO:  7063 PH 2016-10-29 1704 YU1DW         59 15 R8CT          59 17
QSO:  7063 PH 2016-10-29 1705 YU1DW         59 15 RM4W          59 16
QSO:  7063 PH 2016-10-29 1706 YU1DW         59 15 JE6RPM        59 25
QSO:  7063 PH 2016-10-29 1706 YU1DW         59 15 RM4HZ         59 16
QSO:  7000 PH 2016-10-29 1707 YU1DW         59 15 RK3LG         59 16
QSO:  7020 PH 2016-10-29 1707 YU1DW         59 15 RO5K          59 16
QSO:  7063 PH 2016-10-29 1707 YU1DW         59 15 9A2XW         59 15
QSO:  7063 PH 2016-10-29 1707 YU1DW         59 15 RM3F          59 16
QSO:  7000 PH 2016-10-29 1708 YU1DW         59 15 IQ8XE         59 15
QSO:  7000 PH 2016-10-29 1709 YU1DW         59 15 R3OM          59 16
QSO:  7000 PH 2016-10-29 1709 YU1DW         59 15 UN7GDV        59 17
QSO:  7063 PH 2016-10-29 1709 YU1DW         59 15 UA6AK         59 16
QSO:  7063 PH 2016-10-29 1710 YU1DW         59 15 UA2FP         59 15
QSO:  7063 PH 2016-10-29 1710 YU1DW         59 15 UR5EPG        59 16
QSO:  7063 PH 2016-10-29 1710 YU1DW         59 15 UR5RP         59 16
QSO:  7000 PH 2016-10-29 1711 YU1DW         59 15 EU6DX         59 16
QSO:  7000 PH 2016-10-29 1711 YU1DW         59 15 UA9BA         59 17
QSO:  7000 PH 2016-10-29 1712 YU1DW         59 15 RK3E          59 16
QSO:  7000 PH 2016-10-29 1714 YU1DW         59 15 UR7CT         59 16
QSO:  7063 PH 2016-10-29 1715 YU1DW         59 15 DL0HMK        59 14
QSO:  7063 PH 2016-10-29 1716 YU1DW         59 15 DF4UM         59 14
QSO:  7063 PH 2016-10-29 1717 YU1DW         59 15 UR4LRG        59 16
QSO:  7000 PH 2016-10-29 1718 YU1DW         59 15 IW0GTA        59 15
QSO:  7000 PH 2016-10-29 1718 YU1DW         59 15 SM6USS        59 14
QSO:  7020 PH 2016-10-29 1718 YU1DW         59 15 UR7AV         59 16
QSO:  7000 PH 2016-10-29 1719 YU1DW         59 15 UA3DVB        59 16
QSO:  7063 PH 2016-10-29 1719 YU1DW         59 15 RU4SO         59 16
QSO:  7063 PH 2016-10-29 1720 YU1DW         59 15 RL3QI         59 16
QSO:  7063 PH 2016-10-29 1721 YU1DW         59 15 DL4ABR        59 14
QSO:  7063 PH 2016-10-29 1721 YU1DW         59 15 DP6T          59 14
QSO:  7000 PH 2016-10-29 1722 YU1DW         59 15 DL7FUA        59 14
QSO:  7000 PH 2016-10-29 1722 YU1DW         59 15 SM5Q          59 14
QSO:  7063 PH 2016-10-29 1722 YU1DW         59 15 LY2NY         59 15
QSO:  7063 PH 2016-10-29 1722 YU1DW         59 15 UR7EN         59 16
QSO:  7000 PH 2016-10-29 1723 YU1DW         59 15 DF2LH         59 14
QSO:  7000 PH 2016-10-29 1723 YU1DW         59 15 YO3BY         59 20
QSO:  7000 PH 2016-10-29 1724 YU1DW         59 15 I4AUM         59 15
QSO:  7063 PH 2016-10-29 1725 YU1DW         59 15 LZ5XQ         59 20
QSO:  7063 PH 2016-10-29 1725 YU1DW         59 15 OL6A          59 15
QSO:  7000 PH 2016-10-29 1726 YU1DW         59 15 DL9HB         59 14
QSO:  7063 PH 2016-10-29 1726 YU1DW         59 15 DG5LP         59 14
QSO:  7063 PH 2016-10-29 1726 YU1DW         59 15 PI4D          59 14
QSO:  7063 PH 2016-10-29 1726 YU1DW         59 15 UX2U          59 16
QSO:  7000 PH 2016-10-29 1727 YU1DW         59 15 UY3CC         59 16
QSO:  7063 PH 2016-10-29 1727 YU1DW         59 15 SP9KDA        59 15
QSO:  7063 PH 2016-10-29 1727 YU1DW         59 15 UA9FLK        59 17
QSO:  7056 PH 2016-10-29 1728 YU1DW         59 15 UY2UQ         59 16
QSO:  7063 PH 2016-10-29 1728 YU1DW         59 15 RA3DJA        59 16
QSO:  7063 PH 2016-10-29 1729 YU1DW         59 15 RD1AH         59 16
QSO:  7000 PH 2016-10-29 1730 YU1DW         59 15 RK2M          59 16
QSO:  7063 PH 2016-10-29 1730 YU1DW         59 15 DG0LFG        59 14
QSO:  7063 PH 2016-10-29 1730 YU1DW         59 15 DR5N          59 14
QSO:  7063 PH 2016-10-29 1730 YU1DW         59 15 R1DX          59 16
QSO:  7000 PH 2016-10-29 1731 YU1DW         59 15 DM2GM         59 14
QSO:  7000 PH 2016-10-29 1731 YU1DW         59 15 IT9AJP        59 15
QSO:  7000 PH 2016-10-29 1731 YU1DW         59 15 OM2DT         59 15
QSO:  7063 PH 2016-10-29 1731 YU1DW         59 15 9A1A          59 15
QSO:  7063 PH 2016-10-29 1731 YU1DW         59 15 I7DFV         59 15
QSO:  7063 PH 2016-10-29 1732 YU1DW         59 15 G3VAO         59 14
QSO:  7000 PH 2016-10-29 1733 YU1DW         59 15 SP2GCE        59 15
QSO:  7063 PH 2016-10-29 1733 YU1DW         59 15 DL0PE         59 14
QSO:  7063 PH 2016-10-29 1733 YU1DW         59 15 SB7W          59 14
QSO:  7063 PH 2016-10-29 1734 YU1DW         59 15 HZ1HZ         59 21
QSO:  7063 PH 2016-10-29 1734 YU1DW         59 15 PD4RD         59 14
QSO:  7063 PH 2016-10-29 1735 YU1DW         59 15 IZ3EIN        59 15
QSO:  7063 PH 2016-10-29 1735 YU1DW         59 15 SP3JUN        59 15
QSO:  7000 PH 2016-10-29 1736 YU1DW         59 15 SQ1BHH        59 15
QSO:  7062 PH 2016-10-29 1736 YU1DW         59 15 OH1O          59 15
QSO:  7063 PH 2016-10-29 1737 YU1DW         59 15 JE1ZWT        59 25
QSO:  7063 PH 2016-10-29 1737 YU1DW         59 15 ON6FC         59 14
QSO:  7063 PH 2016-10-29 1737 YU1DW         59 15 UT3C          59 16
QSO:  7075 PH 2016-10-29 1740 YU1DW         59 15 9K2HN         59 21
QSO:  7093 PH 2016-10-29 1740 YU1DW         59 15 TF3T          59 40
QSO:  7162 PH 2016-10-29 1742 YU1DW         59 15 YB2TX         59 28
QSO:  7000 PH 2016-10-29 1745 YU1DW         59 15 F5ASD         59 14
QSO:  7000 PH 2016-10-29 1746 YU1DW         59 15 F6EWX         59 14
QSO:  7063 PH 2016-10-29 1746 YU1DW         59 15 SE4E          59 14
QSO:  7063 PH 2016-10-29 1747 YU1DW         59 15 ED1S          59 14
QSO:  7063 PH 2016-10-29 1747 YU1DW         59 15 ED1V          59 14
QSO:  7063 PH 2016-10-29 1749 YU1DW         59 15 DL1GME        59 14
QSO:  7063 PH 2016-10-29 1750 YU1DW         59 15 UX7QV         59 16
QSO:  7000 PH 2016-10-29 1947 YU1DW         59 15 DH1TST        59 14
QSO:  7060 PH 2016-10-29 1947 YU1DW         59 15 G5O           59 14
QSO:  7000 PH 2016-10-29 1948 YU1DW         59 15 HG0R          59 15
QSO:  7000 PH 2016-10-29 1950 YU1DW         59 15 DF1AN         59 14
QSO:  7063 PH 2016-10-29 1952 YU1DW         59 15 OK2BZE        59 15
QSO:  7000 PH 2016-10-29 1953 YU1DW         59 15 OK6OK         59 15
QSO:  7063 PH 2016-10-29 1953 YU1DW         59 15 OE3DXA        59 15
QSO:  7063 PH 2016-10-29 1954 YU1DW         59 15 EA3CI         59 14
QSO:  7063 PH 2016-10-29 1954 YU1DW         59 15 LA2HFA        59 14
QSO:  7062 PH 2016-10-29 1955 YU1DW         59 15 UA6HLN        59 16
QSO:  7062 PH 2016-10-29 1955 YU1DW         59 15 UT5T          59 16
QSO:  7000 PH 2016-10-29 1956 YU1DW         59 15 DL4YAO        59 14
QSO:  7000 PH 2016-10-29 1956 YU1DW         59 15 EW4M          59 16
QSO:  7000 PH 2016-10-29 1956 YU1DW         59 15 SP7B          59 15
QSO:  7062 PH 2016-10-29 1956 YU1DW         59 15 RA4FK         59 16
QSO:  7063 PH 2016-10-29 1956 YU1DW         59 15 G8KEK/P       59 14
QSO:  7000 PH 2016-10-29 1957 YU1DW         59 15 F1FPL         59 14
QSO:  7042 PH 2016-10-29 1957 YU1DW         59 15 DF0AT         59 14
QSO:  7063 PH 2016-10-29 1959 YU1DW         59 15 IW7EAA        59 15
QSO:  7159 PH 2016-10-29 1959 YU1DW         59 15 CT2GMH        59 14
QSO:  7066 PH 2016-10-29 2000 YU1DW         59 15 6W1RY         59 35
QSO:  7142 PH 2016-10-29 2002 YU1DW         59 15 VK6NC         59 29
QSO:  7063 PH 2016-10-30 0431 YU1DW         59 15 ZZ2T          59 11
QSO:  7097 PH 2016-10-30 0432 YU1DW         59 15 KP3Z          59 8
QSO:  7051 PH 2016-10-30 0437 YU1DW         59 15 LP1H          59 13
QSO:  7107 PH 2016-10-30 0441 YU1DW         59 15 J42T          59 20
QSO:  7068 PH 2016-10-30 0452 YU1DW         59 15 CT1BWU        59 14
QSO:  7065 PH 2016-10-30 0454 YU1DW         59 15 F5IDJ         59 14
QSO:  7000 PH 2016-10-30 0456 YU1DW         59 15 US5LOD        59 16
QSO:  7065 PH 2016-10-30 0457 YU1DW         59 15 DQ2C          59 14
QSO:  7065 PH 2016-10-30 0457 YU1DW         59 05 F6FTB         59 14
QSO:  7000 PH 2016-10-30 0458 YU1DW         59 15 RA4DR         59 16
QSO:  7065 PH 2016-10-30 0459 YU1DW         59 15 HB9AWS        59 14
QSO:  7066 PH 2016-10-30 0501 YU1DW         59 15 PA2S          59 14
QSO:  7124 PH 2016-10-30 0503 YU1DW         59 15 ZP6A          59 11
QSO:  7065 PH 2016-10-30 0507 YU1DW         59 15 ES6RW         59 15
QSO:  7065 PH 2016-10-30 0508 YU1DW         59 15 PA4VHF        59 14
QSO:  7065 PH 2016-10-30 0508 YU1DW         59 15 RA3FY         59 16
QSO:  7164 PH 2016-10-30 0510 YU1DW         59 15 RT4W          59 16
QSO:  7000 PH 2016-10-30 0511 YU1DW         59 15 RT9TM         59 16
QSO:  7000 PH 2016-10-30 0513 YU1DW         59 15 UF5D          59 16
QSO:  7020 PH 2016-10-30 0514 YU1DW         59 15 UW6M          59 16
QSO:  7065 PH 2016-10-30 0515 YU1DW         59 15 UV7V          59 16
QSO: 14185 PH 2016-10-30 0525 YU1DW         59 15 UP0L          59 17
QSO: 14000 PH 2016-10-30 0526 YU1DW         59 15 R9LY          59 17
QSO: 14177 PH 2016-10-30 0527 YU1DW         59 15 UC8U          59 18
QSO: 14195 PH 2016-10-30 0528 YU1DW         59 15 A62A          59 21
QSO: 14000 PH 2016-10-30 0529 YU1DW         59 15 A61HA         59 21
QSO: 14000 PH 2016-10-30 0529 YU1DW         59 15 VU2YVK        59 22
QSO: 14207 PH 2016-10-30 0530 YU1DW         59 15 A73A          59 21
QSO: 14242 PH 2016-10-30 0532 YU1DW         59 15 FR4NT         59 39
QSO: 14000 PH 2016-10-30 0533 YU1DW         59 15 UK9AA         59 17
QSO: 14270 PH 2016-10-30 0533 YU1DW         59 15 HZ1HZ         59 21
QSO: 14258 PH 2016-10-30 0535 YU1DW         59 15 9K2HN         59 21
QSO: 14000 PH 2016-10-30 0543 YU1DW         59 15 UP9L          59 17
QSO: 14203 PH 2016-10-30 0545 YU1DW         59 15 RW0A          59 18
QSO: 14210 PH 2016-10-30 0548 YU1DW         59 15 A93JA         59 21
QSO:  7000 PH 2016-10-30 0551 YU1DW         59 15 DL5DTG        59 14
QSO:  7064 PH 2016-10-30 0551 YU1DW         59 15 ES2MC         59 15
QSO:  7064 PH 2016-10-30 0552 YU1DW         59 15 G4IDF         59 14
QSO:  7081 PH 2016-10-30 0552 YU1DW         59 15 YL2SM         59 15
QSO:  7064 PH 2016-10-30 0554 YU1DW         59 15 S59ACP        59 15
QSO:  7115 PH 2016-10-30 0554 YU1DW         59 15 ZF1A          59 08
QSO:  7000 PH 2016-10-30 0556 YU1DW         59 15 EA5DNO        59 14
QSO:  7063 PH 2016-10-30 0556 YU1DW         59 15 OH0Z          59 15
QSO:  7064 PH 2016-10-30 0556 YU1DW         59 15 G3ZGC         59 14
QSO:  7064 PH 2016-10-30 0556 YU1DW         59 15 SM6BZV        59 14
QSO:  7064 PH 2016-10-30 0557 YU1DW         59 15 PH0AS         59 14
QSO:  7000 PH 2016-10-30 0558 YU1DW         59 15 DL1TRK        59 14
QSO:  7063 PH 2016-10-30 0559 YU1DW         59 15 UT7QF         59 16
QSO:  7064 PH 2016-10-30 0559 YU1DW         59 15 MM8Z          59 14
QSO:  7000 PH 2016-10-30 0600 YU1DW         59 15 ZL2MF         59 32
QSO:  7063 PH 2016-10-30 0600 YU1DW         59 15 LY3B          59 15
QSO:  7064 PH 2016-10-30 0601 YU1DW         59 15 S57AL         59 15
QSO:  7064 PH 2016-10-30 0601 YU1DW         59 15 SJ2W          59 14
QSO:  7064 PH 2016-10-30 0602 YU1DW         59 15 IQ3RK         59 15
QSO:  7064 PH 2016-10-30 0602 YU1DW         59 15 VE3RA         59 4
QSO:  7063 PH 2016-10-30 0603 YU1DW         59 15 F5FLN         59 14
QSO:  7063 PH 2016-10-30 0603 YU1DW         59 15 GM2T          59 14
QSO:  7000 PH 2016-10-30 0604 YU1DW         59 15 EA3YK         59 14
QSO:  7064 PH 2016-10-30 0604 YU1DW         59 15 IW0EAC        59 15
QSO:  7063 PH 2016-10-30 0606 YU1DW         59 15 DF0RW         59 14
QSO:  7063 PH 2016-10-30 0606 YU1DW         59 15 RL5A          59 16
QSO:  7063 PH 2016-10-30 0607 YU1DW         59 15 YT9X          59 15
QSO:  7064 PH 2016-10-30 0607 YU1DW         59 15 M4U           59 14
QSO:  7064 PH 2016-10-30 0607 YU1DW         59 15 SA6BET        59 14
QSO:  7063 PH 2016-10-30 0608 YU1DW         59 15 DL1A          59 14
QSO:  7063 PH 2016-10-30 0608 YU1DW         59 15 DL9DRA        59 14
QSO:  7064 PH 2016-10-30 0608 YU1DW         59 15 G3YPP         59 14
QSO:  7064 PH 2016-10-30 0609 YU1DW         59 15 OO7W          59 14
QSO:  7064 PH 2016-10-30 0609 YU1DW         59 15 PT4T          59 11
QSO:  7063 PH 2016-10-30 0610 YU1DW         59 15 GM9N          59 14
QSO:  7064 PH 2016-10-30 0610 YU1DW         59 15 PJ4Q          59 9
QSO:  7064 PH 2016-10-30 0611 YU1DW         59 15 CB1H          59 12
QSO:  7064 PH 2016-10-30 0611 YU1DW         59 15 I0LYO         59 15
QSO:  7064 PH 2016-10-30 0611 YU1DW         59 15 PA0AA         59 14
QSO:  7063 PH 2016-10-30 0612 YU1DW         59 15 HK3J          59 09
QSO:  7064 PH 2016-10-30 0612 YU1DW         59 15 IO5O          59 15
QSO:  7103 PH 2016-10-30 0613 YU1DW         59 15 DL9OBY        59 14
QSO:  7064 PH 2016-10-30 0614 YU1DW         59 15 DK5DC         59 14
QSO:  7064 PH 2016-10-30 0614 YU1DW         59 15 UT0U          59 16
QSO:  7000 PH 2016-10-30 0615 YU1DW         59 15 R2ZCA         59 16
QSO:  7000 PH 2016-10-30 0615 YU1DW         59 15 RN3Z          59 16
QSO:  7063 PH 2016-10-30 0615 YU1DW         59 15 EA6/DK5IR     59 14
QSO:  7064 PH 2016-10-30 0615 YU1DW         59 15 ED3D          59 14
QSO:  7063 PH 2016-10-30 0616 YU1DW         59 15 YU1EW         59 15
QSO:  7000 PH 2016-10-30 0618 YU1DW         59 15 UR6QV         59 16
QSO:  7063 PH 2016-10-30 0619 YU1DW         59 15 DL6DH         59 14
QSO:  7000 PH 2016-10-30 0620 YU1DW         59 15 IS0FEZ        59 15
QSO:  7000 PH 2016-10-30 0620 YU1DW         59 15 UV5EVZ        59 16
QSO:  7064 PH 2016-10-30 0620 YU1DW         59 15 DK2TS         59 14
QSO:  7063 PH 2016-10-30 0621 YU1DW         59 15 TK9R          59 15
QSO:  7174 PH 2016-10-30 0622 YU1DW         59 15 CR3A          59 33
QSO:  7064 PH 2016-10-30 0624 YU1DW         59 15 SG6T          59 14
QSO:  7141 PH 2016-10-30 0625 YU1DW         59 15 P40L          59 9
QSO:  7000 PH 2016-10-30 0627 YU1DW         59 15 IQ2DN         59 15
QSO:  7064 PH 2016-10-30 0628 YU1DW         59 15 FY5KE         59 09
QSO:  7069 PH 2016-10-30 0632 YU1DW         59 15 DJ2YE         59 14
QSO:  7080 PH 2016-10-30 0632 YU1DW         59 15 F8KKH         59 14
QSO:  7068 PH 2016-10-30 0633 YU1DW         59 15 DK1FT         59 14
QSO: 14000 PH 2016-10-30 0639 YU1DW         59 15 SU9JG         59 34
QSO: 14229 PH 2016-10-30 0640 YU1DW         59 15 RM0A          59 18
QSO: 14227 PH 2016-10-30 0644 YU1DW         59 15 JI1ICF        59 25
QSO: 14166 PH 2016-10-30 0645 YU1DW         59 15 RW9USA        59 18
QSO: 14187 PH 2016-10-30 0647 YU1DW         59 15 ZL1T          59 32
QSO: 14186 PH 2016-10-30 0648 YU1DW         59 15 CR5C          59 14
QSO: 14187 PH 2016-10-30 0648 YU1DW         59 15 JA7GYP        59 25
QSO: 14000 PH 2016-10-30 0649 YU1DW         59 15 JH1EVD        59 25
QSO: 14187 PH 2016-10-30 0649 YU1DW         59 15 JR3RIU        59 25
QSO: 14232 PH 2016-10-30 0700 YU1DW         59 15 CB1W          59 12
QSO: 14189 PH 2016-10-30 0701 YU1DW         59 15 J42T          59 20
QSO: 14180 PH 2016-10-30 0703 YU1DW         59 15 EA9KB         59 33
QSO: 14209 PH 2016-10-30 0705 YU1DW         59 15 LZ9W          59 20
QSO: 14174 PH 2016-10-30 0720 YU1DW         59 15 LO7H          59 13
QSO: 14174 PH 2016-10-30 0720 YU1DW         59 15 RT3N          59 16
QSO: 14174 PH 2016-10-30 0721 YU1DW         59 15 EA5IJG        59 14
QSO: 14174 PH 2016-10-30 0723 YU1DW         59 15 JH7FMJ        59 25
QSO: 14000 PH 2016-10-30 0724 YU1DW         59 15 OD5PY         59 20
QSO: 14175 PH 2016-10-30 0729 YU1DW         59 15 JH1SJN        59 25
QSO: 14175 PH 2016-10-30 0729 YU1DW         59 15 UA4CNJ        59 16
QSO: 14174 PH 2016-10-30 0730 YU1DW         59 15 EC5EA         59 14
QSO: 14175 PH 2016-10-30 0731 YU1DW         59 15 JA0GCI        59 25
QSO: 14175 PH 2016-10-30 0731 YU1DW         59 15 RZ3Z          59 16
QSO: 14175 PH 2016-10-30 0733 YU1DW         59 15 CE3AA         59 12
QSO: 14175 PH 2016-10-30 0733 YU1DW         59 15 EE2A          59 14
QSO: 14175 PH 2016-10-30 0734 YU1DW         59 15 JH1RFM        59 25
QSO: 14175 PH 2016-10-30 0736 YU1DW         59 15 EA6/DK5IR     59 14
QSO: 14000 PH 2016-10-30 0737 YU1DW         59 15 EA3RP         59 14
QSO: 14175 PH 2016-10-30 0737 YU1DW         59 15 PS2T          59 11
QSO: 14000 PH 2016-10-30 0738 YU1DW         59 15 JR4GPA        59 25
QSO: 14175 PH 2016-10-30 0738 YU1DW         59 15 JA7EPO        59 25
QSO: 14000 PH 2016-10-30 0739 YU1DW         59 15 R2RT          59 16
QSO: 14000 PH 2016-10-30 0741 YU1DW         59 15 JF2XGF        59 25
QSO: 14000 PH 2016-10-30 0742 YU1DW         59 15 EA2RCP        59 14
QSO: 14000 PH 2016-10-30 0742 YU1DW         59 15 RJ3F          59 16
QSO: 14181 PH 2016-10-30 0745 YU1DW         59 15 YL2BJ         59 15
QSO: 14147 PH 2016-10-30 0747 YU1DW         59 15 V6Z           59 27
QSO: 14126 PH 2016-10-30 0748 YU1DW         59 15 ZD8W          59 36
QSO: 14178 PH 2016-10-30 0749 YU1DW         59 15 EF8R          59 33
QSO: 14166 PH 2016-10-30 0751 YU1DW         59 15 JI3BFC        59 25
QSO: 14000 PH 2016-10-30 0752 YU1DW         59 15 JA7RPC        59 25
QSO: 14166 PH 2016-10-30 0752 YU1DW         59 15 UT1AA         59 16
QSO: 14166 PH 2016-10-30 0753 YU1DW         59 15 RK3SWB        59 16
QSO: 14166 PH 2016-10-30 0754 YU1DW         59 15 JR4VEV        59 25
QSO: 14000 PH 2016-10-30 0755 YU1DW         59 15 UT3QD         59 16
QSO: 14000 PH 2016-10-30 0756 YU1DW         59 15 JA3LEZ        59 25
QSO: 14166 PH 2016-10-30 0757 YU1DW         59 15 JH4UTP        59 25
QSO: 14166 PH 2016-10-30 0757 YU1DW         59 15 LY5R          59 15
QSO: 14000 PH 2016-10-30 0758 YU1DW         59 15 YL1ZT         59 15
QSO: 14150 PH 2016-10-30 0802 YU1DW         59 15 UT6EE         59 16
QSO: 14166 PH 2016-10-30 0802 YU1DW         59 15 RA9FEL        59 17
QSO: 14283 PH 2016-10-30 0802 YU1DW         59 15 D4E           59 35
QSO: 14166 PH 2016-10-30 0804 YU1DW         59 15 IS0XDA        59 15
QSO: 14166 PH 2016-10-30 0805 YU1DW         59 15 JO4CFV        59 25
QSO: 14166 PH 2016-10-30 0806 YU1DW         59 15 IT9CLX        59 15
QSO: 14166 PH 2016-10-30 0806 YU1DW         59 15 JA7BME        59 25
QSO: 14000 PH 2016-10-30 0807 YU1DW         59 15 EW4M          59 16
QSO: 14000 PH 2016-10-30 0807 YU1DW         59 15 JH0EPI        59 25
QSO: 14166 PH 2016-10-30 0807 YU1DW         59 15 EA3CI         59 14
QSO: 14000 PH 2016-10-30 0808 YU1DW         59 15 RA6LIS        59 16
QSO: 14166 PH 2016-10-30 0808 YU1DW         59 15 F5BEG         59 14
QSO: 14000 PH 2016-10-30 0810 YU1DW         59 15 JA2XLV        59 25
QSO: 14160 PH 2016-10-30 0812 YU1DW         59 15 6W1RY         59 35
QSO:  7010 PH 2016-10-30 0822 YU1DW         59 15 DL1JGO        59 14
QSO:  7000 PH 2016-10-30 0823 YU1DW         59 15 IK1BPL        59 15
QSO:  7063 PH 2016-10-30 0824 YU1DW         59 15 YL2NK         59 15
QSO: 14000 PH 2016-10-30 0829 YU1DW         59 15 ON5UJ         59 14
QSO: 14000 PH 2016-10-30 0830 YU1DW         59 15 PD7CJT        59 14
QSO: 14164 PH 2016-10-30 0830 YU1DW         59 15 PI4MM         59 14
QSO: 14164 PH 2016-10-30 0830 YU1DW         59 15 TM1O          59 14
QSO: 14168 PH 2016-10-30 0830 YU1DW         59 15 G4CWH         59 14
QSO: 14000 PH 2016-10-30 0831 YU1DW         59 15 MU0GSY        59 14
QSO: 14000 PH 2016-10-30 0831 YU1DW         59 15 PD0PMS        59 14
QSO: 14265 PH 2016-10-30 0831 YU1DW         59 15 DL7YS         59 14
QSO: 14000 PH 2016-10-30 0832 YU1DW         59 15 DG7NFX        59 14
QSO: 14164 PH 2016-10-30 0832 YU1DW         59 15 F5PAL         59 14
QSO: 14164 PH 2016-10-30 0832 YU1DW         59 15 PA3GDD        59 14
QSO: 14000 PH 2016-10-30 0833 YU1DW         59 15 F6EWX         59 14
QSO: 14164 PH 2016-10-30 0833 YU1DW         59 15 DM6M          59 14
QSO: 14164 PH 2016-10-30 0833 YU1DW         59 15 EA3FYO        59 14
QSO: 14164 PH 2016-10-30 0833 YU1DW         59 15 IW1RLC        59 15
QSO: 14164 PH 2016-10-30 0833 YU1DW         59 15 LB8QG         59 14
QSO: 14164 PH 2016-10-30 0834 YU1DW         59 15 F4EIH         59 14
QSO: 14164 PH 2016-10-30 0834 YU1DW         59 15 IW2HAJ        59 15
QSO: 14000 PH 2016-10-30 0835 YU1DW         59 15 DL5LB         59 14
QSO: 14164 PH 2016-10-30 0835 YU1DW         59 15 EW4R          59 16
QSO: 14164 PH 2016-10-30 0835 YU1DW         59 15 PD1RO         59 14
QSO: 14000 PH 2016-10-30 0836 YU1DW         59 15 PE1LUB        59 14
QSO: 14000 PH 2016-10-30 0836 YU1DW         59 15 SP3DRM        59 15
QSO: 14164 PH 2016-10-30 0837 YU1DW         59 15 G3YPP         59 14
QSO: 14164 PH 2016-10-30 0838 YU1DW         59 15 G4Q           59 14
QSO: 14000 PH 2016-10-30 0839 YU1DW         59 15 DL8ULO        59 14
QSO: 14164 PH 2016-10-30 0839 YU1DW         59 15 OV3X          59 14
QSO: 14164 PH 2016-10-30 0839 YU1DW         59 15 SD6E          59 14
QSO: 14000 PH 2016-10-30 0840 YU1DW         59 15 LA4OGA        59 14
QSO: 14164 PH 2016-10-30 0840 YU1DW         59 15 OH6JE         59 15
END-OF-LOG:
