START-OF-LOG: 3.0
CREATED-BY: okomdx-downloader
CONTEST: OK-OM DX CW Contest 2018
CALLSIGN: DL1THB
OPERATORS: DL1THB
CATEGORY: SINGLE-OP 40M LOW
CATEGORY-OPERATOR: SINGLE-OP
CATEGORY-BAND: 40M
CATEGORY-MODE: CW
CATEGORY-POWER: LOW
CATEGORY-ASSISTED: NON-ASSISTED
CATEGORY-TRANSMITTER: ONE
CATEGORY-STATION: FIXED
QSO:  7013 CW 2018-11-11 1044 DL1THB        599 001        OL6A          599 APD       
QSO:  7017 CW 2018-11-11 1045 DL1THB        599 002        OK1HCG        599 APF       
QSO:  7023 CW 2018-11-11 1046 DL1THB        599 003        OK2ZO         599 GBL       
QSO:  7026 CW 2018-11-11 1047 DL1THB        599 004        OM6RM         599 SEN       
QSO:  7028 CW 2018-11-11 1048 DL1THB        599 005        OK1LL         599 BKO       
QSO:  7022 CW 2018-11-11 1051 DL1THB        599 006        OK2PEM        599 GZS       
QSO:  7021 CW 2018-11-11 1052 DL1THB        599 007        OM8FF         599 KEO       
QSO:  7010 CW 2018-11-11 1055 DL1THB        599 008        OK7T          599 ECL       
QSO:  7010 CW 2018-11-11 1056 DL1THB        599 009        OL100BOB      599 HOL       
QSO:  7009 CW 2018-11-11 1057 DL1THB        599 010        OK1CZ         599 BKO       
QSO:  7011 CW 2018-11-11 1100 DL1THB        599 011        OM3PA         599 PAR       
QSO:  7012 CW 2018-11-11 1101 DL1THB        599 012        OM5CM         599 NIT       
QSO:  7024 CW 2018-11-11 1103 DL1THB        599 013        OK7Y          599 EUL       
QSO:  7029 CW 2018-11-11 1103 DL1THB        599 014        OK1IBP        599 DDO       
QSO:  7016 CW 2018-11-11 1106 DL1THB        599 015        OK1VD         599 FHK       
QSO:  7013 CW 2018-11-11 1107 DL1THB        599 016        OM3RM         599 DST       
QSO:  7015 CW 2018-11-11 1112 DL1THB        599 017        OM3ED         599 BAB       
QSO:  7030 CW 2018-11-11 1114 DL1THB        599 018        OK5Z          599 GTR       
QSO:  7032 CW 2018-11-11 1116 DL1THB        599 019        OL5M          599 FUO       
QSO:  7014 CW 2018-11-11 1119 DL1THB        599 020        OK2HBR        599 HOL       
QSO:  7026 CW 2018-11-11 1120 DL1THB        599 021        OK1FKD        599 ECH       
QSO:  7025 CW 2018-11-11 1121 DL1THB        599 022        OL5Y          599 BKO       
QSO:  7025 CW 2018-11-11 1121 DL1THB        599 023        OK2EA         599 HVS       
QSO:  7021 CW 2018-11-11 1123 DL1THB        599 024        OM5DX         599 LVC       
QSO:  7017 CW 2018-11-11 1126 DL1THB        599 025        OL1C          599 ETE       
QSO:  7015 CW 2018-11-11 1127 DL1THB        599 026        OK1MAW        599 FSV       
QSO:  7011 CW 2018-11-11 1128 DL1THB        599 027        OK1PI         599 FCR       
END-OF-LOG:
