START-OF-LOG: 3.0
CREATED-BY: reconstructed-log-builder
CONTEST: CQ-WPX-SSB
CALLSIGN: N1WVQ
LOCATION: 
CATEGORY: CHECKLOG
CATEGORY-OPERATOR: SINGLE-OP
CATEGORY-BAND: ALL
CATEGORY-MODE: MIXED
CATEGORY-POWER: UNKNOWN
CATEGORY-ASSISTED: NON-ASSISTED
CATEGORY-TRANSMITTER: ONE
CATEGORY-STATION: UNKNOWN
CATEGORY-OVERLAY: 
OPERATORS: N1WVQ
CLAIMED-SCORE: 
CLUB: 
NAME: 
SOAPBOX: RECONSTRUCTED MOCKUP LOG - NOT AN OFFICIAL SUBMISSION.
SOAPBOX: Derived from submitted logs for CQ-WPX-SSB CQWPX/ph/2026.
QSO: 14280 PH 2026-03-28 0153 N1WVQ         59 0001 SP5C          59 0069
QSO: 14162 PH 2026-03-28 0205 N1WVQ         59 004 UC8U          59 054
QSO: 14166 PH 2026-03-28 0210 N1WVQ         59 0005 XE1YL         59 0193
QSO: 14166 PH 2026-03-28 0215 N1WVQ         59 0006 CR5L          59 0052
QSO: 14196 PH 2026-03-28 0223 N1WVQ         59 0007 K0AD          59 0082
QSO: 14203 PH 2026-03-28 0228 N1WVQ         59 0008 VP2M          59 0450
QSO: 28404 PH 2026-03-28 2218 N1WVQ         59 0008 AA5Z          59 0812
QSO: 28401 PH 2026-03-28 2220 N1WVQ         59 0009 CE1WY         59 0246
QSO: 21254 PH 2026-03-28 2247 N1WVQ         59 010 NE4C          59 211
QSO: 21325 PH 2026-03-29 2042 N1WVQ         59 0012 WS7X          59 2583
QSO: 21362 PH 2026-03-29 2319 N1WVQ         59 013 D4C           59 4391
QSO: 21000 PH 2026-03-29 2322 N1WVQ         59 014 KQ4SER        59 576
QSO:  7197 PH 2026-03-29 2325 N1WVQ         59 015 9A73P         59 2555
QSO:  7000 PH 2026-03-29 2339 N1WVQ         59 016 KC3C          59 1012
QSO:  7247 PH 2026-03-29 2341 N1WVQ         59 0017 CG9T          59 2233
QSO:  7209 PH 2026-03-29 2344 N1WVQ         59 0018 W2PI          59 0400
QSO:  7182 PH 2026-03-29 2346 N1WVQ         59 0019 K3ANI         59 0858
QSO:  7172 PH 2026-03-29 2347 N1WVQ         59 020 K1LZ          59 5288
QSO:  7165 PH 2026-03-29 2349 N1WVQ         59 021 CQ9A          59 5340
QSO:  7153 PH 2026-03-29 2353 N1WVQ         59 022 CN3A          59 2132
QSO:  7139 PH 2026-03-29 2355 N1WVQ         59 0023 UW5Y          59 3371
QSO:  7169 PH 2026-03-29 2358 N1WVQ         59 0024 9A7V          59 2401
END-OF-LOG:
