START-OF-LOG: 3.0
CREATED-BY: HMRA public OK1WC downloader
CONTEST: OK1WC-MEMORIAL
CALLSIGN: DG1YBN
OPERATORS: DG1YBN
CATEGORY: SO-40M-CW-LOW
CATEGORY-OPERATOR: SINGLE-OP
CATEGORY-BAND: 40M
CATEGORY-MODE: CW
CATEGORY-POWER: LOW
SOAPBOX: Recreated from OK1WC Memorial reference table MWC251124.
SOAPBOX: Source publication level: 4.
SOAPBOX: Source: https://memorial-ok1wc.cz/index.php?page=eval3/a_eval3&kolo=691&rocnik=17&tyden=47&jobdate=251124&pub_level=4
QSO:  7000 CW 2025-11-24 1632 DG1YBN        599 1          PA3ARM        599 4         
QSO:  7000 CW 2025-11-24 1634 DG1YBN        599 2          DF8V          599 13        
QSO:  7000 CW 2025-11-24 1635 DG1YBN        599 3          SM5ACQ        599 12        
QSO:  7000 CW 2025-11-24 1637 DG1YBN        599 4          SC6O          599 13        
QSO:  7000 CW 2025-11-24 1638 DG1YBN        599 5          OK1DSZ        599 21        
QSO:  7000 CW 2025-11-24 1639 DG1YBN        599 6          PA3AAV        599 30        
QSO:  7000 CW 2025-11-24 1640 DG1YBN        599 7          PC0A          599 32        
QSO:  7000 CW 2025-11-24 1642 DG1YBN        599 8          DA1DX         599 36        
QSO:  7000 CW 2025-11-24 1642 DG1YBN        599 9          OM2ADM        599 21        
QSO:  7000 CW 2025-11-24 1643 DG1YBN        599 10         E77EA         599 33        
QSO:  7000 CW 2025-11-24 1648 DG1YBN        599 11         DM5I          599 51        
QSO:  7000 CW 2025-11-24 1650 DG1YBN        599 12         DJ0SP         599 42        
QSO:  7000 CW 2025-11-24 1651 DG1YBN        599 13         OM2KI         599 44        
QSO:  7000 CW 2025-11-24 1652 DG1YBN        599 14         OK5D          599 50        
QSO:  7000 CW 2025-11-24 1653 DG1YBN        599 15         OK1RKS        599 34        
QSO:  7000 CW 2025-11-24 1654 DG1YBN        599 16         EA3X          599 43        
QSO:  7000 CW 2025-11-24 1655 DG1YBN        599 17         OK2BFN        599 54        
QSO:  7000 CW 2025-11-24 1656 DG1YBN        599 18         DM5EE         599 69        
QSO:  7000 CW 2025-11-24 1657 DG1YBN        599 19         DF7TS         599 34        
QSO:  7000 CW 2025-11-24 1700 DG1YBN        599 20         DJ9KH         599 64        
QSO:  7000 CW 2025-11-24 1703 DG1YBN        599 21         SP3MEP        599 59        
QSO:  7000 CW 2025-11-24 1704 DG1YBN        599 22         OL35MDXC      599 51        
QSO:  7000 CW 2025-11-24 1706 DG1YBN        599 23         OK1DOY        599 59        
QSO:  7000 CW 2025-11-24 1708 DG1YBN        599 24         YU1RA         599 45        
QSO:  7000 CW 2025-11-24 1711 DG1YBN        599 25         S52AW         599 79        
QSO:  7000 CW 2025-11-24 1713 DG1YBN        599 26         OK2NO         599 59        
QSO:  7000 CW 2025-11-24 1715 DG1YBN        599 27         S51J          599 70        
QSO:  7000 CW 2025-11-24 1716 DG1YBN        599 28         HA6NL         599 83        
QSO:  7000 CW 2025-11-24 1717 DG1YBN        599 29         IS0JHQ        599 93        
QSO:  7000 CW 2025-11-24 1718 DG1YBN        599 30         SP7N          599 64        
QSO:  7000 CW 2025-11-24 1721 DG1YBN        599 31         HB9HTF        599 72        
QSO:  7000 CW 2025-11-24 1722 DG1YBN        599 32         SN7J          599 63        
QSO:  7000 CW 2025-11-24 1723 DG1YBN        599 33         DL2NBY        599 92        
QSO:  7000 CW 2025-11-24 1724 DG1YBN        599 34         SO3O          599 69        
QSO:  7000 CW 2025-11-24 1729 DG1YBN        599 35         S52NY         599 74        
END-OF-LOG:
