START-OF-LOG: 3.0
CREATED-BY: reconstructed-log-builder
CONTEST: EUDX-CONTEST
CALLSIGN: SP2HMY
LOCATION: 
CATEGORY: CHECKLOG
CATEGORY-OPERATOR: SINGLE-OP
CATEGORY-BAND: ALL
CATEGORY-MODE: MIXED
CATEGORY-POWER: UNKNOWN
CATEGORY-ASSISTED: NON-ASSISTED
CATEGORY-TRANSMITTER: ONE
CATEGORY-STATION: UNKNOWN
CATEGORY-OVERLAY: 
OPERATORS: SP2HMY
CLAIMED-SCORE: 
CLUB: 
NAME: 
SOAPBOX: RECONSTRUCTED MOCKUP LOG - NOT AN OFFICIAL SUBMISSION.
SOAPBOX: Derived from submitted logs for EUDX-CONTEST EUDX_contest/2025.
QSO: 28009 CW 2025-02-01 1338 SP2HMY        599 PL15 K2SSS         599 8
QSO: 21009 CW 2025-02-01 1342 SP2HMY        599 PL15 MM9I          599 27
QSO: 21013 CW 2025-02-01 1344 SP2HMY        599 PL15 UA4LL         599 29
QSO: 21034 CW 2025-02-01 1349 SP2HMY        599 PL15 LZ1ND         599 BG06
QSO: 21041 CW 2025-02-01 1351 SP2HMY        599 PL15 UA4S          599 29
QSO: 14022 CW 2025-02-01 1401 SP2HMY        599 PL15 IV3AZV        599 8
QSO: 14031 CW 2025-02-01 1404 SP2HMY        599 PL15 DD5M          599 DE02
QSO: 14049 CW 2025-02-01 1409 SP2HMY        599 PL15 9A6A          599 HR01
QSO: 14006 CW 2025-02-01 1430 SP2HMY        599 PL15 MM2T          599 27
QSO: 14012 CW 2025-02-01 1431 SP2HMY        599 PL15 LZ1GU         599 BG05
QSO: 14019 CW 2025-02-01 1434 SP2HMY        599 PL15 LZ1QN         599 BG04
QSO: 14025 CW 2025-02-01 1434 SP2HMY        599 PL15 DJ0SP         599 DE10
QSO: 14032 CW 2025-02-01 1438 SP2HMY        599 PL15 YO4NF         599 RO02
QSO: 28019 CW 2025-02-01 1507 SP2HMY        599 PL15 4Z5ML         599 39
QSO: 21000 CW 2025-02-01 1511 SP2HMY        599 PL15 F5SGI         599 FR03
END-OF-LOG:
