START-OF-LOG: 3.0
CREATED-BY: reconstructed-log-builder
CONTEST: ARRL-SS-SSB
CALLSIGN: WA2SUH
LOCATION: 
CATEGORY: CHECKLOG
CATEGORY-OPERATOR: SINGLE-OP
CATEGORY-BAND: ALL
CATEGORY-MODE: MIXED
CATEGORY-POWER: UNKNOWN
CATEGORY-ASSISTED: NON-ASSISTED
CATEGORY-TRANSMITTER: ONE
CATEGORY-STATION: UNKNOWN
CATEGORY-OVERLAY: 
OPERATORS: WA2SUH
CLAIMED-SCORE: 
CLUB: 
NAME: 
SOAPBOX: RECONSTRUCTED MOCKUP LOG - NOT AN OFFICIAL SUBMISSION.
SOAPBOX: Derived from submitted logs for ARRL-SS-SSB ARRL/arrl_november_phone_sweepstakes/2024.
QSO: 28536 PH 2024-11-16 2240 WA2SUH        0001 A 61 NLI N5RZ          0205 B 69 STX
QSO: 28355 PH 2024-11-16 2242 WA2SUH        0002 A 61 NLI WR5O          0011 M 77 WTX
QSO: 28400 PH 2024-11-16 2245 WA2SUH        003 A 61 NLI N9RV          309 B 67 MT
QSO: 28531 PH 2024-11-17 2012 WA2SUH        004 A 61 NLI WC6H          1220 B 71 SJV
QSO: 28360 PH 2024-11-17 2020 WA2SUH        0006 A 61 NLI NS0R          1036 U 92 KS
QSO: 28430 PH 2024-11-17 2028 WA2SUH        7 A 61 NLI K0HC          1137 S 97 KS
QSO: 28460 PH 2024-11-17 2100 WA2SUH        0008 A 61 NLI K0EU          1479 U 70 CO
QSO: 28338 PH 2024-11-17 2102 WA2SUH        0009 A 61 NLI W1SRD         0667 U 74 SV
QSO: 28333 PH 2024-11-17 2105 WA2SUH        10 A 61 NLI KE8FT         552 B 66 SV
QSO: 28000 PH 2024-11-17 2148 WA2SUH        11 A 61 NLI W7WA          1376 B 70 WWA
QSO: 28441 PH 2024-11-17 2151 WA2SUH        0012 A 61 NLI W6YX          0372 S 22 SCV
QSO: 28475 PH 2024-11-17 2158 WA2SUH        0013 A 61 NLI WB0TEV        1031 U 76 NTX
QSO: 21000 PH 2024-11-17 2333 WA2SUH        014 A 61 NLI W6AFA         870 B 75 LAX
QSO: 21357 PH 2024-11-17 2336 WA2SUH        0015 A 61 NLI KP2M          0701 B 71 VI
END-OF-LOG:
