START-OF-LOG: 3.0
CREATED-BY: HMRA public 9A HRS HF Robot downloader
CONTEST: ZIMSKI-KUP
CALLSIGN: 9A5CPG
OPERATORS: 9A5CPG
CATEGORY: C
CATEGORY-OPERATOR: SINGLE-OP
CATEGORY-BAND: 80M
CATEGORY-MODE: PH
CLAIMED-SCORE: 2208
SOAPBOX: Recreated from 9A HRS HF Robot public QSO table for Zimski KV KUP 2014.
SOAPBOX: Public error-summary rows are ignored.
SOAPBOX: Source: https://www.hamradio.hr/hfrobot/hfcc_log.php?What=vloghtm&CID=2014-01-11&ID=9A5CPG
SOAPBOX: Source category label: C - jedan operator, samo SSB.
SOAPBOX: Published QSO count: 46.
QSO:  3500 PH 2014-01-11 1330 9A5CPG        59  0001 ZG    9A3MR         59  0040 SK   
QSO:  3500 PH 2014-01-11 1331 9A5CPG        59  0002 ZG    9A3IH         59  0033 IS   
QSO:  3500 PH 2014-01-11 1332 9A5CPG        59  0003 ZG    9A3NI         59  0008 IS   
QSO:  3500 PH 2014-01-11 1335 9A5CPG        59  0004 ZG    9A4CD         59  0008 GZ   
QSO:  3500 PH 2014-01-11 1336 9A5CPG        59  0005 ZG    9A7V          59  0043 MD   
QSO:  3500 PH 2014-01-11 1337 9A5CPG        59  0006 ZG    9A1E          59  0045 VP   
QSO:  3500 PH 2014-01-11 1339 9A5CPG        59  0007 ZG    9A5AMC        59  0008 PG   
QSO:  3500 PH 2014-01-11 1339 9A5CPG        59  0008 ZG    9A2L          59  0044 VZ   
QSO:  3500 PH 2014-01-11 1340 9A5CPG        59  0009 ZG    9A5G          59  0030 PG   
QSO:  3500 PH 2014-01-11 1342 9A5CPG        59  0010 ZG    9A4QV         59  0037 IS   
QSO:  3500 PH 2014-01-11 1342 9A5CPG        59  0011 ZG    9A9M          59  0022 VZ   
QSO:  3500 PH 2014-01-11 1345 9A5CPG        59  0012 ZG    9A6V          59  0043 ZD   
QSO:  3500 PH 2014-01-11 1346 9A5CPG        59  0013 ZG    9A2VJ         59  0045 VZ   
QSO:  3500 PH 2014-01-11 1347 9A5CPG        59  0014 ZG    9A3R          59  0055 IS   
QSO:  3500 PH 2014-01-11 1348 9A5CPG        59  0015 ZG    9A3BD         59  0031 SM   
QSO:  3500 PH 2014-01-11 1349 9A5CPG        59  0016 ZG    9A3DF         59  0044 VZ   
QSO:  3500 PH 2014-01-11 1351 9A5CPG        59  0017 ZG    9A4W          59  0068 SD   
QSO:  3500 PH 2014-01-11 1352 9A5CPG        59  0018 ZG    9A9DA         59  0029 BB   
QSO:  3500 PH 2014-01-11 1353 9A5CPG        59  0019 ZG    9A1CRT        59  0080 KA   
QSO:  3500 PH 2014-01-11 1355 9A5CPG        59  0020 ZG    9A7T          59  0050 ZG   
QSO:  3500 PH 2014-01-11 1357 9A5CPG        59  0021 ZG    9A0Z          59  0090 KZ   
QSO:  3500 PH 2014-01-11 1358 9A5CPG        59  0022 ZG    9A1D          59  0031 KA   
QSO:  3500 PH 2014-01-11 1359 9A5CPG        59  0023 ZG    9A9RR         59  0039 SD   
QSO:  3500 PH 2014-01-11 1430 9A5CPG        59  0024 ZG    9A0Z          59  0127 KZ   
QSO:  3500 PH 2014-01-11 1431 9A5CPG        59  0025 ZG    9A3B          59  0126 OB   
QSO:  3500 PH 2014-01-11 1432 9A5CPG        59  0026 ZG    9A3NI         59  0049 IS   
QSO:  3500 PH 2014-01-11 1433 9A5CPG        59  0027 ZG    9A4CD         59  0056 GZ   
QSO:  3500 PH 2014-01-11 1434 9A5CPG        59  0028 ZG    9A2U          59  0077 KA   
QSO:  3500 PH 2014-01-11 1436 9A5CPG        59  0029 ZG    9A6V          59  0075 ZD   
QSO:  3500 PH 2014-01-11 1437 9A5CPG        59  0030 ZG    9A7V          59  0125 MD   
QSO:  3500 PH 2014-01-11 1438 9A5CPG        59  0031 ZG    9A8A          59  0139 BB   
QSO:  3500 PH 2014-01-11 1439 9A5CPG        59  0032 ZG    9A3BOB/P      59  0032 SD   
QSO:  3500 PH 2014-01-11 1440 9A5CPG        59  0033 ZG    9A3W          59  0126 ZD   
QSO:  3500 PH 2014-01-11 1442 9A5CPG        59  0034 ZG    9A2L          59  0139 VZ   
QSO:  3500 PH 2014-01-11 1445 9A5CPG        59  0035 ZG    9A9M          59  0728 VZ   
QSO:  3500 PH 2014-01-11 1446 9A5CPG        59  0036 ZG    9A1CRT        59  0148 KA   
QSO:  3500 PH 2014-01-11 1447 9A5CPG        59  0037 ZG    9A0P          59  0119 IS   
QSO:  3500 PH 2014-01-11 1448 9A5CPG        59  0038 ZG    9A4W          59  0155 SD   
QSO:  3500 PH 2014-01-11 1449 9A5CPG        59  0039 ZG    9A9DA         59  0058 BB   
QSO:  3500 PH 2014-01-11 1451 9A5CPG        59  0040 ZG    9A4QV         59  0120 IS   
QSO:  3500 PH 2014-01-11 1452 9A5CPG        59  0041 ZG    9A1MM/P       59  0062 VZ   
QSO:  3500 PH 2014-01-11 1453 9A5CPG        59  0042 ZG    9A1E          59  0137 VP   
QSO:  3500 PH 2014-01-11 1454 9A5CPG        59  0043 ZG    9A1D          59  0062 KA   
QSO:  3500 PH 2014-01-11 1455 9A5CPG        59  0044 ZG    9A2VJ         59  0125 VZ   
QSO:  3500 PH 2014-01-11 1456 9A5CPG        59  0045 ZG    9A7PPD        59  0079 KA   
QSO:  3500 PH 2014-01-11 1459 9A5CPG        59  0046 ZG    9A3DF         59  0125 VZ   
END-OF-LOG:
