START-OF-LOG: 3.0
CONTEST: ARRL-DX-CW
CALLSIGN: N4LR
LOCATION: MS
CATEGORY-OPERATOR: SINGLE-OP
CATEGORY-ASSISTED: ASSISTED
CATEGORY-POWER: HIGH
CATEGORY-BAND: ALL
CATEGORY-MODE: CW
CATEGORY-TRANSMITTER: ONE
CATEGORY-STATION: FIXED
OPERATORS: N4LR
CLUB: 599 DX Association
CREATED-BY: N1MM LOGGER+ 1.0.11105.0
HQ-CATEGORY: Single Operator Unlimited, High Power
HQ-GRID-LOCATOR: EM50RT
QSO: 1831 CW 2026-02-21 0202 N4LR 599 MS XE2X 599 KW
QSO: 1829 CW 2026-02-21 0206 N4LR 599 MS PJ2T 599 K
QSO: 1833 CW 2026-02-21 0208 N4LR 599 MS V3T 599 99
QSO: 1827 CW 2026-02-21 0210 N4LR 599 MS NP2J 599 K
QSO: 3508 CW 2026-02-21 0212 N4LR 599 MS TM2Y 599 KW
QSO: 3534 CW 2026-02-21 0215 N4LR 599 MS II2Q 599 500
QSO: 3529 CW 2026-02-21 0216 N4LR 599 MS EI7M 599 K
QSO: 3534 CW 2026-02-21 0217 N4LR 599 MS OT6M 599 KW
QSO: 3512 CW 2026-02-21 0217 N4LR 599 MS HG6N 599 K
QSO: 3528 CW 2026-02-21 0218 N4LR 599 MS DL4MM 599 600
QSO: 3507 CW 2026-02-21 0221 N4LR 599 MS E7DX 599 K
QSO: 3513 CW 2026-02-21 0222 N4LR 599 MS S57Q 599 KW
QSO: 3525 CW 2026-02-21 0223 N4LR 599 MS OM7M 599 KW
QSO: 3543 CW 2026-02-21 0224 N4LR 599 MS PJ4K 599 K
QSO: 3522 CW 2026-02-21 0225 N4LR 599 MS 9A1P 599 KW
QSO: 3555 CW 2026-02-21 0227 N4LR 599 MS VP9I 599 99
QSO: 3501 CW 2026-02-21 0227 N4LR 599 MS WP3A 599 67
QSO: 3545 CW 2026-02-21 0231 N4LR 599 MS PJ2T 599 K
QSO: 3504 CW 2026-02-21 0237 N4LR 599 MS IK1PMR 599 500
QSO: 3523 CW 2026-02-21 0238 N4LR 599 MS ZF5T 599 KW
QSO: 3534 CW 2026-02-21 0241 N4LR 599 MS EA1X 599 KW
QSO: 3526 CW 2026-02-21 0244 N4LR 599 MS LX7I 599 K
QSO: 1824 CW 2026-02-21 0247 N4LR 599 MS P49Y 599 K
QSO: 1822 CW 2026-02-21 0249 N4LR 599 MS VP2M 599 100
QSO: 3551 CW 2026-02-21 0305 N4LR 599 MS CR2N 599 K
QSO: 3514 CW 2026-02-21 0307 N4LR 599 MS ED8X 599 KW
QSO: 3527 CW 2026-02-21 0309 N4LR 599 MS OK7W 599 KW
QSO: 3532 CW 2026-02-21 0310 N4LR 599 MS SP8R 599 K
QSO: 3540 CW 2026-02-21 0316 N4LR 599 MS CR3DX 599 K
QSO: 1817 CW 2026-02-21 0320 N4LR 599 MS TI7W 599 K
QSO: 1825 CW 2026-02-21 0321 N4LR 599 MS ZF1A 599 K
QSO: 1840 CW 2026-02-21 0322 N4LR 599 MS PJ4A 599 K
QSO: 1816 CW 2026-02-21 0414 N4LR 599 MS 9A1A 599 KW
QSO: 1824 CW 2026-02-21 0416 N4LR 599 MS G4AMT 599 KW
QSO: 1837 CW 2026-02-21 0420 N4LR 599 MS VP9I 599 99
QSO: 1830 CW 2026-02-21 0440 N4LR 599 MS E7DX 599 K
QSO: 1819 CW 2026-02-21 0441 N4LR 599 MS HA8A 599 KW
QSO: 1832 CW 2026-02-22 0145 N4LR 599 MS KP4AA 599 K
QSO: 1825 CW 2026-02-22 0401 N4LR 599 MS TO4A 599 K
QSO: 1837 CW 2026-02-22 0409 N4LR 599 MS HD8R 599 K
QSO: 3502 CW 2026-02-22 1215 N4LR 599 MS KH7W 599 K
QSO: 7021 CW 2026-02-22 1220 N4LR 599 MS JA7FTR 599 KW
END-OF-LOG: