START-OF-LOG: 3.0
CONTEST: ARRL-DX-CW
CALLSIGN: W4HUB
LOCATION: WCF
CATEGORY-OPERATOR: SINGLE-OP
CATEGORY-ASSISTED: NON-ASSISTED
CATEGORY-POWER: LOW
CATEGORY-BAND: ALL
CATEGORY-MODE: CW
CATEGORY-TRANSMITTER: ONE
CATEGORY-STATION: FIXED
OPERATORS: W4HUB
CREATED-BY: N1MM LOGGER+ 1.0.11105.0
HQ-CATEGORY: Single Operator, Low Power
HQ-GRID-LOCATOR: EL95TT
QSO: 14000 CW 2026-02-21 0101 W4HUB 599 FL ZV8RR 599 K
QSO: 7000 CW 2026-02-21 0108 W4HUB 599 FL S52AW 599 KW
QSO: 7000 CW 2026-02-21 0109 W4HUB 599 FL OL3Z 599 KW
QSO: 7000 CW 2026-02-21 0112 W4HUB 599 FL HB7X 599 KW
QSO: 7000 CW 2026-02-21 0113 W4HUB 599 FL IZ3NYG 599 200
QSO: 7000 CW 2026-02-21 0114 W4HUB 599 FL OM2X 599 KW
QSO: 7000 CW 2026-02-21 0115 W4HUB 599 FL DF8V 599 KW
QSO: 7000 CW 2026-02-21 0117 W4HUB 599 FL OT2A 599 KW
QSO: 7000 CW 2026-02-21 0118 W4HUB 599 FL IO8T 599 500
QSO: 7000 CW 2026-02-21 0118 W4HUB 599 FL HA2KWR 599 KW
QSO: 7000 CW 2026-02-21 0120 W4HUB 599 FL DD1A 599 KW
QSO: 7000 CW 2026-02-21 0121 W4HUB 599 FL OM7M 599 KW
QSO: 7000 CW 2026-02-21 0122 W4HUB 599 FL 9A1A 599 KW
QSO: 7000 CW 2026-02-21 0123 W4HUB 599 FL OK1Z 599 KW
QSO: 7000 CW 2026-02-21 0124 W4HUB 599 FL II2Q 599 500
QSO: 7000 CW 2026-02-21 0124 W4HUB 599 FL HA3DX 599 KW
QSO: 7000 CW 2026-02-21 0125 W4HUB 599 FL YT1A 599 KW
QSO: 7000 CW 2026-02-21 0126 W4HUB 599 FL PJ4A 599 KW
QSO: 7000 CW 2026-02-21 0126 W4HUB 599 FL OK7W 599 KW
QSO: 7000 CW 2026-02-21 0128 W4HUB 599 FL EA4KD 599 KW
QSO: 7000 CW 2026-02-21 0130 W4HUB 599 FL VE3AT 599 ON
QSO: 7000 CW 2026-02-21 0132 W4HUB 599 FL HA7A 599 KW
QSO: 7000 CW 2026-02-21 0133 W4HUB 599 FL HA8JV 599 KW
QSO: 7000 CW 2026-02-21 0134 W4HUB 599 FL SP8R 599 KW
QSO: 7000 CW 2026-02-21 0135 W4HUB 599 FL OM2VL 599 KW
QSO: 7000 CW 2026-02-21 0136 W4HUB 599 FL 9A4V 599 KW
QSO: 7000 CW 2026-02-21 0139 W4HUB 599 FL EI8X 599 KW
QSO: 7000 CW 2026-02-21 0140 W4HUB 599 FL DK5PD 599 KW
QSO: 7000 CW 2026-02-21 0146 W4HUB 599 FL TI7W 599 KW
QSO: 7000 CW 2026-02-21 0147 W4HUB 599 FL PJ4K 599 KW
QSO: 7000 CW 2026-02-21 0148 W4HUB 599 FL OK5Z 599 KW
QSO: 7000 CW 2026-02-21 0149 W4HUB 599 FL CR2N 599 KW
QSO: 7000 CW 2026-02-21 0202 W4HUB 599 FL C6ANM 599 99
QSO: 7000 CW 2026-02-21 0212 W4HUB 599 FL CO8ZZ 599 100
QSO: 7000 CW 2026-02-21 0216 W4HUB 599 FL KP2B 599 NAA
QSO: 7000 CW 2026-02-21 0217 W4HUB 599 FL S53D 599 KW
QSO: 7000 CW 2026-02-21 0219 W4HUB 599 FL VP9 599 99
QSO: 7000 CW 2026-02-21 0220 W4HUB 599 FL DD2D 599 KW
QSO: 7000 CW 2026-02-21 0222 W4HUB 599 FL HA7RY 599 KW
QSO: 7000 CW 2026-02-21 0226 W4HUB 599 FL TO4A 599 KW
QSO: 7000 CW 2026-02-21 0232 W4HUB 599 FL 8P5A 599 KW
QSO: 7000 CW 2026-02-21 0237 W4HUB 599 FL P44W 599 100
QSO: 7000 CW 2026-02-21 0238 W4HUB 599 FL SO6I 599 KW
QSO: 14000 CW 2026-02-21 0243 W4HUB 599 FL CR2N 599 KW
QSO: 14000 CW 2026-02-21 0244 W4HUB 599 FL PY5AMF 599 KW
QSO: 14000 CW 2026-02-21 0246 W4HUB 599 FL PY2NY 599 100
QSO: 14000 CW 2026-02-21 0248 W4HUB 599 FL CR3DX 599 KW
QSO: 14000 CW 2026-02-21 0249 W4HUB 599 FL KP2M 599 KW
QSO: 14000 CW 2026-02-21 0251 W4HUB 599 FL ED8X 599 KW
QSO: 14000 CW 2026-02-21 0252 W4HUB 599 FL KP2B 599 NAA
QSO: 14000 CW 2026-02-21 0254 W4HUB 599 FL PJ4A 599 KW
QSO: 14000 CW 2026-02-21 0254 W4HUB 599 FL CR3W 599 KW
QSO: 14000 CW 2026-02-21 0255 W4HUB 599 FL TO4A 599 KW
QSO: 14000 CW 2026-02-21 0258 W4HUB 599 FL KH6LC 599 KW
QSO: 14000 CW 2026-02-21 0259 W4HUB 599 FL PY2ZEA 599 KW
QSO: 14000 CW 2026-02-21 0301 W4HUB 599 FL ZV1RJ 599 KW
QSO: 14000 CW 2026-02-21 0302 W4HUB 599 FL VP2EEU 599 100
QSO: 14000 CW 2026-02-21 0303 W4HUB 599 FL PJ2T 599 KW
QSO: 14000 CW 2026-02-21 0303 W4HUB 599 FL RW1A 599 KW
QSO: 14000 CW 2026-02-21 0307 W4HUB 599 FL 8P5A 599 KW
QSO: 7000 CW 2026-02-21 0315 W4HUB 599 FL PV4W 599 100
QSO: 7000 CW 2026-02-21 0319 W4HUB 599 FL YU1EW 599 KW
QSO: 7000 CW 2026-02-21 0321 W4HUB 599 FL LZ5M 599 KW
QSO: 7000 CW 2026-02-21 0324 W4HUB 599 FL LX7I 599 KW
QSO: 7000 CW 2026-02-21 0325 W4HUB 599 FL TM5EE 599 KW
QSO: 7000 CW 2026-02-21 0326 W4HUB 599 FL ZF1A 599 KW
QSO: 7000 CW 2026-02-21 0327 W4HUB 599 FL SN3C 599 KW
QSO: 7000 CW 2026-02-21 0328 W4HUB 599 FL HA2KMR 599 KW
QSO: 7000 CW 2026-02-21 0330 W4HUB 599 FL ED8X 599 KW
QSO: 7000 CW 2026-02-21 0331 W4HUB 599 FL PV9Y 599 KW
QSO: 7000 CW 2026-02-21 0333 W4HUB 599 FL EI9X 599 KW
QSO: 7000 CW 2026-02-21 0333 W4HUB 599 FL IO4X 599 500
QSO: 7000 CW 2026-02-21 0334 W4HUB 599 FL CR3W 599 KW
QSO: 7000 CW 2026-02-21 0336 W4HUB 599 FL NP4DX 599 KW
QSO: 7000 CW 2026-02-21 0339 W4HUB 599 FL TI2OY 599 100
QSO: 7000 CW 2026-02-21 0341 W4HUB 599 FL UX0LL 599 KW
QSO: 7000 CW 2026-02-21 0342 W4HUB 599 FL OE8DDX 599 100
QSO: 7000 CW 2026-02-21 0353 W4HUB 599 FL E7AA 599 100
QSO: 7000 CW 2026-02-21 0355 W4HUB 599 FL 9A3XV 599 KW
QSO: 7000 CW 2026-02-21 0357 W4HUB 599 FL 9A1P 599 KW
QSO: 7000 CW 2026-02-21 0358 W4HUB 599 FL DK8MM 599 KW
QSO: 7000 CW 2026-02-21 0400 W4HUB 599 FL HG6N 599 KW
QSO: 7000 CW 2026-02-21 0401 W4HUB 599 FL IP0A 599 500
QSO: 7000 CW 2026-02-21 0402 W4HUB 599 FL ED1R 599 100
QSO: 7000 CW 2026-02-21 0403 W4HUB 599 FL G5W 599 KW
QSO: 7000 CW 2026-02-21 0405 W4HUB 599 FL S51J 599 KW
QSO: 7000 CW 2026-02-21 0406 W4HUB 599 FL NP3A 599 99
QSO: 7000 CW 2026-02-21 0407 W4HUB 599 FL DM4X 599 KW
QSO: 7000 CW 2026-02-21 0409 W4HUB 599 FL HB8R 599 KW
QSO: 7000 CW 2026-02-21 0411 W4HUB 599 FL HA3NU 599 KW
QSO: 7000 CW 2026-02-21 0414 W4HUB 599 FL TI8W 599 KW
QSO: 7000 CW 2026-02-21 0415 W4HUB 599 FL HA8FK 599 KW
QSO: 7000 CW 2026-02-21 0416 W4HUB 599 FL CR3DX 599 KW
QSO: 7000 CW 2026-02-21 0417 W4HUB 599 FL EI7M 599 KW
QSO: 7000 CW 2026-02-21 0417 W4HUB 599 FL SN2M 599 KW
QSO: 7000 CW 2026-02-21 0419 W4HUB 599 FL V31DJ 599 400
QSO: 7000 CW 2026-02-21 0420 W4HUB 599 FL E7CW 599 KW
QSO: 7000 CW 2026-02-21 0420 W4HUB 599 FL EA1X 599 KW
QSO: 7000 CW 2026-02-21 0421 W4HUB 599 FL V3T 599 99
QSO: 7000 CW 2026-02-21 0422 W4HUB 599 FL VP9I 599 KW
QSO: 7000 CW 2026-02-21 0427 W4HUB 599 FL PR1T 599 KW
QSO: 7000 CW 2026-02-21 0430 W4HUB 599 FL E78A 599 500
QSO: 7000 CW 2026-02-21 0435 W4HUB 599 FL R2QA 599 KW
QSO: 7000 CW 2026-02-21 0437 W4HUB 599 FL 9A3YT 599 KW
QSO: 7000 CW 2026-02-21 0440 W4HUB 599 FL EA5RS 599 KW
QSO: 7000 CW 2026-02-21 0443 W4HUB 599 FL I2IFT 599 500
QSO: 7000 CW 2026-02-21 0445 W4HUB 599 FL LY2XW 599 KW
QSO: 7000 CW 2026-02-21 0449 W4HUB 599 FL SK3W 599 KW
QSO: 7000 CW 2026-02-21 0452 W4HUB 599 FL PJ7/4Z5LA 599 80
QSO: 7000 CW 2026-02-21 0457 W4HUB 599 FL PJ2T 599 KW
QSO: 7000 CW 2026-02-21 0501 W4HUB 599 FL EC4TA 599 100
QSO: 7000 CW 2026-02-21 0511 W4HUB 599 FL DR7X 599 KW
QSO: 14000 CW 2026-02-21 0516 W4HUB 599 FL FK8IK 599 KW
QSO: 14000 CW 2026-02-21 0521 W4HUB 599 FL 9Y4M 599 100
QSO: 14000 CW 2026-02-21 0526 W4HUB 599 FL ZM3A 599 100
QSO: 14000 CW 2026-02-21 0530 W4HUB 599 FL P49Y 599 KW
QSO: 14000 CW 2026-02-21 0538 W4HUB 599 FL JA3YBK 599 KW
QSO: 14000 CW 2026-02-21 0540 W4HUB 599 FL KH6J 599 KW
QSO: 14000 CW 2026-02-21 0543 W4HUB 599 FL OA4DKN 599 100
QSO: 14000 CW 2026-02-21 0548 W4HUB 599 FL VK2GR 599 400
QSO: 14000 CW 2026-02-21 0550 W4HUB 599 FL PY3TD 599 300
QSO: 14000 CW 2026-02-21 0552 W4HUB 599 FL ZL4TT 599 KW
QSO: 14000 CW 2026-02-21 0553 W4HUB 599 FL ZM4T 599 KW
QSO: 14000 CW 2026-02-21 0557 W4HUB 599 FL AH2R 599 KW
QSO: 14000 CW 2026-02-21 0606 W4HUB 599 FL R2QA 599 KW
QSO: 14000 CW 2026-02-21 0609 W4HUB 599 FL JF1NSD 599 KW
QSO: 14000 CW 2026-02-21 0613 W4HUB 599 FL LU8QT 599 KW
QSO: 14000 CW 2026-02-21 0614 W4HUB 599 FL JR2GRX 599 KW
QSO: 14000 CW 2026-02-21 0616 W4HUB 599 FL JQ1YUF 599 KW
QSO: 14000 CW 2026-02-21 0617 W4HUB 599 FL LZ1RW 599 KW
QSO: 7000 CW 2026-02-21 0630 W4HUB 599 FL V3O 599 KW
QSO: 7000 CW 2026-02-21 0633 W4HUB 599 FL DJ5AS 599 KW
QSO: 7000 CW 2026-02-21 0636 W4HUB 599 FL 3Z1K 599 100
QSO: 7000 CW 2026-02-21 0638 W4HUB 599 FL KP2M 599 KW
QSO: 7000 CW 2026-02-21 0640 W4HUB 599 FL OL5W 599 KW
QSO: 28000 CW 2026-02-21 1430 W4HUB 599 FL 9A1P 599 KW
QSO: 28000 CW 2026-02-21 1431 W4HUB 599 FL CR3DX 599 KW
QSO: 28000 CW 2026-02-21 1432 W4HUB 599 FL OT2A 599 KW
QSO: 28000 CW 2026-02-21 1435 W4HUB 599 FL HD8R 599 KW
QSO: 28000 CW 2026-02-21 1437 W4HUB 599 FL YU0T 599 KW
QSO: 28000 CW 2026-02-21 1438 W4HUB 599 FL EA5RS 599 KW
QSO: 28000 CW 2026-02-21 1438 W4HUB 599 FL PJ2T 599 KW
QSO: 28000 CW 2026-02-21 1441 W4HUB 599 FL LX7I 599 KW
QSO: 28000 CW 2026-02-21 1443 W4HUB 599 FL ED7W 599 KW
QSO: 28000 CW 2026-02-21 1444 W4HUB 599 FL GX7C 599 KW
QSO: 28000 CW 2026-02-21 1445 W4HUB 599 FL M5A 599 KW
QSO: 28000 CW 2026-02-21 1445 W4HUB 599 FL PJ4A 599 KW
QSO: 28000 CW 2026-02-21 1446 W4HUB 599 FL OK7W 599 KW
QSO: 28000 CW 2026-02-21 1447 W4HUB 599 FL IO4X 599 500
QSO: 28000 CW 2026-02-21 1447 W4HUB 599 FL OM7M 599 KW
QSO: 28000 CW 2026-02-21 1451 W4HUB 599 FL 8P5A 599 KW
QSO: 28000 CW 2026-02-21 1452 W4HUB 599 FL TI7W 599 KW
QSO: 28000 CW 2026-02-21 1454 W4HUB 599 FL TM2Y 599 KW
QSO: 28000 CW 2026-02-21 1455 W4HUB 599 FL DA0BCC 599 KW
QSO: 28000 CW 2026-02-21 1456 W4HUB 599 FL PJ4K 599 KW
QSO: 28000 CW 2026-02-21 1458 W4HUB 599 FL HK5NLJ/3 599 90
QSO: 28000 CW 2026-02-21 1458 W4HUB 599 FL TO4A 599 KW
QSO: 28000 CW 2026-02-21 1459 W4HUB 599 FL G4R 599 KW
QSO: 28000 CW 2026-02-21 1500 W4HUB 599 FL IS9P 599 500
QSO: 28000 CW 2026-02-21 1501 W4HUB 599 FL ED8X 599 KW
QSO: 28000 CW 2026-02-21 1502 W4HUB 599 FL EA3AR 599 KW
QSO: 28000 CW 2026-02-21 1503 W4HUB 599 FL PY3OZ 599 100
QSO: 28000 CW 2026-02-21 1504 W4HUB 599 FL 9A2CT 599 KW
QSO: 28000 CW 2026-02-21 1506 W4HUB 599 FL YT1X 599 KW
QSO: 21000 CW 2026-02-21 1510 W4HUB 599 FL CR3DX 599 KW
QSO: 21000 CW 2026-02-21 1513 W4HUB 599 FL SP2PIK 599 KW
QSO: 21000 CW 2026-02-21 1514 W4HUB 599 FL KP2B 599 NAA
QSO: 21000 CW 2026-02-21 1514 W4HUB 599 FL ED8X 599 KW
QSO: 21000 CW 2026-02-21 1516 W4HUB 599 FL OZ5W 599 KW
QSO: 21000 CW 2026-02-21 1516 W4HUB 599 FL PJ4K 599 KW
QSO: 21000 CW 2026-02-21 1517 W4HUB 599 FL CR3M 599 KW
QSO: 21000 CW 2026-02-21 1517 W4HUB 599 FL ZV1RJ 599 KW
QSO: 21000 CW 2026-02-21 1518 W4HUB 599 FL PJ2T 599 KW
QSO: 21000 CW 2026-02-21 1519 W4HUB 599 FL TM4ZZ 599 KW
QSO: 21000 CW 2026-02-21 1520 W4HUB 599 FL YT9A 599 KW
QSO: 21000 CW 2026-02-21 1521 W4HUB 599 FL 8P5A 599 KW
QSO: 21000 CW 2026-02-21 1522 W4HUB 599 FL PJ4A 599 KW
QSO: 21000 CW 2026-02-21 1523 W4HUB 599 FL TI8W 599 KW
QSO: 21000 CW 2026-02-21 1524 W4HUB 599 FL YL2GD 599 KW
QSO: 21000 CW 2026-02-21 1526 W4HUB 599 FL DD2D 599 KW
QSO: 21000 CW 2026-02-21 1529 W4HUB 599 FL HK1MW 599 KW
QSO: 21000 CW 2026-02-21 1531 W4HUB 599 FL EI7M 599 KW
QSO: 21000 CW 2026-02-21 1532 W4HUB 599 FL E74A 599 KW
QSO: 21000 CW 2026-02-21 1534 W4HUB 599 FL PZ5TW 599 100
QSO: 21000 CW 2026-02-21 1534 W4HUB 599 FL KP4NZ 599 100
QSO: 21000 CW 2026-02-21 1537 W4HUB 599 FL CR2N 599 KW
QSO: 21000 CW 2026-02-21 1538 W4HUB 599 FL EU4A 599 KW
QSO: 21000 CW 2026-02-21 1538 W4HUB 599 FL IO3F 599 500
QSO: 21000 CW 2026-02-21 1539 W4HUB 599 FL YL2KO 599 KW
QSO: 21000 CW 2026-02-21 1541 W4HUB 599 FL OM8CW 599 KW
QSO: 21000 CW 2026-02-21 1544 W4HUB 599 FL HD8R 599 KW
QSO: 21000 CW 2026-02-21 1547 W4HUB 599 FL SM0D 599 KW
QSO: 21000 CW 2026-02-21 1548 W4HUB 599 FL M4T 599 KW
QSO: 21000 CW 2026-02-21 1549 W4HUB 599 FL DH8BQA 599 KW
QSO: 21000 CW 2026-02-21 1549 W4HUB 599 FL RW1A 599 KW
QSO: 21000 CW 2026-02-21 1550 W4HUB 599 FL SP8R 599 KW
QSO: 21000 CW 2026-02-21 1551 W4HUB 599 FL SK3W 599 KW
QSO: 21000 CW 2026-02-21 1551 W4HUB 599 FL 9Y4M 599 100
QSO: 21000 CW 2026-02-21 1553 W4HUB 599 FL RN3QO 599 KW
QSO: 21000 CW 2026-02-21 1555 W4HUB 599 FL DA3M 599 100
QSO: 21000 CW 2026-02-21 1555 W4HUB 599 FL OT2A 599 KW
QSO: 21000 CW 2026-02-21 1556 W4HUB 599 FL LY4L 599 KW
QSO: 7000 CW 2026-02-22 0029 W4HUB 599 FL IO5F 599 500
QSO: 7000 CW 2026-02-22 0030 W4HUB 599 FL TM6M 599 100
QSO: 7000 CW 2026-02-22 0032 W4HUB 599 FL 9A7V 599 KW
QSO: 7000 CW 2026-02-22 0033 W4HUB 599 FL ZF5T 599 KW
QSO: 7000 CW 2026-02-22 0035 W4HUB 599 FL GM5X 599 KW
QSO: 7000 CW 2026-02-22 0044 W4HUB 599 FL IO3T 599 500
QSO: 7000 CW 2026-02-22 0046 W4HUB 599 FL IP8R 599 KW
QSO: 7000 CW 2026-02-22 0048 W4HUB 599 FL II2T 599 500
QSO: 7000 CW 2026-02-22 0051 W4HUB 599 FL OM7K 599 KW
QSO: 7000 CW 2026-02-22 0053 W4HUB 599 FL SO9I 599 KW
QSO: 7000 CW 2026-02-22 0057 W4HUB 599 FL DL8UAT 599 700
QSO: 7000 CW 2026-02-22 0102 W4HUB 599 FL S50A 599 KW
QSO: 7000 CW 2026-02-22 0104 W4HUB 599 FL S57AL 599 KW
QSO: 7000 CW 2026-02-22 0107 W4HUB 599 FL CT3KN 599 KW
QSO: 14000 CW 2026-02-22 0118 W4HUB 599 FL ZV7CE 599 KW
QSO: 14000 CW 2026-02-22 0119 W4HUB 599 FL RZ1OA 599 KW
QSO: 14000 CW 2026-02-22 0121 W4HUB 599 FL SN8A 599 KW
QSO: 14000 CW 2026-02-22 0123 W4HUB 599 FL EA8ZS 599 KW
QSO: 14000 CW 2026-02-22 0129 W4HUB 599 FL YV8AD 599 100
QSO: 14000 CW 2026-02-22 0130 W4HUB 599 FL TI8W 599 KW
QSO: 14000 CW 2026-02-22 0132 W4HUB 599 FL PY4XX 599 100
QSO: 14000 CW 2026-02-22 0134 W4HUB 599 FL W1AW/KP4 599 100
QSO: 14000 CW 2026-02-22 0136 W4HUB 599 FL PJ4K 599 KW
QSO: 14000 CW 2026-02-22 0138 W4HUB 599 FL P44W 599 100
QSO: 14000 CW 2026-02-22 0140 W4HUB 599 FL RD0A 599 KW
QSO: 14000 CW 2026-02-22 0142 W4HUB 599 FL PY6TS 599 100
QSO: 14000 CW 2026-02-22 0147 W4HUB 599 FL KP5/NP3VI 599 10
QSO: 28000 CW 2026-02-22 0152 W4HUB 599 FL JJ0VNR 599 KW
QSO: 21000 CW 2026-02-22 0212 W4HUB 599 FL CE3SPR 599 KW
QSO: 21000 CW 2026-02-22 0213 W4HUB 599 FL OG9X 599 KW
QSO: 21000 CW 2026-02-22 0215 W4HUB 599 FL PY3TD 599 300
QSO: 21000 CW 2026-02-22 0219 W4HUB 599 FL KL5DX 599 KW
QSO: 21000 CW 2026-02-22 0222 W4HUB 599 FL JR2GRX 599 KW
QSO: 21000 CW 2026-02-22 0223 W4HUB 599 FL JA3YBK 599 KW
QSO: 21000 CW 2026-02-22 0226 W4HUB 599 FL JK1OLT 599 KW
QSO: 14000 CW 2026-02-22 0245 W4HUB 599 FL 8R1TM 599 100
QSO: 14000 CW 2026-02-22 0251 W4HUB 599 FL ZV9MT 599 KW
QSO: 14000 CW 2026-02-22 0256 W4HUB 599 FL JA7FTR 599 KW
QSO: 14000 CW 2026-02-22 0302 W4HUB 599 FL JH8YOH 599 KW
QSO: 14000 CW 2026-02-22 0304 W4HUB 599 FL JE1LFX 599 KW
QSO: 7000 CW 2026-02-22 0321 W4HUB 599 FL IK1PMR 599 500
QSO: 7000 CW 2026-02-22 0321 W4HUB 599 FL ID8X 599 KW
QSO: 7000 CW 2026-02-22 0323 W4HUB 599 FL YU7XX 599 100
QSO: 7000 CW 2026-02-22 0324 W4HUB 599 FL HA8RY 599 KW
QSO: 7000 CW 2026-02-22 0335 W4HUB 599 FL SV1JG 599 500
QSO: 7000 CW 2026-02-22 0336 W4HUB 599 FL HA8TA 599 KW
QSO: 7000 CW 2026-02-22 0339 W4HUB 599 FL G4BUO 599 KW
QSO: 7000 CW 2026-02-22 0339 W4HUB 599 FL YT4W 599 KW
QSO: 7000 CW 2026-02-22 0340 W4HUB 599 FL S52AW 599 KW
QSO: 7000 CW 2026-02-22 0341 W4HUB 599 FL EF9M 599 KW
QSO: 7000 CW 2026-02-22 0343 W4HUB 599 FL OK1PI 599 KW
QSO: 7000 CW 2026-02-22 0346 W4HUB 599 FL 9A3XV 599 KW
QSO: 7000 CW 2026-02-22 0349 W4HUB 599 FL F8EFU 599 500
QSO: 7000 CW 2026-02-22 0352 W4HUB 599 FL RN3QO 599 KW
QSO: 7000 CW 2026-02-22 0356 W4HUB 599 FL TM2Y 599 KW
QSO: 7000 CW 2026-02-22 0357 W4HUB 599 FL IZ3NVR 599 100
QSO: 7000 CW 2026-02-22 0402 W4HUB 599 FL 4U1UN 599 100
QSO: 7000 CW 2026-02-22 0405 W4HUB 599 FL HA7I 599 KW
QSO: 7000 CW 2026-02-22 0405 W4HUB 599 FL E7DX 599 KW
QSO: 7000 CW 2026-02-22 0407 W4HUB 599 FL IK6PTS 599 100
QSO: 7000 CW 2026-02-22 0410 W4HUB 599 FL KH6J 599 KW
QSO: 7000 CW 2026-02-22 0429 W4HUB 599 FL YV8AD 599 100
QSO: 7000 CW 2026-02-22 0434 W4HUB 599 FL CA4OMQ 599 100
QSO: 7000 CW 2026-02-22 0435 W4HUB 599 FL 9A6C 599 100
QSO: 7000 CW 2026-02-22 0444 W4HUB 599 FL ED7W 599 KW
QSO: 7000 CW 2026-02-22 0446 W4HUB 599 FL ID1R 599 100
QSO: 7000 CW 2026-02-22 0451 W4HUB 599 FL PJ7AR 599 100
QSO: 21000 CW 2026-02-22 1341 W4HUB 599 FL HG6N 599 KW
QSO: 21000 CW 2026-02-22 1346 W4HUB 599 FL S53A 599 KW
QSO: 21000 CW 2026-02-22 1347 W4HUB 599 FL UW5Y 599 KW
QSO: 21000 CW 2026-02-22 1349 W4HUB 599 FL HB8R 599 KW
QSO: 21000 CW 2026-02-22 1350 W4HUB 599 FL OM7M 599 KW
QSO: 21000 CW 2026-02-22 1351 W4HUB 599 FL OQ5M 599 KW
QSO: 21000 CW 2026-02-22 1351 W4HUB 599 FL S50K 599 KW
QSO: 21000 CW 2026-02-22 1352 W4HUB 599 FL 9A1A 599 KW
QSO: 21000 CW 2026-02-22 1353 W4HUB 599 FL OQ0Q 599 KW
QSO: 21000 CW 2026-02-22 1354 W4HUB 599 FL NP4DX 599 KW
QSO: 21000 CW 2026-02-22 1355 W4HUB 599 FL M2L 599 KW
QSO: 21000 CW 2026-02-22 1356 W4HUB 599 FL SN4R 599 KW
QSO: 21000 CW 2026-02-22 1357 W4HUB 599 FL M7Z 599 KW
QSO: 21000 CW 2026-02-22 1357 W4HUB 599 FL DL1WA 599 KW
QSO: 21000 CW 2026-02-22 1358 W4HUB 599 FL V3T 599 99
QSO: 21000 CW 2026-02-22 1359 W4HUB 599 FL E7DX 599 KW
QSO: 21000 CW 2026-02-22 1359 W4HUB 599 FL OK7W 599 KW
QSO: 21000 CW 2026-02-22 1401 W4HUB 599 FL G5W 599 KW
QSO: 21000 CW 2026-02-22 1401 W4HUB 599 FL 9A3TR 599 KW
QSO: 21000 CW 2026-02-22 1402 W4HUB 599 FL EA1X 599 KW
QSO: 21000 CW 2026-02-22 1402 W4HUB 599 FL IO4X 599 500
QSO: 21000 CW 2026-02-22 1403 W4HUB 599 FL DL4MM 599 600
QSO: 21000 CW 2026-02-22 1404 W4HUB 599 FL I3FIY 599 500
QSO: 21000 CW 2026-02-22 1405 W4HUB 599 FL DA0BCC 599 KW
QSO: 21000 CW 2026-02-22 1406 W4HUB 599 FL OK1GK 599 KW
QSO: 21000 CW 2026-02-22 1407 W4HUB 599 FL DK8MM 599 KW
QSO: 21000 CW 2026-02-22 1407 W4HUB 599 FL DL2OBF 599 KW
QSO: 21000 CW 2026-02-22 1408 W4HUB 599 FL EU1A 599 KW
QSO: 21000 CW 2026-02-22 1409 W4HUB 599 FL S51MM 599 KW
QSO: 21000 CW 2026-02-22 1410 W4HUB 599 FL LX7I 599 KW
QSO: 21000 CW 2026-02-22 1411 W4HUB 599 FL OL0W 599 KW
QSO: 21000 CW 2026-02-22 1411 W4HUB 599 FL OM7K 599 KW
QSO: 21000 CW 2026-02-22 1412 W4HUB 599 FL LZ5R 599 KW
QSO: 21000 CW 2026-02-22 1413 W4HUB 599 FL 9A2CT 599 KW
QSO: 21000 CW 2026-02-22 1414 W4HUB 599 FL OG1F 599 KW
QSO: 21000 CW 2026-02-22 1416 W4HUB 599 FL US6EX 599 KW
QSO: 21000 CW 2026-02-22 1417 W4HUB 599 FL LZ1RW 599 KW
QSO: 21000 CW 2026-02-22 1421 W4HUB 599 FL PC0A 599 400
QSO: 21000 CW 2026-02-22 1422 W4HUB 599 FL DF7TU 599 KW
QSO: 21000 CW 2026-02-22 1425 W4HUB 599 FL DD4A 599 500
QSO: 21000 CW 2026-02-22 1444 W4HUB 599 FL RL3A 599 KW
QSO: 21000 CW 2026-02-22 1445 W4HUB 599 FL SM2M 599 KW
QSO: 21000 CW 2026-02-22 1446 W4HUB 599 FL UT5EL 599 KW
QSO: 21000 CW 2026-02-22 1447 W4HUB 599 FL DR4I 599 100
QSO: 21000 CW 2026-02-22 1448 W4HUB 599 FL TM4A 599 KW
QSO: 21000 CW 2026-02-22 1450 W4HUB 599 FL CT3KN 599 KW
QSO: 21000 CW 2026-02-22 1451 W4HUB 599 FL EA4AR 599 KW
QSO: 21000 CW 2026-02-22 1457 W4HUB 599 FL UY5LW 599 KW
QSO: 21000 CW 2026-02-22 1502 W4HUB 599 FL SG6N 599 KW
QSO: 21000 CW 2026-02-22 1503 W4HUB 599 FL TM2Y 599 KW
QSO: 21000 CW 2026-02-22 1507 W4HUB 599 FL MM0T 599 KW
QSO: 21000 CW 2026-02-22 1508 W4HUB 599 FL SO9I 599 KW
QSO: 21000 CW 2026-02-22 1509 W4HUB 599 FL OL3Z 599 KW
QSO: 21000 CW 2026-02-22 1511 W4HUB 599 FL SN3A 599 KW
QSO: 21000 CW 2026-02-22 1514 W4HUB 599 FL M0DHO 599 KW
QSO: 21000 CW 2026-02-22 1515 W4HUB 599 FL MI5I 599 100
QSO: 21000 CW 2026-02-22 1516 W4HUB 599 FL IO0A 599 500
QSO: 21000 CW 2026-02-22 1518 W4HUB 599 FL OM3CW 599 KW
QSO: 21000 CW 2026-02-22 1521 W4HUB 599 FL L8X 599 KW
QSO: 21000 CW 2026-02-22 1522 W4HUB 599 FL P44W 599 100
QSO: 21000 CW 2026-02-22 1523 W4HUB 599 FL S53R 599 KW
QSO: 21000 CW 2026-02-22 1523 W4HUB 599 FL GM5X 599 KW
QSO: 21000 CW 2026-02-22 1525 W4HUB 599 FL S54O 599 KW
QSO: 21000 CW 2026-02-22 1535 W4HUB 599 FL G4TDX 599 KW
QSO: 21000 CW 2026-02-22 1536 W4HUB 599 FL OH0R 599 KW
QSO: 21000 CW 2026-02-22 1537 W4HUB 599 FL IK2SND 599 500
QSO: 28000 CW 2026-02-22 1542 W4HUB 599 FL XE1CT 599 500
QSO: 28000 CW 2026-02-22 1543 W4HUB 599 FL YT9W 599 KW
QSO: 28000 CW 2026-02-22 1544 W4HUB 599 FL DK6WL 599 KW
QSO: 28000 CW 2026-02-22 1544 W4HUB 599 FL 9A1A 599 KW
QSO: 28000 CW 2026-02-22 1545 W4HUB 599 FL 9A5X 599 KW
QSO: 28000 CW 2026-02-22 1547 W4HUB 599 FL S58M 599 KW
QSO: 28000 CW 2026-02-22 1548 W4HUB 599 FL DR1A 599 KW
QSO: 28000 CW 2026-02-22 1549 W4HUB 599 FL PY2KNK 599 KW
QSO: 28000 CW 2026-02-22 1550 W4HUB 599 FL IK1PMR 599 500
QSO: 28000 CW 2026-02-22 1551 W4HUB 599 FL IO3F 599 500
QSO: 28000 CW 2026-02-22 1553 W4HUB 599 FL EC5K 599 KW
QSO: 28000 CW 2026-02-22 1555 W4HUB 599 FL S57AL 599 KW
QSO: 28000 CW 2026-02-22 1559 W4HUB 599 FL F6HKA 599 400
QSO: 28000 CW 2026-02-22 1601 W4HUB 599 FL HB8R 599 KW
QSO: 28000 CW 2026-02-22 1601 W4HUB 599 FL S50U 599 KW
QSO: 28000 CW 2026-02-22 1602 W4HUB 599 FL F5IN 599 KW
QSO: 28000 CW 2026-02-22 1605 W4HUB 599 FL IQ2MI 599 500
QSO: 28000 CW 2026-02-22 1606 W4HUB 599 FL IS2Q 599 500
QSO: 28000 CW 2026-02-22 1607 W4HUB 599 FL EA4TX 599 KW
QSO: 28000 CW 2026-02-22 1608 W4HUB 599 FL IZ3NVR 599 100
QSO: 28000 CW 2026-02-22 1610 W4HUB 599 FL EB1TR 599 100
QSO: 28000 CW 2026-02-22 1610 W4HUB 599 FL E7CW 599 KW
QSO: 28000 CW 2026-02-22 1613 W4HUB 599 FL IO0A 599 500
QSO: 28000 CW 2026-02-22 1617 W4HUB 599 FL II9P 599 500
QSO: 28000 CW 2026-02-22 1619 W4HUB 599 FL LT6T 599 KW
QSO: 28000 CW 2026-02-22 1620 W4HUB 599 FL IZ2FDU 599 500
QSO: 28000 CW 2026-02-22 1621 W4HUB 599 FL CR2N 599 KW
QSO: 28000 CW 2026-02-22 1622 W4HUB 599 FL ZV1RJ 599 KW
QSO: 28000 CW 2026-02-22 1625 W4HUB 599 FL HB9NE 599 KW
QSO: 28000 CW 2026-02-22 1626 W4HUB 599 FL XQ3SK 599 KW
QSO: 28000 CW 2026-02-22 1628 W4HUB 599 FL CR3W 599 KW
QSO: 28000 CW 2026-02-22 1632 W4HUB 599 FL PP5WX 599 500
QSO: 28000 CW 2026-02-22 1632 W4HUB 599 FL P44W 599 100
QSO: 28000 CW 2026-02-22 1635 W4HUB 599 FL CE3CT 599 KW
QSO: 28000 CW 2026-02-22 1636 W4HUB 599 FL CX2BR 599 KW
QSO: 28000 CW 2026-02-22 1638 W4HUB 599 FL HA8TA 599 KW
QSO: 28000 CW 2026-02-22 1639 W4HUB 599 FL YV8AD 599 100
QSO: 28000 CW 2026-02-22 1642 W4HUB 599 FL ED7O 599 KW
QSO: 28000 CW 2026-02-22 1644 W4HUB 599 FL TI8W 599 KW
QSO: 28000 CW 2026-02-22 1646 W4HUB 599 FL PJ4PA 599 KW
QSO: 28000 CW 2026-02-22 1647 W4HUB 599 FL OL3Z 599 KW
QSO: 28000 CW 2026-02-22 1650 W4HUB 599 FL DK5DQ 599 KW
QSO: 28000 CW 2026-02-22 1650 W4HUB 599 FL ED7W 599 KW
QSO: 28000 CW 2026-02-22 1653 W4HUB 599 FL PT2AW 599 100
QSO: 28000 CW 2026-02-22 1658 W4HUB 599 FL LW1D 599 KW
QSO: 28000 CW 2026-02-22 1659 W4HUB 599 FL EA1X 599 KW
QSO: 28000 CW 2026-02-22 1701 W4HUB 599 FL DL2CC 599 KW
QSO: 28000 CW 2026-02-22 1703 W4HUB 599 FL TI2OY 599 100
QSO: 28000 CW 2026-02-22 1705 W4HUB 599 FL DD2D 599 KW
QSO: 28000 CW 2026-02-22 1708 W4HUB 599 FL XR1D 599 100
QSO: 14000 CW 2026-02-22 1714 W4HUB 599 FL OZ5W 599 K
QSO: 14000 CW 2026-02-22 1716 W4HUB 599 FL OL0W 599 KW
QSO: 14000 CW 2026-02-22 1717 W4HUB 599 FL TM5C 599 FL
QSO: 14000 CW 2026-02-22 1718 W4HUB 599 FL SP5Y 599 KW
QSO: 14000 CW 2026-02-22 1719 W4HUB 599 FL HG5I 599 KW
QSO: 14000 CW 2026-02-22 1723 W4HUB 599 FL F4BPO 599 KW
QSO: 14000 CW 2026-02-22 1725 W4HUB 599 FL YT3W 599 KW
QSO: 14000 CW 2026-02-22 1726 W4HUB 599 FL OM2X 599 KW
QSO: 14000 CW 2026-02-22 1727 W4HUB 599 FL IO4M 599 500
QSO: 14000 CW 2026-02-22 1730 W4HUB 599 FL IZ2DII 599 500
QSO: 14000 CW 2026-02-22 1731 W4HUB 599 FL OM7M 599 KW
QSO: 14000 CW 2026-02-22 1732 W4HUB 599 FL DL1REM 599 KW
QSO: 14000 CW 2026-02-22 1732 W4HUB 599 FL EI7M 599 KW
QSO: 14000 CW 2026-02-22 1733 W4HUB 599 FL LX7I 599 KW
QSO: 14000 CW 2026-02-22 1734 W4HUB 599 FL 9A1P 599 KW
QSO: 14000 CW 2026-02-22 1734 W4HUB 599 FL SO9I 599 KW
QSO: 14000 CW 2026-02-22 1735 W4HUB 599 FL 9A1A 599 KW
QSO: 14000 CW 2026-02-22 1737 W4HUB 599 FL OK1FMX 599 KW
QSO: 14000 CW 2026-02-22 1739 W4HUB 599 FL OK7W 599 KW
QSO: 14000 CW 2026-02-22 1739 W4HUB 599 FL OL3Z 599 KW
QSO: 14000 CW 2026-02-22 1740 W4HUB 599 FL SP8R 599 KW
QSO: 14000 CW 2026-02-22 1742 W4HUB 599 FL YT3X 599 KW
QSO: 14000 CW 2026-02-22 1742 W4HUB 599 FL II2Q 599 500
QSO: 14000 CW 2026-02-22 1743 W4HUB 599 FL IP8R 599 KW
QSO: 14000 CW 2026-02-22 1745 W4HUB 599 FL YR8R 599 100
QSO: 14000 CW 2026-02-22 1746 W4HUB 599 FL HG6N 599 KW
QSO: 14000 CW 2026-02-22 1747 W4HUB 599 FL OT2A 599 KW
QSO: 14000 CW 2026-02-22 1747 W4HUB 599 FL OM2VL 599 KW
QSO: 14000 CW 2026-02-22 1749 W4HUB 599 FL HA3DX 599 KW
QSO: 14000 CW 2026-02-22 1750 W4HUB 599 FL HB9FAP 599 KW
QSO: 14000 CW 2026-02-22 1751 W4HUB 599 FL DD4A 599 500
QSO: 14000 CW 2026-02-22 1753 W4HUB 599 FL HG5D 599 KW
QSO: 14000 CW 2026-02-22 1756 W4HUB 599 FL G4IIY 599 KW
QSO: 14000 CW 2026-02-22 1822 W4HUB 599 FL HG5E 599 KW
QSO: 14000 CW 2026-02-22 1824 W4HUB 599 FL DJ0MDR 599 700
QSO: 14000 CW 2026-02-22 1827 W4HUB 599 FL DR1A 599 KW
QSO: 14000 CW 2026-02-22 1829 W4HUB 599 FL 9A5M 599 KW
QSO: 14000 CW 2026-02-22 1830 W4HUB 599 FL YT7BA 599 KW
QSO: 14000 CW 2026-02-22 1838 W4HUB 599 FL YU5R 599 KW
QSO: 14000 CW 2026-02-22 1839 W4HUB 599 FL G4IRN 599 KW
QSO: 14000 CW 2026-02-22 1841 W4HUB 599 FL S57AL 599 KW
QSO: 14000 CW 2026-02-22 1843 W4HUB 599 FL GM5X 599 KW
QSO: 14000 CW 2026-02-22 1845 W4HUB 599 FL OK5Z 599 KW
QSO: 14000 CW 2026-02-22 1848 W4HUB 599 FL DR4S 599 100
QSO: 14000 CW 2026-02-22 1848 W4HUB 599 FL SN7O 599 100
QSO: 14000 CW 2026-02-22 1849 W4HUB 599 FL DL1NEO 599 KW
QSO: 14000 CW 2026-02-22 1850 W4HUB 599 FL S54EE 599 KW
QSO: 14000 CW 2026-02-22 1859 W4HUB 599 FL DM4X 599 KW
QSO: 14000 CW 2026-02-22 1859 W4HUB 599 FL YT0W 599 KW
QSO: 14000 CW 2026-02-22 1901 W4HUB 599 FL OK5TA 599 KW
QSO: 14000 CW 2026-02-22 1904 W4HUB 599 FL 9A4A 599 100
QSO: 14000 CW 2026-02-22 1906 W4HUB 599 FL DL5JQ 599 400
QSO: 14000 CW 2026-02-22 1912 W4HUB 599 FL TM2Y 599 KW
QSO: 14000 CW 2026-02-22 1914 W4HUB 599 FL DL3DXX 599 KW
QSO: 14000 CW 2026-02-22 1915 W4HUB 599 FL DA0BCC 599 KW
QSO: 14000 CW 2026-02-22 1921 W4HUB 599 FL IK5IRF 599 500
QSO: 14000 CW 2026-02-22 1924 W4HUB 599 FL IS2Q 599 500
QSO: 14000 CW 2026-02-22 1925 W4HUB 599 FL EA1X 599 KW
QSO: 14000 CW 2026-02-22 1926 W4HUB 599 FL S52NR 599 100
QSO: 21000 CW 2026-02-22 2006 W4HUB 599 FL 9A1P 599 KW
QSO: 21000 CW 2026-02-22 2009 W4HUB 599 FL ZF1A 599 KW
QSO: 21000 CW 2026-02-22 2011 W4HUB 599 FL ED3O 599 KW
QSO: 21000 CW 2026-02-22 2012 W4HUB 599 FL EA8KR 599 KW
QSO: 21000 CW 2026-02-22 2013 W4HUB 599 FL PJ4PA 599 KW
QSO: 21000 CW 2026-02-22 2017 W4HUB 599 FL EA5RS 599 KW
QSO: 21000 CW 2026-02-22 2021 W4HUB 599 FL EA3AR 599 KW
QSO: 21000 CW 2026-02-22 2023 W4HUB 599 FL KP2M 599 KW
QSO: 21000 CW 2026-02-22 2026 W4HUB 599 FL PW2T 599 KW
QSO: 21000 CW 2026-02-22 2027 W4HUB 599 FL CR3W 599 KW
QSO: 21000 CW 2026-02-22 2028 W4HUB 599 FL ED8M 599 KW
QSO: 21000 CW 2026-02-22 2030 W4HUB 599 FL EA5YU 599 500
QSO: 21000 CW 2026-02-22 2032 W4HUB 599 FL IB9R 599 500
QSO: 21000 CW 2026-02-22 2033 W4HUB 599 FL TM6M 599 100
QSO: 21000 CW 2026-02-22 2036 W4HUB 599 FL HI6M 599 50
QSO: 21000 CW 2026-02-22 2038 W4HUB 599 FL ZV2GO 599 100
QSO: 28000 CW 2026-02-22 2048 W4HUB 599 FL LU5EA 599 KW
QSO: 28000 CW 2026-02-22 2050 W4HUB 599 FL WP4WW 599 100
QSO: 28000 CW 2026-02-22 2051 W4HUB 599 FL LU7HF 599 100
QSO: 28000 CW 2026-02-22 2052 W4HUB 599 FL LU8QT 599 KW
QSO: 28000 CW 2026-02-22 2056 W4HUB 599 FL PW2T 599 KW
QSO: 28000 CW 2026-02-22 2058 W4HUB 599 FL PY2ZEA 599 KW
QSO: 28000 CW 2026-02-22 2102 W4HUB 599 FL V47Y 599 100
QSO: 28000 CW 2026-02-22 2108 W4HUB 599 FL PY5WR 599 KW
QSO: 28000 CW 2026-02-22 2114 W4HUB 599 FL KH6J 599 KW
QSO: 28000 CW 2026-02-22 2118 W4HUB 599 FL PY5AMF 599 KW
QSO: 28000 CW 2026-02-22 2119 W4HUB 599 FL L33M 599 300
QSO: 28000 CW 2026-02-22 2132 W4HUB 599 FL J3HX 599 100
QSO: 28000 CW 2026-02-22 2133 W4HUB 599 FL PY4LH 599 100
QSO: 28000 CW 2026-02-22 2137 W4HUB 599 FL TI5/VA3RA 599 100
QSO: 7000 CW 2026-02-22 2141 W4HUB 599 FL S52NR 599 100
QSO: 7000 CW 2026-02-22 2148 W4HUB 599 FL GX7C 599 KW
QSO: 7000 CW 2026-02-22 2159 W4HUB 599 FL S53A 599 KW
QSO: 7000 CW 2026-02-22 2202 W4HUB 599 FL EA5O 599 100
QSO: 7000 CW 2026-02-22 2204 W4HUB 599 FL DL6WT 599 KW
QSO: 7000 CW 2026-02-22 2207 W4HUB 599 FL SN7Q 599 KW
QSO: 7000 CW 2026-02-22 2216 W4HUB 599 FL EU1A 599 KW
QSO: 7000 CW 2026-02-22 2217 W4HUB 599 FL HG5C 599 KW
QSO: 7000 CW 2026-02-22 2222 W4HUB 599 FL OL5Y 599 100
QSO: 7000 CW 2026-02-22 2235 W4HUB 599 FL S53R 599 KW
QSO: 7000 CW 2026-02-22 2241 W4HUB 599 FL S53M 599 KW
QSO: 7000 CW 2026-02-22 2248 W4HUB 599 FL SP4Z 599 KW
QSO: 7000 CW 2026-02-22 2256 W4HUB 599 FL OM3KFF 599 KW
QSO: 7000 CW 2026-02-22 2257 W4HUB 599 FL G6P 599 KW
QSO: 7000 CW 2026-02-22 2303 W4HUB 599 FL S53K 599 100
QSO: 7000 CW 2026-02-22 2305 W4HUB 599 FL ES4HQ 599 200
QSO: 7000 CW 2026-02-22 2306 W4HUB 599 FL S52A 599 800
QSO: 7000 CW 2026-02-22 2307 W4HUB 599 FL EA3AR 599 KW
QSO: 7000 CW 2026-02-22 2313 W4HUB 599 FL UA6LCN 599 KW
QSO: 7000 CW 2026-02-22 2315 W4HUB 599 FL E7M 599 KW
QSO: 7000 CW 2026-02-22 2318 W4HUB 599 FL S50R 599 KW
QSO: 7000 CW 2026-02-22 2325 W4HUB 599 FL EA7BZ 599 100
QSO: 7000 CW 2026-02-22 2332 W4HUB 599 FL F6IRA 599 KW
QSO: 7000 CW 2026-02-22 2341 W4HUB 599 FL GX7P 599 KW
QSO: 7000 CW 2026-02-22 2343 W4HUB 599 FL YT4T 599 KW
QSO: 7000 CW 2026-02-22 2345 W4HUB 599 FL LZ5Y 599 300
QSO: 7000 CW 2026-02-22 2347 W4HUB 599 FL YP0K 599 KW
QSO: 7000 CW 2026-02-22 2353 W4HUB 599 FL IK6PTH 599 100
QSO: 7000 CW 2026-02-22 2356 W4HUB 599 FL HA7RY 599 FL
X-QSO:    14000 CW 2026-02-23 1608 W4HUB         599 FL     9A7V          599 KW
END-OF-LOG: