START-OF-LOG: 3.0
CREATED-BY: reconstructed-log-builder
CONTEST: ARRL-DX-CW
CALLSIGN: PC5C
LOCATION: 
CATEGORY: CHECKLOG
CATEGORY-OPERATOR: SINGLE-OP
CATEGORY-BAND: ALL
CATEGORY-MODE: MIXED
CATEGORY-POWER: UNKNOWN
CATEGORY-ASSISTED: NON-ASSISTED
CATEGORY-TRANSMITTER: ONE
CATEGORY-STATION: UNKNOWN
CATEGORY-OVERLAY: 
OPERATORS: PC5C
CLAIMED-SCORE: 
CLUB: 
NAME: 
SOAPBOX: RECONSTRUCTED MOCKUP LOG - NOT AN OFFICIAL SUBMISSION.
SOAPBOX: Derived from submitted logs for ARRL-DX-CW ARRL/arrl_international_dx_cw_contest/2018.
QSO: 14035 CW 2018-02-18 1651 PC5C          599 100 W5MX          599 KY
QSO: 14034 CW 2018-02-18 1654 PC5C          599 100 NA8V          599 MI
QSO: 14000 CW 2018-02-18 1656 PC5C          599 100 K8GL          599 MI
QSO: 14027 CW 2018-02-18 1658 PC5C          599 100 VE3NNT        599 ON
QSO: 14028 CW 2018-02-18 1658 PC5C          599 ATT N2SR          599 NJ
QSO: 14023 CW 2018-02-18 1659 PC5C          599 100 W3LPL         599 MD
QSO: 14020 CW 2018-02-18 1700 PC5C          599 100 KM7W          599 ME
QSO: 14018 CW 2018-02-18 1701 PC5C          599 100 XL3A          599 ON
QSO: 14008 CW 2018-02-18 1707 PC5C          599 100 N5DX          599 NY
QSO: 14009 CW 2018-02-18 1707 PC5C          599 100 K1TTT         599 MA
QSO: 14018 CW 2018-02-18 1711 PC5C          599 100 K8AZ          599 OH
QSO: 14028 CW 2018-02-18 1753 PC5C          599 100 AD4ES         599 FL
QSO: 14010 CW 2018-02-18 1756 PC5C          599 100 K1LZ          599 MA
END-OF-LOG:
