START-OF-LOG: 3.0
CREATED-BY: reconstructed-log-builder
CONTEST: ARRL-DX-CW
CALLSIGN: W4TTY
LOCATION: 
CATEGORY: CHECKLOG
CATEGORY-OPERATOR: SINGLE-OP
CATEGORY-BAND: ALL
CATEGORY-MODE: MIXED
CATEGORY-POWER: UNKNOWN
CATEGORY-ASSISTED: NON-ASSISTED
CATEGORY-TRANSMITTER: ONE
CATEGORY-STATION: UNKNOWN
CATEGORY-OVERLAY: 
OPERATORS: W4TTY
CLAIMED-SCORE: 
CLUB: 
NAME: 
SOAPBOX: RECONSTRUCTED MOCKUP LOG - NOT AN OFFICIAL SUBMISSION.
SOAPBOX: Derived from submitted logs for ARRL-DX-CW ARRL/arrl_international_dx_cw_contest/2018.
QSO:  3508 CW 2018-02-17 1043 W4TTY         599 VA JH4UYB        599 KW
QSO:  3516 CW 2018-02-17 1047 W4TTY         599 VA FM5BH         599 K
QSO:  3522 CW 2018-02-17 1052 W4TTY         599 VA JA3YBK        599 1000
QSO:  3528 CW 2018-02-17 1053 W4TTY         599 VA P40E          599 K
QSO:  3530 CW 2018-02-17 1054 W4TTY         599 VA TI7W          599 K
QSO:  3539 CW 2018-02-17 1057 W4TTY         599 VA V3T           599 99
QSO:  3529 CW 2018-02-17 1058 W4TTY         599 VA T48K          599 KW
QSO:  3547 CW 2018-02-17 1058 W4TTY         599 VA KH6/WB4JTT    599 600
QSO:  3529 CW 2018-02-17 1101 W4TTY         599 VA KH7B          599 KW
QSO:  3520 CW 2018-02-17 1103 W4TTY         599 VA 6Y2T          599 K
QSO:  1831 CW 2018-02-17 1110 W4TTY         599 VA V3T           599 99
QSO:  1830 CW 2018-02-17 1114 W4TTY         599 VA KH6J          599 KW
QSO:  3500 CW 2018-02-17 1120 W4TTY         599 VA XE7S          599 100
QSO:  3536 CW 2018-02-17 1120 W4TTY         599 VA KH6LC         599 KW
QSO:  3507 CW 2018-02-17 1123 W4TTY         599 VA ZF9CW         599 100
QSO:  1825 CW 2018-02-17 1130 W4TTY         599 VA ZF9CW         599 100
QSO:  1827 CW 2018-02-17 1131 W4TTY         599 VA TI7W          599 K
QSO:  1800 CW 2018-02-17 1132 W4TTY         599 VA 6Y2T          599 K
QSO: 14020 CW 2018-02-17 1731 W4TTY         599 VA S58M          599 KW
QSO: 14021 CW 2018-02-17 1732 W4TTY         599 VA IR4M          599 500
QSO: 14024 CW 2018-02-17 1734 W4TTY         599 VA HA7GN         599 KW
QSO: 14026 CW 2018-02-17 1735 W4TTY         599 VA HG1S          599 KW
QSO: 21026 CW 2018-02-17 1738 W4TTY         599 VA PJ2T          599 K
QSO: 21029 CW 2018-02-17 1740 W4TTY         599 VA 6Y2T          599 K
QSO: 21030 CW 2018-02-17 1742 W4TTY         599 VA VP5K          599 500
QSO: 21034 CW 2018-02-17 1747 W4TTY         599 VA P49Y          599 K
QSO: 21038 CW 2018-02-17 1754 W4TTY         599 VA PZ5RA         599 KW
QSO: 21040 CW 2018-02-17 1810 W4TTY         599 VA P40W          599 100
QSO: 21044 CW 2018-02-17 1812 W4TTY         599 VA NP4Z          599 K
QSO: 14024 CW 2018-02-17 2008 W4TTY         599 VA VP5K          599 500
QSO:  7025 CW 2018-02-17 2013 W4TTY         599 VA US2IR         599 KW
QSO:  7029 CW 2018-02-17 2016 W4TTY         599 VA F4DXW         599 KW
QSO:  7030 CW 2018-02-17 2017 W4TTY         599 VA OK3RM         599 K
QSO:  1800 CW 2018-02-18 1125 W4TTY         599 VA C6ARU         599 99
QSO:  1834 CW 2018-02-18 1127 W4TTY         599 VA VP9/W6PH      599 100
QSO:  3513 CW 2018-02-18 1130 W4TTY         599 VA VP5K          599 500
QSO:  3532 CW 2018-02-18 1131 W4TTY         599 VA PJ2T          599 K
QSO:  3534 CW 2018-02-18 1132 W4TTY         599 VA KP2M          599 K
QSO:  3500 CW 2018-02-18 1135 W4TTY         599 VA CO2JD         599 100
QSO:  3520 CW 2018-02-18 1135 W4TTY         599 VA XE2X          599 K
END-OF-LOG:
