START-OF-LOG: 3.0
CREATED-BY: vhfmanager-downloader
CONTEST: ZRS junijsko UKV tekmovanje - Official results - VHFManager
CALLSIGN: DG6ISR
CATEGORY: 5,7 GHz - checklog
CATEGORY-OPERATOR: SINGLE-OP
CATEGORY-ASSISTED: NON-ASSISTED
CATEGORY-TRANSMITTER: ONE
CATEGORY-STATION: FIXED
QSO: 5700000 PH 2013-06-01 1424 DG6ISR        55  1 JO61PK   DK0GHC        55  1 JO61FR  
QSO: 5700000 PH 2013-06-01 1510 DG6ISR        59  2 JO61PK   DF0YY         59  1 JO62GD  
QSO: 5700000 PH 2013-06-01 1523 DG6ISR        59  3 JO61PK   DB6NT         59  3 JO50VJ  
QSO: 5700000 PH 2013-06-01 1526 DG6ISR        59  4 JO61PK   DJ2NR         59  2 JO50TI  
QSO: 5700000 PH 2013-06-01 1603 DG6ISR        59  5 JO61PK   OK2M          59  2 JN69UN  
QSO: 5700000 PH 2013-06-01 1652 DG6ISR        55  6 JO61PK   DG5ACX/P      55  3 JO52IJ  
QSO: 5700000 PH 2013-06-01 1844 DG6ISR        59  7 JO61PK   OK1AIY/P      59  10 JO60LJ 
QSO: 5700000 PH 2013-06-01 1949 DG6ISR        59  8 JO61PK   OK1ES         59  15 JO60RN 
QSO: 5700000 PH 2013-06-01 2059 DG6ISR        55  9 JO61PK   DL1SUN        51  6 JO53PN  
QSO: 5700000 PH 2013-06-02 0433 DG6ISR        55  10 JO61PK  OK5Z          55  16 JN89AK 
QSO: 5700000 PH 2013-06-02 1030 DG6ISR        55  11 JO61PK  OE5VRL/5      51  8 JN78DK  
QSO: 5700000 PH 2013-06-02 1038 DG6ISR        59  12 JO61PK  DL9GK         59  2 JO50TI  
END-OF-LOG:
