START-OF-LOG: 3.0
CREATED-BY: ua9qcq-yuri-gagarin-dx-ubn-downloader
CONTEST: YURI-GAGARIN-DX
CALLSIGN: UY7LM
CATEGORY-OPERATOR: SINGLE-OP
CATEGORY-BAND: 20M
CATEGORY-MODE: MIXED
CATEGORY-ASSISTED: 
CATEGORY-TRANSMITTER: ONE
CATEGORY-STATION: 
CATEGORY-POWER: LOW
OPERATORS: UY7LM
QSO: 14000 CW 2020-04-12 0624 UY7LM         599 29     RC9A          599 30    
QSO: 14000 CW 2020-04-12 0626 UY7LM         599 29     RW0A          599 31    
QSO: 14000 CW 2020-04-12 0627 UY7LM         599 29     RX9CM         599 30    
QSO: 14000 CW 2020-04-12 0627 UY7LM         599 29     4O4T          599 28    
QSO: 14000 CW 2020-04-12 0628 UY7LM         599 29     RZ9L          599 30    
QSO: 14000 CW 2020-04-12 0628 UY7LM         599 29     R9YC          599 31    
QSO: 14000 CW 2020-04-12 0629 UY7LM         599 29     Z35F          599 28    
QSO: 14000 CW 2020-04-12 0631 UY7LM         599 29     S57DX         599 28    
QSO: 14000 CW 2020-04-12 0640 UY7LM         599 29     UA9LAO        599 30    
QSO: 14000 CW 2020-04-12 0640 UY7LM         599 29     R8OM          599 31    
QSO: 14000 CW 2020-04-12 0643 UY7LM         599 29     UN9GD         599 31    
QSO: 14000 CW 2020-04-12 0657 UY7LM         599 29     RU8T          599 30    
QSO: 14000 CW 2020-04-12 0700 UY7LM         599 29     UN9L          599 30    
QSO: 14000 CW 2020-04-12 0702 UY7LM         599 29     UP4L          599 30    
QSO: 14000 CW 2020-04-12 0705 UY7LM         599 29     RT4W          599 30    
QSO: 14000 CW 2020-04-12 0707 UY7LM         599 29     RX9CC         599 20    
QSO: 14000 CW 2020-04-12 0708 UY7LM         599 29     LZ5R          599 28    
QSO: 14000 CW 2020-04-12 0708 UY7LM         599 29     RQ9O          599 31    
QSO: 14000 CW 2020-04-12 0711 UY7LM         599 29     4X6FR         599 39    
QSO: 14000 CW 2020-04-12 0711 UY7LM         599 29     F5NBX         599 27    
QSO: 14000 CW 2020-04-12 0712 UY7LM         599 29     RK9CYA        599 30    
QSO: 14000 CW 2020-04-12 0714 UY7LM         599 29     RA4Y          599 29    
QSO: 14000 CW 2020-04-12 0715 UY7LM         599 29     R9MM          599 30    
QSO: 14000 CW 2020-04-12 0717 UY7LM         599 29     F5IN          599 27    
QSO: 14000 CW 2020-04-12 0719 UY7LM         599 29     R8CT          599 30    
QSO: 14000 CW 2020-04-12 0722 UY7LM         599 29     IK0YUT        599 28    
QSO: 14000 CW 2020-04-12 0723 UY7LM         599 29     PA3AAV        599 27    
QSO: 14000 CW 2020-04-12 0736 UY7LM         599 29     LZ1QN         599 28    
QSO: 14000 CW 2020-04-12 0847 UY7LM         599 29     UA9XF         599 20    
QSO: 14000 CW 2020-04-12 0848 UY7LM         599 29     RN0A          599 32    
QSO: 14000 CW 2020-04-12 0849 UY7LM         599 29     IK2SND        599 28    
QSO: 14000 CW 2020-04-12 0946 UY7LM         599 29     EA1WH         599 37    
QSO: 14000 CW 2020-04-12 0948 UY7LM         599 29     R8XF          599 20    
QSO: 14000 CW 2020-04-12 0949 UY7LM         599 29     E75F          599 37    
QSO: 14000 CW 2020-04-12 1008 UY7LM         599 29     UA9BA         599 30    
QSO: 14000 CW 2020-04-12 1009 UY7LM         599 29     UN7ZO         599 30    
QSO: 14000 CW 2020-04-12 1020 UY7LM         599 29     UA9CTT        599 30    
QSO: 14000 CW 2020-04-12 1027 UY7LM         599 29     YO2LEA        599 28    
QSO: 14000 CW 2020-04-12 1029 UY7LM         599 29     YU3A          599 28    
QSO: 14000 CW 2020-04-12 1045 UY7LM         599 29     YU1YV         599 28    
QSO: 14000 CW 2020-04-12 1046 UY7LM         599 29     LA8HGA        599 18    
QSO: 14000 CW 2020-04-12 1048 UY7LM         599 29     TA2SE         599 39    
QSO: 14000 CW 2020-04-12 1056 UY7LM         599 29     RL9I          599 21    
QSO: 14000 CW 2020-04-12 1106 UY7LM         599 29     RT9S          599 30    
QSO: 14000 CW 2020-04-12 1109 UY7LM         599 29     UN8PT         599 30    
QSO: 14000 CW 2020-04-12 1257 UY7LM         599 29     EA3FZT        599 37    
QSO: 14000 CW 2020-04-12 1258 UY7LM         599 29     DL6KVA        599 28    
QSO: 14000 CW 2020-04-12 1300 UY7LM         599 29     MM3AWD        599 27    
QSO: 14000 CW 2020-04-12 1301 UY7LM         599 29     IZ3SQW        599 28    
QSO: 14000 CW 2020-04-12 1302 UY7LM         599 29     AA3B          599 08    
QSO: 14000 CW 2020-04-12 1304 UY7LM         599 29     PA75ASN       599 27    
QSO: 14000 CW 2020-04-12 1306 UY7LM         599 29     RA2F          599 29    
QSO: 14000 CW 2020-04-12 1307 UY7LM         599 29     N3QE          599 08    
QSO: 14000 CW 2020-04-12 1308 UY7LM         599 29     DL1VDL        599 28    
QSO: 14000 CW 2020-04-12 1309 UY7LM         599 29     SP1C          599 28    
QSO: 14000 CW 2020-04-12 1310 UY7LM         599 29     SK0QO         599 18    
QSO: 14000 CW 2020-04-12 1310 UY7LM         599 29     SM5CSS        599 18    
QSO: 14000 CW 2020-04-12 1314 UY7LM         599 29     SM5IMO        599 18    
QSO: 14000 CW 2020-04-12 1315 UY7LM         599 29     PA2A          599 27    
QSO: 14000 CW 2020-04-12 1317 UY7LM         599 29     VA1MM         599 09    
QSO: 14000 CW 2020-04-12 1317 UY7LM         599 29     LZ4AE         599 28    
QSO: 14000 CW 2020-04-12 1318 UY7LM         599 29     N4AF          599 08    
QSO: 14000 CW 2020-04-12 1322 UY7LM         599 29     PA3DBS        599 27    
QSO: 14000 CW 2020-04-12 1326 UY7LM         599 29     VE3NNT        599 04    
QSO: 14000 CW 2020-04-12 1335 UY7LM         599 29     XM3T          599 04    
QSO: 14000 CW 2020-04-12 1340 UY7LM         599 29     KR2AA         599 08    
QSO: 14000 CW 2020-04-12 1340 UY7LM         599 29     K3MD          599 08    
QSO: 14000 CW 2020-04-12 1345 UY7LM         599 29     K2NV          599 08    
QSO: 14000 CW 2020-04-12 1348 UY7LM         599 29     WA1T          599 08    
QSO: 14000 CW 2020-04-12 1350 UY7LM         599 29     SN7O          599 28    
QSO: 14000 CW 2020-04-12 1350 UY7LM         599 29     P3X           599 39    
QSO: 14000 CW 2020-04-12 1351 UY7LM         599 29     LC8P          599 18    
QSO: 14000 CW 2020-04-12 1351 UY7LM         599 29     DJ6OZ         599 28    
QSO: 14000 CW 2020-04-12 1359 UY7LM         599 29     K4NMR         599 08    
QSO: 14000 CW 2020-04-12 1401 UY7LM         599 29     TM0SOC        599 27    
QSO: 14000 CW 2020-04-12 1404 UY7LM         599 29     W9RE          599 08    
QSO: 14000 CW 2020-04-12 1410 UY7LM         599 29     OK1DOR        599 28    
QSO: 14000 CW 2020-04-12 1413 UY7LM         599 29     KF3B          599 08    
QSO: 14000 CW 2020-04-12 1414 UY7LM         599 29     HG4I          599 28    
QSO: 14000 CW 2020-04-12 1415 UY7LM         599 29     N4BP          599 08    
QSO: 14000 CW 2020-04-12 1417 UY7LM         599 29     4Z5LY         599 39    
QSO: 14000 CW 2020-04-12 1418 UY7LM         599 29     G4IIY         599 27    
QSO: 14000 CW 2020-04-12 1419 UY7LM         599 29     SN4N          599 28    
QSO: 14000 CW 2020-04-12 1419 UY7LM         599 29     G3TXF         599 27    
QSO: 14000 CW 2020-04-12 1421 UY7LM         599 29     T6AA          599 40    
QSO: 14000 CW 2020-04-12 1422 UY7LM         599 29     OY1CT         599 18    
QSO: 14000 CW 2020-04-12 1423 UY7LM         599 29     M8A           599 27    
QSO: 14000 CW 2020-04-12 1425 UY7LM         599 29     M0BJL         599 27    
QSO: 14000 CW 2020-04-12 1427 UY7LM         599 29     S52W          599 28    
QSO: 14000 CW 2020-04-12 1427 UY7LM         599 29     G4DBW         599 27    
QSO: 14000 CW 2020-04-12 1428 UY7LM         599 29     DL2RUG        599 28    
QSO: 14000 CW 2020-04-12 1433 UY7LM         599 29     WA1Z          599 08    
QSO: 14000 CW 2020-04-12 1515 UY7LM         599 29     TA3ST         599 39    
QSO: 14000 CW 2020-04-12 1522 UY7LM         599 29     K1ZZ          599 08    
QSO: 14000 CW 2020-04-12 1522 UY7LM         599 29     4L8A          599 29    
QSO: 14000 CW 2020-04-12 1525 UY7LM         599 29     EA7URI        599 37    
QSO: 14000 CW 2020-04-12 1526 UY7LM         599 29     ON4CT         599 27    
QSO: 14000 CW 2020-04-12 1533 UY7LM         599 29     K3ZO          599 08    
QSO: 14000 CW 2020-04-12 1541 UY7LM         599 29     VA3AR         599 04    
QSO: 14000 CW 2020-04-12 1546 UY7LM         599 29     AB3CX         599 08    
QSO: 14000 CW 2020-04-12 1551 UY7LM         599 29     K1XM          599 08    
QSO: 14000 CW 2020-04-12 1559 UY7LM         599 29     N8RV          599 08    
QSO: 14000 CW 2020-04-12 1613 UY7LM         599 29     N4CW          599 08    
END-OF-LOG:
