START-OF-LOG: 3.0
CREATED-BY: reconstructed-log-builder
CONTEST: CQ-WPX-CW
CALLSIGN: OK1YR
LOCATION: 
CATEGORY: CHECKLOG
CATEGORY-OPERATOR: SINGLE-OP
CATEGORY-BAND: ALL
CATEGORY-MODE: MIXED
CATEGORY-POWER: UNKNOWN
CATEGORY-ASSISTED: NON-ASSISTED
CATEGORY-TRANSMITTER: ONE
CATEGORY-STATION: UNKNOWN
CATEGORY-OVERLAY: 
OPERATORS: OK1YR
CLAIMED-SCORE: 
CLUB: 
NAME: 
SOAPBOX: RECONSTRUCTED MOCKUP LOG - NOT AN OFFICIAL SUBMISSION.
SOAPBOX: Derived from submitted logs for CQ-WPX-CW CQWPX/cw/2020.
QSO:  7004 CW 2020-05-30 0202 OK1YR         599 0001 K1ZZ          599 0309
QSO:  7012 CW 2020-05-30 0207 OK1YR         599 0002 VE3JM         599 0275
QSO:  7002 CW 2020-05-30 0214 OK1YR         599 003 AC1U          599 0234
QSO:  7002 CW 2020-05-30 0216 OK1YR         599 003 KX0C          599 0163
QSO:  7022 CW 2020-05-30 0223 OK1YR         599 0004 KD4D          599 0268
QSO:  7034 CW 2020-05-30 0225 OK1YR         599 0005 KE1J          599 0248
QSO:  7039 CW 2020-05-30 0228 OK1YR         599 0006 K1KI          599 0294
QSO:  7028 CW 2020-05-30 0242 OK1YR         599 0008 NQ2F          599 0286
QSO:  7021 CW 2020-05-30 0245 OK1YR         599 9 CJ3A          599 383
QSO:  7048 CW 2020-05-30 0250 OK1YR         599 0010 KF3P          599 0150
QSO:  7052 CW 2020-05-30 0253 OK1YR         599 11 AK1W          599 448
QSO:  7005 CW 2020-05-30 0259 OK1YR         599 0012 VC3N          599 0284
QSO:  7013 CW 2020-05-30 0310 OK1YR         599 0013 N1LN          599 0421
QSO:  7029 CW 2020-05-30 0315 OK1YR         599 0014 K3RA          599 0357
QSO:  7036 CW 2020-05-30 0321 OK1YR         599 0015 IO6A          599 0285
QSO:  7046 CW 2020-05-30 0327 OK1YR         599 0016 IR1G          599 0489
QSO:  7000 CW 2020-05-30 0330 OK1YR         599 017 KC1XX         599 0570
QSO:  7042 CW 2020-05-30 0337 OK1YR         599 0018 EI20C         599 0533
QSO:  7049 CW 2020-05-30 0340 OK1YR         599 0019 SX1T          599 0128
QSO:  7019 CW 2020-05-30 1539 OK1YR         599 020 IU1LCU        599 386
QSO:  7036 CW 2020-05-30 1541 OK1YR         599 0021 YU7KW         599 0609
QSO:  7043 CW 2020-05-30 1542 OK1YR         599 022 LZ9W          599 0882
QSO:  7033 CW 2020-05-30 1544 OK1YR         599 0023 YT6W          599 1403
QSO:  7033 CW 2020-05-30 1546 OK1YR         599 024 II3R          599 822
QSO:  7025 CW 2020-05-30 1547 OK1YR         599 0025 SC0N          599 1041
QSO:  7023 CW 2020-05-30 1552 OK1YR         599 0026 HB9TOC        599 0722
QSO:  7020 CW 2020-05-30 1553 OK1YR         599 0027 DJ5MO         599 0599
QSO:  7019 CW 2020-05-30 1556 OK1YR         599 0028 SC7DX         599 0796
QSO:  7012 CW 2020-05-30 1557 OK1YR         599 0029 SN3A          599 1089
QSO:  7023 CW 2020-05-31 0324 OK1YR         599 0031 K0ZR          599 0999
QSO:  7024 CW 2020-05-31 0332 OK1YR         599 0032 N5DX          599 2826
QSO:  7031 CW 2020-05-31 0334 OK1YR         599 0033 AA3B          599 2960
QSO:  7033 CW 2020-05-31 0337 OK1YR         599 0034 N4WW          599 1189
QSO:  7000 CW 2020-05-31 0343 OK1YR         599 35 KA2MGE        599 568
QSO:  7020 CW 2020-05-31 0351 OK1YR         599 036 HG3R          599 2293
QSO:  7004 CW 2020-05-31 0354 OK1YR         599 37 AK1W          599 2805
QSO:  7027 CW 2020-05-31 1118 OK1YR         599 040 DQ5M          599 1622
QSO:  7029 CW 2020-05-31 1119 OK1YR         599 0041 OH0V          599 2563
QSO:  7000 CW 2020-05-31 1121 OK1YR         599 042 SP9FMP        599 0405
QSO:  7024 CW 2020-05-31 1123 OK1YR         599 0043 DK2DQ         599 0579
QSO:  7018 CW 2020-05-31 1126 OK1YR         599 044 OE9WGI        599 628
QSO:  7027 CW 2020-05-31 1231 OK1YR         599 045 UR5WCQ        599 657
QSO:  7000 CW 2020-05-31 1232 OK1YR         599 0046 OE3WMA        599 0483
QSO:  7022 CW 2020-05-31 1234 OK1YR         599 047 OM0WR         599 1158
QSO:  7023 CW 2020-05-31 1240 OK1YR         599 0048 IK2WAD        599 0879
QSO:  7014 CW 2020-05-31 1245 OK1YR         599 049 E77EA         599 821
QSO:  7012 CW 2020-05-31 1249 OK1YR         599 0050 HG6O          599 1073
QSO:  7036 CW 2020-05-31 1413 OK1YR         599 051 LZ9W          599 1902
END-OF-LOG:
