START-OF-LOG: 3.0
CREATED-BY: vhfmanager-downloader
CONTEST: ZRS septembrsko UKV tekmovanje - Official results - VHFManager
CALLSIGN: UY7LO
CATEGORY: 145 MHz - checklog
CATEGORY-OPERATOR: SINGLE-OP
CATEGORY-ASSISTED: NON-ASSISTED
CATEGORY-TRANSMITTER: ONE
CATEGORY-STATION: FIXED
QSO: 144100 CW 2014-09-06 1404 UY7LO         599 1 KO80CB   US2E          599 3 KN78HM  
QSO: 144300 PH 2014-09-06 1407 UY7LO         59  2 KO80CB   UT3LL         59  3 KO80AC  
QSO: 144300 PH 2014-09-06 1407 UY7LO         59  3 KO80CB   UR4LG         59  2 KN89EW  
QSO: 144300 PH 2014-09-06 1410 UY7LO         59  4 KO80CB   UR6EC         59  4 KN78XM  
QSO: 144300 PH 2014-09-06 1412 UY7LO         59  5 KO80CB   UT4LA         59  5 KN89CW  
QSO: 144300 PH 2014-09-06 1414 UY7LO         59  6 KO80CB   UR4EWZ        59  12 KN87CX 
QSO: 144300 PH 2014-09-06 1422 UY7LO         59  7 KO80CB   UV2L/P        59  15 KN89AK 
QSO: 144300 PH 2014-09-06 1424 UY7LO         59  8 KO80CB   UR4LRG        59  3 KO80EA  
QSO: 144300 PH 2014-09-06 1431 UY7LO         59  9 KO80CB   UA6LQZ        59  23 LN09GN 
QSO: 144300 PH 2014-09-06 1434 UY7LO         59  10 KO80CB  RM7T/3        59  27 KO90CW 
QSO: 144100 CW 2014-09-06 1439 UY7LO         599 11 KO80CB  RW3WR         599 8 KO71IM  
QSO: 144300 PH 2014-09-06 1441 UY7LO         59  12 KO80CB  UT8LE         59  9 KN79WW  
QSO: 144100 CW 2014-09-06 1447 UY7LO         599 13 KO80CB  R3RW          599 14 LO03NG 
QSO: 144100 CW 2014-09-06 1505 UY7LO         599 14 KO80CB  UV5ERY        599 4 KN78WM  
QSO: 144100 CW 2014-09-06 1518 UY7LO         599 15 KO80CB  RU7M          599 24 KN97LN 
QSO: 144100 CW 2014-09-06 1523 UY7LO         599 16 KO80CB  UR7IM         599 12 KN88SR 
QSO: 144100 CW 2014-09-06 1526 UY7LO         599 17 KO80CB  UA6AX         599 21 KN96PP 
QSO: 144100 CW 2014-09-06 1530 UY7LO         599 18 KO80CB  RA3OW         599 7 KO91OQ  
QSO: 144100 CW 2014-09-06 1534 UY7LO         599 19 KO80CB  RK3WWA        599 28 KO81AU 
QSO: 144100 CW 2014-09-06 1554 UY7LO         599 20 KO80CB  UY5QO         599 14 KN77MT 
QSO: 144300 PH 2014-09-06 1557 UY7LO         59  21 KO80CB  UX0QQ         59  22 KN87CE 
QSO: 144100 CW 2014-09-06 1607 UY7LO         599 22 KO80CB  RX3APM/3      599 42 KO75LP 
QSO: 144100 CW 2014-09-06 1610 UY7LO         599 23 KO80CB  UA3RKK        599 23 LO11DX 
QSO: 144100 CW 2014-09-06 1627 UY7LO         599 24 KO80CB  UA5Y          599 34 KO73EG 
QSO: 144100 CW 2014-09-06 1645 UY7LO         599 25 KO80CB  UR5AS         599 6 KO70LJ  
QSO: 144100 CW 2014-09-06 1716 UY7LO         599 26 KO80CB  R3QN          599 39 KO90VL 
QSO: 144100 CW 2014-09-06 1719 UY7LO         599 27 KO80CB  R3GC          599 13 KO92FO 
QSO: 144100 CW 2014-09-06 1736 UY7LO         599 28 KO80CB  R6DZ          599 40 KN96CQ 
QSO: 144300 PH 2014-09-06 1743 UY7LO         59  29 KO80CB  US4IEK        59  39 KN87UX 
QSO: 144300 PH 2014-09-06 1745 UY7LO         59  30 KO80CB  US2IEP        59  16 KN88XC 
QSO: 144100 CW 2014-09-06 1809 UY7LO         599 31 KO80CB  RK3D          599 40 KO94MW 
QSO: 144100 CW 2014-09-06 1813 UY7LO         599 32 KO80CB  UR5LX         599 3 KO70WK  
QSO: 144100 CW 2014-09-06 1829 UY7LO         599 33 KO80CB  US7VF         599 20 KN58SI 
QSO: 144100 CW 2014-09-06 1859 UY7LO         599 34 KO80CB  RA3POV        599 43 KO93CX 
QSO: 144100 CW 2014-09-06 1927 UY7LO         599 35 KO80CB  RK3PWJ        599 53 KO93FA 
QSO: 144100 CW 2014-09-06 1931 UY7LO         599 36 KO80CB  RA3XX         599 41 KO84CJ 
QSO: 144100 CW 2014-09-06 2005 UY7LO         599 37 KO80CB  RK3X          599 35 KO74VC 
QSO: 144100 CW 2014-09-06 2043 UY7LO         599 38 KO80CB  RD3BA         599 54 KO94KP 
QSO: 144100 CW 2014-09-07 0030 UY7LO         599 39 KO80CB  RT7A          599 39 LN04GP 
QSO: 144100 CW 2014-09-07 0033 UY7LO         599 40 KO80CB  RZ6A          599 40 LN05AU 
QSO: 144100 CW 2014-09-07 0035 UY7LO         599 41 KO80CB  RX6A          599 42 KN96FD 
QSO: 144100 CW 2014-09-07 0053 UY7LO         599 42 KO80CB  R6CS          599 37 KN95BW 
QSO: 144100 CW 2014-09-07 0128 UY7LO         599 43 KO80CB  RN3ZQ         599 24 KO81WH 
QSO: 144100 CW 2014-09-07 0135 UY7LO         599 44 KO80CB  RA4A          599 30 LO20QC 
QSO: 144100 CW 2014-09-07 0148 UY7LO         599 45 KO80CB  RA3RF         599 57 LO03WK 
QSO: 144100 CW 2014-09-07 0255 UY7LO         599 46 KO80CB  RW3XR         599 57 KO73FU 
QSO: 144100 CW 2014-09-07 0318 UY7LO         599 47 KO80CB  UY1HY         599 6 KO60MA  
QSO: 144100 CW 2014-09-07 0332 UY7LO         599 48 KO80CB  RY6M          599 31 KN97RO 
QSO: 144100 CW 2014-09-07 0338 UY7LO         599 49 KO80CB  RZ6DD         599 38 LN04MX 
QSO: 144100 CW 2014-09-07 0410 UY7LO         599 50 KO80CB  UT5IL         599 14 KN88SO 
QSO: 144100 CW 2014-09-07 0418 UY7LO         599 51 KO80CB  UT8AL         599 15 KO61WP 
QSO: 144100 CW 2014-09-07 0419 UY7LO         599 52 KO80CB  US6EC         599 13 KN78IM 
QSO: 144100 CW 2014-09-07 0529 UY7LO         599 53 KO80CB  RN3QRY        599 30 KO91OH 
QSO: 144300 PH 2014-09-07 0557 UY7LO         59  54 KO80CB  UT2EM         59  31 KN67QV 
QSO: 144100 CW 2014-09-07 0624 UY7LO         599 55 KO80CB  UR8LL         599 9 KO80EA  
QSO: 144100 CW 2014-09-07 0631 UY7LO         599 56 KO80CB  UR5QU         599 38 KN77MO 
QSO: 144100 CW 2014-09-07 0634 UY7LO         599 57 KO80CB  UT2QQ         599 31 KN77SI 
QSO: 144100 CW 2014-09-07 0644 UY7LO         599 58 KO80CB  US0GB/P       599 35 KN75KW 
END-OF-LOG:
