START-OF-LOG: 3.0
CREATED-BY: reconstructed-log-builder
CONTEST: CQ-WW-SSB
CALLSIGN: LT5V
LOCATION: 
CATEGORY: CHECKLOG
CATEGORY-OPERATOR: SINGLE-OP
CATEGORY-BAND: ALL
CATEGORY-MODE: MIXED
CATEGORY-POWER: UNKNOWN
CATEGORY-ASSISTED: NON-ASSISTED
CATEGORY-TRANSMITTER: ONE
CATEGORY-STATION: UNKNOWN
CATEGORY-OVERLAY: 
OPERATORS: LT5V
CLAIMED-SCORE: 
CLUB: 
NAME: 
SOAPBOX: RECONSTRUCTED MOCKUP LOG - NOT AN OFFICIAL SUBMISSION.
SOAPBOX: Derived from submitted logs for CQ-WW-SSB CQWW/ph/2017.
QSO:  7174 PH 2017-10-29 0248 LT5V          59 13 PP5CY         59 11
QSO:  7127 PH 2017-10-29 0251 LT5V          59 13 IO5O          59 15
QSO:  7148 PH 2017-10-29 0254 LT5V          59 13 ZP6A          59 11
QSO:  7155 PH 2017-10-29 0255 LT5V          59 13 PX2A          59 11
QSO:  7000 PH 2017-10-29 0259 LT5V          59 13 PY3FOX        59 11
QSO:  7000 PH 2017-10-29 0300 LT5V          59 13 CA1LEW        59 12
QSO:  7129 PH 2017-10-29 0301 LT5V          59 13 ZX5J          59 11
QSO:  7135 PH 2017-10-29 0303 LT5V          59 13 CE3CT         59 12
QSO:  7000 PH 2017-10-29 0304 LT5V          59 13 XQ6OA         59 12
QSO: 21000 PH 2017-10-29 1445 LT5V          59 13 K7XE          59 03
END-OF-LOG:
