START-OF-LOG: 3.0
CREATED-BY: reconstructed-log-builder
CONTEST: CQ-WW-SSB
CALLSIGN: PE1OFJ
LOCATION: 
CATEGORY: CHECKLOG
CATEGORY-OPERATOR: SINGLE-OP
CATEGORY-BAND: ALL
CATEGORY-MODE: MIXED
CATEGORY-POWER: UNKNOWN
CATEGORY-ASSISTED: NON-ASSISTED
CATEGORY-TRANSMITTER: ONE
CATEGORY-STATION: UNKNOWN
CATEGORY-OVERLAY: 
OPERATORS: PE1OFJ
CLAIMED-SCORE: 
CLUB: 
NAME: 
SOAPBOX: RECONSTRUCTED MOCKUP LOG - NOT AN OFFICIAL SUBMISSION.
SOAPBOX: Derived from submitted logs for CQ-WW-SSB CQWW/ph/2017.
QSO:  7145 PH 2017-10-29 2017 PE1OFJ        59 14 US1I          59 16
QSO:  7151 PH 2017-10-29 2018 PE1OFJ        59 14 ES9C          59 15
QSO:  7159 PH 2017-10-29 2020 PE1OFJ        59 14 IR1Y          59 15
QSO:  7127 PH 2017-10-29 2029 PE1OFJ        59 14 RU1A          59 16
QSO:  7096 PH 2017-10-29 2031 PE1OFJ        59 14 OF5Z          59 15
QSO:  7059 PH 2017-10-29 2036 PE1OFJ        59 14 CN3A          59 33
QSO:  7080 PH 2017-10-29 2041 PE1OFJ        59 14 RC6U          59 16
QSO:  7104 PH 2017-10-29 2042 PE1OFJ        59 14 CN2R          59 33
QSO:  7108 PH 2017-10-29 2046 PE1OFJ        59 14 LZ8A          59 20
QSO:  7138 PH 2017-10-29 2050 PE1OFJ        59 14 YT5A          59 15
QSO:  7166 PH 2017-10-29 2053 PE1OFJ        59 14 EC2DX         59 14
QSO:  7187 PH 2017-10-29 2056 PE1OFJ        59 14 EA3QP         59 14
QSO:  7194 PH 2017-10-29 2059 PE1OFJ        59 14 EA3GEG        59 14
QSO:  7164 PH 2017-10-29 2104 PE1OFJ        59 14 UW6E          59 16
QSO:  7154 PH 2017-10-29 2110 PE1OFJ        59 14 YU1JW         59 15
QSO:  7112 PH 2017-10-29 2115 PE1OFJ        59 14 EW8W          59 16
QSO:  7091 PH 2017-10-29 2119 PE1OFJ        59 14 UP0L          59 17
QSO:  7080 PH 2017-10-29 2129 PE1OFJ        59 14 Z370M         59 15
QSO:  7074 PH 2017-10-29 2134 PE1OFJ        59 14 CR5T          59 14
QSO:  7094 PH 2017-10-29 2136 PE1OFJ        59 14 UB6B          59 16
QSO:  7000 PH 2017-10-29 2140 PE1OFJ        59 14 IK5ZWU        59 15
QSO:  7117 PH 2017-10-29 2144 PE1OFJ        59 14 RM2U          59 16
QSO:  7040 PH 2017-10-29 2205 PE1OFJ        59 14 W2RE          59 5
QSO:  7169 PH 2017-10-29 2211 PE1OFJ        59 14 HG7T          59 15
QSO:  7188 PH 2017-10-29 2217 PE1OFJ        59 14 IR6T          59 15
QSO:  7000 PH 2017-10-29 2221 PE1OFJ        59 14 E74E          59 15
QSO:  7155 PH 2017-10-29 2227 PE1OFJ        59 14 R7AB          59 16
END-OF-LOG:
