START-OF-LOG: 3.0
LOCATION: DX
CALLSIGN: DL2BIS
CLUB: DARC
CONTEST: EA-MAJESTAD-CW
CATEGORY: SINGLE-OP ALL QRP
CATEGORY-ASSISTED: NON-ASSISTED
CATEGORY-BAND: ALL
CATEGORY-MODE: CW
CATEGORY-POWER: 
CATEGORY-STATION: FIXED
CATEGORY-TRANSMITTER: ONE
CLAIMED-SCORE: 4230
OPERATORS: DL2BIS
NAME: BOB
GRID-LOCATOR: JN49XT
CREATED-BY: N1MM Logger+ 1.0.9132.0
QSO: 14022 CW 2021-05-15 1354 DL2BIS        599 001    9A7Z          599 176      
QSO: 14012 CW 2021-05-15 1359 DL2BIS        599 002    YT7X          599 159      
QSO: 14009 CW 2021-05-15 1401 DL2BIS        599 003    LZ6E          599 217      
QSO: 14035 CW 2021-05-15 1404 DL2BIS        599 004    SV1BJW        599 107      
QSO: 14045 CW 2021-05-15 1406 DL2BIS        599 005    SV1ENG        599 177      
QSO: 14025 CW 2021-05-15 1408 DL2BIS        599 006    HA3DX         599 133      
QSO: 14019 CW 2021-05-15 1409 DL2BIS        599 007    EF1A          599 C        
QSO: 14020 CW 2021-05-15 1411 DL2BIS        599 008    YR9F          599 84       
QSO: 14015 CW 2021-05-15 1412 DL2BIS        599 009    LZ8E          599 135      
QSO: 14064 CW 2021-05-15 1421 DL2BIS        599 010    EF0F          599 SMR      
QSO: 14049 CW 2021-05-15 1422 DL2BIS        599 011    EA4R          599 TO       
QSO: 14041 CW 2021-05-15 1425 DL2BIS        599 012    YU5R          599 183      
QSO: 14035 CW 2021-05-15 1427 DL2BIS        599 013    EA4OR         599 M        
QSO: 14012 CW 2021-05-15 1430 DL2BIS        599 014    UY5VA         599 050      
QSO: 14007 CW 2021-05-15 1431 DL2BIS        599 015    HA7RY         599 12       
QSO: 14016 CW 2021-05-15 1433 DL2BIS        599 016    LZ3R          599 209      
QSO: 14039 CW 2021-05-15 1437 DL2BIS        599 017    LZ5R          599 432      
QSO: 14014 CW 2021-05-15 1603 DL2BIS        599 018    RG2A          599 191      
QSO: 14010 CW 2021-05-15 1612 DL2BIS        599 019    P3X           599 537      
QSO:  7028 CW 2021-05-15 1617 DL2BIS        599 020    9A5W          599 081      
QSO:  7016 CW 2021-05-15 1618 DL2BIS        599 021    F5IN          599 301      
QSO:  7013 CW 2021-05-15 1620 DL2BIS        599 022    OR5T          599 128      
QSO:  7010 CW 2021-05-15 1621 DL2BIS        599 023    YL7X          599 177      
QSO:  7020 CW 2021-05-15 1629 DL2BIS        599 024    UT5C          599 481      
QSO:  7025 CW 2021-05-15 1630 DL2BIS        599 025    LZ8E          599 402      
QSO:  7035 CW 2021-05-15 1631 DL2BIS        599 026    OM3CPF        599 190      
QSO:  7018 CW 2021-05-15 1640 DL2BIS        599 027    YP0K          599 159      
QSO:  7024 CW 2021-05-15 1644 DL2BIS        599 028    OM3RM         599 009      
QSO:  7010 CW 2021-05-15 1940 DL2BIS        599 029    HA2KMR        599 363      
QSO:  7012 CW 2021-05-15 1944 DL2BIS        599 030    HA8LCA        599 141      
QSO:  7018 CW 2021-05-15 1953 DL2BIS        599 031    PA2A          599 375      
QSO:  7016 CW 2021-05-15 1954 DL2BIS        599 032    HA3DX         599 371      
QSO:  7005 CW 2021-05-15 1957 DL2BIS        599 033    F5VMN         599 412      
QSO:  7001 CW 2021-05-15 1959 DL2BIS        599 034    I2SVA         599 303      
QSO:  7011 CW 2021-05-15 1959 DL2BIS        599 035    YT1A          599 386      
QSO:  7024 CW 2021-05-15 2004 DL2BIS        599 036    ON5WL         599 159      
QSO: 14027 CW 2021-05-15 2011 DL2BIS        599 037    EA8ZS         599 GC       
QSO: 14025 CW 2021-05-15 2017 DL2BIS        599 038    TM6M          599 416      
QSO: 14016 CW 2021-05-15 2019 DL2BIS        599 039    SV1JG         599 045      
QSO:  3529 CW 2021-05-15 2022 DL2BIS        599 040    OM3CPF        599 343      
QSO:  3516 CW 2021-05-15 2024 DL2BIS        599 041    SQ7U          599 063      
QSO:  3546 CW 2021-05-15 2028 DL2BIS        599 042    OK3X          599 032      
QSO:  3531 CW 2021-05-15 2032 DL2BIS        599 043    HA2KMR        599 416      
QSO:  3536 CW 2021-05-15 2032 DL2BIS        599 044    DL3ANK        599 289      
QSO:  3533 CW 2021-05-15 2033 DL2BIS        599 045    OK1DOL        599 201      
QSO:  7039 CW 2021-05-15 2044 DL2BIS        599 046    OK2QA         599 250      
QSO:  7036 CW 2021-05-15 2045 DL2BIS        599 047    LY8A          599 442      
QSO:  7035 CW 2021-05-15 2046 DL2BIS        599 048    LZ5R          599 1070     
QSO:  7030 CW 2021-05-15 2048 DL2BIS        599 049    SN7F          599 155      
QSO:  7028 CW 2021-05-15 2050 DL2BIS        599 050    IZ8EYP        599 225      
QSO:  7020 CW 2021-05-15 2052 DL2BIS        599 051    S53EO         599 214      
QSO:  7018 CW 2021-05-15 2054 DL2BIS        599 052    IK1PMR        599 316      
QSO:  7022 CW 2021-05-15 2057 DL2BIS        599 053    EA3X          599 0         
QSO:  7015 CW 2021-05-15 2058 DL2BIS        599 054    OK4MM         599 097      
QSO:  7027 CW 2021-05-15 2103 DL2BIS        599 055    HA8TP         599 155      
QSO:  7033 CW 2021-05-15 2104 DL2BIS        599 056    I2WIJ         599 389      
QSO:  7036 CW 2021-05-15 2107 DL2BIS        599 057    F6IRA         599 383      
QSO:  7023 CW 2021-05-15 2109 DL2BIS        599 058    DL5XJ         599 198      
QSO:  7016 CW 2021-05-16 0607 DL2BIS        599 059    OM7M          599 1331     
QSO:  7021 CW 2021-05-16 0611 DL2BIS        599 060    F6HKA         599 271      
QSO:  7036 CW 2021-05-16 0644 DL2BIS        599 061    9A7T          599 426      
QSO: 14043 CW 2021-05-16 0650 DL2BIS        599 062    Z35F          599 493      
QSO: 14027 CW 2021-05-16 0654 DL2BIS        599 063    HG5D          599 772      
QSO: 14016 CW 2021-05-16 0657 DL2BIS        599 064    EO50FF        599 543      
QSO: 14013 CW 2021-05-16 0659 DL2BIS        599 065    UT4U          599 1213     
QSO:  7028 CW 2021-05-16 0701 DL2BIS        599 066    IK3UNA        599 350      
QSO: 14010 CW 2021-05-16 0827 DL2BIS        599 067    UR7GO         599 875      
QSO: 14014 CW 2021-05-16 0828 DL2BIS        599 068    EA3C          599 L        
QSO: 14041 CW 2021-05-16 0831 DL2BIS        599 069    EA1IQ         599 PO       
QSO: 21032 CW 2021-05-16 0839 DL2BIS        599 070    YR9F          599 479      
QSO: 21034 CW 2021-05-16 0841 DL2BIS        599 071    YQ6A          599 984      
QSO: 21045 CW 2021-05-16 0843 DL2BIS        599 072    LZ9V          599 171      
QSO: 21047 CW 2021-05-16 0844 DL2BIS        599 073    LZ5QZ         599 113      
QSO: 21025 CW 2021-05-16 0847 DL2BIS        599 074    LZ5R          599 1925     
QSO: 21013 CW 2021-05-16 0858 DL2BIS        599 075    UT4U          599 1379     
QSO: 21031 CW 2021-05-16 0859 DL2BIS        599 076    MM9I          599 987      
QSO: 21012 CW 2021-05-16 0902 DL2BIS        599 077    EO50FF        599 679      
QSO: 21035 CW 2021-05-16 0904 DL2BIS        599 078    UT5C          599 1563     
QSO: 14007 CW 2021-05-16 0906 DL2BIS        599 079    YT2RX         599 814      
QSO: 21011 CW 2021-05-16 0915 DL2BIS        599 080    LZ1ND         599 293      
QSO: 21037 CW 2021-05-16 0917 DL2BIS        599 081    YT7X          599 776      
END-OF-LOG:
