START-OF-LOG: 3.0
CREATED-BY: vhfmanager-downloader
CONTEST: ZRS julijsko UKV tekmovanje - Official results - VHFManager
CALLSIGN: S59P
CATEGORY: 2,3 GHz - checklog
CATEGORY-OPERATOR: SINGLE-OP
CATEGORY-ASSISTED: NON-ASSISTED
CATEGORY-TRANSMITTER: ONE
CATEGORY-STATION: FIXED
QSO: 2300000 PH 2020-07-04 1403 S59P          59  1 JN86AO   S51ZO         59  1 JN86DR  
QSO: 2300000 CW 2020-07-04 1430 S59P          599 2 JN86AO   OE3JPC        599 3 JN87EW  
QSO: 2300000 CW 2020-07-04 1432 S59P          599 3 JN86AO   OM3KTR        599 4 JN88VL  
QSO: 2300000 CW 2020-07-04 1505 S59P          599 4 JN86AO   OE5D          599 5 JN68PC  
QSO: 2300000 CW 2020-07-04 1524 S59P          599 5 JN86AO   S50G          599 4 JN76JC  
QSO: 2300000 PH 2020-07-04 1537 S59P          59  6 JN86AO   9A2SB         59  1 JN95GM  
QSO: 2300000 CW 2020-07-04 1606 S59P          599 7 JN86AO   9A2UV         599 1 JN95GM  
QSO: 2300000 PH 2020-07-04 1616 S59P          59  8 JN86AO   S59GS         59  3 JN75NP  
QSO: 2300000 PH 2020-07-04 1624 S59P          59  9 JN86AO   OM6A          59  17 JN99JC 
QSO: 2300000 CW 2020-07-04 1750 S59P          599 10 JN86AO  OK1KUO        599 17 JO80FF 
QSO: 2300000 PH 2020-07-04 1802 S59P          59  11 JN86AO  DK0NA         59  14 JO50TI 
QSO: 2300000 CW 2020-07-04 1856 S59P          599 12 JN86AO  OE8FNK/P      599 4 JN66UO  
QSO: 2300000 CW 2020-07-04 1919 S59P          599 13 JN86AO  HG7F          599 8 JN97KR  
QSO: 2300000 CW 2020-07-04 2001 S59P          599 14 JN86AO  OK2C          599 11 JN99AJ 
QSO: 2300000 PH 2020-07-04 2016 S59P          59  15 JN86AO  S53XX         59  12 JN76GI 
QSO: 2300000 CW 2020-07-04 2025 S59P          599 16 JN86AO  IK3ERQ        599 12 JN65AR 
QSO: 2300000 CW 2020-07-04 2122 S59P          599 17 JN86AO  HA8V          599 17 KN06HT 
QSO: 2300000 CW 2020-07-05 0838 S59P          599 18 JN86AO  OK1FPG        599 20 JN79IO 
QSO: 2300000 CW 2020-07-05 1331 S59P          599 19 JN86AO  YU7AJM        599 10 JN95RE 
QSO: 2300000 CW 2020-07-05 1347 S59P          599 20 JN86AO  DK1KC/P       559 13 JN58QH 
END-OF-LOG:
