START-OF-LOG: 3.0
CREATED-BY: reconstructed-log-builder
CONTEST: ARRL-DX-SSB
CALLSIGN: WA1TBV
LOCATION: 
CATEGORY: CHECKLOG
CATEGORY-OPERATOR: SINGLE-OP
CATEGORY-BAND: ALL
CATEGORY-MODE: MIXED
CATEGORY-POWER: UNKNOWN
CATEGORY-ASSISTED: NON-ASSISTED
CATEGORY-TRANSMITTER: ONE
CATEGORY-STATION: UNKNOWN
CATEGORY-OVERLAY: 
OPERATORS: WA1TBV
CLAIMED-SCORE: 
CLUB: 
NAME: 
SOAPBOX: RECONSTRUCTED MOCKUP LOG - NOT AN OFFICIAL SUBMISSION.
SOAPBOX: Derived from submitted logs for ARRL-DX-SSB ARRL/arrl_international_dx_phone_contest/2026.
QSO:  7188 PH 2026-03-07 0007 WA1TBV        59 VT 9A1P          59 KW
QSO:  7183 PH 2026-03-07 0009 WA1TBV        59 VT OM7M          59 1000
QSO: 28565 PH 2026-03-07 0031 WA1TBV        59 VT HD8R          59 KW
QSO: 14332 PH 2026-03-07 0044 WA1TBV        59 VT PJ2T          59 K
QSO: 28417 PH 2026-03-07 2011 WA1TBV        59 VT D4K           59 1000
QSO: 28503 PH 2026-03-07 2013 WA1TBV        59 VT CN3A          59 KW
QSO: 28431 PH 2026-03-07 2049 WA1TBV        59 VT VL4R          59 400
QSO: 28321 PH 2026-03-07 2055 WA1TBV        59 VT ZM4T          59 KW
QSO: 28324 PH 2026-03-07 2106 WA1TBV        59 VT KH7M          59 KW
QSO: 21394 PH 2026-03-07 2120 WA1TBV        59 VT HD8R          59 KW
QSO: 21346 PH 2026-03-07 2232 WA1TBV        59 VT P40L          59 1000
QSO: 21382 PH 2026-03-07 2235 WA1TBV        59 VT LP1H          59 KW
QSO: 28328 PH 2026-03-07 2239 WA1TBV        59 VT HI3LT         59 KW
QSO: 28000 PH 2026-03-07 2246 WA1TBV        59 VT YE9XAJ        59 KW
QSO: 28438 PH 2026-03-07 2252 WA1TBV        59 VT VP2EWE        59 KW
QSO: 28459 PH 2026-03-07 2255 WA1TBV        59 VT ZF1A          59 K
QSO: 28584 PH 2026-03-07 2314 WA1TBV        59 VT CE3TL         59 100
QSO: 28606 PH 2026-03-07 2319 WA1TBV        59 VT TI1I          59 KW
QSO: 28635 PH 2026-03-07 2324 WA1TBV        59 VT ZW2A          59 100
QSO: 14237 PH 2026-03-08 1254 WA1TBV        59 VT YL7X          59 KW
QSO: 28452 PH 2026-03-08 1309 WA1TBV        59 VT WP4RF         59 500
QSO: 28455 PH 2026-03-08 1310 WA1TBV        59 VT KP3J          59 KW
QSO: 28460 PH 2026-03-08 1311 WA1TBV        59 VT LT3E          59 K
QSO: 21300 PH 2026-03-08 1454 WA1TBV        59 VT ES7A          59 K
QSO: 21325 PH 2026-03-08 1456 WA1TBV        59 VT 9A3TR         59 KW
QSO: 21334 PH 2026-03-08 1457 WA1TBV        59 VT IP4X          59 500
QSO: 21340 PH 2026-03-08 1458 WA1TBV        59 VT IO6T          59 500
QSO: 28314 PH 2026-03-08 1506 WA1TBV        59 VT PJ4G          59 1000
QSO: 21290 PH 2026-03-08 1521 WA1TBV        59 VT SP8R          59 KW
QSO: 21252 PH 2026-03-08 1618 WA1TBV        59 VT SO9I          59 K
QSO: 21402 PH 2026-03-08 1623 WA1TBV        59 VT EI3JE         59 KW
QSO: 21306 PH 2026-03-08 2120 WA1TBV        59 VT ED7W          59 KW
QSO: 21330 PH 2026-03-08 2121 WA1TBV        59 VT CR6K          59 1000
QSO: 21377 PH 2026-03-08 2238 WA1TBV        59 VT 9Z4BM         59 KW
END-OF-LOG:
