START-OF-LOG: 3.0
CREATED-BY: vhfmanager-downloader
CONTEST: ZRS septembrsko UKV tekmovanje - Official results - VHFManager
CALLSIGN: ON4JX
CATEGORY: 145 MHz - Generated log
CATEGORY-OPERATOR: SINGLE-OP
CATEGORY-ASSISTED: NON-ASSISTED
CATEGORY-TRANSMITTER: ONE
CATEGORY-STATION: FIXED
QSO: 144300 PH 2010-09-04 1410 ON4JX         1   JO10VQ JO10VQ ON4JX/P       SSB F0GFI/P 59
QSO: 144300 PH 2010-09-04 1410 ON4JX         2   JO10VQ JO10VQ ON4JX/P       SSB F0FEK 59  
QSO: 144300 PH 2010-09-04 1422 ON4JX         4   JO10VQ JO10VQ ON4JX/P       SSB DK5WO 59  
QSO: 144300 PH 2010-09-04 1425 ON4JX         6   JO10VQ JO10VQ ON4JX/P       SSB DJ6GK 59  
QSO: 144300 PH 2010-09-04 1429 ON4JX         8   JO10VQ JO10VQ ON4JX/P       SSB DL2OM 59  
QSO: 144300 PH 2010-09-04 1430 ON4JX         9   JO10VQ JO10VQ ON4JX/P       SSB DL1EJD 59 
QSO: 144300 PH 2010-09-04 1436 ON4JX         10  JO10VQ JO10VQ ON4JX/P       SSB DL1EHG 57 
QSO: 144300 PH 2010-09-04 1437 ON4JX         11  JO10VP JO10VQ ON4JX/P       SSB DL3YDP 59 
QSO: 144300 PH 2010-09-04 1447 ON4JX         16  JO10VQ JO10VQ ON4JX/P       SSB F5UTN 59  
QSO: 144300 PH 2010-09-04 1452 ON4JX         18  JO10VQ JO10VQ ON4JX/P       SSB F4EHG 59  
QSO: 144300 PH 2010-09-04 1453 ON4JX         19  JO10VQ JO10VQ ON4JX/P       SSB F1ISM 59  
QSO: 144300 PH 2010-09-04 1453 ON4JX         20  JO10VQ JO10VQ ON4JX/P       SSB F0DZO 59  
QSO: 144300 PH 2010-09-04 1503 ON4JX         21  JO10VQ JO10VQ ON4JX/P       SSB G0PKT/P 59
QSO: 144300 PH 2010-09-04 1513 ON4JX         23  JO10VQ JO10VQ ON4JX/P       SSB F1USF/P 59
QSO: 144300 PH 2010-09-04 1521 ON4JX         24  JO10VQ JO10VQ ON4JX/P       SSB DB3BW 59  
QSO: 144300 PH 2010-09-04 1530 ON4JX         26  JO10VQ JO10VQ ON4JX/P       SSB F0DTB 59  
QSO: 144300 PH 2010-09-04 1609 ON4JX         27  JO10VQ JO10VQ ON4JX/P       SSB F5DRD/P 59
QSO: 144300 PH 2010-09-04 1619 ON4JX         31  JO10VQ JO10VQ ON4JX/P       SSB F6DCD 59  
QSO: 144300 PH 2010-09-04 1710 ON4JX         33  JO10VQ JO10VQ ON4JX/P       SSB F8KID 59  
QSO: 144300 PH 2010-09-04 1715 ON4JX         34  JO10VQ JO10VQ ON4JX/P       SSB DL0KB 59  
QSO: 144300 PH 2010-09-04 1722 ON4JX         36  JO10VQ JO10VQ ON4JX/P       SSB G8P 59    
QSO: 144300 PH 2010-09-04 1725 ON4JX         37  JO10VQ JO10VQ ON4JX/P       SSB DK8FY 59  
QSO: 144300 PH 2010-09-04 1731 ON4JX         38  JO10VQ JO10VQ ON4JX/P       SSB G8T 59    
QSO: 144300 PH 2010-09-04 1738 ON4JX         39  JO10VQ JO10VQ ON4JX/P       SSB F5AEG/P 59
QSO: 144300 PH 2010-09-04 1746 ON4JX         40  JO10VQ JO10VQ ON4JX/P       SSB F5OAU/P 57
QSO: 144300 PH 2010-09-04 1811 ON4JX         42  JO10VQ JO10VQ ON4JX/P       SSB M2F 59    
QSO: 144300 PH 2010-09-04 1813 ON4JX         43  JO10VQ JO10VQ ON4JX/P       SSB ON4KHG 59 
QSO: 144300 PH 2010-09-04 1904 ON4JX         46  JO10VQ JO10VQ ON4JX/P       SSB F6HPP/P 59
QSO: 144300 PH 2010-09-04 1908 ON4JX         47  JO20VQ JO10VQ ON4JX/P       SSB TM0W 59   
QSO: 144300 PH 2010-09-04 1920 ON4JX         48  JO10VQ JO10VQ ON4JX/P       SSB F4ERS/P 59
QSO: 144300 PH 2010-09-05 0648 ON4JX         51  JO10VQ JO10VQ ON4JX/P       SSB M6T 59    
QSO: 144300 PH 2010-09-05 0656 ON4JX         52  JO10VQ JO10VQ ON4JX/P       SSB TM2A 59   
QSO: 144300 PH 2010-09-05 0655 ON4JX         53  JO10VQ JO10VQ ON4JX/P       SSB F4ARU/P 59
QSO: 144300 PH 2010-09-05 0711 ON4JX         54  JO10VQ JO10VQ ON4JX/P       SSB F1NZC 59  
QSO: 144300 PH 2010-09-05 0716 ON4JX         57  JO10VQ JO10VQ ON4JX/P       SSB F0FIG 59  
QSO: 144300 PH 2010-09-05 0727 ON4JX         60  JO10VQ JO10VQ ON4JX/P       SSB F6KFM/P 59
QSO: 144300 PH 2010-09-05 0736 ON4JX         63  JO10VQ JO10VQ ON4JX/P       SSB DL0LEO 59 
QSO: 144300 PH 2010-09-05 0739 ON4JX         64  JO10VQ JO10VQ ON4JX/P       SSB F6KUP/P 59
QSO: 144300 PH 2010-09-05 0742 ON4JX         65  JO10VQ JO10VQ ON4JX/P       SSB F5ODK/P 59
QSO: 144300 PH 2010-09-05 0747 ON4JX         67  JO10VQ JO10VQ ON4JX/P       SSB F1UVN 59  
QSO: 144300 PH 2010-09-05 0800 ON4JX         72  JO10VQ JO10VQ ON4JX/P       SSB F4DPW 59  
QSO: 144300 PH 2010-09-05 0804 ON4JX         76  JO10VQ JO10VQ ON4JX/P       SSB DK0XT/P 59
QSO: 144300 PH 2010-09-05 0808 ON4JX         78  JO10VQ JO10VQ ON4JX/P       SSB F5KAR/P 59
QSO: 144300 PH 2010-09-05 0814 ON4JX         80  JO10VQ JO10VQ ON4JX/P       SSB F5JFU/P 59
QSO: 144300 PH 2010-09-05 1008 ON4JX         82  JO10VQ JO10VQ ON4JX/P       SSB F8FJH 59  
QSO: 144300 PH 2010-09-05 0821 ON4JX         86  JO10VQ JO10VQ ON4JX/P       SSB F5JJE 59  
QSO: 144300 PH 2010-09-05 0937 ON4JX         87  JO10VQ JO10VQ ON4JX/P       SSB F0GCL/P 55
QSO: 144300 PH 2010-09-05 0843 ON4JX         88  JO10VQ JO10VQ ON4JX/P       SSB F4ULC 59  
QSO: 144300 PH 2010-09-05 0905 ON4JX         91  JO10VQ JO10VQ ON4JX/P       SSB F6HJO/P 59
QSO: 144300 PH 2010-09-05 0908 ON4JX         92  JO10VQ JO10VQ ON4JX/P       SSB F5PSC/P 59
QSO: 144300 PH 2010-09-05 0920 ON4JX         93  JO10VQ JO10VQ ON4JX/P       SSB G0VHF/P 59
QSO: 144300 PH 2010-09-05 0930 ON4JX         94  JO10VQ JO10VQ ON4JX/P       SSB F6KCZ/P 59
QSO: 144300 PH 2010-09-05 0945 ON4JX         95  JO10VQ JO10VQ ON4JX/P       SSB G4Z 57    
QSO: 144300 PH 2010-09-05 0948 ON4JX         96  JO10VQ JO10VQ ON4JX/P       SSB G4DEZ 57  
QSO: 144300 PH 2010-09-05 1011 ON4JX         98  JO10VQ JO10VQ ON4JX/P       SSB DL0GTH 59 
QSO: 144300 PH 2010-09-05 1015 ON4JX         99  JO10VQ JO10VQ ON4JX/P       SSB DL5NEN 57 
QSO: 144300 PH 2010-09-05 1046 ON4JX         101 JO10VQ JO10VQ ON4JX/P       SSB F8EMH 59  
QSO: 144300 PH 2010-09-05 1048 ON4JX         102 JO10VQ JO10VQ ON4JX/P       SSB DK0BN 59  
QSO: 144300 PH 2010-09-05 1113 ON4JX         103 JO10VQ JO10VQ ON4JX/P       SSB F4DHO/P 59
QSO: 144300 PH 2010-09-05 1236 ON4JX         104 JO10VQ JO10VQ ON4JX/P       SSB G3PYE/P 59
QSO: 144300 PH 2010-09-05 1244 ON4JX         105 JO10VQ JO10VQ ON4JX/P       SSB G4DBW 59  
QSO: 144300 PH 2010-09-05 1240 ON4JX         106 JO10VQ JO10VQ ON4JX         SSB G0UTT/P 59
QSO: 144300 PH 2010-09-05 1256 ON4JX         107 JO10VQ JO10VQ ON4JX/P       SSB G0HVQ 59  
END-OF-LOG:
