START-OF-LOG: 3.0
CREATED-BY: vhfmanager-downloader
CONTEST: ZRS septembrsko UKV tekmovanje - Official results - VHFManager
CALLSIGN: YU7NNN
CATEGORY: 145 MHz - checklog
CATEGORY-OPERATOR: SINGLE-OP
CATEGORY-ASSISTED: NON-ASSISTED
CATEGORY-TRANSMITTER: ONE
CATEGORY-STATION: FIXED
QSO: 144300 PH 2010-09-04 1408 YU7NNN        59  1 KN04MU   YT1DW         59  2 KN04FP  
QSO: 144300 PH 2010-09-04 1423 YU7NNN        59  2 KN04MU   E77WT         59  14 JN94CP 
QSO: 144300 PH 2010-09-04 1433 YU7NNN        59  3 KN04MU   YT7AW         59  8 JN95WG  
QSO: 144300 PH 2010-09-04 1457 YU7NNN        59  4 KN04MU   9A3DPB        59  14 JN85UI 
QSO: 144300 PH 2010-09-04 1500 YU7NNN        59  5 KN04MU   9A5TJ         59  18 JN95JG 
QSO: 144300 PH 2010-09-04 1651 YU7NNN        59  6 KN04MU   YU1AA         59  8 KN04ET  
QSO: 144300 PH 2010-09-04 1653 YU7NNN        59  7 KN04MU   YU2KJK        59  23 KN04FS 
QSO: 144300 PH 2010-09-04 1655 YU7NNN        59  8 KN04MU   YT1ANV        59  19 KN04FR 
QSO: 144300 PH 2010-09-04 1656 YU7NNN        59  9 KN04MU   E71GJK        59  71 JN94GG 
QSO: 144300 PH 2010-09-04 1909 YU7NNN        59  10 KN04MU  YU7RRL        59  9 JN95VG  
QSO: 144300 PH 2010-09-04 1914 YU7NNN        59  11 KN04MU  YT7RYJ        59  23 JN95NS 
QSO: 144300 PH 2010-09-04 1942 YU7NNN        59  12 KN04MU  YT2C          59  76 JN95WG 
QSO: 144300 PH 2010-09-04 2003 YU7NNN        59  13 KN04MU  YU7KG         59  79 JN95WC 
QSO: 144300 PH 2010-09-04 2029 YU7NNN        59  14 KN04MU  YU1CA         59  5 KN04EU  
QSO: 144300 PH 2010-09-04 2030 YU7NNN        59  15 KN04MU  9A6DJX        59  52 JN95AE 
QSO: 144300 PH 2010-09-04 2039 YU7NNN        59  16 KN04MU  YU2V          59  26 KN05AF 
QSO: 144300 PH 2010-09-04 2042 YU7NNN        59  17 KN04MU  YU7SKK        59  27 JN95WF 
QSO: 144300 PH 2010-09-04 2100 YU7NNN        59  18 KN04MU  YU5VKV        59  8 JN94WG  
QSO: 144300 PH 2010-09-04 2101 YU7NNN        59  19 KN04MU  YT1RVR        59  3 KN04EQ  
QSO: 144300 PH 2010-09-05 0624 YU7NNN        59  20 KN04MU  YU1BBV        59  156 KN04GM
QSO: 144300 PH 2010-09-05 0633 YU7NNN        59  21 KN04MU  YT7Z          59  108 JN95WA
QSO: 144300 PH 2010-09-05 0638 YU7NNN        59  22 KN04MU  YT7ADO        59  36 KN05BS 
QSO: 144300 PH 2010-09-05 0738 YU7NNN        59  23 KN04MU  YU1AXY        59  65 KN04NA 
QSO: 144300 PH 2010-09-05 0928 YU7NNN        59  24 KN04MU  9A4BA         59  17 JN95LL 
QSO: 144300 PH 2010-09-05 1005 YU7NNN        59  25 KN04MU  YU1NDN        59  14 KN04FT 
QSO: 144300 PH 2010-09-05 1029 YU7NNN        59  26 KN04MU  YT7MTM        59  15 KN05AF 
QSO: 144300 PH 2010-09-05 1033 YU7NNN        59  27 KN04MU  YU5SAJ        59  7 JN95SG  
QSO: 144300 PH 2010-09-05 1042 YU7NNN        59  28 KN04MU  YU1AB         59  4 KN04CI  
QSO: 144300 PH 2010-09-05 1101 YU7NNN        59  29 KN04MU  YT1QT         59  7 KN04ES  
QSO: 144300 PH 2010-09-05 1102 YU7NNN        59  30 KN04MU  YU1QT         59  5 KN04ES  
END-OF-LOG:
