START-OF-LOG: 3.0
CREATED-BY: vhfmanager-downloader
CONTEST: ZRS majsko UKV tekmovanje - Official results - VHFManager
CALLSIGN: DD7MH
CATEGORY: 1,3 GHz - Generated log
CATEGORY-OPERATOR: SINGLE-OP
CATEGORY-ASSISTED: NON-ASSISTED
CATEGORY-TRANSMITTER: ONE
CATEGORY-STATION: FIXED
QSO: 1300000 PH 2025-05-03 1541 DD7MH         1   JN68HD JN68HD DD7MH         SSB OK2A 59   
QSO: 1300000 PH 2025-05-03 1856 DD7MH         2   JN68HD JN68HD DD7MH         SSB OK2C 55   
QSO: 1300000 PH 2025-05-03 1906 DD7MH         3   JN68HD JN68HD DD7MH         SSB DF7RG 59  
QSO: 1300000 PH 2025-05-03 1945 DD7MH         4   JN68HD JN68HD DD7MH         SSB DK0NA 59  
QSO: 1300000 PH 2025-05-03 2027 DD7MH         5   JN68HD JN68HD DD7MH         SSB OM3KII 59 
QSO: 1300000 PH 2025-05-03 2031 DD7MH         6   JN68HD JN68HD DD7MH         SSB OE5D 59   
QSO: 1300000 PH 2025-05-03 2142 DD7MH         7   JN68HD JN68HD DD7MH         SSB OK1FPG 59 
QSO: 1300000 PH 2025-05-04 1004 DD7MH         8   JN68HD JN68HD DD7MH         SSB IZ0CLS/5 59
QSO: 1300000 PH 2025-05-04 1019 DD7MH         9   JN68HD JN68HD DD7MH         SSB DL1HTT 59 
QSO: 1300000 PH 2025-05-04 1112 DD7MH         10  JN68HD JN68HD DD7MH         SSB DM5D 59   
QSO: 1300000 PH 2025-05-04 1142 DD7MH         11  JN68HD JN68HD DD7MH         SSB DF4IAO 59 
QSO: 1300000 PH 2025-05-04 1152 DD7MH         12  JN68HD JN68HD DD7MH         SSB DL0NF 59  
QSO: 1300000 PH 2025-05-04 1204 DD7MH         13  JN68HD JN68HD DD7MH         SSB DL4M 59   
QSO: 1300000 PH 2025-05-04 1237 DD7MH         14  JN68HD JN68HD DD7MH         CW  OE5KAP 599
QSO: 1300000 PH 2025-05-04 1246 DD7MH         15  JN68HD JN68HD DD7MH         SSB S51ZO 59  
QSO: 1300000 PH 2025-05-04 1257 DD7MH         16  JN68HD JN68HD DD7MH         CW  OK1KUO 59 
QSO: 1300000 PH 2025-05-04 1324 DD7MH         17  JN68HD JN68HD DD7MH         SSB HA5UA 59  
QSO: 1300000 PH 2025-05-04 1348 DD7MH         18  JN68HD JN68HD DD7MH         SSB DG2SER 59 
END-OF-LOG:
