START-OF-LOG: 3.0
CREATED-BY: vhfmanager-downloader
CONTEST: ZRS julijsko UKV tekmovanje - Official results - VHFManager
CALLSIGN: YU1EV
CATEGORY: 435 MHz - checklog
CATEGORY-OPERATOR: SINGLE-OP
CATEGORY-ASSISTED: NON-ASSISTED
CATEGORY-TRANSMITTER: ONE
CATEGORY-STATION: FIXED
QSO: 435000 PH 2009-07-04 1401 YU1EV         59  1 KN04CN   S51ZO         59  2 JN86DR  
QSO: 435000 PH 2009-07-04 1403 YU1EV         59  2 KN04CN   OM8A          59  4 JN87WV  
QSO: 435000 PH 2009-07-04 1404 YU1EV         59  3 KN04CN   S59R          59  5 JN76OM  
QSO: 435000 PH 2009-07-04 1407 YU1EV         59  4 KN04CN   9A7S          59  3 JN85EI  
QSO: 435000 PH 2009-07-04 1408 YU1EV         59  5 KN04CN   S50C          59  7 JN76JG  
QSO: 435000 PH 2009-07-04 1410 YU1EV         59  6 KN04CN   YT2F          59  2 KN03KU  
QSO: 435000 PH 2009-07-04 1415 YU1EV         59  7 KN04CN   YU7A          59  7 KN05BW  
QSO: 435000 PH 2009-07-04 1418 YU1EV         59  8 KN04CN   S53N          59  11 JN65WW 
QSO: 435000 PH 2009-07-04 1423 YU1EV         59  9 KN04CN   OM3W          59  25 JN99CH 
QSO: 435000 PH 2009-07-04 1450 YU1EV         59  10 KN04CN  OM6A          59  47 JN99JC 
QSO: 435000 PH 2009-07-04 1452 YU1EV         59  11 KN04CN  OK2KGB        59  33 JN79QJ 
QSO: 435000 PH 2009-07-04 1454 YU1EV         59  12 KN04CN  S57C          59  25 JN65XM 
QSO: 435000 CW 2009-07-04 1456 YU1EV         599 13 KN04CN  YO2BBT        599 10 KN15AD 
QSO: 435000 PH 2009-07-04 1457 YU1EV         59  14 KN04CN  YO2KJJ/P      59  14 KN05XR 
QSO: 435000 PH 2009-07-04 1501 YU1EV         59  15 KN04CN  OL9W          59  54 JN99CL 
QSO: 435000 PH 2009-07-04 1503 YU1EV         59  16 KN04CN  OK5Z          59  58 JN89AK 
QSO: 435000 PH 2009-07-04 1505 YU1EV         59  17 KN04CN  OL3Z          59  69 JN79FX 
QSO: 435000 PH 2009-07-04 1510 YU1EV         59  18 KN04CN  OL4A          59  52 JO60RN 
QSO: 435000 CW 2009-07-04 1511 YU1EV         599 19 KN04CN  YU7AJM        599 8 JN95UD  
QSO: 435000 PH 2009-07-04 1513 YU1EV         59  20 KN04CN  OE3GWC        59  12 JN87CU 
QSO: 435000 PH 2009-07-04 1516 YU1EV         59  21 KN04CN  HA1KYY        59  41 JN87FI 
QSO: 435000 PH 2009-07-04 1520 YU1EV         59  22 KN04CN  OM1RV         59  13 JN88NC 
QSO: 435000 PH 2009-07-04 1526 YU1EV         59  23 KN04CN  OE3A          59  54 JN77XX 
QSO: 435000 PH 2009-07-04 1527 YU1EV         59  24 KN04CN  OK1OAB        59  56 JO60LJ 
QSO: 435000 PH 2009-07-04 1528 YU1EV         59  25 KN04CN  OK1KPA        59  67 JN79US 
QSO: 435000 PH 2009-07-04 1534 YU1EV         59  26 KN04CN  DJ7R          59  49 JN59UK 
QSO: 435000 PH 2009-07-04 1535 YU1EV         59  27 KN04CN  9A0C          59  5 JN85AO  
QSO: 435000 PH 2009-07-04 1538 YU1EV         59  28 KN04CN  SN9D          59  58 JN99MQ 
QSO: 435000 PH 2009-07-04 1546 YU1EV         59  29 KN04CN  YU1UN         59  7 JN93TP  
QSO: 435000 PH 2009-07-04 1547 YU1EV         59  30 KN04CN  YT1TX         59  2 KN04CD  
QSO: 435000 PH 2009-07-04 1548 YU1EV         59  31 KN04CN  YO5KDV/P      59  5 KN16NH  
QSO: 435000 PH 2009-07-04 1549 YU1EV         59  32 KN04CN  YO5KDX        59  15 KN16IK 
QSO: 435000 PH 2009-07-04 1551 YU1EV         59  33 KN04CN  YO6KNE        59  5 KN26TJ  
QSO: 435000 PH 2009-07-04 1553 YU1EV         59  34 KN04CN  YU1JVW        59  1 KN04LG  
QSO: 435000 PH 2009-07-04 1602 YU1EV         59  35 KN04CN  E73FDE        59  6 JN94CP  
QSO: 435000 PH 2009-07-04 1616 YU1EV         59  36 KN04CN  OL7M          59  135 JO80FG
QSO: 435000 PH 2009-07-04 1623 YU1EV         59  37 KN04CN  HG6V          59  48 KN07AV 
QSO: 435000 PH 2009-07-04 1626 YU1EV         59  38 KN04CN  YU7AFC        59  6 JN95RD  
QSO: 435000 PH 2009-07-04 1627 YU1EV         59  39 KN04CN  YT7W          59  1 KN04HV  
QSO: 435000 CW 2009-07-04 1632 YU1EV         599 40 KN04CN  HG7F          599 36 JN97KR 
QSO: 435000 CW 2009-07-04 1634 YU1EV         599 41 KN04CN  OM3RBS        599 22 JN98KJ 
QSO: 435000 CW 2009-07-04 1639 YU1EV         599 42 KN04CN  YU7ACO        599 3 KN03AN  
QSO: 435000 PH 2009-07-04 1812 YU1EV         59  43 KN04CN  DF0MTL        59  174 JO60LK
QSO: 435000 CW 2009-07-04 1825 YU1EV         599 44 KN04CN  OK1KUW        559 69 JN69LP 
QSO: 435000 CW 2009-07-04 1831 YU1EV         599 45 KN04CN  OK1VBN        599 50 JN79HA 
QSO: 435000 PH 2009-07-04 1841 YU1EV         59  46 KN04CN  OM3KMA        59  26 JN88RP 
QSO: 435000 PH 2009-07-04 1844 YU1EV         59  47 KN04CN  HA6W          59  31 KN08FB 
QSO: 435000 CW 2009-07-04 2106 YU1EV         599 48 KN04CN  UR7D          599 90 KN18JT 
QSO: 435000 PH 2009-07-04 2108 YU1EV         59  49 KN04CN  S59P          59  75 JN86AO 
QSO: 435000 CW 2009-07-04 2124 YU1EV         599 50 KN04CN  S53O          599 26 JN86AT 
QSO: 435000 CW 2009-07-04 2126 YU1EV         599 51 KN04CN  OM3CAQ        599 35 JN88PE 
QSO: 435000 CW 2009-07-04 2139 YU1EV         599 52 KN04CN  OK1KKL        599 100 JO70PO
QSO: 435000 CW 2009-07-04 2144 YU1EV         599 53 KN04CN  9A2EY         599 27 JN75XV 
QSO: 435000 PH 2009-07-04 2150 YU1EV         59  54 KN04CN  HA5KDQ        59  111 JN97LN
QSO: 435000 PH 2009-07-04 2152 YU1EV         59  55 KN04CN  YT2L          59  11 KN04UC 
QSO: 435000 PH 2009-07-04 2155 YU1EV         59  56 KN04CN  HA7SC/P       59  50 JN97MS 
QSO: 435000 PH 2009-07-04 2209 YU1EV         59  57 KN04CN  OK2M          59  98 JN69UN 
QSO: 435000 PH 2009-07-04 2214 YU1EV         59  58 KN04CN  OM3KII        59  127 JN88UU
QSO: 435000 CW 2009-07-04 2225 YU1EV         599 59 KN04CN  9A6K          599 21 JN95HN 
QSO: 435000 PH 2009-07-05 0429 YU1EV         59  60 KN04CN  OL7Q          59  204 JN99FN
QSO: 435000 PH 2009-07-05 0434 YU1EV         59  61 KN04CN  OK2JI         59  108 JN89MW
QSO: 435000 CW 2009-07-05 0438 YU1EV         599 62 KN04CN  OK2KJU        599 88 JN89SJ 
QSO: 435000 CW 2009-07-05 0553 YU1EV         599 63 KN04CN  HA2ML         599 30 JN97CO 
QSO: 435000 CW 2009-07-05 0443 YU1EV         599 64 KN04CN  OK2KYC        599 163 JN99BM
QSO: 435000 PH 2009-07-05 0457 YU1EV         59  65 KN04CN  HA6W          59  100 KN08FB
QSO: 435000 PH 2009-07-05 0458 YU1EV         59  66 KN04CN  YT1MA         59  7 JN95XD  
QSO: 435000 PH 2009-07-05 0459 YU1EV         59  67 KN04CN  HA8V          59  46 KN06HT 
QSO: 435000 PH 2009-07-05 0501 YU1EV         59  68 KN04CN  HA0HO         59  10 KN07SU 
QSO: 435000 CW 2009-07-05 0506 YU1EV         599 69 KN04CN  OK2KKW        599 243 JO60JJ
QSO: 435000 PH 2009-07-05 0510 YU1EV         59  70 KN04CN  OM5LD         59  46 JN98AH 
QSO: 435000 CW 2009-07-05 0513 YU1EV         599 71 KN04CN  OM3TZQ        599 107 JN98ET
QSO: 435000 PH 2009-07-05 0518 YU1EV         59  72 KN04CN  YT3N          59  16 KN04LP 
QSO: 435000 CW 2009-07-05 0526 YU1EV         599 73 KN04CN  OK1KJB        599 61 JN79IO 
QSO: 435000 PH 2009-07-05 0530 YU1EV         59  74 KN04CN  OK1KUO        59  86 JO80FF 
QSO: 435000 CW 2009-07-05 0536 YU1EV         599 75 KN04CN  OM3KTY        599 49 KN08BV 
QSO: 435000 CW 2009-07-05 0549 YU1EV         599 76 KN04CN  9A2SB         599 1 JN95GM  
QSO: 435000 CW 2009-07-05 0557 YU1EV         599 77 KN04CN  OK2SUK        599 58 JN89TO 
QSO: 435000 CW 2009-07-05 0559 YU1EV         599 78 KN04CN  S59DCV        599 29 JN75MT 
QSO: 435000 PH 2009-07-05 0610 YU1EV         59  79 KN04CN  OK2POE        59  127 JN99DJ
QSO: 435000 CW 2009-07-05 0628 YU1EV         599 80 KN04CN  OL1B          599 94 JO80IB 
QSO: 435000 CW 2009-07-05 0855 YU1EV         599 81 KN04CN  OK1KKD        599 142 JO60WD
QSO: 435000 PH 2009-07-05 0859 YU1EV         59  82 KN04CN  YO5DND        59  10 KN17RR 
QSO: 435000 PH 2009-07-05 0902 YU1EV         59  83 KN04CN  YO5OHY        59  13 KN17SP 
QSO: 435000 PH 2009-07-05 0903 YU1EV         59  84 KN04CN  YT5VA         59  7 JN94XI  
QSO: 435000 PH 2009-07-05 0917 YU1EV         59  85 KN04CN  S59GS         59  29 JN75NP 
QSO: 435000 PH 2009-07-05 0921 YU1EV         59  86 KN04CN  YU1OB         59  15 KN05CD 
QSO: 435000 CW 2009-07-05 0927 YU1EV         599 87 KN04CN  OM3NI         599 107 JN88WW
QSO: 435000 PH 2009-07-05 0938 YU1EV         59  88 KN04CN  YT1Z          59  8 KN13EU  
QSO: 435000 PH 2009-07-05 0944 YU1EV         59  89 KN04CN  OM5M          59  190 JN88RS
QSO: 435000 PH 2009-07-05 0946 YU1EV         59  90 KN04CN  OK2KYZ        59  88 JN89XN 
QSO: 435000 CW 2009-07-05 0951 YU1EV         599 91 KN04CN  OK5K          599 116 JN89VP
QSO: 435000 CW 2009-07-05 1000 YU1EV         599 92 KN04CN  S51WX         599 29 JN75OS 
QSO: 435000 PH 2009-07-05 1004 YU1EV         59  93 KN04CN  OE8JDK/8      59  10 JN76CP 
QSO: 435000 PH 2009-07-05 1020 YU1EV         59  94 KN04CN  YT7IM         59  6 JN96VC  
QSO: 435000 CW 2009-07-05 1028 YU1EV         599 95 KN04CN  UT5ST         599 67 KN18OO 
QSO: 435000 CW 2009-07-05 1038 YU1EV         599 96 KN04CN  9A1CMS        599 83 JN86DM 
QSO: 435000 PH 2009-07-05 1053 YU1EV         59  97 KN04CN  OE3JPC        59  50 JN87EW 
QSO: 435000 PH 2009-07-05 1057 YU1EV         59  98 KN04CN  OE1RGU        59  17 JN88DD 
QSO: 435000 CW 2009-07-05 1149 YU1EV         599 99 KN04CN  OM3KOM        599 107 JN98DV
QSO: 435000 CW 2009-07-05 1157 YU1EV         599 100 KN04CN OM3KTR        599 73 JN88RJ 
END-OF-LOG:
