START-OF-LOG: 3.0
CREATED-BY: vhfmanager-downloader
CONTEST: ALPE ADRIA UHF SHF - Official results - VHFManager
CALLSIGN: OK2PWY
CATEGORY: 435 MHz - Generated log
CATEGORY-OPERATOR: SINGLE-OP
CATEGORY-ASSISTED: NON-ASSISTED
CATEGORY-TRANSMITTER: ONE
CATEGORY-STATION: FIXED
QSO: 435000 PH 2018-06-17 0708 OK2PWY        1   JN89KW JN89KW OK2PWY        SSB OE3A 59   
QSO: 435000 PH 2018-06-17 0719 OK2PWY        2   JN89KW JN89KW OK2PWY        SSB S59DGO 59 
QSO: 435000 PH 2018-06-17 0727 OK2PWY        3   JN89KW JN89KW OK2PWY        CW  OE3JPC 599
QSO: 435000 PH 2018-06-17 0738 OK2PWY        4   JN89KW JN89KW OK2PWY        SSB S59P 59   
QSO: 435000 PH 2018-06-17 0738 OK2PWY        5   JN89KW JN89KW OK2PWY        SSB SP6TTQ 59 
QSO: 435000 PH 2018-06-17 0742 OK2PWY        6   JN89KW JN89KW OK2PWY        CW  YU1LA 599 
QSO: 435000 PH 2018-06-17 0751 OK2PWY        7   JN89KW JN89KW OK2PWY        CW  9A8D 599  
QSO: 435000 PH 2018-06-17 0757 OK2PWY        8   JN89KW JN89KW OK2PWY        CW  9A5M 599  
QSO: 435000 PH 2018-06-17 0825 OK2PWY        13  JN89KW JN89KW OK2PWY        CW  OK2KKW 599
QSO: 435000 PH 2018-06-17 0835 OK2PWY        16  JN89KW JN89KW OK2PWY        SSB OK2KJT 59 
QSO: 435000 PH 2018-06-17 0854 OK2PWY        19  JN89KW JN89KW OK2PWY        SSB OL1B 59   
QSO: 435000 PH 2018-06-17 0859 OK2PWY        20  JN89KW JN89KW OK2PWY        CW  OM5CM 599 
QSO: 435000 PH 2018-06-17 0940 OK2PWY        25  JN89KW JN89KW OK2PWY        CW  9A2UV 599 
QSO: 435000 PH 2018-06-17 1143 OK2PWY        30  JN89KW JN89KW OK2PWY        CW  HA6W 599  
QSO: 435000 PH 2018-06-17 1213 OK2PWY        31  JN89KW JN89KW OK2PWY        CW  UT5DV 599 
QSO: 435000 PH 2018-06-17 1240 OK2PWY        32  JN89KW JN89KW OK2PWY        CW  HA8V 599  
QSO: 435000 PH 2018-06-17 1302 OK2PWY        33  JN89KW JN89KW OK2PWY        SSB 9A9I 59   
END-OF-LOG:
