START-OF-LOG: 3.0
CREATED-BY: reconstructed-log-builder
CONTEST: CQ-WW-CW
CALLSIGN: JJ2AVH
LOCATION: 
CATEGORY: CHECKLOG
CATEGORY-OPERATOR: SINGLE-OP
CATEGORY-BAND: ALL
CATEGORY-MODE: MIXED
CATEGORY-POWER: UNKNOWN
CATEGORY-ASSISTED: NON-ASSISTED
CATEGORY-TRANSMITTER: ONE
CATEGORY-STATION: UNKNOWN
CATEGORY-OVERLAY: 
OPERATORS: JJ2AVH
CLAIMED-SCORE: 
CLUB: 
NAME: 
SOAPBOX: RECONSTRUCTED MOCKUP LOG - NOT AN OFFICIAL SUBMISSION.
SOAPBOX: Derived from submitted logs for CQ-WW-CW CQWW/cw/2025.
QSO: 28070 CW 2025-11-29 2306 JJ2AVH        599 25 N6RA          599 3
QSO: 28060 CW 2025-11-29 2307 JJ2AVH        599 25 WA7AA         599 03
QSO: 28058 CW 2025-11-29 2309 JJ2AVH        599 25 K9YC          599 3
QSO: 28039 CW 2025-11-30 0315 JJ2AVH        599 25 KH6LC         599 31
QSO: 28042 CW 2025-11-30 0316 JJ2AVH        599 25 LU5EA         599 13
QSO: 28051 CW 2025-11-30 0317 JJ2AVH        599 25 CW5W          599 13
QSO: 28013 CW 2025-11-30 0321 JJ2AVH        599 25 LW2DHD        599 13
QSO: 28009 CW 2025-11-30 0322 JJ2AVH        599 25 KH6J          599 31
QSO: 28006 CW 2025-11-30 0324 JJ2AVH        599 25 VK9DX         599 32
QSO: 28044 CW 2025-11-30 0819 JJ2AVH        599 25 CN3A          599 33
QSO: 28022 CW 2025-11-30 0823 JJ2AVH        599 25 DP7D          599 14
END-OF-LOG:
