START-OF-LOG: 3.0
CREATED-BY: reconstructed-log-builder
CONTEST: IARU-HF
CALLSIGN: N4AU
LOCATION: 
CATEGORY: CHECKLOG
CATEGORY-OPERATOR: SINGLE-OP
CATEGORY-BAND: ALL
CATEGORY-MODE: MIXED
CATEGORY-POWER: UNKNOWN
CATEGORY-ASSISTED: NON-ASSISTED
CATEGORY-TRANSMITTER: ONE
CATEGORY-STATION: UNKNOWN
CATEGORY-OVERLAY: 
OPERATORS: N4AU
CLAIMED-SCORE: 
CLUB: 
NAME: 
SOAPBOX: RECONSTRUCTED MOCKUP LOG - NOT AN OFFICIAL SUBMISSION.
SOAPBOX: Derived from submitted logs for IARU-HF ARRL/iaru_hf_world_championship/2021.
QSO: 21007 CW 2021-07-10 1317 N4AU          599 08 LZ0HQ         599 BFRA
QSO: 21010 CW 2021-07-10 1323 N4AU          599 08 CR5HQ         599 REP
QSO: 14016 CW 2021-07-10 1455 N4AU          599 08 MW4R          599 27
QSO: 21002 CW 2021-07-10 1752 N4AU          599 08 N9NM          599 07
QSO:  3533 CW 2021-07-10 2351 N4AU          599 08 OL1HQ         599 CRC
QSO:  7039 CW 2021-07-11 0146 N4AU          599 08 W6SX          599 06
QSO:  7008 CW 2021-07-11 0238 N4AU          599 08 N6MA          599 06
QSO:  7003 CW 2021-07-11 0520 N4AU          599 8 IQ3RK         599 28
QSO:  7002 CW 2021-07-11 0833 N4AU          599 08 8N2HQ         599 JARL
QSO:  3525 CW 2021-07-11 1004 N4AU          599 08 K0AD          599 07
END-OF-LOG:
