START-OF-LOG: 3.0
CREATED-BY: reconstructed-log-builder
CONTEST: CQ-WPX-SSB
CALLSIGN: N0UB
LOCATION: 
CATEGORY: CHECKLOG
CATEGORY-OPERATOR: SINGLE-OP
CATEGORY-BAND: ALL
CATEGORY-MODE: MIXED
CATEGORY-POWER: UNKNOWN
CATEGORY-ASSISTED: NON-ASSISTED
CATEGORY-TRANSMITTER: ONE
CATEGORY-STATION: UNKNOWN
CATEGORY-OVERLAY: 
OPERATORS: N0UB
CLAIMED-SCORE: 
CLUB: 
NAME: 
SOAPBOX: RECONSTRUCTED MOCKUP LOG - NOT AN OFFICIAL SUBMISSION.
SOAPBOX: Derived from submitted logs for CQ-WPX-SSB CQWPX/ph/2010.
QSO: 21303 PH 2010-03-27 0052 N0UB          59 001 HC8GR         59 0180
QSO: 21330 PH 2010-03-27 0055 N0UB          59 0002 LU7MCJ        59 0128
QSO: 21231 PH 2010-03-27 0056 N0UB          59 003 XE2AUD        59 118
QSO: 21000 PH 2010-03-28 2028 N0UB          59 004 NH6P          59 2187
QSO: 21292 PH 2010-03-28 2031 N0UB          59 005 NH7A          59 2807
QSO: 21247 PH 2010-03-28 2039 N0UB          59 006 KL7RA         59 1571
QSO: 21212 PH 2010-03-28 2045 N0UB          59 0006 KP3Z          59 4316
QSO: 21278 PH 2010-03-28 2047 N0UB          59 8 KH7XS         59 4651
QSO: 21320 PH 2010-03-28 2054 N0UB          59 0009 VK4KW         59 1612
QSO: 21268 PH 2010-03-28 2059 N0UB          59 010 PY5GA         59 2590
QSO: 21000 PH 2010-03-28 2333 N0UB          59 011 ZX5J          59 4276
END-OF-LOG:
