START-OF-LOG: 3.0
CREATED-BY: reconstructed-log-builder
CONTEST: Alpe-Adria VHF - Official results - VHFManager
CALLSIGN: SN9Y
LOCATION: 
CATEGORY: CHECKLOG
CATEGORY-OPERATOR: SINGLE-OP
CATEGORY-BAND: ALL
CATEGORY-MODE: MIXED
CATEGORY-POWER: UNKNOWN
CATEGORY-ASSISTED: NON-ASSISTED
CATEGORY-TRANSMITTER: ONE
CATEGORY-STATION: UNKNOWN
CATEGORY-OVERLAY: 
OPERATORS: SN9Y
CLAIMED-SCORE: 
CLUB: 
NAME: 
SOAPBOX: RECONSTRUCTED MOCKUP LOG - NOT AN OFFICIAL SUBMISSION.
SOAPBOX: Derived from submitted logs for Alpe-Adria VHF - Official results - VHFManager EU_VHF_CONTESTS/alpe_adria_vhf_14/144MHz.
QSO: 144300 PH 2009-08-02 0714 SN9Y          59 3 JO90EA OE5D          59 18 JN68PC
QSO: 144300 PH 2009-08-02 0718 SN9Y          59 4 JO90EA DR3F          59 23 JO70IT
QSO: 144300 PH 2009-08-02 0719 SN9Y          59 5 JO90EA HA6W          59 20 KN08FB
QSO: 144300 PH 2009-08-02 0731 SN9Y          59 11 JO90EA OM6TX         59 8 JN99JK
QSO: 144300 PH 2009-08-02 0733 SN9Y          59 12 JO90EA OK1CZ         59 18 JO80HC
QSO: 144300 PH 2009-08-02 0734 SN9Y          59 14 JO90EA OM5XX         59 22 JN97BS
QSO: 144300 PH 2009-08-02 0735 SN9Y          59 15 JO90EA OM3WYB        59 9 JN98AL
QSO: 144300 PH 2009-08-02 0738 SN9Y          59 20 JO90EA UW5W          59 70 KN29AU
QSO: 144300 PH 2009-08-02 0740 SN9Y          59 21 JO90EA OK1ZDA        59 21 JO60RA
QSO: 144300 PH 2009-08-02 0748 SN9Y          59 30 JO90EA OM3WZ         59 18 KN08LS
QSO: 144300 PH 2009-08-02 0934 SN9Y          59 56 JO90EA OK1VOF        59 52 JO80FF
QSO: 144300 PH 2009-08-02 0945 SN9Y          59 62 JO90EA OK1CAP        59 47 JO60NK
QSO: 144300 PH 2009-08-02 0949 SN9Y          59 66 JO90EA OK1DMP        59 106 JO70VQ
QSO: 144300 PH 2009-08-02 1017 SN9Y          59 69 JO90EA S59DCD        59 93 JN76OL
QSO: 144300 PH 2009-08-02 1145 SN9Y          59 70 JO90EA S56P          59 207 JN76PO
QSO: 144300 PH 2009-08-02 1153 SN9Y          59 74 JO90EA OM0AMI        59 36 KN09UH
QSO: 144300 PH 2009-08-02 1155 SN9Y          59 75 JO90EA OM0ADC        59 36 KN09OI
QSO: 144300 PH 2009-08-02 1203 SN9Y          55 77 JO90EA IK2ECM/6      55 181 JN63ET
QSO: 144300 PH 2009-08-02 1221 SN9Y          59 85 JO90EO 9A6V/P        59 155 JN86HD
QSO: 144300 PH 2009-08-02 1222 SN9Y          59 86 JO90EA OE3EMC        59 92 JN78JO
QSO: 144300 PH 2009-08-02 1257 SN9Y          59 91 JO90EA S59DEM        59 347 JN75DS
QSO: 144300 PH 2009-08-02 1325 SN9Y          59 59 JO90EA OM0WR         59 94 KN19CC
QSO: 144300 PH 2009-08-02 1342 SN9Y          59 101 JO90EA S58M          59 199 JN76KC
QSO: 144300 PH 2009-08-02 1351 SN9Y          59 104 JO90EA OE3DSB        59 47 JN78FA
QSO: 144300 PH 2009-08-02 1400 SN9Y          55 105 JO90EA S57Q          55 160 JN76PA
END-OF-LOG:
