START-OF-LOG: 3.0
CREATED-BY: yota-public-qso-downloader
CONTEST: YOTA-CONTEST
CALLSIGN: PD1ABO
CATEGORY-OPERATOR: SINGLE-OP
CATEGORY-BAND: ALL
CATEGORY-MODE: MIXED
CATEGORY: Single Operator 3 bands
CLAIMED-SCORE: 0
QSO: 14195 PH 2024-03-10 1311 PD1ABO        59  52     HA2KMR        59  69    
QSO: 14217 PH 2024-03-10 1313 PD1ABO        59  52     OE6MBG        59  66    
QSO: 14217 PH 2024-03-10 1313 PD1ABO        59  52     HA2D          59  51    
QSO: 14217 PH 2024-03-10 1314 PD1ABO        59  52     OE8YML        59  40    
QSO: 14217 PH 2024-03-10 1314 PD1ABO        59  52     S51TG         59  20    
QSO: 14217 PH 2024-03-10 1315 PD1ABO        59  52     9A3LED        59  17    
QSO: 14217 PH 2024-03-10 1315 PD1ABO        59  52     EI3IEB        59  61    
QSO: 14217 PH 2024-03-10 1316 PD1ABO        59  52     YL1YF         59  65    
QSO: 14217 PH 2024-03-10 1316 PD1ABO        59  52     YU3GCP        59  13    
QSO: 14217 PH 2024-03-10 1317 PD1ABO        59  52     HA7JTR        59  48    
QSO: 14217 PH 2024-03-10 1318 PD1ABO        59  52     YO6PPX        59  40    
QSO: 14217 PH 2024-03-10 1320 PD1ABO        59  52     YO5AXF        59  72    
QSO: 14217 PH 2024-03-10 1320 PD1ABO        59  52     YO5QDI        59  66    
QSO: 14217 PH 2024-03-10 1322 PD1ABO        59  52     E73RB         59  64    
QSO: 14217 PH 2024-03-10 1325 PD1ABO        59  52     SP2QG         59  67    
QSO: 14217 PH 2024-03-10 1326 PD1ABO        59  52     OK2TOM        59  36    
QSO: 14217 PH 2024-03-10 1326 PD1ABO        59  52     9A2EY         59  73    
QSO: 14217 PH 2024-03-10 1327 PD1ABO        59  52     IV3JAP        59  40    
QSO: 14217 PH 2024-03-10 1327 PD1ABO        59  52     HA5VP         59  11    
QSO: 14217 PH 2024-03-10 1328 PD1ABO        59  52     S54JM         59  21    
QSO: 14217 PH 2024-03-10 1329 PD1ABO        59  52     HA3SR         59  77    
QSO: 14217 PH 2024-03-10 1329 PD1ABO        59  52     IV3IPA        59  49    
QSO: 14217 PH 2024-03-10 1330 PD1ABO        59  52     SP9DAT        59  22    
QSO: 14217 PH 2024-03-10 1330 PD1ABO        59  52     S50C          59  24    
QSO: 14217 PH 2024-03-10 1331 PD1ABO        59  52     IW0SAG        59  56    
QSO: 14217 PH 2024-03-10 1331 PD1ABO        59  52     YU7CP         59  61    
QSO: 14217 PH 2024-03-10 1332 PD1ABO        59  52     HA1BB         59  19    
QSO: 14217 PH 2024-03-10 1332 PD1ABO        59  52     S58MU         59  59    
QSO: 14217 PH 2024-03-10 1333 PD1ABO        59  52     IU1HGL        59  60    
QSO: 14217 PH 2024-03-10 1333 PD1ABO        59  52     OM2LT         59  24    
QSO: 14217 PH 2024-03-10 1335 PD1ABO        59  52     MM7GED        59  75    
QSO: 14217 PH 2024-03-10 1335 PD1ABO        59  52     IV3UHL        59  58    
QSO: 14217 PH 2024-03-10 1336 PD1ABO        59  52     S53SI         59  69    
QSO: 14217 PH 2024-03-10 1337 PD1ABO        59  52     UR5W          59  44    
QSO: 14217 PH 2024-03-10 1339 PD1ABO        59  52     ES1BH         59  56    
QSO: 14217 PH 2024-03-10 1341 PD1ABO        59  52     SM5JVF        59  67    
QSO: 14217 PH 2024-03-10 1344 PD1ABO        59  52     EI5JTB        59  56    
QSO: 14217 PH 2024-03-10 1346 PD1ABO        59  52     PD0GT         59  38    
QSO: 14217 PH 2024-03-10 1347 PD1ABO        59  52     OE3MCS        59  51    
QSO: 14217 PH 2024-03-10 1348 PD1ABO        59  52     PD3GVQ        59  32    
QSO: 14217 PH 2024-03-10 1349 PD1ABO        59  52     OH6LUW        59  66    
QSO: 14217 PH 2024-03-10 1349 PD1ABO        59  52     R6DOO         59  22    
QSO: 14217 PH 2024-03-10 1350 PD1ABO        59  52     RA3VE         59  69    
QSO: 14217 PH 2024-03-10 1353 PD1ABO        59  52     LY3AB         59  55    
QSO: 14217 PH 2024-03-10 1354 PD1ABO        59  52     8S8S          59  67    
QSO: 14217 PH 2024-03-10 1355 PD1ABO        59  52     DK6VCO        59  50    
QSO: 14217 PH 2024-03-10 1356 PD1ABO        59  52     HG5KID        59  13    
QSO: 14217 PH 2024-03-10 1356 PD1ABO        59  52     RA4CL         59  70    
QSO: 14217 PH 2024-03-10 1357 PD1ABO        59  52     DN4DI         59  39    
QSO: 14217 PH 2024-03-10 1358 PD1ABO        59  52     SE4E          59  78    
QSO: 14217 PH 2024-03-10 1359 PD1ABO        59  52     HG5A          59  16    
QSO: 14217 PH 2024-03-10 1359 PD1ABO        59  52     F5AAR         59  69    
QSO: 14217 PH 2024-03-10 1401 PD1ABO        59  52     HA7UI         59  80    
QSO: 14217 PH 2024-03-10 1401 PD1ABO        59  52     YO4GOU        59  59    
QSO: 14217 PH 2024-03-10 1402 PD1ABO        59  52     F4DXP         59  72    
QSO: 14217 PH 2024-03-10 1405 PD1ABO        59  52     YO4RDW        59  52    
QSO: 14217 PH 2024-03-10 1406 PD1ABO        59  52     S50R          59  73    
QSO: 14217 PH 2024-03-10 1407 PD1ABO        59  52     9A3CFY        59  15    
QSO: 14217 PH 2024-03-10 1409 PD1ABO        59  52     HA0NEM        59  82    
QSO: 14217 PH 2024-03-10 1410 PD1ABO        59  52     MM3AWA        59  5     
QSO: 14217 PH 2024-03-10 1411 PD1ABO        59  52     IV3KKW        59  48    
QSO: 14217 PH 2024-03-10 1411 PD1ABO        59  52     SP6FU         59  14    
QSO: 14217 PH 2024-03-10 1412 PD1ABO        59  52     IV3JJH        59  18    
QSO: 14217 PH 2024-03-10 1413 PD1ABO        59  52     SQ5SQF        59  59    
QSO: 14217 PH 2024-03-10 1418 PD1ABO        59  52     BI4VIP        59  44    
QSO:  7158 PH 2024-03-10 1427 PD1ABO        59  52     DN2MR         59  12    
QSO:  7099 PH 2024-03-10 1428 PD1ABO        59  52     PA6YOTA       59  17    
QSO:  7120 PH 2024-03-10 1429 PD1ABO        59  52     PA2JCB        59  73    
QSO:  7132 PH 2024-03-10 1432 PD1ABO        59  52     PD1RO         59  67    
QSO:  7132 PH 2024-03-10 1433 PD1ABO        59  52     PA0KDV        59  67    
QSO:  7132 PH 2024-03-10 1434 PD1ABO        59  52     DC1FA         59  14    
QSO:  7132 PH 2024-03-10 1435 PD1ABO        59  52     PD9L          59  58    
QSO: 14203 PH 2024-03-10 1440 PD1ABO        59  52     YL1XF         59  15    
QSO: 14177 PH 2024-03-10 1446 PD1ABO        59  52     IZ0VXY        59  39    
QSO: 14177 PH 2024-03-10 1447 PD1ABO        59  52     SP5GNI        59  70    
QSO: 14177 PH 2024-03-10 1448 PD1ABO        59  52     UT7AXA        59  12    
QSO: 14177 PH 2024-03-10 1450 PD1ABO        59  52     SQ9KJP        59  16    
QSO: 14177 PH 2024-03-10 1453 PD1ABO        59  52     I5FIP         59  74    
QSO: 14177 PH 2024-03-10 1455 PD1ABO        59  52     IU3OWY        59  43    
QSO: 14177 PH 2024-03-10 1456 PD1ABO        59  52     9A5AFF        59  42    
QSO: 14177 PH 2024-03-10 1458 PD1ABO        59  52     IK3TCH        59  50    
QSO: 14177 PH 2024-03-10 1459 PD1ABO        59  52     I3JKI         59  68    
QSO: 14177 PH 2024-03-10 1501 PD1ABO        59  52     YO5PVZ        59  74    
QSO: 14177 PH 2024-03-10 1502 PD1ABO        59  52     IT0OPR        59  80    
QSO: 14177 PH 2024-03-10 1502 PD1ABO        59  52     IK2WBK        59  59    
QSO: 14177 PH 2024-03-10 1503 PD1ABO        59  52     IW0RQJ        59  56    
QSO: 14177 PH 2024-03-10 1504 PD1ABO        59  52     YO5AVN        59  74    
QSO: 14177 PH 2024-03-10 1505 PD1ABO        59  52     OE3XSH        59  44    
QSO: 14177 PH 2024-03-10 1506 PD1ABO        59  52     OK2MBP        59  66    
QSO: 14177 PH 2024-03-10 1509 PD1ABO        59  52     UC5D          59  52    
QSO: 14177 PH 2024-03-10 1509 PD1ABO        59  52     HG4KID        59  21    
QSO: 14177 PH 2024-03-10 1510 PD1ABO        59  52     IK6OGZ        59  58    
QSO: 14177 PH 2024-03-10 1511 PD1ABO        59  52     IU3OCN        59  49    
QSO: 14177 PH 2024-03-10 1514 PD1ABO        59  52     OE8OGK        59  40    
QSO: 14177 PH 2024-03-10 1514 PD1ABO        59  52     SM5X          59  64    
QSO: 14177 PH 2024-03-10 1515 PD1ABO        59  52     LC5C          59  61    
QSO: 14219 PH 2024-03-10 1521 PD1ABO        59  52     9A1A          59  22    
QSO: 14206 PH 2024-03-10 1522 PD1ABO        59  52     IG9ITO        59  51    
QSO: 14203 PH 2024-03-10 1523 PD1ABO        59  52     YL2TD         59  63    
QSO: 14236 PH 2024-03-10 1524 PD1ABO        59  52     HG8CK         59  14    
QSO:  7152 PH 2024-03-10 1856 PD1ABO        59  52     DL7PIA        59  16    
QSO:  7181 PH 2024-03-10 1859 PD1ABO        59  52     DL1RB         59  59    
QSO:  7180 PH 2024-03-10 1900 PD1ABO        59  52     DJ7GS         59  53    
QSO:  7180 PH 2024-03-10 1900 PD1ABO        59  52     SK6D          59  46    
QSO:  7180 PH 2024-03-10 1902 PD1ABO        59  52     M7WDR         59  38    
QSO:  7180 PH 2024-03-10 1903 PD1ABO        59  52     PH3T          59  69    
QSO:  7180 PH 2024-03-10 1904 PD1ABO        59  52     M6EAM         59  69    
QSO:  7180 PH 2024-03-10 1905 PD1ABO        59  52     9A1DR         59  60    
QSO:  7180 PH 2024-03-10 1905 PD1ABO        59  52     EI8KW         59  14    
QSO:  7180 PH 2024-03-10 1906 PD1ABO        59  52     G6UW          59  23    
QSO:  7180 PH 2024-03-10 1906 PD1ABO        59  52     DK9BM         59  31    
QSO:  7180 PH 2024-03-10 1906 PD1ABO        59  52     IV3KKW        59  48    
QSO:  7180 PH 2024-03-10 1907 PD1ABO        59  52     DL9UP         59  43    
QSO:  7180 PH 2024-03-10 1907 PD1ABO        59  52     ON5PU         59  59    
QSO:  7180 PH 2024-03-10 1908 PD1ABO        59  52     DK6WT         59  46    
QSO:  7180 PH 2024-03-10 1908 PD1ABO        59  52     PA3GVQ        59  53    
QSO:  7180 PH 2024-03-10 1909 PD1ABO        59  52     G3Q           59  77    
QSO:  7180 PH 2024-03-10 1909 PD1ABO        59  52     F4JUU         59  46    
QSO:  7180 PH 2024-03-10 1910 PD1ABO        59  52     SM5JVF        59  67    
QSO:  7180 PH 2024-03-10 1910 PD1ABO        59  52     DL1EBN        59  67    
QSO:  7180 PH 2024-03-10 1911 PD1ABO        59  52     OZ1LTW        59  51    
QSO:  7180 PH 2024-03-10 1911 PD1ABO        59  52     SP6FU         59  14    
QSO:  7180 PH 2024-03-10 1912 PD1ABO        59  52     HA7SQ         59  75    
QSO:  7180 PH 2024-03-10 1912 PD1ABO        59  52     OH6LUW        59  66    
QSO:  7180 PH 2024-03-10 1913 PD1ABO        59  52     DG6SK         59  62    
QSO:  7180 PH 2024-03-10 1913 PD1ABO        59  52     PD2ET         59  54    
QSO:  7180 PH 2024-03-10 1914 PD1ABO        59  52     DM5B          59  47    
QSO:  7180 PH 2024-03-10 1914 PD1ABO        59  52     DL7CD         59  37    
QSO:  7180 PH 2024-03-10 1915 PD1ABO        59  52     PE0CWK        59  74    
QSO:  7180 PH 2024-03-10 1915 PD1ABO        59  52     8S8S          59  67    
QSO:  7180 PH 2024-03-10 1916 PD1ABO        59  52     DL4JC         59  40    
QSO:  7180 PH 2024-03-10 1916 PD1ABO        59  52     F4ILM         59  57    
QSO:  7180 PH 2024-03-10 1917 PD1ABO        59  52     DK2SP         59  60    
QSO:  7180 PH 2024-03-10 1918 PD1ABO        59  52     YO5QDI        59  66    
QSO:  7180 PH 2024-03-10 1919 PD1ABO        59  52     PD7URK        59  61    
QSO:  7179 PH 2024-03-10 1920 PD1ABO        59  52     DN6AW         59  12    
QSO:  7179 PH 2024-03-10 1920 PD1ABO        59  52     PG1R          59  80    
QSO:  7180 PH 2024-03-10 1921 PD1ABO        59  52     HA3SR         59  77    
QSO:  7180 PH 2024-03-10 1923 PD1ABO        59  52     F1IKA         59  48    
QSO:  7180 PH 2024-03-10 1923 PD1ABO        59  52     9A3LED        59  17    
QSO:  7180 PH 2024-03-10 1924 PD1ABO        59  52     2E0HEV        59  49    
QSO:  7180 PH 2024-03-10 1924 PD1ABO        59  52     PD3MDM        59  55    
QSO:  7180 PH 2024-03-10 1925 PD1ABO        59  52     SP5GNI        59  70    
QSO:  7180 PH 2024-03-10 1925 PD1ABO        59  52     HG5KID        59  13    
QSO:  7180 PH 2024-03-10 1926 PD1ABO        59  52     G1F           59  63    
QSO:  7180 PH 2024-03-10 1926 PD1ABO        59  52     SM5S          59  67    
QSO:  7180 PH 2024-03-10 1926 PD1ABO        59  52     DN4DI         59  30    
QSO:  7180 PH 2024-03-10 1927 PD1ABO        59  52     PD4ME         59  39    
QSO:  7180 PH 2024-03-10 1927 PD1ABO        59  52     DL3AN         59  62    
QSO:  7180 PH 2024-03-10 1929 PD1ABO        59  52     S52ON         59  62    
QSO:  7180 PH 2024-03-10 1929 PD1ABO        59  52     SQ9KJP        59  16    
QSO:  7180 PH 2024-03-10 1930 PD1ABO        59  52     G3R           59  62    
QSO:  7180 PH 2024-03-10 1931 PD1ABO        59  52     OE/YT7BA      59  41    
QSO:  7180 PH 2024-03-10 1931 PD1ABO        59  52     SN3J          59  45    
QSO:  7180 PH 2024-03-10 1932 PD1ABO        59  52     PD2TW         59  60    
QSO:  7180 PH 2024-03-10 1932 PD1ABO        59  52     PD1PHG        59  57    
QSO:  7180 PH 2024-03-10 1934 PD1ABO        59  52     OK2MBP        59  66    
QSO:  7180 PH 2024-03-10 1935 PD1ABO        59  52     IK3PCZ        59  56    
QSO:  7180 PH 2024-03-10 1935 PD1ABO        59  52     G2ABR         59  80    
QSO:  7180 PH 2024-03-10 1936 PD1ABO        59  52     HG5E          59  53    
QSO:  7180 PH 2024-03-10 1937 PD1ABO        59  52     DF5FT         59  52    
QSO:  7180 PH 2024-03-10 1938 PD1ABO        59  52     G1MZD         59  76    
QSO:  7180 PH 2024-03-10 1939 PD1ABO        59  52     2E0ILF        59  56    
QSO:  7180 PH 2024-03-10 1939 PD1ABO        59  52     OE3MCS        59  51    
QSO:  7180 PH 2024-03-10 1940 PD1ABO        59  52     OE9WJH        59  75    
QSO:  7180 PH 2024-03-10 1940 PD1ABO        59  52     M7WLG         59  47    
QSO:  7180 PH 2024-03-10 1941 PD1ABO        59  52     OH1TD         59  83    
QSO:  7180 PH 2024-03-10 1942 PD1ABO        59  52     DL4DBM        59  62    
QSO:  7180 PH 2024-03-10 1943 PD1ABO        59  52     DH9ET         59  45    
QSO:  7195 PH 2024-03-10 1946 PD1ABO        59  52     S58W          59  19    
QSO:  7140 PH 2024-03-10 1948 PD1ABO        59  52     OR4T          59  45    
QSO:  7154 PH 2024-03-10 1950 PD1ABO        59  52     9A5AFF        59  42    
QSO:  7162 PH 2024-03-10 1951 PD1ABO        59  52     IZ2KXC        59  62    
QSO:  7173 PH 2024-03-10 1952 PD1ABO        59  52     HA1BB         59  19    
QSO:  7142 PH 2024-03-10 1955 PD1ABO        59  52     SA6NIA        59  18    
END-OF-LOG:
