START-OF-LOG: 3.0
CONTEST: ARRL-VHF-SEP
CALLSIGN: K5EK
LOCATION: NC
CATEGORY-OPERATOR: SINGLE-OP
CATEGORY-ASSISTED: ASSISTED
CATEGORY-POWER: HIGH
CATEGORY-BAND: ALL
CATEGORY-MODE: ALL
CATEGORY-TRANSMITTER: ONE
CATEGORY-STATION: FIXED
OPERATORS: K5EK
CLUB: Potomac Valley Radio Club
CREATED-BY: N1MM LOGGER+ 1.0.10919.0
HQ-CATEGORY: Single Operator, High Power
HQ-GRID-LOCATOR: FM06AD
QSO: 50 DG 2025-09-13 1801 K5EK FM06 KK4MA EM93
QSO: 50 DG 2025-09-13 1807 K5EK FM06 KK4MA EM93
QSO: 50 DG 2025-09-13 1815 K5EK FM06 N4JT FM06
QSO: 50 DG 2025-09-13 1821 K5EK FM06 WB4HIE EM95
QSO: 50 DG 2025-09-13 1827 K5EK FM06 AA4ZZ EM96
QSO: 50 DG 2025-09-13 1839 K5EK FM06 W2ZDP FM04
QSO: 50 DG 2025-09-13 1903 K5EK FM06 K3SK FM07
QSO: 50 DG 2025-09-13 1905 K5EK FM06 K1HTV FM18
QSO: 144 DG 2025-09-13 1917 K5EK FM06 K5DVW FM06
QSO: 50 DG 2025-09-13 1948 K5EK FM06 W4NH EM84
QSO: 50 DG 2025-09-13 1955 K5EK FM06 W4NH EM84
QSO: 144 DG 2025-09-13 2217 K5EK FM06 AA4ZZ EM96
QSO: 50 DG 2025-09-13 2226 K5EK FM06 AA4R FM05
QSO: 50 DG 2025-09-13 2228 K5EK FM06 K2JB EM85
QSO: 50 DG 2025-09-14 1015 K5EK FM06 W4TTY EM97
QSO: 50 DG 2025-09-14 1043 K5EK FM06 W8ZN FM09
QSO: 50 DG 2025-09-14 1256 K5EK FM06 KJ4CVY EM93
QSO: 50 DG 2025-09-14 1257 K5EK FM06 K3DNE EM94
QSO: 50 DG 2025-09-14 1313 K5EK FM06 KB2ACY EM85
QSO: 50 DG 2025-09-14 1349 K5EK FM06 W4BHJ EM95
QSO: 50 DG 2025-09-14 1352 K5EK FM06 K4FJW EM86
QSO: 50 DG 2025-09-14 1407 K5EK FM06 W4VIC FM16
QSO: 50 DG 2025-09-14 1411 K5EK FM06 KQ4CCC FM14
QSO: 50 DG 2025-09-14 1412 K5EK FM06 W3IP FM19
QSO: 50 DG 2025-09-14 1440 K5EK FM06 K3YDX FM05
QSO: 50 DG 2025-09-14 1505 K5EK FM06 AI4ZD EM95
QSO: 50 DG 2025-09-14 1512 K5EK FM06 WA4LDU EM93
QSO: 50 DG 2025-09-14 1541 K5EK FM06 AI4LL EM97
QSO: 50 DG 2025-09-14 1545 K5EK FM06 W4AD FM08
QSO: 50 DG 2025-09-14 2028 K5EK FM06 WA4PGI FM07
QSO: 50 DG 2025-09-14 2349 K5EK FM06 K4LY EM85
END-OF-LOG: