START-OF-LOG: 3.0
CREATED-BY: reconstructed-log-builder
CONTEST: CQ-WW-RTTY
CALLSIGN: KF7IQ
LOCATION: 
CATEGORY: CHECKLOG
CATEGORY-OPERATOR: SINGLE-OP
CATEGORY-BAND: ALL
CATEGORY-MODE: MIXED
CATEGORY-POWER: UNKNOWN
CATEGORY-ASSISTED: NON-ASSISTED
CATEGORY-TRANSMITTER: ONE
CATEGORY-STATION: UNKNOWN
CATEGORY-OVERLAY: 
OPERATORS: KF7IQ
CLAIMED-SCORE: 
CLUB: 
NAME: 
SOAPBOX: RECONSTRUCTED MOCKUP LOG - NOT AN OFFICIAL SUBMISSION.
SOAPBOX: Derived from submitted logs for CQ-WW-RTTY CQWWRTTY/2016.
QSO: 14107 RY 2016-09-24 1737 KF7IQ         599 03 UT OK3RM         599 15 DX
QSO: 14000 RY 2016-09-24 1740 KF7IQ         599 03 UT S51AF         599 15 DX
QSO: 14106 RY 2016-09-24 1742 KF7IQ         599 03 UT PI4COM        599 14 DX
QSO: 14102 RY 2016-09-24 1752 KF7IQ         599 03 UT 5C5W          599 33 DX
QSO: 14099 RY 2016-09-24 1805 KF7IQ         599 03 UT LZ1YQ         599 20 DX
QSO: 14121 RY 2016-09-24 1809 KF7IQ         599 03 UT DF3EH         599 14 DX
QSO: 14121 RY 2016-09-24 1812 KF7IQ         599 03 UT DJ50MUC       599 14 DX
QSO: 14121 RY 2016-09-24 1813 KF7IQ         599 03 UT DJ3NG         599 14 DX
QSO: 14119 RY 2016-09-24 1814 KF7IQ         599 03 UT DL3BQA        599 14 DX
QSO: 14000 RY 2016-09-24 1817 KF7IQ         599 03 UT S57DX         599 15 DX
QSO: 14115 RY 2016-09-24 1825 KF7IQ         599 03 UT EI3JE         599 14 DX
QSO: 14114 RY 2016-09-24 1829 KF7IQ         599 03 UT HA8JV         599 15 DX
QSO: 14114 RY 2016-09-24 1830 KF7IQ         599 03 UT DL1REM        599 14 DX
QSO: 14113 RY 2016-09-24 1832 KF7IQ         599 03 UT PI4CC         599 14 DX
QSO: 14111 RY 2016-09-24 1833 KF7IQ         599 03 UT 2E1AYS        599 14 DX
QSO: 14000 RY 2016-09-24 1836 KF7IQ         599 03 UT IZ2KXC        599 15 DX
QSO: 14000 RY 2016-09-24 1837 KF7IQ         599 3 UT YT2U          599 15 DX
QSO: 14109 RY 2016-09-24 1838 KF7IQ         599 03 UT OG2P          599 15 DX
QSO: 14111 RY 2016-09-24 1841 KF7IQ         599 03 UT IK2NCJ        599 15 DX
QSO: 14106 RY 2016-09-24 1845 KF7IQ         599 03 UT 4O10A         599 15 DX
QSO: 14105 RY 2016-09-24 1846 KF7IQ         599 03 UT DR5N          599 14 DX
QSO: 14106 RY 2016-09-24 1847 KF7IQ         599 03 UT SN7Q          599 15 DX
QSO: 14102 RY 2016-09-24 1851 KF7IQ         599 03 UT IQ9UI         599 15 DX
QSO: 14098 RY 2016-09-24 1900 KF7IQ         599 03 UT G3P           599 14 DX
QSO: 14095 RY 2016-09-24 1910 KF7IQ         599 03 UT 9A5X          599 15 DX
QSO: 14093 RY 2016-09-24 1912 KF7IQ         599 03 UT RK3DXW        599 16 DX
QSO: 14092 RY 2016-09-24 1914 KF7IQ         599 03 UT SV2BFN        599 20 DX
QSO: 14091 RY 2016-09-24 1918 KF7IQ         599 03 UT MW2I          599 14 DX
QSO: 14089 RY 2016-09-24 1924 KF7IQ         599 03 TX 3Z670BY       599 15 DX
QSO: 14086 RY 2016-09-24 1930 KF7IQ         599 03 UT UR5CN         599 16 DX
QSO: 14084 RY 2016-09-24 1933 KF7IQ         599 03 UT OU4O          599 14 DX
QSO: 14081 RY 2016-09-24 1946 KF7IQ         599 03 UT 9A701A        599 15 DX
QSO: 14129 RY 2016-09-24 1956 KF7IQ         599 03 UT LY6A          599 15 DX
QSO: 14128 RY 2016-09-24 1957 KF7IQ         599 03 UT UB7K          599 16 DX
QSO: 14123 RY 2016-09-24 2001 KF7IQ         599 03 UT LZ7A          599 20 DX
QSO: 14085 RY 2016-09-24 2047 KF7IQ         599 03 UT OE3DXA        599 15 DX
QSO: 14091 RY 2016-09-24 2059 KF7IQ         599 03 UT HB9DHG        599 14 DX
QSO: 14096 RY 2016-09-24 2104 KF7IQ         599 03 CT DL1T          599 14 DX
QSO: 14101 RY 2016-09-24 2106 KF7IQ         599 03 UT PA7LV         599 14 DX
QSO: 21103 RY 2016-09-25 0132 KF7IQ         599 03 UT 9M6XRO        599 28 DX
QSO: 21000 RY 2016-09-25 0134 KF7IQ         599 03 UT CB1H          599 12 DX
QSO: 21092 RY 2016-09-25 0136 KF7IQ         599 03 UT 9M6YBG        599 28 DX
QSO: 21085 RY 2016-09-25 0142 KF7IQ         599 03 UT ZL3JT         599 32 DX
QSO: 14093 RY 2016-09-25 0152 KF7IQ         599 3 UT P49X          599 9 DX
QSO: 14096 RY 2016-09-25 0155 KF7IQ         599 03 UT JA6GCE        599 25 DX
QSO:  3600 RY 2016-09-25 0211 KF7IQ         599 03 UT VC3S          599 04 ON
QSO:  3589 RY 2016-09-25 0219 KF7IQ         599 03 UT W4PK          599 05 VA
QSO:  3571 RY 2016-09-25 0232 KF7IQ         599 03 UT XE2X          599 06 DX
QSO: 14000 RY 2016-09-25 0245 KF7IQ         599 03 UT KG6DX         599 27 DX
QSO: 14086 RY 2016-09-25 0253 KF7IQ         599 03 UT R0QA          599 19 DX
QSO:  7000 RY 2016-09-25 0259 KF7IQ         599 03 UT YV5TNT        599 9 DX
QSO:  3591 RY 2016-09-25 0400 KF7IQ         599 3 UT KS0AA         599 4 KS
QSO:  7000 RY 2016-09-25 0415 KF7IQ         599 03 UT YW5T          599 09 DX
QSO:  3586 RY 2016-09-25 0459 KF7IQ         599 03 UT W3FV          599 05 PA
QSO:  3584 RY 2016-09-25 0634 KF7IQ         599 03 UT NR4M          599 05 VA
QSO:  3578 RY 2016-09-25 0646 KF7IQ         599 03 UT W0MB          599 04 MO
QSO:  3596 RY 2016-09-25 0652 KF7IQ         599 03 UT K1LZ          599 05 MA
QSO:  7080 RY 2016-09-25 0709 KF7IQ         599 03 UT K3LR          599 05 PA
QSO:  7049 RY 2016-09-25 0734 KF7IQ         599 03 UT V31MA         599 7 DX
QSO:  7052 RY 2016-09-25 0756 KF7IQ         599 03 UT K3MJW         599 05 PA
QSO:  7055 RY 2016-09-25 0759 KF7IQ         599 03 UT N5XZ          599 04 TX
QSO:  7058 RY 2016-09-25 0801 KF7IQ         599 03 UT WA3EKL        599 05 MD
QSO:  7070 RY 2016-09-25 0803 KF7IQ         599 03 UT K3DBG         599 05 PA
QSO:  7032 RY 2016-09-25 0805 KF7IQ         599 03 UT HK3TU         599 9 DX
QSO: 14108 RY 2016-09-25 1702 KF7IQ         599 03 UT KL4SD         599 01 DX
QSO: 14096 RY 2016-09-25 1708 KF7IQ         599 03 UT M9K           599 14 DX
QSO: 14088 RY 2016-09-25 1714 KF7IQ         599 03 UT SM5EPO        599 14 DX
QSO: 14086 RY 2016-09-25 1718 KF7IQ         599 03 UT LX7I          599 14 DX
QSO: 14084 RY 2016-09-25 1723 KF7IQ         599 03 UT SP3GXH        599 15 DX
QSO: 14086 RY 2016-09-25 2135 KF7IQ         599 03 UT LA7Q          599 14 DX
QSO: 14095 RY 2016-09-25 2159 KF7IQ         599 03 UT CR3W          599 33 DX
QSO: 14116 RY 2016-09-25 2203 KF7IQ         599 03 UT FG5LA         599 8 DX
END-OF-LOG:
