START-OF-LOG: 3.0
CREATED-BY: reconstructed-log-builder
CONTEST: CQ-WW-RTTY
CALLSIGN: KU4UK
LOCATION: 
CATEGORY: CHECKLOG
CATEGORY-OPERATOR: SINGLE-OP
CATEGORY-BAND: ALL
CATEGORY-MODE: MIXED
CATEGORY-POWER: UNKNOWN
CATEGORY-ASSISTED: NON-ASSISTED
CATEGORY-TRANSMITTER: ONE
CATEGORY-STATION: UNKNOWN
CATEGORY-OVERLAY: 
OPERATORS: KU4UK
CLAIMED-SCORE: 
CLUB: 
NAME: 
SOAPBOX: RECONSTRUCTED MOCKUP LOG - NOT AN OFFICIAL SUBMISSION.
SOAPBOX: Derived from submitted logs for CQ-WW-RTTY CQWWRTTY/2016.
QSO: 14105 RY 2016-09-25 2143 KU4UK         599 5 AL XE1EE         599 06 DX
QSO: 14114 RY 2016-09-25 2144 KU4UK         599 04 AL VE2SG         599 05 QC
QSO: 14117 RY 2016-09-25 2146 KU4UK         599 04 AL VA7ST         599 03 BC
QSO: 14119 RY 2016-09-25 2150 KU4UK         599 04 AL W7ZR          599 03 AZ
QSO: 14100 RY 2016-09-25 2155 KU4UK         599 04 AL AN400V        599 14 DX
QSO: 14105 RY 2016-09-25 2156 KU4UK         599 04 AL 5C5W          599 33 DX
QSO: 14104 RY 2016-09-25 2201 KU4UK         599 05 AL K3EST         599 03 CA
QSO: 14087 RY 2016-09-25 2208 KU4UK         599 05 AL W1DX          599 05 CT
QSO: 14115 RY 2016-09-25 2211 KU4UK         599 05 AL AF4RK         599 05 FL
QSO: 14096 RY 2016-09-25 2215 KU4UK         599 05 AL NN2NN         599 05 NY
QSO: 14096 RY 2016-09-25 2217 KU4UK         599 05 AL K1RCT         599 05 CT
QSO: 14117 RY 2016-09-25 2246 KU4UK         599 04 AL PY2NY         599 11 DX
END-OF-LOG:
