START-OF-LOG: 3.0
CREATED-BY: vhfmanager-downloader
CONTEST: ZRS marčevsko UKV tekmovanje - Official results - VHFManager
CALLSIGN: UR5LX
CATEGORY: 145 MHz - checklog
CATEGORY-OPERATOR: SINGLE-OP
CATEGORY-ASSISTED: NON-ASSISTED
CATEGORY-TRANSMITTER: ONE
CATEGORY-STATION: FIXED
QSO: 144100 CW 2020-03-07 1423 UR5LX         599 1 KO70WK   UY7LO         599 2 KO80CB  
QSO: 144300 PH 2020-03-07 1435 UR5LX         59  2 KO70WK   UT3LK         59  5 KN89KK  
QSO: 144300 PH 2020-03-07 1436 UR5LX         59  3 KO70WK   UV2L          59  4 KN89AW  
QSO: 144300 PH 2020-03-07 1438 UR5LX         59  4 KO70WK   UR5LEH        59  3 KN89AT  
QSO: 144300 PH 2020-03-07 1440 UR5LX         59  5 KO70WK   UT4LA         59  4 KN89CW  
QSO: 144300 PH 2020-03-07 1441 UR5LX         59  6 KO70WK   UX0QQ         59  10 KN87CE 
QSO: 144300 PH 2020-03-07 1444 UR5LX         59  7 KO70WK   UT7EW         59  3 KN78MM  
QSO: 144300 PH 2020-03-07 1446 UR5LX         59  8 KO70WK   UT8LE         59  4 KN79WW  
QSO: 144300 PH 2020-03-07 1448 UR5LX         59  9 KO70WK   US7GY         59  7 KN66LC  
QSO: 144100 CW 2020-03-07 1452 UR5LX         599 10 KO70WK  UT2UB         599 5 KO50GK  
QSO: 144300 PH 2020-03-07 1457 UR5LX         59  11 KO70WK  UT3LL         59  5 KO80AC  
QSO: 144300 PH 2020-03-07 1458 UR5LX         59  12 KO70WK  UT7LK         59  5 KO80DA  
QSO: 144300 PH 2020-03-07 1459 UR5LX         59  13 KO70WK  UT8QQ         59  12 KN77UF 
QSO: 144300 PH 2020-03-07 1459 UR5LX         59  14 KO70WK  UT2QQ         59  9 KN77SI  
QSO: 144300 PH 2020-03-07 1508 UR5LX         59  15 KO70WK  RD3ZA         59  9 KO80GM  
QSO: 144300 PH 2020-03-07 1510 UR5LX         59  16 KO70WK  UT5QBN        59  10 KN77UF 
QSO: 144300 PH 2020-03-07 1512 UR5LX         59  17 KO70WK  UT4QK         59  10 KN77TE 
QSO: 144300 PH 2020-03-07 1513 UR5LX         59  18 KO70WK  UR4QV         59  8 KN77UG  
QSO: 144100 CW 2020-03-07 1535 UR5LX         599 19 KO70WK  UT7EL         599 19 KN77EN 
QSO: 144100 CW 2020-03-07 1552 UR5LX         599 20 KO70WK  UY9VY         599 10 KN68DM 
QSO: 144100 CW 2020-03-07 1600 UR5LX         599 21 KO70WK  UR3VKC        599 9 KN68NT  
QSO: 144100 CW 2020-03-07 1607 UR5LX         599 22 KO70WK  EM3U          599 1 KN59BT  
QSO: 144300 PH 2020-03-07 1616 UR5LX         59  23 KO70WK  UR7IM         59  3 KN88SR  
QSO: 144300 PH 2020-03-07 1616 UR5LX         59  24 KO70WK  UR4LG         59  10 KN89EW 
QSO: 144100 CW 2020-03-07 1621 UR5LX         599 25 KO70WK  US6EC         599 6 KN78IL  
QSO: 144300 PH 2020-03-07 1650 UR5LX         59  26 KO70WK  US4IEK        59  2 KN87UX  
QSO: 144300 PH 2020-03-07 1651 UR5LX         59  27 KO70WK  UX2QL         59  11 KN87DQ 
QSO: 144100 CW 2020-03-07 1752 UR5LX         599 28 KO70WK  US4QQ         599 15 KN87CE 
QSO: 144100 CW 2020-03-07 1759 UR5LX         599 29 KO70WK  RM4P          599 2 KO84VH  
QSO: 144100 CW 2020-03-07 1805 UR5LX         599 30 KO70WK  RD3FD         599 1 KO95CO  
QSO: 144100 CW 2020-03-07 1841 UR5LX         599 31 KO70WK  UT2EM         599 20 KN67QV 
QSO: 144300 PH 2020-03-07 1928 UR5LX         59  32 KO70WK  UR6LF         59  3 KO80CA  
QSO: 144100 CW 2020-03-07 2000 UR5LX         599 33 KO70WK  UT9UR         599 7 KO40XD  
QSO: 144100 CW 2020-03-07 2006 UR5LX         599 34 KO70WK  UT8AL         599 4 KO61WP  
QSO: 144100 CW 2020-03-08 0533 UR5LX         599 35 KO70WK  UT5ERP        599 21 KN77AQ 
QSO: 144300 PH 2020-03-08 0551 UR5LX         59  36 KO70WK  UX4IJ         59  10 KN88TR 
QSO: 144100 CW 2020-03-08 0633 UR5LX         599 37 KO70WK  US0GB         599 20 KN67UA 
QSO: 144300 PH 2020-03-08 0644 UR5LX         59  38 KO70WK  UW5EGT        59  26 KN67PW 
QSO: 144300 PH 2020-03-08 0645 UR5LX         59  39 KO70WK  UW5ELQ        59  28 KN67TW 
QSO: 144300 PH 2020-03-08 0658 UR5LX         59  40 KO70WK  US5UES        59  5 KO50PI  
QSO: 144300 PH 2020-03-08 0700 UR5LX         59  41 KO70WK  UW5EFF        59  35 KN68TD 
QSO: 144100 CW 2020-03-08 0748 UR5LX         599 42 KO70WK  UW4U          599 6 KN49WV  
END-OF-LOG:
