START-OF-LOG: 2.0
CREATED-BY: QARTest 6.2.1
CONTEST: EA-RTTY
CALLSIGN: IW2HUS
CATEGORY: SINGLE-OP 40M
CLAIMED-SCORE: 26499
NAME: Franco Guanziroli
SOAPBOX: Rig: Yaesu FT 450 AT. Ant.1: OCF Dipole @11m - Ant.2: vertical full size 
SOAPBOX: 4 radial elevated @8m
QSO:  7000 RY 2016-04-02 1649 IW2HUS        599 0001   S51CK         599 0041  
QSO:  7000 RY 2016-04-02 1650 IW2HUS        599 0002   EE1D          599 SO    
QSO:  7000 RY 2016-04-02 1651 IW2HUS        599 0003   LY5W          599 0030  
QSO:  7000 RY 2016-04-02 1652 IW2HUS        599 0004   EA7KP         599 AL    
QSO:  7000 RY 2016-04-02 1653 IW2HUS        599 0005   PD2GSP        599 0033  
QSO:  7000 RY 2016-04-02 1655 IW2HUS        599 0006   EA6DB         599 IB    
QSO:  7000 RY 2016-04-02 1657 IW2HUS        599 0007   US6CQ         599 0032  
QSO:  7000 RY 2016-04-02 1658 IW2HUS        599 0008   I3PXN         599 0024  
QSO:  7000 RY 2016-04-02 1659 IW2HUS        599 0009   OZ11A         599 0053  
QSO:  7000 RY 2016-04-02 1701 IW2HUS        599 0010   OH3FM         599 0015  
QSO:  7000 RY 2016-04-02 1702 IW2HUS        599 0011   UX7QV         599 0039  
QSO:  7000 RY 2016-04-02 1703 IW2HUS        599 0012   EE4CP         599 M     
QSO:  7000 RY 2016-04-02 1704 IW2HUS        599 0013   EA5GIE        599 V     
QSO:  7000 RY 2016-04-02 1727 IW2HUS        599 0014   S51AF         599 0075  
QSO:  7000 RY 2016-04-02 1728 IW2HUS        599 0015   EB5DXJ        599 A     
QSO:  7000 RY 2016-04-02 1729 IW2HUS        599 0016   EF3A          599 T     
QSO:  7000 RY 2016-04-02 1731 IW2HUS        599 0017   EM0I          599 0071  
QSO:  7000 RY 2016-04-02 1732 IW2HUS        599 0018   UA3PI         599 0050  
QSO:  7000 RY 2016-04-02 1735 IW2HUS        599 0019   9A9TT         599 0016  
QSO:  7000 RY 2016-04-02 1735 IW2HUS        599 0020   EA3FF         599 L     
QSO:  7000 RY 2016-04-02 1741 IW2HUS        599 0021   S58X          599 0035  
QSO:  7000 RY 2016-04-02 1742 IW2HUS        599 0022   UA3NFI        599 0043  
QSO:  7000 RY 2016-04-02 1744 IW2HUS        599 0023   9A1RBZ        599 0044  
QSO:  7000 RY 2016-04-02 1745 IW2HUS        599 0024   OH3EX         599 0045  
QSO:  7000 RY 2016-04-02 1747 IW2HUS        599 0025   OH5ELX        599 0027  
QSO:  7000 RY 2016-04-02 1748 IW2HUS        599 0026   DL8ZU         599 0058  
QSO:  7000 RY 2016-04-02 1751 IW2HUS        599 0027   UT5EPP        599 0078  
QSO:  7000 RY 2016-04-02 1754 IW2HUS        599 0028   9A7SSB        599 0021  
QSO:  7000 RY 2016-04-02 1756 IW2HUS        599 0029   9A701CRT      599 0043  
QSO:  7000 RY 2016-04-02 1758 IW2HUS        599 0030   EA5RW         599 V     
QSO:  7000 RY 2016-04-02 1801 IW2HUS        599 0031   EA3JW         599 B     
QSO:  7000 RY 2016-04-02 1805 IW2HUS        599 0032   R7CD          599 0085  
QSO:  7000 RY 2016-04-02 1808 IW2HUS        599 0033   EC5JC         599 A     
QSO:  7000 RY 2016-04-02 1811 IW2HUS        599 0034   DM3HZN        599 0006  
QSO:  7000 RY 2016-04-02 1813 IW2HUS        599 0035   EA4AGI        599 M     
QSO:  7000 RY 2016-04-02 1815 IW2HUS        599 0036   EB5CUZ        599 CS    
QSO:  7000 RY 2016-04-02 1815 IW2HUS        599 0037   IU3BSY        599 0017  
QSO:  7000 RY 2016-04-02 1817 IW2HUS        599 0038   PD0ME         599 0043  
QSO:  7000 RY 2016-04-02 1817 IW2HUS        599 0039   HA0MS         599 0045  
QSO:  7000 RY 2016-04-02 1818 IW2HUS        599 0040   UA3XO         599 0043  
QSO:  7000 RY 2016-04-02 1819 IW2HUS        599 0041   YU5RY         599 0054  
QSO:  7000 RY 2016-04-02 1820 IW2HUS        599 0042   PA2LP         599 0022  
QSO:  7000 RY 2016-04-02 1823 IW2HUS        599 0043   PD0MHZ        599 0048  
QSO:  7000 RY 2016-04-02 1823 IW2HUS        599 0044   LZ2ZG         599 0033  
QSO:  7000 RY 2016-04-02 1824 IW2HUS        599 0045   UR5SAU        599 0056  
QSO:  7000 RY 2016-04-02 1825 IW2HUS        599 0046   OK1BA         599 0053  
QSO:  7000 RY 2016-04-02 1829 IW2HUS        599 0047   DL5ASK        599 0043  
QSO:  7000 RY 2016-04-02 1830 IW2HUS        599 0048   UR4MG         599 0059  
QSO:  7000 RY 2016-04-02 1832 IW2HUS        599 0049   SV1JMO        599 0077  
QSO:  7000 RY 2016-04-02 1834 IW2HUS        599 0050   OQ6A          599 0106  
QSO:  7000 RY 2016-04-02 1837 IW2HUS        599 0051   IK4CLF        599 0055  
QSO:  7000 RY 2016-04-02 1839 IW2HUS        599 0052   LZ7A          599 0085  
QSO:  7000 RY 2016-04-02 1842 IW2HUS        599 0053   DK2VM         599 0042  
QSO:  7000 RY 2016-04-02 1842 IW2HUS        599 0054   S57AW         599 0048  
QSO:  7000 RY 2016-04-02 1845 IW2HUS        599 0055   OH3OJ         599 0083  
QSO:  7000 RY 2016-04-02 1848 IW2HUS        599 0056   ED7P          599 SE    
QSO:  7000 RY 2016-04-02 1850 IW2HUS        599 0057   HA1AD         599 0052  
QSO:  7000 RY 2016-04-02 1852 IW2HUS        599 0058   LZ8U          599 0065  
QSO:  7000 RY 2016-04-02 1858 IW2HUS        599 0059   PA3DBS        599 0095  
QSO:  7000 RY 2016-04-02 1858 IW2HUS        599 0060   SE4E          599 0101  
QSO:  7000 RY 2016-04-02 1859 IW2HUS        599 0061   IV3WMS        599 0062  
QSO:  7000 RY 2016-04-02 1900 IW2HUS        599 0062   EU8F          599 0054  
QSO:  7000 RY 2016-04-02 1902 IW2HUS        599 0063   S58Q          599 0013  
QSO:  7000 RY 2016-04-02 1905 IW2HUS        599 0064   EA1QS         599 PO    
QSO:  7000 RY 2016-04-02 1906 IW2HUS        599 0065   OM2DT         599 0050  
QSO:  7000 RY 2016-04-02 1908 IW2HUS        599 0066   YO6HSU        599 0085  
QSO:  7000 RY 2016-04-02 1910 IW2HUS        599 0067   OK1MSP        599 0103  
QSO:  7000 RY 2016-04-02 1911 IW2HUS        599 0068   EA2DDE        599 NA    
QSO:  7000 RY 2016-04-02 1912 IW2HUS        599 0069   YO2LDU        599 0021  
QSO:  7000 RY 2016-04-02 1914 IW2HUS        599 0070   UR7CB         599 0044  
QSO:  7000 RY 2016-04-02 1915 IW2HUS        599 0071   EA1EHW        599 PO    
QSO:  7000 RY 2016-04-02 1916 IW2HUS        599 0072   HG3FMZ        599 0030  
QSO:  7000 RY 2016-04-02 1917 IW2HUS        599 0073   G0LRD         599 0025  
QSO:  7000 RY 2016-04-02 1918 IW2HUS        599 0074   UR4CU         599 0108  
QSO:  7000 RY 2016-04-02 1919 IW2HUS        599 0075   OK2BHD        599 0036  
QSO:  7000 RY 2016-04-02 1920 IW2HUS        599 0076   OS4U          599 0057  
QSO:  7000 RY 2016-04-02 1920 IW2HUS        599 0077   YO4CVV        599 0037  
QSO:  7000 RY 2016-04-02 1921 IW2HUS        599 0078   RX1CV         599 0046  
QSO:  7000 RY 2016-04-02 1923 IW2HUS        599 0079   UR7ZO         599 0015  
QSO:  7000 RY 2016-04-02 1924 IW2HUS        599 0080   F6EWX         599 0034  
QSO:  7000 RY 2016-04-02 1926 IW2HUS        599 0081   OK2EA         599 0052  
QSO:  7000 RY 2016-04-02 1928 IW2HUS        599 0082   YO5BLA        599 0053  
QSO:  7000 RY 2016-04-02 1932 IW2HUS        599 0083   UZ1I          599 0048  
QSO:  7000 RY 2016-04-02 1932 IW2HUS        599 0084   OK7KW         599 0026  
QSO:  7000 RY 2016-04-02 1933 IW2HUS        599 0085   DG0CG         599 0086  
QSO:  7000 RY 2016-04-02 1934 IW2HUS        599 0086   UX6IB         599 0061  
QSO:  7000 RY 2016-04-02 1935 IW2HUS        599 0087   UX1IL         599 0064  
QSO:  7000 RY 2016-04-02 1938 IW2HUS        599 0088   RU3XB         599 0105  
QSO:  7000 RY 2016-04-02 1939 IW2HUS        599 0089   PA7AM         599 0046  
QSO:  7000 RY 2016-04-02 1942 IW2HUS        599 0090   EA5FIV        599 A     
QSO:  7000 RY 2016-04-02 1943 IW2HUS        599 0091   EU1FQ         599 0041  
QSO:  7000 RY 2016-04-02 1944 IW2HUS        599 0092   RG5A          599 0088  
QSO:  7000 RY 2016-04-02 1945 IW2HUS        599 0093   EE4CP         599 M     
QSO:  7000 RY 2016-04-02 1945 IW2HUS        599 0094   SP4BPH        599 0066  
QSO:  7000 RY 2016-04-02 1949 IW2HUS        599 0095   IK5TBI        599 0081  
QSO:  7000 RY 2016-04-02 1949 IW2HUS        599 0096   EE5H          599 V     
QSO:  7000 RY 2016-04-02 1950 IW2HUS        599 0097   RM3DA         599 0007  
QSO:  7000 RY 2016-04-02 1952 IW2HUS        599 0098   SG5G          599 0067  
QSO:  7000 RY 2016-04-02 1954 IW2HUS        599 0099   SP5TAZ        599 0040  
QSO:  7000 RY 2016-04-02 1956 IW2HUS        599 0100   EE3X          599 B     
QSO:  7000 RY 2016-04-02 1958 IW2HUS        599 0101   EA4URE        599 HQ    
QSO:  7000 RY 2016-04-02 2000 IW2HUS        599 0102   ED3D          599 GI    
QSO:  7000 RY 2016-04-02 2003 IW2HUS        599 0103   RV6HEO        599 0013  
QSO:  7000 RY 2016-04-02 2008 IW2HUS        599 0104   OM8LA         599 0028  
QSO:  7000 RY 2016-04-02 2011 IW2HUS        599 0105   EE7Y          599 H     
QSO:  7000 RY 2016-04-02 2012 IW2HUS        599 0106   9A7C          599 0152  
QSO:  7000 RY 2016-04-02 2015 IW2HUS        599 0107   EB3EFU        599 GI    
QSO:  7000 RY 2016-04-02 2017 IW2HUS        599 0108   YL2KO         599 0067  
QSO:  7000 RY 2016-04-02 2019 IW2HUS        599 0109   PD2TW         599 0116  
QSO:  7000 RY 2016-04-02 2020 IW2HUS        599 0110   PB7Z          599 0127  
QSO:  7000 RY 2016-04-02 2022 IW2HUS        599 0111   ED2C          599 VI    
QSO:  7000 RY 2016-04-02 2023 IW2HUS        599 0112   EB1EB         599 S     
QSO:  7000 RY 2016-04-02 2025 IW2HUS        599 0113   F5RD          599 0080  
QSO:  7000 RY 2016-04-02 2027 IW2HUS        599 0114   DL5ARM        599 0088  
QSO:  7000 RY 2016-04-02 2028 IW2HUS        599 0115   IV3RVN        599 0024  
QSO:  7000 RY 2016-04-02 2028 IW2HUS        599 0116   EE2A          599 VI    
QSO:  7000 RY 2016-04-02 2029 IW2HUS        599 0117   OK2SGW        599 0035  
QSO:  7000 RY 2016-04-02 2030 IW2HUS        599 0118   DJ3IW         599 0040  
QSO:  7000 RY 2016-04-02 2031 IW2HUS        599 0119   GM0NBM        599 0041  
QSO:  7000 RY 2016-04-02 2031 IW2HUS        599 0120   YT3H          599 0030  
QSO:  7000 RY 2016-04-02 2033 IW2HUS        599 0121   EA2EA         599 SS    
QSO:  7000 RY 2016-04-02 2038 IW2HUS        599 0122   DH6BH         599 0018  
QSO:  7000 RY 2016-04-02 2040 IW2HUS        599 0123   S51DX         599 0048  
QSO:  7000 RY 2016-04-02 2046 IW2HUS        599 0124   IK1RGK        599 0138  
QSO:  7000 RY 2016-04-02 2046 IW2HUS        599 0125   IZ8EPX        599 0010  
QSO:  7000 RY 2016-04-02 2047 IW2HUS        599 0126   OH2PM         599 0040  
QSO:  7000 RY 2016-04-02 2050 IW2HUS        599 0127   DL6KVA        599 0026  
QSO:  7000 RY 2016-04-02 2052 IW2HUS        599 0128   EA1RCR        599 LO    
QSO:  7000 RY 2016-04-02 2053 IW2HUS        599 0129   HA6NL         599 0097  
QSO:  7000 RY 2016-04-02 2054 IW2HUS        599 0130   5P9X          599 0094  
QSO:  7000 RY 2016-04-02 2057 IW2HUS        599 0131   PA3HGF        599 0051  
QSO:  7000 RY 2016-04-02 2059 IW2HUS        599 0132   PI4CG         599 0210  
QSO:  7000 RY 2016-04-02 2103 IW2HUS        599 0133   IW7DBM        599 0076  
QSO:  7000 RY 2016-04-02 2104 IW2HUS        599 0134   YU1BN         599 0130  
QSO:  7000 RY 2016-04-02 2105 IW2HUS        599 0135   SZ1A          599 0211  
QSO:  7000 RY 2016-04-02 2111 IW2HUS        599 0136   RN2FQ         599 0001  
QSO:  7000 RY 2016-04-02 2112 IW2HUS        599 0137   IW0AEN        599 0005  
QSO:  7000 RY 2016-04-02 2113 IW2HUS        599 0138   M0CFV         599 0058  
QSO:  7000 RY 2016-04-02 2115 IW2HUS        599 0139   PA3CMF        599 0085  
QSO:  7000 RY 2016-04-02 2120 IW2HUS        599 0140   EE7H          599 H     
QSO:  7000 RY 2016-04-02 2121 IW2HUS        599 0141   SV8DTD        599 0086  
QSO:  7000 RY 2016-04-02 2128 IW2HUS        599 0142   IK8SCR        599 0039  
QSO:  7000 RY 2016-04-02 2130 IW2HUS        599 0143   EA1DME        599 P     
QSO:  7000 RY 2016-04-02 2130 IW2HUS        599 0144   IS0BRQ        599 0007  
QSO:  7000 RY 2016-04-02 2132 IW2HUS        599 0145   EB3EFT        599 GI    
QSO:  7000 RY 2016-04-02 2134 IW2HUS        599 0146   EB5TC         599 V     
QSO:  7000 RY 2016-04-02 2137 IW2HUS        599 0147   4Z5UN         599 0165  
QSO:  7000 RY 2016-04-02 2140 IW2HUS        599 0148   EA1BAF        599 OU    
QSO:  7000 RY 2016-04-02 2151 IW2HUS        599 0149   A71AE         599 0136  
QSO:  7000 RY 2016-04-02 2153 IW2HUS        599 0150   EA5FID        599 A     
QSO:  7000 RY 2016-04-02 2157 IW2HUS        599 0151   EA4GSX        599 PO    
QSO:  7000 RY 2016-04-02 2202 IW2HUS        599 0152   UA3IHJ        599 0020  
QSO:  7000 RY 2016-04-02 2205 IW2HUS        599 0153   UA3IBD        599 0070  
QSO:  7000 RY 2016-04-02 2208 IW2HUS        599 0154   IT9PZM        599 0061  
QSO:  7000 RY 2016-04-02 2210 IW2HUS        599 0155   EI3JE         599 0275  
QSO:  7000 RY 2016-04-02 2214 IW2HUS        599 0156   EA5KO         599 V     
QSO:  7000 RY 2016-04-02 2222 IW2HUS        599 0157   5C5W          599 0333  
QSO:  7000 RY 2016-04-02 2224 IW2HUS        599 0158   EA4CWN        599 TO    
QSO:  7000 RY 2016-04-02 2231 IW2HUS        599 0159   EA3FZT        599 B     
QSO:  7000 RY 2016-04-02 2232 IW2HUS        599 0160   EA5XC         599 A     
QSO:  7000 RY 2016-04-02 2234 IW2HUS        599 0161   RK3PWR        599 0147  
QSO:  7000 RY 2016-04-02 2236 IW2HUS        599 0162   W0QQG         599 0062  
QSO:  7000 RY 2016-04-02 2243 IW2HUS        599 0163   W3FV          599 0255  
QSO:  7000 RY 2016-04-02 2247 IW2HUS        599 0164   EA1GT/QRP     599 C     
QSO:  7000 RY 2016-04-02 2250 IW2HUS        599 0165   W3FIZ         599 0152  
QSO:  7000 RY 2016-04-02 2252 IW2HUS        599 0166   YO9HP         599 0138  
QSO:  7000 RY 2016-04-02 2302 IW2HUS        599 0167   N1MD          599 0050  
QSO:  7000 RY 2016-04-02 2305 IW2HUS        599 0168   Z36W          599 0168  
QSO:  7000 RY 2016-04-02 2306 IW2HUS        599 0169   NE3H          599 0160  
QSO:  7000 RY 2016-04-02 2308 IW2HUS        599 0170   SV1JG         599 0111  
QSO:  7000 RY 2016-04-02 2313 IW2HUS        599 0171   EB5CS         599 CS    
QSO:  7000 RY 2016-04-02 2316 IW2HUS        599 0172   EA5EV         599 MU    
QSO:  7000 RY 2016-04-02 2318 IW2HUS        599 0173   IK2PZC        599 0177  
QSO:  7000 RY 2016-04-02 2323 IW2HUS        599 0174   K4GMH         599 0033  
QSO:  7000 RY 2016-04-02 2346 IW2HUS        599 0175   EC7AT         599 AL    
QSO:  7000 RY 2016-04-03 0714 IW2HUS        599 0176   DH7TS         599 0077  
QSO:  7000 RY 2016-04-03 0715 IW2HUS        599 0177   EB1RL/2       599 VI    
QSO:  7000 RY 2016-04-03 0717 IW2HUS        599 0178   EA1GT/QRP     599 C     
QSO:  7000 RY 2016-04-03 0722 IW2HUS        599 0179   EA2BF         599 BI    
QSO:  7000 RY 2016-04-03 0723 IW2HUS        599 0180   IQ2CU         599 0298  
QSO:  7000 RY 2016-04-03 0727 IW2HUS        599 0181   OM5MX         599 0023  
QSO:  7000 RY 2016-04-03 0729 IW2HUS        599 0182   DL9FB         599 0091  
QSO:  7000 RY 2016-04-03 0731 IW2HUS        599 0183   PA3ARM        599 0040  
QSO:  7000 RY 2016-04-03 0734 IW2HUS        599 0184   DL2KWA        599 0138  
QSO:  7000 RY 2016-04-03 0736 IW2HUS        599 0185   RW3SY         599 0178  
QSO:  7000 RY 2016-04-03 0739 IW2HUS        599 0186   EA7DUT        599 CC    
QSO:  7000 RY 2016-04-03 0739 IW2HUS        599 0187   DJ3GE         599 0056  
QSO:  7000 RY 2016-04-03 0742 IW2HUS        599 0188   DF8JK         599 0040  
QSO:  7000 RY 2016-04-03 0746 IW2HUS        599 0189   IW0UWE        599 0054  
QSO:  7000 RY 2016-04-03 0747 IW2HUS        599 0190   DL3KVR        599 0139  
QSO:  7000 RY 2016-04-03 0750 IW2HUS        599 0191   IZ8IBC        599 0144  
QSO:  7000 RY 2016-04-03 0751 IW2HUS        599 0192   IK8UND        599 0103  
QSO:  7000 RY 2016-04-03 0759 IW2HUS        599 0193   EA2DPS        599 BI    
QSO:  7000 RY 2016-04-03 0802 IW2HUS        599 0194   M0SDY         599 0090  
QSO:  7000 RY 2016-04-03 0805 IW2HUS        599 0195   YL3GAZ        599 0187  
QSO:  7000 RY 2016-04-03 0805 IW2HUS        599 0196   IK2AUK        599 0127  
QSO:  7000 RY 2016-04-03 0806 IW2HUS        599 0197   DJ4WM         599 0042  
QSO:  7000 RY 2016-04-03 0809 IW2HUS        599 0198   EA4FJX        599 M     
QSO:  7000 RY 2016-04-03 0810 IW2HUS        599 0199   OH2LNH        599 0057  
QSO:  7000 RY 2016-04-03 0811 IW2HUS        599 0200   M5M           599 0019  
QSO:  7000 RY 2016-04-03 0813 IW2HUS        599 0201   F1HMR         599 0004  
QSO:  7000 RY 2016-04-03 0814 IW2HUS        599 0202   G4JBA         599 0129  
QSO:  7000 RY 2016-04-03 0815 IW2HUS        599 0203   EA1SI         599 O     
QSO:  7000 RY 2016-04-03 0820 IW2HUS        599 0204   C37URA        599 0200  
QSO:  7000 RY 2016-04-03 0823 IW2HUS        599 0205   EC1KR         599 AV    
QSO:  7000 RY 2016-04-03 0827 IW2HUS        599 0206   LB1AH         599 0065  
QSO:  7000 RY 2016-04-03 0829 IW2HUS        599 0207   ON3JMV        599 0092  
QSO:  7000 RY 2016-04-03 0831 IW2HUS        599 0208   ON2AD         599 0021  
QSO:  7000 RY 2016-04-03 0835 IW2HUS        599 0209   M6VPW         599 0095  
QSO:  7000 RY 2016-04-03 0840 IW2HUS        599 0210   EA3HKA        599 B     
QSO:  7000 RY 2016-04-03 0843 IW2HUS        599 0211   DM2DLG        599 0002  
QSO:  7000 RY 2016-04-03 0844 IW2HUS        599 0212   EA1AT         599 S     
QSO:  7000 RY 2016-04-03 0846 IW2HUS        599 0213   EA3FZT        599 B     
QSO:  7000 RY 2016-04-03 0847 IW2HUS        599 0214   DJ6UP         599 0022  
QSO:  7000 RY 2016-04-03 0849 IW2HUS        599 0215   G3SNU         599 0086  
QSO:  7000 RY 2016-04-03 0852 IW2HUS        599 0216   HA5AGP        599 0021  
QSO:  7000 RY 2016-04-03 0906 IW2HUS        599 0217   SM6BGG        599 0043  
QSO:  7000 RY 2016-04-03 0907 IW2HUS        599 0218   OK2QA         599 0129  
QSO:  7000 RY 2016-04-03 0907 IW2HUS        599 0219   EB2AM         599 BI    
QSO:  7000 RY 2016-04-03 0915 IW2HUS        599 0220   DM5WH         599 0018  
QSO:  7000 RY 2016-04-03 0922 IW2HUS        599 0221   PE2K          599 0059  
QSO:  7000 RY 2016-04-03 0924 IW2HUS        599 0222   DL4ME         599 0180  
QSO:  7000 RY 2016-04-03 0928 IW2HUS        599 0223   DL5QS         599 0005  
QSO:  7000 RY 2016-04-03 0930 IW2HUS        599 0224   DL4LT         599 0034  
QSO:  7000 RY 2016-04-03 0933 IW2HUS        599 0225   PA9DD         599 0056  
QSO:  7000 RY 2016-04-03 0936 IW2HUS        599 0226   PA3KVE        599 0050  
QSO:  7000 RY 2016-04-03 0938 IW2HUS        599 0227   EB2RA         599 HU    
QSO:  7000 RY 2016-04-03 0939 IW2HUS        599 0228   DM5DX         599 0011  
QSO:  7000 RY 2016-04-03 0946 IW2HUS        599 0229   PA7LV         599 0002  
QSO:  7000 RY 2016-04-03 0948 IW2HUS        599 0230   F4FVW         599 0008  
QSO:  7000 RY 2016-04-03 1130 IW2HUS        599 0231   2E0LJZ        599 0099  
QSO:  7000 RY 2016-04-03 1134 IW2HUS        599 0232   DL2TM         599 0083  
QSO:  7000 RY 2016-04-03 1139 IW2HUS        599 0233   DL2XC         599 0075  
QSO:  7000 RY 2016-04-03 1141 IW2HUS        599 0234   G4CUS         599 0004  
QSO:  7000 RY 2016-04-03 1144 IW2HUS        599 0235   PA2GRU        599 0019  
QSO:  7000 RY 2016-04-03 1148 IW2HUS        599 0236   C31CT         599 0057  
QSO:  7000 RY 2016-04-03 1155 IW2HUS        599 0237   G4DBW         599 0112  
QSO:  7000 RY 2016-04-03 1158 IW2HUS        599 0238   OH2HAN        599 0568  
QSO:  7000 RY 2016-04-03 1202 IW2HUS        599 0239   EA3GWZ        599 LE    
QSO:  7000 RY 2016-04-03 1310 IW2HUS        599 0240   SP9CTS        599 0010  
QSO:  7000 RY 2016-04-03 1316 IW2HUS        599 0241   OK1SLA        599 0022  
QSO:  7000 RY 2016-04-03 1319 IW2HUS        599 0242   PE1BNF        599 0148  
QSO:  7000 RY 2016-04-03 1322 IW2HUS        599 0243   ON4CJU        599 0057  
QSO:  7000 RY 2016-04-03 1322 IW2HUS        599 0244   EA3GCT        599 B     
QSO:  7000 RY 2016-04-03 1324 IW2HUS        599 0245   F1IWH         599 0149  
QSO:  7000 RY 2016-04-03 1327 IW2HUS        599 0246   DL3DRN        599 0091  
QSO:  7000 RY 2016-04-03 1329 IW2HUS        599 0247   DL0DIX        599 0090  
QSO:  7000 RY 2016-04-03 1535 IW2HUS        599 0248   IK2SND        599 0026  
QSO:  7000 RY 2016-04-03 1552 IW2HUS        599 0249   DL0GMH        599 0129  
QSO:  7000 RY 2016-04-03 1552 IW2HUS        599 0250   G4CXQ         599 0238  
QSO:  7000 RY 2016-04-03 1554 IW2HUS        599 0251   OK2SGY        599 0080  
QSO:  7000 RY 2016-04-03 1555 IW2HUS        599 0252   LG5LG         599 0340  
END-OF-LOG:
