START-OF-LOG: 3.0
CREATED-BY: vhfmanager-downloader
CONTEST: ZRS marčevsko UKV tekmovanje - Official results - VHFManager
CALLSIGN: SP9SOO
CATEGORY: 1,3 GHz - checklog
CATEGORY-OPERATOR: SINGLE-OP
CATEGORY-ASSISTED: NON-ASSISTED
CATEGORY-TRANSMITTER: ONE
CATEGORY-STATION: FIXED
QSO: 1300000 PH 2013-03-02 1443 SP9SOO        59  1 JN99OV   OL3Z          59  11 JN79FX 
QSO: 1300000 PH 2013-03-02 1540 SP9SOO        59  2 JN99OV   OL7Q          59  6 JN99DQ  
QSO: 1300000 PH 2013-03-02 1544 SP9SOO        59  3 JN99OV   SP9COO        59  4 JO90GA  
QSO: 1300000 PH 2013-03-02 1546 SP9SOO        59  4 JN99OV   SP9PZD        59  3 JO90GA  
QSO: 1300000 PH 2013-03-02 1626 SP9SOO        59  5 JN99OV   SP4MPB        59  7 KO03HT  
QSO: 1300000 PH 2013-03-02 1823 SP9SOO        59  6 JN99OV   SP6FBE        59  4 JO81ND  
QSO: 1300000 PH 2013-03-02 1943 SP9SOO        59  7 JN99OV   OL9W          59  32 JN99CL 
QSO: 1300000 PH 2013-03-02 2035 SP9SOO        59  8 JN99OV   SP9BGS        59  2 JO90MG  
QSO: 1300000 PH 2013-03-02 2049 SP9SOO        59  9 JN99OV   OK2KYZ        59  8 JN89XN  
QSO: 1300000 PH 2013-03-02 2302 SP9SOO        59  10 JN99OV  OK1MAC        57  10 JN79IO 
END-OF-LOG:
