START-OF-LOG: 3.0
CREATED-BY: vhfmanager-downloader
CONTEST: ZRS julijsko UKV tekmovanje - Official results - VHFManager
CALLSIGN: OK1KMG
CATEGORY: 1,3 GHz - checklog
CATEGORY-OPERATOR: SINGLE-OP
CATEGORY-ASSISTED: NON-ASSISTED
CATEGORY-TRANSMITTER: ONE
CATEGORY-STATION: FIXED
QSO: 1300000 PH 2012-07-07 1422 OK1KMG        59  1 JN89IW   OM3KII        59  20 JN88UU 
QSO: 1300000 PH 2012-07-07 1425 OK1KMG        59  2 JN89IW   OL1B          59  8 JO80IB  
QSO: 1300000 PH 2012-07-07 1427 OK1KMG        59  3 JN89IW   OK1KUO        59  18 JO80FF 
QSO: 1300000 PH 2012-07-07 1437 OK1KMG        59  4 JN89IW   OK2C          59  19 JN99AJ 
QSO: 1300000 PH 2012-07-07 1441 OK1KMG        59  5 JN89IW   OK1XZA        59  14 JN79NU 
QSO: 1300000 PH 2012-07-07 1446 OK1KMG        59  6 JN89IW   OK1KPA        59  17 JN79US 
QSO: 1300000 PH 2012-07-07 1623 OK1KMG        59  7 JN89IW   OK2ZTK        59  24 JN89QP 
QSO: 1300000 PH 2012-07-07 1631 OK1KMG        59  8 JN89IW   OM6A          59  41 JN99JC 
QSO: 1300000 PH 2012-07-07 1632 OK1KMG        59  9 JN89IW   OK2RSC        59  23 JN89QE 
QSO: 1300000 CW 2012-07-07 1928 OK1KMG        599 10 JN89IW  OK1MAC        599 60 JN79IO 
QSO: 1300000 PH 2012-07-07 2006 OK1KMG        59  11 JN89IW  OK2KYZ        59  37 JO80NB 
QSO: 1300000 PH 2012-07-07 2021 OK1KMG        59  12 JN89IW  OL9W          59  61 JN99CL 
QSO: 1300000 PH 2012-07-07 2216 OK1KMG        59  13 JN89IW  OL3Z          59  109 JN79FX
QSO: 1300000 PH 2012-07-07 2225 OK1KMG        59  14 JN89IW  OK2PNQ        59  28 JN99EL 
QSO: 1300000 PH 2012-07-07 2233 OK1KMG        59  15 JN89IW  DM7A          59  100 JO60LK
QSO: 1300000 PH 2012-07-07 2243 OK1KMG        59  16 JN89IW  OK1KKL        59  40 JO70PO 
QSO: 1300000 PH 2012-07-08 0828 OK1KMG        59  17 JN89IW  OK1KIR        59  118 JO60PM
QSO: 1300000 PH 2012-07-08 0834 OK1KMG        59  18 JN89IW  OK2A          59  154 JO60JJ
QSO: 1300000 PH 2012-07-08 0845 OK1KMG        59  19 JN89IW  OM3ID         59  76 JN88ST 
QSO: 1300000 CW 2012-07-08 0849 OK1KMG        599 20 JN89IW  OL5K          599 20 JO70NJ 
QSO: 1300000 PH 2012-07-08 0854 OK1KMG        59  21 JN89IW  OK1VEI        59  54 JN69JJ 
QSO: 1300000 CW 2012-07-08 0900 OK1KMG        599 22 JN89IW  OM3W          599 71 JN99CH 
QSO: 1300000 PH 2012-07-08 1010 OK1KMG        59  23 JN89IW  OK1KEP        59  30 JO70OR 
QSO: 1300000 CW 2012-07-08 1013 OK1KMG        599 24 JN89IW  OK2KYJ        599 31 JN89QQ 
QSO: 1300000 CW 2012-07-08 1016 OK1KMG        599 25 JN89IW  HA5KDQ        599 76 JN97LN 
QSO: 1300000 PH 2012-07-08 1053 OK1KMG        59  26 JN89IW  OK2OHA        59  23 JN89SO 
QSO: 1300000 PH 2012-07-08 1110 OK1KMG        59  27 JN89IW  OK5Z          59  101 JN89AK
QSO: 1300000 PH 2012-07-08 1128 OK1KMG        59  28 JN89IW  OK2M          59  89 JN69UN 
QSO: 1300000 PH 2012-07-08 1153 OK1KMG        59  29 JN89IW  OK1OPT        59  51 JN69NX 
END-OF-LOG:
