START-OF-LOG: 2.0
ARRL-SECTION: DX
CALLSIGN: EA4GRZ
CLUB: 
CONTEST: EA-CME
CATEGORY: SINGLE-OP ALL LOW
CLAIMED-SCORE: 35226
OPERATORS: EA4GRZ
NAME: Alejandro David
CREATED-BY: WinURECon 3.13 (Windows 7)
QSO:  7000 PH 2015-08-14 1806 EA4GRZ        59  03076  EA4ZM         59  06015
QSO:  7000 PH 2015-08-14 1810 EA4GRZ        59  03076  EA3NN         59  43163
QSO:  7000 PH 2015-08-14 1911 EA4GRZ        59  03076  EC1CT         59  39046
QSO:  7000 PH 2015-08-14 1914 EA4GRZ        59  03076  EA4LU         59  06083
QSO:  7000 PH 2015-08-14 1915 EA4GRZ        59  03076  EA3EVL        59  43904
QSO:  7000 PH 2015-08-14 1919 EA4GRZ        59  03076  EA2DT         59  31201
QSO:  7000 PH 2015-08-14 1921 EA4GRZ        59  03076  EA1MX         59  32077
QSO:  7000 PH 2015-08-14 1923 EA4GRZ        59  03076  EA4URE        59  HQ
QSO:  7000 PH 2015-08-14 1924 EA4GRZ        59  03076  EA1HHT        59  37354
QSO:  7000 PH 2015-08-14 1925 EA4GRZ        59  03076  ED3LM         59  25027
QSO:  7000 PH 2015-08-14 1927 EA4GRZ        59  03076  EA6UB         59  07049
QSO:  7000 PH 2015-08-14 1932 EA4GRZ        59  03076  EA3CCN        59  08181
QSO:  7000 PH 2015-08-14 1939 EA4GRZ        59  03076  EA5IHP        59  30019
QSO:  7000 PH 2015-08-14 1946 EA4GRZ        59  03076  EA2TW         59  48022
QSO:  7000 PH 2015-08-14 1948 EA4GRZ        59  03076  EA5CA         59  30023
QSO:  7000 PH 2015-08-14 1948 EA4GRZ        59  03076  EA1CI         59  36038
QSO:  7000 PH 2015-08-14 1950 EA4GRZ        59  03076  EA2SS         59  22199
QSO:  7000 PH 2015-08-14 1952 EA4GRZ        59  03076  EA4EYL        59  33034
QSO:  7000 PH 2015-08-14 1957 EA4GRZ        59  03076  EA1MV         59  27028
QSO:  7000 PH 2015-08-14 1959 EA4GRZ        59  03076  EA2WD         59  48902
QSO:  7000 PH 2015-08-14 2000 EA4GRZ        59  03076  EA4GSH        59  06015
QSO:  7000 PH 2015-08-14 2012 EA4GRZ        59  03076  EA2XR         59  48071
QSO:  7000 PH 2015-08-14 2014 EA4GRZ        59  03076  EA4CZ         59  28119
QSO:  7000 PH 2015-08-14 2019 EA4GRZ        59  03076  EA7HLU        59  33035
QSO:  7000 PH 2015-08-14 2020 EA4GRZ        59  03076  EC7AT         59  04013
QSO:  7000 PH 2015-08-14 2021 EA4GRZ        59  03076  EA7HZ         59  29077
QSO:  7000 PH 2015-08-14 2036 EA4GRZ        59  03076  EA8CCQ        59  35032
QSO:  7000 PH 2015-08-14 2037 EA4GRZ        59  03076  EA5XU         59  46184
QSO:  7000 PH 2015-08-14 2039 EA4GRZ        59  03076  EA1AYT        59  09059
QSO:  7000 PH 2015-08-14 2041 EA4GRZ        59  03076  EA5IY         59  12084
QSO:  7000 PH 2015-08-14 2043 EA4GRZ        59  03076  EA2BER        59  48086
QSO:  7000 PH 2015-08-14 2046 EA4GRZ        59  03076  EA5FWW        59  30030
QSO:  7000 PH 2015-08-14 2048 EA4GRZ        59  03076  EA1IT         59  39025
QSO:  7000 PH 2015-08-14 2049 EA4GRZ        59  03076  EA3EGB        59  17022
QSO:  7000 PH 2015-08-14 2050 EA4GRZ        59  03076  EA5ASU        59  03122
QSO:  7000 PH 2015-08-14 2052 EA4GRZ        59  03076  EC1DJ         59  36060
QSO:  7000 PH 2015-08-14 2056 EA4GRZ        59  03076  EA4AAI        59  28079
QSO:  7000 PH 2015-08-14 2058 EA4GRZ        59  03076  EC8AQQ        59  35027
QSO:  7000 PH 2015-08-14 2104 EA4GRZ        59  03076  EA4GOK        59  28079
QSO:  7000 PH 2015-08-14 2110 EA4GRZ        59  03076  EA4FTV        59  28065
QSO:  7000 PH 2015-08-14 2112 EA4GRZ        59  03076  EA1FA         59  33037
QSO:  7000 PH 2015-08-14 2136 EA4GRZ        59  03076  EA3RKE        59  33021
QSO:  7000 PH 2015-08-14 2141 EA4GRZ        59  03076  EA2CNA        59  02025
QSO:  7000 PH 2015-08-14 2142 EA4GRZ        59  03076  EA5LD         59  46190
QSO:  7000 PH 2015-08-14 2151 EA4GRZ        59  03076  EA1HRR        59  39020
QSO:  7000 PH 2015-08-14 2153 EA4GRZ        59  03076  EA1IFU        59  15075
QSO:  7000 PH 2015-08-14 2156 EA4GRZ        59  03076  EA4FYX        59  29070
QSO:  7000 PH 2015-08-14 2157 EA4GRZ        59  03076  EA8BTM        59  35016
QSO:  7000 PH 2015-08-14 2158 EA4GRZ        59  03076  EA5HT         59  30019
QSO:  7000 PH 2015-08-14 2159 EA4GRZ        59  03076  EA1ABT        59  39085
QSO:  7000 PH 2015-08-14 2201 EA4GRZ        59  03076  EA3GRN        59  08289
QSO:  7000 PH 2015-08-14 2201 EA4GRZ        59  03076  EA1RCM        59  39075
QSO:  7000 PH 2015-08-14 2203 EA4GRZ        59  03076  EA1DZ         59  33016
QSO:  7000 PH 2015-08-14 2204 EA4GRZ        59  03076  EA3KI         59  08077
QSO:  7000 PH 2015-08-14 2205 EA4GRZ        59  03076  EA8OG         59  38023
QSO:  7000 PH 2015-08-14 2206 EA4GRZ        59  03076  EA7PSD        59  14021
QSO:  7000 PH 2015-08-14 2216 EA4GRZ        59  03076  EA1CM         59  27051
QSO:  7000 PH 2015-08-14 2226 EA4GRZ        59  03076  EA7YT         59  29067
QSO:  7000 PH 2015-08-14 2227 EA4GRZ        59  03076  EA1YO         59  39087
QSO:  7000 PH 2015-08-14 2230 EA4GRZ        59  03076  EB1BE         59  24038
QSO:  7000 PH 2015-08-14 2232 EA4GRZ        59  03076  EA1ARJ        59  33014
QSO:  7000 PH 2015-08-14 2233 EA4GRZ        59  03076  EA2DKC        59  34151
QSO:  7000 PH 2015-08-14 2301 EA4GRZ        59  03076  EC7TL         59  21040
QSO:  7000 PH 2015-08-15 0659 EA4GRZ        59  03076  EA1IMP        59  15075
QSO:  7000 PH 2015-08-15 0712 EA4GRZ        59  03076  EA7ATX        59  11027
QSO:  7000 PH 2015-08-15 0722 EA4GRZ        59  03076  EA1QL         59  33035
QSO:  7000 PH 2015-08-15 0724 EA4GRZ        59  03076  EA3EVJ        59  08108
QSO:  7000 PH 2015-08-15 0728 EA4GRZ        59  03076  EA7IZZ        59  11032
QSO:  7000 PH 2015-08-15 0732 EA4GRZ        59  03076  EA7GR         59  11008
QSO:  7000 PH 2015-08-15 0738 EA4GRZ        59  03076  EA5GPQ        59  03093
QSO:  7000 PH 2015-08-15 0800 EA4GRZ        59  03076  EA5LS         59  46250
QSO:  7000 PH 2015-08-15 0801 EA4GRZ        59  03076  EA4AMS        59  28159
QSO:  7000 PH 2015-08-15 0808 EA4GRZ        59  03076  EA1UU         59  39038
QSO:  7000 PH 2015-08-15 0816 EA4GRZ        59  03076  EC5ALJ        59  03133
QSO:  7000 PH 2015-08-15 0824 EA4GRZ        59  03076  EA4FJL        59  05056
QSO:  7000 PH 2015-08-15 0826 EA4GRZ        59  03076  EA1AOP        59  37274
QSO:  7000 PH 2015-08-15 0833 EA4GRZ        59  03076  EA4FJX        59  28058
QSO:  7000 PH 2015-08-15 0834 EA4GRZ        59  03076  EA5SM         59  03122
QSO:  7000 PH 2015-08-15 1031 EA4GRZ        59  03076  EA2DCD        59  48020
QSO:  7000 PH 2015-08-15 1033 EA4GRZ        59  03076  EA6ACF        59  07056
QSO:  7000 PH 2015-08-15 1036 EA4GRZ        59  03076  EA7CVC        59  04013
QSO:  7000 PH 2015-08-15 1037 EA4GRZ        59  03076  EA1XT         59  15035
QSO:  7000 PH 2015-08-15 1038 EA4GRZ        59  03076  EB5CS         59  12116
QSO:  7000 PH 2015-08-15 1041 EA4GRZ        59  03076  EA4BFP        59  28005
QSO:  7000 PH 2015-08-15 1047 EA4GRZ        59  03076  EA2DNR        59  48020
QSO:  7000 PH 2015-08-15 1049 EA4GRZ        59  03076  EA5XC         59  03065
QSO:  7000 PH 2015-08-15 1050 EA4GRZ        59  03076  EA1WH         59  39002
QSO:  7000 PH 2015-08-15 1052 EA4GRZ        59  03076  EA5FIV        59  03052
QSO:  7000 PH 2015-08-15 1054 EA4GRZ        59  03076  EA7JQT        59  41095
QSO:  7000 PH 2015-08-15 1056 EA4GRZ        59  03076  F5VMN         59  052
QSO:  7000 PH 2015-08-15 1110 EA4GRZ        59  03076  EC5JC         59  03082
QSO:  7000 PH 2015-08-15 1114 EA4GRZ        59  03076  EA5EFU        59  12050
QSO:  7000 PH 2015-08-15 1121 EA4GRZ        59  03076  EA9PD         59  51001
QSO:  7000 PH 2015-08-15 1124 EA4GRZ        59  03076  EA1IIE        59  24021
QSO:  7000 PH 2015-08-15 1130 EA4GRZ        59  03076  EA5ASM        59  03056
QSO:  7000 PH 2015-08-15 1134 EA4GRZ        59  03076  EA3CV         59  43114
QSO:  7000 PH 2015-08-15 1147 EA4GRZ        59  03076  EA7JPL        59  11007
QSO:  7000 PH 2015-08-15 1208 EA4GRZ        59  03076  EA7QT         59  41093
QSO:  7000 PH 2015-08-15 1209 EA4GRZ        59  03076  EA1EHE        59  32032
QSO:  7000 PH 2015-08-15 1226 EA4GRZ        59  03076  EA3AOI        59  17048
QSO:  7000 PH 2015-08-15 1231 EA4GRZ        59  03076  EA4CQX        59  28014
QSO:  7000 PH 2015-08-15 1241 EA4GRZ        59  03076  EA5BL         59  12126
QSO:  7000 PH 2015-08-15 1243 EA4GRZ        59  03076  EA2CYL        59  22158
QSO:  7000 PH 2015-08-15 1247 EA4GRZ        59  03076  EB1ASA        59  33073
QSO:  7000 PH 2015-08-15 1248 EA4GRZ        59  03076  EA1BQR        59  42020
QSO:  7000 PH 2015-08-15 1250 EA4GRZ        59  03076  EA1CBO        59  39024
QSO:  7000 PH 2015-08-15 1251 EA4GRZ        59  03076  EA4EQ         59  28079
QSO:  7000 PH 2015-08-15 1254 EA4GRZ        59  03076  EA4GHB        59  19305
QSO:  7000 PH 2015-08-15 1257 EA4GRZ        59  03076  EA3GWZ        59  24089
QSO:  7000 PH 2015-08-15 1303 EA4GRZ        59  03076  EA7CQQ        59  46070
QSO:  7000 PH 2015-08-15 1306 EA4GRZ        59  03076  EA3CXM        59  25120
QSO:  7000 PH 2015-08-15 1307 EA4GRZ        59  03076  EA5KY         59  46184
QSO:  7000 PH 2015-08-15 1309 EA4GRZ        59  03076  EA3DUV        59  17079
QSO:  7000 PH 2015-08-15 1310 EA4GRZ        59  03076  EC3ACO        59  25025
QSO:  7000 PH 2015-08-15 1311 EA4GRZ        59  03076  EA5DPF        59  19086
QSO:  7000 PH 2015-08-15 1315 EA4GRZ        59  03076  EB4SM         59  16035
QSO:  7000 PH 2015-08-15 1316 EA4GRZ        59  03076  EA4AAE        59  28079
QSO:  7000 PH 2015-08-15 1319 EA4GRZ        59  03076  EB2DYG        59  48020
QSO:  7000 PH 2015-08-15 1335 EA4GRZ        59  03076  EA5AT         59  46250
QSO:  7000 PH 2015-08-15 1339 EA4GRZ        59  03076  EA2AGW        59  22158
QSO:  7000 PH 2015-08-15 1340 EA4GRZ        59  03076  EA4GJP        59  06015
QSO:  7000 PH 2015-08-15 1345 EA4GRZ        59  03076  EA6FHP        59  08298
QSO:  7000 PH 2015-08-15 1400 EA4GRZ        59  03076  EA1MI         59  40906
QSO:  7000 PH 2015-08-15 1402 EA4GRZ        59  03076  EA5EC         59  02027
QSO:  7000 PH 2015-08-15 1403 EA4GRZ        59  03076  EA3BLL        59  17163
QSO:  7000 PH 2015-08-15 1404 EA4GRZ        59  03076  EA5MX         59  12032
QSO:  7000 PH 2015-08-15 1407 EA4GRZ        59  03076  EA3HKY        59  08124
QSO:  7000 PH 2015-08-15 1407 EA4GRZ        59  03076  EA3HLM        59  08124
QSO:  7000 PH 2015-08-15 1408 EA4GRZ        59  03076  EA1HTF        59  36047
QSO:  7000 PH 2015-08-15 1409 EA4GRZ        59  03076  EA7NL         59  04102
QSO:  7000 PH 2015-08-15 1410 EA4GRZ        59  03076  EC1CA         59  39016
QSO:  7000 PH 2015-08-15 1411 EA4GRZ        59  03076  EA1ET         59  15057
QSO:  7000 PH 2015-08-15 1411 EA4GRZ        59  03076  EA7GV         59  18145
QSO:  7000 PH 2015-08-15 1412 EA4GRZ        59  03076  EA5RW         59  46250
QSO:  7000 PH 2015-08-15 1413 EA4GRZ        59  03076  EB4DDQ        59  45165
QSO:  7000 PH 2015-08-15 1418 EA4GRZ        59  03076  EA5IEB        59  46060
QSO:  7000 PH 2015-08-15 1427 EA4GRZ        59  03076  EA5MB         59  46250
QSO:  7000 PH 2015-08-15 1429 EA4GRZ        59  03076  EA1GOI        59  37362
QSO:  7000 PH 2015-08-15 1430 EA4GRZ        59  03076  EA5HW         59  03098
QSO:  7000 PH 2015-08-15 1433 EA4GRZ        59  03076  EA7JHQ        59  41038
QSO:  7000 PH 2015-08-15 1435 EA4GRZ        59  03076  EA7BD         59  14005
QSO:  7000 PH 2015-08-15 1443 EA4GRZ        59  03076  EA6SB         59  07032
QSO:  7000 PH 2015-08-15 1444 EA4GRZ        59  03076  EA4GEO        59  28047
QSO:  7000 PH 2015-08-15 1445 EA4GRZ        59  03076  EA5MV         59  46111
QSO:  7000 PH 2015-08-15 1447 EA4GRZ        59  03076  EA2CHL        59  31201
QSO:  7000 PH 2015-08-15 1447 EA4GRZ        59  03076  EA2ECA        59  48017
QSO:  7000 PH 2015-08-15 1450 EA4GRZ        59  03076  EA5CXF        59  03011
QSO:  7000 PH 2015-08-15 1451 EA4GRZ        59  03076  EA4GQJ        59  06015
QSO:  7000 PH 2015-08-15 1454 EA4GRZ        59  03076  EB4FUY        59  45035
QSO:  7000 PH 2015-08-15 1501 EA4GRZ        59  03076  EA4SE         59  13056
QSO:  7000 PH 2015-08-15 1503 EA4GRZ        59  03076  EA5HRV        59  46021
QSO:  7000 PH 2015-08-15 1512 EA4GRZ        59  03076  EC4KW         59  45019
QSO:  7000 PH 2015-08-15 1513 EA4GRZ        59  03076  EA4CU         59  28047
QSO:  7000 PH 2015-08-15 1515 EA4GRZ        59  03076  EA3BT         59  08307
QSO:  7000 PH 2015-08-15 1516 EA4GRZ        59  03076  EA7SS         59  41091
QSO:  7000 PH 2015-08-15 1520 EA4GRZ        59  03076  EA4EJR        59  06095
QSO:  7000 PH 2015-08-15 1521 EA4GRZ        59  03076  EB7HQE        59  23002
QSO:  7000 PH 2015-08-15 1523 EA4GRZ        59  03076  EA1CEZ        59  24030
QSO:  7000 PH 2015-08-15 1525 EA4GRZ        59  03076  EA6ALH        59  07033
QSO:  7000 PH 2015-08-15 1526 EA4GRZ        59  03076  EC4TR         59  28086
QSO:  7000 PH 2015-08-15 1528 EA4GRZ        59  03076  EA3YM         59  17118
QSO:  7000 PH 2015-08-15 1551 EA4GRZ        59  03076  EA3DFZ        59  43060
QSO:  7000 PH 2015-08-15 1552 EA4GRZ        59  03076  EA2AHP        59  03031
QSO:  7000 PH 2015-08-15 1553 EA4GRZ        59  03076  EA2CE         59  09124
QSO:  7000 PH 2015-08-15 1553 EA4GRZ        59  03076  EA1BZP        59  13024
QSO:  7000 PH 2015-08-15 1554 EA4GRZ        59  03076  EB5LR         59  30019
QSO:  7000 PH 2015-08-15 1554 EA4GRZ        59  03076  EA5BX         59  46072
QSO:  7000 PH 2015-08-15 1601 EA4GRZ        59  03076  EA7GVZ        59  29067
QSO:  7000 PH 2015-08-15 1605 EA4GRZ        59  03076  EA1DHB        59  09903
QSO:  7000 PH 2015-08-15 1606 EA4GRZ        59  03076  EC5KY         59  12085
QSO:  7000 PH 2015-08-15 1606 EA4GRZ        59  03076  EA6DB         59  07022
QSO:  7000 PH 2015-08-15 1607 EA4GRZ        59  03076  EB5KT         59  46054
QSO:  7000 PH 2015-08-15 1607 EA4GRZ        59  03076  EA5III        59  03063
QSO:  7000 PH 2015-08-15 1609 EA4GRZ        59  03076  EA7HEB        59  04029
QSO:  7000 PH 2015-08-15 1618 EA4GRZ        59  03076  EA4URC        59  16078
QSO:  7000 PH 2015-08-15 1623 EA4GRZ        59  03076  EA5HPB        59  02081
QSO:  7000 PH 2015-08-15 1626 EA4GRZ        59  03076  EA4ESW        59  28079
QSO:  7000 PH 2015-08-15 1629 EA4GRZ        59  03076  EA3WX         59  25101
QSO:  7000 PH 2015-08-15 1633 EA4GRZ        59  03076  EC1YL         59  36060
QSO:  7000 PH 2015-08-15 1635 EA4GRZ        59  03076  EA7IQM        59  41018
QSO:  7000 PH 2015-08-15 1637 EA4GRZ        59  03076  EA7DN         59  29067
QSO:  7000 PH 2015-08-15 1639 EA4GRZ        59  03076  EB5GBE        59  03057
QSO:  7000 PH 2015-08-15 1639 EA4GRZ        59  03076  EA4FR         59  13039
QSO:  7000 PH 2015-08-15 1640 EA4GRZ        59  03076  EA7FRX        59  14021
QSO:  7000 PH 2015-08-15 1640 EA4GRZ        59  03076  EA4BDL        59  10037
QSO:  7000 PH 2015-08-15 1643 EA4GRZ        59  03076  EA5BV         59  03133
QSO:  7000 PH 2015-08-15 1650 EA4GRZ        59  03076  EA3VM         59  08307
QSO:  7000 PH 2015-08-15 1653 EA4GRZ        59  03076  EA6AZ         59  07052
QSO:  7000 PH 2015-08-15 1656 EA4GRZ        59  03076  EA9IB         59  52001
QSO:  7000 PH 2015-08-15 1656 EA4GRZ        59  03076  EA5WP         59  12040
QSO:  7000 PH 2015-08-15 1657 EA4GRZ        59  03076  EA2DOP        59  31129
QSO:  7000 PH 2015-08-15 1658 EA4GRZ        59  03076  EA5IJG        59  30008
QSO:  7000 PH 2015-08-15 1658 EA4GRZ        59  03076  EA3KX         59  08086
QSO:  7000 PH 2015-08-15 1659 EA4GRZ        59  03076  EA5FDW        59  46250
QSO:  7000 PH 2015-08-15 1700 EA4GRZ        59  03076  EB2FAC        59  22117
QSO:  7000 PH 2015-08-15 1700 EA4GRZ        59  03076  EA5FGK        59  03122
QSO:  7000 PH 2015-08-15 1702 EA4GRZ        59  03076  EA7HE         59  04013
QSO:  7000 PH 2015-08-15 1705 EA4GRZ        59  03076  EA1CQ         59  39048
QSO:  7000 PH 2015-08-15 1709 EA4GRZ        59  03076  EA5KB         59  46105
QSO:  7000 PH 2015-08-15 1712 EA4GRZ        59  03076  EA3GCT        59  08056
QSO:  7000 PH 2015-08-15 1714 EA4GRZ        59  03076  EA1CIU        59  36038
QSO:  7000 PH 2015-08-15 1728 EA4GRZ        59  03076  EB1IC         59  09394
QSO:  7000 PH 2015-08-15 1728 EA4GRZ        59  03076  EA5AMD        59  03090
QSO:  7000 PH 2015-08-15 1740 EA4GRZ        59  03076  EA5XY         59  44126
QSO:  7000 PH 2015-08-15 1749 EA4GRZ        59  03076  EA4GLP        59  13071
QSO:  7000 PH 2015-08-15 1755 EA4GRZ        59  03076  EA3PJ         59  33021
END-OF-LOG: 



