START-OF-LOG: 3.0
CREATED-BY: reconstructed-log-builder
CONTEST: WAE RTTY
CALLSIGN: DJ2SL
LOCATION: 
CATEGORY: CHECKLOG
CATEGORY-OPERATOR: SINGLE-OP
CATEGORY-BAND: ALL
CATEGORY-MODE: MIXED
CATEGORY-POWER: UNKNOWN
CATEGORY-ASSISTED: NON-ASSISTED
CATEGORY-TRANSMITTER: ONE
CATEGORY-STATION: UNKNOWN
CATEGORY-OVERLAY: 
OPERATORS: DJ2SL
CLAIMED-SCORE: 
CLUB: 
NAME: 
SOAPBOX: RECONSTRUCTED MOCKUP LOG - NOT AN OFFICIAL SUBMISSION.
SOAPBOX: Derived from submitted logs for WAE RTTY WAE/RTTY/2023.
QSO: 14089 RY 2023-11-12 1719 DJ2SL         599 001 P33W          599 2029
QSO: 14084 RY 2023-11-12 1725 DJ2SL         599 002 DM3W          599 1196
QSO: 14084 RY 2023-11-12 1727 DJ2SL         599 0003 Z35T          599 1087
QSO: 14084 RY 2023-11-12 1733 DJ2SL         599 0004 TF3PPN        599 0591
QSO: 14086 RY 2023-11-12 1735 DJ2SL         599 0005 9A30T         599 0877
QSO:  7068 RY 2023-11-12 1746 DJ2SL         599 006 DA0BCC        599 618
QSO:  7067 RY 2023-11-12 1753 DJ2SL         599 0007 RN3QQT        599 0604
QSO:  7067 RY 2023-11-12 1759 DJ2SL         599 0008 PG1R          599 0244
QSO:  7066 RY 2023-11-12 1802 DJ2SL         599 0009 S51I          599 0495
QSO:  7062 RY 2023-11-12 1805 DJ2SL         599 010 DL3DRN        599 462
QSO:  7065 RY 2023-11-12 1808 DJ2SL         599 0011 DK2FG         599 0290
QSO:  7065 RY 2023-11-12 1810 DJ2SL         599 0012 EV1R          599 1001
QSO:  7066 RY 2023-11-12 1816 DJ2SL         599 0013 DH6BH         599 0321
QSO:  7067 RY 2023-11-12 1831 DJ2SL         599 015 UN3M          599 375
QSO:  7067 RY 2023-11-12 1836 DJ2SL         599 0016 OH1TM         599 0490
QSO:  3596 RY 2023-11-12 1840 DJ2SL         599 017 DH4BM         599 182
QSO:  3600 RY 2023-11-12 1845 DJ2SL         599 0018 SQ8B          599 0133
QSO:  3500 RY 2023-11-12 1849 DJ2SL         599 019 DF1HC         599 240
QSO:  7065 RY 2023-11-12 1859 DJ2SL         599 020 US7UK         599 563
QSO:  7064 RY 2023-11-12 1904 DJ2SL         599 021 IK7NXU        599 0431
QSO:  7062 RY 2023-11-12 1911 DJ2SL         599 022 RG2Y          599 483
END-OF-LOG:
