START-OF-LOG: 3.0
CREATED-BY: HMRA public 9A HRS HF Robot downloader
CONTEST: 9A-CW
CALLSIGN: YU1ANO
OPERATORS: YU1ANO
CATEGORY: B6
CATEGORY-OPERATOR: MULTI-OP
CATEGORY-BAND: ALL
CATEGORY-MODE: CW
CLAIMED-SCORE: 110313
SOAPBOX: Recreated from 9A HRS HF Robot public QSO table for Croatian CW Contest 2019.
SOAPBOX: Public error-summary rows are ignored.
SOAPBOX: Source: https://www.hamradio.hr/hfrobot/hfcc_log.php?What=vloghtm&CID=2019-12-21&ID=YU1ANO
SOAPBOX: Source category label: B6 - MULTI-OP, ALL bands, ONE TX.
SOAPBOX: Published QSO count: 303.
QSO: 07014 CW 2019-12-21 1544 YU1ANO        599 0001       F6KOP         599 0102 EU   
QSO: 07013 CW 2019-12-21 1545 YU1ANO        599 0002       SE5E          599 0033 EU   
QSO: 07013 CW 2019-12-21 1546 YU1ANO        599 0003       UA6LCJ        599 0048 EU   
QSO: 07013 CW 2019-12-21 1548 YU1ANO        599 0004       OH4BCS        599 0005 EU   
QSO: 07013 CW 2019-12-21 1548 YU1ANO        599 0005       IZ4JMA        599 0047 EU   
QSO: 07013 CW 2019-12-21 1548 YU1ANO        599 0006       UY2IG         599 0050 EU   
QSO: 07013 CW 2019-12-21 1549 YU1ANO        599 0007       R3VL          599 0046 EU   
QSO: 07013 CW 2019-12-21 1550 YU1ANO        599 0008       RK3AW         599 0128 EU   
QSO: 07013 CW 2019-12-21 1550 YU1ANO        599 0009       DK3WM         599 0027 EU   
QSO: 07013 CW 2019-12-21 1551 YU1ANO        599 0010       DL1YBI        599 0106 EU   
QSO: 07013 CW 2019-12-21 1551 YU1ANO        599 0011       UA9SMU        599 0021 AS   
QSO: 07013 CW 2019-12-21 1552 YU1ANO        599 0012       DL5CC         599 0019 EU   
QSO: 07013 CW 2019-12-21 1554 YU1ANO        599 0013       DF7XR         599 0026 EU   
QSO: 07013 CW 2019-12-21 1554 YU1ANO        599 0014       SM5ACQ        599 0014 EU   
QSO: 07013 CW 2019-12-21 1555 YU1ANO        599 0015       R3RK          599 0022 EU   
QSO: 07013 CW 2019-12-21 1555 YU1ANO        599 0016       RA3NC         599 0023 EU   
QSO: 07013 CW 2019-12-21 1556 YU1ANO        599 0017       RM5F          599 0060 EU   
QSO: 07013 CW 2019-12-21 1557 YU1ANO        599 0018       DL3TC         599 0003 EU   
QSO: 07013 CW 2019-12-21 1558 YU1ANO        599 0019       RN6A          599 0144 EU   
QSO: 07013 CW 2019-12-21 1559 YU1ANO        599 0020       SP2MKI        599 0059 EU   
QSO: 07013 CW 2019-12-21 1600 YU1ANO        599 0021       SP2MW         599 0013 EU   
QSO: 07002 CW 2019-12-21 1601 YU1ANO        599 0022       5B/RN3QO      599 0194 AS   
QSO: 07010 CW 2019-12-21 1604 YU1ANO        599 0023       ER4A          599 0281 EU   
QSO: 07013 CW 2019-12-21 1604 YU1ANO        599 0024       DK0MM         599 0148 EU   
QSO: 07013 CW 2019-12-21 1605 YU1ANO        599 0025       R7MM          599 0104 EU   
QSO: 07013 CW 2019-12-21 1606 YU1ANO        599 0026       DF1XC         599 0038 EU   
QSO: 07025 CW 2019-12-21 1608 YU1ANO        599 0027       9A4J          599 0151 EU   
QSO: 07013 CW 2019-12-21 1609 YU1ANO        599 0028       DL6KWN        599 0040 EU   
QSO: 07013 CW 2019-12-21 1610 YU1ANO        599 0029       RA4ZA         599 0041 EU   
QSO: 07013 CW 2019-12-21 1611 YU1ANO        599 0030       UN7ZAF        599 0030 AS   
QSO: 07013 CW 2019-12-21 1612 YU1ANO        599 0031       OK1HFM        599 0031 EU   
QSO: 07013 CW 2019-12-21 1613 YU1ANO        599 0032       EA5JX         599 0096 EU   
QSO: 07013 CW 2019-12-21 1613 YU1ANO        599 0033       RA6CA         599 0144 EU   
QSO: 07013 CW 2019-12-21 1614 YU1ANO        599 0034       OK1OA         599 0132 EU   
QSO: 07013 CW 2019-12-21 1615 YU1ANO        599 0035       F5NLX         599 0019 EU   
QSO: 07013 CW 2019-12-21 1812 YU1ANO        599 0036       YL3FW         599 0051 EU   
QSO: 07013 CW 2019-12-21 1813 YU1ANO        599 0037       EA1VT         599 0076 EU   
QSO: 07013 CW 2019-12-21 1814 YU1ANO        599 0038       LY4BF         599 0052 EU   
QSO: 03512 CW 2019-12-21 1815 YU1ANO        599 0039       9A7V          599 0599 EU   
QSO: 03525 CW 2019-12-21 1815 YU1ANO        599 0040       9A4J          599 0290 EU   
QSO: 03531 CW 2019-12-21 1816 YU1ANO        599 0041       9A0BR         599 0157 EU   
QSO: 03536 CW 2019-12-21 1816 YU1ANO        599 0042       9A2JK         599 0053 EU   
QSO: 03540 CW 2019-12-21 1818 YU1ANO        599 0043       9A1E          599 0133 EU   
QSO: 03547 CW 2019-12-21 1818 YU1ANO        599 0044       9A1AD         599 0148 EU   
QSO: 03544 CW 2019-12-21 1820 YU1ANO        599 0045       9A/AI6V       599 0018 EU   
QSO: 03538 CW 2019-12-21 1822 YU1ANO        599 0046       9A9A          599 0297 EU   
QSO: 03538 CW 2019-12-21 1822 YU1ANO        599 0047       HG1G          599 0226 EU   
QSO: 03538 CW 2019-12-21 1822 YU1ANO        599 0048       EW1TO         599 0069 EU   
QSO: 03538 CW 2019-12-21 1823 YU1ANO        599 0049       OK1KTI        599 0106 EU   
QSO: 03538 CW 2019-12-21 1823 YU1ANO        599 0050       YO6DBL        599 0019 EU   
QSO: 03538 CW 2019-12-21 1824 YU1ANO        599 0051       R3ZZ          599 0238 EU   
QSO: 03538 CW 2019-12-21 1824 YU1ANO        599 0052       UR4QR         599 0117 EU   
QSO: 03538 CW 2019-12-21 1825 YU1ANO        599 0053       OK2BFN        599 0143 EU   
QSO: 03538 CW 2019-12-21 1825 YU1ANO        599 0054       YT4T          599 0215 EU   
QSO: 03538 CW 2019-12-21 1825 YU1ANO        599 0055       DL4ME         599 0209 EU   
QSO: 03515 CW 2019-12-21 1826 YU1ANO        599 0056       9A0BB         599 0541 EU   
QSO: 03538 CW 2019-12-21 1828 YU1ANO        599 0057       YT6W          599 0420 EU   
QSO: 03538 CW 2019-12-21 1829 YU1ANO        599 0058       S57X          599 0060 EU   
QSO: 03529 CW 2019-12-21 1829 YU1ANO        599 0059       9A7T          599 0354 EU   
QSO: 03534 CW 2019-12-21 1830 YU1ANO        599 0060       9A8A          599 0264 EU   
QSO: 03538 CW 2019-12-21 1832 YU1ANO        599 0061       YT5YTT        599 0128 EU   
QSO: 03538 CW 2019-12-21 1832 YU1ANO        599 0062       HG4I          599 0187 EU   
QSO: 03538 CW 2019-12-21 1832 YU1ANO        599 0063       I2IFT         599 0111 EU   
QSO: 03538 CW 2019-12-21 1833 YU1ANO        599 0064       E77EA         599 0174 EU   
QSO: 03538 CW 2019-12-21 1833 YU1ANO        599 0065       9A7B          599 0040 EU   
QSO: 03538 CW 2019-12-21 1834 YU1ANO        599 0066       DL3KWF        599 0107 EU   
QSO: 03542 CW 2019-12-21 1835 YU1ANO        599 0067       9A4U          599 0109 EU   
QSO: 03538 CW 2019-12-21 1836 YU1ANO        599 0068       YO8DOH        599 0156 EU   
QSO: 03538 CW 2019-12-21 1836 YU1ANO        599 0069       OM3ZU         599 0106 EU   
QSO: 03538 CW 2019-12-21 1838 YU1ANO        599 0070       RM7C          599 0110 EU   
QSO: 03538 CW 2019-12-21 1838 YU1ANO        599 0071       DR7T          599 0140 EU   
QSO: 03538 CW 2019-12-21 1839 YU1ANO        599 0072       R7AC          599 0076 EU   
QSO: 03538 CW 2019-12-21 1839 YU1ANO        599 0073       OM3WZ         599 0040 EU   
QSO: 03538 CW 2019-12-21 1840 YU1ANO        599 0074       RA7R          599 0023 EU   
QSO: 03522 CW 2019-12-21 1842 YU1ANO        599 0075       LA0CX         599 0090 EU   
QSO: 03510 CW 2019-12-21 1842 YU1ANO        599 0076       ER4A          599 0458 EU   
QSO: 03526 CW 2019-12-21 1843 YU1ANO        599 0077       YU5T          599 0132 EU   
QSO: 03538 CW 2019-12-21 1844 YU1ANO        599 0078       YU1UN         599 0240 EU   
QSO: 03538 CW 2019-12-21 1844 YU1ANO        599 0079       HA6NL         599 0188 EU   
QSO: 03538 CW 2019-12-21 1845 YU1ANO        599 0080       RW3AO         599 0047 EU   
QSO: 03538 CW 2019-12-21 1846 YU1ANO        599 0081       S56A          599 0155 EU   
QSO: 03532 CW 2019-12-21 1847 YU1ANO        599 0082       YU1ED         599 0131 EU   
QSO: 07013 CW 2019-12-21 1853 YU1ANO        599 0083       RM4F          599 0388 EU   
QSO: 07013 CW 2019-12-21 1854 YU1ANO        599 0084       R1AT          599 0093 EU   
QSO: 07013 CW 2019-12-21 1854 YU1ANO        599 0085       R3GM          599 0395 EU   
QSO: 07013 CW 2019-12-21 1855 YU1ANO        599 0086       YT4W          599 0365 EU   
QSO: 07013 CW 2019-12-21 1856 YU1ANO        599 0087       PE1BQE        599 0054 EU   
QSO: 07013 CW 2019-12-21 1856 YU1ANO        599 0088       ON3ND         599 0070 EU   
QSO: 07013 CW 2019-12-21 1856 YU1ANO        599 0089       OQ5M          599 0406 EU   
QSO: 07013 CW 2019-12-21 1858 YU1ANO        599 0090       4L8A          599 0224 AS   
QSO: 07026 CW 2019-12-21 1901 YU1ANO        599 0091       JH1EAQ        599 0082 AS   
QSO: 07013 CW 2019-12-21 1901 YU1ANO        599 0092       RL3T          599 0017 EU   
QSO: 07013 CW 2019-12-21 1902 YU1ANO        599 0093       RT5T          599 0015 EU   
QSO: 03528 CW 2019-12-21 1905 YU1ANO        599 0094       9A1AA         599 0323 EU   
QSO: 03527 CW 2019-12-21 1906 YU1ANO        599 0095       9A1CBM        599 0203 EU   
QSO: 03521 CW 2019-12-21 1907 YU1ANO        599 0096       3Z50GR        599 0102 EU   
QSO: 03524 CW 2019-12-21 1907 YU1ANO        599 0097       OH8WW         599 0054 EU   
QSO: 03533 CW 2019-12-21 1908 YU1ANO        599 0098       UR7GO         599 0416 EU   
QSO: 03533 CW 2019-12-21 1909 YU1ANO        599 0099       R3GM          599 0414 EU   
QSO: 03554 CW 2019-12-21 1911 YU1ANO        599 0100       9A1KAJ        599 0003 EU   
QSO: 03533 CW 2019-12-21 1913 YU1ANO        599 0101       RM4F          599 0413 EU   
QSO: 07013 CW 2019-12-21 1915 YU1ANO        599 0102       K1ZZ          599 0340 NA   
QSO: 07013 CW 2019-12-21 1916 YU1ANO        599 0103       RV3PN         599 0068 EU   
QSO: 07013 CW 2019-12-21 1917 YU1ANO        599 0104       YT6W          599 0469 EU   
QSO: 07013 CW 2019-12-21 1917 YU1ANO        599 0105       G0JWQ         599 0021 EU   
QSO: 07013 CW 2019-12-21 1918 YU1ANO        599 0106       EX8MJ         599 0042 AS   
QSO: 07013 CW 2019-12-21 1918 YU1ANO        599 0107       K3ZO          599 0126 NA   
QSO: 07013 CW 2019-12-21 1918 YU1ANO        599 0108       RK4HYT        599 0042 EU   
QSO: 07013 CW 2019-12-21 1921 YU1ANO        599 0109       N4AF          599 0188 NA   
QSO: 07013 CW 2019-12-21 1922 YU1ANO        599 0110       UN7LAN        599 0111 AS   
QSO: 07013 CW 2019-12-21 1922 YU1ANO        599 0111       UA3RBR        599 0153 EU   
QSO: 07013 CW 2019-12-21 1922 YU1ANO        599 0112       LZ5R          599 0681 EU   
QSO: 07013 CW 2019-12-21 1923 YU1ANO        599 0113       RW9CQ         599 0062 AS   
QSO: 07013 CW 2019-12-21 1923 YU1ANO        599 0114       RV3DBK        599 0021 EU   
QSO: 07013 CW 2019-12-21 1924 YU1ANO        599 0115       RW7F          599 0207 EU   
QSO: 07013 CW 2019-12-21 1925 YU1ANO        599 0116       RK3T          599 0217 EU   
QSO: 07013 CW 2019-12-21 1926 YU1ANO        599 0117       EU8U          599 0392 EU   
QSO: 07013 CW 2019-12-21 1928 YU1ANO        599 0118       RT5P          599 0064 EU   
QSO: 07009 CW 2019-12-21 1933 YU1ANO        599 0120       NR3X          599 0113 NA   
QSO: 07014 CW 2019-12-21 1934 YU1ANO        599 0121       R3CW          599 0027 EU   
QSO: 07014 CW 2019-12-21 1935 YU1ANO        599 0122       R1AU          599 0002 EU   
QSO: 07014 CW 2019-12-21 1936 YU1ANO        599 0123       UA1CUR        599 0036 EU   
QSO: 07014 CW 2019-12-21 1936 YU1ANO        599 0124       LZ5R          599 0698 EU   
QSO: 07014 CW 2019-12-21 1937 YU1ANO        599 0125       LY2MM         599 0233 EU   
QSO: 07014 CW 2019-12-21 1938 YU1ANO        599 0126       PA3GDD        599 0004 EU   
QSO: 07014 CW 2019-12-21 1939 YU1ANO        599 0127       R7AT          599 0178 EU   
QSO: 07014 CW 2019-12-21 1940 YU1ANO        599 0128       W1KM          599 0040 NA   
QSO: 07014 CW 2019-12-21 1940 YU1ANO        599 0129       SM5DXR        599 0005 EU   
QSO: 07014 CW 2019-12-21 1943 YU1ANO        599 0130       UT4U          599 0490 EU   
QSO: 07014 CW 2019-12-21 1950 YU1ANO        599 0131       DJ0SP         599 0104 EU   
QSO: 07014 CW 2019-12-21 1951 YU1ANO        599 0132       4Z4UO         599 0028 AS   
QSO: 07014 CW 2019-12-21 1952 YU1ANO        599 0133       SE6N          599 0066 EU   
QSO: 07014 CW 2019-12-21 1953 YU1ANO        599 0134       UR7EC         599 0027 EU   
QSO: 07014 CW 2019-12-21 1953 YU1ANO        599 0135       UA4FER        599 0076 EU   
QSO: 07007 CW 2019-12-21 1956 YU1ANO        599 0136       VE9AA         599 0123 NA   
QSO: 07014 CW 2019-12-21 1958 YU1ANO        599 0137       DJ3XD         599 0025 EU   
QSO: 07014 CW 2019-12-21 2000 YU1ANO        599 0138       DF8AE         599 0004 EU   
QSO: 07014 CW 2019-12-21 2000 YU1ANO        599 0139       US3EW         599 0052 EU   
QSO: 07014 CW 2019-12-21 2000 YU1ANO        599 0140       UA3RFT        599 0020 EU   
QSO: 07014 CW 2019-12-21 2001 YU1ANO        599 0141       PA3HCC        599 0010 EU   
QSO: 07014 CW 2019-12-21 2002 YU1ANO        599 0142       YU1LM/QRP     599 0002 EU   
QSO: 01830 CW 2019-12-21 2003 YU1ANO        599 0143       9A7R          599 0156 EU   
QSO: 01830 CW 2019-12-21 2003 YU1ANO        599 0144       I6FDJ         599 0100 EU   
QSO: 01830 CW 2019-12-21 2004 YU1ANO        599 0145       OQ5M          599 0508 EU   
QSO: 01830 CW 2019-12-21 2004 YU1ANO        599 0146       9A5Y          599 0088 EU   
QSO: 01830 CW 2019-12-21 2005 YU1ANO        599 0147       9A1CKH        599 0071 EU   
QSO: 01830 CW 2019-12-21 2005 YU1ANO        599 0148       YT6W          599 0515 EU   
QSO: 01819 CW 2019-12-21 2005 YU1ANO        599 0149       5B/RN3QO      599 0462 AS   
QSO: 01819 CW 2019-12-21 2006 YU1ANO        599 0150       OM8AA         599 0423 EU   
QSO: 01820 CW 2019-12-21 2006 YU1ANO        599 0151       ER4A          599 0636 EU   
QSO: 01823 CW 2019-12-21 2007 YU1ANO        599 0152       LY2XW         599 0022 EU   
QSO: 01821 CW 2019-12-21 2007 YU1ANO        599 0153       HG7T          599 0589 EU   
QSO: 01824 CW 2019-12-21 2008 YU1ANO        599 0154       UA5C          599 0318 EU   
QSO: 01828 CW 2019-12-21 2008 YU1ANO        599 0155       F5IN          599 0218 EU   
QSO: 01828 CW 2019-12-21 2009 YU1ANO        599 0156       S58M          599 0089 EU   
QSO: 01820 CW 2019-12-21 2010 YU1ANO        599 0157       UA9CDC        599 0117 AS   
QSO: 01825 CW 2019-12-21 2011 YU1ANO        599 0158       UT4U          599 0530 EU   
QSO: 01834 CW 2019-12-21 2011 YU1ANO        599 0159       YL7X          599 0443 EU   
QSO: 01832 CW 2019-12-21 2012 YU1ANO        599 0160       EU8U          599 0435 EU   
QSO: 01831 CW 2019-12-21 2013 YU1ANO        599 0161       RA2F          599 0173 EU   
QSO: 01825 CW 2019-12-21 2018 YU1ANO        599 0162       DL1REM        599 0045 EU   
QSO: 01825 CW 2019-12-21 2019 YU1ANO        599 0163       OM8VL         599 0039 EU   
QSO: 01825 CW 2019-12-21 2019 YU1ANO        599 0164       YO8DOH        599 0221 EU   
QSO: 01825 CW 2019-12-21 2020 YU1ANO        599 0165       IV3FPX        599 0086 EU   
QSO: 01825 CW 2019-12-21 2020 YU1ANO        599 0166       HA7SBQ        599 0218 EU   
QSO: 01833 CW 2019-12-21 2021 YU1ANO        599 0167       9A1AA         599 0393 EU   
QSO: 01826 CW 2019-12-21 2021 YU1ANO        599 0168       EI7KD         599 0013 EU   
QSO: 01835 CW 2019-12-21 2024 YU1ANO        599 0169       IS0GQX        599 0001 EU   
QSO: 01823 CW 2019-12-21 2025 YU1ANO        599 0170       S53JW         599 0003 EU   
QSO: 01820 CW 2019-12-21 2027 YU1ANO        599 0171       F5VHY         599 0070 EU   
QSO: 01819 CW 2019-12-21 2028 YU1ANO        599 0172       MM0ZBH        599 0002 EU   
QSO: 07014 CW 2019-12-21 2031 YU1ANO        599 0172       YU1RA         599 0001 EU   
QSO: 07011 CW 2019-12-21 2035 YU1ANO        599 0173       HG7T          599 0538 EU   
QSO: 07014 CW 2019-12-21 2036 YU1ANO        599 0174       KR2Q          599 0019 NA   
QSO: 07014 CW 2019-12-21 2038 YU1ANO        599 0175       UR8IW         599 0011 EU   
QSO: 07014 CW 2019-12-21 2039 YU1ANO        599 0176       YL3GQ         599 0036 EU   
QSO: 07028 CW 2019-12-21 2041 YU1ANO        599 0177       9A5W          599 0491 EU   
QSO: 07012 CW 2019-12-21 2042 YU1ANO        599 0178       9A7V          599 0804 EU   
QSO: 07014 CW 2019-12-21 2043 YU1ANO        599 0179       OH2MGA        599 0034 EU   
QSO: 07014 CW 2019-12-21 2044 YU1ANO        599 0180       UA6AK         599 0191 EU   
QSO: 07003 CW 2019-12-21 2046 YU1ANO        599 0181       9A0BB         599 0737 EU   
QSO: 07014 CW 2019-12-21 2047 YU1ANO        599 0182       K8MFO         599 0075 NA   
QSO: 07014 CW 2019-12-21 2047 YU1ANO        599 0183       RA5AQ         599 0070 EU   
QSO: 07014 CW 2019-12-21 2048 YU1ANO        599 0184       JF2OZH        599 0022 AS   
QSO: 07014 CW 2019-12-21 2050 YU1ANO        599 0185       UA6AA         599 0109 EU   
QSO: 07014 CW 2019-12-21 2050 YU1ANO        599 0186       LY7W          599 0165 EU   
QSO: 07014 CW 2019-12-21 2051 YU1ANO        599 0187       LX1TSF        599 0025 EU   
QSO: 07030 CW 2019-12-21 2053 YU1ANO        599 0188       YU1KT         599 0118 EU   
QSO: 07023 CW 2019-12-21 2055 YU1ANO        599 0189       OH2KW         599 0245 EU   
QSO: 07019 CW 2019-12-21 2057 YU1ANO        599 0190       K8GL          599 0166 NA   
QSO: 07014 CW 2019-12-21 2059 YU1ANO        599 0191       LY3AB         599 0063 EU   
QSO: 07026 CW 2019-12-21 2100 YU1ANO        599 0192       CS7AMH        599 0030 EU   
QSO: 07014 CW 2019-12-21 2101 YU1ANO        599 0193       JF2FIU        599 0002 AS   
QSO: 07014 CW 2019-12-21 2101 YU1ANO        599 0194       VE3NNT        599 0059 NA   
QSO: 07014 CW 2019-12-21 2102 YU1ANO        599 0195       RL5A          599 0047 EU   
QSO: 07014 CW 2019-12-21 2105 YU1ANO        599 0196       OZ1AAR        599 0134 EU   
QSO: 07014 CW 2019-12-21 2107 YU1ANO        599 0197       EA7HCB        599 0030 EU   
QSO: 07014 CW 2019-12-21 2107 YU1ANO        599 0198       YL2LW         599 0034 EU   
QSO: 07010 CW 2019-12-21 2110 YU1ANO        599 0199       WA1Z          599 0217 NA   
QSO: 07012 CW 2019-12-21 2111 YU1ANO        599 0200       NA8V          599 0277 NA   
QSO: 07014 CW 2019-12-21 2113 YU1ANO        599 0201       LY9A          599 0137 EU   
QSO: 07017 CW 2019-12-21 2116 YU1ANO        599 0202       SM5CSS        599 0075 EU   
QSO: 07006 CW 2019-12-21 2122 YU1ANO        599 0203       PS8HF         599 0014 SA   
QSO: 07014 CW 2019-12-21 2123 YU1ANO        599 0204       DJ1YFK        599 0039 EU   
QSO: 01825 CW 2019-12-21 2125 YU1ANO        599 0205       YT8A          599 0141 EU   
QSO: 01833 CW 2019-12-21 2126 YU1ANO        599 0206       E74TV         599 0005 EU   
QSO: 03530 CW 2019-12-21 2128 YU1ANO        599 0207       LZ3ZZ         599 0316 EU   
QSO: 03509 CW 2019-12-21 2130 YU1ANO        599 0208       5B/RN3QO      599 0524 AS   
QSO: 03510 CW 2019-12-21 2131 YU1ANO        599 0209       F5NBX         599 0162 EU   
QSO: 07014 CW 2019-12-21 2138 YU1ANO        599 0210       W8FJ          599 0048 NA   
QSO: 07014 CW 2019-12-21 2138 YU1ANO        599 0211       US3IZ         599 0100 EU   
QSO: 07014 CW 2019-12-21 2138 YU1ANO        599 0212       K2NV          599 0232 NA   
QSO: 07014 CW 2019-12-21 2139 YU1ANO        599 0213       VE3VN         599 0080 NA   
QSO: 07014 CW 2019-12-21 2139 YU1ANO        599 0214       EA3FZT        599 0161 EU   
QSO: 07014 CW 2019-12-21 2140 YU1ANO        599 0215       SM6GBM        599 0025 EU   
QSO: 07023 CW 2019-12-21 2144 YU1ANO        599 0216       9A7T          599 0506 EU   
QSO: 07014 CW 2019-12-21 2145 YU1ANO        599 0217       UT3EK         599 0230 EU   
QSO: 07016 CW 2019-12-21 2148 YU1ANO        599 0218       LA0CX         599 0196 EU   
QSO: 07014 CW 2019-12-21 2149 YU1ANO        599 0219       YL3FT         599 0227 EU   
QSO: 07014 CW 2019-12-21 2149 YU1ANO        599 0220       K3IE          599 0098 NA   
QSO: 07014 CW 2019-12-21 2152 YU1ANO        599 0221       UT5C          599 0127 EU   
QSO: 07014 CW 2019-12-21 2158 YU1ANO        599 0222       DF6QE         599 0014 EU   
QSO: 07014 CW 2019-12-21 2159 YU1ANO        599 0223       RK9Q          599 0188 AS   
QSO: 07014 CW 2019-12-21 2200 YU1ANO        599 0224       SM5EFX        599 0019 EU   
QSO: 07014 CW 2019-12-21 2203 YU1ANO        599 0225       KM4HI         599 0031 NA   
QSO: 03509 CW 2019-12-21 2206 YU1ANO        599 0226       9A2KI         599 0359 EU   
QSO: 03517 CW 2019-12-21 2208 YU1ANO        599 0227       9A4CC         599 0245 EU   
QSO: 03543 CW 2019-12-21 2210 YU1ANO        599 0228       9A1CKH        599 0159 EU   
QSO: 03527 CW 2019-12-21 2211 YU1ANO        599 0229       YU1KT         599 0160 EU   
QSO: 03530 CW 2019-12-21 2214 YU1ANO        599 0230       4Z4KX         599 0049 AS   
QSO: 03510 CW 2019-12-21 2218 YU1ANO        599 0231       LY9A          599 0169 EU   
QSO: 03510 CW 2019-12-21 2221 YU1ANO        599 0232       Z35M          599 0206 EU   
QSO: 07014 CW 2019-12-21 2226 YU1ANO        599 0233       YL2TD         599 0131 EU   
QSO: 07023 CW 2019-12-21 2230 YU1ANO        599 0234       E7CW          599 0391 EU   
QSO: 07015 CW 2019-12-21 2232 YU1ANO        599 0235       9A1AA         599 0517 EU   
QSO: 07014 CW 2019-12-21 2234 YU1ANO        599 0236       JG3LGD        599 0024 AS   
QSO: 07014 CW 2019-12-21 2235 YU1ANO        599 0237       OH1TM         599 0083 EU   
QSO: 07014 CW 2019-12-21 2235 YU1ANO        599 0238       UR3QGJ        599 0036 EU   
QSO: 07014 CW 2019-12-21 2236 YU1ANO        599 0239       DK5KF         599 0017 EU   
QSO: 07014 CW 2019-12-21 2238 YU1ANO        599 0240       PA2TA         599 0018 EU   
QSO: 07014 CW 2019-12-21 2240 YU1ANO        599 0241       SP2GMA        599 0056 EU   
QSO: 07034 CW 2019-12-21 2241 YU1ANO        599 0242       NP4Z          599 0063 NA   
QSO: 07033 CW 2019-12-21 2242 YU1ANO        599 0243       RA2F          599 0198 EU   
QSO: 07022 CW 2019-12-21 2248 YU1ANO        599 0244       OM7M          599 0733 EU   
QSO: 03513 CW 2019-12-21 2251 YU1ANO        599 0245       OQ5M          599 0642 EU   
QSO: 03521 CW 2019-12-21 2252 YU1ANO        599 0246       OE3KAB        599 0231 EU   
QSO: 03523 CW 2019-12-21 2253 YU1ANO        599 0247       HB9CPS        599 0066 EU   
QSO: 03536 CW 2019-12-21 2258 YU1ANO        599 0248       YO4RDW        599 0141 EU   
QSO: 07023 CW 2019-12-21 2325 YU1ANO        599 0249       CO8ZZ         599 0013 NA   
QSO: 07014 CW 2019-12-21 2328 YU1ANO        599 0250       2E0CVN        599 0047 EU   
QSO: 07014 CW 2019-12-21 2328 YU1ANO        599 0251       I2IFT         599 0309 EU   
QSO: 07014 CW 2019-12-21 2329 YU1ANO        599 0252       UT3EV         599 0318 EU   
QSO: 07014 CW 2019-12-21 2330 YU1ANO        599 0253       UT7HM         599 0070 EU   
QSO: 07014 CW 2019-12-21 2330 YU1ANO        599 0254       YL7X          599 0599 EU   
QSO: 07014 CW 2019-12-21 2333 YU1ANO        599 0255       G3SVK         599 0057 EU   
QSO: 07014 CW 2019-12-21 2335 YU1ANO        599 0256       R5DC          599 0397 EU   
QSO: 07015 CW 2019-12-21 2336 YU1ANO        599 0257       TA5FA         599 0085 AS   
QSO: 07014 CW 2019-12-21 2339 YU1ANO        599 0258       DL8UKW        599 0021 EU   
QSO: 03518 CW 2019-12-21 2340 YU1ANO        599 0259       G4BUO         599 0075 EU   
QSO: 03532 CW 2019-12-21 2343 YU1ANO        599 0260       YL7X          599 0611 EU   
QSO: 03516 CW 2019-12-21 2345 YU1ANO        599 0261       GW3YDX        599 0019 EU   
QSO: 03513 CW 2019-12-21 2345 YU1ANO        599 0262       9A2X          599 0157 EU   
QSO: 07014 CW 2019-12-22 0950 YU1ANO        599 0263       9A3LG         599 0481 EU   
QSO: 07017 CW 2019-12-22 0951 YU1ANO        599 0264       Z33B          599 0178 EU   
QSO: 07016 CW 2019-12-22 0952 YU1ANO        599 0265       9A2MF         599 0193 EU   
QSO: 07024 CW 2019-12-22 0952 YU1ANO        599 0266       S53EO         599 0190 EU   
QSO: 07024 CW 2019-12-22 0953 YU1ANO        599 0267       YO8DOH        599 0329 EU   
QSO: 07026 CW 2019-12-22 0954 YU1ANO        599 0268       IT9ESW        599 0101 EU   
QSO: 07027 CW 2019-12-22 0955 YU1ANO        599 0269       HB9DHG        599 0200 EU   
QSO: 07021 CW 2019-12-22 0955 YU1ANO        599 0270       9A4WY         599 0042 EU   
QSO: 28030 CW 2019-12-22 0958 YU1ANO        599 0271       YU1EA         599 0003 EU   
QSO: 07013 CW 2019-12-22 1004 YU1ANO        599 0272       OK1BLU        599 0127 EU   
QSO: 07013 CW 2019-12-22 1006 YU1ANO        599 0273       PA3I          599 0018 EU   
QSO: 07013 CW 2019-12-22 1006 YU1ANO        599 0274       SE4E          599 0258 EU   
QSO: 07023 CW 2019-12-22 1008 YU1ANO        599 0275       S59AA         599 0081 EU   
QSO: 07033 CW 2019-12-22 1009 YU1ANO        599 0276       IK6BAK        599 0054 EU   
QSO: 14044 CW 2019-12-22 1012 YU1ANO        599 0277       4X1VF         599 0105 AS   
QSO: 14018 CW 2019-12-22 1014 YU1ANO        599 0278       LY7T          599 0183 EU   
QSO: 21024 CW 2019-12-22 1023 YU1ANO        599 0279       RT9S          599 0034 AS   
QSO: 07018 CW 2019-12-22 1027 YU1ANO        599 0280       9A2KI         599 0640 EU   
QSO: 07025 CW 2019-12-22 1028 YU1ANO        599 0281       9A1AD         599 0377 EU   
QSO: 07024 CW 2019-12-22 1029 YU1ANO        599 0282       9A1CBM        599 0544 EU   
QSO: 07013 CW 2019-12-22 1031 YU1ANO        599 0283       YP5A          599 0341 EU   
QSO: 07013 CW 2019-12-22 1032 YU1ANO        599 0284       DM4CW         599 0108 EU   
QSO: 21017 CW 2019-12-22 1037 YU1ANO        599 0285       4L8A          599 0512 AS   
QSO: 07021 CW 2019-12-22 1048 YU1ANO        599 0286       9A1DR         599 0111 EU   
QSO: 07018 CW 2019-12-22 1050 YU1ANO        599 0287       9A3YT         599 0152 EU   
QSO: 07015 CW 2019-12-22 1052 YU1ANO        599 0288       UR1YAA        599 0325 EU   
QSO: 07015 CW 2019-12-22 1053 YU1ANO        599 0289       RU5TT         599 0216 EU   
QSO: 07016 CW 2019-12-22 1158 YU1ANO        599 0290       DJ6GI         599 0075 EU   
QSO: 07016 CW 2019-12-22 1159 YU1ANO        599 0291       OK1PFM        599 0110 EU   
QSO: 07016 CW 2019-12-22 1159 YU1ANO        599 0292       OK2TSG        599 0036 EU   
QSO: 07016 CW 2019-12-22 1200 YU1ANO        599 0293       DL0ZZ         599 0444 EU   
QSO: 07016 CW 2019-12-22 1201 YU1ANO        599 0294       EW8G          599 0099 EU   
QSO: 07019 CW 2019-12-22 1202 YU1ANO        599 0295       9A2UN         599 0218 EU   
QSO: 07016 CW 2019-12-22 1206 YU1ANO        599 0296       EA4GOY        599 0019 EU   
QSO: 07016 CW 2019-12-22 1206 YU1ANO        599 0297       SP9TTG        599 0275 EU   
QSO: 07018 CW 2019-12-22 1210 YU1ANO        599 0298       LY2PX         599 0290 EU   
QSO: 07022 CW 2019-12-22 1211 YU1ANO        599 0299       PA3AAV        599 0529 EU   
QSO: 07016 CW 2019-12-22 1211 YU1ANO        599 0300       LY5G          599 0144 EU   
QSO: 07032 CW 2019-12-22 1213 YU1ANO        599 0301       UT1WW         599 0202 EU   
QSO: 07012 CW 2019-12-22 1215 YU1ANO        599 0302       SP9KJU        599 0037 EU   
QSO: 07011 CW 2019-12-22 1216 YU1ANO        599 0303       PA2W          599 0215 EU   
END-OF-LOG:
