START-OF-LOG: 3.0
CREATED-BY: vhfmanager-downloader
CONTEST: ZRS septembrsko UKV tekmovanje - Official results - VHFManager
CALLSIGN: UT2HZ
CATEGORY: 145 MHz - Generated log
CATEGORY-OPERATOR: SINGLE-OP
CATEGORY-ASSISTED: NON-ASSISTED
CATEGORY-TRANSMITTER: ONE
CATEGORY-STATION: FIXED
QSO: 144300 PH 2017-09-02 2007 UT2HZ         2   KN79GP KN79GP UT2HZT        CW  UR6EC 599 
QSO: 144300 PH 2017-09-02 2013 UT2HZ         3   KN79GP KN79GP UT2HZT        SSB UT7EZZ 59 
QSO: 144300 PH 2017-09-02 2103 UT2HZ         5   KN79GP KN79GP UT2HZT        SSB UW4U 59   
QSO: 144300 PH 2017-09-02 2148 UT2HZ         9   KN79GP KN79GP UT2HZT        CW  UR5LX 599 
QSO: 144300 PH 2017-09-02 2206 UT2HZ         11  KN79GP KN79GP UT2HZT        CW  UY9VY 599 
QSO: 144300 PH 2017-09-02 2233 UT2HZ         15  KN79GP KN79GP UT2HZT        CW  UT7E/P 599
QSO: 144300 PH 2017-09-02 2331 UT2HZ         18  KN79GP KN79GP UT2HZT        SSB US7GY 59  
QSO: 144300 PH 2017-09-02 2353 UT2HZ         20  KN79GP KN79GP UT2HZT        CW  UR7EW 599 
QSO: 144300 PH 2017-09-03 0430 UT2HZ         28  KN79GP KN79GP UT2HZT        SSB UR5UI 59  
QSO: 144300 PH 2017-09-03 0608 UT2HZ         39  KN79GP KN79GP UT2HZT        CW  UT3LL 599 
QSO: 144300 PH 2017-09-03 0725 UT2HZ         43  KN79GP KN79GP UT2HZT        CW  UT6EY 599 
END-OF-LOG:
