START-OF-LOG: 3.0
CREATED-BY: reconstructed-log-builder
CONTEST: SAC-CW
CALLSIGN: DL7ON
LOCATION: 
CATEGORY: CHECKLOG
CATEGORY-OPERATOR: SINGLE-OP
CATEGORY-BAND: ALL
CATEGORY-MODE: MIXED
CATEGORY-POWER: UNKNOWN
CATEGORY-ASSISTED: NON-ASSISTED
CATEGORY-TRANSMITTER: ONE
CATEGORY-STATION: UNKNOWN
CATEGORY-OVERLAY: 
OPERATORS: DL7ON
CLAIMED-SCORE: 
CLUB: 
NAME: 
SOAPBOX: RECONSTRUCTED MOCKUP LOG - NOT AN OFFICIAL SUBMISSION.
SOAPBOX: Derived from submitted logs for SAC-CW SAC/CW/2024.
QSO: 28014 CW 2024-09-22 0745 DL7ON         599 1 OG7A          599 218
QSO: 28002 CW 2024-09-22 0746 DL7ON         599 2 OG5B          599 208
QSO: 21009 CW 2024-09-22 0750 DL7ON         599 3 OZ0B          599 997
QSO: 14041 CW 2024-09-22 0757 DL7ON         599 4 OH8TX         599 50
QSO: 28008 CW 2024-09-22 0904 DL7ON         599 5 OH0V          599 1439
QSO: 28029 CW 2024-09-22 0905 DL7ON         599 6 LC8G          599 1318
QSO: 28011 CW 2024-09-22 0908 DL7ON         599 8 OZ1AAR        599 816
QSO: 28000 CW 2024-09-22 0911 DL7ON         599 8 SM6EAN        599 966
QSO: 21015 CW 2024-09-22 0915 DL7ON         599 9 TF3D          599 1633
QSO: 14040 CW 2024-09-22 0923 DL7ON         599 19 SM2U          599 664
QSO: 14040 CW 2024-09-22 0923 DL7ON         599 10 SM6LJU        599 798
QSO: 14006 CW 2024-09-22 0929 DL7ON         599 12 LA5FJA        599 345
QSO: 14015 CW 2024-09-22 0931 DL7ON         599 13 OH1RX         599 1211
QSO: 14016 CW 2024-09-22 0931 DL7ON         599 14 OH4MDY        599 125
QSO: 14018 CW 2024-09-22 0932 DL7ON         599 15 SM5/DL2SWW    599 941
QSO: 14019 CW 2024-09-22 0934 DL7ON         599 17 LA8OM         599 1223
QSO: 14019 CW 2024-09-22 0934 DL7ON         599 17 SM6M          599 790
QSO: 14020 CW 2024-09-22 0935 DL7ON         599 18 SK6EI         599 977
QSO: 14022 CW 2024-09-22 0936 DL7ON         599 19 OH2AM         599 1806
QSO: 14024 CW 2024-09-22 0936 DL7ON         599 20 SC7DX         599 680
QSO: 14026 CW 2024-09-22 0937 DL7ON         599 21 OH8DR         599 101
QSO: 14028 CW 2024-09-22 0938 DL7ON         599 22 SG0M          599 485
QSO: 14029 CW 2024-09-22 0938 DL7ON         599 23 OZ5W          599 518
QSO: 14031 CW 2024-09-22 0939 DL7ON         599 74 TF3EO         599 198
QSO: 14041 CW 2024-09-22 0940 DL7ON         599 25 OH0M          599 1804
QSO: 14043 CW 2024-09-22 0940 DL7ON         599 26 OH0V          599 1479
END-OF-LOG:
