START-OF-LOG: 3.0
CREATED-BY: reconstructed-log-builder
CONTEST: EA-MAJESTAD-SSB
CALLSIGN: IZ4AIF
LOCATION: 
CATEGORY: CHECKLOG
CATEGORY-OPERATOR: SINGLE-OP
CATEGORY-BAND: ALL
CATEGORY-MODE: MIXED
CATEGORY-POWER: UNKNOWN
CATEGORY-ASSISTED: NON-ASSISTED
CATEGORY-TRANSMITTER: ONE
CATEGORY-STATION: UNKNOWN
CATEGORY-OVERLAY: 
OPERATORS: IZ4AIF
CLAIMED-SCORE: 
CLUB: 
NAME: 
SOAPBOX: RECONSTRUCTED MOCKUP LOG - NOT AN OFFICIAL SUBMISSION.
SOAPBOX: Derived from submitted logs for EA-MAJESTAD-SSB URE/SMRSSB/2024.
QSO: 28507 PH 2024-06-23 1116 IZ4AIF        59 001 ED5R          59 A
QSO: 28442 PH 2024-06-23 1118 IZ4AIF        59 100 LZ2YO         59 216
QSO: 28474 PH 2024-06-23 1121 IZ4AIF        59 100 LZ6E          59 692
QSO: 28510 PH 2024-06-23 1124 IZ4AIF        59 100 SV3RPQ        59 682
QSO: 28454 PH 2024-06-23 1127 IZ4AIF        59 100 LZ5R          59 2161
QSO: 28435 PH 2024-06-23 1129 IZ4AIF        59 20 EA1L          59 O
QSO: 28410 PH 2024-06-23 1132 IZ4AIF        59 100 UR7R          59 0422
QSO: 28435 PH 2024-06-23 1135 IZ4AIF        59 100 EE5O          59 CS
QSO: 28482 PH 2024-06-23 1140 IZ4AIF        59 100 UZ7C          59 910
QSO: 28490 PH 2024-06-23 1141 IZ4AIF        59 0100 IT9FRX        59 0306
QSO: 28432 PH 2024-06-23 1150 IZ4AIF        59 100 ED5I          59 A
QSO: 28300 PH 2024-06-23 1151 IZ4AIF        59 025 EA2DMH        59 Z
END-OF-LOG:
