START-OF-LOG: 3.0
CREATED-BY: reconstructed-log-builder
CONTEST: ZRS julijsko UKV tekmovanje - Official results - VHFManager
CALLSIGN: LY2WR
LOCATION: 
CATEGORY: CHECKLOG
CATEGORY-OPERATOR: SINGLE-OP
CATEGORY-BAND: ALL
CATEGORY-MODE: MIXED
CATEGORY-POWER: UNKNOWN
CATEGORY-ASSISTED: NON-ASSISTED
CATEGORY-TRANSMITTER: ONE
CATEGORY-STATION: UNKNOWN
CATEGORY-OVERLAY: 
OPERATORS: LY2WR
CLAIMED-SCORE: 
CLUB: 
NAME: 
SOAPBOX: RECONSTRUCTED MOCKUP LOG - NOT AN OFFICIAL SUBMISSION.
SOAPBOX: Derived from submitted logs for ZRS julijsko UKV tekmovanje - Official results - VHFManager EU_VHF_CONTESTS/ZRS_July_2009/144MHz.
QSO: 144100 CW 2009-07-04 1423 LY2WR         599 13 KO24FO SP4JCQ        599 2 KO13NC
QSO: 144300 PH 2009-07-04 1516 LY2WR         59 23 KO24FO SP2WDW        59 41 JO94BF
QSO: 144100 CW 2009-07-04 1525 LY2WR         59 25 KO24FO SN7L          59 100 JO70SS
QSO: 144100 CW 2009-07-04 1551 LY2WR         599 27 KO24FO DL5YM         599 9 JO62XN
QSO: 144100 CW 2009-07-04 1613 LY2WR         599 35 KO24FO SP2CNW        599 3 JO93AI
QSO: 144100 CW 2009-07-04 1734 LY2WR         599 46 KO24FO SP2FAV        599 5 JO94MA
QSO: 144300 PH 2009-07-04 1852 LY2WR         59 55 KO24FO SQ2EEQ        59 10 JO94JC
QSO: 144300 PH 2009-07-04 1904 LY2WR         59 57 KO24FO OL9W          59 293 JN99CL
QSO: 144100 CW 2009-07-04 1913 LY2WR         599 58 KO24FO SO3Z          599 42 JO82KL
QSO: 144100 CW 2009-07-04 1925 LY2WR         599 60 KO24FO OK2KCE        599 160 JN89XX
QSO: 144100 CW 2009-07-04 1936 LY2WR         599 61 KO24FO DL0BLA        599 119 JO62PF
QSO: 144100 CW 2009-07-04 1940 LY2WR         599 62 KO24FO DL7VEE        599 64 JO62SM
QSO: 144100 CW 2009-07-04 1944 LY2WR         599 63 KO24FO DL8UCC        599 31 JO71EQ
QSO: 144100 CW 2009-07-04 1950 LY2WR         599 64 KO24FO DL7AFB        599 129 JO62JA
QSO: 144300 PH 2009-07-04 2040 LY2WR         59 70 KO24FO SP2WPY        59 14 JO94FL
QSO: 144300 PH 2009-07-04 2132 LY2WR         59 73 KO24FO SN9D          59 272 JN99MQ
QSO: 144100 CW 2009-07-04 2152 LY2WR         599 83 KO24FO DH8BQA        599 187 JO73CE
QSO: 144100 CW 2009-07-04 2201 LY2WR         599 84 KO24FO DL8VL         599 119 JO71FG
QSO: 144100 CW 2009-07-04 2213 LY2WR         599 86 KO24FO OK2KCN        599 143 JN89OI
QSO: 144100 CW 2009-07-04 2238 LY2WR         599 87 KO24FO OM8A          599 487 JN87WV
QSO: 144300 PH 2009-07-04 2250 LY2WR         59 88 KO24FO DM7A/P        59 141 JO74AA
QSO: 144300 PH 2009-07-04 2320 LY2WR         59 90 KO24FO OM5M          59 407 JN88RS
QSO: 144300 PH 2009-07-04 2324 LY2WR         59 91 KO24FO OK2S          59 141 JN99CT
QSO: 144300 PH 2009-07-04 2335 LY2WR         59 91 KO24FO OM6A          59 495 JN99JC
QSO: 144100 CW 2009-07-04 2342 LY2WR         599 92 KO24FO DM5D          599 283 JO61OC
QSO: 144300 PH 2009-07-04 2350 LY2WR         59 93 KO24FO OL3Z          59 486 JN79FX
QSO: 144100 CW 2009-07-05 0030 LY2WR         599 94 KO24FO DK3UA         599 24 JO64LF
QSO: 144100 CW 2009-07-05 0219 LY2WR         599 97 KO24FO OK2KYC        599 294 JN99BM
QSO: 144100 CW 2009-07-05 0221 LY2WR         599 98 KO24FO OM3W          599 438 JN99CH
QSO: 144100 CW 2009-07-05 0236 LY2WR         599 99 KO24FO SN6W          599 318 JO80FQ
QSO: 144100 CW 2009-07-05 0246 LY2WR         599 101 KO24FO DA0HQ         599 285 JO61XF
QSO: 144100 CW 2009-07-05 0246 LY2WR         599 100 KO24FO OK6DX         599 338 JO80EH
QSO: 144300 PH 2009-07-05 0250 LY2WR         59 102 KO24FO DL0C          59 122 JO72HD
QSO: 144100 CW 2009-07-05 0404 LY2WR         599 103 KO24FO OK2PVF        599 308 JN99JQ
QSO: 144100 CW 2009-07-05 0459 LY2WR         599 106 KO24FO DF0MTL        599 494 JO60LK
QSO: 144300 PH 2009-07-05 0521 LY2WR         59 108 KO24FO OK2ILA        59 181 JN89ST
QSO: 144300 PH 2009-07-05 0556 LY2WR         59 111 KO24FO OK2TT         59 80 JO80OB
QSO: 144300 PH 2009-07-05 0558 LY2WR         59 112 KO24FO OK1ZDA        59 164 JO60NB
QSO: 144300 PH 2009-07-05 0616 LY2WR         59 114 KO24FO DL0GTH        59 620 JO50JP
QSO: 144100 CW 2009-07-05 0709 LY2WR         599 116 KO24FO SP7OGP        599 26 KO01AM
QSO: 144300 PH 2009-07-05 0729 LY2WR         59 52 KO15KP SP6GZZ        59 194 JO80FX
QSO: 144300 PH 2009-07-05 0757 LY2WR         599 118 KO24OQ HA7P          599 492 JN97KW
QSO: 144300 PH 2009-07-05 0828 LY2WR         59 121 KO24FO OK5Z          59 438 JN89AK
QSO: 144300 PH 2009-07-05 0831 LY2WR         59 122 KO24FO OK1KFH        59 480 JN69WR
QSO: 144300 PH 2009-07-05 0904 LY2WR         59 123 KO24FO OK2KJT        59 511 JN99AJ
END-OF-LOG:
