START-OF-LOG: 3.0
CREATED-BY: ua9qcq-ham-spirit-ubn-downloader
CONTEST: HAM-SPIRIT
CALLSIGN: UA9FGJ
CATEGORY-OPERATOR: SINGLE-OP
CATEGORY-BAND: 15M
CATEGORY-MODE: MIXED
CATEGORY-ASSISTED: 
CATEGORY-TRANSMITTER: ONE
CATEGORY-STATION: 
CATEGORY-POWER: 
OPERATORS: UA9FGJ
QSO: 21037 CW 2025-11-15 0746 UA9FGJ        599 30LO   RA9DZ         599 30MO  
QSO: 21028 CW 2025-11-15 0747 UA9FGJ        599 30LO   IT9WDC        599 28JM  
QSO: 21024 CW 2025-11-15 0749 UA9FGJ        599 30LO   RC6U          599 29LN  
QSO: 21022 CW 2025-11-15 0750 UA9FGJ        599 30LO   UA6CC         599 29KN  
QSO: 21020 CW 2025-11-15 0751 UA9FGJ        599 30LO   DK8ZB         599 28JN  
QSO: 21018 CW 2025-11-15 0752 UA9FGJ        599 30LO   EA5PI         599 37IM  
QSO: 21017 CW 2025-11-15 0753 UA9FGJ        599 30LO   RK7X          599 29LN  
QSO: 21011 CW 2025-11-15 0755 UA9FGJ        599 30LO   UN7LZ         599 30MO  
QSO: 21033 CW 2025-11-15 0756 UA9FGJ        599 30LO   R7AT          599 29KN  
QSO: 21033 CW 2025-11-15 0757 UA9FGJ        599 30LO   R9MA          599 31MO  
QSO: 21033 CW 2025-11-15 0757 UA9FGJ        599 30LO   R7OZ          599 29KN  
QSO: 21033 CW 2025-11-15 0757 UA9FGJ        599 30LO   RW9DX         599 30MO  
QSO: 21033 CW 2025-11-15 0758 UA9FGJ        599 30LO   RY2A          599 29KO  
QSO: 21033 CW 2025-11-15 0758 UA9FGJ        599 30LO   R7MM          599 29KN  
QSO: 21033 CW 2025-11-15 0758 UA9FGJ        599 30LO   RG6OR         599 29KN  
QSO: 21033 CW 2025-11-15 0759 UA9FGJ        599 30LO   R6DX          599 29LN  
QSO: 21033 CW 2025-11-15 0759 UA9FGJ        599 30LO   R7LV          599 29KN  
QSO: 21033 CW 2025-11-15 0800 UA9FGJ        599 30LO   UA0OK         599 32OO  
QSO: 21033 CW 2025-11-15 0800 UA9FGJ        599 30LO   RW3DY         599 29KO  
QSO: 21033 CW 2025-11-15 0800 UA9FGJ        599 30LO   RO7C          599 29KN  
QSO: 21033 CW 2025-11-15 0801 UA9FGJ        599 30LO   F6AUS         599 27IN  
QSO: 21033 CW 2025-11-15 0801 UA9FGJ        599 30LO   RA6AR         599 29KN  
QSO: 21033 CW 2025-11-15 0801 UA9FGJ        599 30LO   UA9MW         599 30MO  
QSO: 21033 CW 2025-11-15 0803 UA9FGJ        599 30LO   R4IO          599 29LO  
QSO: 21033 CW 2025-11-15 0803 UA9FGJ        599 30LO   HA4FY         599 28JN  
QSO: 21033 CW 2025-11-15 0803 UA9FGJ        599 30LO   RL2H          599 29KO  
QSO: 21033 CW 2025-11-15 0804 UA9FGJ        599 30LO   R3HH          599 29KO  
QSO: 21033 CW 2025-11-15 0804 UA9FGJ        599 30LO   RC2O          599 29KN  
QSO: 21012 CW 2025-11-15 0806 UA9FGJ        599 30LO   EW8DX         599 29KO  
QSO: 21016 CW 2025-11-15 0807 UA9FGJ        599 30LO   RW1A          599 29KO  
QSO: 21016 CW 2025-11-15 0819 UA9FGJ        599 30LO   SP2FAP        599 28JO  
QSO: 21023 CW 2025-11-15 0821 UA9FGJ        599 30LO   DL2NBY        599 28JN  
QSO: 21027 CW 2025-11-15 0822 UA9FGJ        599 30LO   RX6FJ         599 29LN  
QSO: 21037 CW 2025-11-15 0826 UA9FGJ        599 30LO   IU8PWS        599 28JN  
QSO: 21020 CW 2025-11-15 0828 UA9FGJ        599 30LO   E74A          599 28JN  
QSO: 21015 CW 2025-11-15 0830 UA9FGJ        599 30LO   MM9I          599 27IO  
QSO: 21015 CW 2025-11-15 0830 UA9FGJ        599 30LO   UA6AK         599 29LN  
QSO: 21014 CW 2025-11-15 0831 UA9FGJ        599 30LO   S52W          599 28JN  
QSO: 21013 CW 2025-11-15 0833 UA9FGJ        599 30LO   IZ8EYP        599 28JM  
QSO: 21012 CW 2025-11-15 0834 UA9FGJ        599 30LO   SV1JG         599 28KM  
QSO: 21012 CW 2025-11-15 0906 UA9FGJ        599 30LO   RT5P          599 29KO  
QSO: 21012 CW 2025-11-15 0907 UA9FGJ        599 30LO   RZ9L          599 30MO  
QSO: 21012 CW 2025-11-15 0908 UA9FGJ        599 30LO   RC0CD         599 34PN  
QSO: 21012 CW 2025-11-15 0909 UA9FGJ        599 30LO   9A3YT         599 28JN  
QSO: 21012 CW 2025-11-15 0910 UA9FGJ        599 30LO   RA7R          599 29KN  
QSO: 21012 CW 2025-11-15 0911 UA9FGJ        599 30LO   OY1CT         599 18IP  
QSO: 21012 CW 2025-11-15 0913 UA9FGJ        599 30LO   RC7KF         599 29KN  
QSO: 21012 CW 2025-11-15 0914 UA9FGJ        599 30LO   R3OM          599 29KO  
QSO: 21012 CW 2025-11-15 0915 UA9FGJ        599 30LO   R3ZJ          599 29KO  
QSO: 21012 CW 2025-11-15 0916 UA9FGJ        599 30LO   UA3RBR        599 29LO  
QSO: 21010 CW 2025-11-16 0521 UA9FGJ        599 30LO   R0QC          599 23OP  
QSO: 21029 CW 2025-11-16 0527 UA9FGJ        599 30LO   RN0JT         599 33PO  
QSO: 21017 CW 2025-11-16 0529 UA9FGJ        599 30LO   YO8DOH        599 28KN  
QSO: 21015 CW 2025-11-16 0531 UA9FGJ        599 30LO   RT8O          599 31NO  
QSO: 21020 CW 2025-11-16 0532 UA9FGJ        599 30LO   UA0SDX        599 32OO  
QSO: 21025 CW 2025-11-16 0533 UA9FGJ        599 30LO   UI0B          599 32NO  
QSO: 21018 CW 2025-11-16 0537 UA9FGJ        599 30LO   BD1IIJ        599 44ON  
QSO: 21013 CW 2025-11-16 0541 UA9FGJ        599 30LO   UA6Y          599 29LN  
QSO: 21015 CW 2025-11-16 0542 UA9FGJ        599 30LO   R4BD          599 29LN  
QSO: 21023 CW 2025-11-16 0543 UA9FGJ        599 30LO   RG8U          599 31NO  
QSO: 21030 CW 2025-11-16 0544 UA9FGJ        599 30LO   RQ9O          599 31NO  
QSO: 21019 CW 2025-11-16 0636 UA9FGJ        599 30LO   VU2TMP        599 41MK  
QSO: 21019 CW 2025-11-16 0637 UA9FGJ        599 30LO   R5KV          599 29KO  
QSO: 21021 CW 2025-11-16 0640 UA9FGJ        599 30LO   R0AA          599 32NO  
QSO: 21026 CW 2025-11-16 0641 UA9FGJ        599 30LO   R2FK          599 29KO  
QSO: 21029 CW 2025-11-16 0641 UA9FGJ        599 30LO   UN8PT         599 30MN  
QSO: 21039 CW 2025-11-16 0644 UA9FGJ        599 30LO   UA6LUQ        599 29KN  
QSO: 21011 CW 2025-11-16 0645 UA9FGJ        599 30LO   R8WF          599 30LO  
QSO: 21023 CW 2025-11-16 0648 UA9FGJ        599 30LO   SN1T          599 28JO  
QSO: 21028 CW 2025-11-16 0650 UA9FGJ        599 30LO   EU8U          599 29KO  
QSO: 21028 CW 2025-11-16 0650 UA9FGJ        599 30LO   YR8R          599 28KN  
QSO: 21028 CW 2025-11-16 0650 UA9FGJ        599 30LO   EW8G          599 29KO  
QSO: 21028 CW 2025-11-16 0652 UA9FGJ        599 30LO   UC0A          599 32NO  
QSO: 21028 CW 2025-11-16 0652 UA9FGJ        599 30LO   YU3A          599 28JN  
QSO: 21028 CW 2025-11-16 0653 UA9FGJ        599 30LO   HG100UD       599 28KN  
QSO: 21028 CW 2025-11-16 0653 UA9FGJ        599 30LO   R2FZ          599 29KO  
QSO: 21028 CW 2025-11-16 0653 UA9FGJ        599 30LO   EU1DC         599 29KO  
QSO: 21028 CW 2025-11-16 0654 UA9FGJ        599 30LO   DL4ME         599 28JO  
QSO: 21028 CW 2025-11-16 0655 UA9FGJ        599 30LO   UA6HFI        599 29LN  
QSO: 21028 CW 2025-11-16 0655 UA9FGJ        599 30LO   YL3NU         599 29KO  
QSO: 21036 CW 2025-11-16 0657 UA9FGJ        599 30LO   IV3UHL        599 28JN  
END-OF-LOG:
