START-OF-LOG: 3.0
CATEGORY: Fixed
CONTEST: FD SSB
LOCATION: DX
CALLSIGN: LY2CX
CLUB: KAUNAS UNIVERSITY OF TECHNOLOGY RADIO CLUB
CLAIMED-SCORE: 28
OPERATORS: LY2CX
ADDRESS-CITY: Vilnius
ADDRESS-STATE-PROVINCE:
ADDRESS-POSTALCODE: 11346
ADDRESS-COUNTRY: LITHUANIA
GRID-LOCATOR: KO05NW
CREATED-BY: N1MM Logger+ 1.0.9644.0, modified by DXHF upload.
QSO:  7190 PH 2022-09-04 1118 LY2CX         59  0001   G3PYE/P       59  0688
QSO:  7190 PH 2022-09-04 1119 LY2CX         59  0002   OR7C/P        59  0418
QSO:  7190 PH 2022-09-04 1120 LY2CX         59  0003   ON6NB/P       59  0506
QSO:  7190 PH 2022-09-04 1122 LY2CX         59  0004   DL/SQ8NOD/P   59  0065
QSO:  7190 PH 2022-09-04 1123 LY2CX         59  0005   DL0WO/P       59  0523
QSO:  7190 PH 2022-09-04 1123 LY2CX         59  0006   IZ7FLP        59  0506
QSO:  7190 PH 2022-09-04 1125 LY2CX         59  0007   IQ0SQ         59  0466
QSO:  7190 PH 2022-09-04 1127 LY2CX         59  0008   DL4L/P        59  0478
QSO:  7190 PH 2022-09-04 1128 LY2CX         59  0009   LZ1QN/P       59  0326
QSO:  7190 PH 2022-09-04 1128 LY2CX         59  0010   DL0FD/P       59  0649
QSO:  7190 PH 2022-09-04 1131 LY2CX         59  0011   HB9LU/P       59  0847
QSO:  7190 PH 2022-09-04 1132 LY2CX         59  0012   M8C/P         59  0873
QSO:  7190 PH 2022-09-04 1134 LY2CX         59  0013   SX2IMA/P      59  0612
QSO:  7190 PH 2022-09-04 1136 LY2CX         59  0014   S59DCD/P      59  0711
QSO:  7190 PH 2022-09-04 1137 LY2CX         59  0015   S54I/P        59  0828
QSO:  7190 PH 2022-09-04 1138 LY2CX         59  0016   GM5G/P        59  0938
QSO:  7190 PH 2022-09-04 1139 LY2CX         59  0017   M0TSL/P       59  0852
QSO:  7190 PH 2022-09-04 1140 LY2CX         59  0018   G4EKT/P       59  0430
QSO:  7190 PH 2022-09-04 1141 LY2CX         59  0019   PI4AMF/P      59  0800
QSO:  7190 PH 2022-09-04 1142 LY2CX         59  0020   DL0FA/P       59  0450
QSO:  7190 PH 2022-09-04 1144 LY2CX         59  0021   LA1QRO/P      59  0534
QSO:  7190 PH 2022-09-04 1144 LY2CX         59  0022   DK0WO/P       59  0288
QSO:  7190 PH 2022-09-04 1145 LY2CX         59  0023   OF5L/P        59  0140
QSO:  7190 PH 2022-09-04 1145 LY2CX         59  0024   DL0TE/P       59  0454
QSO:  7190 PH 2022-09-04 1146 LY2CX         59  0025   DH1O/P        59  0595
QSO:  7190 PH 2022-09-04 1147 LY2CX         59  0026   DP4L/P        59  0300
QSO:  7190 PH 2022-09-04 1148 LY2CX         59  0027   DK0IU/P       59  0289
QSO: 14286 PH 2022-09-04 1154 LY2CX         59  0028   S55W/P        59  0844
END-OF-LOG:
