START-OF-LOG: 3.0
CREATED-BY: reconstructed-log-builder
CONTEST: ARRL-DX-CW
CALLSIGN: K1VMT
LOCATION: 
CATEGORY: CHECKLOG
CATEGORY-OPERATOR: SINGLE-OP
CATEGORY-BAND: ALL
CATEGORY-MODE: MIXED
CATEGORY-POWER: UNKNOWN
CATEGORY-ASSISTED: NON-ASSISTED
CATEGORY-TRANSMITTER: ONE
CATEGORY-STATION: UNKNOWN
CATEGORY-OVERLAY: 
OPERATORS: K1VMT
CLAIMED-SCORE: 
CLUB: 
NAME: 
SOAPBOX: RECONSTRUCTED MOCKUP LOG - NOT AN OFFICIAL SUBMISSION.
SOAPBOX: Derived from submitted logs for ARRL-DX-CW ARRL/arrl_international_dx_cw_contest/2023.
QSO: 28049 CW 2023-02-18 0008 K1VMT         599 FL 8P5A          599 1000
QSO:  7002 CW 2023-02-18 0022 K1VMT         599 VT LZ5R          599 KW
QSO:  7004 CW 2023-02-18 0025 K1VMT         599 VT OM0R          599 KW
QSO:  7014 CW 2023-02-18 0031 K1VMT         599 FL S52AW         599 KW
QSO:  7026 CW 2023-02-18 0037 K1VMT         599 FL OM2VL         599 KW
QSO:  7034 CW 2023-02-18 1037 K1VMT         599 FL TI7W          599 K
QSO: 14027 CW 2023-02-18 1247 K1VMT         599 FL V3T           599 99
QSO: 21010 CW 2023-02-18 1252 K1VMT         599 FL G4BUO         599 400
QSO: 21019 CW 2023-02-18 1256 K1VMT         599 FL EA5RS         599 KW
QSO: 21022 CW 2023-02-18 1300 K1VMT         599 FL PJ2T          599 K
QSO: 21024 CW 2023-02-18 1301 K1VMT         599 FL P40L          599 1000
QSO: 21031 CW 2023-02-18 1305 K1VMT         599 FL SN2M          599 KW
QSO: 21040 CW 2023-02-18 1307 K1VMT         599 FL EF1A          599 KW
QSO: 28012 CW 2023-02-18 1315 K1VMT         599 FL 9A5Y          599 KW
QSO: 28019 CW 2023-02-18 1320 K1VMT         599 FL CR3DX         599 1000
QSO: 28025 CW 2023-02-18 1325 K1VMT         599 FL OM2VL         599 KW
QSO: 28028 CW 2023-02-18 1325 K1VMT         599 FL TM6M          599 KW
QSO: 28030 CW 2023-02-18 1327 K1VMT         599 VT 9A1A          599 KW
QSO: 28032 CW 2023-02-18 1328 K1VMT         599 FL CR3W          599 K
QSO: 28035 CW 2023-02-18 1329 K1VMT         599 FL PJ2T          599 K
QSO: 28037 CW 2023-02-18 1330 K1VMT         599 FL RL3A          599 KW
QSO: 28040 CW 2023-02-18 1332 K1VMT         599 FL S53BB         599 500
QSO: 28048 CW 2023-02-18 1500 K1VMT         599 FL DM0A          599 KW
QSO: 28046 CW 2023-02-18 1508 K1VMT         599 FL GM4Z          599 400
QSO: 28024 CW 2023-02-18 1510 K1VMT         599 FL SP8R          599 K
QSO: 28022 CW 2023-02-18 1513 K1VMT         599 VT UA4M          599 KW
QSO: 28063 CW 2023-02-18 1516 K1VMT         599 FL FS/KO1A       599 100
QSO: 28052 CW 2023-02-18 1519 K1VMT         599 FL OH7MA         599 500
QSO: 28057 CW 2023-02-18 1521 K1VMT         599 FL P40L          599 1000
QSO: 28060 CW 2023-02-18 1525 K1VMT         599 FL PJ4A          599 K
QSO: 28000 CW 2023-02-18 1537 K1VMT         599 FL YO2LEA        599 100
QSO: 28136 CW 2023-02-18 1537 K1VMT         599 FL CT3KN         599 1K
QSO: 28000 CW 2023-02-18 1540 K1VMT         599 FL UY5ZZ         599 100
QSO: 28059 CW 2023-02-18 1540 K1VMT         599 VT EU4E          599 500
QSO: 28041 CW 2023-02-18 1601 K1VMT         599 VT DL5YL         599 KW
QSO: 28051 CW 2023-02-18 1605 K1VMT         599 FL OZ1AA         599 K
QSO: 28082 CW 2023-02-18 1607 K1VMT         599 FL KP2M          599 KW
QSO: 28033 CW 2023-02-18 1616 K1VMT         599 FL EA5RS         599 KW
QSO: 28038 CW 2023-02-18 1616 K1VMT         599 FL DD2D          599 KW
QSO: 28080 CW 2023-02-18 1617 K1VMT         599 FL DH8BQA        599 500
QSO: 28042 CW 2023-02-18 1618 K1VMT         599 FL ES5RR         599 KW
QSO: 28102 CW 2023-02-18 1753 K1VMT         599 FL OQ4U          599 KW
QSO: 21060 CW 2023-02-18 1800 K1VMT         599 FL PJ4A          599 K
QSO: 21045 CW 2023-02-18 1801 K1VMT         599 FL ES5RR         599 KW
QSO: 21024 CW 2023-02-18 1807 K1VMT         599 FL YL7X          599 KW
QSO: 21054 CW 2023-02-18 1808 K1VMT         599 VT HG6N          599 K
QSO: 21027 CW 2023-02-18 1809 K1VMT         599 FL DD2D          599 KW
QSO: 21062 CW 2023-02-18 1813 K1VMT         599 FL OM2VL         599 KW
QSO: 21056 CW 2023-02-18 1815 K1VMT         599 FL 8P5A          599 1000
QSO: 21011 CW 2023-02-18 1816 K1VMT         599 FL YL2KO         599 KW
QSO: 21029 CW 2023-02-18 1821 K1VMT         599 FL TI7W          599 K
QSO: 21042 CW 2023-02-18 1823 K1VMT         599 FL EI7M          599 KW
QSO: 21051 CW 2023-02-18 1831 K1VMT         599 FL II2S          599 500
QSO: 21015 CW 2023-02-18 1853 K1VMT         599 VT OL3Z          599 KW
QSO: 21013 CW 2023-02-18 1854 K1VMT         599 FL LN8W          599 KW
QSO: 21068 CW 2023-02-18 1900 K1VMT         599 FL TO4A          599 KW
QSO: 21027 CW 2023-02-18 1903 K1VMT         599 VT CR6K          599 1000
QSO: 21029 CW 2023-02-18 1906 K1VMT         599 VT 9A1A          599 KW
QSO: 21036 CW 2023-02-18 2129 K1VMT         599 FL KH6LC         599 K
QSO: 21034 CW 2023-02-18 2132 K1VMT         599 FL KL7RA         599 KW
QSO: 28049 CW 2023-02-18 2138 K1VMT         599 FL 4A7S          599 KW
QSO: 14025 CW 2023-02-18 2143 K1VMT         599 FL CR3DX         599 1000
QSO: 28039 CW 2023-02-18 2153 K1VMT         599 FL JF1SQC        599 KW
QSO: 28004 CW 2023-02-18 2156 K1VMT         599 FL P40N          599 KW
QSO: 28015 CW 2023-02-18 2205 K1VMT         599 FL WP4WW         599 100
QSO: 28042 CW 2023-02-18 2222 K1VMT         599 FL LU8DPM        599 KW
QSO: 28000 CW 2023-02-18 2224 K1VMT         599 FL TI2OY         599 100
QSO: 21044 CW 2023-02-18 2233 K1VMT         599 FL VP5K          599 500
END-OF-LOG:
