START-OF-LOG: 3.0
CREATED-BY: reconstructed-log-builder
CONTEST: ARRL-DX-CW
CALLSIGN: N4FP
LOCATION: 
CATEGORY: CHECKLOG
CATEGORY-OPERATOR: SINGLE-OP
CATEGORY-BAND: ALL
CATEGORY-MODE: MIXED
CATEGORY-POWER: UNKNOWN
CATEGORY-ASSISTED: NON-ASSISTED
CATEGORY-TRANSMITTER: ONE
CATEGORY-STATION: UNKNOWN
CATEGORY-OVERLAY: 
OPERATORS: N4FP
CLAIMED-SCORE: 
CLUB: 
NAME: 
SOAPBOX: RECONSTRUCTED MOCKUP LOG - NOT AN OFFICIAL SUBMISSION.
SOAPBOX: Derived from submitted logs for ARRL-DX-CW ARRL/arrl_international_dx_cw_contest/2023.
QSO: 14013 CW 2023-02-18 0019 N4FP          599 FL 9A1A          599 KW
QSO: 14014 CW 2023-02-18 0019 N4FP          599 FL ZZ5K          599 100
QSO: 14015 CW 2023-02-18 0022 N4FP          599 FL PY6TS         599 ATT
QSO: 14015 CW 2023-02-18 0022 N4FP          599 FL S57Z          599 KW
QSO: 14016 CW 2023-02-18 0023 N4FP          599 FL TM7A          599 K
QSO: 14017 CW 2023-02-18 0024 N4FP          599 FL TO4A          599 KW
QSO: 14020 CW 2023-02-18 0026 N4FP          599 FL KL7RA         599 KW
QSO: 14021 CW 2023-02-18 0027 N4FP          599 FL EA7W          599 KW
QSO: 14022 CW 2023-02-18 0028 N4FP          599 FL PY2NY         599 ATT
QSO: 14025 CW 2023-02-18 0029 N4FP          599 FL EI1E          599 1K
QSO: 14026 CW 2023-02-18 0029 N4FP          599 FL ED1R          599 1K
QSO: 14028 CW 2023-02-18 0030 N4FP          599 FL TM6M          599 KW
QSO: 14029 CW 2023-02-18 0030 N4FP          599 FL P40L          599 1000
QSO: 14030 CW 2023-02-18 0032 N4FP          599 FL OA4SS         599 KW
QSO: 14032 CW 2023-02-18 0035 N4FP          599 FL OH8L          599 KW
QSO: 14033 CW 2023-02-18 0035 N4FP          599 FL E7DX          599 1000
QSO: 14034 CW 2023-02-18 0036 N4FP          599 FL OH5Z          599 K
QSO: 14035 CW 2023-02-18 0037 N4FP          599 FL EA3FZT        599 100
QSO: 14036 CW 2023-02-18 0038 N4FP          599 FL CR3W          599 K
QSO: 14037 CW 2023-02-18 0038 N4FP          599 FL EF1A          599 KW
QSO: 14038 CW 2023-02-18 0039 N4FP          599 FL SM2M          599 KW
QSO: 14038 CW 2023-02-18 0040 N4FP          599 FL VP2V/AA7V     599 090
QSO: 14038 CW 2023-02-18 0041 N4FP          599 FL IQ8SN         599 500
QSO: 14039 CW 2023-02-18 0042 N4FP          599 FL NP2X          599 KW
QSO: 14040 CW 2023-02-18 0042 N4FP          599 FL T48K          599 KW
QSO: 14040 CW 2023-02-18 0043 N4FP          599 FL CR6K          599 1000
QSO: 14042 CW 2023-02-18 0044 N4FP          599 FL CR3DX         599 1000
QSO: 14043 CW 2023-02-18 0045 N4FP          599 FL HG0Y          599 KW
QSO: 14043 CW 2023-02-18 0047 N4FP          599 FL BD1KV         599 KW
QSO: 14044 CW 2023-02-18 0048 N4FP          599 FL EB7A          599 KW
QSO: 14046 CW 2023-02-18 0049 N4FP          599 FL JA3YBK        599 1000
QSO: 14047 CW 2023-02-18 0050 N4FP          599 FL PJ2T          599 K
QSO: 14049 CW 2023-02-18 0051 N4FP          599 FL 9Z4Y          599 100
QSO: 21003 CW 2023-02-18 0053 N4FP          599 FL P44W          599 100
QSO: 21014 CW 2023-02-18 0058 N4FP          599 FL RZ0L          599 500
QSO: 21019 CW 2023-02-18 0100 N4FP          599 FL P40N          599 KW
QSO: 21021 CW 2023-02-18 0102 N4FP          599 FL CX9AU         599 100
QSO: 21022 CW 2023-02-18 0103 N4FP          599 FL KL7RA         599 KW
QSO: 21027 CW 2023-02-18 0104 N4FP          599 FL KH7M          599 K
QSO: 21028 CW 2023-02-18 0105 N4FP          599 FL BD1KV         599 KW
QSO: 21031 CW 2023-02-18 0107 N4FP          599 FL HP1XT         599 K
QSO: 21032 CW 2023-02-18 0108 N4FP          599 FL PJ2T          599 K
QSO: 21033 CW 2023-02-18 0109 N4FP          599 FL TI7W          599 K
QSO: 21035 CW 2023-02-18 0112 N4FP          599 FL KP4AA         599 K
QSO: 21044 CW 2023-02-18 0115 N4FP          599 FL XQ1KZ         599 KW
QSO: 28030 CW 2023-02-18 0116 N4FP          599 FL LU8DPM        599 KW
QSO: 28016 CW 2023-02-18 0117 N4FP          599 FL ZP5AA         599 KW
QSO: 28016 CW 2023-02-18 0118 N4FP          599 FL LW5HR         599 100
QSO: 28019 CW 2023-02-18 0120 N4FP          599 FL CB3R          599 KW
QSO: 28024 CW 2023-02-18 0121 N4FP          599 FL LT6M          599 1000
QSO: 28028 CW 2023-02-18 0123 N4FP          599 FL KH6LC         599 K
QSO: 28036 CW 2023-02-18 0125 N4FP          599 FL LW1F          599 KW
QSO: 28039 CW 2023-02-18 0125 N4FP          599 FL LU3WC         599 KW
QSO: 28045 CW 2023-02-18 0127 N4FP          599 FL LU6OA         599 400
QSO: 28049 CW 2023-02-18 0127 N4FP          599 FL LU1AW         599 100
QSO: 28052 CW 2023-02-18 0130 N4FP          599 FL PR2R          599 1000
QSO: 28000 CW 2023-02-18 0133 N4FP          599 FL LW8DXR        599 500
QSO: 28021 CW 2023-02-18 0140 N4FP          599 FL ZW5B          599 KW
QSO: 28003 CW 2023-02-18 0143 N4FP          599 FL V3X           599 K
QSO:  7045 CW 2023-02-18 0146 N4FP          599 FL NP2X          599 KW
QSO:  7045 CW 2023-02-18 0146 N4FP          599 FL PJ2T          599 K
QSO:  7043 CW 2023-02-18 0147 N4FP          599 FL IQ1DF         599 500
QSO:  7043 CW 2023-02-18 0148 N4FP          599 FL V3T           599 99
QSO:  7041 CW 2023-02-18 0149 N4FP          599 FL OM7K          599 KW
QSO:  7039 CW 2023-02-18 0150 N4FP          599 FL E7DX          599 1000
QSO:  7041 CW 2023-02-18 0150 N4FP          599 FL YU7KW         599 1000
QSO:  7039 CW 2023-02-18 0151 N4FP          599 FL II3O          599 500
QSO:  7039 CW 2023-02-18 0151 N4FP          599 FL S53M          599 KW
QSO:  7037 CW 2023-02-18 0152 N4FP          599 FL ES5RR         599 KW
QSO:  7036 CW 2023-02-18 0153 N4FP          599 FL DD2D          599 KW
QSO:  7036 CW 2023-02-18 0153 N4FP          599 FL HA7A          599 KW
QSO:  7034 CW 2023-02-18 0154 N4FP          599 FL SN3A          599 KW
QSO:  7035 CW 2023-02-18 0154 N4FP          599 FL DD1A          599 KW
QSO:  7034 CW 2023-02-18 0156 N4FP          599 FL VP5K          599 500
QSO:  7033 CW 2023-02-18 0157 N4FP          599 FL SN7Q          599 KW
QSO:  7034 CW 2023-02-18 0157 N4FP          599 FL OK1Z          599 KW
QSO:  7032 CW 2023-02-18 0159 N4FP          599 FL SB3W          599 1000
QSO:  3505 CW 2023-02-18 0202 N4FP          599 FL S51YI         599 KW
QSO:  3509 CW 2023-02-18 0204 N4FP          599 FL PJ2T          599 K
QSO:  3509 CW 2023-02-18 0205 N4FP          599 FL LZ5R          599 KW
QSO:  1826 CW 2023-02-18 0214 N4FP          599 FL P40L          599 1000
QSO:  1828 CW 2023-02-18 0216 N4FP          599 FL NP2J          599 KW
QSO:  1813 CW 2023-02-18 0632 N4FP          599 FL 8P5A          599 1000
QSO:  1823 CW 2023-02-18 0634 N4FP          599 FL NP4Z          599 K
QSO:  1823 CW 2023-02-18 0635 N4FP          599 FL TO4A          599 KW
QSO:  1832 CW 2023-02-18 0637 N4FP          599 FL PJ2T          599 K
QSO:  3506 CW 2023-02-18 0639 N4FP          599 FL OZ5W          599 KW
QSO:  3508 CW 2023-02-18 0641 N4FP          599 FL VP5K          599 500
QSO:  3510 CW 2023-02-18 0643 N4FP          599 FL GM7V          599 400
QSO:  3514 CW 2023-02-18 0644 N4FP          599 FL CR6K          599 1000
QSO:  3519 CW 2023-02-18 0646 N4FP          599 FL P40L          599 1000
QSO:  3520 CW 2023-02-18 0656 N4FP          599 FL 4A7S          599 KW
QSO:  3522 CW 2023-02-18 0700 N4FP          599 FL PJ4A          599 K
QSO:  3524 CW 2023-02-18 0701 N4FP          599 FL EF1A          599 KW
QSO:  3500 CW 2023-02-18 0702 N4FP          599 FL CO2AN         599 100
QSO:  3525 CW 2023-02-18 0702 N4FP          599 FL TO4A          599 KW
QSO:  3527 CW 2023-02-18 0703 N4FP          599 FL GM4Z          599 400
QSO:  3529 CW 2023-02-18 0704 N4FP          599 FL TM6M          599 KW
QSO:  3533 CW 2023-02-18 0704 N4FP          599 FL M6T           599 400
QSO:  3536 CW 2023-02-18 0705 N4FP          599 FL 8P5A          599 1000
QSO:  3536 CW 2023-02-18 0706 N4FP          599 FL CR3DX         599 1000
QSO:  3538 CW 2023-02-18 0707 N4FP          599 FL EI1E          599 1K
QSO:  3545 CW 2023-02-18 0709 N4FP          599 FL ED1R          599 1K
QSO:  3547 CW 2023-02-18 0710 N4FP          599 FL FS/KO1A       599 100
QSO:  7007 CW 2023-02-18 0712 N4FP          599 FL TM6M          599 KW
QSO:  7032 CW 2023-02-18 0712 N4FP          599 FL DJ2QV         599 500
QSO:  7009 CW 2023-02-18 0717 N4FP          599 FL DK9PY         599 KW
QSO:  7012 CW 2023-02-18 0719 N4FP          599 FL EF1A          599 KW
QSO: 28021 CW 2023-02-19 0031 N4FP          599 FL JA3YBK        599 1000
QSO: 21011 CW 2023-02-19 0036 N4FP          599 FL JA1BJI        599 100
QSO: 21015 CW 2023-02-19 0037 N4FP          599 FL JR2SCJ        599 KW
QSO: 21016 CW 2023-02-19 0042 N4FP          599 FL BA1RB         599 100
QSO: 21025 CW 2023-02-19 0045 N4FP          599 FL RC0CD         599 100
QSO: 21028 CW 2023-02-19 0047 N4FP          599 FL BD1KV         599 KW
QSO: 21000 CW 2023-02-19 0050 N4FP          599 FL JG7PSJ        599 KW
QSO: 21032 CW 2023-02-19 0051 N4FP          599 FL JI4WHS        599 100
QSO: 21034 CW 2023-02-19 0052 N4FP          599 FL JO3JYE        599 100
QSO: 21040 CW 2023-02-19 0053 N4FP          599 FL JF2QNM        599 KW
QSO: 21041 CW 2023-02-19 0054 N4FP          599 FL JE1CKA        599 KW
QSO: 21042 CW 2023-02-19 0055 N4FP          599 FL JH4UYB        599 K
QSO: 21042 CW 2023-02-19 0056 N4FP          599 FL JF3IYW        599 50
QSO: 21043 CW 2023-02-19 0057 N4FP          599 FL KH6LC         599 K
QSO: 21043 CW 2023-02-19 0058 N4FP          599 FL JA7NVF        599 KW
QSO: 21049 CW 2023-02-19 0059 N4FP          599 FL JE1NVD        599 200
QSO: 21049 CW 2023-02-19 0100 N4FP          599 FL JA3YBK        599 1000
QSO: 21049 CW 2023-02-19 0102 N4FP          599 FL JI1RXQ        599 100
QSO: 21054 CW 2023-02-19 0103 N4FP          599 FL JR3NZC        599 KW
QSO: 21054 CW 2023-02-19 0104 N4FP          599 FL JJ1RJR        599 100
QSO: 21000 CW 2023-02-19 0105 N4FP          599 FL PY3MM/PT9     599 100
QSO: 21057 CW 2023-02-19 0106 N4FP          599 FL JE1LFX        599 KW
QSO: 21060 CW 2023-02-19 0107 N4FP          599 FL JR3RIU        599 500
QSO: 21000 CW 2023-02-19 0108 N4FP          599 FL JA1GQC        599 100
QSO: 21061 CW 2023-02-19 0110 N4FP          599 FL JR1NHD        599 KW
QSO: 21000 CW 2023-02-19 0111 N4FP          599 FL JF9JTS        599 200
QSO: 21065 CW 2023-02-19 0111 N4FP          599 FL JS1OYN        599 100
QSO: 21066 CW 2023-02-19 0111 N4FP          599 FL JA2AXB        599 KW
QSO: 21068 CW 2023-02-19 0113 N4FP          599 FL JN1THL        599 KW
QSO: 21070 CW 2023-02-19 0114 N4FP          599 FL JI0WVQ        599 100
QSO: 21070 CW 2023-02-19 0114 N4FP          599 FL JK2RCP        599 100
QSO: 14056 CW 2023-02-19 0116 N4FP          599 FL 8P5A          599 1000
QSO: 14058 CW 2023-02-19 0118 N4FP          599 FL ZP5AA         599 KW
QSO: 14057 CW 2023-02-19 0119 N4FP          599 FL KH7M          599 K
QSO: 14000 CW 2023-02-19 0123 N4FP          599 FL WH6R          599 KW
QSO: 14026 CW 2023-02-19 0125 N4FP          599 FL 4A7S          599 KW
QSO: 14027 CW 2023-02-19 0131 N4FP          599 FL ZF1A          599 K
QSO: 14034 CW 2023-02-19 0133 N4FP          599 FL NP4Z          599 K
QSO: 14000 CW 2023-02-19 0135 N4FP          599 FL PY3TD         599 100
QSO: 14044 CW 2023-02-19 0136 N4FP          599 FL NP4DX         599 100
QSO: 14048 CW 2023-02-19 0139 N4FP          599 FL RK4FD         599 KW
QSO:  1823 CW 2023-02-19 0909 N4FP          599 FL KP4AA         599 K
QSO:  1828 CW 2023-02-19 0910 N4FP          599 FL T48K          599 KW
QSO:  1830 CW 2023-02-19 0913 N4FP          599 FL V3T           599 99
QSO:  3504 CW 2023-02-19 0917 N4FP          599 FL JH7XMO        599 KW
QSO:  3526 CW 2023-02-19 0919 N4FP          599 FL ZM4T          599 KW
QSO:  3528 CW 2023-02-19 0920 N4FP          599 FL KP4AA         599 K
QSO:  7011 CW 2023-02-19 0930 N4FP          599 FL JA3YBK        599 1000
QSO:  7000 CW 2023-02-19 0934 N4FP          599 FL JA6SHL        599 500
QSO:  7021 CW 2023-02-19 0935 N4FP          599 FL JF2QNM        599 KW
QSO:  7024 CW 2023-02-19 0936 N4FP          599 FL ED8M          599 K
QSO:  7028 CW 2023-02-19 0937 N4FP          599 FL KP4AA         599 K
QSO:  7030 CW 2023-02-19 0938 N4FP          599 FL KH6LC         599 K
QSO:  7031 CW 2023-02-19 0938 N4FP          599 FL ZF1A          599 K
QSO:  7032 CW 2023-02-19 0939 N4FP          599 FL JH8YOH        599 1000
QSO:  7036 CW 2023-02-19 0942 N4FP          599 FL ZL3X          599 KW
QSO:  7046 CW 2023-02-19 0948 N4FP          599 FL TF3SG         599 1000
QSO: 14002 CW 2023-02-19 0953 N4FP          599 FL DQ2C          599 KW
QSO: 14008 CW 2023-02-19 0954 N4FP          599 FL OM0R          599 KW
QSO: 14012 CW 2023-02-19 0954 N4FP          599 FL HA1AH         599 K
QSO: 14017 CW 2023-02-19 0956 N4FP          599 FL DD1A          599 KW
QSO: 14017 CW 2023-02-19 0956 N4FP          599 FL DK3GI         599 KW
QSO: 14000 CW 2023-02-19 0957 N4FP          599 FL F8AAN         599 KW
QSO: 14021 CW 2023-02-19 0957 N4FP          599 FL OL3Z          599 KW
QSO: 14026 CW 2023-02-19 0958 N4FP          599 FL HG6N          599 K
QSO: 14026 CW 2023-02-19 0958 N4FP          599 FL OM2VL         599 KW
QSO: 14029 CW 2023-02-19 0959 N4FP          599 FL SO4M          599 KW
QSO: 14032 CW 2023-02-19 1001 N4FP          599 FL YT3X          599 KW
QSO: 14031 CW 2023-02-19 1002 N4FP          599 FL OH7K          599 KW
QSO: 14036 CW 2023-02-19 1002 N4FP          599 FL DR4A          599 KW
QSO: 14039 CW 2023-02-19 1002 N4FP          599 FL RT4G          599 K
QSO: 14041 CW 2023-02-19 1004 N4FP          599 FL OH1VR         599 KW
QSO: 14042 CW 2023-02-19 1006 N4FP          599 FL MD2C          599 400
QSO: 21008 CW 2023-02-19 1519 N4FP          599 FL G4BJM         599 400
QSO: 21010 CW 2023-02-19 1520 N4FP          599 FL UR5LAM        599 100
QSO: 21010 CW 2023-02-19 1521 N4FP          599 FL M7T           599 400
QSO: 21010 CW 2023-02-19 1521 N4FP          599 FL RC7A          599 KW
QSO: 21009 CW 2023-02-19 1522 N4FP          599 FL ED1R          599 1K
QSO: 21010 CW 2023-02-19 1522 N4FP          599 FL SN2M          599 KW
QSO: 21009 CW 2023-02-19 1523 N4FP          599 FL DR7B          599 500
QSO: 21009 CW 2023-02-19 1523 N4FP          599 FL OM0R          599 KW
QSO: 21010 CW 2023-02-19 1523 N4FP          599 FL LN8W          599 KW
QSO: 21009 CW 2023-02-19 1524 N4FP          599 FL OH5Z          599 K
QSO: 21009 CW 2023-02-19 1524 N4FP          599 FL UA6LCN        599 KW
QSO: 21009 CW 2023-02-19 1524 N4FP          599 FL YL7X          599 KW
QSO: 21010 CW 2023-02-19 1525 N4FP          599 FL HA5JI         599 KW
QSO: 21010 CW 2023-02-19 1525 N4FP          599 FL MI5I          599 100
QSO: 21009 CW 2023-02-19 1526 N4FP          599 FL 9A5D          599 KW
QSO: 21009 CW 2023-02-19 1526 N4FP          599 FL RT4G          599 K
QSO: 21010 CW 2023-02-19 1526 N4FP          599 FL OZ5W          599 KW
QSO: 21010 CW 2023-02-19 1527 N4FP          599 FL HA3HX         599 100
QSO: 21009 CW 2023-02-19 1528 N4FP          599 FL DR4A          599 KW
QSO: 21009 CW 2023-02-19 1529 N4FP          599 FL EU8U          599 500
QSO: 21010 CW 2023-02-19 1529 N4FP          599 FL RT1L          599 KW
QSO: 21009 CW 2023-02-19 1530 N4FP          599 FL E7DX          599 1000
QSO: 21010 CW 2023-02-19 1530 N4FP          599 FL IK6PTH        599 ATT
QSO: 21009 CW 2023-02-19 1531 N4FP          599 FL EU1FQ         599 100
QSO: 21010 CW 2023-02-19 1531 N4FP          599 FL SP7CF         599 ATT
QSO: 21009 CW 2023-02-19 1532 N4FP          599 FL TM6M          599 KW
QSO: 21010 CW 2023-02-19 1532 N4FP          599 FL S52GP         599 KW
QSO: 21009 CW 2023-02-19 1533 N4FP          599 FL DL7YS         599 100
QSO: 21009 CW 2023-02-19 1533 N4FP          599 FL ZF1A          599 K
QSO: 21010 CW 2023-02-19 1533 N4FP          599 FL GM3YEH        599 400
QSO: 21009 CW 2023-02-19 1534 N4FP          599 FL EU2F          599 100
QSO: 21010 CW 2023-02-19 1534 N4FP          599 FL LY5W          599 KW
QSO: 21010 CW 2023-02-19 1535 N4FP          599 FL HA5GF         599 100
QSO: 21009 CW 2023-02-19 1538 N4FP          599 FL EU4E          599 500
QSO: 21010 CW 2023-02-19 1538 N4FP          599 FL DL1EFW        599 5
QSO: 21010 CW 2023-02-19 1538 N4FP          599 FL OL6D          599 KW
QSO: 21009 CW 2023-02-19 1539 N4FP          599 FL LZ5R          599 KW
QSO: 21000 CW 2023-02-19 1540 N4FP          599 FL EI4KX         599 100
QSO: 21010 CW 2023-02-19 1540 N4FP          599 FL SM5LW         599 100
QSO: 21010 CW 2023-02-19 1541 N4FP          599 FL M4X           599 100
QSO: 21010 CW 2023-02-19 1541 N4FP          599 FL S52NR         599 100
QSO: 21000 CW 2023-02-19 1542 N4FP          599 FL R6CC          599 100
QSO: 21010 CW 2023-02-19 1542 N4FP          599 FL 9A3TR         599 KW
QSO: 21010 CW 2023-02-19 1542 N4FP          599 FL YL1ZF         599 100
QSO: 21009 CW 2023-02-19 1543 N4FP          599 FL US6EX         599 200
QSO: 21010 CW 2023-02-19 1543 N4FP          599 FL UA4M          599 KW
QSO: 21009 CW 2023-02-19 1544 N4FP          599 FL F6DCQ         599 100
QSO: 21009 CW 2023-02-19 1544 N4FP          599 FL UA3RBR        599 100
QSO: 21010 CW 2023-02-19 1544 N4FP          599 FL DL1NEO        599 500
QSO: 21009 CW 2023-02-19 1545 N4FP          599 FL HB9AMO        599 100
QSO: 21010 CW 2023-02-19 1545 N4FP          599 FL SP4JFR        599 100
QSO: 21000 CW 2023-02-19 1546 N4FP          599 FL LZ1IQ         599 100
QSO: 21010 CW 2023-02-19 1546 N4FP          599 FL LZ4AE         599 KW
QSO: 21010 CW 2023-02-19 1547 N4FP          599 FL DL3KVR        599 100
QSO: 21010 CW 2023-02-19 1547 N4FP          599 FL SQ3POS        599 ATT
QSO: 21009 CW 2023-02-19 1548 N4FP          599 FL 9A1A          599 KW
QSO: 21010 CW 2023-02-19 1548 N4FP          599 FL HG1S          599 KW
QSO: 21010 CW 2023-02-19 1548 N4FP          599 FL YU5R          599 KW
QSO: 21009 CW 2023-02-19 1549 N4FP          599 FL IQ8SN         599 500
QSO: 21009 CW 2023-02-19 1555 N4FP          599 FL CR3W          599 K
QSO: 21010 CW 2023-02-19 1555 N4FP          599 FL OK1BR         599 100
QSO: 21010 CW 2023-02-19 1557 N4FP          599 FL M1X           599 400
QSO: 21010 CW 2023-02-19 1557 N4FP          599 FL VP5K          599 500
QSO: 21009 CW 2023-02-19 1558 N4FP          599 FL LY9A          599 5
QSO: 21010 CW 2023-02-19 1558 N4FP          599 FL EA1IQ         599 100
QSO: 21000 CW 2023-02-19 1600 N4FP          599 FL DL2FCA        599 300
QSO: 21009 CW 2023-02-19 1600 N4FP          599 FL EU8R          599 100
QSO: 21010 CW 2023-02-19 1600 N4FP          599 FL DG2FDD        599 5
QSO: 21010 CW 2023-02-19 1601 N4FP          599 FL OM3CFR        599 300
QSO: 21010 CW 2023-02-19 1601 N4FP          599 FL SN5J          599 100
QSO: 21000 CW 2023-02-19 1602 N4FP          599 FL EA1EVA        599 100
QSO: 21009 CW 2023-02-19 1602 N4FP          599 FL RG2Y          599 K
QSO: 21009 CW 2023-02-19 1602 N4FP          599 FL UW1M          599 KW
QSO: 21009 CW 2023-02-19 1603 N4FP          599 FL G6A           599 100
QSO: 21010 CW 2023-02-19 1603 N4FP          599 FL YO9AYN        599 400
QSO: 21010 CW 2023-02-19 1604 N4FP          599 FL DJ3CS         599 100
QSO: 21010 CW 2023-02-19 1605 N4FP          599 FL UT0RM         599 KW
QSO: 21010 CW 2023-02-19 1605 N4FP          599 FL YO4NF         599 700
QSO: 21010 CW 2023-02-19 1606 N4FP          599 FL G3SVK         599 100
QSO: 21010 CW 2023-02-19 1606 N4FP          599 FL HA8WY         599 100
QSO: 21009 CW 2023-02-19 1607 N4FP          599 FL RW7F          599 K
QSO: 21009 CW 2023-02-19 1607 N4FP          599 FL SP9EMI        599 100
QSO: 21020 CW 2023-02-19 1607 N4FP          599 FL GW4MM         599 400
QSO: 21000 CW 2023-02-19 1608 N4FP          599 FL RA4ACX        599 600
QSO: 21010 CW 2023-02-19 1609 N4FP          599 FL IK1PMR        599 500
QSO: 21009 CW 2023-02-19 1610 N4FP          599 FL E7CW          599 ATT
QSO: 21009 CW 2023-02-19 1610 N4FP          599 FL EB5F          599 300
QSO: 21000 CW 2023-02-19 1611 N4FP          599 FL HA7PL         599 100
QSO: 21009 CW 2023-02-19 1612 N4FP          599 FL EA2AZ         599 100
QSO: 21010 CW 2023-02-19 1612 N4FP          599 FL OP7T          599 KW
QSO: 21010 CW 2023-02-19 1612 N4FP          599 FL SM2M          599 KW
QSO: 28044 CW 2023-02-19 1616 N4FP          599 FL D4Z           599 KW
QSO: 28044 CW 2023-02-19 1616 N4FP          599 FL OE2S          599 K
QSO: 28045 CW 2023-02-19 1616 N4FP          599 FL PJ4A          599 K
QSO: 28000 CW 2023-02-19 1617 N4FP          599 FL IB9A          599 500
QSO: 28044 CW 2023-02-19 1617 N4FP          599 FL OM0R          599 KW
QSO: 28045 CW 2023-02-19 1617 N4FP          599 FL LZ5DD         599 KW
QSO: 28044 CW 2023-02-19 1618 N4FP          599 FL 9A1P          599 KW
QSO: 28044 CW 2023-02-19 1618 N4FP          599 FL PA2A          599 100
QSO: 28045 CW 2023-02-19 1618 N4FP          599 FL LZ2ZG         599 KW
QSO: 28044 CW 2023-02-19 1620 N4FP          599 FL EW8OM         599 300
QSO: 28044 CW 2023-02-19 1621 N4FP          599 FL F5OIH         599 100
QSO: 28045 CW 2023-02-19 1621 N4FP          599 FL DF3VM         599 KW
QSO: 28044 CW 2023-02-19 1622 N4FP          599 FL EA5KM         599 1000
QSO: 28045 CW 2023-02-19 1622 N4FP          599 FL SP2R          599 100
QSO: 28000 CW 2023-02-19 1623 N4FP          599 FL DF5EN         599 ATT
QSO: 28000 CW 2023-02-19 1623 N4FP          599 FL SM5COP        599 500
QSO: 28044 CW 2023-02-19 1623 N4FP          599 FL HB9AMO        599 100
QSO: 28000 CW 2023-02-19 1624 N4FP          599 FL OK1DKR        599 100
QSO: 28044 CW 2023-02-19 1624 N4FP          599 FL F6GCP         599 500
QSO: 28044 CW 2023-02-19 1625 N4FP          599 FL LZ5R          599 KW
QSO: 28044 CW 2023-02-19 1625 N4FP          599 FL P40N          599 KW
QSO: 28044 CW 2023-02-19 1625 N4FP          599 FL TM1W          599 KW
QSO: 28045 CW 2023-02-19 1626 N4FP          599 FL DL1CW         599 100
QSO: 28045 CW 2023-02-19 1626 N4FP          599 FL PA1CC         599 100
QSO: 28045 CW 2023-02-19 1626 N4FP          599 FL PA2TA         599 100
QSO: 28044 CW 2023-02-19 1627 N4FP          599 FL EA5RS         599 KW
QSO: 28044 CW 2023-02-19 1627 N4FP          599 FL IQ8SN         599 500
QSO: 28044 CW 2023-02-19 1627 N4FP          599 FL OG9X          599 KW
QSO: 28000 CW 2023-02-19 1628 N4FP          599 FL SM6BZV        599 ATT
QSO: 28000 CW 2023-02-19 1629 N4FP          599 FL IK1HZZ        599 100
QSO: 28000 CW 2023-02-19 1630 N4FP          599 FL RA3S          599 KW
QSO: 28044 CW 2023-02-19 1630 N4FP          599 FL DB2WD         599 100
QSO: 28044 CW 2023-02-19 1630 N4FP          599 FL F8CRS         599 100
QSO: 28045 CW 2023-02-19 1631 N4FP          599 FL S57UN         599 100
QSO: 28044 CW 2023-02-19 1632 N4FP          599 FL DL50DAH       599 400
QSO: 28044 CW 2023-02-19 1632 N4FP          599 FL F6DCQ         599 100
QSO: 28045 CW 2023-02-19 1633 N4FP          599 FL G0VXE         599 400
QSO: 28045 CW 2023-02-19 1633 N4FP          599 FL IK2AHB        599 500
QSO: 28045 CW 2023-02-19 1633 N4FP          599 FL YL1ZF         599 100
QSO: 28044 CW 2023-02-19 1634 N4FP          599 FL DL6EZ         599 100
QSO: 28045 CW 2023-02-19 1634 N4FP          599 FL PA1T          599 KW
QSO: 28044 CW 2023-02-19 1635 N4FP          599 FL IK2SAR        599 300
QSO: 28045 CW 2023-02-19 1635 N4FP          599 FL UW1WU         599 85
QSO: 28044 CW 2023-02-19 1636 N4FP          599 FL DK1FT         599 100
QSO: 28044 CW 2023-02-19 1636 N4FP          599 FL MU5E          599 400
QSO: 28038 CW 2023-02-19 1637 N4FP          599 FL DM0A          599 KW
QSO: 28000 CW 2023-02-19 1638 N4FP          599 FL DL8WX         599 100
QSO: 28045 CW 2023-02-19 1638 N4FP          599 FL HA5PP         599 500
QSO: 28045 CW 2023-02-19 1639 N4FP          599 FL SM2M          599 KW
QSO: 28044 CW 2023-02-19 1640 N4FP          599 FL DL5KUT        599 500
QSO: 28043 CW 2023-02-19 1714 N4FP          599 FL M0URL         599 100
QSO: 28043 CW 2023-02-19 1714 N4FP          599 FL OL6D          599 KW
QSO: 28043 CW 2023-02-19 1714 N4FP          599 FL UX0LL         599 100
QSO: 28043 CW 2023-02-19 1715 N4FP          599 FL ED8X          599 K
QSO: 28043 CW 2023-02-19 1715 N4FP          599 FL UR5LAM        599 100
QSO: 28043 CW 2023-02-19 1716 N4FP          599 FL CT1DRB        599 100
QSO: 28043 CW 2023-02-19 1716 N4FP          599 FL G3WW          599 100
QSO: 28043 CW 2023-02-19 1716 N4FP          599 FL I4VEQ         599 100
QSO: 28000 CW 2023-02-19 1717 N4FP          599 FL 9A2VX         599 100
QSO: 28042 CW 2023-02-19 1718 N4FP          599 FL OM5JA         599 100
QSO: 28043 CW 2023-02-19 1718 N4FP          599 FL TM6M          599 KW
QSO: 28043 CW 2023-02-19 1719 N4FP          599 FL DD1A          599 KW
QSO: 28043 CW 2023-02-19 1719 N4FP          599 FL OK2QA         599 KW
QSO: 28025 CW 2023-02-19 1720 N4FP          599 FL DL4XU         599 80
QSO: 28043 CW 2023-02-19 1720 N4FP          599 FL 9A5Y          599 KW
QSO: 28044 CW 2023-02-19 1720 N4FP          599 FL S52NR         599 100
QSO: 28000 CW 2023-02-19 1721 N4FP          599 FL DL3DRN        599 100
QSO: 28043 CW 2023-02-19 1721 N4FP          599 FL DM5GG         599 500
QSO: 28043 CW 2023-02-19 1722 N4FP          599 FL DL3HAH        599 KW
QSO: 28043 CW 2023-02-19 1722 N4FP          599 FL G4BUE         599 5
QSO: 28043 CW 2023-02-19 1722 N4FP          599 FL RV1AW         599 KW
QSO: 28043 CW 2023-02-19 1723 N4FP          599 FL SP9ATE        599 KW
QSO: 28000 CW 2023-02-19 1724 N4FP          599 FL DL5DRM        599 100
QSO: 28043 CW 2023-02-19 1724 N4FP          599 FL R3LC          599 KW
QSO: 28000 CW 2023-02-19 1725 N4FP          599 FL DL8SDC        599 80
QSO: 28043 CW 2023-02-19 1725 N4FP          599 FL DM7X          599 500
QSO: 28043 CW 2023-02-19 1726 N4FP          599 FL DF4WC         599 100
QSO: 28043 CW 2023-02-19 1726 N4FP          599 FL E7DX          599 1000
QSO: 28043 CW 2023-02-19 1726 N4FP          599 FL SM7SMS        599 100
QSO: 28000 CW 2023-02-19 1727 N4FP          599 FL DL1SWT        599 100
QSO: 28043 CW 2023-02-19 1727 N4FP          599 FL EB5F          599 300
QSO: 28043 CW 2023-02-19 1727 N4FP          599 FL F4HYY         599 100
QSO: 28043 CW 2023-02-19 1728 N4FP          599 FL IK1PMR        599 500
QSO: 28043 CW 2023-02-19 1729 N4FP          599 FL OM5NL         599 100
QSO: 28043 CW 2023-02-19 1813 N4FP          599 FL EA4KD         599 100
QSO: 28032 CW 2023-02-19 1815 N4FP          599 FL HG3R          599 KW
QSO: 28045 CW 2023-02-19 1815 N4FP          599 FL OZ5W          599 KW
QSO: 28005 CW 2023-02-19 1818 N4FP          599 FL EF1A          599 KW
QSO: 28007 CW 2023-02-19 1819 N4FP          599 FL SN5Y          599 K
QSO: 28000 CW 2023-02-19 1820 N4FP          599 FL G4BJM         599 400
QSO: 28010 CW 2023-02-19 1820 N4FP          599 FL 9A7V          599 KW
QSO: 28010 CW 2023-02-19 1821 N4FP          599 FL OT4A          599 KW
QSO: 28011 CW 2023-02-19 1822 N4FP          599 FL ES5RR         599 KW
QSO: 28000 CW 2023-02-19 1823 N4FP          599 FL PY2EX         599 100
QSO: 28014 CW 2023-02-19 1824 N4FP          599 FL AH6KO         599 100
QSO: 28000 CW 2023-02-19 1825 N4FP          599 FL PP8ZAC        599 ATT
QSO: 28017 CW 2023-02-19 1825 N4FP          599 FL YT4T          599 KW
QSO: 28016 CW 2023-02-19 1827 N4FP          599 FL EB7A          599 KW
QSO: 28018 CW 2023-02-19 1828 N4FP          599 FL MI5I          599 100
QSO: 28020 CW 2023-02-19 1829 N4FP          599 FL OK1GK         599 KW
QSO: 28021 CW 2023-02-19 1830 N4FP          599 FL TI7W          599 K
QSO: 28024 CW 2023-02-19 1832 N4FP          599 FL KP2M          599 KW
QSO: 28027 CW 2023-02-19 1833 N4FP          599 FL ED8M          599 K
QSO: 28027 CW 2023-02-19 1834 N4FP          599 FL PJ2T          599 K
QSO: 28028 CW 2023-02-19 1835 N4FP          599 FL P44W          599 100
QSO: 28032 CW 2023-02-19 1836 N4FP          599 FL CR3W          599 K
QSO: 28033 CW 2023-02-19 1836 N4FP          599 FL P40L          599 1000
QSO: 28034 CW 2023-02-19 1838 N4FP          599 FL TM7A          599 K
QSO: 28035 CW 2023-02-19 1838 N4FP          599 FL M5A           599 400
QSO: 28037 CW 2023-02-19 1839 N4FP          599 FL LN8W          599 KW
QSO: 28037 CW 2023-02-19 1840 N4FP          599 FL F5NBX         599 200
QSO: 28039 CW 2023-02-19 1842 N4FP          599 FL OX7AM         599 KW
QSO: 28041 CW 2023-02-19 1843 N4FP          599 FL KP4AA         599 K
QSO: 28044 CW 2023-02-19 1844 N4FP          599 FL S50U          599 K
QSO: 28046 CW 2023-02-19 1845 N4FP          599 FL HG2DX         599 KW
QSO: 28000 CW 2023-02-19 1847 N4FP          599 FL DL7LX         599 750
QSO: 28046 CW 2023-02-19 1847 N4FP          599 FL KL7RA         599 KW
QSO: 28047 CW 2023-02-19 1847 N4FP          599 FL DL3KUD        599 200
QSO: 28047 CW 2023-02-19 1848 N4FP          599 FL PA4M          599 400
QSO: 28000 CW 2023-02-19 1849 N4FP          599 FL LA9OI         599 700
QSO: 28046 CW 2023-02-19 1849 N4FP          599 FL G3P           599 400
QSO: 28047 CW 2023-02-19 1849 N4FP          599 FL 9A2AJ         599 KW
QSO: 28047 CW 2023-02-19 1850 N4FP          599 FL DF7TV         599 500
QSO: 28046 CW 2023-02-19 1851 N4FP          599 FL G3SWC         599 400
QSO: 28054 CW 2023-02-19 1851 N4FP          599 FL OK7O          599 KW
QSO: 28046 CW 2023-02-19 1852 N4FP          599 FL DL7YS         599 100
QSO: 28047 CW 2023-02-19 1852 N4FP          599 FL PA5WT         599 400
QSO: 28000 CW 2023-02-19 1853 N4FP          599 FL DJ6YX         599 100
QSO: 14051 CW 2023-02-19 1854 N4FP          599 FL SP8R          599 K
QSO: 28047 CW 2023-02-19 1854 N4FP          599 FL G3G           599 400
QSO: 14051 CW 2023-02-19 1855 N4FP          599 FL 9A4R          599 100
QSO: 14051 CW 2023-02-19 1855 N4FP          599 FL II3O          599 500
QSO: 14050 CW 2023-02-19 1856 N4FP          599 FL UA6HFI        599 100
QSO: 14000 CW 2023-02-19 1857 N4FP          599 FL OK2MBP        599 100
QSO: 14000 CW 2023-02-19 1859 N4FP          599 FL UZ1U          599 200
QSO: 14051 CW 2023-02-19 1900 N4FP          599 FL US7UK         599 ATT
QSO: 14051 CW 2023-02-19 1901 N4FP          599 FL SP2R          599 100
QSO: 14051 CW 2023-02-19 1902 N4FP          599 FL SP3CYY        599 500
QSO: 14051 CW 2023-02-19 1903 N4FP          599 FL SM6PPS        599 100
QSO: 14051 CW 2023-02-19 1903 N4FP          599 FL YL1ZF         599 100
QSO: 14053 CW 2023-02-19 1905 N4FP          599 FL EF6T          599 K
QSO: 14054 CW 2023-02-19 1906 N4FP          599 FL F6DCQ         599 100
QSO: 14054 CW 2023-02-19 1906 N4FP          599 FL KP3W          599 NN
QSO: 14054 CW 2023-02-19 1906 N4FP          599 FL UX0LL         599 100
QSO: 14000 CW 2023-02-19 1907 N4FP          599 FL DJ5CW         599 100
QSO: 14054 CW 2023-02-19 1908 N4FP          599 FL UA6G          599 KW
QSO: 14054 CW 2023-02-19 1909 N4FP          599 FL YO4DG         599 200
QSO: 14054 CW 2023-02-19 1910 N4FP          599 FL PA1MAR        599 100
QSO: 14054 CW 2023-02-19 1911 N4FP          599 FL RZ3Z          599 100
QSO: 14054 CW 2023-02-19 1911 N4FP          599 FL UI7D          599 KW
QSO: 14054 CW 2023-02-19 1912 N4FP          599 FL DL9EE         599 5
QSO: 14054 CW 2023-02-19 1912 N4FP          599 FL EA3O          599 5
QSO: 14054 CW 2023-02-19 1913 N4FP          599 FL EA1ASG        599 100
QSO: 14054 CW 2023-02-19 1913 N4FP          599 FL GD5F          599 100
QSO: 14054 CW 2023-02-19 1914 N4FP          599 FL RA3RCL        599 100
QSO: 14054 CW 2023-02-19 1914 N4FP          599 FL RC6U          599 KW
QSO: 14054 CW 2023-02-19 1914 N4FP          599 FL SN7Q          599 KW
QSO: 14054 CW 2023-02-19 1915 N4FP          599 FL ED7A          599 500
QSO: 14000 CW 2023-02-19 1916 N4FP          599 FL DL1BUG        599 KW
QSO: 14054 CW 2023-02-19 1917 N4FP          599 FL 4X1IM         599 KW
QSO: 14054 CW 2023-02-19 1917 N4FP          599 FL EA3XR         599 100
QSO: 14054 CW 2023-02-19 1917 N4FP          599 FL EU4E          599 500
QSO: 14054 CW 2023-02-19 1917 N4FP          599 FL OH6OS         599 KW
QSO: 14054 CW 2023-02-19 1918 N4FP          599 FL IU0ITX        599 ATT
QSO: 14054 CW 2023-02-19 1919 N4FP          599 FL OK1PI         599 KW
QSO: 14054 CW 2023-02-19 1919 N4FP          599 FL OL7D          599 KW
QSO: 14054 CW 2023-02-19 1920 N4FP          599 FL IK1PMR        599 500
QSO: 14000 CW 2023-02-19 1921 N4FP          599 FL HA3MAR        599 100
QSO: 14000 CW 2023-02-19 2138 N4FP          599 FL DL6AG         599 400
QSO: 14054 CW 2023-02-19 2139 N4FP          599 FL DL2NBU        599 100
QSO: 14055 CW 2023-02-19 2139 N4FP          599 FL IK0XBX        599 500
QSO: 14054 CW 2023-02-19 2140 N4FP          599 FL DF8XC         599 200
QSO: 14054 CW 2023-02-19 2140 N4FP          599 FL LZ5R          599 KW
QSO: 14055 CW 2023-02-19 2141 N4FP          599 FL E72U          599 KW
QSO: 14055 CW 2023-02-19 2141 N4FP          599 FL G4BJM         599 400
QSO: 14000 CW 2023-02-19 2142 N4FP          599 FL DL2LRT        599 100
QSO: 14054 CW 2023-02-19 2143 N4FP          599 FL DL50DAH       599 400
QSO: 14055 CW 2023-02-19 2143 N4FP          599 FL EA4BAS        599 100
QSO: 14055 CW 2023-02-19 2143 N4FP          599 FL LN8W          599 KW
QSO: 14055 CW 2023-02-19 2144 N4FP          599 FL IK2AHB        599 500
QSO: 14055 CW 2023-02-19 2144 N4FP          599 FL PA6AA         599 400
QSO: 14054 CW 2023-02-19 2145 N4FP          599 FL DJ2QV         599 500
QSO: 14055 CW 2023-02-19 2145 N4FP          599 FL DJ5MO         599 KW
QSO: 14055 CW 2023-02-19 2145 N4FP          599 FL DL1NEO        599 500
QSO: 14055 CW 2023-02-19 2146 N4FP          599 FL KP4AA         599 K
QSO: 14055 CW 2023-02-19 2146 N4FP          599 FL OH2T          599 KW
QSO: 14055 CW 2023-02-19 2146 N4FP          599 FL YO9HP         599 KW
QSO: 14000 CW 2023-02-19 2147 N4FP          599 FL F6FJE         599 80
QSO: 14055 CW 2023-02-19 2147 N4FP          599 FL PA4O          599 100
QSO: 14054 CW 2023-02-19 2149 N4FP          599 FL EA5RS         599 KW
QSO: 14055 CW 2023-02-19 2149 N4FP          599 FL LZ5DD         599 KW
QSO: 14000 CW 2023-02-19 2150 N4FP          599 FL F5MQU         599 90
QSO: 14055 CW 2023-02-19 2150 N4FP          599 FL IK3SCB        599 500
QSO: 14000 CW 2023-02-19 2151 N4FP          599 FL DL3DRN        599 100
QSO: 14054 CW 2023-02-19 2151 N4FP          599 FL HB9AMO        599 100
QSO: 14055 CW 2023-02-19 2151 N4FP          599 FL 4X6FR         599 500
QSO: 14054 CW 2023-02-19 2152 N4FP          599 FL CT7/VA3FH     599 KW
QSO: 14055 CW 2023-02-19 2152 N4FP          599 FL G4IZZ         599 300
QSO: 14000 CW 2023-02-19 2153 N4FP          599 FL EA5DCL        599 500
QSO: 14054 CW 2023-02-19 2154 N4FP          599 FL DK5DQ         599 100
QSO: 14054 CW 2023-02-19 2154 N4FP          599 FL OM4MW         599 KW
QSO: 14055 CW 2023-02-19 2154 N4FP          599 FL IK7NXU        599 500
QSO: 14000 CW 2023-02-19 2155 N4FP          599 FL HB9BXQ        599 100
QSO: 14055 CW 2023-02-19 2155 N4FP          599 FL OK2FD         599 100
QSO: 14055 CW 2023-02-19 2156 N4FP          599 FL IW5CWC        599 100
QSO: 14000 CW 2023-02-19 2157 N4FP          599 FL DJ8RS         599 500
QSO: 14055 CW 2023-02-19 2157 N4FP          599 FL DF4PD         599 500
QSO: 14055 CW 2023-02-19 2157 N4FP          599 FL DF7TV         599 500
QSO: 14000 CW 2023-02-19 2158 N4FP          599 FL DL9ZP         599 100
QSO: 14055 CW 2023-02-19 2158 N4FP          599 FL IZ8IEV        599 100
QSO: 14055 CW 2023-02-19 2158 N4FP          599 FL M0BPQ         599 100
QSO: 14000 CW 2023-02-19 2159 N4FP          599 FL DL6RDR        599 100
QSO: 14055 CW 2023-02-19 2201 N4FP          599 FL I1NVU         599 500
QSO: 14054 CW 2023-02-19 2202 N4FP          599 FL EA2AZ         599 100
QSO: 14055 CW 2023-02-19 2203 N4FP          599 FL S51Z          599 5
QSO: 14055 CW 2023-02-19 2204 N4FP          599 FL G0VXE         599 400
QSO: 14055 CW 2023-02-19 2204 N4FP          599 FL IQ3GA/3       599 200
QSO: 14055 CW 2023-02-19 2205 N4FP          599 FL DL2NBW        599 500
QSO: 14055 CW 2023-02-19 2205 N4FP          599 FL EA5DO         599 70
QSO: 14000 CW 2023-02-19 2206 N4FP          599 FL EA5CP         599 100
QSO: 14055 CW 2023-02-19 2206 N4FP          599 FL OZ5W          599 KW
QSO: 14055 CW 2023-02-19 2207 N4FP          599 FL OE5TXF        599 200
QSO: 14055 CW 2023-02-19 2207 N4FP          599 FL PJ4A          599 K
QSO: 14054 CW 2023-02-19 2210 N4FP          599 FL S5/M0MPM      599 100
QSO: 14055 CW 2023-02-19 2210 N4FP          599 FL IU3OAR        599 100
QSO: 14055 CW 2023-02-19 2210 N4FP          599 FL PA0O          599 100
QSO: 14000 CW 2023-02-19 2211 N4FP          599 FL EA1GT         599 5
QSO: 14054 CW 2023-02-19 2211 N4FP          599 FL OK7O          599 KW
QSO: 14000 CW 2023-02-19 2212 N4FP          599 FL YT2U          599 100
QSO:  7015 CW 2023-02-19 2214 N4FP          599 FL LY5R          599 KW
QSO:  7015 CW 2023-02-19 2215 N4FP          599 FL DQ2C          599 KW
QSO:  7015 CW 2023-02-19 2215 N4FP          599 FL YU1RA         599 500
QSO:  7015 CW 2023-02-19 2216 N4FP          599 FL OM4MW         599 KW
QSO:  7000 CW 2023-02-19 2217 N4FP          599 FL DL1BUG        599 KW
QSO:  7015 CW 2023-02-19 2218 N4FP          599 FL 9A3XV         599 K
QSO:  7015 CW 2023-02-19 2218 N4FP          599 FL LY5W          599 KW
QSO:  7015 CW 2023-02-19 2219 N4FP          599 FL DF4PD         599 500
QSO:  7015 CW 2023-02-19 2219 N4FP          599 FL HA8LCA        599 100
QSO:  7015 CW 2023-02-19 2220 N4FP          599 FL EU1A          599 1000
QSO:  7015 CW 2023-02-19 2220 N4FP          599 FL LN8W          599 KW
QSO:  7015 CW 2023-02-19 2220 N4FP          599 FL M3A           599 400
QSO:  7015 CW 2023-02-19 2221 N4FP          599 FL ED1R          599 1K
QSO:  7015 CW 2023-02-19 2221 N4FP          599 FL OK1PI         599 KW
QSO:  7015 CW 2023-02-19 2221 N4FP          599 FL RG2A          599 KW
QSO:  7000 CW 2023-02-19 2222 N4FP          599 FL DJ8RS         599 500
QSO:  7015 CW 2023-02-19 2222 N4FP          599 FL LZ5R          599 KW
QSO:  7015 CW 2023-02-19 2222 N4FP          599 FL YL2GD         599 KW
QSO:  7015 CW 2023-02-19 2223 N4FP          599 FL IZ3KKE        599 100
QSO:  7015 CW 2023-02-19 2223 N4FP          599 FL OM0R          599 KW
QSO:  7000 CW 2023-02-19 2224 N4FP          599 FL OK1DKR        599 100
QSO:  7015 CW 2023-02-19 2224 N4FP          599 FL EA5BM         599 100
QSO:  7015 CW 2023-02-19 2224 N4FP          599 FL S52AW         599 KW
QSO:  7015 CW 2023-02-19 2225 N4FP          599 FL HG6N          599 K
QSO:  7015 CW 2023-02-19 2226 N4FP          599 FL EA3FZT        599 100
QSO:  7015 CW 2023-02-19 2227 N4FP          599 FL DF7TV         599 500
QSO:  7015 CW 2023-02-19 2227 N4FP          599 FL S52NR         599 100
QSO:  7015 CW 2023-02-19 2227 N4FP          599 FL UA6LCN        599 KW
QSO:  7015 CW 2023-02-19 2228 N4FP          599 FL EU4E          599 500
QSO:  7015 CW 2023-02-19 2228 N4FP          599 FL I2IFT         599 500
QSO:  7015 CW 2023-02-19 2228 N4FP          599 FL SP8R          599 K
QSO:  7015 CW 2023-02-19 2229 N4FP          599 FL F6DCQ         599 100
QSO:  7015 CW 2023-02-19 2230 N4FP          599 FL UR7HN         599 100
QSO:  7015 CW 2023-02-19 2231 N4FP          599 FL HA7RY         599 K
QSO:  7015 CW 2023-02-19 2232 N4FP          599 FL DL2NBW        599 500
QSO:  7015 CW 2023-02-19 2233 N4FP          599 FL DK8AX         599 200
QSO:  7015 CW 2023-02-19 2233 N4FP          599 FL M6W           599 100
QSO:  7015 CW 2023-02-19 2234 N4FP          599 FL HB9HTF        599 100
QSO:  7015 CW 2023-02-19 2236 N4FP          599 FL IK1PMR        599 500
QSO: 14000 CW 2023-02-19 2329 N4FP          599 FL EA8NQ         599 100
QSO: 14003 CW 2023-02-19 2329 N4FP          599 FL EC4TA         599 100
QSO: 14005 CW 2023-02-19 2331 N4FP          599 FL KP2M          599 KW
QSO: 14007 CW 2023-02-19 2332 N4FP          599 FL 5Z4VJ         599 400
QSO: 14000 CW 2023-02-19 2336 N4FP          599 FL TI2OY         599 100
QSO: 14018 CW 2023-02-19 2338 N4FP          599 FL ZF5T          599 100
QSO: 14019 CW 2023-02-19 2339 N4FP          599 FL PT7CG         599 100
QSO:  7015 CW 2023-02-19 2340 N4FP          599 FL DL5CW         599 KW
QSO:  7016 CW 2023-02-19 2341 N4FP          599 FL G8X           599 400
QSO:  7016 CW 2023-02-19 2342 N4FP          599 FL 7S9A          599 KW
QSO:  7016 CW 2023-02-19 2342 N4FP          599 FL IQ8SN         599 500
QSO:  7016 CW 2023-02-19 2342 N4FP          599 FL TM7A          599 K
QSO:  7000 CW 2023-02-19 2343 N4FP          599 FL LY1M          599 300
QSO:  7015 CW 2023-02-19 2344 N4FP          599 FL F1TRE         599 500
QSO:  7016 CW 2023-02-19 2344 N4FP          599 FL OR3A          599 KW
QSO:  7016 CW 2023-02-19 2344 N4FP          599 FL SN5J          599 100
QSO:  7016 CW 2023-02-19 2345 N4FP          599 FL EA2AZ         599 100
QSO:  7016 CW 2023-02-19 2345 N4FP          599 FL KP2B          599 100
QSO:  7016 CW 2023-02-19 2345 N4FP          599 FL OL3Z          599 KW
QSO:  7016 CW 2023-02-19 2346 N4FP          599 FL HB9AMO        599 100
QSO:  7016 CW 2023-02-19 2346 N4FP          599 FL RT4G          599 K
QSO:  7016 CW 2023-02-19 2347 N4FP          599 FL YO5AVN        599 100
QSO:  7016 CW 2023-02-19 2348 N4FP          599 FL CR3W          599 K
QSO:  7016 CW 2023-02-19 2348 N4FP          599 FL G5W           599 400
QSO:  7016 CW 2023-02-19 2349 N4FP          599 FL I2WIJ         599 500
QSO:  7000 CW 2023-02-19 2350 N4FP          599 FL IK3DVY        599 500
QSO:  7016 CW 2023-02-19 2350 N4FP          599 FL LA7QIA        599 KW
QSO:  7016 CW 2023-02-19 2351 N4FP          599 FL DL1NEO        599 500
QSO:  7016 CW 2023-02-19 2353 N4FP          599 FL 9A7T          599 100
QSO:  7016 CW 2023-02-19 2353 N4FP          599 FL DL1EAR        599 100
QSO:  7016 CW 2023-02-19 2353 N4FP          599 FL EA5RS         599 KW
QSO:  7016 CW 2023-02-19 2353 N4FP          599 FL KP3W          599 NN
QSO:  7016 CW 2023-02-19 2353 N4FP          599 FL OZ5W          599 KW
QSO:  7016 CW 2023-02-19 2354 N4FP          599 IN RC3FL         599 KW
QSO:  7016 CW 2023-02-19 2355 N4FP          599 FL TF3DC         599 100
QSO:  7016 CW 2023-02-19 2356 N4FP          599 FL DK5DQ         599 100
QSO:  7016 CW 2023-02-19 2356 N4FP          599 FL EA5XA         599 100
QSO:  7016 CW 2023-02-19 2357 N4FP          599 FL DL50DAH       599 400
QSO:  7016 CW 2023-02-19 2358 N4FP          599 FL DK9IP         599 KW
QSO:  7016 CW 2023-02-19 2359 N4FP          599 FL DK3WN         599 100
QSO:  7016 CW 2023-02-19 2359 N4FP          599 FL OM6RM         599 100
END-OF-LOG:
