START-OF-LOG: 3.0
CREATED-BY: reconstructed-log-builder
CONTEST: CQ-WW-RTTY
CALLSIGN: K5UZ
LOCATION: 
CATEGORY: CHECKLOG
CATEGORY-OPERATOR: SINGLE-OP
CATEGORY-BAND: ALL
CATEGORY-MODE: MIXED
CATEGORY-POWER: UNKNOWN
CATEGORY-ASSISTED: NON-ASSISTED
CATEGORY-TRANSMITTER: ONE
CATEGORY-STATION: UNKNOWN
CATEGORY-OVERLAY: 
OPERATORS: K5UZ
CLAIMED-SCORE: 
CLUB: 
NAME: 
SOAPBOX: RECONSTRUCTED MOCKUP LOG - NOT AN OFFICIAL SUBMISSION.
SOAPBOX: Derived from submitted logs for CQ-WW-RTTY CQWWRTTY/2019.
QSO: 14080 RY 2019-09-29 1458 K5UZ          599 04 AR YW1K          599 09 DX
QSO: 14082 RY 2019-09-29 1502 K5UZ          599 04 AR IQ4FC         599 15 DX
QSO: 14084 RY 2019-09-29 1507 K5UZ          599 04 AR OK1KSL        599 15 DX
QSO: 21088 RY 2019-09-29 1554 K5UZ          599 04 AR CW4MAX        599 13 DX
QSO: 21083 RY 2019-09-29 1555 K5UZ          599 4 AR P49X          599 9 DX
QSO: 14104 RY 2019-09-29 1608 K5UZ          599 04 AR TK5MH         599 15 DX
QSO: 14088 RY 2019-09-29 1807 K5UZ          599 04 AR C37NL         599 14 DX
QSO: 21097 RY 2019-09-29 2313 K5UZ          599 04 AR CV7S          599 13 DX
QSO: 21099 RY 2019-09-29 2317 K5UZ          599 04 AR LO5D          599 13 DX
QSO: 14127 RY 2019-09-29 2324 K5UZ          599 04 AR PP2CC         599 11 DX
QSO: 14094 RY 2019-09-29 2332 K5UZ          599 04 AR CE2LR         599 12 DX
QSO:  7037 RY 2019-09-29 2353 K5UZ          599 04 AR Z35T          599 15 DX
END-OF-LOG:
