START-OF-LOG: 3.0
CREATED-BY: reconstructed-log-builder
CONTEST: CQ-WW-CW
CALLSIGN: IZ8GGF
LOCATION: 
CATEGORY: CHECKLOG
CATEGORY-OPERATOR: SINGLE-OP
CATEGORY-BAND: ALL
CATEGORY-MODE: MIXED
CATEGORY-POWER: UNKNOWN
CATEGORY-ASSISTED: NON-ASSISTED
CATEGORY-TRANSMITTER: ONE
CATEGORY-STATION: UNKNOWN
CATEGORY-OVERLAY: 
OPERATORS: IZ8GGF
CLAIMED-SCORE: 
CLUB: 
NAME: 
SOAPBOX: RECONSTRUCTED MOCKUP LOG - NOT AN OFFICIAL SUBMISSION.
SOAPBOX: Derived from submitted logs for CQ-WW-CW CQWW/cw/2012.
QSO: 21048 CW 2012-11-24 1434 IZ8GGF        599 15 ED1R          599 14
QSO: 21037 CW 2012-11-24 1435 IZ8GGF        599 15 SK3W          599 14
QSO: 14056 CW 2012-11-24 1556 IZ8GGF        599 15 EL2A          599 35
QSO:  3520 CW 2012-11-24 1840 IZ8GGF        599 15 TC2M          599 20
QSO:  3502 CW 2012-11-24 1842 IZ8GGF        599 15 LY6A          599 15
QSO:  3500 CW 2012-11-24 1844 IZ8GGF        599 15 RW9OC         599 18
QSO:  3500 CW 2012-11-24 1845 IZ8GGF        599 15 YT2AA         599 15
QSO:  3502 CW 2012-11-24 1846 IZ8GGF        599 15 F5OWL         599 14
QSO: 14029 CW 2012-11-24 2000 IZ8GGF        599 15 OE3K          599 15
QSO:  3513 CW 2012-11-25 1700 IZ8GGF        599 15 DL7ON         599 14
QSO:  3505 CW 2012-11-25 1702 IZ8GGF        599 15 OM5MX         599 15
QSO:  3505 CW 2012-11-25 1702 IZ8GGF        599 15 RU6CS         599 16
QSO:  3505 CW 2012-11-25 1703 IZ8GGF        599 15 LZ2SC         599 20
QSO:  3505 CW 2012-11-25 1703 IZ8GGF        599 15 UW5U          599 16
QSO:  3500 CW 2012-11-25 1704 IZ8GGF        599 15 HA8VK         599 15
QSO:  3500 CW 2012-11-25 1706 IZ8GGF        599 15 YT2MS         599 15
QSO:  3505 CW 2012-11-25 1706 IZ8GGF        599 15 DL4TJ         599 14
QSO:  3500 CW 2012-11-25 1708 IZ8GGF        599 15 OL4W          599 15
QSO:  3500 CW 2012-11-25 1708 IZ8GGF        599 15 SP6PZG        599 15
QSO:  3505 CW 2012-11-25 1709 IZ8GGF        599 15 YO2MIL        599 20
QSO:  3500 CW 2012-11-25 1710 IZ8GGF        599 15 DK3AX         599 14
QSO:  3504 CW 2012-11-25 1710 IZ8GGF        599 15 LZ9W          599 20
QSO:  3505 CW 2012-11-25 1711 IZ8GGF        599 15 PI4CC         599 14
QSO:  3505 CW 2012-11-25 1712 IZ8GGF        599 15 RG9A          599 17
QSO:  3505 CW 2012-11-25 1714 IZ8GGF        599 15 9A2U          599 15
QSO:  3505 CW 2012-11-25 1714 IZ8GGF        599 15 SV1PS         599 20
QSO:  3505 CW 2012-11-25 1715 IZ8GGF        599 15 IT9RZU        599 15
END-OF-LOG:
