START-OF-LOG: 3.0
CATEGORY: Single operator, mixed, QRP
CONTEST: WAG
SPECIFIC: Q05
CALLSIGN: DK8R
CLAIMED-SCORE: 1920
CREATED-BY: UcxLog 8.09, modified by DXHF upload.
OPERATORS: DL8LR
CLUB: BAVARIAN CONTEST CLUB
GRID-LOCATOR: JN39OH
QSO:  7000 CW 2021-10-16 2247 DK8R          599 Q05    YO4AR         599 246
QSO:  7000 CW 2021-10-16 2253 DK8R          599 Q05    SV1BJW/6      599 324
QSO:  7000 CW 2021-10-16 2306 DK8R          599 Q05    HG4I          599 634
QSO:  7000 CW 2021-10-16 2318 DK8R          599 Q05    OG7Z          599 710
QSO:  7000 CW 2021-10-16 2320 DK8R          599 Q05    CR3W          599 1144
QSO:  7000 CW 2021-10-16 2330 DK8R          599 Q05    YT1A          599 421
QSO:  7000 CW 2021-10-16 2341 DK8R          599 Q05    RT2C          599 751
QSO:  7000 CW 2021-10-16 2355 DK8R          599 Q05    LZ3ZZ         599 395
QSO:  7000 CW 2021-10-16 2356 DK8R          599 Q05    YL7X          599 687
QSO:  3500 CW 2021-10-17 0010 DK8R          599 Q05    YT1R          599 122
QSO:  3500 CW 2021-10-17 0013 DK8R          599 Q05    OM3CPF        599 243
QSO:  3500 CW 2021-10-17 0017 DK8R          599 Q05    DL3UB         599 V22
QSO:  3500 CW 2021-10-17 0019 DK8R          599 Q05    DD5DD         599 Z90
QSO:  3500 CW 2021-10-17 0653 DK8R          599 Q05    DL5YAS        599 N34
QSO:  7000 CW 2021-10-17 0706 DK8R          599 Q05    DL6RAI        599 C08
QSO: 14000 CW 2021-10-17 0710 DK8R          599 Q05    EU5C          599 436
QSO: 14000 CW 2021-10-17 0712 DK8R          599 Q05    9A3VM         599 685
QSO: 14000 CW 2021-10-17 0717 DK8R          599 Q05    R3OM          599 185
QSO: 14000 CW 2021-10-17 0720 DK8R          599 Q05    YT1A          599 556
QSO: 14000 CW 2021-10-17 0721 DK8R          599 Q05    SV1ENG        599 391
QSO:  7000 PH 2021-10-17 0736 DK8R          59  Q05    DL9UP         59  Q05
QSO: 28000 PH 2021-10-17 0737 DK8R          59  Q05    DL9UP         59  Q05
QSO: 21000 PH 2021-10-17 0743 DK8R          59  Q05    DK8K          59  Q07
QSO: 28000 PH 2021-10-17 0743 DK8R          59  Q05    DK8K          59  Q07
QSO: 21000 PH 2021-10-17 0746 DK8R          59  Q05    RL4F          59  251
QSO: 21000 PH 2021-10-17 0748 DK8R          59  Q05    RT2C          59  964
QSO: 21000 PH 2021-10-17 0824 DK8R          59  Q05    RA9V          59  542
QSO: 21000 PH 2021-10-17 0826 DK8R          59  Q05    RL4A          59  716
QSO: 21000 PH 2021-10-17 1012 DK8R          59  Q05    UN9LW         59  194
QSO: 21000 PH 2021-10-17 1018 DK8R          59  Q05    IT9FRX        59  731
END-OF-LOG:
