START-OF-LOG: 3.0
CATEGORY: Single operator, mixed, QRP
CONTEST: WAG
SPECIFIC: X19
LOCATION: DX
CALLSIGN: DL8MBS
CLUB:
CLAIMED-SCORE: 253253
OPERATORS: DL8MBS
ADDRESS-CITY:
ADDRESS-STATE-PROVINCE:
ADDRESS-POSTALCODE:
ADDRESS-COUNTRY: FED. REP. OF GERMANY
GRID-LOCATOR:
CREATED-BY: N1MM Logger+ 1.0.9243.0, modified by DXHF upload.
QSO: 21015 CW 2021-10-16 1505 DL8MBS        599 X19  DD5DD         599 Z90
QSO: 14054 CW 2021-10-16 1507 DL8MBS        599 X19  LZ5R          599 17
QSO: 14054 CW 2021-10-16 1509 DL8MBS        599 X19  LZ2PS         599 3
QSO: 14045 CW 2021-10-16 1514 DL8MBS        599 X19  LZ1UQ         599 12
QSO: 14045 CW 2021-10-16 1516 DL8MBS        599 X19  OF7KC         599 2
QSO: 14045 CW 2021-10-16 1516 DL8MBS        599 X19  OH6LW         599 9
QSO: 14045 CW 2021-10-16 1518 DL8MBS        599 X19  UX1AA         599 38
QSO: 14045 CW 2021-10-16 1519 DL8MBS        599 X19  UR7MZ         599 23
QSO: 14045 CW 2021-10-16 1520 DL8MBS        599 X19  RL4A          599 28
QSO: 14045 CW 2021-10-16 1521 DL8MBS        599 X19  IK8UND        599 14
QSO: 14045 CW 2021-10-16 1523 DL8MBS        599 X19  LZ3ZZ         599 33
QSO: 14045 CW 2021-10-16 1524 DL8MBS        599 X19  UA3SDN        599 7
QSO: 14045 CW 2021-10-16 1527 DL8MBS        599 X19  LZ9R          599 35
QSO: 14045 CW 2021-10-16 1527 DL8MBS        599 X19  UA4S          599 5
QSO: 14044 CW 2021-10-16 1529 DL8MBS        599 X19  SV1BJW/6      599 29
QSO: 14034 CW 2021-10-16 1530 DL8MBS        599 X19  IK6QRH        599 14
QSO: 14033 CW 2021-10-16 1531 DL8MBS        599 X19  LZ1RW         599 21
QSO: 14023 CW 2021-10-16 1533 DL8MBS        599 X19  EA1X          599 64
QSO: 14015 CW 2021-10-16 1535 DL8MBS        599 X19  SV1ENG        599 46
QSO: 14011 CW 2021-10-16 1536 DL8MBS        599 X19  4O4T          599 45
QSO:  7029 CW 2021-10-16 1538 DL8MBS        599 X19  SP9XCN        599 27
QSO:  7029 CW 2021-10-16 1539 DL8MBS        599 X19  SF400B        599 15
QSO:  7029 CW 2021-10-16 1541 DL8MBS        599 X19  HA7RY         599 35
QSO:  7029 CW 2021-10-16 1542 DL8MBS        599 X19  SP3VT         599 29
QSO:  7029 CW 2021-10-16 1543 DL8MBS        599 X19  SF6W          599 27
QSO:  7029 CW 2021-10-16 1543 DL8MBS        599 X19  LY2MM         599 23
QSO:  7029 CW 2021-10-16 1543 DL8MBS        599 X19  PA5TT         599 4
QSO:  7029 CW 2021-10-16 1544 DL8MBS        599 X19  OM7LW         599 28
QSO:  7029 CW 2021-10-16 1544 DL8MBS        599 X19  PC1PM         599 10
QSO:  7029 CW 2021-10-16 1544 DL8MBS        599 X19  LY2A          599 28
QSO:  7029 CW 2021-10-16 1545 DL8MBS        599 X19  SE5E          599 8
QSO:  7029 CW 2021-10-16 1545 DL8MBS        599 X19  PA2TA         599 23
QSO:  7029 CW 2021-10-16 1546 DL8MBS        599 X19  HA8TP         599 30
QSO:  7029 CW 2021-10-16 1546 DL8MBS        599 X19  F4HMX         599 30
QSO:  7029 CW 2021-10-16 1547 DL8MBS        599 X19  M1X           599 38
QSO:  7029 CW 2021-10-16 1547 DL8MBS        599 X19  LY7M          599 35
QSO:  7029 CW 2021-10-16 1548 DL8MBS        599 X19  OK2CLL        599 4
QSO:  7029 CW 2021-10-16 1548 DL8MBS        599 X19  YT4T          599 34
QSO:  7029 CW 2021-10-16 1549 DL8MBS        599 X19  OM3CDN        599 15
QSO:  7029 CW 2021-10-16 1549 DL8MBS        599 X19  SN2S          599 13
QSO:  7029 CW 2021-10-16 1550 DL8MBS        599 X19  YT1A          599 37
QSO:  7029 CW 2021-10-16 1550 DL8MBS        599 X19  SP7CF         599 23
QSO:  7029 CW 2021-10-16 1550 DL8MBS        599 X19  PA2A          599 9
QSO:  7029 CW 2021-10-16 1551 DL8MBS        599 X19  M0BEW         599 38
QSO:  7029 CW 2021-10-16 1553 DL8MBS        599 X19  SP2KAC        599 19
QSO:  7029 CW 2021-10-16 1553 DL8MBS        599 X19  OF1LWZ        599 2
QSO:  7029 CW 2021-10-16 1554 DL8MBS        599 X19  SP3CW         599 27
QSO:  7029 CW 2021-10-16 1555 DL8MBS        599 X19  LZ1ND         599 36
QSO:  7029 CW 2021-10-16 1555 DL8MBS        599 X19  OE1CIW        599 29
QSO:  7029 CW 2021-10-16 1556 DL8MBS        599 X19  G3P           599 23
QSO:  7029 CW 2021-10-16 1556 DL8MBS        599 X19  UW6E          599 71
QSO:  7029 CW 2021-10-16 1556 DL8MBS        599 X19  S52F          599 22
QSO:  7029 CW 2021-10-16 1557 DL8MBS        599 X19  YL3FW         599 29
QSO:  7030 CW 2021-10-16 1558 DL8MBS        599 X19  LZ2PL         599 51
QSO:  7034 CW 2021-10-16 1601 DL8MBS        599 X19  US1VM         599 37
QSO:  7034 CW 2021-10-16 1602 DL8MBS        599 X19  OM8VL         599 24
QSO:  7034 CW 2021-10-16 1602 DL8MBS        599 X19  ON4DN         599 19
QSO:  7034 CW 2021-10-16 1602 DL8MBS        599 X19  PA5WT         599 29
QSO:  7034 CW 2021-10-16 1604 DL8MBS        599 X19  IK8UND        599 47
QSO: 14045 CW 2021-10-16 1617 DL8MBS        599 X19  P3AA          599 146
QSO: 14035 CW 2021-10-16 1618 DL8MBS        599 X19  RC9A          599 50
QSO: 14031 CW 2021-10-16 1620 DL8MBS        599 X19  HB9DHG        599 57
QSO: 14024 CW 2021-10-16 1622 DL8MBS        599 X19  EA4OR         599 107
QSO: 14017 CW 2021-10-16 1624 DL8MBS        599 X19  OY1CT         599 132
QSO: 14013 CW 2021-10-16 1627 DL8MBS        599 X19  N3RS          599 107
QSO: 14013 CW 2021-10-16 1627 DL8MBS        599 X19  DD5DD         599 Z90
QSO: 14040 CW 2021-10-16 1630 DL8MBS        599 X19  UA9W          599 74
QSO: 14030 CW 2021-10-16 1632 DL8MBS        599 X19  YU7KW         599 64
QSO: 14028 CW 2021-10-16 1633 DL8MBS        599 X19  SV1JG         599 33
QSO: 14025 CW 2021-10-16 1633 DL8MBS        599 X19  IZ2FME        599 35
QSO: 14014 CW 2021-10-16 1636 DL8MBS        599 X19  IK1JJM        599 61
QSO: 14015 CW 2021-10-16 1637 DL8MBS        599 X19  Z35F          599 105
QSO: 14013 CW 2021-10-16 1638 DL8MBS        599 X19  IT9RZU        599 84
QSO: 14036 CW 2021-10-16 1644 DL8MBS        599 X19  S53V          599 24
QSO: 14042 CW 2021-10-16 1647 DL8MBS        599 X19  9A3SM         599 77
QSO: 14041 CW 2021-10-16 1649 DL8MBS        599 X19  YL7X          599 137
QSO: 14041 CW 2021-10-16 1652 DL8MBS        599 X19  AA3B          599 241
QSO: 14021 CW 2021-10-16 1655 DL8MBS        599 X19  YU1YV         599 44
QSO:  7036 CW 2021-10-16 1658 DL8MBS        599 X19  IK0YVV        599 19
QSO:  7036 CW 2021-10-16 1658 DL8MBS        599 X19  IU1LCU        599 94
QSO:  7029 CW 2021-10-16 1701 DL8MBS        599 X19  SM2M          599 145
QSO:  7029 CW 2021-10-16 1701 DL8MBS        599 X19  HG4I          599 228
QSO:  7029 CW 2021-10-16 1701 DL8MBS        599 X19  SM5IMO        599 34
QSO:  7024 CW 2021-10-16 1705 DL8MBS        599 X19  YO6FGZ        599 12
QSO:  7018 CW 2021-10-16 1707 DL8MBS        599 X19  YL3JA         599 67
QSO:  7012 CW 2021-10-16 1711 DL8MBS        599 X19  RU4PU         599 59
QSO:  7009 CW 2021-10-16 1713 DL8MBS        599 X19  F8DGY         599 61
QSO:  7036 CW 2021-10-16 1718 DL8MBS        599 X19  YT1914DRI     599 19
QSO:  7029 CW 2021-10-16 1723 DL8MBS        599 X19  ES4RD         599 118
QSO:  7027 CW 2021-10-16 1724 DL8MBS        599 X19  SO4M          599 61
QSO:  7027 CW 2021-10-16 1725 DL8MBS        599 X19  YO4NF         599 149
QSO:  7027 CW 2021-10-16 1726 DL8MBS        599 X19  EV6Z          599 47
QSO:  7027 CW 2021-10-16 1728 DL8MBS        599 X19  UT4U          599 59
QSO:  7027 CW 2021-10-16 1729 DL8MBS        599 X19  UX1AA         599 214
QSO:  7027 CW 2021-10-16 1731 DL8MBS        599 X19  RT2C          599 230
QSO:  7027 CW 2021-10-16 1731 DL8MBS        599 X19  RC1W          599 53
QSO:  7027 CW 2021-10-16 1731 DL8MBS        599 X19  UA6CC         599 125
QSO: 14011 CW 2021-10-16 1746 DL8MBS        599 X19  LZ2PL         599 150
QSO: 14007 CW 2021-10-16 1747 DL8MBS        599 X19  F5SGI         599 38
QSO: 14033 CW 2021-10-16 1750 DL8MBS        599 X19  E7CW          599 183
QSO: 14026 CW 2021-10-16 1751 DL8MBS        599 X19  YU5R          599 296
QSO:  3543 CW 2021-10-16 1802 DL8MBS        599 X19  DL0FOR        599 Y27
QSO:  3543 CW 2021-10-16 1802 DL8MBS        599 X19  HB9AYZ        599 18
QSO:  3543 CW 2021-10-16 1804 DL8MBS        599 X19  SP7LIE        599 32
QSO:  3543 CW 2021-10-16 1806 DL8MBS        599 X19  SP9XCN        599 127
QSO:  3543 CW 2021-10-16 1807 DL8MBS        599 X19  DL1HSI        599 W33
QSO:  3543 CW 2021-10-16 1808 DL8MBS        599 X19  DL1SL         599 P19
QSO:  3543 CW 2021-10-16 1810 DL8MBS        599 X19  SP2KAC        599 51
QSO:  3543 CW 2021-10-16 1812 DL8MBS        599 X19  OK1DLX        599 25
QSO:  3543 CW 2021-10-16 1813 DL8MBS        599 X19  OL4W          599 118
QSO:  3543 CW 2021-10-16 1815 DL8MBS        599 X19  OM7AG         599 67
QSO:  3543 CW 2021-10-16 1817 DL8MBS        599 X19  SP2R          599 143
QSO:  3543 CW 2021-10-16 1819 DL8MBS        599 X19  DL1RI         599 Z33
QSO:  3543 CW 2021-10-16 1820 DL8MBS        599 X19  OK1VK         599 45
QSO:  3543 CW 2021-10-16 1821 DL8MBS        599 X19  DL4FDI        599 Z54
QSO:  3543 CW 2021-10-16 1822 DL8MBS        599 X19  OK2SGY        599 25
QSO:  3543 CW 2021-10-16 1822 DL8MBS        599 X19  OK2BRJ        599 87
QSO:  3543 CW 2021-10-16 1823 DL8MBS        599 X19  DF0SX         599 P51
QSO:  3543 CW 2021-10-16 1824 DL8MBS        599 X19  OL8M          599 96
QSO:  3543 CW 2021-10-16 1825 DL8MBS        599 X19  DL1YCF        599 K16
QSO:  3543 CW 2021-10-16 1825 DL8MBS        599 X19  M3AWD         599 84
QSO:  3543 CW 2021-10-16 1826 DL8MBS        599 X19  SP/DL1EKO     599 68
QSO:  3543 CW 2021-10-16 1828 DL8MBS        599 X19  YL3GAZ        599 101
QSO:  3543 CW 2021-10-16 1828 DL8MBS        599 X19  SP1AEN        599 87
QSO:  3543 CW 2021-10-16 1831 DL8MBS        599 X19  YL7X          599 264
QSO:  3543 CW 2021-10-16 1832 DL8MBS        599 X19  OU2W          599 22
QSO:  3543 CW 2021-10-16 1833 DL8MBS        599 X19  DL4JWU        599 S54
QSO:  3543 CW 2021-10-16 1835 DL8MBS        599 X19  DJ4MH         599 I38
QSO:  3543 CW 2021-10-16 1836 DL8MBS        599 X19  DM7CW         599 E38
QSO:  3543 CW 2021-10-16 1837 DL8MBS        599 X19  PA2TA         599 81
QSO:  3543 CW 2021-10-16 1838 DL8MBS        599 X19  DF7OA         599 S01
QSO:  3543 CW 2021-10-16 1839 DL8MBS        599 X19  OK1DLA        599 19
QSO:  3543 CW 2021-10-16 1839 DL8MBS        599 X19  DG4UF         599 S21
QSO:  3543 CW 2021-10-16 1840 DL8MBS        599 X19  LY7M          599 177
QSO:  3543 CW 2021-10-16 1842 DL8MBS        599 X19  YL3FW         599 150
QSO:  3543 CW 2021-10-16 1842 DL8MBS        599 X19  SM6FPC        599 55
QSO:  3543 CW 2021-10-16 1843 DL8MBS        599 X19  ON4PQ         599 53
QSO:  3543 CW 2021-10-16 1844 DL8MBS        599 X19  OE5EVM        599 9
QSO:  3543 CW 2021-10-16 1844 DL8MBS        599 X19  9A3VM         599 288
QSO:  3543 CW 2021-10-16 1845 DL8MBS        599 X19  DJ3XD         599 H31
QSO:  3543 CW 2021-10-16 1845 DL8MBS        599 X19  DL9JSO        599 Y09
QSO:  3543 CW 2021-10-16 1846 DL8MBS        599 X19  OK1KTI        599 56
QSO:  3543 CW 2021-10-16 1847 DL8MBS        599 X19  SP7CF         599 103
QSO:  3543 CW 2021-10-16 1849 DL8MBS        599 X19  9A2UN         599 32
QSO:  3537 CW 2021-10-16 1850 DL8MBS        599 X19  OE8TED        599 41
QSO:  3536 CW 2021-10-16 1851 DL8MBS        599 X19  LY7W          599 118
QSO:  3535 CW 2021-10-16 1851 DL8MBS        599 X19  OK5MM         599 43
QSO:  3527 CW 2021-10-16 1853 DL8MBS        599 X19  SN5N          599 84
QSO:  3522 CW 2021-10-16 1854 DL8MBS        599 X19  SO3O          599 57
QSO:  3520 CW 2021-10-16 1855 DL8MBS        599 X19  OZ2TF         599 71
QSO:  7031 CW 2021-10-16 1859 DL8MBS        599 X19  UT5NR         599 94
QSO:  7028 CW 2021-10-16 1900 DL8MBS        599 X19  HB9DHG        599 284
QSO:  7021 CW 2021-10-16 1903 DL8MBS        599 X19  YQ6A          599 126
QSO:  7015 CW 2021-10-16 1908 DL8MBS        599 X19  EA1X          599 352
QSO:  7014 CW 2021-10-16 1908 DL8MBS        599 X19  OK2TJ         599 75
QSO:  7010 CW 2021-10-16 1909 DL8MBS        599 X19  OZ3SM         599 52
QSO:  7007 CW 2021-10-16 1911 DL8MBS        599 X19  EB4A          599 47
QSO:  7000 CW 2021-10-16 1912 DL8MBS        599 X19  LY4L          599 440
QSO:  7038 CW 2021-10-16 1913 DL8MBS        599 X19  IK2PFL        599 159
QSO:  7027 CW 2021-10-16 1915 DL8MBS        599 X19  YT1A          599 146
QSO:  7022 CW 2021-10-16 1916 DL8MBS        599 X19  YT4W          599 382
QSO:  7009 CW 2021-10-16 1920 DL8MBS        599 X19  TM6M          599 209
QSO:  7004 CW 2021-10-16 1921 DL8MBS        599 X19  CR6K          599 132
QSO:  7003 CW 2021-10-16 1926 DL8MBS        599 X19  MM2T          599 90
QSO:  3525 CW 2021-10-16 1935 DL8MBS        599 X19  OL5J          599 10
QSO:  3554 CW 2021-10-16 1939 DL8MBS        599 X19  LZ9R          599 184
QSO:  3554 CW 2021-10-16 1940 DL8MBS        599 X19  S54X          599 73
QSO:  3554 CW 2021-10-16 1940 DL8MBS        599 X19  YT4T          599 267
QSO:  3554 CW 2021-10-16 1941 DL8MBS        599 X19  OZ0B          599 154
QSO:  3554 CW 2021-10-16 1942 DL8MBS        599 X19  E7CW          599 246
QSO:  3554 CW 2021-10-16 1942 DL8MBS        599 X19  DL8DWW        599 S04
QSO:  3554 CW 2021-10-16 1943 DL8MBS        599 X19  DC6O          599 K06
QSO:  3554 CW 2021-10-16 1943 DL8MBS        599 X19  YU7KW         599 239
QSO:  3554 CW 2021-10-16 1944 DL8MBS        599 X19  DJ1SL         599 H48
QSO:  3554 CW 2021-10-16 1944 DL8MBS        599 X19  HG8A          599 310
QSO:  3554 CW 2021-10-16 1946 DL8MBS        599 X19  SP3CW         599 153
QSO:  3554 CW 2021-10-16 1949 DL8MBS        599 X19  IK8UND        599 199
QSO:  3554 CW 2021-10-16 1949 DL8MBS        599 X19  IV3EAD        599 97
QSO:  3554 CW 2021-10-16 1950 DL8MBS        599 X19  DL8QS         599 V22
QSO:  3554 CW 2021-10-16 1951 DL8MBS        599 X19  SF6W          599 130
QSO:  3554 CW 2021-10-16 1953 DL8MBS        599 X19  PA2A          599 133
QSO:  3554 CW 2021-10-16 1955 DL8MBS        599 X19  DF2AJ         599 P51
QSO:  3554 CW 2021-10-16 1956 DL8MBS        599 X19  DJ1YFK        599 S07
QSO:  3554 CW 2021-10-16 1956 DL8MBS        599 X19  OM4AZF        599 102
QSO:  3554 CW 2021-10-16 1957 DL8MBS        599 X19  EV1R          599 265
QSO:  3554 CW 2021-10-16 2000 DL8MBS        599 X19  OK6N          599 94
QSO:  3554 CW 2021-10-16 2000 DL8MBS        599 X19  DL1DTL        599 S01
QSO:  3554 CW 2021-10-16 2001 DL8MBS        599 X19  LA0CX         599 43
QSO:  3554 CW 2021-10-16 2001 DL8MBS        599 X19  OZ1AAR        599 84
QSO:  3554 CW 2021-10-16 2002 DL8MBS        599 X19  PE6Q          599 98
QSO:  3554 CW 2021-10-16 2002 DL8MBS        599 X19  DF1LX         599 M15
QSO:  3554 CW 2021-10-16 2002 DL8MBS        599 X19  DL5CX         599 V07
QSO:  3554 CW 2021-10-16 2003 DL8MBS        599 X19  DL9KWW        599 V08
QSO:  3554 CW 2021-10-16 2004 DL8MBS        599 X19  SP9KJU        599 5
QSO:  3552 CW 2021-10-16 2006 DL8MBS        599 X19  DL7YS         599 D06
QSO:  3547 CW 2021-10-16 2007 DL8MBS        599 X19  DF0CEL        599 JSZ20
QSO:  3543 CW 2021-10-16 2010 DL8MBS        599 X19  OK1CZ         599 19
QSO:  3537 CW 2021-10-16 2013 DL8MBS        599 X19  HA2KMR        599 206
QSO:  3531 CW 2021-10-16 2015 DL8MBS        599 X19  HA3NU         599 199
QSO:  3528 CW 2021-10-16 2018 DL8MBS        599 X19  PA0MIR        599 97
QSO:  3525 CW 2021-10-16 2019 DL8MBS        599 X19  OK2TJ         599 146
QSO:  3522 CW 2021-10-16 2019 DL8MBS        599 X19  YQ6A          599 226
QSO:  3516 CW 2021-10-16 2021 DL8MBS        599 X19  SF400B        599 161
QSO:  3553 CW 2021-10-16 2029 DL8MBS        599 X19  SP9YGD        599 14
QSO:  3548 CW 2021-10-16 2030 DL8MBS        599 X19  PG2AA         599 29
QSO:  3543 CW 2021-10-16 2031 DL8MBS        599 X19  SP1D          599 217
QSO:  3546 CW 2021-10-16 2033 DL8MBS        599 X19  SN7Q          599 389
QSO:  3546 CW 2021-10-16 2033 DL8MBS        599 X19  DL1AKP        599 X19
QSO:  3546 CW 2021-10-16 2034 DL8MBS        599 X19  DL0BRB        599 M35
QSO:  3546 CW 2021-10-16 2034 DL8MBS        599 X19  DL4FN         599 F35
QSO:  3546 CW 2021-10-16 2035 DL8MBS        599 X19  DL3AMB        599 X41
QSO:  3541 CW 2021-10-16 2038 DL8MBS        599 X19  YL1ZX         599 232
QSO:  3541 CW 2021-10-16 2039 DL8MBS        599 X19  SP2MKT        599 99
QSO:  3541 CW 2021-10-16 2040 DL8MBS        599 X19  UX1AA         599 535
QSO:  3541 CW 2021-10-16 2041 DL8MBS        599 X19  SP2MKI        599 89
QSO:  3541 CW 2021-10-16 2041 DL8MBS        599 X19  PA9M          599 366
QSO:  3541 CW 2021-10-16 2041 DL8MBS        599 X19  SP1NY         599 307
QSO:  3541 CW 2021-10-16 2043 DL8MBS        599 X19  DD1A          599 A25
QSO:  3541 CW 2021-10-16 2044 DL8MBS        599 X19  DK1WI         599 O16
QSO:  3541 CW 2021-10-16 2046 DL8MBS        599 X19  DQ850DOM      599 850DOM
QSO:  3541 CW 2021-10-16 2048 DL8MBS        599 X19  DL1AH         599 H02
QSO:  3541 CW 2021-10-16 2048 DL8MBS        599 X19  DO9SR         599 R03
QSO:  3541 CW 2021-10-16 2049 DL8MBS        599 X19  OK1FRJ        599 27
QSO:  3541 CW 2021-10-16 2049 DL8MBS        599 X19  OE5TXF        599 156
QSO:  3541 CW 2021-10-16 2050 DL8MBS        599 X19  OM8AQ         599 67
QSO:  3541 CW 2021-10-16 2051 DL8MBS        599 X19  DL4ME         599 X30
QSO:  3541 CW 2021-10-16 2052 DL8MBS        599 X19  LY4T          599 6
QSO:  3541 CW 2021-10-16 2052 DL8MBS        599 X19  SN4D          599 115
QSO:  3541 CW 2021-10-16 2053 DL8MBS        599 X19  S56A          599 120
QSO:  3518 CW 2021-10-16 2057 DL8MBS        599 X19  HB9DHG        599 429
QSO:  3512 CW 2021-10-16 2100 DL8MBS        599 X19  DJ2QV         599 C30
QSO:  3508 CW 2021-10-16 2100 DL8MBS        599 X19  DK2FG         599 N05
QSO:  3507 CW 2021-10-16 2101 DL8MBS        599 X19  OZ3SM         599 144
QSO:  3531 CW 2021-10-16 2102 DL8MBS        599 X19  DF1MM         599 I18
QSO:  3520 CW 2021-10-16 2107 DL8MBS        599 X19  DL6KVA        599 V01
QSO:  7023 CW 2021-10-16 2113 DL8MBS        599 X19  UV1IX         599 197
QSO:  7019 CW 2021-10-16 2115 DL8MBS        599 X19  VE9AA         599 206
QSO:  7018 CW 2021-10-16 2116 DL8MBS        599 X19  K1LZ          599 603
QSO:  7014 CW 2021-10-16 2117 DL8MBS        599 X19  4O4T          599 447
QSO:  7008 CW 2021-10-16 2120 DL8MBS        599 X19  K2ZW          599 436
QSO:  7022 CW 2021-10-16 2140 DL8MBS        599 X19  CR3W          599 984
QSO:  7016 CW 2021-10-16 2143 DL8MBS        599 X19  DL3AMI        599 X04
QSO:  3528 CW 2021-10-16 2150 DL8MBS        599 X19  LY4L          599 678
QSO:  3524 CW 2021-10-16 2153 DL8MBS        599 X19  LZ3ZZ         599 229
QSO:  3521 CW 2021-10-16 2155 DL8MBS        599 X19  SC3A          599 76
QSO:  3519 CW 2021-10-16 2156 DL8MBS        599 X19  LX/PA3GRM     599 82
QSO:  3509 CW 2021-10-16 2159 DL8MBS        599 X19  F/EI5KF       599 115
QSO:  3505 CW 2021-10-16 2200 DL8MBS        599 X19  LZ5R          599 879
QSO:  3503 CW 2021-10-16 2201 DL8MBS        599 X19  YL3JA         599 361
QSO:  3542 CW 2021-10-16 2204 DL8MBS        599 X19  E74O          599 357
QSO:  3542 CW 2021-10-16 2205 DL8MBS        599 X19  M0BEW         599 312
QSO:  3542 CW 2021-10-16 2206 DL8MBS        599 X19  SN1T          599 425
QSO:  3542 CW 2021-10-16 2206 DL8MBS        599 X19  SM2M          599 393
QSO:  3542 CW 2021-10-16 2207 DL8MBS        599 X19  DF3VM         599 Q05
QSO:  3542 CW 2021-10-16 2207 DL8MBS        599 X19  HA7RY         599 339
QSO:  3542 CW 2021-10-16 2209 DL8MBS        599 X19  EU5C          599 309
QSO:  3542 CW 2021-10-16 2209 DL8MBS        599 X19  DL0ABT        599 D25
QSO:  3542 CW 2021-10-16 2210 DL8MBS        599 X19  HG4I          599 498
QSO:  3542 CW 2021-10-16 2210 DL8MBS        599 X19  SF5O          599 88
QSO:  3542 CW 2021-10-16 2211 DL8MBS        599 X19  LY2A          599 293
QSO:  3542 CW 2021-10-16 2213 DL8MBS        599 X19  DR5X          599 M11
QSO:  3542 CW 2021-10-16 2213 DL8MBS        599 X19  DM3F          599 S07
QSO:  3542 CW 2021-10-16 2214 DL8MBS        599 X19  OK3TM         599 216
QSO:  3542 CW 2021-10-16 2216 DL8MBS        599 X19  G3P           599 207
QSO:  3542 CW 2021-10-16 2217 DL8MBS        599 X19  DL5NO         599 C13
QSO:  3542 CW 2021-10-16 2218 DL8MBS        599 X19  ES3RF         599 14
QSO:  3542 CW 2021-10-16 2220 DL8MBS        599 X19  DL6AG         599 S44
QSO:  3542 CW 2021-10-16 2221 DL8MBS        599 X19  DL4KWA        599 V07
QSO:  3542 CW 2021-10-16 2222 DL8MBS        599 X19  DM7M          599 S48
QSO:  3542 CW 2021-10-16 2223 DL8MBS        599 X19  SN5J          599 274
QSO:  3542 CW 2021-10-16 2223 DL8MBS        599 X19  OK7T          599 77
QSO:  3542 CW 2021-10-16 2226 DL8MBS        599 X19  DK7HA         599 E02
QSO:  3538 CW 2021-10-16 2227 DL8MBS        599 X19  SC0T          599 140
QSO:  3526 CW 2021-10-16 2232 DL8MBS        599 X19  RM1T          599 297
QSO:  3525 CW 2021-10-16 2233 DL8MBS        599 X19  RT2F          599 61
QSO:  3522 CW 2021-10-16 2235 DL8MBS        599 X19  SE5E          599 109
QSO:  3521 CW 2021-10-16 2236 DL8MBS        599 X19  DL1VDL        599 S06
QSO:  3515 CW 2021-10-16 2239 DL8MBS        599 X19  CR6K          599 363
QSO:  3514 CW 2021-10-16 2240 DL8MBS        599 X19  DL5YM         599 Y21
QSO:  3506 CW 2021-10-16 2242 DL8MBS        599 X19  YL3FT         599 17
QSO:  7009 CW 2021-10-16 2257 DL8MBS        599 X19  SV1BJW/6      599 330
QSO:  7005 CW 2021-10-16 2259 DL8MBS        599 X19  YO4AR         599 256
QSO:  3534 CW 2021-10-16 2302 DL8MBS        599 X19  DL7JAN        599 A02
QSO:  3533 CW 2021-10-16 2303 DL8MBS        599 X19  DL8ULF        599 Y37
QSO:  3532 CW 2021-10-16 2303 DL8MBS        599 X19  DL5YL         599 Y21
QSO:  3531 CW 2021-10-16 2304 DL8MBS        599 X19  DK5WO         599 G01
QSO:  3531 CW 2021-10-16 2305 DL8MBS        599 X19  DF7TV         599 NM
QSO:  3529 CW 2021-10-16 2306 DL8MBS        599 X19  9A1LAF        599 152
QSO:  3527 CW 2021-10-16 2307 DL8MBS        599 X19  OK3EQ         599 71
QSO:  3524 CW 2021-10-16 2308 DL8MBS        599 X19  DL0CK         599 R04
QSO:  3523 CW 2021-10-16 2308 DL8MBS        599 X19  DK3DUA        599 S07
QSO:  3518 CW 2021-10-16 2310 DL8MBS        599 X19  CR3DX         599 1075
QSO:  3516 CW 2021-10-16 2310 DL8MBS        599 X19  DL2LRT        599 S36
QSO:  3508 CW 2021-10-16 2312 DL8MBS        599 X19  DL3AMI        599 X04
QSO:  3547 CW 2021-10-16 2313 DL8MBS        599 X19  DK9OY         599 H32
QSO:  3546 CW 2021-10-16 2314 DL8MBS        599 X19  DL4HRM        599 W35
QSO:  3545 CW 2021-10-16 2316 DL8MBS        599 X19  DL2NBU        599 C12
QSO:  3545 CW 2021-10-16 2316 DL8MBS        599 X19  TM6M          599 440
QSO:  3545 CW 2021-10-16 2317 DL8MBS        599 X19  S57X          599 160
QSO:  3545 CW 2021-10-16 2317 DL8MBS        599 X19  OK1AY         599 102
QSO:  3545 CW 2021-10-16 2318 DL8MBS        599 X19  4O4T          599 520
QSO:  3545 CW 2021-10-16 2318 DL8MBS        599 X19  DF0BV         599 C25
QSO:  3545 CW 2021-10-16 2318 DL8MBS        599 X19  OH1X          599 152
QSO:  3545 CW 2021-10-16 2319 DL8MBS        599 X19  DM7AA         599 S55
QSO:  3545 CW 2021-10-16 2319 DL8MBS        599 X19  DL7ACN        599 A22
QSO:  3541 CW 2021-10-16 2323 DL8MBS        599 X19  DK5KK         599 L05
QSO:  3538 CW 2021-10-16 2324 DL8MBS        599 X19  DL0XM         599 S41
QSO:  3535 CW 2021-10-16 2325 DL8MBS        599 X19  DQ1A          599 L03
QSO:  3533 CW 2021-10-16 2326 DL8MBS        599 X19  DL4HG         599 E38
QSO:  3532 CW 2021-10-16 2327 DL8MBS        599 X19  DL7ANR        599 D06
QSO:  3528 CW 2021-10-16 2328 DL8MBS        599 X19  DA0T          599 E38
QSO:  3528 CW 2021-10-16 2329 DL8MBS        599 X19  OK2SG         599 2
QSO:  3526 CW 2021-10-16 2330 DL8MBS        599 X19  DK7A          599 Q05
QSO:  3524 CW 2021-10-16 2331 DL8MBS        599 X19  DL3RHN        599 V22
QSO:  3515 CW 2021-10-16 2334 DL8MBS        599 X19  DL3DTH        599 S07
QSO:  3509 CW 2021-10-16 2335 DL8MBS        599 X19  DK8ZZ         599 K07
QSO:  3508 CW 2021-10-16 2336 DL8MBS        599 X19  DF0JR         599 JR
QSO:  3506 CW 2021-10-16 2337 DL8MBS        599 X19  DL9ABM        599 H07
QSO:  3531 CW 2021-10-16 2339 DL8MBS        599 X19  HA1DAE        599 187
QSO:  3532 CW 2021-10-16 2339 DL8MBS        599 X19  DJ9DZ         599 N06
QSO:  3544 CW 2021-10-16 2343 DL8MBS        599 X19  DJ1MM         599 C15
QSO:  3544 CW 2021-10-16 2345 DL8MBS        599 X19  DJ3WE         599 C01
QSO:  3544 CW 2021-10-16 2346 DL8MBS        599 X19  DK9PY         599 K04
QSO:  3544 CW 2021-10-16 2346 DL8MBS        599 X19  YO4NF         599 509
QSO:  3544 CW 2021-10-16 2347 DL8MBS        599 X19  DK8NT         599 B27
QSO:  3544 CW 2021-10-16 2348 DL8MBS        599 X19  DL5SDN        599 P15
QSO:  3530 CW 2021-10-17 0443 DL8MBS        599 X19  DD5DD         599 Z90
QSO:  3532 CW 2021-10-17 0452 DL8MBS        599 X19  YT4W          599 859
QSO:  3513 CW 2021-10-17 0458 DL8MBS        599 X19  IT9RZU        599 313
QSO:  7013 CW 2021-10-17 0500 DL8MBS        599 X19  LZ30AM        599 183
QSO:  7009 CW 2021-10-17 0502 DL8MBS        599 X19  VE3NNT        599 382
QSO:  7029 CW 2021-10-17 0507 DL8MBS        599 X19  YO3XX/P       599 154
QSO:  7029 CW 2021-10-17 0508 DL8MBS        599 X19  NN3W          599 1040
QSO:  7029 CW 2021-10-17 0511 DL8MBS        599 X19  UT5UIA        599 82
QSO:  7029 CW 2021-10-17 0513 DL8MBS        599 X19  9A3VM         599 612
QSO:  7023 CW 2021-10-17 0516 DL8MBS        599 X19  EW1M          599 59
QSO:  7021 CW 2021-10-17 0517 DL8MBS        599 X19  EA6NB         599 156
QSO:  3526 CW 2021-10-17 0524 DL8MBS        599 X19  SN6A          599 142
QSO:  3519 CW 2021-10-17 0525 DL8MBS        599 X19  DJ9AO         599 X22
QSO:  3538 CW 2021-10-17 0529 DL8MBS        599 X19  DL6RAI        599 U08
QSO:  3538 CW 2021-10-17 0529 DL8MBS        599 X19  S55AC         599 67
QSO:  3538 CW 2021-10-17 0532 DL8MBS        599 X19  YT1A          599 473
QSO:  3538 CW 2021-10-17 0533 DL8MBS        599 X19  NN3W          599 1056
QSO:  3538 CW 2021-10-17 0535 DL8MBS        599 X19  F4HMX         599 267
QSO:  3538 CW 2021-10-17 0535 DL8MBS        599 X19  OE3KAB        599 105
QSO:  3538 CW 2021-10-17 0535 DL8MBS        599 X19  DA3T          599 S22
QSO:  3538 CW 2021-10-17 0536 DL8MBS        599 X19  DJ7OM         599 K19
QSO:  3533 CW 2021-10-17 0537 DL8MBS        599 X19  PA3ARM        599 101
QSO:  3531 CW 2021-10-17 0538 DL8MBS        599 X19  LA8OM         599 119
QSO:  3526 CW 2021-10-17 0539 DL8MBS        599 X19  DD2AW         599 R01
QSO:  3536 CW 2021-10-17 0543 DL8MBS        599 X19  DD5M          599 C01
QSO:  3535 CW 2021-10-17 0544 DL8MBS        599 X19  DL3KUD        599 V14
QSO:  3535 CW 2021-10-17 0545 DL8MBS        599 X19  F6HJO         599 238
QSO:  3535 CW 2021-10-17 0547 DL8MBS        599 X19  CR3W          599 1464
QSO:  3535 CW 2021-10-17 0547 DL8MBS        599 X19  DF1LON        599 R11
QSO:  3535 CW 2021-10-17 0548 DL8MBS        599 X19  DF4ZL         599 F16
QSO:  3535 CW 2021-10-17 0548 DL8MBS        599 X19  DL2DXA        599 S01
QSO:  7005 CW 2021-10-17 0553 DL8MBS        599 X19  HA2KMR        599 406
QSO:  7035 CW 2021-10-17 0554 DL8MBS        599 X19  YO8DOH        599 307
QSO:  7035 CW 2021-10-17 0556 DL8MBS        599 X19  LZ5R          599 1158
QSO:  7035 CW 2021-10-17 0556 DL8MBS        599 X19  SF5O          599 136
QSO:  7035 CW 2021-10-17 0556 DL8MBS        599 X19  YL7X          599 649
QSO:  7035 CW 2021-10-17 0557 DL8MBS        599 X19  LZ7Y          599 452
QSO:  7035 CW 2021-10-17 0557 DL8MBS        599 X19  LZ1BP         599 382
QSO:  7035 CW 2021-10-17 0558 DL8MBS        599 X19  IT9RZU        599 332
QSO:  7035 CW 2021-10-17 0558 DL8MBS        599 X19  YL3GAZ        599 276
QSO:  7035 CW 2021-10-17 0559 DL8MBS        599 X19  RA3YDA        599 130
QSO:  7035 CW 2021-10-17 0600 DL8MBS        599 X19  UA4S          599 411
QSO:  7035 CW 2021-10-17 0600 DL8MBS        599 X19  LZ9R          599 485
QSO:  7035 CW 2021-10-17 0601 DL8MBS        599 X19  HG6O          599 255
QSO:  7035 CW 2021-10-17 0602 DL8MBS        599 X19  EU8U          599 423
QSO: 14045 CW 2021-10-17 0608 DL8MBS        599 X19  R7MM          599 391
QSO: 14045 CW 2021-10-17 0608 DL8MBS        599 X19  RT2C          599 846
QSO: 14045 CW 2021-10-17 0608 DL8MBS        599 X19  RO7C          599 380
QSO: 14045 CW 2021-10-17 0610 DL8MBS        599 X19  RA3NC         599 234
QSO: 14045 CW 2021-10-17 0610 DL8MBS        599 X19  LZ7Y          599 462
QSO: 14045 CW 2021-10-17 0611 DL8MBS        599 X19  RZ9L          599 127
QSO: 14045 CW 2021-10-17 0612 DL8MBS        599 X19  UA3RBR        599 262
QSO: 14045 CW 2021-10-17 0616 DL8MBS        599 X19  US7IY         599 100
QSO: 14045 CW 2021-10-17 0618 DL8MBS        599 X19  LZ1ND         599 432
QSO: 14045 CW 2021-10-17 0618 DL8MBS        599 X19  UP5B          599 242
QSO: 14045 CW 2021-10-17 0619 DL8MBS        599 X19  EU8U          599 441
QSO: 14045 CW 2021-10-17 0622 DL8MBS        599 X19  EW8DX         599 448
QSO: 14045 CW 2021-10-17 0623 DL8MBS        599 X19  LZ1BP         599 400
QSO: 14039 CW 2021-10-17 0624 DL8MBS        599 X19  UA9FGJ        599 069
QSO: 14038 CW 2021-10-17 0625 DL8MBS        599 X19  R8TA          599 35
QSO: 14017 CW 2021-10-17 0627 DL8MBS        599 X19  UA9MA         599 168
QSO: 14009 CW 2021-10-17 0629 DL8MBS        599 X19  UR7HY         599 301
QSO: 21019 CW 2021-10-17 0631 DL8MBS        599 X19  UG4A          599 118
QSO: 21040 CW 2021-10-17 0737 DL8MBS        599 X19  RN6AT         599 62
QSO: 21040 CW 2021-10-17 0737 DL8MBS        599 X19  UT3QZ         599 200
QSO: 21040 CW 2021-10-17 0737 DL8MBS        599 X19  RL4A          599 667
QSO: 21040 CW 2021-10-17 0739 DL8MBS        599 X19  UA3RBR        599 344
QSO: 21043 CW 2021-10-17 0743 DL8MBS        599 X19  RO7C          599 490
QSO: 21043 CW 2021-10-17 0743 DL8MBS        599 X19  UA4S          599 528
QSO: 21019 CW 2021-10-17 0747 DL8MBS        599 X19  RW0AJ         599 106
QSO: 21025 CW 2021-10-17 0748 DL8MBS        599 X19  R3OM          599 224
QSO: 21029 CW 2021-10-17 0749 DL8MBS        599 X19  UA6YH         599 230
QSO: 21037 CW 2021-10-17 0750 DL8MBS        599 X19  US1IV         599 197
QSO: 14056 CW 2021-10-17 0752 DL8MBS        599 X19  HG8X          599 54
QSO: 14027 CW 2021-10-17 0754 DL8MBS        599 X19  9A3VM         599 725
QSO: 14017 CW 2021-10-17 0757 DL8MBS        599 X19  UT5NR         599 336
QSO: 14010 CW 2021-10-17 0758 DL8MBS        599 X19  LY7W          599 332
QSO: 14055 CW 2021-10-17 0759 DL8MBS        599 X19  EU6RO         599 309
QSO: 14055 CW 2021-10-17 0759 DL8MBS        599 X19  EU5C          599 502
QSO: 14055 CW 2021-10-17 0801 DL8MBS        599 X19  HA3NU         599 355
QSO: 14055 CW 2021-10-17 0803 DL8MBS        599 X19  LY2MM         599 374
QSO: 14055 CW 2021-10-17 0805 DL8MBS        599 X19  9A4LW         599 138
QSO:  7035 CW 2021-10-17 0808 DL8MBS        599 X19  F6AUS         599 176
QSO:  7034 CW 2021-10-17 0808 DL8MBS        599 X19  ON5ZZ         599 39
QSO:  7034 CW 2021-10-17 0809 DL8MBS        599 X19  OZ7BQ/P       599 34
QSO:  7032 CW 2021-10-17 0810 DL8MBS        599 X19  SM5COP        599 19
QSO:  7031 CW 2021-10-17 0810 DL8MBS        599 X19  S57DX         599 334
QSO:  7030 CW 2021-10-17 0811 DL8MBS        599 X19  LX/PA3GRM     599 195
QSO:  7029 CW 2021-10-17 0812 DL8MBS        599 X19  S53V          599 86
QSO:  7028 CW 2021-10-17 0813 DL8MBS        599 X19  PA0MIR        599 171
QSO:  7025 CW 2021-10-17 0813 DL8MBS        599 X19  OE5TXF        599 438
QSO:  7023 CW 2021-10-17 0814 DL8MBS        599 X19  ES2RR         599 2
QSO:  7016 CW 2021-10-17 0817 DL8MBS        599 X19  E7CW          599 720
QSO:  7014 CW 2021-10-17 0818 DL8MBS        599 X19  DL9OE         599 H24
QSO:  7037 CW 2021-10-17 0827 DL8MBS        599 X19  9A3LG         599 35
QSO:  7037 CW 2021-10-17 0828 DL8MBS        599 X19  SP1AEN        599 337
QSO:  7037 CW 2021-10-17 0828 DL8MBS        599 X19  OZ0B          599 466
QSO:  7037 CW 2021-10-17 0828 DL8MBS        599 X19  PA0JLS        599 182
QSO:  7037 CW 2021-10-17 0829 DL8MBS        599 X19  DL1SAN        599 P14
QSO:  7037 CW 2021-10-17 0830 DL8MBS        599 X19  DL3AKM        599 X41
QSO:  7037 CW 2021-10-17 0830 DL8MBS        599 X19  YU3TA         599 219
QSO:  7037 CW 2021-10-17 0830 DL8MBS        599 X19  OE5CYL        599 117
QSO:  7037 CW 2021-10-17 0831 DL8MBS        599 X19  OK2ABU        599 135
QSO:  7037 CW 2021-10-17 0831 DL8MBS        599 X19  DF7TS         599 Z46
QSO:  7037 CW 2021-10-17 0833 DL8MBS        599 X19  DL8WEM        599 P24
QSO:  7037 CW 2021-10-17 0834 DL8MBS        599 X19  DL2ANM        599 X41
QSO: 21009 CW 2021-10-17 0837 DL8MBS        599 X19  YL1ZX         599 53
QSO: 21017 CW 2021-10-17 0838 DL8MBS        599 X19  CR3DX         599 1428
QSO: 21022 CW 2021-10-17 0838 DL8MBS        599 X19  UA6GO         599 399
QSO: 21022 CW 2021-10-17 0840 DL8MBS        599 X19  RC1W          599 383
QSO: 21026 CW 2021-10-17 0841 DL8MBS        599 X19  YL3JA         599 702
QSO: 21034 CW 2021-10-17 0844 DL8MBS        599 X19  SV1JG         599 317
QSO: 21039 CW 2021-10-17 0844 DL8MBS        599 X19  EW1TO         599 16
QSO: 28030 CW 2021-10-17 0853 DL8MBS        599 X19  EU8U          599 708
QSO: 28016 CW 2021-10-17 0857 DL8MBS        599 X19  UA9W          599 594
QSO: 21010 CW 2021-10-17 0901 DL8MBS        599 X19  UW2U          599 501
QSO: 21020 CW 2021-10-17 0903 DL8MBS        599 X19  RZ9L          599 310
QSO: 21046 CW 2021-10-17 0905 DL8MBS        599 X19  UC4P          599 206
QSO: 21049 CW 2021-10-17 0908 DL8MBS        599 X19  OH6LI         599 156
QSO: 21004 CW 2021-10-17 0911 DL8MBS        599 X19  LY6A          599 214
QSO: 21011 CW 2021-10-17 0911 DL8MBS        599 X19  LZ30AM        599 363
QSO: 21023 CW 2021-10-17 0912 DL8MBS        599 X19  DL3AMI        599 X04
QSO: 21045 CW 2021-10-17 0916 DL8MBS        599 X19  RK4PA         599 165
QSO: 28013 CW 2021-10-17 0923 DL8MBS        599 X19  YL7X          599 867
QSO: 28019 CW 2021-10-17 0925 DL8MBS        599 X19  YL3JA         599 784
QSO: 28038 CW 2021-10-17 0929 DL8MBS        599 X19  UR7HY         599 437
QSO: 28018 CW 2021-10-17 0931 DL8MBS        599 X19  DL0MBG        599 X16
QSO: 28032 CW 2021-10-17 0932 DL8MBS        599 X19  UA9CTT        599 203
QSO: 14042 CW 2021-10-17 0939 DL8MBS        599 X19  F5VBU         599 57
QSO: 14035 CW 2021-10-17 0940 DL8MBS        599 X19  CR6K          599 446
QSO: 14015 CW 2021-10-17 0942 DL8MBS        599 X19  SP2R          599 526
QSO: 14012 CW 2021-10-17 0942 DL8MBS        599 X19  LZ5Y          599 477
QSO: 14054 CW 2021-10-17 0944 DL8MBS        599 X19  UZ5P          599 350
QSO: 14052 CW 2021-10-17 0946 DL8MBS        599 X19  SN4D          599 305
QSO: 14052 CW 2021-10-17 0947 DL8MBS        599 X19  UA6CC         599 610
QSO: 28014 CW 2021-10-17 0953 DL8MBS        599 X19  EU5C          599 703
QSO: 28027 CW 2021-10-17 0956 DL8MBS        599 X19  EW8DX         599 700
QSO: 21016 CW 2021-10-17 1000 DL8MBS        599 X19  EA1X          599 435
QSO: 21030 CW 2021-10-17 1002 DL8MBS        599 X19  UA9FGJ        599 146
QSO: 21046 CW 2021-10-17 1007 DL8MBS        599 X19  EU8U          599 889
QSO: 21046 CW 2021-10-17 1009 DL8MBS        599 X19  R0WC          599 253
QSO: 21046 CW 2021-10-17 1011 DL8MBS        599 X19  UV3RT         599 103
QSO: 21046 CW 2021-10-17 1013 DL8MBS        599 X19  R7MM          599 662
QSO: 21046 CW 2021-10-17 1013 DL8MBS        599 X19  RK3P          599 400
QSO: 21046 CW 2021-10-17 1014 DL8MBS        599 X19  SM2M          599 691
QSO: 21046 CW 2021-10-17 1016 DL8MBS        599 X19  YL3FW         599 284
QSO: 21046 CW 2021-10-17 1016 DL8MBS        599 X19  RA3NC         599 398
QSO: 21046 CW 2021-10-17 1017 DL8MBS        599 X19  YP5A          599 401
QSO: 21046 CW 2021-10-17 1019 DL8MBS        599 X19  UR4PWC        599 364
QSO: 21046 CW 2021-10-17 1019 DL8MBS        599 X19  RA3AN         599 345
QSO: 21046 CW 2021-10-17 1020 DL8MBS        599 X19  UN8PT         599 344
QSO: 21023 CW 2021-10-17 1024 DL8MBS        599 X19  UA9MA         599 424
QSO: 21039 CW 2021-10-17 1027 DL8MBS        599 X19  SP4AWE        599 189
QSO: 21047 CW 2021-10-17 1028 DL8MBS        599 X19  R3QA          599 143
QSO: 28014 CW 2021-10-17 1030 DL8MBS        599 X19  DD5DD         599 Z90
QSO: 28019 CW 2021-10-17 1031 DL8MBS        599 X19  YQ6A          599 455
QSO: 28027 CW 2021-10-17 1032 DL8MBS        599 X19  UR4PWC        599 374
QSO: 28012 CW 2021-10-17 1034 DL8MBS        599 X19  LZ9R          599 738
QSO: 14036 CW 2021-10-17 1038 DL8MBS        599 X19  TA3ST         599 147
QSO: 14028 CW 2021-10-17 1040 DL8MBS        599 X19  R9AE          599 87
QSO: 14020 CW 2021-10-17 1041 DL8MBS        599 X19  M3X           599 109
QSO: 14015 CW 2021-10-17 1042 DL8MBS        599 X19  EI8JX         599 199
QSO: 14014 CW 2021-10-17 1043 DL8MBS        599 X19  EW1M          599 161
QSO: 14052 CW 2021-10-17 1045 DL8MBS        599 X19  SN5J          599 562
QSO: 14052 CW 2021-10-17 1046 DL8MBS        599 X19  SN7Q          599 576
QSO:  7028 CW 2021-10-17 1049 DL8MBS        599 X19  YU5R          599 1306
QSO:  7028 CW 2021-10-17 1049 DL8MBS        599 X19  OL4W          599 458
QSO:  7028 CW 2021-10-17 1050 DL8MBS        599 X19  OK3EQ         599 190
QSO:  7028 CW 2021-10-17 1050 DL8MBS        599 X19  DL1YCF        599 K16
QSO:  7028 CW 2021-10-17 1050 DL8MBS        599 X19  PC5C          599 58
QSO:  7028 CW 2021-10-17 1051 DL8MBS        599 X19  OM3CPF        599 421
QSO:  7028 CW 2021-10-17 1051 DL8MBS        599 X19  SM5S          599 82
QSO:  7028 CW 2021-10-17 1051 DL8MBS        599 X19  OZ5UR         599 138
QSO:  7028 CW 2021-10-17 1052 DL8MBS        599 X19  DK1WU         599 G17
QSO:  7025 CW 2021-10-17 1054 DL8MBS        599 X19  OZ2TF         599 192
QSO:  7025 CW 2021-10-17 1055 DL8MBS        599 X19  ON6QS         599 51
QSO:  7018 CW 2021-10-17 1056 DL8MBS        599 X19  DL9SUB        599 V14
QSO:  7016 CW 2021-10-17 1056 DL8MBS        599 X19  DF8AE         599 N01
QSO:  7012 CW 2021-10-17 1057 DL8MBS        599 X19  DJ9SN         599 C01
QSO:  7011 CW 2021-10-17 1059 DL8MBS        599 X19  DJ3WE         599 C01
QSO: 21004 CW 2021-10-17 1108 DL8MBS        599 X19  RT2C          599 1504
QSO: 21005 CW 2021-10-17 1109 DL8MBS        599 X19  UF5A          599 496
QSO: 21011 CW 2021-10-17 1109 DL8MBS        599 X19  UA9W          599 779
QSO: 21017 CW 2021-10-17 1110 DL8MBS        599 X19  CR3W          599 1928
QSO: 21030 CW 2021-10-17 1111 DL8MBS        599 X19  UT3EV         599 364
QSO: 21047 CW 2021-10-17 1116 DL8MBS        599 X19  LZ2PS         599 293
QSO: 21007 CW 2021-10-17 1117 DL8MBS        599 X19  RL4F          599 564
QSO: 21015 CW 2021-10-17 1120 DL8MBS        599 X19  R8TA          599 184
QSO: 21025 CW 2021-10-17 1121 DL8MBS        599 X19  YQ6A          599 544
QSO: 21029 CW 2021-10-17 1123 DL8MBS        599 X19  OM4AZF        599 234
QSO: 14034 CW 2021-10-17 1125 DL8MBS        599 X19  HA2KMR        599 617
QSO: 14044 CW 2021-10-17 1126 DL8MBS        599 X19  EI6KW         599 166
QSO: 14030 CW 2021-10-17 1128 DL8MBS        599 X19  HA1DAE        599 255
QSO: 14024 CW 2021-10-17 1130 DL8MBS        599 X19  UN9LW         599 324
QSO: 14015 CW 2021-10-17 1131 DL8MBS        599 X19  ES4RD         599 820
QSO: 14013 CW 2021-10-17 1132 DL8MBS        599 X19  LY5O          599 199
QSO: 14001 CW 2021-10-17 1133 DL8MBS        599 X19  NN3W          599 1179
QSO: 14051 CW 2021-10-17 1134 DL8MBS        599 X19  HA2EAV        599 17
QSO: 14047 CW 2021-10-17 1157 DL8MBS        599 X19  LY4L          599 1642
QSO: 14047 CW 2021-10-17 1158 DL8MBS        599 X19  RA3YDA        599 210
QSO: 14047 CW 2021-10-17 1159 DL8MBS        599 X19  LY4L          599 1645
QSO: 14047 CW 2021-10-17 1201 DL8MBS        599 X19  G3P           599 404
QSO: 14047 CW 2021-10-17 1202 DL8MBS        599 X19  M3AWD         599 236
QSO: 14047 CW 2021-10-17 1202 DL8MBS        599 X19  IZ8EFD        599 161
QSO: 14047 CW 2021-10-17 1202 DL8MBS        599 X19  M6E           599 482
QSO: 14047 CW 2021-10-17 1203 DL8MBS        599 X19  DQ850DOM      599 850DOM
QSO: 14047 CW 2021-10-17 1204 DL8MBS        599 X19  YL3FW         599 388
QSO: 14047 CW 2021-10-17 1206 DL8MBS        599 X19  N4RV          599 449
QSO: 14041 CW 2021-10-17 1212 DL8MBS        599 X19  DL0LK         599 E03
QSO: 14039 CW 2021-10-17 1213 DL8MBS        599 X19  DL9ZP         599 V14
QSO: 14027 CW 2021-10-17 1216 DL8MBS        599 X19  DL1AQU        599 X36
QSO: 14026 CW 2021-10-17 1217 DL8MBS        599 X19  UW2WU         599 684
QSO: 14025 CW 2021-10-17 1218 DL8MBS        599 X19  EV6Z          599 496
QSO: 14015 CW 2021-10-17 1219 DL8MBS        599 X19  OH5TS         599 326
QSO: 14011 CW 2021-10-17 1220 DL8MBS        599 X19  UT8AS         599 180
QSO: 21004 CW 2021-10-17 1223 DL8MBS        599 X19  AE2W          599 543
QSO: 21024 CW 2021-10-17 1225 DL8MBS        599 X19  LZ1ND         599 863
QSO: 21036 CW 2021-10-17 1228 DL8MBS        599 X19  E7CW          599 930
QSO: 21027 CW 2021-10-17 1232 DL8MBS        599 X19  HG6O          599 431
QSO: 21029 CW 2021-10-17 1235 DL8MBS        599 X19  UA6HFI        599 249
QSO:  7037 CW 2021-10-17 1236 DL8MBS        599 X19  DF5LW         599 M03
QSO:  7034 CW 2021-10-17 1238 DL8MBS        599 X19  SN5J          599 658
QSO:  7034 CW 2021-10-17 1238 DL8MBS        599 X19  F6HJO         599 415
QSO:  7034 CW 2021-10-17 1239 DL8MBS        599 X19  DM6EE         599 S24
QSO:  7034 CW 2021-10-17 1241 DL8MBS        599 X19  G3OKA         599 26
QSO:  7034 CW 2021-10-17 1241 DL8MBS        599 X19  SN1T          599 768
QSO:  7034 CW 2021-10-17 1242 DL8MBS        599 X19  OK1KTI        599 287
QSO:  7034 CW 2021-10-17 1243 DL8MBS        599 X19  YO5ODT        599 151
QSO:  7034 CW 2021-10-17 1244 DL8MBS        599 X19  OL3E          599 23
QSO:  7034 CW 2021-10-17 1244 DL8MBS        599 X19  DM5MA         599 H32
QSO:  7034 CW 2021-10-17 1245 DL8MBS        599 X19  SO3O          599 479
QSO:  7034 CW 2021-10-17 1246 DL8MBS        599 X19  OK5SA         599 115
QSO:  7034 CW 2021-10-17 1246 DL8MBS        599 X19  DL4FN         599 F35
QSO:  7034 CW 2021-10-17 1247 DL8MBS        599 X19  OL3W          599 187
QSO:  7034 CW 2021-10-17 1247 DL8MBS        599 X19  PG2AA         599 85
QSO:  7034 CW 2021-10-17 1248 DL8MBS        599 X19  DL1ONI        599 T08
QSO:  7034 CW 2021-10-17 1249 DL8MBS        599 X19  DM7AA         599 S55
QSO:  7034 CW 2021-10-17 1249 DL8MBS        599 X19  DL8DUL        599 S02
QSO:  7034 CW 2021-10-17 1250 DL8MBS        599 X19  HA4FY         599 121
QSO:  7034 CW 2021-10-17 1250 DL8MBS        599 X19  IK2NUX        599 23
QSO:  7034 CW 2021-10-17 1251 DL8MBS        599 X19  DL8HK         599 Q11
QSO:  7034 CW 2021-10-17 1252 DL8MBS        599 X19  S57X          599 242
QSO:  7034 CW 2021-10-17 1253 DL8MBS        599 X19  HA8TP         599 246
QSO: 14054 CW 2021-10-17 1256 DL8MBS        599 X19  YO4NF         599 1035
QSO: 14054 CW 2021-10-17 1257 DL8MBS        599 X19  OH1X          599 436
QSO: 14045 CW 2021-10-17 1258 DL8MBS        599 X19  YO9GR         599 84
QSO: 14044 CW 2021-10-17 1259 DL8MBS        599 X19  HA7RY         599 652
QSO: 14039 CW 2021-10-17 1300 DL8MBS        599 X19  EW1NY         599 315
QSO: 14024 CW 2021-10-17 1302 DL8MBS        599 X19  SC0T          599 293
QSO: 14020 CW 2021-10-17 1303 DL8MBS        599 X19  YO3XX/P       599 365
QSO: 14017 CW 2021-10-17 1304 DL8MBS        599 X19  EW1TZ         599 361
QSO: 14016 CW 2021-10-17 1305 DL8MBS        599 X19  YT4W          599 1412
QSO: 14016 CW 2021-10-17 1305 DL8MBS        599 X19  YT1A          599 836
QSO: 21002 CW 2021-10-17 1307 DL8MBS        599 X19  K5ZD          599 174
QSO: 21033 CW 2021-10-17 1311 DL8MBS        599 X19  R3CW          599 177
QSO:  7033 CW 2021-10-17 1313 DL8MBS        599 X19  DL3NEY        599 B36
QSO:  7031 CW 2021-10-17 1314 DL8MBS        599 X19  SM0Q          599 305
QSO:  7027 CW 2021-10-17 1315 DL8MBS        599 X19  SD1A          599 200
QSO:  7024 CW 2021-10-17 1316 DL8MBS        599 X19  9A3SM         599 887
QSO:  7022 CW 2021-10-17 1317 DL8MBS        599 X19  DL1NEO        599 B36
QSO:  7021 CW 2021-10-17 1317 DL8MBS        599 X19  4U1A          599 180
QSO:  7021 CW 2021-10-17 1318 DL8MBS        599 X19  DM4MN         599 R03
QSO:  7018 CW 2021-10-17 1319 DL8MBS        599 X19  DK3W          599 F73
QSO:  7017 CW 2021-10-17 1321 DL8MBS        599 X19  DK2FG         599 N05
QSO:  7017 CW 2021-10-17 1321 DL8MBS        599 X19  DL6UKL        599 Z86
QSO:  7017 CW 2021-10-17 1322 DL8MBS        599 X19  M0TDW         599 145
QSO:  7017 CW 2021-10-17 1322 DL8MBS        599 X19  DF1OE         599 H48
QSO:  7017 CW 2021-10-17 1323 DL8MBS        599 X19  OM3ZU         599 12
QSO:  7016 CW 2021-10-17 1325 DL8MBS        599 X19  DL1NKS        599 B24
QSO:  7011 CW 2021-10-17 1326 DL8MBS        599 X19  DF4ZL         599 F16
QSO:  7010 CW 2021-10-17 1327 DL8MBS        599 X19  DL2LRT        599 S36
QSO:  7007 CW 2021-10-17 1328 DL8MBS        599 X19  DL4DZ         599 O04
QSO:  7037 CW 2021-10-17 1330 DL8MBS        599 X19  DA3T          599 S22
QSO:  7037 CW 2021-10-17 1331 DL8MBS        599 X19  DF1PY         599 K01
QSO:  7036 CW 2021-10-17 1331 DL8MBS        599 X19  DL4HG         599 E38
QSO:  7034 CW 2021-10-17 1331 DL8MBS        599 X19  DL1OJ         599 N01
QSO:  7031 CW 2021-10-17 1332 DL8MBS        599 X19  DL7ANR        599 D06
QSO: 14057 CW 2021-10-17 1336 DL8MBS        599 X19  LX5MF         599 149
QSO: 14051 CW 2021-10-17 1338 DL8MBS        599 X19  Z33B          599 319
QSO: 14046 CW 2021-10-17 1340 DL8MBS        599 X19  RK4PA         599 304
QSO: 14040 CW 2021-10-17 1341 DL8MBS        599 X19  R3OM          599 381
QSO: 14037 CW 2021-10-17 1342 DL8MBS        599 X19  SV9RNG        599 459
QSO: 14036 CW 2021-10-17 1343 DL8MBS        599 X19  LZ2UW         599 26
QSO: 14027 CW 2021-10-17 1345 DL8MBS        599 X19  CR3DX         599 1960
QSO: 14012 CW 2021-10-17 1349 DL8MBS        599 X19  EA1IQ         599 191
QSO: 14054 CW 2021-10-17 1350 DL8MBS        599 X19  HG8A          599 1449
QSO: 14054 CW 2021-10-17 1350 DL8MBS        599 X19  R3QA          599 345
QSO: 14054 CW 2021-10-17 1351 DL8MBS        599 X19  OF5ZA         599 288
QSO: 14054 CW 2021-10-17 1352 DL8MBS        599 X19  G4EBK         599 279
QSO: 14054 CW 2021-10-17 1352 DL8MBS        599 X19  RA9AP         599 645
QSO: 14054 CW 2021-10-17 1354 DL8MBS        599 X19  YP5A          599 615
QSO: 14054 CW 2021-10-17 1356 DL8MBS        599 X19  OP5T          599 344
QSO: 14054 CW 2021-10-17 1358 DL8MBS        599 X19  UA6GO         599 831
QSO: 14054 CW 2021-10-17 1358 DL8MBS        599 X19  UA3YDI        599 91
QSO: 14054 CW 2021-10-17 1358 DL8MBS        599 X19  CT9ABV        599 45
QSO: 14054 CW 2021-10-17 1359 DL8MBS        599 X19  AE2W          599 658
QSO: 14054 CW 2021-10-17 1359 DL8MBS        599 X19  SF6W          599 364
QSO: 14054 CW 2021-10-17 1401 DL8MBS        599 X19  HG4I          599 973
QSO: 14054 CW 2021-10-17 1401 DL8MBS        599 X19  YL3FT         599 303
QSO: 21014 CW 2021-10-17 1407 DL8MBS        599 X19  M0BEW         599 891
QSO: 21037 CW 2021-10-17 1409 DL8MBS        599 X19  US3EO         599 217
QSO: 21029 CW 2021-10-17 1415 DL8MBS        599 X19  OY1CT         599 625
QSO: 21018 CW 2021-10-17 1419 DL8MBS        599 X19  VA1RST        599 470
QSO:  7035 CW 2021-10-17 1423 DL8MBS        599 X19  YL3FT         599 333
QSO:  7035 CW 2021-10-17 1423 DL8MBS        599 X19  DL1AKP        599 X19
QSO:  7035 CW 2021-10-17 1424 DL8MBS        599 X19  UF5A          599 605
QSO:  7035 CW 2021-10-17 1424 DL8MBS        599 X19  SN4D          599 441
QSO:  7035 CW 2021-10-17 1424 DL8MBS        599 X19  SP2R          599 739
QSO:  7035 CW 2021-10-17 1425 DL8MBS        599 X19  DL2SWR        599 V13
QSO:  7035 CW 2021-10-17 1425 DL8MBS        599 X19  DH1AHL        599 C12
QSO:  7035 CW 2021-10-17 1426 DL8MBS        599 X19  DK1X          599 F35
QSO:  7035 CW 2021-10-17 1426 DL8MBS        599 X19  IW3HXR        599 32
QSO:  7035 CW 2021-10-17 1427 DL8MBS        599 X19  YP5A          599 645
QSO:  7035 CW 2021-10-17 1427 DL8MBS        599 X19  OK1FCA        599 188
QSO:  7035 CW 2021-10-17 1428 DL8MBS        599 X19  DK0RPO        599 50K26
QSO:  7035 CW 2021-10-17 1429 DL8MBS        599 X19  YU7KW         599 392
QSO:  7035 CW 2021-10-17 1430 DL8MBS        599 X19  DL9OZ         599 P03
QSO:  7035 CW 2021-10-17 1431 DL8MBS        599 X19  OK2SGY        599 243
QSO:  7035 CW 2021-10-17 1431 DL8MBS        599 X19  OZ1AAR        599 343
QSO:  7035 CW 2021-10-17 1432 DL8MBS        599 X19  SP3CYY        599 188
QSO:  7035 CW 2021-10-17 1432 DL8MBS        599 X19  DL7YS         599 D06
QSO:  7035 CW 2021-10-17 1433 DL8MBS        599 X19  OL8M          599 424
QSO:  7035 CW 2021-10-17 1433 DL8MBS        599 X19  YT1Q          599 213
QSO:  7035 CW 2021-10-17 1434 DL8MBS        599 X19  OK2GU         599 163
QSO:  7035 CW 2021-10-17 1434 DL8MBS        599 X19  OM7AT         599 120
QSO:  7035 CW 2021-10-17 1437 DL8MBS        599 X19  SP4AWG        599 264
QSO:  7035 CW 2021-10-17 1437 DL8MBS        599 X19  G3HVK         599 170
QSO:  7035 CW 2021-10-17 1438 DL8MBS        599 X19  SP1NY         599 580
QSO:  7035 CW 2021-10-17 1438 DL8MBS        599 X19  E77C          599 101
QSO:  7035 CW 2021-10-17 1439 DL8MBS        599 X19  OK2MBP        599 706
QSO:  7035 CW 2021-10-17 1440 DL8MBS        599 X19  OK1SI         599 88
QSO:  7035 CW 2021-10-17 1441 DL8MBS        599 X19  SP9BCH        599 255
QSO: 14022 CW 2021-10-17 1442 DL8MBS        599 X19  YO3LW         599 289
QSO: 14006 CW 2021-10-17 1444 DL8MBS        599 X19  TM6M          599 1001
QSO: 14047 CW 2021-10-17 1450 DL8MBS        599 X19  E74O          599 704
QSO: 14047 CW 2021-10-17 1450 DL8MBS        599 X19  YU1KT         599 235
QSO: 14047 CW 2021-10-17 1451 DL8MBS        599 X19  HA8EN         599 122
QSO: 21007 CW 2021-10-17 1453 DL8MBS        599 X19  VE3VN         599 427
END-OF-LOG:
