START-OF-LOG: 3.0
CREATED-BY: reconstructed-log-builder
CONTEST: ARRL-10
CALLSIGN: WB9CTP
LOCATION: 
CATEGORY: CHECKLOG
CATEGORY-OPERATOR: SINGLE-OP
CATEGORY-BAND: ALL
CATEGORY-MODE: MIXED
CATEGORY-POWER: UNKNOWN
CATEGORY-ASSISTED: NON-ASSISTED
CATEGORY-TRANSMITTER: ONE
CATEGORY-STATION: UNKNOWN
CATEGORY-OVERLAY: 
OPERATORS: WB9CTP
CLAIMED-SCORE: 
CLUB: 
NAME: 
SOAPBOX: RECONSTRUCTED MOCKUP LOG - NOT AN OFFICIAL SUBMISSION.
SOAPBOX: Derived from submitted logs for ARRL-10 ARRL/arrl_10_meter_contest/2025.
QSO: 28315 PH 2025-12-13 1828 WB9CTP        59 IL NX6T          59 CA
QSO: 28318 PH 2025-12-13 1828 WB9CTP        59 IL K1MZ          59 ID
QSO: 28321 PH 2025-12-13 1829 WB9CTP        59 IL K7RI          59 WA
QSO: 28327 PH 2025-12-13 1833 WB9CTP        59 IL D4C           59 1956
QSO: 28330 PH 2025-12-13 1834 WB9CTP        59 IL PY6HD         59 346
QSO: 28334 PH 2025-12-13 1835 WB9CTP        59 IL KE8FT         59 CA
QSO: 28000 PH 2025-12-13 1837 WB9CTP        59 IL W6AFA         59 CA
QSO: 28362 PH 2025-12-13 1841 WB9CTP        59 IL K7WXB         59 UT
QSO: 28407 PH 2025-12-13 1842 WB9CTP        59 IL KK6PXT        59 CA
QSO: 28412 PH 2025-12-13 1844 WB9CTP        59 IL NR6Q          59 CA
QSO: 28425 PH 2025-12-13 1844 WB9CTP        59 IL K3EST         59 CA
QSO: 28428 PH 2025-12-13 1846 WB9CTP        59 IL 4M5A          59 468
QSO: 28437 PH 2025-12-13 1847 WB9CTP        59 IL NT6X          59 CA
QSO: 28472 PH 2025-12-13 1852 WB9CTP        59 IL VY2OM         59 PE
QSO: 28000 PH 2025-12-13 1853 WB9CTP        59 IL W7BJN         59 WA
QSO: 28477 PH 2025-12-13 1853 WB9CTP        59 IL K7RL          59 WA
QSO: 28494 PH 2025-12-13 1855 WB9CTP        59 IL NO5Z          59 NM
QSO: 28505 PH 2025-12-13 1856 WB9CTP        59 IL VA6SZ         59 AB
QSO: 28540 PH 2025-12-13 1857 WB9CTP        59 IL N2IC          59 NM
QSO: 28547 PH 2025-12-13 1857 WB9CTP        59 IL K0IP          59 ID
END-OF-LOG:
