START-OF-LOG: 3.0
CREATED-BY: reconstructed-log-builder
CONTEST: CQ-WPX-CW
CALLSIGN: W9BGJ
LOCATION: 
CATEGORY: CHECKLOG
CATEGORY-OPERATOR: SINGLE-OP
CATEGORY-BAND: ALL
CATEGORY-MODE: MIXED
CATEGORY-POWER: UNKNOWN
CATEGORY-ASSISTED: NON-ASSISTED
CATEGORY-TRANSMITTER: ONE
CATEGORY-STATION: UNKNOWN
CATEGORY-OVERLAY: 
OPERATORS: W9BGJ
CLAIMED-SCORE: 
CLUB: 
NAME: 
SOAPBOX: RECONSTRUCTED MOCKUP LOG - NOT AN OFFICIAL SUBMISSION.
SOAPBOX: Derived from submitted logs for CQ-WPX-CW CQWPX/cw/2012.
QSO: 14023 CW 2012-05-26 0518 W9BGJ         599 001 OL4A          599 0262
QSO: 14015 CW 2012-05-26 0535 W9BGJ         599 0002 HG7T          599 0158
QSO: 14016 CW 2012-05-26 0600 W9BGJ         599 0003 SW8A          599 0575
QSO: 14001 CW 2012-05-26 0608 W9BGJ         599 004 YT2R          599 0548
QSO: 14011 CW 2012-05-26 0617 W9BGJ         599 006 DL1DVE        599 0236
QSO: 28000 CW 2012-05-26 1738 W9BGJ         599 10 P49Y          599 1656
QSO: 28036 CW 2012-05-26 1748 W9BGJ         599 0011 P40H          599 1627
QSO: 28013 CW 2012-05-26 2146 W9BGJ         599 0012 HK1NA         599 0998
QSO: 14000 CW 2012-05-27 0126 W9BGJ         599 012 YT1A          599 1122
QSO: 14010 CW 2012-05-27 0130 W9BGJ         599 013 DR1D          599 1518
QSO: 14000 CW 2012-05-27 0142 W9BGJ         599 15 HD2A          599 1830
QSO: 14012 CW 2012-05-27 0207 W9BGJ         599 0016 EO3Q          599 1762
QSO: 14013 CW 2012-05-27 0218 W9BGJ         599 0018 PW7T          599 1023
QSO: 14017 CW 2012-05-27 0219 W9BGJ         599 019 DA2C          599 1885
QSO: 14015 CW 2012-05-27 0223 W9BGJ         599 020 SO2R          599 1685
QSO: 14030 CW 2012-05-27 0237 W9BGJ         599 023 LZ7S          599 1114
QSO: 14018 CW 2012-05-27 0243 W9BGJ         599 0024 YL2KO         599 1804
QSO: 14038 CW 2012-05-27 0247 W9BGJ         599 025 OL4A          599 1349
QSO: 14034 CW 2012-05-27 0249 W9BGJ         599 026 EF8M          599 2991
QSO: 14019 CW 2012-05-27 0252 W9BGJ         599 027 ED1R          599 1532
QSO: 14000 CW 2012-05-27 0253 W9BGJ         599 0028 PW7T          599 1068
QSO: 14029 CW 2012-05-27 0300 W9BGJ         599 028 9A1A          599 1848
QSO: 14045 CW 2012-05-27 0302 W9BGJ         599 029 F5IN          599 1111
QSO: 14042 CW 2012-05-27 0304 W9BGJ         599 0030 S51F          599 1123
QSO: 14037 CW 2012-05-27 0310 W9BGJ         599 031 GM0F          599 2497
QSO: 14002 CW 2012-05-27 0315 W9BGJ         599 032 4O3A          599 2492
QSO: 14036 CW 2012-05-27 0325 W9BGJ         599 0032 OG73X         599 1591
QSO: 14048 CW 2012-05-27 0327 W9BGJ         599 032 SP5GRM        599 1007
QSO: 14026 CW 2012-05-27 0339 W9BGJ         599 033 OM7M          599 2590
QSO: 14000 CW 2012-05-27 0345 W9BGJ         599 034 Z39A          599 0152
QSO: 14039 CW 2012-05-27 0350 W9BGJ         599 034 HA8JV         599 1526
QSO: 14001 CW 2012-05-27 0356 W9BGJ         599 026 NY6N          599 2084
QSO: 14056 CW 2012-05-27 0504 W9BGJ         599 39 TC2X          599 2233
QSO: 14022 CW 2012-05-27 0509 W9BGJ         599 39 6V7S          599 2352
QSO: 14014 CW 2012-05-27 0624 W9BGJ         599 039 CQ3B          599 3327
QSO: 14000 CW 2012-05-27 0636 W9BGJ         599 0040 TX8CW         599 1077
QSO:  7021 CW 2012-05-27 0641 W9BGJ         599 0040 PZ5P          599 2263
QSO:  7018 CW 2012-05-27 0644 W9BGJ         599 0043 NR4M          599 1184
QSO: 14008 CW 2012-05-27 0652 W9BGJ         599 044 KL7RA         599 1795
QSO: 14056 CW 2012-05-27 0711 W9BGJ         599 0044 V51YJ         599 0425
QSO:  7016 CW 2012-05-27 0716 W9BGJ         599 047 FM5CD         599 1875
END-OF-LOG:
