START-OF-LOG: 3.0
CREATED-BY: vhfmanager-downloader
CONTEST: ZRS septembrsko UKV tekmovanje - Official results - VHFManager
CALLSIGN: DK2DTF
CATEGORY: 145 MHz - checklog
CATEGORY-OPERATOR: SINGLE-OP
CATEGORY-ASSISTED: NON-ASSISTED
CATEGORY-TRANSMITTER: ONE
CATEGORY-STATION: FIXED
QSO: 144300 PH 2019-09-07 1402 DK2DTF        59  1 JN49IU   DL3NDD        59  2 JN49OV  
QSO: 144300 PH 2019-09-07 1402 DK2DTF        59  2 JN49IU   DJ0WW         59  3 JO40CF  
QSO: 144300 PH 2019-09-07 1404 DK2DTF        59  3 JN49IU   DH9FAW        59  1 JN49HV  
QSO: 144300 PH 2019-09-07 1405 DK2DTF        59  4 JN49IU   DL0NF         59  2 JN59PL  
QSO: 144300 PH 2019-09-07 1410 DK2DTF        59  5 JN49IU   OK6M          59  22 JO80OB 
QSO: 144300 PH 2019-09-07 1412 DK2DTF        59  6 JN49IU   OK4C          59  26 JN79BU 
QSO: 144300 PH 2019-09-07 1412 DK2DTF        59  7 JN49IU   OK6R          59  7 JN79OW  
QSO: 144300 PH 2019-09-07 1414 DK2DTF        59  8 JN49IU   SN7L          59  36 JO70UR 
QSO: 144300 PH 2019-09-07 1415 DK2DTF        59  9 JN49IU   OE5NNN/P      59  11 JN77DX 
QSO: 144300 PH 2019-09-07 1416 DK2DTF        59  10 JN49IU  DR5T          59  22 JN47KW 
QSO: 144300 PH 2019-09-07 1417 DK2DTF        59  11 JN49IU  OL1C          59  23 JO60UQ 
QSO: 144300 PH 2019-09-07 1418 DK2DTF        59  12 JN49IU  DP7X          59  23 JN48IX 
QSO: 144300 PH 2019-09-07 1420 DK2DTF        59  13 JN49IU  DK0NA         59  26 JO50TI 
QSO: 144300 PH 2019-09-07 1421 DK2DTF        59  14 JN49IU  OL7C          59  33 JO60JJ 
QSO: 144300 PH 2019-09-07 1428 DK2DTF        59  15 JN49IU  OK1TEH        59  43 JO70FD 
QSO: 144300 PH 2019-09-07 1430 DK2DTF        59  16 JN49IU  DF2SS/P       59  17 JN39VG 
QSO: 144300 PH 2019-09-07 1431 DK2DTF        59  17 JN49IU  DA0FF         59  78 JO40XL 
QSO: 144300 PH 2019-09-07 1432 DK2DTF        59  18 JN49IU  DL9WO         59  6 JO40GF  
QSO: 144300 PH 2019-09-07 1435 DK2DTF        59  19 JN49IU  DF0MOF        59  9 JN58TD  
QSO: 144300 PH 2019-09-07 1436 DK2DTF        59  20 JN49IU  DF4T          59  40 JN39NR 
QSO: 144300 PH 2019-09-07 1437 DK2DTF        59  21 JN49IU  DK0BN         59  45 JN39VV 
QSO: 144300 PH 2019-09-07 1439 DK2DTF        59  22 JN49IU  OL3Y          59  42 JN69JJ 
QSO: 144300 PH 2019-09-07 1441 DK2DTF        59  23 JN49IU  DL7AFB        59  35 JO62JA 
QSO: 144300 PH 2019-09-07 1442 DK2DTF        59  24 JN49IU  DL0EE         59  17 JN49GK 
QSO: 144300 PH 2019-09-07 1446 DK2DTF        59  25 JN49IU  DG8NCO        59  38 JO50VH 
QSO: 144300 PH 2019-09-07 1449 DK2DTF        59  26 JN49IU  DL1SR         59  14 JN39PJ 
QSO: 144300 PH 2019-09-07 1453 DK2DTF        59  27 JN49IU  OK2EZ         59  50 JN99BS 
QSO: 144300 PH 2019-09-07 1455 DK2DTF        59  28 JN49IU  OK1KCR        59  73 JN79VS 
QSO: 144300 PH 2019-09-07 1457 DK2DTF        59  29 JN49IU  OK1KQH        59  61 JN79GO 
QSO: 144300 PH 2019-09-07 1458 DK2DTF        59  30 JN49IU  OK7O          59  80 JN69OU 
QSO: 144300 PH 2019-09-07 1502 DK2DTF        59  31 JN49IU  SP9KDA        59  70 JO90PP 
QSO: 144300 PH 2019-09-07 1505 DK2DTF        59  32 JN49IU  OK2C          59  86 JN99AJ 
QSO: 144300 PH 2019-09-07 1507 DK2DTF        59  33 JN49IU  DL6NDW        59  28 JN58MD 
QSO: 144300 PH 2019-09-07 1509 DK2DTF        59  34 JN49IU  OM3TZZ        59  80 JN88NG 
QSO: 144300 PH 2019-09-07 1513 DK2DTF        59  35 JN49IU  OK1DT         59  57 JN69XJ 
QSO: 144300 PH 2019-09-07 1517 DK2DTF        59  36 JN49IU  OM3KII        59  137 JN88UU
QSO: 144300 PH 2019-09-07 1525 DK2DTF        59  37 JN49IU  OM6A          59  117 JN99JC
QSO: 144300 PH 2019-09-07 1529 DK2DTF        59  38 JN49IU  SQ6POM        59  31 JO71VQ 
QSO: 144300 PH 2019-09-07 1536 DK2DTF        59  39 JN49IU  OR6T          59  115 JO20KV
QSO: 144300 PH 2019-09-07 1538 DK2DTF        59  40 JN49IU  PC5T          59  70 JO23KE 
QSO: 144300 PH 2019-09-07 1540 DK2DTF        59  41 JN49IU  F8GKU         59  127 JN19BQ
QSO: 144300 PH 2019-09-07 1542 DK2DTF        59  42 JN49IU  DK8R          59  41 JN39JF 
QSO: 144300 PH 2019-09-07 1543 DK2DTF        59  43 JN49IU  DH1WM         59  25 JN49CD 
QSO: 144300 PH 2019-09-07 1549 DK2DTF        59  44 JN49IU  DD7PA         59  66 JN49LM 
QSO: 144300 PH 2019-09-07 1551 DK2DTF        59  45 JN49IU  DK9VW         59  15 JN39RI 
QSO: 144300 PH 2019-09-07 1553 DK2DTF        59  46 JN49IU  F5OOM/P       59  24 JN28VP 
QSO: 144300 PH 2019-09-07 1554 DK2DTF        59  47 JN49IU  DL0FC         59  29 JO40PG 
QSO: 144300 PH 2019-09-07 1556 DK2DTF        59  48 JN49IU  G8P           59  203 JO01QD
QSO: 144300 PH 2019-09-07 1557 DK2DTF        59  49 JN49IU  DL0GTH        59  215 JO50JP
QSO: 144300 PH 2019-09-07 1559 DK2DTF        59  50 JN49IU  F8KID         59  133 JN38AT
QSO: 144300 PH 2019-09-07 1601 DK2DTF        59  51 JN49IU  F6KFH         59  112 JN39OC
QSO: 144300 PH 2019-09-07 1604 DK2DTF        59  52 JN49IU  F8EMH         59  51 JN29VL 
QSO: 144300 PH 2019-09-07 1607 DK2DTF        59  53 JN49IU  PA0WMX        59  94 JO21XI 
QSO: 144300 PH 2019-09-07 1610 DK2DTF        59  54 JN49IU  DK1KC/P       55  87 JN58QH 
QSO: 144300 PH 2019-09-07 1615 DK2DTF        59  55 JN49IU  HB9FAP        59  152 JN47PH
QSO: 144300 PH 2019-09-07 1622 DK2DTF        59  56 JN49IU  TM2A          59  143 JN29PD
QSO: 144300 PH 2019-09-07 1625 DK2DTF        59  57 JN49IU  DJ6XH         59  74 JN57MP 
QSO: 144300 PH 2019-09-07 1629 DK2DTF        59  58 JN49IU  DH2PAF        59  17 JO40HF 
QSO: 144300 PH 2019-09-07 1630 DK2DTF        59  59 JN49IU  DO2STA        59  5 JO40OF  
QSO: 144300 PH 2019-09-07 1632 DK2DTF        59  60 JN49IU  OK1KTW        59  99 JN89IW 
QSO: 144300 PH 2019-09-07 1633 DK2DTF        59  61 JN49IU  OK2R          59  94 JN89JM 
QSO: 144300 PH 2019-09-07 1635 DK2DTF        59  62 JN49IU  OK2VLT        59  73 JN99CS 
QSO: 144300 PH 2019-09-07 1637 DK2DTF        59  63 JN49IU  OK1MWW        59  54 JN89DW 
QSO: 144300 PH 2019-09-07 1638 DK2DTF        59  64 JN49IU  DG8NCY        59  43 JO50HA 
QSO: 144300 PH 2019-09-07 1639 DK2DTF        59  65 JN49IU  DK1MF         59  10 JN39PJ 
QSO: 144300 PH 2019-09-07 1643 DK2DTF        59  66 JN49IU  OK2GD         59  56 JN79PJ 
QSO: 144300 PH 2019-09-07 1644 DK2DTF        59  67 JN49IU  OK2KEA        59  111 JN89EJ
QSO: 144300 PH 2019-09-07 1645 DK2DTF        59  68 JN49IU  OK2PWY        59  73 JN89KW 
QSO: 144300 PH 2019-09-07 1646 DK2DTF        59  69 JN49IU  OK2OAS        59  66 JN89DO 
QSO: 144300 PH 2019-09-07 1649 DK2DTF        59  70 JN49IU  OP5Y/P        59  135 JO20SS
QSO: 144300 PH 2019-09-07 1652 DK2DTF        59  71 JN49IU  DR2L          59  77 JO41PW 
QSO: 144300 PH 2019-09-07 1654 DK2DTF        59  72 JN49IU  DO4RPF        59  10 JO43UJ 
QSO: 144300 PH 2019-09-07 1656 DK2DTF        59  73 JN49IU  DG0AG         59  39 JO50TX 
QSO: 144300 PH 2019-09-07 1701 DK2DTF        59  74 JN49IU  OE2SCM        59  16 JN67OV 
QSO: 144300 PH 2019-09-07 1702 DK2DTF        59  75 JN49IU  OK1OPT        59  35 JN69NX 
QSO: 144300 PH 2019-09-07 1702 DK2DTF        59  76 JN49IU  OL2J          59  96 JN79TI 
QSO: 144300 PH 2019-09-07 1706 DK2DTF        59  77 JN49IU  DL0WW         59  42 JN49FO 
QSO: 144300 PH 2019-09-07 1709 DK2DTF        59  78 JN49IU  OM2Y          59  249 JN88RS
QSO: 144300 PH 2019-09-07 1711 DK2DTF        59  79 JN49IU  DL0GM         59  109 JO31UB
QSO: 144300 PH 2019-09-07 1713 DK2DTF        59  80 JN49IU  OM3KTR        59  101 JN88VL
QSO: 144300 PH 2019-09-07 1713 DK2DTF        59  81 JN49IU  OK1PGS        59  61 JN69RS 
QSO: 144300 PH 2019-09-07 1716 DK2DTF        59  82 JN49IU  OE5D          59  99 JN68PC 
QSO: 144300 PH 2019-09-07 1719 DK2DTF        59  83 JN49IU  OM8A          59  223 JN87WV
QSO: 144100 CW 2019-09-07 1751 DK2DTF        559 84 JN49IU  OK1MDK        559 29 JN79TO 
QSO: 144300 PH 2019-09-07 1755 DK2DTF        59  85 JN49IU  G0VHF/P       57  172 JO01PU
QSO: 144300 PH 2019-09-07 1758 DK2DTF        59  86 JN49IU  DJ2IE         59  59 JN48HV 
QSO: 144300 PH 2019-09-07 1806 DK2DTF        59  87 JN49IU  DG1KM         59  44 JN39VG 
QSO: 144300 PH 2019-09-07 1809 DK2DTF        59  88 JN49IU  DF0XG         59  143 JO51KW
QSO: 144300 PH 2019-09-07 1810 DK2DTF        59  89 JN49IU  DF0WF         59  97 JO62XR 
QSO: 144300 PH 2019-09-07 1813 DK2DTF        59  90 JN49IU  DL0WAE        59  203 JO42EA
QSO: 144300 PH 2019-09-07 1814 DK2DTF        59  91 JN49IU  DM3D          59  57 JO62IH 
QSO: 144300 PH 2019-09-07 1831 DK2DTF        59  92 JN49IU  IQ5NN         59  313 JN63GN
QSO: 144300 PH 2019-09-07 1837 DK2DTF        59  93 JN49IU  IK3UNA/1      59  201 JN44OR
QSO: 144300 PH 2019-09-07 1838 DK2DTF        59  94 JN49IU  IO2V          59  317 JN56WK
QSO: 144300 PH 2019-09-07 1843 DK2DTF        59  95 JN49IU  OE1W          59  316 JN77TX
QSO: 144300 PH 2019-09-07 1845 DK2DTF        59  96 JN49IU  5P5T          59  285 JO64GX
QSO: 144300 PH 2019-09-07 1848 DK2DTF        59  97 JN49IU  S50C          59  364 JN76JG
QSO: 144300 PH 2019-09-07 1856 DK2DTF        59  98 JN49IU  DL0AC         59  159 JO30EJ
QSO: 144300 PH 2019-09-07 1856 DK2DTF        59  99 JN49IU  G8T           57  289 JO01KJ
QSO: 144300 PH 2019-09-07 1902 DK2DTF        59  100 JN49IU OL3Z          59  297 JN79FX
QSO: 144300 PH 2019-09-07 1908 DK2DTF        59  101 JN49IU IU4CHE        59  74 JN64GB 
QSO: 144300 PH 2019-09-07 1910 DK2DTF        59  102 JN49IU PA5KM         59  76 JO11WM 
QSO: 144300 PH 2019-09-07 1912 DK2DTF        59  103 JN49IU DL0RD/P       59  55 JO31LI 
QSO: 144300 PH 2019-09-07 1915 DK2DTF        59  104 JN49IU F1LPV/P       59  106 JN19VE
QSO: 144300 PH 2019-09-07 1918 DK2DTF        59  105 JN49IU F6KRK         59  94 JN18AS 
QSO: 144300 PH 2019-09-07 1920 DK2DTF        59  106 JN49IU DR2B          59  77 JO50WB 
QSO: 144300 PH 2019-09-07 1922 DK2DTF        59  107 JN49IU DJ6QS         59  143 JO40AQ
QSO: 144300 PH 2019-09-07 1943 DK2DTF        59  108 JN49IU DJ3ZF         59  11 JN49HW 
QSO: 144300 PH 2019-09-07 1945 DK2DTF        59  109 JN49IU DL0VJ         59  65 JO30FW 
QSO: 144300 PH 2019-09-07 1947 DK2DTF        59  110 JN49IU DL3EAZ        59  1 JO30RQ  
QSO: 144300 PH 2019-09-07 1949 DK2DTF        59  111 JN49IU PA3HFJ        59  42 JO11VL 
QSO: 144300 PH 2019-09-07 1951 DK2DTF        59  112 JN49IU DD7EQ         59  104 JO31IG
QSO: 144300 PH 2019-09-07 1952 DK2DTF        59  113 JN49IU ON4LDP        59  32 JO10UN 
QSO: 144300 PH 2019-09-07 1954 DK2DTF        59  114 JN49IU DB3ZY         59  9 JO40CB  
QSO: 144300 PH 2019-09-07 1957 DK2DTF        55  115 JN49IU F4HRD         55  71 JO00XX 
QSO: 144300 PH 2019-09-07 1958 DK2DTF        59  116 JN49IU DH0FAB        59  27 JO40KB 
QSO: 144300 PH 2019-09-07 2001 DK2DTF        59  117 JN49IU DO1DLR        59  12 JO40AJ 
QSO: 144300 PH 2019-09-07 2002 DK2DTF        59  118 JN49IU DG7FAN        59  7 JN39RI  
QSO: 144300 PH 2019-09-07 2003 DK2DTF        59  119 JN49IU DL3IAS        59  63 JN49EJ 
QSO: 144300 PH 2019-09-07 2006 DK2DTF        59  120 JN49IU DL4ZB         59  67 JN49HQ 
QSO: 144300 PH 2019-09-07 2010 DK2DTF        59  121 JN49IU 7S7V          59  134 JO65SN
QSO: 144300 PH 2019-09-07 2019 DK2DTF        59  122 JN49IU F1FPL         59  58 JN09LE 
QSO: 144300 PH 2019-09-07 2024 DK2DTF        59  123 JN49IU DH2PA         59  76 JN49AE 
QSO: 144300 PH 2019-09-07 2025 DK2DTF        59  124 JN49IU DK6UO         59  16 JN39QJ 
QSO: 144300 PH 2019-09-07 2028 DK2DTF        59  125 JN49IU OL4N          59  320 JO60VR
QSO: 144300 PH 2019-09-07 2032 DK2DTF        59  126 JN49IU IQ4FD         59  249 JN63AX
QSO: 144100 CW 2019-09-07 2047 DK2DTF        599 127 JN49IU DL3IAE        599 89 JN49DG 
QSO: 144100 CW 2019-09-07 2057 DK2DTF        599 128 JN49IU DK5GB         599 66 JN48MT 
QSO: 144100 CW 2019-09-07 2059 DK2DTF        599 129 JN49IU DL5DWF        599 22 JO71AA 
QSO: 144100 CW 2019-09-07 2101 DK2DTF        599 130 JN49IU HB9CLN        599 91 JN37XA 
QSO: 144100 CW 2019-09-07 2103 DK2DTF        599 131 JN49IU DJ9MH         599 1 JO50FA  
QSO: 144100 CW 2019-09-07 2106 DK2DTF        599 132 JN49IU OE5KE         599 102 JN78EG
QSO: 144100 CW 2019-09-07 2108 DK2DTF        599 133 JN49IU OL7Q          599 73 JN99DQ 
QSO: 144100 CW 2019-09-07 2111 DK2DTF        599 134 JN49IU OK2KCN        599 275 JN89OI
QSO: 144300 PH 2019-09-07 2117 DK2DTF        59  135 JN49IU OK1RAW        59  219 JN69FT
QSO: 144100 CW 2019-09-07 2119 DK2DTF        599 136 JN49IU OK1KKI        599 174 JN79NF
QSO: 144100 CW 2019-09-07 2123 DK2DTF        599 137 JN49IU OM3CQF        599 267 JN88RT
QSO: 144100 CW 2019-09-07 2127 DK2DTF        599 138 JN49IU OK1DWF        599 31 JO70QB 
QSO: 144100 CW 2019-09-07 2128 DK2DTF        599 139 JN49IU OK1KWV        599 89 JN79GA 
QSO: 144100 CW 2019-09-07 2133 DK2DTF        599 140 JN49IU OK1IM         599 60 JN79AR 
QSO: 144100 CW 2019-09-07 2201 DK2DTF        599 141 JN49IU OZ1HDF        599 15 JO55UN 
QSO: 144100 CW 2019-09-07 2209 DK2DTF        599 142 JN49IU PA4VHF        599 172 JO32JE
QSO: 144100 CW 2019-09-07 2211 DK2DTF        599 143 JN49IU F6GYH         599 35 JN27TS 
QSO: 144100 CW 2019-09-07 2215 DK2DTF        599 144 JN49IU G3XDY         599 70 JO02OB 
QSO: 144100 CW 2019-09-07 2220 DK2DTF        599 145 JN49IU DL0WIM        599 49 JN49CD 
QSO: 144100 CW 2019-09-07 2227 DK2DTF        529 146 JN49IU G4KUX         529 62 IO94BP 
QSO: 144100 CW 2019-09-07 2231 DK2DTF        599 147 JN49IU DL0LN         599 210 JO31QX
QSO: 144100 CW 2019-09-07 2239 DK2DTF        599 148 JN49IU DL0VR         599 101 JO31MI
QSO: 144100 CW 2019-09-07 2242 DK2DTF        599 149 JN49IU DP4E          599 156 JO32LA
QSO: 144300 PH 2019-09-07 2249 DK2DTF        59  150 JN49IU 9A1P          59  250 JN65VG
QSO: 144100 CW 2019-09-07 2304 DK2DTF        559 151 JN49IU 9A0V          559 255 JN95PE
QSO: 144300 PH 2019-09-07 2312 DK2DTF        59  152 JN49IU DM5D          59  368 JO61OC
QSO: 144300 PH 2019-09-07 2316 DK2DTF        59  153 JN49IU DM5M          59  187 JO51IJ
QSO: 144300 PH 2019-09-07 2321 DK2DTF        59  154 JN49IU OL1Z          59  155 JN88AU
QSO: 144300 PH 2019-09-07 2323 DK2DTF        59  155 JN49IU S50L          59  276 JN75ES
QSO: 144300 PH 2019-09-07 2327 DK2DTF        59  156 JN49IU S59DEM        59  416 JN75DS
QSO: 144100 CW 2019-09-07 2341 DK2DTF        529 157 JN49IU SP2FRY        599 57 JO83WR 
QSO: 144300 PH 2019-09-08 0003 DK2DTF        59  158 JN49IU OE8GVK/3      59  178 JN88GR
QSO: 144100 CW 2019-09-08 0017 DK2DTF        599 159 JN49IU OK1KFH        599 267 JN69VN
QSO: 144100 CW 2019-09-08 0023 DK2DTF        599 160 JN49IU OM3W          599 446 JN99CH
QSO: 144100 CW 2019-09-08 0031 DK2DTF        599 161 JN49IU DL4FNM        599 113 JO51MA
QSO: 144100 CW 2019-09-08 0035 DK2DTF        599 162 JN49IU OM5ZW         599 268 JN98AS
QSO: 144300 PH 2019-09-08 0554 DK2DTF        59  163 JN49IU DK4MM         59  1 JO40WK  
QSO: 144100 CW 2019-09-08 0603 DK2DTF        599 164 JN49IU SN1I          599 60 JO84CE 
QSO: 144100 CW 2019-09-08 0625 DK2DTF        559 165 JN49IU HA6W          599 400 KN08FB
QSO: 144300 PH 2019-09-08 0629 DK2DTF        59  166 JN49IU DL1SUZ        59  126 JO53UN
QSO: 144300 PH 2019-09-08 0631 DK2DTF        59  167 JN49IU DK2LB         59  119 JO53LQ
QSO: 144300 PH 2019-09-08 0632 DK2DTF        59  168 JN49IU DL5ZL         59  93 JO51JM 
QSO: 144300 PH 2019-09-08 0634 DK2DTF        59  169 JN49IU DL6ZBD        59  9 JO40GH  
QSO: 144300 PH 2019-09-08 0635 DK2DTF        59  170 JN49IU DL2JST        59  12 JO53QO 
QSO: 144300 PH 2019-09-08 0637 DK2DTF        59  171 JN49IU DM3A          59  61 JO62QX 
QSO: 144300 PH 2019-09-08 0639 DK2DTF        59  172 JN49IU DF0YY         59  259 JO62GD
QSO: 144300 PH 2019-09-08 0640 DK2DTF        59  173 JN49IU DF0TEC        59  302 JO73CE
QSO: 144300 PH 2019-09-08 0641 DK2DTF        59  174 JN49IU DL0HAL        59  14 JO61AN 
QSO: 144300 PH 2019-09-08 0647 DK2DTF        59  175 JN49IU SN6J          59  169 JO70VX
QSO: 144300 PH 2019-09-08 0711 DK2DTF        59  176 JN49IU DL8NDS        59  40 JN49XS 
QSO: 144100 CW 2019-09-08 0726 DK2DTF        599 177 JN49IU DH9SB         599 43 JN49NE 
QSO: 144100 CW 2019-09-08 0729 DK2DTF        599 178 JN49IU 9A1N          599 355 JN85LI
QSO: 144100 CW 2019-09-08 0730 DK2DTF        599 179 JN49IU OK1FIG        599 107 JO80DH
QSO: 144100 CW 2019-09-08 0735 DK2DTF        599 180 JN49IU DL6SRD        599 60 JN48PT 
QSO: 144100 CW 2019-09-08 0739 DK2DTF        599 181 JN49IU SF6F          599 38 JO67QS 
QSO: 144100 CW 2019-09-08 0745 DK2DTF        599 182 JN49IU OK1RAR        599 135 JO70DB
QSO: 144100 CW 2019-09-08 0747 DK2DTF        599 183 JN49IU DJ6OL         599 106 JO52AP
QSO: 144100 CW 2019-09-08 0756 DK2DTF        599 184 JN49IU DL2YDS        599 156 JO32RG
QSO: 144100 CW 2019-09-08 0800 DK2DTF        599 185 JN49IU DK1GS         599 6 JO54KH  
QSO: 144100 CW 2019-09-08 0811 DK2DTF        599 186 JN49IU IK3VZO        599 51 JN55XA 
QSO: 144100 CW 2019-09-08 0813 DK2DTF        599 187 JN49IU OE5DIN        599 101 JN78BL
QSO: 144100 CW 2019-09-08 0822 DK2DTF        599 188 JN49IU OK5IM         599 151 JO70UD
QSO: 144100 CW 2019-09-08 0825 DK2DTF        599 189 JN49IU G3YDD/P       599 331 IO82QL
QSO: 144100 CW 2019-09-08 0831 DK2DTF        599 190 JN49IU OK1KRI        599 165 JN69ER
QSO: 144100 CW 2019-09-08 0835 DK2DTF        599 191 JN49IU G3MEH         599 148 IO91QS
QSO: 144100 CW 2019-09-08 0847 DK2DTF        599 192 JN49IU F1TRE         599 69 JN37PV 
QSO: 144100 CW 2019-09-08 0856 DK2DTF        599 193 JN49IU F6HJO/P       599 158 JN27FJ
QSO: 144100 CW 2019-09-08 0859 DK2DTF        599 194 JN49IU G5RS/P        559 256 JO00EW
QSO: 144100 CW 2019-09-08 0901 DK2DTF        599 195 JN49IU DH4FAN        539 2 JO40GC  
QSO: 144100 CW 2019-09-08 0905 DK2DTF        599 196 JN49IU DL0LSM        599 118 JO61QH
QSO: 144100 CW 2019-09-08 0907 DK2DTF        599 197 JN49IU DL5YM         599 71 JO62XS 
QSO: 144100 CW 2019-09-08 0913 DK2DTF        599 198 JN49IU DH4NWG/P      599 8 JO50TI  
QSO: 144100 CW 2019-09-08 0916 DK2DTF        599 199 JN49IU OK2BMJ        599 185 JN89UE
QSO: 144100 CW 2019-09-08 0920 DK2DTF        599 200 JN49IU DK6NJ         599 151 JN59WL
QSO: 144300 PH 2019-09-08 0927 DK2DTF        59  201 JN49IU IQ3AZ         59  203 JN65QQ
QSO: 144300 PH 2019-09-08 0934 DK2DTF        59  202 JN49IU DL1NEO        59  8 JN59KV  
QSO: 144300 PH 2019-09-08 0955 DK2DTF        59  203 JN49IU DO4BMW/P      59  12 JO40HG 
QSO: 144300 PH 2019-09-08 0956 DK2DTF        59  204 JN49IU DL0TZ         59  99 JN59LN 
QSO: 144300 PH 2019-09-08 0957 DK2DTF        59  205 JN49IU DL0MZ/P       59  89 JN49BX 
QSO: 144300 PH 2019-09-08 0959 DK2DTF        59  206 JN49IU OE5FPL        59  72 JN68PG 
QSO: 144300 PH 2019-09-08 1000 DK2DTF        59  207 JN49IU DK3AX         59  42 JN59DV 
QSO: 144300 PH 2019-09-08 1010 DK2DTF        59  208 JN49IU DD8DW         59  207 JO31WO
QSO: 144300 PH 2019-09-08 1011 DK2DTF        59  209 JN49IU DK0TEU        59  184 JO43OS
QSO: 144300 PH 2019-09-08 1015 DK2DTF        59  210 JN49IU PI4M          59  280 JO33BB
QSO: 144300 PH 2019-09-08 1020 DK2DTF        59  211 JN49IU DL3WP         59  178 JN48NI
QSO: 144300 PH 2019-09-08 1025 DK2DTF        59  212 JN49IU IK2OFS        59  27 JN45KP 
QSO: 144300 PH 2019-09-08 1030 DK2DTF        59  213 JN49IU DF2AJ         59  130 JN48MW
QSO: 144300 PH 2019-09-08 1030 DK2DTF        59  214 JN49IU DL8FFI        59  5 JO40LE  
QSO: 144300 PH 2019-09-08 1031 DK2DTF        59  215 JN49IU DK2DB         59  40 JN48FW 
QSO: 144300 PH 2019-09-08 1033 DK2DTF        59  216 JN49IU DK0UL/P       59  63 JN49OB 
QSO: 144300 PH 2019-09-08 1034 DK2DTF        59  217 JN49IU DG3FK         59  31 JO41PG 
QSO: 144300 PH 2019-09-08 1040 DK2DTF        59  218 JN49IU IW2EQR        59  33 JN45NM 
QSO: 144300 PH 2019-09-08 1041 DK2DTF        59  219 JN49IU I4VOS         59  467 JN54PF
QSO: 144300 PH 2019-09-08 1044 DK2DTF        59  220 JN49IU IK3XJP        59  149 JN55UC
QSO: 144100 CW 2019-09-08 1116 DK2DTF        599 221 JN49IU OK5T          599 258 JO70BK
QSO: 144100 CW 2019-09-08 1124 DK2DTF        599 222 JN49IU OK1HAS        599 60 JO70EK 
QSO: 144100 CW 2019-09-08 1126 DK2DTF        599 223 JN49IU DJ2DA         599 84 JO61PG 
QSO: 144100 CW 2019-09-08 1128 DK2DTF        599 224 JN49IU DL8NCG        599 59 JO50MJ 
QSO: 144100 CW 2019-09-08 1144 DK2DTF        599 225 JN49IU DL0DAB        599 185 JO62PF
QSO: 144300 PH 2019-09-08 1153 DK2DTF        59  226 JN49IU OK1NPF        59  293 JO70SQ
QSO: 144300 PH 2019-09-08 1158 DK2DTF        59  227 JN49IU OK2KYZ        59  320 JO80NB
QSO: 144300 PH 2019-09-08 1212 DK2DTF        59  228 JN49IU OK5TK         59  36 JO70MB 
QSO: 144300 PH 2019-09-08 1214 DK2DTF        59  229 JN49IU OK1KAD        59  142 JO60LJ
QSO: 144300 PH 2019-09-08 1216 DK2DTF        59  230 JN49IU DM2EUN        59  115 JO60IV
QSO: 144300 PH 2019-09-08 1217 DK2DTF        59  231 JN49IU OE5VRL/5      59  64 JN78DK 
QSO: 144300 PH 2019-09-08 1218 DK2DTF        59  232 JN49IU OK1VRY        59  197 JN79FP
QSO: 144300 PH 2019-09-08 1221 DK2DTF        59  233 JN49IU DL0KC         59  20 JO50OE 
QSO: 144300 PH 2019-09-08 1223 DK2DTF        59  234 JN49IU DG8MDN/P      59  54 JN58MD 
QSO: 144300 PH 2019-09-08 1225 DK2DTF        59  235 JN49IU OK1VDJ        59  134 JN79US
QSO: 144300 PH 2019-09-08 1229 DK2DTF        59  236 JN49IU DH1GG         59  80 JN48CO 
QSO: 144300 PH 2019-09-08 1232 DK2DTF        59  237 JN49IU DL2FFW        59  56 JO50LQ 
QSO: 144300 PH 2019-09-08 1236 DK2DTF        59  238 JN49IU PE1EWR        59  118 JO11SL
QSO: 144300 PH 2019-09-08 1239 DK2DTF        59  239 JN49IU F6IHC         59  60 JO10OQ 
QSO: 144300 PH 2019-09-08 1243 DK2DTF        59  240 JN49IU OK1TRW        59  163 JO70HC
QSO: 144300 PH 2019-09-08 1245 DK2DTF        59  241 JN49IU DL3ZAE/P      59  29 JO50AN 
QSO: 144300 PH 2019-09-08 1251 DK2DTF        59  242 JN49IU I3LGP         59  164 JN55VK
QSO: 144300 PH 2019-09-08 1252 DK2DTF        59  243 JN49IU DM1TW         59  14 JN49FU 
QSO: 144300 PH 2019-09-08 1253 DK2DTF        59  244 JN49IU HB9HLM        59  100 JN36KW
QSO: 144300 PH 2019-09-08 1254 DK2DTF        59  245 JN49IU DK6HS         59  53 JN39VG 
QSO: 144300 PH 2019-09-08 1258 DK2DTF        59  246 JN49IU IZ1ESM        59  153 JN45FB
QSO: 144300 PH 2019-09-08 1259 DK2DTF        59  247 JN49IU DK9ZE         59  17 JN49HV 
QSO: 144300 PH 2019-09-08 1309 DK2DTF        59  248 JN49IU DC8QT         59  2 JO40FB  
QSO: 144300 PH 2019-09-08 1317 DK2DTF        59  249 JN49IU LX/OO7W       59  14 JN29XV 
QSO: 144300 PH 2019-09-08 1322 DK2DTF        59  250 JN49IU DF9WB         59  47 JO30JF 
QSO: 144300 PH 2019-09-08 1341 DK2DTF        59  251 JN49IU OL1R          59  607 JO70LR
QSO: 144300 PH 2019-09-08 1349 DK2DTF        59  252 JN49IU OL1B          59  264 JO80IB
QSO: 144300 PH 2019-09-08 1355 DK2DTF        59  253 JN49IU TM0W          59  497 JN36BP
QSO: 144300 PH 2019-09-08 1358 DK2DTF        59  254 JN49IU DF0MU         59  671 JO32PC
END-OF-LOG:
