START-OF-LOG: 3.0
CREATED-BY: vhfmanager-downloader
CONTEST: ZRS septembrsko UKV tekmovanje - Official results - VHFManager
CALLSIGN: DL4YAJ
CATEGORY: 145 MHz - Generated log
CATEGORY-OPERATOR: SINGLE-OP
CATEGORY-ASSISTED: NON-ASSISTED
CATEGORY-TRANSMITTER: ONE
CATEGORY-STATION: FIXED
QSO: 144300 PH 2019-09-07 1412 DL4YAJ        1   JO41FX JO41FX DL4YAJ        SSB DG8NCO 59 
QSO: 144300 PH 2019-09-07 1415 DL4YAJ        2   JO41FX JO41FX DL4YAJ        SSB DF0MU 59  
QSO: 144300 PH 2019-09-07 1416 DL4YAJ        3   JO41FX JO41FX DL4YAJ        SSB DL0WAE 59 
QSO: 144300 PH 2019-09-07 1724 DL4YAJ        9   JO41FX JO41FX DL4YAJ        SSB DL7AFB 59 
QSO: 144300 PH 2019-09-07 1811 DL4YAJ        10  JO41FX JO41FX DL4YAJ        SSB OL1C 59   
QSO: 144300 PH 2019-09-07 1818 DL4YAJ        12  JO41FX JO41FX DL4YAJ        SSB DL0MI 59  
QSO: 144300 PH 2019-09-07 1821 DL4YAJ        14  JO41FX JO41FX DL4YAJ        SSB DL3YCW 59 
QSO: 144300 PH 2019-09-07 1838 DL4YAJ        17  JO41FX JO41FX DL4YAJ        SSB DF4T 59   
QSO: 144300 PH 2019-09-07 1849 DL4YAJ        22  JO41FX JO41FX DL4YAJ        SSB DK0NE/P 59
QSO: 144300 PH 2019-09-07 1933 DL4YAJ        23  JO41FX JO41FX DL4YAJ        SSB DA0FF 59  
QSO: 144300 PH 2019-09-07 1935 DL4YAJ        24  JO41FX JO41FX DL4YAJ        SSB DK0NA 59  
QSO: 144300 PH 2019-09-07 1940 DL4YAJ        25  JO41FX JO41FX DL4YAJ        SSB OL7C 59   
QSO: 144300 PH 2019-09-07 1944 DL4YAJ        27  JO41FX JO41FX DL4YAJ        SSB DK0PU 59  
QSO: 144300 PH 2019-09-07 1948 DL4YAJ        28  JO41FX JO41FX DL4YAJ        SSB 5P5T 55   
QSO: 144300 PH 2019-09-07 2056 DL4YAJ        32  JO41FX JO41FX DL4YAJ        SSB OP5Y/P 59 
QSO: 144300 PH 2019-09-07 2102 DL4YAJ        34  JO41FX JO41FX DL4YAJ        SSB DD7DAC 59 
QSO: 144300 PH 2019-09-07 2118 DL4YAJ        38  JO41FX JO41FX DL4YAJ        SSB F8KGU 59  
QSO: 144300 PH 2019-09-07 2123 DL4YAJ        39  JO41FX JO41FX DL4YAJ        SSB DA0FF 59  
QSO: 144300 PH 2019-09-07 2125 DL4YAJ        40  JO41FX JO41FX DL4YAJ        SSB TM2A 59   
QSO: 144300 PH 2019-09-08 0543 DL4YAJ        41  JO41FX JO41FX DL4YAJ        SSB DL0GM 59  
QSO: 144300 PH 2019-09-08 0547 DL4YAJ        44  JO41FX JO41FX DL4YAJ        SSB PC5T 59   
QSO: 144300 PH 2019-09-08 0845 DL4YAJ        46  JO41FX JO41FX DL4YAJ        SSB DL5DBT 59 
QSO: 144300 PH 2019-09-08 0858 DL4YAJ        47  JO41FX JO41FX DL4YAJ        SSB PA1T 59   
QSO: 144300 PH 2019-09-08 1309 DL4YAJ        48  JO41FX JO41FX DL4YAJ        SSB PA4VHF 59 
QSO: 144300 PH 2019-09-08 1312 DL4YAJ        49  JO41FX JO41FX DL4YAJ        SSB G8P 59    
QSO: 144300 PH 2019-09-07 1836 DL4YAJ        216 JO41FX JO41FX DL4YAJ        SSB F8KID 59  
END-OF-LOG:
