START-OF-LOG: 3.0
CREATED-BY: reconstructed-log-builder
CONTEST: 9A-CW
CALLSIGN: DK6QW
LOCATION: 
CATEGORY: CHECKLOG
CATEGORY-OPERATOR: SINGLE-OP
CATEGORY-BAND: ALL
CATEGORY-MODE: MIXED
CATEGORY-POWER: UNKNOWN
CATEGORY-ASSISTED: NON-ASSISTED
CATEGORY-TRANSMITTER: ONE
CATEGORY-STATION: UNKNOWN
CATEGORY-OVERLAY: 
OPERATORS: DK6QW
CLAIMED-SCORE: 
CLUB: 
NAME: 
SOAPBOX: RECONSTRUCTED MOCKUP LOG - NOT AN OFFICIAL SUBMISSION.
SOAPBOX: Derived from submitted logs for 9A-CW 9A_HRS_Contest/Croatian_CW_Contest/2018.
QSO: 07027 CW 2018-12-15 1947 DK6QW         599 0003 EU 9A5W          599 0411
QSO: 07009 CW 2018-12-15 1956 DK6QW         599 0004 EU 9A1AA         599 0443
QSO: 07009 CW 2018-12-15 1959 DK6QW         599 0005 EU S52AW         599 0391
QSO: 07010 CW 2018-12-15 2002 DK6QW         599 0006 EU LZ7R          599 0363
QSO: 07011 CW 2018-12-15 2005 DK6QW         599 0007 EU S53M          599 0501
QSO: 07000 CW 2018-12-16 1250 DK6QW         599 0009 EU SP9ENV        599 0039
QSO: 07021 CW 2018-12-16 1255 DK6QW         599 0010 EU S57C          599 0870
QSO: 07032 CW 2018-12-16 1257 DK6QW         599 0011 EU 9A2Z          599 0329
QSO: 07009 CW 2018-12-16 1301 DK6QW         599 0012 EU 9A7V          599 1587
QSO: 07011 CW 2018-12-16 1309 DK6QW         599 0014 EU 9A2R          599 0226
QSO: 07013 CW 2018-12-16 1310 DK6QW         599 0015 EU LY2MM         599 0480
QSO: 07013 CW 2018-12-16 1311 DK6QW         599 0016 EU 9A5Y          599 1345
QSO: 07020 CW 2018-12-16 1315 DK6QW         599 0018 EU 9A8CV         599 0652
QSO: 07033 CW 2018-12-16 1317 DK6QW         599 0119 EU HA7MF         599 0131
QSO: 07032 CW 2018-12-16 1319 DK6QW         599 0020 EU YT2AAA        599 0344
QSO: 07029 CW 2018-12-16 1321 DK6QW         599 0021 EU S52GO         599 0290
QSO: 07023 CW 2018-12-16 1323 DK6QW         599 0022 EU S52P          599 0419
QSO: 07000 CW 2018-12-16 1329 DK6QW         599 0024 EU LY2KA         599 0471
QSO: 07000 CW 2018-12-16 1331 DK6QW         599 0025 EU IK3QAR        599 0160
END-OF-LOG:
