START-OF-LOG: 3.0
CREATED-BY: reconstructed-log-builder
CONTEST: CQ-WPX-SSB
CALLSIGN: IS0LYN
LOCATION: 
CATEGORY: CHECKLOG
CATEGORY-OPERATOR: SINGLE-OP
CATEGORY-BAND: ALL
CATEGORY-MODE: MIXED
CATEGORY-POWER: UNKNOWN
CATEGORY-ASSISTED: NON-ASSISTED
CATEGORY-TRANSMITTER: ONE
CATEGORY-STATION: UNKNOWN
CATEGORY-OVERLAY: 
OPERATORS: IS0LYN
CLAIMED-SCORE: 
CLUB: 
NAME: 
SOAPBOX: RECONSTRUCTED MOCKUP LOG - NOT AN OFFICIAL SUBMISSION.
SOAPBOX: Derived from submitted logs for CQ-WPX-SSB CQWPX/ph/2024.
QSO: 28517 PH 2024-03-30 1741 IS0LYN        59 0001 NQ1DX         59 0504
QSO: 28000 PH 2024-03-30 1745 IS0LYN        59 0002 CB8E          59 0299
QSO: 28712 PH 2024-03-30 1803 IS0LYN        59 0003 CG3T          59 1883
QSO: 28774 PH 2024-03-30 1813 IS0LYN        59 004 KP2B          59 1502
QSO: 28930 PH 2024-03-30 1817 IS0LYN        59 5 ZZ2T          59 1018
QSO: 28888 PH 2024-03-30 1820 IS0LYN        59 006 V47T          59 3259
QSO: 28769 PH 2024-03-30 1824 IS0LYN        59 007 ZF1A          59 1075
QSO: 28766 PH 2024-03-30 1826 IS0LYN        59 008 KM7W          59 1877
QSO: 28760 PH 2024-03-30 1828 IS0LYN        59 009 PU2VLW        59 514
QSO: 28726 PH 2024-03-30 1835 IS0LYN        59 010 PJ4K          59 2969
QSO: 28706 PH 2024-03-30 1836 IS0LYN        59 0011 J8NKI         59 0255
QSO: 28703 PH 2024-03-30 1842 IS0LYN        59 0012 PJ5/SP9FIH    59 1126
QSO: 28668 PH 2024-03-30 1847 IS0LYN        59 0014 CB1C          59 0456
QSO: 28652 PH 2024-03-30 1853 IS0LYN        59 0015 V26K          59 2169
QSO: 28615 PH 2024-03-30 1904 IS0LYN        59 0016 WI0WA         59 1037
QSO: 28603 PH 2024-03-30 1911 IS0LYN        59 0017 PR1T          59 0802
QSO: 28589 PH 2024-03-30 1913 IS0LYN        59 0018 ZV2C          59 0501
QSO: 28000 PH 2024-03-30 1923 IS0LYN        59 0019 L74V          59 0598
QSO: 28498 PH 2024-03-30 1933 IS0LYN        59 0020 VF2A          59 0668
QSO: 28497 PH 2024-03-30 1934 IS0LYN        59 0021 ZZ5K          59 0749
QSO: 28693 PH 2024-03-30 1956 IS0LYN        59 0022 CB1A          59 0276
QSO:  7054 PH 2024-03-31 0624 IS0LYN        59 023 DQ4W          59 657
QSO:  7105 PH 2024-03-31 0627 IS0LYN        59 24 S53MM         59 1929
QSO:  7199 PH 2024-03-31 0633 IS0LYN        59 025 ED5R          59 1957
QSO:  7138 PH 2024-03-31 0713 IS0LYN        59 026 TM8A          59 1490
QSO:  7174 PH 2024-03-31 0717 IS0LYN        59 027 IZ8GUQ        59 312
QSO: 14290 PH 2024-03-31 0842 IS0LYN        59 028 M6T           59 2407
QSO: 14000 PH 2024-03-31 0846 IS0LYN        59 030 UT0ZT         59 386
QSO: 14264 PH 2024-03-31 0850 IS0LYN        59 0031 SG5Z          59 1478
QSO: 14234 PH 2024-03-31 0851 IS0LYN        59 0032 DP7D          59 1667
QSO: 14224 PH 2024-03-31 0852 IS0LYN        59 0033 LC1X          59 0396
QSO: 14219 PH 2024-03-31 0853 IS0LYN        59 034 RU1A          59 2152
QSO: 14148 PH 2024-03-31 0856 IS0LYN        59 0035 YO4NF         59 1117
QSO: 14205 PH 2024-03-31 0858 IS0LYN        59 036 D4C           59 5782
QSO: 14216 PH 2024-03-31 0901 IS0LYN        59 37 CQ7DX         59 2434
QSO: 14276 PH 2024-03-31 0908 IS0LYN        59 038 LZ9W          59 2974
QSO: 14305 PH 2024-03-31 0910 IS0LYN        59 0039 OR5R          59 1566
QSO: 14246 PH 2024-03-31 0914 IS0LYN        59 0050 LZ8A          59 1388
QSO: 14175 PH 2024-03-31 0915 IS0LYN        59 041 DA2X          59 0602
QSO: 14123 PH 2024-03-31 0918 IS0LYN        59 042 LY4L          59 1632
QSO: 14290 PH 2024-03-31 0923 IS0LYN        59 0043 GM5G          59 1810
QSO: 28404 PH 2024-03-31 1758 IS0LYN        59 0044 J62K          59 2716
QSO: 28468 PH 2024-03-31 1803 IS0LYN        59 045 PT5J          59 4144
QSO: 28000 PH 2024-03-31 1814 IS0LYN        59 0047 WP3C          59 3433
QSO: 28341 PH 2024-03-31 1817 IS0LYN        59 0048 PU1JSV        59 0784
QSO: 28390 PH 2024-03-31 1821 IS0LYN        59 049 LP1H          59 2067
QSO: 28584 PH 2024-03-31 1834 IS0LYN        59 050 PV2P          59 978
QSO: 28637 PH 2024-03-31 1836 IS0LYN        59 0051 ZV1T          59 1759
QSO: 28000 PH 2024-03-31 1841 IS0LYN        59 052 PY2RE         59 661
QSO: 28321 PH 2024-03-31 1849 IS0LYN        59 53 8P5A          59 5759
QSO: 28310 PH 2024-03-31 1851 IS0LYN        59 0054 PY2HT         59 1006
QSO: 28581 PH 2024-03-31 1856 IS0LYN        59 055 PR2R          59 1192
QSO: 21360 PH 2024-03-31 1914 IS0LYN        59 0056 VC2A          59 2273
QSO: 21218 PH 2024-03-31 1921 IS0LYN        59 0437 AB2E          59 0558
END-OF-LOG:
