START-OF-LOG: 3.0
CREATED-BY: reconstructed-log-builder
CONTEST: CQ-WPX-SSB
CALLSIGN: KB1JBY
LOCATION: 
CATEGORY: CHECKLOG
CATEGORY-OPERATOR: SINGLE-OP
CATEGORY-BAND: ALL
CATEGORY-MODE: MIXED
CATEGORY-POWER: UNKNOWN
CATEGORY-ASSISTED: NON-ASSISTED
CATEGORY-TRANSMITTER: ONE
CATEGORY-STATION: UNKNOWN
CATEGORY-OVERLAY: 
OPERATORS: KB1JBY
CLAIMED-SCORE: 
CLUB: 
NAME: 
SOAPBOX: RECONSTRUCTED MOCKUP LOG - NOT AN OFFICIAL SUBMISSION.
SOAPBOX: Derived from submitted logs for CQ-WPX-SSB CQWPX/ph/2024.
QSO: 28483 PH 2024-03-30 1734 KB1JBY        59 002 TM6M          59 1782
QSO: 28482 PH 2024-03-30 1738 KB1JBY        59 0003 ED2X          59 0932
QSO: 28469 PH 2024-03-30 1741 KB1JBY        59 004 RU1A          59 1212
QSO: 28466 PH 2024-03-30 1743 KB1JBY        59 005 CO6HZ         59 100
QSO: 28460 PH 2024-03-30 1750 KB1JBY        59 0006 HI8RD         59 0912
QSO: 28449 PH 2024-03-30 1755 KB1JBY        59 007 CN3A          59 2074
QSO: 28427 PH 2024-03-30 1805 KB1JBY        59 0008 MM1E          59 0862
QSO: 28406 PH 2024-03-30 1811 KB1JBY        59 0010 IB9T          59 1118
QSO: 28397 PH 2024-03-30 1814 KB1JBY        59 011 P33W          59 2283
QSO: 28393 PH 2024-03-30 1819 KB1JBY        59 0012 XE1CKJ        59 0200
QSO: 28380 PH 2024-03-30 1825 KB1JBY        59 0013 M6C           59 0279
QSO: 28359 PH 2024-03-30 1832 KB1JBY        59 014 EI8X          59 0535
QSO: 28354 PH 2024-03-30 1838 KB1JBY        59 015 GM5X          59 1689
QSO: 28338 PH 2024-03-30 1844 KB1JBY        59 0016 OZ5W          59 0447
QSO: 28339 PH 2024-03-30 1846 KB1JBY        59 017 D4C           59 3624
QSO: 28331 PH 2024-03-30 1850 KB1JBY        59 018 EI7M          59 2819
QSO: 28319 PH 2024-03-30 1856 KB1JBY        59 020 F5NBX         59 0288
QSO: 28308 PH 2024-03-30 1901 KB1JBY        59 021 ND7K          59 2829
QSO: 28361 PH 2024-03-30 1909 KB1JBY        59 0022 LB5GI         59 0086
QSO: 28373 PH 2024-03-30 1912 KB1JBY        59 023 NP4VM         59 713
QSO: 28377 PH 2024-03-30 1915 KB1JBY        59 004 OM7M          59 1509
QSO: 28000 PH 2024-03-30 1923 KB1JBY        59 0024 HK4X          59 0185
QSO: 28500 PH 2024-03-31 1317 KB1JBY        59 0027 PW2A          59 1268
QSO: 28480 PH 2024-03-31 1321 KB1JBY        59 0027 CO8ZZ         59 0451
QSO: 28437 PH 2024-03-31 1324 KB1JBY        59 28 K0XF          59 413
QSO: 28433 PH 2024-03-31 1327 KB1JBY        59 29 P49Y          59 3125
QSO: 28404 PH 2024-03-31 1330 KB1JBY        59 0030 V31XX         59 2667
QSO: 28367 PH 2024-03-31 1338 KB1JBY        59 031 V47T          59 6117
QSO: 28358 PH 2024-03-31 1341 KB1JBY        59 0032 KP4JA         59 1067
QSO: 28320 PH 2024-03-31 1410 KB1JBY        59 033 IT9ACN        59 112
QSO: 28332 PH 2024-03-31 1415 KB1JBY        59 034 KP2B          59 2605
QSO: 28368 PH 2024-03-31 1421 KB1JBY        59 035 TO1Q          59 1201
QSO: 28372 PH 2024-03-31 1424 KB1JBY        59 0036 WU2X          59 3943
QSO: 28394 PH 2024-03-31 1430 KB1JBY        59 037 KV0Q          59 1541
QSO: 28406 PH 2024-03-31 1434 KB1JBY        59 0038 J62K          59 2298
QSO: 28412 PH 2024-03-31 1439 KB1JBY        59 39 W0SJE         59 414
QSO: 28440 PH 2024-03-31 1443 KB1JBY        59 0040 TI1T          59 2407
QSO: 28446 PH 2024-03-31 1450 KB1JBY        59 0041 HI3LT         59 0646
QSO: 28000 PH 2024-03-31 1459 KB1JBY        59 42 WE6EZ         59 185
QSO: 28495 PH 2024-03-31 1502 KB1JBY        59 0043 WP4SK         59 0953
QSO: 28476 PH 2024-03-31 1636 KB1JBY        59 0044 K5WA          59 1511
QSO: 28472 PH 2024-03-31 1641 KB1JBY        59 045 WP4RF         59 647
QSO: 28461 PH 2024-03-31 1644 KB1JBY        59 46 VE5GC         59 096
QSO: 28426 PH 2024-03-31 1650 KB1JBY        59 0047 VE5DLC        59 0241
QSO: 28415 PH 2024-03-31 1659 KB1JBY        59 048 ED8M          59 2133
QSO: 28408 PH 2024-03-31 1702 KB1JBY        59 0049 W0PSY         59 1443
QSO: 28372 PH 2024-03-31 1709 KB1JBY        59 050 ND7K          59 4810
QSO: 28347 PH 2024-03-31 1815 KB1JBY        59 0051 EB8AH         59 1861
QSO: 28000 PH 2024-03-31 1820 KB1JBY        59 0052 WP3C          59 3439
QSO: 28368 PH 2024-03-31 1823 KB1JBY        59 0053 NH7T          59 1732
QSO: 28381 PH 2024-03-31 1826 KB1JBY        59 0054 WK5T          59 3517
QSO: 28420 PH 2024-03-31 1835 KB1JBY        59 055 IB9U          59 868
QSO: 28000 PH 2024-03-31 1844 KB1JBY        59 56 KT5J          59 5118
QSO: 28498 PH 2024-03-31 1945 KB1JBY        59 0060 VE5MX         59 3139
QSO: 28000 PH 2024-03-31 1947 KB1JBY        59 0061 CB8E          59 1374
QSO: 28488 PH 2024-03-31 1953 KB1JBY        59 0062 LT7F          59 0943
QSO: 28415 PH 2024-03-31 2005 KB1JBY        59 0063 HI8J          59 1069
QSO: 28394 PH 2024-03-31 2012 KB1JBY        59 064 LP1H          59 2263
QSO: 28377 PH 2024-03-31 2015 KB1JBY        59 65 NP3YL         59 617
QSO: 28369 PH 2024-03-31 2021 KB1JBY        59 0066 PY7ZC         59 2269
QSO: 28358 PH 2024-03-31 2026 KB1JBY        59 067 LU1DX         59 1683
QSO: 28306 PH 2024-03-31 2031 KB1JBY        59 0068 PZ5DX         59 3544
QSO: 28455 PH 2024-03-31 2046 KB1JBY        59 069 N3AIU         59 1059
END-OF-LOG:
