START-OF-LOG: 3.0
CREATED-BY: HMRA public OK1WC downloader
CONTEST: OK1WC-MEMORIAL
CALLSIGN: SN5Y
OPERATORS: SN5Y
CATEGORY: SO-ALL-CW-LOW
CATEGORY-OPERATOR: SINGLE-OP
CATEGORY-BAND: ALL
CATEGORY-MODE: CW
CATEGORY-POWER: LOW
SOAPBOX: Recreated from OK1WC Memorial reference table MWC221010.
SOAPBOX: Source publication level: 4.
SOAPBOX: Source: https://memorial-ok1wc.cz/index.php?page=eval3/a_eval3&kolo=528&rocnik=14&tyden=41&jobdate=221010&pub_level=4
QSO:  7000 CW 2022-10-10 1630 SN5Y          599 1          DF4XX         599 2         
QSO:  7000 CW 2022-10-10 1631 SN5Y          599 2          SD1A          599 4         
QSO:  7000 CW 2022-10-10 1631 SN5Y          599 3          SM5DXR        599 1         
QSO:  7000 CW 2022-10-10 1631 SN5Y          599 4          M4N           599 2         
QSO:  7000 CW 2022-10-10 1631 SN5Y          599 5          OK1ITK        599 2         
QSO:  7000 CW 2022-10-10 1632 SN5Y          599 6          SM5CSS        599 1         
QSO:  7000 CW 2022-10-10 1632 SN5Y          599 7          PA0CT         599 3         
QSO:  7000 CW 2022-10-10 1632 SN5Y          599 8          PA2TA         599 5         
QSO:  7000 CW 2022-10-10 1633 SN5Y          599 9          HA5BA         599 5         
QSO:  7000 CW 2022-10-10 1633 SN5Y          599 10         SM6MIS        599 4         
QSO:  7000 CW 2022-10-10 1634 SN5Y          599 11         DR2C          599 14        
QSO:  7000 CW 2022-10-10 1635 SN5Y          599 12         OK6OK         599 8         
QSO:  7000 CW 2022-10-10 1636 SN5Y          599 13         OZ/SM5S       599 7         
QSO:  7000 CW 2022-10-10 1636 SN5Y          599 14         OG6B          599 12        
QSO:  7000 CW 2022-10-10 1637 SN5Y          599 15         PC4H          599 15        
QSO:  7000 CW 2022-10-10 1637 SN5Y          599 16         OK1FRJ        599 6         
QSO:  7000 CW 2022-10-10 1640 SN5Y          599 17         DM6EE         599 19        
QSO:  7000 CW 2022-10-10 1640 SN5Y          599 18         OK1FHI        599 16        
QSO:  7000 CW 2022-10-10 1641 SN5Y          599 19         OK2NAJ        599 16        
QSO:  7000 CW 2022-10-10 1641 SN5Y          599 20         SN5N          599 26        
QSO:  7000 CW 2022-10-10 1641 SN5Y          599 21         SO3O          599 26        
QSO:  7000 CW 2022-10-10 1641 SN5Y          599 22         SE6K          599 9         
QSO:  7000 CW 2022-10-10 1642 SN5Y          599 23         OL8R          599 46        
QSO:  7000 CW 2022-10-10 1643 SN5Y          599 24         HA5MA         599 23        
QSO:  7000 CW 2022-10-10 1643 SN5Y          599 25         DA3T          599 18        
QSO:  7000 CW 2022-10-10 1644 SN5Y          599 26         OL4W          599 27        
QSO:  7000 CW 2022-10-10 1644 SN5Y          599 27         DR3W          599 15        
QSO:  7000 CW 2022-10-10 1645 SN5Y          599 28         SP2XX         599 24        
QSO:  7000 CW 2022-10-10 1645 SN5Y          599 29         OK1DOR        599 31        
QSO:  7000 CW 2022-10-10 1646 SN5Y          599 30         SM6S          599 23        
QSO:  7000 CW 2022-10-10 1646 SN5Y          599 31         9A3CY         599 28        
QSO:  7000 CW 2022-10-10 1647 SN5Y          599 32         OK1RR         599 35        
QSO:  7000 CW 2022-10-10 1647 SN5Y          599 33         OK1RKS        599 14        
QSO:  7000 CW 2022-10-10 1648 SN5Y          599 34         SN1T          599 50        
QSO:  7000 CW 2022-10-10 1648 SN5Y          599 35         OK5D          599 36        
QSO:  7000 CW 2022-10-10 1649 SN5Y          599 36         DJ9MH         599 31        
QSO:  7000 CW 2022-10-10 1650 SN5Y          599 37         YT5M          599 7         
QSO:  7000 CW 2022-10-10 1650 SN5Y          599 38         OK1FGD        599 37        
QSO:  7000 CW 2022-10-10 1651 SN5Y          599 39         EA3X          599 4         
QSO:  7000 CW 2022-10-10 1652 SN5Y          599 40         OK1DM         599 56        
QSO:  7000 CW 2022-10-10 1652 SN5Y          599 41         YU1RA         599 31        
QSO:  7000 CW 2022-10-10 1652 SN5Y          599 42         OT6E          599 35        
QSO:  7000 CW 2022-10-10 1653 SN5Y          599 43         OM2KI         599 51        
QSO:  7000 CW 2022-10-10 1654 SN5Y          599 44         OK1TRJ        599 18        
QSO:  7000 CW 2022-10-10 1654 SN5Y          599 45         OK2BWC        599 15        
QSO:  7000 CW 2022-10-10 1655 SN5Y          599 46         OK1FMX        599 36        
QSO:  7000 CW 2022-10-10 1655 SN5Y          599 47         OK1DSZ        599 38        
QSO:  7000 CW 2022-10-10 1655 SN5Y          599 48         OK2WY         599 52        
QSO:  7000 CW 2022-10-10 1656 SN5Y          599 49         HA5OV         599 54        
QSO:  7000 CW 2022-10-10 1656 SN5Y          599 50         SD6F          599 54        
QSO:  7000 CW 2022-10-10 1657 SN5Y          599 51         YL3FW         599 44        
QSO:  7000 CW 2022-10-10 1658 SN5Y          599 52         S52W          599 61        
QSO:  7000 CW 2022-10-10 1658 SN5Y          599 53         OK1TD         599 25        
QSO:  7000 CW 2022-10-10 1658 SN5Y          599 54         DK2FG         599 56        
QSO:  7000 CW 2022-10-10 1659 SN5Y          599 55         DL8TG         599 35        
QSO:  7000 CW 2022-10-10 1659 SN5Y          599 56         SM5IMO        599 56        
QSO:  7000 CW 2022-10-10 1659 SN5Y          599 57         OL3W          599 1         
QSO:  7000 CW 2022-10-10 1659 SN5Y          599 58         DL4MFM        599 50        
QSO:  7000 CW 2022-10-10 1700 SN5Y          599 59         SQ9S          599 43        
QSO:  7000 CW 2022-10-10 1700 SN5Y          599 60         SM9X          599 60        
QSO:  7000 CW 2022-10-10 1700 SN5Y          599 61         OK1OA         599 55        
QSO:  7000 CW 2022-10-10 1701 SN5Y          599 62         HB9/OM3CQ     599 39        
QSO:  7000 CW 2022-10-10 1701 SN5Y          599 63         DL4ME         599 66        
QSO:  7000 CW 2022-10-10 1702 SN5Y          599 64         OK5SA         599 34        
QSO:  7000 CW 2022-10-10 1702 SN5Y          599 65         DJ3WE         599 60        
QSO:  3500 CW 2022-10-10 1704 SN5Y          599 66         SN2S          599 37        
QSO:  3500 CW 2022-10-10 1704 SN5Y          599 67         SP3CW         599 34        
QSO:  3500 CW 2022-10-10 1705 SN5Y          599 68         OK1TN         599 42        
QSO:  3500 CW 2022-10-10 1705 SN5Y          599 69         OK1USP        599 37        
QSO:  3500 CW 2022-10-10 1705 SN5Y          599 70         OK1AY         599 42        
QSO:  3500 CW 2022-10-10 1706 SN5Y          599 71         OK1LO         599 19        
QSO:  3500 CW 2022-10-10 1706 SN5Y          599 72         SN5N          599 68        
QSO:  3500 CW 2022-10-10 1707 SN5Y          599 73         PA3AAV        599 89        
QSO:  7000 CW 2022-10-10 1708 SN5Y          599 74         HB9BXE        599 30        
QSO:  7000 CW 2022-10-10 1709 SN5Y          599 75         SP4JFR        599 50        
QSO:  3500 CW 2022-10-10 1710 SN5Y          599 76         OK1DOR        599 55        
QSO:  3500 CW 2022-10-10 1710 SN5Y          599 77         OK5D          599 71        
QSO:  3500 CW 2022-10-10 1711 SN5Y          599 78         ES1BH         599 25        
QSO:  3500 CW 2022-10-10 1711 SN5Y          599 79         DD5M          599 81        
QSO:  3500 CW 2022-10-10 1712 SN5Y          599 80         OK2CQR        599 1         
QSO:  3500 CW 2022-10-10 1712 SN5Y          599 81         OK1MNV        599 4         
QSO:  3500 CW 2022-10-10 1712 SN5Y          599 82         OM5AW         599 74        
QSO:  3500 CW 2022-10-10 1713 SN5Y          599 83         DL0SP         599 2         
QSO:  3500 CW 2022-10-10 1713 SN5Y          599 84         OK1RR         599 76        
QSO:  3500 CW 2022-10-10 1714 SN5Y          599 85         OK1DM         599 60        
QSO:  3500 CW 2022-10-10 1714 SN5Y          599 86         YU7KW         599 82        
QSO:  3500 CW 2022-10-10 1714 SN5Y          599 87         OK1MSL        599 35        
QSO:  3500 CW 2022-10-10 1715 SN5Y          599 88         DL5YM         599 45        
QSO:  3500 CW 2022-10-10 1716 SN5Y          599 89         SM5ACQ        599 84        
QSO:  3500 CW 2022-10-10 1717 SN5Y          599 90         OK1FRJ        599 36        
QSO:  3500 CW 2022-10-10 1717 SN5Y          599 91         S52W          599 93        
QSO:  3500 CW 2022-10-10 1719 SN5Y          599 92         OM5B          599 75        
QSO:  7000 CW 2022-10-10 1719 SN5Y          599 93         SP7N          599 72        
QSO:  7000 CW 2022-10-10 1720 SN5Y          599 94         SQ8LUU        599 79        
QSO:  7000 CW 2022-10-10 1720 SN5Y          599 95         OM3WZ         599 64        
QSO:  3500 CW 2022-10-10 1722 SN5Y          599 96         DR2C          599 70        
QSO:  3500 CW 2022-10-10 1722 SN5Y          599 97         OK2PYA        599 72        
QSO:  3500 CW 2022-10-10 1723 SN5Y          599 98         OK7NV         599 66        
QSO:  3500 CW 2022-10-10 1724 SN5Y          599 99         SP2DKI        599 68        
QSO:  3500 CW 2022-10-10 1724 SN5Y          599 100        OM3TBG        599 1         
QSO:  3500 CW 2022-10-10 1725 SN5Y          599 101        OK2LF         599 96        
QSO:  3500 CW 2022-10-10 1725 SN5Y          599 102        SN1F          599 82        
QSO:  3500 CW 2022-10-10 1726 SN5Y          599 103        OM5KM         599 60        
QSO:  3500 CW 2022-10-10 1726 SN5Y          599 104        OK2EA         599 112       
QSO:  3500 CW 2022-10-10 1727 SN5Y          599 105        OK1OA         599 97        
QSO:  3500 CW 2022-10-10 1727 SN5Y          599 106        OM2KI         599 118       
QSO:  3500 CW 2022-10-10 1728 SN5Y          599 107        OK1RZ         599 64        
QSO:  3500 CW 2022-10-10 1728 SN5Y          599 108        OK1IBP        599 61        
QSO:  3500 CW 2022-10-10 1728 SN5Y          599 109        SP2XX         599 81        
QSO:  3500 CW 2022-10-10 1729 SN5Y          599 110        DJ9SN         599 85        
QSO:  3500 CW 2022-10-10 1729 SN5Y          599 111        OL8R          599 166       
END-OF-LOG:
