START-OF-LOG: 3.0
CREATED-BY: reconstructed-log-builder
CONTEST: WAG
CALLSIGN: RW4HFH
LOCATION: 
CATEGORY: CHECKLOG
CATEGORY-OPERATOR: SINGLE-OP
CATEGORY-BAND: ALL
CATEGORY-MODE: MIXED
CATEGORY-POWER: UNKNOWN
CATEGORY-ASSISTED: NON-ASSISTED
CATEGORY-TRANSMITTER: ONE
CATEGORY-STATION: UNKNOWN
CATEGORY-OVERLAY: 
OPERATORS: RW4HFH
CLAIMED-SCORE: 
CLUB: 
NAME: 
SOAPBOX: RECONSTRUCTED MOCKUP LOG - NOT AN OFFICIAL SUBMISSION.
SOAPBOX: Derived from submitted logs for WAG DARC/WAG/2020.
QSO:  7026 CW 2020-10-18 0140 RW4HFH        599 DL3UB         599 V22
QSO:  7026 CW 2020-10-18 0300 RW4HFH        599 002 DL6FBL        599 L06
QSO: 14009 CW 2020-10-18 0511 RW4HFH        599 3 DL3UB         599 V22
QSO: 14000 CW 2020-10-18 0535 RW4HFH        599 4 DJ2BC         599 V22
QSO: 14010 CW 2020-10-18 0557 RW4HFH        599 005 DL2DX         599 S07
QSO: 14224 PH 2020-10-18 0616 RW4HFH        59 006 DK0FR         59 A05
QSO: 14222 PH 2020-10-18 0618 RW4HFH        59 007 DL8L          59 K06
QSO: 14246 PH 2020-10-18 0624 RW4HFH        59 008 DL2MDU        59 C06
QSO: 14000 PH 2020-10-18 0653 RW4HFH        59 010 DG6SA         59 R24
QSO: 14001 CW 2020-10-18 0702 RW4HFH        599 012 DL5YM         599 Y21
QSO: 14000 CW 2020-10-18 0705 RW4HFH        599 013 DJ9AO         599 X22
QSO: 14006 CW 2020-10-18 0707 RW4HFH        599 014 DL8DYL        599 S01
QSO: 14008 CW 2020-10-18 0708 RW4HFH        599 015 DP4X          599 C26
QSO: 14000 CW 2020-10-18 0712 RW4HFH        599 016 DK1X          599 F35
QSO: 14026 CW 2020-10-18 0714 RW4HFH        599 017 DF3VM         599 Q05
QSO: 14027 CW 2020-10-18 0716 RW4HFH        599 018 DK0MM         599 CM19
QSO: 14032 CW 2020-10-18 0719 RW4HFH        599 019 DM3M          599 Q01
QSO: 14195 PH 2020-10-18 0721 RW4HFH        59 020 DF8XC         59 N01
QSO: 14203 PH 2020-10-18 0728 RW4HFH        59 100 DG1IU         59 A36
QSO: 14216 PH 2020-10-18 0731 RW4HFH        59 034 DP6T          59 F49
QSO: 14007 CW 2020-10-18 0733 RW4HFH        599 23 DL4FN         599 F35
QSO: 14014 CW 2020-10-18 0734 RW4HFH        599 024 DL5JQ         599 R25
QSO: 14021 CW 2020-10-18 0737 RW4HFH        599 25 DF0UK         599 A24
QSO: 14021 CW 2020-10-18 0739 RW4HFH        599 026 DL2VK         599 U07
QSO: 14022 CW 2020-10-18 0740 RW4HFH        599 027 DR0W          599 T13
QSO: 14032 CW 2020-10-18 0742 RW4HFH        599 028 DJ9MH         599 B10
QSO: 14033 CW 2020-10-18 0743 RW4HFH        599 029 DP6A          599 I49
QSO: 14036 CW 2020-10-18 0745 RW4HFH        599 030 DM4L          599 B41
QSO: 14052 CW 2020-10-18 0747 RW4HFH        599 031 DJ9KM         599 F27
QSO: 21000 CW 2020-10-18 0758 RW4HFH        599 032 DL1VDL        599 S06
QSO: 21000 CW 2020-10-18 0800 RW4HFH        599 033 DL2RTJ        599 X36
QSO: 21011 CW 2020-10-18 0802 RW4HFH        599 34 DL3UB         599 V22
QSO: 21011 CW 2020-10-18 0803 RW4HFH        599 035 DL4WA         599 X28
QSO: 21011 CW 2020-10-18 0804 RW4HFH        599 36 DR0W          599 T13
QSO: 21013 CW 2020-10-18 0805 RW4HFH        599 37 DR7T          599 O47
QSO: 21012 CW 2020-10-18 0807 RW4HFH        599 38 DR5X          599 M11
QSO: 21240 PH 2020-10-18 0809 RW4HFH        59 039 DL6FBL        59 L06
QSO: 21000 PH 2020-10-18 0813 RW4HFH        59 040 DG1OJ         59 H05
QSO: 21000 PH 2020-10-18 0815 RW4HFH        59 041 DL0AH         59 F01
QSO: 21007 CW 2020-10-18 0823 RW4HFH        599 042 DL8UAT        599 Y43
QSO: 21008 CW 2020-10-18 0824 RW4HFH        599 043 DL8DYL        599 S01
QSO: 21012 CW 2020-10-18 0826 RW4HFH        599 044 DA0BCC        599 BCC
QSO: 21013 CW 2020-10-18 0828 RW4HFH        599 45 DL2MDU        599 C06
QSO: 21000 CW 2020-10-18 0830 RW4HFH        599 46 DJ2BC         599 V22
QSO: 21019 CW 2020-10-18 0832 RW4HFH        599 47 DL4YR         599 N62
QSO: 21023 CW 2020-10-18 0833 RW4HFH        599 048 DF5A          599 V11
QSO: 21024 CW 2020-10-18 0835 RW4HFH        599 049 DL4HRM        599 W35
QSO: 21026 CW 2020-10-18 0839 RW4HFH        599 50 DF0UK         599 A24
QSO: 21000 CW 2020-10-18 0843 RW4HFH        599 051 DJ9AO         599 X22
QSO: 21010 CW 2020-10-18 0844 RW4HFH        599 052 DL6UHA        599 Y27
QSO: 21000 CW 2020-10-18 0846 RW4HFH        599 053 DL1BUG        599 Y15
QSO: 21039 CW 2020-10-18 0847 RW4HFH        599 054 DA0T          599 E38
QSO: 21000 PH 2020-10-18 0851 RW4HFH        59 056 DO4MM         59 I13
QSO: 21000 CW 2020-10-18 0854 RW4HFH        599 057 DJ9SN         599 C01
QSO: 21002 CW 2020-10-18 0856 RW4HFH        599 058 DD5M          599 C01
QSO: 21007 CW 2020-10-18 0858 RW4HFH        599 59 DL7JV         599 D08
QSO: 21000 CW 2020-10-18 0900 RW4HFH        599 060 DL8MKG        599 W13
QSO: 21000 CW 2020-10-18 0902 RW4HFH        599 061 DL2OE         599 Y15
QSO: 21010 CW 2020-10-18 0904 RW4HFH        599 062 DM4MN         599 R03
QSO: 21013 CW 2020-10-18 0905 RW4HFH        599 063 DL6MHW        599 W37
QSO: 21000 CW 2020-10-18 0910 RW4HFH        599 064 DM3F          599 S07
QSO: 21017 CW 2020-10-18 0912 RW4HFH        599 065 DP4X          599 C26
QSO: 21019 CW 2020-10-18 0914 RW4HFH        599 066 DL5YM         599 Y21
QSO: 21021 CW 2020-10-18 0916 RW4HFH        599 67 DL3SYA        599 V14
QSO: 21021 CW 2020-10-18 0917 RW4HFH        599 068 DL0MBG        599 X16
QSO: 21038 CW 2020-10-18 0919 RW4HFH        599 069 DL5JS         599 R01
QSO: 21000 CW 2020-10-18 0921 RW4HFH        599 070 DF6PB         599 K14
QSO: 21032 CW 2020-10-18 0922 RW4HFH        599 71 DR7T          599 O47
QSO: 21000 CW 2020-10-18 0924 RW4HFH        599 072 DL6ON         599 H05
QSO: 21029 CW 2020-10-18 0926 RW4HFH        599 73 DL3KUD        599 V14
QSO: 21025 CW 2020-10-18 0928 RW4HFH        599 74 DL6KVA        599 V01
QSO: 21023 CW 2020-10-18 0931 RW4HFH        599 75 DH7KU         599 C28
QSO: 21000 CW 2020-10-18 1040 RW4HFH        599 076 DM2TO         599 W22
QSO: 21004 CW 2020-10-18 1042 RW4HFH        599 077 DK6WL         599 C26
QSO: 21010 CW 2020-10-18 1044 RW4HFH        599 7 DL8QS         599 V22
QSO: 21018 CW 2020-10-18 1046 RW4HFH        599 079 DL3XM         599 S41
QSO: 21000 CW 2020-10-18 1050 RW4HFH        599 80 DL4MHA        599 C06
QSO: 21046 CW 2020-10-18 1054 RW4HFH        599 81 DL6DCX        599 G07
QSO: 21000 CW 2020-10-18 1057 RW4HFH        599 82 DQ1V          599 V19
QSO: 21013 CW 2020-10-18 1100 RW4HFH        599 083 DJ8EW         599 C25
QSO: 21029 CW 2020-10-18 1103 RW4HFH        599 84 DF0RW         599 R17
QSO: 21031 CW 2020-10-18 1135 RW4HFH        599 085 DF1MM         599 I18
QSO: 21040 CW 2020-10-18 1136 RW4HFH        599 86 DK9PY         599 K04
QSO: 21020 CW 2020-10-18 1138 RW4HFH        599 87 DF4XX         599 E38
QSO: 21020 CW 2020-10-18 1139 RW4HFH        599 088 DL5XJ         599 M30
QSO: 21036 CW 2020-10-18 1142 RW4HFH        599 089 DQ1A          599 L03
QSO: 21000 CW 2020-10-18 1145 RW4HFH        599 90 DD5DD         599 Z90
QSO: 21018 CW 2020-10-18 1148 RW4HFH        599 091 DJ2QV         599 C30
QSO: 21026 CW 2020-10-18 1320 RW4HFH        599 92 DF9LJ         599 M15
QSO: 21000 CW 2020-10-18 1323 RW4HFH        599 93 DL9ZOG        599 W09
QSO: 21020 CW 2020-10-18 1326 RW4HFH        599 94 DJ6TK         599 M03
QSO: 21010 CW 2020-10-18 1328 RW4HFH        599 95 DM7EE         599 H24
QSO: 21000 CW 2020-10-18 1335 RW4HFH        599 097 DL0CK         599 R04
QSO: 21036 CW 2020-10-18 1336 RW4HFH        599 98 DK5KK         599 L05
END-OF-LOG:
