START-OF-LOG: 3.0
CONTEST: SAC-CW
CALLSIGN: PT9DX
CATEGORY-OPERATOR: SINGLE-OP
CATEGORY-BAND: ALL
CATEGORY-POWER: LOW
OPERATORS: PT9DX
CLAIMED-SCORE: 858
CATEGORY-STATION: FIXED
CATEGORY-TRANSMITTER: ONE
CATEGORY-OVERLAY: 
CATEGORY-MODE: CW
NAME: Mario Borges Jr
QSO: 28016 CW 2025-09-20 1202 PT9DX         599      1 SJ2W          599      6 0
QSO: 28015 CW 2025-09-20 1204 PT9DX         599      2 OH8Z          599     13 0
QSO: 28032 CW 2025-09-20 1208 PT9DX         599      3 OH7K          599      6 0
QSO: 28029 CW 2025-09-20 1209 PT9DX         599      4 OH3Z          599      9 0
QSO: 28016 CW 2025-09-20 1212 PT9DX         599      5 OH5Z          599     41 0
QSO: 28010 CW 2025-09-20 1217 PT9DX         599      6 TF3W          599     46 0
QSO: 28030 CW 2025-09-20 1220 PT9DX         599      7 LA9OI         599      2 0
QSO: 28003 CW 2025-09-20 1225 PT9DX         599      8 OH3MC         599      8 0
QSO: 28021 CW 2025-09-20 1229 PT9DX         599      9 OZ5W          599     31 0
QSO: 28036 CW 2025-09-20 1232 PT9DX         599     10 OH3AA         599     25 0
QSO: 21013 CW 2025-09-20 1235 PT9DX         599     11 SE5E          599    110 0
QSO: 28026 CW 2025-09-20 1511 PT9DX         599     12 OZ7BG         599      2 0
QSO: 28026 CW 2025-09-20 1512 PT9DX         599     13 OH3KAV        599     84 0
QSO: 28019 CW 2025-09-20 1516 PT9DX         599     14 OH6OS         599    285 0
QSO: 28011 CW 2025-09-20 1521 PT9DX         599     15 OZ1AAR        599    209 0
QSO: 28004 CW 2025-09-20 1522 PT9DX         599     16 SC7DX         599    111 0
QSO: 28033 CW 2025-09-20 1542 PT9DX         599     17 LA9GX         599    105 0
QSO: 28031 CW 2025-09-20 1542 PT9DX         599     18 SK3W          599    211 0
QSO: 28029 CW 2025-09-20 1544 PT9DX         599     19 OH6RX         599    459 0
QSO: 28030 CW 2025-09-20 1549 PT9DX         599     20 OH0V          599    523 0
QSO: 14007 CW 2025-09-20 2002 PT9DX         599     21 OG5O          599    506 0
QSO: 14022 CW 2025-09-20 2032 PT9DX         599     22 SK3W          599    555 0
QSO: 14024 CW 2025-09-20 2033 PT9DX         599     23 OZ5W          599    424 0
QSO: 14032 CW 2025-09-20 2039 PT9DX         599     24 SE5E          599   1088 0
QSO: 14027 CW 2025-09-20 2116 PT9DX         599     25 SM6NT         599    437 0
QSO: 14029 CW 2025-09-20 2119 PT9DX         599     26 OH7K          599    629 0
QSO: 14027 CW 2025-09-20 2119 PT9DX         599     27 OH2BA         599    415 0
QSO: 14028 CW 2025-09-20 2120 PT9DX         599     28 OH1RX         599    452 0
QSO: 14026 CW 2025-09-20 2121 PT9DX         599     29 SM4HFI        599    416 0
QSO: 14032 CW 2025-09-21 0218 PT9DX         599     30 OH0Z          599   1373 0
QSO:  7011 CW 2025-09-21 0226 PT9DX         599     31 OH0Z          599   1379 0
END-OF-LOG: