START-OF-LOG: 3.0
CREATED-BY: reconstructed-log-builder
CONTEST: IARU-HF
CALLSIGN: DD5MA
LOCATION: 
CATEGORY: CHECKLOG
CATEGORY-OPERATOR: SINGLE-OP
CATEGORY-BAND: ALL
CATEGORY-MODE: MIXED
CATEGORY-POWER: UNKNOWN
CATEGORY-ASSISTED: NON-ASSISTED
CATEGORY-TRANSMITTER: ONE
CATEGORY-STATION: UNKNOWN
CATEGORY-OVERLAY: 
OPERATORS: DD5MA
CLAIMED-SCORE: 
CLUB: 
NAME: 
SOAPBOX: RECONSTRUCTED MOCKUP LOG - NOT AN OFFICIAL SUBMISSION.
SOAPBOX: Derived from submitted logs for IARU-HF ARRL/iaru_hf_world_championship/2018.
QSO:  7178 PH 2018-07-14 1325 DD5MA         59 28 DA0HQ         59 DARC
QSO:  3645 PH 2018-07-14 1327 DD5MA         59 28 DA0HQ         59 DARC
QSO: 14265 PH 2018-07-14 1329 DD5MA         59 28 DA0HQ         59 DARC
QSO: 14213 PH 2018-07-14 1409 DD5MA         59 28 R8TT          59 30
QSO: 14245 PH 2018-07-14 1458 DD5MA         59 28 TM0HQ         59 REF
QSO:  7126 PH 2018-07-14 1502 DD5MA         59 28 YT0HQ         59 SRS
QSO: 21310 PH 2018-07-14 1505 DD5MA         59 28 EC3AIT        59 37
QSO: 14347 PH 2018-07-14 1629 DD5MA         59 28 SX0HQ         59 RAAG
QSO: 14321 PH 2018-07-14 1632 DD5MA         59 28 CR6K          59 37
QSO: 14234 PH 2018-07-14 1638 DD5MA         59 28 ED7R          59 37
QSO: 14191 PH 2018-07-14 1643 DD5MA         59 28 8S0C          59 18
QSO: 14188 PH 2018-07-14 1644 DD5MA         59 28 SI3A          59 18
QSO: 14185 PH 2018-07-14 1645 DD5MA         59 28 RW0AR         59 32
QSO: 14258 PH 2018-07-14 1654 DD5MA         59 28 OG7A          59 18
QSO:  7092 PH 2018-07-15 1120 DD5MA         59 28 Y82B          59 28
QSO:  7099 PH 2018-07-15 1122 DD5MA         59 28 Y84O          59 28
QSO:  7071 PH 2018-07-15 1125 DD5MA         59 28 Y89U          59 28
QSO:  7090 PH 2018-07-15 1126 DD5MA         59 28 Y84C          59 28
QSO:  7113 PH 2018-07-15 1127 DD5MA         59 28 Y81K          59 28
QSO:  7003 CW 2018-07-15 1133 DD5MA         599 28 DA0HQ         599 DARC
QSO:  3511 CW 2018-07-15 1134 DD5MA         599 28 DA0HQ         599 DARC
QSO: 14032 CW 2018-07-15 1138 DD5MA         599 28 DA0HQ         599 DARC
QSO: 21281 PH 2018-07-15 1146 DD5MA         59 28 DA0HQ         59 DARC
QSO:  7083 PH 2018-07-15 1151 DD5MA         59 28 Y82D          59 28
END-OF-LOG:
