START-OF-LOG: 3.0
CREATED-BY: reconstructed-log-builder
CONTEST: IARU-HF
CALLSIGN: ZL4TT
LOCATION: 
CATEGORY: CHECKLOG
CATEGORY-OPERATOR: SINGLE-OP
CATEGORY-BAND: ALL
CATEGORY-MODE: MIXED
CATEGORY-POWER: UNKNOWN
CATEGORY-ASSISTED: NON-ASSISTED
CATEGORY-TRANSMITTER: ONE
CATEGORY-STATION: UNKNOWN
CATEGORY-OVERLAY: 
OPERATORS: ZL4TT
CLAIMED-SCORE: 
CLUB: 
NAME: 
SOAPBOX: RECONSTRUCTED MOCKUP LOG - NOT AN OFFICIAL SUBMISSION.
SOAPBOX: Derived from submitted logs for IARU-HF ARRL/iaru_hf_world_championship/2018.
QSO: 14000 CW 2018-07-14 2055 ZL4TT         599 60 LY0HQ         599 LRMD
QSO: 14000 CW 2018-07-14 2103 ZL4TT         599 60 SN0HQ         599 PZK
QSO: 14031 CW 2018-07-14 2107 ZL4TT         599 60 GR2HQ         599 RSGB
QSO: 14061 CW 2018-07-14 2112 ZL4TT         599 60 OL7T          599 28
QSO: 14003 CW 2018-07-14 2124 ZL4TT         599 60 OP0HQ         599 UBA
QSO: 14007 CW 2018-07-14 2128 ZL4TT         599 60 OG2P          599 18
QSO: 14014 CW 2018-07-14 2133 ZL4TT         599 60 TM0HQ         599 REF
QSO: 14017 CW 2018-07-14 2138 ZL4TT         599 60 Y82M          599 28
QSO: 14029 CW 2018-07-14 2140 ZL4TT         599 60 HA3LN         599 28
QSO: 14029 CW 2018-07-14 2141 ZL4TT         599 60 UW1M          599 29
QSO: 14032 CW 2018-07-14 2144 ZL4TT         599 60 DA0HQ         599 DARC
QSO: 14047 CW 2018-07-14 2150 ZL4TT         599 60 UA4M          599 29
QSO: 14047 CW 2018-07-14 2151 ZL4TT         599 60 N3QE          599 08
QSO: 14047 CW 2018-07-14 2151 ZL4TT         599 60 UW3U          599 29
QSO: 14047 CW 2018-07-14 2152 ZL4TT         599 60 IZ8VYU        599 28
QSO: 14047 CW 2018-07-14 2154 ZL4TT         599 60 SP4JCQ        599 28
QSO: 14046 CW 2018-07-14 2155 ZL4TT         599 60 DK5DQ         599 28
QSO: 14000 CW 2018-07-14 2156 ZL4TT         599 60 DJ3HW         599 R1
QSO: 14047 CW 2018-07-14 2156 ZL4TT         599 60 OH2HQ         599 SRAL
QSO: 14046 CW 2018-07-14 2157 ZL4TT         599 60 DK0MM         599 28
QSO: 14047 CW 2018-07-14 2157 ZL4TT         599 60 S50HQ         599 ZRS
QSO: 14047 CW 2018-07-14 2158 ZL4TT         599 60 N5ZO          599 06
QSO: 14046 CW 2018-07-14 2159 ZL4TT         599 60 DL4WA         599 28
QSO: 14046 CW 2018-07-14 2201 ZL4TT         599 60 RM4F          599 29
QSO: 14047 CW 2018-07-14 2202 ZL4TT         599 60 YR0HQ         599 FRR
QSO: 14046 CW 2018-07-14 2203 ZL4TT         599 60 Y82V          599 28
QSO: 14049 CW 2018-07-14 2208 ZL4TT         599 60 UA4S          599 29
QSO: 14049 CW 2018-07-14 2208 ZL4TT         599 60 YL5X          599 29
QSO: 14000 CW 2018-07-14 2210 ZL4TT         599 60 IV3DXW        599 28
QSO: 14049 CW 2018-07-14 2211 ZL4TT         599 60 W4MYA         599 08
QSO: 14048 CW 2018-07-14 2212 ZL4TT         599 60 SQ8N          599 28
QSO: 14048 CW 2018-07-14 2213 ZL4TT         599 60 DK1AX         599 28
QSO: 14048 CW 2018-07-14 2214 ZL4TT         599 60 RW9DX         599 30
QSO: 14000 CW 2018-07-14 2215 ZL4TT         599 60 IZ3NYG        599 28
QSO: 14049 CW 2018-07-14 2216 ZL4TT         599 60 OZ1HQ         599 EDR
QSO: 14048 CW 2018-07-14 2217 ZL4TT         599 60 SP2LNW        599 28
QSO: 14048 CW 2018-07-14 2218 ZL4TT         599 60 EF4HQ         599 URE
QSO: 14049 CW 2018-07-14 2218 ZL4TT         599 60 SP2GWH        599 28
QSO: 14000 CW 2018-07-14 2219 ZL4TT         599 60 YR33A         599 28
QSO: 14048 CW 2018-07-14 2219 ZL4TT         599 60 RX7K          599 29
QSO: 14049 CW 2018-07-14 2219 ZL4TT         599 60 RM2U          599 29
QSO: 14048 CW 2018-07-14 2220 ZL4TT         599 60 TK5MH         599 28
QSO: 14048 CW 2018-07-14 2221 ZL4TT         599 60 EM5HQ         599 UARL
QSO: 14048 CW 2018-07-14 2221 ZL4TT         599 60 OG6N          599 18
QSO: 14000 CW 2018-07-14 2227 ZL4TT         599 60 OK2HBY        599 28
QSO: 14050 CW 2018-07-14 2309 ZL4TT         599 60 EA1VM         599 37
QSO: 14063 CW 2018-07-14 2309 ZL4TT         599 60 S57DX         599 28
QSO: 14019 CW 2018-07-14 2316 ZL4TT         599 60 LZ7HQ         599 BFRA
QSO: 14021 CW 2018-07-14 2316 ZL4TT         599 60 LZ1QN         599 28
QSO: 14023 CW 2018-07-14 2318 ZL4TT         599 60 YT0HQ         599 SRS
QSO: 14024 CW 2018-07-14 2319 ZL4TT         599 60 OM7M          599 28
QSO: 14025 CW 2018-07-14 2320 ZL4TT         599 60 IO5HQ         599 ARI
QSO: 14030 CW 2018-07-14 2321 ZL4TT         599 60 OL8HQ         599 CRC
QSO: 14035 CW 2018-07-14 2321 ZL4TT         599 60 HA1AG         599 28
QSO: 14000 CW 2018-07-14 2322 ZL4TT         599 60 IK3UNA        599 28
QSO: 14044 CW 2018-07-14 2324 ZL4TT         599 60 OE0HQ         599 OVSV
QSO: 14053 CW 2018-07-14 2326 ZL4TT         599 60 Y84Q          599 28
QSO: 14064 CW 2018-07-14 2327 ZL4TT         599 60 Y87L          599 28
QSO: 14068 CW 2018-07-14 2329 ZL4TT         599 60 E7DX          599 28
QSO: 14008 CW 2018-07-15 0131 ZL4TT         599 60 HG0HQ         599 MRASZ
QSO: 14016 CW 2018-07-15 0134 ZL4TT         599 60 N7QT          599 06
QSO: 14016 CW 2018-07-15 0135 ZL4TT         599 60 Y83O          599 28
QSO: 14016 CW 2018-07-15 0137 ZL4TT         599 60 DL3DTH        599 28
QSO: 14016 CW 2018-07-15 0137 ZL4TT         599 60 Y81A          599 28
QSO: 14016 CW 2018-07-15 0138 ZL4TT         599 60 9A0HQ         599 HRS
QSO: 14016 CW 2018-07-15 0138 ZL4TT         599 60 VK5GR         599 59
QSO: 14016 CW 2018-07-15 0139 ZL4TT         599 60 Y83V          599 28
QSO: 14016 CW 2018-07-15 0142 ZL4TT         599 60 N8OO          599 07
QSO: 14016 CW 2018-07-15 0145 ZL4TT         599 60 VU2PTT        599 41
QSO: 14016 CW 2018-07-15 0146 ZL4TT         599 60 AA4DD         599 08
QSO: 14016 CW 2018-07-15 0146 ZL4TT         599 60 LZ4AW         599 28
QSO: 14016 CW 2018-07-15 0148 ZL4TT         599 60 Y86W          599 28
QSO: 14000 CW 2018-07-15 0149 ZL4TT         599 60 W1JQ          599 08
QSO: 14016 CW 2018-07-15 0150 ZL4TT         599 60 Y84X          599 28
QSO: 14016 CW 2018-07-15 0151 ZL4TT         599 60 K5CM          599 07
QSO: 14016 CW 2018-07-15 0151 ZL4TT         599 60 K9OM          599 08
QSO: 14000 CW 2018-07-15 0152 ZL4TT         599 60 F8DRE         599 27
QSO: 14016 CW 2018-07-15 0152 ZL4TT         599 60 NX5M          599 7
QSO: 14016 CW 2018-07-15 0154 ZL4TT         599 60 N3RS          599 08
QSO: 14017 CW 2018-07-15 0155 ZL4TT         599 60 ZL6HQ         599 NZART
QSO: 14016 CW 2018-07-15 0157 ZL4TT         599 60 N4BP          599 08
QSO: 14016 CW 2018-07-15 0159 ZL4TT         599 60 N2CW          599 08
QSO: 14016 CW 2018-07-15 0200 ZL4TT         599 60 DK0SU         599 28
QSO: 14016 CW 2018-07-15 0200 ZL4TT         599 60 W9KKN         599 06
QSO: 14000 CW 2018-07-15 0207 ZL4TT         599 60 CO6RD         599 11
QSO: 14055 CW 2018-07-15 0210 ZL4TT         599 60 NU1AW/9       599 IARU
QSO:  7023 CW 2018-07-15 0214 ZL4TT         599 60 R3HQ          599 SRR
QSO: 14043 CW 2018-07-15 0223 ZL4TT         599 60 EA5KV         599 37
QSO: 14045 CW 2018-07-15 0225 ZL4TT         599 60 E21YDP        599 49
QSO:  7003 CW 2018-07-15 0244 ZL4TT         599 60 DA0HQ         599 DARC
QSO:  7004 CW 2018-07-15 0245 ZL4TT         599 60 OH2HQ         599 SRAL
QSO:  7010 CW 2018-07-15 0247 ZL4TT         599 60 9A0HQ         599 HRS
QSO:  7000 CW 2018-07-15 0249 ZL4TT         599 60 YL4HQ         599 LRAL
QSO:  7026 CW 2018-07-15 0250 ZL4TT         599 60 S50HQ         599 ZRS
QSO:  7028 CW 2018-07-15 0253 ZL4TT         599 60 LY6A          599 29
QSO:  7031 CW 2018-07-15 0254 ZL4TT         599 60 LY9Y          599 29
QSO:  7048 CW 2018-07-15 0256 ZL4TT         599 60 HG6N          599 28
QSO:  7050 CW 2018-07-15 0256 ZL4TT         599 60 P33W          599 39
QSO:  7053 CW 2018-07-15 0258 ZL4TT         599 60 E7DX          599 28
QSO: 14002 CW 2018-07-15 0259 ZL4TT         599 60 P33W          599 39
QSO: 14012 CW 2018-07-15 0259 ZL4TT         599 60 F5MUX         599 27
QSO: 14028 CW 2018-07-15 0302 ZL4TT         599 60 WA4JUK        599 08
QSO: 14033 CW 2018-07-15 0304 ZL4TT         599 60 WA7NWL        599 06
QSO: 14033 CW 2018-07-15 0305 ZL4TT         599 60 VK3GK         599 59
QSO: 14000 CW 2018-07-15 0306 ZL4TT         599 60 VK3MV         599 R3
QSO: 14033 CW 2018-07-15 0306 ZL4TT         599 60 K6WSC         599 06
QSO: 14000 CW 2018-07-15 0307 ZL4TT         599 60 WR1B          599 08
QSO: 14033 CW 2018-07-15 0307 ZL4TT         599 60 K2RK          599 8
QSO: 14033 CW 2018-07-15 0308 ZL4TT         599 60 N2ZN          599 08
QSO: 14033 CW 2018-07-15 0309 ZL4TT         599 60 KG7CW         599 06
QSO: 14033 CW 2018-07-15 0309 ZL4TT         599 60 RC6U          599 29
QSO: 14033 CW 2018-07-15 0310 ZL4TT         599 60 N1EN          599 08
QSO: 14033 CW 2018-07-15 0312 ZL4TT         599 60 K6GHA         599 06
QSO: 14033 CW 2018-07-15 0314 ZL4TT         599 60 NX1P          599 06
QSO: 14033 CW 2018-07-15 0314 ZL4TT         599 60 WA1FCN        599 8
QSO: 14033 CW 2018-07-15 0329 ZL4TT         599 60 K0RF          599 07
QSO: 14033 CW 2018-07-15 0330 ZL4TT         599 60 VE7SAR        599 02
QSO: 14033 CW 2018-07-15 0330 ZL4TT         599 60 W4HZD         599 08
QSO: 14033 CW 2018-07-15 0331 ZL4TT         599 60 K7SS          599 06
QSO: 14033 CW 2018-07-15 0331 ZL4TT         599 60 N3AD          599 08
QSO: 14033 CW 2018-07-15 0332 ZL4TT         599 60 N0NI          599 07
QSO: 14033 CW 2018-07-15 0332 ZL4TT         599 60 W5RZ          599 07
QSO: 14000 CW 2018-07-15 0336 ZL4TT         599 60 W1AW/4        599 ARRL
QSO: 14033 CW 2018-07-15 0339 ZL4TT         599 60 W8NOR         599 6
QSO: 14033 CW 2018-07-15 0340 ZL4TT         599 60 AB0S          599 07
QSO: 14033 CW 2018-07-15 0340 ZL4TT         599 60 AB9YC         599 08
QSO: 14033 CW 2018-07-15 0340 ZL4TT         599 60 WB4TDH        599 8
QSO: 14000 CW 2018-07-15 0342 ZL4TT         599 60 WA5SOG        599 07
QSO: 14033 CW 2018-07-15 0342 ZL4TT         599 60 K3WJV         599 08
QSO: 14000 CW 2018-07-15 0343 ZL4TT         599 60 N8II          599 08
QSO: 14033 CW 2018-07-15 0343 ZL4TT         599 60 N8BJQ         599 08
QSO: 14033 CW 2018-07-15 0344 ZL4TT         599 60 ZM4G          599 60
QSO: 14033 CW 2018-07-15 0346 ZL4TT         599 60 W1PR          599 06
QSO:  7015 CW 2018-07-15 0348 ZL4TT         599 60 S57DX         599 28
QSO:  7016 CW 2018-07-15 0349 ZL4TT         599 60 YR0HQ         599 FRR
QSO:  7022 CW 2018-07-15 0350 ZL4TT         599 60 LZ7HQ         599 BFRA
QSO:  7032 CW 2018-07-15 0352 ZL4TT         599 60 ZL6HQ         599 NZART
QSO:  7038 CW 2018-07-15 0353 ZL4TT         599 60 WO4O          599 08
QSO:  7059 CW 2018-07-15 0355 ZL4TT         599 60 ZV5O          599 15
QSO: 14021 CW 2018-07-15 0357 ZL4TT         599 60 RA7A          599 29
QSO: 14021 CW 2018-07-15 0358 ZL4TT         599 60 R2AA          599 29
QSO: 14029 CW 2018-07-15 0359 ZL4TT         599 60 RG6G          599 29
QSO: 14034 CW 2018-07-15 0359 ZL4TT         599 60 N0AT          599 7
QSO: 14049 CW 2018-07-15 0400 ZL4TT         599 60 K8MP          599 8
QSO:  7006 CW 2018-07-15 0407 ZL4TT         599 60 Z30HQ         599 RSM
QSO:  7012 CW 2018-07-15 0408 ZL4TT         599 60 HG0HQ         599 MRASZ
QSO:  7014 CW 2018-07-15 0410 ZL4TT         599 60 OM7M          599 28
QSO:  7029 CW 2018-07-15 0414 ZL4TT         599 60 IO4HQ         599 ARI
QSO:  7042 CW 2018-07-15 0415 ZL4TT         599 60 K1XM          599 08
QSO:  7000 CW 2018-07-15 0417 ZL4TT         599 60 K5UZ          599 07
QSO:  7051 CW 2018-07-15 0418 ZL4TT         599 60 W1TJL         599 08
QSO:  7052 CW 2018-07-15 0418 ZL4TT         599 60 N2ZN          599 08
QSO:  7057 CW 2018-07-15 0420 ZL4TT         599 60 HB0HQ         599 AFVL
END-OF-LOG:
