START-OF-LOG: 3.0
CREATED-BY: reconstructed-log-builder
CONTEST: CQ-WW-SSB
CALLSIGN: JL1SAM
LOCATION: 
CATEGORY: CHECKLOG
CATEGORY-OPERATOR: SINGLE-OP
CATEGORY-BAND: ALL
CATEGORY-MODE: MIXED
CATEGORY-POWER: UNKNOWN
CATEGORY-ASSISTED: NON-ASSISTED
CATEGORY-TRANSMITTER: ONE
CATEGORY-STATION: UNKNOWN
CATEGORY-OVERLAY: 
OPERATORS: JL1SAM
CLAIMED-SCORE: 
CLUB: 
NAME: 
SOAPBOX: RECONSTRUCTED MOCKUP LOG - NOT AN OFFICIAL SUBMISSION.
SOAPBOX: Derived from submitted logs for CQ-WW-SSB CQWW/ph/2010.
QSO: 21000 PH 2010-10-30 0323 JL1SAM        59 25 FO8RZ         59 32
QSO: 21000 PH 2010-10-30 0344 JL1SAM        59 25 V84CQ         59 28
QSO: 21298 PH 2010-10-30 0348 JL1SAM        59 25 NH2T          59 27
QSO: 21000 PH 2010-10-30 0350 JL1SAM        59 25 WH2D          59 27
QSO: 21290 PH 2010-10-30 0350 JL1SAM        59 25 AH0BT         59 27
QSO: 21000 PH 2010-10-30 0354 JL1SAM        59 25 WH7Z          59 31
QSO: 21000 PH 2010-10-30 0356 JL1SAM        59 25 YE2R          59 28
QSO: 21200 PH 2010-10-30 0357 JL1SAM        59 25 BV100         59 24
QSO: 28000 PH 2010-10-30 0400 JL1SAM        59 25 WH2DX         59 27
QSO: 28487 PH 2010-10-30 0401 JL1SAM        59 25 NH2T          59 27
QSO: 28457 PH 2010-10-30 0403 JL1SAM        59 25 AH0BT         59 27
QSO:  7000 PH 2010-10-30 1203 JL1SAM        59 25 NL8F          59 1
QSO:  7000 PH 2010-10-30 1205 JL1SAM        59 25 WH2D          59 27
QSO:  7072 PH 2010-10-30 1210 JL1SAM        59 25 HK1T          59 9
QSO:  7000 PH 2010-10-30 1227 JL1SAM        59 25 TI5N          59 7
QSO:  3500 PH 2010-10-30 1242 JL1SAM        59 25 YE2R          59 28
QSO:  3790 PH 2010-10-30 1242 JL1SAM        59 25 W0UA          59 4
QSO:  3769 PH 2010-10-30 1246 JL1SAM        59 25 8N5A          59 25
QSO:  3763 PH 2010-10-30 1247 JL1SAM        59 25 AH0BT         59 27
QSO:  3803 PH 2010-10-30 1250 JL1SAM        59 25 K7RL          59 3
QSO:  3797 PH 2010-10-30 1253 JL1SAM        59 25 BV100         59 24
QSO:  3500 PH 2010-10-30 1254 JL1SAM        59 25 WH2DX         59 27
QSO:  7153 PH 2010-10-30 1305 JL1SAM        59 25 DU1IVT        59 27
QSO:  7000 PH 2010-10-30 1313 JL1SAM        59 25 OH0JFP        59 15
QSO:  7000 PH 2010-10-30 1325 JL1SAM        59 25 UN9L          59 17
QSO:  7078 PH 2010-10-30 1326 JL1SAM        59 25 AH0BT         59 27
QSO:  7000 PH 2010-10-30 1327 JL1SAM        59 25 4B2S          59 06
QSO:  7068 PH 2010-10-30 1331 JL1SAM        59 25 SP4TKR        59 15
QSO:  3795 PH 2010-10-30 1340 JL1SAM        59 25 BY4QA         59 24
QSO:  7000 PH 2010-10-30 1348 JL1SAM        59 25 LY7A          59 15
QSO:  7147 PH 2010-10-30 1354 JL1SAM        59 25 YL3FT         59 15
QSO:  7167 PH 2010-10-30 1401 JL1SAM        59 25 JT5DX         59 23
QSO:  7000 PH 2010-10-30 1402 JL1SAM        59 25 US0HZ         59 16
QSO:  7000 PH 2010-10-30 1404 JL1SAM        59 25 9M8Z          59 28
QSO:  7066 PH 2010-10-30 1409 JL1SAM        59 25 UP0L          59 17
QSO:  7057 PH 2010-10-30 1411 JL1SAM        59 25 OH8A          59 15
QSO:  7053 PH 2010-10-30 1412 JL1SAM        59 25 OH0V          59 15
QSO:  7000 PH 2010-10-30 1414 JL1SAM        59 25 OH6M          59 15
QSO:  7000 PH 2010-10-30 1416 JL1SAM        59 25 YT1VP         59 15
QSO:  7000 PH 2010-10-30 1425 JL1SAM        59 25 DL3EA         59 14
QSO:  7146 PH 2010-10-30 1431 JL1SAM        59 25 PA1AW         59 14
QSO:  7000 PH 2010-10-30 1434 JL1SAM        59 25 TM9R          59 14
QSO:  7000 PH 2010-10-30 1438 JL1SAM        59 25 S51CK         59 15
QSO:  7099 PH 2010-10-30 1443 JL1SAM        59 25 S57DX         59 15
QSO:  7000 PH 2010-10-30 1445 JL1SAM        59 25 DJ7WW         59 14
QSO:  7089 PH 2010-10-30 1446 JL1SAM        59 25 UW1M          59 16
QSO: 21347 PH 2010-10-30 2250 JL1SAM        59 25 HC8A          59 10
QSO: 21206 PH 2010-10-30 2305 JL1SAM        59 25 VP5T          59 8
QSO: 14292 PH 2010-10-30 2308 JL1SAM        59 25 PJ4X          59 09
QSO: 21319 PH 2010-10-30 2343 JL1SAM        59 25 V31BD         59 7
QSO: 14000 PH 2010-10-31 0003 JL1SAM        59 25 TI5N          59 7
QSO: 14000 PH 2010-10-31 0016 JL1SAM        59 25 FY5KE         59 9
QSO: 14000 PH 2010-10-31 0018 JL1SAM        59 25 V63CJB        59 27
QSO: 28492 PH 2010-10-31 0240 JL1SAM        59 25 V6B           59 27
QSO: 28000 PH 2010-10-31 0247 JL1SAM        59 25 FO8RZ         59 32
QSO: 28000 PH 2010-10-31 0249 JL1SAM        59 25 VR2ZQZ/P      59 24
QSO: 28454 PH 2010-10-31 0252 JL1SAM        59 25 3 VK4UC         59 30
QSO: 28465 PH 2010-10-31 0255 JL1SAM        59 25 DU1IVT        59 27
QSO: 28470 PH 2010-10-31 0256 JL1SAM        59 25 VK1CC         59 30
QSO: 28500 PH 2010-10-31 0258 JL1SAM        59 25 3D2A          59 32
QSO: 28000 PH 2010-10-31 0300 JL1SAM        59 25 DU1EV         59 27
QSO: 28515 PH 2010-10-31 0302 JL1SAM        59 25 VK4KW         59 30
QSO: 21197 PH 2010-10-31 0342 JL1SAM        59 25 S79K          59 39
QSO: 21296 PH 2010-10-31 0406 JL1SAM        59 25 5R8X          59 39
QSO: 21202 PH 2010-10-31 0411 JL1SAM        59 25 A73A          59 21
QSO: 14212 PH 2010-10-31 0548 JL1SAM        59 25 C91WW         59 37
QSO: 21300 PH 2010-10-31 0554 JL1SAM        59 25 ER0WW         59 16
QSO: 21000 PH 2010-10-31 0557 JL1SAM        59 25 EK3SA         59 21
QSO: 21237 PH 2010-10-31 0608 JL1SAM        59 25 YU5A          59 15
QSO: 21000 PH 2010-10-31 0609 JL1SAM        59 25 E77A          59 15
QSO: 21000 PH 2010-10-31 0611 JL1SAM        59 25 ES5RY         59 15
QSO: 21255 PH 2010-10-31 0738 JL1SAM        59 25 T70A          59 15
QSO:  3500 PH 2010-10-31 0806 JL1SAM        59 25 L46V          59 13
QSO: 21181 PH 2010-10-31 0839 JL1SAM        59 25 CN3A          59 33
QSO: 21189 PH 2010-10-31 0841 JL1SAM        59 25 DG8AM         59 14
QSO:  7133 PH 2010-10-31 0844 JL1SAM        59 25 OA4SS         59 10
QSO:  7131 PH 2010-10-31 0846 JL1SAM        59 25 CW5W          59 13
QSO:  3500 PH 2010-10-31 0909 JL1SAM        59 25 CE1A          59 12
QSO:  7097 PH 2010-10-31 1053 JL1SAM        59 25 PJ2T          59 9
END-OF-LOG:
