START-OF-LOG: 3.0
CREATED-BY: reconstructed-log-builder
CONTEST: CQ-WPX-SSB
CALLSIGN: I0KHY
LOCATION: 
CATEGORY: CHECKLOG
CATEGORY-OPERATOR: SINGLE-OP
CATEGORY-BAND: ALL
CATEGORY-MODE: MIXED
CATEGORY-POWER: UNKNOWN
CATEGORY-ASSISTED: NON-ASSISTED
CATEGORY-TRANSMITTER: ONE
CATEGORY-STATION: UNKNOWN
CATEGORY-OVERLAY: 
OPERATORS: I0KHY
CLAIMED-SCORE: 
CLUB: 
NAME: 
SOAPBOX: RECONSTRUCTED MOCKUP LOG - NOT AN OFFICIAL SUBMISSION.
SOAPBOX: Derived from submitted logs for CQ-WPX-SSB CQWPX/ph/2017.
QSO:  7140 PH 2017-03-25 0817 I0KHY         59 0002 S5100LIONS    59 0270
QSO: 14318 PH 2017-03-25 0824 I0KHY         59 0013 EV1R          59 0417
QSO: 14295 PH 2017-03-25 0825 I0KHY         59 014 YL2BJ         59 0065
QSO: 14205 PH 2017-03-25 0828 I0KHY         59 015 OF5Z          59 0196
QSO: 14189 PH 2017-03-25 0829 I0KHY         59 016 TC2MK         59 474
QSO: 14156 PH 2017-03-25 0831 I0KHY         59 0018 ED7R          59 0195
QSO:  7168 PH 2017-03-25 1149 I0KHY         59 0022 EF3T          59 0432
QSO:  7182 PH 2017-03-25 1152 I0KHY         59 023 II9P          59 0874
QSO:  7102 PH 2017-03-25 1154 I0KHY         59 025 OE7AJT        59 077
QSO: 21280 PH 2017-03-25 1156 I0KHY         59 0025 D41CV         59 0462
QSO: 21354 PH 2017-03-25 1158 I0KHY         59 0027 PV2P          59 0306
QSO: 21360 PH 2017-03-25 1158 I0KHY         59 026 PX2B          59 0431
QSO: 21340 PH 2017-03-25 1200 I0KHY         59 0028 ZV5O          59 0266
QSO: 21270 PH 2017-03-25 1201 I0KHY         59 029 PW2D          59 0393
QSO: 21193 PH 2017-03-25 1203 I0KHY         59 0030 PR7AA         59 0696
QSO: 21234 PH 2017-03-25 1203 I0KHY         59 0031 PQ5B          59 0774
QSO: 21282 PH 2017-03-25 1206 I0KHY         59 032 ZX5J          59 1260
QSO: 14000 PH 2017-03-25 1209 I0KHY         59 33 UT3EV         59 270
QSO: 14330 PH 2017-03-25 1212 I0KHY         59 035 RT5K          59 0706
QSO: 14334 PH 2017-03-25 1212 I0KHY         59 034 LB8IB         59 384
QSO: 14306 PH 2017-03-25 1213 I0KHY         59 000 SZ5RDS        59 000
QSO: 14294 PH 2017-03-25 1215 I0KHY         59 0036 NV9L          59 0868
QSO: 14284 PH 2017-03-25 1216 I0KHY         59 0038 LY27A         59 0349
QSO: 14264 PH 2017-03-25 1217 I0KHY         59 039 EA1XT         59 0091
QSO: 14245 PH 2017-03-25 1417 I0KHY         59 0040 OG73X         59 0772
QSO: 14236 PH 2017-03-25 1419 I0KHY         59 41 UP0L          59 1482
QSO: 14000 PH 2017-03-25 1420 I0KHY         59 042 YL1ZT         59 350
QSO: 14220 PH 2017-03-25 1421 I0KHY         59 043 CN3A          59 984
QSO: 14178 PH 2017-03-25 1431 I0KHY         59 045 C4W           59 1025
QSO: 14159 PH 2017-03-25 1432 I0KHY         59 0046 UR3GU         59 0639
QSO: 14137 PH 2017-03-25 1437 I0KHY         59 047 RL4A          59 275
QSO: 14000 PH 2017-03-25 1438 I0KHY         59 048 RZ3LC         59 031
QSO: 14000 PH 2017-03-25 1439 I0KHY         59 049 RJ3AA         59 066
QSO: 14119 PH 2017-03-25 1441 I0KHY         59 0050 RA3DAD        59 0283
QSO: 14114 PH 2017-03-25 1442 I0KHY         59 0051 RN3TT         59 0671
QSO: 14238 PH 2017-03-25 1443 I0KHY         59 052 C4A           59 0842
QSO: 14243 PH 2017-03-25 1445 I0KHY         59 0053 OF6MW         59 0519
QSO: 14261 PH 2017-03-25 1446 I0KHY         59 054 RU1A          59 1696
QSO: 14277 PH 2017-03-25 1449 I0KHY         59 0055 HZ1BL         59 0342
QSO: 14285 PH 2017-03-25 1450 I0KHY         59 056 ES9C          59 1193
QSO: 14285 PH 2017-03-25 1451 I0KHY         59 0056 G6MC          59 0155
QSO: 14311 PH 2017-03-25 1452 I0KHY         59 057 OF1F          59 0731
QSO: 14331 PH 2017-03-25 1455 I0KHY         59 0059 UT7CR         59 0636
QSO: 14340 PH 2017-03-25 1456 I0KHY         59 0060 UR5IFB        59 0447
QSO: 14346 PH 2017-03-25 1458 I0KHY         59 061 OG6N          59 0542
QSO: 21370 PH 2017-03-25 1510 I0KHY         59 0081 CX2DK         59 0549
QSO: 14275 PH 2017-03-25 1519 I0KHY         59 0082 EI7M          59 1725
QSO: 14000 PH 2017-03-25 1521 I0KHY         59 083 A61FK         59 629
QSO: 14261 PH 2017-03-25 1524 I0KHY         59 084 RU1A          59 1776
QSO: 14228 PH 2017-03-25 1528 I0KHY         59 086 RW6AEW        59 476
QSO: 14202 PH 2017-03-25 1533 I0KHY         59 087 RT5Z          59 1225
QSO: 14187 PH 2017-03-25 1534 I0KHY         59 089 P33W          59 1538
QSO: 14174 PH 2017-03-25 1536 I0KHY         59 089 CS2C          59 871
QSO: 14121 PH 2017-03-25 1540 I0KHY         59 0091 ES2MC         59 0287
QSO: 14128 PH 2017-03-25 1543 I0KHY         59 93 VB3E          59 1394
QSO: 14151 PH 2017-03-25 1544 I0KHY         59 124 KQ2M          59 1261
QSO: 14333 PH 2017-03-25 1547 I0KHY         59 0001 4X6TT         59 1201
QSO: 14299 PH 2017-03-25 1549 I0KHY         59 0095 4X7R          59 1496
QSO:  7000 PH 2017-03-25 1554 I0KHY         59 097 IB9A          59 431
QSO:  7195 PH 2017-03-25 1559 I0KHY         59 0098 LY27A         59 0949
QSO:  3733 PH 2017-03-25 1808 I0KHY         59 102 II9P          59 0394
QSO: 14262 PH 2017-03-26 0719 I0KHY         59 0103 GI4T          59 1179
QSO: 21192 PH 2017-03-26 1413 I0KHY         59 104 ZY2A          59 1006
QSO: 21261 PH 2017-03-26 1416 I0KHY         59 0106 ZV2C          59 0781
QSO: 21390 PH 2017-03-26 1417 I0KHY         59 107 P44N          59 2956
QSO: 21314 PH 2017-03-26 1418 I0KHY         59 108 FY5KE         59 1237
QSO: 21328 PH 2017-03-26 1419 I0KHY         59 0109 EB8AH         59 6007
QSO: 21375 PH 2017-03-26 1420 I0KHY         59 0110 ZV8P          59 0838
QSO: 21267 PH 2017-03-26 1423 I0KHY         59 0111 ZW8T          59 1577
QSO: 14291 PH 2017-03-26 1433 I0KHY         59 113 YL6W          59 1124
QSO: 14266 PH 2017-03-26 1436 I0KHY         59 0114 UZ2I          59 0333
QSO: 14250 PH 2017-03-26 1438 I0KHY         59 115 RT5K          59 1714
QSO: 14240 PH 2017-03-26 1439 I0KHY         59 116 UW1M          59 3038
QSO: 14240 PH 2017-03-26 1442 I0KHY         59 0116 RD1AH         59 0456
QSO: 14185 PH 2017-03-26 1448 I0KHY         59 0118 RM3DA         59 1527
QSO: 14188 PH 2017-03-26 1452 I0KHY         59 0118 A44A          59 1622
QSO: 14172 PH 2017-03-26 1455 I0KHY         59 0119 7Z1SJ         59 1333
QSO: 14146 PH 2017-03-26 1458 I0KHY         59 119 UR3RAA        59 358
QSO: 14141 PH 2017-03-26 1459 I0KHY         59 120 UR7R          59 714
QSO: 14137 PH 2017-03-26 1502 I0KHY         59 0121 OH6RE         59 0505
QSO: 14130 PH 2017-03-26 1556 I0KHY         59 0122 R3LA          59 0375
QSO: 14199 PH 2017-03-26 1559 I0KHY         59 0124 OF1TM         59 0249
QSO: 14217 PH 2017-03-26 1600 I0KHY         59 125 EI6JK         59 1366
QSO: 14000 PH 2017-03-26 1601 I0KHY         59 0126 YB1C          59 1201
QSO: 14287 PH 2017-03-26 1611 I0KHY         59 0129 EI7M          59 4259
QSO: 14306 PH 2017-03-26 1612 I0KHY         59 0130 OH7KBF        59 0445
QSO: 14000 PH 2017-03-26 1614 I0KHY         59 131 UA6LUQ        59 651
QSO: 14307 PH 2017-03-26 1618 I0KHY         59 133 C4A           59 1514
QSO: 14316 PH 2017-03-26 1618 I0KHY         59 0132 MI1M          59 0236
QSO:  3500 PH 2017-03-26 1743 I0KHY         59 0135 IO3A          59 0365
QSO:  3500 PH 2017-03-26 1744 I0KHY         59 137 E77CV         59 445
QSO:  3695 PH 2017-03-26 1759 I0KHY         59 138 DJ7WW         59 0803
QSO:  3713 PH 2017-03-26 1800 I0KHY         59 139 S54ZZ         59 1100
QSO:  3731 PH 2017-03-26 1801 I0KHY         59 0139 S57Z          59 1029
QSO:  3749 PH 2017-03-26 1802 I0KHY         59 140 9A1A          59 1243
QSO:  3751 PH 2017-03-26 1803 I0KHY         59 141 SP7VC         59 0981
QSO:  3500 PH 2017-03-26 1805 I0KHY         59 142 IZ8GNR        59 278
QSO:  3764 PH 2017-03-26 1807 I0KHY         59 0143 S56M          59 1359
QSO:  3771 PH 2017-03-26 1808 I0KHY         59 143 OK8WW         59 1190
QSO:  3798 PH 2017-03-26 1809 I0KHY         59 0144 OS8A          59 0662
QSO:  3742 PH 2017-03-26 1812 I0KHY         59 0145 9A3B          59 0939
QSO:  3697 PH 2017-03-26 1816 I0KHY         59 0145 HF0H          59 0060
END-OF-LOG:
