START-OF-LOG: 3.0
CREATED-BY: reconstructed-log-builder
CONTEST: CQ-WPX-SSB
CALLSIGN: JL1MYP
LOCATION: 
CATEGORY: CHECKLOG
CATEGORY-OPERATOR: SINGLE-OP
CATEGORY-BAND: ALL
CATEGORY-MODE: MIXED
CATEGORY-POWER: UNKNOWN
CATEGORY-ASSISTED: NON-ASSISTED
CATEGORY-TRANSMITTER: ONE
CATEGORY-STATION: UNKNOWN
CATEGORY-OVERLAY: 
OPERATORS: JL1MYP
CLAIMED-SCORE: 
CLUB: 
NAME: 
SOAPBOX: RECONSTRUCTED MOCKUP LOG - NOT AN OFFICIAL SUBMISSION.
SOAPBOX: Derived from submitted logs for CQ-WPX-SSB CQWPX/ph/2017.
QSO: 21200 PH 2017-03-25 0823 JL1MYP        59 0001 A31MM         59 0492
QSO: 14275 PH 2017-03-25 0833 JL1MYP        59 0002 DX7CA         59 0477
QSO: 14000 PH 2017-03-25 0837 JL1MYP        59 0004 YB9WZJ        59 0014
QSO: 14223 PH 2017-03-25 0939 JL1MYP        59 0005 YB1AR         59 0336
QSO: 14337 PH 2017-03-25 1005 JL1MYP        59 0006 9M8K          59 0134
QSO: 14000 PH 2017-03-25 1007 JL1MYP        59 0007 YB0JS         59 0159
QSO: 14177 PH 2017-03-25 1111 JL1MYP        59 8 UP0L          59 1165
QSO: 21214 PH 2017-03-25 2227 JL1MYP        59 0009 KD0PZ         59 0528
QSO: 14218 PH 2017-03-25 2301 JL1MYP        59 010 KL7XU         59 0666
QSO: 14301 PH 2017-03-25 2318 JL1MYP        59 011 B1Z           59 0504
QSO: 14318 PH 2017-03-25 2320 JL1MYP        59 0012 BY5HB         59 0500
QSO: 14194 PH 2017-03-25 2324 JL1MYP        59 0013 BI4TKK        59 0435
QSO: 14300 PH 2017-03-26 0853 JL1MYP        59 014 RU1A          59 3134
END-OF-LOG:
