START-OF-LOG: 3.0
CREATED-BY: reconstructed-log-builder
CONTEST: ARRL-SS-CW
CALLSIGN: N5XZ
LOCATION: 
CATEGORY: CHECKLOG
CATEGORY-OPERATOR: SINGLE-OP
CATEGORY-BAND: ALL
CATEGORY-MODE: MIXED
CATEGORY-POWER: UNKNOWN
CATEGORY-ASSISTED: NON-ASSISTED
CATEGORY-TRANSMITTER: ONE
CATEGORY-STATION: UNKNOWN
CATEGORY-OVERLAY: 
OPERATORS: N5XZ
CLAIMED-SCORE: 
CLUB: 
NAME: 
SOAPBOX: RECONSTRUCTED MOCKUP LOG - NOT AN OFFICIAL SUBMISSION.
SOAPBOX: Derived from submitted logs for ARRL-SS-CW ARRL/arrl_november_cw_sweepstakes/2024.
QSO: 14045 CW 2024-11-03 1409 N5XZ          0003 U 70 STX K6AR          0799 B 62 SDG
QSO: 14045 CW 2024-11-03 1409 N5XZ          0001 U 70 STX K9ABR         0178 A 12 IL
QSO: 14045 CW 2024-11-03 1409 N5XZ          0002 U 70 STX N4ZZ          0779 U 57 TN
QSO: 14045 CW 2024-11-03 1410 N5XZ          0005 U 70 STX K0WA          0668 M 65 KS
QSO: 14045 CW 2024-11-03 1410 N5XZ          0004 U 70 STX N3HEE         0630 U 76 SC
QSO: 14000 CW 2024-11-03 1411 N5XZ          7 U 70 STX W9RE          786 B 62 IN
QSO: 14045 CW 2024-11-03 1411 N5XZ          0006 U 70 STX NW0M          0435 U 77 MO
QSO: 14045 CW 2024-11-03 1412 N5XZ          8 U 70 STX N0XT          118 A 92 MN
QSO: 14045 CW 2024-11-03 1413 N5XZ          0011 U 70 STX K3MM          0700 U 73 MDC
QSO: 14045 CW 2024-11-03 1413 N5XZ          0010 U 70 STX N4IQ          0461 B 63 SC
QSO: 14045 CW 2024-11-03 1414 N5XZ          012 U 70 STX K1LZ          745 M 69 ME
QSO: 14000 CW 2024-11-03 1415 N5XZ          0013 U 70 STX W4YE          0254 A 52 VA
QSO: 14045 CW 2024-11-03 1415 N5XZ          0014 U 70 STX VE3NNT        0667 U 68 ONE
QSO: 14045 CW 2024-11-03 1415 N5XZ          0013 U 70 STX VE6AO         0625 B 76 AB
QSO: 14045 CW 2024-11-03 1416 N5XZ          0015 U 70 STX KA8HOK        0274 U 79 AL
QSO: 14045 CW 2024-11-03 1416 N5XZ          0016 U 70 STX W0UA          0761 B 62 CO
QSO: 14045 CW 2024-11-03 1417 N5XZ          0018 U 70 STX K3AJ          0528 M 67 MDC
QSO: 14045 CW 2024-11-03 1417 N5XZ          0017 U 70 STX W9CA          0572 U 73 IL
QSO: 14045 CW 2024-11-03 1418 N5XZ          0020 U 70 STX KU8E          0587 U 76 GA
QSO: 14045 CW 2024-11-03 1418 N5XZ          0019 U 70 STX W8WTS         0510 A 75 OH
QSO: 14045 CW 2024-11-03 1419 N5XZ          0022 U 70 STX K3MD          0448 U 63 EPA
QSO: 14045 CW 2024-11-03 1419 N5XZ          0021 U 70 STX W8FN          0584 B 64 NC
QSO: 14045 CW 2024-11-03 1420 N5XZ          0024 U 70 STX K5VIP         0185 U 59 VA
QSO: 14045 CW 2024-11-03 1420 N5XZ          0023 U 70 STX N4VI          0452 B 68 CO
QSO: 14045 CW 2024-11-03 1421 N5XZ          0025 U 70 STX W1CW          0720 M 38 WCF
QSO: 14045 CW 2024-11-03 1421 N5XZ          0026 U 70 STX W7VJ          0667 M 70 WWA
QSO: 14045 CW 2024-11-03 1422 N5XZ          0027 U 70 STX K0SN          0510 U 75 MT
QSO: 14045 CW 2024-11-03 1423 N5XZ          0029 U 70 STX K0EU          0831 U 70 CO
QSO: 14045 CW 2024-11-03 1423 N5XZ          0026 U 70 STX K8LX          0704 M 64 MI
QSO: 14045 CW 2024-11-03 1423 N5XZ          0028 U 70 STX NS0R          0787 U 92 KS
QSO: 14000 CW 2024-11-03 1424 N5XZ          0034 U 70 STX WA5SOG        0260 A 65 AR
QSO: 14045 CW 2024-11-03 1424 N5XZ          0032 U 70 STX KY0Q          0400 U 68 IL
QSO: 14045 CW 2024-11-03 1424 N5XZ          031 U 70 STX W1NN          626 A 57 OH
QSO: 14045 CW 2024-11-03 1425 N5XZ          0033 U 70 STX K2MK          0131 U 64 WCF
QSO: 14045 CW 2024-11-03 1427 N5XZ          0037 U 70 STX N6RO          0846 M 53 EB
QSO: 14045 CW 2024-11-03 1427 N5XZ          0036 U 70 STX WA1S          0397 A 79 NFL
QSO: 14045 CW 2024-11-03 1428 N5XZ          0040 U 70 STX KI1G          0750 U 76 RI
QSO: 14045 CW 2024-11-03 1428 N5XZ          38 U 70 STX N4OGW         692 A 86 MS
QSO: 14045 CW 2024-11-03 1429 N5XZ          0042 U 70 STX K6LL          0818 U 59 AZ
QSO: 14045 CW 2024-11-03 1429 N5XZ          041 U 70 STX KD4D          718 U 71 MDC
QSO: 14045 CW 2024-11-03 1430 N5XZ          0043 U 70 STX K4OJ          0646 M 70 NFL
QSO: 14045 CW 2024-11-03 1430 N5XZ          44 U 70 STX W9QL          161 U 95 IL
QSO: 14045 CW 2024-11-03 1431 N5XZ          0045 U 70 STX AA4GA         0432 A 76 GA
QSO: 14045 CW 2024-11-03 1432 N5XZ          0046 U 70 STX K8IA          0693 M 57 AZ
QSO: 14045 CW 2024-11-03 1432 N5XZ          0048 U 70 STX NA0N          0686 A 91 MN
QSO: 14045 CW 2024-11-03 1432 N5XZ          0047 U 70 STX W0EWD         0422 Q 77 IA
QSO: 14045 CW 2024-11-03 1433 N5XZ          0049 U 70 STX WM9C          0317 A 99 IL
QSO: 14045 CW 2024-11-03 1435 N5XZ          0051 U 70 STX AG4TT         0443 M 21 NC
QSO: 14045 CW 2024-11-03 1435 N5XZ          0052 U 70 STX K0AD          0485 U 61 MN
QSO: 14045 CW 2024-11-03 1436 N5XZ          0054 U 70 STX KI7Y          0231 U 59 OR
QSO: 14045 CW 2024-11-03 1437 N5XZ          56 U 70 STX K5OY          414 U 92 AR
QSO: 14045 CW 2024-11-03 1437 N5XZ          0055 U 70 STX KC1SA         0123 B 13 CT
QSO: 14045 CW 2024-11-03 1438 N5XZ          0057 U 70 STX KV8Q          0456 A 61 OH
QSO: 14045 CW 2024-11-03 1438 N5XZ          058 U 70 STX WW2Y          708 M 76 NNY
QSO: 14045 CW 2024-11-03 1439 N5XZ          0059 U 70 STX NJ3K          0294 U 72 WPA
QSO: 14045 CW 2024-11-03 1440 N5XZ          0061 U 70 STX K0HB          0418 U 65 MN
QSO: 14045 CW 2024-11-03 1440 N5XZ          0060 U 70 STX W1WEF         0663 B 52 CT
QSO: 14045 CW 2024-11-03 1441 N5XZ          0062 U 70 STX K1RX          0715 U 63 NH
QSO: 14045 CW 2024-11-03 1441 N5XZ          0063 U 70 STX N2FT          0502 U 70 VA
QSO: 14045 CW 2024-11-03 1442 N5XZ          0065 U 70 STX K9CT          0780 U 67 IL
QSO: 14045 CW 2024-11-03 1442 N5XZ          0064 U 70 STX W6SX          0602 U 56 SJV
QSO: 14045 CW 2024-11-03 1443 N5XZ          0067 U 70 STX VE3GFN        0297 U 56 GH
QSO: 14045 CW 2024-11-03 1443 N5XZ          066 U 70 STX W2RQ          695 B 65 NNJ
QSO: 14045 CW 2024-11-03 1444 N5XZ          0068 U 70 STX AA5JF         0577 U 87 GA
QSO: 14045 CW 2024-11-03 1445 N5XZ          0071 U 70 STX K0PC          0415 A 69 MN
QSO: 14045 CW 2024-11-03 1445 N5XZ          0070 U 70 STX N1WR          0436 U 61 VA
QSO: 14045 CW 2024-11-03 1445 N5XZ          0069 U 70 STX N2CU          0203 A 72 WNY
QSO: 14045 CW 2024-11-03 1446 N5XZ          0073 U 70 STX KC9EE         0736 U 76 IL
QSO: 14045 CW 2024-11-03 1446 N5XZ          072 U 70 STX WR3Z          703 U 77 MDC
QSO: 14045 CW 2024-11-03 1447 N5XZ          74 U 70 STX W7YAQ         266 Q 54 OR
QSO: 14045 CW 2024-11-03 1448 N5XZ          0076 U 70 STX KV0I          0502 U 61 NE
QSO: 14045 CW 2024-11-03 1448 N5XZ          0075 U 70 STX N3XF          0610 U 65 WPA
QSO: 14000 CW 2024-11-03 1449 N5XZ          77 U 70 STX WA6KHK        236 U 60 ORG
QSO: 14045 CW 2024-11-03 1450 N5XZ          0079 U 70 STX K5MR          0533 A 70 NTX
QSO: 14045 CW 2024-11-03 1450 N5XZ          0078 U 70 STX VE3FH         0214 A 74 ONS
QSO: 14045 CW 2024-11-03 1451 N5XZ          81 U 70 STX VE5SF         602 A 90 SK
QSO: 14049 CW 2024-11-03 1451 N5XZ          080 U 70 STX WX0B          802 B 64 NTX
QSO: 14045 CW 2024-11-03 1452 N5XZ          0082 U 70 STX K2NV          0427 B 54 WNY
QSO: 14045 CW 2024-11-03 1452 N5XZ          0083 U 70 STX N3AM          0466 U 62 MDC
QSO: 14045 CW 2024-11-03 1452 N5XZ          0084 U 70 STX N7DX          0708 M 72 WWA
QSO: 14045 CW 2024-11-03 1453 N5XZ          0085 U 70 STX K0MF          0386 A 65 CO
QSO: 14045 CW 2024-11-03 1454 N5XZ          0086 U 70 STX K3KU          0473 A 60 MDC
QSO: 14045 CW 2024-11-03 1454 N5XZ          0088 U 70 STX W9XS          0484 U 59 IL
QSO: 14045 CW 2024-11-03 1455 N5XZ          0092 U 70 STX K3EW          0463 U 59 MDC
QSO: 14045 CW 2024-11-03 1455 N5XZ          0088 U 70 STX N4ZR          0282 U 54 MDC
QSO: 14045 CW 2024-11-03 1455 N5XZ          0089 U 70 STX WM3O          0048 A 03 EPA
QSO: 14045 CW 2024-11-03 1456 N5XZ          0090 U 70 STX KG9X          0485 U 62 IL
QSO: 14045 CW 2024-11-03 1456 N5XZ          0091 U 70 STX NM2A          0432 A 76 WNY
QSO: 14000 CW 2024-11-03 1458 N5XZ          93 U 70 STX W2OIB         237 B 52 NNJ
QSO: 14045 CW 2024-11-03 1458 N5XZ          0094 U 70 STX K4BAI         0648 B 54 GA
QSO: 14045 CW 2024-11-03 1459 N5XZ          0097 U 70 STX K0VBU         0512 U 59 KS
QSO: 14045 CW 2024-11-03 1459 N5XZ          095 U 70 STX KM7W          949 B 93 MT
QSO: 14045 CW 2024-11-03 1459 N5XZ          0096 U 70 STX W4RM          0664 M 76 NC
QSO: 14045 CW 2024-11-03 1500 N5XZ          0098 U 70 STX N4QS          0632 M 67 KY
QSO: 14045 CW 2024-11-03 1501 N5XZ          100 U 70 STX AK1MD         369 B 18 EMA
QSO: 14045 CW 2024-11-03 1502 N5XZ          101 U 70 STX KA9VVQ        272 M 86 WI
QSO: 14045 CW 2024-11-03 1502 N5XZ          0102 U 70 STX N5NA          0581 U 72 WTX
QSO: 14045 CW 2024-11-03 1503 N5XZ          0104 U 70 STX N7XU          0562 A 60 OR
QSO: 14045 CW 2024-11-03 1503 N5XZ          0103 U 70 STX N9CK          0060 A 67 WI
QSO: 28037 CW 2024-11-03 1912 N5XZ          0105 U 70 STX N1QD          0321 U 02 EMA
QSO: 28037 CW 2024-11-03 2011 N5XZ          0106 U 70 STX NG7M          0651 A 94 UT
QSO: 28038 CW 2024-11-03 2014 N5XZ          0108 U 70 STX KR2Q          0646 B 66 NNJ
QSO: 28037 CW 2024-11-03 2015 N5XZ          0109 U 71 STX KA6BIM        0559 U 78 OR
QSO: 28038 CW 2024-11-03 2015 N5XZ          0110 U 70 STX KN3A          0094 A 83 EPA
QSO: 28037 CW 2024-11-03 2016 N5XZ          111 U 70 STX NX6T          721 M 00 ORG
QSO: 28000 CW 2024-11-03 2017 N5XZ          0113 U 70 STX K1VUT         0725 A 62 EMA
QSO: 28037 CW 2024-11-03 2017 N5XZ          112 U 70 STX K2TV          039 A 60 VA
QSO: 28037 CW 2024-11-03 2018 N5XZ          0114 U 70 STX N2RC          0303 U 98 ENY
QSO: 28038 CW 2024-11-03 2018 N5XZ          0115 U 70 STX VE2QV         0072 A 77 QC
QSO: 28037 CW 2024-11-03 2019 N5XZ          0117 U 70 STX AH6KO         0699 U 68 PAC
QSO: 28037 CW 2024-11-03 2019 N5XZ          0116 U 70 STX K6JS          0282 U 74 SF
QSO: 28000 CW 2024-11-03 2020 N5XZ          118 U 70 STX N2RI          225 A 71 NLI
QSO: 28037 CW 2024-11-03 2020 N5XZ          0120 U 70 STX VE3MA         0477 A 67 GH
QSO: 28037 CW 2024-11-03 2020 N5XZ          119 U 70 STX WB6CIA        199 Q 68 SB
QSO: 28037 CW 2024-11-03 2021 N5XZ          122 U 70 STX KA4GFY        126 A 79 VA
QSO: 28038 CW 2024-11-03 2022 N5XZ          123 U 70 STX NZ6Q          407 A 74 SJV
QSO: 28037 CW 2024-11-03 2023 N5XZ          124 U 70 STX K1XM          780 A 71 EMA
QSO: 28037 CW 2024-11-03 2024 N5XZ          0126 U 70 STX NN3RP         0223 B 84 MDC
QSO: 28037 CW 2024-11-03 2024 N5XZ          0125 U 70 STX WQ6X          0319 U 69 SDG
QSO: 28037 CW 2024-11-03 2025 N5XZ          0128 U 70 STX N6WT          0198 U 98 SB
QSO: 28037 CW 2024-11-03 2025 N5XZ          127 U 70 STX W4VG          194 U 68 VA
QSO: 28037 CW 2024-11-03 2027 N5XZ          0130 U 70 STX K4MI          0389 U 05 VA
QSO: 28037 CW 2024-11-03 2027 N5XZ          0129 U 70 STX KK9V          0753 U 80 IN
QSO: 28037 CW 2024-11-03 2028 N5XZ          0131 U 70 STX K6RIM         0605 U 58 SF
QSO: 28037 CW 2024-11-03 2028 N5XZ          0132 U 70 STX WA3AAN        0579 U 64 EPA
QSO: 28037 CW 2024-11-03 2029 N5XZ          133 U 70 STX N0NI          1000 B 77 IA
QSO: 28037 CW 2024-11-03 2029 N5XZ          0134 U 70 STX W0PI          0482 U 58 MN
QSO: 28037 CW 2024-11-03 2030 N5XZ          0135 U 70 STX VE3BR         0397 B 75 GH
QSO: 28037 CW 2024-11-03 2031 N5XZ          0126 U 70 STX K6NV          0306 U 62 SV
QSO: 28037 CW 2024-11-03 2033 N5XZ          0139 U 70 STX AL4A          0738 U 77 AK
QSO: 28038 CW 2024-11-03 2033 N5XZ          0138 U 70 STX AB3CX         0757 U 63 WNY
QSO: 28000 CW 2024-11-03 2034 N5XZ          141 U 70 STX WA2OTC        198 A 77 MDC
QSO: 28038 CW 2024-11-03 2034 N5XZ          0140 U 70 STX NE2R          0144 A 63 SNJ
QSO: 28038 CW 2024-11-03 2036 N5XZ          0143 U 70 STX 4U1WB         0049 U 89 MDC
QSO: 28038 CW 2024-11-03 2036 N5XZ          0144 U 70 STX N2ZA          0324 B 75 CT
QSO: 28037 CW 2024-11-03 2037 N5XZ          0146 U 70 STX W8FJ          0634 U 58 EPA
QSO: 28037 CW 2024-11-03 2037 N5XZ          145 U 70 STX WJ9B          917 A 66 ID
QSO: 28038 CW 2024-11-03 2038 N5XZ          0147 U 70 STX K6KM          0015 B 18 EB
QSO: 28037 CW 2024-11-03 2040 N5XZ          0149 U 70 STX K7GK          0966 B 85 EB
QSO: 28037 CW 2024-11-03 2041 N5XZ          0151 U 70 STX VA3FH         0439 A 98 ONS
QSO: 28037 CW 2024-11-03 2042 N5XZ          153 U 70 STX N4UU          771 U 72 NFL
QSO: 28037 CW 2024-11-03 2042 N5XZ          152 U 70 STX N9RV          1080 B 67 MT
QSO: 28037 CW 2024-11-03 2042 N5XZ          0150 U 70 STX VE4XT         0487 U 82 MB
QSO: 28000 CW 2024-11-03 2043 N5XZ          154 U 70 STX KR2H          273 A 62 NNJ
END-OF-LOG:
