START-OF-LOG: 3.0
CREATED-BY: reconstructed-log-builder
CONTEST: ARRL-RTTY
CALLSIGN: G4CUS
LOCATION: 
CATEGORY: CHECKLOG
CATEGORY-OPERATOR: SINGLE-OP
CATEGORY-BAND: ALL
CATEGORY-MODE: MIXED
CATEGORY-POWER: UNKNOWN
CATEGORY-ASSISTED: NON-ASSISTED
CATEGORY-TRANSMITTER: ONE
CATEGORY-STATION: UNKNOWN
CATEGORY-OVERLAY: 
OPERATORS: G4CUS
CLAIMED-SCORE: 
CLUB: 
NAME: 
SOAPBOX: RECONSTRUCTED MOCKUP LOG - NOT AN OFFICIAL SUBMISSION.
SOAPBOX: Derived from submitted logs for ARRL-RTTY ARRL/arrl_rtty_roundup/2021.
QSO: 14094 RY 2021-01-03 1021 G4CUS         599 0001 SN7Q          599 1035
QSO: 14001 RY 2021-01-03 1022 G4CUS         599 002 9A1CBM        599 329
QSO: 14097 RY 2021-01-03 1024 G4CUS         599 004 IV3XNF        599 115
QSO: 14099 RY 2021-01-03 1025 G4CUS         599 0005 IU3BTY        599 127
QSO: 14105 RY 2021-01-03 1026 G4CUS         599 006 EA4AOC        599 430
QSO: 14100 RY 2021-01-03 1028 G4CUS         599 007 EW6DM         599 273
QSO: 14101 RY 2021-01-03 1029 G4CUS         599 008 RM5F          599 387
QSO: 14102 RY 2021-01-03 1030 G4CUS         599 009 UW1M          599 1090
QSO: 14103 RY 2021-01-03 1031 G4CUS         599 010 EW7B          599 416
QSO: 14103 RY 2021-01-03 1032 G4CUS         599 0011 SV1DPI        599 94
QSO: 14106 RY 2021-01-03 1034 G4CUS         599 0012 UT8EL         599 246
QSO: 14107 RY 2021-01-03 1035 G4CUS         599 013 TF1AM         599 239
QSO: 14108 RY 2021-01-03 1036 G4CUS         599 0014 LZ2YO         599 73
QSO: 14109 RY 2021-01-03 1036 G4CUS         599 015 UX1VT         599 388
QSO: 14110 RY 2021-01-03 1037 G4CUS         599 0016 TK5MH         599 464
QSO: 14111 RY 2021-01-03 1039 G4CUS         599 0017 LY2TS         599 245
QSO: 14113 RY 2021-01-03 1040 G4CUS         599 018 UT5EPP        599 344
QSO: 14113 RY 2021-01-03 1041 G4CUS         599 0019 SM2M          599 208
QSO: 14117 RY 2021-01-03 1042 G4CUS         599 0020 SP9KR         599 219
QSO: 14116 RY 2021-01-03 1043 G4CUS         599 0021 4U1A          599 296
QSO: 14000 RY 2021-01-03 1047 G4CUS         599 123 IK7RVY        599 085
QSO: 14080 RY 2021-01-03 1051 G4CUS         599 024 UT5EOX        599 153
QSO: 14123 RY 2021-01-03 1051 G4CUS         599 0025 SV3DCX        599 186
QSO: 14083 RY 2021-01-03 1054 G4CUS         599 027 EM0I          599 875
QSO: 14084 RY 2021-01-03 1055 G4CUS         599 028 RA6LIS        599 113
QSO: 14086 RY 2021-01-03 1057 G4CUS         599 0029 YQ6A          599 305
QSO: 14093 RY 2021-01-03 1058 G4CUS         599 030 9A3VM         599 217
QSO: 14088 RY 2021-01-03 1059 G4CUS         599 031 SP9ZHR        599 074
QSO: 14090 RY 2021-01-03 1125 G4CUS         599 0032 EA4GOY        599 789
QSO: 14080 RY 2021-01-03 1129 G4CUS         599 034 EW8Z          599 311
QSO: 14094 RY 2021-01-03 1129 G4CUS         599 0033 CT7AUP        599 469
QSO: 14098 RY 2021-01-03 1130 G4CUS         599 0035 EU1DX         599 132
QSO: 14099 RY 2021-01-03 1132 G4CUS         599 037 OK2ZA         599 430
QSO: 21082 RY 2021-01-03 1140 G4CUS         599 038 LU5VV         599 513
QSO: 21088 RY 2021-01-03 1142 G4CUS         599 0039 P3X           599 921
QSO: 21088 RY 2021-01-03 1142 G4CUS         599 0040 SN7Q          599 1126
QSO: 21083 RY 2021-01-03 1144 G4CUS         599 041 DF2LH         599 053
QSO: 21086 RY 2021-01-03 1145 G4CUS         599 0042 UZ2I          599 585
QSO:  7046 RY 2021-01-03 1149 G4CUS         599 0043 OK7W          599 1156
QSO:  7043 RY 2021-01-03 1150 G4CUS         599 0044 MW9W          599 400
QSO:  7045 RY 2021-01-03 1151 G4CUS         599 0045 HF6C          599 211
QSO:  7048 RY 2021-01-03 1152 G4CUS         599 046 OK2ZA         599 437
QSO: 14000 RY 2021-01-03 1230 G4CUS         599 049 YT2U          599 365
QSO: 14085 RY 2021-01-03 1231 G4CUS         599 0050 LY5W          599 314
QSO: 14087 RY 2021-01-03 1237 G4CUS         599 0051 UR7GO         599 771
QSO: 14086 RY 2021-01-03 1238 G4CUS         599 0052 UZ2I          599 628
QSO: 14092 RY 2021-01-03 1241 G4CUS         599 053 ER5LL         599 118
QSO: 14092 RY 2021-01-03 1244 G4CUS         599 0054 N4CW          599 NC
QSO: 14094 RY 2021-01-03 1246 G4CUS         599 0055 W3FIZ         599 PA
QSO: 14096 RY 2021-01-03 1247 G4CUS         599 0056 LZ8E          599 544
QSO: 14103 RY 2021-01-03 1250 G4CUS         599 0050 VE3NE         599 ON
QSO: 14104 RY 2021-01-03 1251 G4CUS         599 0059 VE2CSM        599 QC
QSO: 14105 RY 2021-01-03 1253 G4CUS         599 0060 P3X           599 993
QSO: 14109 RY 2021-01-03 1254 G4CUS         599 0061 OH3FM         599 160
END-OF-LOG:
