START-OF-LOG: 3.0
CREATED-BY: reconstructed-log-builder
CONTEST: ARRL-RTTY
CALLSIGN: SP3JIA
LOCATION: 
CATEGORY: CHECKLOG
CATEGORY-OPERATOR: SINGLE-OP
CATEGORY-BAND: ALL
CATEGORY-MODE: MIXED
CATEGORY-POWER: UNKNOWN
CATEGORY-ASSISTED: NON-ASSISTED
CATEGORY-TRANSMITTER: ONE
CATEGORY-STATION: UNKNOWN
CATEGORY-OVERLAY: 
OPERATORS: SP3JIA
CLAIMED-SCORE: 
CLUB: 
NAME: 
SOAPBOX: RECONSTRUCTED MOCKUP LOG - NOT AN OFFICIAL SUBMISSION.
SOAPBOX: Derived from submitted logs for ARRL-RTTY ARRL/arrl_rtty_roundup/2021.
QSO:  3583 RY 2021-01-03 0632 SP3JIA        599 0001 IK2TDM        599 232
QSO:  3583 RY 2021-01-03 0633 SP3JIA        599 0002 DL5KUD        599 87
QSO:  3587 RY 2021-01-03 0634 SP3JIA        599 003 IK2QPR        599 363
QSO:  3587 RY 2021-01-03 0638 SP3JIA        599 004 OK7O          599 535
QSO:  3591 RY 2021-01-03 0639 SP3JIA        599 0005 HA8WY         599 190
QSO:  7053 RY 2021-01-03 0646 SP3JIA        599 0006 EC1A          599 294
QSO:  7055 RY 2021-01-03 0647 SP3JIA        599 0007 MW2I          599 381
QSO:  7047 RY 2021-01-03 0650 SP3JIA        599 009 IK3TPP        599 141
QSO:  7047 RY 2021-01-03 0650 SP3JIA        599 010 UX1VT         599 243
QSO:  7048 RY 2021-01-03 0651 SP3JIA        599 011 I2XLF         599 097
QSO:  7041 RY 2021-01-03 0658 SP3JIA        599 012 EM0I          599 652
QSO: 14087 RY 2021-01-03 1053 SP3JIA        599 0013 EA4BAS        599 316
QSO: 14083 RY 2021-01-03 1054 SP3JIA        599 014 EM0I          599 876
QSO: 14083 RY 2021-01-03 1101 SP3JIA        599 0015 YO4FPF        599 230
QSO: 14084 RY 2021-01-03 1102 SP3JIA        599 0016 G8UBJ         599 150
QSO: 14084 RY 2021-01-03 1103 SP3JIA        599 017 RA6LIS        599 116
QSO: 14085 RY 2021-01-03 1104 SP3JIA        599 0018 MW0CRI        599 25
QSO: 14090 RY 2021-01-03 1106 SP3JIA        599 0019 EA4GOY        599 765
QSO: 14098 RY 2021-01-03 1108 SP3JIA        599 0020 MW2I          599 620
QSO: 14099 RY 2021-01-03 1112 SP3JIA        599 021 OK2ZA         599 413
QSO: 14092 RY 2021-01-03 1114 SP3JIA        599 022 IZ1PKV        599 098
QSO: 14000 RY 2021-01-03 1116 SP3JIA        599 023 IT9VCE        599 189
QSO: 14083 RY 2021-01-03 1123 SP3JIA        599 0024 RL1F          599 157
QSO: 14088 RY 2021-01-03 1128 SP3JIA        599 0025 PZ5RA         599 428
QSO: 21086 RY 2021-01-03 1136 SP3JIA        599 0027 EA4BAS        599 355
QSO: 21093 RY 2021-01-03 1144 SP3JIA        599 0028 LX1ER         599 351
END-OF-LOG:
