START-OF-LOG: 3.0
CREATED-BY: reconstructed-log-builder
CONTEST: CQ-WW-CW
CALLSIGN: DJ0FX
LOCATION: 
CATEGORY: CHECKLOG
CATEGORY-OPERATOR: SINGLE-OP
CATEGORY-BAND: ALL
CATEGORY-MODE: MIXED
CATEGORY-POWER: UNKNOWN
CATEGORY-ASSISTED: NON-ASSISTED
CATEGORY-TRANSMITTER: ONE
CATEGORY-STATION: UNKNOWN
CATEGORY-OVERLAY: 
OPERATORS: DJ0FX
CLAIMED-SCORE: 
CLUB: 
NAME: 
SOAPBOX: RECONSTRUCTED MOCKUP LOG - NOT AN OFFICIAL SUBMISSION.
SOAPBOX: Derived from submitted logs for CQ-WW-CW CQWW/cw/2020.
QSO:  7014 CW 2020-11-28 1538 DJ0FX         599 14 EW1M          599 16
QSO:  7000 CW 2020-11-28 1618 DJ0FX         599 14 UD4C          599 16
QSO:  7004 CW 2020-11-28 1620 DJ0FX         599 14 LA2AB         599 14
QSO:  7028 CW 2020-11-28 1622 DJ0FX         599 14 YP0HQ         599 20
QSO:  7007 CW 2020-11-28 1626 DJ0FX         599 14 OZ3SM         599 14
QSO:  7010 CW 2020-11-28 1631 DJ0FX         599 14 M5W           599 14
QSO:  7011 CW 2020-11-28 1634 DJ0FX         599 14 OT5X          599 14
QSO:  7013 CW 2020-11-28 1642 DJ0FX         599 14 DS4EOI        599 25
QSO:  7014 CW 2020-11-28 1643 DJ0FX         599 14 MM0T          599 14
QSO:  7017 CW 2020-11-28 1652 DJ0FX         599 14 YO3GCL        599 20
QSO:  7021 CW 2020-11-28 1654 DJ0FX         599 14 LZ1ZJ         599 20
QSO:  7021 CW 2020-11-28 1655 DJ0FX         599 14 UW1M          599 16
QSO:  7021 CW 2020-11-28 1659 DJ0FX         599 14 G2NF          599 14
QSO:  7024 CW 2020-11-28 1704 DJ0FX         599 14 SM2U          599 14
QSO:  7026 CW 2020-11-28 1707 DJ0FX         599 14 OH1F          599 15
QSO:  7031 CW 2020-11-28 1720 DJ0FX         599 14 GI5I          599 14
QSO:  7033 CW 2020-11-28 1722 DJ0FX         599 14 M2E           599 14
QSO:  7033 CW 2020-11-28 1725 DJ0FX         599 14 RT6A          599 16
QSO:  7047 CW 2020-11-28 1744 DJ0FX         599 14 YL3JA         599 15
QSO:  1834 CW 2020-11-28 1752 DJ0FX         599 14 I3FIY         599 15
QSO:  1834 CW 2020-11-28 1754 DJ0FX         599 14 LZ9W          599 20
QSO:  1831 CW 2020-11-28 1756 DJ0FX         599 14 S57Q          599 15
QSO:  3548 CW 2020-11-28 1804 DJ0FX         599 14 HA7ME         599 15
QSO:  3500 CW 2020-11-28 1807 DJ0FX         599 14 OK1DJS        599 15
QSO:  3546 CW 2020-11-28 1809 DJ0FX         599 14 S57KM         599 15
QSO:  3552 CW 2020-11-28 1812 DJ0FX         599 14 S57K          599 15
QSO:  3553 CW 2020-11-28 1814 DJ0FX         599 14 RW3YA         599 16
QSO:  3500 CW 2020-11-28 1815 DJ0FX         599 14 OK5D          599 15
END-OF-LOG:
