START-OF-LOG: 3.0
CREATED-BY: reconstructed-log-builder
CONTEST: CQ-WW-CW
CALLSIGN: G3LTF
LOCATION: 
CATEGORY: CHECKLOG
CATEGORY-OPERATOR: SINGLE-OP
CATEGORY-BAND: ALL
CATEGORY-MODE: MIXED
CATEGORY-POWER: UNKNOWN
CATEGORY-ASSISTED: NON-ASSISTED
CATEGORY-TRANSMITTER: ONE
CATEGORY-STATION: UNKNOWN
CATEGORY-OVERLAY: 
OPERATORS: G3LTF
CLAIMED-SCORE: 
CLUB: 
NAME: 
SOAPBOX: RECONSTRUCTED MOCKUP LOG - NOT AN OFFICIAL SUBMISSION.
SOAPBOX: Derived from submitted logs for CQ-WW-CW CQWW/cw/2020.
QSO:  1810 CW 2020-11-28 0203 G3LTF         599 14 VY2ZM         599 5
QSO:  1831 CW 2020-11-28 0248 G3LTF         599 14 N4XD          599 5
QSO:  1834 CW 2020-11-28 0251 G3LTF         599 14 K1TTT         599 5
QSO:  1830 CW 2020-11-28 2316 G3LTF         599 14 K7GM          599 5
QSO:  1824 CW 2020-11-28 2328 G3LTF         599 14 KC1XX         599 5
QSO:  1810 CW 2020-11-28 2344 G3LTF         599 14 LY4ZZ         599 15
QSO:  1811 CW 2020-11-28 2346 G3LTF         599 14 EA1DAV        599 14
QSO:  1812 CW 2020-11-28 2347 G3LTF         599 14 S57Q          599 15
QSO:  1800 CW 2020-11-28 2351 G3LTF         599 14 LB6GG         599 14
QSO:  1800 CW 2020-11-28 2355 G3LTF         599 14 YT7B          599 15
QSO:  1820 CW 2020-11-29 0000 G3LTF         599 14 UW1WA         599 16
QSO:  1822 CW 2020-11-29 0001 G3LTF         599 14 8S0DX         599 14
QSO:  1824 CW 2020-11-29 0015 G3LTF         599 14 EI7M          599 14
QSO:  1826 CW 2020-11-29 0017 G3LTF         599 14 3Z0X          599 15
QSO:  1826 CW 2020-11-29 0024 G3LTF         599 14 SE0X          599 14
QSO:  1830 CW 2020-11-29 0031 G3LTF         599 14 LA3MHA        599 14
QSO:  1831 CW 2020-11-29 0033 G3LTF         599 14 S56X          599 15
QSO:  1832 CW 2020-11-29 0036 G3LTF         599 14 YT5A          599 15
QSO:  1813 CW 2020-11-29 0043 G3LTF         599 14 LN8W          599 14
QSO:  1814 CW 2020-11-29 0045 G3LTF         599 14 UT3QU         599 16
QSO:  1800 CW 2020-11-29 0049 G3LTF         599 14 LY2NK         599 15
QSO:  1819 CW 2020-11-29 0051 G3LTF         599 14 OK6O          599 15
QSO:  1800 CW 2020-11-29 2341 G3LTF         599 14 NP2J          599 8
END-OF-LOG:
