START-OF-LOG: 3.0
CREATED-BY: reconstructed-log-builder
CONTEST: WAE CW
CALLSIGN: EA4OR
LOCATION: 
CATEGORY: CHECKLOG
CATEGORY-OPERATOR: SINGLE-OP
CATEGORY-BAND: ALL
CATEGORY-MODE: MIXED
CATEGORY-POWER: UNKNOWN
CATEGORY-ASSISTED: NON-ASSISTED
CATEGORY-TRANSMITTER: ONE
CATEGORY-STATION: UNKNOWN
CATEGORY-OVERLAY: 
OPERATORS: EA4OR
CLAIMED-SCORE: 
CLUB: 
NAME: 
SOAPBOX: RECONSTRUCTED MOCKUP LOG - NOT AN OFFICIAL SUBMISSION.
SOAPBOX: Derived from submitted logs for WAE CW WAE/CW/2018.
QSO: 14007 CW 2018-08-11 1808 EA4OR         599 001 KC1XX         599 1205
QSO: 14018 CW 2018-08-12 1113 EA4OR         599 0002 K1IMI         599 0832
QSO: 14042 CW 2018-08-12 1115 EA4OR         599 0003 N3QE          599 0521
QSO: 14017 CW 2018-08-12 1118 EA4OR         599 4 RC9J          599 990
QSO: 14037 CW 2018-08-12 1120 EA4OR         599 0005 UN0LM         599 0468
QSO: 14047 CW 2018-08-12 1126 EA4OR         599 0006 TA7I          599 0720
QSO: 14026 CW 2018-08-12 1140 EA4OR         599 0007 K2LE          599 0871
QSO: 14001 CW 2018-08-12 1143 EA4OR         599 0008 W1UE          599 0558
QSO: 14011 CW 2018-08-12 1150 EA4OR         599 0010 N3RD          599 0403
QSO: 14011 CW 2018-08-12 1151 EA4OR         599 11 VE3AT         599 1219
QSO: 14015 CW 2018-08-12 1154 EA4OR         599 0013 NR4M          599 1269
QSO: 14007 CW 2018-08-12 1608 EA4OR         599 013 JE6RPM        599 1096
END-OF-LOG:
