START-OF-LOG: 3.0
CREATED-BY: reconstructed-log-builder
CONTEST: CQ-WPX-CW
CALLSIGN: WV7MS
LOCATION: 
CATEGORY: CHECKLOG
CATEGORY-OPERATOR: SINGLE-OP
CATEGORY-BAND: ALL
CATEGORY-MODE: MIXED
CATEGORY-POWER: UNKNOWN
CATEGORY-ASSISTED: NON-ASSISTED
CATEGORY-TRANSMITTER: ONE
CATEGORY-STATION: UNKNOWN
CATEGORY-OVERLAY: 
OPERATORS: WV7MS
CLAIMED-SCORE: 
CLUB: 
NAME: 
SOAPBOX: RECONSTRUCTED MOCKUP LOG - NOT AN OFFICIAL SUBMISSION.
SOAPBOX: Derived from submitted logs for CQ-WPX-CW CQWPX/cw/2025.
QSO:  7018 CW 2025-05-25 1014 WV7MS         599 0001 VA1MM         599 0970
QSO:  7020 CW 2025-05-25 1016 WV7MS         599 002 KC1XX         599 1612
QSO:  7022 CW 2025-05-25 1025 WV7MS         599 0003 VA7ST         599 0667
QSO: 14016 CW 2025-05-25 1033 WV7MS         599 0004 WP3Z          599 2334
QSO:  7002 CW 2025-05-25 1050 WV7MS         599 0006 WG4R          599 0857
QSO:  7029 CW 2025-05-25 1059 WV7MS         599 0007 K8BZ          599 0171
QSO:  7034 CW 2025-05-25 1102 WV7MS         599 0008 CK3A          599 0914
QSO:  7035 CW 2025-05-25 1103 WV7MS         599 0009 WE5P          599 1809
QSO:  7000 CW 2025-05-25 1104 WV7MS         599 010 NQ2W          599 324
QSO:  7043 CW 2025-05-25 1109 WV7MS         599 0012 K9WX          599 0085
QSO:  7015 CW 2025-05-25 1112 WV7MS         599 0013 VA3SB         599 0866
QSO:  7033 CW 2025-05-25 1123 WV7MS         599 0014 NQ2F          599 0601
END-OF-LOG:
