START-OF-LOG: 3.0
CREATED-BY: Win-Test 4.10.0
CONTEST: REF-CW
LOCATION: 83
CALLSIGN: F5OWL
CATEGORY-OPERATOR: SINGLE-OP
CATEGORY-TRANSMITTER: ONE
CATEGORY-ASSISTED: NON-ASSISTED
CATEGORY-BAND: ALL
CATEGORY-POWER: LOW
CATEGORY-MODE: CW
CATEGORY-STATION: FIXED
CLAIMED-SCORE: 623015
OFFTIME: 2017-01-28 0719 2017-01-28 1301
OFFTIME: 2017-01-28 1847 2017-01-28 1956
OFFTIME: 2017-01-28 2243 2017-01-29 0601
OPERATORS: 
NAME: ARLOTTO Philippe
SOAPBOX: 
QSO:  3536 CW 2017-01-28 0651 F5OWL         599 83     F5RPN         599 93    
QSO:  3518 CW 2017-01-28 0654 F5OWL         599 83     F9NF          599 51    
QSO:  3518 CW 2017-01-28 0655 F5OWL         599 83     F6KJJ         599 38    
QSO:  3518 CW 2017-01-28 0656 F5OWL         599 83     F5IAE         599 18    
QSO:  3518 CW 2017-01-28 0657 F5OWL         599 83     F8KGW         599 35    
QSO:  3518 CW 2017-01-28 0658 F5OWL         599 83     F6GUF         599 37    
QSO:  3518 CW 2017-01-28 0659 F5OWL         599 83     F8BDX         599 06    
QSO:  3516 CW 2017-01-28 0701 F5OWL         599 83     F5NBX         599 87    
QSO:  3522 CW 2017-01-28 0703 F5OWL         599 83     F8KLY         599 69    
QSO:  3530 CW 2017-01-28 0704 F5OWL         599 83     F2QH          599 95    
QSO:  3530 CW 2017-01-28 0705 F5OWL         599 83     F5HPY         599 85    
QSO:  3530 CW 2017-01-28 0705 F5OWL         599 83     F5UTN         599 27    
QSO:  3530 CW 2017-01-28 0707 F5OWL         599 83     F4GWO         599 66    
QSO:  3530 CW 2017-01-28 0707 F5OWL         599 83     F9CI          599 22    
QSO:  3530 CW 2017-01-28 0708 F5OWL         599 83     F5GFA         599 47    
QSO:  7016 CW 2017-01-28 0712 F5OWL         599 83     DF7JC         599 014   
QSO:  7016 CW 2017-01-28 0713 F5OWL         599 83     HA6NW         599 024   
QSO:  7016 CW 2017-01-28 0714 F5OWL         599 83     9A2EY         599 001   
QSO:  7016 CW 2017-01-28 0714 F5OWL         599 83     9A2AJ         599 013   
QSO:  7016 CW 2017-01-28 0715 F5OWL         599 83     F6DTU         599 45    
QSO:  7016 CW 2017-01-28 0715 F5OWL         599 83     HA4FY         599 005   
QSO:  7016 CW 2017-01-28 0716 F5OWL         599 83     YU1DX         599 007   
QSO:  7016 CW 2017-01-28 0716 F5OWL         599 83     YO8DOH        599 009   
QSO: 14018 CW 2017-01-28 0718 F5OWL         599 83     RT7C          599 004   
QSO:  7012 CW 2017-01-28 0719 F5OWL         599 83     F5AKI         599 51    
QSO: 14028 CW 2017-01-28 1301 F5OWL         599 83     MM3T          599 004   
QSO:  7015 CW 2017-01-28 1304 F5OWL         599 83     DL8HK         599 120   
QSO:  7015 CW 2017-01-28 1305 F5OWL         599 83     PA5P          599 010   
QSO:  7015 CW 2017-01-28 1306 F5OWL         599 83     DL4HBF        599 034   
QSO:  7015 CW 2017-01-28 1306 F5OWL         599 83     TM8CIL        599 03    
QSO:  7015 CW 2017-01-28 1307 F5OWL         599 83     OK1JVS        599 080   
QSO:  7015 CW 2017-01-28 1308 F5OWL         599 83     DJ4M          599 005   
QSO:  7015 CW 2017-01-28 1309 F5OWL         599 83     GW5R          599 222   
QSO:  7015 CW 2017-01-28 1310 F5OWL         599 83     F5EQ          599 91    
QSO:  7015 CW 2017-01-28 1310 F5OWL         599 83     PA3DRL        599 036   
QSO:  7015 CW 2017-01-28 1311 F5OWL         599 83     F5IYJ         599 21    
QSO:  7015 CW 2017-01-28 1313 F5OWL         599 83     F6GKQ         599 35    
QSO:  7015 CW 2017-01-28 1314 F5OWL         599 83     DF4TS         599 027   
QSO:  7015 CW 2017-01-28 1314 F5OWL         599 83     PA9CW         599 048   
QSO:  7015 CW 2017-01-28 1315 F5OWL         599 83     EA3BRL        599 016   
QSO:  7015 CW 2017-01-28 1316 F5OWL         599 83     F5WN          599 40    
QSO:  7015 CW 2017-01-28 1317 F5OWL         599 83     OK1ARO        599 012   
QSO:  7015 CW 2017-01-28 1317 F5OWL         599 83     F5CT          599 61    
QSO:  7015 CW 2017-01-28 1318 F5OWL         599 83     DL2FCA        599 099   
QSO:  7015 CW 2017-01-28 1318 F5OWL         599 83     CT7/F6IRA     599 088   
QSO:  7015 CW 2017-01-28 1320 F5OWL         599 83     F1GLJ         599 19    
QSO:  7015 CW 2017-01-28 1321 F5OWL         599 83     OK1AOV        599 042   
QSO:  7015 CW 2017-01-28 1321 F5OWL         599 83     DJ7OM         599 019   
QSO:  7015 CW 2017-01-28 1322 F5OWL         599 83     F5RNP         599 87    
QSO:  7015 CW 2017-01-28 1322 F5OWL         599 83     F5ROB         599 87    
QSO:  7015 CW 2017-01-28 1323 F5OWL         599 83     F6HPS         599 85    
QSO:  7015 CW 2017-01-28 1324 F5OWL         599 83     M0TDW         599 138   
QSO:  7015 CW 2017-01-28 1324 F5OWL         599 83     F5ADH         599 60    
QSO:  7015 CW 2017-01-28 1325 F5OWL         599 83     F5LWF         599 51    
QSO:  7015 CW 2017-01-28 1326 F5OWL         599 83     F6BKD         599 47    
QSO:  7015 CW 2017-01-28 1326 F5OWL         599 83     DM2RN         599 004   
QSO:  7015 CW 2017-01-28 1327 F5OWL         599 83     F9NF          599 51    
QSO:  7015 CW 2017-01-28 1405 F5OWL         599 83     F8AAN         599 33    
QSO: 14018 CW 2017-01-28 1411 F5OWL         599 83     MM3N          599 049   
QSO: 14021 CW 2017-01-28 1412 F5OWL         599 83     RU7A          599 136   
QSO: 14021 CW 2017-01-28 1413 F5OWL         599 83     LY4K          599 116   
QSO: 14021 CW 2017-01-28 1414 F5OWL         599 83     RC9A          599 143   
QSO: 14021 CW 2017-01-28 1415 F5OWL         599 83     OZ7BQ         599 044   
QSO: 14021 CW 2017-01-28 1415 F5OWL         599 83     LY1CX         599 096   
QSO: 14021 CW 2017-01-28 1416 F5OWL         599 83     US5XD         599 105   
QSO:  7018 CW 2017-01-28 1419 F5OWL         599 83     PA8AD         599 074   
QSO:  7018 CW 2017-01-28 1419 F5OWL         599 83     F5HPY         599 85    
QSO:  7018 CW 2017-01-28 1420 F5OWL         599 83     OK2QA         599 087   
QSO:  7018 CW 2017-01-28 1423 F5OWL         599 83     EB5CS         599 023   
QSO: 21032 CW 2017-01-28 1429 F5OWL         599 83     FY5KE         599 FY    
QSO: 21030 CW 2017-01-28 1432 F5OWL         599 83     F5VHY         599 47    
QSO: 21018 CW 2017-01-28 1435 F5OWL         599 83     TM1O          599 83    
QSO: 14032 CW 2017-01-28 1442 F5OWL         599 83     YL2BJ         599 095   
QSO:  7023 CW 2017-01-28 1447 F5OWL         599 83     E77EA         599 029   
QSO:  7023 CW 2017-01-28 1448 F5OWL         599 83     G3ZGC         599 127   
QSO:  7023 CW 2017-01-28 1448 F5OWL         599 83     DL1ARJ        599 120   
QSO:  7023 CW 2017-01-28 1449 F5OWL         599 83     F4EUN         599 40    
QSO:  7023 CW 2017-01-28 1450 F5OWL         599 83     PA3JEM        599 017   
QSO:  7023 CW 2017-01-28 1451 F5OWL         599 83     DL3MVC        599 053   
QSO:  7023 CW 2017-01-28 1451 F5OWL         599 83     F8DCZ         599 56    
QSO:  7023 CW 2017-01-28 1452 F5OWL         599 83     OK1PFM        599 040   
QSO:  7023 CW 2017-01-28 1453 F5OWL         599 83     F5LMJ         599 94    
QSO:  7023 CW 2017-01-28 1454 F5OWL         599 83     F6KJX         599 41    
QSO:  7023 CW 2017-01-28 1455 F5OWL         599 83     EA5DNO        599 077   
QSO:  7023 CW 2017-01-28 1455 F5OWL         599 83     F8KGH         599 83    
QSO:  7023 CW 2017-01-28 1456 F5OWL         599 83     F4HER         599 86    
QSO:  7023 CW 2017-01-28 1457 F5OWL         599 83     G3WRJ         599 018   
QSO:  7023 CW 2017-01-28 1458 F5OWL         599 83     F5RD          599 03    
QSO:  7023 CW 2017-01-28 1459 F5OWL         599 83     DK3CC         599 070   
QSO:  7023 CW 2017-01-28 1500 F5OWL         599 83     HA3FMR        599 047   
QSO:  7023 CW 2017-01-28 1500 F5OWL         599 83     F5UQE         599 59    
QSO:  7023 CW 2017-01-28 1500 F5OWL         599 83     DF6RI         599 065   
QSO:  7023 CW 2017-01-28 1501 F5OWL         599 83     F6EZF         599 71    
QSO:  7023 CW 2017-01-28 1502 F5OWL         599 83     F5SBS         599 64    
QSO:  7023 CW 2017-01-28 1503 F5OWL         599 83     ON6NW         599 010   
QSO:  7023 CW 2017-01-28 1504 F5OWL         599 83     YL3CW         599 028   
QSO:  7023 CW 2017-01-28 1504 F5OWL         599 83     F5ETA         599 23    
QSO:  7023 CW 2017-01-28 1506 F5OWL         599 83     F5NWL         599 50    
QSO:  7023 CW 2017-01-28 1506 F5OWL         599 83     F6GVC         599 47    
QSO:  7023 CW 2017-01-28 1507 F5OWL         599 83     IZ2AVK        599 089   
QSO:  7023 CW 2017-01-28 1509 F5OWL         599 83     F5NTZ         599 77    
QSO:  7023 CW 2017-01-28 1510 F5OWL         599 83     F6KTW         599 87    
QSO:  7023 CW 2017-01-28 1511 F5OWL         599 83     OK1SI         599 041   
QSO:  7016 CW 2017-01-28 1511 F5OWL         599 83     F6REF         599 00    
QSO:  7023 CW 2017-01-28 1512 F5OWL         599 83     F4FWI         599 47    
QSO:  7023 CW 2017-01-28 1514 F5OWL         599 83     ON7CC         599 004   
QSO:  7023 CW 2017-01-28 1515 F5OWL         599 83     OE9WGI        599 108   
QSO:  7023 CW 2017-01-28 1516 F5OWL         599 83     PA2SAM        599 003   
QSO:  7023 CW 2017-01-28 1517 F5OWL         599 83     SM6FPC        599 084   
QSO:  7023 CW 2017-01-28 1517 F5OWL         599 83     F2FZ          599 47    
QSO:  7023 CW 2017-01-28 1518 F5OWL         599 83     F4HFF         599 27    
QSO:  7023 CW 2017-01-28 1518 F5OWL         599 83     F4GPB         599 83    
QSO:  7023 CW 2017-01-28 1519 F5OWL         599 83     F6KEL/P       599 51    
QSO:  7023 CW 2017-01-28 1520 F5OWL         599 83     ON3ND         599 060   
QSO:  7023 CW 2017-01-28 1521 F5OWL         599 83     F5BMI         599 46    
QSO:  7023 CW 2017-01-28 1521 F5OWL         599 83     OM3BA         599 044   
QSO:  7023 CW 2017-01-28 1522 F5OWL         599 83     DF1SZ         599 041   
QSO:  7023 CW 2017-01-28 1523 F5OWL         599 83     F6GCP         599 77    
QSO:  7023 CW 2017-01-28 1524 F5OWL         599 83     F4GOU/P       599 16    
QSO:  7007 CW 2017-01-28 1527 F5OWL         599 83     F8KHP         599 88    
QSO:  7035 CW 2017-01-28 1528 F5OWL         599 83     F8EMH         599 54    
QSO:  7025 CW 2017-01-28 1530 F5OWL         599 83     DK9MH         599 037   
QSO:  7025 CW 2017-01-28 1531 F5OWL         599 83     F5KFL         599 86    
QSO:  7025 CW 2017-01-28 1533 F5OWL         599 83     F8ALX         599 36    
QSO:  7025 CW 2017-01-28 1533 F5OWL         599 83     9A2AJ         599 073   
QSO:  7025 CW 2017-01-28 1535 F5OWL         599 83     OK1DVA        599 074   
QSO:  7025 CW 2017-01-28 1536 F5OWL         599 83     F8DHA         599 17    
QSO:  7025 CW 2017-01-28 1537 F5OWL         599 83     F8EBY         599 54    
QSO:  7025 CW 2017-01-28 1537 F5OWL         599 83     OM5VS         599 050   
QSO:  7025 CW 2017-01-28 1538 F5OWL         599 83     DF9EY         599 017   
QSO:  7025 CW 2017-01-28 1539 F5OWL         599 83     EV6Z          599 102   
QSO:  7025 CW 2017-01-28 1539 F5OWL         599 83     DL2NBY        599 039   
QSO:  7025 CW 2017-01-28 1541 F5OWL         599 83     DL5XJ         599 187   
QSO:  7025 CW 2017-01-28 1542 F5OWL         599 83     LZ7J          599 132   
QSO:  7025 CW 2017-01-28 1542 F5OWL         599 83     DL5OAB        599 061   
QSO:  7025 CW 2017-01-28 1544 F5OWL         599 83     HA5PP         599 073   
QSO:  7025 CW 2017-01-28 1545 F5OWL         599 83     S52AU         599 041   
QSO:  7025 CW 2017-01-28 1545 F5OWL         599 83     OM4O          599 027   
QSO: 14025 CW 2017-01-28 1600 F5OWL         599 83     SE5L          599 053   
QSO: 14017 CW 2017-01-28 1601 F5OWL         599 83     TM1O          599 83    
QSO:  7025 CW 2017-01-28 1613 F5OWL         599 83     F2AR          599 35    
QSO:  7025 CW 2017-01-28 1614 F5OWL         599 83     DL1DQW        599 047   
QSO:  7032 CW 2017-01-28 1617 F5OWL         599 83     TM2D          599 32    
QSO:  7025 CW 2017-01-28 1619 F5OWL         599 83     UT3EV         599 054   
QSO:  7025 CW 2017-01-28 1620 F5OWL         599 83     OK1FED        599 030   
QSO:  7025 CW 2017-01-28 1621 F5OWL         599 83     RX9AF         599 055   
QSO:  7025 CW 2017-01-28 1621 F5OWL         599 83     YO3LW         599 032   
QSO:  7025 CW 2017-01-28 1622 F5OWL         599 83     F5RPN         599 93    
QSO:  7025 CW 2017-01-28 1623 F5OWL         599 83     F6AJM         599 51    
QSO:  7025 CW 2017-01-28 1624 F5OWL         599 83     OL8M          599 066   
QSO:  7025 CW 2017-01-28 1625 F5OWL         599 83     F2QH          599 95    
QSO:  7025 CW 2017-01-28 1627 F5OWL         599 83     RM1T          599 176   
QSO:  7025 CW 2017-01-28 1628 F5OWL         599 83     EU6DX         599 119   
QSO:  7025 CW 2017-01-28 1629 F5OWL         599 83     OK7N          599 015   
QSO:  7025 CW 2017-01-28 1629 F5OWL         599 83     YL3FW         599 031   
QSO:  7025 CW 2017-01-28 1630 F5OWL         599 83     OK1AY         599 082   
QSO:  7025 CW 2017-01-28 1630 F5OWL         599 83     F5PLC         599 90    
QSO:  7025 CW 2017-01-28 1631 F5OWL         599 83     OK1CT         599 026   
QSO:  7025 CW 2017-01-28 1632 F5OWL         599 83     F9EW          599 77    
QSO:  7025 CW 2017-01-28 1634 F5OWL         599 83     RM3TO         599 021   
QSO:  7025 CW 2017-01-28 1635 F5OWL         599 83     UT4U          599 083   
QSO:  7025 CW 2017-01-28 1636 F5OWL         599 83     RN6BP         599 045   
QSO:  7008 CW 2017-01-28 1639 F5OWL         599 83     F6DYX         599 49    
QSO:  7021 CW 2017-01-28 1639 F5OWL         599 83     F5KEQ         599 44    
QSO:  7016 CW 2017-01-28 1643 F5OWL         599 83     F5JU          599 35    
QSO:  7016 CW 2017-01-28 1644 F5OWL         599 83     R7MM          599 115   
QSO:  7016 CW 2017-01-28 1645 F5OWL         599 83     F6GEU         599 49    
QSO:  7016 CW 2017-01-28 1645 F5OWL         599 83     PA3CVI        599 021   
QSO:  7016 CW 2017-01-28 1646 F5OWL         599 83     F5SGI         599 94    
QSO:  7016 CW 2017-01-28 1646 F5OWL         599 83     RK4W          599 037   
QSO:  7016 CW 2017-01-28 1647 F5OWL         599 83     UX6U          599 014   
QSO:  7016 CW 2017-01-28 1648 F5OWL         599 83     F5ROL         599 83    
QSO:  7016 CW 2017-01-28 1649 F5OWL         599 83     9A2KI         599 012   
QSO:  7016 CW 2017-01-28 1650 F5OWL         599 83     OH1SIC        599 064   
QSO:  7016 CW 2017-01-28 1652 F5OWL         599 83     OK1FLT        599 008   
QSO:  7016 CW 2017-01-28 1652 F5OWL         599 83     F2CT          599 64    
QSO:  7016 CW 2017-01-28 1654 F5OWL         599 83     LA7SI         599 017   
QSO:  7016 CW 2017-01-28 1656 F5OWL         599 83     DM2DZM        599 042   
QSO:  7016 CW 2017-01-28 1657 F5OWL         599 83     DL1ASA        599 184   
QSO:  7016 CW 2017-01-28 1657 F5OWL         599 83     F5JNV         599 35    
QSO:  7016 CW 2017-01-28 1658 F5OWL         599 83     PA3CVI        599 025   
QSO:  7016 CW 2017-01-28 1658 F5OWL         599 83     OO9O          599 043   
QSO:  7016 CW 2017-01-28 1700 F5OWL         599 83     F8DSI         599 83    
QSO:  7016 CW 2017-01-28 1700 F5OWL         599 83     YO4FTE        599 088   
QSO:  7019 CW 2017-01-28 1702 F5OWL         599 83     TM1A          599 77    
QSO:  3528 CW 2017-01-28 1705 F5OWL         599 83     TM8CIL        599 03    
QSO:  7015 CW 2017-01-28 1707 F5OWL         599 83     DL1ROT        599 132   
QSO:  7015 CW 2017-01-28 1708 F5OWL         599 83     UT4UQ         599 040   
QSO:  7015 CW 2017-01-28 1709 F5OWL         599 83     DJ4WT         599 006   
QSO:  3534 CW 2017-01-28 1727 F5OWL         599 83     EA3FZT        599 090   
QSO:  3534 CW 2017-01-28 1729 F5OWL         599 83     F6ABI         599 50    
QSO:  3534 CW 2017-01-28 1730 F5OWL         599 83     F6DEO         599 95    
QSO:  3534 CW 2017-01-28 1731 F5OWL         599 83     PA0VDV        599 090   
QSO:  3534 CW 2017-01-28 1732 F5OWL         599 83     DL8HK         599 132   
QSO:  3534 CW 2017-01-28 1733 F5OWL         599 83     CT7/F6IRA     599 137   
QSO:  3534 CW 2017-01-28 1734 F5OWL         599 83     F2NY          599 13    
QSO:  3534 CW 2017-01-28 1734 F5OWL         599 83     F8DSN         599 88    
QSO:  3534 CW 2017-01-28 1735 F5OWL         599 83     OK7N          599 028   
QSO:  3534 CW 2017-01-28 1736 F5OWL         599 83     IK2NUX        599 016   
QSO:  3534 CW 2017-01-28 1736 F5OWL         599 83     F4HFF         599 27    
QSO:  3534 CW 2017-01-28 1737 F5OWL         599 83     F8NJ          599 10    
QSO:  3534 CW 2017-01-28 1738 F5OWL         599 83     F5RPB         599 26    
QSO:  3534 CW 2017-01-28 1738 F5OWL         599 83     F5VV          599 01    
QSO:  3534 CW 2017-01-28 1739 F5OWL         599 83     F1BIJ         599 06    
QSO:  3534 CW 2017-01-28 1740 F5OWL         599 83     F8FSC         599 39    
QSO:  3534 CW 2017-01-28 1741 F5OWL         599 83     F1DLZ         599 60    
QSO:  3534 CW 2017-01-28 1742 F5OWL         599 83     F8CRS         599 67    
QSO:  3534 CW 2017-01-28 1745 F5OWL         599 83     C37AC         599 049   
QSO:  3534 CW 2017-01-28 1746 F5OWL         599 83     HA5PP         599 134   
QSO:  3534 CW 2017-01-28 1746 F5OWL         599 83     F6GVC         599 47    
QSO:  3534 CW 2017-01-28 1747 F5OWL         599 83     F5JQG         599 24    
QSO:  3534 CW 2017-01-28 1748 F5OWL         599 83     M0TDW         599 191   
QSO:  3534 CW 2017-01-28 1748 F5OWL         599 83     SP4AWE        599 042   
QSO:  3534 CW 2017-01-28 1752 F5OWL         599 83     F5WN          599 40    
QSO:  3534 CW 2017-01-28 1753 F5OWL         599 83     DL5XJ         599 269   
QSO:  3534 CW 2017-01-28 1754 F5OWL         599 83     HA6NW         599 165   
QSO:  3534 CW 2017-01-28 1754 F5OWL         599 83     OK7FL         599 037   
QSO:  3534 CW 2017-01-28 1755 F5OWL         599 83     F5ADH         599 60    
QSO:  3534 CW 2017-01-28 1755 F5OWL         599 83     F5KGA         599 38    
QSO:  3534 CW 2017-01-28 1756 F5OWL         599 83     F5ROL         599 83    
QSO:  3534 CW 2017-01-28 1757 F5OWL         599 83     F6IPQ         599 47    
QSO:  3534 CW 2017-01-28 1757 F5OWL         599 83     F5VHY         599 47    
QSO:  3534 CW 2017-01-28 1758 F5OWL         599 83     F2AR          599 35    
QSO:  3534 CW 2017-01-28 1800 F5OWL         599 83     F6GGO         599 35    
QSO:  3534 CW 2017-01-28 1800 F5OWL         599 83     F6KBF         599 78    
QSO:  3534 CW 2017-01-28 1801 F5OWL         599 83     F8DSI         599 83    
QSO:  3534 CW 2017-01-28 1802 F5OWL         599 83     F6KMX         599 94    
QSO:  3534 CW 2017-01-28 1804 F5OWL         599 83     DL1ARJ        599 157   
QSO:  3534 CW 2017-01-28 1805 F5OWL         599 83     DL5CC         599 024   
QSO:  3534 CW 2017-01-28 1805 F5OWL         599 83     F8ATM         599 81    
QSO:  3534 CW 2017-01-28 1806 F5OWL         599 83     F5SUL         599 44    
QSO:  3534 CW 2017-01-28 1806 F5OWL         599 83     F1GLJ         599 19    
QSO:  3534 CW 2017-01-28 1807 F5OWL         599 83     F6JOU         599 74    
QSO:  3534 CW 2017-01-28 1808 F5OWL         599 83     SP9DUX        599 044   
QSO:  3534 CW 2017-01-28 1808 F5OWL         599 83     OK4DZ         599 020   
QSO:  3534 CW 2017-01-28 1810 F5OWL         599 83     F5LLN         599 59    
QSO:  3534 CW 2017-01-28 1811 F5OWL         599 83     F5JNV         599 35    
QSO:  3534 CW 2017-01-28 1811 F5OWL         599 83     F6EJN         599 81    
QSO:  3534 CW 2017-01-28 1812 F5OWL         599 83     LZ1HW         599 039   
QSO:  3534 CW 2017-01-28 1813 F5OWL         599 83     F4USY         599 69    
QSO:  3534 CW 2017-01-28 1814 F5OWL         599 83     DL5SDN        599 011   
QSO:  3534 CW 2017-01-28 1815 F5OWL         599 83     DL1ASA        599 196   
QSO:  3534 CW 2017-01-28 1815 F5OWL         599 83     9A2AJ         599 251   
QSO:  3534 CW 2017-01-28 1816 F5OWL         599 83     F5JMH         599 32    
QSO:  3534 CW 2017-01-28 1817 F5OWL         599 83     US5XD         599 169   
QSO:  3534 CW 2017-01-28 1818 F5OWL         599 83     F6KPQ         599 56    
QSO:  3534 CW 2017-01-28 1819 F5OWL         599 83     OE1HFC        599 008   
QSO:  3534 CW 2017-01-28 1820 F5OWL         599 83     OE9WGI        599 129   
QSO:  3534 CW 2017-01-28 1821 F5OWL         599 83     IZ1CLA        599 068   
QSO:  3534 CW 2017-01-28 1822 F5OWL         599 83     F6API         599 31    
QSO:  3534 CW 2017-01-28 1823 F5OWL         599 83     SM5CSS        599 138   
QSO:  3534 CW 2017-01-28 1824 F5OWL         599 83     DL9GMC        599 070   
QSO:  3534 CW 2017-01-28 1824 F5OWL         599 83     S52AU         599 087   
QSO:  3534 CW 2017-01-28 1826 F5OWL         599 83     IZ2ZPH        599 011   
QSO:  3534 CW 2017-01-28 1831 F5OWL         599 83     RL9X          599 081   
QSO:  3534 CW 2017-01-28 1832 F5OWL         599 83     DL6ABB        599 062   
QSO:  3534 CW 2017-01-28 1833 F5OWL         599 83     IW3ILM        599 139   
QSO:  3534 CW 2017-01-28 1834 F5OWL         599 83     PA3GDD        599 028   
QSO:  3534 CW 2017-01-28 1834 F5OWL         599 83     F8GQO         599 81    
QSO:  3534 CW 2017-01-28 1835 F5OWL         599 83     UR5FS         599 077   
QSO:  3534 CW 2017-01-28 1837 F5OWL         599 83     TM1A          599 77    
QSO:  3534 CW 2017-01-28 1837 F5OWL         599 83     DL9FCQ        599 040   
QSO:  3534 CW 2017-01-28 1838 F5OWL         599 83     YO2LAN        599 023   
QSO:  3534 CW 2017-01-28 1839 F5OWL         599 83     F6HDI         599 57    
QSO:  3534 CW 2017-01-28 1840 F5OWL         599 83     F6BUL         599 74    
QSO:  3534 CW 2017-01-28 1840 F5OWL         599 83     DF7JC         599 079   
QSO:  3534 CW 2017-01-28 1841 F5OWL         599 83     F4FEP         599 29    
QSO:  3534 CW 2017-01-28 1842 F5OWL         599 83     DL2FCA        599 145   
QSO:  3534 CW 2017-01-28 1843 F5OWL         599 83     F6GED         599 76    
QSO:  3534 CW 2017-01-28 1844 F5OWL         599 83     G3ZGC         599 143   
QSO:  3534 CW 2017-01-28 1845 F5OWL         599 83     DO2MIT        599 028   
QSO:  3534 CW 2017-01-28 1846 F5OWL         599 83     YO2CJX        599 072   
QSO:  3534 CW 2017-01-28 1847 F5OWL         599 83     F6EYB         599 40    
QSO:  3533 CW 2017-01-28 1956 F5OWL         599 83     F5HB          599 33    
QSO:  3533 CW 2017-01-28 1956 F5OWL         599 83     PA2PCH        599 078   
QSO:  3533 CW 2017-01-28 1957 F5OWL         599 83     MM3N          599 123   
QSO:  3533 CW 2017-01-28 1958 F5OWL         599 83     PC4H          599 053   
QSO:  3533 CW 2017-01-28 1958 F5OWL         599 83     SP9BCH        599 095   
QSO:  3533 CW 2017-01-28 1959 F5OWL         599 83     F6KRK         599 78    
QSO:  3533 CW 2017-01-28 1959 F5OWL         599 83     UT4U          599 239   
QSO:  3533 CW 2017-01-28 2000 F5OWL         599 83     DL1JDT        599 091   
QSO:  3533 CW 2017-01-28 2000 F5OWL         599 83     TM5G          599 44    
QSO:  3533 CW 2017-01-28 2003 F5OWL         599 83     F8VOL         599 17    
QSO:  3533 CW 2017-01-28 2003 F5OWL         599 83     F5KEQ         599 44    
QSO:  3533 CW 2017-01-28 2004 F5OWL         599 83     F6FTB         599 21    
QSO:  3533 CW 2017-01-28 2005 F5OWL         599 83     F5RD          599 03    
QSO:  3533 CW 2017-01-28 2005 F5OWL         599 83     F6KUP         599 55    
QSO:  3533 CW 2017-01-28 2006 F5OWL         599 83     OK1DVA        599 120   
QSO:  3533 CW 2017-01-28 2009 F5OWL         599 83     F8FKK         599 26    
QSO:  3533 CW 2017-01-28 2009 F5OWL         599 83     IZ2GRG        599 007   
QSO:  3533 CW 2017-01-28 2010 F5OWL         599 83     YT6M          599 117   
QSO:  3533 CW 2017-01-28 2010 F5OWL         599 83     DL5JQ         599 057   
QSO:  3533 CW 2017-01-28 2011 F5OWL         599 83     PA0MIR        599 053   
QSO:  3533 CW 2017-01-28 2013 F5OWL         599 83     IT9CKA        599 044   
QSO:  3533 CW 2017-01-28 2015 F5OWL         599 83     OM4SX         599 021   
QSO:  7013 CW 2017-01-28 2017 F5OWL         599 83     K1GQ          599 093   
QSO:  7013 CW 2017-01-28 2018 F5OWL         599 83     VE1RSM        599 029   
QSO:  7013 CW 2017-01-28 2018 F5OWL         599 83     LZ1ND         599 113   
QSO:  7013 CW 2017-01-28 2019 F5OWL         599 83     LY2PX         599 187   
QSO:  7013 CW 2017-01-28 2019 F5OWL         599 83     F6KRK         599 78    
QSO:  7013 CW 2017-01-28 2020 F5OWL         599 83     OZ7BQ         599 099   
QSO:  7013 CW 2017-01-28 2021 F5OWL         599 83     R1AO          599 073   
QSO:  7013 CW 2017-01-28 2023 F5OWL         599 83     SM0Y          599 045   
QSO:  7013 CW 2017-01-28 2025 F5OWL         599 83     LZ1VQ         599 060   
QSO:  7013 CW 2017-01-28 2025 F5OWL         599 83     UX2IJ         599 077   
QSO:  7008 CW 2017-01-28 2027 F5OWL         599 83     FY5KE         599 FY    
QSO:  7017 CW 2017-01-28 2030 F5OWL         599 83     RU9TN         599 062   
QSO:  7017 CW 2017-01-28 2030 F5OWL         599 83     US7UU         599 002   
QSO:  3528 CW 2017-01-28 2034 F5OWL         599 83     OM8LA         599 057   
QSO:  3520 CW 2017-01-28 2036 F5OWL         599 83     F6CEL/P       599 51    
QSO:  3524 CW 2017-01-28 2038 F5OWL         599 83     YO4FTE        599 125   
QSO:  3524 CW 2017-01-28 2039 F5OWL         599 83     LZ1ND         599 120   
QSO:  3524 CW 2017-01-28 2039 F5OWL         599 83     YO9AGI        599 165   
QSO:  3524 CW 2017-01-28 2040 F5OWL         599 83     F5SEY         599 44    
QSO:  3524 CW 2017-01-28 2041 F5OWL         599 83     TM5OTT        599 37    
QSO:  3524 CW 2017-01-28 2041 F5OWL         599 83     OZ5KU         599 046   
QSO:  3524 CW 2017-01-28 2042 F5OWL         599 83     HA3FMR        599 124   
QSO:  3524 CW 2017-01-28 2043 F5OWL         599 83     DM2RN         599 038   
QSO:  3516 CW 2017-01-28 2047 F5OWL         599 83     F4KIP         599 57    
QSO:  3529 CW 2017-01-28 2048 F5OWL         599 83     TM2D          599 32    
QSO:  3530 CW 2017-01-28 2050 F5OWL         599 83     F8KGZ         599 54    
QSO:  3532 CW 2017-01-28 2050 F5OWL         599 83     F5PLC         599 90    
QSO:  3549 CW 2017-01-28 2052 F5OWL         599 83     F6HEO/P       599 58    
QSO:  3541 CW 2017-01-28 2054 F5OWL         599 83     OM3WZ         599 064   
QSO:  3541 CW 2017-01-28 2054 F5OWL         599 83     F4GBW         599 59    
QSO:  3541 CW 2017-01-28 2055 F5OWL         599 83     F8UFT         599 71    
QSO:  3541 CW 2017-01-28 2056 F5OWL         599 83     DL5JAB        599 053   
QSO:  3541 CW 2017-01-28 2057 F5OWL         599 83     SM0Y          599 062   
QSO:  3541 CW 2017-01-28 2058 F5OWL         599 83     F8DRE         599 28    
QSO:  3541 CW 2017-01-28 2059 F5OWL         599 83     F4HER         599 86    
QSO:  3541 CW 2017-01-28 2100 F5OWL         599 83     GW5R          599 394   
QSO:  3541 CW 2017-01-28 2100 F5OWL         599 83     F8FLN         599 52    
QSO:  3541 CW 2017-01-28 2101 F5OWL         599 83     F8NJ          599 10    
QSO:  3541 CW 2017-01-28 2102 F5OWL         599 83     F5NZY         599 75    
QSO:  3541 CW 2017-01-28 2104 F5OWL         599 83     F5KMB         599 60    
QSO:  3541 CW 2017-01-28 2106 F5OWL         599 83     OK2BJK        599 120   
QSO:  3541 CW 2017-01-28 2108 F5OWL         599 83     OZ5KU         599 058   
QSO:  7016 CW 2017-01-28 2110 F5OWL         599 83     F5NBX         599 87    
QSO:  7012 CW 2017-01-28 2111 F5OWL         599 83     F6DTZ         599 65    
QSO:  7032 CW 2017-01-28 2113 F5OWL         599 83     F4WBN         599 64    
QSO:  7020 CW 2017-01-28 2115 F5OWL         599 83     OM8VL         599 049   
QSO:  7020 CW 2017-01-28 2116 F5OWL         599 83     F6HRP         599 22    
QSO:  7020 CW 2017-01-28 2117 F5OWL         599 83     YO4SI         599 048   
QSO:  7025 CW 2017-01-28 2118 F5OWL         599 83     F5UTN         599 27    
QSO:  7035 CW 2017-01-28 2121 F5OWL         599 83     OM3WZ         599 072   
QSO:  7035 CW 2017-01-28 2124 F5OWL         599 83     OZ1DGQ        599 021   
QSO:  3511 CW 2017-01-28 2126 F5OWL         599 83     F5IN          599 45    
QSO:  3515 CW 2017-01-28 2132 F5OWL         599 83     F6KHM         599 29    
QSO:  3516 CW 2017-01-28 2133 F5OWL         599 83     F8DFP         599 63    
QSO:  3519 CW 2017-01-28 2133 F5OWL         599 83     F6KLO         599 19    
QSO:  3523 CW 2017-01-28 2134 F5OWL         599 83     F8FUA         599 14    
QSO:  3524 CW 2017-01-28 2136 F5OWL         599 83     F8CED         599 44    
QSO:  3527 CW 2017-01-28 2140 F5OWL         599 83     F5MUX         599 29    
QSO:  3528 CW 2017-01-28 2141 F5OWL         599 83     PA3DBS        599 046   
QSO:  3528 CW 2017-01-28 2143 F5OWL         599 83     F5NTZ         599 77    
QSO:  3528 CW 2017-01-28 2144 F5OWL         599 83     IK3OII        599 053   
QSO:  3528 CW 2017-01-28 2144 F5OWL         599 83     SE7Q          599 014   
QSO:  3528 CW 2017-01-28 2146 F5OWL         599 83     YT1FZ         599 004   
QSO:  3528 CW 2017-01-28 2147 F5OWL         599 83     YO4TL         599 039   
QSO:  3528 CW 2017-01-28 2148 F5OWL         599 83     F4ERS         599 37    
QSO:  3528 CW 2017-01-28 2149 F5OWL         599 83     DL9GMC        599 088   
QSO:  7025 CW 2017-01-28 2154 F5OWL         599 83     KU2M          599 019   
QSO:  7025 CW 2017-01-28 2154 F5OWL         599 83     K4BAI         599 061   
QSO:  7025 CW 2017-01-28 2155 F5OWL         599 83     FM5AN         599 FM    
QSO:  7025 CW 2017-01-28 2157 F5OWL         599 83     SI5Y          599 153   
QSO:  7025 CW 2017-01-28 2200 F5OWL         599 83     YL3GAZ        599 090   
QSO:  7021 CW 2017-01-28 2203 F5OWL         599 83     SP5Y          599 047   
QSO:  3519 CW 2017-01-28 2206 F5OWL         599 83     K3ZO          599 093   
QSO:  3519 CW 2017-01-28 2207 F5OWL         599 83     F6DFB         599 62    
QSO:  3519 CW 2017-01-28 2208 F5OWL         599 83     LA0FA         599 009   
QSO:  3519 CW 2017-01-28 2209 F5OWL         599 83     RW5CW         599 109   
QSO:  3519 CW 2017-01-28 2210 F5OWL         599 83     LZ3YV         599 131   
QSO:  3519 CW 2017-01-28 2211 F5OWL         599 83     F5KFL         599 86    
QSO:  3519 CW 2017-01-28 2212 F5OWL         599 83     EB5CS         599 063   
QSO:  3519 CW 2017-01-28 2213 F5OWL         599 83     DM2AA         599 048   
QSO:  3519 CW 2017-01-28 2213 F5OWL         599 83     F4FFH         599 50    
QSO:  3519 CW 2017-01-28 2214 F5OWL         599 83     LZ1IA         599 035   
QSO:  3519 CW 2017-01-28 2215 F5OWL         599 83     F8DYD         599 86    
QSO:  3519 CW 2017-01-28 2216 F5OWL         599 83     F5MNO         599 59    
QSO:  3519 CW 2017-01-28 2217 F5OWL         599 83     UR4RWW        599 140   
QSO:  3519 CW 2017-01-28 2218 F5OWL         599 83     R7AT          599 155   
QSO:  3519 CW 2017-01-28 2218 F5OWL         599 83     DG7EE         599 044   
QSO:  3519 CW 2017-01-28 2219 F5OWL         599 83     SM6EWB        599 110   
QSO:  3519 CW 2017-01-28 2220 F5OWL         599 83     F6KDL         599 68    
QSO:  3519 CW 2017-01-28 2222 F5OWL         599 83     UT7HM         599 015   
QSO:  3537 CW 2017-01-28 2224 F5OWL         599 83     F5KCC         599 89    
QSO:  7026 CW 2017-01-28 2243 F5OWL         599 83     FG/F5HRY      599 FG    
QSO:  3519 CW 2017-01-29 0601 F5OWL         599 83     F8KCF         599 74    
QSO:  3523 CW 2017-01-29 0602 F5OWL         599 83     F6KNB         599 33    
QSO:  3546 CW 2017-01-29 0604 F5OWL         599 83     F6KMB         599 59    
QSO:  3536 CW 2017-01-29 0605 F5OWL         599 83     F5UMP         599 59    
QSO:  3516 CW 2017-01-29 0607 F5OWL         599 83     TM1O          599 83    
QSO:  7012 CW 2017-01-29 0609 F5OWL         599 83     SM3OMO        599 120   
QSO:  3522 CW 2017-01-29 0611 F5OWL         599 83     OK1NE         599 096   
QSO:  7020 CW 2017-01-29 0620 F5OWL         599 83     TM1O          599 83    
QSO:  7015 CW 2017-01-29 0623 F5OWL         599 83     F6KNB         599 33    
QSO:  7015 CW 2017-01-29 0623 F5OWL         599 83     RD1T          599 031   
QSO:  7015 CW 2017-01-29 0624 F5OWL         599 83     US5XD         599 287   
QSO:  7015 CW 2017-01-29 0625 F5OWL         599 83     LZ7DX         599 022   
QSO:  7015 CW 2017-01-29 0625 F5OWL         599 83     RA7R          599 044   
QSO:  7015 CW 2017-01-29 0626 F5OWL         599 83     SE2T          599 098   
QSO:  7015 CW 2017-01-29 0626 F5OWL         599 83     LZ1RW         599 063   
QSO:  7015 CW 2017-01-29 0627 F5OWL         599 83     YO6ZS         599 008   
QSO:  7015 CW 2017-01-29 0628 F5OWL         599 83     YU1BM         599 046   
QSO:  7015 CW 2017-01-29 0628 F5OWL         599 83     YT6M          599 200   
QSO:  7015 CW 2017-01-29 0631 F5OWL         599 83     LZ7H          599 107   
QSO:  7015 CW 2017-01-29 0632 F5OWL         599 83     SM6EWB        599 136   
QSO:  3513 CW 2017-01-29 0635 F5OWL         599 83     F5POJ         599 02    
QSO:  3535 CW 2017-01-29 0637 F5OWL         599 83     F5SKW         599 68    
QSO:  3535 CW 2017-01-29 0638 F5OWL         599 83     F5NSO         599 60    
QSO:  3535 CW 2017-01-29 0639 F5OWL         599 83     OM3CPF        599 079   
QSO:  3535 CW 2017-01-29 0641 F5OWL         599 83     F5SEP         599 65    
QSO:  3537 CW 2017-01-29 0643 F5OWL         599 83     HA5BA         599 065   
QSO:  3537 CW 2017-01-29 0644 F5OWL         599 83     F4HPM         599 47    
QSO:  3537 CW 2017-01-29 0648 F5OWL         599 83     EA2BNU        599 189   
QSO:  3520 CW 2017-01-29 0734 F5OWL         599 83     F6HPP         599 02    
QSO:  3525 CW 2017-01-29 0738 F5OWL         599 83     I2IFT         599 063   
QSO:  3525 CW 2017-01-29 0739 F5OWL         599 83     F5PYJ         599 44    
QSO:  7016 CW 2017-01-29 0741 F5OWL         599 83     F6HDI         599 57    
QSO:  7010 CW 2017-01-29 0743 F5OWL         599 83     F8BUO         599 68    
QSO:  7015 CW 2017-01-29 0744 F5OWL         599 83     F6FDR         599 84    
QSO:  7010 CW 2017-01-29 0745 F5OWL         599 83     F5IN          599 45    
QSO:  7026 CW 2017-01-29 0746 F5OWL         599 83     F6KPQ         599 56    
QSO:  7033 CW 2017-01-29 0747 F5OWL         599 83     F6GPT         599 33    
QSO:  7017 CW 2017-01-29 0748 F5OWL         599 83     F6GCT         599 77    
QSO:  7036 CW 2017-01-29 0749 F5OWL         599 83     F5OCL         599 68    
QSO:  7027 CW 2017-01-29 0750 F5OWL         599 83     TM5G          599 44    
QSO:  7021 CW 2017-01-29 0752 F5OWL         599 83     F6KDL         599 68    
QSO:  7021 CW 2017-01-29 0752 F5OWL         599 83     F5ICC         599 24    
QSO:  7021 CW 2017-01-29 0753 F5OWL         599 83     F5VHY         599 47    
QSO:  7021 CW 2017-01-29 0754 F5OWL         599 83     F8LKU         599 47    
QSO:  7021 CW 2017-01-29 0754 F5OWL         599 83     YU1DW         599 057   
QSO:  7021 CW 2017-01-29 0755 F5OWL         599 83     EA2SN         599 044   
QSO:  7021 CW 2017-01-29 0757 F5OWL         599 83     F5JQG         599 24    
QSO:  7012 CW 2017-01-29 0800 F5OWL         599 83     F8KGW         599 35    
QSO:  7027 CW 2017-01-29 0802 F5OWL         599 83     F5KDC         599 63    
QSO:  7029 CW 2017-01-29 0803 F5OWL         599 83     F6EYB         599 40    
QSO:  7035 CW 2017-01-29 0805 F5OWL         599 83     OM7SR         599 032   
QSO:  7021 CW 2017-01-29 0832 F5OWL         599 83     F5IAE         599 18    
QSO:  7010 CW 2017-01-29 0833 F5OWL         599 83     F6HPP         599 02    
QSO:  7009 CW 2017-01-29 0834 F5OWL         599 83     F8KLY         599 69    
QSO: 14021 CW 2017-01-29 0836 F5OWL         599 83     F6CEL/P       599 51    
QSO: 14031 CW 2017-01-29 0840 F5OWL         599 83     LZ1ND         599 221   
QSO: 14031 CW 2017-01-29 0840 F5OWL         599 83     RT4W          599 067   
QSO: 14031 CW 2017-01-29 0841 F5OWL         599 83     RN4W          599 048   
QSO: 14031 CW 2017-01-29 0841 F5OWL         599 83     UA6ARR        599 101   
QSO: 14031 CW 2017-01-29 0842 F5OWL         599 83     DL1ROT        599 201   
QSO: 14031 CW 2017-01-29 0842 F5OWL         599 83     RX9CC         599 010   
QSO: 14031 CW 2017-01-29 0843 F5OWL         599 83     SO5N          599 080   
QSO: 14031 CW 2017-01-29 0843 F5OWL         599 83     UR7VA         599 055   
QSO: 14031 CW 2017-01-29 0844 F5OWL         599 83     HA5NU         599 013   
QSO: 14031 CW 2017-01-29 0844 F5OWL         599 83     RM1T          599 382   
QSO: 14031 CW 2017-01-29 0845 F5OWL         599 83     RC6AA         599 027   
QSO: 14031 CW 2017-01-29 0846 F5OWL         599 83     HA5PP         599 259   
QSO: 14031 CW 2017-01-29 0847 F5OWL         599 83     RD1T          599 072   
QSO: 14017 CW 2017-01-29 0849 F5OWL         599 83     F4WBN         599 64    
QSO: 21025 CW 2017-01-29 0854 F5OWL         599 83     EU6DX         599 225   
QSO: 21025 CW 2017-01-29 0854 F5OWL         599 83     OH2KW         599 143   
QSO: 21025 CW 2017-01-29 0855 F5OWL         599 83     SE2T          599 140   
QSO: 21025 CW 2017-01-29 0856 F5OWL         599 83     SM5CSS        599 197   
QSO: 21025 CW 2017-01-29 0856 F5OWL         599 83     R3VL          599 089   
QSO: 21025 CW 2017-01-29 0857 F5OWL         599 83     UX2MF         599 086   
QSO: 21025 CW 2017-01-29 0859 F5OWL         599 83     US0UX         599 100   
QSO: 21025 CW 2017-01-29 0900 F5OWL         599 83     RW3YA         599 035   
QSO: 21025 CW 2017-01-29 0900 F5OWL         599 83     RN3S          599 154   
QSO: 21025 CW 2017-01-29 0901 F5OWL         599 83     US5XD         599 312   
QSO: 28020 CW 2017-01-29 0904 F5OWL         599 83     TM1O          599 83    
QSO: 14016 CW 2017-01-29 0910 F5OWL         599 83     F5NKX         599 50    
QSO: 14016 CW 2017-01-29 0910 F5OWL         599 83     LZ1QZ         599 118   
QSO: 21031 CW 2017-01-29 0915 F5OWL         599 83     UY0CA         599 120   
QSO: 21031 CW 2017-01-29 0916 F5OWL         599 83     LZ2FM         599 029   
QSO: 21031 CW 2017-01-29 0916 F5OWL         599 83     UR5CC         599 084   
QSO:  7022 CW 2017-01-29 0919 F5OWL         599 83     F6DCQ         599 74    
QSO:  7020 CW 2017-01-29 0922 F5OWL         599 83     F5MS          599 10    
QSO:  7031 CW 2017-01-29 0923 F5OWL         599 83     F8BPN         599 19    
QSO:  7031 CW 2017-01-29 0924 F5OWL         599 83     9A6A          599 095   
QSO:  7031 CW 2017-01-29 0925 F5OWL         599 83     DF8KY         599 077   
QSO:  7031 CW 2017-01-29 0926 F5OWL         599 83     F5SKW         599 68    
QSO:  7031 CW 2017-01-29 0927 F5OWL         599 83     G4HVC         599 025   
QSO: 14034 CW 2017-01-29 0931 F5OWL         599 83     F8KGW         599 35    
QSO: 14036 CW 2017-01-29 0932 F5OWL         599 83     DL9LM         599 024   
QSO: 14036 CW 2017-01-29 0934 F5OWL         599 83     LZ2CH         599 094   
QSO: 14036 CW 2017-01-29 0934 F5OWL         599 83     RN9N          599 089   
QSO: 14036 CW 2017-01-29 0936 F5OWL         599 83     UA6YH         599 140   
QSO: 14036 CW 2017-01-29 0937 F5OWL         599 83     DL3KWF        599 076   
QSO: 14036 CW 2017-01-29 0937 F5OWL         599 83     GM3JKS        599 094   
QSO: 14036 CW 2017-01-29 0940 F5OWL         599 83     F5IN          599 45    
QSO: 14047 CW 2017-01-29 0941 F5OWL         599 83     PA1NL         599 052   
QSO: 14047 CW 2017-01-29 0942 F5OWL         599 83     YT6M          599 317   
QSO: 14047 CW 2017-01-29 0942 F5OWL         599 83     UR0HQ         599 071   
QSO: 14047 CW 2017-01-29 0943 F5OWL         599 83     RL4A          599 043   
QSO: 14047 CW 2017-01-29 0944 F5OWL         599 83     SF3A          599 175   
QSO: 14047 CW 2017-01-29 0944 F5OWL         599 83     DL7UXG        599 038   
QSO: 14047 CW 2017-01-29 0945 F5OWL         599 83     LY2KA         599 111   
QSO: 14047 CW 2017-01-29 0945 F5OWL         599 83     LY2PX         599 214   
QSO: 14047 CW 2017-01-29 0946 F5OWL         599 83     UW6M          599 090   
QSO: 14047 CW 2017-01-29 0947 F5OWL         599 83     RN3P          599 015   
QSO:  7029 CW 2017-01-29 0952 F5OWL         599 83     F5MUX         599 29    
QSO:  7025 CW 2017-01-29 0953 F5OWL         599 83     F2YT          599 62    
QSO:  7038 CW 2017-01-29 0956 F5OWL         599 83     F8KGZ         599 54    
QSO:  7014 CW 2017-01-29 0957 F5OWL         599 83     F8KCF         599 74    
QSO:  7015 CW 2017-01-29 0958 F5OWL         599 83     F4FHZ         599 56    
QSO:  7015 CW 2017-01-29 0959 F5OWL         599 83     F6ESQ         599 69    
QSO:  7015 CW 2017-01-29 1000 F5OWL         599 83     DL1CW         599 065   
QSO:  7015 CW 2017-01-29 1000 F5OWL         599 83     PE2K          599 045   
QSO:  7015 CW 2017-01-29 1001 F5OWL         599 83     F6GLQ         599 35    
QSO:  7015 CW 2017-01-29 1002 F5OWL         599 83     F5OEV         599 85    
QSO:  7015 CW 2017-01-29 1004 F5OWL         599 83     F4SGU         599 35    
QSO:  7015 CW 2017-01-29 1005 F5OWL         599 83     F8DYD         599 86    
QSO:  7015 CW 2017-01-29 1006 F5OWL         599 83     YT1FZ         599 053   
QSO: 14011 CW 2017-01-29 1013 F5OWL         599 83     YL2AG         599 058   
QSO: 21025 CW 2017-01-29 1019 F5OWL         599 83     SF3A          599 185   
QSO: 21024 CW 2017-01-29 1021 F5OWL         599 83     R3FC          599 099   
QSO: 21024 CW 2017-01-29 1021 F5OWL         599 83     US4IPC        599 111   
QSO: 14021 CW 2017-01-29 1025 F5OWL         599 83     F5OHM         599 36    
QSO: 14020 CW 2017-01-29 1026 F5OWL         599 83     GW5R          599 497   
QSO: 14024 CW 2017-01-29 1028 F5OWL         599 83     EI4II         599 016   
QSO: 14025 CW 2017-01-29 1029 F5OWL         599 83     YO5AXF        599 127   
QSO: 14010 CW 2017-01-29 1031 F5OWL         599 83     HA6VR         599 008   
QSO: 14010 CW 2017-01-29 1032 F5OWL         599 83     G4DDL         599 002   
QSO: 14010 CW 2017-01-29 1033 F5OWL         599 83     HA0IH         599 071   
QSO: 14010 CW 2017-01-29 1033 F5OWL         599 83     RU9AC         599 024   
QSO: 14010 CW 2017-01-29 1034 F5OWL         599 83     SM3OMO        599 154   
QSO: 14010 CW 2017-01-29 1035 F5OWL         599 83     HA1RJ         599 045   
QSO: 14010 CW 2017-01-29 1037 F5OWL         599 83     SM5CSS        599 215   
QSO: 14010 CW 2017-01-29 1037 F5OWL         599 83     R7AT          599 184   
QSO: 14010 CW 2017-01-29 1038 F5OWL         599 83     US3IZ         599 025   
QSO: 14010 CW 2017-01-29 1039 F5OWL         599 83     Z33B          599 098   
QSO: 14010 CW 2017-01-29 1039 F5OWL         599 83     EV6Z          599 194   
QSO: 14010 CW 2017-01-29 1040 F5OWL         599 83     SQ9IWT        599 080   
QSO: 14010 CW 2017-01-29 1041 F5OWL         599 83     FY5KE         599 FY    
QSO: 14010 CW 2017-01-29 1042 F5OWL         599 83     YO9AGI        599 248   
QSO: 14010 CW 2017-01-29 1043 F5OWL         599 83     LZ1IA         599 108   
QSO: 14010 CW 2017-01-29 1043 F5OWL         599 83     LY5O          599 045   
QSO: 14010 CW 2017-01-29 1044 F5OWL         599 83     G3ULN         599 001   
QSO: 14010 CW 2017-01-29 1044 F5OWL         599 83     UG4A          599 191   
QSO: 14010 CW 2017-01-29 1045 F5OWL         599 83     LA2HFA        599 122   
QSO: 14010 CW 2017-01-29 1046 F5OWL         599 83     9A2AJ         599 383   
QSO: 14010 CW 2017-01-29 1047 F5OWL         599 83     SP2MKT        599 036   
QSO: 14010 CW 2017-01-29 1047 F5OWL         599 83     R3FC          599 106   
QSO: 14010 CW 2017-01-29 1048 F5OWL         599 83     SM6GBM        599 033   
QSO: 14010 CW 2017-01-29 1049 F5OWL         599 83     HA7KRE        599 064   
QSO: 14010 CW 2017-01-29 1050 F5OWL         599 83     RW4NF         599 081   
QSO: 14010 CW 2017-01-29 1051 F5OWL         599 83     YO2CJX        599 147   
QSO: 14010 CW 2017-01-29 1052 F5OWL         599 83     UA3UAD        599 107   
QSO: 14010 CW 2017-01-29 1053 F5OWL         599 83     SV1HEM/3      599 022   
QSO: 14010 CW 2017-01-29 1054 F5OWL         599 83     UY5QZ         599 033   
QSO: 14010 CW 2017-01-29 1055 F5OWL         599 83     RA6CU         599 107   
QSO:  7020 CW 2017-01-29 1058 F5OWL         599 83     F5BLC         599 12    
QSO:  7021 CW 2017-01-29 1059 F5OWL         599 83     IW2CNM        599 043   
QSO:  7021 CW 2017-01-29 1100 F5OWL         599 83     F6KJJ         599 38    
QSO:  7021 CW 2017-01-29 1100 F5OWL         599 83     DK3AX         599 078   
QSO:  7021 CW 2017-01-29 1101 F5OWL         599 83     F5MWA         599 83    
QSO:  7022 CW 2017-01-29 1104 F5OWL         599 83     F5KCC         599 89    
QSO: 28032 CW 2017-01-29 1112 F5OWL         599 83     F6HEO/P       599 58    
QSO: 14023 CW 2017-01-29 1130 F5OWL         599 83     OZ5KU         599 111   
QSO: 14023 CW 2017-01-29 1132 F5OWL         599 83     OH9NB         599 088   
QSO: 14023 CW 2017-01-29 1132 F5OWL         599 83     EA7AAW        599 161   
QSO: 14023 CW 2017-01-29 1133 F5OWL         599 83     RU9TN         599 115   
QSO: 14023 CW 2017-01-29 1134 F5OWL         599 83     RN3S          599 186   
QSO: 14023 CW 2017-01-29 1136 F5OWL         599 83     OH2BN         599 040   
QSO: 14023 CW 2017-01-29 1137 F5OWL         599 83     YL2IP         599 021   
QSO: 14023 CW 2017-01-29 1138 F5OWL         599 83     5T0JL         599 077   
QSO: 14023 CW 2017-01-29 1138 F5OWL         599 83     UC2K          599 008   
QSO: 14023 CW 2017-01-29 1139 F5OWL         599 83     DL5XJ         599 455   
QSO: 14023 CW 2017-01-29 1140 F5OWL         599 83     F6KNB         599 33    
QSO: 14023 CW 2017-01-29 1140 F5OWL         599 83     UY0CA         599 142   
QSO: 14023 CW 2017-01-29 1142 F5OWL         599 83     RA7R          599 079   
QSO: 14023 CW 2017-01-29 1143 F5OWL         599 83     4Z5LU         599 048   
QSO: 14023 CW 2017-01-29 1144 F5OWL         599 83     RT9X          599 026   
QSO: 14023 CW 2017-01-29 1144 F5OWL         599 83     DG8HJ         599 004   
QSO: 14023 CW 2017-01-29 1145 F5OWL         599 83     UT4U          599 350   
QSO: 14023 CW 2017-01-29 1146 F5OWL         599 83     SE4E          599 183   
QSO: 14023 CW 2017-01-29 1148 F5OWL         599 83     F6KHM         599 29    
QSO: 14023 CW 2017-01-29 1149 F5OWL         599 83     HA0IL         599 115   
QSO: 14023 CW 2017-01-29 1151 F5OWL         599 83     RA9DW         599 026   
QSO: 21031 CW 2017-01-29 1258 F5OWL         599 83     FG4KH         599 FG    
QSO: 14026 CW 2017-01-29 1309 F5OWL         599 83     OM3WZ         599 093   
QSO: 14026 CW 2017-01-29 1310 F5OWL         599 83     YL3GAZ        599 159   
QSO: 14026 CW 2017-01-29 1311 F5OWL         599 83     OZ5RM         599 092   
QSO: 14026 CW 2017-01-29 1312 F5OWL         599 83     M0MPM         599 009   
QSO: 14026 CW 2017-01-29 1312 F5OWL         599 83     DF3SM         599 019   
QSO: 14026 CW 2017-01-29 1316 F5OWL         599 83     F8KLY         599 69    
QSO: 14033 CW 2017-01-29 1318 F5OWL         599 83     OM8FF         599 156   
QSO: 14018 CW 2017-01-29 1323 F5OWL         599 83     UX4FC         599 085   
QSO: 14020 CW 2017-01-29 1325 F5OWL         599 83     SV1JG         599 094   
QSO: 21028 CW 2017-01-29 1330 F5OWL         599 83     R7MM          599 280   
QSO: 14028 CW 2017-01-29 1332 F5OWL         599 83     G7PVZ         599 001   
QSO: 14028 CW 2017-01-29 1334 F5OWL         599 83     YO4FTE        599 206   
QSO:  7019 CW 2017-01-29 1337 F5OWL         599 83     F4HTN         599 62    
QSO:  7023 CW 2017-01-29 1341 F5OWL         599 83     F5RFS         599 85    
QSO:  7024 CW 2017-01-29 1342 F5OWL         599 83     F6KMB         599 59    
QSO:  7027 CW 2017-01-29 1343 F5OWL         599 83     F5KMB         599 60    
QSO:  7035 CW 2017-01-29 1345 F5OWL         599 83     F5POJ         599 02    
QSO: 21038 CW 2017-01-29 1348 F5OWL         599 83     FM/F6AUS      599 FM    
QSO: 21026 CW 2017-01-29 1352 F5OWL         599 83     F5IUZ         599 13    
QSO: 14019 CW 2017-01-29 1358 F5OWL         599 83     DL5YM         599 020   
QSO: 14019 CW 2017-01-29 1358 F5OWL         599 83     RM1T          599 488   
QSO: 14019 CW 2017-01-29 1359 F5OWL         599 83     UR5FS         599 116   
QSO: 14019 CW 2017-01-29 1359 F5OWL         599 83     R7MT          599 057   
QSO:  7014 CW 2017-01-29 1404 F5OWL         599 83     PG3N          599 016   
QSO:  7015 CW 2017-01-29 1406 F5OWL         599 83     F6CEL/P       599 51    
QSO:  7020 CW 2017-01-29 1407 F5OWL         599 83     F5NZY         599 75    
QSO:  7024 CW 2017-01-29 1408 F5OWL         599 83     F5OHM         599 36    
QSO:  7034 CW 2017-01-29 1409 F5OWL         599 83     F5XX          599 81    
QSO: 14021 CW 2017-01-29 1413 F5OWL         599 83     LZ3YV         599 180   
QSO: 14021 CW 2017-01-29 1414 F5OWL         599 83     CT1ELZ        599 166   
QSO: 14021 CW 2017-01-29 1415 F5OWL         599 83     SQ9FMU        599 118   
QSO: 14021 CW 2017-01-29 1416 F5OWL         599 83     OF6DIO        599 038   
QSO: 14021 CW 2017-01-29 1418 F5OWL         599 83     K4BAI         599 081   
QSO: 14021 CW 2017-01-29 1422 F5OWL         599 83     EW1P          599 116   
QSO: 21024 CW 2017-01-29 1428 F5OWL         599 83     VE2BWL        599 148   
QSO:  7015 CW 2017-01-29 1436 F5OWL         599 83     DL9SEV        599 003   
QSO:  7014 CW 2017-01-29 1441 F5OWL         599 83     F5UMP         599 59    
QSO: 14017 CW 2017-01-29 1445 F5OWL         599 83     DL3KWR        599 084   
QSO: 14019 CW 2017-01-29 1451 F5OWL         599 83     F6HEO/P       599 58    
QSO: 21022 CW 2017-01-29 1500 F5OWL         599 83     N5AW          599 026   
QSO: 14049 CW 2017-01-29 1507 F5OWL         599 83     N0BUI         599 015   
QSO: 14043 CW 2017-01-29 1511 F5OWL         599 83     FG4KH         599 FG    
QSO: 14038 CW 2017-01-29 1513 F5OWL         599 83     LZ7J          599 353   
QSO:  7029 CW 2017-01-29 1517 F5OWL         599 83     F6KUP         599 55    
QSO:  7014 CW 2017-01-29 1521 F5OWL         599 83     TM5OTT        599 37    
QSO:  7014 CW 2017-01-29 1522 F5OWL         599 83     F6BHI         599 19    
QSO:  7014 CW 2017-01-29 1523 F5OWL         599 83     RL4A          599 122   
QSO:  7014 CW 2017-01-29 1523 F5OWL         599 83     DL1NKS        599 194   
QSO:  7014 CW 2017-01-29 1524 F5OWL         599 83     F1MCO         599 19    
QSO:  7014 CW 2017-01-29 1525 F5OWL         599 83     OZ4FF         599 079   
QSO:  7014 CW 2017-01-29 1526 F5OWL         599 83     F6EQZ         599 51    
QSO:  7014 CW 2017-01-29 1526 F5OWL         599 83     DF8TY         599 073   
QSO:  7014 CW 2017-01-29 1527 F5OWL         599 83     DJ7UO         599 041   
QSO:  7014 CW 2017-01-29 1527 F5OWL         599 83     F5AAZ         599 54    
QSO:  7014 CW 2017-01-29 1529 F5OWL         599 83     F5OGM         599 95    
QSO:  7014 CW 2017-01-29 1531 F5OWL         599 83     F5KCH         599 58    
QSO:  7014 CW 2017-01-29 1532 F5OWL         599 83     EI7GL         599 133   
QSO:  7014 CW 2017-01-29 1533 F5OWL         599 83     F5IGF         599 37    
QSO:  7014 CW 2017-01-29 1534 F5OWL         599 83     F5LGF         599 67    
QSO:  7014 CW 2017-01-29 1534 F5OWL         599 83     EA3FZT        599 202   
QSO:  7014 CW 2017-01-29 1535 F5OWL         599 83     F6KHM         599 29    
QSO:  7014 CW 2017-01-29 1536 F5OWL         599 83     IT9CKA        599 113   
QSO:  7014 CW 2017-01-29 1538 F5OWL         599 83     F5JLV         599 52    
QSO:  7014 CW 2017-01-29 1540 F5OWL         599 83     F5GFA         599 47    
QSO:  7014 CW 2017-01-29 1540 F5OWL         599 83     F4FFH         599 50    
QSO:  7012 CW 2017-01-29 1601 F5OWL         599 83     OK1FCA        599 116   
QSO:  7012 CW 2017-01-29 1601 F5OWL         599 83     DL1JDT        599 160   
QSO:  7012 CW 2017-01-29 1602 F5OWL         599 83     F5MFI         599 45    
QSO:  7012 CW 2017-01-29 1603 F5OWL         599 83     UA3X          599 072   
QSO:  7012 CW 2017-01-29 1605 F5OWL         599 83     9A1AA         599 279   
QSO:  7012 CW 2017-01-29 1606 F5OWL         599 83     F5SJC         599 86    
QSO:  7012 CW 2017-01-29 1607 F5OWL         599 83     Z32ZM         599 095   
QSO:  7012 CW 2017-01-29 1610 F5OWL         599 83     F8UFT         599 71    
QSO:  7015 CW 2017-01-29 1616 F5OWL         599 83     F6CYT         599 44    
QSO:  7015 CW 2017-01-29 1619 F5OWL         599 83     F5PJQ         599 79    
QSO:  7015 CW 2017-01-29 1621 F5OWL         599 83     RV3MR         599 110   
QSO:  7017 CW 2017-01-29 1623 F5OWL         599 83     PA0RBA        599 056   
QSO:  7037 CW 2017-01-29 1626 F5OWL         599 83     DL6UHA        599 044   
QSO:  7037 CW 2017-01-29 1627 F5OWL         599 83     DL8UBR        599 107   
QSO:  7037 CW 2017-01-29 1628 F5OWL         599 83     OM8LA         599 155   
QSO:  7037 CW 2017-01-29 1628 F5OWL         599 83     F5DUX         599 40    
QSO:  7037 CW 2017-01-29 1629 F5OWL         599 83     OK2BJK        599 193   
QSO:  7037 CW 2017-01-29 1630 F5OWL         599 83     F8CED         599 44    
QSO:  7037 CW 2017-01-29 1630 F5OWL         599 83     F5ABV         599 02    
QSO:  7028 CW 2017-01-29 1634 F5OWL         599 83     F8KHO/P       599 51    
QSO:  7021 CW 2017-01-29 1636 F5OWL         599 83     OK2QX         599 094   
QSO:  7021 CW 2017-01-29 1637 F5OWL         599 83     F6KBF         599 78    
QSO:  7021 CW 2017-01-29 1637 F5OWL         599 83     SV1JG         599 181   
QSO:  7021 CW 2017-01-29 1639 F5OWL         599 83     PA2GRU        599 054   
QSO:  7021 CW 2017-01-29 1640 F5OWL         599 83     PA0RHA        599 069   
QSO:  7021 CW 2017-01-29 1641 F5OWL         599 83     PI4TIL        599 113   
QSO:  7021 CW 2017-01-29 1643 F5OWL         599 83     SQ9FMU        599 134   
QSO:  7021 CW 2017-01-29 1644 F5OWL         599 83     DM2AA         599 091   
QSO:  7021 CW 2017-01-29 1646 F5OWL         599 83     ES3RF         599 111   
QSO:  7021 CW 2017-01-29 1648 F5OWL         599 83     R2CA          599 060   
QSO:  7021 CW 2017-01-29 1649 F5OWL         599 83     PA0MIR        599 109   
QSO:  7021 CW 2017-01-29 1650 F5OWL         599 83     DK4LX         599 115   
QSO:  7021 CW 2017-01-29 1651 F5OWL         599 83     F5LHV         599 44    
QSO:  7021 CW 2017-01-29 1652 F5OWL         599 83     EW6EW         599 294   
QSO:  7021 CW 2017-01-29 1652 F5OWL         599 83     F4FEP         599 29    
QSO:  7021 CW 2017-01-29 1655 F5OWL         599 83     SF3A          599 221   
QSO:  7021 CW 2017-01-29 1656 F5OWL         599 83     SE4E          599 250   
QSO:  7021 CW 2017-01-29 1657 F5OWL         599 83     F8DSI         599 83    
QSO:  7021 CW 2017-01-29 1657 F5OWL         599 83     ON6FC         599 185   
QSO:  3527 CW 2017-01-29 1659 F5OWL         599 83     F6REF         599 00    
QSO:  3535 CW 2017-01-29 1700 F5OWL         599 83     F5OHM         599 36    
QSO:  3541 CW 2017-01-29 1701 F5OWL         599 83     F6KEH         599 34    
QSO:  3510 CW 2017-01-29 1704 F5OWL         599 83     F8BPN         599 19    
QSO:  3530 CW 2017-01-29 1706 F5OWL         599 83     F6FDR         599 84    
QSO:  3522 CW 2017-01-29 1707 F5OWL         599 83     F6HDX         599 80    
QSO:  3519 CW 2017-01-29 1709 F5OWL         599 83     F5CT          599 61    
QSO:  3519 CW 2017-01-29 1710 F5OWL         599 83     F2GA          599 81    
QSO:  3519 CW 2017-01-29 1710 F5OWL         599 83     F6DYX         599 49    
QSO:  3519 CW 2017-01-29 1712 F5OWL         599 83     F2FZ          599 47    
QSO:  3519 CW 2017-01-29 1713 F5OWL         599 83     ES3RF         599 118   
QSO:  3519 CW 2017-01-29 1714 F5OWL         599 83     YL3CW         599 212   
QSO:  3519 CW 2017-01-29 1714 F5OWL         599 83     F8FKK         599 26    
QSO:  3519 CW 2017-01-29 1716 F5OWL         599 83     F6JOE         599 01    
QSO:  3519 CW 2017-01-29 1717 F5OWL         599 83     F5LKW         599 13    
QSO:  3519 CW 2017-01-29 1718 F5OWL         599 83     RN6BP         599 170   
QSO:  3519 CW 2017-01-29 1721 F5OWL         599 83     IZ4JMA        599 159   
QSO:  3519 CW 2017-01-29 1722 F5OWL         599 83     F6ESQ         599 69    
QSO:  3519 CW 2017-01-29 1722 F5OWL         599 83     F9CI          599 22    
QSO:  3519 CW 2017-01-29 1723 F5OWL         599 83     F5IOG         599 26    
QSO:  3519 CW 2017-01-29 1725 F5OWL         599 83     F6GTH         599 47    
QSO:  3519 CW 2017-01-29 1725 F5OWL         599 83     F5OEV         599 85    
QSO:  3519 CW 2017-01-29 1726 F5OWL         599 83     R4BZ          599 195   
QSO:  3519 CW 2017-01-29 1726 F5OWL         599 83     RL4A          599 167   
QSO:  3528 CW 2017-01-29 1730 F5OWL         599 83     F6KJX         599 41    
QSO:  3532 CW 2017-01-29 1731 F5OWL         599 83     F5IJT         599 86    
QSO:  3516 CW 2017-01-29 1733 F5OWL         599 83     F5ICC         599 24    
QSO:  3544 CW 2017-01-29 1735 F5OWL         599 83     F8KLY         599 69    
QSO:  3545 CW 2017-01-29 1736 F5OWL         599 83     F5UTN         599 27    
QSO:  3545 CW 2017-01-29 1737 F5OWL         599 83     F5KCH         599 58    
QSO:  3545 CW 2017-01-29 1739 F5OWL         599 83     DJ1PQ         599 017   
QSO:  7014 CW 2017-01-29 1740 F5OWL         599 83     LZ1MC         599 006   
QSO:  7014 CW 2017-01-29 1741 F5OWL         599 83     RV3VR         599 066   
QSO:  3512 CW 2017-01-29 1744 F5OWL         599 83     LY2BMX        599 003   
QSO:  3512 CW 2017-01-29 1746 F5OWL         599 83     LY2AT         599 168   
QSO:  3512 CW 2017-01-29 1747 F5OWL         599 83     F5NQT         599 55    
QSO:  3512 CW 2017-01-29 1749 F5OWL         599 83     F6BGG         599 74    
QSO:  3512 CW 2017-01-29 1750 F5OWL         599 83     F6DFB         599 62    
QSO:  3512 CW 2017-01-29 1751 F5OWL         599 83     PA0M          599 038   
QSO:  3512 CW 2017-01-29 1751 F5OWL         599 83     F4UKG         599 19    
QSO:  3509 CW 2017-01-29 1752 F5OWL         599 83     F8DHE         599 42    
QSO:  3512 CW 2017-01-29 1753 F5OWL         599 83     F5VBD         599 73    
QSO:  3512 CW 2017-01-29 1754 F5OWL         599 83     F1AGR         599 46    
QSO:  3512 CW 2017-01-29 1755 F5OWL         599 83     G3SWC         599 093   
QSO:  3512 CW 2017-01-29 1755 F5OWL         599 83     F5NDA         599 77    
QSO:  3512 CW 2017-01-29 1757 F5OWL         599 83     HB9EHV        599 032   
END-OF-LOG:
