START-OF-LOG: 3.0
CREATED-BY: reconstructed-log-builder
CONTEST: ARRL-160
CALLSIGN: W9IIX
LOCATION: 
CATEGORY: CHECKLOG
CATEGORY-OPERATOR: SINGLE-OP
CATEGORY-BAND: ALL
CATEGORY-MODE: MIXED
CATEGORY-POWER: UNKNOWN
CATEGORY-ASSISTED: NON-ASSISTED
CATEGORY-TRANSMITTER: ONE
CATEGORY-STATION: UNKNOWN
CATEGORY-OVERLAY: 
OPERATORS: W9IIX
CLAIMED-SCORE: 
CLUB: 
NAME: 
SOAPBOX: RECONSTRUCTED MOCKUP LOG - NOT AN OFFICIAL SUBMISSION.
SOAPBOX: Derived from submitted logs for ARRL-160 ARRL/arrl_160_meter_contest/2019.
QSO:  1827 CW 2019-12-06 2246 W9IIX         599 IL K9NR          599 IL
QSO:  1800 CW 2019-12-06 2253 W9IIX         599 IL N8II          599 WV
QSO:  1819 CW 2019-12-06 2255 W9IIX         599 IL K3PA          599 KS
QSO:  1835 CW 2019-12-06 2257 W9IIX         599 IL NE0U          599 MN
QSO:  1838 CW 2019-12-06 2306 W9IIX         599 IL W4CB          599 VA
QSO:  1836 CW 2019-12-06 2307 W9IIX         599 IL K1LT          599 OH
QSO:  1835 CW 2019-12-06 2308 W9IIX         599 IL KK9V          599 IN
QSO:  1800 CW 2019-12-06 2312 W9IIX         599 IL NE9U          599 WI
QSO:  1810 CW 2019-12-06 2316 W9IIX         599 IL AD4EB         599 TN
QSO:  1809 CW 2019-12-06 2317 W9IIX         599 IL K9BGL         599 IL
QSO:  1807 CW 2019-12-06 2318 W9IIX         599 IL K5BG          599 NTX
QSO:  1807 CW 2019-12-06 2319 W9IIX         599 IL WB8JUI        599 OH
QSO:  1806 CW 2019-12-06 2321 W9IIX         599 IL K0AD          599 MN
QSO:  1811 CW 2019-12-06 2325 W9IIX         599 IL VE3MGY        599 ONS
QSO:  1812 CW 2019-12-06 2328 W9IIX         599 IL N4ZZ          599 TN
QSO:  1815 CW 2019-12-06 2330 W9IIX         599 IL K0EJ          599 TN
QSO:  1816 CW 2019-12-06 2331 W9IIX         599 IL N3RD          599 EPA
QSO:  1822 CW 2019-12-06 2346 W9IIX         599 IL K5NA          599 STX
QSO:  1823 CW 2019-12-06 2348 W9IIX         599 IL KC4D          599 VA
QSO:  1836 CW 2019-12-06 2352 W9IIX         599 IL N8OO          599 LA
QSO:  1845 CW 2019-12-06 2358 W9IIX         599 IL K9DU          599 MN
QSO:  1846 CW 2019-12-06 2359 W9IIX         599 IL W5MX          599 KY
QSO:  1856 CW 2019-12-07 0005 W9IIX         599 IL WD5R          599 AR
QSO:  1826 CW 2019-12-07 0029 W9IIX         599 IL VE3CX         599 ONN
QSO:  1823 CW 2019-12-07 0035 W9IIX         599 IL K0MD          599 MN
QSO:  1819 CW 2019-12-07 0037 W9IIX         599 IL VA2EW         599 QC
QSO:  1814 CW 2019-12-07 0041 W9IIX         599 IL N0NI          599 IA
QSO:  1808 CW 2019-12-07 0042 W9IIX         599 IL K9MA          599 WI
QSO:  1806 CW 2019-12-07 0044 W9IIX         599 IL W8/UT5UDX     599 MI
QSO:  1806 CW 2019-12-07 0047 W9IIX         599 IL AC0C          599 KS
QSO:  1809 CW 2019-12-07 0048 W9IIX         599 IL K8BZ          599 MI
QSO:  1819 CW 2019-12-07 0052 W9IIX         599 IL NR4M          599 VA
QSO:  1800 CW 2019-12-07 0055 W9IIX         599 IL W0TT          599 MO
QSO:  1828 CW 2019-12-07 0057 W9IIX         599 IL W9RE          599 IN
QSO:  1844 CW 2019-12-07 0105 W9IIX         599 IL WB9Z          599 IL
QSO:  1849 CW 2019-12-07 0107 W9IIX         599 IL KR4F          599 AL
QSO:  1851 CW 2019-12-07 0109 W9IIX         599 IL NG0C          599 MN
QSO:  1852 CW 2019-12-07 0110 W9IIX         599 IL K0TT          599 MN
QSO:  1856 CW 2019-12-07 0112 W9IIX         599 IL W8PR          599 OH
QSO:  1867 CW 2019-12-07 0120 W9IIX         599 IL K8JQ          599 WV
QSO:  1802 CW 2019-12-07 0124 W9IIX         599 IL N4YDU         599 NC
END-OF-LOG:
