START-OF-LOG: 3.0
CREATED-BY: HMRA public OK1WC downloader
CONTEST: OK1WC-MEMORIAL
CALLSIGN: SO3O
OPERATORS: SO3O
CATEGORY: SO-40M-CW-LOW
CATEGORY-OPERATOR: SINGLE-OP
CATEGORY-BAND: 40M
CATEGORY-MODE: CW
CATEGORY-POWER: LOW
SOAPBOX: Recreated from OK1WC Memorial reference table MWC230501.
SOAPBOX: Source publication level: 4.
SOAPBOX: Source: https://memorial-ok1wc.cz/index.php?page=eval3/a_eval3&kolo=557&rocnik=15&tyden=18&jobdate=230501&pub_level=4
QSO:  7000 CW 2023-05-01 1630 SO3O          599 1          SD1A          599 2         
QSO:  7000 CW 2023-05-01 1631 SO3O          599 2          PC4H          599 2         
QSO:  7000 CW 2023-05-01 1632 SO3O          599 3          DL8MBS        599 2         
QSO:  7000 CW 2023-05-01 1632 SO3O          599 4          SM5DXR        599 2         
QSO:  7000 CW 2023-05-01 1632 SO3O          599 5          IT9RZU        599 2         
QSO:  7000 CW 2023-05-01 1633 SO3O          599 6          OK1FMX        599 7         
QSO:  7000 CW 2023-05-01 1633 SO3O          599 7          DF5EN         599 6         
QSO:  7000 CW 2023-05-01 1634 SO3O          599 8          OH1SIC        599 2         
QSO:  7000 CW 2023-05-01 1635 SO3O          599 9          DA0RR         599 11        
QSO:  7000 CW 2023-05-01 1635 SO3O          599 10         SP8BXL        599 5         
QSO:  7000 CW 2023-05-01 1635 SO3O          599 11         F6JOE         599 3         
QSO:  7000 CW 2023-05-01 1636 SO3O          599 12         G4FJW         599 3         
QSO:  7000 CW 2023-05-01 1636 SO3O          599 13         HA1AH         599 14        
QSO:  7000 CW 2023-05-01 1636 SO3O          599 14         OK1DAR        599 1         
QSO:  7000 CW 2023-05-01 1637 SO3O          599 15         DL5KUT        599 10        
QSO:  7000 CW 2023-05-01 1638 SO3O          599 16         DM7W          599 16        
QSO:  7000 CW 2023-05-01 1638 SO3O          599 17         EW1FM         599 8         
QSO:  7000 CW 2023-05-01 1639 SO3O          599 18         OG6B          599 12        
QSO:  7000 CW 2023-05-01 1640 SO3O          599 19         HA5MA         599 13        
QSO:  7000 CW 2023-05-01 1641 SO3O          599 20         HB9BXE        599 17        
QSO:  7000 CW 2023-05-01 1642 SO3O          599 21         PA3AAV        599 31        
QSO:  7000 CW 2023-05-01 1642 SO3O          599 22         SP2QG         599 25        
QSO:  7000 CW 2023-05-01 1642 SO3O          599 23         OM5CM         599 20        
QSO:  7000 CW 2023-05-01 1643 SO3O          599 24         ES1BH         599 7         
QSO:  7000 CW 2023-05-01 1643 SO3O          599 25         OK1AMX        599 15        
QSO:  7000 CW 2023-05-01 1644 SO3O          599 26         OK2NAJ        599 26        
QSO:  7000 CW 2023-05-01 1644 SO3O          599 27         OK4RQ         599 33        
QSO:  7000 CW 2023-05-01 1644 SO3O          599 28         OK1DSA        599 1         
QSO:  7000 CW 2023-05-01 1646 SO3O          599 29         OK1RR         599 27        
QSO:  7000 CW 2023-05-01 1646 SO3O          599 30         DK3GI         599 24        
QSO:  7000 CW 2023-05-01 1646 SO3O          599 31         M4N           599 24        
QSO:  7000 CW 2023-05-01 1646 SO3O          599 32         HG6O          599 32        
QSO:  7000 CW 2023-05-01 1648 SO3O          599 33         RX3Q          599 17        
QSO:  7000 CW 2023-05-01 1649 SO3O          599 34         SC6O          599 30        
QSO:  7000 CW 2023-05-01 1649 SO3O          599 35         PA3DBS        599 30        
QSO:  7000 CW 2023-05-01 1650 SO3O          599 36         OK1FGD        599 37        
QSO:  7000 CW 2023-05-01 1650 SO3O          599 37         OM3CPF        599 44        
QSO:  7000 CW 2023-05-01 1651 SO3O          599 38         OM5TZ         599 46        
QSO:  7000 CW 2023-05-01 1651 SO3O          599 39         OK2CQR        599 26        
QSO:  7000 CW 2023-05-01 1652 SO3O          599 40         OL4W          599 38        
QSO:  7000 CW 2023-05-01 1653 SO3O          599 41         E77EA         599 36        
QSO:  7000 CW 2023-05-01 1653 SO3O          599 42         OL750HOL      599 41        
QSO:  7000 CW 2023-05-01 1653 SO3O          599 43         OK1DM         599 34        
QSO:  7000 CW 2023-05-01 1654 SO3O          599 44         DA0BCC        599 26        
QSO:  7000 CW 2023-05-01 1654 SO3O          599 45         HA5OV         599 41        
QSO:  7000 CW 2023-05-01 1654 SO3O          599 46         OK2BFN        599 33        
QSO:  7000 CW 2023-05-01 1655 SO3O          599 47         OK2PYA        599 45        
QSO:  7000 CW 2023-05-01 1655 SO3O          599 48         OK6OK         599 38        
QSO:  7000 CW 2023-05-01 1655 SO3O          599 49         OM3ZU         599 39        
QSO:  7000 CW 2023-05-01 1656 SO3O          599 50         S52W          599 52        
QSO:  7000 CW 2023-05-01 1656 SO3O          599 51         SM5ACQ        599 26        
QSO:  7000 CW 2023-05-01 1656 SO3O          599 52         OK1DOR        599 46        
QSO:  7000 CW 2023-05-01 1657 SO3O          599 53         SM5IMO        599 41        
QSO:  7000 CW 2023-05-01 1657 SO3O          599 54         YL3FW         599 33        
QSO:  7000 CW 2023-05-01 1659 SO3O          599 55         DJ9KH         599 48        
QSO:  7000 CW 2023-05-01 1659 SO3O          599 56         SP2DKI        599 32        
QSO:  7000 CW 2023-05-01 1659 SO3O          599 57         HA5BMS        599 32        
QSO:  7000 CW 2023-05-01 1700 SO3O          599 58         OK5D          599 59        
QSO:  7000 CW 2023-05-01 1700 SO3O          599 59         SM5GRD        599 32        
QSO:  7000 CW 2023-05-01 1700 SO3O          599 60         SN5N          599 61        
QSO:  7000 CW 2023-05-01 1701 SO3O          599 61         SP2R          599 62        
QSO:  7000 CW 2023-05-01 1701 SO3O          599 62         OK5M          599 61        
QSO:  7000 CW 2023-05-01 1701 SO3O          599 63         SD6F          599 44        
QSO:  7000 CW 2023-05-01 1702 SO3O          599 64         HA6NL         599 8         
QSO:  7000 CW 2023-05-01 1702 SO3O          599 65         RX3QNE        599 38        
QSO:  7000 CW 2023-05-01 1704 SO3O          599 66         DL8RDL        599 4         
QSO:  7000 CW 2023-05-01 1705 SO3O          599 67         SV1DAY        599 13        
QSO:  7000 CW 2023-05-01 1706 SO3O          599 68         IN3FHE        599 40        
QSO:  7000 CW 2023-05-01 1707 SO3O          599 69         OK1TN         599 58        
QSO:  7000 CW 2023-05-01 1707 SO3O          599 70         DJ4MX         599 57        
QSO:  7000 CW 2023-05-01 1708 SO3O          599 71         HB9DAX        599 41        
QSO:  7000 CW 2023-05-01 1708 SO3O          599 72         OK1DSZ        599 71        
QSO:  7000 CW 2023-05-01 1709 SO3O          599 73         EA3X          599 23        
QSO:  7000 CW 2023-05-01 1710 SO3O          599 74         YO4TL         599 20        
QSO:  7000 CW 2023-05-01 1710 SO3O          599 75         UA4FCO        599 11        
QSO:  7000 CW 2023-05-01 1711 SO3O          599 76         SP2XX         599 11        
QSO:  7000 CW 2023-05-01 1711 SO3O          599 77         SP4TKR        599 62        
QSO:  7000 CW 2023-05-01 1712 SO3O          599 78         S51J          599 54        
QSO:  7000 CW 2023-05-01 1712 SO3O          599 79         OK2IW         599 37        
QSO:  7000 CW 2023-05-01 1713 SO3O          599 80         S55Z          599 49        
QSO:  7000 CW 2023-05-01 1715 SO3O          599 81         9A/S53BB/P    599 27        
QSO:  7000 CW 2023-05-01 1716 SO3O          599 82         DM1T          599 59        
QSO:  7000 CW 2023-05-01 1718 SO3O          599 83         OM5RM         599 82        
QSO:  7000 CW 2023-05-01 1718 SO3O          599 84         LY0UKR        599 20        
QSO:  7000 CW 2023-05-01 1719 SO3O          599 85         OK1TRJ        599 57        
QSO:  7000 CW 2023-05-01 1719 SO3O          599 86         OK7AZ         599 28        
QSO:  7000 CW 2023-05-01 1719 SO3O          599 87         PA4OES        599 2         
QSO:  7000 CW 2023-05-01 1721 SO3O          599 88         DL3DZ         599 1         
QSO:  7000 CW 2023-05-01 1722 SO3O          599 89         PA2A          599 75        
QSO:  7000 CW 2023-05-01 1723 SO3O          599 90         OM5AA         599 68        
QSO:  7000 CW 2023-05-01 1724 SO3O          599 91         DM7AA         599 105       
QSO:  7000 CW 2023-05-01 1725 SO3O          599 92         OK2SLS        599 46        
QSO:  7000 CW 2023-05-01 1726 SO3O          599 93         M1X           599 14        
QSO:  7000 CW 2023-05-01 1727 SO3O          599 94         HA5BA         599 55        
QSO:  7000 CW 2023-05-01 1728 SO3O          599 95         DK5PD         599 9         
QSO:  7000 CW 2023-05-01 1729 SO3O          599 96         OK4AS         599 13        
END-OF-LOG:
