START-OF-LOG: 3.0
CATEGORY: Fixed
CONTEST: FD CW
LOCATION: DX
CALLSIGN: I0WBX
CLUB: Italian Contest Club
CLAIMED-SCORE: 8679
OPERATORS: I0WBX
ADDRESS-CITY: TERNI
ADDRESS-STATE-PROVINCE:
ADDRESS-POSTALCODE: 05100
ADDRESS-COUNTRY: ITALY
GRID-LOCATOR: JN62HN
CREATED-BY: N1MM Logger+ 1.0.10300.0, modified by DXHF upload.
QSO: 14003 CW 2024-06-01 1710 I0WBX         599 0001   EW2ZC         599 0107
QSO: 14006 CW 2024-06-01 1713 I0WBX         599 0002   VU2TMP        599 0045
QSO: 14009 CW 2024-06-01 1715 I0WBX         599 0003   OK1OA         599 0093
QSO: 14009 CW 2024-06-01 1716 I0WBX         599 0004   R8WO          599 0078
QSO: 14010 CW 2024-06-01 1720 I0WBX         599 0005   RK3P          599 0043
QSO: 14011 CW 2024-06-01 1722 I0WBX         599 0006   UB2F          599 0042
QSO: 14011 CW 2024-06-01 1723 I0WBX         599 0007   R7CA          599 0062
QSO: 14012 CW 2024-06-01 1725 I0WBX         599 0008   RG9A          599 0082
QSO: 14014 CW 2024-06-01 1726 I0WBX         599 0009   S51DX         599 0191
QSO: 14015 CW 2024-06-01 1728 I0WBX         599 0010   G6IVR/P       599 0119
QSO: 14016 CW 2024-06-01 1729 I0WBX         599 0011   DL8SUB/P      599 0050
QSO: 14017 CW 2024-06-01 1731 I0WBX         599 0012   RM1T          599 0189
QSO: 14018 CW 2024-06-01 1732 I0WBX         599 0013   YU/HB9EDB/P   599 0007
QSO: 14018 CW 2024-06-01 1733 I0WBX         599 0014   DL4YR         599 0069
QSO: 14019 CW 2024-06-01 1734 I0WBX         599 0015   DF0TX/P       599 0120
QSO: 14020 CW 2024-06-01 1736 I0WBX         599 0016   R0AA          599 0128
QSO: 14021 CW 2024-06-01 1737 I0WBX         599 0017   HB9AW/P       599 0162
QSO: 14021 CW 2024-06-01 1737 I0WBX         599 0018   DM3C/P        599 0201
QSO: 14022 CW 2024-06-01 1738 I0WBX         599 0019   R5DC/P        599 0272
QSO: 14023 CW 2024-06-01 1742 I0WBX         599 0020   PA3GDD        599 0017
QSO: 14024 CW 2024-06-01 1742 I0WBX         599 0021   DL0WB/P       599 0084
QSO: 14025 CW 2024-06-01 1743 I0WBX         599 0022   G4FNL/P       599 0200
QSO: 14025 CW 2024-06-01 1744 I0WBX         599 0023   RC9T          599 0139
QSO: 14027 CW 2024-06-01 1746 I0WBX         599 0024   DL0XM/P       599 0142
QSO: 14027 CW 2024-06-01 1748 I0WBX         599 0025   IQ2K          599 0178
QSO: 14029 CW 2024-06-01 1749 I0WBX         599 0026   G2N/P         599 0149
QSO: 14031 CW 2024-06-01 1750 I0WBX         599 0027   ER3R/P        599 0273
QSO: 14033 CW 2024-06-01 1751 I0WBX         599 0028   DK0FR/P       599 0160
QSO: 14034 CW 2024-06-01 1752 I0WBX         599 0029   YU3A          599 0165
QSO: 14036 CW 2024-06-01 1759 I0WBX         599 0030   G4ALE/P       599 0170
QSO: 14039 CW 2024-06-01 1800 I0WBX         599 0031   G3WRR/P       599 0145
QSO: 14042 CW 2024-06-01 1801 I0WBX         599 0032   OK1OPT/P      599 0059
QSO: 14044 CW 2024-06-01 1802 I0WBX         599 0033   YT5M          599 0148
QSO: 14046 CW 2024-06-01 1804 I0WBX         599 0034   UA9AT         599 0093
QSO: 28026 CW 2024-06-02 0736 I0WBX         599 0035   G6XX/P        599 0789
QSO: 28028 CW 2024-06-02 0739 I0WBX         599 0036   G4GA/P        599 0837
QSO: 28011 CW 2024-06-02 0742 I0WBX         599 0037   LZ5R          599 0734
QSO: 28018 CW 2024-06-02 0744 I0WBX         599 0038   LZ1ND         599 0222
QSO: 28015 CW 2024-06-02 0745 I0WBX         599 0039   ER3R/P        599 0832
QSO: 28022 CW 2024-06-02 0750 I0WBX         599 0040   RF9C/P        599 1009
QSO: 21005 CW 2024-06-02 0752 I0WBX         599 0041   DQ1V/P        599 0898
QSO: 21006 CW 2024-06-02 0753 I0WBX         599 0042   DA0M/P        599 0449
QSO: 21008 CW 2024-06-02 0755 I0WBX         599 0043   DM2X/P        599 0175
QSO: 21010 CW 2024-06-02 0756 I0WBX         599 0044   UA4S          599 0395
QSO: 21014 CW 2024-06-02 0757 I0WBX         599 0045   RC9A          599 0394
QSO: 21016 CW 2024-06-02 0758 I0WBX         599 0046   DM3O/P        599 0304
QSO: 21020 CW 2024-06-02 0759 I0WBX         599 0047   PI4AMF/P      599 0907
QSO: 21019 CW 2024-06-02 0800 I0WBX         599 0048   RU1AC         599 0821
QSO: 21021 CW 2024-06-02 0802 I0WBX         599 0049   DK0FF/P       599 0663
QSO: 21022 CW 2024-06-02 0803 I0WBX         599 0050   G4FNL/P       599 1001
QSO: 21024 CW 2024-06-02 0807 I0WBX         599 0051   PA3EZC/P      599 0678
QSO: 21026 CW 2024-06-02 0808 I0WBX         599 0052   PA6T/P        599 0441
QSO: 21028 CW 2024-06-02 0809 I0WBX         599 0053   G6IVRN        599 0619
QSO: 21030 CW 2024-06-02 0811 I0WBX         599 0054   DL0MZ/P       599 0534
QSO: 21035 CW 2024-06-02 0813 I0WBX         599 0055   SD1A          599 0123
QSO: 21036 CW 2024-06-02 0814 I0WBX         599 0056   DL2ARN/P      599 0163
QSO: 21039 CW 2024-06-02 0814 I0WBX         599 0057   DL0SN/P       599 0659
QSO: 21038 CW 2024-06-02 1039 I0WBX         599 0058   DK0EP/P       599 0689
QSO: 21033 CW 2024-06-02 1042 I0WBX         599 0059   RD0A          599 0273
QSO: 14008 CW 2024-06-02 1046 I0WBX         599 0060   DM2W/P        599 0708
QSO: 14009 CW 2024-06-02 1047 I0WBX         599 0061   DA0M/P        599 0560
QSO: 14012 CW 2024-06-02 1049 I0WBX         599 0062   UC5D          599 0107
QSO: 14019 CW 2024-06-02 1054 I0WBX         599 0063   SP8OOE/P      599 0086
QSO: 14021 CW 2024-06-02 1056 I0WBX         599 0064   G6MC/P        599 1121
QSO: 14021 CW 2024-06-02 1058 I0WBX         599 0065   EI4HH/P       599 0579
QSO: 14022 CW 2024-06-02 1101 I0WBX         599 0066   M0BPQ/P       599 0040
QSO: 14024 CW 2024-06-02 1103 I0WBX         599 0067   G2DX/P        599 0488
QSO: 14025 CW 2024-06-02 1105 I0WBX         599 0068   SV1ME/M       599 0116
QSO: 14034 CW 2024-06-02 1105 I0WBX         599 0069   DL0SN/P       599 0749
QSO: 14038 CW 2024-06-02 1106 I0WBX         599 0070   DK0EP/P       599 0698
QSO: 14040 CW 2024-06-02 1107 I0WBX         599 0071   OK5TFC        599 0226
QSO: 14045 CW 2024-06-02 1108 I0WBX         599 0072   YU1AAA/P      599 0092
QSO: 28008 CW 2024-06-02 1110 I0WBX         599 0073   LY2NK         599 0061
QSO: 28009 CW 2024-06-02 1110 I0WBX         599 0074   RK3AW/P       599 0714
QSO: 28011 CW 2024-06-02 1111 I0WBX         599 0075   G3WRR/P       599 0900
QSO: 28017 CW 2024-06-02 1113 I0WBX         599 0076   ZA1RR         599 0392
QSO: 28022 CW 2024-06-02 1113 I0WBX         599 0077   K1LZ          599 0217
QSO: 28023 CW 2024-06-02 1114 I0WBX         599 0078   EC5K          599 0430
QSO: 28040 CW 2024-06-02 1116 I0WBX         599 0079   SV8SXF/P      599 0218
END-OF-LOG:
