START-OF-LOG: 2.0
ARRL-SECTION: DX
CALLSIGN: ON7EC
CLUB: UBA-GTM
CONTEST: EA-MAJESTAD-CW
CATEGORY: SINGLE-OP ALL LOW
CLAIMED-SCORE: 720
OPERATORS: ON7EC
NAME: ERIK
CREATED-BY: N1MM Logger+ 1.0.7717.0
QSO:  7011 CW 2019-05-18 1210 ON7EC         599 001    EA2BNU        599 SS       
QSO: 14013 CW 2019-05-18 1218 ON7EC         599 002    ED1R          599 AV       
QSO: 14031 CW 2019-05-18 1220 ON7EC         599 003    EF0F          599 SMR      
QSO: 14033 CW 2019-05-18 1222 ON7EC         599 004    EC5CR         599 V        
QSO: 14006 CW 2019-05-18 1326 ON7EC         599 005    ED1T          599 SO       
QSO: 14028 CW 2019-05-18 1343 ON7EC         599 006    EA5WU         599 CS       
QSO: 14040 CW 2019-05-18 1345 ON7EC         599 007    EA4OR         599 M        
QSO: 14026 CW 2019-05-18 1403 ON7EC         599 008    EA1FA         599 O        
QSO:  7025 CW 2019-05-18 1556 ON7EC         599 009    EF0F          599 SMR      
QSO:  7019 CW 2019-05-18 1559 ON7EC         599 010    ED1R          599 AV       
QSO: 14007 CW 2019-05-19 0841 ON7EC         599 011    UY3MW         599 8        
QSO: 21021 CW 2019-05-19 0848 ON7EC         599 012    EA4SV         599 BA       
QSO: 21017 CW 2019-05-19 0849 ON7EC         599 013    EA1EXE        599 O        
QSO: 21013 CW 2019-05-19 0852 ON7EC         599 014    UT4U          599 1126     
QSO: 21015 CW 2019-05-19 0853 ON7EC         599 015    UR5R          599 85       
QSO: 21012 CW 2019-05-19 0855 ON7EC         599 016    EF0F          599 SMR      
QSO: 21022 CW 2019-05-19 0857 ON7EC         599 017    AM70C         599 C        
END-OF-LOG:
