START-OF-LOG: 3.0
CREATED-BY: HMRA public OK1WC downloader
CONTEST: OK1WC-MEMORIAL
CALLSIGN: SD1A
OPERATORS: SD1A
CATEGORY: SO-ALL-CW-LOW
CATEGORY-OPERATOR: SINGLE-OP
CATEGORY-BAND: ALL
CATEGORY-MODE: CW
CATEGORY-POWER: LOW
SOAPBOX: Recreated from OK1WC Memorial reference table MWC260316.
SOAPBOX: Source publication level: 4.
SOAPBOX: Source: https://memorial-ok1wc.cz/index.php?page=eval3/a_eval3&kolo=707&rocnik=18&tyden=12&jobdate=260316&pub_level=4
QSO:  7000 CW 2026-03-16 1631 SD1A          599 1          DR2C          599 5         
QSO:  7000 CW 2026-03-16 1632 SD1A          599 2          SP3MEP        599 7         
QSO:  7000 CW 2026-03-16 1632 SD1A          599 3          OK1TD         599 6         
QSO:  7000 CW 2026-03-16 1632 SD1A          599 4          SN7J          599 5         
QSO:  7000 CW 2026-03-16 1633 SD1A          599 5          DL4MFM        599 5         
QSO:  7000 CW 2026-03-16 1633 SD1A          599 6          OK5FF         599 6         
QSO:  7000 CW 2026-03-16 1633 SD1A          599 7          S55OO         599 6         
QSO:  7000 CW 2026-03-16 1634 SD1A          599 8          IT9VDQ        599 4         
QSO:  7000 CW 2026-03-16 1634 SD1A          599 9          OK2NO         599 3         
QSO:  7000 CW 2026-03-16 1636 SD1A          599 10         YU1XO         599 9         
QSO:  7000 CW 2026-03-16 1636 SD1A          599 11         SP8BXL        599 10        
QSO:  7000 CW 2026-03-16 1637 SD1A          599 12         RA4HBS        599 2         
QSO:  7000 CW 2026-03-16 1638 SD1A          599 13         RV6HV         599 14        
QSO:  7000 CW 2026-03-16 1638 SD1A          599 14         S53ZO         599 14        
QSO:  7000 CW 2026-03-16 1639 SD1A          599 15         OK1WSL        599 11        
QSO:  7000 CW 2026-03-16 1641 SD1A          599 16         OK2PWX        599 10        
QSO:  7000 CW 2026-03-16 1642 SD1A          599 17         OK1FMX        599 16        
QSO:  7000 CW 2026-03-16 1642 SD1A          599 18         DJ9SN         599 14        
QSO:  7000 CW 2026-03-16 1643 SD1A          599 19         SP3VT         599 25        
QSO:  7000 CW 2026-03-16 1643 SD1A          599 20         DL8QS         599 27        
QSO:  7000 CW 2026-03-16 1644 SD1A          599 21         DJ0SP         599 32        
QSO:  7000 CW 2026-03-16 1645 SD1A          599 22         M4N           599 34        
QSO:  7000 CW 2026-03-16 1646 SD1A          599 23         DK3AX         599 25        
QSO:  7000 CW 2026-03-16 1647 SD1A          599 24         DL4ME         599 29        
QSO:  7000 CW 2026-03-16 1647 SD1A          599 25         DJ6QQ         599 4         
QSO:  7000 CW 2026-03-16 1648 SD1A          599 26         OK2NO         599 34        
QSO:  7000 CW 2026-03-16 1648 SD1A          599 27         DF8KY         599 22        
QSO:  7000 CW 2026-03-16 1649 SD1A          599 28         PA2A          599 26        
QSO:  7000 CW 2026-03-16 1649 SD1A          599 29         OK1FRJ        599 19        
QSO:  7000 CW 2026-03-16 1650 SD1A          599 30         HB9BXE        599 40        
QSO:  7000 CW 2026-03-16 1651 SD1A          599 31         DA0BCC        599 42        
QSO:  7000 CW 2026-03-16 1651 SD1A          599 32         DA2K          599 30        
QSO:  7000 CW 2026-03-16 1651 SD1A          599 33         HG5E          599 60        
QSO:  7000 CW 2026-03-16 1652 SD1A          599 34         DL2NBY        599 43        
QSO:  7000 CW 2026-03-16 1652 SD1A          599 35         YT3D          599 52        
QSO:  7000 CW 2026-03-16 1653 SD1A          599 36         OK2NAJ        599 41        
QSO:  7000 CW 2026-03-16 1653 SD1A          599 37         HB9BXE        599 49        
QSO:  7000 CW 2026-03-16 1654 SD1A          599 38         DH0GDS        599 22        
QSO:  7000 CW 2026-03-16 1654 SD1A          599 39         OK1ORA        599 47        
QSO:  7000 CW 2026-03-16 1655 SD1A          599 40         SN5N          599 55        
QSO:  7000 CW 2026-03-16 1655 SD1A          599 41         DJ9MH         599 44        
QSO:  7000 CW 2026-03-16 1656 SD1A          599 42         HA2OS         599 26        
QSO:  7000 CW 2026-03-16 1658 SD1A          599 43         OK1OFM        599 44        
QSO:  7000 CW 2026-03-16 1658 SD1A          599 44         DK1KC         599 55        
QSO:  7000 CW 2026-03-16 1659 SD1A          599 45         OM4AY         599 25        
QSO:  7000 CW 2026-03-16 1659 SD1A          599 46         OK2IW         599 42        
QSO:  7000 CW 2026-03-16 1700 SD1A          599 47         DL7YS         599 53        
QSO:  7000 CW 2026-03-16 1701 SD1A          599 48         DL5NO         599 46        
QSO:  7000 CW 2026-03-16 1702 SD1A          599 49         DL3YM         599 67        
QSO:  7000 CW 2026-03-16 1703 SD1A          599 50         HA6NL         599 84        
QSO:  7000 CW 2026-03-16 1703 SD1A          599 51         OH3MZ         599 41        
QSO:  3500 CW 2026-03-16 1704 SD1A          599 52         SE4E          599 45        
QSO:  3500 CW 2026-03-16 1705 SD1A          599 53         SM0OEK        599 75        
QSO:  3500 CW 2026-03-16 1706 SD1A          599 54         OK1TD         599 51        
QSO:  3500 CW 2026-03-16 1706 SD1A          599 55         OK1AY         599 30        
QSO:  3500 CW 2026-03-16 1706 SD1A          599 56         DK2FG         599 30        
QSO:  3500 CW 2026-03-16 1707 SD1A          599 57         DL4ME         599 60        
QSO:  3500 CW 2026-03-16 1709 SD1A          599 58         DJ0SP         599 71        
QSO:  3500 CW 2026-03-16 1709 SD1A          599 59         SQ6MIH        599 46        
QSO:  3500 CW 2026-03-16 1710 SD1A          599 60         SQ7M          599 27        
QSO:  3500 CW 2026-03-16 1711 SD1A          599 61         DL8QS         599 72        
QSO:  3500 CW 2026-03-16 1711 SD1A          599 62         SP4TKR        599 31        
QSO:  3500 CW 2026-03-16 1711 SD1A          599 63         DK1KC         599 78        
QSO:  3500 CW 2026-03-16 1714 SD1A          599 64         SF6J          599 68        
QSO:  3500 CW 2026-03-16 1714 SD1A          599 65         S51J          599 35        
QSO:  3500 CW 2026-03-16 1715 SD1A          599 66         DF7YE         599 83        
QSO:  3500 CW 2026-03-16 1717 SD1A          599 67         SM5ILE        599 17        
QSO:  3500 CW 2026-03-16 1719 SD1A          599 68         SE5T          599 90        
QSO:  3500 CW 2026-03-16 1719 SD1A          599 69         SN1T          599 140       
QSO:  3500 CW 2026-03-16 1721 SD1A          599 70         SM9F          599 62        
QSO:  3500 CW 2026-03-16 1722 SD1A          599 71         SP3JDZ        599 51        
QSO:  3500 CW 2026-03-16 1723 SD1A          599 72         PA3AAV        599 129       
QSO:  3500 CW 2026-03-16 1723 SD1A          599 73         OK2BFN        599 90        
QSO:  7000 CW 2026-03-16 1725 SD1A          599 74         OH3N          599 27        
QSO:  7000 CW 2026-03-16 1726 SD1A          599 75         HA1YA         599 106       
QSO:  7000 CW 2026-03-16 1726 SD1A          599 76         SP2QG         599 120       
QSO:  7000 CW 2026-03-16 1728 SD1A          599 77         OK1NG         599 46        
END-OF-LOG:
