START-OF-LOG: 3.0
CREATED-BY: reconstructed-log-builder
CONTEST: CQ-WW-CW
CALLSIGN: OK1TC
LOCATION: 
CATEGORY: CHECKLOG
CATEGORY-OPERATOR: SINGLE-OP
CATEGORY-BAND: ALL
CATEGORY-MODE: MIXED
CATEGORY-POWER: UNKNOWN
CATEGORY-ASSISTED: NON-ASSISTED
CATEGORY-TRANSMITTER: ONE
CATEGORY-STATION: UNKNOWN
CATEGORY-OVERLAY: 
OPERATORS: OK1TC
CLAIMED-SCORE: 
CLUB: 
NAME: 
SOAPBOX: RECONSTRUCTED MOCKUP LOG - NOT AN OFFICIAL SUBMISSION.
SOAPBOX: Derived from submitted logs for CQ-WW-CW CQWW/cw/2005.
QSO:  1825 CW 2005-11-26 0115 OK1TC         599 15 ON4WW         599 14
QSO:  1812 CW 2005-11-26 0116 OK1TC         599 15 YL2KO         599 15
QSO:  1825 CW 2005-11-26 0119 OK1TC         599 15 SK6M          599 14
QSO:  1815 CW 2005-11-26 0122 OK1TC         599 15 DQ0Q          599 14
QSO:  1800 CW 2005-11-26 0125 OK1TC         599 15 ES5QX         599 15
QSO:  1825 CW 2005-11-26 0125 OK1TC         599 15 9A2AJ         599 15
QSO:  1830 CW 2005-11-26 0125 OK1TC         599 15 F8BPN         599 14
QSO:  1810 CW 2005-11-26 0127 OK1TC         599 15 SM5CEU        599 14
QSO:  1825 CW 2005-11-26 0127 OK1TC         599 15 YU7AV         599 15
QSO:  1800 CW 2005-11-26 0129 OK1TC         599 15 HG6N          599 15
QSO:  1825 CW 2005-11-26 0129 OK1TC         599 15 SN2K          599 15
QSO:  1800 CW 2005-11-26 0133 OK1TC         599 15 UX5NQ         599 16
QSO:  1822 CW 2005-11-26 0133 OK1TC         599 15 DL7CX         599 14
QSO:  1823 CW 2005-11-26 0134 OK1TC         599 15 LY7A          599 15
QSO:  1800 CW 2005-11-26 0135 OK1TC         599 15 LZ9W          599 20
QSO:  1800 CW 2005-11-26 0135 OK1TC         599 15 R1MVC         599 16
QSO:  1825 CW 2005-11-26 0136 OK1TC         599 15 HA8BE         599 15
QSO:  1800 CW 2005-11-26 0137 OK1TC         599 15 SP3BQ         599 15
QSO:  1826 CW 2005-11-26 0139 OK1TC         599 15 DF0CG         599 14
QSO:  1827 CW 2005-11-26 0140 OK1TC         599 15 DL1YD         599 14
QSO:  1830 CW 2005-11-26 0141 OK1TC         599 15 SN7Q          599 15
QSO:  1828 CW 2005-11-26 0142 OK1TC         599 15 F5IN          599 14
QSO:  1800 CW 2005-11-26 0144 OK1TC         599 15 DJ0MDR        599 14
QSO:  1829 CW 2005-11-26 0144 OK1TC         599 15 SO2R          599 15
QSO:  1831 CW 2005-11-26 0145 OK1TC         599 15 SP2GJV        599 15
QSO:  1810 CW 2005-11-26 0146 OK1TC         599 15 DA3A          599 14
QSO:  1831 CW 2005-11-26 0146 OK1TC         599 15 IH9P          599 33
QSO:  1800 CW 2005-11-26 0149 OK1TC         599 15 IS0U          599 15
QSO:  1830 CW 2005-11-26 0152 OK1TC         599 15 OH0Z          599 15
QSO:  1800 CW 2005-11-26 0153 OK1TC         599 15 UT0AZA        599 16
QSO:  1825 CW 2005-11-26 0153 OK1TC         599 15 YZ7A          599 15
QSO:  1837 CW 2005-11-26 0155 OK1TC         599 15 LN8W          599 14
QSO:  1837 CW 2005-11-26 0157 OK1TC         599 15 9H3MR         599 15
QSO:  1800 CW 2005-11-26 0159 OK1TC         599 15 YT6A          599 15
QSO:  1810 CW 2005-11-26 0159 OK1TC         599 15 UT7L          599 16
QSO:  1800 CW 2005-11-26 0201 OK1TC         599 15 LY5R          599 15
QSO:  1800 CW 2005-11-26 0204 OK1TC         599 15 OJ0J          599 15
QSO:  1825 CW 2005-11-26 0204 OK1TC         599 15 IO4T          599 15
QSO:  1845 CW 2005-11-26 0205 OK1TC         599 15 YL2VW         599 15
QSO:  1800 CW 2005-11-26 0206 OK1TC         599 15 DL2OBO        599 14
QSO:  1830 CW 2005-11-26 0206 OK1TC         599 15 F6CWA         599 14
QSO:  1800 CW 2005-11-26 0208 OK1TC         599 15 OH0E          599 15
QSO:  1800 CW 2005-11-26 0210 OK1TC         599 15 OY9JD         599 14
QSO:  1848 CW 2005-11-26 0210 OK1TC         599 15 ON4ATW        599 14
QSO:  1815 CW 2005-11-26 0211 OK1TC         599 15 HB9MM         599 14
QSO:  1800 CW 2005-11-26 0213 OK1TC         599 15 EU4LY         599 16
QSO:  1800 CW 2005-11-26 0216 OK1TC         599 15 US8IM         599 16
QSO:  1800 CW 2005-11-26 0216 OK1TC         599 15 UY0ZG         599 16
QSO:  1800 CW 2005-11-26 0217 OK1TC         599 15 OE9SBD        599 15
QSO:  1856 CW 2005-11-26 0219 OK1TC         599 15 LA7THA        599 14
QSO:  1858 CW 2005-11-26 0220 OK1TC         599 15 UT2UZ         599 16
QSO:  3500 CW 2005-11-26 0224 OK1TC         599 15 KC1XX         599 5
QSO:  3500 CW 2005-11-26 0224 OK1TC         599 15 YO5PBF        599 20
QSO:  3525 CW 2005-11-26 0224 OK1TC         599 15 UN2C          599 17
QSO:  3501 CW 2005-11-26 0225 OK1TC         599 15 G0WKW         599 14
QSO:  3525 CW 2005-11-26 0227 OK1TC         599 15 DL2F          599 14
QSO:  3503 CW 2005-11-26 0228 OK1TC         599 15 W1KM          599 5
QSO:  3503 CW 2005-11-26 0229 OK1TC         599 15 W1MK          599 5
QSO:  3525 CW 2005-11-26 0229 OK1TC         599 15 YT2T          599 15
QSO:  3504 CW 2005-11-26 0230 OK1TC         599 15 LN8W          599 14
QSO:  3500 CW 2005-11-26 0232 OK1TC         599 15 HG6N          599 15
QSO:  3500 CW 2005-11-26 0232 OK1TC         599 15 SP4Z          599 15
QSO:  3507 CW 2005-11-26 0233 OK1TC         599 15 GU4YOX        599 14
QSO:  3508 CW 2005-11-26 0237 OK1TC         599 15 TM4Q          599 14
QSO:  3512 CW 2005-11-26 0240 OK1TC         599 15 GM0B          599 14
QSO:  3500 CW 2005-11-26 0241 OK1TC         599 15 LZ9W          599 20
QSO:  3513 CW 2005-11-26 0241 OK1TC         599 15 DF0CG         599 14
QSO:  3500 CW 2005-11-26 0242 OK1TC         599 15 S59N          599 15
QSO:  3513 CW 2005-11-26 0242 OK1TC         599 15 S59AA         599 15
QSO:  3515 CW 2005-11-26 0243 OK1TC         599 15 OL3Z          599 15
QSO:  3500 CW 2005-11-26 0247 OK1TC         599 15 HA80IARU      599 15
QSO:  3518 CW 2005-11-26 0247 OK1TC         599 15 DQ4W          599 14
QSO:  3500 CW 2005-11-26 0248 OK1TC         599 15 EW8DX         599 16
QSO:  3519 CW 2005-11-26 0249 OK1TC         599 15 N3RS          599 05
QSO:  3520 CW 2005-11-26 0249 OK1TC         599 15 DQ0Q          599 14
QSO:  3500 CW 2005-11-26 0251 OK1TC         599 15 RV9SV         599 17
QSO:  3500 CW 2005-11-26 0254 OK1TC         599 15 YT6A          599 15
QSO:  3500 CW 2005-11-26 0255 OK1TC         599 15 TM6X          599 14
QSO:  3528 CW 2005-11-26 0255 OK1TC         599 15 PI4D          599 14
QSO:  3500 CW 2005-11-26 0256 OK1TC         599 15 LY7A          599 15
QSO:  3525 CW 2005-11-26 0256 OK1TC         599 15 9A9A          599 15
QSO:  3500 CW 2005-11-26 0257 OK1TC         599 15 YU1KR         599 15
QSO:  3500 CW 2005-11-26 0259 OK1TC         599 15 S50C          599 15
QSO:  3529 CW 2005-11-26 0259 OK1TC         599 15 UU7J          599 16
QSO:  3531 CW 2005-11-26 0259 OK1TC         599 15 UT3UA         599 16
QSO:  3532 CW 2005-11-26 0300 OK1TC         599 15 IH9P          599 33
QSO:  3533 CW 2005-11-26 0302 OK1TC         599 15 SN3A          599 15
QSO:  3534 CW 2005-11-26 0302 OK1TC         599 15 G5W           599 14
QSO:  3535 CW 2005-11-26 0303 OK1TC         599 15 OM7M          599 15
QSO:  3535 CW 2005-11-26 0303 OK1TC         599 15 SP8BRQ        599 15
QSO:  3535 CW 2005-11-26 0306 OK1TC         599 15 EA6IB         599 14
QSO:  3500 CW 2005-11-26 0307 OK1TC         599 15 SN8F          599 15
QSO:  3525 CW 2005-11-26 0308 OK1TC         599 15 SP5KEH        599 15
QSO:  3500 CW 2005-11-26 0310 OK1TC         599 15 LX7I          599 14
QSO:  3525 CW 2005-11-26 0311 OK1TC         599 15 S53F          599 15
QSO:  3525 CW 2005-11-26 0313 OK1TC         599 15 Z37M          599 15
QSO:  3500 CW 2005-11-26 0318 OK1TC         599 15 RL3A          599 16
QSO:  3544 CW 2005-11-26 0318 OK1TC         599 15 K4ZW          599 5
QSO:  3544 CW 2005-11-26 0319 OK1TC         599 15 IR4X          599 15
QSO:  3546 CW 2005-11-26 0320 OK1TC         599 15 OM5M          599 15
QSO:  3525 CW 2005-11-26 0322 OK1TC         599 15 SN2K          599 15
QSO:  3546 CW 2005-11-26 0322 OK1TC         599 15 SK3W          599 14
QSO:  3550 CW 2005-11-26 0323 OK1TC         599 15 GM4YXI        599 14
QSO:  3552 CW 2005-11-26 0324 OK1TC         599 15 MW5A          599 14
QSO:  3500 CW 2005-11-26 0325 OK1TC         599 15 SN5M          599 15
QSO:  3500 CW 2005-11-26 0326 OK1TC         599 15 F8EEQ         599 14
QSO:  3500 CW 2005-11-26 0331 OK1TC         599 15 R1MVC         599 16
QSO:  3525 CW 2005-11-26 0331 OK1TC         599 15 SN6F          599 15
QSO:  3546 CW 2005-11-26 0331 OK1TC         599 15 OZ5E          599 14
QSO:  3544 CW 2005-11-26 0333 OK1TC         599 15 K4ZW          599 5
QSO:  3543 CW 2005-11-26 0334 OK1TC         599 15 9A7A          599 15
QSO:  3500 CW 2005-11-26 0335 OK1TC         599 15 IK3SSO        599 15
QSO:  3541 CW 2005-11-26 0338 OK1TC         599 15 OM0M          599 15
QSO:  3500 CW 2005-11-26 0340 OK1TC         599 15 UR8RF         599 16
QSO:  3525 CW 2005-11-26 0342 OK1TC         599 15 9A4W          599 15
QSO:  3500 CW 2005-11-26 0348 OK1TC         599 15 ED2JJ         599 14
QSO:  3531 CW 2005-11-26 0348 OK1TC         599 15 OT5L          599 14
QSO:  3500 CW 2005-11-26 0349 OK1TC         599 15 ZB2X          599 14
QSO:  3500 CW 2005-11-26 0354 OK1TC         599 15 VO1AU         599 5
QSO:  3501 CW 2005-11-26 0355 OK1TC         599 15 KT1V          599 5
QSO:  3500 CW 2005-11-26 0356 OK1TC         599 15 OJ0B          599 15
QSO:  3503 CW 2005-11-26 0356 OK1TC         599 15 6 K1TTT         599 5
QSO:  3504 CW 2005-11-26 0358 OK1TC         599 15 AA1K          599 05
QSO:  3500 CW 2005-11-26 0400 OK1TC         599 15 OH0E          599 15
QSO:  3506 CW 2005-11-26 0401 OK1TC         599 15 NY4A          599 5
QSO:  3507 CW 2005-11-26 0403 OK1TC         599 15 ES1A          599 15
QSO:  3500 CW 2005-11-26 0410 OK1TC         599 15 DL2ZAE        599 14
QSO:  3503 CW 2005-11-26 0411 OK1TC         599 15 W2FU          599 5
QSO:  3525 CW 2005-11-26 0415 OK1TC         599 15 4Z5LA         599 20
QSO:  3536 CW 2005-11-26 0417 OK1TC         599 15 IS0N          599 15
QSO:  3525 CW 2005-11-26 0419 OK1TC         599 15 GD6IA         599 14
QSO:  3549 CW 2005-11-26 0420 OK1TC         599 15 CT6A          599 14
QSO:  3500 CW 2005-11-26 0425 OK1TC         599 15 IK3OBX        599 15
QSO:  3562 CW 2005-11-26 0425 OK1TC         599 15 RW4PL         599 16
QSO:  3563 CW 2005-11-26 0427 OK1TC         599 15 DL6KVA        599 14
QSO:  3564 CW 2005-11-26 0427 OK1TC         599 15 2 OH6XX         599 15
QSO:  3500 CW 2005-11-26 0428 OK1TC         599 15 R3R           599 16
QSO:  3500 CW 2005-11-26 0430 OK1TC         599 15 YR8B          599 20
QSO:  3566 CW 2005-11-26 0431 OK1TC         599 15 S52ZW         599 15
QSO:  3560 CW 2005-11-26 0433 OK1TC         599 15 RF3A          599 16
QSO:  3568 CW 2005-11-26 0433 OK1TC         599 15 W3LPL         599 5
QSO:  3570 CW 2005-11-26 0434 OK1TC         599 15 RK6YZZ        599 16
QSO:  3570 CW 2005-11-26 0435 OK1TC         599 15 DJ6BQ         599 14
QSO:  3500 CW 2005-11-26 0438 OK1TC         599 15 EU1AZ         599 16
QSO:  3500 CW 2005-11-26 0439 OK1TC         599 15 RW3WWW        599 16
QSO:  3574 CW 2005-11-26 0442 OK1TC         599 15 CT9A          599 33
QSO:  3500 CW 2005-11-26 0443 OK1TC         599 15 RK4WWA        599 16
QSO:  3576 CW 2005-11-26 0444 OK1TC         599 15 HB9CIP        599 14
QSO:  3500 CW 2005-11-26 0446 OK1TC         599 15 LY7Z          599 15
QSO:  3500 CW 2005-11-26 0457 OK1TC         599 15 HA8KW         599 15
QSO:  3581 CW 2005-11-26 0458 OK1TC         599 15 OK1QM         599 15
QSO:  3525 CW 2005-11-26 0500 OK1TC         599 15 S52W          599 15
QSO:  3584 CW 2005-11-26 0500 OK1TC         599 15 UW5U          599 16
QSO:  3500 CW 2005-11-26 0502 OK1TC         599 15 LY2GW         599 15
QSO:  3500 CW 2005-11-26 0504 OK1TC         599 15 UT4IYZ        599 16
QSO:  3515 CW 2005-11-26 0505 OK1TC         599 15 CT8T          599 14
QSO:  3514 CW 2005-11-26 0507 OK1TC         599 15 OM4A          599 15
QSO:  3512 CW 2005-11-26 0508 OK1TC         599 15 N2NT          599 05
QSO:  3525 CW 2005-11-26 0509 OK1TC         599 15 HG8N          599 15
QSO:  3510 CW 2005-11-26 0511 OK1TC         599 15 YL2PQ         599 15
QSO:  3509 CW 2005-11-26 0512 OK1TC         599 15 RU1A          599 16
QSO:  3525 CW 2005-11-26 0516 OK1TC         599 15 LY1DT         599 15
QSO:  3502 CW 2005-11-26 0520 OK1TC         599 15 P40W          599 09
QSO:  3500 CW 2005-11-26 0527 OK1TC         599 15 N9AG          599 4
QSO:  3542 CW 2005-11-26 0547 OK1TC         599 15 OZ1JTE        599 14
QSO:  3525 CW 2005-11-26 0548 OK1TC         599 15 OL7R          599 15
QSO:  3500 CW 2005-11-26 0557 OK1TC         599 15 DA3A          599 14
QSO:  3500 CW 2005-11-26 0557 OK1TC         599 15 YO2AQB        599 20
QSO:  3500 CW 2005-11-26 0559 OK1TC         599 15 OM3RRC        599 15
QSO:  3577 CW 2005-11-26 0600 OK1TC         599 15 OM1II         599 15
QSO:  3500 CW 2005-11-26 0601 OK1TC         599 15 LY2OO         599 15
QSO:  3525 CW 2005-11-26 0601 OK1TC         599 15 YT2A          599 15
QSO:  3500 CW 2005-11-26 0603 OK1TC         599 15 F6KHM         599 14
QSO:  3525 CW 2005-11-26 0604 OK1TC         599 15 OE2G          599 15
QSO:  3561 CW 2005-11-26 0606 OK1TC         599 15 SP4MPB        599 15
QSO:  3561 CW 2005-11-26 0607 OK1TC         599 15 K5MA          599 5
QSO:  3559 CW 2005-11-26 0608 OK1TC         599 15 IU2R          599 15
QSO:  3557 CW 2005-11-26 0610 OK1TC         599 15 7S7V          599 14
QSO:  3553 CW 2005-11-26 0612 OK1TC         599 15 OH1F          599 15
QSO:  3550 CW 2005-11-26 0613 OK1TC         599 15 GM4YXI        599 14
QSO:  3554 CW 2005-11-26 0613 OK1TC         599 15 TM2Y          599 14
QSO:  3549 CW 2005-11-26 0615 OK1TC         599 15 EI7M          599 14
QSO:  3548 CW 2005-11-26 0620 OK1TC         599 15 TZ5A          599 35
QSO:  3500 CW 2005-11-26 0621 OK1TC         599 15 DL6KWN        599 14
QSO:  3543 CW 2005-11-26 0623 OK1TC         599 15 DF3CB         599 14
QSO:  3525 CW 2005-11-26 0624 OK1TC         599 15 SK6M          599 14
QSO:  3532 CW 2005-11-26 0629 OK1TC         599 15 8P5A          599 8
QSO:  3500 CW 2005-11-26 0631 OK1TC         599 15 ES5TV         599 15
QSO:  3525 CW 2005-11-26 0632 OK1TC         599 15 DK5QN         599 14
QSO:  3527 CW 2005-11-26 0633 OK1TC         599 15 FP/K8DD       599 5
QSO:  3526 CW 2005-11-26 0635 OK1TC         599 15 VE1JF         599 5
QSO:  3500 CW 2005-11-26 0638 OK1TC         599 15 W9RE          599 04
QSO:  3525 CW 2005-11-26 0639 OK1TC         599 15 OT5G          599 14
QSO:  3547 CW 2005-11-26 0641 OK1TC         599 15 RW2F          599 15
QSO:  3520 CW 2005-11-26 0643 OK1TC         599 15 DJ5MW         599 14
QSO:  3522 CW 2005-11-26 0643 OK1TC         599 15 G4BUE         599 14
QSO:  3520 CW 2005-11-26 0644 OK1TC         599 15 YL0A          599 15
QSO:  3525 CW 2005-11-26 0644 OK1TC         599 15 HA8A          599 15
QSO:  3500 CW 2005-11-26 0645 OK1TC         599 15 OH2RA         599 15
QSO:  3517 CW 2005-11-26 0645 OK1TC         599 15 S50A          599 15
QSO:  3500 CW 2005-11-26 0649 OK1TC         599 15 OM4W          599 15
QSO:  3514 CW 2005-11-26 0650 OK1TC         599 15 DJ9DZ         599 14
QSO:  3512 CW 2005-11-26 0652 OK1TC         599 15 KF3B          599 5
QSO:  3500 CW 2005-11-26 0653 OK1TC         599 15 DL1RTL        599 14
QSO:  3500 CW 2005-11-26 0658 OK1TC         599 15 LY5R          599 15
QSO:  3506 CW 2005-11-26 0701 OK1TC         599 15 CU2A          599 14
QSO:  3500 CW 2005-11-26 0702 OK1TC         599 15 TF4M          599 40
QSO:  3503 CW 2005-11-26 0702 OK1TC         599 15 DL3YM         599 14
QSO:  7000 CW 2005-11-26 0713 OK1TC         599 15 K4XS          599 5
QSO:  7002 CW 2005-11-26 0715 OK1TC         599 15 DQ0Q          599 14
QSO:  7005 CW 2005-11-26 0717 OK1TC         599 15 HA8DU         599 15
QSO:  7004 CW 2005-11-26 0719 OK1TC         599 15 PX8C          599 AA
QSO:  7004 CW 2005-11-26 0719 OK1TC         599 15 S50A          599 15
QSO:  7004 CW 2005-11-26 0721 OK1TC         599 15 PX8C          599 AA
QSO:  7004 CW 2005-11-26 0723 OK1TC         599 15 EA8EW         599 33
QSO:  7025 CW 2005-11-26 0724 OK1TC         599 15 4N1A          599 15
QSO:  7006 CW 2005-11-26 0725 OK1TC         599 15 G6PZ          599 14
QSO:  7000 CW 2005-11-26 0726 OK1TC         599 15 R1MVC         599 16
QSO:  7000 CW 2005-11-26 0727 OK1TC         599 15 EU1PA         599 16
QSO:  7000 CW 2005-11-26 0727 OK1TC         599 15 F6ARC         599 14
QSO:  7011 CW 2005-11-26 0732 OK1TC         599 15 LN8W          599 14
QSO:  7025 CW 2005-11-26 0736 OK1TC         599 15 HA5A          599 15
QSO:  7000 CW 2005-11-26 0737 OK1TC         599 15 LZ5A          599 20
QSO:  7000 CW 2005-11-26 0738 OK1TC         599 15 LY8O          599 15
QSO:  7014 CW 2005-11-26 0738 OK1TC         599 15 OT5L          599 14
QSO:  7025 CW 2005-11-26 0738 OK1TC         599 15 IQ1SM         599 15
QSO:  7000 CW 2005-11-26 0740 OK1TC         599 15 YL3DX         599 15
QSO:  7000 CW 2005-11-26 0745 OK1TC         599 15 OE3I          599 15
QSO:  7000 CW 2005-11-26 0747 OK1TC         599 15 OH2U          599 15
QSO:  7000 CW 2005-11-26 0748 OK1TC         599 15 LY7Z          599 15
QSO:  7019 CW 2005-11-26 0748 OK1TC         599 15 DL3YM         599 14
QSO:  7023 CW 2005-11-26 0748 OK1TC         599 15 S56X          599 15
QSO:  7023 CW 2005-11-26 0750 OK1TC         599 15 SM0P          599 14
QSO:  7025 CW 2005-11-26 0754 OK1TC         599 15 IK3OBX        599 15
QSO:  7000 CW 2005-11-26 0756 OK1TC         599 15 DF0CI         599 14
QSO:  7027 CW 2005-11-26 0757 OK1TC         599 15 DL5JS         599 14
QSO:  7019 CW 2005-11-26 0758 OK1TC         599 15 PZ5C          599 9
QSO:  7030 CW 2005-11-26 0758 OK1TC         599 15 LY7A          599 15
QSO:  7000 CW 2005-11-26 0800 OK1TC         599 15 EW8EW         599 16
QSO:  7031 CW 2005-11-26 0800 OK1TC         599 15 RW2F          599 15
QSO:  7033 CW 2005-11-26 0802 OK1TC         599 15 F8AAN         599 14
QSO:  7025 CW 2005-11-26 0803 OK1TC         599 15 SK6M          599 14
QSO:  7000 CW 2005-11-26 0804 OK1TC         599 15 YT6A          599 15
QSO:  7035 CW 2005-11-26 0804 OK1TC         599 15 NQ4I          599 5
QSO:  7035 CW 2005-11-26 0804 OK1TC         599 15 OH2K          599 15
QSO:  7000 CW 2005-11-26 0805 OK1TC         599 15 OH5Z          599 15
QSO:  7025 CW 2005-11-26 0805 OK1TC         599 15 T94OM         599 15
QSO:  7030 CW 2005-11-26 0806 OK1TC         599 15 ES2DJ         599 15
QSO:  7010 CW 2005-11-26 0809 OK1TC         599 15 YL2IP         599 15
QSO:  7040 CW 2005-11-26 0810 OK1TC         599 15 RU1A          599 16
QSO:  7042 CW 2005-11-26 0812 OK1TC         599 15 OH1F          599 15
QSO:  7043 CW 2005-11-26 0813 OK1TC         599 15 DR5L          599 14
QSO:  7025 CW 2005-11-26 0818 OK1TC         599 15 YR8B          599 20
QSO:  7000 CW 2005-11-26 0819 OK1TC         599 15 OM6KW         599 15
QSO:  7000 CW 2005-11-26 0820 OK1TC         599 15 ES5MC         599 15
QSO:  7000 CW 2005-11-26 0820 OK1TC         599 15 EV6Z          599 16
QSO:  7049 CW 2005-11-26 0820 OK1TC         599 15 DF0CG         599 14
QSO:  7000 CW 2005-11-26 0823 OK1TC         599 15 DL4WA         599 14
QSO:  7052 CW 2005-11-26 0825 OK1TC         599 15 UA3SAQ        599 16
QSO:  7053 CW 2005-11-26 0827 OK1TC         599 15 PJ2T          599 9
QSO:  7006 CW 2005-11-26 0828 OK1TC         599 15 HB9MM         599 14
QSO:  7000 CW 2005-11-26 0829 OK1TC         599 15 EA1FAQ        599 14
QSO:  7056 CW 2005-11-26 0829 OK1TC         599 15 LY3QA         599 15
QSO:  7057 CW 2005-11-26 0830 OK1TC         599 15 TK/DJ9RR      599 15
QSO:  7059 CW 2005-11-26 0834 OK1TC         599 15 SP4TKR        599 15
QSO:  7059 CW 2005-11-26 0834 OK1TC         599 15 SP4TKR        599 15
QSO: 14000 CW 2005-11-26 0836 OK1TC         599 15 RW3AFY        599 16
QSO: 14006 CW 2005-11-26 0837 OK1TC         599 15 2 SK2T          599 14
QSO: 14008 CW 2005-11-26 0839 OK1TC         599 15 RU1A          599 16
QSO: 14000 CW 2005-11-26 0841 OK1TC         599 15 RN4WA         599 16
QSO: 14000 CW 2005-11-26 0842 OK1TC         599 15 UT0AZA        599 16
QSO: 14013 CW 2005-11-26 0843 OK1TC         599 15 JA8RWU        599 25
QSO: 14000 CW 2005-11-26 0845 OK1TC         599 15 ES5TV         599 15
QSO: 14024 CW 2005-11-26 0851 OK1TC         599 15 H2G           599 20
QSO: 28020 CW 2005-11-26 0851 OK1TC         599 15 F8DFP         599 14
QSO: 14000 CW 2005-11-26 0852 OK1TC         599 15 RA3CW         599 16
QSO: 14000 CW 2005-11-26 0852 OK1TC         599 15 UY5HF         599 16
QSO: 14023 CW 2005-11-26 0853 OK1TC         599 15 UT7I          599 16
QSO: 14000 CW 2005-11-26 0854 OK1TC         599 15 UA9CMQ        599 17
QSO: 14028 CW 2005-11-26 0856 OK1TC         599 15 UA9AX         599 17
QSO: 14035 CW 2005-11-26 0901 OK1TC         599 15 MW5A          599 14
QSO: 14000 CW 2005-11-26 0902 OK1TC         599 15 UA3ABJ        599 16
QSO: 14039 CW 2005-11-26 0903 OK1TC         599 15 5 OM8A          599 15
QSO: 14000 CW 2005-11-26 0904 OK1TC         599 15 UP0L          599 17
QSO: 14043 CW 2005-11-26 0904 OK1TC         599 15 RX4HZ         599 16
QSO: 14000 CW 2005-11-26 0905 OK1TC         599 15 YP3A          599 20
QSO: 14050 CW 2005-11-26 0905 OK1TC         599 15 RF3A          599 16
QSO: 14025 CW 2005-11-26 0907 OK1TC         599 15 YZ0Z          599 15
QSO: 14000 CW 2005-11-26 0908 OK1TC         599 15 RK3ZZ         599 16
QSO: 14000 CW 2005-11-26 0910 OK1TC         599 15 J43J          599 20
QSO: 14049 CW 2005-11-26 0911 OK1TC         599 15 G5W           599 14
QSO: 14000 CW 2005-11-26 0912 OK1TC         599 15 OH2K          599 15
QSO: 14000 CW 2005-11-26 0912 OK1TC         599 15 UA3R          599 16
QSO: 14052 CW 2005-11-26 0913 OK1TC         599 15 EA6IB         599 14
QSO: 14025 CW 2005-11-26 0914 OK1TC         599 15 GD6IA         599 14
QSO: 14055 CW 2005-11-26 0914 OK1TC         599 15 YL6W          599 15
QSO: 14057 CW 2005-11-26 0915 OK1TC         599 15 CT6A          599 14
QSO: 14000 CW 2005-11-26 0916 OK1TC         599 15 YT1W          599 15
QSO: 14000 CW 2005-11-26 0917 OK1TC         599 15 RK3DXZ        599 16
QSO: 14059 CW 2005-11-26 0921 OK1TC         599 15 ZL6QH         599 32
QSO: 14064 CW 2005-11-26 0921 OK1TC         599 15 F8AAN         599 14
QSO: 14011 CW 2005-11-26 0923 OK1TC         599 15 EA8ZS         599 33
QSO: 14000 CW 2005-11-26 0924 OK1TC         599 15 ES5JR         599 15
QSO: 14078 CW 2005-11-26 0925 OK1TC         599 15 EA6DD         599 14
QSO: 14000 CW 2005-11-26 0927 OK1TC         599 15 SM5INC        599 14
QSO: 14000 CW 2005-11-26 0928 OK1TC         599 15 RT9W          599 16
QSO: 14000 CW 2005-11-26 0929 OK1TC         599 15 OH6AC         599 15
QSO: 14084 CW 2005-11-26 0931 OK1TC         599 15 G6M           599 14
QSO: 14000 CW 2005-11-26 0932 OK1TC         599 15 UR7QM         599 16
QSO: 14000 CW 2005-11-26 0934 OK1TC         599 15 DL7BY         599 14
QSO: 14000 CW 2005-11-26 0934 OK1TC         599 15 TM6Q          599 14
QSO: 14001 CW 2005-11-26 0939 OK1TC         599 15 G0WKW         599 14
QSO: 14005 CW 2005-11-26 0941 OK1TC         599 15 UU7J          599 16
QSO: 14025 CW 2005-11-26 0942 OK1TC         599 15 IQ1SM         599 15
QSO: 28020 CW 2005-11-26 0950 OK1TC         599 15 IH9P          599 33
QSO: 28000 CW 2005-11-26 0953 OK1TC         599 15 F8AKC         5NN 14
QSO: 28000 CW 2005-11-26 0956 OK1TC         599 15 OH0E          599 15
QSO: 21001 CW 2005-11-26 0959 OK1TC         599 15 RZ9SWR        599 16
QSO: 21000 CW 2005-11-26 1003 OK1TC         599 15 UP0L          599 17
QSO: 21000 CW 2005-11-26 1005 OK1TC         599 15 F6KNB         599 14
QSO: 21011 CW 2005-11-26 1005 OK1TC         599 15 OL3Z          599 15
QSO: 21000 CW 2005-11-26 1008 OK1TC         599 15 RG9A          599 17
QSO: 21000 CW 2005-11-26 1008 OK1TC         599 15 UN3M          599 17
QSO: 21025 CW 2005-11-26 1011 OK1TC         599 15 5B/AJ2O       599 20
QSO: 21000 CW 2005-11-26 1013 OK1TC         599 15 RA6DB         599 16
QSO: 21037 CW 2005-11-26 1015 OK1TC         599 15 EA4KA         599 14
QSO: 21000 CW 2005-11-26 1017 OK1TC         599 15 RN4WA         599 16
QSO: 21000 CW 2005-11-26 1017 OK1TC         599 15 RZ6FA         599 16
QSO: 21000 CW 2005-11-26 1018 OK1TC         599 15 EA4DRV        599 14
QSO: 21000 CW 2005-11-26 1020 OK1TC         599 15 EC7ABV        599 14
QSO: 21000 CW 2005-11-26 1020 OK1TC         599 15 RK9CZO        599 17
QSO: 21000 CW 2005-11-26 1021 OK1TC         599 15 RA9JR         599 17
QSO: 21055 CW 2005-11-26 1021 OK1TC         599 15 RA9CB         599 17
QSO: 21060 CW 2005-11-26 1023 OK1TC         599 15 T96Q          599 15
QSO: 21000 CW 2005-11-26 1026 OK1TC         599 15 RK4WWA        599 16
QSO: 21068 CW 2005-11-26 1026 OK1TC         599 15 RN6HZ         599 16
QSO: 21025 CW 2005-11-26 1029 OK1TC         599 15 EA7AJR        599 14
QSO: 21000 CW 2005-11-26 1033 OK1TC         599 15 RK9AXX        599 17
QSO: 21000 CW 2005-11-26 1034 OK1TC         599 15 RX9AF         599 17
QSO: 21000 CW 2005-11-26 1041 OK1TC         599 15 9G5GJ         599 35
QSO: 28018 CW 2005-11-26 1047 OK1TC         599 15 EI7M          599 14
QSO: 28033 CW 2005-11-26 1051 OK1TC         599 15 CT3EN         599 33
QSO: 28009 CW 2005-11-26 1058 OK1TC         599 15 OK7M          599 15
QSO: 21004 CW 2005-11-26 1059 OK1TC         599 15 RK6YZZ        599 16
QSO: 21000 CW 2005-11-26 1100 OK1TC         599 15 UA4PN         599 16
QSO: 21018 CW 2005-11-26 1102 OK1TC         599 15 HS0ZDJ        599 26
QSO: 21017 CW 2005-11-26 1107 OK1TC         599 15 CT6A          599 14
QSO: 21000 CW 2005-11-26 1108 OK1TC         599 15 3DA0NW        599 38
QSO: 21041 CW 2005-11-26 1111 OK1TC         599 15 RK9AWN        599 17
QSO: 21002 CW 2005-11-26 1123 OK1TC         599 15 DJ5MW         599 14
QSO: 21000 CW 2005-11-26 1124 OK1TC         599 15 RU9CK         599 17
QSO: 21007 CW 2005-11-26 1128 OK1TC         599 15 G0WKW         599 14
QSO: 21012 CW 2005-11-26 1130 OK1TC         599 15 EA7RCT        599 14
QSO: 21000 CW 2005-11-26 1131 OK1TC         599 15 UA9FM         599 17
QSO: 21016 CW 2005-11-26 1138 OK1TC         599 15 SP1NY/MM      599 34
QSO: 21019 CW 2005-11-26 1141 OK1TC         599 15 TZ5A          599 35
QSO: 21271 CW 2005-11-26 1147 OK1TC         599 15 3B8/OM3PC     599 39
QSO: 21000 CW 2005-11-26 1148 OK1TC         599 15 UA9SP         599 16
QSO: 21000 CW 2005-11-26 1153 OK1TC         599 15 8Q7DV         599 22
QSO: 21000 CW 2005-11-26 1154 OK1TC         599 15 RA9XF         599 17
QSO: 21025 CW 2005-11-26 1156 OK1TC         599 15 LV0N          599 13
QSO: 21000 CW 2005-11-26 1159 OK1TC         599 15 PS2T          599 11
QSO: 21044 CW 2005-11-26 1159 OK1TC         599 15 8P5A          599 8
QSO: 21000 CW 2005-11-26 1201 OK1TC         599 15 RK9CWW        599 17
QSO: 21048 CW 2005-11-26 1203 OK1TC         599 15 V26K          599 08
QSO: 21049 CW 2005-11-26 1208 OK1TC         599 15 ZS1EL         599 38
QSO: 21051 CW 2005-11-26 1210 OK1TC         599 15 DF3CB         599 14
QSO: 21054 CW 2005-11-26 1212 OK1TC         599 15 4X4DZ         599 20
QSO: 21061 CW 2005-11-26 1214 OK1TC         599 15 CT9A          599 33
QSO: 21000 CW 2005-11-26 1215 OK1TC         599 15 OH6BG         599 15
QSO: 21067 CW 2005-11-26 1219 OK1TC         599 15 OM5M          599 15
QSO: 21074 CW 2005-11-26 1222 OK1TC         599 15 W3LPL         599 5
QSO: 21025 CW 2005-11-26 1223 OK1TC         599 15 9A7D          599 15
QSO: 21000 CW 2005-11-26 1224 OK1TC         599 15 RT9W          599 16
QSO: 21081 CW 2005-11-26 1225 OK1TC         599 15 LT1F          599 13
QSO: 21000 CW 2005-11-26 1231 OK1TC         599 15 PY2NA         599 11
QSO: 14025 CW 2005-11-26 1236 OK1TC         599 15 K1AR          599 5
QSO: 14003 CW 2005-11-26 1237 OK1TC         599 15 K3LR          599 5
QSO: 14004 CW 2005-11-26 1239 OK1TC         599 15 W3LPL         599 5
QSO: 14000 CW 2005-11-26 1241 OK1TC         599 15 DL2F          599 14
QSO: 14000 CW 2005-11-26 1243 OK1TC         599 15 KP4KE         599 8
QSO: 14007 CW 2005-11-26 1245 OK1TC         599 15 3 W3PP          599 5
QSO: 14007 CW 2005-11-26 1249 OK1TC         599 15 P40W          599 09
QSO: 14009 CW 2005-11-26 1251 OK1TC         599 15 VE3RM         599 4
QSO: 14009 CW 2005-11-26 1254 OK1TC         599 15 DP4T          599 14
QSO: 14009 CW 2005-11-26 1254 OK1TC         599 15 K3CR          599 5
QSO: 14010 CW 2005-11-26 1256 OK1TC         599 15 K1RX          599 5
QSO: 14000 CW 2005-11-26 1300 OK1TC         599 15 WJ9B          599 5
QSO: 14012 CW 2005-11-26 1301 OK1TC         599 15 W1KM          599 5
QSO: 14013 CW 2005-11-26 1304 OK1TC         599 15 NQ4I          599 5
QSO: 14014 CW 2005-11-26 1305 OK1TC         599 15 W3BGN         599 05
QSO: 14000 CW 2005-11-26 1307 OK1TC         599 15 VC3O          599 04
QSO: 14015 CW 2005-11-26 1307 OK1TC         599 15 VO1AU         599 5
QSO: 14017 CW 2005-11-26 1308 OK1TC         599 15 N2RM          599 5
QSO: 14017 CW 2005-11-26 1308 OK1TC         599 15 NY4A          599 5
QSO: 14017 CW 2005-11-26 1310 OK1TC         599 15 7X0RY         599 33
QSO: 14018 CW 2005-11-26 1312 OK1TC         599 15 GM0F          599 14
QSO: 14019 CW 2005-11-26 1313 OK1TC         599 15 AA1K          599 05
QSO: 14020 CW 2005-11-26 1314 OK1TC         599 15 K4PV          599 05
QSO: 14022 CW 2005-11-26 1316 OK1TC         599 15 N3AD          599 05
QSO: 14022 CW 2005-11-26 1317 OK1TC         599 15 PJ2T          599 9
QSO: 14023 CW 2005-11-26 1318 OK1TC         599 15 UT7I          599 16
QSO: 14023 CW 2005-11-26 1320 OK1TC         599 15 K9NS          599 4
QSO: 14023 CW 2005-11-26 1320 OK1TC         599 15 UT7I          599 16
QSO: 14024 CW 2005-11-26 1321 OK1TC         599 15 K2LE          599 5
QSO: 14025 CW 2005-11-26 1322 OK1TC         599 15 UA4SU         599 16
QSO: 14025 CW 2005-11-26 1324 OK1TC         599 15 W8ZA          599 05
QSO: 14025 CW 2005-11-26 1327 OK1TC         599 15 HC8N          599 10
QSO: 14027 CW 2005-11-26 1328 OK1TC         599 15 DM1TT         599 14
QSO: 14000 CW 2005-11-26 1329 OK1TC         599 15 K9OM          599 FL
QSO: 14030 CW 2005-11-26 1332 OK1TC         599 15 EA5FV         599 14
QSO: 14031 CW 2005-11-26 1333 OK1TC         599 15 N3RS          599 05
QSO: 14032 CW 2005-11-26 1334 OK1TC         599 15 K3OO          599 05
QSO: 14033 CW 2005-11-26 1335 OK1TC         599 15 CU2A          599 14
QSO: 14035 CW 2005-11-26 1339 OK1TC         599 15 K4ZW          599 5
QSO: 14035 CW 2005-11-26 1340 OK1TC         599 15 G5W           599 14
QSO: 14000 CW 2005-11-26 1341 OK1TC         599 15 OH0E          599 15
QSO: 14037 CW 2005-11-26 1344 OK1TC         599 15 KQ3F          599 05
QSO: 14038 CW 2005-11-26 1345 OK1TC         599 15 K3WW          599 5
QSO: 14040 CW 2005-11-26 1347 OK1TC         599 15 WK2G          599 5
QSO: 14041 CW 2005-11-26 1347 OK1TC         599 15 VP5W          599 8
QSO: 14000 CW 2005-11-26 1348 OK1TC         599 15 W5KFT         599 4
QSO: 14042 CW 2005-11-26 1349 OK1TC         599 15 WC1M          599 5
QSO: 14043 CW 2005-11-26 1350 OK1TC         599 15 UT8LO         599 16
QSO: 14044 CW 2005-11-26 1351 OK1TC         599 15 N3AM          599 5
QSO: 14044 CW 2005-11-26 1352 OK1TC         599 15 N2YO          599 5
QSO: 14044 CW 2005-11-26 1353 OK1TC         599 15 K5ZD          599 05
QSO: 14045 CW 2005-11-26 1353 OK1TC         599 15 N1EU          599 5
QSO: 14045 CW 2005-11-26 1355 OK1TC         599 15 DQ0Q          599 14
QSO: 14045 CW 2005-11-26 1355 OK1TC         599 15 TZ5A          599 35
QSO: 14048 CW 2005-11-26 1357 OK1TC         599 15 G0WKW         599 14
QSO: 14048 CW 2005-11-26 1358 OK1TC         599 15 K8AZ          599 04
QSO: 14000 CW 2005-11-26 1359 OK1TC         599 15 N3UM          599 5
QSO: 14050 CW 2005-11-26 1359 OK1TC         599 15 K1ZZ          599 5
QSO: 14030 CW 2005-11-26 1400 OK1TC         599 15 HI9L          599 8
QSO: 14053 CW 2005-11-26 1402 OK1TC         599 15 WN9O          599 4
QSO: 14000 CW 2005-11-26 1403 OK1TC         599 15 K3ZZ          599 5
QSO: 14053 CW 2005-11-26 1403 OK1TC         599 15 4 K1TTT         599 5
QSO: 14055 CW 2005-11-26 1403 OK1TC         599 15 H2G           599 20
QSO: 14056 CW 2005-11-26 1404 OK1TC         599 15 VE3EY         599 4
QSO: 14200 CW 2005-11-26 1407 OK1TC         599 15 IK2SND        599 15
QSO: 14058 CW 2005-11-26 1409 OK1TC         599 15 4X0G          599 20
QSO: 14058 CW 2005-11-26 1410 OK1TC         599 15 VE3NE         599 04
QSO: 14059 CW 2005-11-26 1410 OK1TC         599 15 2 K1IR          599 5
QSO: 14031 CW 2005-11-26 1411 OK1TC         599 15 K2AAW         599 5
QSO: 14000 CW 2005-11-26 1415 OK1TC         599 15 9M2CNC        599 28
QSO: 14061 CW 2005-11-26 1424 OK1TC         599 15 CN2WW         599 33
QSO: 14059 CW 2005-11-26 1425 OK1TC         599 15 W8AV          599 04
QSO: 14060 CW 2005-11-26 1426 OK1TC         599 15 OE2S          599 15
QSO: 14000 CW 2005-11-26 1428 OK1TC         599 15 OL7R          599 15
QSO: 14065 CW 2005-11-26 1434 OK1TC         599 15 OH1F          599 15
QSO: 14000 CW 2005-11-26 1435 OK1TC         599 15 OL9Z          599 15
QSO: 14038 CW 2005-11-26 1436 OK1TC         599 15 DJ5MW         599 14
QSO: 14065 CW 2005-11-26 1436 OK1TC         599 15 OT5L          599 14
QSO: 14067 CW 2005-11-26 1442 OK1TC         599 15 9H1ZA         599 15
QSO: 14068 CW 2005-11-26 1443 OK1TC         599 15 K1RU          599 5
QSO: 14068 CW 2005-11-26 1444 OK1TC         599 15 W0AIH         599 04
QSO: 14025 CW 2005-11-26 1445 OK1TC         599 15 IK3OBX        599 15
QSO: 14069 CW 2005-11-26 1445 OK1TC         599 15 PA3AAV        599 14
QSO: 14000 CW 2005-11-26 1446 OK1TC         599 15 OE2G          599 15
QSO: 14000 CW 2005-11-26 1450 OK1TC         599 15 W2LC          599 5
QSO: 14000 CW 2005-11-26 1451 OK1TC         599 15 W9RE          599 04
QSO: 14078 CW 2005-11-26 1454 OK1TC         599 15 4 KB1H          599 5
QSO: 14000 CW 2005-11-26 1458 OK1TC         599 15 YT5A          599 15
QSO: 14080 CW 2005-11-26 1458 OK1TC         599 15 K5GO          599 04
QSO: 14081 CW 2005-11-26 1458 OK1TC         599 15 HP1/OA4WW     599 07
QSO: 14000 CW 2005-11-26 1500 OK1TC         599 15 C6AWS         599 8
QSO: 14083 CW 2005-11-26 1501 OK1TC         599 15 K2PS          599 05
QSO: 14084 CW 2005-11-26 1504 OK1TC         599 15 NN3Q          599 5
QSO: 14000 CW 2005-11-26 1507 OK1TC         599 15 SU8BHI        599 34
QSO: 14087 CW 2005-11-26 1509 OK1TC         599 15 LN8W          599 14
QSO: 14089 CW 2005-11-26 1511 OK1TC         599 15 G0MTN         599 14
QSO: 14000 CW 2005-11-26 1512 OK1TC         599 15 SK6M          599 14
QSO: 14013 CW 2005-11-26 1512 OK1TC         599 15 VE3DZ         599 4
QSO: 14000 CW 2005-11-26 1513 OK1TC         599 15 K4RO          599 04
QSO: 14000 CW 2005-11-26 1513 OK1TC         599 15 SQ4MP         599 15
QSO: 14093 CW 2005-11-26 1514 OK1TC         599 15 K1GU          599 04
QSO: 14093 CW 2005-11-26 1515 OK1TC         599 15 N4ZZ          599 4
QSO: 14095 CW 2005-11-26 1516 OK1TC         599 15 K3SV          599 05
QSO: 14000 CW 2005-11-26 1520 OK1TC         599 15 HG8N          599 15
QSO: 14103 CW 2005-11-26 1521 OK1TC         599 15 K1BX          599 5
QSO: 14000 CW 2005-11-26 1522 OK1TC         599 15 SP4YFJ        599 15
QSO: 14105 CW 2005-11-26 1523 OK1TC         599 15 N2LT          599 5
QSO: 14111 CW 2005-11-26 1524 OK1TC         599 15 NE3F          599 05
QSO: 14111 CW 2005-11-26 1524 OK1TC         599 15 NE3F          599 05
QSO: 14025 CW 2005-11-26 1527 OK1TC         599 15 WP3C          599 08
QSO: 14113 CW 2005-11-26 1528 OK1TC         599 15 N0AT          599 4
QSO: 14000 CW 2005-11-26 1530 OK1TC         599 15 K0CAT         599 4
QSO: 14116 CW 2005-11-26 1531 OK1TC         599 15 W1EQ          599 05
QSO: 21001 CW 2005-11-26 1533 OK1TC         599 15 DF0CG         599 14
QSO: 21001 CW 2005-11-26 1534 OK1TC         599 15 K3LR          599 5
QSO: 21002 CW 2005-11-26 1535 OK1TC         599 15 RW2F          599 15
QSO: 21000 CW 2005-11-26 1540 OK1TC         599 15 PY2HL         599 11
QSO: 21007 CW 2005-11-26 1545 OK1TC         599 15 HC8N          599 10
QSO: 21015 CW 2005-11-26 1550 OK1TC         599 15 D44TD         599 35
QSO: 21000 CW 2005-11-26 1552 OK1TC         599 15 P40L          599 9
QSO: 21000 CW 2005-11-26 1557 OK1TC         599 15 PR2J          599 11
QSO: 21000 CW 2005-11-26 1602 OK1TC         599 15 LR2F          599 13
QSO: 28020 CW 2005-11-26 1606 OK1TC         599 15 LU1HF         599 13
QSO: 14019 CW 2005-11-26 1608 OK1TC         599 15 KQ2M          599 5
QSO: 14023 CW 2005-11-26 1608 OK1TC         599 15 W3FV          599 5
QSO: 14000 CW 2005-11-26 1610 OK1TC         599 15 W5MX          599 04
QSO: 14014 CW 2005-11-26 1613 OK1TC         599 15 TM4Q          599 14
QSO: 14012 CW 2005-11-26 1616 OK1TC         599 15 HA3MQ         599 15
QSO: 14013 CW 2005-11-26 1616 OK1TC         599 15 2 9A7A          599 15
QSO: 14000 CW 2005-11-26 1619 OK1TC         599 15 W9SN          599 04
QSO: 14114 CW 2005-11-26 1625 OK1TC         599 15 N4WW          599 05
QSO: 14000 CW 2005-11-26 1626 OK1TC         599 15 K4OGG         599 5
QSO: 14105 CW 2005-11-26 1626 OK1TC         599 15 W1ECT         599 5
QSO: 14000 CW 2005-11-26 1627 OK1TC         599 15 AA1ON         599 05
QSO: 14098 CW 2005-11-26 1628 OK1TC         599 15 CT8T          599 14
QSO: 14091 CW 2005-11-26 1629 OK1TC         599 15 WP2Z          599 8
QSO: 14090 CW 2005-11-26 1631 OK1TC         599 15 W2RU          599 05
QSO: 14085 CW 2005-11-26 1633 OK1TC         599 15 2 K0TV          599 5
QSO: 14082 CW 2005-11-26 1635 OK1TC         599 15 K2QMF         599 05
QSO: 14078 CW 2005-11-26 1636 OK1TC         599 15 K1DG          599 05
QSO: 14078 CW 2005-11-26 1636 OK1TC         599 15 K2NV          599 05
QSO: 14069 CW 2005-11-26 1639 OK1TC         599 15 VE3KZ         599 4
QSO: 14065 CW 2005-11-26 1642 OK1TC         599 15 V26K          599 08
QSO: 14062 CW 2005-11-26 1643 OK1TC         599 15 CT1DJE        599 14
QSO: 14060 CW 2005-11-26 1646 OK1TC         599 15 WE2F          599 05
QSO: 14000 CW 2005-11-26 1647 OK1TC         599 15 EA8CN         599 33
QSO: 14046 CW 2005-11-26 1649 OK1TC         599 15 W1WEF         599 5
QSO: 14041 CW 2005-11-26 1651 OK1TC         599 15 K1TR          599 5
QSO: 14000 CW 2005-11-26 1652 OK1TC         599 15 ZX5J          599 11
QSO: 14040 CW 2005-11-26 1652 OK1TC         599 15 S50A          599 15
QSO: 14027 CW 2005-11-26 1658 OK1TC         599 15 FP/K8DD       599 5
QSO: 14000 CW 2005-11-26 1702 OK1TC         599 15 6Y7A          599 8
QSO: 14025 CW 2005-11-26 1705 OK1TC         599 15 II1H          599 15
QSO: 14000 CW 2005-11-26 1713 OK1TC         599 15 ZX5J          599 11
QSO: 14000 CW 2005-11-26 1717 OK1TC         599 15 3V5A          599 33
QSO: 14000 CW 2005-11-26 1722 OK1TC         599 15 EA2LU         599 14
QSO: 14027 CW 2005-11-26 1727 OK1TC         599 15 EI7M          599 14
QSO:  1800 CW 2005-11-26 1735 OK1TC         599 15 S57M          599 15
QSO:  1820 CW 2005-11-26 1737 OK1TC         599 15 LY3UM         599 15
QSO:  1825 CW 2005-11-26 1740 OK1TC         599 15 RA6AX         599 16
QSO:  1828 CW 2005-11-26 1744 OK1TC         599 15 DQ4W          599 14
QSO:  1800 CW 2005-11-26 1746 OK1TC         599 15 OH2BCI        599 15
QSO:  1833 CW 2005-11-26 1746 OK1TC         599 15 SP3HUU        599 15
QSO:  1800 CW 2005-11-26 1750 OK1TC         599 15 YO2IS         599 20
QSO:  1800 CW 2005-11-26 1750 OK1TC         599 15 YT6A          599 15
QSO:  1835 CW 2005-11-26 1750 OK1TC         599 15 LY2IJ         599 15
QSO:  1825 CW 2005-11-26 1751 OK1TC         599 15 9A3RE         599 15
QSO:  1830 CW 2005-11-26 1753 OK1TC         599 15 DP9A          599 14
QSO:  1842 CW 2005-11-26 1754 OK1TC         599 15 OH1MM         599 15
QSO:  1843 CW 2005-11-26 1755 OK1TC         599 15 SP3HRN        599 15
QSO:  1800 CW 2005-11-26 1759 OK1TC         599 15 UT1FA         599 16
QSO:  1800 CW 2005-11-26 1803 OK1TC         599 15 YL1S          599 15
QSO:  1800 CW 2005-11-26 1806 OK1TC         599 15 UU7J          599 16
QSO:  1816 CW 2005-11-26 1809 OK1TC         599 15 UW2M          599 16
QSO:  1814 CW 2005-11-26 1812 OK1TC         599 15 RW2F          599 15
QSO:  3500 CW 2005-11-26 1819 OK1TC         599 15 DP9A          599 14
QSO:  3500 CW 2005-11-26 1822 OK1TC         599 15 IZ8GCB        599 15
QSO:  3506 CW 2005-11-26 1824 OK1TC         599 15 UT2UZ         599 16
QSO:  3510 CW 2005-11-26 1828 OK1TC         599 15 UW8M          599 16
QSO:  3511 CW 2005-11-26 1829 OK1TC         599 15 OE2S          599 15
QSO:  3500 CW 2005-11-26 1834 OK1TC         599 15 UR5IOK        599 16
QSO:  3500 CW 2005-11-26 1836 OK1TC         599 15 LX/DK4ARL     599 14
QSO:  3500 CW 2005-11-26 1838 OK1TC         599 15 LY2LF         599 15
QSO:  3500 CW 2005-11-26 1840 OK1TC         599 15 UA9AOL        599 17
QSO:  3563 CW 2005-11-26 1843 OK1TC         599 15 US4EX         599 16
QSO:  3535 CW 2005-11-26 1844 OK1TC         599 15 HB9MM         599 14
QSO:  3500 CW 2005-11-26 1846 OK1TC         599 15 HB9CRV        599 14
QSO:  3562 CW 2005-11-26 1847 OK1TC         599 15 UY1HY         599 16
QSO:  3500 CW 2005-11-26 1849 OK1TC         599 15 US7HZZ        599 16
QSO:  3500 CW 2005-11-26 1851 OK1TC         599 15 F5PHW         599 14
QSO:  3550 CW 2005-11-26 1851 OK1TC         599 15 S52X          599 15
QSO:  3551 CW 2005-11-26 1852 OK1TC         599 15 OM7RU         599 15
QSO:  3537 CW 2005-11-26 1902 OK1TC         599 15 CU3AA         599 14
QSO:  3500 CW 2005-11-26 1906 OK1TC         599 15 DL4JYT        599 14
QSO:  3502 CW 2005-11-26 1909 OK1TC         599 15 CN2R          599 33
QSO:  3552 CW 2005-11-26 1910 OK1TC         599 15 YL9T          599 15
QSO:  3525 CW 2005-11-26 1917 OK1TC         599 15 YO7BGA        599 20
QSO:  3500 CW 2005-11-26 1919 OK1TC         599 15 RV3LO         599 16
QSO:  3525 CW 2005-11-26 1919 OK1TC         599 15 LY5G          599 15
QSO:  3521 CW 2005-11-26 1921 OK1TC         599 15 UA3TCJ        599 16
QSO:  3610 CW 2005-11-26 1926 OK1TC         599 15 SN5J          599 15
QSO:  7002 CW 2005-11-26 1939 OK1TC         599 15 UX3MZ         599 16
QSO:  7025 CW 2005-11-26 1941 OK1TC         599 15 DK5QN         599 14
QSO:  7025 CW 2005-11-26 1941 OK1TC         599 15 EA3AKY        599 14
QSO:  7005 CW 2005-11-26 1944 OK1TC         599 15 TM2Y          599 14
QSO:  7007 CW 2005-11-26 1945 OK1TC         599 15 W1KM          599 5
QSO:  7025 CW 2005-11-26 1948 OK1TC         599 15 EA8/OH4NL     599 33
QSO:  7010 CW 2005-11-26 1950 OK1TC         599 15 TM4Q          599 14
QSO:  7012 CW 2005-11-26 1951 OK1TC         599 15 DM1TT         599 14
QSO:  7017 CW 2005-11-26 1957 OK1TC         599 15 K1IR          599 5
QSO:  7020 CW 2005-11-26 1958 OK1TC         599 15 RZ3AZ         599 16
QSO:  7000 CW 2005-11-26 2003 OK1TC         599 15 PY7ZY         599 11
QSO:  7024 CW 2005-11-26 2009 OK1TC         599 15 YR7M          599 20
QSO:  7031 CW 2005-11-26 2011 OK1TC         599 15 IH9P          599 33
QSO:  7025 CW 2005-11-26 2012 OK1TC         599 15 5B/AJ2O       599 20
QSO:  7000 CW 2005-11-26 2014 OK1TC         599 15 RU3AA         599 16
QSO:  7000 CW 2005-11-26 2016 OK1TC         599 15 R3R           599 16
QSO:  7029 CW 2005-11-26 2016 OK1TC         599 15 DR4A          599 14
QSO:  7025 CW 2005-11-26 2018 OK1TC         599 15 9A8M          599 15
QSO:  7030 CW 2005-11-26 2020 OK1TC         599 15 K2LE          599 5
QSO:  7033 CW 2005-11-26 2023 OK1TC         599 15 VY2TT         599 5
QSO:  7036 CW 2005-11-26 2026 OK1TC         599 15 K3WW          599 5
QSO:  7025 CW 2005-11-26 2028 OK1TC         599 15 Z37M          599 15
QSO:  7037 CW 2005-11-26 2028 OK1TC         599 15 EA5FV         599 14
QSO:  7000 CW 2005-11-26 2029 OK1TC         599 15 YT7A          599 15
QSO:  7000 CW 2005-11-26 2031 OK1TC         599 15 8Q7DV         599 22
QSO:  7041 CW 2005-11-26 2031 OK1TC         599 15 K5MA          599 5
QSO:  7041 CW 2005-11-26 2032 OK1TC         599 15 KC1XX         599 5
QSO:  7045 CW 2005-11-26 2034 OK1TC         599 15 K1ZZ          599 5
QSO:  7045 CW 2005-11-26 2036 OK1TC         599 15 7X0RY         599 33
QSO:  7000 CW 2005-11-26 2039 OK1TC         599 15 IR4M          599 15
QSO:  7000 CW 2005-11-26 2040 OK1TC         599 15 S53O          599 15
QSO:  7049 CW 2005-11-26 2042 OK1TC         599 15 WC1M          599 5
QSO:  7000 CW 2005-11-26 2043 OK1TC         599 15 YU7KW         599 15
QSO:  7055 CW 2005-11-26 2047 OK1TC         599 15 K1DG          599 05
QSO:  7057 CW 2005-11-26 2048 OK1TC         599 15 OM5M          599 15
QSO:  7000 CW 2005-11-26 2050 OK1TC         599 15 AA1ON         599 05
QSO:  7059 CW 2005-11-26 2051 OK1TC         599 15 EA5RS         599 14
QSO:  7062 CW 2005-11-26 2054 OK1TC         599 15 UA6LV         599 16
QSO:  7000 CW 2005-11-26 2055 OK1TC         599 15 TM6X          599 14
QSO:  7000 CW 2005-11-26 2056 OK1TC         599 15 OH4A          599 15
QSO:  7000 CW 2005-11-26 2056 OK1TC         599 15 UK9AA         599 17
QSO:  7065 CW 2005-11-26 2057 OK1TC         599 15 FP/K8DD       599 5
QSO:  7065 CW 2005-11-26 2102 OK1TC         599 15 TZ5A          599 35
QSO:  7067 CW 2005-11-26 2102 OK1TC         599 15 G3SJJ         599 14
QSO:  7068 CW 2005-11-26 2102 OK1TC         599 15 CT3EN         599 33
QSO:  7000 CW 2005-11-26 2103 OK1TC         599 15 PF0X          599 14
QSO:  7075 CW 2005-11-26 2106 OK1TC         599 15 EA5DWS        599 14
QSO:  7075 CW 2005-11-26 2106 OK1TC         599 15 3 KB1H          599 5
QSO:  7078 CW 2005-11-26 2108 OK1TC         599 15 DP4T          599 14
QSO:  7000 CW 2005-11-26 2109 OK1TC         599 15 LX6T          599 14
QSO:  7085 CW 2005-11-26 2122 OK1TC         599 15 K4ZW          599 5
QSO:  7065 CW 2005-11-26 2126 OK1TC         599 15 W3PP          599 5
QSO:  7000 CW 2005-11-26 2128 OK1TC         599 15 SP4Z          599 15
QSO:  7000 CW 2005-11-26 2131 OK1TC         599 15 ED2JJ         599 14
QSO:  7001 CW 2005-11-26 2131 OK1TC         599 15 AA1K          599 05
QSO:  7002 CW 2005-11-26 2132 OK1TC         599 15 K1AR          599 5
QSO:  7000 CW 2005-11-26 2135 OK1TC         599 15 WJ9B          599 5
QSO:  7004 CW 2005-11-26 2136 OK1TC         599 15 OL7R          599 15
QSO:  7006 CW 2005-11-26 2137 OK1TC         599 15 W3FV          599 5
QSO:  7000 CW 2005-11-26 2141 OK1TC         599 15 TM5VT         599 14
QSO:  7000 CW 2005-11-26 2143 OK1TC         599 15 YO5CBX        599 20
QSO:  7010 CW 2005-11-26 2145 OK1TC         599 15 JA3YBK        599 25
QSO:  7017 CW 2005-11-26 2147 OK1TC         599 15 K5ZD          599 05
QSO:  7017 CW 2005-11-26 2147 OK1TC         599 15 OH1F          599 15
QSO:  7017 CW 2005-11-26 2148 OK1TC         599 15 N2NT          599 05
QSO:  7000 CW 2005-11-26 2150 OK1TC         599 15 RW6FO         599 16
QSO:  7022 CW 2005-11-26 2154 OK1TC         599 15 NY4A          599 5
QSO:  7018 CW 2005-11-26 2156 OK1TC         599 15 N2MM          599 5
QSO:  7018 CW 2005-11-26 2157 OK1TC         599 15 K8AZ          599 04
QSO:  7025 CW 2005-11-26 2200 OK1TC         599 15 K3ZM          599 05
QSO:  7000 CW 2005-11-26 2202 OK1TC         599 15 UU7J          599 16
QSO:  7001 CW 2005-11-26 2206 OK1TC         599 15 W4RX          599 05
QSO:  7000 CW 2005-11-26 2213 OK1TC         599 15 IY4W          599 15
QSO:  7025 CW 2005-11-26 2214 OK1TC         599 15 3 OM7M          599 15
QSO:  7000 CW 2005-11-26 2215 OK1TC         599 15 RL3A          599 16
QSO:  7022 CW 2005-11-26 2216 OK1TC         599 15 N3RS          599 05
QSO:  7003 CW 2005-11-26 2219 OK1TC         599 15 KT1V          599 5
QSO:  7000 CW 2005-11-26 2220 OK1TC         599 15 4L8A          599 21
QSO:  7011 CW 2005-11-26 2221 OK1TC         599 15 IU2R          599 15
QSO:  7014 CW 2005-11-26 2223 OK1TC         599 15 K3LR          599 5
QSO:  7020 CW 2005-11-26 2224 OK1TC         599 15 CU2A          599 14
QSO:  7000 CW 2005-11-26 2227 OK1TC         599 15 UA4LA         599 16
QSO:  7041 CW 2005-11-26 2231 OK1TC         599 15 N2YO          599 5
QSO:  7035 CW 2005-11-26 2236 OK1TC         599 15 WK2G          599 5
QSO:  7065 CW 2005-11-26 2239 OK1TC         599 15 CT8T          599 14
QSO:  7064 CW 2005-11-26 2240 OK1TC         599 15 W3PP          599 5
QSO:  7064 CW 2005-11-26 2241 OK1TC         599 15 2 K0TV          599 5
QSO:  7000 CW 2005-11-26 2243 OK1TC         599 15 UA9AYA        599 17
QSO:  7000 CW 2005-11-26 2247 OK1TC         599 15 UT4IYZ        599 16
QSO:  7025 CW 2005-11-26 2249 OK1TC         599 15 YU8/S56M      599 15
QSO:  7000 CW 2005-11-26 2250 OK1TC         599 15 UP5G          599 17
QSO:  7047 CW 2005-11-26 2255 OK1TC         599 15 VE3RM         599 4
QSO:  7000 CW 2005-11-26 2256 OK1TC         599 15 EI6DX         599 14
QSO:  7007 CW 2005-11-26 2257 OK1TC         599 15 DQ0Q          599 14
QSO:  7007 CW 2005-11-26 2257 OK1TC         599 15 K3OO          599 05
QSO:  7000 CW 2005-11-26 2302 OK1TC         599 15 UA9QM         599 17
QSO:  7026 CW 2005-11-26 2303 OK1TC         599 15 K1RX          599 5
QSO:  3500 CW 2005-11-26 2309 OK1TC         599 15 LY2KN         599 15
QSO:  3500 CW 2005-11-26 2311 OK1TC         599 15 RT9W          599 16
QSO:  3508 CW 2005-11-26 2311 OK1TC         599 15 SQ9C          599 15
QSO:  7003 CW 2005-11-26 2311 OK1TC         599 15 KT1V          599 5
QSO:  3554 CW 2005-11-26 2312 OK1TC         599 15 TM2T          599 14
QSO:  3500 CW 2005-11-26 2314 OK1TC         599 15 RW6FZ         599 16
QSO:  3514 CW 2005-11-26 2321 OK1TC         599 15 RW0AR         599 18
QSO:  3521 CW 2005-11-26 2330 OK1TC         599 15 GJ2A          599 14
QSO:  3525 CW 2005-11-26 2340 OK1TC         599 15 SV1ENG        599 20
QSO:  3534 CW 2005-11-26 2342 OK1TC         599 15 OY1CT         599 14
QSO:  3525 CW 2005-11-26 2344 OK1TC         599 15 LY2HK         599 15
QSO:  3538 CW 2005-11-26 2344 OK1TC         599 15 IK2AOO        599 15
QSO:  3500 CW 2005-11-26 2345 OK1TC         599 15 S50C          599 15
QSO:  3545 CW 2005-11-26 2346 OK1TC         599 15 OT5B          599 14
QSO:  3500 CW 2005-11-26 2347 OK1TC         599 15 LY6A          599 15
QSO:  3545 CW 2005-11-26 2348 OK1TC         599 15 SQ6Z          599 15
QSO:  3558 CW 2005-11-26 2350 OK1TC         599 15 DK5DQ         599 14
QSO:  3561 CW 2005-11-26 2352 OK1TC         599 15 DL7ON         599 14
QSO:  3567 CW 2005-11-26 2352 OK1TC         599 15 UA9MA         599 17
QSO:  3525 CW 2005-11-26 2353 OK1TC         599 15 IQ1SM         599 15
QSO:  7053 CW 2005-11-26  825 OK1TC         599 15 S54A          599 15
QSO:  3500 CW 2005-11-27 0007 OK1TC         599 15 LY3VM         599 15
QSO:  3500 CW 2005-11-27 0014 OK1TC         599 15 IR4M          599 15
QSO:  3500 CW 2005-11-27 0019 OK1TC         599 15 ER5AG         599 16
QSO:  1813 CW 2005-11-27 0032 OK1TC         599 15 GM0GAV        599 14
QSO:  1814 CW 2005-11-27 0033 OK1TC         599 15 DL0CS         599 14
QSO:  1800 CW 2005-11-27 0037 OK1TC         599 15 C4M           599 20
QSO:  1800 CW 2005-11-27 0047 OK1TC         599 15 LA3ZA         599 14
QSO:  1800 CW 2005-11-27 0048 OK1TC         599 15 PA2W          599 14
QSO:  1830 CW 2005-11-27 0049 OK1TC         599 15 DK8EY         599 14
QSO:  1800 CW 2005-11-27 0051 OK1TC         599 15 ES5TV         599 15
QSO:  1831 CW 2005-11-27 0103 OK1TC         599 15 G5W           599 14
QSO:  1831 CW 2005-11-27 0103 OK1TC         599 15 SQ6Z          599 15
QSO:  1843 CW 2005-11-27 0105 OK1TC         599 15 RU1A          599 16
QSO:  1800 CW 2005-11-27 0108 OK1TC         599 15 LY7Z          599 15
QSO:  1800 CW 2005-11-27 0113 OK1TC         599 15 OJ0J          599 15
QSO:  3508 CW 2005-11-27 0121 OK1TC         599 15 S53XX         599 15
QSO:  3500 CW 2005-11-27 0124 OK1TC         599 15 3V5A          599 33
QSO:  3517 CW 2005-11-27 0128 OK1TC         599 15 WE3C          599 5
QSO:  3500 CW 2005-11-27 0129 OK1TC         599 15 UA3R          599 16
QSO:  3524 CW 2005-11-27 0132 OK1TC         599 15 DL0CS         599 14
QSO:  3525 CW 2005-11-27 0135 OK1TC         599 15 UA1OMS        599 16
QSO:  3500 CW 2005-11-27 0139 OK1TC         599 15 RD4WA         599 16
QSO:  3525 CW 2005-11-27 0139 OK1TC         599 15 YR2I          599 20
QSO:  3557 CW 2005-11-27 0143 OK1TC         599 15 W2RE          599 5
QSO:  3558 CW 2005-11-27 0146 OK1TC         599 15 OM3KWZ        599 15
QSO:  3500 CW 2005-11-27 0147 OK1TC         599 15 DL5YM         599 14
QSO:  3577 CW 2005-11-27 0150 OK1TC         599 15 ON4CCP        599 14
QSO:  3500 CW 2005-11-27 0151 OK1TC         599 15 DL1ET         599 14
QSO:  3521 CW 2005-11-27 0155 OK1TC         599 15 DA0I          599 14
QSO:  3520 CW 2005-11-27 0156 OK1TC         599 15 DL5ARM        599 14
QSO:  7000 CW 2005-11-27 0205 OK1TC         599 15 LX7I          599 14
QSO:  7025 CW 2005-11-27 0206 OK1TC         599 15 EA7WA         599 14
QSO:  7027 CW 2005-11-27 0208 OK1TC         599 15 K1PT          599 5
QSO:  7030 CW 2005-11-27 0208 OK1TC         599 15 EY8MM         599 17
QSO:  7023 CW 2005-11-27 0209 OK1TC         599 15 2 9A7A          599 15
QSO:  7049 CW 2005-11-27 0215 OK1TC         599 15 UW8M          599 16
QSO:  7046 CW 2005-11-27 0222 OK1TC         599 15 CT6A          599 14
QSO:  7054 CW 2005-11-27 0225 OK1TC         599 15 HC8N          599 10
QSO:  7053 CW 2005-11-27 0228 OK1TC         599 15 ZF1A          599 08
QSO:  7025 CW 2005-11-27 0234 OK1TC         599 15 HI3/SP9XCN    599 8
QSO:  3500 CW 2005-11-27 0420 OK1TC         599 15 UA3WU         599 16
QSO: 14000 CW 2005-11-27 0716 OK1TC         599 15 EA2AZ         599 14
QSO: 14025 CW 2005-11-27 0718 OK1TC         599 15 SV1ENG        599 20
QSO: 14006 CW 2005-11-27 0719 OK1TC         599 15 A61Q          599 2A
QSO: 14004 CW 2005-11-27 0720 OK1TC         599 15 JH3AIU        599 25
QSO: 14014 CW 2005-11-27 0728 OK1TC         599 15 DK3GI         599 14
QSO: 14029 CW 2005-11-27 0732 OK1TC         599 15 JA3YBK        599 25
QSO: 14038 CW 2005-11-27 0734 OK1TC         599 15 HC8N          599 10
QSO: 14046 CW 2005-11-27 0738 OK1TC         599 15 JA5BJC        599 25
QSO: 14000 CW 2005-11-27 0740 OK1TC         599 15 J43F          599 20
QSO: 14000 CW 2005-11-27 0741 OK1TC         599 15 R3R           599 16
QSO: 14000 CW 2005-11-27 0742 OK1TC         599 15 RT3T          599 16
QSO: 14056 CW 2005-11-27 0743 OK1TC         599 15 RW2F          599 15
QSO: 14064 CW 2005-11-27 0746 OK1TC         599 15 OH6DX         599 15
QSO: 14000 CW 2005-11-27 0749 OK1TC         599 15 RA3FD         599 16
QSO: 14000 CW 2005-11-27 0752 OK1TC         599 15 RA9SG         599 17
QSO: 14000 CW 2005-11-27 0753 OK1TC         599 15 EW8OF         599 16
QSO: 14000 CW 2005-11-27 0753 OK1TC         599 15 UK/JI2MED     599 17
QSO: 14000 CW 2005-11-27 0756 OK1TC         599 15 4K7Z          599 21
QSO: 14000 CW 2005-11-27 0757 OK1TC         599 15 RK4WWA        599 16
QSO: 14078 CW 2005-11-27 0759 OK1TC         599 15 UA1ANA        599 16
QSO: 14000 CW 2005-11-27 0800 OK1TC         599 15 EA1FAQ        599 14
QSO: 14076 CW 2005-11-27 0801 OK1TC         599 15 OH6AH         599 15
QSO: 14074 CW 2005-11-27 0802 OK1TC         599 15 DP4T          599 14
QSO: 14000 CW 2005-11-27 0803 OK1TC         599 15 YO6BHN        599 20
QSO: 14000 CW 2005-11-27 0806 OK1TC         599 15 RV9JE         599 17
QSO: 14061 CW 2005-11-27 0807 OK1TC         599 15 OH5B          599 15
QSO: 14064 CW 2005-11-27 0807 OK1TC         599 15 ER4DX         599 16
QSO: 14000 CW 2005-11-27 0808 OK1TC         599 15 DK5QN         599 14
QSO: 14000 CW 2005-11-27 0811 OK1TC         599 15 UA0CA         599 19
QSO: 14000 CW 2005-11-27 0814 OK1TC         599 15 R1MVC         599 16
QSO: 14052 CW 2005-11-27 0815 OK1TC         599 15 DQ4W          599 14
QSO: 14000 CW 2005-11-27 0816 OK1TC         599 15 OH1EB         599 15
QSO: 14052 CW 2005-11-27 0816 OK1TC         599 15 RK9AWN        599 17
QSO: 14046 CW 2005-11-27 0820 OK1TC         599 15 SZ1A          599 20
QSO: 14000 CW 2005-11-27 0821 OK1TC         599 15 RL3A          599 16
QSO: 14035 CW 2005-11-27 0826 OK1TC         599 15 SQ6Z          599 15
QSO: 14000 CW 2005-11-27 0828 OK1TC         599 15 UA9AFZ        599 17
QSO: 14024 CW 2005-11-27 0830 OK1TC         599 15 G6PZ          599 14
QSO: 14000 CW 2005-11-27 0833 OK1TC         599 15 RW9CW         599 17
QSO: 14019 CW 2005-11-27 0833 OK1TC         599 15 5 OM8A          599 15
QSO: 14000 CW 2005-11-27 0837 OK1TC         599 15 UP5G          599 17
QSO: 14000 CW 2005-11-27 0838 OK1TC         599 15 RW3GU/3       599 16
QSO: 14000 CW 2005-11-27 0842 OK1TC         599 15 UT4EK         599 16
QSO: 21006 CW 2005-11-27 0915 OK1TC         599 15 EA8EW         599 33
QSO: 21012 CW 2005-11-27 0922 OK1TC         599 15 RO4M          599 16
QSO: 21000 CW 2005-11-27 0924 OK1TC         599 15 UA3BS         599 16
QSO: 21017 CW 2005-11-27 0929 OK1TC         599 15 H2E           599 20
QSO: 21022 CW 2005-11-27 0929 OK1TC         599 15 OM7M          599 15
QSO: 21025 CW 2005-11-27 0932 OK1TC         599 15 OE4A          599 15
QSO: 21000 CW 2005-11-27 0933 OK1TC         599 15 RK9CXM        599 17
QSO: 21030 CW 2005-11-27 0935 OK1TC         599 15 RX9TX         599 17
QSO: 21000 CW 2005-11-27 0939 OK1TC         599 15 ZS6KR         599 38
QSO: 21025 CW 2005-11-27 0942 OK1TC         599 15 5H3EE         599 37
QSO: 21025 CW 2005-11-27 0945 OK1TC         599 15 ZL1CT/MM      599 34
QSO: 21000 CW 2005-11-27 0952 OK1TC         599 15 LX7I          599 14
QSO: 21000 CW 2005-11-27 0955 OK1TC         599 15 3DA0NW        599 38
QSO: 21076 CW 2005-11-27 1010 OK1TC         599 15 UA4LU         599 16
QSO: 21000 CW 2005-11-27 1011 OK1TC         599 15 ZC4LI         599 20
QSO: 28028 CW 2005-11-27 1015 OK1TC         599 15 DQ0Q          599 14
QSO:  7025 CW 2005-11-27 1026 OK1TC         599 15 ES6DO         599 15
QSO:  7000 CW 2005-11-27 1033 OK1TC         599 15 US2IR         599 16
QSO:  7014 CW 2005-11-27 1033 OK1TC         599 15 PA4A          599 14
QSO:  7016 CW 2005-11-27 1038 OK1TC         599 15 T9/VE3ZIK     599 15
QSO:  7017 CW 2005-11-27 1038 OK1TC         599 15 2 ES1A          599 15
QSO:  7000 CW 2005-11-27 1039 OK1TC         599 15 DL5XAT        599 14
QSO:  7000 CW 2005-11-27 1039 OK1TC         599 15 LX/DK4ARL     599 14
QSO:  7000 CW 2005-11-27 1039 OK1TC         599 15 LZ9W          599 20
QSO:  7000 CW 2005-11-27 1042 OK1TC         599 15 HB9CEY        599 14
QSO:  7023 CW 2005-11-27 1042 OK1TC         599 15 YL3GCU        599 15
QSO:  7000 CW 2005-11-27 1046 OK1TC         599 15 F6DYX         599 14
QSO:  7023 CW 2005-11-27 1047 OK1TC         599 15 DK5WL         599 14
QSO:  7000 CW 2005-11-27 1051 OK1TC         599 15 LY2BW         599 15
QSO:  7025 CW 2005-11-27 1051 OK1TC         599 15 S57Z          599 15
QSO:  7027 CW 2005-11-27 1051 OK1TC         599 15 5 OM8A          599 15
QSO: 14000 CW 2005-11-27 1103 OK1TC         599 15 TF3CW         599 40
QSO: 14069 CW 2005-11-27 1119 OK1TC         599 15 CT9A          599 33
QSO: 14069 CW 2005-11-27 1119 OK1TC         599 15 EA7RM         599 14
QSO: 14025 CW 2005-11-27 1121 OK1TC         599 15 S57DX         599 15
QSO: 14000 CW 2005-11-27 1123 OK1TC         599 15 DL5DXS        599 14
QSO: 14000 CW 2005-11-27 1125 OK1TC         599 15 OH6GAW        599 15
QSO: 14020 CW 2005-11-27 1126 OK1TC         599 15 RK6YZZ        599 16
QSO: 14022 CW 2005-11-27 1127 OK1TC         599 15 OH6XX         599 15
QSO: 14025 CW 2005-11-27 1130 OK1TC         599 15 GW3JXN        599 14
QSO: 14000 CW 2005-11-27 1131 OK1TC         599 15 YZ9A          599 15
QSO: 14026 CW 2005-11-27 1131 OK1TC         599 15 UA3QDX        599 16
QSO: 14027 CW 2005-11-27 1132 OK1TC         599 15 OT5G          599 14
QSO: 14000 CW 2005-11-27 1134 OK1TC         599 15 CO8LY         599 08
QSO: 21057 CW 2005-11-27 1324 OK1TC         599 15 P40A          599 9
QSO: 21000 CW 2005-11-27 1334 OK1TC         599 15 J88DR         599 1863
QSO: 21067 CW 2005-11-27 1335 OK1TC         599 15 V26K          599 08
QSO: 21005 CW 2005-11-27 1341 OK1TC         599 15 PZ5C          599 9
QSO: 21000 CW 2005-11-27 1358 OK1TC         599 15 XQ4ZW         599 12
QSO: 21090 CW 2005-11-27 1402 OK1TC         599 15 N1PGA         599 5
QSO: 21000 CW 2005-11-27 1403 OK1TC         599 15 AY8A          599 13
QSO: 21077 CW 2005-11-27 1408 OK1TC         599 15 K3PH          599 5
QSO: 21000 CW 2005-11-27 1410 OK1TC         599 15 ZY7C          599 11
QSO: 21025 CW 2005-11-27 1412 OK1TC         599 15 WA1S          599 5
QSO: 21025 CW 2005-11-27 1413 OK1TC         599 15 K3ZM          599 05
QSO: 21066 CW 2005-11-27 1413 OK1TC         599 15 EA8ZS         599 33
QSO: 21070 CW 2005-11-27 1415 OK1TC         599 15 K2PS          599 05
QSO: 21074 CW 2005-11-27 1417 OK1TC         599 15 2 VP5W          599 8
QSO: 21075 CW 2005-11-27 1418 OK1TC         599 15 VE1JF         599 5
QSO: 21000 CW 2005-11-27 1419 OK1TC         599 15 CE3BFZ        599 12
QSO: 21000 CW 2005-11-27 1422 OK1TC         599 15 AA4V          599 05
QSO: 21093 CW 2005-11-27 1423 OK1TC         599 15 VP9I          599 05
QSO: 21000 CW 2005-11-27 1433 OK1TC         599 15 XE1MM         599 6
QSO: 21098 CW 2005-11-27 1433 OK1TC         599 15 N4WW          599 05
QSO: 21004 CW 2005-11-27 1436 OK1TC         599 15 K8AC          599 5
QSO: 21001 CW 2005-11-27 1438 OK1TC         599 15 KC1XX         599 5
QSO: 21055 CW 2005-11-27 1439 OK1TC         599 15 K1AR          599 5
QSO: 21006 CW 2005-11-27 1441 OK1TC         599 15 KQ2M          599 5
QSO: 21005 CW 2005-11-27 1442 OK1TC         599 15 KP2TM         599 8
QSO: 21007 CW 2005-11-27 1444 OK1TC         599 15 K4SV          599 5
QSO: 21012 CW 2005-11-27 1447 OK1TC         599 15 ZD8A          599 36
QSO: 21017 CW 2005-11-27 1453 OK1TC         599 15 W3LPL         599 5
QSO: 21021 CW 2005-11-27 1454 OK1TC         599 15 W2UP          599 5
QSO: 21022 CW 2005-11-27 1455 OK1TC         599 15 K5ZD          599 05
QSO: 21022 CW 2005-11-27 1456 OK1TC         599 15 K3CR          599 5
QSO: 21024 CW 2005-11-27 1458 OK1TC         599 15 N2LT          599 5
QSO: 21015 CW 2005-11-27 1501 OK1TC         599 15 W3BGN         599 05
QSO: 21025 CW 2005-11-27 1501 OK1TC         599 15 N2YO          599 5
QSO: 21025 CW 2005-11-27 1502 OK1TC         599 15 K2TW          599 05
QSO: 21027 CW 2005-11-27 1502 OK1TC         599 15 HC8N          599 10
QSO: 21030 CW 2005-11-27 1503 OK1TC         599 15 LU4DX         599 13
QSO: 21030 CW 2005-11-27 1504 OK1TC         599 15 3 K1TTT         599 5
QSO: 21033 CW 2005-11-27 1505 OK1TC         599 15 K5MA          599 5
QSO: 21033 CW 2005-11-27 1506 OK1TC         599 15 NY4A          599 5
QSO: 21000 CW 2005-11-27 1509 OK1TC         599 15 N3UM          599 5
QSO: 21040 CW 2005-11-27 1509 OK1TC         599 15 2 W3PP          599 5
QSO: 21041 CW 2005-11-27 1510 OK1TC         599 15 OK1FFU        599 15
QSO: 21041 CW 2005-11-27 1511 OK1TC         599 15 CU2A          599 14
QSO: 21043 CW 2005-11-27 1511 OK1TC         599 15 K2PS          599 05
QSO: 21045 CW 2005-11-27 1513 OK1TC         599 15 K4TD          599 4
QSO: 21000 CW 2005-11-27 1516 OK1TC         599 15 K3ZZ          599 5
QSO: 21054 CW 2005-11-27 1520 OK1TC         599 15 K2LE          599 5
QSO: 21059 CW 2005-11-27 1520 OK1TC         599 15 K1IR          599 5
QSO: 21059 CW 2005-11-27 1521 OK1TC         599 15 W4MYA         599 5
QSO: 21000 CW 2005-11-27 1522 OK1TC         599 15 PS2T          599 11
QSO: 21063 CW 2005-11-27 1524 OK1TC         599 15 DQ4W          599 14
QSO: 21066 CW 2005-11-27 1525 OK1TC         599 15 KB1H          599 5
QSO: 21070 CW 2005-11-27 1526 OK1TC         599 15 WP2Z          599 8
QSO: 21098 CW 2005-11-27 1530 OK1TC         599 15 W1WEF         599 5
QSO: 21000 CW 2005-11-27 1532 OK1TC         599 15 NP3CW         599 08
QSO: 21000 CW 2005-11-27 1539 OK1TC         599 15 PY8MGB        599 11
QSO: 21081 CW 2005-11-27 1541 OK1TC         599 15 VP2E          599 8
QSO: 21068 CW 2005-11-27 1543 OK1TC         599 15 N3AM          599 5
QSO: 14004 CW 2005-11-27 1603 OK1TC         599 15 W2RE          599 5
QSO: 14000 CW 2005-11-27 1604 OK1TC         599 15 HG6N          599 15
QSO: 14005 CW 2005-11-27 1604 OK1TC         599 15 3 W3PP          599 5
QSO: 14008 CW 2005-11-27 1606 OK1TC         599 15 KT1V          599 5
QSO: 14010 CW 2005-11-27 1609 OK1TC         599 15 K4IE          599 4
QSO: 14010 CW 2005-11-27 1610 OK1TC         599 15 W1CSM         599 05
QSO: 14002 CW 2005-11-27 1612 OK1TC         599 15 N2MM          599 5
QSO: 14011 CW 2005-11-27 1612 OK1TC         599 15 W2FU          599 5
QSO: 14026 CW 2005-11-27 1621 OK1TC         599 15 K1PT          599 5
QSO: 14000 CW 2005-11-27 1622 OK1TC         599 15 3V5A          599 33
QSO: 14000 CW 2005-11-27 1622 OK1TC         599 15 S59ABC        599 15
QSO: 14030 CW 2005-11-27 1622 OK1TC         599 15 EA8EW         599 33
QSO: 14124 CW 2005-11-27 1623 OK1TC         599 15 S52ZW         599 15
QSO: 14037 CW 2005-11-27 1624 OK1TC         599 15 DJ5MW         599 14
QSO:  1816 CW 2005-11-27 1634 OK1TC         599 15 OE2S          599 15
QSO:  1834 CW 2005-11-27 1643 OK1TC         599 15 SK3GW         599 14
QSO:  1800 CW 2005-11-27 1645 OK1TC         599 15 DL4WA         599 14
QSO:  1800 CW 2005-11-27 1645 OK1TC         599 15 RU3DX         599 16
QSO:  1800 CW 2005-11-27 1646 OK1TC         599 15 OM7CA         599 15
QSO:  1842 CW 2005-11-27 1650 OK1TC         599 15 OH4MFA        599 15
QSO:  1838 CW 2005-11-27 1652 OK1TC         599 14 OM3TLE        599 15
QSO:  1800 CW 2005-11-27 1654 OK1TC         599 15 DJ3RA         599 14
QSO:  1800 CW 2005-11-27 1655 OK1TC         599 15 RK3DK         599 16
QSO:  1825 CW 2005-11-27 1705 OK1TC         599 15 SN6F          599 15
QSO:  1800 CW 2005-11-27 1710 OK1TC         599 15 UA9YAB        599 18
QSO:  1847 CW 2005-11-27 1711 OK1TC         599 15 DK1KC         599 14
QSO:  1800 CW 2005-11-27 1713 OK1TC         599 15 DL8DWW        599 14
QSO:  1830 CW 2005-11-27 1716 OK1TC         599 15 HA1YI         599 15
QSO:  1826 CW 2005-11-27 1719 OK1TC         599 15 SM5CLE        599 14
QSO:  1825 CW 2005-11-27 1720 OK1TC         599 15 PA3GCV        599 14
QSO:  7000 CW 2005-11-27 1727 OK1TC         599 15 S58M          599 15
QSO:  7000 CW 2005-11-27 1729 OK1TC         599 15 UT0AZA        599 16
QSO:  7000 CW 2005-11-27 1731 OK1TC         599 15 IS0HQJ        599 15
QSO:  7025 CW 2005-11-27 1732 OK1TC         599 15 EA8PP         599 33
QSO:  7016 CW 2005-11-27 1737 OK1TC         599 15 EA6NB         599 14
QSO:  7000 CW 2005-11-27 1739 OK1TC         599 15 RF3A          599 16
QSO:  7030 CW 2005-11-27 1743 OK1TC         599 15 EI7M          599 14
QSO:  7031 CW 2005-11-27 1744 OK1TC         599 15 VO1AU         599 5
QSO:  7029 CW 2005-11-27 1800 OK1TC         599 15 JA5BJC        599 25
QSO:  7000 CW 2005-11-27 1803 OK1TC         599 15 ES5RY         599 15
QSO:  7000 CW 2005-11-27 1804 OK1TC         599 15 RX4HZ         599 16
QSO:  7025 CW 2005-11-27 1806 OK1TC         599 15 SP5KEH        599 15
QSO:  7013 CW 2005-11-27 1819 OK1TC         599 15 OZ5E          599 14
QSO:  3552 CW 2005-11-27 1823 OK1TC         599 15 UT7L          599 16
QSO:  3500 CW 2005-11-27 1826 OK1TC         599 15 4N7N          599 15
QSO:  3500 CW 2005-11-27 1835 OK1TC         599 15 UA0ABB        599 18
QSO:  3500 CW 2005-11-27 1842 OK1TC         599 15 UT0AZA        599 16
QSO:  3500 CW 2005-11-27 1847 OK1TC         599 15 LZ5T          599 20
QSO:  3500 CW 2005-11-27 1857 OK1TC         599 15 F6FJE         599 14
QSO:  3500 CW 2005-11-27 1935 OK1TC         599 15 IT9ORA        599 15
QSO:  3537 CW 2005-11-27 1935 OK1TC         599 15 EA1WX         599 14
QSO:  3500 CW 2005-11-27 1939 OK1TC         599 15 LX1NO         599 14
QSO:  3500 CW 2005-11-27 1941 OK1TC         599 15 OZ7BQ         599 14
QSO:  3500 CW 2005-11-27 1942 OK1TC         599 15 OM3BA         599 15
QSO:  3500 CW 2005-11-27 1946 OK1TC         599 15 OH2BAH        599 15
QSO:  3500 CW 2005-11-27 1946 OK1TC         599 15 SP9GFI        599 15
QSO:  3500 CW 2005-11-27 1947 OK1TC         599 15 DF3KV         599 14
QSO:  3500 CW 2005-11-27 1947 OK1TC         599 15 EW8CY         599 16
QSO:  3500 CW 2005-11-27 1949 OK1TC         599 15 YU1EQ         599 15
QSO:  3525 CW 2005-11-27 1949 OK1TC         599 15 LX1JH         599 14
QSO:  3510 CW 2005-11-27 1953 OK1TC         599 15 UX4E          599 16
QSO:  3537 CW 2005-11-27 1956 OK1TC         599 15 9A5K          599 15
QSO:  3500 PH 2005-11-27 1957 OK1TC         599 15 SP4JCQ        599 15
QSO:  3547 CW 2005-11-27 1958 OK1TC         599 15 PA3AAV        599 14
QSO:  3500 CW 2005-11-27 2001 OK1TC         599 15 RT3T          599 16
QSO:  3551 CW 2005-11-27 2002 OK1TC         599 15 PA1T          599 14
QSO:  3500 CW 2005-11-27 2007 OK1TC         599 15 UR5IHQ        599 16
QSO:  3500 CW 2005-11-27 2012 OK1TC         599 15 OK1FHI        599 15
QSO:  3510 CW 2005-11-27 2019 OK1TC         599 15 UR5WCQ        599 16
QSO:  3500 CW 2005-11-27 2021 OK1TC         599 15 DD5M          599 14
QSO:  3500 CW 2005-11-27 2022 OK1TC         599 15 UT2UB         599 16
QSO:  3525 CW 2005-11-27 2025 OK1TC         599 15 SP9KJT        599 15
QSO:  3500 CW 2005-11-27 2027 OK1TC         599 15 UA1CEC        599 16
QSO:  3572 CW 2005-11-27 2032 OK1TC         599 15 YL3GDQ        599 15
QSO:  3500 CW 2005-11-27 2050 OK1TC         599 15 OH2BH         599 15
QSO:  3525 CW 2005-11-27 2056 OK1TC         599 15 G3TXF         599 14
QSO:  3525 CW 2005-11-27 2057 OK1TC         599 15 LZ1ABC        599 20
QSO:  3556 CW 2005-11-27 2058 OK1TC         599 15 OT5L          599 14
QSO:  3500 CW 2005-11-27 2104 OK1TC         599 15 RA3XA         599 16
QSO:  3520 CW 2005-11-27 2110 OK1TC         599 15 5B/AJ2O       599 20
QSO:  3548 CW 2005-11-27 2113 OK1TC         599 15 K1RX          599 5
QSO:  3500 CW 2005-11-27 2114 OK1TC         599 15 OM6KW         599 15
QSO:  3500 CW 2005-11-27 2124 OK1TC         599 15 EA3CEC        599 14
QSO:  3500 CW 2005-11-27 2126 OK1TC         599 15 RW4WM         599 16
QSO:  3500 CW 2005-11-27 2127 OK1TC         599 15 UW8SM         599 16
QSO:  1816 CW 2005-11-27 2209 OK1TC         599 15 VY2ZM         599 05
QSO:  1828 CW 2005-11-27 2218 OK1TC         599 15 DF5ZV         599 14
QSO:  1800 CW 2005-11-27 2220 OK1TC         599 15 EU1PA         599 16
QSO:  1818 CW 2005-11-27 2223 OK1TC         599 15 SP9CV         599 15
QSO:  1828 CW 2005-11-27 2230 OK1TC         599 15 YO3APJ        599 20
QSO:  7004 CW 2005-11-27 2233 OK1TC         599 15 N4TB          599 5
QSO:  7005 CW 2005-11-27 2236 OK1TC         599 15 KP2TM         599 8
QSO:  7025 CW 2005-11-27 2238 OK1TC         599 15 HA8A          599 15
QSO:  7033 CW 2005-11-27 2246 OK1TC         599 15 V26K          599 08
QSO:  7017 CW 2005-11-27 2247 OK1TC         599 15 N2LT          599 5
QSO:  7022 CW 2005-11-27 2250 OK1TC         599 15 W1WEF         599 5
QSO:  7025 CW 2005-11-27 2259 OK1TC         599 15 S57DX         599 15
QSO:  7038 CW 2005-11-27 2300 OK1TC         599 15 K4SV          599 5
QSO:  7042 CW 2005-11-27 2302 OK1TC         599 15 WE3C          599 5
QSO:  7000 CW 2005-11-27 2303 OK1TC         599 15 EA4DRV        599 14
QSO:  7046 CW 2005-11-27 2304 OK1TC         599 15 ON9CTZ        599 14
QSO:  7059 CW 2005-11-27 2310 OK1TC         599 15 EA6IB         599 14
QSO:  7062 CW 2005-11-27 2311 OK1TC         599 15 OE2S          599 15
QSO:  7068 CW 2005-11-27 2317 OK1TC         599 15 K1PT          599 5
QSO:  7025 CW 2005-11-27 2318 OK1TC         599 15 DL1GGT        599 14
QSO:  7072 CW 2005-11-27 2320 OK1TC         599 15 N3RS          599 05
QSO:  7025 CW 2005-11-27 2324 OK1TC         599 15 II1H          599 15
QSO:  7088 CW 2005-11-27 2325 OK1TC         599 15 EA4KD         599 14
QSO: 14000 CW 2006-11-26 0837 OK1TC         599 15 RV6YZ/6       599 16
END-OF-LOG:
