START-OF-LOG: 3.0
CREATED-BY: reconstructed-log-builder
CONTEST: CQ-WW-CW
CALLSIGN: WA2C
LOCATION: 
CATEGORY: CHECKLOG
CATEGORY-OPERATOR: SINGLE-OP
CATEGORY-BAND: ALL
CATEGORY-MODE: MIXED
CATEGORY-POWER: UNKNOWN
CATEGORY-ASSISTED: NON-ASSISTED
CATEGORY-TRANSMITTER: ONE
CATEGORY-STATION: UNKNOWN
CATEGORY-OVERLAY: 
OPERATORS: WA2C
CLAIMED-SCORE: 
CLUB: 
NAME: 
SOAPBOX: RECONSTRUCTED MOCKUP LOG - NOT AN OFFICIAL SUBMISSION.
SOAPBOX: Derived from submitted logs for CQ-WW-CW CQWW/cw/2005.
QSO:  3500 CW 2005-11-26 0010 WA2C          599 5 EA2AZ         599 14
QSO:  3500 CW 2005-11-26 0012 WA2C          599 05 DL5YM         599 14
QSO:  3546 CW 2005-11-26 0013 WA2C          599 5 OM0M          599 15
QSO:  3508 CW 2005-11-26 0014 WA2C          599 5 CU3AA         599 14
QSO:  3543 CW 2005-11-26 0015 WA2C          599 05 6Y3R          599 8
QSO:  3536 CW 2005-11-26 0021 WA2C          599 05 IS0N          599 15
QSO:  3500 CW 2005-11-26 0024 WA2C          599 5 S50C          599 15
QSO:  3525 CW 2005-11-26 0027 WA2C          599 5 VA3NR         599 4
QSO:  3530 CW 2005-11-26 0028 WA2C          599 05 OT5L          599 14
QSO:  3500 CW 2005-11-26 0030 WA2C          599 05 OK4RQ         599 15
QSO:  3508 CW 2005-11-26 0034 WA2C          599 5 CN2R          599 33
QSO:  3566 CW 2005-11-26 0110 WA2C          599 05 S52ZW         599 15
QSO:  3500 CW 2005-11-26 0113 WA2C          599 05 4N7N          599 15
QSO:  3500 CW 2005-11-26 0115 WA2C          599 5 SN5M          599 15
QSO:  3559 CW 2005-11-26 0116 WA2C          599 5 VY2TT         599 5
QSO:  3555 CW 2005-11-26 0119 WA2C          599 05 S52X          599 15
QSO:  3550 CW 2005-11-26 0121 WA2C          599 5 VE3JM         599 4
QSO:  3546 CW 2005-11-26 0122 WA2C          599 05 SK3W          599 14
QSO:  3549 CW 2005-11-26 0122 WA2C          599 05 HC8N          599 10
QSO:  3500 CW 2005-11-26 0124 WA2C          599 05 ZB2X          599 14
QSO:  3538 CW 2005-11-26 0129 WA2C          599 05 PI4D          599 14
QSO:  3510 CW 2005-11-26 0133 WA2C          599 05 4M5Y          599 TN
QSO:  3527 CW 2005-11-26 0300 WA2C          599 05 FP/K8DD       599 5
QSO:  3531 CW 2005-11-26 0301 WA2C          599 5 UT3UA         599 16
QSO:  3533 CW 2005-11-26 0304 WA2C          599 05 SN3A          599 15
QSO:  3534 CW 2005-11-26 0307 WA2C          599 05 G5W           599 14
QSO:  3500 CW 2005-11-26 0311 WA2C          599 05 VC3O          599 04
QSO:  3500 CW 2005-11-26 0312 WA2C          599 5 LX7I          599 14
QSO:  3546 CW 2005-11-26 0313 WA2C          599 05 OM5M          599 15
QSO:  3548 CW 2005-11-26 0314 WA2C          599 5 VE2TZT        599 5
QSO:  3549 CW 2005-11-26 0314 WA2C          599 5 VE3NE         599 04
QSO:  3552 CW 2005-11-26 0316 WA2C          599 5 MW5A          599 14
QSO:  3501 CW 2005-11-26 0319 WA2C          599 5 G0WKW         599 14
QSO:  3525 CW 2005-11-26 0320 WA2C          599 05 DL2F          599 14
QSO:  3500 CW 2005-11-26 0326 WA2C          599 05 HA80IARU      599 15
QSO:  3518 CW 2005-11-26 0329 WA2C          599 5 OE4A          599 15
QSO:  3525 CW 2005-11-26 0332 WA2C          599 05 OK5W          599 15
QSO:  3520 CW 2005-11-26 0333 WA2C          599 5 DQ0Q          599 14
QSO:  3500 CW 2005-11-26 0335 WA2C          599 05 P40L          599 9
QSO:  1830 CW 2005-11-26 0639 WA2C          599 04 F8BPN         599 14
QSO:  3525 CW 2005-11-26 0641 WA2C          599 05 PV8AZ         599 11
QSO:  3535 CW 2005-11-26 0922 WA2C          599 5 VP2E          599 8
QSO:  3532 CW 2005-11-26 0923 WA2C          599 5 8P5A          599 8
QSO:  3522 CW 2005-11-26 0925 WA2C          599 5 PJ2T          599 9
QSO:  3519 CW 2005-11-26 0926 WA2C          599 5 V31TM         599 7
QSO:  3517 CW 2005-11-26 0928 WA2C          599 05 J79CW         599 08
QSO:  3500 CW 2005-11-26 0931 WA2C          599 05 5J1W          599 9
QSO:  3504 CW 2005-11-26 0933 WA2C          599 5 XE1NW         599 6
QSO:  3500 CW 2005-11-26 0941 WA2C          599 05 CO8LY         599 08
QSO:  3514 CW 2005-11-26 0944 WA2C          599 05 VE1JF         599 5
QSO: 21070 CW 2005-11-26 1531 WA2C          599 05 CT3EN         599 33
QSO:  3525 CW 2005-11-26 2151 WA2C          599 05 S52W          599 15
QSO:  3500 CW 2005-11-26 2155 WA2C          599 05 HG6N          599 15
QSO:  3556 CW 2005-11-26 2159 WA2C          599 05 TM2Y          599 14
QSO:  3500 CW 2005-11-26 2205 WA2C          599 05 DL3YM         599 14
QSO:  3501 CW 2005-11-26 2209 WA2C          599 05 RU1A          599 16
QSO:  3524 CW 2005-11-26 2216 WA2C          599 05 VE1OP         599 5
QSO:  3525 CW 2005-11-26 2216 WA2C          599 05 S53F          599 15
QSO:  3529 CW 2005-11-26 2219 WA2C          599 05 GU4YOX        599 14
QSO:  3500 CW 2005-11-26 2221 WA2C          599 05 LZ9W          599 20
QSO:  3548 CW 2005-11-26 2224 WA2C          599 5 SP4MPB        599 15
QSO:  3500 CW 2005-11-26 2226 WA2C          599 5 IR4M          599 15
QSO:  3561 CW 2005-11-26 2227 WA2C          599 05 DL7ON         599 14
QSO:  3568 CW 2005-11-26 2228 WA2C          599 05 IU1A          599 15
QSO:  3583 CW 2005-11-26 2236 WA2C          599 05 EA6IB         599 14
QSO:  3500 CW 2005-11-26 2238 WA2C          599 05 SM7YEA        599 14
QSO:  3573 CW 2005-11-26 2315 WA2C          599 5 RW2F          599 15
QSO:  3500 CW 2005-11-26 2317 WA2C          599 05 LY7Z          599 15
QSO:  3570 CW 2005-11-26 2317 WA2C          599 5 LN8W          599 14
QSO:  3548 CW 2005-11-26 2328 WA2C          599 05 9A7A          599 15
QSO:  3545 CW 2005-11-26 2335 WA2C          599 05 SQ6Z          599 15
QSO:  3525 CW 2005-11-26 2340 WA2C          599 5 GD6IA         599 14
QSO:  3530 CW 2005-11-26 2340 WA2C          599 5 GM5A          599 14
QSO:  3522 CW 2005-11-26 2343 WA2C          599 05 VE9DX         599 5
QSO:  3525 CW 2005-11-26 2346 WA2C          599 05 YT2T          599 15
QSO:  3500 CW 2005-11-26 2357 WA2C          599 05 SK6QW         599 14
QSO:  3542 CW 2005-11-27 0221 WA2C          599 05 KP2TM         599 8
QSO:  3572 CW 2005-11-27 0225 WA2C          599 05 S53XX         599 15
QSO:  3563 CW 2005-11-27 0227 WA2C          599 05 VE3EY         599 4
QSO:  3558 CW 2005-11-27 0230 WA2C          599 5 YL0A          599 15
QSO:  3548 CW 2005-11-27 0232 WA2C          599 05 DP4T          599 14
QSO:  3541 CW 2005-11-27 0235 WA2C          599 5 G4IIY         599 14
QSO:  3500 CW 2005-11-27 0236 WA2C          599 05 F6KHM         599 14
QSO:  3535 CW 2005-11-27 0238 WA2C          599 5 EA8EW         599 33
QSO:  3500 CW 2005-11-27 0239 WA2C          599 05 YU1KR         599 15
QSO:  3500 CW 2005-11-27 0244 WA2C          599 5 OM4A          599 15
QSO:  3500 CW 2005-11-27 0246 WA2C          599 05 OJ0B          599 15
QSO:  3505 CW 2005-11-27 0254 WA2C          599 05 5B/AJ2O       599 20
QSO:  3525 CW 2005-11-27 0328 WA2C          599 05 IK3OBX        599 15
QSO:  3500 CW 2005-11-27 0335 WA2C          599 05 HB9CRV        599 14
QSO:  3568 CW 2005-11-27 0335 WA2C          599 5 OZ5E          599 14
QSO:  3561 CW 2005-11-27 0338 WA2C          599 5 UV5U          599 16
QSO:  3500 CW 2005-11-27 0339 WA2C          599 05 OK1EP         599 15
QSO:  3525 CW 2005-11-27 0341 WA2C          599 05 SN2K          599 15
QSO:  3500 CW 2005-11-27 0352 WA2C          599 05 ZS4TX         599 38
QSO: 21062 CW 2005-11-27 1808 WA2C          599 5 NP2L          599 08
QSO: 21064 CW 2005-11-27 1809 WA2C          599 5 PZ5C          599 9
QSO: 21029 CW 2005-11-27 1812 WA2C          599 05 CU2A          599 14
QSO: 21021 CW 2005-11-27 1813 WA2C          599 05 C6AUR         599 8
QSO: 21002 CW 2005-11-27 1816 WA2C          599 5 ZL6QH         599 32
END-OF-LOG:
