START-OF-LOG: 3.0
CREATED-BY: reconstructed-log-builder
CONTEST: EUHFC
CALLSIGN: EI7GSB
LOCATION: 
CATEGORY: CHECKLOG
CATEGORY-OPERATOR: SINGLE-OP
CATEGORY-BAND: ALL
CATEGORY-MODE: MIXED
CATEGORY-POWER: UNKNOWN
CATEGORY-ASSISTED: NON-ASSISTED
CATEGORY-TRANSMITTER: ONE
CATEGORY-STATION: UNKNOWN
CATEGORY-OVERLAY: 
OPERATORS: EI7GSB
CLAIMED-SCORE: 
CLUB: 
NAME: 
SOAPBOX: RECONSTRUCTED MOCKUP LOG - NOT AN OFFICIAL SUBMISSION.
SOAPBOX: Derived from submitted logs for EUHFC EUHFC/2019.
QSO: 14206 PH 2019-08-03 1345 EI7GSB        59 09 EW8CM         59 94
QSO: 14214 PH 2019-08-03 1347 EI7GSB        59 09 EA5SR         59 00
QSO: 14255 PH 2019-08-03 1350 EI7GSB        59 09 S51A          59 00
QSO: 14238 PH 2019-08-03 1352 EI7GSB        59 09 SN2B          59 94
QSO: 14280 PH 2019-08-03 1352 EI7GSB        59 09 S57AL         59 83
QSO: 14218 PH 2019-08-03 1354 EI7GSB        59 09 R3GM          59 79
QSO: 14175 PH 2019-08-03 1358 EI7GSB        59 09 RM4HZ         59 69
QSO: 14000 PH 2019-08-03 1447 EI7GSB        59 09 UY5ZZ         59 67
QSO: 14222 PH 2019-08-03 1448 EI7GSB        59 09 HA3NU         59 72
QSO: 14000 PH 2019-08-03 1449 EI7GSB        59 09 E70T          59 75
QSO: 14235 PH 2019-08-03 1451 EI7GSB        59 09 LZ5R          59 81
QSO: 14186 PH 2019-08-03 1649 EI7GSB        59 09 UA4FER        59 75
QSO: 14178 PH 2019-08-03 1651 EI7GSB        59 09 LY1R          59 72
QSO: 14268 PH 2019-08-03 1653 EI7GSB        59 09 CR6K          59 82
END-OF-LOG:
