START-OF-LOG: 3.0
CREATED-BY: reconstructed-log-builder
CONTEST: EUHFC
CALLSIGN: SP8ARY
LOCATION: 
CATEGORY: CHECKLOG
CATEGORY-OPERATOR: SINGLE-OP
CATEGORY-BAND: ALL
CATEGORY-MODE: MIXED
CATEGORY-POWER: UNKNOWN
CATEGORY-ASSISTED: NON-ASSISTED
CATEGORY-TRANSMITTER: ONE
CATEGORY-STATION: UNKNOWN
CATEGORY-OVERLAY: 
OPERATORS: SP8ARY
CLAIMED-SCORE: 
CLUB: 
NAME: 
SOAPBOX: RECONSTRUCTED MOCKUP LOG - NOT AN OFFICIAL SUBMISSION.
SOAPBOX: Derived from submitted logs for EUHFC EUHFC/2019.
QSO:  7000 CW 2019-08-03 2118 SP8ARY        599 62 EA2WX         599 97
QSO:  7030 CW 2019-08-03 2121 SP8ARY        599 62 OH1TM         599 88
QSO:  7030 CW 2019-08-03 2122 SP8ARY        599 62 RK2M          599 55
QSO:  7030 CW 2019-08-03 2122 SP8ARY        599 62 RU5TT         599 66
QSO:  7030 CW 2019-08-03 2123 SP8ARY        599 62 DR5X          599 80
QSO:  7030 CW 2019-08-03 2123 SP8ARY        599 62 PC3T          599 96
QSO:  7030 CW 2019-08-03 2124 SP8ARY        599 62 I2IFT         599 77
QSO:  7030 CW 2019-08-03 2125 SP8ARY        599 62 DF5BM         599 76
QSO:  7030 CW 2019-08-03 2125 SP8ARY        599 62 UC7A          599 83
QSO:  7030 CW 2019-08-03 2126 SP8ARY        599 62 DJ1YF         599 58
QSO:  7030 CW 2019-08-03 2126 SP8ARY        599 62 R2AA          599 83
QSO:  7030 CW 2019-08-03 2127 SP8ARY        599 62 R4ACY         599 81
QSO:  7030 CW 2019-08-03 2128 SP8ARY        599 62 S52D          599 73
QSO:  7030 CW 2019-08-03 2129 SP8ARY        599 62 PA3GRM        599 76
QSO:  7030 CW 2019-08-03 2130 SP8ARY        599 62 DL5JS         599 77
QSO:  7000 CW 2019-08-03 2131 SP8ARY        599 62 YL5W          599 68
QSO:  7030 CW 2019-08-03 2131 SP8ARY        599 62 LZ7M          599 94
QSO:  7020 CW 2019-08-03 2132 SP8ARY        599 62 9A2EY         599 66
QSO:  7000 CW 2019-08-03 2145 SP8ARY        599 62 EA5ITT        599 58
QSO:  7011 CW 2019-08-03 2148 SP8ARY        599 62 E7CW          599 07
QSO:  7035 CW 2019-08-03 2152 SP8ARY        599 62 OU2I          599 75
QSO:  7000 CW 2019-08-03 2154 SP8ARY        599 62 IK1JJM        599 87
QSO:  7000 CW 2019-08-03 2155 SP8ARY        599 62 R1TE          599 79
QSO:  7036 CW 2019-08-03 2155 SP8ARY        599 62 IK2SND        599 92
QSO:  7035 CW 2019-08-03 2157 SP8ARY        599 62 LZ1BP         599 74
QSO:  7031 CW 2019-08-03 2158 SP8ARY        599 62 IW3FVZ        599 89
QSO:  7033 CW 2019-08-03 2158 SP8ARY        599 62 LZ2NG         599 89
QSO:  7030 CW 2019-08-03 2159 SP8ARY        599 62 UF5D          599 13
QSO:  7028 CW 2019-08-03 2200 SP8ARY        599 62 HA8FK         599 87
QSO:  7022 CW 2019-08-03 2202 SP8ARY        599 62 YO4DW         599 83
QSO:  7024 CW 2019-08-03 2202 SP8ARY        599 62 RA5AQ         599 80
QSO:  7000 CW 2019-08-03 2203 SP8ARY        599 62 IZ8EFD        599 01
QSO:  7020 CW 2019-08-03 2204 SP8ARY        599 62 EA5FIV        599 00
QSO:  7020 CW 2019-08-03 2204 SP8ARY        599 62 YO3LW         599 96
QSO:  7020 CW 2019-08-03 2205 SP8ARY        599 62 LZ5EE         599 98
QSO:  7020 CW 2019-08-03 2206 SP8ARY        599 62 UT7NI         599 76
QSO:  7020 CW 2019-08-03 2207 SP8ARY        599 62 UT3V          599 79
QSO:  7020 CW 2019-08-03 2207 SP8ARY        599 62 YT5N          599 67
QSO:  7020 CW 2019-08-03 2208 SP8ARY        599 62 EA2OT         599 03
QSO:  7000 CW 2019-08-03 2209 SP8ARY        599 62 US5EFU        599 84
QSO:  7020 CW 2019-08-03 2210 SP8ARY        599 62 S52AU         599 70
QSO:  7020 CW 2019-08-03 2210 SP8ARY        599 62 SV1JFL        599 02
QSO:  7020 CW 2019-08-03 2211 SP8ARY        599 62 DJ2QV         599 87
QSO:  7020 CW 2019-08-03 2211 SP8ARY        599 62 DL6WT         599 67
QSO:  7020 CW 2019-08-03 2212 SP8ARY        599 62 IK2XDE        599 91
QSO:  7000 CW 2019-08-03 2215 SP8ARY        599 62 DK3CC         599 68
QSO:  7020 CW 2019-08-03 2215 SP8ARY        599 62 S57X          599 65
QSO:  7000 CW 2019-08-03 2216 SP8ARY        599 62 Z33B          599 73
QSO:  7020 CW 2019-08-03 2216 SP8ARY        599 62 EW8OM         599 69
QSO:  7020 CW 2019-08-03 2217 SP8ARY        599 62 EA1WH         599 96
QSO:  7020 CW 2019-08-03 2217 SP8ARY        599 62 UA6LCJ        599 62
QSO:  7020 CW 2019-08-03 2218 SP8ARY        599 62 ON6LR         599 01
QSO:  7020 CW 2019-08-03 2218 SP8ARY        599 62 PE2K          599 84
QSO:  7020 CW 2019-08-03 2219 SP8ARY        599 62 EA1XT         599 04
QSO:  7020 CW 2019-08-03 2219 SP8ARY        599 62 RM5F          599 97
QSO:  7020 CW 2019-08-03 2220 SP8ARY        599 62 UA6GO/MM      599 65
QSO:  7020 CW 2019-08-03 2221 SP8ARY        599 62 DL4XU         599 89
QSO:  7020 CW 2019-08-03 2221 SP8ARY        599 62 UA2K          599 82
QSO:  7020 CW 2019-08-03 2222 SP8ARY        599 62 IQ2CJ         599 87
QSO:  7020 CW 2019-08-03 2222 SP8ARY        599 62 PA0MBD        599 74
QSO:  7020 CW 2019-08-03 2223 SP8ARY        599 62 OZ0B          599 82
QSO:  7020 CW 2019-08-03 2223 SP8ARY        599 62 RN3S          599 86
QSO:  7020 CW 2019-08-03 2223 SP8ARY        599 62 S56A          599 62
QSO:  7020 CW 2019-08-03 2225 SP8ARY        599 62 YT2AAA        599 07
QSO:  7020 CW 2019-08-03 2226 SP8ARY        599 62 DL6GCE        599 87
QSO:  7021 CW 2019-08-03 2229 SP8ARY        599 62 UR3PA         599 81
QSO:  7020 CW 2019-08-03 2230 SP8ARY        599 62 R3VL          599 87
QSO:  7020 CW 2019-08-03 2230 SP8ARY        599 62 UA6LCN        599 73
QSO:  7020 CW 2019-08-03 2232 SP8ARY        599 62 SP9JZT        599 77
QSO:  7020 CW 2019-08-03 2233 SP8ARY        599 62 OQ5M          599 99
QSO:  7020 CW 2019-08-03 2233 SP8ARY        599 62 RA3NC         599 73
QSO:  7020 CW 2019-08-03 2234 SP8ARY        599 62 EU8U          599 79
QSO:  7020 CW 2019-08-03 2234 SP8ARY        599 62 G3T           599 66
QSO:  7000 CW 2019-08-03 2235 SP8ARY        599 62 9A4KJ         599 83
QSO:  7020 CW 2019-08-03 2235 SP8ARY        599 62 UA4CNJ        599 82
QSO:  7020 CW 2019-08-03 2236 SP8ARY        599 62 DK5WO         599 72
QSO:  7020 CW 2019-08-03 2236 SP8ARY        599 62 R7MM          599 68
QSO:  7020 CW 2019-08-03 2237 SP8ARY        599 62 UT4LW         599 98
QSO:  7020 CW 2019-08-03 2238 SP8ARY        599 62 RT3N          599 86
QSO:  7020 CW 2019-08-03 2240 SP8ARY        599 62 R3QA          599 82
QSO:  7020 CW 2019-08-03 2241 SP8ARY        599 62 S53X          599 79
QSO:  7020 CW 2019-08-03 2242 SP8ARY        599 62 SE5E          599 76
QSO:  7000 CW 2019-08-03 2243 SP8ARY        599 62 DL1NKS        599 99
QSO:  7020 CW 2019-08-03 2243 SP8ARY        599 62 LZ1HW         599 65
QSO:  7020 CW 2019-08-03 2243 SP8ARY        599 62 PA3ADU        599 77
QSO:  7020 CW 2019-08-03 2244 SP8ARY        599 62 EA5IHK        599 13
QSO:  7019 CW 2019-08-03 2301 SP8ARY        599 62 DR7T          599 76
QSO:  7021 CW 2019-08-03 2301 SP8ARY        599 62 EV1R          599 87
QSO:  7016 CW 2019-08-03 2303 SP8ARY        599 62 RN4AO         599 73
QSO:  7010 CW 2019-08-03 2305 SP8ARY        599 62 LZ5B          599 15
QSO:  7006 CW 2019-08-03 2306 SP8ARY        599 62 CR5O          599 14
QSO:  7009 CW 2019-08-03 2306 SP8ARY        599 62 G3SVK         599 64
QSO:  7001 CW 2019-08-03 2308 SP8ARY        599 62 EA5UF         599 99
QSO:  7010 CW 2019-08-03 2308 SP8ARY        599 62 LA8OM         599 69
QSO:  7011 CW 2019-08-03 2310 SP8ARY        599 62 US6EX         599 77
QSO:  7013 CW 2019-08-03 2311 SP8ARY        599 62 YL7A          599 73
QSO:  7015 CW 2019-08-03 2313 SP8ARY        599 62 R3VR          599 80
QSO:  7021 CW 2019-08-03 2316 SP8ARY        599 62 YL1YF         599 95
QSO:  7040 CW 2019-08-03 2316 SP8ARY        599 62 UT1AM         599 73
QSO:  7021 CW 2019-08-03 2317 SP8ARY        599 62 UA4M          599 84
QSO:  7021 CW 2019-08-03 2318 SP8ARY        599 62 RT4H          599 84
QSO:  7021 CW 2019-08-03 2320 SP8ARY        599 62 RC1W          599 70
QSO:  7025 CW 2019-08-03 2322 SP8ARY        599 62 E74UK         599 83
QSO:  7000 CW 2019-08-03 2323 SP8ARY        599 62 PE1HWO        599 80
QSO:  7020 CW 2019-08-03 2326 SP8ARY        599 62 RK3ER         599 69
QSO:  7020 CW 2019-08-03 2326 SP8ARY        599 62 UZ2I          599 12
QSO:  7164 CW 2019-08-03 2330 SP8ARY        599 62 RU3TJ         599 88
QSO:  7021 CW 2019-08-03 2331 SP8ARY        599 62 DG1FN         599 87
QSO:  7020 CW 2019-08-03 2332 SP8ARY        599 62 EW8DX         599 65
QSO:  7021 CW 2019-08-03 2332 SP8ARY        599 62 SM5CSS        599 60
QSO:  7017 CW 2019-08-03 2335 SP8ARY        599 62 RV1AW         599 85
QSO:  7000 CW 2019-08-03 2338 SP8ARY        599 62 F5SGI/P       599 95
QSO:  7005 CW 2019-08-03 2340 SP8ARY        599 62 PB7Z          599 06
QSO:  7005 CW 2019-08-03 2340 SP8ARY        599 62 YL2LW         599 76
QSO:  7005 CW 2019-08-03 2342 SP8ARY        599 72 LY4BF         599 72
QSO:  7007 CW 2019-08-03 2344 SP8ARY        599 62 RT4P          599 98
QSO:  7010 CW 2019-08-03 2350 SP8ARY        599 62 RU3XY         599 81
QSO:  7012 CW 2019-08-03 2350 SP8ARY        599 62 UZ2I          599 12
QSO:  7014 CW 2019-08-03 2352 SP8ARY        599 62 UA6CC         599 81
QSO:  7021 CW 2019-08-03 2354 SP8ARY        599 62 UT0U          599 93
QSO:  7021 CW 2019-08-03 2355 SP8ARY        599 62 DL5JS         599 77
QSO:  7015 CW 2019-08-03 2358 SP8ARY        599 62 LZ3R          599 85
END-OF-LOG:
