START-OF-LOG: 3.0
CREATED-BY: reconstructed-log-builder
CONTEST: WAE CW
CALLSIGN: JR1CBC
LOCATION: 
CATEGORY: CHECKLOG
CATEGORY-OPERATOR: SINGLE-OP
CATEGORY-BAND: ALL
CATEGORY-MODE: MIXED
CATEGORY-POWER: UNKNOWN
CATEGORY-ASSISTED: NON-ASSISTED
CATEGORY-TRANSMITTER: ONE
CATEGORY-STATION: UNKNOWN
CATEGORY-OVERLAY: 
OPERATORS: JR1CBC
CLAIMED-SCORE: 
CLUB: 
NAME: 
SOAPBOX: RECONSTRUCTED MOCKUP LOG - NOT AN OFFICIAL SUBMISSION.
SOAPBOX: Derived from submitted logs for WAE CW WAE/CW/2024.
QSO: 21035 CW 2024-08-11 0826 JR1CBC        599 001 LX1NO         599 631
QSO: 21037 CW 2024-08-11 0828 JR1CBC        599 0002 3Z1K          599 0246
QSO: 21004 CW 2024-08-11 0830 JR1CBC        599 0003 SP8R          599 1373
QSO: 21016 CW 2024-08-11 0831 JR1CBC        599 004 DR5X          599 812
QSO: 21030 CW 2024-08-11 0836 JR1CBC        599 005 HA8JV         599 932
QSO: 21038 CW 2024-08-11 0838 JR1CBC        599 006 RU1A          599 1243
QSO: 21014 CW 2024-08-11 0845 JR1CBC        599 007 DA2X          599 1257
QSO: 21039 CW 2024-08-11 0848 JR1CBC        599 0008 OR2F          599 0690
QSO: 21019 CW 2024-08-11 0853 JR1CBC        599 009 MW4R          599 1009
QSO: 21001 CW 2024-08-11 0901 JR1CBC        599 010 DM5EE         599 654
QSO: 21004 CW 2024-08-11 0903 JR1CBC        599 011 DL2DX         599 0214
QSO: 21009 CW 2024-08-11 0904 JR1CBC        599 0012 DQ2C          599 1214
QSO: 21022 CW 2024-08-11 0908 JR1CBC        599 14 DJ0SP         599 223
QSO: 21023 CW 2024-08-11 0909 JR1CBC        599 0015 IO0A          599 0890
QSO: 21022 CW 2024-08-11 0916 JR1CBC        599 0017 YL1YF         599 0381
END-OF-LOG:
