START-OF-LOG: 3.0
CREATED-BY: reconstructed-log-builder
CONTEST: CQ-WPX-CW
CALLSIGN: JF1KML
LOCATION: 
CATEGORY: CHECKLOG
CATEGORY-OPERATOR: SINGLE-OP
CATEGORY-BAND: ALL
CATEGORY-MODE: MIXED
CATEGORY-POWER: UNKNOWN
CATEGORY-ASSISTED: NON-ASSISTED
CATEGORY-TRANSMITTER: ONE
CATEGORY-STATION: UNKNOWN
CATEGORY-OVERLAY: 
OPERATORS: JF1KML
CLAIMED-SCORE: 
CLUB: 
NAME: 
SOAPBOX: RECONSTRUCTED MOCKUP LOG - NOT AN OFFICIAL SUBMISSION.
SOAPBOX: Derived from submitted logs for CQ-WPX-CW CQWPX/cw/2011.
QSO: 14011 CW 2011-05-28 0210 JF1KML        599 002 JR5JAQ        599 163
QSO: 14045 CW 2011-05-28 0213 JF1KML        599 0003 JR6GIM        599 0079
QSO: 14051 CW 2011-05-28 0214 JF1KML        599 004 KX7M          599 0208
QSO: 14057 CW 2011-05-28 0216 JF1KML        599 0005 KW7Y          599 0190
QSO: 14000 CW 2011-05-28 0220 JF1KML        599 0006 JA6DIJ        599 0055
QSO: 14000 CW 2011-05-28 0220 JF1KML        599 7 UA0LSK        599 25
QSO: 28000 CW 2011-05-28 0222 JF1KML        599 008 JH1XUZ        599 018
QSO: 28013 CW 2011-05-28 0226 JF1KML        599 9 UN9GD         599 112
QSO: 28041 CW 2011-05-28 0229 JF1KML        599 0010 JA6LCJ        599 0130
QSO: 28008 CW 2011-05-28 0231 JF1KML        599 011 UP6P          599 0075
QSO: 28016 CW 2011-05-28 0232 JF1KML        599 0012 JH6WHN        599 0043
QSO: 14015 CW 2011-05-29 1117 JF1KML        599 0013 CW5W          599 2094
QSO: 14000 CW 2011-05-29 1118 JF1KML        599 0014 KL3/AB8CK     599 0424
QSO: 14000 CW 2011-05-29 1119 JF1KML        599 015 JR4GPA        599 321
QSO: 14002 CW 2011-05-29 1124 JF1KML        599 7 DV1/JO7KMB    599 218
QSO: 14003 CW 2011-05-29 1126 JF1KML        599 017 NR4M          599 1345
QSO: 14010 CW 2011-05-29 1129 JF1KML        599 0018 HK1X          599 1987
QSO: 14027 CW 2011-05-29 1131 JF1KML        599 0019 VK2IM         599 1518
QSO: 14000 CW 2011-05-29 1134 JF1KML        599 0020 HS0AC         599 0709
QSO: 14000 CW 2011-05-29 1134 JF1KML        599 22 JH4UYB        599 1590
QSO: 14025 CW 2011-05-29 1134 JF1KML        599 0021 E21YDP        599 0645
QSO:  7002 CW 2011-05-29 1139 JF1KML        599 0024 VC7M          599 0580
QSO:  7006 CW 2011-05-29 1143 JF1KML        599 025 RA0FU         599 0516
QSO:  7007 CW 2011-05-29 1145 JF1KML        599 0026 KW7Y          599 1385
QSO:  7011 CW 2011-05-29 1224 JF1KML        599 7 NK7U          599 2145
QSO:  7028 CW 2011-05-29 1227 JF1KML        599 0028 KY7M          599 0642
QSO:  7031 CW 2011-05-29 1229 JF1KML        599 029 KX7M          599 1999
QSO:  3502 CW 2011-05-29 1232 JF1KML        599 30 NF6A          599 1585
QSO:  3500 CW 2011-05-29 1235 JF1KML        599 31 RU0FM         599 311
QSO: 14000 CW 2011-05-29 1258 JF1KML        599 0033 YE1C          599 2165
QSO: 14033 CW 2011-05-29 1259 JF1KML        599 0043 OG73X         599 1731
QSO: 14019 CW 2011-05-29 1428 JF1KML        599 35 UP0L          599 2765
QSO: 14036 CW 2011-05-29 1435 JF1KML        599 36 UA0S          599 1883
QSO: 14036 CW 2011-05-29 2034 JF1KML        599 0038 YL3FT         599 1618
QSO: 14004 CW 2011-05-29 2039 JF1KML        599 039 VK4CT         599 1854
QSO: 14025 CW 2011-05-29 2041 JF1KML        599 040 OG5A          599 1135
QSO: 14037 CW 2011-05-29 2043 JF1KML        599 041 OM2VL         599 2833
QSO: 14023 CW 2011-05-29 2052 JF1KML        599 042 RU1A          599 4430
QSO: 14008 CW 2011-05-29 2055 JF1KML        599 043 DM1A          599 2434
QSO: 14045 CW 2011-05-29 2107 JF1KML        599 0044 JA7BME        599 0716
QSO: 14079 CW 2011-05-29 2110 JF1KML        599 0046 JH8SLS        599 0457
QSO: 14053 CW 2011-05-29 2112 JF1KML        599 047 HG3R          599 2851
QSO: 14000 CW 2011-05-29 2114 JF1KML        599 048 R0/KE5JA      599 820
QSO: 14038 CW 2011-05-29 2115 JF1KML        599 049 E7DX          599 3931
QSO: 14000 CW 2011-05-29 2125 JF1KML        599 0050 P29CW         599 0943
QSO: 14000 CW 2011-05-29 2211 JF1KML        599 0051 9M6YBG        599 0873
QSO: 14012 CW 2011-05-29 2250 JF1KML        599 0052 7J1YAJ        599 0653
QSO: 14000 CW 2011-05-29 2254 JF1KML        599 0053 DX1DBT        599 0111
QSO: 14049 CW 2011-05-29 2257 JF1KML        599 054 B1Z           599 0952
QSO: 14078 CW 2011-05-29 2258 JF1KML        599 056 B7P           599 0891
QSO: 14000 CW 2011-05-29 2306 JF1KML        599 057 JH6OPP        599 206
QSO: 14016 CW 2011-05-29 2307 JF1KML        599 0058 BY3MM         599 1226
END-OF-LOG:
