START-OF-LOG: 3.0
CREATED-BY: ua9qcq-rcc-cup-ubn-downloader
CONTEST: RCC-CUP
CALLSIGN: RW0A
CATEGORY-OPERATOR: MULTI-OP
CATEGORY-BAND: ALL
CATEGORY-MODE: MIXED
CATEGORY-ASSISTED: 
CATEGORY-TRANSMITTER: ONE
CATEGORY-STATION: 
CATEGORY-POWER: 
OPERATORS: RA0AM, RG0A, RV0AR, RZ0AT
QSO:  7084 PH 2022-05-07 0300 RW0A          59  RCC490 RT9YT         59  31    
QSO:  3513 CW 2022-05-07 0300 RW0A          599 RCC490 UC0A          599 RCC600
QSO:  7084 PH 2022-05-07 0301 RW0A          59  RCC490 R9IR          59  RCC95 
QSO:  3513 CW 2022-05-07 0303 RW0A          599 RCC490 RC9J          599 RCC259
QSO:  7084 PH 2022-05-07 0303 RW0A          59  RCC490 RZ9UO         59  31    
QSO: 14014 CW 2022-05-07 0304 RW0A          599 RCC490 UA0DAR        599 33    
QSO:  3512 CW 2022-05-07 0304 RW0A          599 RCC490 R0AS          599 RCC252
QSO:  7084 PH 2022-05-07 0304 RW0A          59  RCC490 RZ9P          59  31    
QSO:  3512 CW 2022-05-07 0305 RW0A          599 RCC490 R9IR          599 RCC95 
QSO: 14018 CW 2022-05-07 0306 RW0A          599 RCC490 R9AE          599 RCC2  
QSO:  7086 PH 2022-05-07 0306 RW0A          59  RCC490 RK8I          59  31    
QSO:  7086 PH 2022-05-07 0307 RW0A          59  RCC490 UC7T/9        59  31    
QSO:  7086 PH 2022-05-07 0307 RW0A          59  RCC490 R9LAR         59  30    
QSO: 14024 CW 2022-05-07 0308 RW0A          599 RCC490 UA0CA         599 RCC141
QSO: 14013 CW 2022-05-07 0310 RW0A          599 RCC490 RK9AX         599 RCC179
QSO:  7028 CW 2022-05-07 0310 RW0A          599 RCC490 R9IR          599 RCC95 
QSO: 14022 CW 2022-05-07 0310 RW0A          599 RCC490 UN8PT         599 30    
QSO: 14017 CW 2022-05-07 0312 RW0A          599 RCC490 UA0QN         599 23    
QSO: 14017 CW 2022-05-07 0313 RW0A          599 RCC490 RW9AV         599 RCC275
QSO:  7020 CW 2022-05-07 0314 RW0A          599 RCC490 UC7T/9        599 31    
QSO: 14017 CW 2022-05-07 0314 RW0A          599 RCC490 UA6LCJ        599 29    
QSO: 14017 CW 2022-05-07 0315 RW0A          599 RCC490 R0BI          599 RCC929
QSO: 14017 CW 2022-05-07 0316 RW0A          599 RCC490 RA9AFZ        599 30    
QSO: 14017 CW 2022-05-07 0316 RW0A          599 RCC490 RT6N          599 29    
QSO: 14017 CW 2022-05-07 0316 RW0A          599 RCC490 R0SBI         599 32    
QSO: 14017 CW 2022-05-07 0317 RW0A          599 RCC490 UA0QN         599 23    
QSO: 14017 CW 2022-05-07 0318 RW0A          599 RCC490 R9QQ          599 30    
QSO:  7028 CW 2022-05-07 0318 RW0A          599 RCC490 RC9J          599 RCC259
QSO: 14017 CW 2022-05-07 0319 RW0A          599 RCC490 R0AS          599 RCC252
QSO:  7032 CW 2022-05-07 0319 RW0A          599 RCC490 RA5G          599 RCC1  
QSO: 14017 CW 2022-05-07 0320 RW0A          599 RCC490 RW0UM         599 RCC76 
QSO:  7029 CW 2022-05-07 0320 RW0A          599 RCC490 RW9DX         599 30    
QSO: 14017 CW 2022-05-07 0320 RW0A          599 RCC490 RN9RF         599 30    
QSO:  7038 CW 2022-05-07 0321 RW0A          599 RCC490 R9OK          599 RCC122
QSO: 14017 CW 2022-05-07 0321 RW0A          599 RCC490 UA0UV         599 RCC285
QSO:  7035 CW 2022-05-07 0321 RW0A          599 RCC490 RT4F          599 RCC101
QSO: 14017 CW 2022-05-07 0322 RW0A          599 RCC490 UC7T/9        599 31    
QSO:  7034 CW 2022-05-07 0323 RW0A          599 RCC490 UN0C          599 30    
QSO: 14017 CW 2022-05-07 0324 RW0A          599 RCC490 R9IR          599 RCC95 
QSO:  7034 CW 2022-05-07 0324 RW0A          599 RCC490 RO9O          599 RCC234
QSO: 14017 CW 2022-05-07 0324 RW0A          599 RCC490 RT9A          599 30    
QSO: 14017 CW 2022-05-07 0325 RW0A          599 RCC490 RA9JM         599 RCC306
QSO:  7034 CW 2022-05-07 0325 RW0A          599 RCC490 UI3A          599 29    
QSO:  7034 CW 2022-05-07 0326 RW0A          599 RCC490 RT9A          599 30    
QSO:  7034 CW 2022-05-07 0326 RW0A          599 RCC490 UB8A          599 30    
QSO: 14017 CW 2022-05-07 0327 RW0A          599 RCC490 R7UO          599 31    
QSO:  7034 CW 2022-05-07 0328 RW0A          599 RCC490 RA9C          599 30    
QSO:  7034 CW 2022-05-07 0329 RW0A          599 RCC490 RM9RZ         599 RCC444
QSO: 14017 CW 2022-05-07 0329 RW0A          599 RCC490 RA9AP         599 RCC169
QSO:  7034 CW 2022-05-07 0330 RW0A          599 RCC490 R9YC          599 RCC282
QSO: 14017 CW 2022-05-07 0331 RW0A          599 RCC490 EX8MJ         599 30    
QSO:  7034 CW 2022-05-07 0331 RW0A          599 RCC490 RW9AV         599 RCC275
QSO: 14017 CW 2022-05-07 0331 RW0A          599 RCC490 R4ACY         599 29    
QSO: 14017 CW 2022-05-07 0332 RW0A          599 RCC490 RA5G          599 RCC1  
QSO: 14017 CW 2022-05-07 0332 RW0A          599 RCC490 R8CT          599 30    
QSO: 14017 CW 2022-05-07 0333 RW0A          599 RCC490 RA1QBH        599 29    
QSO:  7036 CW 2022-05-07 0336 RW0A          599 RCC490 UA9CTT        599 30    
QSO: 14017 CW 2022-05-07 0336 RW0A          599 RCC490 RC0CD         599 34    
QSO: 14017 CW 2022-05-07 0337 RW0A          599 RCC490 UA4FDL        599 29    
QSO: 14017 CW 2022-05-07 0337 RW0A          599 RCC490 RK8I          599 31    
QSO: 14017 CW 2022-05-07 0338 RW0A          599 RCC490 RD1T          599 RCC65 
QSO:  7026 CW 2022-05-07 0340 RW0A          599 RCC490 RA9DZ         599 30    
QSO: 14017 CW 2022-05-07 0341 RW0A          599 RCC490 UP0L          599 30    
QSO: 14017 CW 2022-05-07 0341 RW0A          599 RCC490 RD3FT         599 29    
QSO:  7015 CW 2022-05-07 0342 RW0A          599 RCC490 UA9LAO        599 RCC311
QSO:  7017 CW 2022-05-07 0343 RW0A          599 RCC490 R2AA          599 RCC3  
QSO:  7022 CW 2022-05-07 0343 RW0A          599 RCC490 RK9AX         599 RCC179
QSO:  7023 CW 2022-05-07 0343 RW0A          599 RCC490 RZ9L          599 30    
QSO:  7033 CW 2022-05-07 0344 RW0A          599 RCC490 RW9QA         599 RCC72 
QSO: 14017 CW 2022-05-07 0346 RW0A          599 RCC490 N2QV          599 08    
QSO:  7025 CW 2022-05-07 0347 RW0A          599 RCC490 R0SBI         599 32    
QSO: 14017 CW 2022-05-07 0347 RW0A          599 RCC490 PA3AAV        599 27    
QSO: 14017 CW 2022-05-07 0348 RW0A          599 RCC490 UD2F          599 RCC318
QSO:  7025 CW 2022-05-07 0348 RW0A          599 RCC490 RZ9M          599 30    
QSO: 14017 CW 2022-05-07 0348 RW0A          599 RCC490 RZ9L          599 30    
QSO: 14017 CW 2022-05-07 0349 RW0A          599 RCC490 R3LA          599 RCC109
QSO:  7025 CW 2022-05-07 0349 RW0A          599 RCC490 UB8A          599 30    
QSO: 14017 CW 2022-05-07 0349 RW0A          599 RCC490 RO9O          599 RCC234
QSO: 14017 CW 2022-05-07 0350 RW0A          599 RCC490 UD0O          599 32    
QSO: 14017 CW 2022-05-07 0350 RW0A          599 RCC490 UA6CC         599 29    
QSO: 14017 CW 2022-05-07 0351 RW0A          599 RCC490 RZ9M          599 30    
QSO: 14017 CW 2022-05-07 0351 RW0A          599 RCC490 UA3AP         599 29    
QSO:  7012 CW 2022-05-07 0351 RW0A          599 RCC490 UA9AX         599 RCC83 
QSO: 14017 CW 2022-05-07 0351 RW0A          599 RCC490 RW9DX         599 30    
QSO: 14017 CW 2022-05-07 0352 RW0A          599 RCC490 AK1MD         599 08    
QSO: 14017 CW 2022-05-07 0353 RW0A          599 RCC490 RA3AN         599 29    
QSO: 14017 CW 2022-05-07 0354 RW0A          599 RCC490 RW9DX         599 30    
QSO: 14017 CW 2022-05-07 0355 RW0A          599 RCC490 UI3A          599 29    
QSO: 14142 PH 2022-05-07 0358 RW0A          59  RCC490 RM7HZ         59  RCC977
QSO:  7037 CW 2022-05-07 0358 RW0A          599 RCC490 R9CX          599 RCC265
QSO: 14017 CW 2022-05-07 0359 RW0A          599 RCC490 EW8G          599 29    
QSO: 14017 CW 2022-05-07 0359 RW0A          599 RCC490 UA9LAO        599 RCC311
QSO: 14017 CW 2022-05-07 0401 RW0A          599 RCC490 RG6G          599 RCC49 
QSO: 14017 CW 2022-05-07 0402 RW0A          599 RCC490 R8WO          599 RCC305
QSO: 14017 CW 2022-05-07 0403 RW0A          599 RCC490 RW3DY         599 RCC106
QSO: 14017 CW 2022-05-07 0404 RW0A          599 RCC490 R1II          599 RCC58 
QSO: 14016 CW 2022-05-07 0404 RW0A          599 RCC490 RT4F          599 RCC101
QSO: 14017 CW 2022-05-07 0405 RW0A          599 RCC490 EW8OM         599 29    
QSO: 14017 CW 2022-05-07 0409 RW0A          599 RCC490 OG7F          599 18    
QSO: 14017 CW 2022-05-07 0411 RW0A          599 RCC490 RK4W          599 RCC909
QSO: 14017 CW 2022-05-07 0412 RW0A          599 RCC490 R2AA          599 RCC3  
QSO: 14017 CW 2022-05-07 0412 RW0A          599 RCC490 UA6LFQ        599 29    
QSO: 14017 CW 2022-05-07 0413 RW0A          599 RCC490 RA7E          599 29    
QSO: 14019 CW 2022-05-07 0414 RW0A          599 RCC490 RV3VR         599 29    
QSO: 14017 CW 2022-05-07 0416 RW0A          599 RCC490 RA9AQU        599 30    
QSO: 14017 CW 2022-05-07 0419 RW0A          599 RCC490 R3DCX         599 RCC32 
QSO: 14022 CW 2022-05-07 0419 RW0A          599 RCC490 LZ5R          599 RCC730
QSO: 14017 CW 2022-05-07 0420 RW0A          599 RCC490 R7GU          599 RCC256
QSO: 14024 CW 2022-05-07 0420 RW0A          599 RCC490 RN6A          599 RCC351
QSO: 14031 CW 2022-05-07 0421 RW0A          599 RCC490 RT4F          599 RCC101
QSO: 14017 CW 2022-05-07 0421 RW0A          599 RCC490 RW4S          599 RCC71 
QSO: 14017 CW 2022-05-07 0422 RW0A          599 RCC490 UN7LDR        599 30    
QSO: 14017 CW 2022-05-07 0423 RW0A          599 RCC490 RU1AC         599 19    
QSO: 14017 CW 2022-05-07 0423 RW0A          599 RCC490 R4IO          599 29    
QSO: 14017 CW 2022-05-07 0424 RW0A          599 RCC490 UD8A          599 30    
QSO: 14017 CW 2022-05-07 0424 RW0A          599 RCC490 UA6Y          599 29    
QSO: 14027 CW 2022-05-07 0425 RW0A          599 RCC490 R5AJ          599 RCC150
QSO: 14017 CW 2022-05-07 0425 RW0A          599 RCC490 DL1ROT        599 28    
QSO: 14017 CW 2022-05-07 0425 RW0A          599 RCC490 RN6L          599 RCC166
QSO: 14012 CW 2022-05-07 0427 RW0A          599 RCC490 RC9A          599 RCC287
QSO: 14017 CW 2022-05-07 0428 RW0A          599 RCC490 R2AA          599 RCC3  
QSO: 14017 CW 2022-05-07 0429 RW0A          599 RCC490 RA9MX         599 RCC242
QSO: 14017 CW 2022-05-07 0429 RW0A          599 RCC490 RT2C          599 RCC10 
QSO: 14017 CW 2022-05-07 0429 RW0A          599 RCC490 RG9A          599 RCC74 
QSO: 14013 CW 2022-05-07 0430 RW0A          599 RCC490 RM9RZ         599 RCC444
QSO: 14017 CW 2022-05-07 0431 RW0A          599 RCC490 UA4C          599 29    
QSO: 14017 CW 2022-05-07 0431 RW0A          599 RCC490 UI4F          599 RCC515
QSO: 14017 CW 2022-05-07 0432 RW0A          599 RCC490 HG4I          599 28    
QSO: 14017 CW 2022-05-07 0433 RW0A          599 RCC490 RK7X          599 29    
QSO: 14017 CW 2022-05-07 0434 RW0A          599 RCC490 RN3S          599 29    
QSO: 14017 CW 2022-05-07 0436 RW0A          599 RCC490 RN6AT         599 RCC297
QSO: 14017 CW 2022-05-07 0436 RW0A          599 RCC490 UA9AX         599 RCC83 
QSO: 14017 CW 2022-05-07 0438 RW0A          599 RCC490 RA9CCK        599 30    
QSO: 14017 CW 2022-05-07 0438 RW0A          599 RCC490 UA9AU         599 30    
QSO: 14017 CW 2022-05-07 0439 RW0A          599 RCC490 RW4NW         599 RCC167
QSO: 14017 CW 2022-05-07 0440 RW0A          599 RCC490 RZ9A          599 30    
QSO: 14017 CW 2022-05-07 0441 RW0A          599 RCC490 R3QA          599 29    
QSO: 14017 CW 2022-05-07 0442 RW0A          599 RCC490 RA9DZ         599 30    
QSO: 14017 CW 2022-05-07 0444 RW0A          599 RCC490 R8TT          599 RCC31 
QSO: 14013 CW 2022-05-07 0445 RW0A          599 RCC490 LZ3ZZ         599 28    
QSO: 14017 CW 2022-05-07 0448 RW0A          599 RCC490 R7AT          599 RCC247
QSO: 14017 CW 2022-05-07 0451 RW0A          599 RCC490 RL4A          599 29    
QSO: 14017 CW 2022-05-07 0451 RW0A          599 RCC490 R5QQ          599 29    
QSO: 21026 CW 2022-05-07 0451 RW0A          599 RCC490 BA3AX         599 44    
QSO: 14017 CW 2022-05-07 0451 RW0A          599 RCC490 R4YT          599 29    
QSO: 14017 CW 2022-05-07 0452 RW0A          599 RCC490 RA4CL         599 29    
QSO: 14015 CW 2022-05-07 0452 RW0A          599 RCC490 RW3X          599 RCC278
QSO: 14014 CW 2022-05-07 0453 RW0A          599 RCC490 UC7A          599 29    
QSO: 14012 CW 2022-05-07 0454 RW0A          599 RCC490 RW1A          599 RCC800
QSO: 14020 CW 2022-05-07 0456 RW0A          599 RCC490 RW9QA         599 RCC72 
QSO: 14017 CW 2022-05-07 0456 RW0A          599 RCC490 UC5D          599 29    
QSO: 14017 CW 2022-05-07 0456 RW0A          599 RCC490 RT3N          599 RCC69 
QSO: 14028 CW 2022-05-07 0459 RW0A          599 RCC490 R4KO          599 RCC269
QSO: 21015 CW 2022-05-07 0500 RW0A          599 RCC490 UA6AA         599 RCC67 
QSO: 14017 CW 2022-05-07 0500 RW0A          599 RCC490 RV9CVA        599 30    
QSO: 14033 CW 2022-05-07 0501 RW0A          599 RCC490 R3ZZ          599 RCC40 
QSO: 14033 CW 2022-05-07 0501 RW0A          599 RCC490 UA4LL         599 RCC701
QSO: 21021 CW 2022-05-07 0502 RW0A          599 RCC490 RO9O          599 RCC234
QSO: 21024 CW 2022-05-07 0503 RW0A          599 RCC490 UA9LAO        599 RCC311
QSO: 14035 CW 2022-05-07 0503 RW0A          599 RCC490 4U1A          599 28    
QSO: 21019 CW 2022-05-07 0504 RW0A          599 RCC490 R4ACY         599 29    
QSO: 14017 CW 2022-05-07 0505 RW0A          599 RCC490 RT2C          599 RCC10 
QSO: 21029 CW 2022-05-07 0505 RW0A          599 RCC490 R3LA          599 RCC109
QSO: 21019 CW 2022-05-07 0506 RW0A          599 RCC490 RW3X          599 RCC278
QSO: 21023 CW 2022-05-07 0507 RW0A          599 RCC490 RA9AP         599 RCC169
QSO: 21024 CW 2022-05-07 0508 RW0A          599 RCC490 R2AA          599 RCC3  
QSO: 14017 CW 2022-05-07 0508 RW0A          599 RCC490 UA4AQL        599 RCC447
QSO: 14035 CW 2022-05-07 0508 RW0A          599 RCC490 UA3RF         599 RCC87 
QSO: 14037 CW 2022-05-07 0509 RW0A          599 RCC490 RJ9J          599 20    
QSO: 14041 CW 2022-05-07 0509 RW0A          599 RCC490 RK3T          599 RCC499
QSO: 21027 CW 2022-05-07 0511 RW0A          599 RCC490 UN8PT         599 30    
QSO: 14046 CW 2022-05-07 0511 RW0A          599 RCC490 RX3RZ         599 RCC63 
QSO: 21025 CW 2022-05-07 0512 RW0A          599 RCC490 RT9A          599 30    
QSO: 14017 CW 2022-05-07 0512 RW0A          599 RCC490 UA4WAU        599 30    
QSO: 14016 CW 2022-05-07 0513 RW0A          599 RCC490 RC6U          599 RCC170
QSO: 21017 CW 2022-05-07 0514 RW0A          599 RCC490 RM9RZ         599 RCC444
QSO: 14019 CW 2022-05-07 0514 RW0A          599 RCC490 RK4FM         599 29    
QSO: 21029 CW 2022-05-07 0515 RW0A          599 RCC490 R0AS          599 RCC252
QSO: 14017 CW 2022-05-07 0515 RW0A          599 RCC490 UA4S          599 RCC165
QSO: 21013 CW 2022-05-07 0516 RW0A          599 RCC490 RZ9L          599 30    
QSO: 14017 CW 2022-05-07 0516 RW0A          599 RCC490 RX9AF         599 30    
QSO: 21013 CW 2022-05-07 0516 RW0A          599 RCC490 UI4F          599 RCC515
QSO: 21013 CW 2022-05-07 0517 RW0A          599 RCC490 RT4F          599 RCC101
QSO: 21013 CW 2022-05-07 0517 RW0A          599 RCC490 RN9RF         599 30    
QSO: 21013 CW 2022-05-07 0517 RW0A          599 RCC490 RT2C          599 RCC10 
QSO: 21013 CW 2022-05-07 0518 RW0A          599 RCC490 UA6LCJ        599 29    
QSO: 21013 CW 2022-05-07 0518 RW0A          599 RCC490 R8TT          599 RCC31 
QSO: 21013 CW 2022-05-07 0519 RW0A          599 RCC490 R9QQ          599 30    
QSO: 21013 CW 2022-05-07 0519 RW0A          599 RCC490 RA4CL         599 29    
QSO: 21013 CW 2022-05-07 0519 RW0A          599 RCC490 UP0L          599 30    
QSO: 21013 CW 2022-05-07 0520 RW0A          599 RCC490 RA9C          599 30    
QSO: 21013 CW 2022-05-07 0520 RW0A          599 RCC490 RW3AI         599 29    
QSO: 14189 PH 2022-05-07 0521 RW0A          59  RCC490 RW1CW         59  RCC177
QSO: 21013 CW 2022-05-07 0521 RW0A          599 RCC490 RW3QJ         599 RCC370
QSO: 21013 CW 2022-05-07 0522 RW0A          599 RCC490 UA6LFQ        599 29    
QSO: 21013 CW 2022-05-07 0522 RW0A          599 RCC490 R8CT          599 30    
QSO: 14196 PH 2022-05-07 0522 RW0A          59  RCC490 R3DCB         59  29    
QSO: 21013 CW 2022-05-07 0523 RW0A          599 RCC490 RU6AX         599 29    
QSO: 21013 CW 2022-05-07 0523 RW0A          599 RCC490 RA3AN         599 29    
QSO: 14196 PH 2022-05-07 0523 RW0A          59  RCC490 R3LA          59  RCC109
QSO: 21013 CW 2022-05-07 0523 RW0A          599 RCC490 R3OR          599 RCC363
QSO: 14196 PH 2022-05-07 0524 RW0A          59  RCC490 RA4FUT        59  RCC376
QSO: 21013 CW 2022-05-07 0524 RW0A          599 RCC490 RN3OG         599 RCC41 
QSO: 21013 CW 2022-05-07 0524 RW0A          599 RCC490 RN3S          599 29    
QSO: 21013 CW 2022-05-07 0525 RW0A          599 RCC490 BH4UMN        599 44    
QSO: 14196 PH 2022-05-07 0526 RW0A          59  RCC490 RA9AU         59  30    
QSO: 21013 CW 2022-05-07 0527 RW0A          599 RCC490 BI6LFJ        599 44    
QSO: 21013 CW 2022-05-07 0527 RW0A          599 RCC490 RG6G          599 RCC49 
QSO: 14196 PH 2022-05-07 0527 RW0A          59  RCC490 RZ3Z          59  RCC707
QSO: 21013 CW 2022-05-07 0527 RW0A          599 RCC490 RN5AA         599 29    
QSO: 21013 CW 2022-05-07 0528 RW0A          599 RCC490 RA5G          599 RCC1  
QSO: 21013 CW 2022-05-07 0529 RW0A          599 RCC490 D1CW          599 29    
QSO: 21013 CW 2022-05-07 0529 RW0A          599 RCC490 R3QA          599 29    
QSO: 21013 CW 2022-05-07 0529 RW0A          599 RCC490 RK9AX         599 RCC179
QSO: 21013 CW 2022-05-07 0530 RW0A          599 RCC490 UA3AP         599 29    
QSO: 21013 CW 2022-05-07 0530 RW0A          599 RCC490 UA4C          599 29    
QSO: 21013 CW 2022-05-07 0530 RW0A          599 RCC490 RD3FT         599 29    
QSO: 21013 CW 2022-05-07 0531 RW0A          599 RCC490 RW3DY         599 RCC106
QSO: 21013 CW 2022-05-07 0531 RW0A          599 RCC490 OG7F          599 18    
QSO: 14166 PH 2022-05-07 0531 RW0A          59  RCC490 UP9L          59  30    
QSO: 21013 CW 2022-05-07 0531 RW0A          599 RCC490 UA6CC         599 29    
QSO: 14158 PH 2022-05-07 0531 RW0A          59  RCC490 RZ3B          59  29    
QSO: 21013 CW 2022-05-07 0531 RW0A          599 RCC490 RW9QA         599 RCC72 
QSO: 14154 PH 2022-05-07 0531 RW0A          59  RCC490 R3RZ          59  29    
QSO: 21013 CW 2022-05-07 0532 RW0A          599 RCC490 RA9DZ         599 30    
QSO: 21013 CW 2022-05-07 0532 RW0A          599 RCC490 HG4I          599 28    
QSO: 14128 PH 2022-05-07 0533 RW0A          59  RCC490 RC5Z          59  RCC732
QSO: 21013 CW 2022-05-07 0533 RW0A          599 RCC490 RL4A          599 29    
QSO: 14117 PH 2022-05-07 0534 RW0A          59  RCC490 R9MBY         59  30    
QSO: 21013 CW 2022-05-07 0534 RW0A          599 RCC490 R9AE          599 RCC2  
QSO: 21013 CW 2022-05-07 0534 RW0A          599 RCC490 UI3A          599 29    
QSO: 14131 PH 2022-05-07 0535 RW0A          59  RCC490 UC7M          59  29    
QSO: 21012 CW 2022-05-07 0535 RW0A          599 RCC490 RV3ZN         599 RCC226
END-OF-LOG:
