START-OF-LOG: 3.0
CREATED-BY: yota-public-qso-downloader
CONTEST: YOTA-CONTEST
CALLSIGN: G5C
CATEGORY-OPERATOR: SINGLE-OP
CATEGORY-BAND: ALL
CATEGORY-MODE: MIXED
CATEGORY: Single Operator 3 bands
CLAIMED-SCORE: 0
QSO:  7026 CW 2023-04-22 1421 G5C           599 88     F5OZC         599 82    
QSO:  7028 CW 2023-04-22 1429 G5C           599 88     DL7PIA        599 15    
QSO:  7028 CW 2023-04-22 1430 G5C           599 88     DK2WC         599 72    
QSO: 14011 CW 2023-04-22 1435 G5C           599 88     OK2MBP        599 65    
QSO: 14013 CW 2023-04-22 1435 G5C           599 88     DJ4MX         599 20    
QSO: 14015 CW 2023-04-22 1436 G5C           599 88     HA7UI         599 79    
QSO: 14018 CW 2023-04-22 1439 G5C           599 88     RV3ZN         599 68    
QSO: 14022 CW 2023-04-22 1440 G5C           599 88     EA7Q          599 50    
QSO: 14027 CW 2023-04-22 1441 G5C           599 88     RM1T          599 65    
QSO: 14031 CW 2023-04-22 1442 G5C           599 88     DQ2C          599 17    
QSO: 14039 CW 2023-04-22 1445 G5C           599 88     YT2ISM        599 57    
QSO: 14011 CW 2023-04-22 1449 G5C           599 88     IZ5BBS        599 59    
END-OF-LOG:
