START-OF-LOG: 3.0
CREATED-BY: DXLog.net v2.5.44
CONTEST: EUDXC
CALLSIGN: EA2AZ
CATEGORY-OPERATOR: SINGLE-OP
CATEGORY-TRANSMITTER: ONE
CATEGORY-STATION: PORTABLE
CATEGORY-POWER: LOW
CATEGORY-BAND: ALL
CATEGORY-MODE: CW
CLAIMED-SCORE: 786492
CLUB: EA Contest Club
NAME: Agustin REBOLLO
SOAPBOX: 
QSO: 14007 CW 2023-02-04 1428 EA2AZ         599 ES15   OE2S          599 AT02   
QSO: 14007 CW 2023-02-04 1428 EA2AZ         599 ES15   OM5NL         599 SK04   
QSO: 14007 CW 2023-02-04 1430 EA2AZ         599 ES15   I8ITQ         599 IT05   
QSO: 14007 CW 2023-02-04 1431 EA2AZ         599 ES15   HA5OM         599 HU04   
QSO: 14007 CW 2023-02-04 1432 EA2AZ         599 ES15   YO6DBL        599 RO07   
QSO: 14007 CW 2023-02-04 1432 EA2AZ         599 ES15   NA1NA         599 08     
QSO: 14007 CW 2023-02-04 1433 EA2AZ         599 ES15   IW3ILM        599 IT21   
QSO: 14007 CW 2023-02-04 1433 EA2AZ         599 ES15   IK2AOO        599 IT11   
QSO: 14007 CW 2023-02-04 1434 EA2AZ         599 ES15   DL4HJ         599 DE08   
QSO: 14007 CW 2023-02-04 1434 EA2AZ         599 ES15   DL1YEG        599 DE10   
QSO: 14007 CW 2023-02-04 1435 EA2AZ         599 ES15   LZ1VKD        599 BG05   
QSO: 14007 CW 2023-02-04 1435 EA2AZ         599 ES15   DL5JQ         599 DE10   
QSO: 14007 CW 2023-02-04 1436 EA2AZ         599 ES15   OE1CIW        599 AT01   
QSO: 14007 CW 2023-02-04 1437 EA2AZ         599 ES15   9A7T          599 HR01   
QSO: 14007 CW 2023-02-04 1437 EA2AZ         599 ES15   G5C           599 27     
QSO: 14007 CW 2023-02-04 1439 EA2AZ         599 ES15   K1LZ          599 08     
QSO: 14007 CW 2023-02-04 1440 EA2AZ         599 ES15   OL8R          599 CZ11   
QSO: 14007 CW 2023-02-04 1442 EA2AZ         599 ES15   K8AJS         599 08     
QSO: 14007 CW 2023-02-04 1442 EA2AZ         599 ES15   PA0GJV        599 NL09   
QSO: 14007 CW 2023-02-04 1445 EA2AZ         599 ES15   HA9TA         599 HU01   
QSO: 14007 CW 2023-02-04 1445 EA2AZ         599 ES15   EW8DX         599 29     
QSO: 14007 CW 2023-02-04 1445 EA2AZ         599 ES15   SN1T          599 PL11   
QSO: 14007 CW 2023-02-04 1448 EA2AZ         599 ES15   R3LC          599 29     
QSO: 14007 CW 2023-02-04 1448 EA2AZ         599 ES15   M4N           599 27     
QSO: 14007 CW 2023-02-04 1449 EA2AZ         599 ES15   DL2TM         599 DE14   
QSO: 14007 CW 2023-02-04 1450 EA2AZ         599 ES15   RA7R          599 29     
QSO: 14007 CW 2023-02-04 1450 EA2AZ         599 ES15   IZ8RSO        599 IT04   
QSO: 14007 CW 2023-02-04 1451 EA2AZ         599 ES15   YO2MKI        599 RO05   
QSO: 14007 CW 2023-02-04 1452 EA2AZ         599 ES15   DM4JK         599 DE04   
QSO: 14007 CW 2023-02-04 1452 EA2AZ         599 ES15   IK4ALM        599 IT07   
QSO: 14007 CW 2023-02-04 1453 EA2AZ         599 ES15   EV6Z          599 29     
QSO: 14007 CW 2023-02-04 1453 EA2AZ         599 ES15   IT9WDC        599 IT16   
QSO: 14007 CW 2023-02-04 1455 EA2AZ         599 ES15   SP2R          599 PL11   
QSO: 14007 CW 2023-02-04 1455 EA2AZ         599 ES15   UV3RT         599 29     
QSO: 14007 CW 2023-02-04 1456 EA2AZ         599 ES15   DC8YZ         599 DE02   
QSO: 14007 CW 2023-02-04 1456 EA2AZ         599 ES15   IK4ZIF        599 IT07   
QSO: 14007 CW 2023-02-04 1457 EA2AZ         599 ES15   E74A          599 28     
QSO: 14007 CW 2023-02-04 1500 EA2AZ         599 ES15   CT1EHK        599 PT05   
QSO: 14027 CW 2023-02-04 1501 EA2AZ         599 ES15   S52ZD         599 SI04   
QSO: 14029 CW 2023-02-04 1504 EA2AZ         599 ES15   OZ3SM         599 DK01   
QSO: 14006 CW 2023-02-04 1505 EA2AZ         599 ES15   DL3UB         599 DE09   
QSO: 14005 CW 2023-02-04 1505 EA2AZ         599 ES15   P3AA          599 CY05   
QSO: 14002 CW 2023-02-04 1506 EA2AZ         599 ES15   MM9I          599 27     
QSO: 14029 CW 2023-02-04 1511 EA2AZ         599 ES15   F5IN          599 FR04   
QSO: 14012 CW 2023-02-04 1512 EA2AZ         599 ES15   ON5WL         599 BE04   
QSO: 14009 CW 2023-02-04 1512 EA2AZ         599 ES15   SD6F          599 SE12   
QSO: 14032 CW 2023-02-04 1513 EA2AZ         599 ES15   RX9AF         599 30     
QSO: 14032 CW 2023-02-04 1514 EA2AZ         599 ES15   CT7AUP        599 PT05   
QSO: 14032 CW 2023-02-04 1514 EA2AZ         599 ES15   HA8TKS        599 HU03   
QSO: 14032 CW 2023-02-04 1515 EA2AZ         599 ES15   IV3FPX        599 IT08   
QSO: 14032 CW 2023-02-04 1515 EA2AZ         599 ES15   RA3BQ         599 29     
QSO: 14032 CW 2023-02-04 1516 EA2AZ         599 ES15   DL5XJ         599 DE15   
QSO: 14010 CW 2023-02-04 1517 EA2AZ         599 ES15   4K6FO         599 29     
QSO: 14032 CW 2023-02-04 1518 EA2AZ         599 ES15   PA2A          599 NL10   
QSO: 14028 CW 2023-02-04 1519 EA2AZ         599 ES15   SN5N          599 PL06   
QSO: 14030 CW 2023-02-04 1520 EA2AZ         599 ES15   HA3OU         599 HU07   
QSO: 14035 CW 2023-02-04 1520 EA2AZ         599 ES15   SV8OVJ        599 GR10   
QSO: 14044 CW 2023-02-04 1521 EA2AZ         599 ES15   HA1DAE        599 HU06   
QSO: 14045 CW 2023-02-04 1521 EA2AZ         599 ES15   I5MXX         599 IT19   
QSO: 14050 CW 2023-02-04 1522 EA2AZ         599 ES15   LY7K          599 LT05   
QSO: 14051 CW 2023-02-04 1522 EA2AZ         599 ES15   PA3AAV        599 NL08   
QSO: 14009 CW 2023-02-04 1523 EA2AZ         599 ES15   PA3EYC        599 NL04   
QSO: 14012 CW 2023-02-04 1524 EA2AZ         599 ES15   IK1PMR        599 IT14   
QSO: 14013 CW 2023-02-04 1524 EA2AZ         599 ES15   YO4DG         599 RO02   
QSO: 14016 CW 2023-02-04 1524 EA2AZ         599 ES15   S51DX         599 SI02   
QSO: 14017 CW 2023-02-04 1525 EA2AZ         599 ES15   4L8A          599 29     
QSO: 14018 CW 2023-02-04 1526 EA2AZ         599 ES15   YO7CW         599 RO07   
QSO: 14024 CW 2023-02-04 1530 EA2AZ         599 ES15   S53F          599 SI02   
QSO: 14024 CW 2023-02-04 1531 EA2AZ         599 ES15   DL1EFW        599 DE10   
QSO: 14024 CW 2023-02-04 1531 EA2AZ         599 ES15   LZ3M          599 BG04   
QSO: 14024 CW 2023-02-04 1532 EA2AZ         599 ES15   OM3GI         599 SK07   
QSO: 14024 CW 2023-02-04 1533 EA2AZ         599 ES15   EW1TZ         599 29     
QSO: 14024 CW 2023-02-04 1533 EA2AZ         599 ES15   OE5TXF        599 AT05   
QSO: 14024 CW 2023-02-04 1534 EA2AZ         599 ES15   OK2BFN        599 CZ13   
QSO: 14024 CW 2023-02-04 1534 EA2AZ         599 ES15   OK1AUO        599 CZ01   
QSO: 14024 CW 2023-02-04 1536 EA2AZ         599 ES15   YT6M          599 28     
QSO: 14024 CW 2023-02-04 1537 EA2AZ         599 ES15   9A3QB         599 HR03   
QSO: 14024 CW 2023-02-04 1537 EA2AZ         599 ES15   OK1BR         599 CZ11   
QSO: 14024 CW 2023-02-04 1538 EA2AZ         599 ES15   LZ6E          599 BG05   
QSO: 14024 CW 2023-02-04 1539 EA2AZ         599 ES15   DL9GMC        599 DE09   
QSO: 14019 CW 2023-02-04 1559 EA2AZ         599 ES15   EW2ES         599 29     
QSO: 14019 CW 2023-02-04 1601 EA2AZ         599 ES15   SV1DAY        599 GR01   
QSO: 14019 CW 2023-02-04 1602 EA2AZ         599 ES15   PD2DX         599 NL09   
QSO: 14019 CW 2023-02-04 1605 EA2AZ         599 ES15   PA3DBS        599 NL07   
QSO: 14018 CW 2023-02-04 1606 EA2AZ         599 ES15   PA2W          599 NL11   
QSO: 14016 CW 2023-02-04 1606 EA2AZ         599 ES15   EA1X          599 ES05   
QSO: 14001 CW 2023-02-04 1607 EA2AZ         599 ES15   SO3O          599 PL01   
QSO: 14021 CW 2023-02-04 1608 EA2AZ         599 ES15   Z33B          599 28     
QSO: 14019 CW 2023-02-04 1609 EA2AZ         599 ES15   SV2SKD        599 GR03   
QSO: 14019 CW 2023-02-04 1610 EA2AZ         599 ES15   OE5CYL        599 AT05   
QSO: 14019 CW 2023-02-04 1611 EA2AZ         599 ES15   IK2QIK        599 IT11   
QSO: 14019 CW 2023-02-04 1612 EA2AZ         599 ES15   DJ5CL         599 DE02   
QSO: 14019 CW 2023-02-04 1612 EA2AZ         599 ES15   G4ZWX         599 27     
QSO: 14019 CW 2023-02-04 1614 EA2AZ         599 ES15   HB9CAT        599 28     
QSO: 14019 CW 2023-02-04 1616 EA2AZ         599 ES15   SM5GRD        599 SE02   
QSO: 14019 CW 2023-02-04 1616 EA2AZ         599 ES15   HA1NR         599 HU06   
QSO: 14019 CW 2023-02-04 1617 EA2AZ         599 ES15   PA3BUD        599 NL10   
QSO: 14019 CW 2023-02-04 1617 EA2AZ         599 ES15   RN6AT         599 29     
QSO: 14019 CW 2023-02-04 1617 EA2AZ         599 ES15   OE3MWS        599 AT03   
QSO: 14019 CW 2023-02-04 1618 EA2AZ         599 ES15   PE1RDP        599 NL07   
QSO: 14019 CW 2023-02-04 1618 EA2AZ         599 ES15   9A6A          599 HR01   
QSO: 14019 CW 2023-02-04 1618 EA2AZ         599 ES15   DL9ZP         599 DE09   
QSO: 14019 CW 2023-02-04 1619 EA2AZ         599 ES15   RA3YDA        599 29     
QSO: 14022 CW 2023-02-04 1622 EA2AZ         599 ES15   YL5W          599 LV03   
QSO: 14019 CW 2023-02-04 1623 EA2AZ         599 ES15   PA3DSB        599 NL07   
QSO: 14019 CW 2023-02-04 1624 EA2AZ         599 ES15   OK3X          599 CZ11   
QSO: 14019 CW 2023-02-04 1625 EA2AZ         599 ES15   DF6RI         599 DE02   
QSO: 14019 CW 2023-02-04 1627 EA2AZ         599 ES15   G0OOD         599 27     
QSO: 14019 CW 2023-02-04 1628 EA2AZ         599 ES15   PA0TCA        599 NL10   
QSO: 14019 CW 2023-02-04 1628 EA2AZ         599 ES15   PI4CC         599 NL10   
QSO: 14019 CW 2023-02-04 1629 EA2AZ         599 ES15   IK0HBN        599 IT09   
QSO: 14019 CW 2023-02-04 1629 EA2AZ         599 ES15   SP8CGU        599 PL13   
QSO: 14019 CW 2023-02-04 1631 EA2AZ         599 ES15   SP2FOV        599 PL11   
QSO: 14019 CW 2023-02-04 1631 EA2AZ         599 ES15   EA8OM         599 ES09   
QSO: 14019 CW 2023-02-04 1632 EA2AZ         599 ES15   RA4ACX        599 29     
QSO: 14019 CW 2023-02-04 1633 EA2AZ         599 ES15   OK2WY         599 CZ03   
QSO: 14019 CW 2023-02-04 1634 EA2AZ         599 ES15   OM5MX         599 SK04   
QSO: 14019 CW 2023-02-04 1634 EA2AZ         599 ES15   HA5LV         599 HU04   
QSO: 14019 CW 2023-02-04 1635 EA2AZ         599 ES15   IK5MEP        599 IT19   
QSO: 14019 CW 2023-02-04 1635 EA2AZ         599 ES15   UA2FZ         599 29     
QSO: 14019 CW 2023-02-04 1636 EA2AZ         599 ES15   YT1XTN        599 28     
QSO: 14019 CW 2023-02-04 1636 EA2AZ         599 ES15   OK1DKU        599 CZ11   
QSO: 14019 CW 2023-02-04 1637 EA2AZ         599 ES15   2E0OBO        599 27     
QSO: 14019 CW 2023-02-04 1637 EA2AZ         599 ES15   S58RU         599 SI01   
QSO: 14019 CW 2023-02-04 1638 EA2AZ         599 ES15   DL5ZL         599 DE16   
QSO: 14019 CW 2023-02-04 1638 EA2AZ         599 ES15   DL0CK         599 DE10   
QSO: 14019 CW 2023-02-04 1638 EA2AZ         599 ES15   DL4XU         599 DE06   
QSO: 14019 CW 2023-02-04 1640 EA2AZ         599 ES15   RU9LA         599 30     
QSO: 14019 CW 2023-02-04 1640 EA2AZ         599 ES15   9A3PM         599 HR01   
QSO: 14019 CW 2023-02-04 1640 EA2AZ         599 ES15   HA2EOU        599 HU05   
QSO: 14026 CW 2023-02-04 1642 EA2AZ         599 ES15   OH5Z          599 FI16   
QSO: 14019 CW 2023-02-04 1643 EA2AZ         599 ES15   SV1BJW        599 GR01   
QSO: 14019 CW 2023-02-04 1643 EA2AZ         599 ES15   DL8RBR        599 DE02   
QSO: 14019 CW 2023-02-04 1645 EA2AZ         599 ES15   K4WW          599 08     
QSO: 14019 CW 2023-02-04 1647 EA2AZ         599 ES15   SV8DJW        599 GR10   
QSO: 14019 CW 2023-02-04 1658 EA2AZ         599 ES15   HA8V          599 HU03   
QSO: 14019 CW 2023-02-04 1658 EA2AZ         599 ES15   DK1YH         599 DE10   
QSO: 14019 CW 2023-02-04 1659 EA2AZ         599 ES15   OK2GG         599 CZ13   
QSO: 14019 CW 2023-02-04 1659 EA2AZ         599 ES15   S51Z          599 SI04   
QSO: 14019 CW 2023-02-04 1700 EA2AZ         599 ES15   DF5DK         599 DE11   
QSO: 14019 CW 2023-02-04 1700 EA2AZ         599 ES15   YB1RKT        599 54     
QSO: 14019 CW 2023-02-04 1701 EA2AZ         599 ES15   DG0KS         599 DE09   
QSO: 14019 CW 2023-02-04 1701 EA2AZ         599 ES15   9A1DR         599 HR01   
QSO: 14019 CW 2023-02-04 1701 EA2AZ         599 ES15   OL5Y          599 CZ11   
QSO: 14019 CW 2023-02-04 1702 EA2AZ         599 ES15   RN6MA         599 29     
QSO: 14019 CW 2023-02-04 1703 EA2AZ         599 ES15   LZ5R          599 BG06   
QSO: 14019 CW 2023-02-04 1703 EA2AZ         599 ES15   TA4MA         599 39     
QSO: 14019 CW 2023-02-04 1704 EA2AZ         599 ES15   BY1AS         599 44     
QSO: 14027 CW 2023-02-04 1705 EA2AZ         599 ES15   PE6Q          599 NL01   
QSO: 14019 CW 2023-02-04 1706 EA2AZ         599 ES15   UA6LCJ        599 29     
QSO: 14049 CW 2023-02-04 1707 EA2AZ         599 ES15   9H1CG         599 MT03   
QSO: 14019 CW 2023-02-04 1709 EA2AZ         599 ES15   OK1FCA        599 CZ01   
QSO: 14019 CW 2023-02-04 1710 EA2AZ         599 ES15   OK1PFM        599 CZ11   
QSO: 14019 CW 2023-02-04 1710 EA2AZ         599 ES15   LY2MM         599 LT03   
QSO: 14019 CW 2023-02-04 1710 EA2AZ         599 ES15   K8GL          599 08     
QSO: 14019 CW 2023-02-04 1711 EA2AZ         599 ES15   UI3A          599 29     
QSO: 14024 CW 2023-02-04 1713 EA2AZ         599 ES15   9A4W          599 HR02   
QSO: 14020 CW 2023-02-04 1716 EA2AZ         599 ES15   SP2HMT        599 PL01   
QSO: 14020 CW 2023-02-04 1716 EA2AZ         599 ES15   HA7WP         599 HU02   
QSO: 14020 CW 2023-02-04 1717 EA2AZ         599 ES15   ON7XN         599 BE10   
QSO: 14020 CW 2023-02-04 1718 EA2AZ         599 ES15   LY2BAA        599 LT01   
QSO: 14028 CW 2023-02-04 1719 EA2AZ         599 ES15   F5SGI         599 FR03   
QSO: 14035 CW 2023-02-04 1721 EA2AZ         599 ES15   CT3KN         599 PT06   
QSO: 14040 CW 2023-02-04 1721 EA2AZ         599 ES15   ES7A          599 EE05   
QSO: 14023 CW 2023-02-04 1724 EA2AZ         599 ES15   DL5RMH        599 DE02   
QSO: 14023 CW 2023-02-04 1725 EA2AZ         599 ES15   SN5J          599 PL08   
QSO: 14023 CW 2023-02-04 1727 EA2AZ         599 ES15   DL1DWR        599 DE13   
QSO: 14023 CW 2023-02-04 1727 EA2AZ         599 ES15   UA6HFI        599 29     
QSO: 14023 CW 2023-02-04 1730 EA2AZ         599 ES15   SM5DXR        599 SE15   
QSO: 14023 CW 2023-02-04 1731 EA2AZ         599 ES15   IZ5MKA        599 IT19   
QSO: 14023 CW 2023-02-04 1731 EA2AZ         599 ES15   HA5AZC        599 HU04   
QSO: 14023 CW 2023-02-04 1734 EA2AZ         599 ES15   DL5AXX        599 DE07   
QSO: 14023 CW 2023-02-04 1734 EA2AZ         599 ES15   OM5TX         599 SK04   
QSO: 14023 CW 2023-02-04 1735 EA2AZ         599 ES15   M4T           599 27     
QSO: 14023 CW 2023-02-04 1735 EA2AZ         599 ES15   KU2M          599 08     
QSO: 14023 CW 2023-02-04 1736 EA2AZ         599 ES15   NR4M          599 08     
QSO: 14023 CW 2023-02-04 1737 EA2AZ         599 ES15   M4X           599 27     
QSO: 14007 CW 2023-02-04 1738 EA2AZ         599 ES15   IQ6JU         599 IT01   
QSO: 14023 CW 2023-02-04 1739 EA2AZ         599 ES15   HG6C          599 HU01   
QSO: 14012 CW 2023-02-04 1739 EA2AZ         599 ES15   OU2I          599 DK05   
QSO: 14023 CW 2023-02-04 1743 EA2AZ         599 ES15   YO6ZS         599 RO07   
QSO: 14036 CW 2023-02-04 1745 EA2AZ         599 ES15   OK4T          599 CZ04   
QSO: 14023 CW 2023-02-04 1747 EA2AZ         599 ES15   VA3GE         599 04     
QSO: 14023 CW 2023-02-04 1748 EA2AZ         599 ES15   OK1DKE        599 CZ02   
QSO: 14011 CW 2023-02-04 1748 EA2AZ         599 ES15   OM3CW         599 SK02   
QSO: 14013 CW 2023-02-04 1749 EA2AZ         599 ES15   EI8JX         599 IE04   
QSO: 14023 CW 2023-02-04 1751 EA2AZ         599 ES15   RC6U          599 29     
QSO: 14023 CW 2023-02-04 1752 EA2AZ         599 ES15   HA1AS         599 HU06   
QSO: 14023 CW 2023-02-04 1752 EA2AZ         599 ES15   9A2V          599 HR01   
QSO: 14023 CW 2023-02-04 1754 EA2AZ         599 ES15   DK6DL         599 DE10   
QSO: 14023 CW 2023-02-04 1754 EA2AZ         599 ES15   HA8IB         599 HU03   
QSO: 14023 CW 2023-02-04 1755 EA2AZ         599 ES15   IQ3ME         599 IT21   
QSO: 14023 CW 2023-02-04 1755 EA2AZ         599 ES15   YT5FD         599 28     
QSO: 14023 CW 2023-02-04 1756 EA2AZ         599 ES15   SQ3POS        599 PL01   
QSO: 14023 CW 2023-02-04 1756 EA2AZ         599 ES15   PA0RBA        599 NL04   
QSO: 14023 CW 2023-02-04 1756 EA2AZ         599 ES15   K9OM          599 08     
QSO: 14023 CW 2023-02-04 1758 EA2AZ         599 ES15   4Z4DX         599 39     
QSO: 14023 CW 2023-02-04 1759 EA2AZ         599 ES15   IU2LWL        599 IT11   
QSO: 14039 CW 2023-02-04 1801 EA2AZ         599 ES15   OH2BA         599 FI12   
QSO: 14023 CW 2023-02-04 1802 EA2AZ         599 ES15   UW3WF         599 29     
QSO: 14023 CW 2023-02-04 1803 EA2AZ         599 ES15   DA0BCC        599 DE13   
QSO: 14023 CW 2023-02-04 1804 EA2AZ         599 ES15   UA9XO         599 20     
QSO: 14023 CW 2023-02-04 1805 EA2AZ         599 ES15   HA1RJ         599 HU06   
QSO: 14023 CW 2023-02-04 1806 EA2AZ         599 ES15   IK2AIT        599 IT11   
QSO:  1828 CW 2023-02-04 1810 EA2AZ         599 ES15   DR5X          599 DE15   
QSO: 14020 CW 2023-02-04 1813 EA2AZ         599 ES15   HA8WY         599 HU03   
QSO: 14040 CW 2023-02-04 1823 EA2AZ         599 ES15   IT9SSI        599 IT16   
QSO: 14040 CW 2023-02-04 1824 EA2AZ         599 ES15   OK2MBP        599 CZ07   
QSO: 14040 CW 2023-02-04 1824 EA2AZ         599 ES15   E74X          599 28     
QSO: 14040 CW 2023-02-04 1826 EA2AZ         599 ES15   KG9X          599 08     
QSO: 14017 CW 2023-02-04 1833 EA2AZ         599 ES15   OK2HBR        599 CZ08   
QSO: 14037 CW 2023-02-04 1835 EA2AZ         599 ES15   PA5KT         599 NL12   
QSO: 14012 CW 2023-02-04 1837 EA2AZ         599 ES15   EI0W          599 IE01   
QSO: 14020 CW 2023-02-04 1837 EA2AZ         599 ES15   YO3LW         599 RO08   
QSO: 14006 CW 2023-02-04 1838 EA2AZ         599 ES15   YL2KO         599 LV05   
QSO: 14022 CW 2023-02-04 1843 EA2AZ         599 ES15   W7VJ          599 06     
QSO: 14015 CW 2023-02-04 1846 EA2AZ         599 ES15   SO7M          599 PL14   
QSO: 14009 CW 2023-02-04 1847 EA2AZ         599 ES15   OG3B          599 FI18   
QSO: 14003 CW 2023-02-04 1847 EA2AZ         599 ES15   NN3W          599 08     
QSO:  1826 CW 2023-02-04 1956 EA2AZ         599 ES15   DH1NBE        599 DE02   
QSO:  1830 CW 2023-02-04 1957 EA2AZ         599 ES15   YT8A          599 28     
QSO:  1836 CW 2023-02-04 1959 EA2AZ         599 ES15   SP1NY         599 PL16   
QSO:  1836 CW 2023-02-04 2000 EA2AZ         599 ES15   IK1PMR        599 IT14   
QSO:  1836 CW 2023-02-04 2000 EA2AZ         599 ES15   OL8R          599 CZ11   
QSO:  1836 CW 2023-02-04 2001 EA2AZ         599 ES15   HA5JI         599 HU03   
QSO:  1831 CW 2023-02-04 2004 EA2AZ         599 ES15   DL3UB         599 DE09   
QSO:  1833 CW 2023-02-04 2005 EA2AZ         599 ES15   IV3AZV        599 IT08   
QSO:  1824 CW 2023-02-04 2006 EA2AZ         599 ES15   E79D          599 28     
QSO:  1831 CW 2023-02-04 2010 EA2AZ         599 ES15   DM7AA         599 DE13   
QSO:  1831 CW 2023-02-04 2010 EA2AZ         599 ES15   DK5PD         599 DE11   
QSO:  1828 CW 2023-02-04 2011 EA2AZ         599 ES15   EA1X          599 ES05   
QSO:  1831 CW 2023-02-04 2012 EA2AZ         599 ES15   MM9I          599 27     
QSO:  1831 CW 2023-02-04 2012 EA2AZ         599 ES15   LZ5R          599 BG06   
QSO:  1831 CW 2023-02-04 2014 EA2AZ         599 ES15   F4DIA         599 FR01   
QSO:  1831 CW 2023-02-04 2014 EA2AZ         599 ES15   SQ3R          599 PL07   
QSO:  1833 CW 2023-02-04 2015 EA2AZ         599 ES15   YQ6A          599 RO07   
QSO:  1831 CW 2023-02-04 2017 EA2AZ         599 ES15   OZ3SM         599 DK01   
QSO:  1831 CW 2023-02-04 2017 EA2AZ         599 ES15   F6DCQ         599 FR01   
QSO:  1837 CW 2023-02-04 2019 EA2AZ         599 ES15   Z35F          599 28     
QSO:  1831 CW 2023-02-04 2020 EA2AZ         599 ES15   DL4ME         599 DE16   
QSO:  1832 CW 2023-02-04 2021 EA2AZ         599 ES15   OM3GI         599 SK07   
QSO:  1831 CW 2023-02-04 2024 EA2AZ         599 ES15   YT5A          599 28     
QSO:  1831 CW 2023-02-04 2027 EA2AZ         599 ES15   PA0RDT        599 CZ09   
QSO:  1825 CW 2023-02-04 2029 EA2AZ         599 ES15   S53F          599 SI02   
QSO:  1829 CW 2023-02-04 2052 EA2AZ         599 ES15   DK9IP         599 DE01   
QSO:  1829 CW 2023-02-04 2052 EA2AZ         599 ES15   SM2M          599 SE20   
QSO:  1829 CW 2023-02-04 2053 EA2AZ         599 ES15   DC3CC         599 DE08   
QSO:  1829 CW 2023-02-04 2054 EA2AZ         599 ES15   S58RU         599 SI01   
QSO:  1829 CW 2023-02-04 2055 EA2AZ         599 ES15   HB9BXE        599 28     
QSO:  1829 CW 2023-02-04 2056 EA2AZ         599 ES15   PA5KT         599 NL12   
QSO:  1834 CW 2023-02-04 2058 EA2AZ         599 ES15   PA4O          599 NL05   
QSO:  1827 CW 2023-02-04 2103 EA2AZ         599 ES15   F5IN          599 FR04   
QSO:  1819 CW 2023-02-04 2106 EA2AZ         599 ES15   ES7A          599 EE05   
QSO:  1822 CW 2023-02-04 2106 EA2AZ         599 ES15   9A6A          599 HR01   
QSO:  1834 CW 2023-02-04 2108 EA2AZ         599 ES15   OH2BA         599 FI12   
QSO:  1834 CW 2023-02-04 2109 EA2AZ         599 ES15   I3FIY         599 IT21   
QSO:  1835 CW 2023-02-04 2109 EA2AZ         599 ES15   LY7K          599 LT05   
QSO:  1821 CW 2023-02-04 2111 EA2AZ         599 ES15   OK2EA         599 CZ13   
QSO:  1830 CW 2023-02-04 2113 EA2AZ         599 ES15   LY5W          599 LT03   
QSO:  1831 CW 2023-02-04 2115 EA2AZ         599 ES15   IT9LKX        599 IT16   
QSO:  1823 CW 2023-02-04 2117 EA2AZ         599 ES15   DL2OM         599 DE11   
QSO:  1825 CW 2023-02-04 2118 EA2AZ         599 ES15   SO3O          599 PL01   
QSO:  1828 CW 2023-02-04 2121 EA2AZ         599 ES15   9A5X          599 HR05   
QSO:  1832 CW 2023-02-04 2123 EA2AZ         599 ES15   HG5D          599 HU03   
QSO:  1835 CW 2023-02-04 2124 EA2AZ         599 ES15   DD5M          599 DE01   
QSO:  1836 CW 2023-02-04 2126 EA2AZ         599 ES15   IQ3ME         599 IT21   
QSO:  1822 CW 2023-02-04 2127 EA2AZ         599 ES15   SP2R          599 PL11   
QSO:  1823 CW 2023-02-04 2128 EA2AZ         599 ES15   OS0S          599 BE02   
QSO:  1830 CW 2023-02-04 2132 EA2AZ         599 ES15   OE2S          599 AT02   
QSO:  1835 CW 2023-02-04 2133 EA2AZ         599 ES15   I5MXX         599 IT19   
QSO:  1832 CW 2023-02-04 2148 EA2AZ         599 ES15   IQ1RF         599 IT14   
QSO:  1828 CW 2023-02-04 2150 EA2AZ         599 ES15   DL5XJ         599 DE15   
QSO:  1828 CW 2023-02-04 2151 EA2AZ         599 ES15   SK0QO         599 SE01   
QSO:  1828 CW 2023-02-04 2151 EA2AZ         599 ES15   S51Z          599 SI04   
QSO:  1827 CW 2023-02-04 2154 EA2AZ         599 ES15   OK1OA         599 CZ06   
QSO:  1824 CW 2023-02-04 2156 EA2AZ         599 ES15   YL2KO         599 LV05   
QSO:  1822 CW 2023-02-04 2156 EA2AZ         599 ES15   DL2W          599 DE07   
QSO:  1822 CW 2023-02-04 2157 EA2AZ         599 ES15   SV8OVJ        599 GR10   
QSO:  1825 CW 2023-02-04 2159 EA2AZ         599 ES15   OK5OK         599 CZ12   
QSO:  1839 CW 2023-02-04 2201 EA2AZ         599 ES15   OK4YL         599 CZ07   
QSO:  1830 CW 2023-02-04 2204 EA2AZ         599 ES15   IK6BAK        599 IT12   
QSO:  1832 CW 2023-02-04 2205 EA2AZ         599 ES15   RW1A          599 29     
QSO:  1834 CW 2023-02-04 2207 EA2AZ         599 ES15   IZ8RSO        599 IT04   
QSO:  1834 CW 2023-02-04 2207 EA2AZ         599 ES15   HA8BT         599 HU03   
QSO: 14025 CW 2023-02-05 0726 EA2AZ         599 ES15   SM2M          599 SE20   
QSO: 14025 CW 2023-02-05 0726 EA2AZ         599 ES15   9A5X          599 HR05   
QSO: 14025 CW 2023-02-05 0728 EA2AZ         599 ES15   YO4BEW        599 RO02   
QSO: 14025 CW 2023-02-05 0728 EA2AZ         599 ES15   DD5M          599 DE02   
QSO: 14025 CW 2023-02-05 0730 EA2AZ         599 ES15   DM7AA         599 DE13   
QSO: 14025 CW 2023-02-05 0730 EA2AZ         599 ES15   DL4ME         599 DE16   
QSO: 14025 CW 2023-02-05 0732 EA2AZ         599 ES15   EU3A          599 29     
QSO: 14025 CW 2023-02-05 0732 EA2AZ         599 ES15   OH8MBN        599 FI02   
QSO: 14025 CW 2023-02-05 0733 EA2AZ         599 ES15   SP2GMA        599 PL02   
QSO: 14025 CW 2023-02-05 0733 EA2AZ         599 ES15   SP9DLY        599 PL12   
QSO: 14025 CW 2023-02-05 0734 EA2AZ         599 ES15   M0LRQ         599 27     
QSO: 14025 CW 2023-02-05 0734 EA2AZ         599 ES15   RD0A          599 32     
QSO: 14025 CW 2023-02-05 0734 EA2AZ         599 ES15   RX3VF         599 29     
QSO: 14025 CW 2023-02-05 0735 EA2AZ         599 ES15   SO6QU         599 PL09   
QSO: 14025 CW 2023-02-05 0736 EA2AZ         599 ES15   SP3BES        599 PL07   
QSO: 14025 CW 2023-02-05 0736 EA2AZ         599 ES15   DF5EG         599 DE10   
QSO: 14025 CW 2023-02-05 0736 EA2AZ         599 ES15   UC0A          599 32     
QSO: 14025 CW 2023-02-05 0737 EA2AZ         599 ES15   HA6NL         599 HU01   
QSO: 14025 CW 2023-02-05 0737 EA2AZ         599 ES15   RM1T          599 29     
QSO: 14025 CW 2023-02-05 0737 EA2AZ         599 ES15   OK4RQ         599 CZ10   
QSO: 14025 CW 2023-02-05 0738 EA2AZ         599 ES15   R6DMT         599 29     
QSO: 14025 CW 2023-02-05 0738 EA2AZ         599 ES15   UA6AK         599 29     
QSO: 14025 CW 2023-02-05 0739 EA2AZ         599 ES15   SE4E          599 SE16   
QSO: 14025 CW 2023-02-05 0740 EA2AZ         599 ES15   UV1IX         599 29     
QSO: 14025 CW 2023-02-05 0740 EA2AZ         599 ES15   YU5T          599 28     
QSO: 14025 CW 2023-02-05 0740 EA2AZ         599 ES15   SD0N          599 SE01   
QSO: 14025 CW 2023-02-05 0741 EA2AZ         599 ES15   M1X           599 27     
QSO: 14025 CW 2023-02-05 0741 EA2AZ         599 ES15   G3SVK         599 27     
QSO: 14025 CW 2023-02-05 0741 EA2AZ         599 ES15   HA8AP         599 HU03   
QSO: 14025 CW 2023-02-05 0742 EA2AZ         599 ES15   DM2DZM        599 DE13   
QSO: 14025 CW 2023-02-05 0742 EA2AZ         599 ES15   UR7VA         599 29     
QSO: 14025 CW 2023-02-05 0744 EA2AZ         599 ES15   S53BB         599 SI02   
QSO: 14025 CW 2023-02-05 0744 EA2AZ         599 ES15   HG5D          599 HU03   
QSO: 14025 CW 2023-02-05 0744 EA2AZ         599 ES15   OK5M          599 CZ03   
QSO: 14025 CW 2023-02-05 0745 EA2AZ         599 ES15   OE3KAB        599 AT03   
QSO: 14025 CW 2023-02-05 0749 EA2AZ         599 ES15   SP2MKT        599 PL02   
QSO: 14025 CW 2023-02-05 0750 EA2AZ         599 ES15   DF2GW         599 DE02   
QSO: 14025 CW 2023-02-05 0751 EA2AZ         599 ES15   LY5T          599 LT05   
QSO: 14025 CW 2023-02-05 0751 EA2AZ         599 ES15   DL2W          599 DE07   
QSO: 14009 CW 2023-02-05 0752 EA2AZ         599 ES15   P3X           599 CY05   
QSO: 14010 CW 2023-02-05 0752 EA2AZ         599 ES15   SP9XCN        599 PL12   
QSO: 14011 CW 2023-02-05 0753 EA2AZ         599 ES15   SM5IMO        599 SE03   
QSO: 14012 CW 2023-02-05 0754 EA2AZ         599 ES15   LY2J          599 LT05   
QSO: 14025 CW 2023-02-05 0755 EA2AZ         599 ES15   OK2SG         599 CZ03   
QSO: 14013 CW 2023-02-05 0756 EA2AZ         599 ES15   R4ACY         599 29     
QSO: 14025 CW 2023-02-05 0756 EA2AZ         599 ES15   UW8SM         599 29     
QSO: 14014 CW 2023-02-05 0757 EA2AZ         599 ES15   I2VXJ         599 IT11   
QSO: 14025 CW 2023-02-05 0758 EA2AZ         599 ES15   R3ZZ          599 29     
QSO: 14025 CW 2023-02-05 0759 EA2AZ         599 ES15   9M6NA         599 54     
QSO: 14025 CW 2023-02-05 0802 EA2AZ         599 ES15   SP3BBS        599 PL01   
QSO: 14025 CW 2023-02-05 0803 EA2AZ         599 ES15   YL2PJ         599 LV03   
QSO: 14016 CW 2023-02-05 0803 EA2AZ         599 ES15   OK1MAW        599 CZ09   
QSO: 14018 CW 2023-02-05 0806 EA2AZ         599 ES15   I3VWK         599 IT21   
QSO: 14018 CW 2023-02-05 0835 EA2AZ         599 ES15   YO3HEX        599 RO08   
QSO: 14022 CW 2023-02-05 0840 EA2AZ         599 ES15   IK0YUT        599 IT20   
QSO: 14030 CW 2023-02-05 0844 EA2AZ         599 ES15   DL8HK         599 DE12   
QSO: 14030 CW 2023-02-05 0844 EA2AZ         599 ES15   OH7MA         599 FI04   
QSO: 14016 CW 2023-02-05 0846 EA2AZ         599 ES15   9A4WY         599 HR04   
QSO: 14039 CW 2023-02-05 0847 EA2AZ         599 ES15   SN7O          599 PL04   
QSO: 14049 CW 2023-02-05 0851 EA2AZ         599 ES15   SF6W          599 SE12   
QSO: 14050 CW 2023-02-05 0852 EA2AZ         599 ES15   DL1SO         599 DE15   
QSO: 14030 CW 2023-02-05 0853 EA2AZ         599 ES15   YO4NF         599 RO02   
QSO: 14030 CW 2023-02-05 0853 EA2AZ         599 ES15   LZ2CH         599 BG03   
QSO: 14006 CW 2023-02-05 0854 EA2AZ         599 ES15   LZ4A          599 BG06   
QSO: 14008 CW 2023-02-05 0855 EA2AZ         599 ES15   OP5T          599 BE04   
QSO: 14009 CW 2023-02-05 0856 EA2AZ         599 ES15   HA3HO         599 HU07   
QSO: 14030 CW 2023-02-05 0856 EA2AZ         599 ES15   RU4SO         599 29     
QSO: 14012 CW 2023-02-05 0857 EA2AZ         599 ES15   HG6O          599 HU01   
QSO: 14017 CW 2023-02-05 0858 EA2AZ         599 ES15   OM2XW         599 SK03   
QSO: 14018 CW 2023-02-05 0859 EA2AZ         599 ES15   LZ1DQ         599 BG06   
QSO: 14030 CW 2023-02-05 0900 EA2AZ         599 ES15   I3FIY         599 IT21   
QSO: 14030 CW 2023-02-05 0900 EA2AZ         599 ES15   HB9BXE        599 28     
QSO: 14030 CW 2023-02-05 0901 EA2AZ         599 ES15   PA0RDT        599 NL12   
QSO: 14030 CW 2023-02-05 0901 EA2AZ         599 ES15   SN7F          599 PL14   
QSO: 14020 CW 2023-02-05 0902 EA2AZ         599 ES15   A44A          599 39     
QSO: 14030 CW 2023-02-05 0906 EA2AZ         599 ES15   RL2Y          599 29     
QSO: 14023 CW 2023-02-05 0907 EA2AZ         599 ES15   HA3NU         599 HU07   
QSO: 14033 CW 2023-02-05 0909 EA2AZ         599 ES15   HA4YF         599 HU05   
QSO: 14039 CW 2023-02-05 0910 EA2AZ         599 ES15   IZ3ETC        599 IT21   
QSO: 14007 CW 2023-02-05 0912 EA2AZ         599 ES15   SP9R          599 PL03   
QSO: 14014 CW 2023-02-05 0913 EA2AZ         599 ES15   HA2NA         599 HU05   
QSO: 14018 CW 2023-02-05 0914 EA2AZ         599 ES15   RX3Q          599 29     
QSO: 14020 CW 2023-02-05 0916 EA2AZ         599 ES15   IK6BAK        599 IT12   
END-OF-LOG:
