START-OF-LOG: 3.0
CONTEST: EU-DX
CALLSIGN: HA5BA
CATEGORY-OPERATOR: SINGLE-OP
CATEGORY-BAND: ALL
CATEGORY-MODE: CW
CATEGORY-POWER: QRP
CATEGORY-ASSISTED: NON-ASSISTED
CATEGORY-TRANSMITTER: ONE
CLAIMED-SCORE: 222768
CREATED-BY: UcxLog 8.26
NAME: Klara Lendvai
CLUB: HA DX-CLUB
QSO:  7014 CW 2023-02-04 1815 HA5BA         599 HU04   SP1AEN        599 PL11
QSO:  7014 CW 2023-02-04 1816 HA5BA         599 HU04   I3FIY         599 IT21
QSO:  7014 CW 2023-02-04 1816 HA5BA         599 HU04   IK2UEX        599 IT11
QSO:  7006 CW 2023-02-04 1817 HA5BA         599 HU04   SP1NY         599 PL16
QSO:  7005 CW 2023-02-04 1818 HA5BA         599 HU04   ES7A          599 EE05
QSO:  7012 CW 2023-02-04 1820 HA5BA         599 HU04   IU8HEP        599 IT06
QSO:  7010 CW 2023-02-04 1821 HA5BA         599 HU04   YO4DG         599 RO02
QSO:  7020 CW 2023-02-04 1821 HA5BA         599 HU04   DL1DWR        599 DE13
QSO:  7022 CW 2023-02-04 1822 HA5BA         599 HU04   EA1X          599 ES05
QSO:  7024 CW 2023-02-04 1824 HA5BA         599 HU04   F5IN          599 FR04
QSO:  7025 CW 2023-02-04 1825 HA5BA         599 HU04   LZ3ZZ         599 BG06
QSO:  7031 CW 2023-02-04 1826 HA5BA         599 HU04   PI4COM        599 NL10
QSO:  7036 CW 2023-02-04 1828 HA5BA         599 HU04   Z39A          599 A28
QSO:  7028 CW 2023-02-04 1829 HA5BA         599 HU04   DL5XJ         599 DE15
QSO:  7011 CW 2023-02-04 2333 HA5BA         599 HU04   M4T           599 27
QSO:  7012 CW 2023-02-04 2333 HA5BA         599 HU04   HA7A          599 HU04
QSO:  7016 CW 2023-02-04 2335 HA5BA         599 HU04   HA9A          599 HU01
QSO:  7017 CW 2023-02-04 2337 HA5BA         599 HU04   K3RA          599 08
QSO:  7018 CW 2023-02-04 2337 HA5BA         599 HU04   G3SVK         599 27
QSO:  7021 CW 2023-02-04 2340 HA5BA         599 HU04   NT2DR         599 08
QSO:  7003 CW 2023-02-04 2342 HA5BA         599 HU04   NN3W          599 8
QSO:  7010 CW 2023-02-04 2343 HA5BA         599 HU04   DL3UB         599 DE09
QSO:  3522 CW 2023-02-04 2346 HA5BA         599 HU04   OK1AY         599 CZ10
QSO:  3525 CW 2023-02-04 2346 HA5BA         599 HU04   HA2M          599 HU05
QSO:  3528 CW 2023-02-04 2347 HA5BA         599 HU04   OK1DOL        599 CZ10
QSO:  3532 CW 2023-02-04 2348 HA5BA         599 HU04   HA1DAE        599 HU06
QSO:  3534 CW 2023-02-04 2348 HA5BA         599 HU04   YO2LEA        599 RO05
QSO:  3537 CW 2023-02-04 2349 HA5BA         599 HU04   SN8T          599 PL06
QSO:  3540 CW 2023-02-04 2349 HA5BA         599 HU04   HA5JI         599 HU03
QSO:  3526 CW 2023-02-04 2351 HA5BA         599 HU04   OK1PI         599 CZ09
QSO:  3524 CW 2023-02-04 2352 HA5BA         599 HU04   HA6ON         599 HU01
QSO:  3519 CW 2023-02-04 2352 HA5BA         599 HU04   YU5T          599 28
QSO:  3516 CW 2023-02-04 2353 HA5BA         599 HU04   HG5C          599 HU04
QSO:  7033 CW 2023-02-04 2356 HA5BA         599 HU04   I5MXX         599 IT19
QSO:  7002 CW 2023-02-04 2358 HA5BA         599 HU04   K3AJ          599 8
QSO:  3540 CW 2023-02-05 0000 HA5BA         599 HU04   LY2MM         599 LT03
QSO:  3540 CW 2023-02-05 0001 HA5BA         599 HU04   9A6A          599 HR01
QSO:  3544 CW 2023-02-05 0001 HA5BA         599 HU04   SP1AEN        599 PL11
QSO:  3528 CW 2023-02-05 0002 HA5BA         599 HU04   OK2EA         599 CZ13
QSO:  3530 CW 2023-02-05 0004 HA5BA         599 HU04   OM3GI         599 SK07
QSO:  3521 CW 2023-02-05 0006 HA5BA         599 HU04   IT9IVU        599 IT16
QSO:  3510 CW 2023-02-05 0006 HA5BA         599 HU04   OK1DX         599 CZ10
QSO:  3508 CW 2023-02-05 0007 HA5BA         599 HU04   HG8W          599 HU03
QSO:  3511 CW 2023-02-05 0008 HA5BA         599 HU04   YU1RA         599 28
QSO:  3515 CW 2023-02-05 0008 HA5BA         599 HU04   E74A          599 28
QSO:  3519 CW 2023-02-05 0009 HA5BA         599 HU04   OM8AA         599 SK07
QSO:  3525 CW 2023-02-05 0010 HA5BA         599 HU04   9A5X          599 HR05
QSO:  3536 CW 2023-02-05 0011 HA5BA         599 HU04   YT5DM         599 28
QSO:  3524 CW 2023-02-05 0013 HA5BA         599 HU04   EW8DX         599 29
QSO:  3518 CW 2023-02-05 0013 HA5BA         599 HU04   HG1G          599 HU06
QSO: 14014 CW 2023-02-05 0843 HA5BA         599 HU04   I2VXJ         599 IT11
QSO: 14016 CW 2023-02-05 0849 HA5BA         599 HU04   PA3DBS        599 NL07
QSO: 14015 CW 2023-02-05 0850 HA5BA         599 HU04   RK3ER         599 29
QSO: 14020 CW 2023-02-05 0852 HA5BA         599 HU04   I3FIY         599 IT21
QSO: 14023 CW 2023-02-05 0852 HA5BA         599 HU04   IK0YUT        599 IT20
QSO: 14035 CW 2023-02-05 0858 HA5BA         599 HU04   I6FDJ         599 IT12
QSO: 14044 CW 2023-02-05 0859 HA5BA         599 HU04   RN6AT         599 29
QSO: 14051 CW 2023-02-05 0900 HA5BA         599 HU04   DL1SO         599 DE15
QSO: 14046 CW 2023-02-05 0901 HA5BA         599 HU04   SK0QO         599 SE01
QSO: 14049 CW 2023-02-05 0902 HA5BA         599 HU04   SF6W          599 SE12
QSO: 14042 CW 2023-02-05 0902 HA5BA         599 HU04   F5SGI         599 FR03
QSO: 14040 CW 2023-02-05 0906 HA5BA         599 HU04   G4ERW         599 27
QSO: 14039 CW 2023-02-05 0906 HA5BA         599 HU04   IZ3ETC        599 IT21
QSO: 14036 CW 2023-02-05 0945 HA5BA         599 HU04   F5MGD         599 FR07
QSO: 14034 CW 2023-02-05 0946 HA5BA         599 HU04   I2CZQ         599 IT11
QSO: 14022 CW 2023-02-05 0949 HA5BA         599 HU04   OZ7BQ         599 DK01
QSO: 21020 CW 2023-02-05 0952 HA5BA         599 HU04   RA3BQ         599 29
QSO: 21017 CW 2023-02-05 0952 HA5BA         599 HU04   RX9AF         599 30
QSO: 21015 CW 2023-02-05 0953 HA5BA         599 HU04   EA5FID        599 ES04
QSO: 21013 CW 2023-02-05 0953 HA5BA         599 HU04   R3OM          599 29
QSO: 21010 CW 2023-02-05 0953 HA5BA         599 HU04   RW7F          599 29
QSO: 21003 CW 2023-02-05 0954 HA5BA         599 HU04   2E0CVN        599 27
QSO: 21007 CW 2023-02-05 0955 HA5BA         599 HU04   EA1X          599 ES05
QSO: 21012 CW 2023-02-05 0955 HA5BA         599 HU04   SE4E          599 SE16
QSO: 21020 CW 2023-02-05 0956 HA5BA         599 HU04   UA3R          599 29
QSO: 21025 CW 2023-02-05 0957 HA5BA         599 HU04   CT3KN         599 PT06
QSO: 21028 CW 2023-02-05 0958 HA5BA         599 HU04   F5SGI         599 FR03
QSO: 21035 CW 2023-02-05 0959 HA5BA         599 HU04   RM1T          599 29
QSO: 21040 CW 2023-02-05 1000 HA5BA         599 HU04   RU9LA         599 30
QSO: 21043 CW 2023-02-05 1001 HA5BA         599 HU04   R4IO          599 29
QSO: 21045 CW 2023-02-05 1001 HA5BA         599 HU04   UA9CTT        599 30
QSO: 28013 CW 2023-02-05 1002 HA5BA         599 HU04   EA4AOC        599 ES06
QSO: 28015 CW 2023-02-05 1003 HA5BA         599 HU04   RW9DX         599 30
QSO: 28036 CW 2023-02-05 1006 HA5BA         599 HU04   ZD7BG         599 66
QSO: 28031 CW 2023-02-05 1007 HA5BA         599 HU04   EB7KA         599 ES01
QSO: 28029 CW 2023-02-05 1008 HA5BA         599 HU04   EA1X          599 ES05
QSO: 28027 CW 2023-02-05 1008 HA5BA         599 HU04   SM2M          599 SE20
QSO: 28021 CW 2023-02-05 1010 HA5BA         599 HU04   RW1A          599 29
QSO: 28040 CW 2023-02-05 1012 HA5BA         599 HU04   OH8MBN        599 FI02
QSO:  7014 CW 2023-02-05 1014 HA5BA         599 HU04   DM6WAN        599 DE13
QSO:  7015 CW 2023-02-05 1014 HA5BA         599 HU04   IQ3ME         599 IT21
QSO:  7012 CW 2023-02-05 1014 HA5BA         599 HU04   OM3TZZ        599 SK02
QSO:  7015 CW 2023-02-05 1015 HA5BA         599 HU04   S58MU         599 SI04
QSO:  7013 CW 2023-02-05 1016 HA5BA         599 HU04   SN6S          599 PL09
QSO:  7015 CW 2023-02-05 1017 HA5BA         599 HU04   YO5ODT        599 RO06
QSO:  7017 CW 2023-02-05 1018 HA5BA         599 HU04   SP3ZHP        599 PL01
QSO:  7018 CW 2023-02-05 1018 HA5BA         599 HU04   HA3NU         599 HU07
QSO:  7025 CW 2023-02-05 1019 HA5BA         599 HU04   SP9JZT        599 PL03
QSO:  7028 CW 2023-02-05 1020 HA5BA         599 HU04   HA5VJ         599 HU04
QSO:  7026 CW 2023-02-05 1021 HA5BA         599 HU04   DL2RTJ        599 DE16
QSO:  7024 CW 2023-02-05 1022 HA5BA         599 HU04   HA8MD         599 HU03
QSO:  7027 CW 2023-02-05 1022 HA5BA         599 HU04   S58D          599 SI02
QSO:  7017 CW 2023-02-05 1024 HA5BA         599 HU04   HA3HO         599 HU07
QSO:  7013 CW 2023-02-05 1025 HA5BA         599 HU04   OM3CFR        599 SK02
QSO: 14034 CW 2023-02-05 1027 HA5BA         599 HU04   DL7YS         599 DE03
QSO: 14030 CW 2023-02-05 1028 HA5BA         599 HU04   DL1NKS        599 DE02
QSO: 14032 CW 2023-02-05 1029 HA5BA         599 HU04   SP2MKI        599 PL02
QSO: 14038 CW 2023-02-05 1030 HA5BA         599 HU04   SM6TOL        599 SE12
QSO: 14049 CW 2023-02-05 1031 HA5BA         599 HU04   F5PHY         599 FR10
QSO: 14051 CW 2023-02-05 1031 HA5BA         599 HU04   LY2MM         599 LT03
QSO: 14051 CW 2023-02-05 1032 HA5BA         599 HU04   YT2ISM        599 28
QSO: 14019 CW 2023-02-05 1033 HA5BA         599 HU04   OS0S          599 BE02
QSO: 14015 CW 2023-02-05 1034 HA5BA         599 HU04   SM0HRP        599 SE01
QSO: 14013 CW 2023-02-05 1035 HA5BA         599 HU04   DJ0YI         599 DE01
QSO: 14014 CW 2023-02-05 1035 HA5BA         599 HU04   DL0RD         599 DE10
QSO: 14026 CW 2023-02-05 1036 HA5BA         599 HU04   R6HV          599 29
QSO: 14036 CW 2023-02-05 1037 HA5BA         599 HU04   SP1D          599 PL16
QSO: 14039 CW 2023-02-05 1038 HA5BA         599 HU04   DR2C          599 DE15
QSO: 14039 CW 2023-02-05 1039 HA5BA         599 HU04   RC6U          599 29
QSO: 14044 CW 2023-02-05 1039 HA5BA         599 HU04   R2RA          599 29
QSO: 14047 CW 2023-02-05 1052 HA5BA         599 HU04   ES5NY         599 EE05
QSO: 14041 CW 2023-02-05 1053 HA5BA         599 HU04   I5MXX         599 IT19
QSO: 14027 CW 2023-02-05 1054 HA5BA         599 HU04   DL2OM         599 DE11
QSO: 14015 CW 2023-02-05 1056 HA5BA         599 HU04   F8DGY         599 FR08
QSO: 14007 CW 2023-02-05 1056 HA5BA         599 HU04   RW7F          599 29
QSO: 14005 CW 2023-02-05 1058 HA5BA         599 HU04   DL0GEO        599 DE08
QSO: 14007 CW 2023-02-05 1059 HA5BA         599 HU04   DL3UB         599 DE09
QSO: 14011 CW 2023-02-05 1059 HA5BA         599 HU04   DC9RI         599 DE07
QSO: 28014 CW 2023-02-05 1100 HA5BA         599 HU04   CR5O          599 PT05
QSO: 28050 CW 2023-02-05 1101 HA5BA         599 HU04   R9AE          599 30
QSO: 21041 CW 2023-02-05 1104 HA5BA         599 HU04   SD0N          599 SE01
QSO: 21042 CW 2023-02-05 1105 HA5BA         599 HU04   RK2M          599 29
QSO: 21052 CW 2023-02-05 1105 HA5BA         599 HU04   UA4LL         599 29
QSO: 21057 CW 2023-02-05 1106 HA5BA         599 HU04   UA1TES        599 29
QSO: 14010 CW 2023-02-05 1113 HA5BA         599 HU04   IT9LKX        599 IT16
QSO: 14012 CW 2023-02-05 1114 HA5BA         599 HU04   LZ3M          599 BG04
QSO: 14013 CW 2023-02-05 1114 HA5BA         599 HU04   IK2VEX        599 IT11
QSO: 14022 CW 2023-02-05 1116 HA5BA         599 HU04   HA5BMS        599 HU04
QSO: 14024 CW 2023-02-05 1116 HA5BA         599 HU04   YL3FT         599 LV05
QSO: 14031 CW 2023-02-05 1117 HA5BA         599 HU04   SN1T          599 PL11
QSO: 14032 CW 2023-02-05 1117 HA5BA         599 HU04   EW1TZ         599 29
QSO: 14037 CW 2023-02-05 1118 HA5BA         599 HU04   DF1MM         599 DE08
QSO: 14042 CW 2023-02-05 1119 HA5BA         599 HU04   DL7ON         599 DE04
QSO: 14044 CW 2023-02-05 1119 HA5BA         599 HU04   DL9SEV        599 DE01
QSO: 14046 CW 2023-02-05 1120 HA5BA         599 HU04   DL9ZP         599 DE09
QSO: 14041 CW 2023-02-05 1122 HA5BA         599 HU04   PA5KT         599 NL12
QSO: 14036 CW 2023-02-05 1124 HA5BA         599 HU04   PA3FQA        599 NL09
QSO: 14036 CW 2023-02-05 1124 HA5BA         599 HU04   DK5XG         599 DE06
QSO:  7017 CW 2023-02-05 1126 HA5BA         599 HU04   OM3RM         599 SK02
QSO:  7020 CW 2023-02-05 1127 HA5BA         599 HU04   HA4FY         599 HU05
QSO:  7021 CW 2023-02-05 1127 HA5BA         599 HU04   HG8K          599 HU03
QSO:  7022 CW 2023-02-05 1128 HA5BA         599 HU04   SQ8LUU        599 PL06
QSO:  7028 CW 2023-02-05 1129 HA5BA         599 HU04   OM8AA         599 SK07
QSO:  7031 CW 2023-02-05 1131 HA5BA         599 HU04   SN5J          599 PL08
QSO:  7032 CW 2023-02-05 1133 HA5BA         599 HU04   HA8TKS        599 HU03
QSO:  7032 CW 2023-02-05 1133 HA5BA         599 HU04   SP9XCN        599 PL12
QSO:  7032 CW 2023-02-05 1134 HA5BA         599 HU04   Z32TO         599 28
QSO:  7032 CW 2023-02-05 1134 HA5BA         599 HU04   YT2B          599 28
QSO:  7014 CW 2023-02-05 1136 HA5BA         599 HU04   OK2HBR        599 CZ08
QSO:  7011 CW 2023-02-05 1137 HA5BA         599 HU04   SP2FAP        599 PL15
QSO:  7019 CW 2023-02-05 1138 HA5BA         599 HU04   DD5M          599 DE02
QSO:  7020 CW 2023-02-05 1138 HA5BA         599 HU04   YU1ED         599 28
QSO:  7022 CW 2023-02-05 1139 HA5BA         599 HU04   HA2VH         599 HU04
QSO:  7018 CW 2023-02-05 1140 HA5BA         599 HU04   DL6AG         599 DE13
QSO:  7030 CW 2023-02-05 1141 HA5BA         599 HU04   OK1FMJ        599 CZ09
QSO:  7031 CW 2023-02-05 1142 HA5BA         599 HU04   I2IOJ         599 IT11
QSO: 21050 CW 2023-02-05 1143 HA5BA         599 HU04   9H1CG         599 MT03
QSO: 21054 CW 2023-02-05 1145 HA5BA         599 HU04   E72U          599 28
QSO: 21034 CW 2023-02-05 1146 HA5BA         599 HU04   4L8A          599 29
QSO: 21046 CW 2023-02-05 1147 HA5BA         599 HU04   RD0A          599 32
QSO: 21030 CW 2023-02-05 1148 HA5BA         599 HU04   RC9J          599 21
QSO: 21028 CW 2023-02-05 1149 HA5BA         599 HU04   HA5GF         599 HU04
QSO: 21008 CW 2023-02-05 1152 HA5BA         599 HU04   EA5IFY        599 ES04
QSO: 21012 CW 2023-02-05 1154 HA5BA         599 HU04   RA4Y          599 29
QSO: 21021 CW 2023-02-05 1154 HA5BA         599 HU04   R8LA          599 30
QSO: 14048 CW 2023-02-05 1155 HA5BA         599 HU04   PA2W          599 NL11
QSO: 14053 CW 2023-02-05 1156 HA5BA         599 HU04   YL3GQ         599 LV04
QSO: 14038 CW 2023-02-05 1157 HA5BA         599 HU04   RN6MA         599 29
QSO: 14037 CW 2023-02-05 1158 HA5BA         599 HU04   YL3FW         599 LV02
QSO: 14033 CW 2023-02-05 1159 HA5BA         599 HU04   I2WIJ         599 IT11
END-OF-LOG:
