START-OF-LOG: 3.0
CONTEST: EU-DX
CALLSIGN: HA5MIG
CATEGORY-OPERATOR: SINGLE-OP
CATEGORY-BAND: ALL
CATEGORY-MODE: SSB
CATEGORY-POWER: HIGH
CATEGORY-ASSISTED: ASSISTED
CATEGORY-TRANSMITTER: ONE
CLAIMED-SCORE: 1244130
CREATED-BY: UcxLog 8.26
OPERATORS: HA5MIG
NAME: Zoltan Nemes
QSO: 28000 PH 2023-02-04 1340 HA5MIG        59  HU04   CT2HOV        59  PT07
QSO: 28000 PH 2023-02-04 1356 HA5MIG        59  HU04   4X6TT         59  39
QSO: 28000 PH 2023-02-04 1407 HA5MIG        59  HU04   LC5C          59  18
QSO: 21000 PH 2023-02-04 1412 HA5MIG        59  HU04   G0WJK         59  27
QSO: 21000 PH 2023-02-04 1413 HA5MIG        59  HU04   EA2AOO/P      59  ES15
QSO: 21000 PH 2023-02-04 1413 HA5MIG        59  HU04   M5KJM         59  27
QSO: 21000 PH 2023-02-04 1414 HA5MIG        59  HU04   TA6B          59  39
QSO: 21000 PH 2023-02-04 1415 HA5MIG        59  HU04   F4DXP         59  FR03
QSO: 21000 PH 2023-02-04 1416 HA5MIG        59  HU04   HA8EV         59  HU04
QSO: 21000 PH 2023-02-04 1416 HA5MIG        59  HU04   EA7ATX        59  ES01
QSO: 21000 PH 2023-02-04 1417 HA5MIG        59  HU04   SE5W          59  SE02
QSO: 21000 PH 2023-02-04 1417 HA5MIG        59  HU04   HA5GF         59  HU04
QSO: 21000 PH 2023-02-04 1418 HA5MIG        59  HU04   F4ADZ         59  FR09
QSO: 21000 PH 2023-02-04 1419 HA5MIG        59  HU04   M0NSZ         59  27
QSO: 21000 PH 2023-02-04 1419 HA5MIG        59  HU04   RW1F          59  29
QSO: 21000 PH 2023-02-04 1419 HA5MIG        59  HU04   M1AOB         59  27
QSO: 21000 PH 2023-02-04 1422 HA5MIG        59  HU04   RW3DU         59  29
QSO: 21000 PH 2023-02-04 1425 HA5MIG        59  HU04   RW3AI         59  29
QSO: 21000 PH 2023-02-04 1428 HA5MIG        59  HU04   M0PLX/M       59  27
QSO: 21000 PH 2023-02-04 1433 HA5MIG        59  HU04   F5OHM         59  FR04
QSO: 21000 PH 2023-02-04 1433 HA5MIG        59  HU04   SK2T          59  SE20
QSO: 21000 PH 2023-02-04 1434 HA5MIG        59  HU04   F5MMF         59  FR10
QSO: 21000 PH 2023-02-04 1439 HA5MIG        59  HU04   ES4RD         59  EE04
QSO: 21000 PH 2023-02-04 1440 HA5MIG        59  HU04   W1NVT         59  08
QSO: 21000 PH 2023-02-04 1443 HA5MIG        59  HU04   A44A          59  39
QSO: 21000 PH 2023-02-04 1444 HA5MIG        59  HU04   CT2HOV        59  PT07
QSO: 14000 PH 2023-02-04 1508 HA5MIG        59  HU04   ON6GMT        59  BE02
QSO: 14000 PH 2023-02-04 1509 HA5MIG        59  HU04   ON5GM         59  BE03
QSO: 14000 PH 2023-02-04 1514 HA5MIG        59  HU04   RZ3Z          59  29
QSO: 14000 PH 2023-02-04 1516 HA5MIG        59  HU04   UA9CUA        59  30
QSO: 14000 PH 2023-02-04 1516 HA5MIG        59  HU04   DL4VAI        59  DE12
QSO: 14000 PH 2023-02-04 1516 HA5MIG        59  HU04   DD3JN         59  DE10
QSO: 14000 PH 2023-02-04 1516 HA5MIG        59  HU04   UA3BL         59  29
QSO: 14000 PH 2023-02-04 1517 HA5MIG        59  HU04   IK6LBT        59  IT12
QSO: 14000 PH 2023-02-04 1517 HA5MIG        59  HU04   LY3AB         59  LT02
QSO: 14000 PH 2023-02-04 1518 HA5MIG        59  HU04   F1JGJ         59  FR09
QSO: 14000 PH 2023-02-04 1518 HA5MIG        59  HU04   PA4J          59  NL12
QSO: 14000 PH 2023-02-04 1519 HA5MIG        59  HU04   DL7ZT         59  DE04
QSO: 14000 PH 2023-02-04 1519 HA5MIG        59  HU04   SV8DJW        59  GR10
QSO: 14000 PH 2023-02-04 1519 HA5MIG        59  HU04   R2AY          59  29
QSO: 14000 PH 2023-02-04 1519 HA5MIG        59  HU04   SE4E          59  SE16
QSO: 14000 PH 2023-02-04 1520 HA5MIG        59  HU04   IK2HTY        59  IT11
QSO: 14000 PH 2023-02-04 1520 HA5MIG        59  HU04   IT9IRM        59  I28T16
QSO: 14000 PH 2023-02-04 1521 HA5MIG        59  HU04   SK2T          59  SE20
QSO: 14000 PH 2023-02-04 1522 HA5MIG        59  HU04   OZ5HAJ        59  DK02
QSO: 14000 PH 2023-02-04 1525 HA5MIG        59  HU04   DL1PT         59  DE08
QSO: 14000 PH 2023-02-04 1525 HA5MIG        59  HU04   F4JIK         59  FR08
QSO: 14000 PH 2023-02-04 1527 HA5MIG        59  HU04   SM5JVF        59  SE15
QSO: 14000 PH 2023-02-04 1528 HA5MIG        59  HU04   DL8UV         59  DE11
QSO: 14000 PH 2023-02-04 1529 HA5MIG        59  HU04   TA5O          59  39
QSO: 14000 PH 2023-02-04 1531 HA5MIG        59  HU04   SV2RSZ        59  GR03
QSO: 14000 PH 2023-02-04 1531 HA5MIG        59  HU04   LC5C          59  18
QSO: 14000 PH 2023-02-04 1532 HA5MIG        59  HU04   G0DDZ         59  27
QSO: 14000 PH 2023-02-04 1535 HA5MIG        59  HU04   TA4RC         59  39
QSO: 14000 PH 2023-02-04 1535 HA5MIG        59  HU04   ON3GEO        59  BE04
QSO: 14000 PH 2023-02-04 1537 HA5MIG        59  HU04   PE1OXP        59  NL05
QSO: 14000 PH 2023-02-04 1537 HA5MIG        59  HU04   SE5W          59  SE02
QSO: 14000 PH 2023-02-04 1539 HA5MIG        59  HU04   DD9EN         59  DE10
QSO: 14000 PH 2023-02-04 1539 HA5MIG        59  HU04   DJ7NT         59  DE11
QSO: 14000 PH 2023-02-04 1543 HA5MIG        59  HU04   R3IBZ         59  29
QSO: 14000 PH 2023-02-04 1544 HA5MIG        59  HU04   PD9DX         59  NL09
QSO: 14000 PH 2023-02-04 1545 HA5MIG        59  HU04   PD2TW         59  NL05
QSO: 14000 PH 2023-02-04 1546 HA5MIG        59  HU04   HA5MI         59  HU04
QSO: 14000 PH 2023-02-04 1548 HA5MIG        59  HU04   OZ1ADL        59  DK02
QSO: 14000 PH 2023-02-04 1549 HA5MIG        59  HU04   P3AA          59  CY05
QSO: 14000 PH 2023-02-04 1550 HA5MIG        59  HU04   F5OHM         59  FR04
QSO: 14000 PH 2023-02-04 1551 HA5MIG        59  HU04   A44A          59  39
QSO: 14000 PH 2023-02-04 1551 HA5MIG        59  HU04   F4AIF         59  FR01
QSO: 14000 PH 2023-02-04 1552 HA5MIG        59  HU04   M0PLX/M       59  27
QSO: 14000 PH 2023-02-04 1553 HA5MIG        59  HU04   R100GA        59  29
QSO: 14000 PH 2023-02-04 1600 HA5MIG        59  HU04   RW1F          59  29
QSO: 14000 PH 2023-02-04 1601 HA5MIG        59  HU04   SM5DXR        59  SE15
QSO: 14000 PH 2023-02-04 1601 HA5MIG        59  HU04   OZ1DYI        59  DK05
QSO: 14000 PH 2023-02-04 1604 HA5MIG        59  HU04   OZ4NA         59  DK03
QSO: 14000 PH 2023-02-04 1606 HA5MIG        59  HU04   4X1ST         59  39
QSO:  7000 PH 2023-02-04 1616 HA5MIG        59  HU04   S59DM         59  SI04
QSO:  7000 PH 2023-02-04 1616 HA5MIG        59  HU04   IK6SXQ        59  IT12
QSO:  7000 PH 2023-02-04 1617 HA5MIG        59  HU04   IK6LBT        59  IT12
QSO:  7000 PH 2023-02-04 1617 HA5MIG        59  HU04   SP5X          59  PL08
QSO:  7000 PH 2023-02-04 1617 HA5MIG        59  HU04   IZ2BVC        59  IT11
QSO:  7000 PH 2023-02-04 1618 HA5MIG        59  HU04   OE40XTU       59  AT01
QSO:  7000 PH 2023-02-04 1618 HA5MIG        59  HU04   DL9YJ         59  DE07
QSO:  7000 PH 2023-02-04 1620 HA5MIG        59  HU04   DL3YAZ        59  DE01
QSO:  7000 PH 2023-02-04 1621 HA5MIG        59  HU04   SP3DFB        59  PL01
QSO:  7000 PH 2023-02-04 1621 HA5MIG        59  HU04   DB6VP         59  DE12
QSO:  7000 PH 2023-02-04 1622 HA5MIG        59  HU04   SQ8LUU        59  PL06
QSO:  7000 PH 2023-02-04 1623 HA5MIG        59  HU04   HA4BF         59  HU04
QSO:  7000 PH 2023-02-04 1623 HA5MIG        59  HU04   YO5QDI        59  RO06
QSO:  7000 PH 2023-02-04 1623 HA5MIG        59  HU04   SN6S          59  PL09
QSO:  7000 PH 2023-02-04 1624 HA5MIG        59  HU04   F5OHM         59  FR04
QSO:  7000 PH 2023-02-04 1625 HA5MIG        59  HU04   OE9RJJ        59  AT09
QSO:  7000 PH 2023-02-04 1625 HA5MIG        59  HU04   DL5RU         59  DE02
QSO:  7000 PH 2023-02-04 1625 HA5MIG        59  HU04   HA8KM         59  HU03
QSO:  7000 PH 2023-02-04 1625 HA5MIG        59  HU04   DL4VAI        59  DE12
QSO:  7000 PH 2023-02-04 1626 HA5MIG        59  HU04   SN7R          59  PL04
QSO:  7000 PH 2023-02-04 1626 HA5MIG        59  HU04   RZ3Z          59  29
QSO:  7000 PH 2023-02-04 1627 HA5MIG        59  HU04   YO5MCM        59  RO06
QSO:  7000 PH 2023-02-04 1628 HA5MIG        59  HU04   HA8EV         59  HU04
QSO:  7000 PH 2023-02-04 1629 HA5MIG        59  HU04   SK2T          59  SE20
QSO:  7000 PH 2023-02-04 1629 HA5MIG        59  HU04   DK6WT         59  DE07
QSO:  7000 PH 2023-02-04 1630 HA5MIG        59  HU04   HB9CNY        59  28
QSO:  7000 PH 2023-02-04 1630 HA5MIG        59  HU04   SN3N          59  PL07
QSO:  7000 PH 2023-02-04 1630 HA5MIG        59  HU04   YU4ASV        59  28
QSO:  7000 PH 2023-02-04 1631 HA5MIG        59  HU04   PA7TG         59  NL08
QSO:  7000 PH 2023-02-04 1631 HA5MIG        59  HU04   SQ3TGN        59  PL01
QSO:  7000 PH 2023-02-04 1631 HA5MIG        59  HU04   HG8XKO        59  HU03
QSO:  7000 PH 2023-02-04 1632 HA5MIG        59  HU04   DB5ZF         59  DE07
QSO:  7000 PH 2023-02-04 1632 HA5MIG        59  HU04   HA2D          59  HU05
QSO:  7000 PH 2023-02-04 1634 HA5MIG        59  HU04   F4DXP         59  FR03
QSO:  7000 PH 2023-02-04 1634 HA5MIG        59  HU04   IW7ED         59  IT03
QSO:  7000 PH 2023-02-04 1635 HA5MIG        59  HU04   SN1F          59  PL16
QSO:  7000 PH 2023-02-04 1637 HA5MIG        59  HU04   9A2EY         59  HR01
QSO:  7000 PH 2023-02-04 1638 HA5MIG        59  HU04   DF9HC         59  DE09
QSO:  7000 PH 2023-02-04 1638 HA5MIG        59  HU04   IN3JHZ        59  IT18
QSO:  7000 PH 2023-02-04 1639 HA5MIG        59  HU04   IQ3QU         59  IT21
QSO:  7000 PH 2023-02-04 1640 HA5MIG        59  HU04   E75RKM        59  28
QSO:  7000 PH 2023-02-04 1641 HA5MIG        59  HU04   PD2TW         59  NL05
QSO:  7000 PH 2023-02-04 1642 HA5MIG        59  HU04   DJ6PE         59  DE15
QSO:  7000 PH 2023-02-04 1642 HA5MIG        59  HU04   SP9PD         59  PL12
QSO:  7000 PH 2023-02-04 1643 HA5MIG        59  HU04   DL/UT1AN      59  DE02
QSO:  7000 PH 2023-02-04 1644 HA5MIG        59  HU04   S57YB         59  SI04
QSO:  7000 PH 2023-02-04 1645 HA5MIG        59  HU04   UA3BL         59  29
QSO:  7000 PH 2023-02-04 1646 HA5MIG        59  HU04   PI4CC         59  NL10
QSO:  7000 PH 2023-02-04 1647 HA5MIG        59  HU04   IK2CIO        59  IT11
QSO:  7000 PH 2023-02-04 1647 HA5MIG        59  HU04   PA1BK         59  NL03
QSO:  7000 PH 2023-02-04 1648 HA5MIG        59  HU04   DC7UP         59  DE04
QSO:  7000 PH 2023-02-04 1649 HA5MIG        59  HU04   DB5SM         59  DE02
QSO:  7000 PH 2023-02-04 1650 HA5MIG        59  HU04   S52ON         59  SI04
QSO:  7000 PH 2023-02-04 1650 HA5MIG        59  HU04   PC2K          59  NL11
QSO:  7000 PH 2023-02-04 1654 HA5MIG        59  HU04   SN6E          59  PL05
QSO:  7000 PH 2023-02-04 1654 HA5MIG        59  HU04   RW1F          59  29
QSO:  7000 PH 2023-02-04 1655 HA5MIG        59  HU04   ER3CT         59  29
QSO:  7000 PH 2023-02-04 1657 HA5MIG        59  HU04   SO5C          59  PL08
QSO:  7000 PH 2023-02-04 1658 HA5MIG        59  HU03   DC5CH         59  DE02
QSO:  7000 PH 2023-02-04 1658 HA5MIG        59  HU04   HA6PJ         59  HU01
QSO:  7000 PH 2023-02-04 1700 HA5MIG        59  HU04   SB5X          59  SE04
QSO:  7000 PH 2023-02-04 1703 HA5MIG        59  HU04   UZ7M          59  29
QSO:  7000 PH 2023-02-04 1704 HA5MIG        59  HU04   SP1SR         59  PL07
QSO:  7000 PH 2023-02-04 1704 HA5MIG        59  HU04   DJ0MA         59  DE02
QSO:  7000 PH 2023-02-04 1705 HA5MIG        59  HU04   SM2M          59  SE10
QSO:  7000 PH 2023-02-04 1705 HA5MIG        59  HU04   S53BB         59  SI04
QSO:  7000 PH 2023-02-04 1705 HA5MIG        59  HU04   F4AIF         59  FR01
QSO:  7000 PH 2023-02-04 1706 HA5MIG        59  HU04   IU0DHV        59  IT09
QSO:  7000 PH 2023-02-04 1707 HA5MIG        59  HU04   SP9EXE        59  PL12
QSO:  7000 PH 2023-02-04 1708 HA5MIG        59  HU04   YO7OWI        59  RO03
QSO:  7000 PH 2023-02-04 1709 HA5MIG        59  HU04   OK1JCB        59  CZ02
QSO:  7000 PH 2023-02-04 1709 HA5MIG        59  HU04   DD3JN         59  DE10
QSO:  7000 PH 2023-02-04 1710 HA5MIG        59  HU04   PA0KDV        59  NL03
QSO:  7000 PH 2023-02-04 1713 HA5MIG        59  HU04   YU4VIK        59  28
QSO:  7000 PH 2023-02-04 1714 HA5MIG        59  HU04   DB9SH         59  DE02
QSO:  7000 PH 2023-02-04 1715 HA5MIG        59  HU04   DC1TK         59  DE02
QSO:  7000 PH 2023-02-04 1716 HA5MIG        59  HU04   IQ3ME         59  IT21
QSO:  7000 PH 2023-02-04 1717 HA5MIG        59  HU04   DC1OZ         59  DE01
QSO:  7000 PH 2023-02-04 1719 HA5MIG        59  HU04   DL7NY         59  DE03
QSO:  7000 PH 2023-02-04 1720 HA5MIG        59  HU04   PA0BDG        59  NL04
QSO:  7000 PH 2023-02-04 1721 HA5MIG        59  HU04   OZ1ADL        59  DK02
QSO:  7000 PH 2023-02-04 1722 HA5MIG        59  HU04   S58M          59  SI02
QSO:  7000 PH 2023-02-04 1723 HA5MIG        59  HU04   DL6MRM        59  DE14
QSO:  7000 PH 2023-02-04 1723 HA5MIG        59  HU04   9A6KX         59  HR04
QSO:  7000 PH 2023-02-04 1724 HA5MIG        59  HU04   EV1R          59  29
QSO:  7000 PH 2023-02-04 1725 HA5MIG        59  HU04   LZ3ZZ         59  BG06
QSO:  7000 PH 2023-02-04 1726 HA5MIG        59  HU04   OZ30EU        59  DK01
QSO:  7000 PH 2023-02-04 1728 HA5MIG        59  HU04   E77EA         59  28
QSO:  7000 PH 2023-02-04 1729 HA5MIG        59  HU04   OK1KKI        59  CZ02
QSO:  7000 PH 2023-02-04 1730 HA5MIG        59  HU04   HB9OAU        59  28
QSO:  7000 PH 2023-02-04 1730 HA5MIG        59  HU04   IZ2FOS        59  IT11
QSO:  7000 PH 2023-02-04 1731 HA5MIG        59  HU04   SO7E          59  PL04
QSO: 14000 PH 2023-02-04 1732 HA5MIG        59  HU04   OZ11A         59  DK03
QSO: 14000 PH 2023-02-04 1735 HA5MIG        59  HU04   TA3NE         59  39
QSO: 14000 PH 2023-02-04 1737 HA5MIG        59  HU04   EA4HPY        59  ES03
QSO: 14000 PH 2023-02-04 1737 HA5MIG        59  HU04   RT3F          59  29
QSO: 14000 PH 2023-02-04 1739 HA5MIG        59  HU04   K2SSS         59  08
QSO: 14000 PH 2023-02-04 1741 HA5MIG        59  HU04   K1JB          59  08
QSO:  3500 PH 2023-02-04 1756 HA5MIG        59  HU04   YT3E          59  28
QSO:  3500 PH 2023-02-04 1756 HA5MIG        59  HU04   HA8EV         59  HU04
QSO:  3500 PH 2023-02-04 1803 HA5MIG        59  HU04   ER3CT         59  29
QSO:  3500 PH 2023-02-04 1804 HA5MIG        59  HU04   YT5DM         59  28
QSO:  3500 PH 2023-02-04 1809 HA5MIG        59  HU04   OE4EIE        59  AT04
QSO:  3500 PH 2023-02-04 1809 HA5MIG        59  HU04   DL6MRM        59  DE14
QSO:  3500 PH 2023-02-04 1810 HA5MIG        59  HU04   OK2BZE        59  CZ07
QSO:  3500 PH 2023-02-04 1817 HA5MIG        59  HU04   OM5JA         59  SK04
QSO:  3500 PH 2023-02-04 1818 HA5MIG        59  HU04   DL4VAI        59  DE12
QSO:  3500 PH 2023-02-04 1822 HA5MIG        59  HU04   YO5PVZ        59  RO06
QSO:  3500 PH 2023-02-04 1822 HA5MIG        59  HU04   SO7E          59  PL04
QSO:  7000 PH 2023-02-04 1830 HA5MIG        59  HU04   DG7NFX        59  DE02
QSO:  7000 PH 2023-02-04 1830 HA5MIG        59  HU04   PD1RO         59  NL06
QSO:  7000 PH 2023-02-04 1830 HA5MIG        59  HU04   PA3NIK        59  NL04
QSO:  7000 PH 2023-02-04 1830 HA5MIG        59  HU04   G1P           59  27
QSO:  7000 PH 2023-02-04 1831 HA5MIG        59  HU04   M0JND         59  27
QSO:  7000 PH 2023-02-04 1831 HA5MIG        59  HU04   PE0CWK        59  NL03
QSO:  7000 PH 2023-02-04 1835 HA5MIG        59  HU04   IU0QME        59  IT09
QSO:  7000 PH 2023-02-04 1840 HA5MIG        59  HU04   HB9HJL        59  28
QSO:  7000 PH 2023-02-04 1841 HA5MIG        59  HU04   F4EQN         59  FR01
QSO:  7000 PH 2023-02-04 1841 HA5MIG        59  HU04   IQ0QJ         59  IT20
QSO:  7000 PH 2023-02-04 1844 HA5MIG        59  HU04   SN7D          59  PL04
QSO:  7000 PH 2023-02-04 1845 HA5MIG        59  HU04   IT9GHW        59  IT16
QSO:  7000 PH 2023-02-04 1846 HA5MIG        59  HU04   DD1GB         59  DE01
QSO:  7000 PH 2023-02-04 1848 HA5MIG        59  HU04   SV1QVA        59  GR01
QSO:  7000 PH 2023-02-04 1851 HA5MIG        59  HU04   LY1R          59  LT05
QSO:  7000 PH 2023-02-04 1858 HA5MIG        59  HU04   DL3SWR        59  DE01
QSO:  7000 PH 2023-02-04 1858 HA5MIG        59  HU04   PD8DX         59  NL09
QSO:  7000 PH 2023-02-04 1859 HA5MIG        59  HU04   OV1RR         59  DK04
QSO:  7000 PH 2023-02-04 1900 HA5MIG        59  HU04   HA7RY         59  HU04
QSO:  7000 PH 2023-02-04 1901 HA5MIG        59  HU04   EA4AOC        59  ES06
QSO:  7000 PH 2023-02-04 1903 HA5MIG        59  HU04   DL7NV         59  DE10
QSO:  7000 PH 2023-02-04 1904 HA5MIG        59  HU04   OZ11A         59  DK03
QSO:  7000 PH 2023-02-04 1905 HA5MIG        59  HU04   IK2AQZ        59  IT11
QSO:  7000 PH 2023-02-04 1906 HA5MIG        59  HU04   EA7GX         59  ES01
QSO:  3500 PH 2023-02-04 1910 HA5MIG        59  HU04   HA5JI         59  HU03
QSO:  3500 PH 2023-02-04 1918 HA5MIG        59  HU04   PI4CC         59  NL10
QSO:  3500 PH 2023-02-04 1920 HA5MIG        59  HU04   SN7R          59  PL04
QSO:  3500 PH 2023-02-04 1921 HA5MIG        59  HU04   SN7D          59  PL04
QSO:  3500 PH 2023-02-04 1922 HA5MIG        59  HU04   RA3OA         59  29
QSO:  3500 PH 2023-02-04 1930 HA5MIG        59  HU04   OK1KKI        59  CZ02
QSO:  3500 PH 2023-02-04 1937 HA5MIG        59  HU04   HA2D          59  HU05
QSO:  3500 PH 2023-02-04 1943 HA5MIG        59  HU04   S52ON         59  SI04
QSO:  3500 PH 2023-02-04 1944 HA5MIG        59  HU04   OK1DOL        59  CZ10
QSO:  3500 PH 2023-02-04 1945 HA5MIG        59  HU04   HF550MK       59  PL03
QSO:  3500 PH 2023-02-04 1946 HA5MIG        59  HU04   S57YB         59  SI04
QSO:  3500 PH 2023-02-04 1947 HA5MIG        59  HU04   HB9OBU        59  28
QSO:  3500 PH 2023-02-04 1949 HA5MIG        59  HU04   YU5R          59  28
QSO:  3500 PH 2023-02-04 1951 HA5MIG        59  HU04   OZ30EU        59  DK01
QSO:  3500 PH 2023-02-04 1952 HA5MIG        59  HU04   S55X          59  SI04
QSO:  3500 PH 2023-02-04 1953 HA5MIG        59  HU04   OK1NYD        59  CZ10
QSO:  7000 PH 2023-02-04 2000 HA5MIG        59  HU04   PA0MIR        59  NL08
QSO:  7000 PH 2023-02-04 2005 HA5MIG        59  HU04   LZ5R          59  BG06
QSO:  3500 PH 2023-02-04 2011 HA5MIG        59  HU04   HG1G          59  HU06
QSO:  3500 PH 2023-02-04 2012 HA5MIG        59  HU04   S52WW         59  SI02
QSO:  3500 PH 2023-02-04 2014 HA5MIG        59  HU04   DF8XC         59  DE10
QSO:  3500 PH 2023-02-04 2020 HA5MIG        59  HU04   OZ11A         59  DK03
QSO:  3500 PH 2023-02-04 2022 HA5MIG        59  HU04   SN6E          59  PL05
QSO:  3500 PH 2023-02-04 2031 HA5MIG        59  HU04   IZ2BVC        59  IT11
QSO:  3500 PH 2023-02-04 2034 HA5MIG        59  HU04   OZ1ADL        59  DK02
QSO:  3500 PH 2023-02-04 2118 HA5MIG        59  HU04   DK7AM         59  DE0
QSO:  3500 PH 2023-02-04 2118 HA5MIG        59  HU04   F4AIF         59  FR01
QSO:  3500 PH 2023-02-04 2119 HA5MIG        59  HU04   OE3KAR        59  AT03
QSO:  3500 PH 2023-02-04 2119 HA5MIG        59  HU04   SQ7OFL        59  PL05
QSO:  3500 PH 2023-02-04 2119 HA5MIG        59  HU04   RZ3Z          59  29
QSO:  3500 PH 2023-02-04 2120 HA5MIG        59  HU04   EI0W          59  IE01
QSO:  3500 PH 2023-02-04 2121 HA5MIG        59  HU04   DL1ABR        59  DE08
QSO:  3500 PH 2023-02-04 2122 HA5MIG        59  HU04   RW1F          59  29
QSO:  3500 PH 2023-02-04 2122 HA5MIG        59  HU04   PA0KDV        59  NL03
QSO:  3500 PH 2023-02-04 2122 HA5MIG        59  HU04   SN8T          59  PL06
QSO:  3500 PH 2023-02-04 2123 HA5MIG        59  HU04   IV3EAD        59  IT08
QSO:  3500 PH 2023-02-04 2123 HA5MIG        59  HU04   HG4I          59  HU05
QSO:  3500 PH 2023-02-04 2124 HA5MIG        59  HU04   SP8DR         59  PL06
QSO:  3500 PH 2023-02-04 2125 HA5MIG        59  HU04   DL3SVR        59  DE10
QSO:  3500 PH 2023-02-04 2125 HA5MIG        59  HU04   OM1APD        59  SK01
QSO:  3500 PH 2023-02-04 2125 HA5MIG        59  HU04   SP9PD         59  PL12
QSO:  3500 PH 2023-02-04 2129 HA5MIG        59  HU04   S53TG         59  SI04
QSO:  3500 PH 2023-02-04 2131 HA5MIG        59  HU04   DK6WT         59  DE07
QSO:  3500 PH 2023-02-04 2131 HA5MIG        59  HU04   EW1M          59  29
QSO:  3500 PH 2023-02-04 2131 HA5MIG        59  HU04   YO7OWI        59  RO03
QSO:  3500 PH 2023-02-04 2131 HA5MIG        59  HU04   UZ7M          59  29
QSO:  3500 PH 2023-02-04 2132 HA5MIG        59  HU04   E73RB         59  28
QSO:  3500 PH 2023-02-04 2133 HA5MIG        59  HU04   OE6ISP        59  AT06
QSO:  3500 PH 2023-02-04 2134 HA5MIG        59  HU04   RW1A          59  29
QSO:  1800 PH 2023-02-04 2135 HA5MIG        59  HU04   HA8EV         59  HU04
QSO:  3500 PH 2023-02-04 2136 HA5MIG        59  HU04   OK1AY         59  CZ01
QSO:  3500 PH 2023-02-04 2138 HA5MIG        59  HU04   F5IVP         59  FR13
QSO:  3500 PH 2023-02-04 2138 HA5MIG        59  HU04   DL0UM         59  DE07
QSO:  3500 PH 2023-02-04 2139 HA5MIG        59  HU04   LX1ER         59  LX01
QSO:  3500 PH 2023-02-04 2139 HA5MIG        59  HU04   SM6MVE        59  SE12
QSO:  3500 PH 2023-02-04 2140 HA5MIG        59  HU04   S59DM         59  SI04
QSO:  1800 PH 2023-02-04 2157 HA5MIG        59  HU04   SQ8MFM        59  PL06
QSO:  1800 PH 2023-02-04 2207 HA5MIG        59  HU04   SQ8MFM        59  PL06
QSO:  3500 PH 2023-02-04 2209 HA5MIG        59  HU04   OE40XTU       59  AT01
QSO:  3500 PH 2023-02-04 2211 HA5MIG        59  HU04   S53F          59  SI02
QSO:  7000 PH 2023-02-04 2213 HA5MIG        59  HU04   EA2AOO/P      59  ES15
QSO:  7000 PH 2023-02-04 2217 HA5MIG        59  HU04   K1JB          59  08
QSO:  7000 PH 2023-02-04 2226 HA5MIG        59  HU04   A44A          59  39
QSO:  3500 PH 2023-02-04 2229 HA5MIG        59  HU04   HG8YKO        59  HU03
QSO:  7000 PH 2023-02-05 0825 HA5MIG        59  HU04   OK1NYD        59  CZ10
QSO:  7000 PH 2023-02-05 0827 HA5MIG        59  HU04   IK2IQD        59  IT11
QSO:  7000 PH 2023-02-05 0828 HA5MIG        59  HU04   HA1AH         59  HU04
QSO:  7000 PH 2023-02-05 0832 HA5MIG        59  HU04   OE6TNO        59  AT06
QSO:  7000 PH 2023-02-05 0833 HA5MIG        59  HU04   DR6R          59  DE02
QSO:  7000 PH 2023-02-05 0834 HA5MIG        59  HU04   OE5PEN        59  AT05
QSO:  7000 PH 2023-02-05 0836 HA5MIG        59  HU04   YO6BGT        59  RO07
QSO:  7000 PH 2023-02-05 0836 HA5MIG        59  HU04   HG8K          59  HU03
QSO:  7000 PH 2023-02-05 0838 HA5MIG        59  HU04   YT2B          59  28
QSO:  7000 PH 2023-02-05 0838 HA5MIG        59  HU04   SP5ETS        59  PL06
QSO:  7000 PH 2023-02-05 0840 HA5MIG        59  HU04   SP4CUF        59  PL15
QSO:  7000 PH 2023-02-05 0841 HA5MIG        59  HU04   DL1SDX        59  DE02
QSO:  7000 PH 2023-02-05 0843 HA5MIG        59  HU04   ON4CMV        59  BE02
QSO:  7000 PH 2023-02-05 0846 HA5MIG        59  HU04   SP2GCE        59  PL11
QSO:  7000 PH 2023-02-05 0849 HA5MIG        59  HU04   DL7RBA        59  DE03
QSO:  7000 PH 2023-02-05 0850 HA5MIG        59  HU04   OM5AZ         59  SK04
QSO:  7000 PH 2023-02-05 0853 HA5MIG        59  HU04   HA6KG         59  HU01
QSO:  7000 PH 2023-02-05 0854 HA5MIG        59  HU04   IV3IPS        59  IT08
QSO:  7000 PH 2023-02-05 0856 HA5MIG        59  HU04   OK1OA         59  CZ06
QSO:  7000 PH 2023-02-05 0857 HA5MIG        59  HU04   HA2NA         59  HU05
QSO: 28000 PH 2023-02-05 0902 HA5MIG        59  HU04   LZ5R          59  BG06
QSO: 28000 PH 2023-02-05 0903 HA5MIG        59  HU04   A44A          59  39
QSO: 21000 PH 2023-02-05 0905 HA5MIG        59  HU04   RA3OA         59  29
QSO: 21000 PH 2023-02-05 0907 HA5MIG        59  HU04   SM2M          59  SE20
QSO: 21000 PH 2023-02-05 0909 HA5MIG        59  HU04   OZ11A         59  DK03
QSO: 21000 PH 2023-02-05 0912 HA5MIG        59  HU04   F4GDO         59  FR17
QSO: 21000 PH 2023-02-05 0913 HA5MIG        59  HU04   RV3X          59  29
QSO: 21000 PH 2023-02-05 0913 HA5MIG        59  HU04   HA6KG         59  HU01
QSO: 21000 PH 2023-02-05 0915 HA5MIG        59  HU04   SV8JVH        59  GR10
QSO: 21000 PH 2023-02-05 0919 HA5MIG        59  HU04   OO4P          59  BE08
QSO: 21000 PH 2023-02-05 0920 HA5MIG        59  HU04   M0JND         59  27
QSO: 21000 PH 2023-02-05 0921 HA5MIG        59  HU04   UA6YN         59  29
QSO: 21000 PH 2023-02-05 0922 HA5MIG        59  HU04   EA4RY         59  ES03
QSO: 21000 PH 2023-02-05 0927 HA5MIG        59  HU04   F6DRP         59  FR12
QSO: 21000 PH 2023-02-05 0929 HA5MIG        59  HU04   EA4HPY        59  ES03
QSO: 21000 PH 2023-02-05 0930 HA5MIG        59  HU04   EA4AOC        59  ES06
QSO: 21000 PH 2023-02-05 0931 HA5MIG        59  HU04   SN7D          59  PL04
QSO: 14000 PH 2023-02-05 0937 HA5MIG        59  HU04   DL1ROT        59  DE04
QSO: 14000 PH 2023-02-05 0938 HA5MIG        59  HU04   HA4HA         59  HU05
QSO: 14000 PH 2023-02-05 0940 HA5MIG        59  HU04   UA6YN         59  29
QSO: 14000 PH 2023-02-05 0941 HA5MIG        59  HU04   HA6KG         59  HU01
QSO: 14000 PH 2023-02-05 0942 HA5MIG        59  HU04   IZ2FOS        59  IT11
QSO: 14000 PH 2023-02-05 0943 HA5MIG        59  HU04   PC2K          59  NL11
QSO: 14000 PH 2023-02-05 0943 HA5MIG        59  HU04   PD1JN         59  NL01
QSO: 14000 PH 2023-02-05 0943 HA5MIG        59  HU04   PD0HRY        59  NL04
QSO: 14000 PH 2023-02-05 0944 HA5MIG        59  HU04   DL1SDX        59  DE02
QSO: 14000 PH 2023-02-05 0946 HA5MIG        59  HU04   YO3AF         59  RO08
QSO: 14000 PH 2023-02-05 0947 HA5MIG        59  HU04   IU1MRH        59  IT14
QSO: 14000 PH 2023-02-05 0947 HA5MIG        59  HU04   DB2WD         59  DE11
QSO: 14000 PH 2023-02-05 0947 HA5MIG        59  HU04   F4DSA         59  FR09
QSO: 14000 PH 2023-02-05 0948 HA5MIG        59  HU04   SE5E          59  SE02
QSO: 14000 PH 2023-02-05 0948 HA5MIG        59  HU04   F4IYB         59  FR07
QSO: 14000 PH 2023-02-05 0949 HA5MIG        59  HU04   DJ1TA         59  DE14
QSO: 14000 PH 2023-02-05 0949 HA5MIG        59  HU04   EA6AOH        59  ES13
QSO: 14000 PH 2023-02-05 0950 HA5MIG        59  HU04   PD3MDM        59  NL09
QSO: 14000 PH 2023-02-05 0950 HA5MIG        59  HU04   M0JND         59  27
QSO: 14000 PH 2023-02-05 0951 HA5MIG        59  HU04   EA3AMI        59  ES02
QSO: 14000 PH 2023-02-05 0951 HA5MIG        59  HU04   IZ5BTC        59  IT19
QSO: 14000 PH 2023-02-05 0952 HA5MIG        59  HU04   F4EQN         59  FR01
QSO: 14000 PH 2023-02-05 0952 HA5MIG        59  HU04   PA6Q          59  NL09
QSO: 14000 PH 2023-02-05 0952 HA5MIG        59  HU04   HA1AH         59  HU04
QSO: 14000 PH 2023-02-05 0953 HA5MIG        59  HU04   CT2HOV        59  PT07
QSO: 14000 PH 2023-02-05 0953 HA5MIG        59  HU04   ON8LX         59  BE09
QSO: 14000 PH 2023-02-05 0954 HA5MIG        59  HU04   PD5ISW        59  NL11
QSO: 14000 PH 2023-02-05 0954 HA5MIG        59  HU04   SC9D          59  SE01
QSO: 14000 PH 2023-02-05 0955 HA5MIG        59  HU04   DC1OZ         59  DE01
QSO: 14000 PH 2023-02-05 0955 HA5MIG        59  HU04   DB6VP         59  DE12
QSO: 14000 PH 2023-02-05 0956 HA5MIG        59  HU04   IQ3QU         59  IT21
QSO: 14000 PH 2023-02-05 0957 HA5MIG        59  HU04   SM6MVE        59  SE12
QSO: 14000 PH 2023-02-05 0957 HA5MIG        59  HU04   SQ2RAD        59  PL11
QSO: 14000 PH 2023-02-05 0958 HA5MIG        59  HU04   PD4RD         59  NL10
QSO: 14000 PH 2023-02-05 0959 HA5MIG        59  HU04   LZ4DJ         59  BG03
QSO: 14000 PH 2023-02-05 1001 HA5MIG        59  HU04   G9P           59  27
QSO: 14000 PH 2023-02-05 1001 HA5MIG        59  HU04   DL6JOE        59  DE02
QSO: 14000 PH 2023-02-05 1001 HA5MIG        59  HU04   LZ1YF         59  BG06
QSO: 14000 PH 2023-02-05 1002 HA5MIG        59  HU04   SV2HJW        59  GR13
QSO: 14000 PH 2023-02-05 1002 HA5MIG        59  HU04   HA3HA         59  HU07
QSO: 14000 PH 2023-02-05 1003 HA5MIG        59  HU04   LY2SA         59  LT05
QSO: 14000 PH 2023-02-05 1003 HA5MIG        59  HU04   M0IZR         59  27
QSO: 14000 PH 2023-02-05 1004 HA5MIG        59  HU04   PD7RON        59  NL02
QSO: 14000 PH 2023-02-05 1004 HA5MIG        59  HU04   EU2EU         59  29
QSO: 14000 PH 2023-02-05 1006 HA5MIG        59  HU04   IW3HV         59  IT21
QSO: 14000 PH 2023-02-05 1006 HA5MIG        59  HU04   HA2KMR        59  HU05
QSO: 14000 PH 2023-02-05 1007 HA5MIG        59  HU04   IZ5IOV        59  IT19
QSO: 14000 PH 2023-02-05 1007 HA5MIG        59  HU04   YL3ND         59  LV02
QSO: 14000 PH 2023-02-05 1007 HA5MIG        59  HU04   PD1RO         59  NL06
QSO: 14000 PH 2023-02-05 1007 HA5MIG        59  HU04   G3Q           59  27
QSO: 14000 PH 2023-02-05 1009 HA5MIG        59  HU04   IZ2BKA        59  IT11
QSO: 14000 PH 2023-02-05 1010 HA5MIG        59  HU04   SV3QDJ        59  GR08
QSO: 14000 PH 2023-02-05 1010 HA5MIG        59  HU04   M0XTG         59  27
QSO: 14000 PH 2023-02-05 1011 HA5MIG        59  HU04   RT5C          59  29
QSO: 14000 PH 2023-02-05 1012 HA5MIG        59  HU04   SO7E          59  PL04
QSO: 14000 PH 2023-02-05 1013 HA5MIG        59  HU04   UZ7M          59  29
QSO: 14000 PH 2023-02-05 1013 HA5MIG        59  HU04   PB4PT         59  NL07
QSO: 14000 PH 2023-02-05 1014 HA5MIG        59  HU04   IW2EPE        59  IT11
QSO: 14000 PH 2023-02-05 1015 HA5MIG        59  HU04   EA2AOO/P      59  ES15
QSO: 14000 PH 2023-02-05 1016 HA5MIG        59  HU04   OH3FVP        59  FI06
QSO: 14000 PH 2023-02-05 1017 HA5MIG        59  HU04   DF9HC         59  DE09
QSO: 14000 PH 2023-02-05 1019 HA5MIG        59  HU04   ES8SX         59  EE02
QSO: 14000 PH 2023-02-05 1020 HA5MIG        59  HU04   DL1SFI        59  DE06
QSO: 14000 PH 2023-02-05 1021 HA5MIG        59  HU04   YL3FW         59  LV02
QSO: 14000 PH 2023-02-05 1021 HA5MIG        59  HU04   DG1GHY        59  DE01
QSO: 14000 PH 2023-02-05 1023 HA5MIG        59  HU04   IU0QME        59  IT09
QSO: 14000 PH 2023-02-05 1024 HA5MIG        59  HU04   PE1PIX        59  NL03
QSO: 14000 PH 2023-02-05 1024 HA5MIG        59  HU04   HB9GPG        59  28
QSO: 14000 PH 2023-02-05 1024 HA5MIG        59  HU04   DL3FAV        59  DE10
QSO: 14000 PH 2023-02-05 1025 HA5MIG        59  HU04   DL4YAY        59  DE10
QSO: 14000 PH 2023-02-05 1026 HA5MIG        59  HU04   SP4KZ         59  PL15
QSO: 14000 PH 2023-02-05 1027 HA5MIG        59  HU04   DL2PK         59  DE10
QSO: 14000 PH 2023-02-05 1027 HA5MIG        59  HU04   DL9YJ         59  DE07
QSO: 14000 PH 2023-02-05 1028 HA5MIG        59  HU04   CT7AQF        59  PT04
QSO: 14000 PH 2023-02-05 1029 HA5MIG        59  HU04   F4GWM         59  FR02
QSO: 14000 PH 2023-02-05 1030 HA5MIG        59  HU04   DH7NK         59  DE02
QSO: 14000 PH 2023-02-05 1031 HA5MIG        59  HU04   RW3DU         59  29
QSO: 14000 PH 2023-02-05 1031 HA5MIG        59  HU04   IK5RLP        59  IT19
QSO: 14000 PH 2023-02-05 1031 HA5MIG        59  HU04   LZ3M          59  BG04
QSO: 14000 PH 2023-02-05 1031 HA5MIG        59  HU04   DL3SWR        59  DE01
QSO: 14000 PH 2023-02-05 1031 HA5MIG        59  HU04   SP2GCE        59  PL11
QSO: 14000 PH 2023-02-05 1032 HA5MIG        59  HU04   YL2PJ         59  LV03
QSO: 14000 PH 2023-02-05 1033 HA5MIG        59  HU04   IK4ZIF        59  IT07
QSO: 14000 PH 2023-02-05 1033 HA5MIG        59  HU04   DG1RS         59  DE01
QSO: 14000 PH 2023-02-05 1034 HA5MIG        59  HU04   DK3YB         59  DE03
QSO: 14000 PH 2023-02-05 1036 HA5MIG        59  HU04   HA8EV         59  HU04
QSO: 14000 PH 2023-02-05 1036 HA5MIG        59  HU04   DM4AB         59  DE01
QSO: 14000 PH 2023-02-05 1036 HA5MIG        59  HU04   IK2ZJJ        59  IT11
QSO: 14000 PH 2023-02-05 1037 HA5MIG        59  HU04   DD1ZA         59  DE07
QSO: 14000 PH 2023-02-05 1040 HA5MIG        59  HU04   IW2MXY        59  IT11
QSO: 14000 PH 2023-02-05 1042 HA5MIG        59  HU04   SN1T          59  PL11
QSO: 14000 PH 2023-02-05 1042 HA5MIG        59  HU04   HA8IB         59  HU03
QSO: 14000 PH 2023-02-05 1044 HA5MIG        59  HU04   DL/UT1AN      59  DE02
QSO: 14000 PH 2023-02-05 1045 HA5MIG        59  HU04   DF5GO         59  DE03
QSO: 14000 PH 2023-02-05 1046 HA5MIG        59  HU04   IU0DHV        59  IT09
QSO: 14000 PH 2023-02-05 1046 HA5MIG        59  HU04   PD1TV         59  NL01
QSO: 14000 PH 2023-02-05 1048 HA5MIG        59  HU04   IZ5EME        59  IT19
QSO: 14000 PH 2023-02-05 1049 HA5MIG        59  HU04   ER3CT         59  29
QSO: 14000 PH 2023-02-05 1050 HA5MIG        59  HU04   OE9IHR        59  AT09
QSO: 14000 PH 2023-02-05 1052 HA5MIG        59  HU04   OH9GGY        59  FI01
QSO: 14000 PH 2023-02-05 1052 HA5MIG        59  HU04   IU1MRG        59  IT10
QSO: 14000 PH 2023-02-05 1052 HA5MIG        59  HU04   IX1HPN        59  IT02
QSO: 14000 PH 2023-02-05 1056 HA5MIG        59  HU04   IZ1JB         59  IT03
QSO: 14000 PH 2023-02-05 1058 HA5MIG        59  HU04   TA3EP         59  39
QSO: 21000 PH 2023-02-05 1101 HA5MIG        59  HU04   R4IO          59  29
QSO: 21000 PH 2023-02-05 1103 HA5MIG        59  HU04   R3IBZ         59  29
QSO: 21000 PH 2023-02-05 1107 HA5MIG        59  HU04   OH6BQH        59  FI10
QSO: 21000 PH 2023-02-05 1107 HA5MIG        59  HU04   OH3GZ         59  FI08
QSO: 28000 PH 2023-02-05 1109 HA5MIG        59  HU04   EA4HPY        59  ES03
QSO: 21000 PH 2023-02-05 1114 HA5MIG        59  HU04   EA3AQ         59  ES02
QSO: 21000 PH 2023-02-05 1116 HA5MIG        59  HU04   EA7GX         59  ES01
QSO: 14000 PH 2023-02-05 1120 HA5MIG        59  HU04   EA5JDN        59  ES10
QSO: 14000 PH 2023-02-05 1121 HA5MIG        59  HU04   DF8XC         59  DE10
QSO: 14000 PH 2023-02-05 1122 HA5MIG        59  HU04   DL2RPS        59  DE06
QSO: 14000 PH 2023-02-05 1122 HA5MIG        59  HU04   IT9IMJ        59  IT16
QSO: 14000 PH 2023-02-05 1124 HA5MIG        59  HU04   SN7R          59  PL04
QSO: 14000 PH 2023-02-05 1127 HA5MIG        59  HU04   IZ8FCA        59  IT06
QSO: 14000 PH 2023-02-05 1130 HA5MIG        59  HU04   OV1RR         59  DK04
QSO: 14000 PH 2023-02-05 1133 HA5MIG        59  HU04   PE3T          59  NL11
QSO: 14000 PH 2023-02-05 1136 HA5MIG        59  HU04   PA3T          59  NL04
QSO: 14000 PH 2023-02-05 1137 HA5MIG        59  HU04   DL6MRM        59  DE14
QSO: 14000 PH 2023-02-05 1138 HA5MIG        59  HU04   DL1ABR        59  DE08
QSO: 14000 PH 2023-02-05 1138 HA5MIG        59  HU04   RL2Y          59  29
QSO: 14000 PH 2023-02-05 1138 HA5MIG        59  HU04   PA3ELQ        59  NL01
QSO: 14000 PH 2023-02-05 1139 HA5MIG        59  HU04   HB9OAU        59  28
QSO: 14000 PH 2023-02-05 1141 HA5MIG        59  HU04   SV3RPQ        59  GR12
QSO: 14000 PH 2023-02-05 1142 HA5MIG        59  HU04   YT7K          59  LT15
QSO: 14000 PH 2023-02-05 1142 HA5MIG        59  HU04   IW0EZW        59  IT09
QSO: 14000 PH 2023-02-05 1143 HA5MIG        59  HU04   PA4DN         59  NL01
QSO: 14000 PH 2023-02-05 1146 HA5MIG        59  HU04   F4HSR         59  FR09
QSO: 14000 PH 2023-02-05 1147 HA5MIG        59  HU04   SV8JVH        59  GR10
QSO: 14000 PH 2023-02-05 1147 HA5MIG        59  HU04   PD6Z          59  NL09
QSO: 14000 PH 2023-02-05 1148 HA5MIG        59  HU04   HB9DPY        59  28
QSO: 14000 PH 2023-02-05 1151 HA5MIG        59  HU04   RW3AI         59  29
QSO: 14000 PH 2023-02-05 1151 HA5MIG        59  HU04   DM5MT         59  DE12
QSO: 14000 PH 2023-02-05 1152 HA5MIG        59  HU04   DG3IAM        59  DE01
QSO: 14000 PH 2023-02-05 1153 HA5MIG        59  HU04   DL1DF         59  DE07
QSO: 14000 PH 2023-02-05 1153 HA5MIG        59  HU04   SV2SZO        59  GR03
QSO: 14000 PH 2023-02-05 1154 HA5MIG        59  HU04   RA3OA         59  29
QSO: 14000 PH 2023-02-05 1155 HA5MIG        59  HU04   DJ9DJ         59  DE11
QSO: 14000 PH 2023-02-05 1156 HA5MIG        59  HU04   IU7OTK        59  IT03
QSO: 14000 PH 2023-02-05 1159 HA5MIG        59  HU04   G3Q           59  27
END-OF-LOG:
