START-OF-LOG: 2.0
REF-SECTION: 24
CALLSIGN: F5ICC
CATEGORY: SINGLE-OP ALL LOW
CLAIMED-SCORE:  445096
CONTEST: REF-SSB
CREATED-BY: WINREF-HF V9.6.21
NAME: CRESPEL FRANÇOIS
OFFTIME: 2020-02-22 2152 2020-02-23 0510
OFFTIME: 2020-02-22 1048 2020-02-22 1243
OFFTIME: 2020-02-22 1800 2020-02-22 1939
OFFTIME: 2020-02-23 1059 2020-02-23 1211
RIG: TS480SAT
RIG: TS480SAT
RIG: GAP TITAN - LOOP
RIG: 100
QSO: 3500  PH 2020-02-22 0604 F5ICC         59  24     F6KLO         59  19   
QSO: 3500  PH 2020-02-22 0611 F5ICC         59  24     F6KNB         59  33   
QSO: 3500  PH 2020-02-22 0612 F5ICC         59  24     F4GMM         59  59   
QSO: 3500  PH 2020-02-22 0613 F5ICC         59  24     F4GTD         59  85   
QSO: 3500  PH 2020-02-22 0617 F5ICC         59  24     LX8M          59  006  
QSO: 3500  PH 2020-02-22 0622 F5ICC         59  24     F6HQP         59  73   
QSO: 3500  PH 2020-02-22 0625 F5ICC         59  24     F4KIY         59  57   
QSO: 3500  PH 2020-02-22 0626 F5ICC         59  24     F6CPX         59  24   
QSO: 3500  PH 2020-02-22 0627 F5ICC         59  24     F5JFU         59  58   
QSO: 3500  PH 2020-02-22 0630 F5ICC         59  24     F8KHO/P       59  51   
QSO: 3500  PH 2020-02-22 0631 F5ICC         59  24     F5KBG         59  03   
QSO: 3500  PH 2020-02-22 0636 F5ICC         59  24     F4EIK         59  52   
QSO: 3500  PH 2020-02-22 0636 F5ICC         59  24     F6DEV         59  09   
QSO: 3500  PH 2020-02-22 0638 F5ICC         59  24     F5CYM         59  35   
QSO: 3500  PH 2020-02-22 0641 F5ICC         59  24     F6KEH         59  34   
QSO: 3500  PH 2020-02-22 0641 F5ICC         59  24     F1AKK         59  29   
QSO: 3500  PH 2020-02-22 0643 F5ICC         59  24     F5KOU         59  80   
QSO: 3500  PH 2020-02-22 0644 F5ICC         59  24     F4EGH         59  17   
QSO: 3500  PH 2020-02-22 0646 F5ICC         59  24     TM0KUC        59  15   
QSO: 3500  PH 2020-02-22 0647 F5ICC         59  24     F5BLC         59  12   
QSO: 3500  PH 2020-02-22 0648 F5ICC         59  24     F6KGI/P       59  11   
QSO: 3500  PH 2020-02-22 0649 F5ICC         59  24     F4AHP         59  59   
QSO: 3500  PH 2020-02-22 0650 F5ICC         59  24     F5UMP         59  59   
QSO: 3500  PH 2020-02-22 0651 F5ICC         59  24     F6KBK/P       59  77   
QSO: 3500  PH 2020-02-22 0655 F5ICC         59  24     F5PNI         59  33   
QSO: 3500  PH 2020-02-22 0659 F5ICC         59  24     F6AWU         59  44   
QSO: 3500  PH 2020-02-22 0700 F5ICC         59  24     F5GFA         59  47   
QSO: 3500  PH 2020-02-22 0705 F5ICC         59  24     F6KRK         59  78   
QSO: 3500  PH 2020-02-22 0708 F5ICC         59  24     F6KDU         59  64   
QSO: 3500  PH 2020-02-22 0709 F5ICC         59  24     F4IAZ         59  40   
QSO: 3500  PH 2020-02-22 0712 F5ICC         59  24     F6CLQ         59  89   
QSO: 3500  PH 2020-02-22 0713 F5ICC         59  24     F8DFP         59  63   
QSO: 3500  PH 2020-02-22 0714 F5ICC         59  24     F5FDC         59  82   
QSO: 3500  PH 2020-02-22 0716 F5ICC         59  24     F4HER         59  86   
QSO: 3500  PH 2020-02-22 0716 F5ICC         59  24     F5OHM         59  36   
QSO: 3500  PH 2020-02-22 0718 F5ICC         59  24     F6KUQ         59  33   
QSO: 3500  PH 2020-02-22 0719 F5ICC         59  24     F4KKZ         59  12   
QSO: 3500  PH 2020-02-22 0720 F5ICC         59  24     F4EEJ/P       59  16   
QSO: 3500  PH 2020-02-22 0721 F5ICC         59  24     F6AXN         59  28   
QSO: 3500  PH 2020-02-22 0722 F5ICC         59  24     F5RQQ/P       59  15   
QSO: 3500  PH 2020-02-22 0724 F5ICC         59  24     F6HRL         59  86   
QSO: 3500  PH 2020-02-22 0725 F5ICC         59  24     F6KDL         59  68   
QSO: 3500  PH 2020-02-22 0726 F5ICC         59  24     F4ENJ         59  72   
QSO: 3500  PH 2020-02-22 0727 F5ICC         59  24     F4CWN         59  32   
QSO: 3500  PH 2020-02-22 0729 F5ICC         59  24     F4IIQ         59  23   
QSO: 3500  PH 2020-02-22 0731 F5ICC         59  24     TM3CN         59  86   
QSO: 3500  PH 2020-02-22 0732 F5ICC         59  24     F4GGQ         59  29   
QSO: 3500  PH 2020-02-22 0734 F5ICC         59  24     F8KCF         59  74   
QSO: 3500  PH 2020-02-22 0735 F5ICC         59  24     F6DZU         59  40   
QSO: 3500  PH 2020-02-22 0736 F5ICC         59  24     F5BMI         59  46   
QSO: 3500  PH 2020-02-22 0737 F5ICC         59  24     F5KKE         59  79   
QSO: 3500  PH 2020-02-22 0739 F5ICC         59  24     TM0DX         59  13   
QSO: 3500  PH 2020-02-22 0741 F5ICC         59  24     F9LM          59  24   
QSO: 3500  PH 2020-02-22 0742 F5ICC         59  24     F6FET         59  53   
QSO: 3500  PH 2020-02-22 0743 F5ICC         59  24     F4HQZ         59  29   
QSO: 3500  PH 2020-02-22 0745 F5ICC         59  24     F6KBF         59  78   
QSO: 3500  PH 2020-02-22 0746 F5ICC         59  24     F8KLY         59  69   
QSO: 3500  PH 2020-02-22 0747 F5ICC         59  24     F5KDK/P       59  81   
QSO: 3500  PH 2020-02-22 0748 F5ICC         59  24     F6KJX         59  41   
QSO: 3500  PH 2020-02-22 0749 F5ICC         59  24     F1RYW         59  32   
QSO: 3500  PH 2020-02-22 0750 F5ICC         59  24     F6BYJ         59  16   
QSO: 3500  PH 2020-02-22 0751 F5ICC         59  24     F1PNJ         59  33   
QSO: 3500  PH 2020-02-22 0806 F5ICC         59  24     F6KJS         59  71   
QSO: 3500  PH 2020-02-22 0808 F5ICC         59  24     F5USK         59  65   
QSO: 3500  PH 2020-02-22 0809 F5ICC         59  24     F6BPZ         59  74   
QSO: 3500  PH 2020-02-22 0811 F5ICC         59  24     TM5G          59  44   
QSO: 3500  PH 2020-02-22 0815 F5ICC         59  24     F4HFX         59  47   
QSO: 3500  PH 2020-02-22 0818 F5ICC         59  24     TM5OTT        59  37   
QSO: 3500  PH 2020-02-22 0819 F5ICC         59  24     TM5TT         59  41   
QSO: 3500  PH 2020-02-22 0822 F5ICC         59  24     F4IAX         59  31   
QSO: 3500  PH 2020-02-22 0826 F5ICC         59  24     F5MIW         59  19   
QSO: 3500  PH 2020-02-22 0827 F5ICC         59  24     F4FWI/P       59  33   
QSO: 3500  PH 2020-02-22 0828 F5ICC         59  24     F6KSM         59  12   
QSO: 3500  PH 2020-02-22 0828 F5ICC         59  24     F5OIH         59  86   
QSO: 3500  PH 2020-02-22 0828 F5ICC         59  24     F4IDN         59  49   
QSO: 3500  PH 2020-02-22 0829 F5ICC         59  24     F5DBX         59  31   
QSO: 3500  PH 2020-02-22 0830 F5ICC         59  24     F5ORB         59  24   
QSO: 3500  PH 2020-02-22 0831 F5ICC         59  24     F4JNE         59  56   
QSO: 3500  PH 2020-02-22 0832 F5ICC         59  24     F4GGJ         59  81   
QSO: 3500  PH 2020-02-22 0833 F5ICC         59  24     F5HIJ         59  33   
QSO: 3500  PH 2020-02-22 0834 F5ICC         59  24     F6AEW         59  53   
QSO: 3500  PH 2020-02-22 0835 F5ICC         59  24     F6BQG         59  35   
QSO: 3500  PH 2020-02-22 0836 F5ICC         59  24     F4AYI         59  72   
QSO: 3500  PH 2020-02-22 0837 F5ICC         59  24     F4IMP         59  14   
QSO: 3500  PH 2020-02-22 0837 F5ICC         59  24     F4DXP         59  29   
QSO: 3500  PH 2020-02-22 0838 F5ICC         59  24     F1EOY         59  31   
QSO: 3500  PH 2020-02-22 0840 F5ICC         59  24     F6GTX         59  82   
QSO: 3500  PH 2020-02-22 0841 F5ICC         59  24     F4ETT         59  58   
QSO: 3500  PH 2020-02-22 0845 F5ICC         59  24     F6GOX/P       59  75   
QSO: 3500  PH 2020-02-22 0846 F5ICC         59  24     F5ENJ         59  72   
QSO: 3500  PH 2020-02-22 0847 F5ICC         59  24     F6KMX         59  94   
QSO: 3500  PH 2020-02-22 0850 F5ICC         59  24     F5NUI         59  42   
QSO: 3500  PH 2020-02-22 0853 F5ICC         59  24     F6CZV/P       59  29   
QSO: 3500  PH 2020-02-22 0855 F5ICC         59  24     F4ILK         59  49   
QSO: 3500  PH 2020-02-22 0900 F5ICC         59  24     F4FWG         59  40   
QSO: 3500  PH 2020-02-22 0903 F5ICC         59  24     F5REF         59  37   
QSO: 3500  PH 2020-02-22 0904 F5ICC         59  24     F6GLQ         59  35   
QSO: 3500  PH 2020-02-22 0906 F5ICC         59  24     F6FWQ         59  86   
QSO: 3500  PH 2020-02-22 0910 F5ICC         59  24     F6BHI         59  19   
QSO: 3500  PH 2020-02-22 0911 F5ICC         59  24     F6GNG         59  76   
QSO: 3500  PH 2020-02-22 0912 F5ICC         59  24     F5KLJ         59  17   
QSO: 3500  PH 2020-02-22 0916 F5ICC         59  24     F6KSO         59  49   
QSO: 3500  PH 2020-02-22 0916 F5ICC         59  24     F6CTT         59  35   
QSO: 3500  PH 2020-02-22 0916 F5ICC         59  24     F8GQO         59  81   
QSO: 3500  PH 2020-02-22 0917 F5ICC         59  24     F5BQV         59  56   
QSO: 3500  PH 2020-02-22 0918 F5ICC         59  24     F6GLJ         59  33   
QSO: 3500  PH 2020-02-22 0920 F5ICC         59  24     F4TVR         59  64   
QSO: 3500  PH 2020-02-22 0921 F5ICC         59  24     F8DRE         59  28   
QSO: 3500  PH 2020-02-22 0922 F5ICC         59  24     F5NRE         59  48   
QSO: 3500  PH 2020-02-22 0923 F5ICC         59  24     F8BUY         59  77   
QSO: 3500  PH 2020-02-22 0924 F5ICC         59  24     F5LZN         59  84   
QSO: 3500  PH 2020-02-22 0924 F5ICC         59  24     F5JJE         59  17   
QSO: 3500  PH 2020-02-22 0925 F5ICC         59  24     F8CKS         59  47   
QSO: 3500  PH 2020-02-22 0925 F5ICC         59  24     F4HWJ/P       59  49   
QSO: 3500  PH 2020-02-22 0926 F5ICC         59  24     F4AEL         59  46   
QSO: 3500  PH 2020-02-22 0926 F5ICC         59  24     F6ILO         59  49   
QSO: 3500  PH 2020-02-22 0926 F5ICC         59  24     F6EQE         59  44   
QSO: 3500  PH 2020-02-22 0927 F5ICC         59  24     F5HDK         59  44   
QSO: 3500  PH 2020-02-22 0927 F5ICC         59  24     F5VV          59  01   
QSO: 3500  PH 2020-02-22 0928 F5ICC         59  24     F4HXK         59  49   
QSO: 3500  PH 2020-02-22 0928 F5ICC         59  24     F6BXD         59  59   
QSO: 3500  PH 2020-02-22 0929 F5ICC         59  24     F4HRA         59  89   
QSO: 3500  PH 2020-02-22 0931 F5ICC         59  24     F1RUK         59  71   
QSO: 3500  PH 2020-02-22 0932 F5ICC         59  24     F1TZM         59  72   
QSO: 3500  PH 2020-02-22 0933 F5ICC         59  24     F5TRB         59  69   
QSO: 3500  PH 2020-02-22 0933 F5ICC         59  24     F5JBS         59  56   
QSO: 3500  PH 2020-02-22 0934 F5ICC         59  24     F4ESW         59  85   
QSO: 3500  PH 2020-02-22 0935 F5ICC         59  24     F5AJE         59  16   
QSO: 3500  PH 2020-02-22 0935 F5ICC         59  24     F1PVR         59  34   
QSO: 3500  PH 2020-02-22 0936 F5ICC         59  24     F6CQI         59  49   
QSO: 3500  PH 2020-02-22 0936 F5ICC         59  24     F5CT          59  61   
QSO: 3500  PH 2020-02-22 0937 F5ICC         59  24     F1RCH         59  13   
QSO: 3500  PH 2020-02-22 0937 F5ICC         59  24     F5JU          59  35   
QSO: 3500  PH 2020-02-22 0938 F5ICC         59  24     F1OKV         59  19   
QSO: 3500  PH 2020-02-22 0940 F5ICC         59  24     F1IWH         59  33   
QSO: 3500  PH 2020-02-22 0942 F5ICC         59  24     F5PHY         59  24   
QSO: 7000  PH 2020-02-22 0943 F5ICC         59  24     F5PHY         59  24   
QSO: 7000  PH 2020-02-22 0952 F5ICC         59  24     F5PCV         59  62   
QSO: 7000  PH 2020-02-22 0955 F5ICC         59  24     F6KQV         59  67   
QSO: 7000  PH 2020-02-22 0956 F5ICC         59  24     F4GGQ         59  29   
QSO: 7000  PH 2020-02-22 0959 F5ICC         59  24     F4HQZ         59  29   
QSO: 7000  PH 2020-02-22 1000 F5ICC         59  24     LX8M          59  159  
QSO: 7000  PH 2020-02-22 1006 F5ICC         59  24     F5UMP         59  59   
QSO: 7000  PH 2020-02-22 1009 F5ICC         59  24     IZ2BKA        59  043  
QSO: 7000  PH 2020-02-22 1011 F5ICC         59  24     SP6YG         59  066  
QSO: 7000  PH 2020-02-22 1017 F5ICC         59  24     TK5KP         59  2A   
QSO: 7000  PH 2020-02-22 1026 F5ICC         59  24     F6CPX         59  24   
QSO: 7000  PH 2020-02-22 1033 F5ICC         59  24     F4KKZ         59  12   
QSO: 7000  PH 2020-02-22 1034 F5ICC         59  24     IZ2FOS        59  152  
QSO: 7000  PH 2020-02-22 1042 F5ICC         59  24     F1JFR         59  67   
QSO: 7000  PH 2020-02-22 1048 F5ICC         59  24     F8KHO/P       59  51   
QSO: 7000  PH 2020-02-22 1243 F5ICC         59  24     F4FHY         59  90   
QSO: 7000  PH 2020-02-22 1250 F5ICC         59  24     F4GMM         59  59   
QSO: 7000  PH 2020-02-22 1252 F5ICC         59  24     F6GDO         59  73   
QSO: 7000  PH 2020-02-22 1252 F5ICC         59  24     F5PVX         59  83   
QSO: 7000  PH 2020-02-22 1254 F5ICC         59  24     ON5WU         59  029  
QSO: 7000  PH 2020-02-22 1256 F5ICC         59  24     PD1RO         59  019  
QSO: 7000  PH 2020-02-22 1257 F5ICC         59  24     ON3AR         59  101  
QSO: 7000  PH 2020-02-22 1307 F5ICC         59  24     F5NKX         59  50   
QSO: 7000  PH 2020-02-22 1308 F5ICC         59  24     F4HJO         59  76   
QSO: 7000  PH 2020-02-22 1309 F5ICC         59  24     HB9/3B8BAR    59  040  
QSO: 7000  PH 2020-02-22 1310 F5ICC         59  24     F6KBF         59  78   
QSO: 7000  PH 2020-02-22 1313 F5ICC         59  24     F6GNG         59  76   
QSO: 7000  PH 2020-02-22 1316 F5ICC         59  24     F6ALQ         59  02   
QSO: 7000  PH 2020-02-22 1317 F5ICC         59  24     F8KCF         59  74   
QSO: 7000  PH 2020-02-22 1321 F5ICC         59  24     F6KMB         59  59   
QSO: 7000  PH 2020-02-22 1325 F5ICC         59  24     F4KIY         59  57   
QSO: 7000  PH 2020-02-22 1327 F5ICC         59  24     F6AXN         59  28   
QSO: 7000  PH 2020-02-22 1329 F5ICC         59  24     F6DEO         59  95   
QSO: 7000  PH 2020-02-22 1330 F5ICC         59  24     F4EIK         59  52   
QSO: 7000  PH 2020-02-22 1332 F5ICC         59  24     F8BUY         59  77   
QSO: 7000  PH 2020-02-22 1334 F5ICC         59  24     F6GCT         59  77   
QSO: 7000  PH 2020-02-22 1340 F5ICC         59  24     F4DPW         59  95   
QSO: 7000  PH 2020-02-22 1341 F5ICC         59  24     F6REF         59  00   
QSO: 7000  PH 2020-02-22 1342 F5ICC         59  24     F6KRK         59  78   
QSO: 7000  PH 2020-02-22 1342 F5ICC         59  24     F4AYI         59  72   
QSO: 7000  PH 2020-02-22 1343 F5ICC         59  24     F6AEW         59  53   
QSO: 7000  PH 2020-02-22 1344 F5ICC         59  24     F6HRP         59  22   
QSO: 7000  PH 2020-02-22 1348 F5ICC         59  24     F5KMY         59  25   
QSO: 7000  PH 2020-02-22 1355 F5ICC         59  24     F6IRH         59  38   
QSO: 7000  PH 2020-02-22 1355 F5ICC         59  24     F6DZQ         59  76   
QSO: 7000  PH 2020-02-22 1357 F5ICC         59  24     DH3SBB        59  004  
QSO: 7000  PH 2020-02-22 1405 F5ICC         59  24     F6KSD         59  25   
QSO: 7000  PH 2020-02-22 1415 F5ICC         59  24     F9LM          59  24   
QSO: 7000  PH 2020-02-22 1416 F5ICC         59  24     F6KUP         59  55   
QSO: 7000  PH 2020-02-22 1419 F5ICC         59  24     F6KJU         59  59   
QSO: 7000  PH 2020-02-22 1421 F5ICC         59  24     F4KJP         59  08   
QSO: 7000  PH 2020-02-22 1421 F5ICC         59  24     IU3BTY        59  120  
QSO: 7000  PH 2020-02-22 1423 F5ICC         59  24     F4KJQ         59  06   
QSO: 7000  PH 2020-02-22 1424 F5ICC         59  24     F5MSE         59  27   
QSO: 7000  PH 2020-02-22 1441 F5ICC         59  24     F5POJ         59  02   
QSO: 7000  PH 2020-02-22 1445 F5ICC         59  24     F6AWU         59  44   
QSO: 7000  PH 2020-02-22 1446 F5ICC         59  24     F6GLQ         59  35   
QSO: 7000  PH 2020-02-22 1447 F5ICC         59  24     F5MUX         59  29   
QSO: 7000  PH 2020-02-22 1453 F5ICC         59  24     F4FIP         59  72   
QSO: 7000  PH 2020-02-22 1502 F5ICC         59  24     F6CAX         59  62   
QSO: 7000  PH 2020-02-22 1502 F5ICC         59  24     F5APQ         59  62   
QSO: 7000  PH 2020-02-22 1503 F5ICC         59  24     I4AUM         59  033  
QSO: 7000  PH 2020-02-22 1506 F5ICC         59  24     IU1MQR        59  032  
QSO: 7000  PH 2020-02-22 1506 F5ICC         59  24     IW2OEV        59  079  
QSO: 7000  PH 2020-02-22 1508 F5ICC         59  24     F5PP          59  59   
QSO: 7000  PH 2020-02-22 1511 F5ICC         59  24     F5SKW         59  68   
QSO: 7000  PH 2020-02-22 1512 F5ICC         59  24     PC5Z          59  096  
QSO: 7000  PH 2020-02-22 1513 F5ICC         59  24     F5RJK         59  50   
QSO: 7000  PH 2020-02-22 1513 F5ICC         59  24     F1SIU         59  59   
QSO: 7000  PH 2020-02-22 1515 F5ICC         59  24     IK2WBK/M      59  002  
QSO: 7000  PH 2020-02-22 1515 F5ICC         59  24     F5KOU         59  80   
QSO: 7000  PH 2020-02-22 1516 F5ICC         59  24     TM2F          59  02   
QSO: 7000  PH 2020-02-22 1517 F5ICC         59  24     F4EMG         59  62   
QSO: 7000  PH 2020-02-22 1518 F5ICC         59  24     ON7RY         59  108  
QSO: 7000  PH 2020-02-22 1519 F5ICC         59  24     IU4JJP        59  073  
QSO: 7000  PH 2020-02-22 1520 F5ICC         59  24     F5KKD         59  93   
QSO: 7000  PH 2020-02-22 1521 F5ICC         59  24     F5KDY         59  28   
QSO: 7000  PH 2020-02-22 1522 F5ICC         59  24     F6DDS         59  51   
QSO: 7000  PH 2020-02-22 1523 F5ICC         59  24     F5CT          59  61   
QSO: 7000  PH 2020-02-22 1524 F5ICC         59  24     F5IVX         59  54   
QSO: 7000  PH 2020-02-22 1527 F5ICC         59  24     F6KVD         59  55   
QSO: 7000  PH 2020-02-22 1529 F5ICC         59  24     DF2IY         59  070  
QSO: 7000  PH 2020-02-22 1530 F5ICC         59  24     ON7BT         59  004  
QSO: 7000  PH 2020-02-22 1536 F5ICC         59  24     F3QW          59  57   
QSO: 7000  PH 2020-02-22 1536 F5ICC         59  24     F5OVZ         59  24   
QSO: 7000  PH 2020-02-22 1537 F5ICC         59  24     F8KGS         59  59   
QSO: 7000  PH 2020-02-22 1540 F5ICC         59  24     DL9EJ         59  036  
QSO: 7000  PH 2020-02-22 1540 F5ICC         59  24     F5HQK         59  68   
QSO: 7000  PH 2020-02-22 1541 F5ICC         59  24     F4HZS         59  02   
QSO: 7000  PH 2020-02-22 1542 F5ICC         59  24     F4EMI         59  85   
QSO: 7000  PH 2020-02-22 1543 F5ICC         59  24     F5PGT         59  22   
QSO: 7000  PH 2020-02-22 1545 F5ICC         59  24     F4IMW         59  59   
QSO: 7000  PH 2020-02-22 1549 F5ICC         59  24     OK2QA         59  114  
QSO: 14000 PH 2020-02-22 1603 F5ICC         59  24     TM0DX         59  13   
QSO: 14000 PH 2020-02-22 1622 F5ICC         59  24     FG4KH         59  FG   
QSO: 14000 PH 2020-02-22 1623 F5ICC         59  24     FG5P          59  FG   
QSO: 14000 PH 2020-02-22 1625 F5ICC         59  24     TO3Z          59  FG   
QSO: 14000 PH 2020-02-22 1629 F5ICC         59  24     6V7A          59  070  
QSO: 14000 PH 2020-02-22 1631 F5ICC         59  24     FY5KE         59  FY   
QSO: 14000 PH 2020-02-22 1634 F5ICC         59  24     VE2TFL        59  214  
QSO: 14000 PH 2020-02-22 1635 F5ICC         59  24     YP0C          59  346  
QSO: 14000 PH 2020-02-22 1637 F5ICC         59  24     N8OO          59  234  
QSO: 14000 PH 2020-02-22 1642 F5ICC         59  24     CN2JF         59  332  
QSO: 14000 PH 2020-02-22 1643 F5ICC         59  24     LZ2JA         59  232  
QSO: 14000 PH 2020-02-22 1644 F5ICC         59  24     F4HQZ         59  29   
QSO: 14000 PH 2020-02-22 1645 F5ICC         59  24     F6KNB         59  33   
QSO: 14000 PH 2020-02-22 1651 F5ICC         59  24     TK5KP         59  2A   
QSO: 14000 PH 2020-02-22 1653 F5ICC         59  24     FM5AN         59  FM   
QSO: 14000 PH 2020-02-22 1657 F5ICC         59  24     SD4C          59  152  
QSO: 14000 PH 2020-02-22 1658 F5ICC         59  24     F4DPW         59  95   
QSO: 14000 PH 2020-02-22 1700 F5ICC         59  24     EA8TH         59  116  
QSO: 14000 PH 2020-02-22 1709 F5ICC         59  24     FM4SA         59  FM   
QSO: 14000 PH 2020-02-22 1715 F5ICC         59  24     K2CD          59  021  
QSO: 14000 PH 2020-02-22 1716 F5ICC         59  24     F6CLQ         59  89   
QSO: 14000 PH 2020-02-22 1717 F5ICC         59  24     F4EZG         59  87   
QSO: 14000 PH 2020-02-22 1717 F5ICC         59  24     F5KDK/P       59  81   
QSO: 14000 PH 2020-02-22 1718 F5ICC         59  24     F4KJN         59  46   
QSO: 14000 PH 2020-02-22 1719 F5ICC         59  24     F5KKE         59  79   
QSO: 14000 PH 2020-02-22 1719 F5ICC         59  24     TM5G          59  44   
QSO: 14000 PH 2020-02-22 1720 F5ICC         59  24     F5NKX         59  50   
QSO: 14000 PH 2020-02-22 1720 F5ICC         59  24     F8GQO         59  81   
QSO: 14000 PH 2020-02-22 1723 F5ICC         59  24     F4EJO         59  17   
QSO: 14000 PH 2020-02-22 1724 F5ICC         59  24     F4HER         59  86   
QSO: 14000 PH 2020-02-22 1726 F5ICC         59  24     F5BMI         59  46   
QSO: 14000 PH 2020-02-22 1729 F5ICC         59  24     AA2Q          59  034  
QSO: 14000 PH 2020-02-22 1731 F5ICC         59  24     CN4M          59  300  
QSO: 14000 PH 2020-02-22 1736 F5ICC         59  24     F6HQP         59  73   
QSO: 14000 PH 2020-02-22 1738 F5ICC         59  24     F5MMF         59  24   
QSO: 14000 PH 2020-02-22 1742 F5ICC         59  24     TM3CN         59  86   
QSO: 14000 PH 2020-02-22 1745 F5ICC         59  24     TM5OTT        59  37   
QSO: 14000 PH 2020-02-22 1748 F5ICC         59  24     FR5JD         59  FR   
QSO: 14000 PH 2020-02-22 1756 F5ICC         59  24     F6GOE         59  19   
QSO: 14000 PH 2020-02-22 1800 F5ICC         59  24     F6REF         59  00   
QSO: 3500  PH 2020-02-22 1939 F5ICC         59  24     TK5KP         59  2A   
QSO: 3500  PH 2020-02-22 2032 F5ICC         59  24     F4HXC         59  62   
QSO: 3500  PH 2020-02-22 2101 F5ICC         59  24     F5ROW         59  50   
QSO: 3500  PH 2020-02-22 2102 F5ICC         59  24     F6KPQ         59  56   
QSO: 3500  PH 2020-02-22 2108 F5ICC         59  24     F8KGW         59  35   
QSO: 3500  PH 2020-02-22 2113 F5ICC         59  24     TM13M         59  13   
QSO: 3500  PH 2020-02-22 2125 F5ICC         59  24     TM3YZ         59  03   
QSO: 3500  PH 2020-02-22 2127 F5ICC         59  24     F6CZQ         59  73   
QSO: 3500  PH 2020-02-22 2132 F5ICC         59  24     F6DRQ         59  85   
QSO: 3500  PH 2020-02-22 2139 F5ICC         59  24     F8KHR         59  34   
QSO: 3500  PH 2020-02-22 2147 F5ICC         59  24     F5LBL         59  30   
QSO: 3500  PH 2020-02-22 2149 F5ICC         59  24     F6CQU         59  19   
QSO: 3500  PH 2020-02-22 2151 F5ICC         59  24     F5HVI         59  50   
QSO: 3500  PH 2020-02-22 2152 F5ICC         59  24     F5KMY         59  25   
QSO: 3500  PH 2020-02-23 0510 F5ICC         59  24     F8DHM         59  29   
QSO: 3500  PH 2020-02-23 0510 F5ICC         59  24     TM5M          59  71   
QSO: 3500  PH 2020-02-23 0512 F5ICC         59  24     TM2F          59  02   
QSO: 3500  PH 2020-02-23 0513 F5ICC         59  24     F8DCZ         59  56   
QSO: 3500  PH 2020-02-23 0516 F5ICC         59  24     F1BHO         59  74   
QSO: 3500  PH 2020-02-23 0517 F5ICC         59  24     F4NRR         59  44   
QSO: 3500  PH 2020-02-23 0517 F5ICC         59  24     F4HCT         59  95   
QSO: 3500  PH 2020-02-23 0519 F5ICC         59  24     F8FSK         59  50   
QSO: 3500  PH 2020-02-23 0520 F5ICC         59  24     F4GNN         59  61   
QSO: 3500  PH 2020-02-23 0521 F5ICC         59  24     F4KLR/P       59  62   
QSO: 3500  PH 2020-02-23 0522 F5ICC         59  24     F4KKV         59  53   
QSO: 3500  PH 2020-02-23 0524 F5ICC         59  24     CN2JF         59  449  
QSO: 3500  PH 2020-02-23 0528 F5ICC         59  24     F4HTC         59  62   
QSO: 3500  PH 2020-02-23 0529 F5ICC         59  24     F8KGS         59  59   
QSO: 3500  PH 2020-02-23 0531 F5ICC         59  24     F1TZE         59  60   
QSO: 3500  PH 2020-02-23 0532 F5ICC         59  24     F4HMV         59  22   
QSO: 3500  PH 2020-02-23 0533 F5ICC         59  24     ON5HE         59  160  
QSO: 3500  PH 2020-02-23 0535 F5ICC         59  24     F5NKX         59  50   
QSO: 3500  PH 2020-02-23 0535 F5ICC         59  24     F5AAZ         59  54   
QSO: 3500  PH 2020-02-23 0536 F5ICC         59  24     F6BSZ         59  14   
QSO: 3500  PH 2020-02-23 0547 F5ICC         59  24     F8KGZ         59  54   
QSO: 3500  PH 2020-02-23 0548 F5ICC         59  24     YO8WW         59  060  
QSO: 3500  PH 2020-02-23 0550 F5ICC         59  24     F6KQV         59  67   
QSO: 3500  PH 2020-02-23 0552 F5ICC         59  24     F8KOH         59  27   
QSO: 3500  PH 2020-02-23 0555 F5ICC         59  24     F6KJU         59  59   
QSO: 3500  PH 2020-02-23 0555 F5ICC         59  24     YO8WW         59  066  
QSO: 3500  PH 2020-02-23 0605 F5ICC         59  24     F6HRP         59  22   
QSO: 3500  PH 2020-02-23 0608 F5ICC         59  24     F4KJP         59  08   
QSO: 7000  PH 2020-02-23 0641 F5ICC         59  24     CN4M          59  423  
QSO: 7000  PH 2020-02-23 0700 F5ICC         59  24     CN8SG         59  376  
QSO: 7000  PH 2020-02-23 0714 F5ICC         59  24     DL2LDE        59  011  
QSO: 7000  PH 2020-02-23 0715 F5ICC         59  24     YP0C          59  678  
QSO: 7000  PH 2020-02-23 0720 F5ICC         59  24     F6KLO         59  24   
QSO: 7000  PH 2020-02-23 0722 F5ICC         59  24     F6CLQ         59  89   
QSO: 7000  PH 2020-02-23 0750 F5ICC         59  24     F5USK         59  65   
QSO: 7000  PH 2020-02-23 0753 F5ICC         59  24     9A1BST        59  0190 
QSO: 7000  PH 2020-02-23 0755 F5ICC         59  24     EC5EA         59  016  
QSO: 7000  PH 2020-02-23 0801 F5ICC         59  24     IU4FJI        59  101  
QSO: 7000  PH 2020-02-23 0803 F5ICC         59  24     IU3FBL        59  080  
QSO: 7000  PH 2020-02-23 0804 F5ICC         59  24     F4CQW         59  54   
QSO: 7000  PH 2020-02-23 0812 F5ICC         59  24     F4CWN         59  32   
QSO: 7000  PH 2020-02-23 0820 F5ICC         59  24     TM5OTT        59  37   
QSO: 7000  PH 2020-02-23 0821 F5ICC         59  24     DL5YM         59  389  
QSO: 7000  PH 2020-02-23 0826 F5ICC         59  24     F5KRH/P       59  80   
QSO: 7000  PH 2020-02-23 0843 F5ICC         59  24     F5MMF         59  24   
QSO: 7000  PH 2020-02-23 0908 F5ICC         59  24     F5ROW         59  50   
QSO: 7000  PH 2020-02-23 0914 F5ICC         59  24     ON5TB         59  086  
QSO: 7000  PH 2020-02-23 0915 F5ICC         59  24     F4CQP         59  62   
QSO: 7000  PH 2020-02-23 0917 F5ICC         59  24     F4HYA         59  76   
QSO: 7000  PH 2020-02-23 0917 F5ICC         59  24     F4DDK         59  60   
QSO: 7000  PH 2020-02-23 0918 F5ICC         59  24     F5KMB         59  60   
QSO: 7000  PH 2020-02-23 0920 F5ICC         59  24     IK1BPL/QRP    59  014  
QSO: 7000  PH 2020-02-23 0920 F5ICC         59  24     F9SS          59  51   
QSO: 7000  PH 2020-02-23 0921 F5ICC         59  24     F4EQK         59  80   
QSO: 7000  PH 2020-02-23 0922 F5ICC         59  24     F6EQZ         59  51   
QSO: 7000  PH 2020-02-23 0924 F5ICC         59  24     F6EOE         59  51   
QSO: 7000  PH 2020-02-23 0925 F5ICC         59  24     F4ECU         59  02   
QSO: 7000  PH 2020-02-23 0926 F5ICC         59  24     ON6QO         59  001  
QSO: 7000  PH 2020-02-23 0927 F5ICC         59  24     F5BBD         59  02   
QSO: 7000  PH 2020-02-23 0929 F5ICC         59  24     IK1RQQ        59  005  
QSO: 7000  PH 2020-02-23 0930 F5ICC         59  24     IV3AVQ        59  103  
QSO: 7000  PH 2020-02-23 0932 F5ICC         59  24     PD1BU         59  025  
QSO: 7000  PH 2020-02-23 0933 F5ICC         59  24     F4HRD         59  62   
QSO: 7000  PH 2020-02-23 0935 F5ICC         59  24     3A2MG         59  071  
QSO: 7000  PH 2020-02-23 0937 F5ICC         59  24     G0BBO         59  030  
QSO: 7000  PH 2020-02-23 0943 F5ICC         59  24     F4ESV         59  54   
QSO: 7000  PH 2020-02-23 1014 F5ICC         59  24     S51CK         59  138  
QSO: 7000  PH 2020-02-23 1022 F5ICC         59  24     F8KGZ         59  54   
QSO: 14000 PH 2020-02-23 1033 F5ICC         59  24     F4KKZ         59  12   
QSO: 14000 PH 2020-02-23 1046 F5ICC         59  24     CN8SG         59  519  
QSO: 14000 PH 2020-02-23 1046 F5ICC         59  24     YP3A          59  463  
QSO: 14000 PH 2020-02-23 1049 F5ICC         59  24     YO4BEX        59  086  
QSO: 14000 PH 2020-02-23 1059 F5ICC         59  24     UY3U          59  446  
QSO: 14000 PH 2020-02-23 1211 F5ICC         59  24     TA4PR         59  018  
QSO: 14000 PH 2020-02-23 1213 F5ICC         59  24     LZ9V          59  354  
QSO: 21000 PH 2020-02-23 1218 F5ICC         59  24     F4CWN         59  32   
QSO: 21000 PH 2020-02-23 1221 F5ICC         59  24     F6KNB         59  33   
QSO: 21000 PH 2020-02-23 1223 F5ICC         59  24     F4KKZ         59  12   
QSO: 21000 PH 2020-02-23 1225 F5ICC         59  24     F5USK         59  65   
QSO: 21000 PH 2020-02-23 1240 F5ICC         59  24     F4HUA         59  33   
QSO: 21000 PH 2020-02-23 1252 F5ICC         59  24     F4HYT         59  47   
QSO: 14000 PH 2020-02-23 1308 F5ICC         59  24     N6AR          59  040  
QSO: 14000 PH 2020-02-23 1308 F5ICC         59  24     EA8NF         59  037  
QSO: 14000 PH 2020-02-23 1312 F5ICC         59  24     LZ34WGI       59  034  
QSO: 14000 PH 2020-02-23 1315 F5ICC         59  24     F6KLO         59  19   
QSO: 14000 PH 2020-02-23 1321 F5ICC         59  24     UT3RN         59  190  
QSO: 14000 PH 2020-02-23 1328 F5ICC         59  24     TM5OTT        59  37   
QSO: 14000 PH 2020-02-23 1331 F5ICC         59  24     F6DZU         59  40   
QSO: 14000 PH 2020-02-23 1341 F5ICC         59  24     VE2LH         59  011  
QSO: 14000 PH 2020-02-23 1341 F5ICC         59  24     SE4E          59  122  
QSO: 14000 PH 2020-02-23 1346 F5ICC         59  24     YO8TEM        59  040  
QSO: 14000 PH 2020-02-23 1355 F5ICC         59  24     F4CWN         59  32   
QSO: 7000  PH 2020-02-23 1400 F5ICC         59  24     F6GTH         59  57   
QSO: 7000  PH 2020-02-23 1420 F5ICC         59  24     PA2CVD        59  097  
QSO: 7000  PH 2020-02-23 1425 F5ICC         59  24     ON4MPA        59  001  
QSO: 7000  PH 2020-02-23 1454 F5ICC         59  24     TM55M         59  55   
QSO: 7000  PH 2020-02-23 1459 F5ICC         59  24     F1CZI         59  68   
QSO: 7000  PH 2020-02-23 1502 F5ICC         59  24     YL3CW         59  527  
QSO: 7000  PH 2020-02-23 1505 F5ICC         59  24     F4BME/P       59  25   
QSO: 7000  PH 2020-02-23 1514 F5ICC         59  24     HB9BOI        59  114  
QSO: 7000  PH 2020-02-23 1518 F5ICC         59  24     F1DLW         59  25   
QSO: 7000  PH 2020-02-23 1521 F5ICC         59  24     IW2MXY        59  158  
QSO: 3500  PH 2020-02-23 1523 F5ICC         59  24     F6GHG         59  52   
QSO: 3500  PH 2020-02-23 1524 F5ICC         59  24     F6AUS         59  79   
QSO: 3500  PH 2020-02-23 1529 F5ICC         59  24     F1UVN         59  62   
QSO: 3500  PH 2020-02-23 1530 F5ICC         59  24     F5PZR         59  77   
QSO: 3500  PH 2020-02-23 1535 F5ICC         59  24     F8KIS         59  17   
QSO: 3500  PH 2020-02-23 1536 F5ICC         59  24     F6BDE         59  63   
QSO: 3500  PH 2020-02-23 1537 F5ICC         59  24     F6ILG         59  33   
QSO: 3500  PH 2020-02-23 1538 F5ICC         59  24     F5MUX         59  29   
QSO: 3500  PH 2020-02-23 1539 F5ICC         59  24     F6DZQ         59  76   
QSO: 3500  PH 2020-02-23 1541 F5ICC         59  24     F1DJE         59  33   
QSO: 3500  PH 2020-02-23 1544 F5ICC         59  24     TM69R         59  69   
QSO: 3500  PH 2020-02-23 1545 F5ICC         59  24     F6FGH         59  49   
QSO: 3500  PH 2020-02-23 1549 F5ICC         59  24     F6IRH         59  38   
QSO: 3500  PH 2020-02-23 1551 F5ICC         59  24     F5AUB         59  81   
QSO: 3500  PH 2020-02-23 1553 F5ICC         59  24     F6FMX         59  07   
QSO: 3500  PH 2020-02-23 1554 F5ICC         59  24     F4EDU         59  33   
QSO: 3500  PH 2020-02-23 1555 F5ICC         59  24     F4IGI         59  36   
QSO: 3500  PH 2020-02-23 1558 F5ICC         59  24     F2IF          59  82   
QSO: 3500  PH 2020-02-23 1600 F5ICC         59  24     F1RXP         59  34   
QSO: 3500  PH 2020-02-23 1600 F5ICC         59  24     F4HYU         59  19   
QSO: 3500  PH 2020-02-23 1604 F5ICC         59  24     F4IDJ         59  47   
QSO: 3500  PH 2020-02-23 1605 F5ICC         59  24     F4IDT         59  03   
QSO: 3500  PH 2020-02-23 1612 F5ICC         59  24     F5ONA         59  47   
QSO: 3500  PH 2020-02-23 1613 F5ICC         59  24     F8KHC         59  87   
QSO: 3500  PH 2020-02-23 1614 F5ICC         59  24     F4EAN         59  13   
QSO: 3500  PH 2020-02-23 1614 F5ICC         59  24     F1RED         59  33   
QSO: 3500  PH 2020-02-23 1615 F5ICC         59  24     F5SEY         59  44   
QSO: 3500  PH 2020-02-23 1616 F5ICC         59  24     F6CKD         59  44   
QSO: 3500  PH 2020-02-23 1616 F5ICC         59  24     F4AKH         59  72   
QSO: 3500  PH 2020-02-23 1617 F5ICC         59  24     F4GKP         59  87   
QSO: 3500  PH 2020-02-23 1617 F5ICC         59  24     F4KKY         59  17   
QSO: 3500  PH 2020-02-23 1618 F5ICC         59  24     F6EKW         59  64   
QSO: 3500  PH 2020-02-23 1621 F5ICC         59  24     F1NGL         59  30   
QSO: 3500  PH 2020-02-23 1622 F5ICC         59  24     F6GGX         59  32   
QSO: 3500  PH 2020-02-23 1622 F5ICC         59  24     F8VNU         59  34   
QSO: 3500  PH 2020-02-23 1623 F5ICC         59  24     F5ATS         59  91   
QSO: 3500  PH 2020-02-23 1623 F5ICC         59  24     F4EQA         59  34   
QSO: 3500  PH 2020-02-23 1625 F5ICC         59  24     F6GGO         59  35   
QSO: 3500  PH 2020-02-23 1626 F5ICC         59  24     F6KCS         59  41   
QSO: 3500  PH 2020-02-23 1627 F5ICC         59  24     F6AVK         59  73   
QSO: 3500  PH 2020-02-23 1627 F5ICC         59  24     F4EZC         59  44   
QSO: 3500  PH 2020-02-23 1629 F5ICC         59  24     F5IAE         59  18   
QSO: 3500  PH 2020-02-23 1631 F5ICC         59  24     F6DCI         59  58   
QSO: 3500  PH 2020-02-23 1632 F5ICC         59  24     F1HAO         59  18   
QSO: 3500  PH 2020-02-23 1633 F5ICC         59  24     F5OMU         59  33   
QSO: 3500  PH 2020-02-23 1634 F5ICC         59  24     F4FRX         59  82   
QSO: 3500  PH 2020-02-23 1634 F5ICC         59  24     F6GDO         59  73   
QSO: 3500  PH 2020-02-23 1640 F5ICC         59  24     F6ARQ         59  16   
QSO: 3500  PH 2020-02-23 1641 F5ICC         59  24     F6BUL         59  74   
QSO: 3500  PH 2020-02-23 1642 F5ICC         59  24     F8KOU/P       59  23   
QSO: 3500  PH 2020-02-23 1645 F5ICC         59  24     F8DAM         59  24   
QSO: 3500  PH 2020-02-23 1646 F5ICC         59  24     F8CGL         59  72   
QSO: 3500  PH 2020-02-23 1647 F5ICC         59  24     F4HLR         59  72   
QSO: 3500  PH 2020-02-23 1648 F5ICC         59  24     F5NWG         59  11   
QSO: 3500  PH 2020-02-23 1716 F5ICC         59  24     F8DHE         59  42   
QSO: 3500  PH 2020-02-23 1722 F5ICC         59  24     F5PSA         59  46   
QSO: 3500  PH 2020-02-23 1727 F5ICC         59  24     F4FIP         59  72   
QSO: 3500  PH 2020-02-23 1731 F5ICC         59  24     F4IVV         59  38   
QSO: 3500  PH 2020-02-23 1735 F5ICC         59  24     F4KKF         59  13   
QSO: 3500  PH 2020-02-23 1739 F5ICC         59  24     F5KHP         59  32   
QSO: 3500  PH 2020-02-23 1744 F5ICC         59  24     F4DXW         59  29   
QSO: 3500  PH 2020-02-23 1745 F5ICC         59  24     F1BIJ         59  06   
QSO: 3500  PH 2020-02-23 1751 F5ICC         59  24     F4HYT         59  47   
QSO: 3500  PH 2020-02-23 1755 F5ICC         59  24     F6KSD         59  25   
QSO: 3500  PH 2020-02-23 1756 F5ICC         59  24     F6KTW         59  87   
QSO: 3500  PH 2020-02-23 1757 F5ICC         59  24     F6DXL         59  17   
QSO: 3500  PH 2020-02-23 1758 F5ICC         59  24     F4KLS         59  69   
END-OF-LOG:
