START-OF-LOG: 3.0
CREATED-BY: reconstructed-log-builder
CONTEST: IARU-HF
CALLSIGN: G4DBW
LOCATION: 
CATEGORY: CHECKLOG
CATEGORY-OPERATOR: SINGLE-OP
CATEGORY-BAND: ALL
CATEGORY-MODE: MIXED
CATEGORY-POWER: UNKNOWN
CATEGORY-ASSISTED: NON-ASSISTED
CATEGORY-TRANSMITTER: ONE
CATEGORY-STATION: UNKNOWN
CATEGORY-OVERLAY: 
OPERATORS: G4DBW
CLAIMED-SCORE: 
CLUB: 
NAME: 
SOAPBOX: RECONSTRUCTED MOCKUP LOG - NOT AN OFFICIAL SUBMISSION.
SOAPBOX: Derived from submitted logs for IARU-HF WRTC/2026.
QSO: 14001 CW 2026-07-11 1349 G4DBW         599 27 MB3K          599 27
QSO: 14003 CW 2026-07-11 1351 G4DBW         599 27 MB3V          599 27
QSO: 14004 CW 2026-07-11 1352 G4DBW         599 27 MB7K          599 27
QSO: 14005 CW 2026-07-11 1352 G4DBW         599 27 MB4G          599 27
QSO: 14005 CW 2026-07-11 1354 G4DBW         599 27 MB1T          599 27
QSO: 14006 CW 2026-07-11 1354 G4DBW         599 27 MB5Y          599 27
QSO: 14007 CW 2026-07-11 1355 G4DBW         599 27 MB7G          599 27
QSO: 14034 CW 2026-07-11 1407 G4DBW         599 27 MB4O          599 27
QSO: 14002 CW 2026-07-11 1411 G4DBW         599 27 MB2A          599 27
QSO:  7000 CW 2026-07-11 1943 G4DBW         599 27 MB5Q          599 27
QSO:  7001 CW 2026-07-11 1944 G4DBW         599 27 MB3H          599 27
QSO:  7001 CW 2026-07-11 1944 G4DBW         599 27 MB4Z          599 27
QSO:  7002 CW 2026-07-11 1945 G4DBW         599 27 MB3L          599 27
QSO:  7003 CW 2026-07-11 1946 G4DBW         599 27 MB1S          599 27
QSO:  7003 CW 2026-07-11 1946 G4DBW         599 27 MB2A          599 27
QSO:  7005 CW 2026-07-11 1946 G4DBW         599 27 MB5C          599 27
QSO:  7006 CW 2026-07-11 1947 G4DBW         599 27 MB1I          599 27
QSO:  7009 CW 2026-07-11 1948 G4DBW         599 27 MB2H          599 27
QSO:  7009 CW 2026-07-11 1949 G4DBW         599 27 MB3F          599 27
QSO:  7013 CW 2026-07-11 1950 G4DBW         599 27 2 MB7K          599 27
QSO:  7017 CW 2026-07-11 1950 G4DBW         599 27 MB4O          599 27
QSO:  7018 CW 2026-07-11 1951 G4DBW         599 27 MB3B          599 27
QSO:  7027 CW 2026-07-11 1952 G4DBW         599 27 MB7G          599 27
QSO:  7029 CW 2026-07-11 1953 G4DBW         599 27 MB2S          599 27
QSO:  7034 CW 2026-07-11 1955 G4DBW         599 27 MB1A          599 27
QSO:  7034 CW 2026-07-11 1955 G4DBW         599 27 MB2D          599 27
QSO:  7015 CW 2026-07-11 1956 G4DBW         599 27 MB7W          599 27
QSO:  7097 PH 2026-07-11 2023 G4DBW         59 27 MB5Y          59 27
QSO:  7080 PH 2026-07-11 2024 G4DBW         59 27 MB3K          59 27
QSO:  7081 PH 2026-07-11 2024 G4DBW         59 27 MB2D          59 27
QSO:  7010 CW 2026-07-11 2033 G4DBW         599 27 MB5X          599 27
QSO:  7022 CW 2026-07-11 2041 G4DBW         599 27 MB4X          599 27
QSO:  7023 CW 2026-07-11 2041 G4DBW         599 27 MB3D          599 27
QSO:  7041 CW 2026-07-11 2054 G4DBW         599 27 MB3M          599 27
QSO:  7000 CW 2026-07-11 2055 G4DBW         599 27 MB7D          599 27
QSO:  7001 CW 2026-07-11 2055 G4DBW         599 27 MB1T          599 27
QSO:  7002 CW 2026-07-11 2056 G4DBW         599 27 MB2U          599 27
QSO:  7008 CW 2026-07-11 2057 G4DBW         599 27 MB4C          599 27
QSO:  7012 CW 2026-07-11 2059 G4DBW         599 27 MB4G          599 27
QSO:  7014 CW 2026-07-11 2059 G4DBW         599 27 MB2N          599 27
QSO:  7018 CW 2026-07-11 2059 G4DBW         599 27 MB2M          599 27
QSO:  7020 CW 2026-07-11 2100 G4DBW         599 27 MB4F          599 27
QSO:  7016 CW 2026-07-11 2102 G4DBW         599 27 MB3G          599 27
QSO:  3502 CW 2026-07-11 2105 G4DBW         599 27 MB3L          599 27
QSO:  3507 CW 2026-07-11 2108 G4DBW         599 27 MB2D          599 27
QSO:  3507 CW 2026-07-11 2108 G4DBW         599 27 MB3V          599 27
QSO:  3509 CW 2026-07-11 2109 G4DBW         599 27 MB7G          599 27
QSO:  3510 CW 2026-07-11 2109 G4DBW         599 27 MB4V          599 27
QSO:  3511 CW 2026-07-11 2110 G4DBW         599 27 MB3K          599 27
QSO:  3512 CW 2026-07-11 2111 G4DBW         599 27 MB7K          599 27
QSO:  3523 CW 2026-07-11 2112 G4DBW         599 27 MB2H          599 27
QSO:  3523 CW 2026-07-11 2112 G4DBW         599 27 MB4O          599 27
QSO:  3525 CW 2026-07-11 2113 G4DBW         599 27 MB4F          599 27
QSO:  3526 CW 2026-07-11 2113 G4DBW         599 27 MB2R          599 27
QSO:  3530 CW 2026-07-11 2114 G4DBW         599 27 MB1A          599 27
QSO:  3531 CW 2026-07-11 2114 G4DBW         599 27 MB5J          599 27
QSO:  3533 CW 2026-07-11 2119 G4DBW         599 27 MB3D          599 27
QSO:  3513 CW 2026-07-11 2125 G4DBW         599 27 MB3F          599 27
QSO:  3505 CW 2026-07-11 2127 G4DBW         599 27 MB1S          599 27
QSO:  3503 CW 2026-07-11 2128 G4DBW         599 27 MB4P          599 27
QSO:  3505 CW 2026-07-11 2128 G4DBW         599 27 MB3H          599 27
QSO:  3500 CW 2026-07-11 2130 G4DBW         599 27 MB5O          599 27
QSO:  3501 CW 2026-07-11 2130 G4DBW         599 27 MB4G          599 27
QSO:  3503 CW 2026-07-11 2130 G4DBW         599 27 MB4W          599 27
QSO:  3510 CW 2026-07-11 2131 G4DBW         599 27 MB1T          599 27
QSO:  3503 CW 2026-07-11 2133 G4DBW         599 27 MB7L          599 27
QSO:  3533 CW 2026-07-11 2142 G4DBW         599 27 MB7W          599 27
QSO:  3504 CW 2026-07-11 2144 G4DBW         599 27 MB2A          599 27
QSO:  3506 CW 2026-07-11 2144 G4DBW         599 27 MB2M          599 27
QSO:  3500 CW 2026-07-11 2145 G4DBW         599 27 MB2S          599 27
QSO:  3703 PH 2026-07-11 2149 G4DBW         59 27 MB5J          59 27
QSO:  3713 PH 2026-07-11 2150 G4DBW         59 27 MB5Y          59 27
QSO:  3721 PH 2026-07-11 2151 G4DBW         59 27 MB3B          59 27
QSO:  3735 PH 2026-07-11 2153 G4DBW         59 27 MB7M          59 27
QSO:  3742 PH 2026-07-11 2154 G4DBW         59 27 MB7F          59 27
QSO:  3759 PH 2026-07-11 2157 G4DBW         59 27 MB1S          59 27
QSO:  3783 PH 2026-07-11 2200 G4DBW         59 27 MB7K          59 27
QSO:  3501 CW 2026-07-11 2217 G4DBW         599 27 MB3W          599 27
QSO:  3505 CW 2026-07-11 2218 G4DBW         599 27 MB1I          599 27
QSO:  3509 CW 2026-07-11 2218 G4DBW         599 27 MB3R          599 27
QSO:  3520 CW 2026-07-11 2219 G4DBW         599 27 MB2U          599 27
QSO:  3523 CW 2026-07-11 2220 G4DBW         599 27 MB7M          599 27
QSO:  3527 CW 2026-07-11 2220 G4DBW         599 27 MB3M          599 27
QSO:  3541 CW 2026-07-11 2222 G4DBW         599 27 MB7V          599 27
QSO:  3542 CW 2026-07-11 2223 G4DBW         599 27 MB1N          599 27
QSO:  3550 CW 2026-07-11 2223 G4DBW         599 27 MB3G          599 27
QSO:  3555 CW 2026-07-11 2223 G4DBW         599 27 MB4C          599 27
QSO:  3547 CW 2026-07-11 2239 G4DBW         599 27 MB5C          599 27
QSO:  3539 CW 2026-07-11 2241 G4DBW         599 27 MB4X          599 27
QSO:  3525 CW 2026-07-11 2243 G4DBW         599 27 MB5Q          599 27
QSO:  3505 CW 2026-07-11 2246 G4DBW         599 27 MB1I          599 27
QSO:  3512 CW 2026-07-11 2246 G4DBW         599 27 MB4Z          599 27
QSO:  3505 CW 2026-07-11 2247 G4DBW         599 27 MB4L          599 27
QSO:  7002 CW 2026-07-11 2254 G4DBW         599 27 MB7M          599 27
QSO:  7003 CW 2026-07-11 2255 G4DBW         599 27 MB5O          599 27
QSO:  7010 CW 2026-07-11 2256 G4DBW         599 27 MB7V          599 27
QSO:  7021 CW 2026-07-11 2258 G4DBW         599 27 MB4P          599 27
QSO:  7026 CW 2026-07-11 2259 G4DBW         599 27 MB5Z          599 27
QSO:  7036 CW 2026-07-11 2301 G4DBW         599 27 MB4L          599 27
QSO:  7080 PH 2026-07-11 2304 G4DBW         59 27 MB3V          59 27
QSO:  7082 PH 2026-07-11 2306 G4DBW         59 27 MB4G          59 27
QSO:  7099 PH 2026-07-11 2306 G4DBW         59 27 MB1I          59 27
QSO:  7118 PH 2026-07-11 2309 G4DBW         59 27 MB3B          59 27
QSO:  7124 PH 2026-07-11 2309 G4DBW         59 27 MB5X          59 27
QSO:  7012 CW 2026-07-11 2316 G4DBW         599 27 MB2R          599 27
QSO: 14003 CW 2026-07-11 2318 G4DBW         599 27 MB2M          599 27
QSO: 14007 CW 2026-07-11 2320 G4DBW         599 27 MB3F          599 27
QSO: 14009 CW 2026-07-11 2321 G4DBW         599 27 MB3M          599 27
QSO:  3506 CW 2026-07-11 2343 G4DBW         599 27 MB3B          599 27
QSO:  3527 CW 2026-07-11 2344 G4DBW         599 27 MB5Y          599 27
QSO:  3541 CW 2026-07-11 2345 G4DBW         599 27 MB5X          599 27
QSO:  3544 CW 2026-07-11 2346 G4DBW         599 27 MB7D          599 27
QSO:  7004 CW 2026-07-11 2352 G4DBW         599 27 MB4W          599 27
QSO:  7010 CW 2026-07-11 2355 G4DBW         599 27 MB5P          599 27
QSO:  7016 CW 2026-07-11 2355 G4DBW         599 27 MB5J          599 27
QSO:  7005 CW 2026-07-11 2357 G4DBW         599 27 MB3K          599 27
QSO:  3500 CW 2026-07-12 0000 G4DBW         599 27 MB2N          599 27
QSO:  3504 CW 2026-07-12 0000 G4DBW         599 27 MB5Z          599 27
QSO:  3682 PH 2026-07-12 0004 G4DBW         59 27 MB3V          59 27
QSO:  3703 PH 2026-07-12 0005 G4DBW         59 27 MB2D          59 27
QSO:  3706 PH 2026-07-12 0006 G4DBW         59 27 MB2S          59 27
QSO:  3790 PH 2026-07-12 0010 G4DBW         59 27 MB2H          59 27
QSO:  3795 PH 2026-07-12 0010 G4DBW         59 27 MB5X          59 27
QSO: 14006 CW 2026-07-12 0711 G4DBW         599 27 MB1S          599 27
QSO: 14009 CW 2026-07-12 0712 G4DBW         599 27 MB3R          599 27
QSO: 14011 CW 2026-07-12 0713 G4DBW         599 27 MB2N          599 27
END-OF-LOG:
