START-OF-LOG: 3.0
CREATED-BY: reconstructed-log-builder
CONTEST: IARU-HF
CALLSIGN: HB9DAX
LOCATION: 
CATEGORY: CHECKLOG
CATEGORY-OPERATOR: SINGLE-OP
CATEGORY-BAND: ALL
CATEGORY-MODE: MIXED
CATEGORY-POWER: UNKNOWN
CATEGORY-ASSISTED: NON-ASSISTED
CATEGORY-TRANSMITTER: ONE
CATEGORY-STATION: UNKNOWN
CATEGORY-OVERLAY: 
OPERATORS: HB9DAX
CLAIMED-SCORE: 
CLUB: 
NAME: 
SOAPBOX: RECONSTRUCTED MOCKUP LOG - NOT AN OFFICIAL SUBMISSION.
SOAPBOX: Derived from submitted logs for IARU-HF WRTC/2026.
QSO: 21011 CW 2026-07-11 1422 HB9DAX        599 28 MB3F          599 27
QSO: 28044 CW 2026-07-11 1426 HB9DAX        599 28 MB3D          599 27
QSO: 28030 CW 2026-07-11 1428 HB9DAX        599 28 MB7V          599 27
QSO: 28028 CW 2026-07-11 1429 HB9DAX        599 28 MB3W          599 27
QSO: 28023 CW 2026-07-11 1432 HB9DAX        599 28 MB4G          599 27
QSO: 28019 CW 2026-07-11 1436 HB9DAX        599 28 MB4Z          599 27
QSO: 28018 CW 2026-07-11 1437 HB9DAX        599 28 MB1I          599 27
QSO: 28010 CW 2026-07-11 1440 HB9DAX        599 28 MB7L          599 27
QSO: 28002 CW 2026-07-11 1442 HB9DAX        599 28 MB3L          599 27
QSO: 28001 CW 2026-07-11 1443 HB9DAX        599 28 MB2M          599 27
QSO: 28001 CW 2026-07-11 1443 HB9DAX        599 28 MB3R          599 27
QSO: 28001 CW 2026-07-11 1443 HB9DAX        599 28 MB4C          599 27
QSO: 28015 CW 2026-07-11 1502 HB9DAX        599 28 MB3W          599 27
QSO: 28028 CW 2026-07-11 1706 HB9DAX        599 28 MB4W          599 27
QSO: 28002 CW 2026-07-12 0939 HB9DAX        599 28 MB3H          599 27
END-OF-LOG:
