START-OF-LOG: 3.0
CREATED-BY: reconstructed-log-builder
CONTEST: ARRL-VHF-JAN
CALLSIGN: KB1EFS
LOCATION: 
CATEGORY: CHECKLOG
CATEGORY-OPERATOR: SINGLE-OP
CATEGORY-BAND: ALL
CATEGORY-MODE: MIXED
CATEGORY-POWER: UNKNOWN
CATEGORY-ASSISTED: NON-ASSISTED
CATEGORY-TRANSMITTER: ONE
CATEGORY-STATION: UNKNOWN
CATEGORY-OVERLAY: 
OPERATORS: KB1EFS
CLAIMED-SCORE: 
CLUB: 
NAME: 
SOAPBOX: RECONSTRUCTED MOCKUP LOG - NOT AN OFFICIAL SUBMISSION.
SOAPBOX: Derived from submitted logs for ARRL-VHF-JAN ARRL/arrl_january_vhf_contest/2020.
QSO:    50 DG 2020-01-18 1922 KB1EFS        FN42 N1GJ          FN41
QSO:    50 DG 2020-01-18 1932 KB1EFS        FN42 NZ1I          FN41
QSO:    50 DG 2020-01-18 1935 KB1EFS        FN42 W1XM          FN42
QSO:    50 DG 2020-01-18 1943 KB1EFS        FN42 W1QK          FN31
QSO:    50 DG 2020-01-19 0024 KB1EFS        FN42 N1PRW         FN42
QSO:    50 DG 2020-01-19 0025 KB1EFS        FN42 KE1LI         FN41
QSO:    50 PH 2020-01-19 0229 KB1EFS        FN42 K1DAT         FN42
QSO:    50 DG 2020-01-19 0230 KB1EFS        FN42 W1UJ          FN42
QSO:    50 CW 2020-01-19 0233 KB1EFS        FN42 K1TR          FN42
QSO:    50 DG 2020-01-19 0235 KB1EFS        FN42 NE1B          FN42
QSO:    50 DG 2020-01-19 0238 KB1EFS        FN42 WA3QPX        FM29
QSO:    50 DG 2020-01-19 0245 KB1EFS        FN42 W1FKF         FN43
QSO:    50 DG 2020-01-19 0301 KB1EFS        FN42 K1JT          FN20
QSO:    50 RY 2020-01-19 0306 KB1EFS        FN42 WA1LBK        FN41
QSO:    50 RY 2020-01-19 0307 KB1EFS        FN42 K1KA          FN42
QSO:    50 DG 2020-01-19 0311 KB1EFS        FN42 W1TR          FN31
QSO:    50 DG 2020-01-19 0315 KB1EFS        FN42 K1KG          FN42
QSO:    50 RY 2020-01-19 0322 KB1EFS        FN42 K5ZD          FN42
QSO:    50 RY 2020-01-19 0326 KB1EFS        FN42 WB2RVX        FM29
QSO:    50 DG 2020-01-19 1517 KB1EFS        FN42 N1GDD         FN42
QSO:    50 RY 2020-01-19 1522 KB1EFS        FN42 K2KA          FN42
QSO:    50 DG 2020-01-19 1530 KB1EFS        FN42 WU1ITU        FN22
QSO:    50 DG 2020-01-19 1534 KB1EFS        FN42 W1GD          FN42
QSO:    50 DG 2020-01-19 1551 KB1EFS        FN42 K1RO          FN33
QSO:    50 DG 2020-01-19 1813 KB1EFS        FN42 W1DYJ         FN42
QSO:    50 RY 2020-01-19 1818 KB1EFS        FN42 WA2FGK        FN21
QSO:    50 DG 2020-01-19 1903 KB1EFS        FN42 K2DBK         FN21
QSO:    50 DG 2020-01-19 2007 KB1EFS        FN42 N1DCH         FN42
QSO:    50 RY 2020-01-19 2009 KB1EFS        FN42 NY2NY         FN30
QSO:    50 RY 2020-01-19 2013 KB1EFS        FN42 KO4MA         EL88
QSO:    50 DG 2020-01-19 2016 KB1EFS        FN42 KM1CC         FN51
QSO:    50 DG 2020-01-19 2019 KB1EFS        FN42 WA3RGQ        EL98
QSO:    50 DG 2020-01-19 2020 KB1EFS        FN42 KK1W          FN32
QSO:    50 DG 2020-01-19 2023 KB1EFS        FN42 W4POT         EL99
QSO:    50 DG 2020-01-19 2027 KB1EFS        FN42 W4TAA         EL87
QSO:    50 DG 2020-01-19 2030 KB1EFS        FN42 K1TO          EL87
QSO:    50 DG 2020-01-19 2032 KB1EFS        FN42 KI4TZ         EL99
QSO:    50 DG 2020-01-19 2234 KB1EFS        FN42 AA1MA         FN42
QSO:    50 DG 2020-01-19 2238 KB1EFS        FN42 W2MMD         FM29
QSO:    50 DG 2020-01-19 2241 KB1EFS        FN42 KM4HI         EL89
QSO:    50 DG 2020-01-19 2244 KB1EFS        FN42 KC1IEB        FN42
QSO:    50 RY 2020-01-19 2247 KB1EFS        FN42 K1HC          FN42
QSO:    50 DG 2020-01-19 2343 KB1EFS        FN42 N2NT          FN20
END-OF-LOG:
