START-OF-LOG: 3.0
CONTEST: ARRL-DIGI
CALLSIGN: LZ4BU
LOCATION: DX
CATEGORY-OPERATOR: SINGLE-OP
CATEGORY-ASSISTED: NON-ASSISTED
CATEGORY-POWER: LOW
CATEGORY-BAND: ALL
CATEGORY-MODE: DIGI
CATEGORY-TRANSMITTER: ONE
CATEGORY-STATION: FIXED
CATEGORY-TIME: 24-HOURS
OPERATORS: LZ4BU
CREATED-BY: MSHV VERSION 2.76.2 64-BIT
HQ-CATEGORY: Single Operator, One Radio (SO1R), Low Power
HQ-GRID-LOCATOR: KN33XE
QSO: 7090 DG 2025-06-08 0234 LZ4BU KN33 W4MLB EL98 0
QSO: 7090 DG 2025-06-08 0237 LZ4BU KN33 W1OP FN41 0
QSO: 7090 DG 2025-06-08 0239 LZ4BU KN33 NA3M FM19 0
QSO: 7090 DG 2025-06-08 0242 LZ4BU KN33 N4ML FN31 0
QSO: 7090 DG 2025-06-08 0244 LZ4BU KN33 OI5AY KP30 0
QSO: 7090 DG 2025-06-08 0247 LZ4BU KN33 DL4NHP JN59 0
QSO: 7090 DG 2025-06-08 0255 LZ4BU KN33 9A3CNN JN83 0
QSO: 7090 DG 2025-06-08 0257 LZ4BU KN33 UZ0A KO70 0
QSO: 7090 DG 2025-06-08 0300 LZ4BU KN33 RN3DKE KO85 0
QSO: 7090 DG 2025-06-08 0303 LZ4BU KN33 W1RCR EL96 0
QSO: 7090 DG 2025-06-08 0305 LZ4BU KN33 UX7QV KN29 0
QSO: 14090 DG 2025-06-08 0309 LZ4BU KN33 OK2FD JN79 0
QSO: 14090 DG 2025-06-08 0313 LZ4BU KN33 RA0WHE NO53 0
QSO: 14090 DG 2025-06-08 0319 LZ4BU KN33 EU1ST KO33 0
QSO: 14090 DG 2025-06-08 0323 LZ4BU KN33 W1OP FN41 0
QSO: 14090 DG 2025-06-08 0329 LZ4BU KN33 UT3N KN49 0
QSO: 14090 DG 2025-06-08 0331 LZ4BU KN33 DL0MT JN48 0
QSO: 14090 DG 2025-06-08 0334 LZ4BU KN33 K3MM FM19 0
QSO: 14090 DG 2025-06-08 0505 LZ4BU KN33 W1RCR EL96 0
QSO: 21090 DG 2025-06-08 1250 LZ4BU KN33 JH7QXJ QM08 0
QSO: 21090 DG 2025-06-08 1252 LZ4BU KN33 RU3OZ KO91 0
QSO: 21090 DG 2025-06-08 1256 LZ4BU KN33 YE1BMZ OI33 0
QSO: 21090 DG 2025-06-08 1314 LZ4BU KN33 W1UE FN41 0
QSO: 21090 DG 2025-06-08 1325 LZ4BU KN33 IZ5OQX JN63 0
QSO: 21090 DG 2025-06-08 1348 LZ4BU KN33 PU2UAF GG66 0
QSO: 21090 DG 2025-06-08 1359 LZ4BU KN33 RZ3Z KO80 0
QSO: 21090 DG 2025-06-08 1401 LZ4BU KN33 N8HRZ EN91 0
QSO: 21090 DG 2025-06-08 1402 LZ4BU KN33 PY2QT GG76 0
QSO: 21090 DG 2025-06-08 1406 LZ4BU KN33 RU5X KO84 0
QSO: 21090 DG 2025-06-08 1413 LZ4BU KN33 IU6HWW JN63 0
QSO: 21090 DG 2025-06-08 1414 LZ4BU KN33 K3MM FM19 0
QSO: 21090 DG 2025-06-08 1432 LZ4BU KN33 K1HTV FM18 0
QSO: 21090 DG 2025-06-08 1526 LZ4BU KN33 YE9BJM OI71 0
QSO: 21090 DG 2025-06-08 1532 LZ4BU KN33 BG8GAM OL39 0
QSO: 21090 DG 2025-06-08 1534 LZ4BU KN33 UX7QV KN29 0
QSO: 21090 DG 2025-06-08 1550 LZ4BU KN33 DL8SDC JN48 0
QSO: 21090 DG 2025-06-08 1551 LZ4BU KN33 SV8OVJ KM27 0
QSO: 21090 DG 2025-06-08 1557 LZ4BU KN33 EA3FP JN11 0
QSO: 21090 DG 2025-06-08 1600 LZ4BU KN33 UZ0A KO70 0
QSO: 21090 DG 2025-06-08 1612 LZ4BU KN33 HA8LHT JN95 0
QSO: 21090 DG 2025-06-08 1620 LZ4BU KN33 IZ3XNJ JN55 0
QSO: 21090 DG 2025-06-08 1631 LZ4BU KN33 9A3CNN JN83 0
QSO: 21090 DG 2025-06-08 1725 LZ4BU KN33 GI7NKK IO74 0
QSO: 21090 DG 2025-06-08 1732 LZ4BU KN33 NA3M FM19 0
QSO: 21090 DG 2025-06-08 1735 LZ4BU KN33 KC3PIB EN90 0
QSO: 21090 DG 2025-06-08 1740 LZ4BU KN33 SQ8DSN KO11 0
QSO: 21090 DG 2025-06-08 1749 LZ4BU KN33 PU2UAF GG66 0
QSO: 21090 DG 2025-06-08 1757 LZ4BU KN33 KA2MGE FN02 0
QSO: 21090 DG 2025-06-08 1758 LZ4BU KN33 AA4DD EM86 0
QSO: 21090 DG 2025-06-08 1804 LZ4BU KN33 N1API FN31 0
QSO: 21090 DG 2025-06-08 1811 LZ4BU KN33 KI8N EN80 0
QSO: 21090 DG 2025-06-08 1813 LZ4BU KN33 PY5ZHP GG54 0
QSO: 21090 DG 2025-06-08 1819 LZ4BU KN33 KC2GOW FN20 0
QSO: 21090 DG 2025-06-08 1824 LZ4BU KN33 N4ML FN31 0
QSO: 21090 DG 2025-06-08 1827 LZ4BU KN33 R3LC KO64 0
QSO: 21090 DG 2025-06-08 1830 LZ4BU KN33 HG5OGI JN97 0
QSO: 21090 DG 2025-06-08 1840 LZ4BU KN33 LT5D GF12 0
QSO: 21090 DG 2025-06-08 1842 LZ4BU KN33 KM2O FN32 0
QSO: 21090 DG 2025-06-08 1848 LZ4BU KN33 VE1GN FN65 0
QSO: 21090 DG 2025-06-08 1851 LZ4BU KN33 KI8N EN80 0
QSO: 21090 DG 2025-06-08 1907 LZ4BU KN33 NA4DA EL89 0
QSO: 14090 DG 2025-06-08 2248 LZ4BU KN33 KC3PIB EN90 0
QSO: 7090 DG 2025-06-08 2307 LZ4BU KN33 HS0ZOY OK14 0
QSO: 7090 DG 2025-06-08 2310 LZ4BU KN33 OY6FRA IP62 0
QSO: 14090 DG 2025-06-08 2346 LZ4BU KN33 VE2EBK FN46 0
QSO: 14090 DG 2025-06-08 2347 LZ4BU KN33 AA3S FM19 0
QSO: 14090 DG 2025-06-08 2351 LZ4BU KN33 KB4DSL EL87 0
QSO: 14090 DG 2025-06-08 2353 LZ4BU KN33 KA2MGE FN02 0
QSO: 14090 DG 2025-06-08 2358 LZ4BU KN33 K4RUM FN30 0
END-OF-LOG: