START-OF-LOG: 3.0
CREATED-BY: reconstructed-log-builder
CONTEST: CQ-WW-SSB
CALLSIGN: WX2N
LOCATION: 
CATEGORY: CHECKLOG
CATEGORY-OPERATOR: SINGLE-OP
CATEGORY-BAND: ALL
CATEGORY-MODE: MIXED
CATEGORY-POWER: UNKNOWN
CATEGORY-ASSISTED: NON-ASSISTED
CATEGORY-TRANSMITTER: ONE
CATEGORY-STATION: UNKNOWN
CATEGORY-OVERLAY: 
OPERATORS: WX2N
CLAIMED-SCORE: 
CLUB: 
NAME: 
SOAPBOX: RECONSTRUCTED MOCKUP LOG - NOT AN OFFICIAL SUBMISSION.
SOAPBOX: Derived from submitted logs for CQ-WW-SSB CQWW/ph/2014.
QSO: 21251 PH 2014-10-25 1634 WX2N          59 05 YP8T          59 20
QSO: 21171 PH 2014-10-25 1644 WX2N          59 5 EI4KI         59 14
QSO: 21178 PH 2014-10-25 1644 WX2N          59 05 S56Y          59 15
QSO: 14223 PH 2014-10-25 2112 WX2N          59 05 GM5X          59 14
QSO:  7000 PH 2014-10-25 2307 WX2N          59 05 HG1S          59 15
QSO: 14177 PH 2014-10-25 2308 WX2N          59 05 PY2DY         59 11
QSO: 14259 PH 2014-10-25 2311 WX2N          59 05 P33W          59 20
QSO: 14340 PH 2014-10-26 0042 WX2N          59 05 P40L          59 9
QSO: 14256 PH 2014-10-26 1349 WX2N          59 5 HI3TEJ        59 08
QSO: 14262 PH 2014-10-26 1350 WX2N          59 5 6Y4K          59 08
QSO: 21331 PH 2014-10-26 1355 WX2N          59 05 RT5Z          59 16
QSO: 21332 PH 2014-10-26 1357 WX2N          59 05 TM6M          59 14
QSO: 21235 PH 2014-10-26 1358 WX2N          59 05 J42T          59 20
QSO: 21208 PH 2014-10-26 1402 WX2N          59 05 DC4A          59 14
QSO: 21308 PH 2014-10-26 1411 WX2N          59 05 S51TA         59 15
QSO: 21390 PH 2014-10-26 1539 WX2N          59 05 LX7I          59 14
QSO: 21431 PH 2014-10-26 1543 WX2N          59 05 HB9EOU        59 14
QSO: 21443 PH 2014-10-26 1657 WX2N          59 05 CT9/R9DX      59 33
QSO: 14255 PH 2014-10-26 1707 WX2N          59 05 ZF2AH         59 08
END-OF-LOG:
