START-OF-LOG: 3.0
CREATED-BY: reconstructed-log-builder
CONTEST: ARRL-160
CALLSIGN: N1JP
LOCATION: 
CATEGORY: CHECKLOG
CATEGORY-OPERATOR: SINGLE-OP
CATEGORY-BAND: ALL
CATEGORY-MODE: MIXED
CATEGORY-POWER: UNKNOWN
CATEGORY-ASSISTED: NON-ASSISTED
CATEGORY-TRANSMITTER: ONE
CATEGORY-STATION: UNKNOWN
CATEGORY-OVERLAY: 
OPERATORS: N1JP
CLAIMED-SCORE: 
CLUB: 
NAME: 
SOAPBOX: RECONSTRUCTED MOCKUP LOG - NOT AN OFFICIAL SUBMISSION.
SOAPBOX: Derived from submitted logs for ARRL-160 ARRL/arrl_160_meter_contest/2018.
QSO:  1822 CW 2018-11-30 2318 N1JP          599 ENY W9RE          599 IN
QSO:  1810 CW 2018-11-30 2324 N1JP          599 ENY VY2ZM         599 MAR
QSO:  1851 CW 2018-11-30 2324 N1JP          599 ENY W1XX          599 RI
QSO:  1839 CW 2018-11-30 2325 N1JP          599 ENY K3CCR         599 MDC
QSO:  1814 CW 2018-11-30 2328 N1JP          599 ENY NN2DX         599 ME
QSO:  1820 CW 2018-11-30 2330 N1JP          599 ENY K1VR          599 EMA
QSO:  1845 CW 2018-11-30 2331 N1JP          599 ENY K3WI          599 DE
QSO:  1809 CW 2018-11-30 2333 N1JP          599 ENY K3ATO         599 EPA
QSO:  1808 CW 2018-11-30 2336 N1JP          599 ENY K1GQ          599 NH
QSO:  1835 CW 2018-11-30 2338 N1JP          599 ENY WQ3N          599 EPA
QSO:  1810 CW 2018-11-30 2340 N1JP          599 ENY VE3MGY        599 ONS
QSO:  1809 CW 2018-11-30 2347 N1JP          599 ENY VE1ZA         599 MAR
QSO:  1818 CW 2018-11-30 2358 N1JP          599 ENY K4XL          599 VA
QSO:  1816 CW 2018-12-01 0006 N1JP          599 ENY N1LN          599 NC
QSO:  1804 CW 2018-12-01 0010 N1JP          599 ENY AJ9C          599 IN
QSO:  1818 CW 2018-12-01 0012 N1JP          599 ENY AB3CX         599 WNY
QSO:  1821 CW 2018-12-01 0014 N1JP          599 ENY K9CT          599 IL
QSO:  1800 CW 2018-12-01 1250 N1JP          599 ENY W1SJ          599 VT
QSO:  1829 CW 2018-12-01 1253 N1JP          599 ENY K1KI          599 CT
QSO:  1829 CW 2018-12-01 1300 N1JP          599 ENY VE3NZ         599 GTA
END-OF-LOG:
