START-OF-LOG: 3.0
CATEGORY: Single operator, CW, high power
CONTEST: WAG
SPECIFIC: G20
CALLSIGN: DL4KCA
CLAIMED-SCORE: 115668
CREATED-BY: UcxLog 8.23, modified by DXHF upload.
GRID-LOCATOR: JO30JX
QSO: 28040 CW 2022-10-15 1503 DL4KCA        599 G20    DF6PB         599 K14
QSO: 28038 CW 2022-10-15 1504 DL4KCA        599 G20    DK2A          599 B13
QSO: 28041 CW 2022-10-15 1508 DL4KCA        599 G20    AC5XK         599 003
QSO: 28041 CW 2022-10-15 1509 DL4KCA        599 G20    K1GQ          599 001
QSO: 28041 CW 2022-10-15 1510 DL4KCA        599 G20    DL6HCC        599 E14
QSO: 28041 CW 2022-10-15 1510 DL4KCA        599 G20    VE3AT         599 005
QSO: 28041 CW 2022-10-15 1512 DL4KCA        599 G20    AA3B          599 036
QSO: 28041 CW 2022-10-15 1512 DL4KCA        599 G20    RT9A          599 018
QSO: 28041 CW 2022-10-15 1514 DL4KCA        599 G20    N3RS          599 022
QSO: 28041 CW 2022-10-15 1514 DL4KCA        599 G20    N3CW          599 18
QSO: 28041 CW 2022-10-15 1515 DL4KCA        599 G20    SM2M          599 28
QSO: 28041 CW 2022-10-15 1515 DL4KCA        599 G20    K3PA          599 27
QSO: 28012 CW 2022-10-15 1520 DL4KCA        599 G20    DJ4MX         599 C26
QSO: 28008 CW 2022-10-15 1536 DL4KCA        599 G20    NN3W          599 070
QSO: 28010 CW 2022-10-15 1537 DL4KCA        599 G20    K3AJ          599 063
QSO: 28022 CW 2022-10-15 1539 DL4KCA        599 G20    DP4E          599 N62
QSO: 28026 CW 2022-10-15 1540 DL4KCA        599 G20    K3UL          599 040
QSO: 28026 CW 2022-10-15 1540 DL4KCA        599 G20    K1ZZ          599 068
QSO: 28030 CW 2022-10-15 1544 DL4KCA        599 G20    ZF2AA         599 012
QSO: 28035 CW 2022-10-15 1547 DL4KCA        599 G20    OL8R          599 063
QSO: 28035 CW 2022-10-15 1547 DL4KCA        599 G20    YU7KW         599 034
QSO: 28035 CW 2022-10-15 1549 DL4KCA        599 G20    DL0RD         599 L16
QSO: 28035 CW 2022-10-15 1550 DL4KCA        599 G20    YL7X          599 066
QSO: 28035 CW 2022-10-15 1551 DL4KCA        599 G20    W5MX          599 8
QSO: 28035 CW 2022-10-15 1552 DL4KCA        599 G20    W6POH         599 001
QSO: 28035 CW 2022-10-15 1554 DL4KCA        599 G20    N3AM          599 45
QSO: 28035 CW 2022-10-15 1555 DL4KCA        599 G20    N3QE          599 31
QSO: 28035 CW 2022-10-15 1555 DL4KCA        599 G20    DK5WO         599 G01
QSO: 28035 CW 2022-10-15 1556 DL4KCA        599 G20    DL1KAS        599 G07
QSO: 28035 CW 2022-10-15 1556 DL4KCA        599 G20    N3JT          599 18
QSO: 28035 CW 2022-10-15 1556 DL4KCA        599 G20    N4RV          599 79
QSO: 28035 CW 2022-10-15 1557 DL4KCA        599 G20    PA3AAV        599 012
QSO: 28035 CW 2022-10-15 1558 DL4KCA        599 G20    K3MD          599 18
QSO: 28035 CW 2022-10-15 1601 DL4KCA        599 G20    DF7DJ         599 O47
QSO: 28035 CW 2022-10-15 1603 DL4KCA        599 G20    DM4MN         599 R03
QSO: 28035 CW 2022-10-15 1603 DL4KCA        599 G20    N3RD          599 131
QSO: 28035 CW 2022-10-15 1604 DL4KCA        599 G20    CT1ELZ        599 044
QSO: 28035 CW 2022-10-15 1605 DL4KCA        599 G20    KQ4R          599 31
QSO: 28035 CW 2022-10-15 1605 DL4KCA        599 G20    G3P           599 059
QSO: 28035 CW 2022-10-15 1606 DL4KCA        599 G20    EA8AQM        599 005
QSO: 21027 CW 2022-10-15 1610 DL4KCA        599 G20    DL5DBY        599 O16
QSO: 21032 CW 2022-10-15 1612 DL4KCA        599 G20    N3RD          599 152
QSO: 21032 CW 2022-10-15 1612 DL4KCA        599 G20    RT9A          599 126
QSO: 21032 CW 2022-10-15 1613 DL4KCA        599 G20    RN4AO         599 021
QSO: 21032 CW 2022-10-15 1613 DL4KCA        599 G20    K3UL          599 082
QSO: 21032 CW 2022-10-15 1613 DL4KCA        599 G20    RX7T          599 063
QSO: 21032 CW 2022-10-15 1614 DL4KCA        599 G20    K3QP          599 65
QSO: 21032 CW 2022-10-15 1615 DL4KCA        599 G20    SN1T          599 076
QSO: 21032 CW 2022-10-15 1615 DL4KCA        599 G20    NR4M          599 132
QSO: 21032 CW 2022-10-15 1616 DL4KCA        599 G20    R4ACY         599 030
QSO: 21032 CW 2022-10-15 1616 DL4KCA        599 G20    IT9PPG        599 029
QSO: 21032 CW 2022-10-15 1617 DL4KCA        599 G20    NN3W          599 128
QSO: 21032 CW 2022-10-15 1617 DL4KCA        599 G20    RX9CC         599 044
QSO: 21032 CW 2022-10-15 1618 DL4KCA        599 G20    UA4HEZ        599 022
QSO: 21032 CW 2022-10-15 1618 DL4KCA        599 G20    EV1R          599 041
QSO: 21032 CW 2022-10-15 1618 DL4KCA        599 G20    RA4CL         599 025
QSO: 21032 CW 2022-10-15 1620 DL4KCA        599 G20    G3P           599 073
QSO: 21032 CW 2022-10-15 1621 DL4KCA        599 G20    YL3JA         599 061
QSO: 21032 CW 2022-10-15 1623 DL4KCA        599 G20    EI8JX         599 009
QSO: 21032 CW 2022-10-15 1623 DL4KCA        599 G20    SM2M          599 124
QSO: 21032 CW 2022-10-15 1624 DL4KCA        599 G20    YL7X          599 110
QSO: 21032 CW 2022-10-15 1625 DL4KCA        599 G20    IT9RZU        599 052
QSO: 21032 CW 2022-10-15 1626 DL4KCA        599 G20    K3MD          599 68
QSO: 21032 CW 2022-10-15 1626 DL4KCA        599 G20    CT1ELZ        599 061
QSO: 21032 CW 2022-10-15 1627 DL4KCA        599 G20    W3LL          599 38
QSO: 21032 CW 2022-10-15 1627 DL4KCA        599 G20    OL8R          599 128
QSO: 21032 CW 2022-10-15 1628 DL4KCA        599 G20    HA2KMR        599 46
QSO: 21032 CW 2022-10-15 1629 DL4KCA        599 G20    K3IE          599 57
QSO: 21032 CW 2022-10-15 1630 DL4KCA        599 G20    K3AJ          599 147
QSO: 21032 CW 2022-10-15 1631 DL4KCA        599 G20    K3WW          599 176
QSO: 21032 CW 2022-10-15 1631 DL4KCA        599 G20    HB9ON         599 046
QSO: 21032 CW 2022-10-15 1632 DL4KCA        599 G20    K1ZZ          599 162
QSO: 21032 CW 2022-10-15 1633 DL4KCA        599 G20    AJ1AJ         599 003
QSO: 21032 CW 2022-10-15 1634 DL4KCA        599 G20    9A3SM         599 74
QSO: 21032 CW 2022-10-15 1634 DL4KCA        599 G20    N3CW          599 67
QSO: 21032 CW 2022-10-15 1635 DL4KCA        599 G20    UA9CTT        599 083
QSO: 21032 CW 2022-10-15 1635 DL4KCA        599 G20    F6AUS         599 051
QSO: 21032 CW 2022-10-15 1636 DL4KCA        599 G20    R8WO          599 006
QSO: 21032 CW 2022-10-15 1636 DL4KCA        599 G20    RL2D          599 013
QSO: 21032 CW 2022-10-15 1637 DL4KCA        599 G20    VE9OA         599 24
QSO: 21032 CW 2022-10-15 1637 DL4KCA        599 G20    NU4E          599 52
QSO: 21032 CW 2022-10-15 1638 DL4KCA        599 G20    K1GU          599 56
QSO: 21032 CW 2022-10-15 1639 DL4KCA        599 G20    NC1CC         599 076
QSO: 21032 CW 2022-10-15 1640 DL4KCA        599 G20    DJ9BM         599 G55
QSO: 21032 CW 2022-10-15 1640 DL4KCA        599 G20    EA4HKF        599 60
QSO: 21032 CW 2022-10-15 1642 DL4KCA        599 G20    NK4O          599 98
QSO: 21032 CW 2022-10-15 1642 DL4KCA        599 G20    N2KHH         599 18
QSO: 21032 CW 2022-10-15 1643 DL4KCA        599 G20    K3RA          599 207
QSO: 21032 CW 2022-10-15 1643 DL4KCA        599 G20    N4RV          599 140
QSO: 21032 CW 2022-10-15 1645 DL4KCA        599 G20    PY2KC         599 9
QSO: 21032 CW 2022-10-15 1645 DL4KCA        599 G20    W3IDT         599 22
QSO: 21032 CW 2022-10-15 1647 DL4KCA        599 G20    SP9XCN        599 089
QSO: 21032 CW 2022-10-15 1647 DL4KCA        599 G20    N8UM          599 96
QSO: 21032 CW 2022-10-15 1647 DL4KCA        599 G20    RC9T          599 046
QSO: 21032 CW 2022-10-15 1648 DL4KCA        599 G20    VE3TM         599 075
QSO: 21032 CW 2022-10-15 1649 DL4KCA        599 G20    K2SX          599 32
QSO: 21032 CW 2022-10-15 1650 DL4KCA        599 G20    K4WW          599 68
QSO: 21032 CW 2022-10-15 1653 DL4KCA        599 G20    WB8DTT        599 17
QSO: 21032 CW 2022-10-15 1654 DL4KCA        599 G20    VE2FK         599 73
QSO: 21032 CW 2022-10-15 1656 DL4KCA        599 G20    W2AAB         599 035
QSO: 21032 CW 2022-10-15 1703 DL4KCA        599 G20    VE3AT         599 79
QSO: 21032 CW 2022-10-15 1704 DL4KCA        599 G20    AC5XK         599 92
QSO: 21032 CW 2022-10-15 1705 DL4KCA        599 G20    DK5WO         599 G01
QSO: 21032 CW 2022-10-15 1705 DL4KCA        599 G20    PY1DX         599 134
QSO: 21032 CW 2022-10-15 1706 DL4KCA        599 G20    KB1W          599 101
QSO: 21032 CW 2022-10-15 1706 DL4KCA        599 G20    EA1X          599 095
QSO: 21032 CW 2022-10-15 1707 DL4KCA        599 G20    AA3B          599 318
QSO: 21032 CW 2022-10-15 1708 DL4KCA        599 G20    OH1F          599 117
QSO: 21032 CW 2022-10-15 1710 DL4KCA        599 G20    S53V          599 116
QSO: 21032 CW 2022-10-15 1711 DL4KCA        599 G20    EW1A          599 223
QSO: 21032 CW 2022-10-15 1711 DL4KCA        599 G20    W8FJ          599 32
QSO: 21032 CW 2022-10-15 1712 DL4KCA        599 G20    OK2MBP        599 040
QSO: 14022 CW 2022-10-15 1715 DL4KCA        599 G20    DL5DBY        599 O16
QSO: 14037 CW 2022-10-15 1718 DL4KCA        599 G20    RN4AO         599 040
QSO: 14037 CW 2022-10-15 1718 DL4KCA        599 G20    CR3W          599 539
QSO: 14037 CW 2022-10-15 1719 DL4KCA        599 G20    UA9CTT        599 123
QSO: 14037 CW 2022-10-15 1719 DL4KCA        599 G20    K1ZZ          599 228
QSO: 14037 CW 2022-10-15 1720 DL4KCA        599 G20    RD0A          599 109
QSO: 14037 CW 2022-10-15 1720 DL4KCA        599 G20    HA7TM         599 144
QSO: 14037 CW 2022-10-15 1721 DL4KCA        599 G20    RA3XCZ        599 015
QSO: 14037 CW 2022-10-15 1722 DL4KCA        599 G20    LZ2VP         599 083
QSO: 14037 CW 2022-10-15 1722 DL4KCA        599 G20    LZ2RS         599 63
QSO: 14037 CW 2022-10-15 1723 DL4KCA        599 G20    R4IO          599 124
QSO: 14037 CW 2022-10-15 1723 DL4KCA        599 G20    LZ2MP         599 013
QSO: 14037 CW 2022-10-15 1724 DL4KCA        599 G20    N7WY          599 56
QSO: 14037 CW 2022-10-15 1725 DL4KCA        599 G20    R7MM          599 127
QSO: 14037 CW 2022-10-15 1725 DL4KCA        599 G20    EV1R          599 101
QSO: 14037 CW 2022-10-15 1725 DL4KCA        599 G20    K3WW          599 278
QSO: 14037 CW 2022-10-15 1726 DL4KCA        599 G20    YO3HEX        599 6
QSO: 14038 CW 2022-10-15 1728 DL4KCA        599 G20    DL0CK         599 R04
QSO:  7010 CW 2022-10-15 1735 DL4KCA        599 G20    LY2MM         599 103
QSO:  7010 CW 2022-10-15 1735 DL4KCA        599 G20    9A1CFR        599 080
QSO:  7010 CW 2022-10-15 1735 DL4KCA        599 G20    SN1T          599 141
QSO:  7010 CW 2022-10-15 1737 DL4KCA        599 G20    HA4FB         599 072
QSO:  7010 CW 2022-10-15 1737 DL4KCA        599 G20    EW8DX         599 103
QSO:  7010 CW 2022-10-15 1738 DL4KCA        599 G20    EW1M          599 100
QSO:  7010 CW 2022-10-15 1738 DL4KCA        599 G20    SM3EAE        599 054
QSO:  7010 CW 2022-10-15 1739 DL4KCA        599 G20    PA0JED        599 044
QSO:  7010 CW 2022-10-15 1739 DL4KCA        599 G20    OK5SA         599 048
QSO:  7010 CW 2022-10-15 1740 DL4KCA        599 G20    UW2U          599 164
QSO:  7010 CW 2022-10-15 1741 DL4KCA        599 G20    OL8R          599 252
QSO:  7010 CW 2022-10-15 1741 DL4KCA        599 G20    OK1DKU        599 022
QSO:  7010 CW 2022-10-15 1742 DL4KCA        599 G20    UF5A          599 051
QSO:  7010 CW 2022-10-15 1742 DL4KCA        599 G20    UW2U          599 166
QSO:  7010 CW 2022-10-15 1743 DL4KCA        599 G20    LA0CX         599 024
QSO:  7010 CW 2022-10-15 1744 DL4KCA        599 G20    OK1DM         599 34
QSO:  7010 CW 2022-10-15 1744 DL4KCA        599 G20    IK1QBT        599 88
QSO:  7010 CW 2022-10-15 1745 DL4KCA        599 G20    YL3FW         599 039
QSO:  7010 CW 2022-10-15 1745 DL4KCA        599 G20    OL8M          599 101
QSO:  7010 CW 2022-10-15 1746 DL4KCA        599 G20    SO3O          599 082
QSO:  7010 CW 2022-10-15 1746 DL4KCA        599 G20    HA7TM         599 170
QSO:  7010 CW 2022-10-15 1747 DL4KCA        599 G20    LZ5Y          599 092
QSO:  7010 CW 2022-10-15 1748 DL4KCA        599 G20    SM9X          599 039
QSO:  7010 CW 2022-10-15 1748 DL4KCA        599 G20    SM6FPC        599 047
QSO:  7010 CW 2022-10-15 1749 DL4KCA        599 G20    SP1AEN        599 058
QSO:  7010 CW 2022-10-15 1749 DL4KCA        599 G20    SP7CF         599 077
QSO:  7010 CW 2022-10-15 1750 DL4KCA        599 G20    F4VVG         599 012
QSO:  7010 CW 2022-10-15 1750 DL4KCA        599 G20    DM5MA         599 H32
QSO:  7010 CW 2022-10-15 1750 DL4KCA        599 G20    SP2R          599 153
QSO:  7010 CW 2022-10-15 1751 DL4KCA        599 G20    OK5TFC        599 037
QSO:  7010 CW 2022-10-15 1751 DL4KCA        599 G20    ON7XN         599 016
QSO:  7010 CW 2022-10-15 1752 DL4KCA        599 G20    YQ6A          599 190
QSO:  7010 CW 2022-10-15 1753 DL4KCA        599 G20    9A1AA         599 112
QSO:  7010 CW 2022-10-15 1753 DL4KCA        599 G20    IK2NUX        599 013
QSO:  7010 CW 2022-10-15 1754 DL4KCA        599 G20    E74O          599 035
QSO:  7010 CW 2022-10-15 1754 DL4KCA        599 G20    OR4T/P        599 177
QSO:  7010 CW 2022-10-15 1755 DL4KCA        599 G20    OK2BRJ        599 58
QSO:  7010 CW 2022-10-15 1755 DL4KCA        599 G20    G3P           599 129
QSO:  7010 CW 2022-10-15 1756 DL4KCA        599 G20    LZ6E          599 182
QSO:  7010 CW 2022-10-15 1756 DL4KCA        599 G20    LZ4A          599 117
QSO:  7010 CW 2022-10-15 1757 DL4KCA        599 G20    SV2SKD        599 024
QSO:  7010 CW 2022-10-15 1757 DL4KCA        599 G20    EW8OM         599 054
QSO:  7010 CW 2022-10-15 1758 DL4KCA        599 G20    DL9MGE        599 W10
QSO:  7010 CW 2022-10-15 1759 DL4KCA        599 G20    YU5R          599 169
QSO:  7010 CW 2022-10-15 1759 DL4KCA        599 G20    IK7MIY        599 044
QSO:  7010 CW 2022-10-15 1800 DL4KCA        599 G20    PA3AAV        599 050
QSO:  7010 CW 2022-10-15 1800 DL4KCA        599 G20    SP2KAC        599 057
QSO:  7010 CW 2022-10-15 1801 DL4KCA        599 G20    M1X           599 097
QSO:  7010 CW 2022-10-15 1801 DL4KCA        599 G20    PA1SJP        599 010
QSO:  7010 CW 2022-10-15 1802 DL4KCA        599 G20    LZ1VKD        599 077
QSO:  7010 CW 2022-10-15 1803 DL4KCA        599 G20    RN4HAB        599 33
QSO:  7010 CW 2022-10-15 1803 DL4KCA        599 G20    G3PJT         599 007
QSO:  7010 CW 2022-10-15 1804 DL4KCA        599 G20    DL1HAA        599 N22
QSO:  7010 CW 2022-10-15 1804 DL4KCA        599 G20    SP5OXJ        599 017
QSO:  7010 CW 2022-10-15 1805 DL4KCA        599 G20    OL1T          599 008
QSO:  7010 CW 2022-10-15 1806 DL4KCA        599 G20    EU4E          599 035
QSO:  7010 CW 2022-10-15 1806 DL4KCA        599 G20    OK1FKD        599 031
QSO:  7010 CW 2022-10-15 1807 DL4KCA        599 G20    9A3YT         599 038
QSO:  7010 CW 2022-10-15 1807 DL4KCA        599 G20    OH1NA         599 019
QSO:  7010 CW 2022-10-15 1808 DL4KCA        599 G20    YO4NF         599 094
QSO:  7010 CW 2022-10-15 1808 DL4KCA        599 G20    YL3JD         599 040
QSO:  7010 CW 2022-10-15 1809 DL4KCA        599 G20    OU2W          599 53
QSO:  7010 CW 2022-10-15 1809 DL4KCA        599 G20    OE5CYL        599 028
QSO:  7010 CW 2022-10-15 1810 DL4KCA        599 G20    SP9XCN        599 152
QSO:  7010 CW 2022-10-15 1812 DL4KCA        599 G20    R6AF          599 230
QSO:  7010 CW 2022-10-15 1813 DL4KCA        599 G20    G8XXJ         599 009
QSO:  7010 CW 2022-10-15 1813 DL4KCA        599 G20    DK7OG         599 D08
QSO:  7010 CW 2022-10-15 1814 DL4KCA        599 G20    PC1PM         599 046
QSO:  7010 CW 2022-10-15 1814 DL4KCA        599 G20    IV3FPX        599 045
QSO:  7010 CW 2022-10-15 1815 DL4KCA        599 G20    I6FDJ         599 023
QSO:  7010 CW 2022-10-15 1816 DL4KCA        599 G20    EV6Z          599 064
QSO:  7010 CW 2022-10-15 1816 DL4KCA        599 G20    LZ1QV         599 097
QSO: 21029 CW 2022-10-15 1833 DL4KCA        599 G20    VE3VN         599 133
QSO: 21029 CW 2022-10-15 1834 DL4KCA        599 G20    PT9DX         599 004
QSO: 21029 CW 2022-10-15 1835 DL4KCA        599 G20    K9RS          599 154
QSO: 21029 CW 2022-10-15 1836 DL4KCA        599 G20    PY1XR         599 3
QSO:  3518 CW 2022-10-15 1839 DL4KCA        599 G20    IK1PMR        599 031
QSO:  3525 CW 2022-10-15 1840 DL4KCA        599 G20    HA6PJ         599 037
QSO:  3525 CW 2022-10-15 1840 DL4KCA        599 G20    SN5J          599 130
QSO:  3525 CW 2022-10-15 1841 DL4KCA        599 G20    EW1M          599 146
QSO:  3525 CW 2022-10-15 1842 DL4KCA        599 G20    CR3W          599 720
QSO:  3525 CW 2022-10-15 1843 DL4KCA        599 G20    SP2R          599 203
QSO:  3525 CW 2022-10-15 1843 DL4KCA        599 G20    IN3KLQ        599 021
QSO:  3525 CW 2022-10-15 1844 DL4KCA        599 G20    DL2ZA         599 U15
QSO:  3525 CW 2022-10-15 1845 DL4KCA        599 G20    DL2AND        599 X41
QSO:  3525 CW 2022-10-15 1846 DL4KCA        599 G20    EW8DX         599 141
QSO:  3525 CW 2022-10-15 1846 DL4KCA        599 G20    DB1BAN        599 C15
QSO:  3525 CW 2022-10-15 1848 DL4KCA        599 G20    PA9M          599 312
QSO:  3525 CW 2022-10-15 1848 DL4KCA        599 G20    IV3EAD        599 39
QSO:  3525 CW 2022-10-15 1850 DL4KCA        599 G20    IU1JCZ        599 088
QSO: 28035 CW 2022-10-15 1854 DL4KCA        599 G20    EU8U          599 240
QSO: 21020 CW 2022-10-15 1856 DL4KCA        599 G20    ZF2AA         599 239
QSO: 14022 CW 2022-10-15 1900 DL4KCA        599 G20    K1AR          599 113
QSO: 14041 CW 2022-10-15 1903 DL4KCA        599 G20    ZD7BG         599 233
QSO: 14044 CW 2022-10-15 1904 DL4KCA        599 G20    EA5DF         599 355
QSO: 14015 CW 2022-10-15 1907 DL4KCA        599 G20    ZF2AA         599 256
QSO: 14019 CW 2022-10-15 1908 DL4KCA        599 G20    PY2LSM        599 4
QSO: 14018 CW 2022-10-15 1912 DL4KCA        599 G20    DR5X          599 M11
QSO: 14029 CW 2022-10-16 0704 DL4KCA        599 G20    9A3VM         599 620
QSO: 14018 CW 2022-10-16 0710 DL4KCA        599 G20    ZL1BBW        599 092
QSO: 14040 CW 2022-10-16 0714 DL4KCA        599 G20    HG7J          599 058
QSO: 14020 CW 2022-10-16 0716 DL4KCA        599 G20    TA3DJ         599 031
QSO: 14035 CW 2022-10-16 0717 DL4KCA        599 G20    TA2SE/3       599 77
QSO: 14011 CW 2022-10-16 0722 DL4KCA        599 G20    Z32U          599 117
QSO:  7032 CW 2022-10-16 0725 DL4KCA        599 G20    T77CX         599 429
QSO:  7018 CW 2022-10-16 0729 DL4KCA        599 G20    DK4DS         599 O10
QSO:  7021 CW 2022-10-16 0730 DL4KCA        599 G20    M0DSL         599 142
QSO:  7021 CW 2022-10-16 0731 DL4KCA        599 G20    SP1JQJ        599 44
QSO:  7021 CW 2022-10-16 0731 DL4KCA        599 G20    OE5TXF        599 489
QSO:  7021 CW 2022-10-16 0732 DL4KCA        599 G20    SP1D          599 476
QSO:  7021 CW 2022-10-16 0732 DL4KCA        599 G20    DL5ANE        599 X07
QSO:  7021 CW 2022-10-16 0733 DL4KCA        599 G20    IN3HUU        599 078
QSO:  7021 CW 2022-10-16 0735 DL4KCA        599 G20    SM6F          599 292
QSO:  7021 CW 2022-10-16 0735 DL4KCA        599 G20    DK2A          599 B13
QSO:  7021 CW 2022-10-16 0737 DL4KCA        599 G20    LA2HFA        599 181
QSO:  7021 CW 2022-10-16 0738 DL4KCA        599 G20    OK2MBP        599 479
QSO:  7021 CW 2022-10-16 0738 DL4KCA        599 G20    DK2FG         599 N05
QSO:  7021 CW 2022-10-16 0739 DL4KCA        599 G20    PA3ARM        599 094
QSO:  7021 CW 2022-10-16 0740 DL4KCA        599 G20    PA5KT         599 036
QSO:  7021 CW 2022-10-16 0741 DL4KCA        599 G20    IZ3SQW        599 201
QSO:  7021 CW 2022-10-16 0742 DL4KCA        599 G20    DK3AX         599 B18
QSO:  7021 CW 2022-10-16 0743 DL4KCA        599 G20    SP9DLY        599 268
QSO:  7021 CW 2022-10-16 0743 DL4KCA        599 G20    DK1TX         599 A05
QSO:  7021 CW 2022-10-16 0744 DL4KCA        599 G20    9A3LG         599 221
QSO:  7021 CW 2022-10-16 0745 DL4KCA        599 G20    PA9M          599 859
QSO:  7021 CW 2022-10-16 0745 DL4KCA        599 G20    IV3EAD        599 205
QSO:  7021 CW 2022-10-16 0746 DL4KCA        599 G20    SQ3R          599 051
QSO:  7021 CW 2022-10-16 0747 DL4KCA        599 G20    OK1RR         599 423
QSO:  7021 CW 2022-10-16 0748 DL4KCA        599 G20    SF1Z          599 234
QSO:  7021 CW 2022-10-16 0748 DL4KCA        599 G20    SP9YGD        599 571
QSO:  7021 CW 2022-10-16 0749 DL4KCA        599 G20    DL7UKT        599 Y07
QSO:  7021 CW 2022-10-16 0749 DL4KCA        599 G20    DK6TV         599 T07
QSO:  7021 CW 2022-10-16 0750 DL4KCA        599 G20    PG6F          599 029
QSO:  7021 CW 2022-10-16 0750 DL4KCA        599 G20    PC7E          599 42
QSO:  7021 CW 2022-10-16 0751 DL4KCA        599 G20    DK4LX         599 F06
QSO:  7021 CW 2022-10-16 0752 DL4KCA        599 G20    F6AUS         599 276
QSO:  7021 CW 2022-10-16 0753 DL4KCA        599 G20    OM3CPF        599 294
QSO:  7021 CW 2022-10-16 0754 DL4KCA        599 G20    OU2I          599 158
QSO:  7021 CW 2022-10-16 0754 DL4KCA        599 G20    ON9TT         599 14
QSO:  7021 CW 2022-10-16 0755 DL4KCA        599 G20    HB9ON         599 328
QSO:  7021 CW 2022-10-16 0755 DL4KCA        599 G20    HA2KMR        599 620
QSO:  7021 CW 2022-10-16 0756 DL4KCA        599 G20    YL7X          599 849
QSO:  7021 CW 2022-10-16 0757 DL4KCA        599 G20    K1ZZ          599 853
QSO:  7021 CW 2022-10-16 0757 DL4KCA        599 G20    DL1AH         599 H02
QSO:  7021 CW 2022-10-16 0758 DL4KCA        599 G20    OK1XC         599 208
QSO:  7021 CW 2022-10-16 0758 DL4KCA        599 G20    DM3F          599 S07
QSO:  7021 CW 2022-10-16 0759 DL4KCA        599 G20    SP2HMT        599 262
QSO:  7021 CW 2022-10-16 0800 DL4KCA        599 G20    HB9CAT        599 226
QSO:  7021 CW 2022-10-16 0800 DL4KCA        599 G20    OK2ABU        599 134
QSO:  7021 CW 2022-10-16 0801 DL4KCA        599 G20    S57X          599 195
QSO:  7021 CW 2022-10-16 0801 DL4KCA        599 G20    DM3ZM         599 Y28
QSO: 28016 CW 2022-10-16 0933 DL4KCA        599 G20    CR3W          599 1959
QSO: 28003 CW 2022-10-16 0935 DL4KCA        599 G20    VU2TMP        599 086
QSO: 28018 CW 2022-10-16 0938 DL4KCA        599 G20    TA7I          599 411
QSO: 28034 CW 2022-10-16 0940 DL4KCA        599 G20    RA7C          599 244
QSO:  7018 CW 2022-10-16 0943 DL4KCA        599 G20    OR5O          599 016
QSO:  7018 CW 2022-10-16 0944 DL4KCA        599 G20    SM2M          599 1177
QSO:  7018 CW 2022-10-16 0945 DL4KCA        599 G20    OK1AY         599 264
QSO:  7018 CW 2022-10-16 0945 DL4KCA        599 G20    OK1DLX        599 66
QSO:  7018 CW 2022-10-16 0946 DL4KCA        599 G20    OL4W          599 265
QSO:  7018 CW 2022-10-16 0947 DL4KCA        599 G20    YL1YF         599 343
QSO:  7018 CW 2022-10-16 0948 DL4KCA        599 G20    M8A           599 228
QSO:  7018 CW 2022-10-16 0949 DL4KCA        599 G20    SP3LPR        599 158
QSO:  7018 CW 2022-10-16 0949 DL4KCA        599 G20    DL7USW/P      599 D26
QSO:  7018 CW 2022-10-16 0950 DL4KCA        599 G20    DK2DR         599 O10
QSO:  7018 CW 2022-10-16 0954 DL4KCA        599 G20    PA8MM         599 039
QSO:  7018 CW 2022-10-16 0956 DL4KCA        599 G20    9A3DF         599 012
QSO:  7018 CW 2022-10-16 0957 DL4KCA        599 G20    S56C          599 135
QSO:  7018 CW 2022-10-16 0957 DL4KCA        599 G20    OK1TDX        599 106
QSO:  7018 CW 2022-10-16 0958 DL4KCA        599 G20    DL5IAH        599 K09
QSO:  7018 CW 2022-10-16 0959 DL4KCA        599 G20    DM6EE         599 H24
QSO:  7018 CW 2022-10-16 0959 DL4KCA        599 G20    DL7LX         599 D07
QSO:  7018 CW 2022-10-16 1000 DL4KCA        599 G20    DF2ET         599 N18
QSO: 14011 CW 2022-10-16 1007 DL4KCA        599 G20    HA4FB         599 540
QSO: 14013 CW 2022-10-16 1007 DL4KCA        599 G20    S55N          599 90
QSO: 14021 CW 2022-10-16 1012 DL4KCA        599 G20    9A1AA         599 578
QSO: 14021 CW 2022-10-16 1014 DL4KCA        599 G20    OY1CT         599 309
QSO: 14021 CW 2022-10-16 1015 DL4KCA        599 G20    SP4TKR        599 107
QSO: 14024 CW 2022-10-16 1016 DL4KCA        599 G20    R6DJM         599 070
QSO: 14024 CW 2022-10-16 1018 DL4KCA        599 G20    LC9A          599 86
QSO: 14024 CW 2022-10-16 1019 DL4KCA        599 G20    F6AUS         599 335
QSO: 14045 CW 2022-10-16 1024 DL4KCA        599 G20    SP1AEN        599 387
QSO: 14013 CW 2022-10-16 1308 DL4KCA        599 G20    NA1NA         599 34
QSO: 21001 CW 2022-10-16 1309 DL4KCA        599 G20    K7SV          599 7
QSO: 21007 CW 2022-10-16 1311 DL4KCA        599 G20    N5AW          599 153
QSO: 21009 CW 2022-10-16 1312 DL4KCA        599 G20    VE9HF         599 157
QSO: 21024 CW 2022-10-16 1314 DL4KCA        599 G20    K8GL          599 129
QSO: 21030 CW 2022-10-16 1316 DL4KCA        599 G20    KR2AA         599 37
QSO: 21016 CW 2022-10-16 1319 DL4KCA        599 G20    K1RM          599 047
QSO: 21016 CW 2022-10-16 1320 DL4KCA        599 G20    N3QE          599 585
QSO: 21016 CW 2022-10-16 1321 DL4KCA        599 G20    W1FJ          599 183
QSO: 21013 CW 2022-10-16 1322 DL4KCA        599 G20    RW7F          599 511
QSO: 21019 CW 2022-10-16 1324 DL4KCA        599 G20    NB1N          599 067
QSO: 21034 CW 2022-10-16 1329 DL4KCA        599 G20    KG9N          599 17
QSO: 21005 CW 2022-10-16 1331 DL4KCA        599 G20    W1WEF         599 7
QSO: 28003 CW 2022-10-16 1334 DL4KCA        599 G20    K7SV          599 44
QSO: 21003 CW 2022-10-16 1337 DL4KCA        599 G20    K1RX          599 374
QSO: 21053 CW 2022-10-16 1352 DL4KCA        599 G20    N5TJ          599 84
QSO: 21029 CW 2022-10-16 1356 DL4KCA        599 G20    K1IB          599 141
QSO: 21019 CW 2022-10-16 1358 DL4KCA        599 G20    N5RZ          599 275
QSO: 21025 CW 2022-10-16 1406 DL4KCA        599 G20    HZ1TT         599 111
QSO: 21012 CW 2022-10-16 1413 DL4KCA        599 G20    N4CWZ         599 130
QSO: 21025 CW 2022-10-16 1414 DL4KCA        599 G20    4X1VF         599 318
QSO: 21045 CW 2022-10-16 1417 DL4KCA        599 G20    DQ50GHH       599 50GHH
QSO: 21045 CW 2022-10-16 1418 DL4KCA        599 G20    K4ZW          599 809
END-OF-LOG:
