START-OF-LOG: 3.0
CATEGORY: Single operator, CW, low power
CONTEST: WAG
LOCATION: DX
CALLSIGN: IZ8NWA
GRID-LOCATOR: JN70JS
CLAIMED-SCORE: 1767
OPERATORS: IZ8NWA
OFFTIME:
CLUB: ITALIAN CONTEST CLUB
ADDRESS-CITY: FISCIANO
ADDRESS-POSTALCODE: 84084
ADDRESS-COUNTRY: ITALY
CREATED-BY: 5MContest ver. 8.0.8, modified by DXHF upload.
QSO:  7037 CW 2022-10-15 2240 IZ8NWA        599 001    DF7TV         599 NM
QSO:  7035 CW 2022-10-15 2242 IZ8NWA        599 002    DF4UM         599 P07
QSO:  7024 CW 2022-10-15 2244 IZ8NWA        599 003    DL0RUS        599 C14
QSO:  7026 CW 2022-10-15 2245 IZ8NWA        599 004    DP7D          599 L05
QSO:  7027 CW 2022-10-15 2246 IZ8NWA        599 005    DL7ON         599 D04
QSO:  7024 CW 2022-10-15 2246 IZ8NWA        599 006    DL4UNY        599 X34
QSO:  7021 CW 2022-10-15 2247 IZ8NWA        599 007    DL3UB         599 V22
QSO:  7036 CW 2022-10-15 2249 IZ8NWA        599 008    DL6HCC        599 E14
QSO:  7035 CW 2022-10-15 2250 IZ8NWA        599 009    DK3WW         599 Y09
QSO:  7016 CW 2022-10-15 2251 IZ8NWA        599 010    DK5SF         599 Z46
QSO:  7013 CW 2022-10-15 2251 IZ8NWA        599 011    DM5A          599 S02
QSO:  7015 CW 2022-10-15 2254 IZ8NWA        599 012    DL8MKG        599 W13
QSO:  7020 CW 2022-10-15 2257 IZ8NWA        599 013    DL7ZZ         599 H32
QSO:  7026 CW 2022-10-15 2302 IZ8NWA        599 014    DR5W          599 Y34
QSO:  7010 CW 2022-10-15 2304 IZ8NWA        599 015    DK9PY         599 K04
QSO:  7009 CW 2022-10-15 2305 IZ8NWA        599 016    DA0M          599 Z90
QSO:  7011 CW 2022-10-15 2306 IZ8NWA        599 017    DK3DUA        599 S07
QSO:  7015 CW 2022-10-15 2308 IZ8NWA        599 018    DL6KVA        599 V01
QSO:  7017 CW 2022-10-15 2311 IZ8NWA        599 019    DF1DX         599 O16
QSO:  7024 CW 2022-10-15 2315 IZ8NWA        599 020    DK0LWL        599 V28
QSO:  7031 CW 2022-10-15 2317 IZ8NWA        599 021    DL2RUM        599 Y07
QSO:  7029 CW 2022-10-15 2320 IZ8NWA        599 022    DR4A          599 F27
QSO:  7034 CW 2022-10-15 2323 IZ8NWA        599 023    DR7T          599 O47
QSO:  7013 CW 2022-10-15 2323 IZ8NWA        599 024    DL6AG         599 S44
QSO:  7009 CW 2022-10-15 2324 IZ8NWA        599 025    DJ4MX         599 C26
QSO:  7023 CW 2022-10-16 0848 IZ8NWA        599 026    DQ1A          599 L03
QSO:  7009 CW 2022-10-16 0850 IZ8NWA        599 027    DL5FU         599 Z91
QSO:  7012 CW 2022-10-16 0852 IZ8NWA        599 028    DK8NT         599 B25
QSO:  7030 CW 2022-10-16 0855 IZ8NWA        599 029    DK1MAX        599 T08
QSO:  7028 CW 2022-10-16 0859 IZ8NWA        599 030    DF4GV         599 A26
QSO:  7019 CW 2022-10-16 0902 IZ8NWA        599 031    DL3TC         599 X22
END-OF-LOG:
