START-OF-LOG: 3.0
CREATED-BY: HMRA public OK1WC downloader
CONTEST: OK1WC-MEMORIAL
CALLSIGN: DF5EN
OPERATORS: DF5EN
CATEGORY: SO-40M-CW-LOW
CATEGORY-OPERATOR: SINGLE-OP
CATEGORY-BAND: 40M
CATEGORY-MODE: CW
CATEGORY-POWER: LOW
SOAPBOX: Recreated from OK1WC Memorial reference table MWC240701.
SOAPBOX: Source publication level: 4.
SOAPBOX: Source: https://memorial-ok1wc.cz/index.php?page=eval3/a_eval3&kolo=618&rocnik=16&tyden=27&jobdate=240701&pub_level=4
QSO:  7000 CW 2024-07-01 1630 DF5EN         599 1          SM5IMO        599 1         
QSO:  7000 CW 2024-07-01 1630 DF5EN         599 2          SO3O          599 1         
QSO:  7000 CW 2024-07-01 1630 DF5EN         599 3          SD1A          599 1         
QSO:  7000 CW 2024-07-01 1631 DF5EN         599 4          LZ5DI         599 2         
QSO:  7000 CW 2024-07-01 1631 DF5EN         599 5          DK5DQ         599 4         
QSO:  7000 CW 2024-07-01 1632 DF5EN         599 6          DR2C          599 1         
QSO:  7000 CW 2024-07-01 1632 DF5EN         599 7          DM5I          599 7         
QSO:  7000 CW 2024-07-01 1632 DF5EN         599 8          OM4MW         599 6         
QSO:  7000 CW 2024-07-01 1633 DF5EN         599 9          PA3AAV        599 9         
QSO:  7000 CW 2024-07-01 1633 DF5EN         599 10         HA6NL         599 9         
QSO:  7000 CW 2024-07-01 1634 DF5EN         599 11         YL3JD         599 5         
QSO:  7000 CW 2024-07-01 1635 DF5EN         599 12         OK1DSZ        599 6         
QSO:  7000 CW 2024-07-01 1635 DF5EN         599 13         S52W          599 13        
QSO:  7000 CW 2024-07-01 1636 DF5EN         599 14         SD6M          599 11        
QSO:  7000 CW 2024-07-01 1637 DF5EN         599 15         DF7CB         599 14        
QSO:  7000 CW 2024-07-01 1638 DF5EN         599 16         SM6TOL        599 11        
QSO:  7000 CW 2024-07-01 1638 DF5EN         599 17         OK5D          599 19        
QSO:  7000 CW 2024-07-01 1639 DF5EN         599 18         OK1TN         599 15        
QSO:  7000 CW 2024-07-01 1639 DF5EN         599 19         OK1JAX        599 18        
QSO:  7000 CW 2024-07-01 1640 DF5EN         599 20         DL5YM         599 20        
QSO:  7000 CW 2024-07-01 1640 DF5EN         599 21         OK1FGD        599 19        
QSO:  7000 CW 2024-07-01 1640 DF5EN         599 22         OK1DOR        599 14        
QSO:  7000 CW 2024-07-01 1641 DF5EN         599 23         DF7YE         599 18        
QSO:  7000 CW 2024-07-01 1641 DF5EN         599 24         SE5T          599 16        
QSO:  7000 CW 2024-07-01 1642 DF5EN         599 25         SP3MEP        599 20        
QSO:  7000 CW 2024-07-01 1643 DF5EN         599 26         DM6EE         599 10        
QSO:  7000 CW 2024-07-01 1645 DF5EN         599 27         SN5N          599 37        
QSO:  7000 CW 2024-07-01 1645 DF5EN         599 28         SM5ACQ        599 15        
QSO:  7000 CW 2024-07-01 1646 DF5EN         599 29         SM5CSS        599 17        
QSO:  7000 CW 2024-07-01 1646 DF5EN         599 30         DL8QS         599 33        
QSO:  7000 CW 2024-07-01 1646 DF5EN         599 31         DA0BCC        599 21        
QSO:  7000 CW 2024-07-01 1647 DF5EN         599 32         SP4TKR        599 38        
QSO:  7000 CW 2024-07-01 1648 DF5EN         599 33         SC6O          599 20        
QSO:  7000 CW 2024-07-01 1648 DF5EN         599 34         RX3QNE        599 13        
QSO:  7000 CW 2024-07-01 1650 DF5EN         599 35         DJ5AS         599 11        
QSO:  7000 CW 2024-07-01 1650 DF5EN         599 36         DL2OE         599 34        
QSO:  7000 CW 2024-07-01 1650 DF5EN         599 37         OK1IBP        599 37        
QSO:  7000 CW 2024-07-01 1651 DF5EN         599 38         DL9UP         599 21        
QSO:  7000 CW 2024-07-01 1652 DF5EN         599 39         M7R           599 10        
QSO:  7000 CW 2024-07-01 1652 DF5EN         599 40         HB9HTF        599 27        
QSO:  7000 CW 2024-07-01 1653 DF5EN         599 41         HF6J          599 36        
QSO:  7000 CW 2024-07-01 1654 DF5EN         599 42         GW/DJ9KH      599 6         
QSO:  7000 CW 2024-07-01 1654 DF5EN         599 43         OK2GU         599 21        
QSO:  7000 CW 2024-07-01 1654 DF5EN         599 44         LY1M          599 25        
QSO:  7000 CW 2024-07-01 1655 DF5EN         599 45         DL8IH         599 10        
QSO:  7000 CW 2024-07-01 1656 DF5EN         599 46         SN2S          599 42        
QSO:  7000 CW 2024-07-01 1656 DF5EN         599 47         DM8T          599 22        
QSO:  7000 CW 2024-07-01 1656 DF5EN         599 48         OK1MNV        599 4         
QSO:  7000 CW 2024-07-01 1658 DF5EN         599 49         HG5E          599 9         
QSO:  7000 CW 2024-07-01 1700 DF5EN         599 50         DF8V          599 19        
QSO:  7000 CW 2024-07-01 1701 DF5EN         599 51         PA3ARM        599 37        
QSO:  7000 CW 2024-07-01 1702 DF5EN         599 52         SQ7M          599 21        
QSO:  7000 CW 2024-07-01 1703 DF5EN         599 53         SN7Q          599 32        
QSO:  7000 CW 2024-07-01 1703 DF5EN         599 54         DL1NKS        599 59        
QSO:  7000 CW 2024-07-01 1706 DF5EN         599 55         DA3T          599 43        
QSO:  7000 CW 2024-07-01 1706 DF5EN         599 56         DJ9MH         599 68        
QSO:  7000 CW 2024-07-01 1706 DF5EN         599 57         OK1NG         599 49        
QSO:  7000 CW 2024-07-01 1708 DF5EN         599 58         OM7AT         599 17        
QSO:  7000 CW 2024-07-01 1709 DF5EN         599 59         OK2VX         599 37        
QSO:  7000 CW 2024-07-01 1711 DF5EN         599 60         RX3Q          599 34        
QSO:  7000 CW 2024-07-01 1711 DF5EN         599 61         YL3FW         599 39        
QSO:  7000 CW 2024-07-01 1712 DF5EN         599 62         DL4ME         599 58        
QSO:  7000 CW 2024-07-01 1713 DF5EN         599 63         OK4RQ         599 31        
QSO:  7000 CW 2024-07-01 1714 DF5EN         599 64         DM1T          599 63        
QSO:  7000 CW 2024-07-01 1714 DF5EN         599 65         LY4K          599 12        
QSO:  7000 CW 2024-07-01 1715 DF5EN         599 66         DK4DS         599 20        
QSO:  7000 CW 2024-07-01 1716 DF5EN         599 67         DG9VH         599 16        
QSO:  7000 CW 2024-07-01 1717 DF5EN         599 68         DM7W          599 71        
QSO:  7000 CW 2024-07-01 1717 DF5EN         599 69         I1/DF1XC      599 10        
QSO:  7000 CW 2024-07-01 1718 DF5EN         599 70         OK2SFP        599 31        
QSO:  7000 CW 2024-07-01 1719 DF5EN         599 71         SF6J          599 66        
QSO:  7000 CW 2024-07-01 1720 DF5EN         599 72         OM5CM         599 66        
QSO:  7000 CW 2024-07-01 1721 DF5EN         599 73         SP4DNX        599 29        
QSO:  7000 CW 2024-07-01 1722 DF5EN         599 74         HB9BXE        599 85        
QSO:  7000 CW 2024-07-01 1722 DF5EN         599 75         OK5TFC        599 49        
QSO:  7000 CW 2024-07-01 1723 DF5EN         599 76         OM2KI         599 96        
QSO:  7000 CW 2024-07-01 1723 DF5EN         599 77         DL2NBY        599 82        
QSO:  7000 CW 2024-07-01 1726 DF5EN         599 78         DA2K          599 69        
QSO:  7000 CW 2024-07-01 1727 DF5EN         599 79         OK1HDU        599 52        
QSO:  7000 CW 2024-07-01 1728 DF5EN         599 80         HA5BA         599 64        
QSO:  7000 CW 2024-07-01 1728 DF5EN         599 81         OK2IW         599 43        
QSO:  7000 CW 2024-07-01 1729 DF5EN         599 82         DL2024U       599 74        
QSO:  7000 CW 2024-07-01 1729 DF5EN         599 83         HA7MF         599 54        
END-OF-LOG:
