START-OF-LOG: 3.0
CREATED-BY: vhfmanager-downloader
CONTEST: ZRS novembrsko UKV tekmovanje - Official results - VHFManager
CALLSIGN: HA5NF
CATEGORY: 145 MHz - Generated log
CATEGORY-OPERATOR: SINGLE-OP
CATEGORY-ASSISTED: NON-ASSISTED
CATEGORY-TRANSMITTER: ONE
CATEGORY-STATION: FIXED
QSO: 144300 PH 2013-11-02 1557 HA5NF         2   JN97OL JN97OL HA5NF         CW  9A1CMS 599
QSO: 144300 PH 2013-11-02 1559 HA5NF         3   JN97OL JN97OL HA5NF         CW  9A2L 599  
QSO: 144300 PH 2013-11-02 1601 HA5NF         4   JN97OL JN97OL HA5NF         CW  HG7F 599  
QSO: 144300 PH 2013-11-02 1615 HA5NF         5   JN97OL JN97OL HA5NF         CW  HA8V 599  
QSO: 144300 PH 2013-11-02 1628 HA5NF         6   JN97OL JN97OL HA5NF         CW  9A1N 599  
QSO: 144300 PH 2013-11-02 1633 HA5NF         7   JN97OL JN97OL HA5NF         CW  S57Q 599  
QSO: 144300 PH 2013-11-02 1649 HA5NF         9   JN97OL JN97OL HA5NF         CW  S51WX 599 
QSO: 144300 PH 2013-11-02 1659 HA5NF         10  JN97OL JN97OL HA5NF         CW  YU1LA 599 
QSO: 144300 PH 2013-11-02 1704 HA5NF         11  JN97OL JN97OL HA5NF         CW  OK2EZ 599 
QSO: 144300 PH 2013-11-02 1706 HA5NF         12  JN97OL JN97OL HA5NF         CW  OM6W 599  
QSO: 144300 PH 2013-11-02 1731 HA5NF         14  JN97OL JN97OL HA5NF         CW  OK5Z 599  
QSO: 144300 PH 2013-11-02 1734 HA5NF         15  JN97OL JN97OL HA5NF         CW  OK2I 599  
QSO: 144300 PH 2013-11-02 1757 HA5NF         16  JN97OL JN97OL HA5NF         CW  DL0STO 599
QSO: 144300 PH 2013-11-02 1808 HA5NF         17  JN97OL JN97OL HA5NF         CW  SP9PZD 599
QSO: 144300 PH 2013-11-02 1819 HA5NF         18  JN97OL JN97OL HA5NF         CW  OK2KKW 599
QSO: 144300 PH 2013-11-02 1823 HA5NF         19  JN97OL JN97OL HA5NF         CW  OK2PVF 599
QSO: 144300 PH 2013-11-02 1904 HA5NF         20  JN97OL JN97OL HA5NF         CW  YT4B 599  
QSO: 144300 PH 2013-11-02 1920 HA5NF         21  JN97NL JN97OL HA5NF         CW  OK1KKD 599
QSO: 144300 PH 2013-11-02 1931 HA5NF         23  JN97OL JN97OL HA5NF         CW  OM5LD 599 
QSO: 144300 PH 2013-11-02 1945 HA5NF         24  JN97OL JN97OL HA5NF         CW  S50C 599  
QSO: 144300 PH 2013-11-02 1951 HA5NF         25  JN97OL JN97OL HA5NF         CW  YU7W 599  
QSO: 144300 PH 2013-11-02 1955 HA5NF         26  JN97OL JN97OL HA5NF         CW  S57O 599  
QSO: 144300 PH 2013-11-02 2017 HA5NF         27  JN97OL JN97OL HA5NF         CW  YU7ACO 599
QSO: 144300 PH 2013-11-02 2020 HA5NF         28  JN97OL JN97OL HA5NF         CW  OM3KII 599
QSO: 144300 PH 2013-11-02 2023 HA5NF         29  JN97OL JN97OL HA5NF         CW  OK1MWW 599
QSO: 144300 PH 2013-11-02 2025 HA5NF         30  JN97OL JN97OL HA5NF         CW  OL3Z 599  
QSO: 144300 PH 2013-11-02 2029 HA5NF         31  JN97OL JN97OL HA5NF         CW  YT7P 599  
QSO: 144300 PH 2013-11-02 2153 HA5NF         33  JN97OL JN97OL HA5NF         CW  OK2KPD 599
QSO: 144300 PH 2013-11-02 2159 HA5NF         34  JN97OL JN97OL HA5NF         CW  HA7MB 599 
QSO: 144300 PH 2013-11-02 2204 HA5NF         35  JN97OL JN97OL HA5NF         CW  DL0C 599  
QSO: 144300 PH 2013-11-03 0639 HA5NF         37  JN97OL JN97OL HA5NF         CW  S59P 599  
QSO: 144300 PH 2013-11-03 0650 HA5NF         38  JN97OL JN97OL HA5NF         CW  HA6W 599  
END-OF-LOG:
