START-OF-LOG: 3.0
CREATED-BY: reconstructed-log-builder
CONTEST: ARRL-160
CALLSIGN: DK8YY
LOCATION: 
CATEGORY: CHECKLOG
CATEGORY-OPERATOR: SINGLE-OP
CATEGORY-BAND: ALL
CATEGORY-MODE: MIXED
CATEGORY-POWER: UNKNOWN
CATEGORY-ASSISTED: NON-ASSISTED
CATEGORY-TRANSMITTER: ONE
CATEGORY-STATION: UNKNOWN
CATEGORY-OVERLAY: 
OPERATORS: DK8YY
CLAIMED-SCORE: 
CLUB: 
NAME: 
SOAPBOX: RECONSTRUCTED MOCKUP LOG - NOT AN OFFICIAL SUBMISSION.
SOAPBOX: Derived from submitted logs for ARRL-160 ARRL/arrl_160_meter_contest/2020.
QSO:  1828 CW 2020-12-04 2203 DK8YY         599 K1KI          599 CT
QSO:  1819 CW 2020-12-04 2213 DK8YY         599 NR4M          599 VA
QSO:  1800 CW 2020-12-04 2220 DK8YY         599 K3ZM          599 VA
QSO:  1833 CW 2020-12-04 2229 DK8YY         599 K4XL          599 VA
QSO:  1810 CW 2020-12-04 2233 DK8YY         599 DL VY2ZM         599 PE
QSO:  1816 CW 2020-12-04 2243 DK8YY         599 --- K1DG          599 ME
QSO:  1830 CW 2020-12-04 2247 DK8YY         599 0 WG3J          599 MDC
QSO:  1835 CW 2020-12-04 2248 DK8YY         599 0 WA1Z          599 NH
QSO:  1819 CW 2020-12-04 2253 DK8YY         599 W4NF          599 VA
QSO:  1812 CW 2020-12-04 2310 DK8YY         599 N1RR          599 EMA
QSO:  1813 CW 2020-12-04 2312 DK8YY         599 W1UE          599 EMA
QSO:  1813 CW 2020-12-04 2320 DK8YY         599 --- W2GD          599 SNJ
QSO:  1826 CW 2020-12-04 2327 DK8YY         599 N1LN          599 NC
QSO:  1827 CW 2020-12-04 2330 DK8YY         599 DL W3BGN         599 EPA
QSO:  1811 CW 2020-12-04 2340 DK8YY         599 K2NV          599 WNY
QSO:  1815 CW 2020-12-04 2344 DK8YY         599 K3WW          599 EPA
QSO:  1800 CW 2020-12-04 2351 DK8YY         599 AB3CX         599 WNY
QSO:  1811 CW 2020-12-04 2356 DK8YY         599 K1A           599 ME
QSO:  1818 CW 2020-12-05 0000 DK8YY         599 KF3B          599 EPA
QSO:  1821 CW 2020-12-05 0002 DK8YY         599 AA1K          599 DE
QSO:  1825 CW 2020-12-05 0005 DK8YY         599 KC4D          599 VA
QSO:  1829 CW 2020-12-05 0014 DK8YY         599 0 N0NI          599 IA
QSO:  1829 CW 2020-12-05 0015 DK8YY         599 VE3DZ         599 GTA
QSO:  1821 CW 2020-12-05 0019 DK8YY         599 VA2WA         599 QC
QSO:  1818 CW 2020-12-05 0023 DK8YY         599 KF3B          599 EPA
QSO:  1817 CW 2020-12-05 0024 DK8YY         599 NY3A          599 EPA
QSO:  1819 CW 2020-12-05 0042 DK8YY         599 0 W4MYA         599 VA
QSO:  1819 CW 2020-12-05 0043 DK8YY         599 N3RD          599 EPA
QSO:  1828 CW 2020-12-05 0054 DK8YY         599 --- W3UA          599 NH
QSO:  1836 CW 2020-12-05 0058 DK8YY         599 --- K3UA          599 WPA
QSO:  1800 CW 2020-12-05 0059 DK8YY         599 DL K3ZO          599 MDC
QSO:  1833 CW 2020-12-05 0105 DK8YY         599 NN3Q          599 EPA
QSO:  1831 CW 2020-12-05 0109 DK8YY         599 K5EK          599 NC
QSO:  1829 CW 2020-12-05 0111 DK8YY         599 0 N0NI          599 IA
QSO:  1825 CW 2020-12-05 0115 DK8YY         599 N2KW          599 WMA
QSO:  1838 CW 2020-12-05 0123 DK8YY         599 VE3EJ         599 GTA
QSO:  1831 CW 2020-12-05 0136 DK8YY         599 N4XD          599 NC
QSO:  1844 CW 2020-12-05 0204 DK8YY         599 0 K0DI          599 NFL
QSO:  1844 CW 2020-12-05 0206 DK8YY         599 KP2M          599 VI
QSO:  1856 CW 2020-12-05 0208 DK8YY         599 WB9Z          599 IL
QSO:  1856 CW 2020-12-05 0210 DK8YY         599 W3IP          599 VA
QSO:  1861 CW 2020-12-05 0211 DK8YY         599 N4BAA         599 IN
QSO:  1854 CW 2020-12-05 0214 DK8YY         599 DL NA8V          599 MI
QSO:  1839 CW 2020-12-05 0217 DK8YY         599 WS9M          599 WNY
QSO:  1832 CW 2020-12-05 0227 DK8YY         599 NP2J          599 VI
QSO:  1820 CW 2020-12-05 1954 DK8YY         599 VO1HP         599 NL
QSO:  1813 CW 2020-12-05 2151 DK8YY         599 K2AV          599 NC
END-OF-LOG:
