START-OF-LOG: 3.0
CREATED-BY: reconstructed-log-builder
CONTEST: ARRL-VHF-JUN
CALLSIGN: W4ZD
LOCATION: 
CATEGORY: CHECKLOG
CATEGORY-OPERATOR: SINGLE-OP
CATEGORY-BAND: ALL
CATEGORY-MODE: MIXED
CATEGORY-POWER: UNKNOWN
CATEGORY-ASSISTED: NON-ASSISTED
CATEGORY-TRANSMITTER: ONE
CATEGORY-STATION: UNKNOWN
CATEGORY-OVERLAY: 
OPERATORS: W4ZD
CLAIMED-SCORE: 
CLUB: 
NAME: 
SOAPBOX: RECONSTRUCTED MOCKUP LOG - NOT AN OFFICIAL SUBMISSION.
SOAPBOX: Derived from submitted logs for ARRL-VHF-JUN ARRL/arrl_june_vhf_contest/2026.
QSO:    50 DG 2026-06-13 1841 W4ZD          EM94 N0EO          EN36
QSO:    50 DG 2026-06-13 1842 W4ZD          EM94 KC9NJZ        EN52
QSO:    50 DG 2026-06-13 1852 W4ZD          EM94 W9AV          EN43
QSO:    50 DG 2026-06-13 1853 W4ZD          EM94 KN0L          EN11
QSO:   144 FM 2026-06-13 1937 W4ZD          EM94 AA4ZZ         EM96
QSO:    50 DG 2026-06-14 1330 W4ZD          EM94 NN4RB         FM07
QSO:    50 DG 2026-06-14 1332 W4ZD          EM94 K3DNE         EM94
QSO:    50 DG 2026-06-14 1337 W4ZD          EM94 AA4ZZ         EM96
QSO:    50 DG 2026-06-14 1341 W4ZD          EM94 KA2G          EM93
QSO:    50 DG 2026-06-14 1454 W4ZD          EM94 K1BZ          FN54
QSO:    50 DG 2026-06-14 1455 W4ZD          EM94 W2SZ          FN32
QSO:    50 DG 2026-06-14 1457 W4ZD          EM94 N1TRK         FN34
QSO:    50 DG 2026-06-14 1803 W4ZD          EM94 N0XR          EN31
QSO:    50 DG 2026-06-14 1807 W4ZD          EM94 WX0Z          EN35
QSO:    50 DG 2026-06-14 1809 W4ZD          EM94 N0LNO         EN42
END-OF-LOG:
