START-OF-LOG: 3.0
CREATED-BY: reconstructed-log-builder
CONTEST: ARRL-10
CALLSIGN: K1RIK
LOCATION: 
CATEGORY: CHECKLOG
CATEGORY-OPERATOR: SINGLE-OP
CATEGORY-BAND: ALL
CATEGORY-MODE: MIXED
CATEGORY-POWER: UNKNOWN
CATEGORY-ASSISTED: NON-ASSISTED
CATEGORY-TRANSMITTER: ONE
CATEGORY-STATION: UNKNOWN
CATEGORY-OVERLAY: 
OPERATORS: K1RIK
CLAIMED-SCORE: 
CLUB: 
NAME: 
SOAPBOX: RECONSTRUCTED MOCKUP LOG - NOT AN OFFICIAL SUBMISSION.
SOAPBOX: Derived from submitted logs for ARRL-10 ARRL/arrl_10_meter_contest/2020.
QSO: 28360 PH 2020-12-12 1458 K1RIK         59 CT NV1Q          59 MA
QSO: 28405 PH 2020-12-12 1502 K1RIK         59 CT AA1JD         59 MA
QSO: 28443 PH 2020-12-12 1508 K1RIK         59 CT W1TJL         59 CT
QSO: 28477 PH 2020-12-12 1510 K1RIK         59 CT K2XA          59 NY
QSO: 28463 PH 2020-12-12 1530 K1RIK         59 CT N8RA          59 CT
QSO: 28000 PH 2020-12-12 1644 K1RIK         59 CT LU2EE         59 176
QSO: 28498 PH 2020-12-12 1800 K1RIK         59 CT ZW5B          59 0256
QSO: 28483 PH 2020-12-12 1803 K1RIK         59 CT PY5ZD         59 229
QSO: 28367 PH 2020-12-12 1819 K1RIK         59 CT PT3T          59 251
QSO: 28410 PH 2020-12-13 1449 K1RIK         59 CT KC8GAE        59 OH
QSO: 28423 PH 2020-12-13 1452 K1RIK         59 CT N1IXF         59 CT
QSO: 28435 PH 2020-12-13 1453 K1RIK         59 CT K2DRH         59 IL
QSO: 28439 PH 2020-12-13 1456 K1RIK         59 CT W3EP          59 CT
QSO: 28385 PH 2020-12-13 1501 K1RIK         59 CT K4WI          59 AL
QSO: 28000 PH 2020-12-13 1622 K1RIK         59 CT W4QNW         59 SC
QSO: 28396 PH 2020-12-13 1624 K1RIK         59 CT WO4ROG        59 NC
QSO: 28375 PH 2020-12-13 1625 K1RIK         59 CT ZF2WF         59 861
END-OF-LOG:
