START-OF-LOG: 3.0
CREATED-BY: reconstructed-log-builder
CONTEST: ARRL-10
CALLSIGN: OH3Z
LOCATION: 
CATEGORY: CHECKLOG
CATEGORY-OPERATOR: SINGLE-OP
CATEGORY-BAND: ALL
CATEGORY-MODE: MIXED
CATEGORY-POWER: UNKNOWN
CATEGORY-ASSISTED: NON-ASSISTED
CATEGORY-TRANSMITTER: ONE
CATEGORY-STATION: UNKNOWN
CATEGORY-OVERLAY: 
OPERATORS: OH3Z
CLAIMED-SCORE: 
CLUB: 
NAME: 
SOAPBOX: RECONSTRUCTED MOCKUP LOG - NOT AN OFFICIAL SUBMISSION.
SOAPBOX: Derived from submitted logs for ARRL-10 ARRL/arrl_10_meter_contest/2020.
QSO: 28026 CW 2020-12-13 0649 OH3Z          599 1 OG1XMAS       599 19
QSO: 28014 CW 2020-12-13 0730 OH3Z          599 2 OM2VL         599 345
QSO: 28029 CW 2020-12-13 0842 OH3Z          599 004 UT3EK         599 006
QSO: 28000 CW 2020-12-13 0843 OH3Z          599 005 UY7RR         599 015
QSO: 28000 CW 2020-12-13 0846 OH3Z          599 6 UT4EK         599 11
QSO: 28013 CW 2020-12-13 0847 OH3Z          599 007 UR8RF         599 0047
QSO: 28018 CW 2020-12-13 0849 OH3Z          599 8 SC3A          599 0013
QSO: 28039 CW 2020-12-13 0852 OH3Z          599 09 UC7A          599 50
QSO: 28028 CW 2020-12-13 0853 OH3Z          599 010 OH3FM         599 86
QSO: 28022 CW 2020-12-13 0854 OH3Z          599 12 RY6Y          599 45
QSO: 28009 CW 2020-12-13 0857 OH3Z          599 13 UT7E          599 28
QSO: 28026 CW 2020-12-13 0858 OH3Z          599 14 UT5UT         599 17
QSO: 28037 CW 2020-12-13 0900 OH3Z          599 015 UV5U          599 101
QSO: 28000 CW 2020-12-13 0918 OH3Z          599 024 US8ZAL        599 024
QSO: 28018 CW 2020-12-13 0921 OH3Z          599 17 LZ4TX         599 185
QSO: 28000 CW 2020-12-13 0928 OH3Z          599 019 UR5FIL        599 039
QSO: 28029 CW 2020-12-13 0929 OH3Z          599 020 YO8DOH        599 5
QSO: 28000 CW 2020-12-13 0931 OH3Z          599 023 YO4SI         599 11
QSO: 28029 CW 2020-12-13 0931 OH3Z          599 024 YO4AAC        599 6
QSO: 28000 CW 2020-12-13 0933 OH3Z          599 25 UR7VA         599 9
QSO: 28020 CW 2020-12-13 0939 OH3Z          599 26 OM8CW         599 225
QSO: 28014 CW 2020-12-13 1103 OH3Z          599 27 Z35T          599 56
QSO: 28000 CW 2020-12-13 1106 OH3Z          599 030 DD3FH         599 060
QSO: 28031 CW 2020-12-13 1106 OH3Z          599 028 DJ4WT         599 29
QSO: 28031 CW 2020-12-13 1106 OH3Z          599 29 YO9HP         599 34
QSO: 28031 CW 2020-12-13 1107 OH3Z          599 32 9A5Y          599 359
QSO: 28031 CW 2020-12-13 1108 OH3Z          599 0033 DK8NT         599 0182
QSO: 28031 CW 2020-12-13 1108 OH3Z          599 034 F8DGY         599 166
QSO: 28030 CW 2020-12-13 1111 OH3Z          599 037 DL6RAI        599 62
QSO: 28030 CW 2020-12-13 1112 OH3Z          599 39 YO2IS         599 47
QSO: 28007 CW 2020-12-13 1113 OH3Z          599 40 IK4VET        599 0006
QSO: 28035 CW 2020-12-13 1116 OH3Z          599 0041 LX4A          599 0096
QSO: 28046 CW 2020-12-13 1118 OH3Z          599 043 DL2ARD        599 486
QSO: 28028 CW 2020-12-13 1119 OH3Z          599 44 F5PAL         599 54
QSO: 28027 CW 2020-12-13 1122 OH3Z          599 049 F5OGL         599 25
QSO: 28028 CW 2020-12-13 1122 OH3Z          599 48 DL1WA         599 0158
QSO: 28028 CW 2020-12-13 1122 OH3Z          599 50 G4DRS         599 25
QSO: 28028 CW 2020-12-13 1123 OH3Z          599 51 OT6M          599 89
QSO: 28028 CW 2020-12-13 1124 OH3Z          599 053 TM4B          599 66
QSO: 28028 CW 2020-12-13 1125 OH3Z          599 054 DL2LDE        599 73
QSO: 28028 CW 2020-12-13 1125 OH3Z          599 055 ON6NL         599 128
QSO: 28023 CW 2020-12-13 1132 OH3Z          599 57 S51DI         599 240
QSO: 28000 CW 2020-12-13 1135 OH3Z          599 058 DL2OM         599 143
QSO: 28020 CW 2020-12-13 1135 OH3Z          599 059 DK2OY         599 171
QSO: 28021 CW 2020-12-13 1136 OH3Z          599 60 G4RGK         599 111
END-OF-LOG:
