START-OF-LOG: 3.0
CREATED-BY: HMRA public OK1WC downloader
CONTEST: OK1WC-MEMORIAL
CALLSIGN: OK1FMX
OPERATORS: OK1FMX
CATEGORY: SO-ALL-CW-LOW
CATEGORY-OPERATOR: SINGLE-OP
CATEGORY-BAND: ALL
CATEGORY-MODE: CW
CATEGORY-POWER: LOW
SOAPBOX: Recreated from OK1WC Memorial reference table MWC251006.
SOAPBOX: Source publication level: 4.
SOAPBOX: Source: https://memorial-ok1wc.cz/index.php?page=eval3/a_eval3&kolo=684&rocnik=17&tyden=40&jobdate=251006&pub_level=4
QSO:  7000 CW 2025-10-06 1632 OK1FMX        599 1          OM4WM         599 1         
QSO:  7000 CW 2025-10-06 1633 OK1FMX        599 2          DL7YS         599 5         
QSO:  7000 CW 2025-10-06 1634 OK1FMX        599 3          DA0BCC        599 11        
QSO:  7000 CW 2025-10-06 1634 OK1FMX        599 4          PA3DBS        599 8         
QSO:  7000 CW 2025-10-06 1635 OK1FMX        599 5          YL3JD         599 6         
QSO:  7000 CW 2025-10-06 1635 OK1FMX        599 6          SM5ACQ        599 13        
QSO:  7000 CW 2025-10-06 1636 OK1FMX        599 7          SO5O          599 11        
QSO:  7000 CW 2025-10-06 1637 OK1FMX        599 8          DL3KWF        599 12        
QSO:  7000 CW 2025-10-06 1637 OK1FMX        599 9          DF8V          599 17        
QSO:  7000 CW 2025-10-06 1638 OK1FMX        599 10         HG5E          599 21        
QSO:  7000 CW 2025-10-06 1638 OK1FMX        599 11         DR3W          599 20        
QSO:  7000 CW 2025-10-06 1638 OK1FMX        599 12         SF6J          599 18        
QSO:  7000 CW 2025-10-06 1640 OK1FMX        599 13         SP3MEP        599 29        
QSO:  7000 CW 2025-10-06 1641 OK1FMX        599 14         DL4YR         599 7         
QSO:  7000 CW 2025-10-06 1641 OK1FMX        599 15         OK2BFN        599 27        
QSO:  7000 CW 2025-10-06 1642 OK1FMX        599 16         E77EA         599 29        
QSO:  7000 CW 2025-10-06 1642 OK1FMX        599 17         DL5YM         599 22        
QSO:  7000 CW 2025-10-06 1643 OK1FMX        599 18         OK5NZ         599 26        
QSO:  7000 CW 2025-10-06 1644 OK1FMX        599 19         I3VWK         599 20        
QSO:  7000 CW 2025-10-06 1644 OK1FMX        599 20         SP2MKI        599 23        
QSO:  7000 CW 2025-10-06 1645 OK1FMX        599 21         OK2NAJ        599 34        
QSO:  7000 CW 2025-10-06 1646 OK1FMX        599 22         PA3AAV        599 46        
QSO:  7000 CW 2025-10-06 1647 OK1FMX        599 23         DJ4WT         599 29        
QSO:  7000 CW 2025-10-06 1647 OK1FMX        599 24         IS0JHQ        599 34        
QSO:  7000 CW 2025-10-06 1648 OK1FMX        599 25         OM3CW         599 11        
QSO:  7000 CW 2025-10-06 1649 OK1FMX        599 26         DL1BUG        599 23        
QSO:  7000 CW 2025-10-06 1650 OK1FMX        599 27         PC0A          599 43        
QSO:  7000 CW 2025-10-06 1652 OK1FMX        599 28         OM3ZU         599 35        
QSO:  7000 CW 2025-10-06 1653 OK1FMX        599 29         SE5T          599 42        
QSO:  7000 CW 2025-10-06 1654 OK1FMX        599 30         DL5YL         599 29        
QSO:  7000 CW 2025-10-06 1655 OK1FMX        599 31         DF4ZL         599 35        
QSO:  7000 CW 2025-10-06 1655 OK1FMX        599 32         OK2EA         599 53        
QSO:  7000 CW 2025-10-06 1656 OK1FMX        599 33         DJ9MH         599 50        
QSO:  7000 CW 2025-10-06 1656 OK1FMX        599 34         HA6NL         599 65        
QSO:  7000 CW 2025-10-06 1657 OK1FMX        599 35         OK1AMX        599 34        
QSO:  7000 CW 2025-10-06 1658 OK1FMX        599 36         F5PZR         599 23        
QSO:  7000 CW 2025-10-06 1658 OK1FMX        599 37         OK1NU         599 31        
QSO:  7000 CW 2025-10-06 1659 OK1FMX        599 38         SN5N          599 63        
QSO:  7000 CW 2025-10-06 1659 OK1FMX        599 39         DL6WT         599 38        
QSO:  7000 CW 2025-10-06 1700 OK1FMX        599 40         SN1T          599 74        
QSO:  7000 CW 2025-10-06 1700 OK1FMX        599 41         OM2KI         599 86        
QSO:  7000 CW 2025-10-06 1700 OK1FMX        599 42         OM3FW         599 49        
QSO:  7000 CW 2025-10-06 1701 OK1FMX        599 43         YU1XO         599 56        
QSO:  7000 CW 2025-10-06 1702 OK1FMX        599 44         DF2RQ         599 54        
QSO:  7000 CW 2025-10-06 1702 OK1FMX        599 45         SP2DKI        599 42        
QSO:  7000 CW 2025-10-06 1702 OK1FMX        599 46         IK5MEL        599 32        
QSO:  7000 CW 2025-10-06 1703 OK1FMX        599 47         OK6OK         599 51        
QSO:  7000 CW 2025-10-06 1703 OK1FMX        599 48         DD5M          599 75        
QSO:  7000 CW 2025-10-06 1704 OK1FMX        599 49         ON4EM         599 78        
QSO:  7000 CW 2025-10-06 1704 OK1FMX        599 50         HB9BXE        599 72        
QSO:  7000 CW 2025-10-06 1706 OK1FMX        599 51         IN3FHE        599 35        
QSO:  7000 CW 2025-10-06 1707 OK1FMX        599 52         OK2NO         599 67        
QSO:  7000 CW 2025-10-06 1708 OK1FMX        599 53         S51J          599 63        
QSO:  7000 CW 2025-10-06 1709 OK1FMX        599 54         SP2XX         599 70        
QSO:  3500 CW 2025-10-06 1709 OK1FMX        599 55         DJ9MH         599 68        
QSO:  3500 CW 2025-10-06 1710 OK1FMX        599 56         OK1FKD        599 48        
QSO:  3500 CW 2025-10-06 1710 OK1FMX        599 57         SM5ACQ        599 77        
QSO:  3500 CW 2025-10-06 1711 OK1FMX        599 58         OK1KKI        599 69        
QSO:  3500 CW 2025-10-06 1711 OK1FMX        599 59         OK2PYA        599 78        
QSO:  3500 CW 2025-10-06 1712 OK1FMX        599 60         OK2EA         599 87        
QSO:  3500 CW 2025-10-06 1712 OK1FMX        599 61         DD5M          599 94        
QSO:  3500 CW 2025-10-06 1713 OK1FMX        599 62         DL7YS         599 56        
QSO:  3500 CW 2025-10-06 1713 OK1FMX        599 63         DL1NKS        599 70        
QSO:  3500 CW 2025-10-06 1714 OK1FMX        599 64         SM5IMO        599 70        
QSO:  3500 CW 2025-10-06 1714 OK1FMX        599 65         OK1AY         599 38        
QSO:  3500 CW 2025-10-06 1715 OK1FMX        599 66         OK1MSL        599 23        
QSO:  3500 CW 2025-10-06 1715 OK1FMX        599 67         SP3VT         599 30        
QSO:  3500 CW 2025-10-06 1716 OK1FMX        599 68         DR3W          599 90        
QSO:  3500 CW 2025-10-06 1716 OK1FMX        599 69         SN5N          599 99        
QSO:  3500 CW 2025-10-06 1717 OK1FMX        599 70         OK1DSZ        599 104       
QSO:  3500 CW 2025-10-06 1718 OK1FMX        599 71         SD1A          599 78        
QSO:  3500 CW 2025-10-06 1719 OK1FMX        599 72         DL9MFY        599 28        
QSO:  3500 CW 2025-10-06 1721 OK1FMX        599 73         DA0BCC        599 101       
QSO:  3500 CW 2025-10-06 1722 OK1FMX        599 74         SN1T          599 132       
QSO:  3500 CW 2025-10-06 1722 OK1FMX        599 75         SF6J          599 95        
QSO:  3500 CW 2025-10-06 1724 OK1FMX        599 76         DJ0SP         599 92        
QSO:  3500 CW 2025-10-06 1724 OK1FMX        599 77         OM3ZU         599 99        
QSO:  3500 CW 2025-10-06 1726 OK1FMX        599 78         OM2KI         599 134       
QSO:  3500 CW 2025-10-06 1726 OK1FMX        599 79         SP2XX         599 104       
QSO:  3500 CW 2025-10-06 1727 OK1FMX        599 80         PA3DBS        599 94        
QSO:  3500 CW 2025-10-06 1727 OK1FMX        599 81         OK7NV         599 40        
QSO:  3500 CW 2025-10-06 1728 OK1FMX        599 82         DF7YE         599 113       
QSO:  3500 CW 2025-10-06 1729 OK1FMX        599 83         SP2DKI        599 74        
END-OF-LOG:
