START-OF-LOG: 3.0
CREATED-BY: reconstructed-log-builder
CONTEST: CQ-WPX-SSB
CALLSIGN: N7PS
LOCATION: 
CATEGORY: CHECKLOG
CATEGORY-OPERATOR: SINGLE-OP
CATEGORY-BAND: ALL
CATEGORY-MODE: MIXED
CATEGORY-POWER: UNKNOWN
CATEGORY-ASSISTED: NON-ASSISTED
CATEGORY-TRANSMITTER: ONE
CATEGORY-STATION: UNKNOWN
CATEGORY-OVERLAY: 
OPERATORS: N7PS
CLAIMED-SCORE: 
CLUB: 
NAME: 
SOAPBOX: RECONSTRUCTED MOCKUP LOG - NOT AN OFFICIAL SUBMISSION.
SOAPBOX: Derived from submitted logs for CQ-WPX-SSB CQWPX/ph/2016.
QSO: 21381 PH 2016-03-26 0049 N7PS          59 0001 AD5A          59 0057
QSO: 21000 PH 2016-03-26 0052 N7PS          59 002 JH1CML        59 073
QSO: 21352 PH 2016-03-26 0100 N7PS          59 3 JA3YBK        59 96
QSO: 21311 PH 2016-03-26 0102 N7PS          59 004 RN0CT         59 0136
QSO: 21408 PH 2016-03-26 0109 N7PS          59 005 JA7QVI        59 116
QSO: 21359 PH 2016-03-26 0112 N7PS          59 0006 KH6J          59 0221
QSO: 21252 PH 2016-03-26 0123 N7PS          59 0007 BA4TB         59 0080
QSO: 14286 PH 2016-03-26 0435 N7PS          59 007 KL7RA         59 0692
QSO: 21259 PH 2016-03-26 1913 N7PS          59 0009 K3WW          59 0613
QSO: 21220 PH 2016-03-26 1919 N7PS          59 0010 NH7AA         59 0460
QSO: 14000 PH 2016-03-26 1930 N7PS          59 010 9A77A         59 2209
QSO: 14309 PH 2016-03-26 1959 N7PS          59 0016 LY26A         59 1473
QSO: 14288 PH 2016-03-26 2013 N7PS          59 014 IR4M          59 2099
QSO: 14255 PH 2016-03-26 2025 N7PS          59 014 EA5DFV        59 0996
QSO: 14212 PH 2016-03-26 2036 N7PS          59 016 EI7M          59 1716
QSO: 14195 PH 2016-03-26 2044 N7PS          59 0037 EW5Z          59 1790
QSO: 14187 PH 2016-03-26 2050 N7PS          59 018 OM8DD         59 0993
QSO: 14181 PH 2016-03-26 2053 N7PS          59 019 AC1U          59 2268
QSO: 14209 PH 2016-03-26 2058 N7PS          59 0020 S50G          59 2194
QSO: 14225 PH 2016-03-26 2103 N7PS          59 0021 CR6P          59 1429
QSO: 14245 PH 2016-03-26 2124 N7PS          59 022 TM0T          59 2175
QSO: 14253 PH 2016-03-26 2254 N7PS          59 0023 NZ3D          59 1771
QSO: 14305 PH 2016-03-26 2256 N7PS          59 0024 KC3R          59 1386
QSO: 14341 PH 2016-03-26 2302 N7PS          59 25 N3FJP         59 483
QSO: 14324 PH 2016-03-26 2310 N7PS          59 0028 SJ2W          59 2557
QSO: 14305 PH 2016-03-26 2313 N7PS          59 0029 N3KS          59 2164
QSO: 14254 PH 2016-03-26 2317 N7PS          59 030 W8MJ          59 1419
QSO: 14257 PH 2016-03-26 2322 N7PS          59 31 WU3A          59 1886
QSO: 14260 PH 2016-03-26 2335 N7PS          59 0032 D41CV         59 2498
QSO: 14236 PH 2016-03-26 2350 N7PS          59 33 P49Y          59 2948
QSO: 14219 PH 2016-03-26 2352 N7PS          59 0034 WZ7ZR         59 1031
QSO: 14000 PH 2016-03-27 0409 N7PS          59 035 UA9CUA        59 325
QSO: 14286 PH 2016-03-27 0411 N7PS          59 36 RJ4P          59 2485
QSO: 14252 PH 2016-03-27 0417 N7PS          59 037 JR5YCE        59 1170
QSO: 14000 PH 2016-03-27 0420 N7PS          59 38 JA1TMG        59 133
QSO: 14000 PH 2016-03-27 0423 N7PS          59 0039 JI2ZEY        59 0985
QSO: 14228 PH 2016-03-27 0427 N7PS          59 40 RK4FD         59 2718
QSO: 14213 PH 2016-03-27 0428 N7PS          59 041 JR2GRX        59 1262
QSO: 14180 PH 2016-03-27 0432 N7PS          59 0042 KH6J          59 1462
QSO: 14175 PH 2016-03-27 0435 N7PS          59 043 RT0F          59 1776
QSO: 14188 PH 2016-03-27 0439 N7PS          59 044 ZM4T          59 1504
QSO: 21390 PH 2016-03-27 1923 N7PS          59 0045 WZ4F          59 3065
QSO: 21332 PH 2016-03-27 1925 N7PS          59 46 XL3T          59 3817
QSO: 14268 PH 2016-03-27 1933 N7PS          59 0047 UW2M          59 3939
QSO: 14247 PH 2016-03-27 1934 N7PS          59 048 UA2F          59 3239
QSO: 14168 PH 2016-03-27 1938 N7PS          59 049 K1LZ          59 3939
QSO: 14000 PH 2016-03-27 1941 N7PS          59 0050 KN5TX         59 1128
QSO: 14200 PH 2016-03-27 2010 N7PS          59 051 WN6K          59 823
QSO: 14217 PH 2016-03-27 2013 N7PS          59 0052 KZ7X          59 0411
QSO: 14269 PH 2016-03-27 2019 N7PS          59 053 NF4A          59 0690
QSO: 14317 PH 2016-03-27 2025 N7PS          59 054 SP7VC         59 2590
QSO: 14306 PH 2016-03-27 2150 N7PS          59 0055 S53T          59 1716
QSO: 14312 PH 2016-03-27 2153 N7PS          59 056 LZ9W          59 2304
QSO: 14000 PH 2016-03-27 2322 N7PS          59 057 NL7V          59 1326
QSO: 14207 PH 2016-03-27 2327 N7PS          59 58 WB2ZAB        59 1362
QSO: 14177 PH 2016-03-27 2329 N7PS          59 0059 K4BAI         59 2234
QSO: 14298 PH 2016-03-27 2333 N7PS          59 0060 N0MA          59 1758
QSO: 14268 PH 2016-03-27 2343 N7PS          59 0061 KC0MO         59 1327
END-OF-LOG:
