START-OF-LOG: 3.0
CALLSIGN: EA2ESU
ARRL-SECTION: DX
CLUB: 
CONTEST: EA-MAJESTAD-SSB
CATEGORY-BAND: ALL
CATEGORY-MODE: SSB
CATEGORY: SINGLE-OP ALL LOW
CATEGORY-POWER: 
OPERATORS: 
NAME: Jesus Javier Garrido Lorea
CLAIMED-SCORE: 1824
CREATED-BY: WinURECon 4.11 (Windows 32 bits)
QSO: 14000 PH 2020-06-27 1246 EA2ESU         59     NA PI4COM         59    094 
QSO: 14000 PH 2020-06-27 1247 EA2ESU         59     NA EA5K           59     MU 
QSO: 14000 PH 2020-06-27 1248 EA2ESU         59     NA EA7KI          59     MA 
QSO: 14000 PH 2020-06-27 1254 EA2ESU         59     NA ON5GQ          59    050 
QSO: 21000 PH 2020-06-27 1259 EA2ESU         59     NA EA7XU          59      J 
QSO: 21000 PH 2020-06-27 1300 EA2ESU         59     NA IU3FBL         59    041 
QSO: 28000 PH 2020-06-27 1303 EA2ESU         59     NA DJ0MY          59    063 
QSO: 28000 PH 2020-06-27 1310 EA2ESU         59     NA 9A5Y           59    100 
QSO: 28000 PH 2020-06-27 1311 EA2ESU         59     NA DO4DXA         59    050 
QSO: 28000 PH 2020-06-27 1313 EA2ESU         59     NA S53M           59    010 
QSO: 28000 PH 2020-06-27 1315 EA2ESU         59     NA I02WQK         59    014 
QSO: 28000 PH 2020-06-27 1319 EA2ESU         59     NA MM1E           59    070 
QSO: 28000 PH 2020-06-27 1322 EA2ESU         59     NA EA2DT          59     NA 
QSO:  7000 PH 2020-06-27 1333 EA2ESU         59     NA EA4GOY         59     TO 
QSO: 14000 PH 2020-06-27 1339 EA2ESU         59     NA 9A9A           59    274 
QSO: 21000 PH 2020-06-27 1345 EA2ESU         59     NA DO6IL          59    010 
QSO: 21000 PH 2020-06-27 1347 EA2ESU         59     NA DK8ZB          59    119 
QSO: 14000 PH 2020-06-27 1354 EA2ESU         59     NA DA0N           59    064 
QSO: 14000 PH 2020-06-27 1355 EA2ESU         59     NA PA7DN          59    075 
QSO: 14000 PH 2020-06-27 1402 EA2ESU         59     NA DD2CW          59    128 
QSO: 21000 PH 2020-06-27 1410 EA2ESU         59     NA S53M           59    120 
QSO: 21000 PH 2020-06-27 1412 EA2ESU         59     NA DJ0MY          59    128 
QSO: 21000 PH 2020-06-27 1416 EA2ESU         59     NA DL3FCG         59    142 
QSO: 28000 PH 2020-06-27 1421 EA2ESU         59     NA MM3T           59    155 
QSO: 21000 PH 2020-06-27 1430 EA2ESU         59     NA M0VKY          59    112 
QSO: 14000 PH 2020-06-27 1442 EA2ESU         59     NA EA8DHV         59     TF 
QSO: 21000 PH 2020-06-27 1513 EA2ESU         59     NA IK3UNA         59    217 
QSO: 21000 PH 2020-06-27 1525 EA2ESU         59     NA MM3Z           59    029 
QSO: 14000 PH 2020-06-27 2117 EA2ESU         59     NA EA9PD          59     CE 
QSO: 14000 PH 2020-06-27 2120 EA2ESU         59     NA YL7X           59    472 
QSO: 14000 PH 2020-06-27 2123 EA2ESU         59     NA EA2CCG         59     NA 
QSO: 14000 PH 2020-06-27 2125 EA2ESU         59     NA LZ2JA          59    228 
QSO: 14000 PH 2020-06-27 2130 EA2ESU         59     NA YL3CW          59    150 
QSO: 14000 PH 2020-06-27 2133 EA2ESU         59     NA US5D           59    236 
QSO: 14000 PH 2020-06-27 2139 EA2ESU         59     NA YP0C           59    419 
QSO: 14000 PH 2020-06-27 2201 EA2ESU         59     NA CR5O           59    187 
QSO: 14000 PH 2020-06-27 2205 EA2ESU         59     NA P3X            59    017 
QSO: 14000 PH 2020-06-27 2212 EA2ESU         59     NA IU3BTY         59    151 
QSO: 14000 PH 2020-06-28 0802 EA2ESU         59     NA EA5Z           59      A 
QSO: 14000 PH 2020-06-28 0804 EA2ESU         59     NA DJ0MY          59    128 
QSO: 14000 PH 2020-06-28 0811 EA2ESU         59     NA EE7P           59     CA 
QSO: 14000 PH 2020-06-28 0812 EA2ESU         59     NA EA5IMJ         59      A 
QSO: 14000 PH 2020-06-28 0818 EA2ESU         59     NA F4EIK          59    103 
QSO: 14000 PH 2020-06-28 0824 EA2ESU         59     NA F4ELI          59    203 
QSO: 14000 PH 2020-06-28 0826 EA2ESU         59     NA EB5F           59      A 
END-OF-LOG: 
