START-OF-LOG: 2.0
ARRL-SECTION: DX
CALLSIGN: HA7MF
CLUB: Bajcsy Radioclub
CONTEST: EA-MAJESTAD-SSB
CATEGORY: SINGLE-OP ALL LOW
CLAIMED-SCORE: 40456
OPERATORS: HA7MF
NAME: Gabor 
CREATED-BY: N1MM Logger+ 1.0.8501.0
QSO: 28480 PH 2020-06-27 1212 HA7MF         59  001    DO4DXA        59  13       
QSO: 28441 PH 2020-06-27 1215 HA7MF         59  002    DB6LY         59  002      
QSO: 28449 PH 2020-06-27 1216 HA7MF         59  003    PA4AM         59  9        
QSO: 28460 PH 2020-06-27 1222 HA7MF         59  004    EA6AMM        59  IB       
QSO: 28487 PH 2020-06-27 1227 HA7MF         59  005    DL3FCG        59  2        
QSO: 28510 PH 2020-06-27 1229 HA7MF         59  006    EE5O          59  CS       
QSO: 28430 PH 2020-06-27 1239 HA7MF         59  007    EA3HW         59  B        
QSO: 28440 PH 2020-06-27 1241 HA7MF         59  008    EA3FP         59  B        
QSO: 28505 PH 2020-06-27 1245 HA7MF         59  009    EA6SX         59  IB       
QSO: 28514 PH 2020-06-27 1247 HA7MF         59  010    EA5WZ         59  A        
QSO: 28456 PH 2020-06-27 1251 HA7MF         59  011    DJ0MY         59  053      
QSO: 28530 PH 2020-06-27 1300 HA7MF         59  012    EA5Z          59  A        
QSO: 28492 PH 2020-06-27 1303 HA7MF         59  013    RW1CW         59  072      
QSO: 21217 PH 2020-06-27 1429 HA7MF         59  014    PI4FLA        59  058      
QSO: 21274 PH 2020-06-27 1434 HA7MF         59  015    EF0F          59  SMR      
QSO: 14148 PH 2020-06-27 1446 HA7MF         59  016    EA7JF         59  T        
QSO: 14167 PH 2020-06-27 1447 HA7MF         59  017    F4ELJ         59  120      
QSO: 14178 PH 2020-06-27 1448 HA7MF         59  018    DD2CW         59  166      
QSO: 14182 PH 2020-06-27 1450 HA7MF         59  019    EA7TS         59  GR       
QSO: 14211 PH 2020-06-27 1451 HA7MF         59  020    EA5K          59  MU       
QSO: 14219 PH 2020-06-27 1455 HA7MF         59  021    I5MXX         59  053      
QSO: 14238 PH 2020-06-27 1456 HA7MF         59  022    IW2HAJ        59  240      
QSO: 14242 PH 2020-06-27 1457 HA7MF         59  023    EA8DHV        59  TF       
QSO: 14255 PH 2020-06-27 1459 HA7MF         59  024    IZ2FHS        59  152      
QSO: 14262 PH 2020-06-27 1501 HA7MF         59  025    EA4IE         59  TO       
QSO: 14296 PH 2020-06-27 1503 HA7MF         59  026    EA5WZ         59  A        
QSO: 14201 PH 2020-06-27 1515 HA7MF         59  027    IU3FBL        59  113      
QSO: 14205 PH 2020-06-27 1516 HA7MF         59  028    EA1G          59  O        
QSO: 14214 PH 2020-06-27 1518 HA7MF         59  029    ED1D          59  P        
QSO: 14229 PH 2020-06-27 1520 HA7MF         59  030    RA3Y          59  156      
QSO: 14178 PH 2020-06-27 1527 HA7MF         59  031    IW2MXY        59  024      
QSO: 14208 PH 2020-06-27 1531 HA7MF         59  032    ED7R          59  CA       
QSO: 14228 PH 2020-06-27 1532 HA7MF         59  033    EA5Z          59  A        
QSO: 14235 PH 2020-06-27 1533 HA7MF         59  034    RW1F          59  268      
QSO: 14245 PH 2020-06-27 1535 HA7MF         59  035    EA7KI         59  MA       
QSO: 14294 PH 2020-06-27 1539 HA7MF         59  036    ED1R          59  AV       
QSO: 14299 PH 2020-06-27 1543 HA7MF         59  037    EA7EU         59  J        
QSO: 14305 PH 2020-06-27 1545 HA7MF         59  038    ED9B          59  CE       
QSO: 14246 PH 2020-06-27 1556 HA7MF         59  039    EA3FP         59  B        
QSO: 14268 PH 2020-06-27 1557 HA7MF         59  040    IZ6FXP        59  8        
QSO: 14300 PH 2020-06-27 1559 HA7MF         59  041    DG1IU         59  109      
QSO: 14311 PH 2020-06-27 1605 HA7MF         59  042    DJ0MY         59  249      
QSO: 14315 PH 2020-06-27 1607 HA7MF         59  043    CS7AMH        59  67       
QSO: 14175 PH 2020-06-27 1633 HA7MF         59  044    EB2AM         59  BI       
QSO: 14213 PH 2020-06-27 1636 HA7MF         59  045    EA1X          59  C        
QSO: 14250 PH 2020-06-27 1640 HA7MF         59  046    IZ5CMI        59  022      
QSO: 14254 PH 2020-06-27 1644 HA7MF         59  047    EA1L          59  O        
QSO: 14275 PH 2020-06-27 1645 HA7MF         59  048    EA6SX         59  IB       
QSO: 14283 PH 2020-06-27 1647 HA7MF         59  049    IT9VCE        59  114      
QSO: 14290 PH 2020-06-27 1648 HA7MF         59  050    EF8K          59  TF       
QSO: 14170 PH 2020-06-27 1652 HA7MF         59  051    EA9PD         59  CE       
QSO: 14174 PH 2020-06-27 1654 HA7MF         59  052    EF0F          59  SMR      
QSO: 14210 PH 2020-06-27 1659 HA7MF         59  053    EA3HJO        59  B        
QSO: 14215 PH 2020-06-27 1700 HA7MF         59  054    PI4COM        59  406      
QSO: 14178 PH 2020-06-27 1706 HA7MF         59  055    IZ2GTS        59  058      
QSO: 14263 PH 2020-06-27 1728 HA7MF         59  056    IU3BTY        59  085      
QSO: 14273 PH 2020-06-27 1730 HA7MF         59  057    RW1AR         59  077      
QSO:  7065 PH 2020-06-27 1735 HA7MF         59  058    EB1HRW        59  VA       
QSO:  7093 PH 2020-06-27 1737 HA7MF         59  059    IK8UND        59  215      
QSO:  7102 PH 2020-06-27 1740 HA7MF         59  060    EA5GI         59  V        
QSO:  7127 PH 2020-06-27 1741 HA7MF         59  061    IZ7FLP        59  204      
QSO:  7148 PH 2020-06-27 1746 HA7MF         59  062    ED9B          59  CE       
QSO:  7153 PH 2020-06-27 1748 HA7MF         59  063    EA5IIG        59  V        
QSO:  7156 PH 2020-06-27 1749 HA7MF         59  064    EA1X          59  C        
QSO:  7174 PH 2020-06-27 1752 HA7MF         59  065    IK3UNA        59  457      
QSO:  7178 PH 2020-06-27 1753 HA7MF         59  066    EA2KV         59  Z        
QSO:  7182 PH 2020-06-27 1754 HA7MF         59  067    DL3FCG        59  310      
QSO: 14216 PH 2020-06-27 1910 HA7MF         59  068    RW1A          59  102      
QSO: 14220 PH 2020-06-27 1914 HA7MF         59  069    EA7ITL        59  CA       
QSO: 14227 PH 2020-06-27 1917 HA7MF         59  070    OM2VL         59  842      
QSO: 14234 PH 2020-06-27 1920 HA7MF         59  071    EA5IMB        59  V        
QSO: 14238 PH 2020-06-27 1921 HA7MF         59  072    LY7T          59  121      
QSO: 14184 PH 2020-06-27 1924 HA7MF         59  073    EA4CT         59  M        
QSO: 14187 PH 2020-06-27 1926 HA7MF         59  074    YL3CW         59  085      
QSO: 14224 PH 2020-06-27 1929 HA7MF         59  075    UA9CTT        59  156      
QSO: 14256 PH 2020-06-27 1933 HA7MF         59  076    EA5JK         59  V        
QSO: 14264 PH 2020-06-27 1934 HA7MF         59  077    HB9TOC        59  919      
QSO: 14279 PH 2020-06-27 1937 HA7MF         59  078    EE7P          59  CA       
QSO: 14286 PH 2020-06-27 1939 HA7MF         59  079    IZ2FOS        59  152      
QSO: 14293 PH 2020-06-27 1940 HA7MF         59  080    ON5GQ         59  217      
QSO: 14297 PH 2020-06-27 1941 HA7MF         59  081    S52OT         59  114      
QSO: 14346 PH 2020-06-27 1943 HA7MF         59  082    EA2AOO/P      59  NA       
QSO: 14178 PH 2020-06-27 1946 HA7MF         59  083    EA8W          59  GC       
QSO: 14197 PH 2020-06-27 1949 HA7MF         59  084    EC8AQQ        59  GC       
QSO: 14202 PH 2020-06-27 1950 HA7MF         59  085    IK4ZIF        59  66       
QSO: 14229 PH 2020-06-27 1958 HA7MF         59  086    IK8UND        59  377      
QSO:  7110 PH 2020-06-27 2009 HA7MF         59  087    IU3FBL        59  296      
QSO:  7103 PH 2020-06-27 2013 HA7MF         59  088    ED3C          59  GI       
QSO:  7108 PH 2020-06-27 2016 HA7MF         59  089    ED7R          59  CA       
QSO:  7122 PH 2020-06-27 2024 HA7MF         59  090    EA8CZK        59  TF       
QSO: 14254 PH 2020-06-27 2028 HA7MF         59  091    IK3UNA        59  646      
QSO: 14180 PH 2020-06-27 2033 HA7MF         59  092    PA4ARI        59  4        
QSO: 14210 PH 2020-06-27 2039 HA7MF         59  093    EA8NF         59  GC       
QSO: 14242 PH 2020-06-27 2043 HA7MF         59  094    DL5YR         59  044      
QSO: 14260 PH 2020-06-27 2045 HA7MF         59  095    EA8ZS         59  GC       
QSO: 14293 PH 2020-06-27 2047 HA7MF         59  096    HB9NE         59  009      
QSO: 14223 PH 2020-06-27 2049 HA7MF         59  097    MM1E          59  309      
QSO:  7105 PH 2020-06-27 2101 HA7MF         59  098    OK1OA         59  142      
QSO:  7133 PH 2020-06-27 2104 HA7MF         59  099    F6GPT         59  219      
QSO:  7140 PH 2020-06-27 2105 HA7MF         59  100    EA5Z          59  A        
QSO:  7148 PH 2020-06-27 2106 HA7MF         59  101    IQ0OT         59  66       
QSO:  7158 PH 2020-06-27 2107 HA7MF         59  102    YT1A          59  290      
QSO:  7160 PH 2020-06-27 2108 HA7MF         59  103    EA7JWF        59  CO       
QSO:  7190 PH 2020-06-27 2132 HA7MF         59  104    G1E           59  144      
QSO:  7193 PH 2020-06-27 2135 HA7MF         59  105    S53M          59  470      
QSO:  7197 PH 2020-06-27 2136 HA7MF         59  106    EF1E          59  C        
QSO:  7082 PH 2020-06-27 2137 HA7MF         59  107    EE5O          59  CS       
QSO:  7087 PH 2020-06-27 2140 HA7MF         59  108    F5NBX         59  151      
QSO:  7091 PH 2020-06-27 2141 HA7MF         59  109    I5MXX         59  173      
QSO:  7094 PH 2020-06-27 2142 HA7MF         59  110    EA5WZ         59  A        
QSO:  7115 PH 2020-06-27 2151 HA7MF         59  111    EA4GOY        59  TO       
QSO:  7119 PH 2020-06-27 2152 HA7MF         59  112    EA3AQ         59  B        
QSO:  7127 PH 2020-06-27 2157 HA7MF         59  113    EA4URQ        59  CR       
QSO:  7132 PH 2020-06-27 2200 HA7MF         59  114    IW1FRU        59  229      
QSO:  7152 PH 2020-06-27 2204 HA7MF         59  115    RA3Y          59  267      
QSO:  7182 PH 2020-06-27 2209 HA7MF         59  116    EA1DMP        59  AV       
QSO:  7155 PH 2020-06-28 0321 HA7MF         59  117    YL7X          59  708      
QSO:  7097 PH 2020-06-28 0531 HA7MF         59  118    EA3HJO        59  B        
QSO:  7103 PH 2020-06-28 0533 HA7MF         59  119    EF0F          59  SMR      
QSO:  7133 PH 2020-06-28 0537 HA7MF         59  120    YP0C          59  617      
QSO:  7140 PH 2020-06-28 0538 HA7MF         59  121    US5D          59  711      
QSO:  7171 PH 2020-06-28 0547 HA7MF         59  122    DG1IU         59  171      
QSO:  7136 PH 2020-06-28 0551 HA7MF         59  123    RW1F          59  899      
QSO:  7147 PH 2020-06-28 0552 HA7MF         59  124    LZ5R          59  923      
QSO:  7154 PH 2020-06-28 0554 HA7MF         59  125    IU5ICR        59  173      
QSO:  7167 PH 2020-06-28 0556 HA7MF         59  126    OM2VL         59  1417     
QSO: 14220 PH 2020-06-28 0617 HA7MF         59  127    SP9MAT        59  105      
QSO: 14225 PH 2020-06-28 0619 HA7MF         59  128    HG8W          59  391      
QSO: 14228 PH 2020-06-28 0623 HA7MF         59  129    EA2CCG        59  NA       
QSO: 14255 PH 2020-06-28 0628 HA7MF         59  130    SJ6A          59  149      
QSO: 14260 PH 2020-06-28 0629 HA7MF         59  131    OH1TD         59  169      
QSO: 14267 PH 2020-06-28 0632 HA7MF         59  132    RX6AM         59  093      
QSO: 14200 PH 2020-06-28 0636 HA7MF         59  133    DL2SWR        59  233      
QSO: 14216 PH 2020-06-28 0639 HA7MF         59  134    SV9FBG        59  254      
QSO:  7174 PH 2020-06-28 0655 HA7MF         59  135    RW1A          59  220      
QSO:  7170 PH 2020-06-28 0729 HA7MF         59  136    UT5NC         59  50       
QSO:  7174 PH 2020-06-28 0731 HA7MF         59  137    EA5XC         59  A        
QSO: 14201 PH 2020-06-28 0740 HA7MF         59  138    LZ2JA         59  295      
QSO: 14224 PH 2020-06-28 0748 HA7MF         59  139    EA5L          59  V        
QSO: 14252 PH 2020-06-28 0753 HA7MF         59  140    EC5AN         59  CS       
QSO: 14264 PH 2020-06-28 0755 HA7MF         59  141    EA3AQ         59  B        
QSO: 14279 PH 2020-06-28 0757 HA7MF         59  142    LZ1ND         59  181      
QSO: 14320 PH 2020-06-28 0801 HA7MF         59  143    EA5GI         59  V        
QSO: 21220 PH 2020-06-28 0803 HA7MF         59  144    LZ9V          59  114      
QSO: 21255 PH 2020-06-28 0807 HA7MF         59  145    EA4GOY        59  TO       
QSO: 21266 PH 2020-06-28 0812 HA7MF         59  146    EC1R          59  P        
QSO: 14152 PH 2020-06-28 0822 HA7MF         59  147    EB5F          59  A        
QSO: 14177 PH 2020-06-28 0827 HA7MF         59  148    EA5IMJ        59  A        
QSO: 14203 PH 2020-06-28 0830 HA7MF         59  149    EC1R          59  P        
QSO: 14224 PH 2020-06-28 0834 HA7MF         59  150    EA2DMH        59  Z        
QSO: 14219 PH 2020-06-28 0839 HA7MF         59  151    EC6FK         59  IB       
QSO: 14225 PH 2020-06-28 0841 HA7MF         59  152    EC5EA         59  A        
QSO: 14229 PH 2020-06-28 0842 HA7MF         59  153    IX1PHN        59  208      
QSO: 14233 PH 2020-06-28 0847 HA7MF         59  154    RL5A          59  169      
QSO: 14243 PH 2020-06-28 0848 HA7MF         59  155    4Z5FI         59  169      
QSO: 14260 PH 2020-06-28 0850 HA7MF         59  156    RW1CW         59  218      
QSO: 28472 PH 2020-06-28 0916 HA7MF         59  157    EF0F          59  SMR      
QSO: 28466 PH 2020-06-28 0917 HA7MF         59  158    EB1A          59  C        
QSO: 28436 PH 2020-06-28 0920 HA7MF         59  159    EA2LMI        59  NA       
QSO: 28488 PH 2020-06-28 0924 HA7MF         59  160    DJ2FL         59  066      
QSO: 28488 PH 2020-06-28 0925 HA7MF         59  161    DH0GDS        59  018      
QSO: 28488 PH 2020-06-28 0926 HA7MF         59  162    DL2GFH        59  005      
QSO: 28488 PH 2020-06-28 0928 HA7MF         59  163    HB9FVL        59  013      
QSO: 28488 PH 2020-06-28 0930 HA7MF         59  164    ON7ET         59  093      
QSO: 28488 PH 2020-06-28 0931 HA7MF         59  165    ON7LAO        59  4        
QSO: 28488 PH 2020-06-28 0932 HA7MF         59  166    DH1PAL        59  109      
QSO: 28488 PH 2020-06-28 0933 HA7MF         59  167    DK6PT         59  001      
QSO: 28488 PH 2020-06-28 0934 HA7MF         59  168    HB9GBT        59  008      
QSO: 28488 PH 2020-06-28 0935 HA7MF         59  169    PE1EWR        59  218      
QSO: 28488 PH 2020-06-28 0937 HA7MF         59  170    HB9HDK        59  041      
QSO: 28488 PH 2020-06-28 0938 HA7MF         59  171    IZ3ZLG        59  069      
QSO: 28488 PH 2020-06-28 0939 HA7MF         59  172    G9P           59  224      
QSO: 28470 PH 2020-06-28 0943 HA7MF         59  173    IZ4UEZ        59  134      
QSO: 28482 PH 2020-06-28 0944 HA7MF         59  174    EA3AQ         59  B        
QSO: 28488 PH 2020-06-28 0947 HA7MF         59  175    IK8UND        59  730      
QSO: 28500 PH 2020-06-28 0947 HA7MF         59  176    M0BEW         59  28       
QSO: 28530 PH 2020-06-28 0950 HA7MF         59  177    EA4AA         59  CS       
QSO: 28504 PH 2020-06-28 0952 HA7MF         59  178    EB2AM         59  BI       
QSO: 28450 PH 2020-06-28 0954 HA7MF         59  179    M0CHK         59  42       
QSO: 28476 PH 2020-06-28 0958 HA7MF         59  180    HB9NE         59  303      
QSO: 28492 PH 2020-06-28 1001 HA7MF         59  181    EC5AN         59  CS       
QSO: 28510 PH 2020-06-28 1003 HA7MF         59  182    EA5GI         59  V        
QSO: 28513 PH 2020-06-28 1005 HA7MF         59  183    SM2MVE        59  112      
QSO: 28510 PH 2020-06-28 1007 HA7MF         59  184    EA5GI         59  V        
QSO: 28475 PH 2020-06-28 1013 HA7MF         59  185    EA5L          59  V        
QSO: 28480 PH 2020-06-28 1015 HA7MF         59  186    EC5AGC        59  V        
QSO: 28520 PH 2020-06-28 1018 HA7MF         59  187    EA8CYE        59  TF       
QSO: 28445 PH 2020-06-28 1030 HA7MF         59  188    EA5IMJ        59  A        
QSO: 28497 PH 2020-06-28 1034 HA7MF         59  189    F8BHK         59  076      
QSO: 28497 PH 2020-06-28 1035 HA7MF         59  190    EC5Y          59  V        
QSO: 21292 PH 2020-06-28 1043 HA7MF         59  191    ED1D          59  P        
QSO: 21287 PH 2020-06-28 1046 HA7MF         59  192    EA5IVK        59  V        
QSO: 21270 PH 2020-06-28 1047 HA7MF         59  193    ED1R          59  AV       
QSO: 21290 PH 2020-06-28 1051 HA7MF         59  194    EA1G          59  O        
QSO: 21295 PH 2020-06-28 1053 HA7MF         59  195    EA5Z          59  A        
QSO: 21320 PH 2020-06-28 1057 HA7MF         59  196    EA5IMB        59  v        
QSO: 14239 PH 2020-06-28 1107 HA7MF         59  197    IN3IJJ        59  001      
QSO: 14239 PH 2020-06-28 1108 HA7MF         59  198    OE9IHR        59  004      
QSO: 14239 PH 2020-06-28 1110 HA7MF         59  199    DL4VCV        59  2        
QSO: 14239 PH 2020-06-28 1111 HA7MF         59  200    IZ2PS         59  101      
QSO: 14239 PH 2020-06-28 1112 HA7MF         59  201    DD1JN         59  255      
QSO: 14239 PH 2020-06-28 1114 HA7MF         59  202    PD3LPA        59  123      
END-OF-LOG:
