START-OF-LOG: 3.0
CREATED-BY: reconstructed-log-builder
CONTEST: CQ-WPX-CW
CALLSIGN: 7K4GUR
LOCATION: 
CATEGORY: CHECKLOG
CATEGORY-OPERATOR: SINGLE-OP
CATEGORY-BAND: ALL
CATEGORY-MODE: MIXED
CATEGORY-POWER: UNKNOWN
CATEGORY-ASSISTED: NON-ASSISTED
CATEGORY-TRANSMITTER: ONE
CATEGORY-STATION: UNKNOWN
CATEGORY-OVERLAY: 
OPERATORS: 7K4GUR
CLAIMED-SCORE: 
CLUB: 
NAME: 
SOAPBOX: RECONSTRUCTED MOCKUP LOG - NOT AN OFFICIAL SUBMISSION.
SOAPBOX: Derived from submitted logs for CQ-WPX-CW CQWPX/cw/2014.
QSO: 21024 CW 2014-05-25 0720 7K4GUR        599 011 HB14SAF       599 1557
QSO: 21067 CW 2014-05-25 1420 7K4GUR        599 002 CN3A          599 4531
QSO: 21059 CW 2014-05-25 1424 7K4GUR        599 003 IT9CLN        599 484
QSO: 21056 CW 2014-05-25 1425 7K4GUR        599 004 YT6A          599 1766
QSO: 21055 CW 2014-05-25 1426 7K4GUR        599 0005 OK1FFU        599 1673
QSO: 21000 CW 2014-05-25 1428 7K4GUR        599 006 SV9/W1NN/P    599 1400
QSO: 21045 CW 2014-05-25 1428 7K4GUR        599 007 G6PZ          599 2317
QSO: 21043 CW 2014-05-25 1432 7K4GUR        599 008 SN7Q          599 2683
QSO: 21040 CW 2014-05-25 1433 7K4GUR        599 009 DM9K          599 1377
QSO: 21039 CW 2014-05-25 1434 7K4GUR        599 010 YT6W          599 2456
QSO: 21038 CW 2014-05-25 1435 7K4GUR        599 011 DP9Z          599 1120
QSO: 21036 CW 2014-05-25 1437 7K4GUR        599 012 CT9/R9DX      599 3192
QSO: 21035 CW 2014-05-25 1438 7K4GUR        599 013 G5O           599 1048
QSO: 21035 CW 2014-05-25 1439 7K4GUR        599 0014 OG73X         599 2033
QSO: 21032 CW 2014-05-25 1441 7K4GUR        599 0015 S55T          599 2263
QSO: 21030 CW 2014-05-25 1442 7K4GUR        599 016 S59AA         599 1684
QSO: 21030 CW 2014-05-25 1443 7K4GUR        599 017 LX7I          599 1562
QSO: 21000 CW 2014-05-25 1446 7K4GUR        599 018 OM5WW         599 1539
QSO: 21000 CW 2014-05-25 1447 7K4GUR        599 019 SP4JCQ        599 1524
QSO: 21021 CW 2014-05-25 1451 7K4GUR        599 021 P33W          599 6160
QSO: 21018 CW 2014-05-25 1453 7K4GUR        599 022 9A8WW         599 2572
QSO: 21009 CW 2014-05-25 1455 7K4GUR        599 023 DR5N          599 1039
QSO: 21002 CW 2014-05-25 1456 7K4GUR        599 024 P3N           599 6228
QSO: 21001 CW 2014-05-25 1458 7K4GUR        599 25 CF3A          599 2904
QSO: 21010 CW 2014-05-25 1500 7K4GUR        599 026 K1ZZ          599 2120
QSO: 21011 CW 2014-05-25 1501 7K4GUR        599 0027 K9CT          599 1521
QSO: 21012 CW 2014-05-25 1503 7K4GUR        599 0028 PJ4J          599 3616
QSO: 21012 CW 2014-05-25 1505 7K4GUR        599 029 ZF1A          599 1784
QSO: 21000 CW 2014-05-25 1510 7K4GUR        599 030 NF4A          599 1883
QSO: 21024 CW 2014-05-25 1511 7K4GUR        599 031 WQ6X          599 0776
QSO: 21033 CW 2014-05-25 1516 7K4GUR        599 0032 ED3T          599 2190
QSO: 21036 CW 2014-05-25 1519 7K4GUR        599 034 CS2W          599 1936
QSO: 21044 CW 2014-05-25 1522 7K4GUR        599 035 II9P          599 2015
QSO: 21051 CW 2014-05-25 1525 7K4GUR        599 036 DM6V          599 1244
QSO: 21068 CW 2014-05-25 1529 7K4GUR        599 036 DK3WW         599 1521
QSO: 21062 CW 2014-05-25 1530 7K4GUR        599 0038 K3EST         599 1309
QSO: 21044 CW 2014-05-25 1534 7K4GUR        599 0039 WW4LL         599 1367
QSO: 21029 CW 2014-05-25 1536 7K4GUR        599 040 F8UFT         599 2138
QSO: 21000 CW 2014-05-25 1547 7K4GUR        599 0041 DL1REM        599 0968
QSO: 21078 CW 2014-05-25 1548 7K4GUR        599 042 OG9X          599 2863
QSO: 21089 CW 2014-05-25 1549 7K4GUR        599 0043 WR3O          599 2823
QSO: 21089 CW 2014-05-25 1552 7K4GUR        599 0044 JY9FC         599 2407
QSO: 21027 CW 2014-05-25 1557 7K4GUR        599 0045 WG3J          599 1049
QSO: 21022 CW 2014-05-25 1600 7K4GUR        599 0046 WD5K          599 1416
QSO: 21068 CW 2014-05-25 1630 7K4GUR        599 47 VY2TT         599 3111
QSO: 21075 CW 2014-05-25 1631 7K4GUR        599 048 AD4TR         599 1606
QSO: 21083 CW 2014-05-25 1633 7K4GUR        599 0059 DL6KVA        599 1500
QSO: 21086 CW 2014-05-25 1633 7K4GUR        599 0050 N5RZ          599 1079
QSO: 21093 CW 2014-05-25 1636 7K4GUR        599 051 DH0GHU        599 1280
QSO: 21103 CW 2014-05-25 1637 7K4GUR        599 052 MJ5Z          599 2088
QSO: 21085 CW 2014-05-25 1648 7K4GUR        599 053 OE2LCM        599 0690
QSO: 21085 CW 2014-05-25 1648 7K4GUR        599 0054 YP10NATO      599 1418
QSO: 21082 CW 2014-05-25 1650 7K4GUR        599 0055 DD1A          599 2570
QSO: 21000 CW 2014-05-25 1653 7K4GUR        599 057 IF9/IT9PPG    599 1069
QSO: 21067 CW 2014-05-25 1656 7K4GUR        599 0057 YP8T          599 1199
QSO: 21000 CW 2014-05-25 1657 7K4GUR        599 058 OH2XX         599 0986
QSO: 21053 CW 2014-05-25 1703 7K4GUR        599 059 TM0R          599 3495
QSO: 21046 CW 2014-05-25 1706 7K4GUR        599 0060 ON6NL         599 1731
QSO: 21045 CW 2014-05-25 1707 7K4GUR        599 061 F2CW          599 2806
QSO: 21005 CW 2014-05-25 1716 7K4GUR        599 064 3Z2X          599 2810
QSO: 21000 CW 2014-05-25 1720 7K4GUR        599 0064 LX1NO         599 1596
QSO: 21000 CW 2014-05-25 1722 7K4GUR        599 065 DL7BY         599 648
QSO: 21058 CW 2014-05-25 1728 7K4GUR        599 069 5Q2T          599 0593
QSO: 21107 CW 2014-05-25 1731 7K4GUR        599 0069 EF5Y          599 2931
QSO: 21089 CW 2014-05-25 1734 7K4GUR        599 0070 SV1ENG        599 1587
END-OF-LOG:
