START-OF-LOG: 3.0
CREATED-BY: reconstructed-log-builder
CONTEST: CQ-WW-RTTY
CALLSIGN: TF3VS/P
LOCATION: 
CATEGORY: CHECKLOG
CATEGORY-OPERATOR: SINGLE-OP
CATEGORY-BAND: ALL
CATEGORY-MODE: MIXED
CATEGORY-POWER: UNKNOWN
CATEGORY-ASSISTED: NON-ASSISTED
CATEGORY-TRANSMITTER: ONE
CATEGORY-STATION: UNKNOWN
CATEGORY-OVERLAY: 
OPERATORS: TF3VS/P
CLAIMED-SCORE: 
CLUB: 
NAME: 
SOAPBOX: RECONSTRUCTED MOCKUP LOG - NOT AN OFFICIAL SUBMISSION.
SOAPBOX: Derived from submitted logs for CQ-WW-RTTY CQWWRTTY/2014.
QSO: 28090 RY 2014-09-27 1101 TF3VS/P       599 40 DX IT9GNG        599 15 DX
QSO: 28085 RY 2014-09-27 1106 TF3VS/P       599 40 DX IT9VDQ        599 15 DX
QSO: 21080 RY 2014-09-27 1120 TF3VS/P       599 40 DX UW5Y          599 16 DX
QSO: 21081 RY 2014-09-27 1124 TF3VS/P       599 40 DX IK6VXO        599 15 DX
QSO: 21083 RY 2014-09-27 1126 TF3VS/P       599 40 DX 9A1A          599 15 DX
QSO: 21087 RY 2014-09-27 1130 TF3VS/P       599 40 DX OK1KSL        599 15 DX
QSO: 21089 RY 2014-09-27 1138 TF3VS/P       599 40 DX ED2C          599 14 DX
QSO: 21093 RY 2014-09-27 1150 TF3VS/P       599 40 DX 3Z6M          599 15 DX
QSO: 21094 RY 2014-09-27 1152 TF3VS/P       599 40 DX UA3PI         599 16 DX
QSO: 21100 RY 2014-09-27 1208 TF3VS/P       599 40 DX DD1A          599 14 DX
QSO: 21101 RY 2014-09-27 1210 TF3VS/P       599 40 DX DM5TI         599 14 DX
QSO: 21000 RY 2014-09-27 1213 TF3VS/P       599 40 DX Z36N          599 15 DX
QSO: 21100 RY 2014-09-27 1216 TF3VS/P       599 40 DX LZ14IARU      599 20 DX
QSO: 21099 RY 2014-09-27 1217 TF3VS/P       599 40 DX IZ4AFW        599 15 DX
QSO: 21105 RY 2014-09-27 1222 TF3VS/P       599 40 DX SX3B          599 20 DX
QSO: 21119 RY 2014-09-27 1241 TF3VS/P       599 40 DX OK1DO         599 15 DX
QSO: 21120 RY 2014-09-27 1302 TF3VS/P       599 40 DX HB0A          599 14 DX
QSO: 21121 RY 2014-09-27 1305 TF3VS/P       599 40 DX DD1JN         599 14 DX
QSO: 21000 RY 2014-09-27 1316 TF3VS/P       599 40 DX DL3BQA        599 14 DX
QSO: 21000 RY 2014-09-27 1317 TF3VS/P       599 40 DX HG1S          599 15 DX
QSO: 21127 RY 2014-09-27 1319 TF3VS/P       599 40 DX EA4GEL        599 14 DX
QSO: 21129 RY 2014-09-27 1320 TF3VS/P       599 40 DX OE9GHV        599 15 DX
QSO: 21132 RY 2014-09-27 1324 TF3VS/P       599 40 DX IK1RGK        599 15 DX
QSO: 21134 RY 2014-09-27 1325 TF3VS/P       599 40 DX SP3GXH        599 15 DX
QSO: 21139 RY 2014-09-27 1334 TF3VS/P       599 40 DX HA1TNX        599 15 DX
QSO: 21140 RY 2014-09-27 1335 TF3VS/P       599 40 DX HF3A          599 15 DX
QSO: 21000 RY 2014-09-27 1339 TF3VS/P       599 40 DX CR3L          599 33 DX
QSO: 21147 RY 2014-09-27 1341 TF3VS/P       599 40 DX HB0/DL2JRM    599 14 DX
QSO: 21151 RY 2014-09-27 1344 TF3VS/P       599 40 DX OK1DBE        599 15 DX
QSO: 28080 RY 2014-09-27 1346 TF3VS/P       599 40 DX LZ2HM         599 20 DX
QSO: 28090 RY 2014-09-27 1351 TF3VS/P       599 40 DX ED3D          599 14 DX
QSO: 28099 RY 2014-09-27 1357 TF3VS/P       599 40 DX TK5MH         599 15 DX
QSO: 28100 RY 2014-09-27 1358 TF3VS/P       599 40 DX IZ5OQX        599 15 DX
QSO: 28108 RY 2014-09-27 1400 TF3VS/P       599 40 DX CS5CRE        599 14 DX
QSO: 28130 RY 2014-09-27 1409 TF3VS/P       599 40 DX E78T          599 15 DX
QSO: 28113 RY 2014-09-27 1415 TF3VS/P       599 40 DX IT9DFI        599 15 DX
QSO: 28101 RY 2014-09-27 1418 TF3VS/P       599 40 DX ZA/Z35T       599 15 DX
QSO: 28095 RY 2014-09-27 1420 TF3VS/P       599 40 DX IK7IMK        599 15 DX
QSO: 28076 RY 2014-09-27 1423 TF3VS/P       599 40 DX EA8MT         599 33 DX
QSO: 21149 RY 2014-09-27 1429 TF3VS/P       599 40 DX VE2FK         599 05 QC
QSO: 21139 RY 2014-09-27 1431 TF3VS/P       599 40 DX SW9XB         599 20 DX
QSO: 21133 RY 2014-09-27 1444 TF3VS/P       599 40 DX AA5AU         599 4 LA
QSO: 21127 RY 2014-09-27 1445 TF3VS/P       599 40 DX DF9DD         599 14 DX
QSO: 21119 RY 2014-09-27 1454 TF3VS/P       599 40 DX LX9WS         599 14 DX
QSO: 21117 RY 2014-09-27 1457 TF3VS/P       599 40 DX UW3U          599 16 DX
QSO: 21118 RY 2014-09-27 1457 TF3VS/P       599 40 DX OM5ZW         599 15 DX
QSO: 21111 RY 2014-09-27 1501 TF3VS/P       599 40 DX EA1AP         599 14 DX
QSO: 21113 RY 2014-09-27 1501 TF3VS/P       599 40 DX DL8SCG        599 14 DX
QSO: 21109 RY 2014-09-27 1505 TF3VS/P       599 40 DX A65BP         599 21 DX
QSO: 21000 RY 2014-09-27 1506 TF3VS/P       599 40 DX RU3FM         599 16 DX
QSO: 21080 RY 2014-09-27 1510 TF3VS/P       599 40 DX EW8DD         599 16 DX
QSO: 21098 RY 2014-09-27 1510 TF3VS/P       599 40 DX RT3P          599 16 DX
QSO: 21087 RY 2014-09-27 1513 TF3VS/P       599 40 DX EA9LZ         599 33 DX
QSO: 21095 RY 2014-09-27 1516 TF3VS/P       599 40 DX NR5M          599 04 TX
QSO: 21089 RY 2014-09-27 1521 TF3VS/P       599 40 DX RK3DXW        599 16 DX
QSO: 21088 RY 2014-09-27 1524 TF3VS/P       599 40 DX VY2SS         599 5 PE
QSO: 21086 RY 2014-09-27 1527 TF3VS/P       599 40 DX S50R          599 15 DX
QSO: 21080 RY 2014-09-27 1532 TF3VS/P       599 40 DX 3Z5N          599 15 15
QSO: 21079 RY 2014-09-27 1533 TF3VS/P       599 40 DX EA2XR         599 14 DX
QSO: 21074 RY 2014-09-27 1537 TF3VS/P       599 40 DX OK3C          599 15 DX
QSO: 21078 RY 2014-09-27 1538 TF3VS/P       599 40 DX NJ3I          599 05 MD
QSO: 21077 RY 2014-09-27 1612 TF3VS/P       599 40 DX F5VKT         599 14 DX
QSO: 21079 RY 2014-09-27 1624 TF3VS/P       599 40 DX EC2DX         599 14 DX
QSO: 21091 RY 2014-09-27 1634 TF3VS/P       599 40 DX K4FJ          599 5 VA
QSO: 21098 RY 2014-09-27 1640 TF3VS/P       599 40 DX IQ2CJ         599 15 DX
QSO: 21105 RY 2014-09-27 1647 TF3VS/P       599 40 DX HG7T          599 15 15
QSO: 21108 RY 2014-09-27 1648 TF3VS/P       599 40 DX II2A          599 15 DX
QSO: 21080 RY 2014-09-27 1656 TF3VS/P       599 40 DX OL8M          599 15 DX
QSO: 21110 RY 2014-09-27 1656 TF3VS/P       599 40 DX EE2K          599 14 DX
QSO: 21116 RY 2014-09-27 1656 TF3VS/P       599 40 DX K3OQ          599 05 MD
QSO: 21118 RY 2014-09-27 1657 TF3VS/P       599 40 DX IQ2DN         599 15 DX
QSO: 21000 RY 2014-09-27 1701 TF3VS/P       599 40 DX VE2GSO        599 02 QC
QSO: 21124 RY 2014-09-27 1701 TF3VS/P       599 40 DX DL2SAX        599 14 DX
QSO: 21133 RY 2014-09-27 1702 TF3VS/P       599 40 DX DD2ML         599 14 DX
QSO: 28119 RY 2014-09-27 1708 TF3VS/P       599 40 DX PU2WDX        599 11 DX
QSO: 28088 RY 2014-09-27 1712 TF3VS/P       599 40 DX IT9MUO        599 15 DX
QSO: 21000 RY 2014-09-27 1719 TF3VS/P       599 40 DX TM1O          599 14 DX
QSO: 21085 RY 2014-09-27 1725 TF3VS/P       599 40 DX IT9GNG        599 15 DX
QSO: 21089 RY 2014-09-27 1730 TF3VS/P       599 40 DX HB9TOC        599 14 DX
QSO: 21099 RY 2014-09-27 1748 TF3VS/P       599 40 DX S51A          599 15 DX
QSO: 21105 RY 2014-09-27 1754 TF3VS/P       599 40 DX 9A0Z          599 15 DX
QSO: 21111 RY 2014-09-27 1758 TF3VS/P       599 40 DX 9A7V          599 15 DX
QSO: 21112 RY 2014-09-27 1800 TF3VS/P       599 40 DX PX2A          599 11 DX
QSO: 21117 RY 2014-09-27 1804 TF3VS/P       599 40 DX VE1OP         599 05 NS
QSO: 21118 RY 2014-09-27 1805 TF3VS/P       599 40 DX E78T          599 15 DX
QSO: 21125 RY 2014-09-27 1809 TF3VS/P       599 40 DX S50W          599 15 DX
QSO: 21000 RY 2014-09-27 1810 TF3VS/P       599 40 DX IZ8GNR        599 15 DX
QSO: 21136 RY 2014-09-27 1813 TF3VS/P       599 40 DX EE1D          599 14 DX
QSO: 21138 RY 2014-09-27 1815 TF3VS/P       599 40 DX K9CT          599 04 IL
QSO: 21145 RY 2014-09-27 1818 TF3VS/P       599 40 DX N1IXF         599 05 CT
QSO: 21143 RY 2014-09-27 1820 TF3VS/P       599 40 DX NB3R          599 05 PA
QSO: 21138 RY 2014-09-27 1821 TF3VS/P       599 40 DX N4QS          599 04 KY
QSO: 21125 RY 2014-09-27 1826 TF3VS/P       599 40 DX AA3B          599 5 PA
QSO: 21123 RY 2014-09-27 1832 TF3VS/P       599 40 DX I4DZ          599 15 DX
QSO: 21134 RY 2014-09-27 1841 TF3VS/P       599 40 DX OE6MDF        599 15 DX
QSO: 21140 RY 2014-09-27 1842 TF3VS/P       599 40 DX ZD8RH         599 36 DX
QSO: 21146 RY 2014-09-27 1847 TF3VS/P       599 40 DX LZ6K          599 20 DX
QSO: 21146 RY 2014-09-27 1850 TF3VS/P       599 40 DX AB4GG         599 04 TN
QSO: 21131 RY 2014-09-27 1854 TF3VS/P       599 40 DX S57MM         599 15 DX
QSO: 21121 RY 2014-09-27 1857 TF3VS/P       599 40 DX YO3APJ        599 20 DX
QSO: 21114 RY 2014-09-27 1858 TF3VS/P       599 40 DX VE7UF         599 03 BC
QSO: 21107 RY 2014-09-27 2000 TF3VS/P       599 40 DX W4AAA         599 5 NC
QSO: 21094 RY 2014-09-27 2012 TF3VS/P       599 40 DX W4UK          599 05 SC
QSO: 14075 RY 2014-09-27 2019 TF3VS/P       599 40 DX HB0/DL2JRM    599 14 DX
QSO: 14081 RY 2014-09-27 2021 TF3VS/P       599 40 DX S51TA         599 15 DX
QSO: 14084 RY 2014-09-27 2022 TF3VS/P       599 40 DX F4ERS         599 14 DX
QSO: 14085 RY 2014-09-27 2024 TF3VS/P       599 14 DX ED2C          599 14 DX
QSO: 14086 RY 2014-09-27 2024 TF3VS/P       599 40 DX EC2DX         599 14 DX
QSO: 14087 RY 2014-09-27 2026 TF3VS/P       599 40 DX IQ2DN         599 15 DX
QSO: 14091 RY 2014-09-27 2032 TF3VS/P       599 40 DX 5C5W          599 33 DX
QSO: 14094 RY 2014-09-27 2035 TF3VS/P       599 40 DX N2KI          599 5 NY
QSO: 14094 RY 2014-09-27 2039 TF3VS/P       599 40 DX EA3DUM        599 14 DX
QSO: 14099 RY 2014-09-27 2043 TF3VS/P       599 40 DX F4DXW         599 14 DX
QSO: 14108 RY 2014-09-27 2052 TF3VS/P       599 40 DX IQ1RY         599 15 DX
QSO: 14112 RY 2014-09-27 2053 TF3VS/P       599 40 DX ED1A          599 14 DX
QSO: 14115 RY 2014-09-27 2115 TF3VS/P       599 40 DX W1UE          599 05 MA
QSO: 14128 RY 2014-09-27 2123 TF3VS/P       599 40 DX K9OM          599 04 WI
QSO: 14130 RY 2014-09-27 2125 TF3VS/P       599 40 DX K9CT          599 04 IL
QSO: 14131 RY 2014-09-27 2126 TF3VS/P       599 40 DX K6ND          599 05 MA
QSO:  7037 RY 2014-09-27 2139 TF3VS/P       599 40 DX S51A          599 15 DX
QSO:  7037 RY 2014-09-27 2141 TF3VS/P       599 40 DX 9A1A          599 15 DX
QSO: 21074 RY 2014-09-28 1117 TF3VS/P       599 40 DX IZ3SQW        599 15 DX
QSO: 21079 RY 2014-09-28 1120 TF3VS/P       599 40 DX DD2ML         599 14 DX
QSO: 21103 RY 2014-09-28 1139 TF3VS/P       599 40 DX RW0A          599 18 DX
QSO: 21114 RY 2014-09-28 1143 TF3VS/P       599 40 DX DF2TT         599 14 DX
QSO: 21125 RY 2014-09-28 1151 TF3VS/P       599 40 DX IK0XBX        599 15 DX
QSO: 21127 RY 2014-09-28 1153 TF3VS/P       599 40 DX LY8O          599 15 DX
QSO: 21137 RY 2014-09-28 1157 TF3VS/P       599 40 DX YL6W          599 15 DX
QSO: 21143 RY 2014-09-28 1158 TF3VS/P       599 40 DX DJ2MX         599 14 DX
QSO: 14078 RY 2014-09-28 1204 TF3VS/P       599 40 DX F5OTZ         599 14 DX
QSO: 14077 RY 2014-09-28 1207 TF3VS/P       599 40 DX DL0TUM        599 14 DX
QSO: 14081 RY 2014-09-28 1207 TF3VS/P       599 40 DX OH2ET         599 15 DX
QSO: 14083 RY 2014-09-28 1211 TF3VS/P       599 40 DX 9A5M          599 15 DX
QSO: 14085 RY 2014-09-28 1216 TF3VS/P       599 40 DX YT2T          599 15 DX
QSO: 14087 RY 2014-09-28 1217 TF3VS/P       599 40 DX I4DZ          599 15 DX
QSO: 14091 RY 2014-09-28 1218 TF3VS/P       599 40 DX EE1D          599 14 DX
QSO: 14093 RY 2014-09-28 1221 TF3VS/P       599 40 DX OZ5NJ         599 14 DX
QSO: 14099 RY 2014-09-28 1229 TF3VS/P       599 40 DX EI3KG         599 14 DX
QSO: 14099 RY 2014-09-28 1230 TF3VS/P       599 40 DX 9A1A          599 15 DX
QSO: 14103 RY 2014-09-28 1235 TF3VS/P       599 40 DX ON5GQ         599 14 DX
QSO: 14107 RY 2014-09-28 1239 TF3VS/P       599 40 DX PA7LV         599 14 DX
QSO: 14110 RY 2014-09-28 1241 TF3VS/P       599 40 DX K3WW          599 05 PA
QSO: 14112 RY 2014-09-28 1243 TF3VS/P       599 40 DX NN1SS         599 05 NH
QSO: 14113 RY 2014-09-28 1244 TF3VS/P       599 40 DX LY1R          599 15 LY
QSO: 14120 RY 2014-09-28 1247 TF3VS/P       599 40 DX PA4PS         599 14 DX
QSO: 14120 RY 2014-09-28 1249 TF3VS/P       599 40 DX DL6EZ         599 14 DX
QSO: 14122 RY 2014-09-28 1252 TF3VS/P       599 40 DX UY5ZZ         599 16 DX
QSO: 14123 RY 2014-09-28 1254 TF3VS/P       599 40 DX NR5M          599 04 TX
QSO: 14124 RY 2014-09-28 1255 TF3VS/P       599 40 DX SO9Q          599 15 DX
QSO: 14125 RY 2014-09-28 1257 TF3VS/P       599 40 DX DJ8OG         599 14 DX
QSO: 14127 RY 2014-09-28 1258 TF3VS/P       599 40 DX E78T          599 15 DX
QSO: 28119 RY 2014-09-28 1407 TF3VS/P       599 40 DX UB7K          599 16 DX
QSO: 28000 RY 2014-09-28 1409 TF3VS/P       599 40 DX UW3L          599 16 DX
QSO: 28086 RY 2014-09-28 1411 TF3VS/P       599 40 DX LZ8E          599 20 DX
QSO: 28101 RY 2014-09-28 1413 TF3VS/P       599 40 DX YO4DW         599 20 DX
QSO: 21075 RY 2014-09-28 1420 TF3VS/P       599 40 DX ES9C          599 15 DX
QSO: 21079 RY 2014-09-28 1422 TF3VS/P       599 40 DX SN2K          599 15 DX
QSO: 21080 RY 2014-09-28 1423 TF3VS/P       599 40 DX UA1AFZ        599 16 DX
QSO: 21000 RY 2014-09-28 1424 TF3VS/P       599 40 DX RA6GW         599 16 DX
QSO: 21098 RY 2014-09-28 1432 TF3VS/P       599 40 DX M2G           599 14 DX
QSO: 14083 RY 2014-09-28 1439 TF3VS/P       599 40 DX YL9T          599 15 DX
QSO: 14097 RY 2014-09-28 1446 TF3VS/P       599 40 DX SM6BGG        599 14 DX
QSO: 14107 RY 2014-09-28 1449 TF3VS/P       599 40 DX GM3C          599 14 DX
QSO: 14111 RY 2014-09-28 1452 TF3VS/P       599 40 DX LZ2JA         599 20 DX
QSO: 14117 RY 2014-09-28 1455 TF3VS/P       599 40 DX K1SFA         599 05 MA
QSO: 14123 RY 2014-09-28 1503 TF3VS/P       599 40 DX SP6GCU        599 15 DX
QSO: 14000 RY 2014-09-28 1504 TF3VS/P       599 40 DX IZ3GNG        599 15 DX
QSO: 14085 RY 2014-09-28 1505 TF3VS/P       599 40 DX R7AB          599 16 DX
QSO: 14087 RY 2014-09-28 1508 TF3VS/P       599 40 DX CR3A          599 33 DX
QSO: 14092 RY 2014-09-28 1508 TF3VS/P       599 40 DX PI4CG         599 14 DX
QSO: 14095 RY 2014-09-28 1511 TF3VS/P       599 40 DX R7LV          599 16 DX
QSO: 14097 RY 2014-09-28 1512 TF3VS/P       599 40 DX DJ5AN         599 14 DX
QSO: 14000 RY 2014-09-28 1513 TF3VS/P       599 40 DX IK3TPP        599 15 DX
QSO: 28098 RY 2014-09-28 1554 TF3VS/P       599 40 DX IQ9UI         599 15 DX
QSO: 28117 RY 2014-09-28 1558 TF3VS/P       599 40 DX EA7ZY         599 14 DX
QSO: 21091 RY 2014-09-28 1606 TF3VS/P       599 40 DX OE2GEN        599 15 DX
QSO: 21121 RY 2014-09-28 1616 TF3VS/P       599 40 DX F5RD          599 14 DX
QSO: 21132 RY 2014-09-28 1620 TF3VS/P       599 40 DX EA6SX         599 14 DX
END-OF-LOG:
