START-OF-LOG: 3.0
CREATED-BY: HMRA public OK1WC downloader
CONTEST: OK1WC-MEMORIAL
CALLSIGN: OK2EA
OPERATORS: OK2EA
CATEGORY: SO-ALL-CW-LOW
CATEGORY-OPERATOR: SINGLE-OP
CATEGORY-BAND: ALL
CATEGORY-MODE: CW
CATEGORY-POWER: LOW
SOAPBOX: Recreated from OK1WC Memorial reference table MWC230918.
SOAPBOX: Source publication level: 4.
SOAPBOX: Source: https://memorial-ok1wc.cz/index.php?page=eval3/a_eval3&kolo=577&rocnik=15&tyden=38&jobdate=230918&pub_level=4
QSO:  7000 CW 2023-09-18 1630 OK2EA         599 1          Z35M          599 2         
QSO:  7000 CW 2023-09-18 1631 OK2EA         599 2          OM4DU         599 1         
QSO:  7000 CW 2023-09-18 1631 OK2EA         599 3          IN3FHE        599 3         
QSO:  7000 CW 2023-09-18 1632 OK2EA         599 4          ZA1RR         599 2         
QSO:  7000 CW 2023-09-18 1633 OK2EA         599 5          DL8MAS        599 6         
QSO:  7000 CW 2023-09-18 1633 OK2EA         599 6          OK1DAR        599 3         
QSO:  7000 CW 2023-09-18 1634 OK2EA         599 7          SE5T          599 6         
QSO:  7000 CW 2023-09-18 1634 OK2EA         599 8          SP2XX         599 7         
QSO:  7000 CW 2023-09-18 1634 OK2EA         599 9          DF5EN         599 6         
QSO:  7000 CW 2023-09-18 1634 OK2EA         599 10         OK1TRJ        599 8         
QSO:  7000 CW 2023-09-18 1635 OK2EA         599 11         OL8R          599 16        
QSO:  7000 CW 2023-09-18 1635 OK2EA         599 12         HA1AS         599 4         
QSO:  7000 CW 2023-09-18 1635 OK2EA         599 13         SN1T          599 15        
QSO:  7000 CW 2023-09-18 1635 OK2EA         599 14         OM2KI         599 16        
QSO:  7000 CW 2023-09-18 1636 OK2EA         599 15         PC4H          599 13        
QSO:  7000 CW 2023-09-18 1636 OK2EA         599 16         DL4ME         599 16        
QSO:  7000 CW 2023-09-18 1637 OK2EA         599 17         OK1DEP        599 6         
QSO:  7000 CW 2023-09-18 1637 OK2EA         599 18         OK1TD         599 8         
QSO:  7000 CW 2023-09-18 1637 OK2EA         599 19         HB9BXE        599 19        
QSO:  7000 CW 2023-09-18 1637 OK2EA         599 20         SP8BXL        599 7         
QSO:  7000 CW 2023-09-18 1638 OK2EA         599 21         OK2NO         599 17        
QSO:  7000 CW 2023-09-18 1638 OK2EA         599 22         OK6OK         599 9         
QSO:  7000 CW 2023-09-18 1638 OK2EA         599 23         SM5DXR        599 11        
QSO:  7000 CW 2023-09-18 1639 OK2EA         599 24         HA5NR         599 14        
QSO:  7000 CW 2023-09-18 1639 OK2EA         599 25         OK1AMX        599 9         
QSO:  7000 CW 2023-09-18 1640 OK2EA         599 26         HA5BA         599 14        
QSO:  7000 CW 2023-09-18 1641 OK2EA         599 27         OK2BFN        599 17        
QSO:  7000 CW 2023-09-18 1641 OK2EA         599 28         DK3AX         599 13        
QSO:  7000 CW 2023-09-18 1642 OK2EA         599 29         OK1DSZ        599 20        
QSO:  7000 CW 2023-09-18 1642 OK2EA         599 30         OK2PYA        599 25        
QSO:  7000 CW 2023-09-18 1643 OK2EA         599 31         OK2SFP        599 7         
QSO:  7000 CW 2023-09-18 1643 OK2EA         599 32         RX3QNE        599 18        
QSO:  7000 CW 2023-09-18 1643 OK2EA         599 33         HG1G          599 24        
QSO:  7000 CW 2023-09-18 1644 OK2EA         599 34         OK4X          599 17        
QSO:  7000 CW 2023-09-18 1645 OK2EA         599 35         OK5M          599 29        
QSO:  7000 CW 2023-09-18 1645 OK2EA         599 36         SP4JFR        599 26        
QSO:  7000 CW 2023-09-18 1646 OK2EA         599 37         YL3JD         599 19        
QSO:  7000 CW 2023-09-18 1647 OK2EA         599 38         SE6K          599 14        
QSO:  7000 CW 2023-09-18 1647 OK2EA         599 39         DF4PD         599 24        
QSO:  7000 CW 2023-09-18 1648 OK2EA         599 40         OM5RM         599 38        
QSO:  7000 CW 2023-09-18 1648 OK2EA         599 41         S52W          599 41        
QSO:  7000 CW 2023-09-18 1648 OK2EA         599 42         OK5FF         599 27        
QSO:  7000 CW 2023-09-18 1649 OK2EA         599 43         OK1DZD        599 7         
QSO:  7000 CW 2023-09-18 1650 OK2EA         599 44         OK1RZ         599 42        
QSO:  7000 CW 2023-09-18 1650 OK2EA         599 45         OM4AY         599 18        
QSO:  7000 CW 2023-09-18 1651 OK2EA         599 46         OM5JA         599 18        
QSO:  7000 CW 2023-09-18 1652 OK2EA         599 47         SP4TKR        599 34        
QSO:  7000 CW 2023-09-18 1654 OK2EA         599 48         OK1NU         599 25        
QSO:  7000 CW 2023-09-18 1654 OK2EA         599 49         YL2KO         599 25        
QSO:  7000 CW 2023-09-18 1654 OK2EA         599 50         OK1USP        599 34        
QSO:  7000 CW 2023-09-18 1656 OK2EA         599 51         DL6GCE        599 15        
QSO:  7000 CW 2023-09-18 1657 OK2EA         599 52         SM0OEK        599 41        
QSO:  7000 CW 2023-09-18 1658 OK2EA         599 53         OK7AZ         599 20        
QSO:  7000 CW 2023-09-18 1658 OK2EA         599 54         DA0RR         599 63        
QSO:  7000 CW 2023-09-18 1659 OK2EA         599 55         OK5OK         599 60        
QSO:  7000 CW 2023-09-18 1659 OK2EA         599 56         DJ9MH         599 51        
QSO:  7000 CW 2023-09-18 1659 OK2EA         599 57         D1CW          599 26        
QSO:  7000 CW 2023-09-18 1700 OK2EA         599 58         DF8V          599 29        
QSO:  7000 CW 2023-09-18 1700 OK2EA         599 59         YL3FW         599 37        
QSO:  7000 CW 2023-09-18 1701 OK2EA         599 60         RX3Q          599 48        
QSO:  7000 CW 2023-09-18 1702 OK2EA         599 61         DG8HJ         599 39        
QSO:  7000 CW 2023-09-18 1702 OK2EA         599 62         OK1TN         599 65        
QSO:  7000 CW 2023-09-18 1703 OK2EA         599 63         HA6NL         599 73        
QSO:  7000 CW 2023-09-18 1703 OK2EA         599 64         OK2NAJ        599 25        
QSO:  7000 CW 2023-09-18 1704 OK2EA         599 65         DL8TG         599 20        
QSO:  7000 CW 2023-09-18 1705 OK2EA         599 66         DL4YR         599 25        
QSO:  7000 CW 2023-09-18 1706 OK2EA         599 67         OH0RY         599 27        
QSO:  7000 CW 2023-09-18 1706 OK2EA         599 68         SP3CW         599 67        
QSO:  7000 CW 2023-09-18 1706 OK2EA         599 69         SN5N          599 79        
QSO:  7000 CW 2023-09-18 1707 OK2EA         599 70         OH1SIC        599 39        
QSO:  7000 CW 2023-09-18 1707 OK2EA         599 71         PA3DBS        599 40        
QSO:  7000 CW 2023-09-18 1708 OK2EA         599 72         DJ4WT         599 48        
QSO:  7000 CW 2023-09-18 1708 OK2EA         599 73         HB9HTF        599 62        
QSO:  7000 CW 2023-09-18 1709 OK2EA         599 74         SO3O          599 77        
QSO:  7000 CW 2023-09-18 1710 OK2EA         599 75         OM3YCA        599 8         
QSO:  3500 CW 2023-09-18 1712 OK2EA         599 76         OL8R          599 108       
QSO:  3500 CW 2023-09-18 1712 OK2EA         599 77         OM5B          599 30        
QSO:  3500 CW 2023-09-18 1712 OK2EA         599 78         OM2KI         599 98        
QSO:  3500 CW 2023-09-18 1713 OK2EA         599 79         SM0OEK        599 53        
QSO:  3500 CW 2023-09-18 1713 OK2EA         599 80         OM4DU         599 39        
QSO:  3500 CW 2023-09-18 1715 OK2EA         599 81         OK1DAM        599 11        
QSO:  3500 CW 2023-09-18 1715 OK2EA         599 82         OK5OK         599 83        
QSO:  3500 CW 2023-09-18 1716 OK2EA         599 83         DL8MAS        599 71        
QSO:  3500 CW 2023-09-18 1716 OK2EA         599 84         DA0RR         599 95        
QSO:  3500 CW 2023-09-18 1717 OK2EA         599 85         DL8QS         599 89        
QSO:  3500 CW 2023-09-18 1717 OK2EA         599 86         OK1AY         599 40        
QSO:  3500 CW 2023-09-18 1717 OK2EA         599 87         HA1AS         599 34        
QSO:  3500 CW 2023-09-18 1718 OK2EA         599 88         OK2PKT        599 10        
QSO:  3500 CW 2023-09-18 1718 OK2EA         599 89         OK5M          599 92        
QSO:  3500 CW 2023-09-18 1719 OK2EA         599 90         DD5M          599 88        
QSO:  3500 CW 2023-09-18 1719 OK2EA         599 91         OM7AT         599 27        
QSO:  3500 CW 2023-09-18 1720 OK2EA         599 92         DL1NKS        599 67        
QSO:  3500 CW 2023-09-18 1720 OK2EA         599 93         OK2PYA        599 96        
QSO:  3500 CW 2023-09-18 1721 OK2EA         599 94         OK1FGD        599 65        
QSO:  3500 CW 2023-09-18 1721 OK2EA         599 95         OM3YCA        599 12        
QSO:  3500 CW 2023-09-18 1722 OK2EA         599 96         SP3CW         599 93        
QSO:  3500 CW 2023-09-18 1722 OK2EA         599 97         SM5IMO        599 89        
QSO:  3500 CW 2023-09-18 1722 OK2EA         599 98         Z35M          599 48        
QSO:  3500 CW 2023-09-18 1723 OK2EA         599 99         DJ9MH         599 88        
QSO:  3500 CW 2023-09-18 1723 OK2EA         599 100        SM5DXR        599 51        
QSO:  3500 CW 2023-09-18 1724 OK2EA         599 101        OK1OA         599 95        
QSO:  3500 CW 2023-09-18 1724 OK2EA         599 102        SP2XX         599 76        
QSO:  3500 CW 2023-09-18 1725 OK2EA         599 103        DD2ML         599 35        
QSO:  3500 CW 2023-09-18 1725 OK2EA         599 104        DJ8EW         599 72        
QSO:  3500 CW 2023-09-18 1727 OK2EA         599 105        OM5RM         599 108       
QSO:  3500 CW 2023-09-18 1727 OK2EA         599 106        DL4CF         599 22        
QSO:  3500 CW 2023-09-18 1727 OK2EA         599 107        OK1DSZ        599 102       
QSO:  3500 CW 2023-09-18 1728 OK2EA         599 108        OM3ZU         599 98        
END-OF-LOG:
