START-OF-LOG: 3.0
CREATED-BY: reconstructed-log-builder
CONTEST: ARRL-DX-SSB
CALLSIGN: KP2DX
LOCATION: 
CATEGORY: CHECKLOG
CATEGORY-OPERATOR: SINGLE-OP
CATEGORY-BAND: ALL
CATEGORY-MODE: MIXED
CATEGORY-POWER: UNKNOWN
CATEGORY-ASSISTED: NON-ASSISTED
CATEGORY-TRANSMITTER: ONE
CATEGORY-STATION: UNKNOWN
CATEGORY-OVERLAY: 
OPERATORS: KP2DX
CLAIMED-SCORE: 
CLUB: 
NAME: 
SOAPBOX: RECONSTRUCTED MOCKUP LOG - NOT AN OFFICIAL SUBMISSION.
SOAPBOX: Derived from submitted logs for ARRL-DX-SSB ARRL/arrl_international_dx_phone_contest/2019.
QSO:  3767 PH 2019-03-02 0025 KP2DX         59 500 W3BGN         59 PA
QSO:  3715 PH 2019-03-02 0030 KP2DX         59 QRP VE9ML         59 NB
QSO:  3769 PH 2019-03-02 0123 KP2DX         59 5 K5VIP         59 VA
QSO:  3782 PH 2019-03-02 0205 KP2DX         59 5 K8CX          59 OH
QSO:  3782 PH 2019-03-02 0207 KP2DX         59 5 W8PR          59 OH
QSO:  3782 PH 2019-03-02 0209 KP2DX         59 5 N6AR          59 FL
QSO:  3782 PH 2019-03-02 0215 KP2DX         59 5 KE4H          59 NC
QSO:  3500 PH 2019-03-02 0217 KP2DX         59 5 K9IDQ         59 IL
QSO:  3782 PH 2019-03-02 0224 KP2DX         59 500 K2SDS         59 NJ
QSO:  3773 PH 2019-03-02 0342 KP2DX         59 5 K3OO          59 PA
QSO:  3774 PH 2019-03-02 0344 KP2DX         59 5 KK4WX         59 GA
QSO:  3500 PH 2019-03-02 0345 KP2DX         59 05 VE3LRL        59 ON
QSO:  3774 PH 2019-03-02 0345 KP2DX         59 05 K3WI          59 DE
QSO:  3774 PH 2019-03-02 0346 KP2DX         59 05 W3OA          59 NC
QSO:  3773 PH 2019-03-02 0348 KP2DX         59 PA K3LR          59 PA
QSO:  3773 PH 2019-03-02 0348 KP2DX         59 005 W3LPL         59 MD
QSO:  3774 PH 2019-03-02 0348 KP2DX         59 5 N4RV          59 VA
QSO:  3774 PH 2019-03-02 0349 KP2DX         59 5 AA3B          59 PA
QSO:  3774 PH 2019-03-02 0349 KP2DX         59 5 K1TTT         59 MA
QSO:  3774 PH 2019-03-02 0349 KP2DX         59 5 K3ZU          59 MD
QSO:  3773 PH 2019-03-02 0350 KP2DX         59 5 K8AZ          59 OH
QSO:  3773 PH 2019-03-02 0350 KP2DX         59 5 VE3EJ         59 ON
QSO:  3774 PH 2019-03-02 0350 KP2DX         59 5 W4NF          59 VA
QSO:  3773 PH 2019-03-02 0351 KP2DX         59 5 K5TR          59 TX
QSO:  3774 PH 2019-03-02 0351 KP2DX         59 5 K0OO          59 MD
QSO:  3773 PH 2019-03-02 0352 KP2DX         59 5 N2CW          59 NJ
QSO:  3773 PH 2019-03-02 0352 KP2DX         59 5 W2CG          59 NJ
QSO:  3774 PH 2019-03-02 0352 KP2DX         59 5 K3CT          59 PA
QSO:  3774 PH 2019-03-02 0352 KP2DX         59 5 NY3B          59 PA
QSO:  3774 PH 2019-03-02 0353 KP2DX         59 5 N3EB          59 PA
QSO:  3774 PH 2019-03-02 0353 KP2DX         59 05 W3FIZ         59 PA
QSO:  3774 PH 2019-03-02 0354 KP2DX         59 5 KE1IH         59 NY
QSO:  3774 PH 2019-03-02 0355 KP2DX         59 005 K3TC          59 MD
QSO:  3774 PH 2019-03-02 0355 KP2DX         59 5 N3RD          59 PA
QSO:  3774 PH 2019-03-02 0356 KP2DX         59 05 NN1C          59 MA
QSO:  3774 PH 2019-03-02 0357 KP2DX         59 5 KM4ALL        59 VA
QSO:  3774 PH 2019-03-02 0357 KP2DX         59 5 WY3A          59 PA
QSO:  3774 PH 2019-03-02 0358 KP2DX         59 500 K3SW          59 PA
QSO:  3774 PH 2019-03-02 0358 KP2DX         59 5 K9CT          59 IL
QSO:  3500 PH 2019-03-02 0359 KP2DX         59 KW N3RJ          59 PA
QSO:  3774 PH 2019-03-02 0359 KP2DX         59 5 AA6AA         59 NV
QSO:  3774 PH 2019-03-02 0359 KP2DX         59 5 K3WW          59 PA
QSO:  3774 PH 2019-03-02 0359 KP2DX         59 5 W1NT          59 NH
QSO:  3773 PH 2019-03-02 0400 KP2DX         59 005 K1KI          59 CT
QSO:  3774 PH 2019-03-02 0401 KP2DX         59 05 K8LY          59 OH
QSO:  3774 PH 2019-03-02 0401 KP2DX         59 5 N3RS          59 PA
QSO:  3774 PH 2019-03-02 0403 KP2DX         59 05 N1MM          59 CT
QSO:  3773 PH 2019-03-02 0404 KP2DX         59 5 KB1AWM        59 SC
QSO:  3774 PH 2019-03-02 0404 KP2DX         59 5 K3IE          59 TN
QSO:  3774 PH 2019-03-02 0404 KP2DX         59 5 K4FX          59 NC
QSO:  3774 PH 2019-03-02 0404 KP2DX         59 5 K4SXT         59 FL
QSO:  3500 PH 2019-03-02 0406 KP2DX         59 5 NG7A          59 IA
QSO:  3500 PH 2019-03-02 0406 KP2DX         59 500 W1AM          59 GA
QSO:  3774 PH 2019-03-02 0406 KP2DX         59 5 WX4G          59 FL
QSO:  3774 PH 2019-03-02 0407 KP2DX         59 5 W2IRT         59 NJ
QSO:  3774 PH 2019-03-02 0407 KP2DX         59 5 WB2P          59 NJ
QSO:  3774 PH 2019-03-02 0408 KP2DX         59 5 W2GDJ         59 NY
QSO:  3800 PH 2019-03-02 0408 KP2DX         59 5 K6YK          59 CA
QSO:  3774 PH 2019-03-02 0410 KP2DX         59 5 K3PP          59 PA
QSO:  3773 PH 2019-03-02 0411 KP2DX         59 5 W3NO          59 PA
QSO:  3774 PH 2019-03-02 0411 KP2DX         59 5 NC1I          59 MA
QSO:  3774 PH 2019-03-02 0411 KP2DX         59 5 WO2T          59 NJ
QSO:  3774 PH 2019-03-02 0411 KP2DX         59 5 WT9U          59 IN
QSO:  3500 PH 2019-03-02 0412 KP2DX         59 500 N4JRG         59 KY
QSO:  3759 PH 2019-03-02 0857 KP2DX         59 5 KA1ZD         59 CT
QSO:  3759 PH 2019-03-02 0859 KP2DX         59 5 NX6T          59 CA
QSO:  3759 PH 2019-03-02 0900 KP2DX         59 5 K2AX          59 NJ
QSO:  3759 PH 2019-03-02 0900 KP2DX         59 5 W2RE          59 ME
QSO:  3759 PH 2019-03-02 0900 KP2DX         59 5 W4KZ          59 ME
QSO:  3759 PH 2019-03-02 0900 KP2DX         59 05 W9WR          59 IN
QSO:  3759 PH 2019-03-02 0901 KP2DX         59 5 W2DLT         59 PA
END-OF-LOG:
