START-OF-LOG: 3.0
CREATED-BY: HMRA public OK1WC downloader
CONTEST: OK1WC-MEMORIAL
CALLSIGN: DJ3WE
OPERATORS: DJ3WE
CATEGORY: SO-ALL-CW-LOW
CATEGORY-OPERATOR: SINGLE-OP
CATEGORY-BAND: ALL
CATEGORY-MODE: CW
CATEGORY-POWER: LOW
SOAPBOX: Recreated from OK1WC Memorial reference table MWC241104.
SOAPBOX: Source publication level: 4.
SOAPBOX: Source: https://memorial-ok1wc.cz/index.php?page=eval3/a_eval3&kolo=636&rocnik=16&tyden=45&jobdate=241104&pub_level=4
QSO:  7000 CW 2024-11-04 1631 DJ3WE         599 1          DJ1OJ         599 2         
QSO:  7000 CW 2024-11-04 1631 DJ3WE         599 2          DL1DQW        599 3         
QSO:  7000 CW 2024-11-04 1631 DJ3WE         599 3          DL1DWR        599 3         
QSO:  7000 CW 2024-11-04 1632 DJ3WE         599 4          DF7CB         599 4         
QSO:  7000 CW 2024-11-04 1633 DJ3WE         599 5          PC4H          599 7         
QSO:  7000 CW 2024-11-04 1633 DJ3WE         599 6          OK1USP        599 6         
QSO:  7000 CW 2024-11-04 1633 DJ3WE         599 7          OM3ZU         599 4         
QSO:  7000 CW 2024-11-04 1634 DJ3WE         599 8          UT4LW         599 9         
QSO:  7000 CW 2024-11-04 1634 DJ3WE         599 9          OK2BFN        599 8         
QSO:  7000 CW 2024-11-04 1635 DJ3WE         599 10         DJ9SN         599 9         
QSO:  7000 CW 2024-11-04 1636 DJ3WE         599 11         OK1IBP        599 8         
QSO:  7000 CW 2024-11-04 1636 DJ3WE         599 12         OK2IW         599 7         
QSO:  7000 CW 2024-11-04 1636 DJ3WE         599 13         DF8TY         599 3         
QSO:  7000 CW 2024-11-04 1637 DJ3WE         599 14         PC0A          599 18        
QSO:  7000 CW 2024-11-04 1637 DJ3WE         599 15         OH3MZ         599 10        
QSO:  7000 CW 2024-11-04 1638 DJ3WE         599 16         OK4RQ         599 15        
QSO:  7000 CW 2024-11-04 1639 DJ3WE         599 17         SP2XX         599 16        
QSO:  7000 CW 2024-11-04 1639 DJ3WE         599 18         DM7W          599 16        
QSO:  7000 CW 2024-11-04 1640 DJ3WE         599 19         OK2NO         599 20        
QSO:  7000 CW 2024-11-04 1641 DJ3WE         599 20         SN1T          599 30        
QSO:  7000 CW 2024-11-04 1642 DJ3WE         599 21         DL1NKS        599 26        
QSO:  7000 CW 2024-11-04 1642 DJ3WE         599 22         PA3ARM        599 21        
QSO:  7000 CW 2024-11-04 1643 DJ3WE         599 23         DF7YE         599 35        
QSO:  7000 CW 2024-11-04 1643 DJ3WE         599 24         DA0BCC        599 33        
QSO:  7000 CW 2024-11-04 1644 DJ3WE         599 25         OK6OK         599 18        
QSO:  7000 CW 2024-11-04 1645 DJ3WE         599 26         SO3O          599 36        
QSO:  7000 CW 2024-11-04 1646 DJ3WE         599 27         HA6NL         599 43        
QSO:  7000 CW 2024-11-04 1646 DJ3WE         599 28         DM5I          599 36        
QSO:  7000 CW 2024-11-04 1648 DJ3WE         599 29         DJ9KH         599 38        
QSO:  7000 CW 2024-11-04 1649 DJ3WE         599 30         LZ/OK5FF      599 16        
QSO:  7000 CW 2024-11-04 1649 DJ3WE         599 31         HA5OV         599 39        
QSO:  7000 CW 2024-11-04 1650 DJ3WE         599 32         YL3JD         599 35        
QSO:  7000 CW 2024-11-04 1652 DJ3WE         599 33         DF8KY         599 17        
QSO:  7000 CW 2024-11-04 1653 DJ3WE         599 34         OK2ON         599 5         
QSO:  7000 CW 2024-11-04 1653 DJ3WE         599 35         DJ4MX         599 5         
QSO:  7000 CW 2024-11-04 1654 DJ3WE         599 36         PA3AAV        599 66        
QSO:  7000 CW 2024-11-04 1655 DJ3WE         599 37         OK1OA         599 61        
QSO:  3500 CW 2024-11-04 1656 DJ3WE         599 38         SP3CW         599 15        
QSO:  3500 CW 2024-11-04 1656 DJ3WE         599 39         OK1AY         599 19        
QSO:  3500 CW 2024-11-04 1657 DJ3WE         599 40         DQ55DIG       599 32        
QSO:  3500 CW 2024-11-04 1657 DJ3WE         599 41         SP8BXL        599 17        
QSO:  3500 CW 2024-11-04 1658 DJ3WE         599 42         OK1NG         599 15        
QSO:  3500 CW 2024-11-04 1659 DJ3WE         599 43         PC0A          599 62        
QSO:  3500 CW 2024-11-04 1659 DJ3WE         599 44         DM5I          599 60        
QSO:  3500 CW 2024-11-04 1700 DJ3WE         599 45         DA0BCC        599 60        
QSO:  3500 CW 2024-11-04 1703 DJ3WE         599 46         SO3O          599 65        
QSO:  3500 CW 2024-11-04 1703 DJ3WE         599 47         OM5TZ         599 22        
QSO:  3500 CW 2024-11-04 1704 DJ3WE         599 48         OK5M          599 23        
QSO:  3500 CW 2024-11-04 1704 DJ3WE         599 49         OK1DOR        599 61        
QSO:  3500 CW 2024-11-04 1705 DJ3WE         599 50         DR3W          599 35        
QSO:  3500 CW 2024-11-04 1706 DJ3WE         599 51         OK1FKD        599 41        
QSO:  3500 CW 2024-11-04 1706 DJ3WE         599 52         SD6F          599 72        
QSO:  3500 CW 2024-11-04 1707 DJ3WE         599 53         OL90ABU       599 17        
QSO:  3500 CW 2024-11-04 1708 DJ3WE         599 54         DL7YS         599 65        
QSO:  3500 CW 2024-11-04 1708 DJ3WE         599 55         DJ9KH         599 65        
QSO:  3500 CW 2024-11-04 1709 DJ3WE         599 56         HA5OV         599 77        
QSO:  3500 CW 2024-11-04 1710 DJ3WE         599 57         SN1T          599 106       
QSO:  3500 CW 2024-11-04 1711 DJ3WE         599 58         OL8R          599 108       
QSO:  3500 CW 2024-11-04 1712 DJ3WE         599 59         OK1TN         599 81        
QSO:  3500 CW 2024-11-04 1712 DJ3WE         599 60         OK1ITK        599 36        
QSO:  3500 CW 2024-11-04 1713 DJ3WE         599 61         DJ9SN         599 58        
QSO:  3500 CW 2024-11-04 1713 DJ3WE         599 62         HA5MA         599 83        
QSO:  3500 CW 2024-11-04 1714 DJ3WE         599 63         DJ1OJ         599 50        
QSO:  3500 CW 2024-11-04 1715 DJ3WE         599 64         SM5ACQ        599 85        
QSO:  3500 CW 2024-11-04 1715 DJ3WE         599 65         SM6M          599 100       
QSO:  3500 CW 2024-11-04 1718 DJ3WE         599 66         SM5CSS        599 82        
QSO:  7000 CW 2024-11-04 1720 DJ3WE         599 67         HA1YI         599 116       
QSO:  7000 CW 2024-11-04 1721 DJ3WE         599 68         PA2A          599 106       
QSO:  7000 CW 2024-11-04 1722 DJ3WE         599 69         DA2K          599 70        
QSO:  7000 CW 2024-11-04 1722 DJ3WE         599 70         OK4X          599 36        
QSO:  7000 CW 2024-11-04 1722 DJ3WE         599 71         SP4TKR        599 100       
QSO:  7000 CW 2024-11-04 1723 DJ3WE         599 72         OK1WSL        599 6         
QSO:  7000 CW 2024-11-04 1723 DJ3WE         599 73         OK1FHI        599 86        
QSO:  7000 CW 2024-11-04 1724 DJ3WE         599 74         OK1RKS        599 48        
QSO:  7000 CW 2024-11-04 1725 DJ3WE         599 75         DJ5AS         599 57        
QSO:  3500 CW 2024-11-04 1727 DJ3WE         599 76         OK2OP         599 21        
QSO:  3500 CW 2024-11-04 1728 DJ3WE         599 77         DJ9MH         599 103       
QSO:  3500 CW 2024-11-04 1728 DJ3WE         599 78         DL1DWR        599 72        
QSO:  3500 CW 2024-11-04 1728 DJ3WE         599 79         DL4ME         599 117       
QSO:  3500 CW 2024-11-04 1729 DJ3WE         599 80         DM7W          599 98        
QSO:  3500 CW 2024-11-04 1729 DJ3WE         599 81         DK3AX         599 55        
END-OF-LOG:
