START-OF-LOG: 3.0
CREATED-BY: reconstructed-log-builder
CONTEST: CQ-WW-CW
CALLSIGN: HS0ZNV
LOCATION: 
CATEGORY: CHECKLOG
CATEGORY-OPERATOR: SINGLE-OP
CATEGORY-BAND: ALL
CATEGORY-MODE: MIXED
CATEGORY-POWER: UNKNOWN
CATEGORY-ASSISTED: NON-ASSISTED
CATEGORY-TRANSMITTER: ONE
CATEGORY-STATION: UNKNOWN
CATEGORY-OVERLAY: 
OPERATORS: HS0ZNV
CLAIMED-SCORE: 
CLUB: 
NAME: 
SOAPBOX: RECONSTRUCTED MOCKUP LOG - NOT AN OFFICIAL SUBMISSION.
SOAPBOX: Derived from submitted logs for CQ-WW-CW CQWW/cw/2021.
QSO:  7016 CW 2021-11-27 0207 HS0ZNV        599 26 9M2A          599 28
QSO: 14063 CW 2021-11-27 0231 HS0ZNV        599 26 JE1LFX        599 25
QSO: 14045 CW 2021-11-27 0311 HS0ZNV        599 26 7C1B          599 28
QSO: 14013 CW 2021-11-27 0319 HS0ZNV        599 26 7A2A          599 28
QSO: 14009 CW 2021-11-27 0321 HS0ZNV        599 26 3B8M          599 39
QSO: 21000 CW 2021-11-27 0327 HS0ZNV        599 26 JF2QNM        599 25
QSO: 21057 CW 2021-11-27 0330 HS0ZNV        599 26 JH1BNC        599 25
QSO: 21048 CW 2021-11-27 0331 HS0ZNV        599 26 BY6LY         599 24
QSO: 21046 CW 2021-11-27 0333 HS0ZNV        599 26 UC0A          599 18
QSO: 21031 CW 2021-11-27 0337 HS0ZNV        599 26 JA7IC         599 25
QSO: 21031 CW 2021-11-27 0340 HS0ZNV        599 26 BH3GIY        599 23
QSO: 21028 CW 2021-11-27 0342 HS0ZNV        599 26 JR2GRX        599 25
QSO: 21000 CW 2021-11-27 0344 HS0ZNV        599 26 9N7AA         599 22
QSO: 21010 CW 2021-11-27 0349 HS0ZNV        599 26 BA4TB         599 24
QSO: 21020 CW 2021-11-27 0354 HS0ZNV        599 26 R8LA          599 17
QSO: 21020 CW 2021-11-27 0357 HS0ZNV        599 26 BD5XM         599 24
QSO: 21027 CW 2021-11-27 0401 HS0ZNV        599 26 BG7SSK        599 24
QSO: 21030 CW 2021-11-27 0403 HS0ZNV        599 26 UN4L          599 17
QSO: 21035 CW 2021-11-27 0406 HS0ZNV        599 26 5Z4VJ         599 37
QSO: 21043 CW 2021-11-27 0413 HS0ZNV        599 26 UC8U          599 18
QSO: 14057 CW 2021-11-27 0422 HS0ZNV        599 26 RA9Y          599 18
QSO: 14000 CW 2021-11-27 0428 HS0ZNV        599 26 9N7AA         599 22
QSO: 14000 CW 2021-11-27 0433 HS0ZNV        599 26 4L2M          599 21
QSO: 14034 CW 2021-11-27 0439 HS0ZNV        599 26 4X1MM         599 20
QSO: 14037 CW 2021-11-27 0446 HS0ZNV        599 26 UA4M          599 16
QSO: 14012 CW 2021-11-27 0523 HS0ZNV        599 26 OL3Z          599 15
QSO: 14030 CW 2021-11-27 0527 HS0ZNV        599 26 KH6LC         599 31
QSO: 14032 CW 2021-11-27 0534 HS0ZNV        599 26 YT3X          599 15
QSO: 14034 CW 2021-11-27 0536 HS0ZNV        599 26 OF8L          599 15
QSO: 14036 CW 2021-11-27 0544 HS0ZNV        599 26 ES9C          599 15
QSO: 21004 CW 2021-11-27 0554 HS0ZNV        599 26 HS5NMF        599 26
QSO: 21011 CW 2021-11-27 0606 HS0ZNV        599 26 BD7LQM        599 24
QSO: 21011 CW 2021-11-27 0606 HS0ZNV        599 26 RM9A          599 17
QSO: 21015 CW 2021-11-27 0616 HS0ZNV        599 26 ER0DX         599 16
QSO: 21027 CW 2021-11-27 0629 HS0ZNV        599 26 BA7MT         599 24
QSO: 21036 CW 2021-11-27 0634 HS0ZNV        599 26 ES9C          599 15
QSO: 21053 CW 2021-11-27 0641 HS0ZNV        599 26 HA8FK         599 15
QSO: 21053 CW 2021-11-27 0642 HS0ZNV        599 26 9A9R          599 15
QSO: 21055 CW 2021-11-27 0648 HS0ZNV        599 26 RA9Y          599 18
QSO: 28040 CW 2021-11-27 0844 HS0ZNV        599 26 E2E           599 26
QSO: 28026 CW 2021-11-27 0850 HS0ZNV        599 26 RM2E          599 16
QSO: 28005 CW 2021-11-27 0857 HS0ZNV        599 26 UC5D          599 16
QSO: 28016 CW 2021-11-27 0904 HS0ZNV        599 26 UA3QGT        599 16
QSO: 28027 CW 2021-11-27 0910 HS0ZNV        599 26 R7LV          599 16
QSO: 28017 CW 2021-11-27 0919 HS0ZNV        599 26 LZ5R          599 20
QSO: 14000 CW 2021-11-27 0925 HS0ZNV        599 26 IZ3NYG        599 15
QSO: 14000 CW 2021-11-27 0931 HS0ZNV        599 26 DL8WEM        599 14
QSO: 14040 CW 2021-11-27 0954 HS0ZNV        599 26 DD4A          599 14
QSO: 14035 CW 2021-11-27 0957 HS0ZNV        599 26 DM0A          599 14
QSO: 14020 CW 2021-11-27 1000 HS0ZNV        599 26 SP8PAI        599 15
QSO: 14017 CW 2021-11-27 1003 HS0ZNV        599 26 PE6Q          599 14
QSO: 21058 CW 2021-11-27 1011 HS0ZNV        599 26 CR3W          599 33
QSO: 21054 CW 2021-11-27 1022 HS0ZNV        599 26 VU2XE         599 22
QSO: 28015 CW 2021-11-27 1038 HS0ZNV        599 26 VR2XAN        599 24
QSO: 28028 CW 2021-11-27 1046 HS0ZNV        599 26 BA7NO         599 24
QSO: 28025 CW 2021-11-27 1052 HS0ZNV        599 26 E2A           599 26
QSO: 28000 CW 2021-11-27 1104 HS0ZNV        599 26 VR2T          599 24
QSO: 21015 CW 2021-11-27 1107 HS0ZNV        599 26 HA3DX         599 15
QSO: 21006 CW 2021-11-27 1113 HS0ZNV        599 26 SM2U          599 14
QSO: 21002 CW 2021-11-27 1119 HS0ZNV        599 26 OQ5M          599 14
QSO: 21004 CW 2021-11-27 1122 HS0ZNV        599 26 I1NVU         599 15
QSO: 14026 CW 2021-11-27 1554 HS0ZNV        599 26 M0BEW         599 14
QSO:  7002 CW 2021-11-27 1600 HS0ZNV        599 26 N6RO          599 3
QSO:  7004 CW 2021-11-27 1604 HS0ZNV        599 26 DF0HQ         599 14
QSO:  7009 CW 2021-11-27 1606 HS0ZNV        599 26 E2A           599 26
QSO:  7010 CW 2021-11-28 0050 HS0ZNV        599 26 RT4F          599 16
QSO: 21016 CW 2021-11-28 0111 HS0ZNV        599 26 YB9DE         599 28
QSO: 21060 CW 2021-11-28 0125 HS0ZNV        599 26 9M6MI         599 28
QSO: 21055 CW 2021-11-28 0127 HS0ZNV        599 26 JA3YBK        599 25
QSO: 21031 CW 2021-11-28 0132 HS0ZNV        599 26 BD7BW         599 24
QSO: 21007 CW 2021-11-28 0137 HS0ZNV        599 26 VK6T          599 29
QSO: 21011 CW 2021-11-28 0139 HS0ZNV        599 26 BH7QP         599 24
QSO: 14026 CW 2021-11-28 0148 HS0ZNV        599 26 BG8TFN        599 24
QSO: 14016 CW 2021-11-28 0150 HS0ZNV        599 26 BA4TB         599 24
QSO: 21012 CW 2021-11-28 0154 HS0ZNV        599 26 BA7MT         599 24
QSO: 21010 CW 2021-11-28 0157 HS0ZNV        599 26 DU1VGX        599 27
QSO: 21016 CW 2021-11-28 0203 HS0ZNV        599 26 RW0A          599 18
QSO: 21021 CW 2021-11-28 0207 HS0ZNV        599 26 JT1CD         599 23
QSO: 21000 CW 2021-11-28 0216 HS0ZNV        599 26 DX9EVM        599 27
QSO: 21000 CW 2021-11-28 0219 HS0ZNV        599 26 JM4WUZ        599 25
QSO: 21029 CW 2021-11-28 0248 HS0ZNV        599 26 VU3NXI        599 22
QSO: 21045 CW 2021-11-28 0253 HS0ZNV        599 26 BH3GIY        599 23
QSO: 21037 CW 2021-11-28 0331 HS0ZNV        599 26 BD7MM         599 24
QSO: 21035 CW 2021-11-28 0333 HS0ZNV        599 26 WH7T          599 31
QSO: 21028 CW 2021-11-28 0351 HS0ZNV        599 26 3B8M          599 39
QSO: 21024 CW 2021-11-28 0407 HS0ZNV        599 26 UN0LM         599 17
QSO: 21000 CW 2021-11-28 0413 HS0ZNV        599 26 4E1AGW        599 27
QSO: 14025 CW 2021-11-28 0423 HS0ZNV        599 26 UP0L          599 17
QSO: 14030 CW 2021-11-28 0429 HS0ZNV        599 26 RT6A          599 16
QSO: 28018 CW 2021-11-28 0432 HS0ZNV        599 26 BA7QT         599 24
QSO: 28028 CW 2021-11-28 0435 HS0ZNV        599 26 BA7NO         599 24
QSO: 28032 CW 2021-11-28 0439 HS0ZNV        599 26 B7P           599 24
QSO: 21037 CW 2021-11-28 0442 HS0ZNV        599 26 RA9Y          599 18
QSO: 21050 CW 2021-11-28 0444 HS0ZNV        599 26 HS8JYX        599 26
QSO: 21040 CW 2021-11-28 0506 HS0ZNV        599 26 5Z4VJ         599 37
QSO: 21028 CW 2021-11-28 0514 HS0ZNV        599 26 UN0LM         599 17
QSO: 21022 CW 2021-11-28 0517 HS0ZNV        599 26 LZ9W          599 20
QSO: 21018 CW 2021-11-28 0520 HS0ZNV        599 26 UA6LCN        599 16
QSO: 21015 CW 2021-11-28 0523 HS0ZNV        599 26 RM9A          599 17
QSO: 28032 CW 2021-11-28 0528 HS0ZNV        599 26 RW0A          599 18
QSO: 28000 CW 2021-11-28 0530 HS0ZNV        599 26 R8US          599 18
QSO: 28037 CW 2021-11-28 0533 HS0ZNV        599 26 US2IR         599 16
QSO: 28019 CW 2021-11-28 0538 HS0ZNV        599 26 VR2XAN        599 24
QSO: 28018 CW 2021-11-28 0540 HS0ZNV        599 26 JT1CD         599 23
QSO: 28016 CW 2021-11-28 0541 HS0ZNV        599 26 UA9MA         599 17
QSO: 14009 CW 2021-11-28 0548 HS0ZNV        599 26 BH7QP         599 24
QSO: 21004 CW 2021-11-28 0817 HS0ZNV        599 26 UZ5DX         599 16
QSO: 28053 CW 2021-11-28 0837 HS0ZNV        599 26 HS5NMF        599 26
QSO: 28049 CW 2021-11-28 0842 HS0ZNV        599 26 3B8M          599 39
QSO: 28024 CW 2021-11-28 0853 HS0ZNV        599 26 HG7T          599 15
QSO: 21012 CW 2021-11-28 0901 HS0ZNV        599 26 PA1T          599 14
QSO: 21012 CW 2021-11-28 0903 HS0ZNV        599 26 PA1T          599 14
QSO: 21013 CW 2021-11-28 0904 HS0ZNV        599 26 LY5E          599 15
QSO: 21018 CW 2021-11-28 0907 HS0ZNV        599 26 LA8HGA        599 14
QSO: 21020 CW 2021-11-28 0909 HS0ZNV        599 26 RA3SI         599 16
QSO: 21021 CW 2021-11-28 0911 HS0ZNV        599 26 DA0T          599 14
QSO: 21024 CW 2021-11-28 0912 HS0ZNV        599 26 OM8CW         599 15
QSO: 21036 CW 2021-11-28 0916 HS0ZNV        599 26 DF0HQ         599 14
QSO: 21049 CW 2021-11-28 0922 HS0ZNV        599 26 HA3NU         599 15
QSO: 21055 CW 2021-11-28 0923 HS0ZNV        599 26 LY5W          599 15
QSO: 21000 CW 2021-11-28 0925 HS0ZNV        599 26 YF3FBV        599 28
QSO: 21060 CW 2021-11-28 0930 HS0ZNV        599 26 OF1F          599 15
QSO: 21062 CW 2021-11-28 0934 HS0ZNV        599 26 RL3A          599 16
QSO: 21070 CW 2021-11-28 0936 HS0ZNV        599 26 M6T           599 14
QSO: 21072 CW 2021-11-28 0938 HS0ZNV        599 26 M7O           599 14
QSO: 21093 CW 2021-11-28 0942 HS0ZNV        599 26 PA3AAV        599 14
QSO: 21095 CW 2021-11-28 0944 HS0ZNV        599 26 SM5COP        599 14
QSO: 21000 CW 2021-11-28 0952 HS0ZNV        599 26 UN7FW         599 17
QSO: 21099 CW 2021-11-28 0956 HS0ZNV        599 26 G3PJT         599 14
QSO: 21094 CW 2021-11-28 0958 HS0ZNV        599 26 LX5MF         599 14
QSO: 21089 CW 2021-11-28 1003 HS0ZNV        599 26 MI0BPB        599 14
QSO: 21072 CW 2021-11-28 1012 HS0ZNV        599 26 PA5MW         599 14
QSO: 21053 CW 2021-11-28 1020 HS0ZNV        599 26 DL5YM         599 14
QSO: 21051 CW 2021-11-28 1058 HS0ZNV        599 26 IB8A          599 15
QSO: 14096 CW 2021-11-28 1111 HS0ZNV        599 26 G0MTN         599 14
QSO: 14083 CW 2021-11-28 1113 HS0ZNV        599 26 OH2XX         599 15
QSO: 14071 CW 2021-11-28 1119 HS0ZNV        599 26 PI4COM        599 14
QSO: 14065 CW 2021-11-28 1120 HS0ZNV        599 26 TM2Y          599 14
QSO:  7004 CW 2021-11-28 1444 HS0ZNV        599 26 DF0HQ         599 14
QSO:  7006 CW 2021-11-28 1449 HS0ZNV        599 26 LN8W          599 14
QSO:  7000 CW 2021-11-28 1455 HS0ZNV        599 26 OM5WW         599 15
QSO:  7017 CW 2021-11-28 1459 HS0ZNV        599 26 OH8A          599 15
QSO:  7027 CW 2021-11-28 1504 HS0ZNV        599 26 9M2U          599 28
QSO:  7036 CW 2021-11-28 1505 HS0ZNV        599 26 7C1B          599 28
QSO:  7052 CW 2021-11-28 1510 HS0ZNV        599 26 PD1DX         599 14
END-OF-LOG:
