START-OF-LOG: 3.0
CREATED-BY: reconstructed-log-builder
CONTEST: CQ-WW-CW
CALLSIGN: ZM3T
LOCATION: 
CATEGORY: CHECKLOG
CATEGORY-OPERATOR: SINGLE-OP
CATEGORY-BAND: ALL
CATEGORY-MODE: MIXED
CATEGORY-POWER: UNKNOWN
CATEGORY-ASSISTED: NON-ASSISTED
CATEGORY-TRANSMITTER: ONE
CATEGORY-STATION: UNKNOWN
CATEGORY-OVERLAY: 
OPERATORS: ZM3T
CLAIMED-SCORE: 
CLUB: 
NAME: 
SOAPBOX: RECONSTRUCTED MOCKUP LOG - NOT AN OFFICIAL SUBMISSION.
SOAPBOX: Derived from submitted logs for CQ-WW-CW CQWW/cw/2021.
QSO: 14006 CW 2021-11-27 0436 ZM3T          599 32 DM0A          599 14
QSO: 21068 CW 2021-11-27 0641 ZM3T          599 32 RA3Y          599 16
QSO:  7000 CW 2021-11-27 1408 ZM3T          599 32 W6TMD         599 3
QSO: 21036 CW 2021-11-27 1822 ZM3T          599 32 K4PV          599 5
QSO: 21036 CW 2021-11-27 1848 ZM3T          599 32 NF0N          599 4
QSO: 14019 CW 2021-11-28 0333 ZM3T          599 32 XE1CT         599 6
QSO: 21029 CW 2021-11-28 0353 ZM3T          599 32 JP1JZR        599 25
QSO: 21009 CW 2021-11-28 0639 ZM3T          599 32 JS1DEH        599 25
QSO: 21064 CW 2021-11-28 0710 ZM3T          599 32 SP8FHK        599 15
QSO:  7000 CW 2021-11-28 0951 ZM3T          599 32 7K1JFM        599 25
QSO:  7007 CW 2021-11-28 1013 ZM3T          599 32 DU1IST        599 27
QSO: 14046 CW 2021-11-28 1226 ZM3T          599 32 DP7X          599 14
QSO: 28000 CW 2021-11-28 1832 ZM3T          599 32 K9WD          599 04
QSO: 21042 CW 2021-11-28 1855 ZM3T          599 32 N3FZ          599 5
QSO: 28029 CW 2021-11-28 2001 ZM3T          599 32 K5VR          599 04
END-OF-LOG:
