START-OF-LOG: 3.0
CREATED-BY: reconstructed-log-builder
CONTEST: WAG
CALLSIGN: YT3T
LOCATION: 
CATEGORY: CHECKLOG
CATEGORY-OPERATOR: SINGLE-OP
CATEGORY-BAND: ALL
CATEGORY-MODE: MIXED
CATEGORY-POWER: UNKNOWN
CATEGORY-ASSISTED: NON-ASSISTED
CATEGORY-TRANSMITTER: ONE
CATEGORY-STATION: UNKNOWN
CATEGORY-OVERLAY: 
OPERATORS: YT3T
CLAIMED-SCORE: 
CLUB: 
NAME: 
SOAPBOX: RECONSTRUCTED MOCKUP LOG - NOT AN OFFICIAL SUBMISSION.
SOAPBOX: Derived from submitted logs for WAG DARC/WAG/2019.
QSO:  3722 PH 2019-10-19 2231 YT3T          59 001 DL1ATZ        59 X23
QSO:  3725 PH 2019-10-19 2232 YT3T          59 2 DL2SAX        59 P05
QSO:  3728 PH 2019-10-19 2234 YT3T          59 003 DP6T          59 F49
QSO:  3735 PH 2019-10-19 2237 YT3T          59 004 DK0TU         59 D01
QSO:  3738 PH 2019-10-19 2238 YT3T          59 005 DA0CCC        59 D23
QSO:  3754 PH 2019-10-19 2250 YT3T          59 006 DG1ATN        59 X34
QSO:  3500 PH 2019-10-19 2256 YT3T          59 007 DK2YL         59 Q05
QSO:  3500 PH 2019-10-19 2257 YT3T          59 008 DK8R          59 Q05
QSO:  3600 PH 2019-10-19 2258 YT3T          59 009 DL1EBN        59 L23
QSO:  3788 PH 2019-10-19 2259 YT3T          59 010 DM5B          59 Y26
END-OF-LOG:
