START-OF-LOG: 3.0
CREATED-BY: vhfmanager-downloader
CONTEST: ZRS julijsko UKV tekmovanje - Official results - VHFManager
CALLSIGN: DJ7R
CATEGORY: 145 MHz - Generated log
CATEGORY-OPERATOR: SINGLE-OP
CATEGORY-ASSISTED: NON-ASSISTED
CATEGORY-TRANSMITTER: ONE
CATEGORY-STATION: FIXED
QSO: 144300 PH 2015-07-04 1727 DJ7R          2   JN59UK JN59JK DJ7R          SSB DA0FF 59  
QSO: 144300 PH 2015-07-04 1729 DJ7R          3   JN59UK JN59JK DJ7R          SSB OK1KFH 59 
QSO: 144300 PH 2015-07-04 1730 DJ7R          4   JN59UK JN59JK DJ7R          SSB OL7C 59   
QSO: 144300 PH 2015-07-04 1731 DJ7R          5   JN59UK JN59JK DJ7R          SSB OE5D 59   
QSO: 144300 PH 2015-07-04 1733 DJ7R          6   JN59UK JN59JK DJ7R          SSB S59R 59   
QSO: 144300 PH 2015-07-04 1734 DJ7R          7   JN59UK JN59JK DJ7R          CW  SN7L 59   
QSO: 144300 PH 2015-07-04 1736 DJ7R          9   JN59UK JN59JK DJ7R          SSB OE5LHM/P 59
QSO: 144300 PH 2015-07-04 1739 DJ7R          10  JN59UK JN59JK DJ7R          SSB DL0NF 59  
QSO: 144300 PH 2015-07-04 1740 DJ7R          11  JN59UK JN59JK DJ7R          SSB F4HJC/P 59
QSO: 144300 PH 2015-07-04 1744 DJ7R          13  JN59UK JN59JK DJ7R          SSB OK1KJO 59 
QSO: 144300 PH 2015-07-04 1746 DJ7R          14  JN59UK JN59JK DJ7R          SSB DA0HQ 59  
QSO: 144300 PH 2015-07-04 1746 DJ7R          15  JN59UK JN59JK DJ7R          SSB OK7O 59   
QSO: 144300 PH 2015-07-04 1750 DJ7R          16  JN59UK JN59JK DJ7R          SSB DK0NA 59  
QSO: 144300 PH 2015-07-04 1752 DJ7R          17  JN59UK JN59JK DJ7R          SSB OK1KQH 59 
QSO: 144300 PH 2015-07-04 1756 DJ7R          18  JN59UK JN59JK DJ7R          SSB OL4A 59   
QSO: 144300 PH 2015-07-04 1756 DJ7R          19  JN59UK JN59JK DJ7R          SSB F8KID 59  
QSO: 144300 PH 2015-07-04 1757 DJ7R          20  JN59UK JN59JK DJ7R          SSB DL0LN 59  
QSO: 144300 PH 2015-07-04 1759 DJ7R          21  JN59UK JN59JK DJ7R          SSB DR1H 59   
QSO: 144300 PH 2015-07-04 1802 DJ7R          22  JN59UK JN59JK DJ7R          SSB S57O 59   
QSO: 144300 PH 2015-07-04 1805 DJ7R          23  JN59UK JN59JK DJ7R          SSB HA6W 59   
QSO: 144300 PH 2015-07-04 1808 DJ7R          25  JN59UK JN59JK DJ7R          SSB OL2J 59   
QSO: 144300 PH 2015-07-04 1808 DJ7R          26  JN59UK JN59JK DJ7R          SSB OM3W 59   
QSO: 144300 PH 2015-07-04 1809 DJ7R          27  JN59UK JN59JK DJ7R          SSB OK2EZ 59  
QSO: 144300 PH 2015-07-04 1813 DJ7R          28  JN59UK JN59JK DJ7R          SSB S59P 59   
QSO: 144300 PH 2015-07-04 1814 DJ7R          29  JN59UK JN59JK DJ7R          SSB HA5KDQ 59 
QSO: 144300 PH 2015-07-04 1816 DJ7R          30  JN59UK JN59JK DJ7R          SSB OK2KLD 59 
QSO: 144300 PH 2015-07-04 1817 DJ7R          31  JN59UK JN59JK DJ7R          SSB OL7M 59   
QSO: 144300 PH 2015-07-04 1820 DJ7R          32  JN59UK JN59JK DJ7R          SSB DL5YWM 59 
QSO: 144300 PH 2015-07-04 1824 DJ7R          34  JN59UK JN59JK DJ7R          SSB DR3A 59   
QSO: 144300 PH 2015-07-04 1826 DJ7R          35  JN59UK JN59JK DJ7R          SSB DL0DLE 59 
QSO: 144300 PH 2015-07-04 1831 DJ7R          36  JN59UK JN59JK DJ7R          SSB F6KSD/P 59
QSO: 144300 PH 2015-07-04 1834 DJ7R          37  JN59UK JN59JK DJ7R          SSB OK1OPT 59 
QSO: 144300 PH 2015-07-04 1836 DJ7R          38  JN59UK JN59JK DJ7R          SSB DH1GAP 59 
QSO: 144300 PH 2015-07-04 1837 DJ7R          39  JN59UK JN59JK DJ7R          SSB DK0IR 59  
QSO: 144300 PH 2015-07-04 1841 DJ7R          40  JN59UK JN59JK DJ7R          SSB OK1KHL 59 
QSO: 144300 PH 2015-07-04 1841 DJ7R          41  JN59UK JN59JK DJ7R          SSB OM4C 59   
QSO: 144300 PH 2015-07-04 1844 DJ7R          42  JN59UK JN59JK DJ7R          SSB SP9UOP 59 
QSO: 144300 PH 2015-07-04 1843 DJ7R          43  JN59UK JN59JK DJ7R          SSB DO1CS 59  
QSO: 144300 PH 2015-07-04 1845 DJ7R          44  JN59UK JN59JK DJ7R          SSB DF1NAB 59 
QSO: 144300 PH 2015-07-04 1845 DJ7R          45  JN59UK JN59JK DJ7R          SSB OM3RRC 59 
QSO: 144300 PH 2015-07-04 1846 DJ7R          46  JN59UK JN59JK DJ7R          SSB OK2KOL 59 
QSO: 144300 PH 2015-07-04 1847 DJ7R          48  JN59UK JN59JK DJ7R          SSB OM6W 59   
QSO: 144300 PH 2015-07-04 1848 DJ7R          49  JN59UK JN59JK DJ7R          SSB DN4MZ 59  
QSO: 144300 PH 2015-07-04 1848 DJ7R          50  JN59UK JN59JK DJ7R          SSB DH1DX 59  
QSO: 144300 PH 2015-07-04 1849 DJ7R          51  JN59UK JN59JK DJ7R          SSB OK1KOB 59 
QSO: 144300 PH 2015-07-04 1850 DJ7R          53  JN59UK JN59JK DJ7R          SSB OK1VVP 59 
QSO: 144300 PH 2015-07-04 1851 DJ7R          54  JN59UK JN59JK DJ7R          SSB OK5T 59   
QSO: 144300 PH 2015-07-04 1852 DJ7R          55  JN59UK JN59JK DJ7R          SSB OK1KFX 59 
QSO: 144300 PH 2015-07-04 1852 DJ7R          56  JN59UK JN59JK DJ7R          SSB DJ2IT 59  
QSO: 144300 PH 2015-07-04 1854 DJ7R          58  JN59UK JN59JK DJ7R          SSB SP6HED 59 
QSO: 144300 PH 2015-07-04 1901 DJ7R          63  JO50UK JN59JK DJ7R          SSB OK1KCB 59 
QSO: 144300 PH 2015-07-04 1902 DJ7R          64  JN59UK JN59JK DJ7R          SSB DM3HZN 59 
QSO: 144300 PH 2015-07-04 1904 DJ7R          65  JN59UK JN59JK DJ7R          SSB PA4VHF 59 
QSO: 144300 PH 2015-07-04 1905 DJ7R          66  JN59UK JN59JK DJ7R          SSB DL9NDP 59 
QSO: 144300 PH 2015-07-04 1907 DJ7R          67  JN59UK JN59JK DJ7R          SSB DO7NHK 59 
QSO: 144300 PH 2015-07-04 1907 DJ7R          68  JN59UK JN59JK DJ7R          SSB DL1RIO/P 59
QSO: 144300 PH 2015-07-04 1909 DJ7R          69  JN59UK JN59JK DJ7R          SSB OK6T 59   
QSO: 144300 PH 2015-07-04 1914 DJ7R          70  JN59UK JN59JK DJ7R          SSB OK1ANP 59 
QSO: 144300 PH 2015-07-04 1914 DJ7R          71  JN59UK JN59JK DJ7R          SSB DL2DRG 59 
QSO: 144300 PH 2015-07-04 1916 DJ7R          73  JN59UK JN59JK DJ7R          SSB OK1KQI 59 
QSO: 144300 PH 2015-07-04 1919 DJ7R          75  JN59UK JN59JK DJ7R          SSB S52LY 59  
QSO: 144300 PH 2015-07-04 1919 DJ7R          76  JN59UK JN59JK DJ7R          SSB OK1DPO 59 
QSO: 144300 PH 2015-07-04 1920 DJ7R          77  JN59UK JN59JK DJ7R          SSB OK7CM 59  
QSO: 144300 PH 2015-07-04 1920 DJ7R          78  JN59UK JN59JK DJ7R          SSB DL8VL 59  
QSO: 144300 PH 2015-07-04 1931 DJ7R          83  JN59UK JN59JK DJ7R          SSB OK1VSJ 59 
QSO: 144300 PH 2015-07-04 1934 DJ7R          86  JN59UK JN59JK DJ7R          SSB DJ0ACB 59 
QSO: 144300 PH 2015-07-04 1936 DJ7R          88  JN59UK JN59JK DJ7R          SSB IK3UNA 59 
QSO: 144300 PH 2015-07-04 1938 DJ7R          90  JN59UK JN59JK DJ7R          SSB DO1JWZ 59 
QSO: 144300 PH 2015-07-04 1942 DJ7R          91  JN59UK JN59JK DJ7R          SSB DK6RS 59  
QSO: 144300 PH 2015-07-04 1948 DJ7R          94  JN59UK JN59JK DJ7R          SSB OK1KAD 59 
QSO: 144300 PH 2015-07-04 1949 DJ7R          96  JN59UK JN59JK DJ7R          SSB OK1OAZ 59 
QSO: 144300 PH 2015-07-04 1949 DJ7R          97  JN59UK JN59JK DJ7R          SSB OK1FUK 59 
QSO: 144300 PH 2015-07-04 1954 DJ7R          99  JN59UK JN59JK DJ7R          SSB DL3DQL 59 
QSO: 144300 PH 2015-07-04 1959 DJ7R          102 JN59UK JN59JK DJ7R          SSB DO1GPP 59 
QSO: 144300 PH 2015-07-04 2000 DJ7R          104 JN59UK JN59JK DJ7R          SSB DL4MW 59  
QSO: 144300 PH 2015-07-04 2001 DJ7R          105 JN59UK JN59JK DJ7R          SSB DL5MO 59  
QSO: 144300 PH 2015-07-04 2007 DJ7R          110 JN59UK JN59JK DJ7R          SSB OK2KAT 59 
QSO: 144300 PH 2015-07-04 2011 DJ7R          111 JN59UK JN59JK DJ7R          SSB OL2C 59   
QSO: 144300 PH 2015-07-04 2012 DJ7R          112 JN59UK JN59JK DJ7R          SSB DF0MU 59  
QSO: 144300 PH 2015-07-04 2013 DJ7R          113 JN59UK JN59JK DJ7R          SSB OK1RCA 59 
QSO: 144300 PH 2015-07-04 2015 DJ7R          114 JN59UK JN59JK DJ7R          SSB DL0AC 59  
QSO: 144300 PH 2015-07-04 2017 DJ7R          115 JN59UK JN59JK DJ7R          SSB DL8AAV 59 
QSO: 144300 PH 2015-07-04 2018 DJ7R          117 JN59UK JN59JK DJ7R          SSB DM5WF 59  
QSO: 144300 PH 2015-07-04 2020 DJ7R          118 JN59UK JN59JK DJ7R          SSB DK4UF 59  
QSO: 144300 PH 2015-07-04 2021 DJ7R          119 JN59UK JN59JK DJ7R          SSB OK1KJV 59 
QSO: 144300 PH 2015-07-04 2022 DJ7R          120 JN59UK JN59JK DJ7R          SSB OK1KUO 59 
QSO: 144300 PH 2015-07-04 2025 DJ7R          121 JN59UK JN59JK DJ7R          SSB DG6CAU 59 
QSO: 144300 PH 2015-07-04 2024 DJ7R          122 JN59UK JN59JK DJ7R          SSB OK2KWS 59 
QSO: 144300 PH 2015-07-04 2025 DJ7R          123 JN59UK JN59JK DJ7R          SSB DK5AJ 59  
QSO: 144300 PH 2015-07-04 2026 DJ7R          124 JN59UK JN59JK DJ7R          SSB OE1W 59   
QSO: 144300 PH 2015-07-04 2031 DJ7R          126 JN59UK JN59JK DJ7R          SSB HA7MB 59  
QSO: 144300 PH 2015-07-04 2032 DJ7R          127 JN69UK JN59JK DJ7R          SSB YO5DND 59 
QSO: 144300 PH 2015-07-04 2033 DJ7R          128 JN59UK JN59JK DJ7R          SSB OM3RLA 59 
QSO: 144300 PH 2015-07-04 2034 DJ7R          129 JN59UK JN59JK DJ7R          SSB OK2UUJ 59 
QSO: 144300 PH 2015-07-04 2038 DJ7R          131 JN59UK JN59JK DJ7R          SSB OK2OHA 59 
QSO: 144300 PH 2015-07-04 2043 DJ7R          135 JN59UK JN59JK DJ7R          SSB OK1KSD 59 
QSO: 144300 PH 2015-07-04 2044 DJ7R          136 JN59UK JN59JK DJ7R          SSB OK2KGU 59 
QSO: 144300 PH 2015-07-04 2047 DJ7R          137 JN59UK JN59JK DJ7R          SSB OK2KFK 59 
QSO: 144300 PH 2015-07-04 2052 DJ7R          140 JN59UK JN59JK DJ7R          SSB DL3DTH 59 
QSO: 144300 PH 2015-07-04 2053 DJ7R          142 JN59UK JN59JK DJ7R          SSB OK1IAP 59 
QSO: 144300 PH 2015-07-04 2055 DJ7R          143 JN59UK JN59JK DJ7R          SSB OK1VAV 59 
QSO: 144300 PH 2015-07-04 2056 DJ7R          145 JN59UK JN59JK DJ7R          SSB DJ7HC 59  
QSO: 144300 PH 2015-07-04 2003 DJ7R          147 JN59UK JN59JK DJ7R          SSB OM3TGE 59 
QSO: 144300 PH 2015-07-04 2058 DJ7R          147 JN59UK JN59JK DJ7R          SSB DG3RAP 59 
QSO: 144300 PH 2015-07-04 2059 DJ7R          148 JN59UK JN59JK DJ7R          SSB OK1TRW 59 
QSO: 144300 PH 2015-07-04 2059 DJ7R          149 JN59UK JN59JK DJ7R          SSB DF0SX 59  
QSO: 144300 PH 2015-07-04 2100 DJ7R          150 JN59UK JN59JK DJ7R          SSB DM4TNF 59 
QSO: 144300 PH 2015-07-04 2102 DJ7R          151 JN59UK JN59JK DJ7R          SSB DG1DTL 59 
QSO: 144300 PH 2015-07-04 2103 DJ7R          152 JN59UK JN59JK DJ7R          SSB DO6EBB/P 59
QSO: 144300 PH 2015-07-04 2104 DJ7R          153 JN59UK JN59JK DJ7R          SSB HB65AG 59 
QSO: 144300 PH 2015-07-04 2123 DJ7R          154 JN59UK JN59JK DJ7R          SSB OL1B 59   
QSO: 144300 PH 2015-07-04 2125 DJ7R          155 JN59UK JN59JK DJ7R          SSB DL1FAR 59 
QSO: 144300 PH 2015-07-04 2137 DJ7R          158 JN59UK JN59JK DJ7R          SSB OK1VRY 59 
QSO: 144300 PH 2015-07-04 2140 DJ7R          159 JN59UK JN59JK DJ7R          SSB OK2IGL 59 
QSO: 144300 PH 2015-07-04 2140 DJ7R          160 JN59UK JN59JK DJ7R          SSB DK2CB 59  
QSO: 144300 PH 2015-07-04 2143 DJ7R          161 JN59UK JN59JK DJ7R          SSB DH2SRM 59 
QSO: 144300 PH 2015-07-04 2046 DJ7R          162 JN59UK JN59JK DJ7R          SSB OK5N 59   
QSO: 144300 PH 2015-07-04 2151 DJ7R          164 JN59UK JN59JK DJ7R          SSB DL0WR 59  
QSO: 144300 PH 2015-07-04 2152 DJ7R          166 JN59UK JN59JK DJ7R          SSB DL6NAL 59 
QSO: 144300 PH 2015-07-04 2154 DJ7R          168 JN59UK JN59JK DJ7R          SSB HA7NS 59  
QSO: 144300 PH 2015-07-04 2157 DJ7R          169 JN59UK JN59JK DJ7R          SSB OM3WOR 59 
QSO: 144300 PH 2015-07-04 2201 DJ7R          170 JN59UK JN59JK DJ7R          SSB I5PVA/6 59
QSO: 144300 PH 2015-07-04 2207 DJ7R          172 JN59UK JN59JK DJ7R          SSB OK1KWV 59 
QSO: 144300 PH 2015-07-04 2220 DJ7R          175 JN59UK JN59JK DJ7R          SSB OK/ER1LW 59
QSO: 144300 PH 2015-07-04 2223 DJ7R          176 JN59UK JN59JK DJ7R          SSB DJ7FM 59  
QSO: 144300 PH 2015-07-04 2224 DJ7R          178 JN59UK JN59JK DJ7R          SSB OK2KOJ 59 
QSO: 144300 PH 2015-07-04 2228 DJ7R          179 JN59UK JN59JK DJ7R          SSB OM7M 59   
QSO: 144300 PH 2015-07-04 2244 DJ7R          182 JN59UK JN59JK DJ7R          SSB DH0F 59   
QSO: 144300 PH 2015-07-04 2248 DJ7R          183 JN59UK JN59JK DJ7R          SSB OK1FIG 59 
QSO: 144300 PH 2015-07-04 2249 DJ7R          184 JN59UK JN59JK DJ7R          SSB DL0HTW 59 
QSO: 144300 PH 2015-07-04 2255 DJ7R          186 JN59UK JN59JK DJ7R          unkn OM6A 59   
QSO: 144300 PH 2015-07-04 2259 DJ7R          187 JN59UK JN59JK DJ7R          SSB HB9CC 59  
QSO: 144300 PH 2015-07-04 2305 DJ7R          188 JN59UK JN59JK DJ7R          SSB F5OOM/P 59
QSO: 144300 PH 2015-07-04 2310 DJ7R          189 JN59UK JN59JK DJ7R          SSB OM5AW 59  
QSO: 144300 PH 2015-07-04 2313 DJ7R          190 JN59UK JN59JK DJ7R          SSB DC1NNN 59 
QSO: 144300 PH 2015-07-04 2319 DJ7R          191 JN59UK JN59JK DJ7R          SSB OL4N 59   
QSO: 144300 PH 2015-07-04 2323 DJ7R          192 JN59UK JN59JK DJ7R          SSB HG1Z 59   
QSO: 144300 PH 2015-07-04 2350 DJ7R          196 JN59UK JN59JK DJ7R          SSB I1AXE 59  
QSO: 144300 PH 2015-07-04 2354 DJ7R          197 JN59UK JN59JK DJ7R          SSB DK1KC/P 59
QSO: 144300 PH 2015-07-05 0005 DJ7R          199 JN59UK JN59JK DJ7R          SSB OK1KMP 59 
QSO: 144300 PH 2015-07-05 0012 DJ7R          200 JN59UK JN59JK DJ7R          SSB S57M 59   
QSO: 144300 PH 2015-07-05 0018 DJ7R          201 JN59UK JN59JK DJ7R          SSB S53D 59   
QSO: 144300 PH 2015-07-05 0021 DJ7R          202 JN59UK JN59JK DJ7R          SSB S59DEM 59 
QSO: 144300 PH 2015-07-05 0023 DJ7R          203 JN59UK JN59JK DJ7R          SSB OK1AXG 59 
QSO: 144300 PH 2015-07-05 0020 DJ7R          204 JN59UK JN59JK DJ7R          SSB OK1KVR 59 
QSO: 144300 PH 2015-07-05 0022 DJ7R          205 JN59UK JN59JK DJ7R          SSB DL7ANR 59 
QSO: 144300 PH 2015-07-05 0025 DJ7R          206 JN59UK JN59JK DJ7R          SSB OK1KHA 59 
QSO: 144300 PH 2015-07-05 0027 DJ7R          208 JN59UK JN59JK DJ7R          SSB OL9W 59   
QSO: 144300 PH 2015-07-05 0029 DJ7R          209 JN59UK JN59JK DJ7R          SSB OK2SS 59  
QSO: 144300 PH 2015-07-05 0029 DJ7R          210 JN59UK JN59JK DJ7R          SSB S53O 59   
QSO: 144300 PH 2015-07-05 0032 DJ7R          212 JN59UK JN59JK DJ7R          SSB OK1UYR 59 
QSO: 144300 PH 2015-07-05 0034 DJ7R          213 JN59UK JN59JK DJ7R          SSB SP9GFY 59 
QSO: 144300 PH 2015-07-05 0035 DJ7R          214 JN59UK JN59JK DJ7R          SSB OK2TKE 59 
QSO: 144300 PH 2015-07-05 0036 DJ7R          215 JN59JK JN59JK DJ7R          SSB OK1KAI 59 
QSO: 144300 PH 2015-07-05 0037 DJ7R          216 JN59UK JN59JK DJ7R          SSB HG3X 59   
QSO: 144300 PH 2015-07-05 0041 DJ7R          217 JN59UK JN59JK DJ7R          SSB OK2KCN 59 
QSO: 144300 PH 2015-07-05 0040 DJ7R          218 JN59UK JN59JK DJ7R          SSB 9A5G 59   
QSO: 144300 PH 2015-07-05 0042 DJ7R          219 JN59UK JN59JK DJ7R          SSB OK6TT 59  
QSO: 144300 PH 2015-07-05 0050 DJ7R          221 JN59UK JN59JK DJ7R          SSB DG0PF 59  
QSO: 144300 PH 2015-07-05 0051 DJ7R          222 JN59UK JN59JK DJ7R          SSB DL7AU/P 59
QSO: 144300 PH 2015-07-05 0050 DJ7R          223 JN59UK JN59JK DJ7R          SSB DG6IMR 59 
QSO: 144300 PH 2015-07-05 0052 DJ7R          224 JN59UK JN59JK DJ7R          SSB DK6HA 59  
QSO: 144300 PH 2015-07-05 0100 DJ7R          226 JN59UK JN59JK DJ7R          SSB DH8BQA 59 
QSO: 144300 PH 2015-07-05 0108 DJ7R          228 JN59UK JN59JK DJ7R          SSB DO2AMS 59 
QSO: 144300 PH 2015-07-05 0114 DJ7R          229 JN59UK JN59JK DJ7R          SSB HB9N 59   
QSO: 144300 PH 2015-07-05 0117 DJ7R          230 JN59UK JN59JK DJ7R          SSB DP4D 59   
QSO: 144300 PH 2015-07-05 0121 DJ7R          231 JN59UK JN59JK DJ7R          SSB OM3KII 59 
QSO: 144300 PH 2015-07-05 0139 DJ7R          233 JN59UK JN59JK DJ7R          SSB OM3RJB 59 
QSO: 144300 PH 2015-07-05 0145 DJ7R          234 JN59UK JN59JK DJ7R          SSB OK1RAR 59 
QSO: 144300 PH 2015-07-05 0157 DJ7R          235 JN59UK JN59JK DJ7R          SSB DO4FNM 59 
QSO: 144300 PH 2015-07-05 0204 DJ7R          237 JN59UK JN59JK DJ7R          SSB DF0GEB 59 
QSO: 144300 PH 2015-07-05 0559 DJ7R          238 JN59UK JN59JK DJ7R          SSB F6KFH 59  
QSO: 144300 PH 2015-07-05 0614 DJ7R          239 JN59UK JN59JK DJ7R          SSB YT1X 59   
QSO: 144300 PH 2015-07-05 0621 DJ7R          240 JN59UK JN59JK DJ7R          SSB DL65DARC 59
QSO: 144300 PH 2015-07-05 0623 DJ7R          241 JN59UK JN59JK DJ7R          SSB DO7ML 59  
QSO: 144300 PH 2015-07-05 0624 DJ7R          242 JN59UK JN59JK DJ7R          SSB OK1VUB 59 
QSO: 144300 PH 2015-07-05 0625 DJ7R          243 JN59UK JN59JK DJ7R          SSB DO1PCD 59 
QSO: 144300 PH 2015-07-05 0634 DJ7R          245 JN59UK JN59JK DJ7R          SSB OL4W 59   
QSO: 144300 PH 2015-07-05 0638 DJ7R          246 JN59UK JN59JK DJ7R          SSB DK2LB 59  
QSO: 144300 PH 2015-07-05 0648 DJ7R          252 JN59UK JN59JK DJ7R          SSB DL3VL 59  
QSO: 144300 PH 2015-07-05 0649 DJ7R          253 JN59UK JN59JK DJ7R          SSB DG1LE 59  
QSO: 144300 PH 2015-07-05 0650 DJ7R          254 JN59UK JN59JK DJ7R          SSB DL0WRTC 59
QSO: 144300 PH 2015-07-05 0650 DJ7R          255 JN59UK JN59JK DJ7R          SSB HB9CQL 59 
QSO: 144300 PH 2015-07-05 0652 DJ7R          256 JN59UK JN59JK DJ7R          SSB DL1RTL 59 
QSO: 144300 PH 2015-07-05 0702 DJ7R          258 JN59UK JN59JK DJ7R          SSB OM7AC 59  
QSO: 144300 PH 2015-07-05 0702 DJ7R          260 JN59UK JN59JK DJ7R          SSB OK2VLT 59 
QSO: 144300 PH 2015-07-05 0708 DJ7R          264 JN59UK JN59JK DJ7R          SSB OK1KEO 59 
QSO: 144300 PH 2015-07-05 0714 DJ7R          265 JN59UK JN59JK DJ7R          SSB DF0YY 59  
QSO: 144300 PH 2015-07-05 0716 DJ7R          265 JN59UK JN59JK DJ7R          SSB DL4WA 59  
QSO: 144300 PH 2015-07-05 0718 DJ7R          267 JN59UK JN59JK DJ7R          SSB DL0FTL 59 
QSO: 144300 PH 2015-07-05 0723 DJ7R          270 JN59UK JN59JK DJ7R          SSB OE6KME/P 59
QSO: 144300 PH 2015-07-05 0728 DJ7R          271 JN59UK JN59JK DJ7R          SSB DK0GHC 59 
QSO: 144300 PH 2015-07-05 0729 DJ7R          272 JN59UK JN59JK DJ7R          SSB DG9DBH 59 
QSO: 144300 PH 2015-07-05 0731 DJ7R          274 JN59UK JN59JK DJ7R          SSB DM3HA 59  
QSO: 144300 PH 2015-07-05 0731 DJ7R          275 JN59UK JN59JK DJ7R          SSB OK2KYZ 59 
QSO: 144300 PH 2015-07-05 0732 DJ7R          276 JN59UK JN59JK DJ7R          SSB OK2KOE 59 
QSO: 144300 PH 2015-07-05 0733 DJ7R          277 JN59UK JN59JK DJ7R          SSB OM3KMA 59 
QSO: 144300 PH 2015-07-05 0734 DJ7R          278 JN59UK JN59JK DJ7R          SSB OK2UPG 59 
QSO: 144300 PH 2015-07-05 0741 DJ7R          279 JN59UK JN59JK DJ7R          SSB DL1JGG 59 
QSO: 144300 PH 2015-07-05 0740 DJ7R          282 JN59UK JN59JK DJ7R          SSB DH9DX/P 59
QSO: 144300 PH 2015-07-05 0740 DJ7R          283 JN59UK JN59JK DJ7R          SSB DL6MHW 59 
QSO: 144300 PH 2015-07-05 0740 DJ7R          284 JN59UK JN59JK DJ7R          SSB DH8WG 59  
QSO: 144300 PH 2015-07-05 0746 DJ7R          285 JN59UK JN59JK DJ7R          SSB OM3TZZ 59 
QSO: 144300 PH 2015-07-05 0752 DJ7R          287 JN59UK JN59JK DJ7R          SSB OL1Z 59   
QSO: 144300 PH 2015-07-05 0803 DJ7R          289 JN59UK JN59JK DJ7R          SSB DL6UJH 59 
QSO: 144300 PH 2015-07-05 0803 DJ7R          290 JN59UK JN59JK DJ7R          SSB DF0WF 59  
QSO: 144300 PH 2015-07-05 0806 DJ7R          292 JN59UK JN59JK DJ7R          SSB DL2RWM 59 
QSO: 144300 PH 2015-07-05 0807 DJ7R          293 JN59UK JN59JK DJ7R          SSB DL8FA 59  
QSO: 144300 PH 2015-07-05 0813 DJ7R          296 JN59UK JN59JK DJ7R          SSB I2AT 59   
QSO: 144300 PH 2015-07-05 0817 DJ7R          298 JN59UK JN59JK DJ7R          SSB DM3W 59   
QSO: 144300 PH 2015-07-05 0820 DJ7R          299 JN59UK JN59JK DJ7R          SSB OM3WDB 59 
QSO: 144300 PH 2015-07-05 0819 DJ7R          301 JN59UK JN59JK DJ7R          SSB HA8JP 59  
QSO: 144300 PH 2015-07-05 0825 DJ7R          302 JN59UK JN59JK DJ7R          SSB DH1NAS 59 
QSO: 144300 PH 2015-07-05 0828 DJ7R          303 JN59UK JN59JK DJ7R          SSB OK1OHK 59 
QSO: 144300 PH 2015-07-05 0828 DJ7R          304 JN59UK JN59JK DJ7R          SSB OK2MAJ 59 
QSO: 144300 PH 2015-07-05 0831 DJ7R          306 JN59UK JN59JK DJ7R          SSB OM3TIX 59 
QSO: 144300 PH 2015-07-05 0833 DJ7R          307 JN59UK JN59JK DJ7R          SSB OM2DT 59  
QSO: 144300 PH 2015-07-05 0832 DJ7R          308 JN59UK JN59JK DJ7R          SSB OK2OAS 59 
QSO: 144300 PH 2015-07-05 0834 DJ7R          309 JN59UK JN59JK DJ7R          SSB OK2RTI 59 
QSO: 144300 PH 2015-07-05 0837 DJ7R          311 JN59UK JN59JK DJ7R          SSB HA5OO 59  
QSO: 144300 PH 2015-07-05 0841 DJ7R          313 JN59UK JN59JK DJ7R          SSB OK2ZA 59  
QSO: 144300 PH 2015-07-05 0842 DJ7R          314 JN59UK JN59JK DJ7R          SSB OM/HA6PJ 59
QSO: 144300 PH 2015-07-05 0858 DJ7R          316 JN59UK JN59JK DJ7R          SSB DO6UL/P 59
QSO: 144300 PH 2015-07-05 0901 DJ7R          317 JN59UK JN59JK DJ7R          SSB OM3KHU 59 
QSO: 144300 PH 2015-07-05 0901 DJ7R          318 JN59UK JN59JK DJ7R          SSB DL9NDA 59 
QSO: 144300 PH 2015-07-05 0903 DJ7R          320 JN59UK JN59JK DJ7R          SSB OL7G 59   
QSO: 144300 PH 2015-07-05 0902 DJ7R          321 JO50UK JN59JK DJ7R          SSB OK2KYD 59 
QSO: 144300 PH 2015-07-05 0904 DJ7R          322 JN59UK JN59JK DJ7R          SSB OK2RAS 59 
QSO: 144300 PH 2015-07-05 0905 DJ7R          323 JN59UK JN59JK DJ7R          SSB I3LGP 59  
QSO: 144300 PH 2015-07-05 0905 DJ7R          324 JN59UK JN59JK DJ7R          SSB DM4KR 59  
QSO: 144300 PH 2015-07-05 0907 DJ7R          326 JN59UK JN59JK DJ7R          SSB OK2KOP 59 
QSO: 144300 PH 2015-07-05 0908 DJ7R          327 JN59UK JN59JK DJ7R          SSB OM7KW 59  
QSO: 144300 PH 2015-07-05 0911 DJ7R          328 JN59UK JN59JK DJ7R          SSB OM3KDX 59 
QSO: 144300 PH 2015-07-05 0911 DJ7R          329 JN59UK JN59JK DJ7R          SSB DL0MOL 59 
QSO: 144300 PH 2015-07-05 0912 DJ7R          330 JN59UK JN59JK DJ7R          SSB DA2T 59   
QSO: 144300 PH 2015-07-05 0913 DJ7R          332 JN59UK JN59JK DJ7R          SSB DL5DWF 59 
QSO: 144300 PH 2015-07-05 0919 DJ7R          333 JN59UK JN59JK DJ7R          SSB DL1SUZ 59 
QSO: 144300 PH 2015-07-05 0922 DJ7R          334 JN59UK JN59JK DJ7R          SSB DB1HGV 59 
QSO: 144300 PH 2015-07-05 0927 DJ7R          336 JN59UK JN59JK DJ7R          SSB DC1LEX 59 
QSO: 144300 PH 2015-07-05 0928 DJ7R          337 JN59UK JN59JK DJ7R          SSB DL5YM 59  
QSO: 144300 PH 2015-07-05 0929 DJ7R          338 JN59UK JN59JK DJ7R          SSB DL1HRE 59 
QSO: 144300 PH 2015-07-05 0925 DJ7R          339 JN59UK JN59JK DJ7R          SSB OK1DPV 59 
QSO: 144300 PH 2015-07-05 0931 DJ7R          339 JN59UK JN59JK DJ7R          SSB OM3KTR 59 
QSO: 144300 PH 2015-07-05 0940 DJ7R          343 JN59UK JN59JK DJ7R          SSB DF0AP 59  
QSO: 144300 PH 2015-07-05 0942 DJ7R          345 JN59UK JN59JK DJ7R          SSB DD7EQ 59  
QSO: 144300 PH 2015-07-05 0943 DJ7R          348 JN59UK JN59JK DJ7R          SSB OK2WYK 59 
QSO: 144300 PH 2015-07-05 0949 DJ7R          350 JN59UK JN59JK DJ7R          SSB OK2KYK 59 
QSO: 144300 PH 2015-07-05 0955 DJ7R          351 JN59UK JN59JK DJ7R          SSB DK0IL/P 59
QSO: 144300 PH 2015-07-05 0955 DJ7R          352 JN59UK JN59JK DJ7R          SSB 9A0V 59   
QSO: 144300 PH 2015-07-05 0957 DJ7R          353 JN59UK JN59JK DJ7R          SSB OK2R 59   
QSO: 144300 PH 2015-07-05 0959 DJ7R          354 JN59UK JN59JK DJ7R          SSB 9A2YF 59  
QSO: 144300 PH 2015-07-05 0810 DJ7R          374 JN59UK JN59JK DJ7R          SSB IQ4AX 59  
END-OF-LOG:
