START-OF-LOG: 3.0
CREATED-BY: reconstructed-log-builder
CONTEST: CQ-WW-SSB
CALLSIGN: JK7UST
LOCATION: 
CATEGORY: CHECKLOG
CATEGORY-OPERATOR: SINGLE-OP
CATEGORY-BAND: ALL
CATEGORY-MODE: MIXED
CATEGORY-POWER: UNKNOWN
CATEGORY-ASSISTED: NON-ASSISTED
CATEGORY-TRANSMITTER: ONE
CATEGORY-STATION: UNKNOWN
CATEGORY-OVERLAY: 
OPERATORS: JK7UST
CLAIMED-SCORE: 
CLUB: 
NAME: 
SOAPBOX: RECONSTRUCTED MOCKUP LOG - NOT AN OFFICIAL SUBMISSION.
SOAPBOX: Derived from submitted logs for CQ-WW-SSB CQWW/ph/2005.
QSO: 21213 PH 2005-10-29 0010 JK7UST        59 25 PS2T          59 11
QSO: 21225 PH 2005-10-29 0012 JK7UST        59 25 W6NL          59 03
QSO: 21000 PH 2005-10-29 0026 JK7UST        59 25 PX5E          59 11
QSO: 21293 PH 2005-10-29 0027 JK7UST        59 25 W6YX          59 3
QSO: 21314 PH 2005-10-29 0031 JK7UST        59 25 LT1F          59 13
QSO: 21319 PH 2005-10-29 0032 JK7UST        59 25 KH6GMP        59 31
QSO: 21000 PH 2005-10-29 0035 JK7UST        59 25 AY8A          59 13
QSO: 21000 PH 2005-10-29 0041 JK7UST        59 25 W6TK          59 03
QSO: 21000 PH 2005-10-29 0046 JK7UST        59 25 W6FRH         59 3
QSO: 14155 PH 2005-10-29 1936 JK7UST        59 25 VC6R          59 4
QSO: 14212 PH 2005-10-29 1941 JK7UST        59 25 WA7LT         59 03
QSO: 14000 PH 2005-10-29 1943 JK7UST        59 25 W7WA          59 03
QSO: 14248 PH 2005-10-29 2047 JK7UST        59 25 K7ZSD         59 3
QSO: 14186 PH 2005-10-29 2052 JK7UST        59 25 K7OX          59 03
QSO: 14000 PH 2005-10-29 2053 JK7UST        59 25 K0IZ          59 04
QSO: 14179 PH 2005-10-29 2053 JK7UST        59 25 W0AIH         59 04
QSO: 14232 PH 2005-10-29 2054 JK7UST        59 25 K4PV          59 5
QSO: 14238 PH 2005-10-29 2054 JK7UST        59 25 KH7X          59 31
END-OF-LOG:
