START-OF-LOG: 3.0
CREATED-BY: HMRA public 9A HRS HF Robot downloader
CONTEST: HRK
CALLSIGN: 9A1KDE
OPERATORS: 9A1KDE
CATEGORY: E
CATEGORY-OPERATOR: MULTI-OP
CATEGORY-BAND: 80M
CATEGORY-MODE: MIXED
CLAIMED-SCORE: 27950
SOAPBOX: Recreated from 9A HRS HF Robot public QSO table for HRVATSKI RADIOAMATERSKI KUP 2022.
SOAPBOX: Public error-summary rows are ignored.
SOAPBOX: Source: https://www.hamradio.hr/hfrobot/hfcc_log.php?What=vloghtm&CID=2022-04-30&ID=9A1KDE
SOAPBOX: Source category label: E - Vise operatora, CW i SSB.
SOAPBOX: Published QSO count: 178.
QSO: 03525 CW 2022-04-30 1400 9A1KDE        599 0001 OS    9A5M          599 0001 OS   
QSO: 03525 CW 2022-04-30 1401 9A1KDE        599 0002 OS    9A1CAL        599 0002 CK   
QSO: 03525 CW 2022-04-30 1401 9A1KDE        599 0003 OS    9A4R          599 0001 VZ   
QSO: 03525 CW 2022-04-30 1402 9A1KDE        599 0004 OS    9A3MA         599 0004 SI   
QSO: 03525 CW 2022-04-30 1403 9A1KDE        599 0005 OS    9A1CCS        599 0002 DA   
QSO: 03525 CW 2022-04-30 1403 9A1KDE        599 0006 OS    9A2L          599 0003 KC   
QSO: 03525 CW 2022-04-30 1404 9A1KDE        599 0007 OS    9A7A          599 0005 VZ   
QSO: 03525 CW 2022-04-30 1404 9A1KDE        599 0008 OS    9A2HW         599 0003 ZG   
QSO: 03525 CW 2022-04-30 1405 9A1KDE        599 0009 OS    9A2IK         599 0004 RI   
QSO: 03525 CW 2022-04-30 1406 9A1KDE        599 0010 OS    9A2EY         599 0004 ZG   
QSO: 03525 CW 2022-04-30 1407 9A1KDE        599 0011 OS    9A0BB         599 0016 SK   
QSO: 03525 CW 2022-04-30 1407 9A1KDE        599 0012 OS    9A3DF         599 0010 VZ   
QSO: 03525 CW 2022-04-30 1408 9A1KDE        599 0013 OS    9A3YT         599 0012 RI   
QSO: 03525 CW 2022-04-30 1408 9A1KDE        599 0014 OS    9A2MF         599 0004 PU   
QSO: 03525 CW 2022-04-30 1409 9A1KDE        599 0015 OS    9A2UN         599 0010 ST   
QSO: 03525 CW 2022-04-30 1410 9A1KDE        599 0016 OS    9A3QB         599 0004 OS   
QSO: 03525 CW 2022-04-30 1410 9A1KDE        599 0017 OS    9A6A          599 0012 ST   
QSO: 03525 CW 2022-04-30 1411 9A1KDE        599 0018 OS    9A7B          599 0008 ST   
QSO: 03525 CW 2022-04-30 1412 9A1KDE        599 0019 OS    9A1AAY        599 0004 NG   
QSO: 03525 CW 2022-04-30 1413 9A1KDE        599 0020 OS    9A0KG         599 0014 ST   
QSO: 03525 CW 2022-04-30 1414 9A1KDE        599 0021 OS    9A1D          599 0023 RI   
QSO: 03525 CW 2022-04-30 1415 9A1KDE        599 0022 OS    9A3AG         599 0020 VZ   
QSO: 03525 CW 2022-04-30 1417 9A1KDE        599 0023 OS    9A4W          599 0026 ST   
QSO: 03525 CW 2022-04-30 1417 9A1KDE        599 0024 OS    9A1CCU        599 0005 KT   
QSO: 03525 CW 2022-04-30 1417 9A1KDE        599 0025 OS    9A2KI         599 0016 SB   
QSO: 03525 CW 2022-04-30 1418 9A1KDE        599 0026 OS    9A2W          599 0027 ZG   
QSO: 03525 CW 2022-04-30 1418 9A1KDE        599 0027 OS    9A6TT         599 0008 ZG   
QSO: 03525 CW 2022-04-30 1419 9A1KDE        599 0028 OS    9A5YY         599 0004 ZG   
QSO: 03525 CW 2022-04-30 1421 9A1KDE        599 0029 OS    9A3ST         599 0016 PU   
QSO: 03525 CW 2022-04-30 1421 9A1KDE        599 0030 OS    9A2GA         599 0023 ZG   
QSO: 03525 CW 2022-04-30 1422 9A1KDE        599 0031 OS    9A7T          599 0031 ZG   
QSO: 03525 CW 2022-04-30 1423 9A1KDE        599 0032 OS    9A4MZ         599 0005 NG   
QSO: 03551 CW 2022-04-30 1425 9A1KDE        599 0033 OS    9A2ZH         599 0015 ZD   
QSO: 03557 CW 2022-04-30 1426 9A1KDE        599 0034 OS    9A0P          599 0012 PU   
QSO: 03553 CW 2022-04-30 1427 9A1KDE        599 0035 OS    9A4MF         599 0024 DA   
QSO: 03523 CW 2022-04-30 1428 9A1KDE        599 0036 OS    9A1CBM        599 0025 ST   
QSO: 03523 CW 2022-04-30 1429 9A1KDE        599 0037 OS    9A2QP         599 0017 KC   
QSO: 03725 PH 2022-04-30 1431 9A1KDE        59  0038 OS    9A0BB         59  0044 SK   
QSO: 03725 PH 2022-04-30 1432 9A1KDE        59  0039 OS    9A5IVA        59  0006 BJ   
QSO: 03725 PH 2022-04-30 1432 9A1KDE        59  0040 OS    9A3MA         59  0031 SI   
QSO: 03725 PH 2022-04-30 1432 9A1KDE        59  0041 OS    9A2UN         59  0028 ST   
QSO: 03725 PH 2022-04-30 1433 9A1KDE        59  0042 OS    9A2YF         59  0005 PZ   
QSO: 03725 PH 2022-04-30 1433 9A1KDE        59  0043 OS    9A2QP         59  0018 KC   
QSO: 03725 PH 2022-04-30 1434 9A1KDE        59  0044 OS    9A7T          59  0041 ZG   
QSO: 03725 PH 2022-04-30 1435 9A1KDE        59  0045 OS    9A2L          59  0033 KC   
QSO: 03725 PH 2022-04-30 1435 9A1KDE        59  0046 OS    9A1CCS        59  0031 DA   
QSO: 03725 PH 2022-04-30 1436 9A1KDE        59  0047 OS    9A5ALC        59  0004 SB   
QSO: 03725 PH 2022-04-30 1436 9A1KDE        59  0048 OS    9A1CCU        59  0012 KT   
QSO: 03725 PH 2022-04-30 1437 9A1KDE        59  0049 OS    9A4DK         59  0005 DA   
QSO: 03725 PH 2022-04-30 1438 9A1KDE        59  0050 OS    9A1AAY        59  0016 NG   
QSO: 03725 PH 2022-04-30 1438 9A1KDE        59  0051 OS    9A3CWW        59  0010 ST   
QSO: 03725 PH 2022-04-30 1438 9A1KDE        59  0052 OS    9A7ZZ         59  0017 SB   
QSO: 03725 PH 2022-04-30 1439 9A1KDE        59  0053 OS    9A5N          59  0015 ZG   
QSO: 03725 PH 2022-04-30 1439 9A1KDE        59  0054 OS    9A2HW         59  0035 ZG   
QSO: 03725 PH 2022-04-30 1440 9A1KDE        59  0055 OS    9A1CAL        59  0039 CK   
QSO: 03725 PH 2022-04-30 1440 9A1KDE        59  0056 OS    9A2KI         59  0033 SB   
QSO: 03725 PH 2022-04-30 1440 9A1KDE        59  0057 OS    9A7A          59  0059 VZ   
QSO: 03725 PH 2022-04-30 1441 9A1KDE        59  0058 OS    9A7DI         59  0010 SL   
QSO: 03725 PH 2022-04-30 1444 9A1KDE        59  0059 OS    9A3QB         59  0027 OS   
QSO: 03725 PH 2022-04-30 1444 9A1KDE        59  0060 OS    9A2GA         59  0053 ZG   
QSO: 03725 PH 2022-04-30 1444 9A1KDE        59  0061 OS    9A6TT         59  0025 ZG   
QSO: 03725 PH 2022-04-30 1445 9A1KDE        59  0062 OS    9A5YY         59  0012 ZG   
QSO: 03725 PH 2022-04-30 1445 9A1KDE        59  0063 OS    9A9I          59  0017 ZG   
QSO: 03725 PH 2022-04-30 1445 9A1KDE        59  0064 OS    9A1MM         59  0013 VZ   
QSO: 03725 PH 2022-04-30 1446 9A1KDE        59  0065 OS    9A5M          59  0069 OS   
QSO: 03725 PH 2022-04-30 1446 9A1KDE        59  0066 OS    9A0BR         59  0019 ST   
QSO: 03725 PH 2022-04-30 1446 9A1KDE        59  0067 OS    9A3KG         59  0003 ST   
QSO: 03725 PH 2022-04-30 1447 9A1KDE        59  0068 OS    9A5VS         59  0009 ZG   
QSO: 03725 PH 2022-04-30 1447 9A1KDE        59  0069 OS    9A2IK         59  0034 RI   
QSO: 03725 PH 2022-04-30 1449 9A1KDE        59  0070 OS    9A2MF         59  0034 PU   
QSO: 03725 PH 2022-04-30 1449 9A1KDE        59  0071 OS    9A2W          59  0070 ZG   
QSO: 03725 PH 2022-04-30 1450 9A1KDE        59  0072 OS    9A4ML         59  0020 ZG   
QSO: 03725 PH 2022-04-30 1450 9A1KDE        59  0073 OS    9A6A          59  0057 ST   
QSO: 03725 PH 2022-04-30 1450 9A1KDE        59  0074 OS    9A2ZI         59  0055 KA   
QSO: 03725 PH 2022-04-30 1451 9A1KDE        59  0075 OS    9A2VX         59  0039 RI   
QSO: 03725 PH 2022-04-30 1451 9A1KDE        59  0076 OS    9A2EY         59  0032 ZG   
QSO: 03725 PH 2022-04-30 1452 9A1KDE        59  0077 OS    9A2WA         59  0009 ST   
QSO: 03725 PH 2022-04-30 1453 9A1KDE        59  0078 OS    9A2ZH         59  0032 ZD   
QSO: 03725 PH 2022-04-30 1453 9A1KDE        59  0079 OS    9A2R          59  0014 KA   
QSO: 03725 PH 2022-04-30 1454 9A1KDE        59  0080 OS    9A3ST         59  0043 PU   
QSO: 03725 PH 2022-04-30 1455 9A1KDE        59  0081 OS    9A7B          59  0035 ST   
QSO: 03685 PH 2022-04-30 1456 9A1KDE        59  0082 OS    9A3XM/P       59  0044 SK   
QSO: 03706 PH 2022-04-30 1457 9A1KDE        59  0083 OS    9A1CKG        59  0043 RI   
QSO: 03730 PH 2022-04-30 1458 9A1KDE        59  0084 OS    9A3DUH        59  0051 SB   
QSO: 03740 PH 2022-04-30 1458 9A1KDE        59  0085 OS    9A7JCY        59  0042 ZD   
QSO: 03678 PH 2022-04-30 1459 9A1KDE        59  0086 OS    9A2WB         59  0043 ZD   
QSO: 03527 CW 2022-04-30 1501 9A1KDE        599 0087 OS    9A5M          599 0084 OS   
QSO: 03527 CW 2022-04-30 1501 9A1KDE        599 0088 OS    9A2EY         599 0036 ZG   
QSO: 03527 CW 2022-04-30 1502 9A1KDE        599 0089 OS    9A3DF         599 0060 VZ   
QSO: 03527 CW 2022-04-30 1502 9A1KDE        599 0090 OS    9A2UN         599 0056 ST   
QSO: 03527 CW 2022-04-30 1503 9A1KDE        599 0091 OS    9A7A          599 0094 VZ   
QSO: 03527 CW 2022-04-30 1504 9A1KDE        599 0092 OS    9A7B          599 3992 ST   
QSO: 03527 CW 2022-04-30 1505 9A1KDE        599 0093 OS    9A2L          599 0073 KC   
QSO: 03527 CW 2022-04-30 1505 9A1KDE        599 0094 OS    9A1CCS        599 0060 DA   
QSO: 03527 CW 2022-04-30 1506 9A1KDE        599 0095 OS    9A2HW         599 0063 ZG   
QSO: 03527 CW 2022-04-30 1506 9A1KDE        599 0096 OS    9A0KG         599 0074 ST   
QSO: 03527 CW 2022-04-30 1507 9A1KDE        599 0097 OS    9A3KG         599 0016 ST   
QSO: 03527 CW 2022-04-30 1508 9A1KDE        599 0098 OS    9A7ZZ         599 0035 SB   
QSO: 03527 CW 2022-04-30 1508 9A1KDE        599 0099 OS    9A6TT         599 0041 ZG   
QSO: 03527 CW 2022-04-30 1510 9A1KDE        599 0100 OS    9A1CCU        599 0028 KT   
QSO: 03527 CW 2022-04-30 1510 9A1KDE        599 0101 OS    9A4R          599 0051 VZ   
QSO: 03527 CW 2022-04-30 1511 9A1KDE        599 0102 OS    9A5N          599 0035 ZG   
QSO: 03527 CW 2022-04-30 1511 9A1KDE        599 0103 OS    9A3MA         599 0066 SI   
QSO: 03527 CW 2022-04-30 1512 9A1KDE        599 0104 OS    9A2VX         599 0061 RI   
QSO: 03527 CW 2022-04-30 1513 9A1KDE        599 0105 OS    9A2R          599 0044 KA   
QSO: 03527 CW 2022-04-30 1513 9A1KDE        599 0106 OS    9A6A          599 0092 ST   
QSO: 03527 CW 2022-04-30 1514 9A1KDE        599 0107 OS    9A3AG         599 0086 VZ   
QSO: 03527 CW 2022-04-30 1514 9A1KDE        599 0108 OS    9A7T          599 0099 ZG   
QSO: 03527 CW 2022-04-30 1515 9A1KDE        599 0109 OS    9A2KI         599 0072 SB   
QSO: 03527 CW 2022-04-30 1516 9A1KDE        599 0110 OS    9A1AAY        599 0031 NG   
QSO: 03527 CW 2022-04-30 1516 9A1KDE        599 0111 OS    9A1D          599 0108 RI   
QSO: 03527 CW 2022-04-30 1517 9A1KDE        599 0112 OS    9A2ZH         599 0044 ZD   
QSO: 03527 CW 2022-04-30 1517 9A1KDE        599 0113 OS    9A3QB         599 0051 OS   
QSO: 03527 CW 2022-04-30 1520 9A1KDE        599 0114 OS    9A1CAL        599 0090 CK   
QSO: 03527 CW 2022-04-30 1520 9A1KDE        599 0115 OS    9A2GA         599 0101 ZG   
QSO: 03527 CW 2022-04-30 1521 9A1KDE        599 0116 OS    9A4W          599 0063 ST   
QSO: 03527 CW 2022-04-30 1522 9A1KDE        599 0117 OS    9A2W          599 0117 ZG   
QSO: 03530 CW 2022-04-30 1523 9A1KDE        599 0118 OS    9A0P          599 0044 PU   
QSO: 03540 CW 2022-04-30 1524 9A1KDE        599 0119 OS    9A0BB         599 0129 SK   
QSO: 03518 CW 2022-04-30 1524 9A1KDE        599 0120 OS    9A2MF         599 0064 PU   
QSO: 03517 CW 2022-04-30 1526 9A1KDE        599 0121 OS    9A6ZE         599 0039 ZG   
QSO: 03515 CW 2022-04-30 1527 9A1KDE        599 0122 OS    9A3ST         599 0076 PU   
QSO: 03516 CW 2022-04-30 1527 9A1KDE        599 0123 OS    9A3YT         599 0102 RI   
QSO: 03725 PH 2022-04-30 1530 9A1KDE        59  0124 OS    9A2UN         59  0089 ST   
QSO: 03725 PH 2022-04-30 1531 9A1KDE        59  0125 OS    9A1CBM        59  0085 ST   
QSO: 03725 PH 2022-04-30 1531 9A1KDE        59  0126 OS    9A3ST         59  0080 PU   
QSO: 03725 PH 2022-04-30 1532 9A1KDE        59  0127 OS    9A1CCU        59  0047 KT   
QSO: 03725 PH 2022-04-30 1533 9A1KDE        59  0128 OS    9A3RPT        59  0019 ST   
QSO: 03725 PH 2022-04-30 1534 9A1KDE        59  0129 OS    9A2YF         59  0039 PZ   
QSO: 03725 PH 2022-04-30 1534 9A1KDE        59  0130 OS    9A3DF         59  0094 VZ   
QSO: 03725 PH 2022-04-30 1535 9A1KDE        59  0131 OS    9A7B          59  0064 ST   
QSO: 03725 PH 2022-04-30 1535 9A1KDE        59  0132 OS    9A7A          59  0146 VZ   
QSO: 03725 PH 2022-04-30 1535 9A1KDE        59  0133 OS    9A2GA         59  0118 ZG   
QSO: 03725 PH 2022-04-30 1536 9A1KDE        59  0134 OS    9A2EY         59  0065 ZG   
QSO: 03725 PH 2022-04-30 1537 9A1KDE        59  0135 OS    9A2L          59  0102 KC   
QSO: 03725 PH 2022-04-30 1537 9A1KDE        59  0136 OS    9A2HW         59  0090 ZG   
QSO: 03725 PH 2022-04-30 1537 9A1KDE        59  0137 OS    9A4DK         59  0032 DA   
QSO: 03725 PH 2022-04-30 1538 9A1KDE        59  0138 OS    9A3QB         59  0067 OS   
QSO: 03725 PH 2022-04-30 1538 9A1KDE        59  0139 OS    9A7DI         59  0033 SL   
QSO: 03725 PH 2022-04-30 1539 9A1KDE        59  0140 OS    9A2WA         59  0020 ST   
QSO: 03725 PH 2022-04-30 1539 9A1KDE        59  0141 OS    9A1AL         59  0016 RI   
QSO: 03725 PH 2022-04-30 1539 9A1KDE        59  0142 OS    9A0BB         59  0156 SK   
QSO: 03725 PH 2022-04-30 1540 9A1KDE        59  0143 OS    9A9I          59  0038 ZG   
QSO: 03725 PH 2022-04-30 1540 9A1KDE        59  0144 OS    9A1AAY        59  0044 NG   
QSO: 03725 PH 2022-04-30 1540 9A1KDE        59  0145 OS    9A4MZ         59  0044 NG   
QSO: 03725 PH 2022-04-30 1541 9A1KDE        59  0146 OS    9A5M          59  0138 OS   
QSO: 03725 PH 2022-04-30 1541 9A1KDE        59  0147 OS    9A5IVA        59  0028 BJ   
QSO: 03725 PH 2022-04-30 1542 9A1KDE        59  0148 OS    9A5BAA        59  0016 IM   
QSO: 03725 PH 2022-04-30 1542 9A1KDE        59  0149 OS    9A3KG         59  0033 ST   
QSO: 03725 PH 2022-04-30 1542 9A1KDE        59  0150 OS    9A2ZH         59  0060 ZD   
QSO: 03725 PH 2022-04-30 1543 9A1KDE        59  0151 OS    9A2KI         59  0106 SB   
QSO: 03725 PH 2022-04-30 1543 9A1KDE        59  0152 OS    9A3AAW        59  0021 VZ   
QSO: 03725 PH 2022-04-30 1543 9A1KDE        59  0153 OS    9A3GVD/P      59  0038 SI   
QSO: 03725 PH 2022-04-30 1544 9A1KDE        59  0154 OS    9A5CC         59  0026 ST   
QSO: 03725 PH 2022-04-30 1545 9A1KDE        59  0155 OS    9A3CWW        59  0071 ST   
QSO: 03725 PH 2022-04-30 1545 9A1KDE        59  0156 OS    9A0BR         59  0051 ST   
QSO: 03725 PH 2022-04-30 1545 9A1KDE        59  0157 OS    9A2QP         59  0053 KC   
QSO: 03725 PH 2022-04-30 1546 9A1KDE        59  0158 OS    9A6TT         59  0070 ZG   
QSO: 03725 PH 2022-04-30 1547 9A1KDE        59  0159 OS    9A2IK         59  0079 RI   
QSO: 03725 PH 2022-04-30 1547 9A1KDE        59  0160 OS    9A1MM         59  0043 VZ   
QSO: 03725 PH 2022-04-30 1547 9A1KDE        59  0161 OS    9A5N          59  0060 ZG   
QSO: 03725 PH 2022-04-30 1548 9A1KDE        59  0162 OS    9A2VX         59  0091 RI   
QSO: 03725 PH 2022-04-30 1550 9A1KDE        59  0163 OS    9A3AFI        59  0007 BJ   
QSO: 03725 PH 2022-04-30 1552 9A1KDE        59  0164 OS    9A6RT         59  0035 RI   
QSO: 03725 PH 2022-04-30 1552 9A1KDE        59  0165 OS    9A0P          59  0060 PU   
QSO: 03725 PH 2022-04-30 1553 9A1KDE        59  0166 OS    9A5VS         59  0046 ZG   
QSO: 03725 PH 2022-04-30 1553 9A1KDE        59  0167 OS    9A2ZI         59  0118 KA   
QSO: 03725 PH 2022-04-30 1553 9A1KDE        59  0168 OS    9A5ALC        59  0025 SB   
QSO: 03725 PH 2022-04-30 1554 9A1KDE        59  0169 OS    9A2W          59  0162 ZG   
QSO: 03725 PH 2022-04-30 1554 9A1KDE        59  0170 OS    9A0KG         59  0135 ST   
QSO: 03725 PH 2022-04-30 1555 9A1KDE        59  0171 OS    9A4OP         59  0020 ZG   
QSO: 03725 PH 2022-04-30 1556 9A1KDE        59  0172 OS    9A4ML         59  0052 ZG   
QSO: 03725 PH 2022-04-30 1557 9A1KDE        59  0173 OS    9A7T          59  0166 ZG   
QSO: 03725 PH 2022-04-30 1557 9A1KDE        59  0174 OS    9A6A          59  0151 ST   
QSO: 03725 PH 2022-04-30 1558 9A1KDE        59  0175 OS    9A1CCS        59  0109 DA   
QSO: 03725 PH 2022-04-30 1558 9A1KDE        59  0176 OS    9A7ZZ         59  0085 SB   
QSO: 03725 PH 2022-04-30 1559 9A1KDE        59  0177 OS    9A5FM         59  0011 ZG   
QSO: 03733 PH 2022-04-30 1559 9A1KDE        59  0178 OS    9A3MA         59  0120 SI   
END-OF-LOG:
