START-OF-LOG: 3.0
CONTEST: SAC-SSB
CALLSIGN: DO7ES
CATEGORY-OPERATOR: SINGLE-OP
CATEGORY-BAND: ALL
CATEGORY-POWER: HIGH
CLUB: DARC
CLAIMED-SCORE: 198
CATEGORY-STATION: FIXED
CATEGORY-TRANSMITTER: ONE,
CATEGORY-OVERLAY: 
CATEGORY-MODE: SSB
NAME: Erdmut Sellenthin
SOAPBOX: flexradio 6300
SOAPBOX: ant gap titan dx
QSO: 21370 PH 2024-10-13 1150 DO7ES         59      23 OH9W          59     464 0
QSO: 21307 PH 2024-10-13 1122 DO7ES         59      22 OH5Z          59     734 0
QSO: 21269 PH 2024-10-13 1110 DO7ES         59       0 TF3W          59     848 0
QSO: 21363 PH 2024-10-13 1104 DO7ES         59      20 OH8X          59    1177 0
QSO: 21360 PH 2024-10-13 0941 DO7ES         59      19 OH7K          59    1053 0
QSO: 21298 PH 2024-10-13 0926 DO7ES         59      18 OG66X         59     327 0
QSO: 21285 PH 2024-10-13 0915 DO7ES         59      17 OH8L          59    1232 0
QSO: 21342 PH 2024-10-13 0856 DO7ES         59      16 OH6DX         59     327 0
QSO: 21338 PH 2024-10-13 0850 DO7ES         59      16 OG7A          59    1434 0
QSO: 21241 PH 2024-10-13 0849 DO7ES         59      15 OG8M          59    1434 0
QSO: 21207 PH 2024-10-13 0831 DO7ES         59      14 SJ2W          59    1785 0
QSO: 21221 PH 2024-10-13 0830 DO7ES         59      13 OG1F          59     168 0
QSO: 21320 PH 2024-10-13 0824 DO7ES         599     13 SM2S          59     550 0
QSO: 21268 CW 2024-10-13 0812 DO7ES         599     12 OH7GL         59     494 0
QSO: 21225 CW 2024-10-13 0809 DO7ES         599     11 OG4Z          59     718 0
QSO: 21250 PH 2024-10-13 0757 DO7ES         59      10 OH8WR         59     320 0
QSO: 21250 PH 2024-10-13 0754 DO7ES         59       9 OH9GGY        59     548 0
QSO: 21258 PH 2024-10-13 0752 DO7ES         59       8 TF3W          59     848 0
QSO: 21260 PH 2024-10-12 1517 DO7ES         59       6 OH5Z          59     319 0
QSO: 21266 PH 2024-10-12 1456 DO7ES         59       5 TF2LL         59     319 0
QSO: 21301 PH 2024-10-12 1443 DO7ES         59       4 OH2R          59     268 0
QSO: 21304 PH 2024-10-12 1430 DO7ES         59       3 OH6DX         59     342 0
QSO: 21318 PH 2024-10-12 1428 DO7ES         59       2 OH2N          59     202 0
QSO: 21278 PH 2024-10-12 1419 DO7ES         59       1 LC5C          59     150 0
END-OF-LOG: