START-OF-LOG: 3.0
CREATED-BY: reconstructed-log-builder
CONTEST: YURI-GAGARIN-DX
CALLSIGN: DF9EY
LOCATION: 
CATEGORY: CHECKLOG
CATEGORY-OPERATOR: SINGLE-OP
CATEGORY-BAND: ALL
CATEGORY-MODE: MIXED
CATEGORY-POWER: UNKNOWN
CATEGORY-ASSISTED: NON-ASSISTED
CATEGORY-TRANSMITTER: ONE
CATEGORY-STATION: UNKNOWN
CATEGORY-OVERLAY: 
OPERATORS: DF9EY
CLAIMED-SCORE: 
CLUB: 
NAME: 
SOAPBOX: RECONSTRUCTED MOCKUP LOG - NOT AN OFFICIAL SUBMISSION.
SOAPBOX: Derived from submitted logs for YURI-GAGARIN-DX YuriGagarinDXContest/2021.
QSO:  7009 CW 2021-04-11 0559 DF9EY         599 28 EA1CS         599 37
QSO:  7011 CW 2021-04-11 0601 DF9EY         599 28 YO4DG         599 28
QSO:  7000 CW 2021-04-11 0602 DF9EY         599 28 SD1A          599 18
QSO:  7012 CW 2021-04-11 0603 DF9EY         599 28 YU1KT         599 28
QSO:  7014 CW 2021-04-11 0603 DF9EY         599 28 LY8A          599 29
QSO:  7013 CW 2021-04-11 0604 DF9EY         599 28 RC1W          599 29
QSO:  7014 CW 2021-04-11 0605 DF9EY         599 28 UW1M          599 29
QSO:  7018 CW 2021-04-11 0608 DF9EY         599 28 UA5R          599 29
QSO:  7019 CW 2021-04-11 0610 DF9EY         599 28 SE4E          599 18
QSO:  7021 CW 2021-04-11 0612 DF9EY         599 28 LA7GIA        599 18
QSO:  7024 CW 2021-04-11 0613 DF9EY         599 28 R4KO          599 29
QSO:  7025 CW 2021-04-11 0614 DF9EY         599 28 SM5IMO        599 18
QSO:  7025 CW 2021-04-11 0615 DF9EY         599 28 SN7O          599 28
QSO:  7026 CW 2021-04-11 0617 DF9EY         599 28 EW8G          599 29
QSO:  7028 CW 2021-04-11 0617 DF9EY         599 28 IZ4ZZB        599 28
QSO:  7028 CW 2021-04-11 0618 DF9EY         599 28 OK2BFN        599 28
QSO:  7028 CW 2021-04-11 0619 DF9EY         599 28 HA9RC         599 28
QSO:  7029 CW 2021-04-11 0620 DF9EY         599 28 SC0T          599 18
QSO:  7032 CW 2021-04-11 0624 DF9EY         599 28 UT5NR         599 29
QSO:  7036 CW 2021-04-11 0626 DF9EY         599 28 YU1UO         599 28
QSO:  7039 CW 2021-04-11 0628 DF9EY         599 28 YO5ODT        599 28
QSO:  7011 CW 2021-04-11 0631 DF9EY         599 28 IK0YUT        599 28
QSO:  7012 CW 2021-04-11 0632 DF9EY         599 28 LZ5R          599 28
QSO:  7000 CW 2021-04-11 0634 DF9EY         599 28 I6FDJ         599 28
QSO:  7016 CW 2021-04-11 0635 DF9EY         599 28 SM2M          599 18
QSO:  7000 CW 2021-04-11 0636 DF9EY         599 28 YT1A          599 28
QSO:  7020 CW 2021-04-11 0637 DF9EY         599 28 LA8HGA        599 18
QSO:  7021 CW 2021-04-11 0640 DF9EY         599 28 OL8R          599 28
QSO:  7022 CW 2021-04-11 0642 DF9EY         599 28 RN5AA         599 29
QSO:  7024 CW 2021-04-11 0643 DF9EY         599 28 SF5O          599 18
QSO:  7023 CW 2021-04-11 0644 DF9EY         599 28 EA3X          599 37
QSO:  7021 CW 2021-04-11 0646 DF9EY         599 28 OE1CIW        599 28
QSO:  7023 CW 2021-04-11 0648 DF9EY         599 28 SF0A          599 18
QSO:  7026 CW 2021-04-11 0649 DF9EY         599 28 S53F          599 28
QSO:  7000 CW 2021-04-11 0653 DF9EY         599 28 IT9CKA        599 28
QSO:  7000 CW 2021-04-11 0655 DF9EY         599 28 UA3YFL        599 29
QSO:  7030 CW 2021-04-11 0657 DF9EY         599 28 SM5CSS        599 18
QSO:  7030 CW 2021-04-11 0658 DF9EY         599 28 YQ6A          599 28
QSO:  7030 CW 2021-04-11 0700 DF9EY         599 28 UT2UB         599 29
QSO:  7000 CW 2021-04-11 0701 DF9EY         599 28 R1NW          599 19
QSO: 14008 CW 2021-04-11 0707 DF9EY         599 28 UP4L          599 30
QSO: 14018 CW 2021-04-11 0714 DF9EY         599 28 4L8A          599 29
QSO: 14020 CW 2021-04-11 0717 DF9EY         599 28 RA5G          599 29
QSO: 14021 CW 2021-04-11 0718 DF9EY         599 28 RC7A          599 29
QSO: 14022 CW 2021-04-11 0719 DF9EY         599 28 UA6CC         599 29
QSO: 14031 CW 2021-04-11 0723 DF9EY         599 28 UA7G          599 29
QSO: 14040 CW 2021-04-11 0730 DF9EY         599 28 RC6U          599 29
QSO: 14043 CW 2021-04-11 0731 DF9EY         599 28 RA7A          599 29
QSO: 14044 CW 2021-04-11 0733 DF9EY         599 28 RN6AT         599 29
QSO: 14049 CW 2021-04-11 0735 DF9EY         599 28 RJ9J          599 20
QSO: 14049 CW 2021-04-11 0736 DF9EY         599 28 UN9L          599 30
QSO: 14000 CW 2021-04-11 0738 DF9EY         599 28 R8OM          599 31
END-OF-LOG:
