START-OF-LOG: 3.0
CREATED-BY: reconstructed-log-builder
CONTEST: RUSSIAN-DX
CALLSIGN: G4DDL
LOCATION: 
CATEGORY: CHECKLOG
CATEGORY-OPERATOR: SINGLE-OP
CATEGORY-BAND: ALL
CATEGORY-MODE: MIXED
CATEGORY-POWER: UNKNOWN
CATEGORY-ASSISTED: NON-ASSISTED
CATEGORY-TRANSMITTER: ONE
CATEGORY-STATION: UNKNOWN
CATEGORY-OVERLAY: 
OPERATORS: G4DDL
CLAIMED-SCORE: 
CLUB: 
NAME: 
SOAPBOX: RECONSTRUCTED MOCKUP LOG - NOT AN OFFICIAL SUBMISSION.
SOAPBOX: Derived from submitted logs for RUSSIAN-DX RussianDXContest/2024.
QSO: 28026 CW 2024-03-16 1651 G4DDL         599 0001 PT2AW         599 0074
QSO: 28020 CW 2024-03-16 1652 G4DDL         599 0002 PY2NDX        599 0350
QSO: 28005 CW 2024-03-16 1653 G4DDL         599 0003 K5GN          599 0387
QSO: 28008 CW 2024-03-16 1654 G4DDL         599 0004 PY2EX         599 0151
QSO: 28011 CW 2024-03-16 1656 G4DDL         599 0006 PY2XL         599 0015
QSO: 28020 CW 2024-03-16 1658 G4DDL         599 0007 HA3NU         599 0396
QSO: 21015 CW 2024-03-16 1703 G4DDL         599 0010 9A1AA         599 0543
QSO: 21027 CW 2024-03-16 1705 G4DDL         599 0011 HA8QZ         599 0525
QSO: 21028 CW 2024-03-16 1708 G4DDL         599 0012 CT9ABN        599 0206
QSO: 21028 CW 2024-03-16 1711 G4DDL         599 0013 XL3T          599 0602
QSO: 21041 CW 2024-03-16 1712 G4DDL         599 0014 YT0Z          599 0562
QSO: 21046 CW 2024-03-16 1715 G4DDL         599 0016 EB7KA         599 0348
QSO: 21012 CW 2024-03-16 1719 G4DDL         599 0018 EA8RM         599 0311
QSO: 21016 CW 2024-03-16 1720 G4DDL         599 0019 LZ1ND         599 0516
QSO: 21035 CW 2024-03-16 1722 G4DDL         599 0020 NA8V          599 0485
QSO:  7014 CW 2024-03-16 1734 G4DDL         599 0023 DK6WL         599 0191
QSO:  7020 CW 2024-03-16 1737 G4DDL         599 0024 SK75NATO      599 0180
QSO:  7021 CW 2024-03-16 1738 G4DDL         599 0025 9A5D          599 0254
QSO:  7031 CW 2024-03-16 1742 G4DDL         599 0026 HA8A          599 0569
QSO:  7033 CW 2024-03-16 1743 G4DDL         599 0027 OK2EA         599 0256
QSO:  7037 CW 2024-03-16 1745 G4DDL         599 0028 LZ6K          599 0457
QSO:  7036 CW 2024-03-16 2148 G4DDL         599 0029 AA3B          599 0993
QSO:  7021 CW 2024-03-16 2156 G4DDL         599 0031 LC5P          599 0117
QSO:  7007 CW 2024-03-16 2202 G4DDL         599 0033 KA1IS         599 0728
QSO:  3511 CW 2024-03-16 2208 G4DDL         599 0035 SJ6R          599 0950
QSO:  3512 CW 2024-03-16 2209 G4DDL         599 0036 S59AA         599 0143
QSO:  3513 CW 2024-03-16 2209 G4DDL         599 0037 YU5M          599 0264
QSO:  3500 CW 2024-03-16 2216 G4DDL         599 0039 YU1YV         599 0496
QSO:  3534 CW 2024-03-16 2218 G4DDL         599 0040 HB9TSW        599 0127
QSO:  3534 CW 2024-03-16 2222 G4DDL         599 0041 OG7F          599 1447
QSO:  3540 CW 2024-03-16 2225 G4DDL         599 0043 HA2KMR        599 0828
QSO:  3545 CW 2024-03-16 2228 G4DDL         599 0045 OM6AL         599 0413
QSO:  1814 CW 2024-03-16 2234 G4DDL         599 0046 SM3WMU        599 0059
QSO:  1832 CW 2024-03-16 2241 G4DDL         599 0049 SJ6R          599 0997
QSO:  1839 CW 2024-03-16 2243 G4DDL         599 0050 OM7M          599 1202
QSO:  1826 CW 2024-03-16 2251 G4DDL         599 0051 EW1I          599 1071
QSO:  1832 CW 2024-03-16 2257 G4DDL         599 0053 IK1PMR        599 0721
QSO:  7004 CW 2024-03-16 2259 G4DDL         599 0054 K3WW          599 0336
QSO:  7004 CW 2024-03-16 2301 G4DDL         599 0055 XL3T          599 1070
QSO:  7039 CW 2024-03-16 2310 G4DDL         599 0058 EA8RM         599 0963
QSO: 14011 CW 2024-03-17 1018 G4DDL         599 0061 KC1TEK        599 0009
QSO: 14030 CW 2024-03-17 1024 G4DDL         599 0065 ER3R          599 0459
QSO: 14041 CW 2024-03-17 1028 G4DDL         599 0066 UP0L          599 2534
QSO: 21042 CW 2024-03-17 1037 G4DDL         599 68RA5 YU3TA         599 0211
QSO: 21011 CW 2024-03-17 1048 G4DDL         599 0071 IT9WDC        599 0393
QSO: 28000 CW 2024-03-17 1053 G4DDL         599 0072 PQ8RS         599 0060
QSO: 28039 CW 2024-03-17 1054 G4DDL         599 0074 UN5G          599 0742
END-OF-LOG:
