START-OF-LOG: 3.0
CONTEST: CQ-WW-CW
CALLSIGN: DL0GEO
LOCATION: DX
CATEGORY-OPERATOR: SINGLE-OP
CATEGORY-ASSISTED: NON-ASSISTED
CATEGORY-BAND: 20M
CATEGORY-POWER: LOW
CATEGORY-MODE: CW
CATEGORY-TRANSMITTER: ONE
CATEGORY-STATION:
CATEGORY-OVERLAY:
GRID-LOCATOR: JO33RH
CLAIMED-SCORE: 17556
NAME: Uwe Kaminski
OPERATORS: DL2YAK
CLUB: GEO-DX GROUP
CREATED-BY: UcxLog 8.46
QSO:   14000 CW 2025-11-29 0537 DL0GEO           599 14    UA7K             599  16      0
QSO:   14000 CW 2025-11-29 0538 DL0GEO           599 14    RT6A             599  16      0
QSO:   14000 CW 2025-11-29 0601 DL0GEO           599 14    P3X              599  20      0
QSO:   14000 CW 2025-11-29 0602 DL0GEO           599 14    UA6LUQ           599  16      0
QSO:   14000 CW 2025-11-29 0603 DL0GEO           599 14    LZ8E             599  20      0
QSO:   14000 CW 2025-11-29 0610 DL0GEO           599 14    SX1T             599  20      0
QSO:   14000 CW 2025-11-29 0612 DL0GEO           599 14    RN6AT            599  16      0
QSO:   14000 CW 2025-11-29 0613 DL0GEO           599 14    OH8L             599  15      0
QSO:   14000 CW 2025-11-29 0614 DL0GEO           599 14    SK3W             599  14      0
QSO:   14000 CW 2025-11-29 0626 DL0GEO           599 14    4X1MM            599  20      0
QSO:   14000 CW 2025-11-29 0628 DL0GEO           599 14    IB9R             599  15      0
QSO:   14000 CW 2025-11-29 0817 DL0GEO           599 14    IZ3NVR           599  15      0
QSO:   14000 CW 2025-11-29 0819 DL0GEO           599 14    F1IWH            599  14      0
QSO:   14000 CW 2025-11-29 0823 DL0GEO           599 14    HG0R             599  15      0
QSO:   14000 CW 2025-11-29 0826 DL0GEO           599 14    R4BD             599  16      0
QSO:   14000 CW 2025-11-29 0827 DL0GEO           599 14    UA4W             599  16      0
QSO:   14000 CW 2025-11-29 0828 DL0GEO           599 14    CR3W             599  33      0
QSO:   14000 CW 2025-11-29 0829 DL0GEO           599 14    OK7K             599  15      0
QSO:   14000 CW 2025-11-29 0835 DL0GEO           599 14    OH3FM            599  15      0
QSO:   14000 CW 2025-11-29 0839 DL0GEO           599 14    EA5O             599  14      0
QSO:   14000 CW 2025-11-29 0840 DL0GEO           599 14    UN9L             599  17      0
QSO:   14000 CW 2025-11-29 0841 DL0GEO           599 14    TK0C             599  15      0
QSO:   14000 CW 2025-11-29 0847 DL0GEO           599 14    HG6N             599  15      0
QSO:   14000 CW 2025-11-29 0849 DL0GEO           599 14    ZB2BU            599  14      0
QSO:   14000 CW 2025-11-29 0935 DL0GEO           599 14    9A4M             599  15      0
QSO:   14000 CW 2025-11-29 0937 DL0GEO           599 14    IO3F             599  15      0
QSO:   14000 CW 2025-11-29 0948 DL0GEO           599 14    YT2ZE            599  15      0
QSO:   14000 CW 2025-11-29 0949 DL0GEO           599 14    HG8K             599  15      0
QSO:   14000 CW 2025-11-29 0950 DL0GEO           599 14    DL3RDM           599  14      0
QSO:   14000 CW 2025-11-29 0952 DL0GEO           599 14    IO6R             599  15      0
QSO:   14000 CW 2025-11-29 0953 DL0GEO           599 14    LZ2MP            599  20      0
QSO:   14000 CW 2025-11-29 0954 DL0GEO           599 14    DJ1OJ            599  14      0
QSO:   14000 CW 2025-11-29 0956 DL0GEO           599 14    F6KDL            599  14      0
QSO:   14000 CW 2025-11-29 0957 DL0GEO           599 14    M7M              599  14      0
QSO:   14000 CW 2025-11-29 1008 DL0GEO           599 14    DJ8EW            599  14      0
QSO:   14000 CW 2025-11-29 1008 DL0GEO           599 14    SP9JZT           599  15      0
QSO:   14000 CW 2025-11-29 1009 DL0GEO           599 14    SM0Q             599  14      0
QSO:   14000 CW 2025-11-29 1009 DL0GEO           599 14    OK1DWF           599  15      0
QSO:   14000 CW 2025-11-29 1011 DL0GEO           599 14    F5AUZ            599  14      0
QSO:   14000 CW 2025-11-29 1012 DL0GEO           599 14    LY3AB            599  15      0
QSO:   14000 CW 2025-11-29 1013 DL0GEO           599 14    9A2X             599  15      0
QSO:   14000 CW 2025-11-29 1014 DL0GEO           599 14    F5VHY            599  14      0
QSO:   14000 CW 2025-11-29 1015 DL0GEO           599 14    IZ5BBS           599  15      0
QSO:   14000 CW 2025-11-29 1016 DL0GEO           599 14    YT2RX            599  15      0
QSO:   14000 CW 2025-11-29 1016 DL0GEO           599 14    II1D             599  15      0
QSO:   14000 CW 2025-11-29 1018 DL0GEO           599 14    SP8R             599  15      0
QSO:   14000 CW 2025-11-29 1019 DL0GEO           599 14    HA7UI            599  15      0
QSO:   14000 CW 2025-11-29 1020 DL0GEO           599 14    RV6ANI           599  16      0
QSO:   14000 CW 2025-11-29 1024 DL0GEO           599 14    EW1TZ            599  16      0
QSO:   14000 CW 2025-11-29 1024 DL0GEO           599 14    OM7AT            599  15      0
QSO:   14000 CW 2025-11-29 1026 DL0GEO           599 14    UA4M             599  16      0
QSO:   14000 CW 2025-11-29 1027 DL0GEO           599 14    S52GO            599  15      0
QSO:   14000 CW 2025-11-29 1027 DL0GEO           599 14    YO2MKI           599  20      0
QSO:   14000 CW 2025-11-29 1028 DL0GEO           599 14    EA8BW            599  33      0
QSO:   14000 CW 2025-11-29 1031 DL0GEO           599 14    R7CA             599  16      0
QSO:   14000 CW 2025-11-29 1036 DL0GEO           599 14    9A1A             599  15      0
QSO:   14000 CW 2025-11-29 1038 DL0GEO           599 14    RM9A             599  17      0
QSO:   14000 CW 2025-11-29 1039 DL0GEO           599 14    LZ5R             599  20      0
QSO:   14000 CW 2025-11-29 1040 DL0GEO           599 14    OT7T             599  14      0
QSO:   14000 CW 2025-11-29 1041 DL0GEO           599 14    M6T              599  14      0
QSO:   14000 CW 2025-11-29 1043 DL0GEO           599 14    UT1KWA           599  16      0
QSO:   14000 CW 2025-11-29 1045 DL0GEO           599 14    IQ3ME            599  15      0
QSO:   14000 CW 2025-11-29 1046 DL0GEO           599 14    OK1PI            599  15      0
QSO:   14000 CW 2025-11-29 1048 DL0GEO           599 14    VY2TT            599  05      0
QSO:   14000 CW 2025-11-29 1051 DL0GEO           599 14    YU2M             599  15      0
QSO:   14000 CW 2025-11-29 1413 DL0GEO           599 14    LY7R             599  15      0
QSO:   14000 CW 2025-11-29 1415 DL0GEO           599 14    OM7LW            599  15      0
QSO:   14000 CW 2025-11-29 1416 DL0GEO           599 14    SP8GNF           599  15      0
QSO:   14000 CW 2025-11-29 1417 DL0GEO           599 14    RT9A             599  17      0
QSO:   14000 CW 2025-11-29 1419 DL0GEO           599 14    YT7BA            599  15      0
QSO:   14000 CW 2025-11-29 1419 DL0GEO           599 14    HG5E             599  15      0
QSO:   14000 CW 2025-11-29 1422 DL0GEO           599 14    IZ4JMA           599  15      0
QSO:   14000 CW 2025-11-29 1424 DL0GEO           599 14    OM3TBG           599  15      0
QSO:   14000 CW 2025-11-29 1427 DL0GEO           599 14    UT4LW            599  16      0
QSO:   14000 CW 2025-11-29 1429 DL0GEO           599 14    GW5P             599  14      0
QSO:   14000 CW 2025-11-29 1430 DL0GEO           599 14    YU1A             599  15      0
QSO:   14000 CW 2025-11-29 1431 DL0GEO           599 14    LC2W             599  14      0
QSO:   14000 CW 2025-11-29 1432 DL0GEO           599 14    UR6EA            599  16      0
QSO:   14000 CW 2025-11-29 1432 DL0GEO           599 14    R9AE             599  17      0
QSO:   14000 CW 2025-11-29 1433 DL0GEO           599 14    LZ9W             599  20      0
QSO:   14000 CW 2025-11-29 1436 DL0GEO           599 14    R9FT             599  17      0
QSO:   14000 CW 2025-11-29 1440 DL0GEO           599 14    RM7M             599  16      0
QSO:   14000 CW 2025-11-29 1442 DL0GEO           599 14    SP9CXN           599  15      0
QSO:   14000 CW 2025-11-29 1443 DL0GEO           599 14    SQ9TX            599  15      0
QSO:   14000 CW 2025-11-29 1443 DL0GEO           599 14    OH8MBN           599  15      0
QSO:   14000 CW 2025-11-29 1444 DL0GEO           599 14    S54X             599  15      0
QSO:   14000 CW 2025-11-29 1447 DL0GEO           599 14    LY2PAD           599  15      0
QSO:   14000 CW 2025-11-29 1528 DL0GEO           599 14    SZ2EDE           599  20      0
QSO:   14000 CW 2025-11-29 1530 DL0GEO           599 14    RM1C             599  16      0
QSO:   14000 CW 2025-11-29 1531 DL0GEO           599 14    YO8COR           599  20      0
QSO:   14000 CW 2025-11-29 1532 DL0GEO           599 14    RU1A             599  16      0
QSO:   14000 CW 2025-11-29 1532 DL0GEO           599 14    UA3AP            599  16      0
QSO:   14000 CW 2025-11-29 1534 DL0GEO           599 14    UT7CR            599  16      0
QSO:   14000 CW 2025-11-29 1537 DL0GEO           599 14    ES9C             599  15      0
QSO:   14000 CW 2025-11-29 1539 DL0GEO           599 14    UA6AA            599  16      0
QSO:   14000 CW 2025-11-29 1540 DL0GEO           599 14    RA3YDA           599  16      0
QSO:   14000 CW 2025-11-29 1542 DL0GEO           599 14    IS0ESG           599  15      0
QSO:   14000 CW 2025-11-29 1545 DL0GEO           599 14    YO3GNF           599  20      0
QSO:   14000 CW 2025-11-29 1548 DL0GEO           599 14    YO8TNB           599  20      0
QSO:   14000 CW 2025-11-29 1550 DL0GEO           599 14    YT2ISM           599  15      0
QSO:   14000 CW 2025-11-29 1555 DL0GEO           599 14    9H6A             599  15      0
QSO:   14000 CW 2025-11-29 1603 DL0GEO           599 14    CN3A             599  33      0
QSO:   14000 CW 2025-11-29 1610 DL0GEO           599 14    YU5M             599  15      0
QSO:   14000 CW 2025-11-29 1611 DL0GEO           599 14    LZ1RW            599  20      0
QSO:   14000 CW 2025-11-29 1612 DL0GEO           599 14    N9RV             599  04      0
QSO:   14000 CW 2025-11-29 1630 DL0GEO           599 14    YT9X             599  15      0
QSO:   14000 CW 2025-11-29 1634 DL0GEO           599 14    ZA1RR            599  15      0
QSO:   14000 CW 2025-11-29 1636 DL0GEO           599 14    UZ7E             599  16      0
QSO:   14000 CW 2025-11-29 1640 DL0GEO           599 14    EA6/GM3ZDH       599  14      0
QSO:   14000 CW 2025-11-29 1641 DL0GEO           599 14    LZ2PS            599  20      0
QSO:   14000 CW 2025-11-29 1642 DL0GEO           599 14    SV2AEL           599  20      0
QSO:   14000 CW 2025-11-29 1643 DL0GEO           599 14    ED3Q             599  14      0
QSO:   14000 CW 2025-11-29 1644 DL0GEO           599 14    EA3BRL           599  14      0
QSO:   14000 CW 2025-11-29 1651 DL0GEO           599 14    YR7A             599  20      0
QSO:   14000 CW 2025-11-29 1705 DL0GEO           599 14    N6RO             599  03      0
QSO:   14000 CW 2025-11-29 1707 DL0GEO           599 14    P3AA             599  20      0
QSO:   14000 CW 2025-11-29 1709 DL0GEO           599 14    OE5OHO           599  15      0
QSO:   14000 CW 2025-11-29 1740 DL0GEO           599 14    S56C             599  15      0
QSO:   14000 CW 2025-11-29 1748 DL0GEO           599 14    S58W             599  15      0
QSO:   14000 CW 2025-11-30 0640 DL0GEO           599 14    4O4A             599  15      0
QSO:   14000 CW 2025-11-30 0648 DL0GEO           599 14    RM3F             599  16      0
QSO:   14000 CW 2025-11-30 0649 DL0GEO           599 14    LZ1JZ            599  20      0
QSO:   14000 CW 2025-11-30 0651 DL0GEO           599 14    UR5XMM           599  16      0
QSO:   14000 CW 2025-11-30 0652 DL0GEO           599 14    UA4LL            599  16      0
QSO:   14000 CW 2025-11-30 0652 DL0GEO           599 14    UP0L             599  17      0
QSO:   14000 CW 2025-11-30 0657 DL0GEO           599 14    RA5G             599  16      0
QSO:   14000 CW 2025-11-30 0658 DL0GEO           599 14    IB9T             599  15      0
QSO:   14000 CW 2025-11-30 0704 DL0GEO           599 14    YR8R             599  20      0
QSO:   14000 CW 2025-11-30 0706 DL0GEO           599 14    HA8EN            599  15      0
QSO:   14000 CW 2025-11-30 0707 DL0GEO           599 14    9A6OY            599  15      0
QSO:   14000 CW 2025-11-30 0710 DL0GEO           599 14    9A5ST            599  15      0
QSO:   14000 CW 2025-11-30 0718 DL0GEO           599 14    YU2VZ            599  15      0
QSO:   14000 CW 2025-11-30 0720 DL0GEO           599 14    9A2L             599  15      0
QSO:   14000 CW 2025-11-30 0722 DL0GEO           599 14    UR5WAQ           599  16      0
QSO:   14000 CW 2025-11-30 0907 DL0GEO           599 14    SD1A             599  14      0
QSO:   14000 CW 2025-11-30 0907 DL0GEO           599 14    LY4L             599  15      0
QSO:   14000 CW 2025-11-30 0908 DL0GEO           599 14    9A1AA            599  15      0
QSO:   14000 CW 2025-11-30 0910 DL0GEO           599 14    HA1NB            599  15      0
QSO:   14000 CW 2025-11-30 0911 DL0GEO           599 14    OR4M             599  14      0
QSO:   14000 CW 2025-11-30 0914 DL0GEO           599 14    N4WW             599  05      0
QSO:   14000 CW 2025-11-30 0919 DL0GEO           599 14    SQ7NSN           599  15      0
QSO:   14000 CW 2025-11-30 0921 DL0GEO           599 14    F5JU             599  14      0
QSO:   14000 CW 2025-11-30 0922 DL0GEO           599 14    F4DVO            599  14      0
QSO:   14000 CW 2025-11-30 0922 DL0GEO           599 14    OE1CIW           599  15      0
QSO:   14000 CW 2025-11-30 0923 DL0GEO           599 14    YO8DOH           599  20      0
QSO:   14000 CW 2025-11-30 0927 DL0GEO           599 14    GI4NKB           599  14      0
QSO:   14000 CW 2025-11-30 0928 DL0GEO           599 14    HG1R             599  15      0
QSO:   14000 CW 2025-11-30 0929 DL0GEO           599 14    HA8WY            599  15      0
QSO:   14000 CW 2025-11-30 0932 DL0GEO           599 14    SF0A             599  14      0
QSO:   14000 CW 2025-11-30 0933 DL0GEO           599 14    HA8TA            599  15      0
QSO:   14000 CW 2025-11-30 0950 DL0GEO           599 14    SP2FAP           599  15      0
QSO:   14000 CW 2025-11-30 0954 DL0GEO           599 14    IO9J             599  15      0
QSO:   14000 CW 2025-11-30 0956 DL0GEO           599 14    RW4W             599  16      0
QSO:   14000 CW 2025-11-30 0957 DL0GEO           599 14    SO7NA            599  15      0
QSO:   14000 CW 2025-11-30 1000 DL0GEO           599 14    LA/US1PM         599  14      0
QSO:   14000 CW 2025-11-30 1001 DL0GEO           599 14    IK6MNB           599  15      0
QSO:   14000 CW 2025-11-30 1001 DL0GEO           599 14    F4HTV            599  14      0
QSO:   14000 CW 2025-11-30 1002 DL0GEO           599 14    OL3A             599  15      0
QSO:   14000 CW 2025-11-30 1003 DL0GEO           599 14    DL3AO            599  14      0
QSO:   14000 CW 2025-11-30 1003 DL0GEO           599 14    F5ICC            599  14      0
QSO:   14000 CW 2025-11-30 1004 DL0GEO           599 14    HA7MF            599  15      0
QSO:   14000 CW 2025-11-30 1004 DL0GEO           599 14    SV1ME            599  20      0
QSO:   14000 CW 2025-11-30 1005 DL0GEO           599 14    OM3CFR           599  15      0
QSO:   14000 CW 2025-11-30 1006 DL0GEO           599 14    SP2AYC           599  15      0
QSO:   14000 CW 2025-11-30 1008 DL0GEO           599 14    E74HX            599  15      0
QSO:   14000 CW 2025-11-30 1041 DL0GEO           599 14    SM3EVR           599  14      0
QSO:   14000 CW 2025-11-30 1044 DL0GEO           599 14    YO9GR            599  20      0
QSO:   14000 CW 2025-11-30 1046 DL0GEO           599 14    IZ2OOS           599  15      0
QSO:   14000 CW 2025-11-30 1047 DL0GEO           599 14    HG7J             599  15      0
QSO:   14000 CW 2025-11-30 1049 DL0GEO           599 14    IO4X             599  15      0
QSO:   14000 CW 2025-11-30 1051 DL0GEO           599 14    SQ9RM            599  15      0
QSO:   14000 CW 2025-11-30 1052 DL0GEO           599 14    SP2HOU           599  15      0
QSO:   14000 CW 2025-11-30 1053 DL0GEO           599 14    R6CC             599  16      0
QSO:   14000 CW 2025-11-30 1053 DL0GEO           599 14    YO9CB            599  20      0
QSO:   14000 CW 2025-11-30 1054 DL0GEO           599 14    OM7M             599  15      0
QSO:   14000 CW 2025-11-30 1058 DL0GEO           599 14    IW1RHS           599  15      0
QSO:   14000 CW 2025-11-30 1103 DL0GEO           599 14    EA5XA            599  14      0
QSO:   14000 CW 2025-11-30 1107 DL0GEO           599 14    HG6O             599  15      0
QSO:   14000 CW 2025-11-30 1113 DL0GEO           599 14    GM2V             599  14      0
QSO:   14000 CW 2025-11-30 1115 DL0GEO           599 14    UR8RF            599  16      0
QSO:   14000 CW 2025-11-30 1115 DL0GEO           599 14    9A1P             599  15      0
QSO:   14000 CW 2025-11-30 1116 DL0GEO           599 14    CR3B             599  33      0
QSO:   14000 CW 2025-11-30 1118 DL0GEO           599 14    EA5GX            599  14      0
QSO:   14000 CW 2025-11-30 1118 DL0GEO           599 14    G3V              599  14      0
QSO:   14000 CW 2025-11-30 1121 DL0GEO           599 14    IP2A             599  15      0
QSO:   14000 CW 2025-11-30 1122 DL0GEO           599 14    OK6Y             599  15      0
QSO:   14000 CW 2025-11-30 1125 DL0GEO           599 14    OF9X             599  15      0
QSO:   14000 CW 2025-11-30 1128 DL0GEO           599 14    IK2HKT           599  15      0
QSO:   14000 CW 2025-11-30 1130 DL0GEO           599 14    F4HRM            599  14      0
QSO:   14000 CW 2025-11-30 1131 DL0GEO           599 14    SO4M             599  15      0
QSO:   14000 CW 2025-11-30 1205 DL0GEO           599 14    R5AJ             599  16      0
QSO:   14000 CW 2025-11-30 1208 DL0GEO           599 14    TM4W             599  14      0
QSO:   14000 CW 2025-11-30 1210 DL0GEO           599 14    RM9X             599  17      0
QSO:   14000 CW 2025-11-30 1211 DL0GEO           599 14    S51Z             599  15      0
QSO:   14000 CW 2025-11-30 1212 DL0GEO           599 14    E7DX             599  15      0
QSO:   14000 CW 2025-11-30 1215 DL0GEO           599 14    SP7IFX           599  15      0
QSO:   14000 CW 2025-11-30 1217 DL0GEO           599 14    EU7X             599  16      0
QSO:   14000 CW 2025-11-30 1220 DL0GEO           599 14    UA1ANA           599  16      0
QSO:   14000 CW 2025-11-30 1221 DL0GEO           599 14    EM7Q             599  16      0
QSO:   14000 CW 2025-11-30 1222 DL0GEO           599 14    NX3A             599  05      0
QSO:   14000 CW 2025-11-30 1226 DL0GEO           599 14    SM5LW            599  14      0
QSO:   14000 CW 2025-11-30 1244 DL0GEO           599 14    OK1CO            599  15      0
QSO:   14000 CW 2025-11-30 1246 DL0GEO           599 14    OK2QA            599  15      0
QSO:   14000 CW 2025-11-30 1256 DL0GEO           599 14    LN8W             599  14      0
QSO:   14000 CW 2025-11-30 1257 DL0GEO           599 14    YL2GD            599  15      0
QSO:   14000 CW 2025-11-30 1257 DL0GEO           599 14    HA3DX            599  15      0
QSO:   14000 CW 2025-11-30 1259 DL0GEO           599 14    YT3X             599  15      0
QSO:   14000 CW 2025-11-30 1300 DL0GEO           599 14    TM1T             599  14      0
QSO:   14000 CW 2025-11-30 1301 DL0GEO           599 14    9A3YT            599  15      0
QSO:   14000 CW 2025-11-30 1304 DL0GEO           599 14    SN2B             599  15      0
QSO:   14000 CW 2025-11-30 1305 DL0GEO           599 14    NR4M             599  05      0
QSO:   14000 CW 2025-11-30 1306 DL0GEO           599 14    ED8X             599  33      0
QSO:   14000 CW 2025-11-30 1308 DL0GEO           599 14    G5W              599  14      0
QSO:   14000 CW 2025-11-30 1309 DL0GEO           599 14    RK6O             599  16      0
QSO:   14000 CW 2025-11-30 1310 DL0GEO           599 14    OM2X             599  15      0
QSO:   14000 CW 2025-11-30 1311 DL0GEO           599 14    UT2II            599  16      0
QSO:   14000 CW 2025-11-30 1317 DL0GEO           599 14    YT5WA            599  15      0
QSO:   14000 CW 2025-11-30 1318 DL0GEO           599 14    F5KLE            599  14      0
QSO:   14000 CW 2025-11-30 1340 DL0GEO           599 14    UA9MA            599  16      0
QSO:   14000 CW 2025-11-30 1343 DL0GEO           599 14    LZ4R             599  20      0
QSO:   14000 CW 2025-11-30 1344 DL0GEO           599 14    EM5K             599  16      0
QSO:   14000 CW 2025-11-30 1358 DL0GEO           599 14    F5OZC            599  14      0
QSO:   14000 CW 2025-11-30 1359 DL0GEO           599 14    IK3VUT           599  15      0
QSO:   14000 CW 2025-11-30 1401 DL0GEO           599 14    SM5ACQ           599  14      0
QSO:   14000 CW 2025-11-30 1403 DL0GEO           599 14    IZ4OSH           599  15      0
QSO:   14000 CW 2025-11-30 1406 DL0GEO           599 14    I2JIN            599  15      0
QSO:   14000 CW 2025-11-30 1414 DL0GEO           599 14    K3LR             599  05      0
QSO:   14000 CW 2025-11-30 1425 DL0GEO           599 14    S52F             599  15      0
QSO:   14000 CW 2025-11-30 1426 DL0GEO           599 14    LZ1AQ            599  20      0
QSO:   14000 CW 2025-11-30 1428 DL0GEO           599 14    IO6T             599  15      0
QSO:   14000 CW 2025-11-30 1428 DL0GEO           599 14    UR3LM            599  16      0
QSO:   14000 CW 2025-11-30 1430 DL0GEO           599 14    KC1XX            599  05      0
QSO:   14000 CW 2025-11-30 1432 DL0GEO           599 14    I2CZQ            599  15      0
QSO:   14000 CW 2025-11-30 1433 DL0GEO           599 14    YT2U             599  15      0
QSO:   14000 CW 2025-11-30 1433 DL0GEO           599 14    R1BC             599  16      0
QSO:   14000 CW 2025-11-30 1435 DL0GEO           599 14    RZ3Z             599  16      0
QSO:   14000 CW 2025-11-30 1437 DL0GEO           599 14    LZ1IQ            599  20      0
QSO:   14000 CW 2025-11-30 1437 DL0GEO           599 14    UR5R             599  16      0
QSO:   14000 CW 2025-11-30 1438 DL0GEO           599 14    IZ1DXS           599  15      0
QSO:   14000 CW 2025-11-30 1438 DL0GEO           599 14    RN5AA            599  16      0
QSO:   14000 CW 2025-11-30 1445 DL0GEO           599 14    UA6GO            599  16      0
QSO:   14000 CW 2025-11-30 1449 DL0GEO           599 14    OG7F             599  15      0
QSO:   14000 CW 2025-11-30 1458 DL0GEO           599 14    R2EG             599  16      0
QSO:   14000 CW 2025-11-30 1500 DL0GEO           599 14    ES3YJ            599  15      0
QSO:   14000 CW 2025-11-30 1502 DL0GEO           599 14    IZ0FUW           599  15      0
QSO:   14000 CW 2025-11-30 1505 DL0GEO           599 14    RG2A             599  16      0
QSO:   14000 CW 2025-11-30 1507 DL0GEO           599 14    UR4KWA           599  16      0
QSO:   14000 CW 2025-11-30 1508 DL0GEO           599 14    DM0A             599  14      0
QSO:   14000 CW 2025-11-30 1512 DL0GEO           599 14    IZ0DHC           599  15      0
QSO:   14000 CW 2025-11-30 1549 DL0GEO           599 14    ZA1EM            599  15      0
QSO:   14000 CW 2025-11-30 1603 DL0GEO           599 14    HG5A             599  15      0
QSO:   14000 CW 2025-11-30 1607 DL0GEO           599 14    J42T             599  20      0
QSO:   14000 CW 2025-11-30 1621 DL0GEO           599 14    OX7AM            599  40      0
QSO:   14000 CW 2025-11-30 1622 DL0GEO           599 14    LY5O             599  15      0
QSO:   14000 CW 2025-11-30 1623 DL0GEO           599 14    EW2A             599  16      0
QSO:   14000 CW 2025-11-30 1627 DL0GEO           599 14    RL3A             599  16      0
QSO:   14000 CW 2025-11-30 1631 DL0GEO           599 14    SA2OLM           599  14      0
QSO:   14000 CW 2025-11-30 1632 DL0GEO           599 14    W1EQ             599  05      0
QSO:   14000 CW 2025-11-30 1637 DL0GEO           599 14    HA3OU            599  15      0
QSO:   14000 CW 2025-11-30 1638 DL0GEO           599 14    IU8RIA           599  15      0
QSO:   14000 CW 2025-11-30 1641 DL0GEO           599 14    HG8R             599  15      0
QSO:   14000 CW 2025-11-30 1644 DL0GEO           599 14    RK4FD            599  16      0
QSO:   14000 CW 2025-11-30 1647 DL0GEO           599 14    DF0HQ            599  14      0
QSO:   14000 CW 2025-11-30 1657 DL0GEO           599 14    HA8A             599  15      0
QSO:   14000 CW 2025-11-30 1703 DL0GEO           599 14    OM5CM            599  15      0
QSO:   14000 CW 2025-11-30 1706 DL0GEO           599 14    S53M             599  15      0
END-OF-LOG:
