START-OF-LOG: 3.0
CONTEST: CQ-WW-CW
CALLSIGN: E77D
LOCATION: DX
CATEGORY-OPERATOR: SINGLE-OP
CATEGORY-ASSISTED: ASSISTED
CATEGORY-BAND: 40M
CATEGORY-POWER: LOW
CATEGORY-MODE: CW
CATEGORY-TRANSMITTER: ONE
CATEGORY-STATION:
CATEGORY-OVERLAY:
GRID-LOCATOR: JN94BR
CLAIMED-SCORE: 5412
NAME: Darko Malinovic
OPERATORS: E77D
CREATED-BY: UcxLog 8.46
QSO:    7034 CW 2025-11-30 2214 E77D             599 15    UA7K             599  16      0
QSO:    7033 CW 2025-11-30 2215 E77D             599 15    M6T              599  14      0
QSO:    7035 CW 2025-11-30 2216 E77D             599 15    R7NW             599  16      0
QSO:    7039 CW 2025-11-30 2217 E77D             599 15    TM1W             599  14      0
QSO:    7036 CW 2025-11-30 2218 E77D             599 15    DR1A             599  14      0
QSO:    7041 CW 2025-11-30 2219 E77D             599 15    SM2U             599  14      0
QSO:    7041 CW 2025-11-30 2219 E77D             599 15    EF6T             599  14      0
QSO:    7042 CW 2025-11-30 2219 E77D             599 15    EA5O             599  14      0
QSO:    7043 CW 2025-11-30 2220 E77D             599 15    HG8R             599  15      0
QSO:    7047 CW 2025-11-30 2221 E77D             599 15    F6IRA            599  14      0
QSO:    7001 CW 2025-11-30 2222 E77D             599 15    RT6A             599  16      0
QSO:    7002 CW 2025-11-30 2223 E77D             599 15    DP9A             599  14      0
QSO:    7002 CW 2025-11-30 2223 E77D             599 15    CR3A             599  33      0
QSO:    7005 CW 2025-11-30 2224 E77D             599 15    UX1VX            599  16      0
QSO:    7005 CW 2025-11-30 2225 E77D             599 15    EA1X             599  14      0
QSO:    7020 CW 2025-11-30 2227 E77D             599 15    M6N              599  14      0
QSO:    7025 CW 2025-11-30 2228 E77D             599 15    EA5RS            599  14      0
QSO:    7026 CW 2025-11-30 2229 E77D             599 15    EC5K             599  14      0
QSO:    7032 CW 2025-11-30 2231 E77D             599 15    OK5Z             599  15      0
QSO:    7038 CW 2025-11-30 2232 E77D             599 15    P3AA             599  20      0
QSO:    7050 CW 2025-11-30 2234 E77D             599 15    SN7J             599  15      0
QSO:    7056 CW 2025-11-30 2235 E77D             599 15    TM2Y             599  14      0
QSO:    7058 CW 2025-11-30 2236 E77D             599 15    CQ9A             599  33      0
QSO:    7060 CW 2025-11-30 2236 E77D             599 15    R4SA             599  16      0
QSO:    7066 CW 2025-11-30 2237 E77D             599 15    EU1A             599  16      0
QSO:    7069 CW 2025-11-30 2237 E77D             599 15    UA4M             599  16      0
QSO:    7073 CW 2025-11-30 2238 E77D             599 15    E7CW             599  15      0
QSO:    7078 CW 2025-11-30 2239 E77D             599 15    UP4L             599  17      0
QSO:    7021 CW 2025-11-30 2243 E77D             599 15    E7DX             599  15      0
QSO:    7024 CW 2025-11-30 2250 E77D             599 15    RA5G             599  16      0
QSO:    7008 CW 2025-11-30 2251 E77D             599 15    W3RJ             599  5       0
QSO:    7008 CW 2025-11-30 2252 E77D             599 15    OH5Z             599  15      0
QSO:    7010 CW 2025-11-30 2252 E77D             599 15    ND3T             599  5       0
QSO:    7015 CW 2025-11-30 2253 E77D             599 15    UP5B             599  17      0
QSO:    7028 CW 2025-11-30 2255 E77D             599 15    W3LPL            599  5       0
QSO:    7028 CW 2025-11-30 2256 E77D             599 15    BA8BA            599  24      0
QSO:    7041 CW 2025-11-30 2259 E77D             599 15    EF8R             599  33      0
QSO:    7045 CW 2025-11-30 2302 E77D             599 15    OQ5M             599  14      0
QSO:    7046 CW 2025-11-30 2303 E77D             599 15    DD2D             599  14      0
QSO:    7048 CW 2025-11-30 2303 E77D             599 15    RL3T             599  16      0
QSO:    7050 CW 2025-11-30 2304 E77D             599 15    N4WW             599  5       0
QSO:    7054 CW 2025-11-30 2305 E77D             599 15    CR3W             599  33      0
QSO:    7069 CW 2025-11-30 2307 E77D             599 15    KP4AA            599  08      0
QSO:    7073 CW 2025-11-30 2308 E77D             599 15    WA1T             599  5       0
QSO:    7079 CW 2025-11-30 2309 E77D             599 15    EX9A             599  17      0
QSO:    7084 CW 2025-11-30 2309 E77D             599 15    LY4L             599  15      0
QSO:    7070 CW 2025-11-30 2311 E77D             599 15    OY1CT            599  14      0
QSO:    7080 CW 2025-11-30 2311 E77D             599 15    SJ2W             599  14      0
QSO:    7081 CW 2025-11-30 2312 E77D             599 15    F4FFH            599  14      0
QSO:    7083 CW 2025-11-30 2313 E77D             599 15    3B8M             599  39      0
QSO:    7087 CW 2025-11-30 2314 E77D             599 15    UZ7E             599  16      0
QSO:    7087 CW 2025-11-30 2315 E77D             599 15    DF7A             599  14      0
QSO:    7087 CW 2025-11-30 2316 E77D             599 15    LC5A             599  14      0
QSO:    7087 CW 2025-11-30 2316 E77D             599 15    RU1A             599  16      0
QSO:    7087 CW 2025-11-30 2317 E77D             599 15    SP3WKW           599  15      0
QSO:    7087 CW 2025-11-30 2318 E77D             599 15    F4ACR            599  14      0
QSO:    7088 CW 2025-11-30 2320 E77D             599 15    TC2E             599  20      0
QSO:    7087 CW 2025-11-30 2321 E77D             599 15    GM7A             599  14      0
QSO:    7087 CW 2025-11-30 2323 E77D             599 15    EA3CWT           599  14      0
QSO:    7087 CW 2025-11-30 2324 E77D             599 15    G0SKW            599  14      0
QSO:    7087 CW 2025-11-30 2325 E77D             599 15    SP2GCE           599  15      0
QSO:    7087 CW 2025-11-30 2326 E77D             599 15    RA9Y             599  18      0
QSO:    7087 CW 2025-11-30 2327 E77D             599 15    P3CR             599  20      0
QSO:    7087 CW 2025-11-30 2328 E77D             599 15    KA1IS            599  5       0
QSO:    7087 CW 2025-11-30 2328 E77D             599 15    LY1M             599  15      0
QSO:    7087 CW 2025-11-30 2329 E77D             599 15    ES9C             599  15      0
QSO:    7087 CW 2025-11-30 2334 E77D             599 15    SP1AEN           599  15      0
QSO:    7087 CW 2025-11-30 2336 E77D             599 15    WA3C             599  4       0
QSO:    7006 CW 2025-11-30 2340 E77D             599 15    OK1PI            599  15      0
QSO:    7087 CW 2025-11-30 2345 E77D             599 15    KC1XX            599  5       0
QSO:    7087 CW 2025-11-30 2347 E77D             599 15    NR4M             599  5       0
QSO:    7087 CW 2025-11-30 2348 E77D             599 15    UT5PY            599  16      0
QSO:    7087 CW 2025-11-30 2352 E77D             599 15    OH5Z             599  15      0
QSO:    7014 CW 2025-11-30 2356 E77D             599 15    HB7X             599  14      0
QSO:    7014 CW 2025-11-30 2356 E77D             599 15    N2MF             599  5       0
QSO:    7011 CW 2025-11-30 2357 E77D             599 15    K3LR             599  5       0
END-OF-LOG:
