START-OF-LOG: 3.0
CONTEST: CQ-WW-CW
CALLSIGN: OQ0Q
LOCATION: DX
CATEGORY-OPERATOR: SINGLE-OP
CATEGORY-ASSISTED: ASSISTED
CATEGORY-BAND: 15M
CATEGORY-POWER: HIGH
CATEGORY-MODE: CW
CATEGORY-TRANSMITTER: ONE
CATEGORY-STATION: FIXED
CATEGORY-OVERLAY:
GRID-LOCATOR: JO20EP
CLAIMED-SCORE: 120612
NAME: Leon Donner
OPERATORS: OQ0Q
CLUB: CONTEST CLUB BELGIUM
CREATED-BY: N1MM Logger+ 1.0.11031.0
QSO:   21051 CW 2025-11-29 1008 OQ0Q             599 14    SK3W             599  14       
QSO:   21051 CW 2025-11-29 1009 OQ0Q             599 14    EU6RO            599  16       
QSO:   21051 CW 2025-11-29 1010 OQ0Q             599 14    RW4W             599  16       
QSO:   21051 CW 2025-11-29 1010 OQ0Q             599 14    EA1IED           599  14       
QSO:   21051 CW 2025-11-29 1011 OQ0Q             599 14    US1VM            599  16       
QSO:   21051 CW 2025-11-29 1012 OQ0Q             599 14    UA3YFL           599  16       
QSO:   21051 CW 2025-11-29 1013 OQ0Q             599 14    RN4NF            599  16       
QSO:   21051 CW 2025-11-29 1013 OQ0Q             599 14    EA6ZS            599  14       
QSO:   21051 CW 2025-11-29 1015 OQ0Q             599 14    OK1FMX           599  15       
QSO:   21051 CW 2025-11-29 1016 OQ0Q             599 14    UR4KWA           599  16       
QSO:   21051 CW 2025-11-29 1016 OQ0Q             599 14    LY5I             599  15       
QSO:   21051 CW 2025-11-29 1017 OQ0Q             599 14    EA8BW            599  33       
QSO:   21051 CW 2025-11-29 1018 OQ0Q             599 14    LY9Y             599  15       
QSO:   21051 CW 2025-11-29 1021 OQ0Q             599 14    CT7BFV           599  14       
QSO:   21051 CW 2025-11-29 1022 OQ0Q             599 14    HG6N             599  15       
QSO:   21051 CW 2025-11-29 1023 OQ0Q             599 14    R3HH             599  16       
QSO:   21051 CW 2025-11-29 1023 OQ0Q             599 14    F6KOP            599  14       
QSO:   21051 CW 2025-11-29 1024 OQ0Q             599 14    YO8BOD           599  20       
QSO:   21051 CW 2025-11-29 1025 OQ0Q             599 14    YR7A             599  20       
QSO:   21051 CW 2025-11-29 1026 OQ0Q             599 14    R4IO             599  16       
QSO:   21051 CW 2025-11-29 1026 OQ0Q             599 14    YO4FHU           599  20       
QSO:   21051 CW 2025-11-29 1027 OQ0Q             599 14    LY5G             599  15       
QSO:   21051 CW 2025-11-29 1028 OQ0Q             599 14    NP3Y             599  08       
QSO:   21051 CW 2025-11-29 1030 OQ0Q             599 14    HA3IC            599  15       
QSO:   21051 CW 2025-11-29 1030 OQ0Q             599 14    9A2L             599  15       
QSO:   21051 CW 2025-11-29 1031 OQ0Q             599 14    YU1A             599  15       
QSO:   21051 CW 2025-11-29 1032 OQ0Q             599 14    UD8A             599  17       
QSO:   21051 CW 2025-11-29 1033 OQ0Q             599 14    HA5BA            599  15       
QSO:   21051 CW 2025-11-29 1034 OQ0Q             599 14    HA8L             599  15       
QSO:   21051 CW 2025-11-29 1034 OQ0Q             599 14    ER1WK            599  16       
QSO:   21051 CW 2025-11-29 1036 OQ0Q             599 14    4Z4DX            599  20       
QSO:   21051 CW 2025-11-29 1037 OQ0Q             599 14    YL3RZ            599  15       
QSO:   21051 CW 2025-11-29 1037 OQ0Q             599 14    RU1A             599  16       
QSO:   21051 CW 2025-11-29 1038 OQ0Q             599 14    EM7Q             599  16       
QSO:   21051 CW 2025-11-29 1038 OQ0Q             599 14    RZ3AV            599  16       
QSO:   21051 CW 2025-11-29 1038 OQ0Q             599 14    OH7MFO           599  15       
QSO:   21051 CW 2025-11-29 1039 OQ0Q             599 14    UC7N             599  16       
QSO:   21051 CW 2025-11-29 1039 OQ0Q             599 14    UT3QZ            599  16       
QSO:   21051 CW 2025-11-29 1041 OQ0Q             599 14    YO2IS            599  20       
QSO:   21051 CW 2025-11-29 1043 OQ0Q             599 14    EW5A             599  16       
QSO:   21051 CW 2025-11-29 1044 OQ0Q             599 14    YT1TU            599  15       
QSO:   21051 CW 2025-11-29 1044 OQ0Q             599 14    RT9A             599  17       
QSO:   21051 CW 2025-11-29 1046 OQ0Q             599 14    PP5TG            599  11       
QSO:   21051 CW 2025-11-29 1046 OQ0Q             599 14    PY2PLL           599  11       
QSO:   21051 CW 2025-11-29 1047 OQ0Q             599 14    LY4L             599  15       
QSO:   21051 CW 2025-11-29 1047 OQ0Q             599 14    OH7K             599  15       
QSO:   21051 CW 2025-11-29 1050 OQ0Q             599 14    YU1AT            599  15       
QSO:   21051 CW 2025-11-29 1050 OQ0Q             599 14    YU1KW            599  15       
QSO:   21051 CW 2025-11-29 1052 OQ0Q             599 14    UT2EF            599  16       
QSO:   21051 CW 2025-11-29 1053 OQ0Q             599 14    RC0AT            599  18       
QSO:   21051 CW 2025-11-29 1054 OQ0Q             599 14    UA4PAQ           599  16       
QSO:   21051 CW 2025-11-29 1055 OQ0Q             599 14    SP2JJD           599  15       
QSO:   21051 CW 2025-11-29 1056 OQ0Q             599 14    EW2ES            599  16       
QSO:   21051 CW 2025-11-29 1056 OQ0Q             599 14    IK6MNB           599  15       
QSO:   21051 CW 2025-11-29 1057 OQ0Q             599 14    RA4ACX           599  16       
QSO:   21051 CW 2025-11-29 1057 OQ0Q             599 14    RM1Q             599  16       
QSO:   21051 CW 2025-11-29 1057 OQ0Q             599 14    YL5W             599  15       
QSO:   21051 CW 2025-11-29 1058 OQ0Q             599 14    IK7LMX           599  15       
QSO:   21051 CW 2025-11-29 1058 OQ0Q             599 14    EW1EA            599  16       
QSO:   21051 CW 2025-11-29 1059 OQ0Q             599 14    US5WBJ           599  16       
QSO:   21051 CW 2025-11-29 1059 OQ0Q             599 14    PC4H             599  14       
QSO:   21051 CW 2025-11-29 1100 OQ0Q             599 14    UX7UU            599  16       
QSO:   21051 CW 2025-11-29 1101 OQ0Q             599 14    ES3RF            599  15       
QSO:   21051 CW 2025-11-29 1102 OQ0Q             599 14    P3CR             599  20       
QSO:   21051 CW 2025-11-29 1102 OQ0Q             599 14    UX8IX            599  16       
QSO:   21051 CW 2025-11-29 1102 OQ0Q             599 14    UN8PT            599  17       
QSO:   21051 CW 2025-11-29 1104 OQ0Q             599 14    UT4LW            599  16       
QSO:   21051 CW 2025-11-29 1105 OQ0Q             599 14    VK7GN            599  30       
QSO:   21051 CW 2025-11-29 1106 OQ0Q             599 14    OG6N             599  15       
QSO:   21051 CW 2025-11-29 1107 OQ0Q             599 14    PJ4K             599  09       
QSO:   21047 CW 2025-11-29 1551 OQ0Q             599 14    WA3C             599  04       
QSO:   21047 CW 2025-11-29 1552 OQ0Q             599 14    N8HRZ            599  04       
QSO:   21047 CW 2025-11-29 1553 OQ0Q             599 14    W3MA             599  05       
QSO:   21047 CW 2025-11-29 1553 OQ0Q             599 14    G4IIY            599  14       
QSO:   21047 CW 2025-11-29 1554 OQ0Q             599 14    K3ZA             599  05       
QSO:   21047 CW 2025-11-29 1554 OQ0Q             599 14    NF3R             599  05       
QSO:   21047 CW 2025-11-29 1555 OQ0Q             599 14    K3PA             599  04       
QSO:   21047 CW 2025-11-29 1555 OQ0Q             599 14    KT0A             599  04       
QSO:   21047 CW 2025-11-29 1558 OQ0Q             599 14    W1NG             599  05       
QSO:   21047 CW 2025-11-29 1559 OQ0Q             599 14    N3XF             599  05       
QSO:   21047 CW 2025-11-29 1600 OQ0Q             599 14    K5XU             599  04       
QSO:   21047 CW 2025-11-29 1600 OQ0Q             599 14    N9GUN            599  04       
QSO:   21047 CW 2025-11-29 1601 OQ0Q             599 14    N1IBM            599  05       
QSO:   21047 CW 2025-11-29 1601 OQ0Q             599 14    K3WW             599  05       
QSO:   21047 CW 2025-11-29 1602 OQ0Q             599 14    KC1XX            599  05       
QSO:   21047 CW 2025-11-29 1602 OQ0Q             599 14    KI5GTR           599  04       
QSO:   21047 CW 2025-11-29 1602 OQ0Q             599 14    NR4M             599  05       
QSO:   21047 CW 2025-11-29 1603 OQ0Q             599 14    EA7K             599  14       
QSO:   21047 CW 2025-11-29 1603 OQ0Q             599 14    KC1UML           599  05       
QSO:   21047 CW 2025-11-29 1603 OQ0Q             599 14    N4WW             599  05       
QSO:   21047 CW 2025-11-29 1604 OQ0Q             599 14    N8HHG            599  04       
QSO:   21047 CW 2025-11-29 1605 OQ0Q             599 14    WA4JUK           599  05       
QSO:   21047 CW 2025-11-29 1605 OQ0Q             599 14    K5QR             599  04       
QSO:   21047 CW 2025-11-29 1605 OQ0Q             599 14    K5MV             599  04       
QSO:   21047 CW 2025-11-29 1606 OQ0Q             599 14    K2RKD            599  05       
QSO:   21047 CW 2025-11-29 1606 OQ0Q             599 14    N7CW             599  03       
QSO:   21047 CW 2025-11-29 1607 OQ0Q             599 14    CT1BZG           599  14       
QSO:   21047 CW 2025-11-29 1607 OQ0Q             599 14    WS6X             599  05       
QSO:   21047 CW 2025-11-29 1607 OQ0Q             599 14    W4EF             599  03       
QSO:   21047 CW 2025-11-29 1608 OQ0Q             599 14    DL7UIO           599  14       
QSO:   21047 CW 2025-11-29 1610 OQ0Q             599 14    AB4WV            599  04       
QSO:   21047 CW 2025-11-29 1610 OQ0Q             599 14    OK3DM            599  15       
QSO:   21047 CW 2025-11-29 1611 OQ0Q             599 14    ON8GA            599  14       
QSO:   21047 CW 2025-11-29 1611 OQ0Q             599 14    WE9R             599  04       
QSO:   21047 CW 2025-11-29 1612 OQ0Q             599 14    W4SPR            599  05       
QSO:   21047 CW 2025-11-29 1612 OQ0Q             599 14    W4RM             599  05       
QSO:   21047 CW 2025-11-29 1613 OQ0Q             599 14    NB1N             599  05       
QSO:   21047 CW 2025-11-29 1613 OQ0Q             599 14    DL8RDL           599  14       
QSO:   21047 CW 2025-11-29 1614 OQ0Q             599 14    VE3TG            599  04       
QSO:   21047 CW 2025-11-29 1614 OQ0Q             599 14    K8LX             599  04       
QSO:   21047 CW 2025-11-29 1615 OQ0Q             599 14    N4MM             599  05       
QSO:   21047 CW 2025-11-29 1616 OQ0Q             599 14    KT4M             599  04       
QSO:   21047 CW 2025-11-29 1616 OQ0Q             599 14    AA7V             599  03       
QSO:   21047 CW 2025-11-29 1617 OQ0Q             599 14    F5ICC            599  14       
QSO:   21047 CW 2025-11-29 1617 OQ0Q             599 14    AC5K             599  04       
QSO:   21047 CW 2025-11-29 1618 OQ0Q             599 14    KA2KON           599  05       
QSO:   21047 CW 2025-11-29 1619 OQ0Q             599 14    W6PH             599  03       
QSO:   21047 CW 2025-11-29 1620 OQ0Q             599 14    SN2B             599  15       
QSO:   21047 CW 2025-11-29 1620 OQ0Q             599 14    K6SQL            599  03       
QSO:   21047 CW 2025-11-29 1620 OQ0Q             599 14    N3RJ             599  05       
QSO:   21047 CW 2025-11-29 1621 OQ0Q             599 14    WA5SOG           599  04       
QSO:   21047 CW 2025-11-29 1622 OQ0Q             599 14    KC4D             599  05       
QSO:   21047 CW 2025-11-29 1622 OQ0Q             599 14    KE8PX            599  04       
QSO:   21047 CW 2025-11-29 1623 OQ0Q             599 14    AC5XK            599  05       
QSO:   21047 CW 2025-11-29 1624 OQ0Q             599 14    NU1D             599  05       
QSO:   21047 CW 2025-11-29 1625 OQ0Q             599 14    N4LSJ            599  04       
QSO:   21047 CW 2025-11-29 1625 OQ0Q             599 14    NE8P             599  05       
QSO:   21047 CW 2025-11-29 1626 OQ0Q             599 14    N9TK             599  04       
QSO:   21047 CW 2025-11-29 1626 OQ0Q             599 14    OM8CW            599  15       
QSO:   21047 CW 2025-11-29 1627 OQ0Q             599 14    N3KN             599  05       
QSO:   21047 CW 2025-11-29 1627 OQ0Q             599 14    N8LR             599  04       
QSO:   21047 CW 2025-11-29 1627 OQ0Q             599 14    WW3S             599  05       
QSO:   21047 CW 2025-11-29 1628 OQ0Q             599 14    W6YA             599  03       
QSO:   21047 CW 2025-11-29 1628 OQ0Q             599 14    N2KHH            599  05       
QSO:   21047 CW 2025-11-29 1628 OQ0Q             599 14    TK0C             599  15       
QSO:   21047 CW 2025-11-29 1629 OQ0Q             599 14    K8CT             599  04       
QSO:   21047 CW 2025-11-29 1630 OQ0Q             599 14    W6HN             599  04       
QSO:   21047 CW 2025-11-29 1630 OQ0Q             599 14    K6YK             599  03       
QSO:   21047 CW 2025-11-29 1631 OQ0Q             599 14    KB1W             599  05       
QSO:   21047 CW 2025-11-29 1632 OQ0Q             599 14    K1RV             599  05       
QSO:   21047 CW 2025-11-29 1632 OQ0Q             599 14    AJ6V             599  03       
QSO:   21047 CW 2025-11-29 1632 OQ0Q             599 14    KD2KW            599  04       
QSO:   21047 CW 2025-11-29 1633 OQ0Q             599 14    W4PJW            599  05       
QSO:   21047 CW 2025-11-29 1633 OQ0Q             599 14    WW2P             599  05       
QSO:   21047 CW 2025-11-29 1633 OQ0Q             599 14    IK0FUX           599  15       
QSO:   21047 CW 2025-11-29 1634 OQ0Q             599 14    N4UU             599  05       
QSO:   21047 CW 2025-11-29 1635 OQ0Q             599 14    KB4GRD           599  04       
QSO:   21047 CW 2025-11-29 1635 OQ0Q             599 14    N4LR             599  04       
QSO:   21047 CW 2025-11-29 1635 OQ0Q             599 14    VA2EBI           599  05       
QSO:   21047 CW 2025-11-29 1636 OQ0Q             599 14    N4NA             599  04       
QSO:   21047 CW 2025-11-29 1636 OQ0Q             599 14    W3UL             599  05       
QSO:   21047 CW 2025-11-29 1636 OQ0Q             599 14    AG2J             599  05       
QSO:   21047 CW 2025-11-29 1637 OQ0Q             599 14    N9CIQ            599  04       
QSO:   21047 CW 2025-11-29 1637 OQ0Q             599 14    K1SM             599  05       
QSO:   21047 CW 2025-11-29 1638 OQ0Q             599 14    W1GQ             599  05       
QSO:   21047 CW 2025-11-29 1638 OQ0Q             599 14    W2DON            599  03       
QSO:   21047 CW 2025-11-29 1638 OQ0Q             599 14    N2LBR            599  05       
QSO:   21047 CW 2025-11-29 1639 OQ0Q             599 14    K0SN             599  04       
QSO:   21047 CW 2025-11-29 1640 OQ0Q             599 14    DL1EAR           599  14       
QSO:   21047 CW 2025-11-29 1640 OQ0Q             599 14    VE3MGY           599  04       
QSO:   21047 CW 2025-11-29 1641 OQ0Q             599 14    DL4AMK           599  14       
QSO:   21047 CW 2025-11-29 1641 OQ0Q             599 14    KC4X             599  05       
QSO:   21047 CW 2025-11-29 1641 OQ0Q             599 14    KR2AA            599  05       
QSO:   21047 CW 2025-11-29 1642 OQ0Q             599 14    N3AD             599  05       
QSO:   21047 CW 2025-11-29 1642 OQ0Q             599 14    DM7W             599  14       
QSO:   21047 CW 2025-11-29 1643 OQ0Q             599 14    N7AT             599  03       
QSO:   21047 CW 2025-11-29 1643 OQ0Q             599 14    NR3Z             599  05       
QSO:   21047 CW 2025-11-29 1644 OQ0Q             599 14    K9YC             599  03       
QSO:   21047 CW 2025-11-29 1644 OQ0Q             599 14    N2SQW            599  05       
QSO:   21047 CW 2025-11-29 1644 OQ0Q             599 14    NA3M             599  05       
QSO:   21047 CW 2025-11-29 1645 OQ0Q             599 14    WO2T             599  05       
QSO:   21047 CW 2025-11-29 1645 OQ0Q             599 14    NI1Q             599  05       
QSO:   21047 CW 2025-11-29 1645 OQ0Q             599 14    K3WT             599  05       
QSO:   21047 CW 2025-11-29 1646 OQ0Q             599 14    WV4AM            599  05       
QSO:   21047 CW 2025-11-29 1646 OQ0Q             599 14    NO5W             599  04       
QSO:   21057 CW 2025-11-29 1705 OQ0Q             599 14    K0TQ             599  04       
QSO:   21057 CW 2025-11-29 1706 OQ0Q             599 14    K9WO             599  04       
QSO:   21057 CW 2025-11-29 1707 OQ0Q             599 14    K0ZR             599  05       
QSO:   21057 CW 2025-11-29 1707 OQ0Q             599 14    DL1DTL           599  14       
QSO:   21057 CW 2025-11-29 1709 OQ0Q             599 14    KX1X             599  05       
QSO:   21057 CW 2025-11-29 1709 OQ0Q             599 14    NU8A             599  04       
QSO:   21057 CW 2025-11-29 1710 OQ0Q             599 14    HK4LRM           599  09       
QSO:   21057 CW 2025-11-29 1710 OQ0Q             599 14    VE3YAA           599  04       
QSO:   21057 CW 2025-11-29 1711 OQ0Q             599 14    WK1O             599  05       
QSO:   21057 CW 2025-11-29 1712 OQ0Q             599 14    W3LPL            599  05       
QSO:   21057 CW 2025-11-29 1712 OQ0Q             599 14    W9ILY            599  04       
QSO:   21057 CW 2025-11-29 1714 OQ0Q             599 14    HB9DCM           599  14       
QSO:   21057 CW 2025-11-29 1715 OQ0Q             599 14    DK1TW            599  14       
QSO:   21057 CW 2025-11-29 1716 OQ0Q             599 14    W3ICM            599  05       
QSO:   21057 CW 2025-11-29 1716 OQ0Q             599 14    SK6EI            599  14       
QSO:   21057 CW 2025-11-29 1717 OQ0Q             599 14    KN1MT            599  04       
QSO:   21057 CW 2025-11-29 1717 OQ0Q             599 14    KG1E             599  05       
QSO:   21057 CW 2025-11-29 1717 OQ0Q             599 14    W1HNZ            599  05       
QSO:   21057 CW 2025-11-29 1718 OQ0Q             599 14    K3WJV            599  05       
QSO:   21057 CW 2025-11-29 1718 OQ0Q             599 14    K9CW             599  04       
QSO:   21057 CW 2025-11-29 1719 OQ0Q             599 14    WY3A             599  05       
QSO:   21057 CW 2025-11-29 1719 OQ0Q             599 14    K5RX             599  04       
QSO:   21057 CW 2025-11-29 1719 OQ0Q             599 14    N8II             599  05       
QSO:   21057 CW 2025-11-29 1720 OQ0Q             599 14    N4ZZ             599  04       
QSO:   21057 CW 2025-11-29 1724 OQ0Q             599 14    AA6KJ            599  04       
QSO:   21057 CW 2025-11-29 1724 OQ0Q             599 14    AA8R             599  05       
QSO:   21057 CW 2025-11-29 1724 OQ0Q             599 14    K2IY             599  05       
QSO:   21057 CW 2025-11-29 1725 OQ0Q             599 14    WK2H             599  05       
QSO:   21057 CW 2025-11-29 1726 OQ0Q             599 14    K5OA             599  03       
QSO:   21057 CW 2025-11-29 1726 OQ0Q             599 14    K1AR             599  05       
QSO:   21036 CW 2025-11-29 1733 OQ0Q             599 14    OT7T             599  14       
QSO:   21057 CW 2025-11-29 1735 OQ0Q             599 14    DK7EO            599  14       
QSO:   21057 CW 2025-11-29 1736 OQ0Q             599 14    KW1Q             599  05       
QSO:   21057 CW 2025-11-29 1736 OQ0Q             599 14    N8EM             599  04       
QSO:   21057 CW 2025-11-29 1737 OQ0Q             599 14    W3SMQ            599  05       
QSO:   21057 CW 2025-11-29 1737 OQ0Q             599 14    NN5T             599  04       
QSO:   21057 CW 2025-11-29 1738 OQ0Q             599 14    W2ANZ            599  05       
QSO:   21057 CW 2025-11-29 1739 OQ0Q             599 14    K5RHZ            599  04       
QSO:   21057 CW 2025-11-29 1739 OQ0Q             599 14    N0AV             599  04       
QSO:   21057 CW 2025-11-29 1740 OQ0Q             599 14    N8GAS            599  04       
QSO:   21057 CW 2025-11-29 1742 OQ0Q             599 14    N7XU             599  03       
QSO:   21057 CW 2025-11-29 1742 OQ0Q             599 14    WA2LMC           599  05       
QSO:   21057 CW 2025-11-29 1743 OQ0Q             599 14    PI4CC            599  14       
QSO:   21057 CW 2025-11-29 1744 OQ0Q             599 14    N2GC             599  05       
QSO:   21057 CW 2025-11-29 1744 OQ0Q             599 14    W6UB             599  04       
QSO:   21048 CW 2025-11-29 1940 OQ0Q             599 14    XE2X             599  06       
QSO:   21045 CW 2025-11-29 1941 OQ0Q             599 14    P44W             599  09       
QSO:   21018 CW 2025-11-29 1944 OQ0Q             599 14    K3LR             599  05       
QSO:   21022 CW 2025-11-29 1945 OQ0Q             599 14    N2PP             599  05       
QSO:   21033 CW 2025-11-29 1949 OQ0Q             599 14    KP2B             599  08       
QSO:   21056 CW 2025-11-29 1952 OQ0Q             599 14    FY5FY            599  09       
QSO:   21067 CW 2025-11-29 1953 OQ0Q             599 14    8P5A             599  08       
QSO:   21105 CW 2025-11-29 1956 OQ0Q             599 14    PW2K             599  11       
QSO:   21066 CW 2025-11-29 1959 OQ0Q             599 14    8R1/AG6UT        599  09       
QSO:   21065 CW 2025-11-29 2000 OQ0Q             599 14    PT1M             599  11       
QSO:   21054 CW 2025-11-29 2004 OQ0Q             599 14    CX2CC            599  13       
QSO:   21053 CW 2025-11-30 0718 OQ0Q             599 14    B4S              599  24       
QSO:   21058 CW 2025-11-30 0721 OQ0Q             599 14    UA9BA            599  17       
QSO:   21061 CW 2025-11-30 0722 OQ0Q             599 14    BI6LFJ           599  24       
QSO:   21063 CW 2025-11-30 0724 OQ0Q             599 14    B0A              599  23       
QSO:   21066 CW 2025-11-30 0725 OQ0Q             599 14    4K6FO            599  21       
QSO:   21071 CW 2025-11-30 0735 OQ0Q             599 14    9M8YY            599  28       
QSO:   21065 CW 2025-11-30 0736 OQ0Q             599 14    UN3M             599  17       
QSO:   21049 CW 2025-11-30 0740 OQ0Q             599 14    JA3YBK           599  25       
QSO:   21043 CW 2025-11-30 0742 OQ0Q             599 14    CN3A             599  33       
QSO:   21019 CW 2025-11-30 0750 OQ0Q             599 14    R3ZZ             599  16       
QSO:   21021 CW 2025-11-30 0819 OQ0Q             599 14    E2X              599  26       
QSO:   21024 CW 2025-11-30 0820 OQ0Q             599 14    5X1XA            599  37       
QSO:   21012 CW 2025-11-30 0825 OQ0Q             599 14    VU2YYF           599  22       
QSO:   21006 CW 2025-11-30 0827 OQ0Q             599 14    CR3A             599  33       
QSO:   21019 CW 2025-11-30 0828 OQ0Q             599 14    Z32U             599  15       
QSO:   21050 CW 2025-11-30 0838 OQ0Q             599 14    UC0A             599  18       
QSO:   21050 CW 2025-11-30 0839 OQ0Q             599 14    UA4M             599  16       
QSO:   21050 CW 2025-11-30 0839 OQ0Q             599 14    RZ4AG            599  16       
QSO:   21050 CW 2025-11-30 0840 OQ0Q             599 14    RK9AX            599  17       
QSO:   21050 CW 2025-11-30 0840 OQ0Q             599 14    R3ZZE            599  16       
QSO:   21050 CW 2025-11-30 0840 OQ0Q             599 14    YO4AR            599  20       
QSO:   21050 CW 2025-11-30 0841 OQ0Q             599 14    RA6AR            599  16       
QSO:   21050 CW 2025-11-30 0842 OQ0Q             599 14    RM9A             599  17       
QSO:   21050 CW 2025-11-30 0842 OQ0Q             599 14    RX6FJ            599  16       
QSO:   21050 CW 2025-11-30 0843 OQ0Q             599 14    RM9I             599  18       
QSO:   21050 CW 2025-11-30 0843 OQ0Q             599 14    RA9Y             599  18       
QSO:   21050 CW 2025-11-30 0844 OQ0Q             599 14    RT6A             599  16       
QSO:   21050 CW 2025-11-30 0844 OQ0Q             599 14    R4DI             599  16       
QSO:   21050 CW 2025-11-30 0844 OQ0Q             599 14    RW9DX            599  17       
QSO:   21050 CW 2025-11-30 0845 OQ0Q             599 14    R9XS             599  17       
QSO:   21050 CW 2025-11-30 0845 OQ0Q             599 14    JI1AVY           599  25       
QSO:   21050 CW 2025-11-30 0846 OQ0Q             599 14    F4BPO            599  14       
QSO:   21050 CW 2025-11-30 0847 OQ0Q             599 14    US5VX            599  16       
QSO:   21050 CW 2025-11-30 0847 OQ0Q             599 14    RA3AN            599  16       
QSO:   21050 CW 2025-11-30 0847 OQ0Q             599 14    R9MM             599  17       
QSO:   21050 CW 2025-11-30 0848 OQ0Q             599 14    YO3AK            599  20       
QSO:   21050 CW 2025-11-30 0848 OQ0Q             599 14    UR6EA            599  16       
QSO:   21050 CW 2025-11-30 0849 OQ0Q             599 14    UA0UY            599  18       
QSO:   21050 CW 2025-11-30 0849 OQ0Q             599 14    R7OF             599  16       
QSO:   21050 CW 2025-11-30 0850 OQ0Q             599 14    LA100A           599  14       
QSO:   21050 CW 2025-11-30 0850 OQ0Q             599 14    YO6FLW           599  20       
QSO:   21050 CW 2025-11-30 0851 OQ0Q             599 14    RU4SO            599  16       
QSO:   21050 CW 2025-11-30 0851 OQ0Q             599 14    BI8AQ            599  24       
QSO:   21050 CW 2025-11-30 0852 OQ0Q             599 14    RM9CX            599  17       
QSO:   21100 CW 2025-11-30 0923 OQ0Q             599 14    S79/OK6RA        599  39       
QSO:   21082 CW 2025-11-30 0925 OQ0Q             599 14    PW2F             599  11       
QSO:   21087 CW 2025-11-30 0927 OQ0Q             599 14    VK9DX            599  32       
QSO:   21002 CW 2025-11-30 0932 OQ0Q             599 14    ZD7VJ            599  36       
QSO:   21000 CW 2025-11-30 0933 OQ0Q             599 14    4O3A             599  15       
QSO:   21005 CW 2025-11-30 0934 OQ0Q             599 14    UK9AA            599  17       
QSO:   21013 CW 2025-11-30 0937 OQ0Q             599 14    LZ1ZJ            599  20       
QSO:   21028 CW 2025-11-30 0938 OQ0Q             599 14    IO9R             599  15       
QSO:   21065 CW 2025-11-30 0944 OQ0Q             599 14    V85RH            599  28       
QSO:   21069 CW 2025-11-30 0945 OQ0Q             599 14    3B8M             599  39       
QSO:   21003 CW 2025-11-30 1024 OQ0Q             599 14    PW4T             599  11       
QSO:   21004 CW 2025-11-30 1027 OQ0Q             599 14    4X6FR            599  20       
QSO:   21004 CW 2025-11-30 1027 OQ0Q             599 14    IK7MIY           599  15       
QSO:   21008 CW 2025-11-30 1028 OQ0Q             599 14    IS0AFM           599  15       
QSO:   21012 CW 2025-11-30 1030 OQ0Q             599 14    S50K             599  15       
QSO:   21016 CW 2025-11-30 1031 OQ0Q             599 14    TA2DA            599  20       
QSO:   21042 CW 2025-11-30 1034 OQ0Q             599 14    TO7A             599  08       
QSO:   21052 CW 2025-11-30 1035 OQ0Q             599 14    CR2M             599  14       
QSO:   21063 CW 2025-11-30 1045 OQ0Q             599 14    PA8MM            599  14       
QSO:   21063 CW 2025-11-30 1047 OQ0Q             599 14    HA5JI            599  15       
QSO:   21063 CW 2025-11-30 1048 OQ0Q             599 14    OH3KQ            599  15       
QSO:   21063 CW 2025-11-30 1049 OQ0Q             599 14    HG8W             599  15       
QSO:   21063 CW 2025-11-30 1049 OQ0Q             599 14    UA0OK            599  18       
QSO:   21063 CW 2025-11-30 1050 OQ0Q             599 14    EU6AF            599  16       
QSO:   21063 CW 2025-11-30 1050 OQ0Q             599 14    E7CW             599  15       
QSO:   21063 CW 2025-11-30 1051 OQ0Q             599 14    UA7K             599  16       
QSO:   21063 CW 2025-11-30 1052 OQ0Q             599 14    RT2H             599  16       
QSO:   21063 CW 2025-11-30 1053 OQ0Q             599 14    YO8SAO           599  20       
QSO:   21021 CW 2025-11-30 1057 OQ0Q             599 14    PJ2T             599  09       
QSO:   21018 CW 2025-11-30 1058 OQ0Q             599 14    PJ5C             599  08       
QSO:   21047 CW 2025-11-30 1102 OQ0Q             599 14    V47T             599  08       
QSO:   21086 CW 2025-11-30 1105 OQ0Q             599 14    SZ1A             599  20       
QSO:   21066 CW 2025-11-30 1212 OQ0Q             599 14    V26K             599  08       
QSO:   21073 CW 2025-11-30 1215 OQ0Q             599 14    KP4AA            599  08       
QSO:   21094 CW 2025-11-30 1216 OQ0Q             599 14    VP9I             599  05       
QSO:   21007 CW 2025-11-30 1220 OQ0Q             599 14    ZF1A             599  08       
QSO:   21013 CW 2025-11-30 1221 OQ0Q             599 14    VP2MMA           599  08       
QSO:   21019 CW 2025-11-30 1223 OQ0Q             599 14    J38W             599  08       
QSO:   21055 CW 2025-11-30 1248 OQ0Q             599 14    5J1DX            599  09       
QSO:   21065 CW 2025-11-30 1250 OQ0Q             599 14    W2CG             599  05       
QSO:   21065 CW 2025-11-30 1251 OQ0Q             599 14    YL2BJ            599  15       
QSO:   21065 CW 2025-11-30 1251 OQ0Q             599 14    N4AF             599  05       
QSO:   21065 CW 2025-11-30 1251 OQ0Q             599 14    K4KYN            599  04       
QSO:   21065 CW 2025-11-30 1252 OQ0Q             599 14    SM7PEV           599  14       
QSO:   21065 CW 2025-11-30 1252 OQ0Q             599 14    K2AX             599  05       
QSO:   21065 CW 2025-11-30 1253 OQ0Q             599 14    YO3DAC           599  20       
QSO:   21065 CW 2025-11-30 1253 OQ0Q             599 14    OG3B             599  15       
QSO:   21065 CW 2025-11-30 1254 OQ0Q             599 14    YL3GQ            599  15       
QSO:   21065 CW 2025-11-30 1255 OQ0Q             599 14    HG7T             599  15       
QSO:   21065 CW 2025-11-30 1255 OQ0Q             599 14    EA4FL            599  14       
QSO:   21065 CW 2025-11-30 1256 OQ0Q             599 14    VE3KOT           599  04       
QSO:   21065 CW 2025-11-30 1256 OQ0Q             599 14    OM7M             599  15       
QSO:   21065 CW 2025-11-30 1256 OQ0Q             599 14    RT4M             599  16       
QSO:   21065 CW 2025-11-30 1257 OQ0Q             599 14    W1CSM            599  05       
QSO:   21065 CW 2025-11-30 1257 OQ0Q             599 14    K2TWI            599  05       
QSO:   21065 CW 2025-11-30 1258 OQ0Q             599 14    YO4NF            599  20       
QSO:   21065 CW 2025-11-30 1258 OQ0Q             599 14    EA1BP            599  14       
QSO:   21065 CW 2025-11-30 1259 OQ0Q             599 14    K1RC             599  05       
QSO:   21065 CW 2025-11-30 1300 OQ0Q             599 14    ZF5T             599  08       
QSO:   21065 CW 2025-11-30 1301 OQ0Q             599 14    R5DT             599  16       
QSO:   21065 CW 2025-11-30 1302 OQ0Q             599 14    WA9FET           599  04       
QSO:   21065 CW 2025-11-30 1302 OQ0Q             599 14    N2JJ             599  05       
QSO:   21065 CW 2025-11-30 1303 OQ0Q             599 14    RA3FY            599  16       
QSO:   21065 CW 2025-11-30 1303 OQ0Q             599 14    SD3A             599  14       
QSO:   21065 CW 2025-11-30 1304 OQ0Q             599 14    N3FCP            599  05       
QSO:   21065 CW 2025-11-30 1305 OQ0Q             599 14    W4YE             599  05       
QSO:   21065 CW 2025-11-30 1305 OQ0Q             599 14    W8VX             599  04       
QSO:   21065 CW 2025-11-30 1307 OQ0Q             599 14    EU2F             599  16       
QSO:   21065 CW 2025-11-30 1309 OQ0Q             599 14    EW6FL            599  16       
QSO:   21065 CW 2025-11-30 1309 OQ0Q             599 14    WK2G             599  05       
QSO:   21065 CW 2025-11-30 1309 OQ0Q             599 14    K1WAT            599  05       
QSO:   21065 CW 2025-11-30 1310 OQ0Q             599 14    UA1ANA           599  16       
QSO:   21065 CW 2025-11-30 1311 OQ0Q             599 14    EW6EW            599  16       
QSO:   21065 CW 2025-11-30 1311 OQ0Q             599 14    DL4ABR           599  14       
QSO:   21065 CW 2025-11-30 1312 OQ0Q             599 14    RN5AA            599  16       
QSO:   21065 CW 2025-11-30 1312 OQ0Q             599 14    EF3T             599  14       
QSO:   21065 CW 2025-11-30 1313 OQ0Q             599 14    LZ2A             599  20       
QSO:   21065 CW 2025-11-30 1315 OQ0Q             599 14    LZ8E             599  20       
QSO:   21065 CW 2025-11-30 1316 OQ0Q             599 14    9A5D             599  15       
QSO:   21065 CW 2025-11-30 1316 OQ0Q             599 14    AA4NC            599  05       
QSO:   21065 CW 2025-11-30 1317 OQ0Q             599 14    N1NN             599  05       
QSO:   21065 CW 2025-11-30 1317 OQ0Q             599 14    WR2G             599  05       
QSO:   21065 CW 2025-11-30 1318 OQ0Q             599 14    US0SY            599  16       
QSO:   21065 CW 2025-11-30 1318 OQ0Q             599 14    KE3X             599  05       
QSO:   21065 CW 2025-11-30 1319 OQ0Q             599 14    IO4A             599  15       
QSO:   21061 CW 2025-11-30 1453 OQ0Q             599 14    NN4SS            599  05       
QSO:   21061 CW 2025-11-30 1453 OQ0Q             599 14    K6RM             599  05       
QSO:   21061 CW 2025-11-30 1454 OQ0Q             599 14    TM6V             599  14       
QSO:   21061 CW 2025-11-30 1454 OQ0Q             599 14    AA1NK            599  05       
QSO:   21061 CW 2025-11-30 1456 OQ0Q             599 14    W1NT             599  05       
QSO:   21061 CW 2025-11-30 1456 OQ0Q             599 14    W2MV             599  05       
QSO:   21061 CW 2025-11-30 1457 OQ0Q             599 14    KV0I             599  04       
QSO:   21061 CW 2025-11-30 1458 OQ0Q             599 14    K4IE             599  04       
QSO:   21061 CW 2025-11-30 1500 OQ0Q             599 14    K3ZV             599  05       
QSO:   21061 CW 2025-11-30 1501 OQ0Q             599 14    N6JRL            599  04       
QSO:   21061 CW 2025-11-30 1502 OQ0Q             599 14    KR2Q             599  05       
QSO:   21061 CW 2025-11-30 1502 OQ0Q             599 14    PA5WT            599  14       
QSO:   21061 CW 2025-11-30 1502 OQ0Q             599 14    N3AM             599  05       
QSO:   21061 CW 2025-11-30 1502 OQ0Q             599 14    LZ1BP            599  20       
QSO:   21061 CW 2025-11-30 1503 OQ0Q             599 14    N2AA             599  05       
QSO:   21061 CW 2025-11-30 1503 OQ0Q             599 14    G4R              599  14       
QSO:   21061 CW 2025-11-30 1504 OQ0Q             599 14    G0MTN            599  14       
QSO:   21061 CW 2025-11-30 1504 OQ0Q             599 14    9A1P             599  15       
QSO:   21061 CW 2025-11-30 1505 OQ0Q             599 14    K7WP             599  03       
QSO:   21061 CW 2025-11-30 1506 OQ0Q             599 14    OG2X             599  15       
QSO:   21061 CW 2025-11-30 1507 OQ0Q             599 14    NZ8V             599  04       
QSO:   21061 CW 2025-11-30 1507 OQ0Q             599 14    AB8DF            599  04       
QSO:   21061 CW 2025-11-30 1508 OQ0Q             599 14    OL3A             599  15       
QSO:   21061 CW 2025-11-30 1508 OQ0Q             599 14    N6RO             599  03       
QSO:   21061 CW 2025-11-30 1509 OQ0Q             599 14    W2UP             599  04       
QSO:   21061 CW 2025-11-30 1509 OQ0Q             599 14    NW0M             599  04       
QSO:   21061 CW 2025-11-30 1510 OQ0Q             599 14    KG5VK            599  04       
QSO:   21061 CW 2025-11-30 1511 OQ0Q             599 14    DL4CF            599  14       
QSO:   21061 CW 2025-11-30 1511 OQ0Q             599 14    NA4J             599  05       
QSO:   21061 CW 2025-11-30 1512 OQ0Q             599 14    SN4X             599  15       
QSO:   21061 CW 2025-11-30 1513 OQ0Q             599 14    WA2CHV           599  05       
QSO:   21061 CW 2025-11-30 1514 OQ0Q             599 14    SM6CNN           599  14       
QSO:   21061 CW 2025-11-30 1515 OQ0Q             599 14    WC3N             599  05       
QSO:   21061 CW 2025-11-30 1515 OQ0Q             599 14    WX1S             599  05       
QSO:   21061 CW 2025-11-30 1515 OQ0Q             599 14    DJ3HW            599  14       
QSO:   21061 CW 2025-11-30 1516 OQ0Q             599 14    DL7QU            599  14       
QSO:   21061 CW 2025-11-30 1516 OQ0Q             599 14    WJ2D             599  05       
QSO:   21061 CW 2025-11-30 1517 OQ0Q             599 14    N6BT             599  03       
QSO:   21061 CW 2025-11-30 1517 OQ0Q             599 14    F6ARC            599  14       
QSO:   21061 CW 2025-11-30 1517 OQ0Q             599 14    N8CWU            599  04       
QSO:   21061 CW 2025-11-30 1518 OQ0Q             599 14    N8IQV            599  04       
QSO:   21029 CW 2025-11-30 1522 OQ0Q             599 14    OE2S             599  15       
QSO:   21029 CW 2025-11-30 1523 OQ0Q             599 14    YV4ABR           599  09       
QSO:   21020 CW 2025-11-30 1524 OQ0Q             599 14    OZ8X             599  14       
QSO:   21028 CW 2025-11-30 1525 OQ0Q             599 14    MI5I             599  14       
QSO:   21065 CW 2025-11-30 1731 OQ0Q             599 14    HQ9X             599  07       
QSO:   21047 CW 2025-11-30 1733 OQ0Q             599 14    WJ1U             599  05       
QSO:   21047 CW 2025-11-30 1734 OQ0Q             599 14    W9XT             599  04       
QSO:   21047 CW 2025-11-30 1734 OQ0Q             599 14    K1FFX            599  05       
QSO:   21047 CW 2025-11-30 1735 OQ0Q             599 14    KM7W             599  04       
QSO:   21047 CW 2025-11-30 1735 OQ0Q             599 14    W2FU             599  05       
QSO:   21047 CW 2025-11-30 1736 OQ0Q             599 14    K4RUM            599  05       
QSO:   21047 CW 2025-11-30 1736 OQ0Q             599 14    K4SUE            599  05       
QSO:   21047 CW 2025-11-30 1737 OQ0Q             599 14    VA3TNM           599  04       
QSO:   21047 CW 2025-11-30 1738 OQ0Q             599 14    KA5CJJ           599  04       
QSO:   21047 CW 2025-11-30 1738 OQ0Q             599 14    NY3A             599  05       
QSO:   21047 CW 2025-11-30 1738 OQ0Q             599 14    W5TM             599  04       
QSO:   21047 CW 2025-11-30 1739 OQ0Q             599 14    N0RC             599  04       
QSO:   21047 CW 2025-11-30 1739 OQ0Q             599 14    K1RO             599  05       
QSO:   21047 CW 2025-11-30 1740 OQ0Q             599 14    N9DJ             599  04       
QSO:   21047 CW 2025-11-30 1740 OQ0Q             599 14    W3KB             599  05       
QSO:   21047 CW 2025-11-30 1743 OQ0Q             599 14    K8AZ             599  04       
QSO:   21047 CW 2025-11-30 1743 OQ0Q             599 14    W9VW             599  04       
QSO:   21047 CW 2025-11-30 1744 OQ0Q             599 14    K1RX             599  05       
QSO:   21047 CW 2025-11-30 1744 OQ0Q             599 14    N4CF             599  05       
QSO:   21047 CW 2025-11-30 1744 OQ0Q             599 14    AG4TT            599  05       
QSO:   21047 CW 2025-11-30 1745 OQ0Q             599 14    NJ3K             599  05       
QSO:   21047 CW 2025-11-30 1745 OQ0Q             599 14    K0EJ             599  04       
QSO:   21047 CW 2025-11-30 1745 OQ0Q             599 14    N0IRM            599  04       
QSO:   21047 CW 2025-11-30 1746 OQ0Q             599 14    VA3OKG           599  04       
QSO:   21047 CW 2025-11-30 1746 OQ0Q             599 14    N3RS             599  05       
QSO:   21047 CW 2025-11-30 1747 OQ0Q             599 14    N3RD             599  05       
QSO:   21047 CW 2025-11-30 1747 OQ0Q             599 14    KB8TL            599  04       
QSO:   21047 CW 2025-11-30 1749 OQ0Q             599 14    N0BUI            599  04       
QSO:   21047 CW 2025-11-30 1749 OQ0Q             599 14    W0EWD            599  04       
QSO:   21047 CW 2025-11-30 1750 OQ0Q             599 14    KB4DX            599  05       
QSO:   21047 CW 2025-11-30 1750 OQ0Q             599 14    KU8L             599  04       
QSO:   21047 CW 2025-11-30 1750 OQ0Q             599 14    VE3ICV           599  04       
QSO:   21047 CW 2025-11-30 1751 OQ0Q             599 14    K4BAI            599  05       
QSO:   21047 CW 2025-11-30 1751 OQ0Q             599 14    N3ATQ            599  05       
QSO:   21047 CW 2025-11-30 1751 OQ0Q             599 14    W5VY             599  04       
QSO:   21047 CW 2025-11-30 1752 OQ0Q             599 14    AJ2Y             599  05       
QSO:   21047 CW 2025-11-30 1752 OQ0Q             599 14    W2RD             599  05       
QSO:   21047 CW 2025-11-30 1753 OQ0Q             599 14    WA1ZYX           599  05       
QSO:   21047 CW 2025-11-30 1753 OQ0Q             599 14    K3EL             599  05       
QSO:   21047 CW 2025-11-30 1754 OQ0Q             599 14    K0RF             599  04       
QSO:   21047 CW 2025-11-30 1754 OQ0Q             599 14    AC9S             599  04       
QSO:   21047 CW 2025-11-30 1754 OQ0Q             599 14    K3QF             599  05       
QSO:   21047 CW 2025-11-30 1755 OQ0Q             599 14    W0OR             599  04       
QSO:   21047 CW 2025-11-30 1756 OQ0Q             599 14    N5TJ             599  04       
QSO:   21047 CW 2025-11-30 1756 OQ0Q             599 14    KE3FG            599  05       
QSO:   21047 CW 2025-11-30 1756 OQ0Q             599 14    N5AW             599  04       
QSO:   21047 CW 2025-11-30 1757 OQ0Q             599 14    K9OM             599  05       
QSO:   21047 CW 2025-11-30 1757 OQ0Q             599 14    W8FN             599  05       
QSO:   21047 CW 2025-11-30 1758 OQ0Q             599 14    WO2Y             599  05       
QSO:   21047 CW 2025-11-30 1758 OQ0Q             599 14    KD0EE            599  04       
QSO:   21047 CW 2025-11-30 1758 OQ0Q             599 14    VE3EY            599  04       
QSO:   21047 CW 2025-11-30 1759 OQ0Q             599 14    K1BX             599  05       
QSO:   21047 CW 2025-11-30 1759 OQ0Q             599 14    W8KNO            599  04       
QSO:   21047 CW 2025-11-30 1800 OQ0Q             599 14    NC2Y             599  05       
END-OF-LOG:
