START-OF-LOG: 3.0
CONTEST: CQ-WW-CW
CALLSIGN: OZ1AXG
LOCATION: DX
CATEGORY-OPERATOR: SINGLE-OP
CATEGORY-ASSISTED: ASSISTED
CATEGORY-BAND: 40M
CATEGORY-POWER: HIGH
CATEGORY-MODE: CW
CATEGORY-TRANSMITTER: ONE
CATEGORY-STATION: FIXED
CATEGORY-OVERLAY:
GRID-LOCATOR:
CLAIMED-SCORE: 0
NAME:
CLUB: DANISH DX GROUP
CREATED-BY: ADIF2CABR V.3.10 (C) SP7DQR
QSO:    7015 CW 2025-11-30 0009 OZ1AXG           599 14    K1RX             599  5        
QSO:    7000 CW 2025-11-30 0012 OZ1AXG           599 14    W3LPL            599  5        
QSO:    7006 CW 2025-11-30 0016 OZ1AXG           599 14    KC1XX            599  5        
QSO:    7007 CW 2025-11-30 0017 OZ1AXG           599 14    ED9U             599  33       
QSO:    7034 CW 2025-11-30 0101 OZ1AXG           599 14    A44A             599  21       
QSO:    7041 CW 2025-11-30 0103 OZ1AXG           599 14    W3RJ             599  5        
QSO:    7042 CW 2025-11-30 0104 OZ1AXG           599 14    B0A              599  24       
QSO:    7056 CW 2025-11-30 0107 OZ1AXG           599 14    BG0DLA           599  23       
END-OF-LOG:
