START-OF-LOG: 3.0
CREATED-BY: reconstructed-log-builder
CONTEST: CQ-WW-SSB
CALLSIGN: OK2TJ
LOCATION: 
CATEGORY: CHECKLOG
CATEGORY-OPERATOR: SINGLE-OP
CATEGORY-BAND: ALL
CATEGORY-MODE: MIXED
CATEGORY-POWER: UNKNOWN
CATEGORY-ASSISTED: NON-ASSISTED
CATEGORY-TRANSMITTER: ONE
CATEGORY-STATION: UNKNOWN
CATEGORY-OVERLAY: 
OPERATORS: OK2TJ
CLAIMED-SCORE: 
CLUB: 
NAME: 
SOAPBOX: RECONSTRUCTED MOCKUP LOG - NOT AN OFFICIAL SUBMISSION.
SOAPBOX: Derived from submitted logs for CQ-WW-SSB CQWW/ph/2025.
QSO: 28298 PH 2025-10-25 0753 OK2TJ         59 15 9K2JJ         59 21
QSO: 28310 PH 2025-10-25 0801 OK2TJ         59 15 5Y5K          59 37
QSO: 28302 PH 2025-10-25 0804 OK2TJ         59 15 UN4Q          59 17
QSO: 28338 PH 2025-10-25 0835 OK2TJ         59 15 A41CK         59 21
QSO: 28329 PH 2025-10-25 0836 OK2TJ         59 15 C4W           59 20
QSO: 28347 PH 2025-10-25 0839 OK2TJ         59 15 CQ7K          59 14
QSO: 28000 PH 2025-10-25 0842 OK2TJ         59 15 A41NN         59 21
QSO: 28000 PH 2025-10-25 0844 OK2TJ         59 15 YT8WW         59 15
QSO: 28000 PH 2025-10-25 0847 OK2TJ         59 15 4L4CR         59 21
QSO: 28000 PH 2025-10-25 0851 OK2TJ         59 15 JA7OWD        59 25
QSO: 28435 PH 2025-10-25 0852 OK2TJ         59 15 EA7TS         59 14
QSO: 28406 PH 2025-10-25 0916 OK2TJ         59 15 CR6K          59 14
QSO: 28431 PH 2025-10-25 0919 OK2TJ         59 15 UO2L          59 17
QSO: 28442 PH 2025-10-25 0932 OK2TJ         59 15 EA4KD         59 14
QSO: 28452 PH 2025-10-25 0935 OK2TJ         59 15 5B4AHZ        59 20
QSO: 28460 PH 2025-10-25 0936 OK2TJ         59 15 P33W          59 20
QSO: 28468 PH 2025-10-25 0937 OK2TJ         59 15 ED8G          59 33
QSO: 28448 PH 2025-10-25 0939 OK2TJ         59 15 SX9X          59 20
QSO: 28465 PH 2025-10-25 0941 OK2TJ         59 15 4X0T          59 20
QSO: 28000 PH 2025-10-25 0942 OK2TJ         59 15 TA6C          59 20
QSO: 28482 PH 2025-10-25 0959 OK2TJ         59 15 SU0ERA        59 34
QSO: 28550 PH 2025-10-25 1002 OK2TJ         59 15 TA6B          59 20
QSO: 28505 PH 2025-10-25 1011 OK2TJ         59 15 A71JK         59 21
QSO: 28517 PH 2025-10-25 1013 OK2TJ         59 15 4L5EE         59 21
QSO: 28463 PH 2025-10-25 1023 OK2TJ         59 15 EI4IZB        59 14
QSO: 28000 PH 2025-10-25 1025 OK2TJ         59 15 EA5IGO        59 14
QSO: 28000 PH 2025-10-25 1025 OK2TJ         59 15 EE5R          59 14
QSO: 28485 PH 2025-10-25 1027 OK2TJ         59 15 CR5T          59 14
QSO: 28472 PH 2025-10-25 1028 OK2TJ         59 15 D4C           59 35
QSO: 28400 PH 2025-10-25 1031 OK2TJ         59 15 TM3A          59 14
QSO: 28540 PH 2025-10-25 1034 OK2TJ         59 15 CR3A          59 33
QSO: 28543 PH 2025-10-25 1035 OK2TJ         59 15 SJ2W          59 14
QSO: 28548 PH 2025-10-25 1035 OK2TJ         59 15 OK6Y          59 15
QSO: 28557 PH 2025-10-25 1036 OK2TJ         59 15 CR5Y          59 14
QSO: 28562 PH 2025-10-25 1039 OK2TJ         59 15 PR1T          59 11
QSO: 28575 PH 2025-10-25 1040 OK2TJ         59 15 CR6P          59 14
QSO: 28579 PH 2025-10-25 1041 OK2TJ         59 15 P3C           59 20
QSO: 28604 PH 2025-10-25 1049 OK2TJ         59 15 PY2WB         59 11
QSO: 28607 PH 2025-10-25 1050 OK2TJ         59 15 HB9HLM        59 14
QSO: 28000 PH 2025-10-25 1052 OK2TJ         59 15 IB9X          59 15
QSO: 28663 PH 2025-10-25 1054 OK2TJ         59 15 ED3D          59 14
QSO: 28665 PH 2025-10-25 1056 OK2TJ         59 15 A60A          59 21
QSO: 28712 PH 2025-10-25 1059 OK2TJ         59 15 A73A          59 21
QSO: 28736 PH 2025-10-25 1105 OK2TJ         59 15 CQ3W          59 33
QSO: 28740 PH 2025-10-25 1106 OK2TJ         59 15 PX2W          59 11
QSO: 28754 PH 2025-10-25 1106 OK2TJ         59 15 CT2GSN        59 14
QSO: 28740 PH 2025-10-25 1241 OK2TJ         59 15 K1TTT         59 5
QSO: 28758 PH 2025-10-25 1243 OK2TJ         59 15 W3LPL         59 5
QSO: 28765 PH 2025-10-25 1246 OK2TJ         59 15 N2MM          59 5
QSO: 28770 PH 2025-10-25 1247 OK2TJ         59 15 S57K          59 15
QSO: 28773 PH 2025-10-25 1247 OK2TJ         59 15 EA1L          59 14
QSO: 28788 PH 2025-10-25 1248 OK2TJ         59 15 NN1SS         59 5
QSO: 28792 PH 2025-10-25 1250 OK2TJ         59 15 8S8S          59 14
QSO: 28794 PH 2025-10-25 1252 OK2TJ         59 15 OK5Z          59 15
QSO: 28000 PH 2025-10-25 1300 OK2TJ         59 15 EA1Z          59 14
QSO: 28830 PH 2025-10-25 1306 OK2TJ         59 15 PJ4K          59 9
QSO: 28834 PH 2025-10-25 1307 OK2TJ         59 15 DR1D          59 14
QSO: 28843 PH 2025-10-25 1309 OK2TJ         59 15 YO7SR         59 20
QSO: 28858 PH 2025-10-25 1311 OK2TJ         59 15 4X7M          59 20
QSO: 28874 PH 2025-10-25 1312 OK2TJ         59 15 K3TS          59 5
QSO: 28896 PH 2025-10-25 1319 OK2TJ         59 15 WE9V          59 4
QSO: 28903 PH 2025-10-25 1319 OK2TJ         59 15 AB3CX         59 5
QSO: 28000 PH 2025-10-25 1321 OK2TJ         59 15 K1TO          59 5
QSO: 28906 PH 2025-10-25 1322 OK2TJ         59 15 KQ3F          59 5
QSO: 28915 PH 2025-10-25 1324 OK2TJ         59 15 N1UR          59 5
QSO: 28911 PH 2025-10-25 1325 OK2TJ         59 15 W9RE          59 04
QSO: 28925 PH 2025-10-25 1327 OK2TJ         59 15 NA8V          59 4
QSO: 28929 PH 2025-10-25 1328 OK2TJ         59 15 K3OO          59 05
QSO: 28935 PH 2025-10-25 1329 OK2TJ         59 15 K8LX          59 4
QSO: 28954 PH 2025-10-25 1330 OK2TJ         59 15 N9NC          59 5
QSO: 28964 PH 2025-10-25 1331 OK2TJ         59 15 WC3N          59 05
QSO: 28990 PH 2025-10-25 1333 OK2TJ         59 15 K3MD          59 5
QSO: 29000 PH 2025-10-25 1334 OK2TJ         59 15 W1CTN         59 5
QSO: 29013 PH 2025-10-25 1334 OK2TJ         59 15 K1ZM          59 5
QSO: 28253 PH 2025-10-25 1337 OK2TJ         59 15 ED7O          59 14
QSO: 28304 PH 2025-10-25 1341 OK2TJ         59 15 9A7A          59 15
QSO: 28321 PH 2025-10-25 1345 OK2TJ         59 15 TO2M          59 8
QSO: 28272 PH 2025-10-25 1601 OK2TJ         59 15 VE5MX         59 4
QSO: 28280 PH 2025-10-25 1602 OK2TJ         59 15 EA1FDJ        59 14
QSO: 28800 PH 2025-10-25 1603 OK2TJ         59 15 N2SR          59 5
QSO: 28825 PH 2025-10-25 1605 OK2TJ         59 15 ED3C          59 14
QSO: 28276 PH 2025-10-25 1607 OK2TJ         59 15 ZW5B          59 11
QSO: 28278 PH 2025-10-25 1608 OK2TJ         59 15 EE7P          59 14
QSO: 28287 PH 2025-10-25 1611 OK2TJ         59 15 XL3T          59 04
QSO: 28294 PH 2025-10-25 1612 OK2TJ         59 15 9Z4BM         59 09
QSO: 28297 PH 2025-10-25 1614 OK2TJ         59 15 CN3A          59 33
QSO: 28305 PH 2025-10-25 1618 OK2TJ         59 15 EF8R          59 33
QSO: 28311 PH 2025-10-25 1619 OK2TJ         59 15 9A5Y          59 15
QSO: 28000 PH 2025-10-25 1621 OK2TJ         59 15 EC4T          59 14
QSO: 28000 PH 2025-10-25 1631 OK2TJ         59 15 KC3AA         59 5
QSO: 28385 PH 2025-10-25 1634 OK2TJ         59 15 TA3T          59 20
QSO: 28524 PH 2025-10-25 1636 OK2TJ         59 15 IZ8FFZ        59 15
QSO: 28408 PH 2025-10-25 1638 OK2TJ         59 15 LP1H          59 13
QSO: 28417 PH 2025-10-25 1642 OK2TJ         59 15 PR1T          59 11
QSO: 28435 PH 2025-10-25 1644 OK2TJ         59 15 IQ0ID         59 15
QSO: 28444 PH 2025-10-25 1647 OK2TJ         59 15 EA7GSL        59 14
QSO: 28488 PH 2025-10-25 1656 OK2TJ         59 15 IV3JVJ        59 15
QSO: 28504 PH 2025-10-25 1700 OK2TJ         59 15 SV1PMR        59 20
QSO: 28530 PH 2025-10-25 1706 OK2TJ         59 15 AI0M          59 04
QSO: 28552 PH 2025-10-25 1707 OK2TJ         59 15 EA7I          59 14
QSO:  1856 PH 2025-10-25 1710 OK2TJ         59 15 LX1NO         59 14
QSO: 28588 PH 2025-10-25 1711 OK2TJ         59 15 K3LR          59 05
QSO: 28000 PH 2025-10-25 1718 OK2TJ         59 15 FP5AC         59 5
QSO: 28702 PH 2025-10-25 1721 OK2TJ         59 15 W2CG          59 5
QSO: 28763 PH 2025-10-25 1729 OK2TJ         59 15 WA0MHJ        59 4
QSO: 28785 PH 2025-10-25 1730 OK2TJ         59 15 NF9V          59 4
QSO: 28863 PH 2025-10-25 1732 OK2TJ         59 15 PZ5DX         59 9
QSO: 28834 PH 2025-10-25 1735 OK2TJ         59 15 8P5A          59 8
QSO: 21152 PH 2025-10-25 1931 OK2TJ         59 15 PX2W          59 11
QSO: 21171 PH 2025-10-25 1931 OK2TJ         59 15 PR1T          59 11
QSO: 21200 PH 2025-10-25 1933 OK2TJ         59 15 PY2QT         59 11
QSO: 21209 PH 2025-10-25 1942 OK2TJ         59 15 K3ZM          59 05
QSO: 21206 PH 2025-10-25 1943 OK2TJ         59 15 K3LR          59 05
QSO: 21272 PH 2025-10-25 1945 OK2TJ         59 15 J62K          59 8
QSO: 21281 PH 2025-10-25 1950 OK2TJ         59 15 CQ9A          59 33
QSO: 21375 PH 2025-10-25 1957 OK2TJ         59 15 CR3A          59 33
QSO: 21439 PH 2025-10-25 2000 OK2TJ         59 15 KG9N          59 4
QSO: 14150 PH 2025-10-25 2005 OK2TJ         59 15 K3LR          59 05
QSO: 14145 PH 2025-10-25 2006 OK2TJ         59 15 ED8W          59 33
QSO: 14155 PH 2025-10-25 2009 OK2TJ         59 15 ED8A          59 33
QSO: 14185 PH 2025-10-25 2010 OK2TJ         59 15 ED1R          59 14
QSO: 14200 PH 2025-10-25 2016 OK2TJ         59 15 AB3AH         59 5
QSO: 14202 PH 2025-10-25 2017 OK2TJ         59 15 WK1O          59 5
QSO: 14263 PH 2025-10-25 2019 OK2TJ         59 15 7Z7A          59 21
QSO: 14281 PH 2025-10-25 2022 OK2TJ         59 15 OL7T          59 15
QSO: 14311 PH 2025-10-25 2023 OK2TJ         59 15 TC7TR         59 20
QSO: 14330 PH 2025-10-25 2024 OK2TJ         59 15 4L8A          59 21
QSO: 14197 PH 2025-10-25 2033 OK2TJ         59 15 HZ0YL         59 21
QSO: 14179 PH 2025-10-25 2037 OK2TJ         59 15 SV1ME         59 20
QSO: 14148 PH 2025-10-25 2038 OK2TJ         59 15 E2A           59 26
QSO: 14159 PH 2025-10-25 2042 OK2TJ         59 15 E2K           59 26
QSO: 14180 PH 2025-10-25 2048 OK2TJ         59 15 9K2ES         59 21
QSO: 14215 PH 2025-10-25 2051 OK2TJ         59 15 TC3W          59 20
QSO:  7052 PH 2025-10-25 2055 OK2TJ         59 15 YO4NF         59 20
QSO:  7056 PH 2025-10-25 2056 OK2TJ         59 15 PA9M          59 14
QSO:  7058 PH 2025-10-25 2057 OK2TJ         59 15 ES3V          59 15
QSO:  7071 PH 2025-10-25 2059 OK2TJ         59 15 IP0A          59 15
QSO:  7074 PH 2025-10-25 2100 OK2TJ         59 15 TM3Z          59 14
QSO:  7085 PH 2025-10-25 2101 OK2TJ         59 15 IO0A          59 15
QSO:  7089 PH 2025-10-25 2103 OK2TJ         59 15 A61QQ         59 21
QSO:  7099 PH 2025-10-25 2107 OK2TJ         59 15 CN3A          59 33
QSO:  7120 PH 2025-10-25 2109 OK2TJ         59 15 II9P          59 15
QSO:  7128 PH 2025-10-25 2110 OK2TJ         59 15 LZ9W          59 20
QSO:  7132 PH 2025-10-25 2111 OK2TJ         59 15 IP9C          59 15
QSO:  7133 PH 2025-10-25 2114 OK2TJ         59 15 IT9/DK6XZ     59 15
QSO:  7153 PH 2025-10-25 2123 OK2TJ         59 15 P33W          59 20
QSO:  7158 PH 2025-10-25 2124 OK2TJ         59 15 M4A           59 14
QSO:  7162 PH 2025-10-25 2126 OK2TJ         59 15 SV2DSJ        59 20
QSO:  7170 PH 2025-10-25 2128 OK2TJ         59 15 II7T          59 15
QSO:  7176 PH 2025-10-25 2128 OK2TJ         59 15 LZ5R          59 20
QSO:  7179 PH 2025-10-25 2129 OK2TJ         59 15 PE1T          59 14
QSO:  7185 PH 2025-10-25 2133 OK2TJ         59 15 CR6K          59 14
QSO:  7192 PH 2025-10-25 2133 OK2TJ         59 15 ED5R          59 14
QSO:  7197 PH 2025-10-25 2135 OK2TJ         59 15 M6T           59 14
QSO: 28277 PH 2025-10-26 0807 OK2TJ         59 15 UC9A          59 17
QSO: 28294 PH 2025-10-26 0811 OK2TJ         59 15 JA7YRR        59 25
QSO: 28324 PH 2025-10-26 0828 OK2TJ         59 15 7S9A          59 14
QSO: 28411 PH 2025-10-26 0835 OK2TJ         59 15 9K2ES         59 21
QSO: 28419 PH 2025-10-26 0905 OK2TJ         59 15 BA7LOK        59 24
QSO: 28426 PH 2025-10-26 0907 OK2TJ         59 15 SN2M          59 15
QSO: 28394 PH 2025-10-26 0919 OK2TJ         59 15 IP4X          59 15
QSO: 28417 PH 2025-10-26 0924 OK2TJ         59 15 4X1IM         59 20
QSO: 28444 PH 2025-10-26 0929 OK2TJ         59 15 CT1AZN        59 14
QSO: 28479 PH 2025-10-26 0932 OK2TJ         59 15 D4C           59 35
QSO: 28490 PH 2025-10-26 0935 OK2TJ         59 15 ED7W          59 14
QSO: 28549 PH 2025-10-26 0949 OK2TJ         59 15 BY7WZ         59 24
QSO: 28553 PH 2025-10-26 0954 OK2TJ         59 15 7Z7A          59 21
QSO: 28560 PH 2025-10-26 0954 OK2TJ         59 15 9K9A          59 21
QSO: 28578 PH 2025-10-26 1025 OK2TJ         59 15 EX9A          59 17
QSO: 28000 PH 2025-10-26 1030 OK2TJ         59 15 LC5C          59 14
QSO: 28630 PH 2025-10-26 1032 OK2TJ         59 15 TC29EKM       59 20
QSO: 28625 PH 2025-10-26 1033 OK2TJ         59 15 ED1R          59 14
QSO: 28650 PH 2025-10-26 1035 OK2TJ         59 15 SK2A          59 14
QSO: 28670 PH 2025-10-26 1038 OK2TJ         59 15 ET3AA         59 37
QSO: 28679 PH 2025-10-26 1042 OK2TJ         59 15 D2A           59 36
QSO: 28700 PH 2025-10-26 1045 OK2TJ         59 15 EA4D          59 14
QSO: 28740 PH 2025-10-26 1046 OK2TJ         59 15 EA7A          59 14
QSO: 28828 PH 2025-10-26 1058 OK2TJ         59 15 BG0DLA        59 23
QSO: 28000 PH 2025-10-26 1101 OK2TJ         59 15 4Z4KX         59 20
QSO: 28000 PH 2025-10-26 1104 OK2TJ         59 15 VU2IVV        59 22
QSO: 28251 PH 2025-10-26 1105 OK2TJ         59 15 EA5VR         59 14
QSO: 28342 PH 2025-10-26 1109 OK2TJ         59 15 TC7TR         59 20
QSO: 28389 PH 2025-10-26 1113 OK2TJ         59 15 PT5J          59 11
QSO: 21124 PH 2025-10-26 1314 OK2TJ         59 15 ED5O          59 14
QSO: 21115 PH 2025-10-26 1315 OK2TJ         59 15 EE4M          59 14
QSO: 21131 PH 2025-10-26 1316 OK2TJ         59 15 G6PZ          59 14
QSO: 21138 PH 2025-10-26 1317 OK2TJ         59 15 GM4FDM        59 14
QSO: 21148 PH 2025-10-26 1319 OK2TJ         59 15 UN3M          59 17
QSO: 21164 PH 2025-10-26 1323 OK2TJ         59 15 ED5U          59 14
QSO: 21198 PH 2025-10-26 1327 OK2TJ         59 15 M6N           59 14
QSO: 21207 PH 2025-10-26 1328 OK2TJ         59 15 SX3S          59 20
QSO: 21225 PH 2025-10-26 1332 OK2TJ         59 15 9K2ES         59 21
QSO: 21227 PH 2025-10-26 1334 OK2TJ         59 15 BD7MM         59 24
QSO: 21230 PH 2025-10-26 1334 OK2TJ         59 15 A44A          59 21
QSO: 21234 PH 2025-10-26 1335 OK2TJ         59 15 K1LZ          59 05
QSO: 21245 PH 2025-10-26 1340 OK2TJ         59 15 BA7LOK        59 24
QSO: 21290 PH 2025-10-26 1341 OK2TJ         59 15 P33W          59 20
QSO: 21296 PH 2025-10-26 1346 OK2TJ         59 15 ES9C          59 15
QSO: 21343 PH 2025-10-26 1348 OK2TJ         59 15 IO9R          59 15
QSO: 21350 PH 2025-10-26 1350 OK2TJ         59 15 M0WLF         59 14
QSO: 21354 PH 2025-10-26 1351 OK2TJ         59 15 A61QQ         59 21
QSO: 21380 PH 2025-10-26 1353 OK2TJ         59 15 TA3T          59 20
QSO: 21423 PH 2025-10-26 1356 OK2TJ         59 15 IT9/DK6XZ     59 15
QSO: 21440 PH 2025-10-26 1433 OK2TJ         59 15 4X1MM         59 20
QSO: 21135 PH 2025-10-26 1434 OK2TJ         59 15 IK8IOO        59 15
QSO: 21000 PH 2025-10-26 1438 OK2TJ         59 15 YC8BUL        59 28
QSO: 21363 PH 2025-10-26 1444 OK2TJ         59 15 KU2M          59 5
QSO: 21150 PH 2025-10-26 1445 OK2TJ         59 15 VE3EJ         59 4
QSO: 21000 PH 2025-10-26 1447 OK2TJ         59 15 VE2GSO        59 5
QSO: 21164 PH 2025-10-26 1449 OK2TJ         59 15 EA3XR         59 14
QSO: 21168 PH 2025-10-26 1450 OK2TJ         59 15 EE3O          59 14
QSO: 21172 PH 2025-10-26 1451 OK2TJ         59 15 SZ1A          59 20
QSO: 21185 PH 2025-10-26 1454 OK2TJ         59 15 4X1IM         59 20
QSO: 21210 PH 2025-10-26 1457 OK2TJ         59 15 TF3SG         59 40
QSO: 21220 PH 2025-10-26 1500 OK2TJ         59 15 SX9X          59 20
QSO: 21000 PH 2025-10-26 1502 OK2TJ         59 15 SX5P          59 20
QSO: 21000 PH 2025-10-26 1505 OK2TJ         59 15 IZ3NYG        59 15
QSO: 21253 PH 2025-10-26 1508 OK2TJ         59 15 OD5UI         59 20
QSO: 21258 PH 2025-10-26 1509 OK2TJ         59 15 IP8R          59 15
QSO: 21000 PH 2025-10-26 1510 OK2TJ         59 15 OM5R          59 15
QSO: 21272 PH 2025-10-26 1512 OK2TJ         59 15 II9P          59 15
QSO: 21279 PH 2025-10-26 1513 OK2TJ         59 15 9H6A          59 15
QSO: 21326 PH 2025-10-26 1529 OK2TJ         59 15 M6T           59 14
QSO: 21334 PH 2025-10-26 1530 OK2TJ         59 15 CN3A          59 33
QSO: 21338 PH 2025-10-26 1531 OK2TJ         59 15 F4GGQ         59 14
QSO: 21349 PH 2025-10-26 1534 OK2TJ         59 15 EA3AQ         59 14
QSO: 21360 PH 2025-10-26 1536 OK2TJ         59 15 EA7A          59 14
QSO: 21362 PH 2025-10-26 1537 OK2TJ         59 15 W1NT          59 5
QSO: 21397 PH 2025-10-26 1547 OK2TJ         59 15 M4T           59 14
QSO: 21404 PH 2025-10-26 1548 OK2TJ         59 15 WA3A          59 5
QSO: 21415 PH 2025-10-26 1550 OK2TJ         59 15 OG8M          59 15
QSO: 21419 PH 2025-10-26 1551 OK2TJ         59 15 ED3C          59 14
QSO: 21430 PH 2025-10-26 1552 OK2TJ         59 15 II2L          59 15
QSO: 21434 PH 2025-10-26 1554 OK2TJ         59 15 K9CT          59 4
QSO: 21439 PH 2025-10-26 1555 OK2TJ         59 15 G8X           59 14
QSO: 21443 PH 2025-10-26 1556 OK2TJ         59 15 AA4NC         59 05
QSO: 21130 PH 2025-10-26 1557 OK2TJ         59 15 F5NIB         59 14
QSO: 21154 PH 2025-10-26 1602 OK2TJ         59 15 ED3ST         59 14
QSO: 21190 PH 2025-10-26 1606 OK2TJ         59 15 SP7TEE        59 15
QSO: 21206 PH 2025-10-26 1609 OK2TJ         59 15 G5O           59 14
QSO: 21270 PH 2025-10-26 1614 OK2TJ         59 15 MM9I          59 14
QSO: 14113 PH 2025-10-26 1616 OK2TJ         59 15 TM3Z          59 14
QSO: 14121 PH 2025-10-26 1616 OK2TJ         59 15 EA3CI         59 14
QSO: 14137 PH 2025-10-26 1620 OK2TJ         59 15 UN9L          59 17
QSO: 14150 PH 2025-10-26 1622 OK2TJ         59 15 F8KHN         59 14
QSO: 14000 PH 2025-10-26 1625 OK2TJ         59 15 EI4KU         59 14
QSO: 14171 PH 2025-10-26 1626 OK2TJ         59 15 P3C           59 20
QSO: 14186 PH 2025-10-26 1721 OK2TJ         59 15 M0UDD         59 14
QSO: 14192 PH 2025-10-26 1726 OK2TJ         59 15 HZ1LR         59 21
QSO: 14216 PH 2025-10-26 1731 OK2TJ         59 15 SX9X          59 20
QSO: 14225 PH 2025-10-26 1735 OK2TJ         59 15 TC29EKM       59 20
QSO: 14228 PH 2025-10-26 1737 OK2TJ         59 15 OG6N          59 15
QSO: 14241 PH 2025-10-26 1738 OK2TJ         59 15 EE1G          59 14
QSO: 14000 PH 2025-10-26 1740 OK2TJ         59 15 A61HA         59 21
QSO: 14269 PH 2025-10-26 1744 OK2TJ         59 15 A71JK         59 21
QSO: 14273 PH 2025-10-26 1744 OK2TJ         59 15 P33W          59 20
QSO: 14286 PH 2025-10-26 1746 OK2TJ         59 15 TM0T          59 14
QSO: 14303 PH 2025-10-26 1748 OK2TJ         59 15 ED2X          59 14
QSO: 14320 PH 2025-10-26 1750 OK2TJ         59 15 OK7K          59 15
QSO: 14325 PH 2025-10-26 1752 OK2TJ         59 15 VK1A          59 30
QSO: 14000 PH 2025-10-26 1803 OK2TJ         59 15 VE2GSO        59 5
QSO: 14183 PH 2025-10-26 1819 OK2TJ         59 15 CN3A          59 33
QSO:  1838 PH 2025-10-26 1821 OK2TJ         59 15 S56X          59 15
QSO:  1833 PH 2025-10-26 1822 OK2TJ         59 15 E79D          59 15
QSO:  3500 PH 2025-10-26 1824 OK2TJ         59 15 DL7USW/P      59 14
QSO:  1851 PH 2025-10-26 1825 OK2TJ         59 15 ES9C          59 15
QSO:  1855 PH 2025-10-26 1826 OK2TJ         59 15 LX1NO         59 14
QSO:  1867 PH 2025-10-26 1828 OK2TJ         59 15 SN0R          59 15
QSO:  1869 PH 2025-10-26 1830 OK2TJ         59 15 LZ9W          59 20
QSO:  1874 PH 2025-10-26 1832 OK2TJ         59 15 II9P          59 15
QSO:  1878 PH 2025-10-26 1834 OK2TJ         59 15 DF0HQ         59 14
QSO:  1883 PH 2025-10-26 1834 OK2TJ         59 15 OK6Y          59 15
QSO:  1800 PH 2025-10-26 1947 OK2TJ         59 15 SP6JZL        59 15
QSO:  1874 PH 2025-10-26 1948 OK2TJ         59 15 SO3O          59 15
QSO:  1885 PH 2025-10-26 1949 OK2TJ         59 15 OK1LEV        59 15
QSO:  7039 PH 2025-10-26 1950 OK2TJ         59 15 IQ0ID         59 15
QSO:  7045 PH 2025-10-26 1951 OK2TJ         59 15 TM6W          59 14
QSO:  7057 PH 2025-10-26 1952 OK2TJ         59 15 SX9X          59 20
QSO:  7061 PH 2025-10-26 1955 OK2TJ         59 15 F6IRA         59 14
QSO:  7067 PH 2025-10-26 1956 OK2TJ         59 15 LY4L          59 15
QSO:  7000 PH 2025-10-26 1957 OK2TJ         59 15 Z32ZP         59 15
QSO:  7089 PH 2025-10-26 2000 OK2TJ         59 15 TM3P          59 14
QSO:  7000 PH 2025-10-26 2001 OK2TJ         59 15 IO5M          59 15
QSO:  7000 PH 2025-10-26 2007 OK2TJ         59 15 A61HA         59 21
QSO:  7141 PH 2025-10-26 2012 OK2TJ         59 15 EI9E          59 14
QSO:  7156 PH 2025-10-26 2015 OK2TJ         59 15 II2C          59 15
QSO:  7164 PH 2025-10-26 2017 OK2TJ         59 15 F6KOP         59 14
QSO:  7180 PH 2025-10-26 2019 OK2TJ         59 15 OT5A          59 14
QSO:  7194 PH 2025-10-26 2024 OK2TJ         59 15 IB8A          59 15
QSO:  7082 PH 2025-10-26 2148 OK2TJ         59 15 TC2E          59 20
QSO:  7097 PH 2025-10-26 2150 OK2TJ         59 15 LZ1QN         59 20
QSO:  7113 PH 2025-10-26 2152 OK2TJ         59 15 MM9I          59 14
QSO:  7155 PH 2025-10-26 2156 OK2TJ         59 15 YT5A          59 15
QSO:  7195 PH 2025-10-26 2158 OK2TJ         59 15 SZ1A          59 20
QSO:  7191 PH 2025-10-26 2159 OK2TJ         59 15 YT1A          59 15
QSO:  1846 PH 2025-10-26 2201 OK2TJ         59 15 OM7M          59 15
QSO:  1852 PH 2025-10-26 2202 OK2TJ         59 15 HA8A          59 15
QSO:  1858 PH 2025-10-26 2203 OK2TJ         59 15 HA8WY         59 15
QSO:  1888 PH 2025-10-26 2206 OK2TJ         59 15 OK4U          59 15
QSO:  1891 PH 2025-10-26 2207 OK2TJ         59 15 SN3G          59 15
QSO:  1894 PH 2025-10-26 2207 OK2TJ         59 15 OE2S          59 15
QSO:  3607 PH 2025-10-26 2209 OK2TJ         59 15 PA9M          59 14
QSO:  3615 PH 2025-10-26 2210 OK2TJ         59 15 TM1X          59 14
QSO:  3617 PH 2025-10-26 2211 OK2TJ         59 15 OK1VIC        59 15
QSO:  3623 PH 2025-10-26 2212 OK2TJ         59 15 PI4M          59 14
END-OF-LOG:
