START-OF-LOG: 3.0
CREATED-BY: HMRA public 9A HRS HF Robot downloader
CONTEST: 9A-CW
CALLSIGN: LZ1ND
OPERATORS: LZ1ND
CATEGORY: B1
CATEGORY-OPERATOR: SINGLE-OP
CATEGORY-BAND: ALL
CATEGORY-MODE: CW
CATEGORY-POWER: HIGH
CLAIMED-SCORE: 231822
SOAPBOX: Recreated from 9A HRS HF Robot public QSO table for Croatian CW Contest 2022.
SOAPBOX: Public error-summary rows are ignored.
SOAPBOX: Source: https://www.hamradio.hr/hfrobot/hfcc_log.php?What=vloghtm&CID=2022-12-17&ID=LZ1ND
SOAPBOX: Source category label: B1 - SINGLE-OP, ALL bands - High power.
SOAPBOX: Published QSO count: 596.
QSO: 14011 CW 2022-12-17 1400 LZ1ND         599 0001       S51DX         599 0001 EU   
QSO: 14014 CW 2022-12-17 1401 LZ1ND         599 0002       E74A          599 0002 EU   
QSO: 14013 CW 2022-12-17 1401 LZ1ND         599 0003       YT4W          599 0004 EU   
QSO: 14012 CW 2022-12-17 1401 LZ1ND         599 0004       NA1NA         599 0004 NA   
QSO: 14017 CW 2022-12-17 1402 LZ1ND         599 0005       HG6O          599 0005 EU   
QSO: 07019 CW 2022-12-17 1404 LZ1ND         599 0006       ZA1EM         599 0003 EU   
QSO: 07033 CW 2022-12-17 1407 LZ1ND         599 0007       9A1E          599 0008 EU   
QSO: 07018 CW 2022-12-17 1409 LZ1ND         599 0008       9A2MF         599 0005 EU   
QSO: 07015 CW 2022-12-17 1409 LZ1ND         599 0009       9A3ST         599 0021 EU   
QSO: 07031 CW 2022-12-17 1410 LZ1ND         599 0010       9A8A          599 0023 EU   
QSO: 07029 CW 2022-12-17 1411 LZ1ND         599 0011       OG7F          599 0018 EU   
QSO: 07029 CW 2022-12-17 1411 LZ1ND         599 0012       SP2R          599 0019 EU   
QSO: 07029 CW 2022-12-17 1411 LZ1ND         599 0013       SP9YGD        599 0016 EU   
QSO: 07029 CW 2022-12-17 1412 LZ1ND         599 0014       RX3VF         599 0002 EU   
QSO: 07029 CW 2022-12-17 1412 LZ1ND         599 0015       UA3YDI        599 0008 EU   
QSO: 07029 CW 2022-12-17 1412 LZ1ND         599 0016       RN9U          599 0010 AS   
QSO: 07029 CW 2022-12-17 1413 LZ1ND         599 0017       RA4AR         599 0019 EU   
QSO: 07029 CW 2022-12-17 1413 LZ1ND         599 0018       R4PH          599 0005 EU   
QSO: 07020 CW 2022-12-17 1414 LZ1ND         599 0019       9A3LET        599 0012 EU   
QSO: 07029 CW 2022-12-17 1415 LZ1ND         599 0020       S52AW         599 0027 EU   
QSO: 07029 CW 2022-12-17 1416 LZ1ND         599 0021       YP5A          599 0027 EU   
QSO: 07016 CW 2022-12-17 1417 LZ1ND         599 0022       YT6M          599 0028 EU   
QSO: 07009 CW 2022-12-17 1417 LZ1ND         599 0023       HA8LLK        599 0019 EU   
QSO: 07010 CW 2022-12-17 1418 LZ1ND         599 0024       OL7D          599 0034 EU   
QSO: 07009 CW 2022-12-17 1418 LZ1ND         599 0025       E70Y          599 0028 EU   
QSO: 07012 CW 2022-12-17 1419 LZ1ND         599 0026       LY2MM         599 0026 EU   
QSO: 07013 CW 2022-12-17 1419 LZ1ND         599 0027       DK2FG         599 0028 EU   
QSO: 07016 CW 2022-12-17 1421 LZ1ND         599 0028       RZ9L          599 0015 AS   
QSO: 07035 CW 2022-12-17 1422 LZ1ND         599 0029       9A2M          599 0010 EU   
QSO: 07016 CW 2022-12-17 1422 LZ1ND         599 0030       UT6CW         599 0004 EU   
QSO: 07020 CW 2022-12-17 1423 LZ1ND         599 0031       Z35Y          599 0009 EU   
QSO: 07025 CW 2022-12-17 1423 LZ1ND         599 0032       UN6LN         599 0025 AS   
QSO: 07025 CW 2022-12-17 1424 LZ1ND         599 0033       OZ2TF         599 0020 EU   
QSO: 07027 CW 2022-12-17 1425 LZ1ND         599 0034       ES4RD         599 0047 EU   
QSO: 07017 CW 2022-12-17 1426 LZ1ND         599 0035       SP1AEN        599 0040 EU   
QSO: 07019 CW 2022-12-17 1427 LZ1ND         599 0036       YO2GL         599 0013 EU   
QSO: 07019 CW 2022-12-17 1427 LZ1ND         599 0037       YU7BW         599 0034 EU   
QSO: 07018 CW 2022-12-17 1428 LZ1ND         599 0038       YT5RA         599 0015 EU   
QSO: 07018 CW 2022-12-17 1429 LZ1ND         599 0039       HA1WA         599 0036 EU   
QSO: 07014 CW 2022-12-17 1430 LZ1ND         599 0040       RK9Q          599 0020 AS   
QSO: 07010 CW 2022-12-17 1431 LZ1ND         599 0041       LZ5R          599 0041 EU   
QSO: 07011 CW 2022-12-17 1432 LZ1ND         599 0042       OK8KM         599 0015 EU   
QSO: 07011 CW 2022-12-17 1432 LZ1ND         599 0043       DJ0YI         599 0025 EU   
QSO: 07011 CW 2022-12-17 1433 LZ1ND         599 0044       DL1AKP        599 0030 EU   
QSO: 07011 CW 2022-12-17 1433 LZ1ND         599 0045       OK1DVA        599 0025 EU   
QSO: 07011 CW 2022-12-17 1434 LZ1ND         599 0046       UA9SMU        599 0022 AS   
QSO: 07011 CW 2022-12-17 1434 LZ1ND         599 0047       S52W          599 0029 EU   
QSO: 07006 CW 2022-12-17 1435 LZ1ND         599 0048       OP7T          599 0039 EU   
QSO: 07011 CW 2022-12-17 1437 LZ1ND         599 0049       RD0A          599 0047 AS   
QSO: 07013 CW 2022-12-17 1438 LZ1ND         599 0050       YO3HEX        599 0024 EU   
QSO: 07030 CW 2022-12-17 1439 LZ1ND         599 0051       IV3UHL        599 0026 EU   
QSO: 07022 CW 2022-12-17 1440 LZ1ND         599 0052       F6IFY         599 0032 EU   
QSO: 07021 CW 2022-12-17 1440 LZ1ND         599 0053       OM3CPF        599 0060 EU   
QSO: 07033 CW 2022-12-17 1441 LZ1ND         599 0054       PA4O          599 0043 EU   
QSO: 07018 CW 2022-12-17 1441 LZ1ND         599 0055       LZ5Y          599 0037 EU   
QSO: 07024 CW 2022-12-17 1442 LZ1ND         599 0056       LZ7R          599 0039 EU   
QSO: 07022 CW 2022-12-17 1442 LZ1ND         599 0057       R9MM          599 0055 EU   
QSO: 07014 CW 2022-12-17 1442 LZ1ND         599 0058       RG9A          599 0071 AS   
QSO: 07026 CW 2022-12-17 1443 LZ1ND         599 0059       R8TT          599 0061 AS   
QSO: 07021 CW 2022-12-17 1443 LZ1ND         599 0060       UC7A          599 0057 EU   
QSO: 07011 CW 2022-12-17 1444 LZ1ND         599 0061       YT1A          599 0060 EU   
QSO: 07032 CW 2022-12-17 1444 LZ1ND         599 0062       Z33B          599 0033 EU   
QSO: 07028 CW 2022-12-17 1445 LZ1ND         599 0063       OK1FGD        599 0047 EU   
QSO: 07019 CW 2022-12-17 1446 LZ1ND         599 0064       EV6Z          599 0020 EU   
QSO: 07025 CW 2022-12-17 1447 LZ1ND         599 0065       IV3KKW        599 0054 EU   
QSO: 07009 CW 2022-12-17 1448 LZ1ND         599 0066       HA3LN         599 0047 EU   
QSO: 07011 CW 2022-12-17 1448 LZ1ND         599 0067       HA5OV         599 0042 EU   
QSO: 07017 CW 2022-12-17 1449 LZ1ND         599 0068       HA9AX         599 0064 EU   
QSO: 07028 CW 2022-12-17 1449 LZ1ND         599 0069       DL2DXA        599 0049 EU   
QSO: 07019 CW 2022-12-17 1451 LZ1ND         599 0070       4K6FO         599 0009 AS   
QSO: 07016 CW 2022-12-17 1452 LZ1ND         599 0071       DL3KWF        599 0027 EU   
QSO: 07022 CW 2022-12-17 1453 LZ1ND         599 0072       LA0CX         599 0070 EU   
QSO: 07035 CW 2022-12-17 1454 LZ1ND         599 0073       OK2MBP        599 0048 EU   
QSO: 07030 CW 2022-12-17 1454 LZ1ND         599 0074       OK6OK         599 0040 EU   
QSO: 07027 CW 2022-12-17 1455 LZ1ND         599 0075       RK6HG         599 0033 EU   
QSO: 07020 CW 2022-12-17 1456 LZ1ND         599 0076       SE5E          599 0032 EU   
QSO: 07026 CW 2022-12-17 1456 LZ1ND         599 0077       S51ZJ         599 0045 EU   
QSO: 07005 CW 2022-12-17 1457 LZ1ND         599 0078       DF8AE         599 0040 EU   
QSO: 07015 CW 2022-12-17 1458 LZ1ND         599 0079       HA1AD         599 0060 EU   
QSO: 07034 CW 2022-12-17 1500 LZ1ND         599 0080       OM3TZZ        599 0007 EU   
QSO: 07020 CW 2022-12-17 1502 LZ1ND         599 0081       UA9XX         599 0015 AS   
QSO: 07034 CW 2022-12-17 1503 LZ1ND         599 0082       E77D          599 0036 EU   
QSO: 07024 CW 2022-12-17 1504 LZ1ND         599 0083       LZ4AE         599 0092 EU   
QSO: 07019 CW 2022-12-17 1505 LZ1ND         599 0084       I6FDJ         599 0035 EU   
QSO: 07019 CW 2022-12-17 1506 LZ1ND         599 0085       SP8GQU        599 0071 EU   
QSO: 07032 CW 2022-12-17 1507 LZ1ND         599 0086       RX3Q          599 0044 EU   
QSO: 07021 CW 2022-12-17 1507 LZ1ND         599 0087       SM2M          599 0127 EU   
QSO: 07022 CW 2022-12-17 1508 LZ1ND         599 0088       UD6M          599 0048 EU   
QSO: 07031 CW 2022-12-17 1508 LZ1ND         599 0089       UW8SM         599 0063 EU   
QSO: 07026 CW 2022-12-17 1509 LZ1ND         599 0090       SV9MBH        599 0001 EU   
QSO: 07030 CW 2022-12-17 1511 LZ1ND         599 0091       YU7KW         599 0048 EU   
QSO: 07012 CW 2022-12-17 1512 LZ1ND         599 0092       XV1X          599 0014 AS   
QSO: 07029 CW 2022-12-17 1513 LZ1ND         599 0093       SM7DUZ        599 0035 EU   
QSO: 07012 CW 2022-12-17 1513 LZ1ND         599 0094       SM5ACQ        599 0051 EU   
QSO: 07025 CW 2022-12-17 1514 LZ1ND         599 0095       SE0B          599 0040 EU   
QSO: 07006 CW 2022-12-17 1515 LZ1ND         599 0096       S58M          599 0090 EU   
QSO: 07011 CW 2022-12-17 1515 LZ1ND         599 0097       RV3ZN         599 0068 EU   
QSO: 07027 CW 2022-12-17 1516 LZ1ND         599 0098       RM7C          599 0053 EU   
QSO: 07016 CW 2022-12-17 1516 LZ1ND         599 0099       R3ZZ          599 0083 EU   
QSO: 07034 CW 2022-12-17 1517 LZ1ND         599 0100       LZ1QV         599 0069 EU   
QSO: 07017 CW 2022-12-17 1517 LZ1ND         599 0101       LY5T          599 0003 EU   
QSO: 07008 CW 2022-12-17 1518 LZ1ND         599 0102       LZ6E          599 0096 EU   
QSO: 07032 CW 2022-12-17 1519 LZ1ND         599 0103       UW1M          599 0252 EU   
QSO: 07015 CW 2022-12-17 1520 LZ1ND         599 0104       SP2DKI        599 0021 EU   
QSO: 07028 CW 2022-12-17 1522 LZ1ND         599 0105       OK2NO         599 0020 EU   
QSO: 07018 CW 2022-12-17 1523 LZ1ND         599 0106       9A2KI         599 0073 EU   
QSO: 07032 CW 2022-12-17 1524 LZ1ND         599 0107       HA8BT         599 0064 EU   
QSO: 07045 CW 2022-12-17 1525 LZ1ND         599 0108       E21YDP        599 0002 AS   
QSO: 07037 CW 2022-12-17 1526 LZ1ND         599 0109       YL3GQ         599 0058 EU   
QSO: 07016 CW 2022-12-17 1526 LZ1ND         599 0110       IK4MTF        599 0039 EU   
QSO: 07030 CW 2022-12-17 1527 LZ1ND         599 0111       SP7CF         599 0053 EU   
QSO: 07026 CW 2022-12-17 1527 LZ1ND         599 0112       RT5P          599 0042 EU   
QSO: 07030 CW 2022-12-17 1528 LZ1ND         599 0113       RA6L          599 0057 EU   
QSO: 07002 CW 2022-12-17 1529 LZ1ND         599 0114       JA6GCE        599 0066 AS   
QSO: 07018 CW 2022-12-17 1532 LZ1ND         599 0115       EI5KF         599 0161 EU   
QSO: 07014 CW 2022-12-17 1535 LZ1ND         599 0116       SP9DLY        599 0072 EU   
QSO: 07014 CW 2022-12-17 1535 LZ1ND         599 0117       RM5F          599 0120 EU   
QSO: 07014 CW 2022-12-17 1535 LZ1ND         599 0118       M4T           599 0202 EU   
QSO: 07014 CW 2022-12-17 1536 LZ1ND         599 0119       S57X          599 0013 EU   
QSO: 07024 CW 2022-12-17 1537 LZ1ND         599 0120       SF6W          599 0024 EU   
QSO: 07013 CW 2022-12-17 1538 LZ1ND         599 0121       EA1CS         599 0040 EU   
QSO: 07007 CW 2022-12-17 1542 LZ1ND         599 0122       YB1RQX        599 0008 OC   
QSO: 07003 CW 2022-12-17 1543 LZ1ND         599 0123       SP9XCN        599 0079 EU   
QSO: 07029 CW 2022-12-17 1543 LZ1ND         599 0124       LZ5M          599 0090 EU   
QSO: 07017 CW 2022-12-17 1544 LZ1ND         599 0125       LZ1UQ         599 0137 EU   
QSO: 07022 CW 2022-12-17 1544 LZ1ND         599 0126       LZ3QE         599 0112 EU   
QSO: 07033 CW 2022-12-17 1545 LZ1ND         599 0127       PA2A          599 0083 EU   
QSO: 07036 CW 2022-12-17 1545 LZ1ND         599 0128       PA3AAV        599 0093 EU   
QSO: 07022 CW 2022-12-17 1546 LZ1ND         599 0129       S52F          599 0028 EU   
QSO: 07016 CW 2022-12-17 1550 LZ1ND         599 0130       9A2W          599 0116 EU   
QSO: 07027 CW 2022-12-17 1551 LZ1ND         599 0131       E74A          599 0169 EU   
QSO: 07027 CW 2022-12-17 1552 LZ1ND         599 0132       SN2S          599 0054 EU   
QSO: 07035 CW 2022-12-17 1553 LZ1ND         599 0133       UT3EV         599 0047 EU   
QSO: 07010 CW 2022-12-17 1554 LZ1ND         599 0134       HA3HX         599 0082 EU   
QSO: 07029 CW 2022-12-17 1556 LZ1ND         599 0135       LA7SI         599 0039 EU   
QSO: 07029 CW 2022-12-17 1556 LZ1ND         599 0136       PA5WT         599 0078 EU   
QSO: 07029 CW 2022-12-17 1557 LZ1ND         599 0137       DM7AA         599 0097 EU   
QSO: 07029 CW 2022-12-17 1557 LZ1ND         599 0138       EW8DX         599 0108 EU   
QSO: 07029 CW 2022-12-17 1557 LZ1ND         599 0139       UR7VA         599 0023 EU   
QSO: 07029 CW 2022-12-17 1559 LZ1ND         599 0140       DL1SKK        599 0020 EU   
QSO: 07029 CW 2022-12-17 1559 LZ1ND         599 0141       SQ3HTX        599 0011 EU   
QSO: 07029 CW 2022-12-17 1600 LZ1ND         599 0142       IZ4JMA        599 0027 EU   
QSO: 07029 CW 2022-12-17 1600 LZ1ND         599 0143       SP2MKT        599 0069 EU   
QSO: 07029 CW 2022-12-17 1601 LZ1ND         599 0144       RM3G          599 0029 EU   
QSO: 07029 CW 2022-12-17 1601 LZ1ND         599 0145       RA5G          599 0077 EU   
QSO: 07029 CW 2022-12-17 1601 LZ1ND         599 0146       9A3QB         599 0042 EU   
QSO: 07029 CW 2022-12-17 1602 LZ1ND         599 0147       OK5SA         599 0049 EU   
QSO: 07029 CW 2022-12-17 1604 LZ1ND         599 0148       EW8OM         599 0090 EU   
QSO: 07032 CW 2022-12-17 1604 LZ1ND         599 0149       9A7T          599 0084 EU   
QSO: 07029 CW 2022-12-17 1606 LZ1ND         599 0150       R1QE          599 0006 EU   
QSO: 07029 CW 2022-12-17 1606 LZ1ND         599 0151       HA4FY         599 0095 EU   
QSO: 07029 CW 2022-12-17 1607 LZ1ND         599 0152       PA2TA         599 0052 EU   
QSO: 07005 CW 2022-12-17 1610 LZ1ND         599 0153       OZ0B          599 0115 EU   
QSO: 07035 CW 2022-12-17 1611 LZ1ND         599 0154       DA0BCC        599 0023 EU   
QSO: 07015 CW 2022-12-17 1613 LZ1ND         599 0155       DL1NKS        599 0072 EU   
QSO: 07010 CW 2022-12-17 1615 LZ1ND         599 0156       EA6NB         599 0041 EU   
QSO: 03534 CW 2022-12-17 1619 LZ1ND         599 0157       9A6A          599 0077 EU   
QSO: 03533 CW 2022-12-17 1620 LZ1ND         599 0158       E70X          599 0032 EU   
QSO: 03522 CW 2022-12-17 1621 LZ1ND         599 0159       ZA1EM         599 0059 EU   
QSO: 03528 CW 2022-12-17 1621 LZ1ND         599 0160       YU1ED         599 0044 EU   
QSO: 03541 CW 2022-12-17 1623 LZ1ND         599 0161       9A2KI         599 0138 EU   
QSO: 03532 CW 2022-12-17 1624 LZ1ND         599 0162       YO2GL         599 0052 EU   
QSO: 03531 CW 2022-12-17 1625 LZ1ND         599 0163       HA8V          599 0083 EU   
QSO: 03539 CW 2022-12-17 1628 LZ1ND         599 0164       9A1DR         599 0023 EU   
QSO: 03521 CW 2022-12-17 1628 LZ1ND         599 0165       HA1YI         599 0031 EU   
QSO: 03520 CW 2022-12-17 1629 LZ1ND         599 0166       HG4I          599 0060 EU   
QSO: 03524 CW 2022-12-17 1630 LZ1ND         599 0167       IV3EAD        599 0020 EU   
QSO: 03522 CW 2022-12-17 1631 LZ1ND         599 0168       YO5AVN        599 0056 EU   
QSO: 03522 CW 2022-12-17 1632 LZ1ND         599 0169       I6FDJ         599 0094 EU   
QSO: 03531 CW 2022-12-17 1634 LZ1ND         599 0170       YU5T          599 0137 EU   
QSO: 03518 CW 2022-12-17 1635 LZ1ND         599 0171       R5AF          599 0022 EU   
QSO: 03525 CW 2022-12-17 1635 LZ1ND         599 0172       LZ1UQ         599 0180 EU   
QSO: 03535 CW 2022-12-17 1636 LZ1ND         599 0173       E77EA         599 0050 EU   
QSO: 03530 CW 2022-12-17 1637 LZ1ND         599 0174       R8TT          599 0182 AS   
QSO: 03530 CW 2022-12-17 1639 LZ1ND         599 0175       YO6DBL        599 0040 EU   
QSO: 03530 CW 2022-12-17 1640 LZ1ND         599 0176       OK1OA         599 0096 EU   
QSO: 03530 CW 2022-12-17 1640 LZ1ND         599 0177       HG7J          599 0019 EU   
QSO: 03530 CW 2022-12-17 1641 LZ1ND         599 0178       RM7C          599 0106 EU   
QSO: 03530 CW 2022-12-17 1641 LZ1ND         599 0179       RK3TD         599 0008 EU   
QSO: 03530 CW 2022-12-17 1642 LZ1ND         599 0180       RG9A          599 0210 AS   
QSO: 03526 CW 2022-12-17 1644 LZ1ND         599 0181       UW8SM         599 0121 EU   
QSO: 03524 CW 2022-12-17 1645 LZ1ND         599 0182       HA8BT         599 0114 EU   
QSO: 03515 CW 2022-12-17 1645 LZ1ND         599 0183       LZ5R          599 0249 EU   
QSO: 03530 CW 2022-12-17 1648 LZ1ND         599 0184       HA7PO         599 0018 EU   
QSO: 03530 CW 2022-12-17 1648 LZ1ND         599 0185       OK5NW         599 0093 EU   
QSO: 03542 CW 2022-12-17 1649 LZ1ND         599 0186       E74A          599 0238 EU   
QSO: 03522 CW 2022-12-17 1651 LZ1ND         599 0187       R9MM          599 0174 EU   
QSO: 03521 CW 2022-12-17 1652 LZ1ND         599 0188       LZ5Y          599 0203 EU   
QSO: 03530 CW 2022-12-17 1653 LZ1ND         599 0189       LZ6E          599 0217 EU   
QSO: 07008 CW 2022-12-17 1655 LZ1ND         599 0190       CR3DX         599 0308 AF   
QSO: 07010 CW 2022-12-17 1656 LZ1ND         599 0191       9A2EY         599 0102 EU   
QSO: 07010 CW 2022-12-17 1657 LZ1ND         599 0192       SP4JFR        599 0104 EU   
QSO: 07010 CW 2022-12-17 1657 LZ1ND         599 0193       UA5R          599 0032 EU   
QSO: 07010 CW 2022-12-17 1657 LZ1ND         599 0194       IV8DJW        599 0053 EU   
QSO: 07010 CW 2022-12-17 1658 LZ1ND         599 0195       OK5NW         599 0098 EU   
QSO: 07010 CW 2022-12-17 1659 LZ1ND         599 0196       EA4XT         599 0006 EU   
QSO: 07010 CW 2022-12-17 1659 LZ1ND         599 0197       HA1WD         599 0009 EU   
QSO: 07010 CW 2022-12-17 1700 LZ1ND         599 0198       HG7J          599 0028 EU   
QSO: 07010 CW 2022-12-17 1701 LZ1ND         599 0199       DL8DZL        599 0024 EU   
QSO: 07010 CW 2022-12-17 1701 LZ1ND         599 0200       OM6MS         599 0036 EU   
QSO: 07010 CW 2022-12-17 1702 LZ1ND         599 0201       F6EZV         599 0068 EU   
QSO: 07022 CW 2022-12-17 1706 LZ1ND         599 0202       9A0YOTA       599 0009 EU   
QSO: 07017 CW 2022-12-17 1709 LZ1ND         599 0203       R1MJ          599 0014 EU   
QSO: 07017 CW 2022-12-17 1710 LZ1ND         599 0204       HB9AMO        599 0091 EU   
QSO: 07017 CW 2022-12-17 1711 LZ1ND         599 0205       M1X           599 0076 EU   
QSO: 07017 CW 2022-12-17 1712 LZ1ND         599 0206       OK4MM         599 0002 EU   
QSO: 07017 CW 2022-12-17 1712 LZ1ND         599 0207       LY3G          599 0040 EU   
QSO: 07017 CW 2022-12-17 1713 LZ1ND         599 0208       SN7F          599 0096 EU   
QSO: 07017 CW 2022-12-17 1713 LZ1ND         599 0209       RA3BQ         599 0087 EU   
QSO: 07017 CW 2022-12-17 1714 LZ1ND         599 0210       EA3FZT        599 0021 EU   
QSO: 07017 CW 2022-12-17 1714 LZ1ND         599 0211       R3VL          599 0072 EU   
QSO: 07012 CW 2022-12-17 1715 LZ1ND         599 0212       IT9LKX        599 0133 EU   
QSO: 07017 CW 2022-12-17 1715 LZ1ND         599 0213       OK2GU         599 0022 EU   
QSO: 07017 CW 2022-12-17 1716 LZ1ND         599 0214       SO5WD         599 0016 EU   
QSO: 07017 CW 2022-12-17 1716 LZ1ND         599 0215       OK1WSL        599 0035 EU   
QSO: 07017 CW 2022-12-17 1717 LZ1ND         599 0216       PA3EMN        599 0120 EU   
QSO: 07017 CW 2022-12-17 1718 LZ1ND         599 0217       OM3KTP        599 0065 EU   
QSO: 07017 CW 2022-12-17 1719 LZ1ND         599 0218       R6CZ          599 0060 EU   
QSO: 07017 CW 2022-12-17 1720 LZ1ND         599 0219       DL0OO         599 0050 EU   
QSO: 07017 CW 2022-12-17 1720 LZ1ND         599 0220       RK4HYT        599 0066 EU   
QSO: 07017 CW 2022-12-17 1721 LZ1ND         599 0221       HA5G          599 0028 EU   
QSO: 07017 CW 2022-12-17 1721 LZ1ND         599 0222       UA6HFI        599 0034 EU   
QSO: 07017 CW 2022-12-17 1722 LZ1ND         599 0223       RW3DY         599 0067 EU   
QSO: 07017 CW 2022-12-17 1722 LZ1ND         599 0224       HA7MF         599 0095 EU   
QSO: 07017 CW 2022-12-17 1723 LZ1ND         599 0225       I5YKQ         599 0006 EU   
QSO: 07017 CW 2022-12-17 1724 LZ1ND         599 0226       R7MW          599 0002 EU   
QSO: 07017 CW 2022-12-17 1724 LZ1ND         599 0227       S54X          599 0150 EU   
QSO: 07017 CW 2022-12-17 1725 LZ1ND         599 0228       IK1BPL        599 0011 EU   
QSO: 07017 CW 2022-12-17 1726 LZ1ND         599 0229       F5OIH         599 0032 EU   
QSO: 07017 CW 2022-12-17 1726 LZ1ND         599 0230       S53K          599 0015 EU   
QSO: 07017 CW 2022-12-17 1727 LZ1ND         599 0231       G4RWD         599 0039 EU   
QSO: 07017 CW 2022-12-17 1727 LZ1ND         599 0232       EU1FQ         599 0014 EU   
QSO: 07017 CW 2022-12-17 1727 LZ1ND         599 0233       SM6FPC        599 0117 EU   
QSO: 07017 CW 2022-12-17 1728 LZ1ND         599 0234       SM6TOL        599 0100 EU   
QSO: 07017 CW 2022-12-17 1728 LZ1ND         599 0235       DL1THB        599 0052 EU   
QSO: 03545 CW 2022-12-17 1730 LZ1ND         599 0236       9A1E          599 0153 EU   
QSO: 03531 CW 2022-12-17 1731 LZ1ND         599 0237       E74O          599 0033 EU   
QSO: 03523 CW 2022-12-17 1732 LZ1ND         599 0238       E7CW          599 0072 EU   
QSO: 03540 CW 2022-12-17 1732 LZ1ND         599 0239       ZA1ME         599 0048 EU   
QSO: 03527 CW 2022-12-17 1733 LZ1ND         599 0240       OM6TU         599 0047 EU   
QSO: 03521 CW 2022-12-17 1734 LZ1ND         599 0241       Z33F          599 0040 EU   
QSO: 03526 CW 2022-12-17 1736 LZ1ND         599 0242       SP9DLY        599 0131 EU   
QSO: 03526 CW 2022-12-17 1736 LZ1ND         599 0243       YU3TA         599 0043 EU   
QSO: 03526 CW 2022-12-17 1737 LZ1ND         599 0244       YT4T          599 0040 EU   
QSO: 03533 CW 2022-12-17 1739 LZ1ND         599 0245       S52W          599 0200 EU   
QSO: 03517 CW 2022-12-18 0632 LZ1ND         599 0246       DL1NKS        599 0293 EU   
QSO: 03519 CW 2022-12-18 0633 LZ1ND         599 0247       IS0JHQ        599 0266 EU   
QSO: 03512 CW 2022-12-18 0634 LZ1ND         599 0248       OQ5M          599 0445 EU   
QSO: 03520 CW 2022-12-18 0636 LZ1ND         599 0249       HB9CAT        599 0030 EU   
QSO: 03524 CW 2022-12-18 0637 LZ1ND         599 0250       OK1AY         599 0092 EU   
QSO: 03522 CW 2022-12-18 0638 LZ1ND         599 0251       PA3AAV        599 0406 EU   
QSO: 03517 CW 2022-12-18 0640 LZ1ND         599 0252       S58MU         599 0179 EU   
QSO: 03516 CW 2022-12-18 0642 LZ1ND         599 0253       SP9YGD        599 0411 EU   
QSO: 03516 CW 2022-12-18 0643 LZ1ND         599 0254       SP9XCN        599 0578 EU   
QSO: 03516 CW 2022-12-18 0644 LZ1ND         599 0255       OK1KTI        599 0011 EU   
QSO: 03516 CW 2022-12-18 0644 LZ1ND         599 0256       IV3CTS        599 0167 EU   
QSO: 07028 CW 2022-12-18 0647 LZ1ND         599 0257       9A3LG         599 0073 EU   
QSO: 07031 CW 2022-12-18 0648 LZ1ND         599 0258       9A3MR         599 0349 EU   
QSO: 07021 CW 2022-12-18 0649 LZ1ND         599 0259       9A73KD        599 1093 EU   
QSO: 07022 CW 2022-12-18 0650 LZ1ND         599 0260       9A/W3WM       599 0146 EU   
QSO: 07023 CW 2022-12-18 0650 LZ1ND         599 0261       SP2MHC        599 0009 EU   
QSO: 07009 CW 2022-12-18 0652 LZ1ND         599 0262       IS0JHQ        599 0278 EU   
QSO: 07032 CW 2022-12-18 0654 LZ1ND         599 0263       Z32U          599 0080 EU   
QSO: 07014 CW 2022-12-18 0655 LZ1ND         599 0264       F5IN          599 0154 EU   
QSO: 07011 CW 2022-12-18 0656 LZ1ND         599 0265       9A7DX         599 0303 EU   
QSO: 07011 CW 2022-12-18 0657 LZ1ND         599 0266       YO8DOH        599 0403 EU   
QSO: 07011 CW 2022-12-18 0658 LZ1ND         599 0267       IU0ITX        599 0067 EU   
QSO: 07011 CW 2022-12-18 0658 LZ1ND         599 0268       YR8XMAS       599 0123 EU   
QSO: 07019 CW 2022-12-18 0700 LZ1ND         599 0269       9A1KDE        599 0613 EU   
QSO: 07021 CW 2022-12-18 0703 LZ1ND         599 0270       LZ3PZ         599 0026 EU   
QSO: 07021 CW 2022-12-18 0703 LZ1ND         599 0271       YO4FHU        599 0186 EU   
QSO: 07021 CW 2022-12-18 0703 LZ1ND         599 0272       LZ2FX         599 0049 EU   
QSO: 07021 CW 2022-12-18 0704 LZ1ND         599 0273       HA8V          599 0332 EU   
QSO: 07021 CW 2022-12-18 0704 LZ1ND         599 0274       K1ZZ          599 0813 NA   
QSO: 07021 CW 2022-12-18 0705 LZ1ND         599 0275       E72U          599 0275 EU   
QSO: 07021 CW 2022-12-18 0705 LZ1ND         599 0276       OK1OA         599 0258 EU   
QSO: 07017 CW 2022-12-18 0706 LZ1ND         599 0277       9A3MA         599 0237 EU   
QSO: 07017 CW 2022-12-18 0708 LZ1ND         599 0278       OL8M          599 0093 EU   
QSO: 07029 CW 2022-12-18 0708 LZ1ND         599 0279       OK1DM         599 0134 EU   
QSO: 07030 CW 2022-12-18 0708 LZ1ND         599 0280       SM5IMO        599 0102 EU   
QSO: 07016 CW 2022-12-18 0709 LZ1ND         599 0281       YO4NF         599 0143 EU   
QSO: 07007 CW 2022-12-18 0710 LZ1ND         599 0282       SV4FFL        599 0002 EU   
QSO: 07033 CW 2022-12-18 0710 LZ1ND         599 0283       YO9HP         599 0071 EU   
QSO: 07012 CW 2022-12-18 0710 LZ1ND         599 0284       SP2FAP        599 0134 EU   
QSO: 07035 CW 2022-12-18 0711 LZ1ND         599 0285       YO8/LZ4UU     599 0040 EU   
QSO: 07020 CW 2022-12-18 0712 LZ1ND         599 0286       S57C          599 0070 EU   
QSO: 07020 CW 2022-12-18 0712 LZ1ND         599 0287       S50R          599 0080 EU   
QSO: 07009 CW 2022-12-18 0713 LZ1ND         599 0288       OQ5M          599 0493 EU   
QSO: 07031 CW 2022-12-18 0713 LZ1ND         599 0289       ON4CT         599 0096 EU   
QSO: 07027 CW 2022-12-18 0713 LZ1ND         599 0290       LZ5DB         599 0186 EU   
QSO: 07016 CW 2022-12-18 0714 LZ1ND         599 0291       LY2X          599 0060 EU   
QSO: 07010 CW 2022-12-18 0715 LZ1ND         599 0292       F5OZC         599 0133 EU   
QSO: 07010 CW 2022-12-18 0715 LZ1ND         599 0293       UY5ZZ         599 0108 EU   
QSO: 07018 CW 2022-12-18 0718 LZ1ND         599 0294       LZ1MC         599 0021 EU   
QSO: 07013 CW 2022-12-18 0719 LZ1ND         599 0295       EU8U          599 0658 EU   
QSO: 07013 CW 2022-12-18 0720 LZ1ND         599 0296       OH1TS         599 0082 EU   
QSO: 07013 CW 2022-12-18 0720 LZ1ND         599 0297       DL4ME         599 0199 EU   
QSO: 07013 CW 2022-12-18 0720 LZ1ND         599 0298       DG0KS         599 0026 EU   
QSO: 07013 CW 2022-12-18 0721 LZ1ND         599 0299       YL2EA         599 0069 EU   
QSO: 07013 CW 2022-12-18 0721 LZ1ND         599 0300       UA6AA         599 0073 EU   
QSO: 07013 CW 2022-12-18 0722 LZ1ND         599 0301       SN5J          599 0502 EU   
QSO: 07013 CW 2022-12-18 0722 LZ1ND         599 0302       9A4BA         599 0008 EU   
QSO: 07013 CW 2022-12-18 0723 LZ1ND         599 0303       DM6EE         599 0044 EU   
QSO: 07013 CW 2022-12-18 0725 LZ1ND         599 0304       RO5X          599 0371 EU   
QSO: 07013 CW 2022-12-18 0725 LZ1ND         599 0305       S52WW         599 0009 EU   
QSO: 07013 CW 2022-12-18 0726 LZ1ND         599 0306       LZ5VV         599 0057 EU   
QSO: 07013 CW 2022-12-18 0726 LZ1ND         599 0307       YU1YV         599 0281 EU   
QSO: 07013 CW 2022-12-18 0727 LZ1ND         599 0308       OM7AT         599 0025 EU   
QSO: 07013 CW 2022-12-18 0727 LZ1ND         599 0309       LZ1UK         599 0016 EU   
QSO: 07013 CW 2022-12-18 0728 LZ1ND         599 0310       SP3BBS        599 0116 EU   
QSO: 07013 CW 2022-12-18 0728 LZ1ND         599 0311       LZ2CH         599 0122 EU   
QSO: 07013 CW 2022-12-18 0729 LZ1ND         599 0312       YO6ZS         599 0035 EU   
QSO: 07015 CW 2022-12-18 0731 LZ1ND         599 0313       9A2X          599 0269 EU   
QSO: 07013 CW 2022-12-18 0733 LZ1ND         599 0314       OK1KTI        599 0038 EU   
QSO: 07013 CW 2022-12-18 0733 LZ1ND         599 0315       LA2HFA        599 0052 EU   
QSO: 07013 CW 2022-12-18 0734 LZ1ND         599 0316       EI0W          599 0198 EU   
QSO: 07013 CW 2022-12-18 0736 LZ1ND         599 0317       PA5FN         599 0005 EU   
QSO: 07013 CW 2022-12-18 0736 LZ1ND         599 0318       SP1JQJ        599 0012 EU   
QSO: 07035 CW 2022-12-18 0739 LZ1ND         599 0319       ZA1F          599 0140 EU   
QSO: 07022 CW 2022-12-18 0740 LZ1ND         599 0320       YO6FGZ        599 0065 EU   
QSO: 07017 CW 2022-12-18 0741 LZ1ND         599 0321       UT5NR         599 0073 EU   
QSO: 07016 CW 2022-12-18 0742 LZ1ND         599 0322       DM2RN         599 0153 EU   
QSO: 07022 CW 2022-12-18 0742 LZ1ND         599 0323       SN1T          599 0106 EU   
QSO: 07021 CW 2022-12-18 0743 LZ1ND         599 0324       SM5CSS        599 0044 EU   
QSO: 07029 CW 2022-12-18 0743 LZ1ND         599 0325       SD1A          599 0283 EU   
QSO: 07014 CW 2022-12-18 0744 LZ1ND         599 0326       OM8AA         599 0493 EU   
QSO: 07039 CW 2022-12-18 0744 LZ1ND         599 0327       OK1FMJ        599 0030 EU   
QSO: 07028 CW 2022-12-18 0745 LZ1ND         599 0328       LY2PX         599 0229 EU   
QSO: 07018 CW 2022-12-18 0746 LZ1ND         599 0329       DL2LRT        599 0032 EU   
QSO: 07015 CW 2022-12-18 0747 LZ1ND         599 0330       DL5YM         599 0061 EU   
QSO: 07025 CW 2022-12-18 0748 LZ1ND         599 0331       HA1AH         599 0312 EU   
QSO: 07030 CW 2022-12-18 0749 LZ1ND         599 0332       HB9BXE        599 0336 EU   
QSO: 07024 CW 2022-12-18 0750 LZ1ND         599 0333       IT9RZU        599 0284 EU   
QSO: 07022 CW 2022-12-18 0750 LZ1ND         599 0334       IK3UNA        599 0375 EU   
QSO: 07033 CW 2022-12-18 0751 LZ1ND         599 0335       PA3ARM        599 0022 EU   
QSO: 07026 CW 2022-12-18 0752 LZ1ND         599 0336       HB0/DL2JRM    599 0041 EU   
QSO: 07037 CW 2022-12-18 0753 LZ1ND         599 0337       OE1CIW        599 0108 EU   
QSO: 07032 CW 2022-12-18 0755 LZ1ND         599 0338       9A2UN         599 0108 EU   
QSO: 07008 CW 2022-12-18 0756 LZ1ND         599 0339       PA3DBS        599 0131 EU   
QSO: 07020 CW 2022-12-18 0757 LZ1ND         599 0340       ON5JT         599 0336 EU   
QSO: 07024 CW 2022-12-18 0757 LZ1ND         599 0341       ZA1ME         599 0210 EU   
QSO: 07010 CW 2022-12-18 0758 LZ1ND         599 0342       RC3F          599 0003 EU   
QSO: 07034 CW 2022-12-18 0758 LZ1ND         599 0343       LY100MEKAS    599 0057 EU   
QSO: 07020 CW 2022-12-18 0759 LZ1ND         599 0344       HA1YA         599 0122 EU   
QSO: 07014 CW 2022-12-18 0801 LZ1ND         599 0345       9H1PI         599 0067 EU   
QSO: 14021 CW 2022-12-18 0803 LZ1ND         599 0346       9A/W3WM       599 0267 EU   
QSO: 14026 CW 2022-12-18 0805 LZ1ND         599 0347       9A73KD        599 1192 EU   
QSO: 14019 CW 2022-12-18 0806 LZ1ND         599 0348       9H1XT         599 0200 EU   
QSO: 14023 CW 2022-12-18 0806 LZ1ND         599 0349       SD1A          599 0211 EU   
QSO: 14027 CW 2022-12-18 0811 LZ1ND         599 0350       OK2ABU        599 0130 EU   
QSO: 14027 CW 2022-12-18 0811 LZ1ND         599 0351       UA6LCJ        599 0153 EU   
QSO: 14027 CW 2022-12-18 0811 LZ1ND         599 0352       R3LC          599 0151 EU   
QSO: 14027 CW 2022-12-18 0812 LZ1ND         599 0353       OK1WSL        599 0085 EU   
QSO: 14027 CW 2022-12-18 0812 LZ1ND         599 0354       RA5G          599 0188 EU   
QSO: 14027 CW 2022-12-18 0812 LZ1ND         599 0355       RM5F          599 0505 EU   
QSO: 14027 CW 2022-12-18 0813 LZ1ND         599 0356       DL9ZP         599 0160 EU   
QSO: 14027 CW 2022-12-18 0814 LZ1ND         599 0357       UA4LCC        599 0051 EU   
QSO: 14027 CW 2022-12-18 0814 LZ1ND         599 0358       DL1NKS        599 0372 EU   
QSO: 14027 CW 2022-12-18 0814 LZ1ND         599 0359       K1ZZ          599 0870 NA   
QSO: 14027 CW 2022-12-18 0814 LZ1ND         599 0360       UW1M          599 1038 EU   
QSO: 14027 CW 2022-12-18 0815 LZ1ND         599 0361       OG7F          599 0396 EU   
QSO: 14027 CW 2022-12-18 0815 LZ1ND         599 0362       OK8KM         599 0131 EU   
QSO: 14027 CW 2022-12-18 0816 LZ1ND         599 0363       R3VL          599 0188 EU   
QSO: 14027 CW 2022-12-18 0816 LZ1ND         599 0364       DL2LRT        599 0075 EU   
QSO: 14027 CW 2022-12-18 0817 LZ1ND         599 0365       DL1ROT        599 0190 EU   
QSO: 14027 CW 2022-12-18 0818 LZ1ND         599 0366       SE6K          599 0030 EU   
QSO: 14027 CW 2022-12-18 0818 LZ1ND         599 0367       RA4HMT        599 0051 EU   
QSO: 14008 CW 2022-12-18 0819 LZ1ND         599 0368       LZ5DB         599 0266 EU   
QSO: 14027 CW 2022-12-18 0820 LZ1ND         599 0369       LZ1QN         599 0244 EU   
QSO: 14004 CW 2022-12-18 0821 LZ1ND         599 0370       OM8AA         599 0512 EU   
QSO: 14010 CW 2022-12-18 0821 LZ1ND         599 0371       SM5IMO        599 0163 EU   
QSO: 14028 CW 2022-12-18 0822 LZ1ND         599 0372       YU7KW         599 0514 EU   
QSO: 14018 CW 2022-12-18 0822 LZ1ND         599 0373       YT3X          599 0469 EU   
QSO: 14039 CW 2022-12-18 0823 LZ1ND         599 0374       YO4FHU        599 0247 EU   
QSO: 14022 CW 2022-12-18 0823 LZ1ND         599 0375       YO4NF         599 0210 EU   
QSO: 14017 CW 2022-12-18 0824 LZ1ND         599 0376       UN0LM         599 0127 AS   
QSO: 14033 CW 2022-12-18 0826 LZ1ND         599 0377       TA3RT         599 0153 AS   
QSO: 14011 CW 2022-12-18 0827 LZ1ND         599 0378       SP2FAP        599 0228 EU   
QSO: 14020 CW 2022-12-18 0828 LZ1ND         599 0379       R8XF          599 0109 EU   
QSO: 14025 CW 2022-12-18 0830 LZ1ND         599 0380       OR0A          599 0121 EU   
QSO: 14022 CW 2022-12-18 0831 LZ1ND         599 0381       9A2W          599 0543 EU   
QSO: 14037 CW 2022-12-18 0831 LZ1ND         599 0382       9A3SMS        599 0453 EU   
QSO: 14010 CW 2022-12-18 0832 LZ1ND         599 0383       IK3QAR        599 0107 EU   
QSO: 14023 CW 2022-12-18 0834 LZ1ND         599 0384       RX9CM         599 0101 AS   
QSO: 14023 CW 2022-12-18 0835 LZ1ND         599 0385       R1QE          599 0057 EU   
QSO: 14038 CW 2022-12-18 0836 LZ1ND         599 0386       9A2KI         599 0513 EU   
QSO: 14016 CW 2022-12-18 0837 LZ1ND         599 0387       F5IN          599 0222 EU   
QSO: 14009 CW 2022-12-18 0838 LZ1ND         599 0388       EA6NB         599 0211 EU   
QSO: 14032 CW 2022-12-18 0839 LZ1ND         599 0389       EA1WH         599 0035 EU   
QSO: 14008 CW 2022-12-18 0841 LZ1ND         599 0390       LZ6E          599 0815 EU   
QSO: 14021 CW 2022-12-18 0842 LZ1ND         599 0391       OY1CT         599 0317 EU   
QSO: 14017 CW 2022-12-18 0842 LZ1ND         599 0392       PA3EYC        599 0006 EU   
QSO: 21042 CW 2022-12-18 0845 LZ1ND         599 0393       JA6WFM        599 0050 AS   
QSO: 21025 CW 2022-12-18 0846 LZ1ND         599 0394       CR3DX         599 0668 AF   
QSO: 21028 CW 2022-12-18 0846 LZ1ND         599 0395       9A3AHQ        599 0284 EU   
QSO: 21022 CW 2022-12-18 0847 LZ1ND         599 0396       IK3UNA        599 0441 EU   
QSO: 21017 CW 2022-12-18 0849 LZ1ND         599 0397       RN4SS         599 0045 EU   
QSO: 21029 CW 2022-12-18 0849 LZ1ND         599 0398       RK4NB         599 0050 EU   
QSO: 21017 CW 2022-12-18 0852 LZ1ND         599 0399       CQ9A          599 0051 AF   
QSO: 21044 CW 2022-12-18 0853 LZ1ND         599 0400       E21YDP        599 0095 AS   
QSO: 21010 CW 2022-12-18 0854 LZ1ND         599 0401       LZ5R          599 1037 EU   
QSO: 21006 CW 2022-12-18 0856 LZ1ND         599 0402       VU2TMP        599 0118 AS   
QSO: 21013 CW 2022-12-18 0857 LZ1ND         599 0403       RW0AJ         599 0249 AS   
QSO: 21033 CW 2022-12-18 0858 LZ1ND         599 0404       SM6TOL        599 0113 EU   
QSO: 21025 CW 2022-12-18 0858 LZ1ND         599 0405       SP2R          599 0716 EU   
QSO: 21032 CW 2022-12-18 0859 LZ1ND         599 0406       UN6LN         599 0362 AS   
QSO: 21023 CW 2022-12-18 0900 LZ1ND         599 0407       UW1M          599 1111 EU   
QSO: 21023 CW 2022-12-18 0901 LZ1ND         599 0408       RG9A          599 0866 AS   
QSO: 21020 CW 2022-12-18 0902 LZ1ND         599 0409       RZ9L          599 0292 AS   
QSO: 21043 CW 2022-12-18 0903 LZ1ND         599 0410       YL5W          599 0086 EU   
QSO: 28023 CW 2022-12-18 0905 LZ1ND         599 0411       OY1CT         599 0351 EU   
QSO: 28019 CW 2022-12-18 0906 LZ1ND         599 0412       4K6FO         599 0370 AS   
QSO: 28032 CW 2022-12-18 0907 LZ1ND         599 0413       9A1CFR        599 0103 EU   
QSO: 28018 CW 2022-12-18 0909 LZ1ND         599 0414       9A7R          599 0211 EU   
QSO: 28023 CW 2022-12-18 0912 LZ1ND         599 0415       RG9A          599 0884 AS   
QSO: 28023 CW 2022-12-18 0913 LZ1ND         599 0416       UA9OQM        599 0063 AS   
QSO: 28023 CW 2022-12-18 0913 LZ1ND         599 0417       R4MA          599 0120 EU   
QSO: 28023 CW 2022-12-18 0913 LZ1ND         599 0418       LA2XNA        599 0053 EU   
QSO: 28023 CW 2022-12-18 0914 LZ1ND         599 0419       LA5LJA        599 0009 EU   
QSO: 28023 CW 2022-12-18 0916 LZ1ND         599 0420       RW4HFH        599 0074 EU   
QSO: 28022 CW 2022-12-18 0918 LZ1ND         599 0421       9A73KD        599 1276 EU   
QSO: 28015 CW 2022-12-18 0919 LZ1ND         599 0422       9A4W          599 0013 EU   
QSO: 28020 CW 2022-12-18 0921 LZ1ND         599 0423       RN4HAB        599 0159 EU   
QSO: 28016 CW 2022-12-18 0924 LZ1ND         599 0424       9A2AJ         599 0118 EU   
QSO: 28021 CW 2022-12-18 0925 LZ1ND         599 0425       OH8WW         599 0688 EU   
QSO: 28011 CW 2022-12-18 0926 LZ1ND         599 0426       RU4SO         599 0177 EU   
QSO: 28025 CW 2022-12-18 0926 LZ1ND         599 0427       UP0L          599 0979 AS   
QSO: 28018 CW 2022-12-18 0928 LZ1ND         599 0428       EI0W          599 0291 EU   
QSO: 28023 CW 2022-12-18 0929 LZ1ND         599 0429       OH6LEZ        599 0027 EU   
QSO: 28023 CW 2022-12-18 0930 LZ1ND         599 0430       UA4PN         599 0030 EU   
QSO: 28023 CW 2022-12-18 0931 LZ1ND         599 0431       R4WAE         599 0035 EU   
QSO: 28023 CW 2022-12-18 0931 LZ1ND         599 0432       R1QE          599 0079 EU   
QSO: 28023 CW 2022-12-18 0932 LZ1ND         599 0433       9A1KDE        599 0676 EU   
QSO: 28023 CW 2022-12-18 0933 LZ1ND         599 0434       EA5FGJ        599 0001 EU   
QSO: 28023 CW 2022-12-18 0933 LZ1ND         599 0435       OH7MFO        599 0079 EU   
QSO: 28023 CW 2022-12-18 0934 LZ1ND         599 0436       YU1YV         599 0376 EU   
QSO: 28023 CW 2022-12-18 0935 LZ1ND         599 0437       M0NYW         599 0004 EU   
QSO: 28023 CW 2022-12-18 0936 LZ1ND         599 0438       SM2M          599 1034 EU   
QSO: 28004 CW 2022-12-18 0939 LZ1ND         599 0439       9A5O          599 0047 EU   
QSO: 28012 CW 2022-12-18 0940 LZ1ND         599 0440       IK3UNA        599 0501 EU   
QSO: 28010 CW 2022-12-18 0941 LZ1ND         599 0441       LZ5R          599 1092 EU   
QSO: 07010 CW 2022-12-18 0946 LZ1ND         599 0442       SP2GMA        599 0122 EU   
QSO: 07010 CW 2022-12-18 0946 LZ1ND         599 0443       DL8WEM        599 0238 EU   
QSO: 07010 CW 2022-12-18 0948 LZ1ND         599 0444       DM7X          599 0188 EU   
QSO: 07032 CW 2022-12-18 0950 LZ1ND         599 0445       IZ8JFL        599 0116 EU   
QSO: 07020 CW 2022-12-18 0951 LZ1ND         599 0446       SQ9S          599 0184 EU   
QSO: 07023 CW 2022-12-18 0951 LZ1ND         599 0447       OE5TXF        599 0090 EU   
QSO: 07025 CW 2022-12-18 0952 LZ1ND         599 0448       E75M          599 0139 EU   
QSO: 07027 CW 2022-12-18 0953 LZ1ND         599 0449       HA8TP         599 0125 EU   
QSO: 07015 CW 2022-12-18 0955 LZ1ND         599 0450       S57WW         599 0045 EU   
QSO: 07015 CW 2022-12-18 0955 LZ1ND         599 0451       EW1EA         599 0117 EU   
QSO: 07027 CW 2022-12-18 0957 LZ1ND         599 0452       OZ7BQ         599 0048 EU   
QSO: 07025 CW 2022-12-18 1124 LZ1ND         599 0453       HA3HK         599 0044 EU   
QSO: 07020 CW 2022-12-18 1125 LZ1ND         599 0454       SN6A          599 0137 EU   
QSO: 07028 CW 2022-12-18 1126 LZ1ND         599 0455       SP4G          599 0260 EU   
QSO: 07010 CW 2022-12-18 1128 LZ1ND         599 0456       OK2YZ         599 0261 EU   
QSO: 07014 CW 2022-12-18 1129 LZ1ND         599 0457       OK1DKU        599 0083 EU   
QSO: 07010 CW 2022-12-18 1130 LZ1ND         599 0458       LZ5DI         599 0075 EU   
QSO: 07028 CW 2022-12-18 1132 LZ1ND         599 0459       UA3R          599 0107 EU   
QSO: 07016 CW 2022-12-18 1132 LZ1ND         599 0460       YU1A          599 0281 EU   
QSO: 07008 CW 2022-12-18 1134 LZ1ND         599 0461       OL1T          599 0027 EU   
QSO: 07019 CW 2022-12-18 1135 LZ1ND         599 0462       9A7V          599 1703 EU   
QSO: 07018 CW 2022-12-18 1135 LZ1ND         599 0463       HA5BA         599 0080 EU   
QSO: 07016 CW 2022-12-18 1139 LZ1ND         599 0464       I3FIY         599 0163 EU   
QSO: 07011 CW 2022-12-18 1140 LZ1ND         599 0465       OK1TRJ        599 0048 EU   
QSO: 07026 CW 2022-12-18 1143 LZ1ND         599 0466       LZ2PS         599 0158 EU   
QSO: 07018 CW 2022-12-18 1145 LZ1ND         599 0467       DQ0YOTA       599 0082 EU   
QSO: 14028 CW 2022-12-18 1148 LZ1ND         599 0468       9A3YT         599 0464 EU   
QSO: 14022 CW 2022-12-18 1150 LZ1ND         599 0469       CT1DRB        599 0238 EU   
QSO: 14054 CW 2022-12-18 1151 LZ1ND         599 0470       EW1TZ         599 0254 EU   
QSO: 14045 CW 2022-12-18 1152 LZ1ND         599 0471       Z36W          599 0365 EU   
QSO: 14037 CW 2022-12-18 1153 LZ1ND         599 0472       LY7K          599 0116 EU   
QSO: 14036 CW 2022-12-18 1154 LZ1ND         599 0473       LY2PX         599 0394 EU   
QSO: 14039 CW 2022-12-18 1155 LZ1ND         599 0474       LZ1JZ         599 0254 EU   
QSO: 14010 CW 2022-12-18 1156 LZ1ND         599 0475       LZ5R          599 1229 EU   
QSO: 14028 CW 2022-12-18 1156 LZ1ND         599 0476       YU1YV         599 0456 EU   
QSO: 14035 CW 2022-12-18 1157 LZ1ND         599 0477       LZ8E          599 0404 EU   
QSO: 14042 CW 2022-12-18 1158 LZ1ND         599 0478       OZ0B          599 0792 EU   
QSO: 14028 CW 2022-12-18 1159 LZ1ND         599 0479       RK9Q          599 0567 AS   
QSO: 14049 CW 2022-12-18 1200 LZ1ND         599 0480       OK8AU         599 0010 EU   
QSO: 14029 CW 2022-12-18 1200 LZ1ND         599 0481       LA0CX         599 0324 EU   
QSO: 14015 CW 2022-12-18 1202 LZ1ND         599 0482       PA1CW         599 0184 EU   
QSO: 14057 CW 2022-12-18 1202 LZ1ND         599 0483       PA3AAV        599 0775 EU   
QSO: 14045 CW 2022-12-18 1202 LZ1ND         599 0484       PC3M          599 0074 EU   
QSO: 14016 CW 2022-12-18 1203 LZ1ND         599 0485       UA3R          599 0160 EU   
QSO: 14053 CW 2022-12-18 1204 LZ1ND         599 0486       UA1TES        599 0110 EU   
QSO: 14026 CW 2022-12-18 1207 LZ1ND         599 0487       9A2AJ         599 0342 EU   
QSO: 14047 CW 2022-12-18 1208 LZ1ND         599 0488       SQ5J          599 0153 EU   
QSO: 21034 CW 2022-12-18 1209 LZ1ND         599 0489       2E0CVN        599 0115 EU   
QSO: 21014 CW 2022-12-18 1211 LZ1ND         599 0490       9A1KDE        599 0830 EU   
QSO: 21018 CW 2022-12-18 1214 LZ1ND         599 0491       9A5D          599 0500 EU   
QSO: 21043 CW 2022-12-18 1217 LZ1ND         599 0492       EA1G          599 0302 EU   
QSO: 21013 CW 2022-12-18 1218 LZ1ND         599 0493       DQ0YOTA       599 0083 EU   
QSO: 21040 CW 2022-12-18 1219 LZ1ND         599 0494       E72U          599 0404 EU   
QSO: 21018 CW 2022-12-18 1220 LZ1ND         599 0495       OG3B          599 0882 EU   
QSO: 21038 CW 2022-12-18 1220 LZ1ND         599 0496       RA5G          599 0375 EU   
QSO: 21012 CW 2022-12-18 1221 LZ1ND         599 0497       K1ZZ          599 1057 NA   
QSO: 21022 CW 2022-12-18 1222 LZ1ND         599 0498       RA9AP         599 0277 AS   
QSO: 21027 CW 2022-12-18 1223 LZ1ND         599 0499       EA1X          599 0302 EU   
QSO: 21013 CW 2022-12-18 1224 LZ1ND         599 0500       NA1NA         599 0805 NA   
QSO: 21015 CW 2022-12-18 1225 LZ1ND         599 0501       ON5JT         599 0493 EU   
QSO: 21042 CW 2022-12-18 1225 LZ1ND         599 0502       PA4O          599 0622 EU   
QSO: 21011 CW 2022-12-18 1226 LZ1ND         599 0503       PY5AMF        599 0177 SA   
QSO: 21031 CW 2022-12-18 1227 LZ1ND         599 0504       OY1CT         599 0635 EU   
QSO: 21021 CW 2022-12-18 1229 LZ1ND         599 0505       9A9A          599 0561 EU   
QSO: 21016 CW 2022-12-18 1230 LZ1ND         599 0506       9A0BR         599 0020 EU   
QSO: 21025 CW 2022-12-18 1231 LZ1ND         599 0507       DL6KVA        599 0355 EU   
QSO: 21039 CW 2022-12-18 1231 LZ1ND         599 0508       YU7KW         599 0689 EU   
QSO: 21015 CW 2022-12-18 1233 LZ1ND         599 0509       9A7V          599 1745 EU   
QSO: 21017 CW 2022-12-18 1234 LZ1ND         599 0510       F5IN          599 0339 EU   
QSO: 21021 CW 2022-12-18 1237 LZ1ND         599 0511       OM8AA         599 0696 EU   
QSO: 21014 CW 2022-12-18 1239 LZ1ND         599 0512       S54O          599 0105 EU   
QSO: 21032 CW 2022-12-18 1239 LZ1ND         599 0513       OZ0B          599 0831 EU   
QSO: 21014 CW 2022-12-18 1240 LZ1ND         599 0514       OQ5M          599 0727 EU   
QSO: 21022 CW 2022-12-18 1240 LZ1ND         599 0515       PA3AAV        599 0806 EU   
QSO: 21027 CW 2022-12-18 1243 LZ1ND         599 0516       SV1JG         599 0432 EU   
QSO: 21036 CW 2022-12-18 1244 LZ1ND         599 0517       Z36W          599 0412 EU   
QSO: 21020 CW 2022-12-18 1245 LZ1ND         599 0518       4K6FO         599 0440 AS   
QSO: 21023 CW 2022-12-18 1248 LZ1ND         599 0519       PA1CW         599 0234 EU   
QSO: 21028 CW 2022-12-18 1251 LZ1ND         599 0520       TA3RT         599 0259 AS   
QSO: 21040 CW 2022-12-18 1252 LZ1ND         599 0521       RU4SO         599 0365 EU   
QSO: 21025 CW 2022-12-18 1252 LZ1ND         599 0522       IZ8GCB        599 0193 EU   
QSO: 21021 CW 2022-12-18 1253 LZ1ND         599 0523       R8TT          599 1116 AS   
QSO: 21020 CW 2022-12-18 1255 LZ1ND         599 0524       W1FJ          599 0088 NA   
QSO: 21020 CW 2022-12-18 1256 LZ1ND         599 0525       OH1TS         599 0163 EU   
QSO: 21020 CW 2022-12-18 1256 LZ1ND         599 0526       R4BZ          599 0052 EU   
QSO: 21020 CW 2022-12-18 1257 LZ1ND         599 0527       PC5Q          599 0117 EU   
QSO: 21020 CW 2022-12-18 1257 LZ1ND         599 0528       SM6FPC        599 0409 EU   
QSO: 21020 CW 2022-12-18 1258 LZ1ND         599 0529       DL5BAW        599 0027 EU   
QSO: 21020 CW 2022-12-18 1258 LZ1ND         599 0530       PA2A          599 0305 EU   
QSO: 21020 CW 2022-12-18 1259 LZ1ND         599 0531       DJ6TK         599 0009 EU   
QSO: 21020 CW 2022-12-18 1300 LZ1ND         599 0532       YU5R          599 0500 EU   
QSO: 21020 CW 2022-12-18 1301 LZ1ND         599 0533       EU8U          599 1027 EU   
QSO: 21020 CW 2022-12-18 1301 LZ1ND         599 0534       DK5FN         599 0002 EU   
QSO: 21020 CW 2022-12-18 1302 LZ1ND         599 0535       PC4H          599 0188 EU   
QSO: 21020 CW 2022-12-18 1303 LZ1ND         599 0536       HA8LLK        599 0394 EU   
QSO: 21020 CW 2022-12-18 1305 LZ1ND         599 0537       PT2AW         599 0049 SA   
QSO: 21020 CW 2022-12-18 1305 LZ1ND         599 0538       OG6B          599 0030 EU   
QSO: 21020 CW 2022-12-18 1305 LZ1ND         599 0539       LZ4A          599 0042 EU   
QSO: 21020 CW 2022-12-18 1306 LZ1ND         599 0540       PE2K          599 0136 EU   
QSO: 21020 CW 2022-12-18 1307 LZ1ND         599 0541       YL2PJ         599 0131 EU   
QSO: 21020 CW 2022-12-18 1307 LZ1ND         599 0542       PA3GCU        599 0138 EU   
QSO: 21020 CW 2022-12-18 1308 LZ1ND         599 0543       GD4EIP        599 0013 EU   
QSO: 21020 CW 2022-12-18 1308 LZ1ND         599 0544       ON9TT         599 0125 EU   
QSO: 21020 CW 2022-12-18 1309 LZ1ND         599 0545       LZ8E          599 0521 EU   
QSO: 21020 CW 2022-12-18 1310 LZ1ND         599 0546       DL5JQ         599 0107 EU   
QSO: 21020 CW 2022-12-18 1310 LZ1ND         599 0547       LA2XNA        599 0094 EU   
QSO: 21020 CW 2022-12-18 1311 LZ1ND         599 0548       ON7XN         599 0221 EU   
QSO: 21020 CW 2022-12-18 1311 LZ1ND         599 0549       M1X           599 0319 EU   
QSO: 21033 CW 2022-12-18 1312 LZ1ND         599 0550       LY7K          599 0130 EU   
QSO: 21020 CW 2022-12-18 1313 LZ1ND         599 0551       DK1YH         599 0113 EU   
QSO: 21041 CW 2022-12-18 1314 LZ1ND         599 0552       LX4A          599 0052 EU   
QSO: 21020 CW 2022-12-18 1314 LZ1ND         599 0553       F4HGU         599 0220 EU   
QSO: 21025 CW 2022-12-18 1316 LZ1ND         599 0554       CT1DRB        599 0298 EU   
QSO: 21020 CW 2022-12-18 1317 LZ1ND         599 0555       PA2W          599 0222 EU   
QSO: 21027 CW 2022-12-18 1320 LZ1ND         599 0556       ES5NY         599 0357 EU   
QSO: 21015 CW 2022-12-18 1321 LZ1ND         599 0557       NB1N          599 0288 NA   
QSO: 21017 CW 2022-12-18 1322 LZ1ND         599 0558       KU2M          599 0075 NA   
QSO: 21010 CW 2022-12-18 1323 LZ1ND         599 0559       9A2W          599 0658 EU   
QSO: 07021 CW 2022-12-18 1324 LZ1ND         599 0560       9A1DR         599 0207 EU   
QSO: 07013 CW 2022-12-18 1325 LZ1ND         599 0561       9A2AJ         599 0422 EU   
QSO: 07029 CW 2022-12-18 1326 LZ1ND         599 0562       Z36W          599 0455 EU   
QSO: 07015 CW 2022-12-18 1327 LZ1ND         599 0563       DL5XJ         599 0215 EU   
QSO: 07017 CW 2022-12-18 1328 LZ1ND         599 0564       UP0L          599 1379 AS   
QSO: 07017 CW 2022-12-18 1329 LZ1ND         599 0565       OK8AU         599 0134 EU   
QSO: 07010 CW 2022-12-18 1330 LZ1ND         599 0566       OG3B          599 0958 EU   
QSO: 07013 CW 2022-12-18 1332 LZ1ND         599 0567       PA1LEX        599 0077 EU   
QSO: 07021 CW 2022-12-18 1333 LZ1ND         599 0568       LZ25MIG       599 0305 EU   
QSO: 07022 CW 2022-12-18 1335 LZ1ND         599 0569       RK3P          599 0227 EU   
QSO: 07016 CW 2022-12-18 1337 LZ1ND         599 0570       LZ3ZQ         599 0140 EU   
QSO: 07016 CW 2022-12-18 1338 LZ1ND         599 0571       R5RA          599 0048 EU   
QSO: 21035 CW 2022-12-18 1340 LZ1ND         599 0572       F6GCI         599 0185 EU   
QSO: 21035 CW 2022-12-18 1341 LZ1ND         599 0573       DL4XU         599 0195 EU   
QSO: 21035 CW 2022-12-18 1344 LZ1ND         599 0574       DK7HA         599 0139 EU   
QSO: 21028 CW 2022-12-18 1345 LZ1ND         599 0575       9A73KD        599 1608 EU   
QSO: 21035 CW 2022-12-18 1346 LZ1ND         599 0576       RK3T          599 0363 EU   
QSO: 14031 CW 2022-12-18 1348 LZ1ND         599 0577       RA3BQ         599 0284 EU   
QSO: 14013 CW 2022-12-18 1351 LZ1ND         599 0578       K0EA          599 0145 NA   
QSO: 14013 CW 2022-12-18 1352 LZ1ND         599 0579       YL3FW         599 0098 EU   
QSO: 14013 CW 2022-12-18 1352 LZ1ND         599 0580       SM6FPC        599 0445 EU   
QSO: 14013 CW 2022-12-18 1353 LZ1ND         599 0581       SM5CSS        599 0335 EU   
QSO: 14013 CW 2022-12-18 1353 LZ1ND         599 0582       OK5NW         599 0323 EU   
QSO: 14013 CW 2022-12-18 1354 LZ1ND         599 0583       HA1AH         599 0518 EU   
QSO: 14013 CW 2022-12-18 1355 LZ1ND         599 0584       OG6B          599 0060 EU   
QSO: 14013 CW 2022-12-18 1355 LZ1ND         599 0585       IZ4JMA        599 0457 EU   
QSO: 14013 CW 2022-12-18 1355 LZ1ND         599 0586       PA4O          599 0705 EU   
QSO: 14013 CW 2022-12-18 1356 LZ1ND         599 0587       PC5D          599 0065 EU   
QSO: 14013 CW 2022-12-18 1356 LZ1ND         599 0588       SP2R          599 1022 EU   
QSO: 14013 CW 2022-12-18 1356 LZ1ND         599 0589       EW8OM         599 0635 EU   
QSO: 14013 CW 2022-12-18 1357 LZ1ND         599 0590       SM3EAE        599 0250 EU   
QSO: 14013 CW 2022-12-18 1357 LZ1ND         599 0591       UN8PT         599 0377 AS   
QSO: 14013 CW 2022-12-18 1357 LZ1ND         599 0592       DM7AA         599 0670 EU   
QSO: 14013 CW 2022-12-18 1358 LZ1ND         599 0593       RM7C          599 0542 EU   
QSO: 14013 CW 2022-12-18 1358 LZ1ND         599 0594       UA5R          599 0190 EU   
QSO: 14013 CW 2022-12-18 1358 LZ1ND         599 0595       DL7VOG        599 0135 EU   
QSO: 14013 CW 2022-12-18 1359 LZ1ND         599 0596       N9CK          599 0033 NA   
END-OF-LOG:
