START-OF-LOG: 3.0
CREATED-BY: HMRA public 9A HRS HF Robot downloader
CONTEST: 9A-CW
CALLSIGN: SD1A
OPERATORS: SD1A
CATEGORY: B1
CATEGORY-OPERATOR: SINGLE-OP
CATEGORY-BAND: ALL
CATEGORY-MODE: CW
CATEGORY-POWER: HIGH
CLAIMED-SCORE: 111476
SOAPBOX: Recreated from 9A HRS HF Robot public QSO table for Croatian CW Contest 2022.
SOAPBOX: Public error-summary rows are ignored.
SOAPBOX: Source: https://www.hamradio.hr/hfrobot/hfcc_log.php?What=vloghtm&CID=2022-12-17&ID=SD1A
SOAPBOX: Source category label: B1 - SINGLE-OP, ALL bands - High power.
SOAPBOX: Published QSO count: 500.
QSO: 07000 CW 2022-12-17 1736 SD1A          599 0001       IZ4ZZB        599 0204 EU   
QSO: 07000 CW 2022-12-17 1740 SD1A          599 0002       PE1RDP        599 0033 EU   
QSO: 07000 CW 2022-12-17 1741 SD1A          599 0003       DJ0YI         599 0067 EU   
QSO: 07000 CW 2022-12-17 1741 SD1A          599 0004       EA1X          599 0172 EU   
QSO: 07000 CW 2022-12-17 1741 SD1A          599 0005       F6AUS         599 0080 EU   
QSO: 07000 CW 2022-12-17 1741 SD1A          599 0006       M1X           599 0118 EU   
QSO: 07000 CW 2022-12-17 1742 SD1A          599 0007       9A73KD        599 0325 EU   
QSO: 07000 CW 2022-12-17 1742 SD1A          599 0008       HA8V          599 0125 EU   
QSO: 07000 CW 2022-12-17 1742 SD1A          599 0009       RK4HYT        599 0072 EU   
QSO: 07000 CW 2022-12-17 1743 SD1A          599 0010       9A2W          599 0255 EU   
QSO: 07000 CW 2022-12-17 1743 SD1A          599 0011       UC7A          599 0278 EU   
QSO: 07000 CW 2022-12-17 1743 SD1A          599 0012       HB9BXE        599 0114 EU   
QSO: 07000 CW 2022-12-17 1744 SD1A          599 0013       OP7T          599 0144 EU   
QSO: 07000 CW 2022-12-17 1744 SD1A          599 0014       9A2VQ         599 0008 EU   
QSO: 07000 CW 2022-12-17 1745 SD1A          599 0015       RG9A          599 0274 AS   
QSO: 07000 CW 2022-12-17 1746 SD1A          599 0016       S52AU         599 0111 EU   
QSO: 07000 CW 2022-12-17 1747 SD1A          599 0017       UW1M          599 0371 EU   
QSO: 07000 CW 2022-12-17 1747 SD1A          599 0018       R7MW          599 0015 EU   
QSO: 07000 CW 2022-12-17 1748 SD1A          599 0019       EA4XT         599 0027 EU   
QSO: 07000 CW 2022-12-17 1748 SD1A          599 0020       HA4FY         599 0124 EU   
QSO: 07000 CW 2022-12-17 1749 SD1A          599 0021       ON7XN         599 0109 EU   
QSO: 07000 CW 2022-12-17 1749 SD1A          599 0022       S54X          599 0161 EU   
QSO: 07000 CW 2022-12-17 1749 SD1A          599 0023       S52W          599 0208 EU   
QSO: 07000 CW 2022-12-17 1750 SD1A          599 0024       YP5A          599 0178 EU   
QSO: 07000 CW 2022-12-17 1751 SD1A          599 0025       F5SGI         599 0096 EU   
QSO: 07000 CW 2022-12-17 1752 SD1A          599 0026       F6JOE         599 0097 EU   
QSO: 07000 CW 2022-12-17 1753 SD1A          599 0027       YT1A          599 0235 EU   
QSO: 07000 CW 2022-12-17 1754 SD1A          599 0028       LZ4AE         599 0232 EU   
QSO: 07000 CW 2022-12-17 1754 SD1A          599 0029       R8TT          599 0250 AS   
QSO: 07000 CW 2022-12-17 1755 SD1A          599 0030       9A8A          599 0318 EU   
QSO: 07000 CW 2022-12-17 1756 SD1A          599 0031       RA4AR         599 0206 EU   
QSO: 07000 CW 2022-12-17 1757 SD1A          599 0032       OK5MM         599 0001 EU   
QSO: 07000 CW 2022-12-17 1758 SD1A          599 0033       R4ZZ          599 0252 EU   
QSO: 07000 CW 2022-12-17 1759 SD1A          599 0034       IZ4JMA        599 0087 EU   
QSO: 07000 CW 2022-12-17 1759 SD1A          599 0035       R7AT          599 0058 EU   
QSO: 07000 CW 2022-12-17 1759 SD1A          599 0036       RD4A          599 0008 EU   
QSO: 07000 CW 2022-12-17 1800 SD1A          599 0037       DK3YD         599 0031 EU   
QSO: 07000 CW 2022-12-17 1801 SD1A          599 0038       M4T           599 0469 EU   
QSO: 07000 CW 2022-12-17 1802 SD1A          599 0039       S53K          599 0028 EU   
QSO: 07000 CW 2022-12-17 1802 SD1A          599 0040       HA1AH         599 0201 EU   
QSO: 07000 CW 2022-12-17 1802 SD1A          599 0041       S57X          599 0070 EU   
QSO: 07000 CW 2022-12-17 1803 SD1A          599 0042       OG7F          599 0217 EU   
QSO: 07000 CW 2022-12-17 1803 SD1A          599 0043       EA5DO         599 0070 EU   
QSO: 07000 CW 2022-12-17 1804 SD1A          599 0044       EA4GJT        599 0009 EU   
QSO: 07000 CW 2022-12-17 1806 SD1A          599 0045       OL7D          599 0251 EU   
QSO: 07000 CW 2022-12-17 1806 SD1A          599 0046       IK1RQQ        599 0049 EU   
QSO: 07000 CW 2022-12-17 1807 SD1A          599 0047       IK2UJF        599 0033 EU   
QSO: 07000 CW 2022-12-17 1810 SD1A          599 0048       RN6CH         599 0038 EU   
QSO: 07000 CW 2022-12-17 1810 SD1A          599 0049       YU1YV         599 0152 EU   
QSO: 07000 CW 2022-12-17 1810 SD1A          599 0050       EA3FZT        599 0067 EU   
QSO: 07000 CW 2022-12-17 1811 SD1A          599 0051       LZ2PS         599 0014 EU   
QSO: 07000 CW 2022-12-17 1814 SD1A          599 0052       LZ2CH         599 0065 EU   
QSO: 07000 CW 2022-12-17 1814 SD1A          599 0053       YU7KW         599 0213 EU   
QSO: 07000 CW 2022-12-17 1815 SD1A          599 0054       HA1WA         599 0166 EU   
QSO: 07000 CW 2022-12-17 1816 SD1A          599 0055       YO3HEX        599 0171 EU   
QSO: 07000 CW 2022-12-17 1819 SD1A          599 0056       HA3GC         599 0005 EU   
QSO: 03500 CW 2022-12-17 1829 SD1A          599 0057       SP9DLY        599 0162 EU   
QSO: 03500 CW 2022-12-17 1830 SD1A          599 0058       E77EA         599 0134 EU   
QSO: 03500 CW 2022-12-17 1831 SD1A          599 0059       OK2MBP        599 0154 EU   
QSO: 03500 CW 2022-12-17 1831 SD1A          599 0060       S52W          599 0249 EU   
QSO: 03500 CW 2022-12-17 1832 SD1A          599 0061       RX3VF         599 0065 EU   
QSO: 03500 CW 2022-12-17 1832 SD1A          599 0062       HB9BXE        599 0164 EU   
QSO: 03500 CW 2022-12-17 1833 SD1A          599 0063       YU3TA         599 0086 EU   
QSO: 03500 CW 2022-12-17 1833 SD1A          599 0064       UW1M          599 0449 EU   
QSO: 03500 CW 2022-12-17 1834 SD1A          599 0065       YO5AVN        599 0143 EU   
QSO: 03500 CW 2022-12-17 1834 SD1A          599 0066       RM5F          599 0231 EU   
QSO: 03500 CW 2022-12-17 1835 SD1A          599 0067       SP9YGD        599 0150 EU   
QSO: 03500 CW 2022-12-17 1836 SD1A          599 0068       E70X          599 0097 EU   
QSO: 03500 CW 2022-12-17 1836 SD1A          599 0069       RK3TD         599 0021 EU   
QSO: 03500 CW 2022-12-17 1836 SD1A          599 0070       YT4T          599 0095 EU   
QSO: 03500 CW 2022-12-17 1837 SD1A          599 0071       UT3UV         599 0049 EU   
QSO: 03500 CW 2022-12-17 1837 SD1A          599 0072       SN1F          599 0044 EU   
QSO: 03500 CW 2022-12-17 1838 SD1A          599 0073       DL1AKP        599 0174 EU   
QSO: 03500 CW 2022-12-17 1839 SD1A          599 0074       UP0L          599 0449 AS   
QSO: 03500 CW 2022-12-17 1839 SD1A          599 0075       YU1ED         599 0092 EU   
QSO: 03500 CW 2022-12-17 1840 SD1A          599 0076       DC8YZ         599 0093 EU   
QSO: 03500 CW 2022-12-17 1841 SD1A          599 0077       SP2MKT        599 0110 EU   
QSO: 03500 CW 2022-12-17 1841 SD1A          599 0078       SP2R          599 0325 EU   
QSO: 03500 CW 2022-12-17 1842 SD1A          599 0079       YU1YV         599 0174 EU   
QSO: 03500 CW 2022-12-17 1842 SD1A          599 0080       SE5E          599 0108 EU   
QSO: 03500 CW 2022-12-17 1844 SD1A          599 0081       R9MM          599 0263 EU   
QSO: 03500 CW 2022-12-17 1844 SD1A          599 0082       EU8U          599 0338 EU   
QSO: 03500 CW 2022-12-17 1844 SD1A          599 0083       UA3YDI        599 0103 EU   
QSO: 03500 CW 2022-12-17 1845 SD1A          599 0084       SN2S          599 0117 EU   
QSO: 03500 CW 2022-12-17 1846 SD1A          599 0085       SN30PSP       599 0007 EU   
QSO: 03500 CW 2022-12-17 1847 SD1A          599 0086       OK1FII        599 0020 EU   
QSO: 03500 CW 2022-12-17 1848 SD1A          599 0087       EW8OM         599 0188 EU   
QSO: 03500 CW 2022-12-17 1848 SD1A          599 0088       RG9A          599 0350 AS   
QSO: 03500 CW 2022-12-17 1849 SD1A          599 0089       DL3ON         599 0263 EU   
QSO: 03500 CW 2022-12-17 1849 SD1A          599 0090       E74O          599 0058 EU   
QSO: 03500 CW 2022-12-17 1849 SD1A          599 0091       9A6A          599 0206 EU   
QSO: 03500 CW 2022-12-17 1850 SD1A          599 0092       EW8DX         599 0261 EU   
QSO: 03500 CW 2022-12-17 1850 SD1A          599 0093       ON5JT         599 0208 EU   
QSO: 03500 CW 2022-12-17 1852 SD1A          599 0094       OK4MM         599 0074 EU   
QSO: 03500 CW 2022-12-17 1852 SD1A          599 0095       UW8SM         599 0207 EU   
QSO: 03500 CW 2022-12-17 1853 SD1A          599 0096       SQ3HTX        599 0079 EU   
QSO: 03500 CW 2022-12-17 1854 SD1A          599 0097       OK2IW         599 0023 EU   
QSO: 03500 CW 2022-12-17 1854 SD1A          599 0098       OM3CPF        599 0209 EU   
QSO: 03500 CW 2022-12-17 1855 SD1A          599 0099       UI3A          599 0136 EU   
QSO: 03500 CW 2022-12-17 1856 SD1A          599 0100       RK3P          599 0126 EU   
QSO: 03500 CW 2022-12-17 1856 SD1A          599 0101       YU7KW         599 0250 EU   
QSO: 03500 CW 2022-12-17 1856 SD1A          599 0102       YO8BSE        599 0020 EU   
QSO: 03500 CW 2022-12-17 1857 SD1A          599 0103       YT6M          599 0246 EU   
QSO: 03500 CW 2022-12-17 1857 SD1A          599 0104       R7MW          599 0042 EU   
QSO: 03500 CW 2022-12-17 1859 SD1A          599 0105       RD4A          599 0043 EU   
QSO: 03500 CW 2022-12-17 1859 SD1A          599 0106       R8TT          599 0303 AS   
QSO: 03500 CW 2022-12-17 1900 SD1A          599 0107       DL1WA         599 0180 EU   
QSO: 03500 CW 2022-12-17 1901 SD1A          599 0108       SP4G          599 0079 EU   
QSO: 03500 CW 2022-12-17 1902 SD1A          599 0109       SP9JZT        599 0087 EU   
QSO: 03500 CW 2022-12-17 1905 SD1A          599 0110       YO8BSE        599 0020 EU   
QSO: 03500 CW 2022-12-17 1906 SD1A          599 0111       LY4BF         599 0020 EU   
QSO: 03500 CW 2022-12-17 1908 SD1A          599 0112       SN5J          599 0117 EU   
QSO: 03500 CW 2022-12-17 1908 SD1A          599 0113       IV3EAD        599 0064 EU   
QSO: 03500 CW 2022-12-17 1909 SD1A          599 0114       DM7AA         599 0233 EU   
QSO: 03500 CW 2022-12-17 1909 SD1A          599 0115       DM7I          599 0233 EU   
QSO: 03500 CW 2022-12-17 1910 SD1A          599 0116       R7AT          599 0092 EU   
QSO: 03500 CW 2022-12-17 1911 SD1A          599 0117       UA9CTT        599 0067 AS   
QSO: 03500 CW 2022-12-18 0641 SD1A          599 0118       DL8WEM        599 0045 EU   
QSO: 03500 CW 2022-12-18 0641 SD1A          599 0119       OK1AY         599 0096 EU   
QSO: 03500 CW 2022-12-18 0641 SD1A          599 0120       SP9XCN        599 0577 EU   
QSO: 03500 CW 2022-12-18 0642 SD1A          599 0121       S58MU         599 0181 EU   
QSO: 03500 CW 2022-12-18 0643 SD1A          599 0122       YR8XMAS       599 0119 EU   
QSO: 03500 CW 2022-12-18 0643 SD1A          599 0123       HA1YI         599 0225 EU   
QSO: 03500 CW 2022-12-18 0644 SD1A          599 0124       HA2EOU        599 0103 EU   
QSO: 03500 CW 2022-12-18 0645 SD1A          599 0125       HB9CAT        599 0036 EU   
QSO: 03500 CW 2022-12-18 0645 SD1A          599 0126       IV3CTS        599 0168 EU   
QSO: 03500 CW 2022-12-18 0646 SD1A          599 0127       OZ0B          599 0561 EU   
QSO: 03500 CW 2022-12-18 0647 SD1A          599 0128       OK1KTI        599 0014 EU   
QSO: 03500 CW 2022-12-18 0648 SD1A          599 0129       I1BPU         599 0053 EU   
QSO: 03500 CW 2022-12-18 0649 SD1A          599 0130       DK8ZZ         599 0004 EU   
QSO: 03500 CW 2022-12-18 0650 SD1A          599 0131       OK1OA         599 0248 EU   
QSO: 03500 CW 2022-12-18 0650 SD1A          599 0132       OQ5M          599 0451 EU   
QSO: 03500 CW 2022-12-18 0651 SD1A          599 0133       HA8FD         599 0107 EU   
QSO: 03500 CW 2022-12-18 0653 SD1A          599 0134       PA3AAV        599 0420 EU   
QSO: 03500 CW 2022-12-18 0653 SD1A          599 0135       DL3DRN        599 0066 EU   
QSO: 03500 CW 2022-12-18 0654 SD1A          599 0136       SP2DKI        599 0171 EU   
QSO: 03500 CW 2022-12-18 0654 SD1A          599 0137       SO4P          599 0115 EU   
QSO: 03500 CW 2022-12-18 0655 SD1A          599 0138       LY3NX         599 0153 EU   
QSO: 03500 CW 2022-12-18 0656 SD1A          599 0139       SQ1PSA        599 0164 EU   
QSO: 03500 CW 2022-12-18 0657 SD1A          599 0140       PA2TA         599 0148 EU   
QSO: 03500 CW 2022-12-18 0709 SD1A          599 0141       SP7OGP        599 0128 EU   
QSO: 03500 CW 2022-12-18 0710 SD1A          599 0142       HB9AMO        599 0351 EU   
QSO: 07000 CW 2022-12-18 0717 SD1A          599 0143       RX1AG         599 0042 EU   
QSO: 07000 CW 2022-12-18 0718 SD1A          599 0144       DM7AA         599 0464 EU   
QSO: 07000 CW 2022-12-18 0718 SD1A          599 0145       SP9YGD        599 0438 EU   
QSO: 07000 CW 2022-12-18 0718 SD1A          599 0146       SP2DKI        599 0201 EU   
QSO: 07000 CW 2022-12-18 0719 SD1A          599 0147       LY2MM         599 0247 EU   
QSO: 07000 CW 2022-12-18 0720 SD1A          599 0148       E70Y          599 0363 EU   
QSO: 07000 CW 2022-12-18 0720 SD1A          599 0149       PA2TA         599 0171 EU   
QSO: 07000 CW 2022-12-18 0721 SD1A          599 0150       K1ZZ          599 0831 NA   
QSO: 07000 CW 2022-12-18 0721 SD1A          599 0151       PA3EMN        599 0179 EU   
QSO: 07000 CW 2022-12-18 0722 SD1A          599 0152       DL1SKK        599 0071 EU   
QSO: 07000 CW 2022-12-18 0722 SD1A          599 0153       OK5OO         599 0003 EU   
QSO: 07000 CW 2022-12-18 0723 SD1A          599 0154       EU8U          599 0663 EU   
QSO: 07000 CW 2022-12-18 0723 SD1A          599 0155       G3RTU         599 0017 EU   
QSO: 07000 CW 2022-12-18 0724 SD1A          599 0156       DH1TST        599 0051 EU   
QSO: 07000 CW 2022-12-18 0724 SD1A          599 0157       SQ1PSA        599 0178 EU   
QSO: 07000 CW 2022-12-18 0725 SD1A          599 0158       S52AW         599 0513 EU   
QSO: 07000 CW 2022-12-18 0726 SD1A          599 0159       DL3DRN        599 0079 EU   
QSO: 07000 CW 2022-12-18 0726 SD1A          599 0160       UW8SM         599 0386 EU   
QSO: 07000 CW 2022-12-18 0727 SD1A          599 0161       DL1NKB        599 0015 EU   
QSO: 07000 CW 2022-12-18 0728 SD1A          599 0162       SN5J          599 0509 EU   
QSO: 07000 CW 2022-12-18 0730 SD1A          599 0163       K6FA          599 0249 NA   
QSO: 07000 CW 2022-12-18 0730 SD1A          599 0164       EW8DX         599 0478 EU   
QSO: 07000 CW 2022-12-18 0731 SD1A          599 0165       PA0JED        599 0080 EU   
QSO: 07000 CW 2022-12-18 0731 SD1A          599 0166       YL2EA         599 0077 EU   
QSO: 07000 CW 2022-12-18 0732 SD1A          599 0167       HB9BXQ        599 0022 EU   
QSO: 07000 CW 2022-12-18 0733 SD1A          599 0168       SP2R          599 0604 EU   
QSO: 07000 CW 2022-12-18 0733 SD1A          599 0169       OZ0B          599 0600 EU   
QSO: 07000 CW 2022-12-18 0733 SD1A          599 0170       F5OIH         599 0124 EU   
QSO: 07000 CW 2022-12-18 0735 SD1A          599 0171       OH1TS         599 0088 EU   
QSO: 07000 CW 2022-12-18 0735 SD1A          599 0172       OK2MBP        599 0384 EU   
QSO: 07000 CW 2022-12-18 0736 SD1A          599 0173       HA9AX         599 0615 EU   
QSO: 07000 CW 2022-12-18 0737 SD1A          599 0174       9A3MA         599 0287 EU   
QSO: 07000 CW 2022-12-18 0738 SD1A          599 0175       9A7DX         599 0377 EU   
QSO: 07000 CW 2022-12-18 0738 SD1A          599 0176       YO8DOH        599 0434 EU   
QSO: 07000 CW 2022-12-18 0739 SD1A          599 0177       DF4KJ         599 0002 EU   
QSO: 07000 CW 2022-12-18 0739 SD1A          599 0178       RN1AO         599 0051 EU   
QSO: 07000 CW 2022-12-18 0740 SD1A          599 0179       SP1AEN        599 0346 EU   
QSO: 07000 CW 2022-12-18 0740 SD1A          599 0180       OM3TBG        599 0055 EU   
QSO: 07000 CW 2022-12-18 0741 SD1A          599 0181       DL4ME         599 0207 EU   
QSO: 07000 CW 2022-12-18 0743 SD1A          599 0182       DF5EG         599 0114 EU   
QSO: 07000 CW 2022-12-18 0743 SD1A          599 0183       LZ1ND         599 0325 EU   
QSO: 07000 CW 2022-12-18 0744 SD1A          599 0184       DL1ROT        599 0174 EU   
QSO: 07000 CW 2022-12-18 0745 SD1A          599 0185       HA5OV         599 0320 EU   
QSO: 07000 CW 2022-12-18 0745 SD1A          599 0186       SP2MKT        599 0182 EU   
QSO: 07000 CW 2022-12-18 0746 SD1A          599 0187       EU1FQ         599 0101 EU   
QSO: 07000 CW 2022-12-18 0746 SD1A          599 0188       S52WW         599 0031 EU   
QSO: 07000 CW 2022-12-18 0748 SD1A          599 0189       HB9AMO        599 0390 EU   
QSO: 07000 CW 2022-12-18 0751 SD1A          599 0190       IV3UHL        599 0207 EU   
QSO: 07000 CW 2022-12-18 0752 SD1A          599 0191       DJ5CW         599 0066 EU   
QSO: 07000 CW 2022-12-18 0753 SD1A          599 0192       RA5G          599 0159 EU   
QSO: 07000 CW 2022-12-18 0754 SD1A          599 0193       PA1MUC        599 0008 EU   
QSO: 07000 CW 2022-12-18 0755 SD1A          599 0194       SM6FPC        599 0251 EU   
QSO: 07000 CW 2022-12-18 0756 SD1A          599 0195       DL2DXA        599 0171 EU   
QSO: 07000 CW 2022-12-18 0756 SD1A          599 0196       DM7X          599 0074 EU   
QSO: 07000 CW 2022-12-18 0757 SD1A          599 0197       SM2M          599 0938 EU   
QSO: 07000 CW 2022-12-18 0757 SD1A          599 0198       OK1FGD        599 0209 EU   
QSO: 07000 CW 2022-12-18 0759 SD1A          599 0199       WQ6X          599 0055 NA   
QSO: 07000 CW 2022-12-18 0759 SD1A          599 0200       OZ5UR         599 0069 EU   
QSO: 07000 CW 2022-12-18 0800 SD1A          599 0201       YR8XMAS       599 0150 EU   
QSO: 14000 CW 2022-12-18 0802 SD1A          599 0202       IK7RVY        599 0124 EU   
QSO: 14000 CW 2022-12-18 0803 SD1A          599 0203       UA6LCJ        599 0148 EU   
QSO: 14000 CW 2022-12-18 0803 SD1A          599 0204       YT3X          599 0449 EU   
QSO: 14000 CW 2022-12-18 0804 SD1A          599 0205       9A3SMS        599 0423 EU   
QSO: 14000 CW 2022-12-18 0804 SD1A          599 0206       RA3NC         599 0155 EU   
QSO: 14000 CW 2022-12-18 0804 SD1A          599 0207       RN9U          599 0218 AS   
QSO: 14000 CW 2022-12-18 0805 SD1A          599 0208       RA0AY         599 0084 AS   
QSO: 14000 CW 2022-12-18 0806 SD1A          599 0209       YO4FHU        599 0247 EU   
QSO: 14000 CW 2022-12-18 0806 SD1A          599 0210       OK4MM         599 0152 EU   
QSO: 14000 CW 2022-12-18 0806 SD1A          599 0211       LZ1ND         599 0349 EU   
QSO: 14000 CW 2022-12-18 0807 SD1A          599 0212       RD4F          599 0125 EU   
QSO: 14000 CW 2022-12-18 0807 SD1A          599 0213       R3LC          599 0145 EU   
QSO: 14000 CW 2022-12-18 0808 SD1A          599 0214       OK2ABU        599 0128 EU   
QSO: 14000 CW 2022-12-18 0808 SD1A          599 0215       RA3FY         599 0064 EU   
QSO: 14000 CW 2022-12-18 0808 SD1A          599 0216       LZ6E          599 0782 EU   
QSO: 14000 CW 2022-12-18 0809 SD1A          599 0217       9A1AA         599 0060 EU   
QSO: 14000 CW 2022-12-18 0809 SD1A          599 0218       9A1KDE        599 0636 EU   
QSO: 14000 CW 2022-12-18 0809 SD1A          599 0219       9A2W          599 0520 EU   
QSO: 14000 CW 2022-12-18 0810 SD1A          599 0220       YO5BTZ        599 0067 EU   
QSO: 14000 CW 2022-12-18 0810 SD1A          599 0221       S52WW         599 0042 EU   
QSO: 14000 CW 2022-12-18 0811 SD1A          599 0222       LZ1QN         599 0234 EU   
QSO: 14000 CW 2022-12-18 0811 SD1A          599 0223       RA5G          599 0186 EU   
QSO: 14000 CW 2022-12-18 0811 SD1A          599 0224       DL1NKS        599 0370 EU   
QSO: 14000 CW 2022-12-18 0811 SD1A          599 0225       G4LJU         599 0060 EU   
QSO: 14000 CW 2022-12-18 0812 SD1A          599 0226       R4WR          599 0048 EU   
QSO: 14000 CW 2022-12-18 0812 SD1A          599 0227       HB9BXE        599 0365 EU   
QSO: 14000 CW 2022-12-18 0813 SD1A          599 0228       YU5T          599 0408 EU   
QSO: 14000 CW 2022-12-18 0814 SD1A          599 0229       RM5F          599 0509 EU   
QSO: 14000 CW 2022-12-18 0815 SD1A          599 0230       RK4HYT        599 0237 EU   
QSO: 14000 CW 2022-12-18 0815 SD1A          599 0231       RG9A          599 0810 AS   
QSO: 14000 CW 2022-12-18 0816 SD1A          599 0232       UA3YDI        599 0154 EU   
QSO: 14000 CW 2022-12-18 0817 SD1A          599 0233       K1ZZ          599 0873 NA   
QSO: 14000 CW 2022-12-18 0818 SD1A          599 0234       YO3APJ        599 0077 EU   
QSO: 14000 CW 2022-12-18 0819 SD1A          599 0235       S51MF         599 0050 EU   
QSO: 14000 CW 2022-12-18 0819 SD1A          599 0236       UC5D          599 0052 EU   
QSO: 14000 CW 2022-12-18 0819 SD1A          599 0237       UW1M          599 1046 EU   
QSO: 14000 CW 2022-12-18 0822 SD1A          599 0238       9A2AJ         599 0043 EU   
QSO: 14000 CW 2022-12-18 0824 SD1A          599 0239       LZ5DB         599 0276 EU   
QSO: 14000 CW 2022-12-18 0824 SD1A          599 0240       UT3EV         599 0410 EU   
QSO: 14000 CW 2022-12-18 0825 SD1A          599 0241       HA8IB         599 0270 EU   
QSO: 14000 CW 2022-12-18 0826 SD1A          599 0242       UA9CU         599 0080 AS   
QSO: 14000 CW 2022-12-18 0827 SD1A          599 0243       LZ4A          599 0013 EU   
QSO: 14000 CW 2022-12-18 0828 SD1A          599 0244       9H1PI         599 0092 EU   
QSO: 14000 CW 2022-12-18 0828 SD1A          599 0245       UD6M          599 0449 EU   
QSO: 14000 CW 2022-12-18 0830 SD1A          599 0246       DG7NFX        599 0037 EU   
QSO: 14000 CW 2022-12-18 0830 SD1A          599 0247       YU7KW         599 0524 EU   
QSO: 14000 CW 2022-12-18 0831 SD1A          599 0248       IK2IKW        599 0004 EU   
QSO: 14000 CW 2022-12-18 0832 SD1A          599 0249       DL7ARJ        599 0141 EU   
QSO: 14000 CW 2022-12-18 0833 SD1A          599 0250       9A2KI         599 0509 EU   
QSO: 14000 CW 2022-12-18 0833 SD1A          599 0251       LZ5I          599 0141 EU   
QSO: 14000 CW 2022-12-18 0834 SD1A          599 0252       UA1ZZ         599 0161 EU   
QSO: 14000 CW 2022-12-18 0835 SD1A          599 0253       EA5DO         599 0104 EU   
QSO: 14000 CW 2022-12-18 0835 SD1A          599 0254       R1QE          599 0058 EU   
QSO: 14000 CW 2022-12-18 0836 SD1A          599 0255       RW3AI         599 0150 EU   
QSO: 14000 CW 2022-12-18 0837 SD1A          599 0256       SM5CSS        599 0296 EU   
QSO: 14000 CW 2022-12-18 0839 SD1A          599 0257       RM7C          599 0275 EU   
QSO: 14000 CW 2022-12-18 0840 SD1A          599 0258       PA3AAV        599 0570 EU   
QSO: 14000 CW 2022-12-18 0840 SD1A          599 0259       SP2R          599 0690 EU   
QSO: 14000 CW 2022-12-18 0841 SD1A          599 0260       EW8OM         599 0422 EU   
QSO: 14000 CW 2022-12-18 0842 SD1A          599 0261       EA1CS         599 0198 EU   
QSO: 14000 CW 2022-12-18 0843 SD1A          599 0262       LZ2MP         599 0110 EU   
QSO: 14000 CW 2022-12-18 0844 SD1A          599 0263       YO4FPF        599 0086 EU   
QSO: 14000 CW 2022-12-18 0844 SD1A          599 0264       NA1NA         599 0675 NA   
QSO: 14000 CW 2022-12-18 0845 SD1A          599 0265       DJ5MW         599 0004 EU   
QSO: 14000 CW 2022-12-18 0846 SD1A          599 0266       9H1XT         599 0246 EU   
QSO: 14000 CW 2022-12-18 0847 SD1A          599 0267       Z36W          599 0189 EU   
QSO: 14000 CW 2022-12-18 0848 SD1A          599 0268       R8XF          599 0122 EU   
QSO: 14000 CW 2022-12-18 0848 SD1A          599 0269       IW3FVZ        599 0028 EU   
QSO: 14000 CW 2022-12-18 0848 SD1A          599 0270       PA0JED        599 0098 EU   
QSO: 14000 CW 2022-12-18 0851 SD1A          599 0271       IZ4JMA        599 0347 EU   
QSO: 14000 CW 2022-12-18 0851 SD1A          599 0272       OM3CPF        599 0295 EU   
QSO: 14000 CW 2022-12-18 0852 SD1A          599 0273       G0ORH         599 0020 EU   
QSO: 14000 CW 2022-12-18 0852 SD1A          599 0274       RK9Q          599 0384 AS   
QSO: 14000 CW 2022-12-18 0853 SD1A          599 0275       EA7AAW        599 0058 EU   
QSO: 14000 CW 2022-12-18 0854 SD1A          599 0276       UA9XO         599 0035 AS   
QSO: 14000 CW 2022-12-18 0854 SD1A          599 0277       SN5J          599 0581 EU   
QSO: 14000 CW 2022-12-18 0857 SD1A          599 0278       YU7QF         599 0012 EU   
QSO: 14000 CW 2022-12-18 0857 SD1A          599 0279       DL3RDM        599 0074 EU   
QSO: 14000 CW 2022-12-18 0858 SD1A          599 0280       SV8DJW        599 0110 EU   
QSO: 14000 CW 2022-12-18 0858 SD1A          599 0281       DL1NKB        599 0034 EU   
QSO: 14000 CW 2022-12-18 0900 SD1A          599 0282       PD2DX         599 0008 EU   
QSO: 14000 CW 2022-12-18 0900 SD1A          599 0283       PA3EMN        599 0211 EU   
QSO: 14000 CW 2022-12-18 0901 SD1A          599 0284       IK2UJF        599 0090 EU   
QSO: 21000 CW 2022-12-18 0903 SD1A          599 0285       PY5AMF        599 0081 SA   
QSO: 21000 CW 2022-12-18 0903 SD1A          599 0286       RN9U          599 0249 AS   
QSO: 21000 CW 2022-12-18 0905 SD1A          599 0287       LZ6E          599 0842 EU   
QSO: 21000 CW 2022-12-18 0906 SD1A          599 0288       S53F          599 0134 EU   
QSO: 21000 CW 2022-12-18 0907 SD1A          599 0289       BD3TR         599 0025 AS   
QSO: 21000 CW 2022-12-18 0907 SD1A          599 0290       YU5T          599 0447 EU   
QSO: 21000 CW 2022-12-18 0909 SD1A          599 0291       UN8PT         599 0295 AS   
QSO: 21000 CW 2022-12-18 0909 SD1A          599 0292       RA9AP         599 0146 AS   
QSO: 21000 CW 2022-12-18 0910 SD1A          599 0293       RO7C          599 0144 EU   
QSO: 21000 CW 2022-12-18 0910 SD1A          599 0294       EA8DIG        599 0161 AF   
QSO: 21000 CW 2022-12-18 0911 SD1A          599 0295       SP2R          599 0728 EU   
QSO: 21000 CW 2022-12-18 0912 SD1A          599 0296       9A3EZ         599 0074 EU   
QSO: 21000 CW 2022-12-18 0912 SD1A          599 0297       RA6L          599 0125 EU   
QSO: 21000 CW 2022-12-18 0913 SD1A          599 0298       GW0RYT        599 0008 EU   
QSO: 21000 CW 2022-12-18 0913 SD1A          599 0299       LZ3QE         599 0489 EU   
QSO: 21000 CW 2022-12-18 0914 SD1A          599 0300       LZ2CH         599 0150 EU   
QSO: 21000 CW 2022-12-18 0916 SD1A          599 0301       UN0L          599 0130 AS   
QSO: 21000 CW 2022-12-18 0917 SD1A          599 0302       UA9XL         599 0080 AS   
QSO: 21000 CW 2022-12-18 0917 SD1A          599 0303       YO4NF         599 0279 EU   
QSO: 21000 CW 2022-12-18 0918 SD1A          599 0304       HS0ZNV        599 0076 AS   
QSO: 21000 CW 2022-12-18 0918 SD1A          599 0305       UW1M          599 1154 EU   
QSO: 21000 CW 2022-12-18 0919 SD1A          599 0306       RG9A          599 0896 AS   
QSO: 21000 CW 2022-12-18 0922 SD1A          599 0307       UA9OQM        599 0067 AS   
QSO: 21000 CW 2022-12-18 0922 SD1A          599 0308       IK7RVY        599 0165 EU   
QSO: 21000 CW 2022-12-18 0922 SD1A          599 0309       YO4FPF        599 0104 EU   
QSO: 21000 CW 2022-12-18 0922 SD1A          599 0310       RN4SS         599 0078 EU   
QSO: 21000 CW 2022-12-18 0923 SD1A          599 0311       HB9BXE        599 0445 EU   
QSO: 21000 CW 2022-12-18 0923 SD1A          599 0312       E77D          599 0207 EU   
QSO: 21000 CW 2022-12-18 0923 SD1A          599 0313       RN3OG         599 0112 EU   
QSO: 21000 CW 2022-12-18 0926 SD1A          599 0314       PY3TD         599 0086 SA   
QSO: 21000 CW 2022-12-18 0926 SD1A          599 0315       RN6MA         599 0075 EU   
QSO: 21000 CW 2022-12-18 0926 SD1A          599 0316       YU5R          599 0379 EU   
QSO: 21000 CW 2022-12-18 0927 SD1A          599 0317       LZ5R          599 1076 EU   
QSO: 21000 CW 2022-12-18 0927 SD1A          599 0318       R9CX          599 0033 EU   
QSO: 21000 CW 2022-12-18 0928 SD1A          599 0319       UA9CTT        599 0239 AS   
QSO: 21000 CW 2022-12-18 0928 SD1A          599 0320       IK2UJF        599 0104 EU   
QSO: 21000 CW 2022-12-18 0929 SD1A          599 0321       UA9FGJ        599 0077 AS   
QSO: 21000 CW 2022-12-18 0929 SD1A          599 0322       DL5YL         599 0222 EU   
QSO: 21000 CW 2022-12-18 0929 SD1A          599 0323       UA0SBQ        599 0025 AS   
QSO: 21000 CW 2022-12-18 0930 SD1A          599 0324       R4MA          599 0135 EU   
QSO: 21000 CW 2022-12-18 0933 SD1A          599 0325       DM7AA         599 0538 EU   
QSO: 21000 CW 2022-12-18 0934 SD1A          599 0326       9A9A          599 0421 EU   
QSO: 21000 CW 2022-12-18 0934 SD1A          599 0327       F6DZS         599 0004 EU   
QSO: 21000 CW 2022-12-18 0935 SD1A          599 0328       DL2LRT        599 0128 EU   
QSO: 21000 CW 2022-12-18 0936 SD1A          599 0329       YO9HP         599 0227 EU   
QSO: 21000 CW 2022-12-18 0936 SD1A          599 0330       RK4HYT        599 0268 EU   
QSO: 21000 CW 2022-12-18 0936 SD1A          599 0331       YO7ARZ        599 0083 EU   
QSO: 21000 CW 2022-12-18 0938 SD1A          599 0332       RZ4FO         599 0024 EU   
QSO: 21000 CW 2022-12-18 0940 SD1A          599 0333       OK1DVA        599 0166 EU   
QSO: 21000 CW 2022-12-18 0941 SD1A          599 0334       YO4FHU        599 0317 EU   
QSO: 21000 CW 2022-12-18 0942 SD1A          599 0335       9A5MP         599 0119 EU   
QSO: 21000 CW 2022-12-18 0942 SD1A          599 0336       S52W          599 0592 EU   
QSO: 21000 CW 2022-12-18 0942 SD1A          599 0337       UR7MZ         599 0241 EU   
QSO: 21000 CW 2022-12-18 0943 SD1A          599 0338       9A2W          599 0565 EU   
QSO: 21000 CW 2022-12-18 0943 SD1A          599 0339       R4PH          599 0212 EU   
QSO: 21000 CW 2022-12-18 0944 SD1A          599 0340       SM2M          599 1038 EU   
QSO: 21000 CW 2022-12-18 0947 SD1A          599 0341       IV3IPS        599 0008 EU   
QSO: 21000 CW 2022-12-18 0947 SD1A          599 0342       RZ3Z          599 0044 EU   
QSO: 21000 CW 2022-12-18 0947 SD1A          599 0343       R7MW          599 0230 EU   
QSO: 21000 CW 2022-12-18 0948 SD1A          599 0344       YU1YV         599 0380 EU   
QSO: 21000 CW 2022-12-18 0952 SD1A          599 0345       DL7HU         599 0001 EU   
QSO: 21000 CW 2022-12-18 0953 SD1A          599 0346       DL7YS         599 0014 EU   
QSO: 21000 CW 2022-12-18 0953 SD1A          599 0347       RN6MA         599 0097 EU   
QSO: 21000 CW 2022-12-18 0953 SD1A          599 0348       9A7B          599 0070 EU   
QSO: 21000 CW 2022-12-18 0954 SD1A          599 0349       HA8LLK        599 0311 EU   
QSO: 21000 CW 2022-12-18 0954 SD1A          599 0350       EA3FZT        599 0094 EU   
QSO: 21000 CW 2022-12-18 0955 SD1A          599 0351       SV2HUD        599 0061 EU   
QSO: 21000 CW 2022-12-18 0956 SD1A          599 0352       Z36W          599 0282 EU   
QSO: 21000 CW 2022-12-18 0956 SD1A          599 0353       RA0AY         599 0174 AS   
QSO: 21000 CW 2022-12-18 0956 SD1A          599 0354       YO4NA         599 0057 EU   
QSO: 21000 CW 2022-12-18 0956 SD1A          599 0355       R8TT          599 0891 AS   
QSO: 21000 CW 2022-12-18 0957 SD1A          599 0356       EA5LN         599 0069 EU   
QSO: 21000 CW 2022-12-18 0958 SD1A          599 0357       RM7C          599 0421 EU   
QSO: 21000 CW 2022-12-18 0959 SD1A          599 0358       I2CZQ         599 0020 EU   
QSO: 21000 CW 2022-12-18 0959 SD1A          599 0359       UT3EV         599 0514 EU   
QSO: 21000 CW 2022-12-18 0959 SD1A          599 0360       IK3QAR        599 0144 EU   
QSO: 21000 CW 2022-12-18 1000 SD1A          599 0361       OL7D          599 0709 EU   
QSO: 21000 CW 2022-12-18 1001 SD1A          599 0362       YO3APJ        599 0112 EU   
QSO: 21000 CW 2022-12-18 1002 SD1A          599 0363       UB8A          599 0093 AS   
QSO: 21000 CW 2022-12-18 1003 SD1A          599 0364       DL7VOG        599 0036 EU   
QSO: 21000 CW 2022-12-18 1003 SD1A          599 0365       IT9CKA        599 0075 EU   
QSO: 21000 CW 2022-12-18 1003 SD1A          599 0366       SV8DJW        599 0135 EU   
QSO: 21000 CW 2022-12-18 1005 SD1A          599 0367       IK4ZIF        599 0072 EU   
QSO: 21000 CW 2022-12-18 1006 SD1A          599 0368       HA3HX         599 0295 EU   
QSO: 28000 CW 2022-12-18 1027 SD1A          599 0369       SV1JG         599 0415 EU   
QSO: 28000 CW 2022-12-18 1029 SD1A          599 0370       E20XMG        599 0036 AS   
QSO: 28000 CW 2022-12-18 1030 SD1A          599 0371       LZ8E          599 0230 EU   
QSO: 28000 CW 2022-12-18 1030 SD1A          599 0372       UA4PN         599 0076 EU   
QSO: 28000 CW 2022-12-18 1031 SD1A          599 0373       RX9CC         599 0057 AS   
QSO: 28000 CW 2022-12-18 1035 SD1A          599 0374       R9CX          599 0108 EU   
QSO: 28000 CW 2022-12-18 1037 SD1A          599 0375       SV9MBH        599 0048 EU   
QSO: 28000 CW 2022-12-18 1037 SD1A          599 0376       UA9XX         599 0165 AS   
QSO: 28000 CW 2022-12-18 1042 SD1A          599 0377       UP0L          599 1108 AS   
QSO: 28000 CW 2022-12-18 1043 SD1A          599 0378       IT9LKX        599 0536 EU   
QSO: 28000 CW 2022-12-18 1043 SD1A          599 0379       RG9A          599 1031 AS   
QSO: 21000 CW 2022-12-18 1047 SD1A          599 0380       RK3T          599 0262 EU   
QSO: 21000 CW 2022-12-18 1047 SD1A          599 0381       RW0AJ         599 0326 AS   
QSO: 21000 CW 2022-12-18 1053 SD1A          599 0382       PV2K          599 0020 SA   
QSO: 21000 CW 2022-12-18 1054 SD1A          599 0383       IZ8XXE        599 0166 EU   
QSO: 21000 CW 2022-12-18 1056 SD1A          599 0384       9A5D          599 0447 EU   
QSO: 21000 CW 2022-12-18 1057 SD1A          599 0385       RK4NB         599 0068 EU   
QSO: 21000 CW 2022-12-18 1059 SD1A          599 0386       EA1G          599 0218 EU   
QSO: 21000 CW 2022-12-18 1102 SD1A          599 0387       R6CZ          599 0281 EU   
QSO: 21000 CW 2022-12-18 1103 SD1A          599 0388       RA4HMT        599 0080 EU   
QSO: 21000 CW 2022-12-18 1103 SD1A          599 0389       F8KGW         599 0026 EU   
QSO: 21000 CW 2022-12-18 1104 SD1A          599 0390       9A3YT         599 0521 EU   
QSO: 21000 CW 2022-12-18 1105 SD1A          599 0391       UA4FDL        599 0082 EU   
QSO: 21000 CW 2022-12-18 1106 SD1A          599 0392       IU6MQO        599 0392 EU   
QSO: 21000 CW 2022-12-18 1107 SD1A          599 0393       UD6M          599 0558 EU   
QSO: 21000 CW 2022-12-18 1107 SD1A          599 0394       LZ8E          599 0272 EU   
QSO: 21000 CW 2022-12-18 1108 SD1A          599 0395       IU6MQO        599 0395 EU   
QSO: 21000 CW 2022-12-18 1109 SD1A          599 0396       UA1ZZ         599 0223 EU   
QSO: 21000 CW 2022-12-18 1111 SD1A          599 0397       NA1NA         599 0714 NA   
QSO: 21000 CW 2022-12-18 1112 SD1A          599 0398       LZ2HM         599 0122 EU   
QSO: 21000 CW 2022-12-18 1113 SD1A          599 0399       IT9LKX        599 0546 EU   
QSO: 21000 CW 2022-12-18 1115 SD1A          599 0400       EA1X          599 0205 EU   
QSO: 21000 CW 2022-12-18 1115 SD1A          599 0401       ZA1F          599 0189 EU   
QSO: 21000 CW 2022-12-18 1116 SD1A          599 0402       OY1CT         599 0523 EU   
QSO: 21000 CW 2022-12-18 1117 SD1A          599 0403       EI0W          599 0372 EU   
QSO: 14000 CW 2022-12-18 1150 SD1A          599 0404       PE2K          599 0098 EU   
QSO: 14000 CW 2022-12-18 1150 SD1A          599 0405       HA5BMS        599 0185 EU   
QSO: 14000 CW 2022-12-18 1150 SD1A          599 0406       DK1WU         599 0155 EU   
QSO: 14000 CW 2022-12-18 1151 SD1A          599 0407       M1X           599 0267 EU   
QSO: 14000 CW 2022-12-18 1151 SD1A          599 0408       9A73KD        599 1506 EU   
QSO: 14000 CW 2022-12-18 1153 SD1A          599 0409       YT4W          599 0567 EU   
QSO: 14000 CW 2022-12-18 1154 SD1A          599 0410       RC7A          599 0091 EU   
QSO: 14000 CW 2022-12-18 1155 SD1A          599 0411       RT6N          599 0078 EU   
QSO: 14000 CW 2022-12-18 1157 SD1A          599 0412       HB9BXQ        599 0130 EU   
QSO: 14000 CW 2022-12-18 1158 SD1A          599 0413       PA0RBA        599 0114 EU   
QSO: 14000 CW 2022-12-18 1159 SD1A          599 0414       G0TPH         599 0038 EU   
QSO: 14000 CW 2022-12-18 1200 SD1A          599 0415       F/PB8DX       599 0008 EU   
QSO: 14000 CW 2022-12-18 1201 SD1A          599 0416       PA3DZM        599 0197 EU   
QSO: 14000 CW 2022-12-18 1202 SD1A          599 0417       9A2EY         599 0373 EU   
QSO: 14000 CW 2022-12-18 1203 SD1A          599 0418       R9CD          599 0042 AS   
QSO: 14000 CW 2022-12-18 1205 SD1A          599 0419       PA2A          599 0265 EU   
QSO: 14000 CW 2022-12-18 1207 SD1A          599 0420       IK1BPL        599 0048 EU   
QSO: 14000 CW 2022-12-18 1209 SD1A          599 0421       DF8TY         599 0040 EU   
QSO: 14000 CW 2022-12-18 1210 SD1A          599 0422       F5IQG         599 0175 EU   
QSO: 14000 CW 2022-12-18 1210 SD1A          599 0423       9A7DX         599 0536 EU   
QSO: 14000 CW 2022-12-18 1210 SD1A          599 0424       DJ1KW         599 0045 EU   
QSO: 14000 CW 2022-12-18 1211 SD1A          599 0425       SP8CGU        599 0063 EU   
QSO: 14000 CW 2022-12-18 1212 SD1A          599 0426       G3YJQ         599 0082 EU   
QSO: 14000 CW 2022-12-18 1213 SD1A          599 0427       PA2W          599 0190 EU   
QSO: 14000 CW 2022-12-18 1213 SD1A          599 0428       LZ5DI         599 0123 EU   
QSO: 14000 CW 2022-12-18 1215 SD1A          599 0429       PA2VS         599 0069 EU   
QSO: 14000 CW 2022-12-18 1216 SD1A          599 0430       UA4LKU        599 0009 EU   
QSO: 14000 CW 2022-12-18 1216 SD1A          599 0431       YO8DOH        599 0597 EU   
QSO: 14000 CW 2022-12-18 1217 SD1A          599 0432       DK1YH         599 0081 EU   
QSO: 14000 CW 2022-12-18 1217 SD1A          599 0433       R7MW          599 0282 EU   
QSO: 14000 CW 2022-12-18 1219 SD1A          599 0434       PA1MUC        599 0032 EU   
QSO: 14000 CW 2022-12-18 1221 SD1A          599 0435       M4T           599 0937 EU   
QSO: 14000 CW 2022-12-18 1222 SD1A          599 0436       PA4O          599 0615 EU   
QSO: 14000 CW 2022-12-18 1222 SD1A          599 0437       EU8U          599 0992 EU   
QSO: 14000 CW 2022-12-18 1222 SD1A          599 0438       UT5UIA        599 0002 EU   
QSO: 14000 CW 2022-12-18 1223 SD1A          599 0439       YO6DBL        599 0122 EU   
QSO: 14000 CW 2022-12-18 1223 SD1A          599 0440       HB9AMO        599 0534 EU   
QSO: 14000 CW 2022-12-18 1224 SD1A          599 0441       R8TT          599 1089 AS   
QSO: 14000 CW 2022-12-18 1224 SD1A          599 0442       G4KRJ         599 0020 EU   
QSO: 14000 CW 2022-12-18 1225 SD1A          599 0443       UA6AK         599 0161 EU   
QSO: 14000 CW 2022-12-18 1226 SD1A          599 0444       SP3BBS        599 0140 EU   
QSO: 14000 CW 2022-12-18 1228 SD1A          599 0445       PI4AAG        599 0044 EU   
QSO: 14000 CW 2022-12-18 1228 SD1A          599 0446       I2IFT         599 0165 EU   
QSO: 14000 CW 2022-12-18 1230 SD1A          599 0447       N8UM          599 0204 NA   
QSO: 14000 CW 2022-12-18 1230 SD1A          599 0448       SQ9FQY        599 0058 EU   
QSO: 14000 CW 2022-12-18 1232 SD1A          599 0449       S52W          599 0643 EU   
QSO: 14000 CW 2022-12-18 1233 SD1A          599 0450       EA3EW         599 0127 EU   
QSO: 14000 CW 2022-12-18 1233 SD1A          599 0451       DL1AKP        599 0295 EU   
QSO: 14000 CW 2022-12-18 1235 SD1A          599 0452       PA0ZAV        599 0046 EU   
QSO: 14000 CW 2022-12-18 1237 SD1A          599 0453       SP9XCN        599 0881 EU   
QSO: 14000 CW 2022-12-18 1238 SD1A          599 0454       LZ8E          599 0467 EU   
QSO: 14000 CW 2022-12-18 1239 SD1A          599 0455       M0MPM         599 0029 EU   
QSO: 14000 CW 2022-12-18 1239 SD1A          599 0456       EA1WH         599 0344 EU   
QSO: 14000 CW 2022-12-18 1239 SD1A          599 0457       PC1PM         599 0220 EU   
QSO: 14000 CW 2022-12-18 1240 SD1A          599 0458       OK1BLU        599 0161 EU   
QSO: 14000 CW 2022-12-18 1240 SD1A          599 0459       DM7AA         599 0638 EU   
QSO: 14000 CW 2022-12-18 1241 SD1A          599 0460       OK4RQ         599 0110 EU   
QSO: 14000 CW 2022-12-18 1243 SD1A          599 0461       PD3LWD        599 0010 EU   
QSO: 14000 CW 2022-12-18 1245 SD1A          599 0462       E72U          599 0427 EU   
QSO: 14000 CW 2022-12-18 1245 SD1A          599 0463       PA1BX         599 0114 EU   
QSO: 14000 CW 2022-12-18 1245 SD1A          599 0464       YO4BEX        599 0048 EU   
QSO: 14000 CW 2022-12-18 1246 SD1A          599 0465       OK1OA         599 0386 EU   
QSO: 14000 CW 2022-12-18 1247 SD1A          599 0466       9A7RA         599 0098 EU   
QSO: 14000 CW 2022-12-18 1247 SD1A          599 0467       DK1YH         599 0096 EU   
QSO: 14000 CW 2022-12-18 1248 SD1A          599 0468       YO4AAC        599 0070 EU   
QSO: 14000 CW 2022-12-18 1249 SD1A          599 0469       DL1EGR        599 0026 EU   
QSO: 14000 CW 2022-12-18 1249 SD1A          599 0470       PA7KY         599 0077 EU   
QSO: 14000 CW 2022-12-18 1249 SD1A          599 0471       S57X          599 0319 EU   
QSO: 14000 CW 2022-12-18 1251 SD1A          599 0472       SP9YGD        599 0668 EU   
QSO: 14000 CW 2022-12-18 1252 SD1A          599 0473       OK2MBP        599 0594 EU   
QSO: 14000 CW 2022-12-18 1252 SD1A          599 0474       RW3DY         599 0269 EU   
QSO: 14000 CW 2022-12-18 1254 SD1A          599 0475       9A3YT         599 0549 EU   
QSO: 14000 CW 2022-12-18 1255 SD1A          599 0476       RX3VF         599 0205 EU   
QSO: 14000 CW 2022-12-18 1256 SD1A          599 0477       OK5NW         599 0289 EU   
QSO: 14000 CW 2022-12-18 1258 SD1A          599 0478       YO4NF         599 0474 EU   
QSO: 14000 CW 2022-12-18 1258 SD1A          599 0479       OK1TRJ        599 0090 EU   
QSO: 14000 CW 2022-12-18 1259 SD1A          599 0480       RA3XCZ        599 0087 EU   
QSO: 14000 CW 2022-12-18 1300 SD1A          599 0481       PA0RDT        599 0216 EU   
QSO: 14000 CW 2022-12-18 1300 SD1A          599 0482       G3XTZ         599 0005 EU   
QSO: 14000 CW 2022-12-18 1301 SD1A          599 0483       PC5D          599 0059 EU   
QSO: 14000 CW 2022-12-18 1302 SD1A          599 0484       DF3SM         599 0025 EU   
QSO: 14000 CW 2022-12-18 1303 SD1A          599 0485       YO4DG         599 0531 EU   
QSO: 14000 CW 2022-12-18 1304 SD1A          599 0486       E77D          599 0348 EU   
QSO: 14000 CW 2022-12-18 1304 SD1A          599 0487       F5SGI         599 0249 EU   
QSO: 14000 CW 2022-12-18 1304 SD1A          599 0488       DH6BH         599 0045 EU   
QSO: 14000 CW 2022-12-18 1305 SD1A          599 0489       DL5JQ         599 0101 EU   
QSO: 14000 CW 2022-12-18 1306 SD1A          599 0490       YT1XC         599 0131 EU   
QSO: 14000 CW 2022-12-18 1307 SD1A          599 0491       DD3FH         599 0079 EU   
QSO: 14000 CW 2022-12-18 1308 SD1A          599 0492       PA3ARM        599 0144 EU   
QSO: 14000 CW 2022-12-18 1308 SD1A          599 0493       IK1SPR        599 0058 EU   
QSO: 14000 CW 2022-12-18 1309 SD1A          599 0494       UR8IF         599 0013 EU   
QSO: 14000 CW 2022-12-18 1310 SD1A          599 0495       DL3EL         599 0006 EU   
QSO: 14000 CW 2022-12-18 1311 SD1A          599 0496       PC3M          599 0123 EU   
QSO: 14000 CW 2022-12-18 1313 SD1A          599 0497       KM5G          599 0124 NA   
QSO: 14000 CW 2022-12-18 1313 SD1A          599 0498       PA3DBS        599 0200 EU   
QSO: 14000 CW 2022-12-18 1314 SD1A          599 0499       PA1CW         599 0259 EU   
QSO: 14000 CW 2022-12-18 1315 SD1A          599 0500       UP0L          599 1365 AS   
END-OF-LOG:
