START-OF-LOG: 3.0
CONTEST: CQ-160-CW
CALLSIGN: E7W
LOCATION: DX
CATEGORY-OPERATOR: SINGLE-OP
CATEGORY-ASSISTED: ASSISTED
CATEGORY-BAND: 160M
CATEGORY-POWER: HIGH
CATEGORY-MODE: CW
CATEGORY-TRANSMITTER: ONE
GRID-LOCATOR: JN84IX
CLAIMED-SCORE: 42432
NAME: Emir Braco Memic
CLUB: BAVARIAN CONTEST CLUB
CREATED-BY: DXLog.net v2.6.25
QSO:    1825 CW 2026-01-25 2036 E7W              599 15    S53K             599  15      0
QSO:    1825 CW 2026-01-25 2036 E7W              599 15    OM2ADM           599  15      0
QSO:    1825 CW 2026-01-25 2037 E7W              599 15    9A5Y             599  15      0
QSO:    1825 CW 2026-01-25 2037 E7W              599 15    LZ5R             599  20      0
QSO:    1825 CW 2026-01-25 2037 E7W              599 15    DA2X             599  14      0
QSO:    1825 CW 2026-01-25 2037 E7W              599 15    HA6T             599  15      0
QSO:    1825 CW 2026-01-25 2038 E7W              599 15    SN5J             599  15      0
QSO:    1825 CW 2026-01-25 2038 E7W              599 15    HG8DX            599  15      0
QSO:    1825 CW 2026-01-25 2038 E7W              599 15    9A3XV            599  15      0
QSO:    1825 CW 2026-01-25 2038 E7W              599 15    9A4M             599  15      0
QSO:    1825 CW 2026-01-25 2039 E7W              599 15    9A3YT            599  15      0
QSO:    1825 CW 2026-01-25 2039 E7W              599 15    SP8R             599  15      0
QSO:    1825 CW 2026-01-25 2039 E7W              599 15    II2Q             599  15      0
QSO:    1825 CW 2026-01-25 2039 E7W              599 15    OK5WA            599  15      0
QSO:    1825 CW 2026-01-25 2039 E7W              599 15    S53AR            599  15      0
QSO:    1825 CW 2026-01-25 2039 E7W              599 15    S51YI            599  15      0
QSO:    1825 CW 2026-01-25 2040 E7W              599 15    PC4H             599  14      0
QSO:    1825 CW 2026-01-25 2040 E7W              599 15    C4E              599  20      0
QSO:    1825 CW 2026-01-25 2040 E7W              599 15    9A5M             599  15      0
QSO:    1825 CW 2026-01-25 2040 E7W              599 15    OT2A             599  14      0
QSO:    1825 CW 2026-01-25 2041 E7W              599 15    IT9/DK6XZ        599  15      0
QSO:    1825 CW 2026-01-25 2041 E7W              599 15    S57Q             599  15      0
QSO:    1825 CW 2026-01-25 2041 E7W              599 15    OM3GI            599  15      0
QSO:    1825 CW 2026-01-25 2041 E7W              599 15    HA5UA            599  15      0
QSO:    1825 CW 2026-01-25 2042 E7W              599 15    HB0DX            599  14      0
QSO:    1825 CW 2026-01-25 2042 E7W              599 15    YT1X             599  15      0
QSO:    1825 CW 2026-01-25 2042 E7W              599 15    DL0LA            599  14      0
QSO:    1825 CW 2026-01-25 2042 E7W              599 15    SP3VT            599  15      0
QSO:    1825 CW 2026-01-25 2042 E7W              599 15    YT3X             599  15      0
QSO:    1825 CW 2026-01-25 2043 E7W              599 15    S53O             599  15      0
QSO:    1825 CW 2026-01-25 2043 E7W              599 15    OE1PMU           599  15      0
QSO:    1825 CW 2026-01-25 2043 E7W              599 15    DR4A             599  14      0
QSO:    1825 CW 2026-01-25 2043 E7W              599 15    IG9/S54W         599  33      0
QSO:    1825 CW 2026-01-25 2044 E7W              599 15    S56X             599  15      0
QSO:    1825 CW 2026-01-25 2044 E7W              599 15    DP6A             599  14      0
QSO:    1825 CW 2026-01-25 2044 E7W              599 15    RW7K             599  16      0
QSO:    1825 CW 2026-01-25 2044 E7W              599 15    S59DR            599  15      0
QSO:    1825 CW 2026-01-25 2044 E7W              599 15    IO4M             599  15      0
QSO:    1825 CW 2026-01-25 2044 E7W              599 15    OM7M             599  15      0
QSO:    1825 CW 2026-01-25 2045 E7W              599 15    DJ1MM            599  14      0
QSO:    1825 CW 2026-01-25 2045 E7W              599 15    SQ3R             599  15      0
QSO:    1825 CW 2026-01-25 2045 E7W              599 15    OK1AGE           599  15      0
QSO:    1825 CW 2026-01-25 2046 E7W              599 15    SV1ABB           599  20      0
QSO:    1825 CW 2026-01-25 2046 E7W              599 15    DL5LYM           599  14      0
QSO:    1825 CW 2026-01-25 2046 E7W              599 15    R5WW             599  16      0
QSO:    1825 CW 2026-01-25 2046 E7W              599 15    9A2W             599  15      0
QSO:    1825 CW 2026-01-25 2047 E7W              599 15    DL6NDW           599  14      0
QSO:    1825 CW 2026-01-25 2047 E7W              599 15    IU0TGF           599  15      0
QSO:    1825 CW 2026-01-25 2048 E7W              599 15    9A1KDE           599  15      0
QSO:    1825 CW 2026-01-25 2048 E7W              599 15    LY4A             599  15      0
QSO:    1825 CW 2026-01-25 2048 E7W              599 15    YO5AVN           599  20      0
QSO:    1825 CW 2026-01-25 2048 E7W              599 15    DJ0IF            599  14      0
QSO:    1825 CW 2026-01-25 2048 E7W              599 15    LY7M             599  15      0
QSO:    1825 CW 2026-01-25 2049 E7W              599 15    DP9A             599  14      0
QSO:    1825 CW 2026-01-25 2049 E7W              599 15    DL7ON            599  14      0
QSO:    1825 CW 2026-01-25 2049 E7W              599 15    ZA1RR            599  15      0
QSO:    1825 CW 2026-01-25 2049 E7W              599 15    ON6NL            599  14      0
QSO:    1825 CW 2026-01-25 2050 E7W              599 15    SP5EXA           599  15      0
QSO:    1825 CW 2026-01-25 2050 E7W              599 15    HA8WY            599  15      0
QSO:    1825 CW 2026-01-25 2050 E7W              599 15    HA1NB            599  15      0
QSO:    1825 CW 2026-01-25 2050 E7W              599 15    OK1DKR           599  15      0
QSO:    1825 CW 2026-01-25 2051 E7W              599 15    DL2ZA            599  14      0
QSO:    1825 CW 2026-01-25 2051 E7W              599 15    SP7AS            599  15      0
QSO:    1825 CW 2026-01-25 2051 E7W              599 15    S53V             599  15      0
QSO:    1825 CW 2026-01-25 2051 E7W              599 15    HA6NL            599  15      0
QSO:    1825 CW 2026-01-25 2052 E7W              599 15    DR5W             599  14      0
QSO:    1825 CW 2026-01-25 2052 E7W              599 15    UZ5ZV            599  16      0
QSO:    1825 CW 2026-01-25 2052 E7W              599 15    S53M             599  15      0
QSO:    1825 CW 2026-01-25 2052 E7W              599 15    9A7RR            599  15      0
QSO:    1825 CW 2026-01-25 2052 E7W              599 15    R1DX             599  16      0
QSO:    1825 CW 2026-01-25 2053 E7W              599 15    SO3O             599  15      0
QSO:    1825 CW 2026-01-25 2053 E7W              599 15    UX0LL            599  16      0
QSO:    1825 CW 2026-01-25 2053 E7W              599 15    EU4E             599  16      0
QSO:    1825 CW 2026-01-25 2054 E7W              599 15    SM6LJU           599  14      0
QSO:    1825 CW 2026-01-25 2054 E7W              599 15    OK2ZV            599  15      0
QSO:    1825 CW 2026-01-25 2054 E7W              599 15    MM0ZBH           599  14      0
QSO:    1825 CW 2026-01-25 2054 E7W              599 15    E70X             599  15      0
QSO:    1825 CW 2026-01-25 2055 E7W              599 15    PA0O             599  14      0
QSO:    1825 CW 2026-01-25 2055 E7W              599 15    OL7T             599  15      0
QSO:    1825 CW 2026-01-25 2055 E7W              599 15    OK6Y             599  15      0
QSO:    1825 CW 2026-01-25 2055 E7W              599 15    LY5W             599  15      0
QSO:    1825 CW 2026-01-25 2055 E7W              599 15    OK1PI            599  15      0
QSO:    1825 CW 2026-01-25 2056 E7W              599 15    IK2CLB           599  15      0
QSO:    1825 CW 2026-01-25 2056 E7W              599 15    DK3WW            599  14      0
QSO:    1825 CW 2026-01-25 2056 E7W              599 15    UW5ZO            599  16      0
QSO:    1825 CW 2026-01-25 2057 E7W              599 15    S51J             599  15      0
QSO:    1825 CW 2026-01-25 2057 E7W              599 15    SV1RK            599  20      0
QSO:    1825 CW 2026-01-25 2057 E7W              599 15    UA3LID           599  16      0
QSO:    1825 CW 2026-01-25 2058 E7W              599 15    LX7I             599  14      0
QSO:    1825 CW 2026-01-25 2058 E7W              599 15    HB9PUE           599  14      0
QSO:    1825 CW 2026-01-25 2058 E7W              599 15    DL3IAE           599  14      0
QSO:    1825 CW 2026-01-25 2058 E7W              599 15    SP3HRN           599  15      0
QSO:    1825 CW 2026-01-25 2059 E7W              599 15    SP7JLH           599  15      0
QSO:    1825 CW 2026-01-25 2059 E7W              599 15    SV1TAY           599  20      0
QSO:    1825 CW 2026-01-25 2059 E7W              599 15    LY4L             599  15      0
QSO:    1825 CW 2026-01-25 2059 E7W              599 15    SV1AER           599  20      0
QSO:    1825 CW 2026-01-25 2100 E7W              599 15    R6OAF            599  16      0
QSO:    1825 CW 2026-01-25 2100 E7W              599 15    E79D             599  15      0
QSO:    1825 CW 2026-01-25 2100 E7W              599 15    TA3NE            599  20      0
QSO:    1825 CW 2026-01-25 2101 E7W              599 15    DR5X             599  14      0
QSO:    1825 CW 2026-01-25 2101 E7W              599 15    S54A             599  15      0
QSO:    1825 CW 2026-01-25 2101 E7W              599 15    OE2S             599  15      0
QSO:    1825 CW 2026-01-25 2102 E7W              599 15    SP4Z             599  15      0
QSO:    1825 CW 2026-01-25 2102 E7W              599 15    OK5ET            599  15      0
QSO:    1825 CW 2026-01-25 2102 E7W              599 15    DL6RDR           599  14      0
QSO:    1825 CW 2026-01-25 2102 E7W              599 15    SV1RK            599  20      0
QSO:    1825 CW 2026-01-25 2102 E7W              599 15    OK1KKI           599  15      0
QSO:    1825 CW 2026-01-25 2103 E7W              599 15    F6FYA            599  14      0
QSO:    1825 CW 2026-01-25 2103 E7W              599 15    YL3FT            599  15      0
QSO:    1825 CW 2026-01-25 2103 E7W              599 15    IZ2BVC           599  15      0
QSO:    1825 CW 2026-01-25 2103 E7W              599 15    9A3J             599  15      0
QSO:    1825 CW 2026-01-25 2104 E7W              599 15    DJ7YP            599  14      0
QSO:    1825 CW 2026-01-25 2104 E7W              599 15    SC7DX            599  14      0
QSO:    1825 CW 2026-01-25 2104 E7W              599 15    DK7PE            599  14      0
QSO:    1825 CW 2026-01-25 2104 E7W              599 15    F1FPL            599  14      0
QSO:    1825 CW 2026-01-25 2105 E7W              599 15    DL1BUG           599  14      0
QSO:    1825 CW 2026-01-25 2105 E7W              599 15    OK1XV            599  15      0
QSO:    1825 CW 2026-01-25 2105 E7W              599 15    F6EZV            599  14      0
QSO:    1825 CW 2026-01-25 2105 E7W              599 15    DL8TG            599  14      0
QSO:    1825 CW 2026-01-25 2105 E7W              599 15    UW2U             599  16      0
QSO:    1825 CW 2026-01-25 2106 E7W              599 15    SM7GVF           599  14      0
QSO:    1825 CW 2026-01-25 2106 E7W              599 15    DM3W             599  14      0
QSO:    1825 CW 2026-01-25 2106 E7W              599 15    LZ2FU            599  20      0
QSO:    1825 CW 2026-01-25 2106 E7W              599 15    S56C             599  15      0
QSO:    1825 CW 2026-01-25 2107 E7W              599 15    G4CDN            599  14      0
QSO:    1825 CW 2026-01-25 2107 E7W              599 15    OK1FKD           599  15      0
QSO:    1825 CW 2026-01-25 2107 E7W              599 15    OK1TN            599  15      0
QSO:    1825 CW 2026-01-25 2107 E7W              599 15    G2NF             599  14      0
QSO:    1825 CW 2026-01-25 2108 E7W              599 15    DF8XC            599  14      0
QSO:    1825 CW 2026-01-25 2108 E7W              599 15    DL1NEO           599  14      0
QSO:    1825 CW 2026-01-25 2108 E7W              599 15    DJ2TG            599  14      0
QSO:    1825 CW 2026-01-25 2108 E7W              599 15    OK2BFN           599  15      0
QSO:    1825 CW 2026-01-25 2109 E7W              599 15    DL0MCM           599  14      0
QSO:    1825 CW 2026-01-25 2109 E7W              599 15    DL3SBI           599  14      0
QSO:    1825 CW 2026-01-25 2109 E7W              599 15    OM3CUG           599  15      0
QSO:    1825 CW 2026-01-25 2110 E7W              599 15    M2W              599  14      0
QSO:    1825 CW 2026-01-25 2110 E7W              599 15    YT8A             599  15      0
QSO:    1825 CW 2026-01-25 2111 E7W              599 15    CQ9A             599  33      0
QSO:    1825 CW 2026-01-25 2111 E7W              599 15    DL5JP            599  14      0
QSO:    1825 CW 2026-01-25 2111 E7W              599 15    S58W             599  15      0
QSO:    1825 CW 2026-01-25 2111 E7W              599 15    DK2AT            599  14      0
QSO:    1825 CW 2026-01-25 2112 E7W              599 15    IK1PMR           599  15      0
QSO:    1825 CW 2026-01-25 2112 E7W              599 15    OL1A             599  15      0
QSO:    1825 CW 2026-01-25 2112 E7W              599 15    SP4T             599  15      0
QSO:    1825 CW 2026-01-25 2112 E7W              599 15    OL5T             599  15      0
QSO:    1825 CW 2026-01-25 2112 E7W              599 15    DL7URH           599  14      0
QSO:    1825 CW 2026-01-25 2113 E7W              599 15    S54X             599  15      0
QSO:    1825 CW 2026-01-25 2113 E7W              599 15    R8TT             599  16      0
QSO:    1825 CW 2026-01-25 2114 E7W              599 15    I1HJT            599  15      0
QSO:    1825 CW 2026-01-25 2114 E7W              599 15    RK6OQ            599  16      0
QSO:    1825 CW 2026-01-25 2114 E7W              599 15    DL5ARM           599  14      0
QSO:    1825 CW 2026-01-25 2114 E7W              599 15    SP2LNW           599  15      0
QSO:    1825 CW 2026-01-25 2115 E7W              599 15    S58Y             599  15      0
QSO:    1825 CW 2026-01-25 2115 E7W              599 15    HA1BC            599  15      0
QSO:    1825 CW 2026-01-25 2115 E7W              599 15    SP9JZU           599  15      0
QSO:    1825 CW 2026-01-25 2115 E7W              599 15    HB9BXE           599  14      0
QSO:    1825 CW 2026-01-25 2116 E7W              599 15    G5W              599  14      0
QSO:    1825 CW 2026-01-25 2116 E7W              599 15    G5W              599  14      0
QSO:    1825 CW 2026-01-25 2116 E7W              599 15    G6P              599  14      0
QSO:    1825 CW 2026-01-25 2117 E7W              599 15    E74E             599  15      0
QSO:    1825 CW 2026-01-25 2117 E7W              599 15    DK7HA            599  14      0
QSO:    1825 CW 2026-01-25 2117 E7W              599 15    DA0T             599  14      0
QSO:    1825 CW 2026-01-25 2117 E7W              599 15    S52A             599  15      0
QSO:    1825 CW 2026-01-25 2117 E7W              599 15    DL3YM            599  14      0
QSO:    1825 CW 2026-01-25 2117 E7W              599 15    HA8BE            599  15      0
QSO:    1825 CW 2026-01-25 2118 E7W              599 15    SP3IOE           599  15      0
QSO:    1825 CW 2026-01-25 2118 E7W              599 15    S53A             599  15      0
QSO:    1825 CW 2026-01-25 2118 E7W              599 15    DL9UP            599  14      0
QSO:    1825 CW 2026-01-25 2119 E7W              599 15    YO4FPF           599  20      0
QSO:    1825 CW 2026-01-25 2119 E7W              599 15    SP9ATE           599  15      0
QSO:    1825 CW 2026-01-25 2119 E7W              599 15    LY2DX            599  15      0
QSO:    1825 CW 2026-01-25 2120 E7W              599 15    LY7L             599  15      0
QSO:    1825 CW 2026-01-25 2120 E7W              599 15    OL5Y             599  15      0
QSO:    1825 CW 2026-01-25 2120 E7W              599 15    OK1MNW           599  15      0
QSO:    1825 CW 2026-01-25 2120 E7W              599 15    RM2U             599  16      0
QSO:    1825 CW 2026-01-25 2121 E7W              599 15    EF5Q             599  14      0
QSO:    1825 CW 2026-01-25 2122 E7W              599 15    DJ4WT            599  14      0
QSO:    1825 CW 2026-01-25 2122 E7W              599 15    4U1A             599  15      0
QSO:    1825 CW 2026-01-25 2122 E7W              599 15    OL3Z             599  15      0
QSO:    1825 CW 2026-01-25 2123 E7W              599 15    OK1FMX           599  15      0
QSO:    1825 CW 2026-01-25 2123 E7W              599 15    R3ZP             599  16      0
QSO:    1825 CW 2026-01-25 2123 E7W              599 15    DM6M             599  14      0
QSO:    1825 CW 2026-01-25 2123 E7W              599 15    E78CB            599  15      0
QSO:    1825 CW 2026-01-25 2124 E7W              599 15    DK1KC            599  14      0
QSO:    1825 CW 2026-01-25 2125 E7W              599 15    M6W              599  14      0
QSO:    1825 CW 2026-01-25 2125 E7W              599 15    DM7W             599  14      0
QSO:    1825 CW 2026-01-25 2125 E7W              599 15    SP6ECA           599  15      0
QSO:    1825 CW 2026-01-25 2125 E7W              599 15    DJ9RR            599  14      0
QSO:    1825 CW 2026-01-25 2126 E7W              599 15    PC0A             599  14      0
QSO:    1825 CW 2026-01-25 2126 E7W              599 15    DL9CHR           599  14      0
QSO:    1825 CW 2026-01-25 2126 E7W              599 15    PC8M             599  14      0
QSO:    1825 CW 2026-01-25 2127 E7W              599 15    SP3CYY           599  15      0
QSO:    1825 CW 2026-01-25 2127 E7W              599 15    OZ4O             599  14      0
QSO:    1825 CW 2026-01-25 2129 E7W              599 15    S57NAW           599  15      0
QSO:    1827 CW 2026-01-25 2130 E7W              599 15    LY5R             599  15      0
QSO:    1827 CW 2026-01-25 2131 E7W              599 15    YT6A             599  15      0
QSO:    1827 CW 2026-01-25 2131 E7W              599 15    EW2ES            599  16      0
QSO:    1827 CW 2026-01-25 2132 E7W              599 15    RU3DX            599  16      0
QSO:    1827 CW 2026-01-25 2132 E7W              599 15    OZ3SM            599  14      0
QSO:    1827 CW 2026-01-25 2133 E7W              599 15    DK7AC            599  14      0
QSO:    1827 CW 2026-01-25 2133 E7W              599 15    IK4VET           599  15      0
QSO:    1827 CW 2026-01-25 2133 E7W              599 15    IK3JLS           599  15      0
QSO:    1827 CW 2026-01-25 2134 E7W              599 15    Z32TO            599  15      0
QSO:    1827 CW 2026-01-25 2134 E7W              599 15    LY0NAS           599  15      0
QSO:    1827 CW 2026-01-25 2134 E7W              599 15    DL2RUG           599  14      0
QSO:    1827 CW 2026-01-25 2135 E7W              599 15    DL2TOS           599  14      0
QSO:    1827 CW 2026-01-25 2135 E7W              599 15    DR8M             599  14      0
QSO:    1827 CW 2026-01-25 2135 E7W              599 15    OE5TXF           599  15      0
QSO:    1827 CW 2026-01-25 2136 E7W              599 15    DC6K             599  14      0
QSO:    1827 CW 2026-01-25 2136 E7W              599 15    OT6M             599  14      0
QSO:    1827 CW 2026-01-25 2136 E7W              599 15    SE0X             599  14      0
QSO:    1827 CW 2026-01-25 2136 E7W              599 15    DL1ABR           599  14      0
QSO:    1827 CW 2026-01-25 2137 E7W              599 15    OK1BLU           599  15      0
QSO:    1827 CW 2026-01-25 2137 E7W              599 15    HG7T             599  15      0
QSO:    1827 CW 2026-01-25 2137 E7W              599 15    OP3T             599  14      0
QSO:    1827 CW 2026-01-25 2138 E7W              599 15    DL7VEE           599  14      0
QSO:    1815 CW 2026-01-25 2148 E7W              599 15    DA1DX            599  14      0
END-OF-LOG:
