START-OF-LOG: 3.0
CREATED-BY: reconstructed-log-builder
CONTEST: ARRL-DX-SSB
CALLSIGN: KE8KES
LOCATION: 
CATEGORY: CHECKLOG
CATEGORY-OPERATOR: SINGLE-OP
CATEGORY-BAND: ALL
CATEGORY-MODE: MIXED
CATEGORY-POWER: UNKNOWN
CATEGORY-ASSISTED: NON-ASSISTED
CATEGORY-TRANSMITTER: ONE
CATEGORY-STATION: UNKNOWN
CATEGORY-OVERLAY: 
OPERATORS: KE8KES
CLAIMED-SCORE: 
CLUB: 
NAME: 
SOAPBOX: RECONSTRUCTED MOCKUP LOG - NOT AN OFFICIAL SUBMISSION.
SOAPBOX: Derived from submitted logs for ARRL-DX-SSB ARRL/arrl_international_dx_phone_contest/2021.
QSO:  7139 PH 2021-03-07 0209 KE8KES        59 OH ZW5B          59 KW
QSO:  7152 PH 2021-03-07 0226 KE8KES        59 OH D4Z           59 KW
QSO:  7160 PH 2021-03-07 0233 KE8KES        59 OH 3G2K          59 KW
QSO:  7166 PH 2021-03-07 0236 KE8KES        59 OH HI3LT         59 KW
QSO:  7197 PH 2021-03-07 0244 KE8KES        59 OH EA8ZS         59 1000
QSO: 21270 PH 2021-03-07 1414 KE8KES        59 OH PT5J          59 1000
QSO: 21214 PH 2021-03-07 1415 KE8KES        59 OH ZW5B          59 KW
QSO: 21000 PH 2021-03-07 1421 KE8KES        59 OH PR4T          59 KW
QSO: 21250 PH 2021-03-07 1423 KE8KES        59 OH CX7SS         59 KW
QSO: 21293 PH 2021-03-07 1426 KE8KES        59 OH PJ2T          59 K
QSO: 21300 PH 2021-03-07 1432 KE8KES        59 OH YY5RAB        59 100
QSO: 21310 PH 2021-03-07 1434 KE8KES        59 OH FM5BH         59 KW
QSO: 21390 PH 2021-03-07 1438 KE8KES        59 OH CE5NK         59 KW
QSO: 21276 PH 2021-03-07 1445 KE8KES        59 OH PY2MP         59 KW
QSO: 21000 PH 2021-03-07 1452 KE8KES        59 OH PP5JN         59 KW
END-OF-LOG:
