START-OF-LOG: 3.0
LOCATION: NC
CALLSIGN: W4BBT
CATEGORY: SINGLE-OP ALL HIGH
CLUB: Potomac Valley Radio Club
CONTEST: EA-RTTY
CLAIMED-SCORE: 3723
OPERATORS: W4BBT
NAME: Don Gladwell
GRID-LOCATOR: FM06RB
CREATED-BY: N1MM Logger+ 1.0.9846.0
QSO: 21087 RY 2023-04-01 1215 W4BBT         599 0001   IU4CHE        599 0018     
QSO: 21088 RY 2023-04-01 1218 W4BBT         599 0002   9A1A          599 0029     
QSO: 21081 RY 2023-04-01 1221 W4BBT         599 0003   YQ6A          599 0017     
QSO: 21095 RY 2023-04-01 1225 W4BBT         599 0004   9A5D          599 0032     
QSO: 14093 RY 2023-04-01 1242 W4BBT         599 0005   VE2RYY        599 0027     
QSO: 14084 RY 2023-04-01 1248 W4BBT         599 0006   HG5D          599 0083     
QSO: 14096 RY 2023-04-01 1253 W4BBT         599 0007   W4CQE         599 0018     
QSO: 21092 RY 2023-04-01 1305 W4BBT         599 0008   ED1D          599 P        
QSO: 14113 RY 2023-04-01 1307 W4BBT         599 0009   EI3GC         599 0040     
QSO: 14088 RY 2023-04-01 1315 W4BBT         599 0010   SP4TXI        599 0059     
QSO: 14084 RY 2023-04-01 1325 W4BBT         599 0011   W0DET         599 0005     
QSO: 28100 RY 2023-04-01 1333 W4BBT         599 0012   EA8AH         599 GC       
QSO: 28089 RY 2023-04-01 1335 W4BBT         599 0013   TK5MH         599 0081     
QSO: 28089 RY 2023-04-01 1337 W4BBT         599 0014   4M1W          599 0004     
QSO: 28089 RY 2023-04-01 1340 W4BBT         599 0015   EB5CUN        599 V        
QSO: 14095 RY 2023-04-01 1355 W4BBT         599 0016   DF8XC         599 0045     
QSO: 21115 RY 2023-04-01 1405 W4BBT         599 0017   LZ6K          599 0042     
QSO: 21115 RY 2023-04-01 1411 W4BBT         599 0018   9A1HBC        599 0103     
QSO: 21115 RY 2023-04-01 1412 W4BBT         599 0019   KE0UI         599 0002     
QSO: 21115 RY 2023-04-01 1424 W4BBT         599 0020   DL3DRN        599 0021     
QSO: 21115 RY 2023-04-01 1427 W4BBT         599 0021   TK5MH         599 0110     
QSO: 21115 RY 2023-04-01 1427 W4BBT         599 0022   F4FRC         599 0032     
QSO: 21115 RY 2023-04-01 1427 W4BBT         599 0023   I1NVU         599 0026     
QSO: 21115 RY 2023-04-01 1433 W4BBT         599 0024   DJ5LA         599 0016     
QSO: 21098 RY 2023-04-01 1439 W4BBT         599 0025   OZ11A         599 0088     
QSO: 21082 RY 2023-04-01 1447 W4BBT         599 0026   EE1D          599 SO       
QSO: 21113 RY 2023-04-01 1455 W4BBT         599 0027   GW0A          599 0109     
QSO: 14099 RY 2023-04-01 1459 W4BBT         599 0028   AA2MF         599 0017     
QSO: 14094 RY 2023-04-01 1502 W4BBT         599 0029   VA3RTG        599 0007     
QSO: 14094 RY 2023-04-01 1503 W4BBT         599 0030   KO1H          599 0032     
QSO: 21080 RY 2023-04-01 1517 W4BBT         599 0031   WU7W          599 0005     
QSO: 21080 RY 2023-04-01 1518 W4BBT         599 0032   N5LPT         599 0005     
QSO: 21080 RY 2023-04-01 1520 W4BBT         599 0033   K0JJR         599 0016     
QSO: 21080 RY 2023-04-01 1523 W4BBT         599 0034   W5AP          599 0008     
QSO: 28092 RY 2023-04-01 1530 W4BBT         599 0035   EC5W          599 A        
QSO: 21080 RY 2023-04-01 1542 W4BBT         599 0036   VY2LI         599 0044     
QSO: 21080 RY 2023-04-01 1547 W4BBT         599 0037   RG2Y          599 0051     
QSO: 28089 RY 2023-04-01 1558 W4BBT         599 0038   OA4DOS        599 0010     
QSO: 28088 RY 2023-04-01 1610 W4BBT         599 0039   EE4Y          599 TO       
QSO: 28088 RY 2023-04-01 1611 W4BBT         599 0040   EA2BJM        599 Z        
QSO: 28088 RY 2023-04-01 1618 W4BBT         599 0041   LZ6K          599 0072     
QSO: 21080 RY 2023-04-01 1626 W4BBT         599 0042   ED1R          599 AV       
QSO: 21080 RY 2023-04-01 1628 W4BBT         599 0043   W6SX          599 0014     
QSO: 21080 RY 2023-04-01 1629 W4BBT         599 0044   PA6AA         599 0136     
QSO: 14104 RY 2023-04-01 1643 W4BBT         599 0045   OZ11A         599 0152     
QSO: 14101 RY 2023-04-01 1653 W4BBT         599 0046   N4KXO         599 0001     
QSO: 14101 RY 2023-04-01 1654 W4BBT         599 0047   W4TA          599 0063     
QSO: 21098 RY 2023-04-01 1705 W4BBT         599 0048   PZ5RA         599 0124     
QSO: 21093 RY 2023-04-01 1708 W4BBT         599 0049   EA7EQ         599 SE       
QSO: 21101 RY 2023-04-01 1711 W4BBT         599 0050   IU4CSS        599 0019     
QSO: 21097 RY 2023-04-01 1713 W4BBT         599 0051   IK2FTB        599 0086     
QSO: 21100 RY 2023-04-01 1717 W4BBT         599 0052   YL2CI         599 0128     
QSO: 21096 RY 2023-04-01 1721 W4BBT         599 0053   AB5XM         599 0007     
QSO: 21092 RY 2023-04-01 1737 W4BBT         599 0054   OM3CW         599 0030     
QSO: 14102 RY 2023-04-01 1744 W4BBT         599 0055   9A1A          599 0277     
END-OF-LOG:
