START-OF-LOG: 3.0
CREATED-BY: vhfmanager-downloader
CONTEST: WW_PMC
CALLSIGN: VU2CVS
CATEGORY: ALL - All bands high power CW
CATEGORY-OPERATOR: SINGLE-OP
CATEGORY-ASSISTED: NON-ASSISTED
CATEGORY-TRANSMITTER: ONE
CATEGORY-STATION: FIXED
QSO: 14000 CW 2019-01-06 0923 VU2CVS        599 22         9M2YDX        599 28        
QSO: 14000 CW 2019-01-06 0924 VU2CVS        599 22         S50A          599 15        
QSO: 14000 CW 2019-01-06 0927 VU2CVS        599 22         RL3T          599 16        
QSO: 14000 CW 2019-01-06 0935 VU2CVS        599 22         F5IN          599 14        
QSO: 14000 CW 2019-01-06 0937 VU2CVS        599 22         IK3UNA        599 15        
QSO: 14000 CW 2019-01-06 0942 VU2CVS        599 22         UN9GD         599 17        
QSO: 14000 CW 2019-01-06 0943 VU2CVS        599 22         9A1AA         599 15        
QSO: 14000 CW 2019-01-06 0959 VU2CVS        599 22         R6CC          599 16        
QSO: 14000 CW 2019-01-06 1024 VU2CVS        599 22         UP1M          599 16        
QSO: 14000 CW 2019-01-06 1028 VU2CVS        599 22         UA6GO         599 16        
QSO: 14000 CW 2019-01-06 1030 VU2CVS        599 22         RL4A          599 16        
QSO: 14000 CW 2019-01-06 1046 VU2CVS        599 22         9A1CRT        599 ZGB*      
QSO: 14000 CW 2019-01-06 1055 VU2CVS        599 22         PA3FQA        599 14        
END-OF-LOG:
