START-OF-LOG: 3.0
CREATED-BY: reconstructed-log-builder
CONTEST: WW-DIGI
CALLSIGN: SP6NIC
LOCATION: 
CATEGORY: CHECKLOG
CATEGORY-OPERATOR: SINGLE-OP
CATEGORY-BAND: ALL
CATEGORY-MODE: MIXED
CATEGORY-POWER: UNKNOWN
CATEGORY-ASSISTED: NON-ASSISTED
CATEGORY-TRANSMITTER: ONE
CATEGORY-STATION: UNKNOWN
CATEGORY-OVERLAY: 
OPERATORS: SP6NIC
CLAIMED-SCORE: 
CLUB: 
NAME: 
SOAPBOX: RECONSTRUCTED MOCKUP LOG - NOT AN OFFICIAL SUBMISSION.
SOAPBOX: Derived from submitted logs for WW-DIGI WWDIGI/2021.
QSO: 21090 DG 2021-08-28 1250 SP6NIC        JO81 YU1UN         JN93
QSO: 14092 DG 2021-08-28 1330 SP6NIC        JO81 YO3GCI        KN44
QSO: 14091 DG 2021-08-28 1332 SP6NIC        JO81 G3UCQ         IO70
QSO: 14090 DG 2021-08-28 1339 SP6NIC        JO81 IX1CLD        JN35
QSO: 14091 DG 2021-08-28 1409 SP6NIC        JO81 UT2UB         KO50
QSO: 14090 DG 2021-08-28 1414 SP6NIC        JO81 US4IRT        KN88
QSO:  7091 DG 2021-08-28 1516 SP6NIC        JO81 0 DM5WH         JO40
QSO:  7091 DG 2021-08-28 1518 SP6NIC        JO81 S53AK         JN76
QSO:  7093 DG 2021-08-28 1519 SP6NIC        JO81 S51CK         JN76
QSO:  7091 DG 2021-08-28 1520 SP6NIC        JO81 ON3XMU        JO20
QSO:  7091 DG 2021-08-28 1522 SP6NIC        JO81 DC4CP         JO30
QSO:  7092 DG 2021-08-28 1525 SP6NIC        JO81 S55X          JN76
QSO:  7090 DG 2021-08-28 1530 SP6NIC        JO81 DL1HSI        JO51
QSO:  7091 DG 2021-08-28 1531 SP6NIC        JO81 DK2DQ         JO31
QSO:  7092 DG 2021-08-28 1540 SP6NIC        JO81 0 OH2BRG        KP21
QSO:  7092 DG 2021-08-28 1541 SP6NIC        JO81 F6ITD         JN03
QSO:  7091 DG 2021-08-28 1545 SP6NIC        JO81 0 M0YDB         IO93
QSO:  7091 DG 2021-08-28 1553 SP6NIC        JO81 UT3N          KN49
QSO:  7091 DG 2021-08-28 1556 SP6NIC        JO81 0 DL4A          JN48
QSO:  7091 DG 2021-08-28 1557 SP6NIC        JO81 PA3EOU        JO22
QSO:  7091 DG 2021-08-28 1605 SP6NIC        JO81 UT2SQ         KN29
QSO:  7091 DG 2021-08-28 1606 SP6NIC        JO81 0 DF4ZL         JN49
QSO:  7091 DG 2021-08-28 1634 SP6NIC        JO81 0 UT5UHX        KO50
QSO:  7091 DG 2021-08-28 1714 SP6NIC        JO81 OH7L          KP24
QSO:  7091 DG 2021-08-28 1814 SP6NIC        JO81 DK2EE         JO32
QSO:  7091 DG 2021-08-28 1816 SP6NIC        JO81 DH1OL         JN39
QSO:  7090 DG 2021-08-28 1818 SP6NIC        JO81 PD7RF         JO22
QSO:  7092 DG 2021-08-28 2026 SP6NIC        JO81 0 BY1RX         OM89
QSO:  7091 DG 2021-08-28 2031 SP6NIC        JO81 R3ST          KO94
QSO: 14091 DG 2021-08-28 2115 SP6NIC        JO81 EA3HKA        JN11
QSO:  7092 DG 2021-08-29 0254 SP6NIC        JO81 0 DL0IFM        JN47
QSO:  7091 DG 2021-08-29 0408 SP6NIC        JO81 5B4AMM        KM65
QSO:  7090 DG 2021-08-29 0411 SP6NIC        JO81 0 UT4RZ         KO50
QSO: 14090 DG 2021-08-29 0424 SP6NIC        JO81 0 UN7BCF        MO43
QSO: 14091 DG 2021-08-29 0806 SP6NIC        JO81 SA6SKA        JO68
QSO: 14090 DG 2021-08-29 0811 SP6NIC        JO81 UB8Y          NO22
QSO: 21092 DG 2021-08-29 0857 SP6NIC        JO81 0 UR3ABM        KO70
QSO: 21092 DG 2021-08-29 0857 SP6NIC        JO81 0 UR3ABM        KO70
QSO: 28092 DG 2021-08-29 0913 SP6NIC        JO81 UR4QX         KN86
QSO: 28091 DG 2021-08-29 0914 SP6NIC        JO81 UT3HD         KN79
QSO: 28091 DG 2021-08-29 0931 SP6NIC        JO81 R5AJ          KO95
QSO: 14091 DG 2021-08-29 1152 SP6NIC        JO81 HB9CRY        JN37
END-OF-LOG:
