START-OF-LOG: 2.0
ARRL-SECTION: DX
CALLSIGN: DJ4WM
CLUB: 
CONTEST: EA-PSK63
CATEGORY: SINGLE-OP ALL
CLAIMED-SCORE: 16128
OPERATORS: DJ4WM
NAME: Werner Mikolai
SOAPBOX: 
CREATED-BY: MixW 3.2
QSO: 14071 PS 2020-03-14 1600 DJ4WM         599 001    EA4DAU        599 M
QSO: 14070 PS 2020-03-14 1606 DJ4WM         599 002    EA1L          599 O
QSO: 14071 PS 2020-03-14 1611 DJ4WM         599 003    CR5O          599 007
QSO: 14071 PS 2020-03-14 1614 DJ4WM         599 004    EA1LN         599 O
QSO: 14071 PS 2020-03-14 1614 DJ4WM         599 005    EB1TR         599 O
QSO: 14070 PS 2020-03-14 1615 DJ4WM         599 006    EF1C          599 LO
QSO: 14070 PS 2020-03-14 1619 DJ4WM         599 007    EA1LN         599 HQ
QSO: 14071 PS 2020-03-14 1622 DJ4WM         599 008    EA2ESZ        599 VI
QSO: 14072 PS 2020-03-14 1623 DJ4WM         599 009    EA1AF         599 P
QSO: 14072 PS 2020-03-14 1625 DJ4WM         599 010    IT9VCE        599 021
QSO: 14072 PS 2020-03-14 1626 DJ4WM         599 011    EA5N          599 A
QSO: 14073 PS 2020-03-14 1628 DJ4WM         599 012    EA7KI         599 MA
QSO: 14073 PS 2020-03-14 1629 DJ4WM         599 013    EA2DLX        599 BI
QSO: 14073 PS 2020-03-14 1630 DJ4WM         599 014    EA1WH         599 S
QSO: 14074 PS 2020-03-14 1631 DJ4WM         599 015    EA1TL         599 V
QSO: 14073 PS 2020-03-14 1633 DJ4WM         599 016    EA4BAS        599 M
QSO: 14074 PS 2020-03-14 1634 DJ4WM         599 017    EA2A          599 HU
QSO: 14073 PS 2020-03-14 1734 DJ4WM         599 018    EA4GOY        599 TO
QSO: 14072 PS 2020-03-14 1735 DJ4WM         599 019    SV3DCX        599 063
QSO:  7040 PS 2020-03-14 1740 DJ4WM         599 020    SP5KCR        599 058
QSO:  7040 PS 2020-03-14 1741 DJ4WM         599 021    RA1QFU        599 053
QSO:  7041 PS 2020-03-14 1742 DJ4WM         599 022    US7KC         599 073
QSO:  7041 PS 2020-03-14 1742 DJ4WM         599 023    EB1TR         599 O
QSO:  7041 PS 2020-03-14 1743 DJ4WM         599 024    EA1G          599 O
QSO:  7042 PS 2020-03-14 1745 DJ4WM         599 025    EC7AT         599 AL
QSO:  7042 PS 2020-03-14 1746 DJ4WM         599 026    HA1TIB        599 039
QSO:  7042 PS 2020-03-14 1747 DJ4WM         599 027    IV3KKW        599 065
QSO:  7042 PS 2020-03-14 1748 DJ4WM         599 028    SP5BUJ        599 032
QSO:  7042 PS 2020-03-14 1749 DJ4WM         599 029    SM5ILE        599 048
QSO:  7042 PS 2020-03-14 1750 DJ4WM         599 030    EC7WA         599 H
QSO:  7043 PS 2020-03-14 1751 DJ4WM         599 031    OK2UHP        599 034
QSO:  7043 PS 2020-03-14 1751 DJ4WM         599 032    M0DPK         599 031
QSO:  7043 PS 2020-03-14 1752 DJ4WM         599 033    C31MF         599 73
QSO:  7043 PS 2020-03-14 1754 DJ4WM         599 034    UR5SD         599 100
QSO:  7044 PS 2020-03-14 1756 DJ4WM         599 035    LZ5K          599 89
QSO:  7044 PS 2020-03-15 0213 DJ4WM         599 036    EA7IP         599 SE
QSO:  3584 PS 2020-03-15 0215 DJ4WM         599 037    UV5QQ         599 138
QSO:  3583 PS 2020-03-15 0216 DJ4WM         599 038    EA4FR         599 CR
QSO:  3584 PS 2020-03-15 0217 DJ4WM         599 039    SQ1BVG        599 144
QSO:  3584 PS 2020-03-15 0218 DJ4WM         599 040    RA3E          599 042
QSO:  3583 PS 2020-03-15 0220 DJ4WM         599 041    UR5ICG        599 055
QSO:  3583 PS 2020-03-15 0221 DJ4WM         599 042    R4OF          599 085
QSO:  3583 PS 2020-03-15 0223 DJ4WM         599 043    UR4MVK        599 69
QSO:  3583 PS 2020-03-15 0229 DJ4WM         599 044    EA4GRZ        599 M
QSO:  3583 PS 2020-03-15 0231 DJ4WM         599 045    RA1ALC        599 131
QSO:  3583 PS 2020-03-15 0235 DJ4WM         599 046    EA2BNU        599 SS
QSO:  3583 PS 2020-03-15 0237 DJ4WM         599 047    GM0HUU        599 022
QSO:  7043 PS 2020-03-15 0246 DJ4WM         599 048    UR4MVK        599 077
QSO:  3584 PS 2020-03-15 0300 DJ4WM         599 049    RW3ZA         599 032
QSO:  7044 PS 2020-03-15 0308 DJ4WM         599 050    UR5ICG        599 060
QSO:  3584 PS 2020-03-15 0346 DJ4WM         599 051    ON6HX         599 006
QSO:  3583 PS 2020-03-15 0358 DJ4WM         599 052    I3PVB         599 83
QSO:  3584 PS 2020-03-15 0403 DJ4WM         599 053    UA3XO         599 052
QSO:  3584 PS 2020-03-15 0404 DJ4WM         599 054    EA4GOY        599 TO
QSO:  3584 PS 2020-03-15 0408 DJ4WM         599 055    UT2EF         599 072
QSO:  3584 PS 2020-03-15 0414 DJ4WM         599 056    SE4E          599 173
QSO:  7043 PS 2020-03-15 0448 DJ4WM         599 057    EA4GOY        599 TO
QSO:  7043 PS 2020-03-15 0450 DJ4WM         599 058    YO8DHA        599 0118
QSO:  7044 PS 2020-03-15 0450 DJ4WM         599 059    R3WA          599 086
QSO:  7044 PS 2020-03-15 0451 DJ4WM         599 060    R7LY          599 092
QSO:  7043 PS 2020-03-15 0453 DJ4WM         599 061    YO4UQ         599 027
QSO:  3583 PS 2020-03-15 0504 DJ4WM         599 062    HB9HQX        599 061
QSO:  3584 PS 2020-03-15 0506 DJ4WM         599 063    US7KC         599 152
QSO:  3583 PS 2020-03-15 0509 DJ4WM         599 064    UT5EPP        599 234
QSO:  3583 PS 2020-03-15 0510 DJ4WM         599 065    LZ3QE         599 007
QSO:  3583 PS 2020-03-15 0511 DJ4WM         599 066    YO2LXW        599 024
QSO:  3583 PS 2020-03-15 0511 DJ4WM         599 067    SE6K          599 061
QSO:  3583 PS 2020-03-15 0512 DJ4WM         599 068    PA4G          599 093
QSO:  3583 PS 2020-03-15 0513 DJ4WM         599 069    UR5FBM        599 070
QSO:  3583 PS 2020-03-15 0515 DJ4WM         599 070    EA4BAS        599 M
QSO:  3583 PS 2020-03-15 0519 DJ4WM         599 071    SQ7SAU        599 067
QSO:  3583 PS 2020-03-15 0519 DJ4WM         599 072    IW3IOD        599 135
QSO:  7044 PS 2020-03-15 0717 DJ4WM         599 073    S57ZT         599 254
QSO:  7043 PS 2020-03-15 0717 DJ4WM         599 074    EA7KI         599 MA
QSO:  7044 PS 2020-03-15 0718 DJ4WM         599 075    EA1TL         599 AV
QSO:  7045 PS 2020-03-15 0721 DJ4WM         599 076    EB2CTA        599 VI
QSO:  7045 PS 2020-03-15 0723 DJ4WM         599 077    EA5GIO        599 V
QSO:  7045 PS 2020-03-15 0726 DJ4WM         599 078    HA6NL         599 233
QSO:  7045 PS 2020-03-15 0727 DJ4WM         599 079    EA3IAZ        599 GI
QSO:  7045 PS 2020-03-15 0728 DJ4WM         599 080    EA7BP         599 SE
QSO:  7045 PS 2020-03-15 0728 DJ4WM         599 081    LZ3QE         599 089
QSO:  7045 PS 2020-03-15 0729 DJ4WM         599 082    UR5FOA        599 062
QSO:  7046 PS 2020-03-15 0733 DJ4WM         599 083    UT2SW         599 013
QSO: 14072 PS 2020-03-15 0739 DJ4WM         599 084    UR5LP         599 033
QSO: 14073 PS 2020-03-15 0742 DJ4WM         599 085    RU0LL         599 020
QSO: 14073 PS 2020-03-15 0743 DJ4WM         599 086    UX7QV         599 201
QSO: 14073 PS 2020-03-15 0744 DJ4WM         599 087    RA0WHE        599 077
QSO: 14073 PS 2020-03-15 0745 DJ4WM         599 088    UN7LV         599 063
QSO: 14072 PS 2020-03-15 0746 DJ4WM         599 089    R7KO          599 078
QSO: 14071 PS 2020-03-15 0749 DJ4WM         599 090    SV1JFL        599 058
QSO: 14071 PS 2020-03-15 0750 DJ4WM         599 091    UX1IW         599 055
QSO: 14072 PS 2020-03-15 0755 DJ4WM         599 092    EA5ASU        599 C
QSO: 14072 PS 2020-03-15 0756 DJ4WM         599 093    RK6BBN        599 73
QSO: 14073 PS 2020-03-15 0759 DJ4WM         599 094    R4OF          599 73
QSO: 14073 PS 2020-03-15 0801 DJ4WM         599 095    UA3GQ         599 033
QSO: 14073 PS 2020-03-15 0803 DJ4WM         599 096    RX6BH         599 111
QSO: 14073 PS 2020-03-15 0804 DJ4WM         599 097    UR4MVK        599 133
QSO: 14073 PS 2020-03-15 0805 DJ4WM         599 098    R4CU          599 057
QSO: 14071 PS 2020-03-15 0811 DJ4WM         599 099    SV1JG         599 228
QSO: 14071 PS 2020-03-15 0813 DJ4WM         599 100    RV6F          599 101
QSO: 14072 PS 2020-03-15 0814 DJ4WM         599 101    UC5D          599 032
QSO: 14072 PS 2020-03-15 0816 DJ4WM         599 102    EF5U          599 A
QSO: 14071 PS 2020-03-15 0942 DJ4WM         599 103    IW9GTD        599 108
QSO: 14072 PS 2020-03-15 0945 DJ4WM         599 104    EA7HS         599 CO
QSO: 14072 PS 2020-03-15 0947 DJ4WM         599 105    EA7KHB        599 CO
QSO: 14073 PS 2020-03-15 0949 DJ4WM         599 106    EA4FP         599 M
QSO: 14073 PS 2020-03-15 0950 DJ4WM         599 107    EA4FJX        599 M
QSO: 14073 PS 2020-03-15 0951 DJ4WM         599 108    EA5EX         599 MU
QSO: 14073 PS 2020-03-15 0954 DJ4WM         599 109    RN5AA         599 288
QSO:  7041 PS 2020-03-15 0958 DJ4WM         599 110    HB9HQX        599 092
QSO:  7041 PS 2020-03-15 1003 DJ4WM         599 111    G4OZG         599 132
QSO:  7043 PS 2020-03-15 1006 DJ4WM         599 112    IK2SBB        599 169
QSO:  7043 PS 2020-03-15 1008 DJ4WM         599 113    G4EBY         599 032
QSO:  7043 PS 2020-03-15 1011 DJ4WM         599 114    SE4E          599 317
QSO:  7043 PS 2020-03-15 1012 DJ4WM         599 115    EA1G          599 O
QSO:  7043 PS 2020-03-15 1013 DJ4WM         599 116    IK4JQQ        599 020
QSO:  7042 PS 2020-03-15 1236 DJ4WM         599 117    F5PVK         599 092
QSO:  7044 PS 2020-03-15 1238 DJ4WM         599 118    M2E           599 031
QSO:  7044 PS 2020-03-15 1238 DJ4WM         599 119    SP5UUD        599 027
QSO:  7044 PS 2020-03-15 1241 DJ4WM         599 120    S57X          599 062
QSO:  7044 PS 2020-03-15 1245 DJ4WM         599 121    EA1X          599 C
QSO:  7044 PS 2020-03-15 1246 DJ4WM         599 122    G3L           599 057
QSO:  7044 PS 2020-03-15 1248 DJ4WM         599 123    EA2XR         599 BI
QSO:  7044 PS 2020-03-15 1249 DJ4WM         599 124    EA3F          599 L
QSO:  7044 PS 2020-03-15 1251 DJ4WM         599 125    SP5TAZ        599 122
QSO:  7044 PS 2020-03-15 1252 DJ4WM         599 126    DL5RK         599 218
QSO:  7044 PS 2020-03-15 1253 DJ4WM         599 127    9A5HZ         599 056
QSO:  7044 PS 2020-03-15 1256 DJ4WM         599 128    LY2PAD        599 137
QSO:  7044 PS 2020-03-15 1256 DJ4WM         599 129    SP6JZP        599 244
QSO:  7044 PS 2020-03-15 1258 DJ4WM         599 130    LY2BAA        599 007
QSO:  7044 PS 2020-03-15 1300 DJ4WM         599 131    ED2V          599 VI
QSO:  7042 PS 2020-03-15 1346 DJ4WM         599 132    EA3X          599 B
QSO:  7043 PS 2020-03-15 1349 DJ4WM         599 133    I0GIA         599 182
QSO:  7043 PS 2020-03-15 1352 DJ4WM         599 134    OK2WMC        599 125
QSO:  7043 PS 2020-03-15 1352 DJ4WM         599 135    IK1BPL        599 203
QSO:  7043 PS 2020-03-15 1354 DJ4WM         599 136    IK2SND        599 110
QSO:  7043 PS 2020-03-15 1354 DJ4WM         599 137    F5GFA         599 089
QSO:  7043 PS 2020-03-15 1356 DJ4WM         599 138    R3FO          599 273
END-OF-LOG:
