START-OF-LOG: 2.0
ARRL-SECTION: DX
CALLSIGN: DL9FB
CATEGORY: SINGLE-OP ALL
CLAIMED-SCORE: 99
CLUB: 
CONTEST: EA-PSK63
CREATED-BY: MixW 2.17
NAME: bodo
OPERATORS: DL9FB
QSO:  7041 RY 2020-03-14 1704 DL9FB         599 001    US7KC         599 054    0
QSO:  7041 RY 2020-03-14 1707 DL9FB         599 002    UR5SD         599 064    0
QSO:  7041 RY 2020-03-14 1709 DL9FB         599 003    EC7AT         599 00     0
QSO:  7040 RY 2020-03-14 1711 DL9FB         599 004    S57ZT         599 026    0
QSO:  7040 RY 2020-03-14 1712 DL9FB         599 005    SP5KCR        599 044    0
QSO:  7041 RY 2020-03-14 1713 DL9FB         599 006    EA1G          599 O      0
QSO:  7042 RY 2020-03-14 1715 DL9FB         599 007    HA1TIB        599 029    0
QSO:  7042 RY 2020-03-14 1716 DL9FB         599 008    UT5EPP        599 052    0
QSO:  7042 RY 2020-03-14 1717 DL9FB         599 009    SE4E          599 045    0
QSO:  7043 RY 2020-03-14 1718 DL9FB         599 010    G0HDV         599 017    0
END-OF-LOG:
