START-OF-LOG: 3.0
CONTEST: EA-PSK63
CALLSIGN: EA1LN
CATEGORY: SINGLE-OP 20M
CATEGORY-BAND: 20M
CATEGORY-MODE: PSK63
CATEGORY-POWER: 
CATEGORY-TRANSMITTER: ONE
CATEGORY-STATION: FIXED
CATEGORY-ASSISTED: ASSISTED
LOCATION: DX
CLAIMED-SCORE: 2208
CLUB:EA CONTEST CLUB
NAME: SECUNDINO
OPERATORS: EA1LN
CREATED-BY: ADIF2CABR V.3.10 (C) SP7DQR
QSO: 14070 PS 2020-03-14 1604 EA1LN         599 O R3FO          599 007 
QSO: 14069 PS 2020-03-14 1614 EA1LN         599 O DJ4WM         599 004 
QSO: 14068 PS 2020-03-14 1618 EA1LN         599 O IW4EJK        599 007 
QSO: 14070 PS 2020-03-14 1623 EA1LN         599 O SP4TXI        599 020 
QSO: 14069 PS 2020-03-14 1626 EA1LN         599 O EB1DMQ        599 O 
QSO: 14067 PS 2020-03-14 1634 EA1LN         599 O EA1WX         599 O 
QSO: 14066 PS 2020-03-14 1641 EA1LN         599 O HA6NL         599 023 
QSO: 14066 PS 2020-03-14 1646 EA1LN         599 O OO3O          599 027 
QSO: 14067 PS 2020-03-14 1647 EA1LN         599 O F5RD          599 006 
QSO: 14068 PS 2020-03-14 1905 EA1LN         599 O EA8CNR        599 GC 
QSO: 14070 PS 2020-03-14 1912 EA1LN         599 O LZ2JA         599 069 
QSO: 14070 PS 2020-03-14 1920 EA1LN         599 O UR2Y          599 109 
QSO: 21070 PS 2020-03-14 1924 EA1LN         599 O CV7S          599 036 
QSO: 14070 PS 2020-03-14 1951 EA1LN         599 O EA8/HB9FIH    599 TF 
QSO: 14070 PS 2020-03-14 1953 EA1LN         599 O N6AR          599 47 
QSO: 14071 PS 2020-03-14 1955 EA1LN         599 O N2HMM         599 065 
QSO: 14071 PS 2020-03-15 0625 EA1LN         599 O IT9VCE        599 116 
QSO: 14071 PS 2020-03-15 0634 EA1LN         599 O YO3RU         599 017 
QSO: 14070 PS 2020-03-15 0639 EA1LN         599 O YL2CI         599 093 
QSO: 14070 PS 2020-03-15 0647 EA1LN         599 O OM8JP         599 056 
QSO: 14069 PS 2020-03-15 0651 EA1LN         599 O RW0SR         599 065 
QSO: 14071 PS 2020-03-15 0658 EA1LN         599 O UN7LV         599 042 
QSO: 14072 PS 2020-03-15 0701 EA1LN         599 O SP4LVK        599 067 
QSO: 14072 PS 2020-03-15 0707 EA1LN         599 O RA9AEA        599 046 
QSO: 14072 PS 2020-03-15 0713 EA1LN         599 O RA1ALC        599 188 
QSO: 14072 PS 2020-03-15 0717 EA1LN         599 O OK2EA         599 145 
QSO: 14072 PS 2020-03-15 0721 EA1LN         599 O HA1UA         599 027 
QSO: 14070 PS 2020-03-15 0724 EA1LN         599 O HG1G          599 039 
QSO: 14068 PS 2020-03-15 0727 EA1LN         599 O EA1L          599 O 
QSO: 14070 PS 2020-03-15 0729 EA1LN         599 O HA5AGP        599 054 
QSO: 14070 PS 2020-03-15 0736 EA1LN         599 O LC9S          599 025 
QSO: 14069 PS 2020-03-15 0743 EA1LN         599 O RN5AA         599 226 
QSO: 14067 PS 2020-03-15 0748 EA1LN         599 O SE4E          599 253 
QSO: 14071 PS 2020-03-15 0757 EA1LN         599 O RA4HL         599 174 
QSO: 14072 PS 2020-03-15 0800 EA1LN         599 O S57ZT         599 264 
QSO:  7039 PS 2020-03-15 0828 EA1LN         599 O EA7KFX        599 O 
QSO:  7039 PS 2020-03-15 0907 EA1LN         599 O EA5O          599 V 
QSO:  7039 PS 2020-03-15 0909 EA1LN         599 O EC5JC         599 A 
QSO:  7038 PS 2020-03-15 0911 EA1LN         599 O EA5XC         599 A 
QSO: 14069 PS 2020-03-15 0916 EA1LN         599 O RA1QFU        599 330 
QSO: 14070 PS 2020-03-15 0920 EA1LN         599 O IW9GTD        599 091 
QSO: 14071 PS 2020-03-15 0922 EA1LN         599 O SP7IIT        599 069 
QSO: 14069 PS 2020-03-15 0924 EA1LN         599 O US7KC         599 256 
QSO: 14069 PS 2020-03-15 0926 EA1LN         599 O YO8DHA        599 0231 
QSO: 14066 PS 2020-03-15 0930 EA1LN         599 O EA8W          599 GC 
QSO: 14072 PS 2020-03-15 0933 EA1LN         599 O SP6IHE        599 030 
QSO:  7041 PS 2020-03-15 1203 EA1LN         599 O EC7D          599 MA 
QSO:  7040 PS 2020-03-15 1204 EA1LN         599 O EA3F          599 L 
QSO:  7040 PS 2020-03-15 1207 EA1LN         599 O EA3X          599 B 
QSO:  7038 PS 2020-03-15 1208 EA1LN         599 O EA3GCT        599 B 
QSO:  7039 PS 2020-03-15 1209 EA1LN         599 O IW3IOD        599 247 
QSO:  7039 PS 2020-03-15 1210 EA1LN         599 O EA7BP         599 SE 
QSO:  7039 PS 2020-03-15 1211 EA1LN         599 O G3L           599 044 
QSO:  7039 PS 2020-03-15 1212 EA1LN         599 O EA4GZD        599 CR 
QSO: 21069 PS 2020-03-15 1221 EA1LN         599 O HZ1TT         599 079 
QSO: 14067 PS 2020-03-15 1240 EA1LN         599 O R4OF          599 241 
QSO: 14067 PS 2020-03-15 1243 EA1LN         599 O LA2HFA        599 021 
QSO: 14067 PS 2020-03-15 1244 EA1LN         599 O GM0HUU        599 032 
QSO: 14066 PS 2020-03-15 1250 EA1LN         599 O UR5LP         599 228 
QSO: 14064 PS 2020-03-15 1253 EA1LN         599 O SN0DUCH       599 23 
QSO: 14067 PS 2020-03-15 1257 EA1LN         599 O R4CI          599 067 
QSO: 14068 PS 2020-03-15 1259 EA1LN         599 O PA2IP         599 098 
QSO: 14068 PS 2020-03-15 1300 EA1LN         599 O UA6CE         599 122 
QSO: 14070 PS 2020-03-15 1331 EA1LN         599 O SV1JG         599 309 
QSO: 14071 PS 2020-03-15 1334 EA1LN         599 O SV1JFL        599 134 
QSO: 14072 PS 2020-03-15 1340 EA1LN         599 O OM5MX         599 051 
QSO: 14068 PS 2020-03-15 1351 EA1LN         599 O DL3SYA        599 487 
QSO: 14067 PS 2020-03-15 1359 EA1LN         599 O PD5JFK        599 063 
QSO: 14067 PS 2020-03-15 1406 EA1LN         599 O ED8H          599 O 
QSO: 14068 PS 2020-03-15 1409 EA1LN         599 O IN3FOI        599 273 
QSO: 14071 PS 2020-03-15 1420 EA1LN         599 O PA4O          599 077 
QSO: 14072 PS 2020-03-15 1427 EA1LN         599 O OZ1DAE        599 330 
QSO: 14067 PS 2020-03-15 1446 EA1LN         599 O RT4W          599 062 
QSO: 14065 PS 2020-03-15 1447 EA1LN         599 O TF3AO         599 017 
QSO: 14065 PS 2020-03-15 1448 EA1LN         599 O EA1SI         599 O 
END-OF-LOG:
