START-OF-LOG: 2.0
REF-SECTION: 87
CALLSIGN: F5NWW
CATEGORY: SINGLE-OP ALL LOW
CLAIMED-SCORE:  6670
CONTEST: REF-SSB
CREATED-BY: WINREF-HF V7.3.15
NAME: JOANNY GÉRARD
OFFTIME: 2014-02-23 0755 2014-02-23 1800
OFFTIME: 2014-02-22 2120 2014-02-23 0650
OFFTIME: 2014-02-22 0855 2014-02-22 1425
RIG: TS480SAT
RIG: TS480SAT
RIG: LONG FIL
RIG: 100
QSO: 7000  PH 2014-02-22 0720 F5NWW         59  87     F4BDV         59  82   
QSO: 7000  PH 2014-02-22 0730 F5NWW         59  87     F6DZU         59  40   
QSO: 7000  PH 2014-02-22 0735 F5NWW         59  87     F4DPW         59  95   
QSO: 7000  PH 2014-02-22 0750 F5NWW         59  87     F5KEQ         59  44   
QSO: 7000  PH 2014-02-22 0835 F5NWW         59  87     F6HKS         59  81   
QSO: 7000  PH 2014-02-22 0836 F5NWW         59  87     F5ADE         59  36   
QSO: 7000  PH 2014-02-22 0840 F5NWW         59  87     F6KNB         59  33   
QSO: 7000  PH 2014-02-22 0850 F5NWW         59  87     F5KDK/P       59  24   
QSO: 7000  PH 2014-02-22 0852 F5NWW         59  87     F5SXD         59  14   
QSO: 7000  PH 2014-02-22 0853 F5NWW         59  87     F6KRK         59  78   
QSO: 7000  PH 2014-02-22 0855 F5NWW         59  87     F6DYX         59  49   
QSO: 7000  PH 2014-02-22 1425 F5NWW         59  87     F4CUI         59  43   
QSO: 7000  PH 2014-02-22 1435 F5NWW         59  87     F4BVO         59  73   
QSO: 7000  PH 2014-02-22 1440 F5NWW         59  87     F4GRL         59  31   
QSO: 7000  PH 2014-02-22 1445 F5NWW         59  87     F4KIV/P       59  48   
QSO: 7000  PH 2014-02-22 1510 F5NWW         59  87     F8KFS         59  73   
QSO: 7000  PH 2014-02-22 1516 F5NWW         59  87     F5DMD/P       59  58   
QSO: 7000  PH 2014-02-22 1520 F5NWW         59  87     F1ISM         59  60   
QSO: 7000  PH 2014-02-22 1530 F5NWW         59  87     F5LPY         59  55   
QSO: 7000  PH 2014-02-22 1535 F5NWW         59  87     F8KGZ         59  54   
QSO: 7000  PH 2014-02-22 1540 F5NWW         59  87     F6ACH         59  50   
QSO: 7000  PH 2014-02-22 1545 F5NWW         59  87     F6KFI         59  72   
QSO: 14000 PH 2014-02-22 1950 F5NWW         59  87     FM5AN         59  FM   
QSO: 14000 PH 2014-02-22 1955 F5NWW         59  87     FM5BH         59  FM   
QSO: 7000  PH 2014-02-22 2010 F5NWW         59  87     EI3HDB        59  037  
QSO: 7000  PH 2014-02-22 2105 F5NWW         59  87     FG4KH         59  FG   
QSO: 7000  PH 2014-02-22 2110 F5NWW         59  87     FG1JS         59  FG   
QSO: 7000  PH 2014-02-22 2120 F5NWW         59  87     CT1ETK        59  026  
QSO: 7000  PH 2014-02-23 0650 F5NWW         59  87     F4CIB         59  41   
QSO: 7000  PH 2014-02-23 0655 F5NWW         59  87     F4GFP         59  24   
QSO: 7000  PH 2014-02-23 0740 F5NWW         59  87     F5ODK/P       59  03   
QSO: 7000  PH 2014-02-23 0745 F5NWW         59  87     F4KJB/P       59  79   
QSO: 7000  PH 2014-02-23 0750 F5NWW         59  87     F2QH          59  95   
QSO: 7000  PH 2014-02-23 0755 F5NWW         59  87     F6KDU         59  64   
END-OF-LOG:

