START-OF-LOG: 3.0
CREATED-BY: vhfmanager-downloader
CONTEST: ZRS marčevsko UKV tekmovanje - Official results - VHFManager
CALLSIGN: S52AQ
CATEGORY: 145 MHz - Generated log
CATEGORY-OPERATOR: SINGLE-OP
CATEGORY-ASSISTED: NON-ASSISTED
CATEGORY-TRANSMITTER: ONE
CATEGORY-STATION: FIXED
QSO: 144300 PH 2019-03-02 1848 S52AQ         1   JN76NI JN76NI S52AQ         SSB S50G 59   
QSO: 144300 PH 2019-03-02 1850 S52AQ         2   JN76NI JN76NI S52AQ         SSB 9A9R 59   
QSO: 144300 PH 2019-03-02 1852 S52AQ         3   JN76NI JN76NI S52AQ         SSB OE6V 59   
QSO: 144300 PH 2019-03-02 1857 S52AQ         4   JN76NI JN76NI S52AQ         SSB HG1Z 59   
QSO: 144300 PH 2019-03-02 1900 S52AQ         5   JN76NI JN76NI S52AQ         SSB S59P 59   
QSO: 144300 PH 2019-03-02 1902 S52AQ         6   JN76NI JN76NI S52AQ         SSB S53V 59   
QSO: 144300 PH 2019-03-02 1904 S52AQ         7   JN76NI JN76NI S52AQ         SSB S57Q 59   
QSO: 144300 PH 2019-03-02 1908 S52AQ         8   JN76NI JN76NI S52AQ         SSB S59K 59   
QSO: 144300 PH 2019-03-02 1910 S52AQ         9   JN76NI JN76NI S52AQ         SSB S56K 59   
QSO: 144300 PH 2019-03-02 1935 S52AQ         10  JN76NI JN76NI S52AQ         SSB 9A2B 59   
QSO: 144300 PH 2019-03-02 2009 S52AQ         11  JN76NI JN76NI S52AQ         SSB S50L 59   
QSO: 144300 PH 2019-03-02 2014 S52AQ         12  JN76NI JN76NI S52AQ         SSB S52ZD 59  
QSO: 144300 PH 2019-03-02 2113 S52AQ         13  JN76NI JN76NI S52AQ         SSB 9A1E 59   
END-OF-LOG:
