START-OF-LOG: 3.0
CREATED-BY: reconstructed-log-builder
CONTEST: CQ-WPX-SSB
CALLSIGN: AG5Z
LOCATION: 
CATEGORY: CHECKLOG
CATEGORY-OPERATOR: SINGLE-OP
CATEGORY-BAND: ALL
CATEGORY-MODE: MIXED
CATEGORY-POWER: UNKNOWN
CATEGORY-ASSISTED: NON-ASSISTED
CATEGORY-TRANSMITTER: ONE
CATEGORY-STATION: UNKNOWN
CATEGORY-OVERLAY: 
OPERATORS: AG5Z
CLAIMED-SCORE: 
CLUB: 
NAME: 
SOAPBOX: RECONSTRUCTED MOCKUP LOG - NOT AN OFFICIAL SUBMISSION.
SOAPBOX: Derived from submitted logs for CQ-WPX-SSB CQWPX/ph/2011.
QSO: 14000 PH 2011-03-26 0226 AG5Z          59 2 NJ6P          59 248
QSO: 14156 PH 2011-03-26 0226 AG5Z          59 NK7U          59 0351
QSO: 14168 PH 2011-03-26 0231 AG5Z          59 3 P40L          59 504
QSO: 14150 PH 2011-03-26 0232 AG5Z          59 0004 XR6T          59 0224
QSO: 14000 PH 2011-03-26 0233 AG5Z          59 7 YV5OIE        59 48
QSO: 14178 PH 2011-03-26 0233 AG5Z          59 005 WC6H          59 0374
QSO: 14187 PH 2011-03-26 0234 AG5Z          59 006 W7RN          59 0379
QSO: 14193 PH 2011-03-26 0235 AG5Z          59 008 P40M          59 0584
QSO: 14000 PH 2011-03-26 0237 AG5Z          59 0009 PT6TS         59 0223
QSO: 14203 PH 2011-03-26 0238 AG5Z          59 010 AL9A          59 217
QSO: 14209 PH 2011-03-26 0240 AG5Z          59 0011 CE3G          59 0088
QSO: 14200 PH 2011-03-26 0241 AG5Z          59 012 LT5X          59 085
QSO: 14217 PH 2011-03-26 0243 AG5Z          59 013 CR3A          59 0357
QSO: 14225 PH 2011-03-26 0245 AG5Z          59 0014 VA5AA         59 0390
QSO: 14228 PH 2011-03-26 0245 AG5Z          59 15 PJ2T          59 599
QSO: 14231 PH 2011-03-26 0246 AG5Z          59 0016 KI6VC         59 0222
QSO: 14236 PH 2011-03-26 0247 AG5Z          59 0017 RW0A          59 0188
QSO: 14243 PH 2011-03-26 0249 AG5Z          59 0018 KZ7X          59 0413
QSO: 14245 PH 2011-03-26 0251 AG5Z          59 19 6V7D          59 414
QSO: 14250 PH 2011-03-26 0252 AG5Z          59 20 RC9O          59 329
QSO: 14255 PH 2011-03-26 0254 AG5Z          59 021 RF9C          59 0299
QSO: 14264 PH 2011-03-26 0256 AG5Z          59 22 UP0L          59 378
QSO: 14271 PH 2011-03-26 0256 AG5Z          59 23 8P5A          59 665
QSO: 14276 PH 2011-03-26 0259 AG5Z          59 0024 PW7T          59 0357
QSO: 14000 PH 2011-03-26 0304 AG5Z          59 028 PR5B          59 0530
QSO: 14303 PH 2011-03-26 0304 AG5Z          59 0029 VC6X          59 0484
QSO: 14000 PH 2011-03-26 0307 AG5Z          59 0032 LS1D          59 0320
QSO: 14306 PH 2011-03-26 0307 AG5Z          59 0030 PT2CM         59 0389
QSO: 14308 PH 2011-03-26 0307 AG5Z          59 0031 LP1H          59 0495
QSO: 14000 PH 2011-03-26 0309 AG5Z          59 034 TO11A         59 0406
QSO: 14330 PH 2011-03-26 0310 AG5Z          59 0035 ZV2K          59 0224
QSO: 14333 PH 2011-03-26 0311 AG5Z          59 036 ZX2B          59 370
QSO: 14000 PH 2011-03-26 0315 AG5Z          59 0038 LO7H          59 0234
QSO: 14000 PH 2011-03-26 0320 AG5Z          59 039 RI1ANC        59 235
QSO: 14187 PH 2011-03-26 0322 AG5Z          59 0041 LU7YZ         59 0022
QSO:  7134 PH 2011-03-26 0329 AG5Z          59 042 NR6O          59 0078
QSO:  7143 PH 2011-03-26 0333 AG5Z          59 0043 ER4A          59 0557
QSO:  7155 PH 2011-03-26 0336 AG5Z          59 044 SN3R          59 0323
QSO:  7115 PH 2011-03-26 0340 AG5Z          59 0045 EA3RR         59 0186
QSO:  7171 PH 2011-03-26 0342 AG5Z          59 0046 WX3B          59 0205
QSO:  7173 PH 2011-03-26 0343 AG5Z          59 0047 VE3CX         59 0278
QSO:  7178 PH 2011-03-26 0344 AG5Z          59 048 DR1A          59 0469
QSO:  7180 PH 2011-03-26 0344 AG5Z          59 049 DL3TD         59 0388
QSO:  7186 PH 2011-03-26 0347 AG5Z          59 050 OE3K          59 0395
QSO:  7192 PH 2011-03-26 0348 AG5Z          59 0051 W2IRT         59 0110
QSO:  7194 PH 2011-03-26 0350 AG5Z          59 52 NR3X          59 325
QSO:  7199 PH 2011-03-26 0350 AG5Z          59 0053 V3M           59 0261
QSO:  7000 PH 2011-03-26 0352 AG5Z          59 056 VA3SWG        59 170
QSO:  7204 PH 2011-03-26 0352 AG5Z          59 0055 VE6FI         59 0131
QSO:  7224 PH 2011-03-26 0354 AG5Z          59 057 PT5T          59 0138
QSO:  7228 PH 2011-03-26 0356 AG5Z          59 58 KK7OO         59 82
QSO:  7000 PH 2011-03-26 0358 AG5Z          59 0060 YW5T          59 0200
QSO:  7232 PH 2011-03-26 0358 AG5Z          59 0059 VE7SV         59 0433
QSO:  7238 PH 2011-03-26 0359 AG5Z          59 0061 KA7HUO        59 0300
QSO:  7243 PH 2011-03-26 0359 AG5Z          59 62 P40L          59 743
QSO:  3608 PH 2011-03-26 0402 AG5Z          59 0063 KG4W          59 0170
QSO:  3613 PH 2011-03-26 0402 AG5Z          59 064 GW9T          59 0255
QSO:  3617 PH 2011-03-26 0406 AG5Z          59 65 US2YW         59 353
QSO:  3500 PH 2011-03-26 0410 AG5Z          59 0067 YV5MSG        59 0119
QSO:  3500 PH 2011-03-26 0412 AG5Z          59 068 KR4Z          59 302
QSO:  3669 PH 2011-03-26 0414 AG5Z          59 0069 K4BP          59 0040
QSO:  3500 PH 2011-03-26 0416 AG5Z          59 071 HG2011N       59 0293
QSO:  3683 PH 2011-03-26 0416 AG5Z          59 070 WP3C          59 0239
QSO:  3692 PH 2011-03-26 0416 AG5Z          59 0072 KI5XP         59 0102
QSO:  3700 PH 2011-03-26 0418 AG5Z          59 073 VY2MGY        59 119
QSO:  3717 PH 2011-03-26 0422 AG5Z          59 74 PJ2T          59 25
QSO:  3721 PH 2011-03-26 0423 AG5Z          59 0075 WW4LL         59 0086
QSO:  3723 PH 2011-03-26 0423 AG5Z          59 076 KE2DX         59 184
QSO:  3732 PH 2011-03-26 0425 AG5Z          59 78 KI1G          59 374
QSO:  3738 PH 2011-03-26 0426 AG5Z          59 0079 KC3R          59 0360
QSO:  3744 PH 2011-03-26 0427 AG5Z          59 080 KD9ST         59 338
QSO:  3745 PH 2011-03-26 0427 AG5Z          59 0081 HK1W          59 0142
QSO:  3500 PH 2011-03-26 0428 AG5Z          59 082 KK1KW         59 267
QSO:  3752 PH 2011-03-26 0430 AG5Z          59 083 9A1P          59 0419
QSO:  3753 PH 2011-03-26 0431 AG5Z          59 84 VQ51V         59 513
QSO:  3759 PH 2011-03-26 0432 AG5Z          59 085 5D5A          59 0248
QSO:  3761 PH 2011-03-26 0433 AG5Z          59 0086 PZ5RA         59 0185
QSO:  3766 PH 2011-03-26 0434 AG5Z          59 0087 WF3C          59 0175
QSO:  3770 PH 2011-03-26 0435 AG5Z          59 088 D4C           59 0209
QSO:  3500 PH 2011-03-26 0436 AG5Z          59 89 NR7E          59 196
QSO:  3777 PH 2011-03-26 0437 AG5Z          59 090 DR1A          59 0516
QSO:  3780 PH 2011-03-26 0438 AG5Z          59 091 ZF1A          59 238
QSO:  3784 PH 2011-03-26 0439 AG5Z          59 0092 VC6X          59 0111
QSO:  3789 PH 2011-03-26 0442 AG5Z          59 093 P40M          59 0775
QSO:  1822 PH 2011-03-26 0446 AG5Z          59 94 N9LYE         59 91
QSO:  1842 PH 2011-03-26 0449 AG5Z          59 095 VY2ZM         59 670
QSO: 14168 PH 2011-03-26 0455 AG5Z          59 0096 P43E          59 0288
QSO: 14000 PH 2011-03-26 0457 AG5Z          59 0097 EA3DUM        59 0030
QSO: 14195 PH 2011-03-26 0457 AG5Z          59 98 KP2TM         59 0776
QSO: 14000 PH 2011-03-26 0459 AG5Z          59 0099 LW6DG         59 0413
QSO: 14000 PH 2011-03-26 0501 AG5Z          59 0100 LQ5H          59 0358
QSO: 14000 PH 2011-03-26 0503 AG5Z          59 0101 ZW8T          59 0218
QSO: 14271 PH 2011-03-26 0504 AG5Z          59 102 WP2Z          59 601
QSO: 14289 PH 2011-03-26 0505 AG5Z          59 103 KK9A          59 429
QSO: 14000 PH 2011-03-26 1417 AG5Z          59 104 TF3CW         59 0935
QSO: 14161 PH 2011-03-26 1419 AG5Z          59 0106 K0DU          59 1237
QSO: 14164 PH 2011-03-26 1420 AG5Z          59 107 RT4RO         59 1503
QSO: 14167 PH 2011-03-26 1420 AG5Z          59 108 KD4D          59 0375
QSO: 14171 PH 2011-03-26 1421 AG5Z          59 109 W0UA          59 0687
QSO: 14000 PH 2011-03-26 1422 AG5Z          59 110 LY7A          59 549
QSO: 14175 PH 2011-03-26 1423 AG5Z          59 111 9A3B          59 0561
QSO: 14180 PH 2011-03-26 1423 AG5Z          59 0112 V3M           59 0849
QSO: 14243 PH 2011-03-26 1425 AG5Z          59 113 ES5RW         59 0953
QSO: 14190 PH 2011-03-26 1427 AG5Z          59 114 JT5DX         59 1354
QSO: 14195 PH 2011-03-26 1427 AG5Z          59 0115 WS7X          59 0572
QSO: 14201 PH 2011-03-26 1428 AG5Z          59 116 RZ1ZZ         59 0655
QSO: 14000 PH 2011-03-26 1430 AG5Z          59 117 TG9AXF        59 111
QSO: 14000 PH 2011-03-26 1435 AG5Z          59 118 IZ5NFC        59 305
QSO: 14276 PH 2011-03-26 1436 AG5Z          59 119 DR1A          59 0985
QSO: 14000 PH 2011-03-26 1437 AG5Z          59 120 PA2C          59 0362
QSO: 14283 PH 2011-03-26 1439 AG5Z          59 121 YL6W          59 1118
QSO: 14295 PH 2011-03-26 1440 AG5Z          59 0122 S55T          59 0969
QSO: 14313 PH 2011-03-26 1441 AG5Z          59 0123 OH4A          59 0970
QSO: 14327 PH 2011-03-26 1441 AG5Z          59 0126 S520SCC       59 1085
QSO: 14000 PH 2011-03-26 1442 AG5Z          59 124 OL9Z          59 802
QSO: 14324 PH 2011-03-26 1442 AG5Z          59 0125 RG9A          59 1433
QSO: 14334 PH 2011-03-26 1445 AG5Z          59 127 UA5A          59 1137
QSO: 14337 PH 2011-03-26 1445 AG5Z          59 128 YU5R          59 0686
QSO: 14344 PH 2011-03-26 1446 AG5Z          59 0129 S53M          59 0277
QSO: 21000 PH 2011-03-26 1449 AG5Z          59 0130 HA3DX         59 0821
QSO: 21270 PH 2011-03-26 1450 AG5Z          59 0131 EH3O          59 0540
QSO: 21232 PH 2011-03-26 1452 AG5Z          59 132 RK4FF         59 1341
QSO: 21234 PH 2011-03-26 1454 AG5Z          59 0133 LZ5R          59 1321
QSO: 21236 PH 2011-03-26 1503 AG5Z          59 134 EB8AH         59 1217
QSO: 21249 PH 2011-03-26 1505 AG5Z          59 135 9A5D          59 465
QSO: 21262 PH 2011-03-26 1506 AG5Z          59 137 EI6DX         59 0890
QSO: 21308 PH 2011-03-26 1506 AG5Z          59 136 KP4WW         59 0488
QSO: 21000 PH 2011-03-26 1507 AG5Z          59 139 VA2TG         59 425
QSO: 21151 PH 2011-03-26 1507 AG5Z          59 138 OH1F          59 1073
QSO: 21000 PH 2011-03-26 1508 AG5Z          59 140 DL8QS         59 199
QSO: 21268 PH 2011-03-26 1509 AG5Z          59 141 LY8O          59 1135
QSO: 21271 PH 2011-03-26 1510 AG5Z          59 122 G5FZ          59 0791
QSO: 21000 PH 2011-03-26 1517 AG5Z          59 0183 TM2C          59 0489
QSO: 21297 PH 2011-03-26 1520 AG5Z          59 144 OM7M          59 1262
QSO: 21000 PH 2011-03-26 1521 AG5Z          59 145 LZ9W          59 0556
QSO: 21301 PH 2011-03-26 1521 AG5Z          59 146 4O3A          59 1269
QSO: 21305 PH 2011-03-26 1522 AG5Z          59 147 SK3W          59 0866
QSO: 21308 PH 2011-03-26 1523 AG5Z          59 0148 9A7A          59 0531
QSO: 21312 PH 2011-03-26 1524 AG5Z          59 149 ES5TV         59 1549
QSO: 21316 PH 2011-03-26 1525 AG5Z          59 0150 OH8L          59 1116
QSO: 21331 PH 2011-03-27 0001 AG5Z          59 0151 WB3FIZ        59 0074
QSO: 21313 PH 2011-03-27 0003 AG5Z          59 0152 LP1H          59 1817
QSO: 21000 PH 2011-03-27 0004 AG5Z          59 0154 LO7H          59 1250
QSO: 21000 PH 2011-03-27 0006 AG5Z          59 155 NH6P          59 1751
QSO: 21261 PH 2011-03-27 0009 AG5Z          59 156 KL7RA         59 2188
QSO: 21255 PH 2011-03-27 0010 AG5Z          59 157 NY6N          59 1818
QSO: 21253 PH 2011-03-27 0011 AG5Z          59 158 AA6PW         59 565
QSO: 21245 PH 2011-03-27 0013 AG5Z          59 0159 K0DU          59 2243
QSO: 21236 PH 2011-03-27 0015 AG5Z          59 0160 LU1MA         59 1982
QSO: 21218 PH 2011-03-27 0016 AG5Z          59 162 K6ND          59 1598
QSO: 21000 PH 2011-03-27 0018 AG5Z          59 163 ZX5J          59 2114
QSO: 21299 PH 2011-03-27 0022 AG5Z          59 165 WA5ZUP        59 578
QSO: 21307 PH 2011-03-27 0022 AG5Z          59 0166 CE4CT         59 2190
QSO: 21323 PH 2011-03-27 0027 AG5Z          59 0167 CE3G          59 1260
QSO: 21000 PH 2011-03-27 0029 AG5Z          59 168 JQ1BVI        59 1023
QSO: 21343 PH 2011-03-27 0030 AG5Z          59 169 WQ6X          59 1150
QSO: 21346 PH 2011-03-27 0031 AG5Z          59 0170 WK5T          59 1539
QSO: 21000 PH 2011-03-27 0032 AG5Z          59 171 KL1V          59 734
QSO: 21000 PH 2011-03-27 0034 AG5Z          59 122 JM4WUZ        59 157
QSO: 21364 PH 2011-03-27 0035 AG5Z          59 0173 W6TK          59 1177
QSO: 21371 PH 2011-03-27 0039 AG5Z          59 0175 AG5S          59 0083
QSO: 21400 PH 2011-03-27 0042 AG5Z          59 176 NR6O          59 1077
QSO: 21403 PH 2011-03-27 0043 AG5Z          59 177 JA7NVF        59 1116
QSO: 28394 PH 2011-03-27 0044 AG5Z          59 178 AH7NA         59 882
QSO: 28402 PH 2011-03-27 0045 AG5Z          59 179 N6QQ          59 387
QSO: 28485 PH 2011-03-27 0048 AG5Z          59 181 NR6O          59 0323
QSO: 14156 PH 2011-03-27 0051 AG5Z          59 0182 KC3R          59 2090
QSO: 14000 PH 2011-03-27 0052 AG5Z          59 0183 XP1A          59 1657
QSO: 14162 PH 2011-03-27 0052 AG5Z          59 0184 VE2XAA        59 1000
QSO: 14171 PH 2011-03-27 0054 AG5Z          59 0185 K4BP          59 0805
QSO: 14177 PH 2011-03-27 0056 AG5Z          59 186 NR5M          59 2363
QSO: 14000 PH 2011-03-27 0057 AG5Z          59 188 W7WA          59 1701
QSO: 14183 PH 2011-03-27 0057 AG5Z          59 0187 WW4LL         59 0983
QSO: 14202 PH 2011-03-27 0059 AG5Z          59 0189 K0SR          59 1729
QSO: 14211 PH 2011-03-27 0102 AG5Z          59 0190 LU1MA         59 2039
QSO: 14222 PH 2011-03-27 0103 AG5Z          59 191 EB8AH         59 1030
QSO: 14227 PH 2011-03-27 0104 AG5Z          59 192 IQ1RY         59 0771
QSO: 14000 PH 2011-03-27 0107 AG5Z          59 0193 FM5FJ         59 0336
QSO: 14248 PH 2011-03-27 0108 AG5Z          59 195 NO6F          59 284
QSO: 14251 PH 2011-03-27 0110 AG5Z          59 0196 ZW4O          59 1604
QSO: 14257 PH 2011-03-27 0111 AG5Z          59 0197 K7MO          59 0973
QSO: 14259 PH 2011-03-27 0112 AG5Z          59 0198 WB5AAR        59 1466
QSO: 14269 PH 2011-03-27 0115 AG5Z          59 199 VQ51V         59 2611
QSO: 14274 PH 2011-03-27 0116 AG5Z          59 0200 NE1C          59 0474
QSO: 14325 PH 2011-03-27 0118 AG5Z          59 0201 AY8A          59 1225
QSO: 14000 PH 2011-03-27 0119 AG5Z          59 0202 HD2A          59 1295
QSO: 14000 PH 2011-03-27 0119 AG5Z          59 0203 PV2P          59 2291
END-OF-LOG:
