START-OF-LOG: 3.0
CREATED-BY: reconstructed-log-builder
CONTEST: CQ-WPX-SSB
CALLSIGN: K2WR
LOCATION: 
CATEGORY: CHECKLOG
CATEGORY-OPERATOR: SINGLE-OP
CATEGORY-BAND: ALL
CATEGORY-MODE: MIXED
CATEGORY-POWER: UNKNOWN
CATEGORY-ASSISTED: NON-ASSISTED
CATEGORY-TRANSMITTER: ONE
CATEGORY-STATION: UNKNOWN
CATEGORY-OVERLAY: 
OPERATORS: K2WR
CLAIMED-SCORE: 
CLUB: 
NAME: 
SOAPBOX: RECONSTRUCTED MOCKUP LOG - NOT AN OFFICIAL SUBMISSION.
SOAPBOX: Derived from submitted logs for CQ-WPX-SSB CQWPX/ph/2011.
QSO: 28000 PH 2011-03-26 2210 K2WR          59 001 TO11A         59 2219
QSO: 28418 PH 2011-03-26 2212 K2WR          59 002 LU1HF         59 1753
QSO: 28000 PH 2011-03-26 2214 K2WR          59 0003 PV2P          59 2103
QSO: 28000 PH 2011-03-26 2216 K2WR          59 0004 LU8DCF        59 0202
QSO: 28368 PH 2011-03-26 2217 K2WR          59 5 ZW5B          59 1667
QSO: 28000 PH 2011-03-26 2232 K2WR          59 0007 PU2LEP        59 0852
QSO: 28000 PH 2011-03-26 2234 K2WR          59 0010 LW1DG         59 0439
QSO: 28394 PH 2011-03-26 2234 K2WR          59 0009 LU7YZ         59 0413
QSO: 28402 PH 2011-03-26 2235 K2WR          59 0011 V3M           59 1678
QSO: 28150 PH 2011-03-26 2237 K2WR          59 0013 XR6T          59 0871
QSO: 28451 PH 2011-03-26 2237 K2WR          59 0012 LU6ETB        59 0223
QSO: 28461 PH 2011-03-26 2239 K2WR          59 14 KP2TM         59 3022
QSO: 28000 PH 2011-03-26 2240 K2WR          59 0015 PY5KW         59 0696
QSO: 28488 PH 2011-03-26 2241 K2WR          59 016 K4J           59 16
QSO: 28000 PH 2011-03-26 2243 K2WR          59 17 PY2XC         59 362
QSO: 28458 PH 2011-03-26 2243 K2WR          59 0018 ZV2V          59 0931
QSO: 28000 PH 2011-03-26 2244 K2WR          59 0019 KP2/NE1RD     59 0195
QSO: 28000 PH 2011-03-26 2252 K2WR          59 020 ZL3IQ         59 040
QSO: 21296 PH 2011-03-26 2255 K2WR          59 0021 VK4KW         59 1008
QSO: 21367 PH 2011-03-26 2309 K2WR          59 0022 JA6GCE        59 1468
QSO: 21378 PH 2011-03-26 2310 K2WR          59 023 JA7NVF        59 0944
QSO: 21389 PH 2011-03-26 2318 K2WR          59 024 JA0JHA        59 1942
QSO: 21391 PH 2011-03-26 2319 K2WR          59 0025 VA5AA         59 0547
QSO: 21000 PH 2011-03-26 2321 K2WR          59 26 KL1V          59 581
QSO: 21339 PH 2011-03-26 2333 K2WR          59 0027 JA2ZJW        59 0989
QSO: 21261 PH 2011-03-26 2336 K2WR          59 028 KL7RA         59 2098
QSO: 21423 PH 2011-03-26 2337 K2WR          59 0029 WH7Z          59 0287
QSO: 21000 PH 2011-03-26 2339 K2WR          59 030 P43A          59 1281
QSO: 21000 PH 2011-03-26 2341 K2WR          59 031 JE7YSS        59 529
QSO: 21310 PH 2011-03-26 2343 K2WR          59 32 VQ51V         59 2389
QSO: 21248 PH 2011-03-26 2345 K2WR          59 63 PJ2T          59 1323
QSO: 21000 PH 2011-03-26 2347 K2WR          59 34 NH6P          59 1710
QSO: 21372 PH 2011-03-26 2352 K2WR          59 0035 BY5CD         59 1311
QSO: 21000 PH 2011-03-26 2356 K2WR          59 0036 KG6DX         59 1335
QSO: 21300 PH 2011-03-27 0002 K2WR          59 0037 VC6X          59 1247
QSO: 21318 PH 2011-03-27 0004 K2WR          59 038 VP2EH         59 2211
QSO: 21323 PH 2011-03-27 0006 K2WR          59 0039 CE3G          59 1228
QSO: 14000 PH 2011-03-27 0240 K2WR          59 40 RT9J          59 771
QSO: 14182 PH 2011-03-27 0240 K2WR          59 041 RM0A          59 631
QSO: 14000 PH 2011-03-27 0243 K2WR          59 42 NR7DX         59 277
QSO: 14248 PH 2011-03-27 0243 K2WR          59 043 P40M          59 3471
QSO: 14243 PH 2011-03-27 0254 K2WR          59 44 RC9O          59 2534
QSO: 14260 PH 2011-03-27 0255 K2WR          59 45 KH7X          59 3164
QSO: 14291 PH 2011-03-27 0258 K2WR          59 46 P40L          59 3457
QSO: 14326 PH 2011-03-27 0301 K2WR          59 0048 VC6X          59 1528
QSO: 14331 PH 2011-03-27 0301 K2WR          59 047 JA0JHA        59 2322
QSO: 14167 PH 2011-03-27 0303 K2WR          59 49 UA0IT         59 534
QSO: 14151 PH 2011-03-27 0305 K2WR          59 51 NK7U          59 2531
QSO: 14191 PH 2011-03-27 0309 K2WR          59 53 RT4RO         59 2215
QSO: 14207 PH 2011-03-27 0309 K2WR          59 0054 HK1X          59 2650
QSO: 14224 PH 2011-03-27 0311 K2WR          59 55 KP2TM         59 3581
QSO: 14228 PH 2011-03-27 0313 K2WR          59 0056 RA0QQ         59 0595
QSO: 14234 PH 2011-03-27 0315 K2WR          59 057 RC9F          59 121
QSO: 14240 PH 2011-03-27 0316 K2WR          59 0058 RW0A          59 1698
QSO: 14254 PH 2011-03-27 0319 K2WR          59 059 AL9A          59 869
QSO: 14264 PH 2011-03-27 0334 K2WR          59 60 6V7D          59 2840
QSO: 21344 PH 2011-03-27 1341 K2WR          59 061 RL3A          59 4544
QSO: 21357 PH 2011-03-27 1342 K2WR          59 0062 UZ2M          59 2365
QSO: 21384 PH 2011-03-27 1355 K2WR          59 0063 G2W           59 2253
QSO: 21396 PH 2011-03-27 1355 K2WR          59 064 OM2VL         59 2620
QSO: 21399 PH 2011-03-27 1356 K2WR          59 65 RT4RO         59 2954
QSO: 21406 PH 2011-03-27 1356 K2WR          59 066 OH8X          59 2871
QSO: 21412 PH 2011-03-27 1358 K2WR          59 0067 KP3Z          59 3165
QSO: 21418 PH 2011-03-27 1358 K2WR          59 068 OG6N          59 1436
QSO: 21420 PH 2011-03-27 1358 K2WR          59 069 SN3R          59 3188
QSO: 21430 PH 2011-03-27 1400 K2WR          59 0070 DJ2ST         59 0278
QSO: 21000 PH 2011-03-27 1401 K2WR          59 073 RM9RZ         59 942
QSO: 21000 PH 2011-03-27 1401 K2WR          59 0072 YC1BAH        59 0178
QSO: 21000 PH 2011-03-27 1402 K2WR          59 071 WA0QJE        59 047
QSO: 21430 PH 2011-03-27 1402 K2WR          59 074 UX6IB         59 142
QSO: 21436 PH 2011-03-27 1406 K2WR          59 075 M4U           59 1244
QSO: 21441 PH 2011-03-27 1407 K2WR          59 76 UA5A          59 2551
QSO: 21446 PH 2011-03-27 1407 K2WR          59 077 G0MTN         59 0241
QSO: 28414 PH 2011-03-27 1409 K2WR          59 078 EB8AH         59 2096
QSO: 28000 PH 2011-03-27 1414 K2WR          59 079 PY3PA         59 014
QSO: 28000 PH 2011-03-27 1417 K2WR          59 0080 LT1F          59 3147
QSO: 28000 PH 2011-03-27 1417 K2WR          59 0081 LW6DG         59 1940
QSO: 28000 PH 2011-03-27 1419 K2WR          59 083 LU3HIP        59 722
QSO: 28000 PH 2011-03-27 1419 K2WR          59 0082 LW4EF         59 0215
QSO: 28383 PH 2011-03-27 1421 K2WR          59 0084 AY8A          59 1504
QSO: 28000 PH 2011-03-27 1422 K2WR          59 0085 LO7H          59 1603
QSO: 28394 PH 2011-03-27 1424 K2WR          59 86 ZW5B          59 2160
QSO: 28000 PH 2011-03-27 1425 K2WR          59 0087 CB3C          59 0943
QSO: 28403 PH 2011-03-27 1425 K2WR          59 0088 LR4E          59 2059
QSO: 28000 PH 2011-03-27 1426 K2WR          59 0090 LR2F          59 2103
QSO: 28408 PH 2011-03-27 1426 K2WR          59 089 XR3P          59 1072
QSO: 28425 PH 2011-03-27 1431 K2WR          59 0091 CE4WW         59 0210
QSO: 28435 PH 2011-03-27 1431 K2WR          59 0092 LU1MPK        59 0189
QSO: 28000 PH 2011-03-27 1433 K2WR          59 93 AY5F          59 2376
QSO: 28465 PH 2011-03-27 1433 K2WR          59 0094 LP1H          59 2253
QSO: 28480 PH 2011-03-27 1434 K2WR          59 0095 LU3DX         59 0350
QSO: 28515 PH 2011-03-27 1438 K2WR          59 0096 CE3G          59 1512
QSO: 28000 PH 2011-03-27 1444 K2WR          59 0097 PW5G          59 2070
QSO: 28442 PH 2011-03-27 1453 K2WR          59 0098 NE1C          59 0112
QSO: 21388 PH 2011-03-27 1456 K2WR          59 099 OL1X          59 0862
QSO: 21000 PH 2011-03-27 1457 K2WR          59 100 YN2ET         59 1699
QSO: 21395 PH 2011-03-27 1457 K2WR          59 101 YQ9W          59 2476
QSO: 21400 PH 2011-03-27 1458 K2WR          59 103 KP2DX         59 0538
QSO: 21398 PH 2011-03-27 1459 K2WR          59 102 TM2B          59 1711
QSO: 21440 PH 2011-03-27 1459 K2WR          59 105 EA7LL         59 1971
QSO: 21437 PH 2011-03-27 1500 K2WR          59 104 II9T          59 1559
QSO: 21213 PH 2011-03-27 1502 K2WR          59 106 E74HH         59 1918
END-OF-LOG:
