START-OF-LOG: 3.0
CREATED-BY: reconstructed-log-builder
CONTEST: CQ-WPX-SSB
CALLSIGN: K2WW
LOCATION: 
CATEGORY: CHECKLOG
CATEGORY-OPERATOR: SINGLE-OP
CATEGORY-BAND: ALL
CATEGORY-MODE: MIXED
CATEGORY-POWER: UNKNOWN
CATEGORY-ASSISTED: NON-ASSISTED
CATEGORY-TRANSMITTER: ONE
CATEGORY-STATION: UNKNOWN
CATEGORY-OVERLAY: 
OPERATORS: K2WW
CLAIMED-SCORE: 
CLUB: 
NAME: 
SOAPBOX: RECONSTRUCTED MOCKUP LOG - NOT AN OFFICIAL SUBMISSION.
SOAPBOX: Derived from submitted logs for CQ-WPX-SSB CQWPX/ph/2011.
QSO: 14223 PH 2011-03-26 0211 K2WW          59 0013 RW0A          59 0141
QSO: 14236 PH 2011-03-26 1100 K2WW          59 0182 OH3FOG        59 0163
QSO: 21000 PH 2011-03-26 1112 K2WW          59 209 4K9W          59 054
QSO: 21000 PH 2011-03-26 1328 K2WW          59 487 SP1II         59 14
QSO: 14000 PH 2011-03-27 0217 K2WW          59 142 RZ9YB         59 15
QSO: 21294 PH 2011-03-27 1544 K2WW          59 001 ES5TV         59 4116
QSO: 21307 PH 2011-03-27 1550 K2WW          59 006 IR4X          59 2573
QSO: 21000 PH 2011-03-27 1602 K2WW          59 4 OT5A          59 952
QSO: 21346 PH 2011-03-27 1626 K2WW          59 0003 EE2K          59 0712
QSO: 21347 PH 2011-03-27 1626 K2WW          59 003 DL3TD         59 2875
QSO: 21000 PH 2011-03-27 1627 K2WW          59 006 YL2SM         59 2670
QSO: 21388 PH 2011-03-27 1643 K2WW          59 007 OL1X          59 1003
QSO: 21393 PH 2011-03-27 1647 K2WW          59 0008 OQ5M          59 1096
QSO: 21406 PH 2011-03-27 1652 K2WW          59 009 LN3Z          59 2403
QSO: 21000 PH 2011-03-27 1654 K2WW          59 0010 OQ4U          59 1737
QSO: 21437 PH 2011-03-27 1702 K2WW          59 011 II9T          59 1714
QSO: 21438 PH 2011-03-27 1704 K2WW          59 012 DQ8N          59 1758
QSO: 21000 PH 2011-03-27 1722 K2WW          59 14 YT1T          59 674
QSO: 21250 PH 2011-03-27 1724 K2WW          59 015 GW9T          59 3124
QSO: 21257 PH 2011-03-27 1728 K2WW          59 016 YU5R          59 0826
QSO: 28462 PH 2011-03-27 1731 K2WW          59 017 KP2TM         59 4949
QSO: 28437 PH 2011-03-27 1735 K2WW          59 18 WP4SK         59 610
QSO: 28000 PH 2011-03-27 1737 K2WW          59 0019 ZW8T          59 1341
QSO: 14211 PH 2011-03-27 1809 K2WW          59 20 R3KM          59 1570
QSO: 14218 PH 2011-03-27 1820 K2WW          59 0021 HG7T          59 1190
QSO: 14210 PH 2011-03-27 1824 K2WW          59 0022 US1I          59 2349
QSO: 14000 PH 2011-03-27 1825 K2WW          59 023 SN8R          59 2090
QSO: 14000 PH 2011-03-27 1829 K2WW          59 24 LY7A          59 1851
QSO: 14233 PH 2011-03-27 1833 K2WW          59 025 LZ9W          59 1905
QSO: 14000 PH 2011-03-27 1839 K2WW          59 026 OE9MON        59 0240
QSO: 14240 PH 2011-03-27 1852 K2WW          59 027 9A1A          59 2238
QSO: 14000 PH 2011-03-27 1900 K2WW          59 026 YT9X          59 2973
QSO: 14246 PH 2011-03-27 1903 K2WW          59 0029 EI9HX         59 1764
QSO: 14252 PH 2011-03-27 1904 K2WW          59 0030 PI4DX         59 0888
QSO: 14254 PH 2011-03-27 1905 K2WW          59 031 DQ8N          59 2540
QSO: 28000 PH 2011-03-27 2146 K2WW          59 0032 PW5G          59 2826
QSO: 28497 PH 2011-03-27 2154 K2WW          59 33 WP2Z          59 2220
QSO: 21297 PH 2011-03-27 2225 K2WW          59 0034 VC6X          59 1983
QSO: 21316 PH 2011-03-27 2226 K2WW          59 035 KL7RA         59 4068
QSO: 21322 PH 2011-03-27 2228 K2WW          59 0036 LP1H          59 3044
QSO: 21406 PH 2011-03-27 2234 K2WW          59 037 JA0JHA        59 3995
QSO: 21411 PH 2011-03-27 2252 K2WW          59 038 JA7NVF        59 2097
QSO: 21426 PH 2011-03-27 2255 K2WW          59 0039 VE6TL         59 1289
QSO: 21000 PH 2011-03-27 2257 K2WW          59 040 9Y4W          59 2652
END-OF-LOG:
