START-OF-LOG: 3.0
CREATED-BY: reconstructed-log-builder
CONTEST: CQ-WPX-SSB
CALLSIGN: KW3W
LOCATION: 
CATEGORY: CHECKLOG
CATEGORY-OPERATOR: SINGLE-OP
CATEGORY-BAND: ALL
CATEGORY-MODE: MIXED
CATEGORY-POWER: UNKNOWN
CATEGORY-ASSISTED: NON-ASSISTED
CATEGORY-TRANSMITTER: ONE
CATEGORY-STATION: UNKNOWN
CATEGORY-OVERLAY: 
OPERATORS: KW3W
CLAIMED-SCORE: 
CLUB: 
NAME: 
SOAPBOX: RECONSTRUCTED MOCKUP LOG - NOT AN OFFICIAL SUBMISSION.
SOAPBOX: Derived from submitted logs for CQ-WPX-SSB CQWPX/ph/2011.
QSO: 14151 PH 2011-03-26 0005 KW3W          59 KU1CW         59 10
QSO: 14159 PH 2011-03-26 0007 KW3W          59 002 NA6E          59 3
QSO: 14000 PH 2011-03-26 0009 KW3W          59 3 NJ6P          59 19
QSO: 14175 PH 2011-03-26 0011 KW3W          59 004 W0UA          59 0031
QSO: 14182 PH 2011-03-26 0011 KW3W          59 005 WC6H          59 0034
QSO: 14186 PH 2011-03-26 0013 KW3W          59 0006 KA7HUO        59 0014
QSO: 14187 PH 2011-03-26 0014 KW3W          59 007 W7RN          59 0037
QSO: 14209 PH 2011-03-26 0016 KW3W          59 008 NY6N          59 0045
QSO: 14000 PH 2011-03-26 0017 KW3W          59 9 W7WA          59 52
QSO: 14225 PH 2011-03-26 0019 KW3W          59 0010 VA5AA         59 0046
QSO: 14240 PH 2011-03-26 0020 KW3W          59 011 NX5M          59 0053
QSO: 14284 PH 2011-03-26 0021 KW3W          59 0012 NN3RP         59 0007
QSO: 14000 PH 2011-03-26 0022 KW3W          59 014 HR2DMR        59 042
QSO: 14303 PH 2011-03-26 0022 KW3W          59 0013 VC6X          59 0037
QSO: 14000 PH 2011-03-26 0025 KW3W          59 15 KI7M          59 022
QSO: 14168 PH 2011-03-26 0029 KW3W          59 0017 W0YR          59 0043
QSO: 14180 PH 2011-03-26 0030 KW3W          59 0018 K0SR          59 0075
END-OF-LOG:
