START-OF-LOG: 3.0
CREATED-BY: reconstructed-log-builder
CONTEST: CQ-WPX-SSB
CALLSIGN: OE2UKL
LOCATION: 
CATEGORY: CHECKLOG
CATEGORY-OPERATOR: SINGLE-OP
CATEGORY-BAND: ALL
CATEGORY-MODE: MIXED
CATEGORY-POWER: UNKNOWN
CATEGORY-ASSISTED: NON-ASSISTED
CATEGORY-TRANSMITTER: ONE
CATEGORY-STATION: UNKNOWN
CATEGORY-OVERLAY: 
OPERATORS: OE2UKL
CLAIMED-SCORE: 
CLUB: 
NAME: 
SOAPBOX: RECONSTRUCTED MOCKUP LOG - NOT AN OFFICIAL SUBMISSION.
SOAPBOX: Derived from submitted logs for CQ-WPX-SSB CQWPX/ph/2011.
QSO: 21374 PH 2011-03-26 1616 OE2UKL        59 001 5B4KH         59 1140
QSO: 21363 PH 2011-03-26 1617 OE2UKL        59 002 H22H          59 0947
QSO: 21000 PH 2011-03-26 1625 OE2UKL        59 3 N3UM          59 243
QSO: 21387 PH 2011-03-26 1628 OE2UKL        59 004 SX5P          59 0403
QSO: 21381 PH 2011-03-26 1629 OE2UKL        59 005 P33W          59 2475
QSO: 21356 PH 2011-03-26 1630 OE2UKL        59 006 CS2C          59 1423
QSO: 21000 PH 2011-03-26 1631 OE2UKL        59 007 CT1EOD        59 375
QSO: 21348 PH 2011-03-26 1632 OE2UKL        59 0008 WX3B          59 0406
QSO: 21000 PH 2011-03-26 1635 OE2UKL        59 0009 EA7RU         59 0535
QSO: 21000 PH 2011-03-26 1639 OE2UKL        59 010 R7AY          59 652
QSO: 21173 PH 2011-03-26 1644 OE2UKL        59 11 XL3A          59 1940
QSO: 21222 PH 2011-03-26 1656 OE2UKL        59 013 CN2R          59 1916
QSO: 21227 PH 2011-03-26 1658 OE2UKL        59 0014 YM7KA         59 1272
QSO: 21245 PH 2011-03-26 1700 OE2UKL        59 15 4L6QC         59 128
END-OF-LOG:
