START-OF-LOG: 3.0
CREATED-BY: reconstructed-log-builder
CONTEST: EUHFC
CALLSIGN: M0OVG
LOCATION: 
CATEGORY: CHECKLOG
CATEGORY-OPERATOR: SINGLE-OP
CATEGORY-BAND: ALL
CATEGORY-MODE: MIXED
CATEGORY-POWER: UNKNOWN
CATEGORY-ASSISTED: NON-ASSISTED
CATEGORY-TRANSMITTER: ONE
CATEGORY-STATION: UNKNOWN
CATEGORY-OVERLAY: 
OPERATORS: M0OVG
CLAIMED-SCORE: 
CLUB: 
NAME: 
SOAPBOX: RECONSTRUCTED MOCKUP LOG - NOT AN OFFICIAL SUBMISSION.
SOAPBOX: Derived from submitted logs for EUHFC EUHFC/2021.
QSO: 14212 PH 2021-08-07 1202 M0OVG         59 18 S50R          59 65
QSO: 14197 PH 2021-08-07 1204 M0OVG         59 18 ES5TV         59 92
QSO: 28435 PH 2021-08-07 1212 M0OVG         59 18 EA3CI         59 94
QSO: 14208 PH 2021-08-07 1250 M0OVG         59 18 DJ5CT         59 18
QSO: 14219 PH 2021-08-07 1251 M0OVG         59 18 S53M          59 77
QSO: 14202 PH 2021-08-07 1252 M0OVG         59 18 8S0C          59 81
QSO: 14184 PH 2021-08-07 1253 M0OVG         59 18 YP0C          59 78
QSO: 14200 PH 2021-08-07 1256 M0OVG         59 18 RW1F          59 91
QSO: 14290 PH 2021-08-07 1302 M0OVG         59 18 S58Y          59 87
QSO: 14295 PH 2021-08-07 1303 M0OVG         59 18 J42L          59 97
QSO: 14232 PH 2021-08-07 1306 M0OVG         59 18 UW4E          59 01
QSO: 14299 PH 2021-08-07 1309 M0OVG         59 18 SN2B          59 94
QSO: 14292 PH 2021-08-07 1402 M0OVG         59 18 IK0NMJ        59 90
QSO: 14270 PH 2021-08-07 1404 M0OVG         59 18 LY4A          59 84
QSO: 14300 PH 2021-08-07 1410 M0OVG         59 18 HB9OAU        59 89
QSO: 14200 PH 2021-08-07 1411 M0OVG         59 88 EU1A          59 95
QSO: 14155 PH 2021-08-07 1413 M0OVG         59 18 RA7A          59 72
QSO: 21233 PH 2021-08-07 1414 M0OVG         59 18 S57AL         59 83
QSO: 21211 PH 2021-08-07 1416 M0OVG         59 18 S56Y          59 95
QSO: 14174 PH 2021-08-07 1419 M0OVG         59 18 TK4TH         59 20
QSO: 14203 PH 2021-08-07 1420 M0OVG         59 18 RA3OA         59 82
QSO: 14240 PH 2021-08-07 1516 M0OVG         59 18 SV9FBG        59 00
QSO: 14000 PH 2021-08-07 1524 M0OVG         59 18 UY5ZZ         59 67
QSO: 28495 PH 2021-08-07 1530 M0OVG         59 18 YT8A          59 70
QSO: 28458 PH 2021-08-07 1532 M0OVG         59 18 HG6V          59 84
QSO: 14245 PH 2021-08-07 1540 M0OVG         59 18 UW7LL         59 00
QSO: 14195 PH 2021-08-07 1547 M0OVG         59 18 SN9B          59 19
QSO: 14187 PH 2021-08-07 1644 M0OVG         59 18 SP7MC         59 05
QSO: 14251 PH 2021-08-07 1649 M0OVG         59 18 S52WW         59 00
QSO: 14242 PH 2021-08-07 1651 M0OVG         59 18 UR2Y          59 82
QSO: 14222 PH 2021-08-07 1657 M0OVG         59 18 EA4AOC        59 95
QSO: 21274 PH 2021-08-07 1707 M0OVG         59 18 9A8DV         59 85
QSO: 21280 PH 2021-08-07 1710 M0OVG         59 18 YO5OBA        59 88
QSO: 21282 PH 2021-08-07 1710 M0OVG         59 18 YT0W          59 83
QSO:  7177 PH 2021-08-07 1725 M0OVG         59 18 IK0NMJ        59 90
QSO:  7150 PH 2021-08-07 1909 M0OVG         59 18 LY4A          59 84
QSO:  7185 PH 2021-08-07 1913 M0OVG         59 18 S58Y          59 87
END-OF-LOG:
