START-OF-LOG: 3.0
CREATED-BY: reconstructed-log-builder
CONTEST: WW_PMC
CALLSIGN: EA5D
LOCATION: 
CATEGORY: CHECKLOG
CATEGORY-OPERATOR: SINGLE-OP
CATEGORY-BAND: ALL
CATEGORY-MODE: MIXED
CATEGORY-POWER: UNKNOWN
CATEGORY-ASSISTED: NON-ASSISTED
CATEGORY-TRANSMITTER: ONE
CATEGORY-STATION: UNKNOWN
CATEGORY-OVERLAY: 
OPERATORS: EA5D
CLAIMED-SCORE: 
CLUB: 
NAME: 
SOAPBOX: RECONSTRUCTED MOCKUP LOG - NOT AN OFFICIAL SUBMISSION.
SOAPBOX: Derived from submitted logs for WW_PMC WW_PMC/2021.
QSO:  7000 CW 2021-01-03 0704 EA5D          599 14 DD2AW         599 14
QSO:  7000 CW 2021-01-03 0705 EA5D          599 14 I2VXJ         599 15
QSO:  7000 CW 2021-01-03 0706 EA5D          599 14 LZ5QZ         599 20
QSO:  7000 CW 2021-01-03 0707 EA5D          599 14 PA3DBS        599 14
QSO:  7000 CW 2021-01-03 0709 EA5D          599 14 G3SVK         599 14
QSO:  7000 CW 2021-01-03 0712 EA5D          599 14 S51DX         599 15
QSO:  7000 CW 2021-01-03 0713 EA5D          599 14 HG5D          599 15
QSO:  7000 CW 2021-01-03 0714 EA5D          599 14 DL6KVA        599 HRO
QSO:  7000 CW 2021-01-03 0715 EA5D          599 14 SP5WA         599 WAR
QSO:  7000 CW 2021-01-03 0716 EA5D          599 14 E77EA         599 15
QSO:  7000 CW 2021-01-03 0716 EA5D          599 14 SN1T          599 15
QSO:  7000 CW 2021-01-03 0724 EA5D          599 14 SN7F          599 15
QSO:  7000 CW 2021-01-03 0725 EA5D          599 14 E74ALM        599 SAR
QSO:  7000 CW 2021-01-03 0726 EA5D          599 14 OK1OA         599 PRA
QSO:  7000 CW 2021-01-03 0742 EA5D          599 14 LY3B          599 15
QSO:  7000 CW 2021-01-03 0745 EA5D          599 14 HA3NU         599 15
QSO:  7000 CW 2021-01-03 0745 EA5D          599 14 OM3CPF        599 15
QSO:  7000 CW 2021-01-03 0746 EA5D          599 14 I2IFT         599 15
QSO:  7000 CW 2021-01-03 0747 EA5D          599 14 DM7AA         599 14
QSO:  7000 CW 2021-01-03 0748 EA5D          599 14 DK2FG         599 14
QSO:  7000 CW 2021-01-03 0749 EA5D          599 14 S52ZD         599 15
QSO:  7000 CW 2021-01-03 0749 EA5D          599 14 YO3LW         599 20
QSO: 21000 CW 2021-01-03 1007 EA5D          599 14 LY3B          599 15
QSO: 21000 CW 2021-01-03 1008 EA5D          599 14 SD1A          599 14
QSO: 21000 CW 2021-01-03 1010 EA5D          599 14 SM5CSS        599 14
QSO: 21000 CW 2021-01-03 1011 EA5D          599 14 OY1CT         599 14
QSO: 14000 CW 2021-01-03 1014 EA5D          599 14 OL3E          599 15
QSO: 14000 CW 2021-01-03 1015 EA5D          599 14 OK1OA         599 PRA
QSO: 14000 CW 2021-01-03 1016 EA5D          599 14 E77EA         599 15
QSO: 14000 CW 2021-01-03 1017 EA5D          599 14 TC3SAV        599 20
QSO: 14000 CW 2021-01-03 1018 EA5D          599 14 DM7AA         599 14
QSO: 14000 CW 2021-01-03 1019 EA5D          599 14 SN1T          599 15
QSO: 14000 CW 2021-01-03 1020 EA5D          599 14 S51DX         599 15
QSO: 14000 CW 2021-01-03 1021 EA5D          599 14 DL6KVA        599 HRO
QSO: 14000 CW 2021-01-03 1022 EA5D          599 14 I3VJW         599 15
QSO: 14000 CW 2021-01-03 1023 EA5D          599 14 OO9O          599 ANT
QSO: 14000 CW 2021-01-03 1024 EA5D          599 14 LZ3R          599 20
QSO: 14000 CW 2021-01-03 1025 EA5D          599 14 OH2MZA        599 HEL
QSO: 14000 CW 2021-01-03 1025 EA5D          599 14 SD6M          599 14
QSO: 14000 CW 2021-01-03 1029 EA5D          599 14 LY3B          599 15
QSO: 14000 CW 2021-01-03 1033 EA5D          599 14 LY9A          599 15
QSO: 14000 CW 2021-01-03 1034 EA5D          599 14 UX4FC         599 16
QSO: 14000 CW 2021-01-03 1036 EA5D          599 14 S59AA         599 LJA
QSO: 14000 CW 2021-01-03 1039 EA5D          599 14 OZ3SM         599 KOB
QSO: 14000 CW 2021-01-03 1040 EA5D          599 14 YL7X          599 15
QSO: 14000 CW 2021-01-03 1042 EA5D          599 14 DL5JQ         599 14
QSO: 14000 CW 2021-01-03 1044 EA5D          599 14 RN3T          599 16
QSO: 21000 CW 2021-01-03 1047 EA5D          599 14 US7IGN        599 KIE
QSO: 21000 CW 2021-01-03 1048 EA5D          599 14 SN1T          599 15
QSO: 21000 CW 2021-01-03 1049 EA5D          599 14 EW1TO         599 MIN
QSO: 21000 CW 2021-01-03 1050 EA5D          599 14 LY5I          599 15
QSO: 21000 CW 2021-01-03 1051 EA5D          599 14 EW1TZ         599 MIN
END-OF-LOG:
