START-OF-LOG: 3.0
CREATED-BY: reconstructed-log-builder
CONTEST: WW_PMC
CALLSIGN: G4LJU
LOCATION: 
CATEGORY: CHECKLOG
CATEGORY-OPERATOR: SINGLE-OP
CATEGORY-BAND: ALL
CATEGORY-MODE: MIXED
CATEGORY-POWER: UNKNOWN
CATEGORY-ASSISTED: NON-ASSISTED
CATEGORY-TRANSMITTER: ONE
CATEGORY-STATION: UNKNOWN
CATEGORY-OVERLAY: 
OPERATORS: G4LJU
CLAIMED-SCORE: 
CLUB: 
NAME: 
SOAPBOX: RECONSTRUCTED MOCKUP LOG - NOT AN OFFICIAL SUBMISSION.
SOAPBOX: Derived from submitted logs for WW_PMC WW_PMC/2021.
QSO: 14000 CW 2021-01-02 1320 G4LJU         599 14 SN5N          599 15
QSO: 14000 CW 2021-01-02 1321 G4LJU         599 14 9A3B          599 ZGB
QSO: 14000 CW 2021-01-02 1322 G4LJU         599 14 YO3LW         599 20
QSO: 14000 CW 2021-01-02 1323 G4LJU         599 14 HG5D          599 15
QSO: 14000 CW 2021-01-02 1329 G4LJU         599 14 YU1ED         599 15
QSO: 14000 CW 2021-01-02 1330 G4LJU         599 14 EB7KA         599 14
QSO:  7000 CW 2021-01-02 1518 G4LJU         599 14 DK2FG         599 14
QSO:  7000 CW 2021-01-02 1523 G4LJU         599 14 IV3UHL        599 15
QSO:  7000 CW 2021-01-02 1526 G4LJU         599 14 OZ3SM         599 KOB
QSO:  7000 CW 2021-01-02 1527 G4LJU         599 14 OK4RQ         599 15
QSO:  7000 CW 2021-01-02 1528 G4LJU         599 14 I2IFT         599 15
QSO:  7000 CW 2021-01-02 1529 G4LJU         599 14 S51DX         599 15
QSO:  7000 CW 2021-01-02 1531 G4LJU         599 14 S54X          599 SLG
QSO:  7000 CW 2021-01-02 1533 G4LJU         599 14 S52F          599 15
QSO:  7000 CW 2021-01-02 1538 G4LJU         599 14 YL7X          599 15
QSO:  7000 CW 2021-01-02 1549 G4LJU         599 14 S53BB         599 15
QSO:  7000 CW 2021-01-02 1550 G4LJU         599 14 S59AA         599 LJA
QSO:  7000 CW 2021-01-02 1601 G4LJU         599 14 4U1A          599 WIE
QSO:  7000 CW 2021-01-02 1604 G4LJU         599 14 HG5D          599 15
QSO:  7000 CW 2021-01-02 1606 G4LJU         599 14 OM3RM         599 15
QSO:  7000 CW 2021-01-02 1610 G4LJU         599 14 SQ5JUP        599 15
QSO:  7000 CW 2021-01-02 1613 G4LJU         599 14 LZ1ND         599 20
QSO:  7000 CW 2021-01-02 1616 G4LJU         599 14 OK1KKI        599 15
QSO:  7000 CW 2021-01-02 1617 G4LJU         599 14 RA4AR         599 16
QSO: 14000 CW 2021-01-03 0834 G4LJU         599 14 9A1AA         599 ZGB
QSO: 14000 CW 2021-01-03 0836 G4LJU         599 14 IK0NOJ        599 15
QSO: 14000 CW 2021-01-03 0838 G4LJU         599 14 UC5D          599 16
QSO: 14000 CW 2021-01-03 0840 G4LJU         599 14 YT1Q          599 KRA
QSO: 14000 CW 2021-01-03 0841 G4LJU         599 14 S51DI         599 15
QSO: 14000 CW 2021-01-03 0959 G4LJU         599 14 SN7F          599 15
QSO: 14000 CW 2021-01-03 1003 G4LJU         599 14 SN1T          599 15
QSO: 14000 CW 2021-01-03 1003 G4LJU         599 14 YL7X          599 15
QSO: 14000 CW 2021-01-03 1006 G4LJU         599 14 SP9JZT        599 15
QSO: 14000 CW 2021-01-03 1008 G4LJU         599 14 UX4FC         599 16
QSO: 14000 CW 2021-01-03 1010 G4LJU         599 14 LZ5N          599 20
QSO: 14000 CW 2021-01-03 1012 G4LJU         599 14 LY5I          599 15
QSO: 14000 CW 2021-01-03 1014 G4LJU         599 14 9A5X          599 15
QSO: 14000 CW 2021-01-03 1016 G4LJU         599 14 I3VJW         599 15
QSO: 14000 CW 2021-01-03 1023 G4LJU         599 14 HG8C          599 15
QSO: 14000 CW 2021-01-03 1024 G4LJU         599 14 LZ3R          599 20
END-OF-LOG:
