START-OF-LOG: 2.0
ARRL-SECTION: DX
CALLSIGN: ON5AM
CLUB: UBA-LGE
CONTEST: EA-RTTY
CATEGORY: SINGLE-OP ALL HIGH
CLAIMED-SCORE: 116610
OPERATORS: ON5AM
NAME: Albert
CREATED-BY: N1MM Logger+ 1.0.8280.0
QSO: 14084 RY 2020-04-04 1601 ON5AM         599 0001   UR5R          599 0001     
QSO: 14084 RY 2020-04-04 1602 ON5AM         599 0002   AN100L        599 A        
QSO: 21088 RY 2020-04-04 1608 ON5AM         599 0003   EC5K          599 V        
QSO: 21089 RY 2020-04-04 1611 ON5AM         599 0004   EA8LG         599 GC       
QSO: 14090 RY 2020-04-04 1615 ON5AM         599 0005   EA1B          599 S        
QSO: 14093 RY 2020-04-04 1617 ON5AM         599 0006   EA2A          599 HU       
QSO: 14093 RY 2020-04-04 1619 ON5AM         599 0007   EA7QW         599 H        
QSO: 14095 RY 2020-04-04 1619 ON5AM         599 0008   EC6DX         599 IB       
QSO: 14096 RY 2020-04-04 1621 ON5AM         599 0009   EA7K          599 SE       
QSO: 14096 RY 2020-04-04 1623 ON5AM         599 0010   EC5T          599 A        
QSO: 14098 RY 2020-04-04 1626 ON5AM         599 0011   UR7GO         599 0037     
QSO: 14099 RY 2020-04-04 1627 ON5AM         599 0012   EB3CW         599 B        
QSO: 14099 RY 2020-04-04 1627 ON5AM         599 0013   EA3GP         599 T        
QSO: 14100 RY 2020-04-04 1628 ON5AM         599 0014   EA3NO         599 B        
QSO: 14100 RY 2020-04-04 1629 ON5AM         599 0015   EA5J          599 MU       
QSO: 14102 RY 2020-04-04 1630 ON5AM         599 0016   EA8DO         599 TF       
QSO: 14105 RY 2020-04-04 1633 ON5AM         599 0017   EA7I          599 MA       
QSO: 14107 RY 2020-04-04 1635 ON5AM         599 0018   OH7MJU        599 0035     
QSO: 14110 RY 2020-04-04 1636 ON5AM         599 0019   EA7KE         599 SE       
QSO: 14111 RY 2020-04-04 1637 ON5AM         599 0020   EC5W          599 A        
QSO: 14120 RY 2020-04-04 1639 ON5AM         599 0021   LZ2JA         599 0025     
QSO: 14104 RY 2020-04-04 1643 ON5AM         599 0022   SV2BXA        599 0033     
QSO: 14104 RY 2020-04-04 1643 ON5AM         599 0023   E3CFV         599 0000     
QSO: 14104 RY 2020-04-04 1644 ON5AM         599 0024   IW9BCW        599 0006     
QSO: 14101 RY 2020-04-04 1708 ON5AM         599 0025   ED7N          599 CO       
QSO: 14098 RY 2020-04-04 1709 ON5AM         599 0026   EA7Z          599 H        
QSO: 14097 RY 2020-04-04 1712 ON5AM         599 0027   SV1PMH        599 0071     
QSO: 14095 RY 2020-04-04 1715 ON5AM         599 0028   EC3A          599 T        
QSO: 14093 RY 2020-04-04 1718 ON5AM         599 0029   EA4S          599 M        
QSO: 14090 RY 2020-04-04 1719 ON5AM         599 0030   EA7HAB        599 GR       
QSO: 14088 RY 2020-04-04 1720 ON5AM         599 0031   EA5FHK        599 A        
QSO: 14087 RY 2020-04-04 1723 ON5AM         599 0032   ED7P          599 SE       
QSO: 14083 RY 2020-04-04 1723 ON5AM         599 0033   EF8W          599 TF       
QSO: 14083 RY 2020-04-04 1724 ON5AM         599 0034   EA7BP         599 SE       
QSO: 14085 RY 2020-04-04 1728 ON5AM         599 0035   EA5IQO        599 MU       
QSO: 14085 RY 2020-04-04 1729 ON5AM         599 0036   AO5DXX        599 A        
QSO: 14091 RY 2020-04-04 1731 ON5AM         599 0037   YO4FPF        599 0032     
QSO: 14091 RY 2020-04-04 1733 ON5AM         599 0038   EB5A          599 A        
QSO: 14094 RY 2020-04-04 1735 ON5AM         599 0039   EA5GIE        599 V        
QSO: 14098 RY 2020-04-04 1738 ON5AM         599 0040   EC5K          599 V        
QSO: 14100 RY 2020-04-04 1739 ON5AM         599 0041   EA4D          599 M        
QSO: 14101 RY 2020-04-04 1741 ON5AM         599 0042   EC7AT         599 AL       
QSO: 14109 RY 2020-04-04 1743 ON5AM         599 0043   UR4EI         599 0044     
QSO: 14117 RY 2020-04-04 1746 ON5AM         599 0044   R7AB          599 0131     
QSO: 14119 RY 2020-04-04 1747 ON5AM         599 0045   CT7AUP        599 0050     
QSO: 14120 RY 2020-04-04 1748 ON5AM         599 0046   EA8/HB9FIH    599 TF       
QSO: 14123 RY 2020-04-04 1750 ON5AM         599 0047   EA5DFV        599 A        
QSO: 14130 RY 2020-04-04 1751 ON5AM         599 0048   IT9STX        599 0093     
QSO: 14083 RY 2020-04-04 1752 ON5AM         599 0049   EA5K          599 MU       
QSO: 14088 RY 2020-04-04 1754 ON5AM         599 0050   EA4DAU        599 M        
QSO: 14091 RY 2020-04-04 1756 ON5AM         599 0051   CT1BXT        599 0052     
QSO: 14093 RY 2020-04-04 1902 ON5AM         599 0052   EA5BY         599 A        
QSO: 14098 RY 2020-04-04 1903 ON5AM         599 0053   EA8W          599 GC       
QSO: 14099 RY 2020-04-04 1904 ON5AM         599 0054   EA7Q          599 H        
QSO: 14098 RY 2020-04-04 1909 ON5AM         599 0055   EA4Z          599 M        
QSO: 14100 RY 2020-04-04 1910 ON5AM         599 0056   EA8AUW        599 GC       
QSO: 14109 RY 2020-04-04 1912 ON5AM         599 0057   EA7TG         599 GR       
QSO:  7039 RY 2020-04-04 1916 ON5AM         599 0058   EF1A          599 C        
QSO:  7037 RY 2020-04-04 1917 ON5AM         599 0059   EA4URE        599 HQ       
QSO:  7041 RY 2020-04-04 1917 ON5AM         599 0060   LY7T          599 0093     
QSO:  7041 RY 2020-04-04 1919 ON5AM         599 0061   EE5O          599 CS       
QSO:  7041 RY 2020-04-04 1921 ON5AM         599 0062   EM0I          599 0239     
QSO:  7042 RY 2020-04-04 1922 ON5AM         599 0063   EC5JC         599 A        
QSO:  7042 RY 2020-04-04 1922 ON5AM         599 0064   IZ0PMV        599 0143     
QSO:  7043 RY 2020-04-04 1923 ON5AM         599 0065   CN8YZ         599 0135     
QSO:  7045 RY 2020-04-04 1925 ON5AM         599 0066   UR5SD         599 0144     
QSO:  7047 RY 2020-04-04 1927 ON5AM         599 0067   EA1V          599 SA       
QSO:  7047 RY 2020-04-04 1927 ON5AM         599 0068   LZ3CB         599 0181     
QSO:  7050 RY 2020-04-04 1928 ON5AM         599 0069   ED1D          599 P        
QSO:  7051 RY 2020-04-04 1930 ON5AM         599 0070   RC5Z          599 0149     
QSO:  7052 RY 2020-04-04 1931 ON5AM         599 0071   EC3A          599 T        
QSO:  7052 RY 2020-04-04 1932 ON5AM         599 0072   LB2WG         599 0059     
QSO:  7053 RY 2020-04-04 1933 ON5AM         599 0073   EA3AQ         599 B        
QSO:  7053 RY 2020-04-04 1934 ON5AM         599 0074   IZ7FLP        599 0135     
QSO:  7054 RY 2020-04-04 1934 ON5AM         599 0075   EA4GOY        599 TO       
QSO:  7056 RY 2020-04-04 1936 ON5AM         599 0076   EA2DLX        599 BI       
QSO:  7058 RY 2020-04-04 1938 ON5AM         599 0077   IK0GDG        599 0187     
QSO:  7060 RY 2020-04-04 1940 ON5AM         599 0078   EA3X          599 B        
QSO:  7060 RY 2020-04-04 1942 ON5AM         599 0079   EA3L          599 B        
QSO:  7061 RY 2020-04-04 1943 ON5AM         599 0080   9A5Y          599 0186     
QSO:  7061 RY 2020-04-04 1944 ON5AM         599 0081   I0WBX         599 0176     
QSO:  7062 RY 2020-04-04 1945 ON5AM         599 0082   YU5R          599 0072     
QSO:  7062 RY 2020-04-04 1946 ON5AM         599 0083   UT8EL         599 0132     
QSO:  7063 RY 2020-04-04 1947 ON5AM         599 0084   EA1AP         599 S        
QSO:  7063 RY 2020-04-04 1948 ON5AM         599 0085   UR7GO         599 0208     
QSO:  7064 RY 2020-04-04 1949 ON5AM         599 0086   EA1CH         599 OU       
QSO:  7065 RY 2020-04-04 1950 ON5AM         599 0087   HG5D          599 0197     
QSO:  7065 RY 2020-04-04 1951 ON5AM         599 0088   EA3FZT        599 B        
QSO:  7066 RY 2020-04-04 1952 ON5AM         599 0089   EA2DR         599 VI       
QSO:  7067 RY 2020-04-04 1953 ON5AM         599 0090   EA6SX         599 IB       
QSO:  7068 RY 2020-04-04 1954 ON5AM         599 0091   LZ1QV         599 0065     
QSO:  7069 RY 2020-04-04 1955 ON5AM         599 0092   LZ1MC         599 0101     
QSO:  7070 RY 2020-04-04 1956 ON5AM         599 0093   E73FDE        599 0067     
QSO:  7071 RY 2020-04-04 1957 ON5AM         599 0094   RM3DA         599 0051     
QSO:  7072 RY 2020-04-04 2000 ON5AM         599 0095   EA7LL         599 MA       
QSO:  3584 RY 2020-04-04 2002 ON5AM         599 0096   SQ1BVG        599 0077     
QSO:  3586 RY 2020-04-04 2009 ON5AM         599 0097   S57ZT         599 0075     
QSO:  3587 RY 2020-04-04 2014 ON5AM         599 0098   OZ1DAE        599 0098     
QSO:  3588 RY 2020-04-04 2014 ON5AM         599 0099   9A2ZI         599 0078     
QSO:  3588 RY 2020-04-04 2019 ON5AM         599 0100   EA1MV         599 LU       
QSO:  3589 RY 2020-04-04 2021 ON5AM         599 0101   SV9MBH        599 0050     
QSO:  3589 RY 2020-04-04 2023 ON5AM         599 0102   IK8IOO        599 0030     
QSO:  3589 RY 2020-04-04 2024 ON5AM         599 0103   DH8WR         599 0108     
QSO:  3590 RY 2020-04-04 2025 ON5AM         599 0104   LY6A          599 0239     
QSO:  3590 RY 2020-04-04 2025 ON5AM         599 0105   EA4GOY        599 TO       
QSO:  3591 RY 2020-04-04 2027 ON5AM         599 0106   S57SWR        599 0114     
QSO:  3591 RY 2020-04-04 2028 ON5AM         599 0107   RT2H          599 0069     
QSO:  3592 RY 2020-04-04 2029 ON5AM         599 0108   9A9A          599 0145     
QSO:  3592 RY 2020-04-04 2030 ON5AM         599 0109   SQ7SAU        599 0084     
QSO:  3593 RY 2020-04-04 2031 ON5AM         599 0110   EA4FR         599 CR       
QSO:  3593 RY 2020-04-04 2032 ON5AM         599 0111   IZ0KBR        599 0037     
QSO:  3594 RY 2020-04-04 2033 ON5AM         599 0112   UT5EPP        599 0164     
QSO:  3595 RY 2020-04-04 2035 ON5AM         599 0113   US2IR         599 0131     
QSO:  3595 RY 2020-04-04 2036 ON5AM         599 0114   EF1A          599 C        
QSO:  3596 RY 2020-04-04 2038 ON5AM         599 0115   RX3ASQ        599 0119     
QSO:  3596 RY 2020-04-04 2039 ON5AM         599 0116   EA7KE         599 SE       
QSO:  3597 RY 2020-04-04 2042 ON5AM         599 0117   EA4Z          599 M        
QSO:  3598 RY 2020-04-04 2043 ON5AM         599 0118   9A1AD         599 0025     
QSO:  3598 RY 2020-04-04 2044 ON5AM         599 0119   F5RD          599 0060     
QSO:  3599 RY 2020-04-04 2047 ON5AM         599 0120   EW6DM         599 0128     
QSO:  3601 RY 2020-04-04 2056 ON5AM         599 0121   YO4NF         599 0123     
QSO:  3603 RY 2020-04-04 2057 ON5AM         599 0122   OZ11A         599 0229     
QSO:  3603 RY 2020-04-04 2058 ON5AM         599 0123   EA2AQB        599 BI       
QSO:  3604 RY 2020-04-04 2100 ON5AM         599 0124   4O4A          599 0140     
QSO:  3585 RY 2020-04-04 2103 ON5AM         599 0125   RA3Y          599 0130     
QSO:  3586 RY 2020-04-04 2104 ON5AM         599 0126   EC3A          599 T        
QSO:  3587 RY 2020-04-04 2108 ON5AM         599 0127   EC7AT         599 AL       
QSO:  3588 RY 2020-04-04 2110 ON5AM         599 0128   EA1G          599 O        
QSO:  3589 RY 2020-04-04 2112 ON5AM         599 0129   IZ7FLP        599 0201     
QSO:  3591 RY 2020-04-04 2114 ON5AM         599 0130   PE1FTV        599 0065     
QSO:  3591 RY 2020-04-04 2115 ON5AM         599 0131   OZ30EU        599 0129     
QSO:  3592 RY 2020-04-04 2116 ON5AM         599 0132   IV3JCC        599 0139     
QSO:  3593 RY 2020-04-04 2118 ON5AM         599 0133   HB9MXY        599 0033     
QSO:  3594 RY 2020-04-04 2121 ON5AM         599 0134   YT2U          599 0087     
QSO:  3594 RY 2020-04-04 2122 ON5AM         599 0135   LZ5XQ         599 0118     
QSO:  3595 RY 2020-04-04 2123 ON5AM         599 0136   PA5N          599 0006     
QSO:  3596 RY 2020-04-04 2124 ON5AM         599 0137   Z35T          599 0129     
QSO:  3597 RY 2020-04-04 2125 ON5AM         599 0138   OK1BOA        599 0101     
QSO:  3598 RY 2020-04-04 2126 ON5AM         599 0139   S53X          599 0148     
QSO:  3598 RY 2020-04-04 2128 ON5AM         599 0140   EA1J          599 VA       
QSO:  3581 RY 2020-04-05 0624 ON5AM         599 0141   EA8DO         599 TF       
QSO:  3581 RY 2020-04-05 0625 ON5AM         599 0142   F1DHX         599 0067     
QSO:  3582 RY 2020-04-05 0627 ON5AM         599 0143   EA5GIE        599 V        
QSO:  3583 RY 2020-04-05 0628 ON5AM         599 0144   EA3GP         599 T        
QSO:  3584 RY 2020-04-05 0630 ON5AM         599 0145   LA5LJA        599 0087     
QSO:  3587 RY 2020-04-05 0632 ON5AM         599 0146   F5OAM         599 0222     
QSO:  3589 RY 2020-04-05 0633 ON5AM         599 0147   S51W          599 0293     
QSO:  3590 RY 2020-04-05 0635 ON5AM         599 0148   EC5K          599 V        
QSO:  3592 RY 2020-04-05 0635 ON5AM         599 0149   IW3SSD        599 0072     
QSO:  3591 RY 2020-04-05 0636 ON5AM         599 0150   LX1ER         599 0286     
QSO:  3595 RY 2020-04-05 0638 ON5AM         599 0151   EA4URE        599 HQ       
QSO:  3599 RY 2020-04-05 0640 ON5AM         599 0152   EA1AP         599 S        
QSO:  3600 RY 2020-04-05 0641 ON5AM         599 0153   F1RHS         599 0041     
QSO:  3583 RY 2020-04-05 0643 ON5AM         599 0154   S52WW         599 0042     
QSO:  7042 RY 2020-04-05 0646 ON5AM         599 0155   EA7Q          599 H        
QSO:  7043 RY 2020-04-05 0649 ON5AM         599 0156   EA3HCJ        599 T        
QSO:  7044 RY 2020-04-05 0650 ON5AM         599 0157   EB2CTA        599 VI       
QSO:  7045 RY 2020-04-05 0652 ON5AM         599 0158   EC7AT         599 AL       
QSO:  7046 RY 2020-04-05 0653 ON5AM         599 0159   EC1KR         599 AV       
QSO:  7047 RY 2020-04-05 0655 ON5AM         599 0160   IT9VCE        599 0228     
QSO:  7048 RY 2020-04-05 0656 ON5AM         599 0161   EA2DPS        599 BI       
QSO:  7048 RY 2020-04-05 0657 ON5AM         599 0162   EC5K          599 V        
QSO:  7049 RY 2020-04-05 0658 ON5AM         599 0163   EA2KK         599 BI       
QSO:  7049 RY 2020-04-05 0659 ON5AM         599 0164   LY6A          599 0607     
QSO:  7050 RY 2020-04-05 0659 ON5AM         599 0165   IK4QJF        599 0155     
QSO:  7051 RY 2020-04-05 0701 ON5AM         599 0166   SP4MPH        599 0080     
QSO:  7052 RY 2020-04-05 0702 ON5AM         599 0167   C31MF         599 0140     
QSO:  7053 RY 2020-04-05 0703 ON5AM         599 0168   S51CK         599 0405     
QSO:  7054 RY 2020-04-05 0704 ON5AM         599 0169   LZ5K          599 0417     
QSO:  7055 RY 2020-04-05 0705 ON5AM         599 0170   F5OAM         599 0251     
QSO:  7056 RY 2020-04-05 0706 ON5AM         599 0171   EC7C          599 MA       
QSO:  7057 RY 2020-04-05 0707 ON5AM         599 0172   IW3FVZ        599 0238     
QSO:  7058 RY 2020-04-05 0708 ON5AM         599 0173   LA9TX         599 0150     
QSO:  7060 RY 2020-04-05 0709 ON5AM         599 0174   EB1TR         599 O        
QSO:  7060 RY 2020-04-05 0709 ON5AM         599 0175   Z32ID         599 0289     
QSO:  7063 RY 2020-04-05 0712 ON5AM         599 0176   IZ4UFB        599 0026     
QSO:  7064 RY 2020-04-05 0713 ON5AM         599 0177   IW4BNN        599 0103     
QSO:  7064 RY 2020-04-05 0715 ON5AM         599 0178   EA1AIW        599 O        
QSO:  7065 RY 2020-04-05 0717 ON5AM         599 0179   EA7P          599 CA       
QSO:  7065 RY 2020-04-05 0717 ON5AM         599 0180   IN3FOI        599 0270     
QSO:  7065 RY 2020-04-05 0719 ON5AM         599 0181   EA5FID        599 A        
QSO:  7067 RY 2020-04-05 0720 ON5AM         599 0182   EF8W          599 TF       
QSO:  7067 RY 2020-04-05 0722 ON5AM         599 0183   EA7KE         599 SE       
QSO:  7068 RY 2020-04-05 0723 ON5AM         599 0184   HG3FMZ        599 0209     
QSO:  7070 RY 2020-04-05 0724 ON5AM         599 0185   OZ1DAE        599 0213     
QSO:  7071 RY 2020-04-05 0726 ON5AM         599 0186   OK2FD         599 0084     
QSO:  7072 RY 2020-04-05 0727 ON5AM         599 0187   IZ4JMA        599 0056     
QSO:  7072 RY 2020-04-05 0729 ON5AM         599 0188   DL5KUD        599 0190     
QSO: 14084 RY 2020-04-05 0808 ON5AM         599 0189   4L8A          599 0361     
QSO: 14087 RY 2020-04-05 0810 ON5AM         599 0190   EA7KI         599 MA       
QSO: 14091 RY 2020-04-05 0813 ON5AM         599 0191   SV1DPI        599 0183     
QSO: 14093 RY 2020-04-05 0814 ON5AM         599 0192   RD0A          599 0358     
QSO: 14093 RY 2020-04-05 0818 ON5AM         599 0193   UT5EPL        599 0403     
QSO: 14094 RY 2020-04-05 0819 ON5AM         599 0194   EA5WZ         599 A        
QSO: 14097 RY 2020-04-05 0825 ON5AM         599 0195   EA1TLH        599 AV       
QSO: 14102 RY 2020-04-05 0828 ON5AM         599 0196   R3GZ          599 0196     
QSO: 14102 RY 2020-04-05 0829 ON5AM         599 0197   EA7LL         599 MA       
QSO: 14102 RY 2020-04-05 0830 ON5AM         599 0198   IZ8CCW        599 0402     
QSO: 14103 RY 2020-04-05 0830 ON5AM         599 0199   EA5JX         599 A        
QSO: 14107 RY 2020-04-05 0834 ON5AM         599 0200   RK3DXW        599 0249     
QSO: 14109 RY 2020-04-05 0835 ON5AM         599 0201   SV2BFN        599 0378     
QSO: 14110 RY 2020-04-05 0836 ON5AM         599 0202   EA4TX         599 M        
QSO: 14119 RY 2020-04-05 0844 ON5AM         599 0203   YO4NF         599 0286     
QSO: 14123 RY 2020-04-05 0853 ON5AM         599 0204   UR8EQ         599 0104     
QSO: 14125 RY 2020-04-05 0855 ON5AM         599 0205   IZ8BGY        599 0149     
QSO:  7042 RY 2020-04-05 0911 ON5AM         599 0206   EC7D          599 MA       
QSO:  7043 RY 2020-04-05 0914 ON5AM         599 0207   EA4FVG        599 M        
QSO:  7044 RY 2020-04-05 0914 ON5AM         599 0208   IV3KKW        599 0099     
QSO:  7044 RY 2020-04-05 0916 ON5AM         599 0209   EA5ASU        599 A        
QSO:  7045 RY 2020-04-05 0917 ON5AM         599 0210   9A1FL         599 0201     
QSO:  7045 RY 2020-04-05 0918 ON5AM         599 0211   EA1HL         599 ZA       
QSO:  7048 RY 2020-04-05 0921 ON5AM         599 0212   F1MKC         599 0028     
QSO:  7048 RY 2020-04-05 0922 ON5AM         599 0213   S58Q          599 0210     
QSO:  7048 RY 2020-04-05 0924 ON5AM         599 0214   IK2PZC        599 0305     
QSO:  7048 RY 2020-04-05 0926 ON5AM         599 0215   S57WO         599 0139     
QSO:  7048 RY 2020-04-05 0927 ON5AM         599 0216   G3T           599 0128     
QSO:  7048 RY 2020-04-05 0928 ON5AM         599 0217   EA1HRR        599 S        
QSO:  7048 RY 2020-04-05 0929 ON5AM         599 0218   GI4JTF        599 0015     
QSO:  7048 RY 2020-04-05 0930 ON5AM         599 0219   GM0OPS        599 0181     
QSO:  7048 RY 2020-04-05 0931 ON5AM         599 0220   OE3RTB        599 0125     
QSO:  7048 RY 2020-04-05 0934 ON5AM         599 0221   DL2KWA        599 0103     
QSO:  7048 RY 2020-04-05 0935 ON5AM         599 0222   EA1CF         599 C        
QSO:  7048 RY 2020-04-05 0937 ON5AM         599 0223   DH5JBM        599 0066     
QSO:  7048 RY 2020-04-05 0938 ON5AM         599 0224   IK4RQJ        599 0284     
QSO:  7048 RY 2020-04-05 0939 ON5AM         599 0225   EA3HWE        599 B        
QSO:  7048 RY 2020-04-05 0941 ON5AM         599 0226   HA0MS         599 0184     
QSO:  7048 RY 2020-04-05 0941 ON5AM         599 0227   LA5LJA        599 0205     
QSO:  7048 RY 2020-04-05 0942 ON5AM         599 0228   F5OMU         599 0069     
QSO:  7048 RY 2020-04-05 0945 ON5AM         599 0229   MM3AWD        599 0306     
QSO:  7048 RY 2020-04-05 0946 ON5AM         599 0230   I3PXN         599 0316     
QSO:  7048 RY 2020-04-05 0948 ON5AM         599 0231   I2ORX         599 0139     
QSO:  7048 RY 2020-04-05 0949 ON5AM         599 0232   EE5U          599 A        
QSO:  7048 RY 2020-04-05 0949 ON5AM         599 0233   EA4L          599 BI       
QSO:  7048 RY 2020-04-05 0950 ON5AM         599 0234   OK2HBR        599 0225     
QSO:  7048 RY 2020-04-05 0953 ON5AM         599 0235   IZ2DII        599 0323     
QSO:  7048 RY 2020-04-05 0955 ON5AM         599 0236   YT4TT         599 0218     
QSO:  7048 RY 2020-04-05 0957 ON5AM         599 0237   SP9WZO        599 0061     
QSO:  7048 RY 2020-04-05 1000 ON5AM         599 0238   OH2LU         599 0182     
QSO:  7048 RY 2020-04-05 1001 ON5AM         599 0239   F4FHV         599 0251     
QSO:  7048 RY 2020-04-05 1002 ON5AM         599 0240   HB9TZU        599 0079     
QSO:  7048 RY 2020-04-05 1002 ON5AM         599 0241   OK1DAR        599 0029     
QSO:  7048 RY 2020-04-05 1004 ON5AM         599 0242   EA2CMF        599 BI       
QSO:  7048 RY 2020-04-05 1005 ON5AM         599 0243   GU0SUP        599 0130     
QSO:  7048 RY 2020-04-05 1005 ON5AM         599 0244   EB5A          599 A        
QSO:  7048 RY 2020-04-05 1006 ON5AM         599 0245   IK3YBX        599 0110     
QSO:  7048 RY 2020-04-05 1007 ON5AM         599 0246   G6N           599 0079     
QSO:  7048 RY 2020-04-05 1008 ON5AM         599 0247   EA1SI         599 VI       
QSO:  7048 RY 2020-04-05 1009 ON5AM         599 0248   G4FPA         599 0076     
QSO:  7048 RY 2020-04-05 1010 ON5AM         599 0249   IW1FGY        599 0056     
QSO:  7048 RY 2020-04-05 1011 ON5AM         599 0250   EA3NP         599 B        
QSO:  7048 RY 2020-04-05 1012 ON5AM         599 0251   EA4ZM         599 BA       
QSO:  7049 RY 2020-04-05 1016 ON5AM         599 0252   IZ2ZQP        599 0214     
QSO:  7049 RY 2020-04-05 1017 ON5AM         599 0253   EB4GOO        599 M        
QSO:  7049 RY 2020-04-05 1018 ON5AM         599 0254   HA2NP         599 0327     
QSO:  7049 RY 2020-04-05 1018 ON5AM         599 0255   DD1FLO        599 0019     
QSO:  7049 RY 2020-04-05 1019 ON5AM         599 0256   IK1SOW        599 0270     
QSO:  7049 RY 2020-04-05 1019 ON5AM         599 0257   EA3B          599 T        
QSO:  7049 RY 2020-04-05 1021 ON5AM         599 0258   DJ6OZ         599 0124     
QSO:  7049 RY 2020-04-05 1023 ON5AM         599 0259   F6OBD         599 0065     
QSO:  7049 RY 2020-04-05 1024 ON5AM         599 0260   EA5ME         599 MU       
QSO:  7049 RY 2020-04-05 1026 ON5AM         599 0261   EC1CT         599 S        
QSO:  7049 RY 2020-04-05 1028 ON5AM         599 0262   ED7N          599 CO       
QSO:  7049 RY 2020-04-05 1030 ON5AM         599 0263   GW0A          599 0622     
QSO:  7049 RY 2020-04-05 1031 ON5AM         599 0264   EA2DDE        599 NA       
QSO:  7049 RY 2020-04-05 1036 ON5AM         599 0265   I1NVU         599 0139     
QSO:  7049 RY 2020-04-05 1036 ON5AM         599 0266   I1JTQ         599 0312     
QSO:  7049 RY 2020-04-05 1037 ON5AM         599 0267   YO9BPX        599 0160     
QSO:  7049 RY 2020-04-05 1120 ON5AM         599 0268   UZ4U          599 0207     
QSO:  7049 RY 2020-04-05 1121 ON5AM         599 0269   IK2GWH        599 0073     
QSO: 14080 RY 2020-04-05 1127 ON5AM         599 0270   LY5W          599 0616     
QSO: 14080 RY 2020-04-05 1128 ON5AM         599 0271   EA7IEZ        599 MA       
QSO: 14084 RY 2020-04-05 1129 ON5AM         599 0272   AA2MF         599 0560     
QSO: 14087 RY 2020-04-05 1132 ON5AM         599 0273   EA7IZB        599 CA       
QSO: 14088 RY 2020-04-05 1133 ON5AM         599 0274   CT1BWU        599 0295     
QSO: 14091 RY 2020-04-05 1135 ON5AM         599 0275   RA3Y          599 0481     
QSO: 14091 RY 2020-04-05 1136 ON5AM         599 0276   EO3Q          599 0001     
QSO: 14092 RY 2020-04-05 1137 ON5AM         599 0277   EA7BF         599 CA       
QSO: 14093 RY 2020-04-05 1138 ON5AM         599 0278   LZ7A          599 0078     
QSO: 14093 RY 2020-04-05 1142 ON5AM         599 0279   EA1VT         599 C        
QSO: 14093 RY 2020-04-05 1147 ON5AM         599 0280   EM0I          599 0973     
QSO: 14094 RY 2020-04-05 1148 ON5AM         599 0281   OH2HAN        599 0676     
QSO: 14094 RY 2020-04-05 1150 ON5AM         599 0282   EA5DF         599 A        
QSO: 14097 RY 2020-04-05 1153 ON5AM         599 0283   K3ND          599 0554     
QSO: 14097 RY 2020-04-05 1154 ON5AM         599 0284   K2PAL         599 0149     
QSO: 14097 RY 2020-04-05 1154 ON5AM         599 0285   NX8G          599 0011     
QSO: 14097 RY 2020-04-05 1155 ON5AM         599 0286   K1SM          599 0221     
QSO: 14097 RY 2020-04-05 1157 ON5AM         599 0287   EA1GT/QRP     599 C        
QSO: 14097 RY 2020-04-05 1158 ON5AM         599 0288   EA7HLU        599 O        
QSO: 14097 RY 2020-04-05 1202 ON5AM         599 0289   N2WK          599 0120     
QSO: 14097 RY 2020-04-05 1203 ON5AM         599 0290   EA4WP         599 M        
QSO: 14097 RY 2020-04-05 1205 ON5AM         599 0291   EA4EQG        599 M        
QSO: 14097 RY 2020-04-05 1206 ON5AM         599 0292   EA2Z          599 Z        
QSO: 14097 RY 2020-04-05 1249 ON5AM         599 0293   VA1XH         599 0104     
QSO: 14097 RY 2020-04-05 1253 ON5AM         599 0294   EA1ACP        599 SO       
QSO: 14097 RY 2020-04-05 1254 ON5AM         599 0295   EA4FVG        599 M        
QSO: 14097 RY 2020-04-05 1255 ON5AM         599 0296   EA8DHH        599 TF       
QSO: 14097 RY 2020-04-05 1302 ON5AM         599 0297   TA1DX         599 0011     
QSO: 14097 RY 2020-04-05 1303 ON5AM         599 0298   RV3DCZ        599 0048     
QSO: 14097 RY 2020-04-05 1305 ON5AM         599 0299   EA5FQS        599 V        
QSO: 14097 RY 2020-04-05 1307 ON5AM         599 0300   CT1FOQ        599 0033     
QSO: 14097 RY 2020-04-05 1309 ON5AM         599 0301   UV7E          599 0188     
QSO: 14098 RY 2020-04-05 1313 ON5AM         599 0302   UR5FBM        599 0196     
QSO: 14098 RY 2020-04-05 1314 ON5AM         599 0303   EA8CNR        599 GC       
QSO: 14097 RY 2020-04-05 1317 ON5AM         599 0304   EA4L          599 BU       
QSO: 14097 RY 2020-04-05 1317 ON5AM         599 0305   RX3ASQ        599 0418     
QSO: 14097 RY 2020-04-05 1320 ON5AM         599 0306   EA1WH         599 S        
QSO: 14097 RY 2020-04-05 1320 ON5AM         599 0307   EA2BJM        599 Z        
QSO: 14097 RY 2020-04-05 1321 ON5AM         599 0308   N4QS          599 0155     
QSO: 14097 RY 2020-04-05 1322 ON5AM         599 0309   AB4SF         599 0133     
QSO: 14097 RY 2020-04-05 1322 ON5AM         599 0310   WJ2D          599 0099     
QSO: 14097 RY 2020-04-05 1323 ON5AM         599 0311   KD2SC         599 0054     
QSO: 14097 RY 2020-04-05 1325 ON5AM         599 0312   EB5F          599 A        
QSO: 14097 RY 2020-04-05 1326 ON5AM         599 0313   EF8W          599 TF       
QSO: 14097 RY 2020-04-05 1327 ON5AM         599 0314   KC4SAW        599 0189     
QSO: 14097 RY 2020-04-05 1328 ON5AM         599 0315   KE1IH         599 0038     
QSO: 14097 RY 2020-04-05 1329 ON5AM         599 0316   WQ5OO         599 0893     
QSO: 14097 RY 2020-04-05 1330 ON5AM         599 0317   I4LCK         599 0488     
QSO: 14097 RY 2020-04-05 1334 ON5AM         599 0318   HP3SS         599 0182     
QSO: 14097 RY 2020-04-05 1334 ON5AM         599 0319   EA8ARG        599 TF       
QSO: 14097 RY 2020-04-05 1337 ON5AM         599 0320   VE3JI         599 0164     
QSO: 14097 RY 2020-04-05 1338 ON5AM         599 0321   RN3OG         599 0130     
QSO: 14097 RY 2020-04-05 1339 ON5AM         599 0322   KD8FS         599 0196     
QSO: 14097 RY 2020-04-05 1343 ON5AM         599 0323   EA1IYK        599 O        
QSO: 14097 RY 2020-04-05 1344 ON5AM         599 0324   UN4PG         599 0180     
QSO: 14097 RY 2020-04-05 1346 ON5AM         599 0325   IK8UND        599 0456     
QSO: 14097 RY 2020-04-05 1346 ON5AM         599 0326   RA3TT         599 0073     
QSO: 14097 RY 2020-04-05 1347 ON5AM         599 0327   NE3H          599 0243     
QSO: 14097 RY 2020-04-05 1348 ON5AM         599 0328   EA1BHB        599 BU       
QSO: 14097 RY 2020-04-05 1356 ON5AM         599 0329   KA2D          599 0171     
QSO: 14097 RY 2020-04-05 1403 ON5AM         599 0330   CT2HPM        599 0057     
QSO: 14097 RY 2020-04-05 1406 ON5AM         599 0331   EA3FZT        599 B        
QSO: 14097 RY 2020-04-05 1407 ON5AM         599 0332   TA1BM         599 0055     
QSO: 14097 RY 2020-04-05 1408 ON5AM         599 0333   KM4SII        599 0287     
QSO: 14097 RY 2020-04-05 1411 ON5AM         599 0334   CT2FPE        599 0080     
QSO: 14097 RY 2020-04-05 1414 ON5AM         599 0335   EB5CUZ        599 CS       
QSO: 14097 RY 2020-04-05 1417 ON5AM         599 0336   EB4ERS        599 CT       
QSO: 14097 RY 2020-04-05 1420 ON5AM         599 0337   RM6LD         599 0128     
QSO: 14097 RY 2020-04-05 1423 ON5AM         599 0338   EA1CN         599 C        
QSO: 14097 RY 2020-04-05 1426 ON5AM         599 0339   EA5KE         599 V        
QSO: 21087 RY 2020-04-05 1431 ON5AM         599 0340   EA4URE        599 HQ       
QSO:  7040 RY 2020-04-05 1446 ON5AM         599 0341   IK4ALM        599 0093     
QSO:  7041 RY 2020-04-05 1447 ON5AM         599 0342   RV3ZN         599 0349     
QSO:  7043 RY 2020-04-05 1449 ON5AM         599 0343   IZ8CCW        599 0725     
QSO:  7049 RY 2020-04-05 1455 ON5AM         599 0344   RN6A          599 0303     
QSO:  7049 RY 2020-04-05 1458 ON5AM         599 0345   OK2PDM        599 0178     
QSO:  7049 RY 2020-04-05 1501 ON5AM         599 0346   SM7BHM        599 0291     
QSO:  7049 RY 2020-04-05 1506 ON5AM         599 0347   G4CXQ         599 0139     
QSO:  7049 RY 2020-04-05 1510 ON5AM         599 0348   F5GFA         599 0220     
QSO:  7049 RY 2020-04-05 1511 ON5AM         599 0349   S57SWR        599 0343     
QSO:  7049 RY 2020-04-05 1511 ON5AM         599 0350   G4ZVB         599 0250     
QSO:  7049 RY 2020-04-05 1513 ON5AM         599 0351   YT3H          599 0317     
QSO:  7049 RY 2020-04-05 1515 ON5AM         599 0352   IK4RVG        599 0294     
QSO:  7049 RY 2020-04-05 1516 ON5AM         599 0353   EA2BFM        599 BI       
QSO:  7049 RY 2020-04-05 1518 ON5AM         599 0354   SM6I          599 0159     
QSO:  7049 RY 2020-04-05 1518 ON5AM         599 0355   MM0CPZ        599 0060     
QSO:  7049 RY 2020-04-05 1519 ON5AM         599 0356   IZ7XNB        599 0215     
QSO:  7049 RY 2020-04-05 1520 ON5AM         599 0357   R2ABM         599 0224     
QSO:  7049 RY 2020-04-05 1522 ON5AM         599 0358   I2XLF         599 0274     
QSO:  7049 RY 2020-04-05 1522 ON5AM         599 0359   SP6JZP        599 0288     
QSO:  7049 RY 2020-04-05 1523 ON5AM         599 0360   9A2EU         599 0023     
QSO:  7049 RY 2020-04-05 1524 ON5AM         599 0361   IK2IKW        599 0048     
QSO:  7049 RY 2020-04-05 1524 ON5AM         599 0362   S52W          599 0087     
QSO:  7049 RY 2020-04-05 1525 ON5AM         599 0363   HA1TIB        599 0122     
QSO:  7049 RY 2020-04-05 1525 ON5AM         599 0364   SO50WD        599 0092     
QSO:  7049 RY 2020-04-05 1526 ON5AM         599 0365   IZ3GHP        599 0120     
QSO:  7049 RY 2020-04-05 1527 ON5AM         599 0366   RQ2Q          599 0217     
QSO:  7049 RY 2020-04-05 1527 ON5AM         599 0367   SP2UUU        599 0124     
QSO:  7049 RY 2020-04-05 1531 ON5AM         599 0368   EA1CHG        599 ZA       
QSO:  7049 RY 2020-04-05 1532 ON5AM         599 0369   OH5UQ         599 0142     
QSO:  7049 RY 2020-04-05 1533 ON5AM         599 0370   PA1CC         599 0319     
QSO:  7049 RY 2020-04-05 1533 ON5AM         599 0371   F1IWH         599 0180     
QSO:  7049 RY 2020-04-05 1534 ON5AM         599 0372   EA3Y          599 GI       
QSO:  7049 RY 2020-04-05 1535 ON5AM         599 0373   IW1CBG        599 0301     
QSO:  7049 RY 2020-04-05 1536 ON5AM         599 0374   EA2BNU        599 SS       
QSO:  7049 RY 2020-04-05 1538 ON5AM         599 0375   IN3OWY        599 0120     
QSO:  7049 RY 2020-04-05 1539 ON5AM         599 0376   ER3DX         599 0230     
QSO:  7049 RY 2020-04-05 1546 ON5AM         599 0377   RU2F          599 0139     
QSO:  7049 RY 2020-04-05 1547 ON5AM         599 0378   CT1BXT        599 0463     
QSO:  7049 RY 2020-04-05 1548 ON5AM         599 0379   G0FGI         599 0216     
QSO:  7048 RY 2020-04-05 1553 ON5AM         599 0380   S56EM         599 0049     
QSO:  7048 RY 2020-04-05 1554 ON5AM         599 0381   F4FDR         599 0398     
QSO:  7048 RY 2020-04-05 1554 ON5AM         599 0382   IV3WMS        599 0235     
QSO:  7048 RY 2020-04-05 1555 ON5AM         599 0383   EA4Z          599 M        
QSO:  7048 RY 2020-04-05 1556 ON5AM         599 0384   IK5BOH/2      599 0485     
QSO:  7048 RY 2020-04-05 1557 ON5AM         599 0385   EW6DMP        599 0393     
QSO:  7048 RY 2020-04-05 1558 ON5AM         599 0386   EB1RL         599 BU       
QSO:  7048 RY 2020-04-05 1558 ON5AM         599 0387   OH2HAN        599 0850     
QSO:  7048 RY 2020-04-05 1559 ON5AM         599 0388   OZ1QX         599 0134     
QSO:  7048 RY 2020-04-05 1600 ON5AM         599 0389   IW8PJI        599 0155     
END-OF-LOG:
