START-OF-LOG: 3.0
CONTEST: ARRL-10
CALLSIGN: 4M5B
LOCATION: DX
CATEGORY-OPERATOR: SINGLE-OP
CATEGORY-ASSISTED: ASSISTED
CATEGORY-POWER: LOW
CATEGORY-BAND: 10M
CATEGORY-MODE: SSB
CATEGORY-TRANSMITTER: ONE
CATEGORY-STATION: FIXED
OPERATORS: YV5WL
CREATED-BY: N1MM LOGGER+ 1.0.11031.0
HQ-CATEGORY: Single Operator Unlimited, Phone Only, Low Power
HQ-GRID-LOCATOR: FK60OL
QSO: 28348 PH 2025-12-13 0009 4M5B 59 1 ZZ5K 59 12
QSO: 28410 PH 2025-12-13 0013 4M5B 59 2 ZW2A 59 017
QSO: 28345 PH 2025-12-13 0014 4M5B 59 3 PX5X 59 47
QSO: 28390 PH 2025-12-13 0015 4M5B 59 4 PY3OZ 59 43
QSO: 28425 PH 2025-12-13 0017 4M5B 59 5 LU3BMS 59 25
QSO: 28416 PH 2025-12-13 0018 4M5B 59 6 PT1M 59 003
QSO: 28462 PH 2025-12-13 0019 4M5B 59 7 LS2D 59 28
QSO: 28462 PH 2025-12-13 0021 4M5B 59 8 CM2JR 59 32
QSO: 28465 PH 2025-12-13 0021 4M5B 59 9 PT5J 59 101
QSO: 28497 PH 2025-12-13 0023 4M5B 59 10 PY2ZR 59 16
QSO: 28505 PH 2025-12-13 0024 4M5B 59 11 LT6T 59 32
QSO: 28510 PH 2025-12-13 0025 4M5B 59 12 LO7H 59 61
QSO: 28515 PH 2025-12-13 0026 4M5B 59 13 PY5MM 59 17
QSO: 28518 PH 2025-12-13 0027 4M5B 59 14 PP5KW 59 13
QSO: 28420 PH 2025-12-13 0030 4M5B 59 15 PY5FO 59 20
QSO: 28391 PH 2025-12-13 0032 4M5B 59 16 ZX2X 59 28
QSO: 28322 PH 2025-12-13 0033 4M5B 59 17 PP1WW 59 25
QSO: 28433 PH 2025-12-13 0035 4M5B 59 18 CE3PT 59 15
QSO: 28429 PH 2025-12-13 0038 4M5B 59 19 LV1D 59 46
QSO: 28509 PH 2025-12-13 0039 4M5B 59 20 CV6T 59 027
QSO: 28518 PH 2025-12-13 0040 4M5B 59 21 PY2MDF 59 13
QSO: 28533 PH 2025-12-13 0043 4M5B 59 22 CE4KS 59 98
QSO: 28483 PH 2025-12-13 0044 4M5B 59 23 LU7YE 59 10
QSO: 28350 PH 2025-12-13 0049 4M5B 59 24 LW1HR 59 011
QSO: 28395 PH 2025-12-13 0056 4M5B 59 25 TI1T 59 119
QSO: 28305 PH 2025-12-13 0110 4M5B 59 26 HC4ER 59 22
QSO: 28426 PH 2025-12-13 0115 4M5B 59 27 CE4PS 59 123
QSO: 28450 PH 2025-12-13 0117 4M5B 59 28 HC2PY 59 80
QSO: 28485 PH 2025-12-13 0118 4M5B 59 29 CB4A 59 93
QSO: 28495 PH 2025-12-13 0120 4M5B 59 30 TI1K 59 116
QSO: 28362 PH 2025-12-13 0123 4M5B 59 31 ZZ2O 59 164
QSO: 28542 PH 2025-12-13 0133 4M5B 59 32 CB6LR 59 142
QSO: 28453 PH 2025-12-13 0138 4M5B 59 33 HK3EA 59 61
QSO: 28325 PH 2025-12-13 0143 4M5B 59 34 PR1T 59 163
QSO: 28335 PH 2025-12-13 0146 4M5B 59 35 PY6HD 59 29
QSO: 28418 PH 2025-12-13 0150 4M5B 59 36 CB4K 59 92
QSO: 28428 PH 2025-12-13 0152 4M5B 59 37 LU1VM 59 25
QSO: 28521 PH 2025-12-13 0159 4M5B 59 38 CX5A 59 78
QSO: 28550 PH 2025-12-13 0159 4M5B 59 39 PY2HT 59 98
QSO: 28383 PH 2025-12-13 0204 4M5B 59 40 CX2TQ 59 104
QSO: 28503 PH 2025-12-13 0215 4M5B 59 41 ZP6TT 59 16
QSO: 28520 PH 2025-12-13 0234 4M5B 59 42 LT5H 59 158
QSO: 28425 PH 2025-12-13 1105 4M5B 59 43 ED7R 59 229
QSO: 28518 PH 2025-12-13 1110 4M5B 59 44 ED5B 59 098
QSO: 28368 PH 2025-12-13 1112 4M5B 59 45 SP8R 59 263
QSO: 28452 PH 2025-12-13 1117 4M5B 59 46 ED5I 59 247
QSO: 28498 PH 2025-12-13 1118 4M5B 59 47 II9P 59 312
QSO: 28447 PH 2025-12-13 1122 4M5B 59 48 ED7K 59 670
QSO: 28420 PH 2025-12-13 1123 4M5B 59 49 YO2LPI 59 128
QSO: 28377 PH 2025-12-13 1125 4M5B 59 50 9A1P 59 368
QSO: 28360 PH 2025-12-13 1128 4M5B 59 51 D4C 59 719
QSO: 28372 PH 2025-12-13 1130 4M5B 59 52 EE7R 59 204
QSO: 28474 PH 2025-12-13 1135 4M5B 59 53 HG0R 59 183
QSO: 28392 PH 2025-12-13 1151 4M5B 59 54 OD5KU 59 656
QSO: 28385 PH 2025-12-13 1152 4M5B 59 55 IT9RGY 59 256
QSO: 28555 PH 2025-12-13 1205 4M5B 59 56 4X6TT 59 505
QSO: 28705 PH 2025-12-13 1241 4M5B 59 57 EA6SX 59 236
QSO: 28550 PH 2025-12-13 1243 4M5B 59 58 SV1SJJ 59 139
QSO: 28530 PH 2025-12-13 1244 4M5B 59 59 9J2FI 59 293
QSO: 28468 PH 2025-12-13 1251 4M5B 59 60 EA6URP 59 304
QSO: 28429 PH 2025-12-13 1253 4M5B 59 61 HB2Y 59 401
QSO: 28397 PH 2025-12-13 1254 4M5B 59 62 OM7M 59 592
QSO: 28438 PH 2025-12-13 1259 4M5B 59 63 E7DX 59 770
QSO: 28630 PH 2025-12-13 1306 4M5B 59 64 CT7AUE 59 209
QSO: 28569 PH 2025-12-13 1307 4M5B 59 65 UW5Y 59 444
QSO: 28491 PH 2025-12-13 1311 4M5B 59 66 CQ9A 59 879
QSO: 28388 PH 2025-12-13 1313 4M5B 59 67 DL2ARD 59 606
QSO: 28383 PH 2025-12-13 1317 4M5B 59 68 PI4DX 59 477
QSO: 28531 PH 2025-12-13 1322 4M5B 59 69 F6KRK 59 224
QSO: 28423 PH 2025-12-13 1334 4M5B 59 70 SQ2RAD 59 069
QSO: 28498 PH 2025-12-13 1337 4M5B 59 71 SQ2PHG 59 264
QSO: 28520 PH 2025-12-13 1339 4M5B 59 72 YQ8T 59 530
QSO: 28536 PH 2025-12-13 1342 4M5B 59 73 F6PTT 59 247
QSO: 28538 PH 2025-12-13 1342 4M5B 59 74 OM1DK 59 256
QSO: 28466 PH 2025-12-13 1348 4M5B 59 75 VY2TT 59 PE
QSO: 28312 PH 2025-12-13 1352 4M5B 59 76 9A2CT 59 295
QSO: 28306 PH 2025-12-13 1356 4M5B 59 77 OE1EMS 59 332
QSO: 28740 PH 2025-12-13 1358 4M5B 59 78 8S8S 59 188
QSO: 28351 PH 2025-12-13 1405 4M5B 59 79 TM7J 59 462
QSO: 28361 PH 2025-12-13 1406 4M5B 59 80 9A5Y 59 1150
QSO: 28386 PH 2025-12-13 1410 4M5B 59 81 9A3OS 59 85
QSO: 28349 PH 2025-12-13 1414 4M5B 59 82 YT0W 59 293
QSO: 28462 PH 2025-12-13 1420 4M5B 59 83 ON4TO 59 68
QSO: 28400 PH 2025-12-13 1427 4M5B 59 84 G6MC 59 221
QSO: 28507 PH 2025-12-13 1437 4M5B 59 85 YT1X 59 126
QSO: 28517 PH 2025-12-13 1439 4M5B 59 86 MM2N 59 463
QSO: 28632 PH 2025-12-13 1446 4M5B 59 87 EA5DFV 59 165
QSO: 28310 PH 2025-12-13 1511 4M5B 59 88 V55Y 59 603
QSO: 28357 PH 2025-12-13 1522 4M5B 59 89 XE1L 59 JAL
QSO: 28390 PH 2025-12-13 1528 4M5B 59 90 WC6H 59 CA
QSO: 28573 PH 2025-12-13 1535 4M5B 59 91 XR7T 59 409
QSO: 28605 PH 2025-12-13 1537 4M5B 59 92 KW7MM 59 AZ
QSO: 28521 PH 2025-12-13 1723 4M5B 59 93 K0AP 59 KS
QSO: 28537 PH 2025-12-13 1724 4M5B 59 94 PU2VLW 59 TX
QSO: 28321 PH 2025-12-13 1732 4M5B 59 95 K7RI 59 WA
QSO: 28533 PH 2025-12-13 1737 4M5B 59 96 VA6SZ 59 AB
QSO: 28515 PH 2025-12-13 1741 4M5B 59 97 XE3R 59 COL
QSO: 28650 PH 2025-12-13 1743 4M5B 59 98 PU2VLW 59 231
QSO: 28697 PH 2025-12-13 1745 4M5B 59 99 KG9N 59 IL
QSO: 28700 PH 2025-12-13 1749 4M5B 59 100 CO2QU 59 155
QSO: 28667 PH 2025-12-13 1750 4M5B 59 101 CX8BG 59 112
QSO: 28702 PH 2025-12-13 1751 4M5B 59 102 N4OX 59 FL
QSO: 28650 PH 2025-12-13 1753 4M5B 59 103 PU2VLW 59 242
QSO: 28637 PH 2025-12-13 1755 4M5B 59 104 NM4AA 59 FL
QSO: 28435 PH 2025-12-13 1803 4M5B 59 105 KI9A 59 IL
QSO: 28369 PH 2025-12-13 1813 4M5B 59 106 W8MJ 59 MI
QSO: 28353 PH 2025-12-13 1819 4M5B 59 107 W6AFA 59 CA
QSO: 28389 PH 2025-12-13 1822 4M5B 59 108 K5TR 59 TX
QSO: 28410 PH 2025-12-13 1825 4M5B 59 109 N6XI 59 CA
QSO: 28426 PH 2025-12-13 1831 4M5B 59 110 K3EST 59 CA
QSO: 28625 PH 2025-12-13 1838 4M5B 59 111 W6IWN 59 NV
QSO: 28547 PH 2025-12-13 1844 4M5B 59 112 K0IP 59 ID
QSO: 28313 PH 2025-12-13 1846 4M5B 59 113 VE7ZO 59 BC
QSO: 28318 PH 2025-12-13 1849 4M5B 59 114 K1MZ 59 ID
QSO: 28357 PH 2025-12-13 1851 4M5B 59 115 N4EXA 59 FL
QSO: 28420 PH 2025-12-13 1856 4M5B 59 116 W4AC 59 FL
QSO: 28470 PH 2025-12-13 1901 4M5B 59 117 K0JU 59 CO
QSO: 28360 PH 2025-12-13 1958 4M5B 59 118 N4UU 59 FL
QSO: 28535 PH 2025-12-13 2000 4M5B 59 119 VO1KVT 59 NF
QSO: 28512 PH 2025-12-13 2001 4M5B 59 120 PR2N 59 705
QSO: 28585 PH 2025-12-13 2005 4M5B 59 121 K7JQ 59 NV
QSO: 28592 PH 2025-12-13 2006 4M5B 59 122 N0HJZ 59 MN
QSO: 28603 PH 2025-12-13 2007 4M5B 59 123 CX2RA 59 90
QSO: 28622 PH 2025-12-13 2008 4M5B 59 124 CB1V 59 150
QSO: 28718 PH 2025-12-13 2010 4M5B 59 125 N3AIU 59 AZ
QSO: 28697 PH 2025-12-13 2012 4M5B 59 126 XE2Q 59 SON
QSO: 28598 PH 2025-12-13 2014 4M5B 59 127 WA0MHJ 59 MN
QSO: 28557 PH 2025-12-13 2018 4M5B 59 128 CE2LE 59 195
QSO: 28540 PH 2025-12-13 2019 4M5B 59 129 PW2K 59 864
QSO: 28537 PH 2025-12-13 2019 4M5B 59 130 CX1AR 59 280
QSO: 28535 PH 2025-12-13 2021 4M5B 59 131 VO1VT 59 NF
QSO: 28524 PH 2025-12-13 2022 4M5B 59 132 W4LT 59 FL
QSO: 28503 PH 2025-12-13 2023 4M5B 59 133 PY3PA 59 043
QSO: 28482 PH 2025-12-13 2027 4M5B 59 134 CB8E 59 194
QSO: 28474 PH 2025-12-13 2030 4M5B 59 135 PP5AF 59 64
QSO: 28392 PH 2025-12-13 2035 4M5B 59 136 W0SD 59 MN
QSO: 28375 PH 2025-12-13 2036 4M5B 59 137 N6OKU 59 CA
QSO: 28332 PH 2025-12-13 2038 4M5B 59 138 LP1H 59 1460
QSO: 28435 PH 2025-12-13 2042 4M5B 59 139 PY2BN 59 102
QSO: 28485 PH 2025-12-13 2044 4M5B 59 140 VE9CZ 59 NB
QSO: 28457 PH 2025-12-13 2050 4M5B 59 141 N6TV 59 CA
QSO: 28521 PH 2025-12-13 2051 4M5B 59 142 CX6A 59 607
QSO: 28355 PH 2025-12-14 1557 4M5B 59 143 LW3EK 59 317
QSO: 28439 PH 2025-12-14 2213 4M5B 59 144 PY2CX 59 634
QSO: 28401 PH 2025-12-14 2215 4M5B 59 145 CE4ZEO 59 441
QSO: 28301 PH 2025-12-14 2217 4M5B 59 146 LU5EA 59 88
QSO: 28452 PH 2025-12-14 2221 4M5B 59 147 XQ1CY 59 199
QSO: 28521 PH 2025-12-14 2223 4M5B 59 148 PU2KNM 59 061
QSO: 28560 PH 2025-12-14 2224 4M5B 59 149 LU2UF 59 073
QSO: 28567 PH 2025-12-14 2225 4M5B 59 150 L75M 59 423
QSO: 28598 PH 2025-12-14 2226 4M5B 59 151 PU2UAF 59 496
QSO: 28617 PH 2025-12-14 2227 4M5B 59 152 LQ5A 59 354
QSO: 28657 PH 2025-12-14 2229 4M5B 59 153 ZP6SKY 59 201
QSO: 28385 PH 2025-12-14 2232 4M5B 59 154 PY2BRP 59 244
QSO: 28306 PH 2025-12-14 2235 4M5B 59 155 PU1JSV 59 706
QSO: 28328 PH 2025-12-14 2236 4M5B 59 156 PY2RE 59 301
QSO: 28373 PH 2025-12-14 2238 4M5B 59 157 PY2AD 59 258
QSO: 28390 PH 2025-12-14 2239 4M5B 59 158 PX2U 59 453
QSO: 28445 PH 2025-12-14 2245 4M5B 59 159 LU3DK 59 194
QSO: 28490 PH 2025-12-14 2247 4M5B 59 160 CV1R 59 568
QSO: 28510 PH 2025-12-14 2254 4M5B 59 161 PU2USM 59 294
QSO: 28476 PH 2025-12-14 2259 4M5B 59 162 AZ1D 59 2855
QSO: 28356 PH 2025-12-14 2303 4M5B 59 163 XQ3WD 59 1203
QSO: 28325 PH 2025-12-14 2305 4M5B 59 164 FY5KE 59 4050
QSO: 28480 PH 2025-12-14 2313 4M5B 59 165 CE2II 59 256
END-OF-LOG: