START-OF-LOG: 3.0
CONTEST: ARRL-10
CALLSIGN: JA1OHP
LOCATION: DX
CATEGORY-OPERATOR: SINGLE-OP
CATEGORY-ASSISTED: ASSISTED
CATEGORY-POWER: LOW
CATEGORY-BAND: 10M
CATEGORY-MODE: CW
CATEGORY-TRANSMITTER: ONE
CATEGORY-STATION: FIXED
OPERATORS: 
CREATED-BY: CTESTWIN V4.61 BY JI1AQY
HQ-CATEGORY: Single Operator Unlimited, CW Only, Low Power
HQ-GRID-LOCATOR: PM95TL
QSO: 28010 CW 2025-12-13 0512 JA1OHP 599 001 RK4FD 599 058
QSO: 28028 CW 2025-12-13 0514 JA1OHP 599 002 YB1HR 599 047
QSO: 28002 CW 2025-12-13 0515 JA1OHP 599 003 BA5DX 599 154
QSO: 28040 CW 2025-12-13 2222 JA1OHP 599 004 CW5W 599 2012
QSO: 28013 CW 2025-12-14 0306 JA1OHP 599 005 BA4OP 599 264
QSO: 28019 CW 2025-12-14 0308 JA1OHP 599 006 ZM3A 599 544
QSO: 28027 CW 2025-12-14 0309 JA1OHP 599 007 DU2W 599 1118
QSO: 28002 CW 2025-12-14 0312 JA1OHP 599 008 3W9A 599 978
QSO: 28027 CW 2025-12-14 0314 JA1OHP 599 009 BI8CZM 599 414
QSO: 28046 CW 2025-12-14 0316 JA1OHP 599 010 BH4TVU 599 296
QSO: 28003 CW 2025-12-14 0317 JA1OHP 599 011 BI8AQ 599 498
QSO: 28004 CW 2025-12-14 0318 JA1OHP 599 012 RA9Y 599 1081
QSO: 28008 CW 2025-12-14 0319 JA1OHP 599 013 BI8AD 599 605
QSO: 28022 CW 2025-12-14 0620 JA1OHP 599 014 UC8Y 599 751
QSO: 28029 CW 2025-12-14 0622 JA1OHP 599 015 RM9I 599 926
QSO: 28041 CW 2025-12-14 0626 JA1OHP 599 016 BI6LFJ 599 269
QSO: 28040 CW 2025-12-14 0642 JA1OHP 599 017 BA3MM 599 438
END-OF-LOG: