START-OF-LOG: 3.0
CONTEST: ARRL-10
CALLSIGN: R1QE
LOCATION: DX
CATEGORY-OPERATOR: SINGLE-OP
CATEGORY-ASSISTED: NON-ASSISTED
CATEGORY-POWER: LOW
CATEGORY-BAND: 10M
CATEGORY-MODE: CW
CATEGORY-TRANSMITTER: ONE
CATEGORY-STATION: FIXED
CATEGORY-TIME: 36-HOURS
OPERATORS: R1QE
CLUB: RCWC
CREATED-BY: UR5EQF LOG V.3.31-61
HQ-CATEGORY: Single Operator, CW Only, Low Power
HQ-GRID-LOCATOR: KO99GF
QSO: 28000 CW 2025-12-13 0709 R1QE 599 001 3W9A 599 425
QSO: 28000 CW 2025-12-13 0714 R1QE 599 002 JS1OYN 599 394
QSO: 28000 CW 2025-12-13 0922 R1QE 599 003 TM8O 599 221
QSO: 28000 CW 2025-12-13 0925 R1QE 599 004 F5PAL 599 081
QSO: 28000 CW 2025-12-13 0927 R1QE 599 005 UC0A 599 439
QSO: 28000 CW 2025-12-13 0933 R1QE 599 006 S51MM 599 194
QSO: 28000 CW 2025-12-13 0934 R1QE 599 007 DA1DX 599 125
QSO: 28000 CW 2025-12-13 0936 R1QE 599 008 OT6M 599 155
QSO: 28000 CW 2025-12-13 0939 R1QE 599 009 EC5K 599 050
QSO: 28000 CW 2025-12-13 0940 R1QE 599 010 OR3A 599 123
QSO: 28000 CW 2025-12-13 0943 R1QE 599 011 EA5KM 599 146
QSO: 28000 CW 2025-12-13 0945 R1QE 599 012 IC8FBU 599 129
QSO: 28000 CW 2025-12-13 0945 R1QE 599 013 M5B 599 076
QSO: 28000 CW 2025-12-13 0946 R1QE 599 014 F8DGY 599 150
QSO: 28000 CW 2025-12-13 0948 R1QE 599 015 CT7BJG 599 146
QSO: 28000 CW 2025-12-13 0949 R1QE 599 016 RZ9YI 599 313
QSO: 28000 CW 2025-12-13 0951 R1QE 599 017 OQ0Q 599 031
QSO: 28000 CW 2025-12-13 0953 R1QE 599 018 MW2I 599 011
QSO: 28000 CW 2025-12-13 0954 R1QE 599 019 BY5HB 599 524
QSO: 28000 CW 2025-12-13 0955 R1QE 599 020 DR4S 599 043
QSO: 28000 CW 2025-12-13 0957 R1QE 599 021 DQ2A 599 062
QSO: 28000 CW 2025-12-13 0958 R1QE 599 022 II2Q 599 317
QSO: 28000 CW 2025-12-13 0959 R1QE 599 023 IK3UNA 599 118
QSO: 28000 CW 2025-12-13 1001 R1QE 599 024 PI4DX 599 191
QSO: 28000 CW 2025-12-13 1003 R1QE 599 025 IO5O 599 161
QSO: 28000 CW 2025-12-13 1004 R1QE 599 026 SV8OVJ 599 238
QSO: 28000 CW 2025-12-13 1005 R1QE 599 027 M0DHO 599 200
QSO: 28000 CW 2025-12-13 1006 R1QE 599 028 LZ7A 599 052
QSO: 28000 CW 2025-12-13 1008 R1QE 599 029 DK5DQ 599 116
QSO: 28000 CW 2025-12-13 1011 R1QE 599 030 DL1QW 599 052
QSO: 28000 CW 2025-12-13 1013 R1QE 599 031 PC0A 599 173
QSO: 28000 CW 2025-12-13 1013 R1QE 599 032 S53V 599 101
QSO: 28000 CW 2025-12-13 1014 R1QE 599 033 G4BJM 599 169
QSO: 28000 CW 2025-12-13 1015 R1QE 599 034 E70Y 599 081
QSO: 28000 CW 2025-12-13 1016 R1QE 599 035 G4BUO 599 063
QSO: 28000 CW 2025-12-13 1019 R1QE 599 036 RZ9UO 599 079
QSO: 28000 CW 2025-12-13 1020 R1QE 599 037 9A925T 599 073
QSO: 28000 CW 2025-12-13 1021 R1QE 599 038 G4RGK 599 071
QSO: 28000 CW 2025-12-13 1022 R1QE 599 039 PA5WT 599 132
QSO: 28000 CW 2025-12-13 1023 R1QE 599 040 IO6T 599 330
QSO: 28000 CW 2025-12-13 1024 R1QE 599 041 LX1NO 599 038
QSO: 28000 CW 2025-12-13 1025 R1QE 599 042 I1NVU 599 068
QSO: 28000 CW 2025-12-13 1026 R1QE 599 043 I1HJT 599 036
QSO: 28000 CW 2025-12-13 1028 R1QE 599 044 YU7KW 599 049
QSO: 28000 CW 2025-12-13 1028 R1QE 599 045 II2S 599 343
QSO: 28000 CW 2025-12-13 1037 R1QE 599 046 P3X 599 696
QSO: 28000 CW 2025-12-13 1038 R1QE 599 047 LZ6E 599 052
QSO: 28000 CW 2025-12-13 1039 R1QE 599 048 IK1PMR 599 142
QSO: 28000 CW 2025-12-13 1040 R1QE 599 049 9A5Y 599 568
QSO: 28000 CW 2025-12-13 1041 R1QE 599 050 OQ5M 599 109
QSO: 28000 CW 2025-12-13 1044 R1QE 599 051 9A1CBM 599 170
QSO: 28000 CW 2025-12-13 1045 R1QE 599 052 9A/W3WM 599 020
QSO: 28000 CW 2025-12-13 1047 R1QE 599 053 ON5JT 599 089
QSO: 28000 CW 2025-12-13 1048 R1QE 599 054 P3F 599 135
QSO: 28000 CW 2025-12-13 1051 R1QE 599 055 4X1MM 599 639
QSO: 28000 CW 2025-12-13 1058 R1QE 599 056 E7CW 599 282
QSO: 28000 CW 2025-12-13 1059 R1QE 599 057 YT3X 599 463
QSO: 28000 CW 2025-12-13 1100 R1QE 599 058 S57Q 599 239
QSO: 28000 CW 2025-12-13 1101 R1QE 599 059 YU6DX 599 236
QSO: 28000 CW 2025-12-13 1102 R1QE 599 060 YU1UN 599 319
QSO: 28000 CW 2025-12-13 1104 R1QE 599 061 E7DX 599 504
QSO: 28000 CW 2025-12-13 1105 R1QE 599 062 OP7B 599 034
QSO: 28000 CW 2025-12-13 1105 R1QE 599 063 S54O 599 057
QSO: 28000 CW 2025-12-13 1106 R1QE 599 064 PA5KT 599 058
QSO: 28000 CW 2025-12-14 0642 R1QE 599 065 4K6FO 599 373
QSO: 28000 CW 2025-12-14 0644 R1QE 599 066 UP4L 599 917
QSO: 28000 CW 2025-12-14 0648 R1QE 599 067 R9AE 599 649
QSO: 28000 CW 2025-12-14 0654 R1QE 599 068 TA3X 599 096
QSO: 28000 CW 2025-12-14 0656 R1QE 599 069 JJ0VNR 599 1121
QSO: 28000 CW 2025-12-14 0659 R1QE 599 070 RT0O 599 439
QSO: 28000 CW 2025-12-14 0702 R1QE 599 071 R8WO 599 124
QSO: 28000 CW 2025-12-14 0703 R1QE 599 072 RD0A 599 724
QSO: 28000 CW 2025-12-14 0705 R1QE 599 073 UN8PT 599 503
QSO: 28000 CW 2025-12-14 0708 R1QE 599 074 RA9YQM 599 169
QSO: 28000 CW 2025-12-14 0710 R1QE 599 075 RX9WN 599 173
QSO: 28000 CW 2025-12-14 0712 R1QE 599 076 R9YC 599 403
QSO: 28000 CW 2025-12-14 0723 R1QE 599 077 UN3M 599 752
QSO: 28000 CW 2025-12-14 0728 R1QE 599 078 SV1ME 599 055
QSO: 28000 CW 2025-12-14 0730 R1QE 599 079 UC8Y 599 802
QSO: 28000 CW 2025-12-14 0740 R1QE 599 080 BG9CHE 599 206
QSO: 28000 CW 2025-12-14 0744 R1QE 599 081 4Z4DX 599 191
QSO: 28000 CW 2025-12-14 0745 R1QE 599 082 OZ5W 599 568
QSO: 28000 CW 2025-12-14 0752 R1QE 599 083 SN3C 599 788
QSO: 28000 CW 2025-12-14 0754 R1QE 599 084 RM9I 599 1010
QSO: 28000 CW 2025-12-14 0756 R1QE 599 085 EA3AR 599 390
QSO: 28000 CW 2025-12-14 0758 R1QE 599 086 R9SS 599 191
QSO: 28000 CW 2025-12-14 0759 R1QE 599 087 EA5O 599 713
QSO: 28000 CW 2025-12-14 0801 R1QE 599 088 E2A 599 1031
QSO: 28000 CW 2025-12-14 0802 R1QE 599 089 EF5Y 599 1464
QSO: 28000 CW 2025-12-14 0808 R1QE 599 090 UN0L 599 091
QSO: 28000 CW 2025-12-14 0810 R1QE 599 091 UN7LAN 599 328
QSO: 28000 CW 2025-12-14 0828 R1QE 599 092 SN1T 599 461
QSO: 28000 CW 2025-12-14 0830 R1QE 599 093 OM7M 599 1554
QSO: 28000 CW 2025-12-14 0835 R1QE 599 094 BI8AD 599 802
QSO: 28000 CW 2025-12-14 0837 R1QE 599 095 YT5M 599 235
QSO: 28000 CW 2025-12-14 0838 R1QE 599 096 HA3NU 599 486
QSO: 28000 CW 2025-12-14 0839 R1QE 599 097 YT0Z 599 1067
QSO: 28000 CW 2025-12-14 0840 R1QE 599 098 F6KRK 599 712
QSO: 28000 CW 2025-12-14 0841 R1QE 599 099 9A8A 599 153
QSO: 28000 CW 2025-12-14 0842 R1QE 599 100 LZ1NK 599 1065
QSO: 28000 CW 2025-12-14 0844 R1QE 599 101 F6HKA 599 387
QSO: 28000 CW 2025-12-14 0845 R1QE 599 102 SN7Q 599 885
QSO: 28000 CW 2025-12-14 0848 R1QE 599 103 DL0WW 599 504
QSO: 28000 CW 2025-12-14 0849 R1QE 599 104 YT1T 599 099
QSO: 28000 CW 2025-12-14 0850 R1QE 599 105 M4T 599 457
QSO: 28000 CW 2025-12-14 0851 R1QE 599 106 DK2GZ 599 107
QSO: 28000 CW 2025-12-14 0853 R1QE 599 107 IK1WEG 599 089
QSO: 28000 CW 2025-12-14 0856 R1QE 599 108 HA3DX 599 779
QSO: 28000 CW 2025-12-14 0857 R1QE 599 109 DF1PU 599 064
QSO: 28000 CW 2025-12-14 0858 R1QE 599 110 IT0FVC 599 028
QSO: 28000 CW 2025-12-14 0858 R1QE 599 111 DL2NBY 599 661
QSO: 28000 CW 2025-12-14 0900 R1QE 599 112 SV1AZL 599 287
QSO: 28000 CW 2025-12-14 0901 R1QE 599 113 HG3N 599 1089
QSO: 28000 CW 2025-12-14 0901 R1QE 599 114 DK9TF 599 126
QSO: 28000 CW 2025-12-14 0902 R1QE 599 115 DD6CW 599 174
QSO: 28000 CW 2025-12-14 0904 R1QE 599 116 BI8CZM 599 586
QSO: 28000 CW 2025-12-14 0904 R1QE 599 117 YT2U 599 127
QSO: 28000 CW 2025-12-14 0905 R1QE 599 118 ON6NL 599 368
QSO: 28000 CW 2025-12-14 0905 R1QE 599 119 G4IIY 599 648
QSO: 28000 CW 2025-12-14 0906 R1QE 599 120 E74BQ 599 128
QSO: 28000 CW 2025-12-14 0907 R1QE 599 121 YU1YV 599 381
QSO: 28000 CW 2025-12-14 0908 R1QE 599 122 II3O 599 127
QSO: 28000 CW 2025-12-14 0909 R1QE 599 123 DH0GDS 599 057
QSO: 28000 CW 2025-12-14 0909 R1QE 599 124 OK1VK 599 035
QSO: 28000 CW 2025-12-14 0909 R1QE 599 125 YU1AT 599 242
QSO: 28000 CW 2025-12-14 0910 R1QE 599 126 S58M 599 409
QSO: 28000 CW 2025-12-14 0911 R1QE 599 127 LZ1IQ 599 189
QSO: 28000 CW 2025-12-14 0912 R1QE 599 128 RZ3DX 599 024
QSO: 28000 CW 2025-12-14 0913 R1QE 599 129 HB9DHG 599 170
QSO: 28000 CW 2025-12-14 0914 R1QE 599 130 F6EMA 599 287
QSO: 28000 CW 2025-12-14 0916 R1QE 599 131 DR7B 599 326
QSO: 28000 CW 2025-12-14 0917 R1QE 599 132 YU2M 599 305
QSO: 28000 CW 2025-12-14 0918 R1QE 599 133 PA3EYC 599 012
QSO: 28000 CW 2025-12-14 0920 R1QE 599 134 F8DFP 599 189
QSO: 28000 CW 2025-12-14 0922 R1QE 599 135 S56A 599 180
QSO: 28000 CW 2025-12-14 0923 R1QE 599 136 9A5D 599 989
QSO: 28000 CW 2025-12-14 0924 R1QE 599 137 YU1EL 599 073
QSO: 28000 CW 2025-12-14 0925 R1QE 599 138 DL1TS 599 055
QSO: 28000 CW 2025-12-14 0926 R1QE 599 139 LZ9W 599 1164
QSO: 28000 CW 2025-12-14 0927 R1QE 599 140 MM0T 599 726
QSO: 28000 CW 2025-12-14 0928 R1QE 599 141 DA3M 599 099
QSO: 28000 CW 2025-12-14 0928 R1QE 599 142 EI2S 599 1406
QSO: 28000 CW 2025-12-14 0929 R1QE 599 143 DL8MBS 599 106
QSO: 28000 CW 2025-12-14 0930 R1QE 599 144 OK1DVA 599 106
QSO: 28000 CW 2025-12-14 0933 R1QE 599 145 RW9MZ 599 103
QSO: 28000 CW 2025-12-14 0934 R1QE 599 146 PA2A 599 322
QSO: 28000 CW 2025-12-14 0934 R1QE 599 147 OK4RQ 599 253
QSO: 28000 CW 2025-12-14 0936 R1QE 599 148 OE3PKU 599 002
QSO: 28000 CW 2025-12-14 0941 R1QE 599 149 HZ4VJ 599 1191
QSO: 28000 CW 2025-12-14 0942 R1QE 599 150 9A2CT 599 551
QSO: 28000 CW 2025-12-14 0943 R1QE 599 151 IT9ESW 599 113
QSO: 28000 CW 2025-12-14 0945 R1QE 599 152 Z32U 599 060
QSO: 28000 CW 2025-12-14 0946 R1QE 599 153 DF5EN 599 315
QSO: 28000 CW 2025-12-14 0950 R1QE 599 154 DL1WA 599 399
QSO: 28000 CW 2025-12-14 0951 R1QE 599 155 RU0A 599 444
QSO: 28000 CW 2025-12-14 0952 R1QE 599 156 DL1NKS 599 235
QSO: 28000 CW 2025-12-14 0954 R1QE 599 157 I5MXX 599 021
QSO: 28000 CW 2025-12-14 0956 R1QE 599 158 YO9HP 599 483
QSO: 28000 CW 2025-12-14 1000 R1QE 599 159 D4C 599 2914
QSO: 28000 CW 2025-12-14 1001 R1QE 599 160 PG6M 599 165
QSO: 28000 CW 2025-12-14 1002 R1QE 599 161 S53BB 599 041
QSO: 28000 CW 2025-12-14 1003 R1QE 599 162 9A3YT 599 339
QSO: 28000 CW 2025-12-14 1004 R1QE 599 163 E70A 599 037
QSO: 28000 CW 2025-12-14 1009 R1QE 599 164 F6GCP 599 560
QSO: 28000 CW 2025-12-14 1010 R1QE 599 165 S51DI 599 447
QSO: 28000 CW 2025-12-14 1011 R1QE 599 166 PA3AAV 599 686
QSO: 28000 CW 2025-12-14 1013 R1QE 599 167 DL8WN 599 181
QSO: 28000 CW 2025-12-14 1015 R1QE 599 168 G4DYC 599 006
QSO: 28000 CW 2025-12-14 1016 R1QE 599 169 HA1TNX 599 212
QSO: 28000 CW 2025-12-14 1019 R1QE 599 170 4U2DED 599 195
QSO: 28000 CW 2025-12-14 1019 R1QE 599 171 DF4TS 599 035
QSO: 28000 CW 2025-12-14 1020 R1QE 599 172 HA8CQ 599 132
QSO: 28000 CW 2025-12-14 1021 R1QE 599 173 HA6IAM 599 188
QSO: 28000 CW 2025-12-14 1022 R1QE 599 174 ON4CLF 599 014
QSO: 28000 CW 2025-12-14 1022 R1QE 599 175 9A9C 599 025
QSO: 28000 CW 2025-12-14 1023 R1QE 599 176 PA3GPX 599 032
QSO: 28000 CW 2025-12-14 1023 R1QE 599 177 S51SL 599 095
QSO: 28000 CW 2025-12-14 1127 R1QE 599 178 MM2T 599 015
QSO: 28000 CW 2025-12-14 1134 R1QE 599 179 G4PIQ 599 206
QSO: 28000 CW 2025-12-14 1137 R1QE 599 180 F6PTT 599 990
QSO: 28000 CW 2025-12-14 1140 R1QE 599 181 M2A 599 620
QSO: 28000 CW 2025-12-14 1141 R1QE 599 182 9A2EY 599 195
QSO: 28000 CW 2025-12-14 1142 R1QE 599 183 M7R 599 224
QSO: 28000 CW 2025-12-14 1143 R1QE 599 184 DL1NKB 599 143
QSO: 28000 CW 2025-12-14 1148 R1QE 599 185 MM1E 599 210
QSO: 28000 CW 2025-12-14 1153 R1QE 599 186 9A6A 599 533
QSO: 28000 CW 2025-12-14 1154 R1QE 599 187 DL5IAH 599 114
QSO: 28000 CW 2025-12-14 1156 R1QE 599 188 MM2N 599 1099
QSO: 28000 CW 2025-12-14 1200 R1QE 599 189 S50R 599 311
QSO: 28000 CW 2025-12-14 1202 R1QE 599 190 CR3DX 599 941
QSO: 28000 CW 2025-12-14 1204 R1QE 599 191 ZA1RR 599 148
QSO: 28000 CW 2025-12-14 1208 R1QE 599 192 TM1X 599 708
QSO: 28000 CW 2025-12-14 1209 R1QE 599 193 S51DX 599 023
QSO: 28000 CW 2025-12-14 1218 R1QE 599 194 PC3M 599 031
QSO: 28000 CW 2025-12-14 1222 R1QE 599 195 S51TA 599 543
QSO: 28000 CW 2025-12-14 1225 R1QE 599 196 Z33B 599 235
QSO: 28000 CW 2025-12-14 1229 R1QE 599 197 PA7RA 599 056
QSO: 28000 CW 2025-12-14 1232 R1QE 599 198 IK2YCW 599 705
QSO: 28000 CW 2025-12-14 1236 R1QE 599 199 TA3NE 599 069
QSO: 28000 CW 2025-12-14 1247 R1QE 599 200 IZ4JMA 599 195
END-OF-LOG: