START-OF-LOG: 3.0
CONTEST: ARRL-10
CALLSIGN: UR4QFP
LOCATION: DX
CATEGORY-OPERATOR: SINGLE-OP
CATEGORY-ASSISTED: ASSISTED
CATEGORY-POWER: LOW
CATEGORY-BAND: 10M
CATEGORY-MODE: MIXED
CATEGORY-TRANSMITTER: ONE
CATEGORY-STATION: FIXED
OPERATORS: UR4QFP
CLUB: UKRAINIAN CONTEST CLUB
CREATED-BY: N1MM LOGGER+ 1.0.11031.0
HQ-CATEGORY: Single Operator Unlimited, Mixed Mode, Low Power
HQ-GRID-LOCATOR: KN77NU
QSO: 28368 PH 2025-12-13 1035 UR4QFP 59 1 G6MC 59 127
QSO: 28397 PH 2025-12-13 1036 UR4QFP 59 2 EA6URP 59 205
QSO: 28417 PH 2025-12-13 1037 UR4QFP 59 3 IS0GQX 59 19
QSO: 28437 PH 2025-12-13 1038 UR4QFP 59 4 TM1C 59 333
QSO: 28443 PH 2025-12-13 1039 UR4QFP 59 5 M6N 59 47
QSO: 28450 PH 2025-12-13 1040 UR4QFP 59 6 UN8LWW 59 224
QSO: 28473 PH 2025-12-13 1042 UR4QFP 59 7 TM7J 59 182
QSO: 28491 PH 2025-12-13 1046 UR4QFP 59 8 CQ9A 59 428
QSO: 28509 PH 2025-12-13 1047 UR4QFP 59 9 OT2A 59 197
QSO: 28514 PH 2025-12-13 1053 UR4QFP 59 10 F6PTT 59 206
QSO: 28516 PH 2025-12-13 1054 UR4QFP 59 11 F5MNC 59 67
QSO: 28517 PH 2025-12-13 1057 UR4QFP 59 12 OR1X 59 153
QSO: 28546 PH 2025-12-13 1100 UR4QFP 59 13 MM2N 59 218
QSO: 28560 PH 2025-12-13 1101 UR4QFP 59 14 F4GDO 59 32
QSO: 28562 PH 2025-12-13 1102 UR4QFP 59 15 GM5G 59 142
QSO: 28588 PH 2025-12-13 1103 UR4QFP 59 16 PI4CC 59 119
QSO: 28642 PH 2025-12-13 1105 UR4QFP 59 17 EA3CI 59 139
QSO: 28002 CW 2025-12-13 1120 UR4QFP 599 18 EA5EL 599 247
QSO: 28008 CW 2025-12-13 1129 UR4QFP 599 19 EA1X 599 203
QSO: 28012 CW 2025-12-13 1133 UR4QFP 599 20 II4M 599 189
QSO: 28042 CW 2025-12-13 1146 UR4QFP 599 21 DA1DX 599 224
QSO: 28047 CW 2025-12-13 1152 UR4QFP 599 22 M0DHO 599 305
QSO: 28050 CW 2025-12-13 1156 UR4QFP 599 23 M6T 599 311
QSO: 28046 CW 2025-12-13 1158 UR4QFP 599 24 EA5KM 599 331
QSO: 28056 CW 2025-12-13 1205 UR4QFP 599 25 GM5X 599 284
QSO: 28059 CW 2025-12-13 1208 UR4QFP 599 26 MW2I 599 136
QSO: 28062 CW 2025-12-13 1213 UR4QFP 599 27 DL1QW 599 102
QSO: 28038 CW 2025-12-13 1219 UR4QFP 599 28 EI7M 599 349
QSO: 28013 CW 2025-12-13 1235 UR4QFP 599 29 IT9KCD 599 21
QSO: 28011 CW 2025-12-13 1242 UR4QFP 599 30 HB2T 599 221
QSO: 28010 CW 2025-12-13 1301 UR4QFP 599 31 EF5Y 599 727
QSO: 28465 PH 2025-12-13 1304 UR4QFP 59 32 A61QQ 59 358
QSO: 28476 PH 2025-12-13 1307 UR4QFP 59 33 E2A 59 834
QSO: 28333 PH 2025-12-13 1410 UR4QFP 59 34 F4GTD 59 167
QSO: 28436 PH 2025-12-13 1414 UR4QFP 59 35 EI7M 59 630
QSO: 28496 PH 2025-12-13 1417 UR4QFP 59 36 F2GL 59 022
QSO: 28462 PH 2025-12-13 1423 UR4QFP 59 37 ON4TO 59 35
QSO: 28018 CW 2025-12-13 1431 UR4QFP 599 38 EC5K 599 449
QSO: 28001 CW 2025-12-13 1450 UR4QFP 599 39 LZ9W 599 787
QSO: 28066 CW 2025-12-13 1510 UR4QFP 599 40 EA5DF 599 58
QSO: 28042 CW 2025-12-13 1523 UR4QFP 599 41 EA5O 599 419
QSO: 28034 CW 2025-12-14 0546 UR4QFP 599 42 5Z4VJ 599 889
QSO: 28027 CW 2025-12-14 0556 UR4QFP 599 43 JJ0VNR 599 222
QSO: 28004 CW 2025-12-14 0610 UR4QFP 599 44 UP4L 599 880
QSO: 28045 CW 2025-12-14 0615 UR4QFP 599 45 UP7L 599 431
QSO: 28023 CW 2025-12-14 0623 UR4QFP 599 46 BG0DLA 599 818
QSO: 28394 PH 2025-12-14 0641 UR4QFP 59 47 JJ0PKS 59 456
QSO: 28480 PH 2025-12-14 0645 UR4QFP 59 48 JA3YBK 59 1236
QSO: 28475 PH 2025-12-14 0716 UR4QFP 59 49 BY1RX 59 564
QSO: 28457 PH 2025-12-14 0722 UR4QFP 59 50 9K2ES 59 163
QSO: 28460 PH 2025-12-14 0724 UR4QFP 59 51 4X5IC 59 465
QSO: 28511 PH 2025-12-14 0735 UR4QFP 59 52 ED5E 59 653
QSO: 28426 PH 2025-12-14 0736 UR4QFP 59 53 II9P 59 733
QSO: 28445 PH 2025-12-14 0738 UR4QFP 59 54 4X1MM 59 1124
QSO: 28447 PH 2025-12-14 0740 UR4QFP 59 55 IP9A 59 860
QSO: 28432 PH 2025-12-14 0752 UR4QFP 59 56 UP0L 59 1241
QSO: 28512 PH 2025-12-14 0755 UR4QFP 59 57 EX0CQ 59 226
QSO: 28466 PH 2025-12-14 0757 UR4QFP 59 58 ED5I 59 668
QSO: 28440 PH 2025-12-14 0803 UR4QFP 59 59 TM7D 59 411
QSO: 28342 PH 2025-12-14 0813 UR4QFP 59 60 HB2Y 59 954
QSO: 28357 PH 2025-12-14 0814 UR4QFP 59 61 F4EQN 59 296
QSO: 28336 PH 2025-12-14 0817 UR4QFP 59 62 EA6MR 59 488
QSO: 28560 PH 2025-12-14 0825 UR4QFP 59 63 UP7L 59 543
QSO: 28487 PH 2025-12-14 0828 UR4QFP 59 64 F8KFZ/P 59 572
QSO: 28442 PH 2025-12-14 0844 UR4QFP 59 65 V55Y 59 1340
QSO: 28440 PH 2025-12-14 0846 UR4QFP 59 66 EA4EUI 59 50
QSO: 28374 PH 2025-12-14 0849 UR4QFP 59 67 IS0BSR 59 133
QSO: 28008 CW 2025-12-14 0858 UR4QFP 599 68 MM0T 599 710
QSO: 28013 CW 2025-12-14 0904 UR4QFP 599 69 DJ9KH 599 126
QSO: 28021 CW 2025-12-14 0909 UR4QFP 599 70 DP7D 599 650
QSO: 28002 CW 2025-12-14 0921 UR4QFP 599 71 TM8O 599 1290
QSO: 28027 CW 2025-12-14 0924 UR4QFP 599 72 F8DFP 599 194
QSO: 28029 CW 2025-12-14 0928 UR4QFP 599 73 G4BJM 599 913
QSO: 28035 CW 2025-12-14 0932 UR4QFP 599 74 F8KGW 599 330
QSO: 28049 CW 2025-12-14 0940 UR4QFP 599 75 EF5Q 599 350
QSO: 28051 CW 2025-12-14 0945 UR4QFP 599 76 IK3UNA 599 586
QSO: 28065 CW 2025-12-14 0949 UR4QFP 599 77 SM3EAE 599 114
QSO: 28338 PH 2025-12-14 0954 UR4QFP 59 78 PI4DX 59 1165
QSO: 28349 PH 2025-12-14 0956 UR4QFP 59 79 IQ2ZY 59 296
QSO: 28359 PH 2025-12-14 0957 UR4QFP 59 80 EA3AR 59 519
QSO: 28375 PH 2025-12-14 0959 UR4QFP 59 81 OT6M 59 815
QSO: 28388 PH 2025-12-14 1001 UR4QFP 59 82 HB9HLM 59 492
QSO: 28397 PH 2025-12-14 1001 UR4QFP 59 83 HB9TIH 59 136
QSO: 28455 PH 2025-12-14 1003 UR4QFP 59 84 II2S 59 1440
QSO: 28458 PH 2025-12-14 1003 UR4QFP 59 85 DL8TV 59 114
END-OF-LOG: