START-OF-LOG: 3.0
CREATED-BY: HMRA public OK1WC downloader
CONTEST: OK1WC-MEMORIAL
CALLSIGN: SP3CW
OPERATORS: SP3CW
CATEGORY: SO-80M-CW-LOW
CATEGORY-OPERATOR: SINGLE-OP
CATEGORY-BAND: 80M
CATEGORY-MODE: CW
CATEGORY-POWER: LOW
SOAPBOX: Recreated from OK1WC Memorial reference table MWC250623.
SOAPBOX: Source publication level: 4.
SOAPBOX: Source: https://memorial-ok1wc.cz/index.php?page=eval3/a_eval3&kolo=669&rocnik=17&tyden=25&jobdate=250623&pub_level=4
QSO:  3500 CW 2025-06-23 1631 SP3CW         599 1          OK5RM         599 1         
QSO:  3500 CW 2025-06-23 1633 SP3CW         599 2          OK1AY         599 3         
QSO:  3500 CW 2025-06-23 1636 SP3CW         599 3          OK1USP        599 3         
QSO:  3500 CW 2025-06-23 1640 SP3CW         599 4          OK2BFN        599 23        
QSO:  3500 CW 2025-06-23 1701 SP3CW         599 5          DL8QS         599 58        
QSO:  3500 CW 2025-06-23 1701 SP3CW         599 6          SM6M          599 40        
QSO:  3500 CW 2025-06-23 1702 SP3CW         599 7          OK7NV         599 7         
QSO:  3500 CW 2025-06-23 1705 SP3CW         599 8          DJ1OJ         599 49        
QSO:  3500 CW 2025-06-23 1705 SP3CW         599 9          DL1BUG        599 69        
QSO:  3500 CW 2025-06-23 1706 SP3CW         599 10         OL8R          599 110       
QSO:  3500 CW 2025-06-23 1706 SP3CW         599 11         OK2EA         599 54        
QSO:  3500 CW 2025-06-23 1707 SP3CW         599 12         DM6EE         599 12        
QSO:  3500 CW 2025-06-23 1709 SP3CW         599 13         DR3W          599 68        
QSO:  3500 CW 2025-06-23 1712 SP3CW         599 14         OK1FMX        599 40        
QSO:  3500 CW 2025-06-23 1713 SP3CW         599 15         OM5B          599 99        
QSO:  3500 CW 2025-06-23 1715 SP3CW         599 16         OK2IW         599 57        
QSO:  3500 CW 2025-06-23 1716 SP3CW         599 17         OK2NAJ        599 68        
QSO:  3500 CW 2025-06-23 1718 SP3CW         599 18         OL730PLZ      599 78        
QSO:  3500 CW 2025-06-23 1719 SP3CW         599 19         OM3ZU         599 59        
QSO:  3500 CW 2025-06-23 1719 SP3CW         599 20         OM5JA         599 56        
QSO:  3500 CW 2025-06-23 1721 SP3CW         599 21         OK1DSZ        599 69        
QSO:  3500 CW 2025-06-23 1721 SP3CW         599 22         DL4ME         599 83        
QSO:  3500 CW 2025-06-23 1723 SP3CW         599 23         DJ9MH         599 82        
QSO:  3500 CW 2025-06-23 1724 SP3CW         599 24         OK2PYA        599 87        
QSO:  3500 CW 2025-06-23 1725 SP3CW         599 25         SP2XX         599 91        
QSO:  3500 CW 2025-06-23 1726 SP3CW         599 26         DF7YE         599 90        
QSO:  3500 CW 2025-06-23 1727 SP3CW         599 27         OK1FKD        599 43        
QSO:  3500 CW 2025-06-23 1727 SP3CW         599 28         SN1T          599 117       
QSO:  3500 CW 2025-06-23 1728 SP3CW         599 29         DA0BCC        599 85        
END-OF-LOG:
