START-OF-LOG: 3.0
CONTEST: ARRL-SS-CW
CALLSIGN: W5RES
LOCATION: NM
CATEGORY-OPERATOR: SINGLE-OP
CATEGORY-ASSISTED: NON-ASSISTED
CATEGORY-POWER: LOW
CATEGORY-BAND: ALL
CATEGORY-MODE: CW
CATEGORY-TRANSMITTER: ONE
CATEGORY-STATION: FIXED
CATEGORY-OVERLAY: LIMITED
OPERATORS: W5RES
CREATED-BY: N1MM LOGGER+ 1.0.11003.0
HQ-CATEGORY: Single Operator, Low Power
HQ-GRID-LOCATOR: DM65SB
QSO: 14042 CW 2025-11-01 2105 W5RES 0001 A 61 NM N0YY 0002 U 67 VA
QSO: 14021 CW 2025-11-01 2120 W5RES 0002 A 61 NM K5DB 0030 U 69 AR
QSO: 14023 CW 2025-11-01 2122 W5RES 0003 A 61 NM W0PI 0024 U 58 MN
QSO: 14024 CW 2025-11-01 2125 W5RES 0004 A 61 NM N5EE 0033 A 71 AR
QSO: 14026 CW 2025-11-01 2130 W5RES 0005 A 61 NM K6MMM 0045 U 11 SCV
QSO: 14026 CW 2025-11-01 2134 W5RES 0006 A 61 NM AB0S 0040 U 69 NE
QSO: 14029 CW 2025-11-01 2143 W5RES 0007 A 61 NM AE0HQ 0034 U 24 KS
QSO: 14030 CW 2025-11-01 2149 W5RES 0008 A 61 NM K0IDX 0050 B 68 ND
QSO: 14031 CW 2025-11-01 2157 W5RES 0009 A 61 NM K1RM 0047 B 58 CT
QSO: 14035 CW 2025-11-01 2200 W5RES 0010 A 61 NM W1SJ 0092 U 69 VT
QSO: 14037 CW 2025-11-01 2209 W5RES 0011 A 61 NM N5RZ 0094 B 69 STX
QSO: 14040 CW 2025-11-01 2221 W5RES 0012 A 61 NM WW2Y 0127 M 76 NNY
QSO: 14041 CW 2025-11-01 2223 W5RES 0013 A 61 NM WR3Z 0100 U 77 MDC
QSO: 14045 CW 2025-11-01 2233 W5RES 0014 A 61 NM W6OAT 0093 U 58 WWA
QSO: 14048 CW 2025-11-01 2236 W5RES 0015 A 61 NM KE4KY 0125 B 75 KY
QSO: 14049 CW 2025-11-01 2241 W5RES 0016 A 61 NM N4AF 0142 B 58 NC
QSO: 14053 CW 2025-11-01 2247 W5RES 0017 A 61 NM AA3B 0175 B 70 EPA
QSO: 14054 CW 2025-11-01 2252 W5RES 0018 A 61 NM NU0Q 0093 U 70 IA
QSO: 21031 CW 2025-11-01 2259 W5RES 0019 A 61 NM N6CHU 0110 A 57 WWA
QSO: 21033 CW 2025-11-01 2305 W5RES 0020 A 61 NM N4BP 0194 U 55 SFL
QSO: 21035 CW 2025-11-01 2316 W5RES 0021 A 61 NM K6JS 0140 U 74 SF
QSO: 21043 CW 2025-11-01 2325 W5RES 0022 A 61 NM WX5S 0166 U 69 SCV
QSO: 21043 CW 2025-11-02 0029 W5RES 0023 A 61 NM VE6RST 0261 U 79 AB
QSO: 21038 CW 2025-11-02 0033 W5RES 0024 A 61 NM AJ6V 0240 B 59 SCV
QSO: 21036 CW 2025-11-02 0043 W5RES 0025 A 61 NM VE7IO 0018 B 75 BC
QSO: 14028 CW 2025-11-02 0055 W5RES 0026 A 61 NM K7NEW 0206 A 64 WWA
QSO: 14030 CW 2025-11-02 0058 W5RES 0027 A 61 NM N7AUE 0038 A 75 NV
QSO: 07016 CW 2025-11-02 0109 W5RES 0028 A 61 NM NC3Y 0192 U 66 MDC
QSO: 14011 CW 2025-11-02 1457 W5RES 0029 A 61 NM W5NE 0480 U 55 NTX
QSO: 14019 CW 2025-11-02 1506 W5RES 0030 A 61 NM N9EP 0423 U 71 IL
QSO: 14017 CW 2025-11-02 1510 W5RES 0031 A 61 NM K4OV 0606 U 78 NC
QSO: 21040 CW 2025-11-02 1526 W5RES 0032 A 61 NM K5MV 0194 U 61 STX
QSO: 21051 CW 2025-11-02 1532 W5RES 0033 A 61 NM W2CS 0315 U 60 EMA
QSO: 21054 CW 2025-11-02 1534 W5RES 0034 A 61 NM K6KM 0428 U 19 EB
QSO: 21027 CW 2025-11-02 1541 W5RES 0035 A 61 NM K5GN 0894 B 82 STX
QSO: 21029 CW 2025-11-02 1552 W5RES 0036 A 61 NM K3WT 0159 B 62 NFL
QSO: 21035 CW 2025-11-02 1555 W5RES 0037 A 61 NM VA7DZ 0296 M 54 BC
QSO: 21037 CW 2025-11-02 1601 W5RES 0038 A 61 NM K8LF 0206 U 76 VA
QSO: 28032 CW 2025-11-02 1608 W5RES 0039 A 61 NM W7FJ 0337 U 58 EWA
QSO: 21043 CW 2025-11-02 1616 W5RES 0040 A 61 NM KR2Q 0561 B 66 NNJ
QSO: 21041 CW 2025-11-02 1619 W5RES 0041 A 61 NM K0LUZ 0618 U 57 NFL
QSO: 14012 CW 2025-11-02 1643 W5RES 0042 A 61 NM W2RQ 0766 B 65 NNJ
QSO: 14014 CW 2025-11-02 1648 W5RES 0043 A 61 NM NA0N 0721 A 91 MN
QSO: 14015 CW 2025-11-02 1653 W5RES 0044 A 61 NM AJ9C 0191 A 74 IN
QSO: 14017 CW 2025-11-02 1701 W5RES 0045 A 61 NM K4BAI 0707 B 54 GA
QSO: 14025 CW 2025-11-02 1715 W5RES 0046 A 61 NM VE3BR 0245 B 75 GH
QSO: 14034 CW 2025-11-02 1718 W5RES 0047 A 61 NM N4ZZ 0821 U 57 TN
QSO: 14039 CW 2025-11-02 1725 W5RES 0048 A 61 NM N0RC 0468 U 00 KS
QSO: 14040 CW 2025-11-02 1727 W5RES 0049 A 61 NM W7SW 0077 U 68 AZ
QSO: 21021 CW 2025-11-02 1737 W5RES 0050 A 61 NM N1DC 0355 A 68 EMA
QSO: 21034 CW 2025-11-02 1749 W5RES 0051 A 61 NM NN4N 0576 M 55 SFL
QSO: 21034 CW 2025-11-02 1754 W5RES 0052 A 61 NM AH2O 0353 B 78 NLI
QSO: 21037 CW 2025-11-02 1759 W5RES 0053 A 61 NM N7EPD 0505 B 78 WWA
QSO: 21042 CW 2025-11-02 1803 W5RES 0054 A 61 NM W4RM 0717 M 76 NC
QSO: 21042 CW 2025-11-02 1806 W5RES 0055 A 61 NM KV3T 0611 M 15 IL
QSO: 21043 CW 2025-11-02 1809 W5RES 0056 A 61 NM NG7A 0386 B 81 IA
QSO: 21047 CW 2025-11-02 1816 W5RES 0057 A 61 NM KJ9C 0059 U 62 IN
QSO: 21056 CW 2025-11-02 1818 W5RES 0058 A 61 NM W4NF 0772 U 75 VA
QSO: 21019 CW 2025-11-02 2132 W5RES 0059 A 61 NM K0EA 0255 A 63 MN
QSO: 21026 CW 2025-11-02 2139 W5RES 0060 A 61 NM W7RM 1026 B 67 OR
QSO: 21035 CW 2025-11-02 2148 W5RES 0061 A 61 NM N6RK 0620 B 65 SV
QSO: 21049 CW 2025-11-02 2201 W5RES 0062 A 61 NM KC6ZTT 0109 A 98 SCV
QSO: 14043 CW 2025-11-02 2209 W5RES 0063 A 61 NM WF4W 0508 B 89 GA
QSO: 14039 CW 2025-11-02 2217 W5RES 0064 A 61 NM VA7RR 0901 B 73 BC
QSO: 14037 CW 2025-11-03 0020 W5RES 0065 A 61 NM WB8YQJ 0292 A 76 SDG
QSO: 14024 CW 2025-11-03 0032 W5RES 0066 A 61 NM NA8V 0975 B 66 MI
QSO: 07037 CW 2025-11-03 0038 W5RES 0067 A 61 NM NS4X 0451 U 79 TN
QSO: 07035 CW 2025-11-03 0041 W5RES 0068 A 61 NM W9MS 0296 B 61 WI
QSO: 07029 CW 2025-11-03 0047 W5RES 0069 A 61 NM KV0I 0755 U 61 NE
QSO: 07055 CW 2025-11-03 0056 W5RES 0070 A 61 NM KI9A 0571 U 78 IL
QSO: 07052 CW 2025-11-03 0102 W5RES 0071 A 61 NM KE0A 0790 M 63 ND
QSO: 07052 CW 2025-11-03 0105 W5RES 0072 A 61 NM WD0T 0832 B 77 SD
QSO: 07039 CW 2025-11-03 0117 W5RES 0073 A 61 NM WA0I 0813 U 86 MO
QSO: 07037 CW 2025-11-03 0120 W5RES 0074 A 61 NM N9MSG 0302 A 91 IL
QSO: 14052 CW 2025-11-03 0130 W5RES 0075 A 61 NM WQ6X 0315 U 69 SDG
END-OF-LOG: