START-OF-LOG: 3.0
CONTEST: ARRL-SS-CW
CALLSIGN: WA8LRW
LOCATION: OH
CATEGORY-OPERATOR: SINGLE-OP
CATEGORY-ASSISTED: ASSISTED
CATEGORY-POWER: HIGH
CATEGORY-BAND: ALL
CATEGORY-MODE: CW
CATEGORY-TRANSMITTER: ONE
CATEGORY-STATION: FIXED
CATEGORY-OVERLAY: LIMITED
OPERATORS: WA8LRW
CLUB: Portage County Amateur Radio Service
CREATED-BY: N1MM LOGGER+ 1.0.11003.0
HQ-CATEGORY: Single Operator Unlimited, High Power
HQ-GRID-LOCATOR: EN91HE
QSO: 28007 CW 2025-11-01 2111 WA8LRW 0001 B 64 OH KP2M 0026 B 71 VI
QSO: 28014 CW 2025-11-01 2117 WA8LRW 0002 B 64 OH K7QA 0017 U 58 MT
QSO: 28016 CW 2025-11-01 2119 WA8LRW 0003 B 64 OH K0BH 0012 A 17 CO
QSO: 28024 CW 2025-11-01 2132 WA8LRW 0004 B 64 OH KH7X 0059 B 66 AZ
QSO: 28027 CW 2025-11-01 2134 WA8LRW 0005 B 64 OH WJ9B 0061 A 66 ID
QSO: 28030 CW 2025-11-01 2137 WA8LRW 0006 B 64 OH N9RV 0084 B 67 MT
QSO: 28036 CW 2025-11-01 2141 WA8LRW 0007 B 64 OH W8XAL 0046 B 05 CO
QSO: 28035 CW 2025-11-01 2142 WA8LRW 0008 B 64 OH K5TR 0089 B 77 STX
QSO: 28037 CW 2025-11-01 2144 WA8LRW 0009 B 64 OH NX6T 0069 M 00 ORG
QSO: 28039 CW 2025-11-01 2146 WA8LRW 0010 B 64 OH KY7M 0091 M 62 AZ
QSO: 28055 CW 2025-11-01 2150 WA8LRW 0011 B 64 OH N4VI 0070 B 68 CO
QSO: 28060 CW 2025-11-01 2151 WA8LRW 0012 B 64 OH N7IR 0046 Q 63 AZ
QSO: 21011 CW 2025-11-01 2157 WA8LRW 0013 B 64 OH K2PO 0046 A 71 OR
QSO: 21016 CW 2025-11-01 2159 WA8LRW 0014 B 64 OH W9RE 0094 B 77 IN
QSO: 21017 CW 2025-11-01 2201 WA8LRW 0015 B 64 OH K4FT 0015 A 86 SC
QSO: 21018 CW 2025-11-01 2203 WA8LRW 0016 B 64 OH WA7NB 0098 A 74 AZ
QSO: 21022 CW 2025-11-01 2246 WA8LRW 0017 B 64 OH K8IA 0178 M 57 AZ
QSO: 21022 CW 2025-11-01 2248 WA8LRW 0018 B 64 OH N6RO 0082 M 53 EB
QSO: 21023 CW 2025-11-01 2251 WA8LRW 0019 B 64 OH K1RM 0111 B 58 CT
QSO: 21025 CW 2025-11-01 2256 WA8LRW 0020 B 64 OH VE5MX 0237 U 90 SK
QSO: 21026 CW 2025-11-01 2259 WA8LRW 0021 B 64 OH K6AR 0191 B 62 SDG
QSO: 21027 CW 2025-11-01 2301 WA8LRW 0022 B 64 OH K5GN 0277 B 72 STX
QSO: 21028 CW 2025-11-01 2302 WA8LRW 0023 B 64 OH NP3A 0207 A 92 PR
QSO: 21028 CW 2025-11-01 2303 WA8LRW 0024 B 64 OH WX0B 0212 B 64 NTX
QSO: 21033 CW 2025-11-01 2327 WA8LRW 0025 B 64 OH N4BP 0218 U 55 SFL
QSO: 21034 CW 2025-11-01 2331 WA8LRW 0026 B 64 OH K6JS 0159 U 74 SF
QSO: 21036 CW 2025-11-01 2333 WA8LRW 0027 B 64 OH W7RM 0323 B 67 OR
QSO: 21037 CW 2025-11-01 2335 WA8LRW 0028 B 64 OH WB8YQJ 0042 A 76 SDG
QSO: 21038 CW 2025-11-01 2337 WA8LRW 0029 B 64 OH KI6RRN/KL7 0211 U 08 AK
QSO: 21038 CW 2025-11-01 2339 WA8LRW 0030 B 64 OH K3AJ 0091 U 67 MDC
QSO: 21039 CW 2025-11-01 2340 WA8LRW 0031 B 64 OH K0EU 0282 U 70 CO
QSO: 21040 CW 2025-11-01 2342 WA8LRW 0032 B 64 OH N7VM 0229 A 76 SDG
QSO: 21041 CW 2025-11-01 2344 WA8LRW 0033 B 64 OH W1RCR 0115 A 98 SFL
QSO: 21043 CW 2025-11-01 2347 WA8LRW 0034 B 64 OH K6LL 0261 U 59 AZ
QSO: 21046 CW 2025-11-01 2351 WA8LRW 0035 B 64 OH N5ZC 0227 U 79 WTX
QSO: 21046 CW 2025-11-01 2353 WA8LRW 0036 B 64 OH KH6TU 0260 U 62 PAC
QSO: 14013 CW 2025-11-02 0001 WA8LRW 0037 B 64 OH W0SD 0215 B 62 SD
QSO: 14017 CW 2025-11-02 0010 WA8LRW 0038 B 64 OH K6OK 0162 U 09 SV
QSO: 14019 CW 2025-11-02 0012 WA8LRW 0039 B 64 OH VE3NNT 0233 U 68 ONE
QSO: 14021 CW 2025-11-02 0015 WA8LRW 0040 B 64 OH AI5IN 0126 B 68 STX
QSO: 14024 CW 2025-11-02 0018 WA8LRW 0041 B 64 OH NS0R 0276 U 92 KS
QSO: 14026 CW 2025-11-02 0021 WA8LRW 0042 B 64 OH K7NE 0191 A 64 WWA
QSO: 14029 CW 2025-11-02 0028 WA8LRW 0043 B 64 OH K7VU 0119 U 66 WY
QSO: 14031 CW 2025-11-02 0034 WA8LRW 0044 B 64 OH WT3K 0140 U 07 MDC
QSO: 14033 CW 2025-11-02 0037 WA8LRW 0045 B 64 OH K5KU 0287 A 61 LA
QSO: 14035 CW 2025-11-02 0039 WA8LRW 0046 B 64 OH K0HC 0241 S 97 KS
QSO: 14037 CW 2025-11-02 0042 WA8LRW 0047 B 64 OH N5RZ 0299 B 69 STX
QSO: 14041 CW 2025-11-02 0045 WA8LRW 0048 B 64 OH VE7ZO 0340 U 67 BC
QSO: 14041 CW 2025-11-02 0048 WA8LRW 0049 B 64 OH K0FX 0174 A 55 CO
QSO: 14042 CW 2025-11-02 0049 WA8LRW 0050 B 64 OH N0NI 0293 B 77 IA
QSO: 07008 CW 2025-11-02 0100 WA8LRW 0051 B 64 OH N9EP 0198 U 71 IL
QSO: 07009 CW 2025-11-02 0101 WA8LRW 0052 B 64 OH N4TY 0170 Q 72 KY
QSO: 07010 CW 2025-11-02 0102 WA8LRW 0053 B 64 OH N4OO 0189 A 76 GA
QSO: 07010 CW 2025-11-02 0103 WA8LRW 0054 B 64 OH KR2Q 0219 B 66 NNJ
QSO: 07011 CW 2025-11-02 0105 WA8LRW 0055 B 64 OH K9CT 0335 U 57 IL
QSO: 07011 CW 2025-11-02 0108 WA8LRW 0056 B 64 OH N5EE 0251 A 71 AR
QSO: 07012 CW 2025-11-02 0108 WA8LRW 0057 B 64 OH W2CS 0044 U 50 EMA
QSO: 07012 CW 2025-11-02 0109 WA8LRW 0058 B 64 OH K1XM 0267 A 71 EMA
QSO: 07013 CW 2025-11-02 0112 WA8LRW 0059 B 64 OH W2MKM 0190 U 77 NNJ
QSO: 07031 CW 2025-11-02 1839 WA8LRW 0060 B 64 OH VE3NE 0014 B 81 ONS
QSO: 28034 CW 2025-11-02 1848 WA8LRW 0061 B 64 OH NN4N 0068 B 55 SFL
QSO: 21016 CW 2025-11-02 1851 WA8LRW 0062 B 64 OH NE5A 0171 A 81 OK
QSO: 21018 CW 2025-11-02 1853 WA8LRW 0063 B 64 OH N4AO 0684 U 84 WCF
QSO: 21018 CW 2025-11-02 1854 WA8LRW 0064 B 64 OH N1TO 0684 B 63 SFL
QSO: 21021 CW 2025-11-02 1858 WA8LRW 0065 B 64 OH W4CB 0403 B 13 VA
QSO: 21024 CW 2025-11-02 1900 WA8LRW 0066 B 64 OH KX2P 0212 A 60 CO
QSO: 21028 CW 2025-11-02 1904 WA8LRW 0067 B 64 OH KH6ZB 0588 U 77 PAC
QSO: 21029 CW 2025-11-02 1906 WA8LRW 0068 B 64 OH K3WT 0261 B 62 NFL
QSO: 21030 CW 2025-11-02 1908 WA8LRW 0069 B 64 OH K7NEW 0364 A 64 WWA
QSO: 21032 CW 2025-11-02 1911 WA8LRW 0070 B 64 OH K5DB 0492 U 69 AR
QSO: 21034 CW 2025-11-02 1913 WA8LRW 0071 B 64 OH W6SX 0497 U 56 SV
QSO: 21037 CW 2025-11-02 1915 WA8LRW 0072 B 64 OH N6RK 0507 B 65 SV
QSO: 21037 CW 2025-11-02 1916 WA8LRW 0073 B 64 OH NU6N 0475 A 17 SV
QSO: 21038 CW 2025-11-02 1917 WA8LRW 0074 B 64 OH W6PH 0783 B 55 OR
QSO: 21038 CW 2025-11-02 1918 WA8LRW 0075 B 64 OH WD0T 0585 B 77 SD
QSO: 21039 CW 2025-11-02 1919 WA8LRW 0076 B 64 OH W7VJ 0432 U 70 WWA
QSO: 21039 CW 2025-11-02 1920 WA8LRW 0077 B 64 OH N7XU 0629 A 60 OR
QSO: 21045 CW 2025-11-02 1925 WA8LRW 0078 B 64 OH W6OAT 0511 U 58 WWA
QSO: 21050 CW 2025-11-02 1928 WA8LRW 0079 B 64 OH NF4A 0496 U 62 NFL
QSO: 21050 CW 2025-11-02 1930 WA8LRW 0080 B 64 OH N5ILQ 0071 B 80 OK
QSO: 21051 CW 2025-11-02 1931 WA8LRW 0081 B 64 OH W8TK 0687 M 59 AZ
QSO: 21054 CW 2025-11-02 1933 WA8LRW 0082 B 64 OH K4QPL 0372 B 57 NC
QSO: 21055 CW 2025-11-02 1934 WA8LRW 0083 B 64 OH N6AR 0506 U 59 NFL
QSO: 21056 CW 2025-11-02 1935 WA8LRW 0084 B 64 OH AB7R 0224 B 76 ID
QSO: 21058 CW 2025-11-02 1937 WA8LRW 0085 B 64 OH AA6PW 0158 U 89 ORG
QSO: 21062 CW 2025-11-02 1941 WA8LRW 0086 B 64 OH VE7NZ 0507 B 82 BC
QSO: 21069 CW 2025-11-02 1943 WA8LRW 0087 B 64 OH WA5BDU 0276 A 62 AR
QSO: 14006 CW 2025-11-02 2131 WA8LRW 0088 B 64 OH K7MM 0012 B 88 WWA
QSO: 14010 CW 2025-11-02 2133 WA8LRW 0089 B 64 OH AE0HQ 0378 U 24 KS
QSO: 14011 CW 2025-11-02 2135 WA8LRW 0090 B 64 OH W0PI 0588 U 58 MN
QSO: 14012 CW 2025-11-02 2137 WA8LRW 0091 B 64 OH VY2TT 1117 B 02 PE
QSO: 14012 CW 2025-11-02 2138 WA8LRW 0092 B 64 OH KI1G 0946 U 76 RI
QSO: 14013 CW 2025-11-02 2139 WA8LRW 0093 B 64 OH W9SN 0845 A 79 TN
QSO: 14015 CW 2025-11-02 2141 WA8LRW 0094 B 64 OH K2AV 0679 U 58 NC
QSO: 14017 CW 2025-11-02 2142 WA8LRW 0095 B 64 OH N1QD 0503 U 02 EMA
QSO: 14018 CW 2025-11-02 2143 WA8LRW 0096 B 64 OH WW4XX 0801 A 83 GA
QSO: 14021 CW 2025-11-02 2146 WA8LRW 0097 B 64 OH NA4J 0553 U 91 NC
QSO: 14022 CW 2025-11-02 2149 WA8LRW 0098 B 64 OH N8PE 0088 A 82 ME
QSO: 14023 CW 2025-11-02 2151 WA8LRW 0099 B 64 OH VE2ZQ 0315 A 93 QC
QSO: 14023 CW 2025-11-02 2152 WA8LRW 0100 B 64 OH K0TI 0489 A 71 MN
QSO: 14024 CW 2025-11-02 2154 WA8LRW 0101 B 64 OH W2RQ 0011 B 65 NNJ
QSO: 14025 CW 2025-11-02 2155 WA8LRW 0102 B 64 OH N5TJ 0536 U 78 STX
QSO: 14026 CW 2025-11-02 2158 WA8LRW 0103 B 64 OH N4AF 0863 B 58 NC
QSO: 14027 CW 2025-11-02 2159 WA8LRW 0104 B 64 OH W1FM 0472 M 61 EMA
QSO: 14028 CW 2025-11-02 2201 WA8LRW 0105 B 64 OH W8WTS 0726 A 75 OH
QSO: 14031 CW 2025-11-02 2206 WA8LRW 0106 B 64 OH K1TR 0806 U 71 NH
QSO: 14031 CW 2025-11-02 2208 WA8LRW 0107 B 64 OH KD7MT 0252 U 70 MT
QSO: 14031 CW 2025-11-02 2210 WA8LRW 0108 B 64 OH WA0MHJ 0264 A 68 MN
QSO: 14034 CW 2025-11-02 2212 WA8LRW 0109 B 64 OH W1SJ 0948 U 69 VT
QSO: 14036 CW 2025-11-02 2214 WA8LRW 0110 B 64 OH K6MM 0395 U 50 SCV
QSO: 14037 CW 2025-11-02 2216 WA8LRW 0111 B 64 OH AD4EB 0457 U 72 TN
QSO: 14038 CW 2025-11-02 2217 WA8LRW 0112 B 64 OH K4NMR 0510 B 09 WCF
QSO: 14039 CW 2025-11-02 2218 WA8LRW 0113 B 64 OH VA7RR 0903 B 73 BC
QSO: 14042 CW 2025-11-02 2220 WA8LRW 0114 B 64 OH N6TV 0313 B 72 SCV
QSO: 14043 CW 2025-11-02 2222 WA8LRW 0115 B 64 OH K8PO 0034 U 70 AL
QSO: 14044 CW 2025-11-02 2223 WA8LRW 0116 B 64 OH N3CW 0629 U 66 VA
QSO: 14044 CW 2025-11-02 2225 WA8LRW 0117 B 64 OH W0UC 0354 A 68 MN
QSO: 14046 CW 2025-11-02 2228 WA8LRW 0118 B 64 OH VA7ST 0562 B 82 BC
QSO: 14047 CW 2025-11-02 2230 WA8LRW 0119 B 64 OH N0AC 0077 Q 78 IA
QSO: 14051 CW 2025-11-02 2234 WA8LRW 0120 B 64 OH K0MF 0517 U 65 CO
QSO: 14052 CW 2025-11-02 2236 WA8LRW 0121 B 64 OH N3CKI 0294 A 81 NC
QSO: 14052 CW 2025-11-02 2237 WA8LRW 0122 B 64 OH N4OGW 1010 B 86 MS
QSO: 14053 CW 2025-11-02 2238 WA8LRW 0123 B 64 OH KT4XA 0775 M 21 AL
QSO: 14056 CW 2025-11-02 2242 WA8LRW 0124 B 64 OH K6NR 0560 U 69 OR
QSO: 14059 CW 2025-11-02 2244 WA8LRW 0125 B 64 OH W2UP 0146 A 69 CO
QSO: 14060 CW 2025-11-02 2246 WA8LRW 0126 B 64 OH K1LT 0777 U 69 OH
QSO: 14063 CW 2025-11-02 2251 WA8LRW 0127 B 64 OH VE4XT 0472 U 82 MB
QSO: 14069 CW 2025-11-02 2254 WA8LRW 0128 B 64 OH W0PR 0400 A 80 MN
QSO: 07019 CW 2025-11-02 2257 WA8LRW 0129 B 64 OH WK2G 0568 B 81 EPA
QSO: 07026 CW 2025-11-02 2328 WA8LRW 0130 B 64 OH K3PI 0586 A 71 NC
QSO: 07028 CW 2025-11-02 2334 WA8LRW 0131 B 64 OH KV0I 0102 U 61 NE
QSO: 07028 CW 2025-11-02 2335 WA8LRW 0132 B 64 OH K0TG 0516 U 73 MN
QSO: 07029 CW 2025-11-02 2336 WA8LRW 0133 B 64 OH WY3A 0429 U 66 EPA
QSO: 07029 CW 2025-11-02 2338 WA8LRW 0134 B 64 OH N2DVQ 0136 U 82 ENY
QSO: 07030 CW 2025-11-02 2340 WA8LRW 0135 B 64 OH K5ZD 1027 B 73 OH
QSO: 07030 CW 2025-11-02 2341 WA8LRW 0136 B 64 OH K8TW 0634 M 69 KY
QSO: 07031 CW 2025-11-02 2343 WA8LRW 0137 B 64 OH N2YO 0866 U 91 VA
QSO: 07031 CW 2025-11-02 2344 WA8LRW 0138 B 64 OH K1RF 0364 A 63 CT
QSO: 07031 CW 2025-11-02 2345 WA8LRW 0139 B 64 OH K1VUT 0728 A 62 EMA
QSO: 07032 CW 2025-11-02 2347 WA8LRW 0140 B 64 OH KR0P 0783 M 76 NE
QSO: 07033 CW 2025-11-02 2348 WA8LRW 0141 B 64 OH N3RS 0440 A 53 EPA
QSO: 07034 CW 2025-11-02 2351 WA8LRW 0142 B 64 OH N1DC 0526 A 68 EMA
QSO: 07035 CW 2025-11-02 2352 WA8LRW 0143 B 64 OH K3JT 0679 A 67 WV
QSO: 07035 CW 2025-11-02 2352 WA8LRW 0144 B 64 OH WA1Z 0265 U 85 NH
QSO: 07037 CW 2025-11-02 2357 WA8LRW 0145 B 64 OH WB0GKH 0297 A 72 WI
QSO: 07037 CW 2025-11-02 2358 WA8LRW 0146 B 64 OH AB0S 0786 U 69 NE
QSO: 07038 CW 2025-11-02 2359 WA8LRW 0147 B 64 OH N2MF 0647 Q 71 WNY
QSO: 07040 CW 2025-11-03 0003 WA8LRW 0148 B 64 OH WR3Z 0942 U 77 MDC
QSO: 07041 CW 2025-11-03 0004 WA8LRW 0149 B 64 OH AF4T 0428 U 69 TN
QSO: 07041 CW 2025-11-03 0006 WA8LRW 0150 B 64 OH K4MI 0547 U 05 VA
QSO: 07043 CW 2025-11-03 0007 WA8LRW 0151 B 64 OH K9PW 0674 U 73 IL
QSO: 07044 CW 2025-11-03 0010 WA8LRW 0152 B 64 OH WW2Y 0979 M 76 NNY
QSO: 07045 CW 2025-11-03 0012 WA8LRW 0153 B 64 OH KT5V 0391 B 75 NTX
QSO: 07046 CW 2025-11-03 0013 WA8LRW 0154 B 64 OH KE4KY 0789 B 75 KY
QSO: 07046 CW 2025-11-03 0014 WA8LRW 0155 B 64 OH VA3FN 0362 A 02 ONS
QSO: 07047 CW 2025-11-03 0016 WA8LRW 0156 B 64 OH N5TM 0121 B 62 STX
QSO: 07047 CW 2025-11-03 0017 WA8LRW 0157 B 64 OH AA3B 1076 B 70 EPA
QSO: 07052 CW 2025-11-03 0021 WA8LRW 0158 B 64 OH WT9U 0713 U 75 IN
QSO: 07053 CW 2025-11-03 0023 WA8LRW 0159 B 64 OH KE0A 0767 M 63 ND
QSO: 07055 CW 2025-11-03 0025 WA8LRW 0160 B 64 OH N9CO 0829 U 73 IL
QSO: 07056 CW 2025-11-03 0026 WA8LRW 0161 B 64 OH NU0Q 0626 U 70 IA
QSO: 07056 CW 2025-11-03 0028 WA8LRW 0162 B 64 OH K0DEQ 0043 B 55 MO
QSO: 07057 CW 2025-11-03 0029 WA8LRW 0163 B 64 OH KU8E 0800 U 76 GA
QSO: 07058 CW 2025-11-03 0030 WA8LRW 0164 B 64 OH W9YK 0817 M 67 IL
QSO: 07060 CW 2025-11-03 0033 WA8LRW 0165 B 64 OH KM9P 0292 A 68 TN
QSO: 07061 CW 2025-11-03 0035 WA8LRW 0166 B 64 OH N8XE 0391 M 97 OH
QSO: 07061 CW 2025-11-03 0036 WA8LRW 0167 B 64 OH WB4FDT 0280 B 67 MDC
QSO: 07062 CW 2025-11-03 0037 WA8LRW 0168 B 64 OH W4NF 0904 U 75 VA
QSO: 07063 CW 2025-11-03 0038 WA8LRW 0169 B 64 OH KX1E 0483 A 56 ME
QSO: 07064 CW 2025-11-03 0039 WA8LRW 0170 B 64 OH W5NE 0673 U 55 NTX
QSO: 07065 CW 2025-11-03 0041 WA8LRW 0171 B 64 OH N0AX 1020 M 72 MO
QSO: 07071 CW 2025-11-03 0042 WA8LRW 0172 B 64 OH KA8JBK 0417 A 80 MI
QSO: 03527 CW 2025-11-03 0044 WA8LRW 0173 B 64 OH K4ZW 1022 B 77 VA
QSO: 03529 CW 2025-11-03 0046 WA8LRW 0174 B 64 OH WB3EML 0450 A 77 WPA
QSO: 03534 CW 2025-11-03 0048 WA8LRW 0175 B 64 OH N2GC 0940 B 75 NLI
QSO: 03537 CW 2025-11-03 0049 WA8LRW 0176 B 64 OH K3KU 0657 A 60 MDC
QSO: 03539 CW 2025-11-03 0051 WA8LRW 0177 B 64 OH K1BG 0875 B 68 WMA
QSO: 03541 CW 2025-11-03 0053 WA8LRW 0178 B 64 OH WB8JUI 0364 A 71 OH
QSO: 14022 CW 2025-11-03 0105 WA8LRW 0179 B 64 OH N5ZO 1202 A 77 SDG
QSO: 14029 CW 2025-11-03 0107 WA8LRW 0180 B 64 OH W6LD 0425 U 68 SCV
QSO: 14037 CW 2025-11-03 0110 WA8LRW 0181 B 64 OH N5JJ 0659 U 93 STX
QSO: 14043 CW 2025-11-03 0114 WA8LRW 0182 B 64 OH K6RC 0646 U 57 SV
QSO: 14045 CW 2025-11-03 0115 WA8LRW 0183 B 64 OH WA7LNW 0893 A 69 UT
END-OF-LOG: