START-OF-LOG: 3.0
CONTEST: ARRL-SS-CW
CALLSIGN: WW4XX
LOCATION: GA
CATEGORY-OPERATOR: SINGLE-OP
CATEGORY-ASSISTED: NON-ASSISTED
CATEGORY-POWER: LOW
CATEGORY-BAND: ALL
CATEGORY-MODE: CW
CATEGORY-TRANSMITTER: ONE
CATEGORY-STATION: FIXED
OPERATORS: LZ4AX
CLUB: South East Contest Club
CREATED-BY: N1MM LOGGER+ 1.0.11003.0
HQ-CATEGORY: Single Operator, Low Power
HQ-GRID-LOCATOR: EM73UT
QSO: 14049 CW 2025-11-01 2100 WW4XX 0001 A 83 GA WB4FDT 0001 B 67 MDC
QSO: 21018 CW 2025-11-01 2102 WW4XX 0002 A 83 GA WA7NB 0004 A 74 AZ
QSO: 14049 CW 2025-11-01 2102 WW4XX 0003 A 83 GA AF8A 0003 A 77 OH
QSO: 14049 CW 2025-11-01 2102 WW4XX 0004 A 83 GA N2UU 0003 U 53 SNJ
QSO: 14049 CW 2025-11-01 2103 WW4XX 0005 A 83 GA VE3SIF 0001 Q 90 ONS
QSO: 14049 CW 2025-11-01 2104 WW4XX 0006 A 83 GA K3ONW 0004 A 60 EPA
QSO: 14049 CW 2025-11-01 2104 WW4XX 0007 A 83 GA K9WO 0008 U 74 WI
QSO: 14049 CW 2025-11-01 2105 WW4XX 0008 A 83 GA KG3V 0004 A 70 VA
QSO: 14049 CW 2025-11-01 2105 WW4XX 0009 A 83 GA NG7A 0003 B 81 IA
QSO: 14049 CW 2025-11-01 2106 WW4XX 0011 A 83 GA W1NN 0010 A 57 OH
QSO: 14049 CW 2025-11-01 2106 WW4XX 0012 A 83 GA W9YK 0007 M 67 IL
QSO: 14049 CW 2025-11-01 2107 WW4XX 0013 A 83 GA NN2L 0002 U 64 WNY
QSO: 14049 CW 2025-11-01 2108 WW4XX 0014 A 83 GA KE0EK 0002 A 15 KS
QSO: 14049 CW 2025-11-01 2108 WW4XX 0015 A 83 GA KA0PQW 0007 A 83 MN
QSO: 14049 CW 2025-11-01 2109 WW4XX 0016 A 83 GA W4TG 0008 M 70 VA
QSO: 14049 CW 2025-11-01 2110 WW4XX 0017 A 83 GA K9MA 0003 B 66 WI
QSO: 14049 CW 2025-11-01 2110 WW4XX 0018 A 83 GA WB2PJH 0006 B 64 NNJ
QSO: 14049 CW 2025-11-01 2111 WW4XX 0019 A 83 GA KG9X 0016 U 62 IL
QSO: 14049 CW 2025-11-01 2112 WW4XX 0020 A 83 GA N9EP 0016 U 71 IL
QSO: 14049 CW 2025-11-01 2112 WW4XX 0021 A 83 GA N4ML 0012 M 16 CT
QSO: 14049 CW 2025-11-01 2113 WW4XX 0022 A 83 GA VE3YT 0011 U 69 ONS
QSO: 14049 CW 2025-11-01 2113 WW4XX 0023 A 83 GA K9ABR 0010 U 12 IL
QSO: 14049 CW 2025-11-01 2113 WW4XX 0024 A 83 GA AB3CX 0017 U 63 WNY
QSO: 14049 CW 2025-11-01 2114 WW4XX 0025 A 83 GA W9MS 0003 B 61 WI
QSO: 14049 CW 2025-11-01 2114 WW4XX 0026 A 83 GA AL7T 0008 B 77 MN
QSO: 14049 CW 2025-11-01 2115 WW4XX 0027 A 83 GA AA3S 0013 U 66 MDC
QSO: 14049 CW 2025-11-01 2115 WW4XX 0028 A 83 GA N5AU 0009 B 63 NTX
QSO: 14049 CW 2025-11-01 2115 WW4XX 0029 A 83 GA K8NZ 0014 A 59 OH
QSO: 14049 CW 2025-11-01 2116 WW4XX 0030 A 83 GA K4BSK 0009 A 60 NC
QSO: 14049 CW 2025-11-01 2117 WW4XX 0031 A 83 GA KA2DDX 0012 A 62 WNY
QSO: 14049 CW 2025-11-01 2118 WW4XX 0032 A 83 GA K3TM 0018 B 55 MDC
QSO: 14049 CW 2025-11-01 2118 WW4XX 0033 A 83 GA N8LR 0009 A 63 MI
QSO: 14049 CW 2025-11-01 2119 WW4XX 0034 A 83 GA NC3Y 0013 U 66 MDC
QSO: 14049 CW 2025-11-01 2119 WW4XX 0035 A 83 GA WK2G 0013 B 81 EPA
QSO: 21016 CW 2025-11-01 2121 WW4XX 0036 A 83 GA W0PR 0009 A 80 MN
QSO: 14049 CW 2025-11-01 2122 WW4XX 0037 A 83 GA N3JT 0023 U 60 VA
QSO: 21017 CW 2025-11-01 2123 WW4XX 0038 A 83 GA W0DB 0029 A 77 NE
QSO: 14049 CW 2025-11-01 2124 WW4XX 0039 A 83 GA K4FTO 0011 U 51 VA
QSO: 14049 CW 2025-11-01 2124 WW4XX 0040 A 83 GA KK4R 0022 U 86 VA
QSO: 14049 CW 2025-11-01 2125 WW4XX 0041 A 83 GA K2MK 0029 U 64 WCF
QSO: 14049 CW 2025-11-01 2125 WW4XX 0042 A 83 GA KE1IH 0010 U 98 ENY
QSO: 14049 CW 2025-11-01 2126 WW4XX 0043 A 83 GA VA3TAR 0018 A 90 GH
QSO: 14049 CW 2025-11-01 2127 WW4XX 0044 A 83 GA VE3GFN 0030 U 56 GH
QSO: 14049 CW 2025-11-01 2128 WW4XX 0045 A 83 GA NJ3K 0025 U 72 WPA
QSO: 21020 CW 2025-11-01 2129 WW4XX 0046 A 83 GA K1VUT 0036 A 62 EMA
QSO: 14049 CW 2025-11-01 2129 WW4XX 0047 A 83 GA WB2WPM 0002 B 74 WNY
QSO: 14049 CW 2025-11-01 2130 WW4XX 0048 A 83 GA NK9G 0015 A 67 WI
QSO: 21021 CW 2025-11-01 2131 WW4XX 0049 A 83 GA WD0T 0051 B 77 SD
QSO: 14049 CW 2025-11-01 2131 WW4XX 0050 A 83 GA WA3AER 0034 U 63 MDC
QSO: 14049 CW 2025-11-01 2132 WW4XX 0051 A 83 GA N2BJ 0024 U 61 IL
QSO: 14049 CW 2025-11-01 2133 WW4XX 0052 A 83 GA N2PP 0027 A 64 WNY
QSO: 14049 CW 2025-11-01 2133 WW4XX 0053 A 83 GA K7SHR 0018 A 73 WY
QSO: 21022 CW 2025-11-01 2134 WW4XX 0054 A 83 GA K8IA 0051 M 57 AZ
QSO: 14049 CW 2025-11-01 2135 WW4XX 0055 A 83 GA KJ6XC 0009 A 88 OH
QSO: 14049 CW 2025-11-01 2135 WW4XX 0056 A 83 GA K8LX 0053 M 64 MI
QSO: 14049 CW 2025-11-01 2135 WW4XX 0057 A 83 GA K2LNS 0013 B 57 EPA
QSO: 14049 CW 2025-11-01 2136 WW4XX 0058 A 83 GA N8TCP 0011 A 92 OH
QSO: 14049 CW 2025-11-01 2137 WW4XX 0059 A 83 GA N7WY 0019 A 61 MO
QSO: 14049 CW 2025-11-01 2138 WW4XX 0060 A 83 GA K3AJ 0050 M 67 MDC
QSO: 21025 CW 2025-11-01 2139 WW4XX 0061 A 83 GA WJ9B 0072 A 66 ID
QSO: 14049 CW 2025-11-01 2140 WW4XX 0062 A 83 GA N2MF 0034 Q 71 WNY
QSO: 21025 CW 2025-11-01 2141 WW4XX 0063 A 83 GA VE5MX 0082 U 90 SK
QSO: 21026 CW 2025-11-01 2142 WW4XX 0064 A 83 GA VE7ZO 0078 U 67 BC
QSO: 14049 CW 2025-11-01 2142 WW4XX 0065 A 83 GA K9PW 0034 U 73 IL
QSO: 14049 CW 2025-11-01 2143 WW4XX 0066 A 83 GA KF2T 0015 U 77 MDC
QSO: 21029 CW 2025-11-01 2144 WW4XX 0067 A 83 GA K1TR 0065 U 71 NH
QSO: 14049 CW 2025-11-01 2145 WW4XX 0068 A 83 GA K0MPH 0041 U 57 MN
QSO: 14049 CW 2025-11-01 2145 WW4XX 0069 A 83 GA NW0M 0034 U 77 MO
QSO: 14049 CW 2025-11-01 2146 WW4XX 0070 A 83 GA K8LG 0025 A 21 MI
QSO: 14049 CW 2025-11-01 2146 WW4XX 0072 A 83 GA K0HB 0049 U 65 MN
QSO: 21030 CW 2025-11-01 2147 WW4XX 0071 A 83 GA K0TG 0045 U 73 MN
QSO: 14049 CW 2025-11-01 2147 WW4XX 0073 A 83 GA N3RN 0016 A 74 EPA
QSO: 14049 CW 2025-11-01 2148 WW4XX 0074 A 83 GA K3MM 0074 U 73 MDC
QSO: 14049 CW 2025-11-01 2148 WW4XX 0075 A 83 GA W7II 0028 U 71 IA
QSO: 14049 CW 2025-11-01 2150 WW4XX 0076 A 83 GA N5DEX 0014 A 24 STX
QSO: 21031 CW 2025-11-01 2150 WW4XX 0077 A 83 GA N5UM 0058 B 76 OK
QSO: 14049 CW 2025-11-01 2151 WW4XX 0078 A 83 GA K5WSN 0023 A 60 NTX
QSO: 14049 CW 2025-11-01 2153 WW4XX 0079 A 83 GA K1SM 0016 A 69 EMA
QSO: 14049 CW 2025-11-01 2154 WW4XX 0081 A 83 GA K8AAX 0021 A 97 MI
QSO: 21031 CW 2025-11-01 2155 WW4XX 0080 A 83 GA N6CHU 0056 A 57 WWA
QSO: 14049 CW 2025-11-01 2156 WW4XX 0083 A 83 GA N5WNG 0027 B 60 NTX
QSO: 14049 CW 2025-11-01 2156 WW4XX 0084 A 83 GA N0UY 0028 A 92 MN
QSO: 14049 CW 2025-11-01 2157 WW4XX 0085 A 83 GA K1ZZI 0026 U 62 SC
QSO: 21032 CW 2025-11-01 2200 WW4XX 0086 A 83 GA VY1CO 0084 M 82 TER
QSO: 14049 CW 2025-11-01 2201 WW4XX 0088 A 83 GA AA7V 0066 A 70 AZ
QSO: 14049 CW 2025-11-01 2201 WW4XX 0089 A 83 GA N0VIG 0014 A 25 KS
QSO: 14049 CW 2025-11-01 2203 WW4XX 0090 A 83 GA KX1E 0042 A 56 ME
QSO: 21032 CW 2025-11-01 2204 WW4XX 0087 A 83 GA AL4A 0082 U 77 AK
QSO: 14049 CW 2025-11-01 2205 WW4XX 0091 A 83 GA W8BI 0017 M 67 OH
QSO: 14049 CW 2025-11-01 2206 WW4XX 0092 A 83 GA N3RTW 0011 U 19 VA
QSO: 14049 CW 2025-11-01 2206 WW4XX 0093 A 83 GA KI5GTR 0024 A 22 AR
QSO: 14049 CW 2025-11-01 2207 WW4XX 0094 A 83 GA KI4BXU 0022 U 03 VA
QSO: 14049 CW 2025-11-01 2207 WW4XX 0095 A 83 GA N0TA 0050 U 05 CO
QSO: 14049 CW 2025-11-01 2208 WW4XX 0097 A 83 GA N3AM 0091 U 62 MDC
QSO: 14049 CW 2025-11-01 2209 WW4XX 0098 A 83 GA KE3X 0076 U 74 MDC
QSO: 14049 CW 2025-11-01 2209 WW4XX 0099 A 83 GA W8RTJ 0035 A 74 OH
QSO: 14049 CW 2025-11-01 2212 WW4XX 0100 A 83 GA WB0TEV 0040 U 76 NTX
QSO: 14049 CW 2025-11-01 2212 WW4XX 0101 A 83 GA K0PC 0059 Q 69 MN
QSO: 14049 CW 2025-11-01 2213 WW4XX 0102 A 83 GA N4GO 0060 U 98 KY
QSO: 21034 CW 2025-11-01 2213 WW4XX 0103 A 83 GA N2RC 0100 U 98 ENY
QSO: 14049 CW 2025-11-01 2214 WW4XX 0104 A 83 GA W5XX 0049 A 58 MS
QSO: 21036 CW 2025-11-01 2215 WW4XX 0105 A 83 GA W7RM 0158 B 67 OR
QSO: 21037 CW 2025-11-01 2216 WW4XX 0106 A 83 GA W7VJ 0100 U 70 WWA
QSO: 14049 CW 2025-11-01 2217 WW4XX 0107 A 83 GA KO4VW 0008 U 20 GA
QSO: 14049 CW 2025-11-01 2217 WW4XX 0108 A 83 GA W9AV 0066 U 55 WI
QSO: 14049 CW 2025-11-01 2218 WW4XX 0109 A 83 GA N2EY 0046 A 67 EPA
QSO: 14049 CW 2025-11-01 2218 WW4XX 0110 A 83 GA K2QB 0033 U 69 WNY
QSO: 14049 CW 2025-11-01 2218 WW4XX 0111 A 83 GA NM2A 0066 U 76 WNY
QSO: 21037 CW 2025-11-01 2219 WW4XX 0112 A 83 GA K1JB 0073 U 54 ME
QSO: 21038 CW 2025-11-01 2220 WW4XX 0113 A 83 GA KI6RRN/KL7 0107 U 08 AK
QSO: 21039 CW 2025-11-01 2222 WW4XX 0114 A 83 GA KE0A 0115 M 63 ND
QSO: 21040 CW 2025-11-01 2224 WW4XX 0115 A 83 GA N7VM 0131 A 76 SDG
QSO: 21040 CW 2025-11-01 2224 WW4XX 0116 A 83 GA K5TR 0174 B 77 STX
QSO: 14049 CW 2025-11-01 2225 WW4XX 0117 A 83 GA AE1T 0069 U 60 NH
QSO: 14049 CW 2025-11-01 2225 WW4XX 0118 A 83 GA K6MM 0081 U 58 SCV
QSO: 21043 CW 2025-11-01 2227 WW4XX 0119 A 83 GA K6YLH 0047 A 95 SCV
QSO: 21044 CW 2025-11-01 2228 WW4XX 0120 A 83 GA W6PH 0132 B 55 ORG
QSO: 21043 CW 2025-11-01 2229 WW4XX 0121 A 83 GA K0SN 0048 U 75 MT
QSO: 21049 CW 2025-11-01 2231 WW4XX 0122 A 83 GA W0PI 0095 U 58 MN
QSO: 14049 CW 2025-11-01 2232 WW4XX 0123 A 83 GA W9NXM 0046 A 63 IL
QSO: 14049 CW 2025-11-01 2233 WW4XX 0124 A 83 GA WA7LNC 0032 A 68 EWA
QSO: 14049 CW 2025-11-01 2233 WW4XX 0125 A 83 GA W5TM 0065 U 57 OK
QSO: 14049 CW 2025-11-01 2233 WW4XX 0126 A 83 GA VA3SP 0080 A 77 ONE
QSO: 14049 CW 2025-11-01 2234 WW4XX 0127 A 83 GA WA4EUL 0045 A 62 VA
QSO: 14049 CW 2025-11-01 2236 WW4XX 0128 A 83 GA WA1FMM 0039 A 65 CO
QSO: 14049 CW 2025-11-01 2236 WW4XX 0129 A 83 GA N3XL 0033 U 99 MDC
QSO: 14049 CW 2025-11-01 2237 WW4XX 0130 A 83 GA NA0N 0124 A 91 MN
QSO: 14049 CW 2025-11-01 2237 WW4XX 0131 A 83 GA K7GT 0028 B 58 OR
QSO: 14049 CW 2025-11-01 2238 WW4XX 0132 A 83 GA NE2R 0024 A 63 SNJ
QSO: 14049 CW 2025-11-01 2239 WW4XX 0133 A 83 GA VE7SCC 0019 U 98 BC
QSO: 14049 CW 2025-11-01 2239 WW4XX 0134 A 83 GA N9WEW 0006 U 94 IL
QSO: 14049 CW 2025-11-01 2240 WW4XX 0135 A 83 GA N2NT 0157 B 72 NNJ
QSO: 14049 CW 2025-11-01 2240 WW4XX 0136 A 83 GA K1PH 0006 U 74 NH
QSO: 14049 CW 2025-11-01 2241 WW4XX 0137 A 83 GA AD0RW 0052 U 67 IA
QSO: 28036 CW 2025-11-01 2247 WW4XX 0138 A 83 GA W8XAL 0107 B 05 CO
QSO: 28023 CW 2025-11-01 2250 WW4XX 0139 A 83 GA KE0UI 0011 A 77 CO
QSO: 21008 CW 2025-11-01 2250 WW4XX 0140 A 83 GA K6WSC 0095 U 69 AZ
QSO: 28020 CW 2025-11-01 2251 WW4XX 0141 A 83 GA KH6TU 0189 U 62 PAC
QSO: 28026 CW 2025-11-01 2252 WW4XX 0142 A 83 GA AH6KO 0173 U 68 PAC
QSO: 28043 CW 2025-11-01 2254 WW4XX 0143 A 83 GA KH6ZB 0148 U 77 PAC
QSO: 21008 CW 2025-11-01 2254 WW4XX 0144 A 83 GA KX2P 0025 A 60 CO
QSO: 21008 CW 2025-11-01 2255 WW4XX 0145 A 83 GA AA2IL 0071 A 78 SDG
QSO: 21008 CW 2025-11-01 2255 WW4XX 0146 A 83 GA W2GD 0063 U 61 EPA
QSO: 21008 CW 2025-11-01 2257 WW4XX 0147 A 83 GA N6GEO 0064 U 70 SJV
QSO: 21008 CW 2025-11-01 2257 WW4XX 0148 A 83 GA N6BHX 0017 A 82 EB
QSO: 28054 CW 2025-11-01 2259 WW4XX 0149 A 83 GA K5AM 0019 Q 48 NM
QSO: 28049 CW 2025-11-01 2300 WW4XX 0150 A 83 GA WA7YAZ 0010 A 73 UT
QSO: 21008 CW 2025-11-01 2300 WW4XX 0151 A 83 GA KE6K 0025 Q 63 AZ
QSO: 21008 CW 2025-11-01 2301 WW4XX 0152 A 83 GA VA7DZ 0055 M 54 BC
QSO: 21008 CW 2025-11-01 2301 WW4XX 0153 A 83 GA W0YK 0013 A 62 SCV
QSO: 21008 CW 2025-11-01 2304 WW4XX 0155 A 83 GA WB6CIA 0022 A 68 LAX
QSO: 21008 CW 2025-11-01 2305 WW4XX 0156 A 83 GA K0LUZ 0105 U 57 NFL
QSO: 21008 CW 2025-11-01 2306 WW4XX 0157 A 83 GA W5ACQ 0063 A 64 WTX
QSO: 21008 CW 2025-11-01 2307 WW4XX 0158 A 83 GA K7GS 0056 A 58 EWA
QSO: 28022 CW 2025-11-01 2307 WW4XX 0154 A 83 GA KA3DRR 0169 U 79 SB
QSO: 21008 CW 2025-11-01 2307 WW4XX 0159 A 83 GA K7SS 0085 Q 59 WWA
QSO: 21008 CW 2025-11-01 2308 WW4XX 0160 A 83 GA W8WTS 0113 A 75 OH
QSO: 21008 CW 2025-11-01 2308 WW4XX 0161 A 83 GA W7WHO 0079 A 54 OR
QSO: 21008 CW 2025-11-01 2309 WW4XX 0162 A 83 GA K6XV 0031 A 65 SJV
QSO: 21008 CW 2025-11-01 2309 WW4XX 0163 A 83 GA K7PJT 0075 A 61 OR
QSO: 21008 CW 2025-11-01 2310 WW4XX 0164 A 83 GA K8MM 0018 U 92 MI
QSO: 28048 CW 2025-11-01 2311 WW4XX 0165 A 83 GA K6ACW 0112 U 78 SDG
QSO: 21008 CW 2025-11-01 2313 WW4XX 0166 A 83 GA AJ6V 0171 B 59 SCV
QSO: 28015 CW 2025-11-01 2313 WW4XX 0167 A 83 GA W7DK 0094 M 16 WWA
QSO: 21008 CW 2025-11-01 2314 WW4XX 0168 A 83 GA K7MOA 0054 A 60 STX
QSO: 21008 CW 2025-11-01 2315 WW4XX 0169 A 83 GA K0MF 0090 A 65 CO
QSO: 21008 CW 2025-11-01 2316 WW4XX 0170 A 83 GA N4VI 0147 B 68 CO
QSO: 21008 CW 2025-11-01 2316 WW4XX 0171 A 83 GA W7GB 0084 U 50 EWA
QSO: 21008 CW 2025-11-01 2317 WW4XX 0172 A 83 GA N7CW 0158 A 65 AZ
QSO: 21008 CW 2025-11-01 2318 WW4XX 0173 A 83 GA K7NT 0178 B 74 EWA
QSO: 21008 CW 2025-11-01 2318 WW4XX 0174 A 83 GA AA4Q 0017 A 75 AZ
QSO: 21021 CW 2025-11-01 2324 WW4XX 0175 A 83 GA KY7M 0232 M 62 AZ
QSO: 07023 CW 2025-11-01 2324 WW4XX 0176 A 83 GA W0EWD 0103 Q 77 IA
QSO: 07023 CW 2025-11-01 2325 WW4XX 0177 A 83 GA N4TY 0077 Q 72 KY
QSO: 07023 CW 2025-11-01 2326 WW4XX 0178 A 83 GA KD4D 0180 U 71 MDC
QSO: 07023 CW 2025-11-01 2326 WW4XX 0179 A 83 GA N9LQ 0167 U 75 IL
QSO: 07023 CW 2025-11-01 2327 WW4XX 0180 A 83 GA AI6O 0110 A 58 MO
QSO: 07023 CW 2025-11-01 2328 WW4XX 0181 A 83 GA W2MKM 0106 U 77 NNJ
QSO: 07023 CW 2025-11-01 2328 WW4XX 0182 A 83 GA WA3FAE 0050 A 66 MDC
QSO: 07023 CW 2025-11-01 2329 WW4XX 0183 A 83 GA K1XM 0177 A 71 EMA
QSO: 07023 CW 2025-11-01 2330 WW4XX 0184 A 83 GA K3QP 0009 A 78 WPA
QSO: 07023 CW 2025-11-01 2331 WW4XX 0185 A 83 GA NF4A 0118 U 62 NFL
QSO: 07023 CW 2025-11-01 2331 WW4XX 0186 A 83 GA N5XE 0127 A 78 OK
QSO: 07023 CW 2025-11-01 2332 WW4XX 0187 A 83 GA VE3JTP 0004 A 77 ONS
QSO: 21026 CW 2025-11-01 2333 WW4XX 0188 A 83 GA N9RV 0313 B 67 MT
QSO: 07023 CW 2025-11-01 2334 WW4XX 0189 A 83 GA W9QL 0068 U 95 IL
QSO: 07023 CW 2025-11-01 2334 WW4XX 0190 A 83 GA W4TMO 0017 A 66 VA
QSO: 07023 CW 2025-11-01 2336 WW4XX 0191 A 83 GA KL7NL 0004 A 66 NC
QSO: 07023 CW 2025-11-01 2337 WW4XX 0192 A 83 GA KD3TB 0042 U 79 DE
QSO: 07023 CW 2025-11-01 2337 WW4XX 0193 A 83 GA K2RB 0084 B 57 CT
QSO: 21037 CW 2025-11-01 2339 WW4XX 0194 A 83 GA WB8YQJ 0046 A 76 SDG
QSO: 21055 CW 2025-11-01 2340 WW4XX 0195 A 83 GA W6TK 0073 U 57 OR
QSO: 07053 CW 2025-11-01 2342 WW4XX 0196 A 83 GA N2CU 0098 A 72 WNY
QSO: 07054 CW 2025-11-01 2343 WW4XX 0197 A 83 GA KC3C 0054 B 83 EPA
QSO: 07024 CW 2025-11-01 2345 WW4XX 0198 A 83 GA VE3MA 0136 A 67 GH
QSO: 21060 CW 2025-11-01 2347 WW4XX 0199 A 83 GA VE7NZ 0146 B 82 BC
QSO: 07052 CW 2025-11-01 2347 WW4XX 0200 A 83 GA KC3M 0153 U 61 EPA
QSO: 07052 CW 2025-11-01 2349 WW4XX 0202 A 83 GA NN3W 0189 U 86 VA
QSO: 21054 CW 2025-11-01 2351 WW4XX 0201 A 83 GA WC6H 0272 B 71 SJV
QSO: 21051 CW 2025-11-01 2352 WW4XX 0203 A 83 GA K6NR 0210 U 69 ORG
QSO: 07052 CW 2025-11-01 2353 WW4XX 0204 A 83 GA K3MIY 0003 A 60 WPA
QSO: 07052 CW 2025-11-01 2354 WW4XX 0205 A 83 GA N8BB 0003 Q 67 MI
QSO: 21041 CW 2025-11-01 2355 WW4XX 0206 A 83 GA W1RCR 0122 A 98 SFL
QSO: 21033 CW 2025-11-01 2357 WW4XX 0207 A 83 GA N4BP 0247 U 55 SFL
QSO: 21024 CW 2025-11-02 0000 WW4XX 0208 A 83 GA N6RK 0173 B 65 SV
QSO: 07052 CW 2025-11-02 0000 WW4XX 0209 A 83 GA N9XX 0105 U 70 WI
QSO: 07052 CW 2025-11-02 0002 WW4XX 0210 A 83 GA N4AO 0177 U 84 WCF
QSO: 07049 CW 2025-11-02 0007 WW4XX 0211 A 83 GA N1TO 0233 B 63 SFL
QSO: 07048 CW 2025-11-02 0009 WW4XX 0212 A 83 GA AG3I 0134 U 71 WPA
QSO: 07044 CW 2025-11-02 0010 WW4XX 0213 A 83 GA N4GG 0072 U 61 GA
QSO: 07043 CW 2025-11-02 0013 WW4XX 0214 A 83 GA N2YO 0233 U 91 VA
QSO: 07038 CW 2025-11-02 0015 WW4XX 0215 A 83 GA K3DNE 0079 U 71 SC
QSO: 07038 CW 2025-11-02 0015 WW4XX 0216 A 83 GA W8EH 0094 U 72 OH
QSO: 07038 CW 2025-11-02 0016 WW4XX 0217 A 83 GA N0UNL 0028 S 04 NE
QSO: 14006 CW 2025-11-02 0017 WW4XX 0218 A 83 GA W9CF 0161 A 66 AZ
QSO: 07038 CW 2025-11-02 0019 WW4XX 0219 A 83 GA N3HEE 0186 U 76 SC
QSO: 07038 CW 2025-11-02 0020 WW4XX 0221 A 83 GA K3MD 0212 U 63 EPA
QSO: 07038 CW 2025-11-02 0021 WW4XX 0222 A 83 GA K8GB 0101 U 70 MI
QSO: 14015 CW 2025-11-02 0022 WW4XX 0220 A 83 GA N7XU 0242 A 60 OR
QSO: 14017 CW 2025-11-02 0024 WW4XX 0223 A 83 GA WC1M 0142 U 83 NH
QSO: 14020 CW 2025-11-02 0025 WW4XX 0224 A 83 GA NP3A 0340 A 92 PR
QSO: 07038 CW 2025-11-02 0025 WW4XX 0225 A 83 GA N4IJ 0077 Q 63 NC
QSO: 07038 CW 2025-11-02 0026 WW4XX 0226 A 83 GA NA4J 0207 U 91 NC
QSO: 14023 CW 2025-11-02 0027 WW4XX 0227 A 83 GA VY2TT 0389 B 02 PE
QSO: 07038 CW 2025-11-02 0027 WW4XX 0228 A 83 GA WN4AFP 0149 A 75 SC
QSO: 07038 CW 2025-11-02 0028 WW4XX 0229 A 83 GA K3CY 0155 U 68 EPA
QSO: 07038 CW 2025-11-02 0028 WW4XX 0230 A 83 GA N4AF 0282 B 58 NC
QSO: 07038 CW 2025-11-02 0028 WW4XX 0231 A 83 GA K8VA 0068 A 64 MI
QSO: 07038 CW 2025-11-02 0029 WW4XX 0232 A 83 GA NN4SS 0022 B 63 SC
QSO: 07038 CW 2025-11-02 0030 WW4XX 0233 A 83 GA K1RX 0278 U 63 NH
QSO: 07038 CW 2025-11-02 0030 WW4XX 0234 A 83 GA N0LY 0170 U 82 MO
QSO: 07038 CW 2025-11-02 0030 WW4XX 0235 A 83 GA W4YE 0105 A 52 VA
QSO: 14024 CW 2025-11-02 0032 WW4XX 0236 A 83 GA NS0R 0296 U 92 KS
QSO: 07038 CW 2025-11-02 0032 WW4XX 0237 A 83 GA N9OK 0055 U 83 IL
QSO: 07038 CW 2025-11-02 0033 WW4XX 0238 A 83 GA WV4AM 0040 A 22 NC
QSO: 07038 CW 2025-11-02 0034 WW4XX 0239 A 83 GA NW3Y 0087 B 88 DE
QSO: 07038 CW 2025-11-02 0034 WW4XX 0240 A 83 GA KU8E 0234 U 76 GA
QSO: 07038 CW 2025-11-02 0035 WW4XX 0241 A 83 GA N2FT 0123 U 70 VA
QSO: 14026 CW 2025-11-02 0035 WW4XX 0242 A 83 GA K5GN 0451 B 72 STX
QSO: 07038 CW 2025-11-02 0036 WW4XX 0243 A 83 GA AK1MD 0118 A 18 EMA
QSO: 07038 CW 2025-11-02 0037 WW4XX 0244 A 83 GA W4UT 0080 U 66 TN
QSO: 07038 CW 2025-11-02 0037 WW4XX 0245 A 83 GA N4TB 0134 A 55 WCF
QSO: 07038 CW 2025-11-02 0038 WW4XX 0246 A 83 GA NN4RB 0066 U 78 VA
QSO: 07038 CW 2025-11-02 0039 WW4XX 0247 A 83 GA N0IRM 0033 A 86 MO
QSO: 07038 CW 2025-11-02 0039 WW4XX 0248 A 83 GA W3TAS 0045 U 05 DE
QSO: 07038 CW 2025-11-02 0040 WW4XX 0249 A 83 GA K8RGI 0087 A 15 OH
QSO: 07038 CW 2025-11-02 0040 WW4XX 0250 A 83 GA K9CG 0084 A 95 IL
QSO: 07038 CW 2025-11-02 0040 WW4XX 0251 A 83 GA N4KH 0083 U 74 AL
QSO: 14028 CW 2025-11-02 0042 WW4XX 0252 A 83 GA K6AR 0351 B 62 SDG
QSO: 07038 CW 2025-11-02 0043 WW4XX 0254 A 83 GA K1RF 0075 A 63 CT
QSO: 07038 CW 2025-11-02 0044 WW4XX 0255 A 83 GA N9MT 0063 M 85 IN
QSO: 14029 CW 2025-11-02 0045 WW4XX 0253 A 83 GA K0AD 0122 U 61 MN
QSO: 14031 CW 2025-11-02 0046 WW4XX 0256 A 83 GA K6RIM 0280 U 58 SF
QSO: 14031 CW 2025-11-02 0047 WW4XX 0257 A 83 GA KH6J 0351 B 72 PAC
QSO: 07038 CW 2025-11-02 0048 WW4XX 0258 A 83 GA KB4CG 0089 A 77 VA
QSO: 07038 CW 2025-11-02 0049 WW4XX 0259 A 83 GA VE3RSA 0061 Q 75 GH
QSO: 07038 CW 2025-11-02 0051 WW4XX 0260 A 83 GA KD7MT 0083 U 70 MT
QSO: 07038 CW 2025-11-02 0053 WW4XX 0261 A 83 GA AB9YC 0179 U 10 IL
QSO: 07038 CW 2025-11-02 0053 WW4XX 0262 A 83 GA K2YG 0047 Q 56 NNJ
QSO: 07038 CW 2025-11-02 0054 WW4XX 0263 A 83 GA KW1X 0211 U 91 EMA
QSO: 07038 CW 2025-11-02 0054 WW4XX 0264 A 83 GA N3GJ 0115 A 82 WPA
QSO: 07038 CW 2025-11-02 0055 WW4XX 0265 A 83 GA KT3T 0060 A 92 WCF
QSO: 07038 CW 2025-11-02 0055 WW4XX 0266 A 83 GA W0ELT 0043 U 67 WI
QSO: 07038 CW 2025-11-02 0056 WW4XX 0267 A 83 GA K9UIY 0073 Q 59 IL
QSO: 07038 CW 2025-11-02 0057 WW4XX 0268 A 83 GA N3CW 0212 U 66 VA
QSO: 14033 CW 2025-11-02 0058 WW4XX 0269 A 83 GA WX0B 0363 B 64 NTX
QSO: 14033 CW 2025-11-02 0100 WW4XX 0270 A 83 GA K5KU 0323 A 61 LA
QSO: 14036 CW 2025-11-02 0101 WW4XX 0271 A 83 GA W8TK 0254 M 59 AZ
QSO: 07038 CW 2025-11-02 0102 WW4XX 0272 A 83 GA KQ4JAV 0034 Q 23 VA
QSO: 07038 CW 2025-11-02 0103 WW4XX 0273 A 83 GA W3KB 0119 U 63 EPA
QSO: 07038 CW 2025-11-02 0104 WW4XX 0274 A 83 GA KM4JEG 0012 B 15 NC
QSO: 07038 CW 2025-11-02 0104 WW4XX 0275 A 83 GA N9TF 0123 U 76 TN
QSO: 07038 CW 2025-11-02 0105 WW4XX 0276 A 83 GA N3KI 0077 A 77 DE
QSO: 14037 CW 2025-11-02 0107 WW4XX 0277 A 83 GA N5RZ 0336 B 69 STX
QSO: 14041 CW 2025-11-02 0108 WW4XX 0278 A 83 GA K0DME 0051 B 20 CO
QSO: 07038 CW 2025-11-02 0109 WW4XX 0279 A 83 GA N9ID 0131 U 70 IN
QSO: 14042 CW 2025-11-02 0109 WW4XX 0280 A 83 GA N7EPD 0249 B 78 WWA
QSO: 14042 CW 2025-11-02 0111 WW4XX 0281 A 83 GA N5NA 0285 U 72 WTX
QSO: 07038 CW 2025-11-02 0112 WW4XX 0282 A 83 GA N4RA 0098 A 58 WV
QSO: 14045 CW 2025-11-02 0113 WW4XX 0283 A 83 GA VE6RST 0282 U 79 AB
QSO: 07038 CW 2025-11-02 0114 WW4XX 0284 A 83 GA N2RD 0120 A 91 WNY
QSO: 07038 CW 2025-11-02 0114 WW4XX 0285 A 83 GA K2TW 0093 U 66 VA
QSO: 07038 CW 2025-11-02 0116 WW4XX 0286 A 83 GA K3JT 0264 A 67 WV
QSO: 07038 CW 2025-11-02 0116 WW4XX 0287 A 83 GA K5UV 0229 U 64 OK
QSO: 07038 CW 2025-11-02 0117 WW4XX 0288 A 83 GA K3TN 0285 U 69 MDC
QSO: 07038 CW 2025-11-02 0127 WW4XX 0289 A 83 GA W9RE 0387 B 62 IN
QSO: 14012 CW 2025-11-02 0127 WW4XX 0290 A 83 GA K2PO 0317 A 71 OR
QSO: 07037 CW 2025-11-02 0128 WW4XX 0291 A 83 GA N4YDU 0098 U 89 NC
QSO: 07036 CW 2025-11-02 0129 WW4XX 0292 A 83 GA KG9N 0153 B 77 IL
QSO: 07035 CW 2025-11-02 0130 WW4XX 0293 A 83 GA WA0I 0270 U 86 MO
QSO: 07034 CW 2025-11-02 0130 WW4XX 0294 A 83 GA K0IDX 0286 B 68 ND
QSO: 07033 CW 2025-11-02 0131 WW4XX 0295 A 83 GA W1SJ 0331 U 69 VT
QSO: 07033 CW 2025-11-02 0132 WW4XX 0296 A 83 GA K0ZR 0179 A 69 VA
QSO: 07032 CW 2025-11-02 0134 WW4XX 0297 A 83 GA KR0P 0256 M 76 NE
QSO: 14012 CW 2025-11-02 0135 WW4XX 0298 A 83 GA K4RFK 0005 A 94 SFL
QSO: 07031 CW 2025-11-02 0136 WW4XX 0299 A 83 GA VE3ZI 0319 B 62 ONN
QSO: 07030 CW 2025-11-02 0137 WW4XX 0300 A 83 GA K5ZD 0394 B 73 OH
QSO: 07029 CW 2025-11-02 0137 WW4XX 0301 A 83 GA K3WW 0310 U 59 SNJ
QSO: 07029 CW 2025-11-02 0139 WW4XX 0302 A 83 GA KV3T 0270 M 15 IL
QSO: 14012 CW 2025-11-02 0140 WW4XX 0303 A 83 GA K6LJ 0010 B 74 STX
QSO: 14012 CW 2025-11-02 0141 WW4XX 0305 A 83 GA W0CO 0003 U 68 CO
QSO: 07028 CW 2025-11-02 0142 WW4XX 0304 A 83 GA K1BG 0334 B 68 WMA
QSO: 14012 CW 2025-11-02 0143 WW4XX 0306 A 83 GA KM9R 0203 A 79 NV
QSO: 07027 CW 2025-11-02 0144 WW4XX 0307 A 83 GA KK9V 0157 U 80 IN
QSO: 07024 CW 2025-11-02 0146 WW4XX 0308 A 83 GA K0TQ 0216 B 64 IN
QSO: 07022 CW 2025-11-02 0147 WW4XX 0309 A 83 GA AA3B 0452 B 70 EPA
QSO: 14012 CW 2025-11-02 0149 WW4XX 0310 A 83 GA VE7KW 0149 Q 64 BC
QSO: 07020 CW 2025-11-02 0150 WW4XX 0311 A 83 GA NA8V 0382 B 66 MI
QSO: 07019 CW 2025-11-02 0151 WW4XX 0312 A 83 GA W2RQ 0353 B 65 NNJ
QSO: 14012 CW 2025-11-02 0151 WW4XX 0313 A 83 GA KK5OV 0043 M 93 NM
QSO: 14012 CW 2025-11-02 0153 WW4XX 0314 A 83 GA W0UI 0009 A 66 CO
QSO: 07015 CW 2025-11-02 0154 WW4XX 0315 A 83 GA N0NI 0383 B 77 IA
QSO: 14012 CW 2025-11-02 0155 WW4XX 0316 A 83 GA N7RCS 0042 Q 69 WWA
QSO: 14012 CW 2025-11-02 0156 WW4XX 0317 A 83 GA K0EU 0460 U 70 CO
QSO: 14012 CW 2025-11-02 0157 WW4XX 0318 A 83 GA K2AD 0079 A 77 CO
QSO: 14012 CW 2025-11-02 0158 WW4XX 0319 A 83 GA W7YAQ 0133 Q 54 OR
QSO: 14012 CW 2025-11-02 0158 WW4XX 0320 A 83 GA N0GC 0025 A 57 ND
QSO: 14012 CW 2025-11-02 0159 WW4XX 0321 A 83 GA AB9BH 0049 U 00 WWA
QSO: 07014 CW 2025-11-02 0200 WW4XX 0322 A 83 GA WT3K 0197 U 17 MDC
QSO: 07013 CW 2025-11-02 0201 WW4XX 0323 A 83 GA K3PA 0410 U 72 KS
QSO: 14012 CW 2025-11-02 0201 WW4XX 0324 A 83 GA W0KI 0031 Q 10 CO
QSO: 14012 CW 2025-11-02 0202 WW4XX 0325 A 83 GA WV7S 0042 A 61 WWA
QSO: 07012 CW 2025-11-02 0203 WW4XX 0326 A 83 GA WA6KHK 0165 U 60 ORG
QSO: 07011 CW 2025-11-02 0204 WW4XX 0327 A 83 GA WY3A 0276 U 66 EPA
QSO: 07011 CW 2025-11-02 0205 WW4XX 0328 A 83 GA N5EE 0349 A 71 AR
QSO: 14012 CW 2025-11-02 0205 WW4XX 0329 A 83 GA VE7YU 0054 A 59 BC
QSO: 14012 CW 2025-11-02 0206 WW4XX 0330 A 83 GA N6RO 0439 M 53 EB
QSO: 07010 CW 2025-11-02 0207 WW4XX 0331 A 83 GA KR2Q 0307 B 66 NNJ
QSO: 07009 CW 2025-11-02 0208 WW4XX 0332 A 83 GA N0AT 0353 M 77 MN
QSO: 07007 CW 2025-11-02 0209 WW4XX 0333 A 83 GA NX6T 0347 M 00 ORG
QSO: 07005 CW 2025-11-02 0209 WW4XX 0334 A 83 GA W8CAR 0285 A 60 OH
QSO: 14012 CW 2025-11-02 0210 WW4XX 0335 A 83 GA K6LL 0438 U 59 AZ
QSO: 07003 CW 2025-11-02 0212 WW4XX 0336 A 83 GA W0SD 0349 B 62 SD
QSO: 07005 CW 2025-11-02 0214 WW4XX 0337 A 83 GA W4RM 0306 M 76 NC
QSO: 07005 CW 2025-11-02 0215 WW4XX 0338 A 83 GA K6OK 0238 U 09 SV
QSO: 07005 CW 2025-11-02 0215 WW4XX 0339 A 83 GA W3FIZ 0189 U 77 EPA
QSO: 07005 CW 2025-11-02 0217 WW4XX 0340 A 83 GA W2GSB 0071 M 97 NLI
QSO: 07005 CW 2025-11-02 0217 WW4XX 0341 A 83 GA W8LVN 0220 A 61 IL
QSO: 07005 CW 2025-11-02 0220 WW4XX 0342 A 83 GA W6JTI 0175 Q 57 SF
QSO: 07005 CW 2025-11-02 0221 WW4XX 0343 A 83 GA NU7M 0027 A 12 WY
QSO: 07005 CW 2025-11-02 0221 WW4XX 0344 A 83 GA K3CCR 0227 U 12 MDC
QSO: 07005 CW 2025-11-02 0222 WW4XX 0345 A 83 GA WR3R 0133 Q 64 MDC
QSO: 07005 CW 2025-11-02 0222 WW4XX 0346 A 83 GA VE3FH 0086 A 74 ONS
QSO: 07005 CW 2025-11-02 0223 WW4XX 0347 A 83 GA AC9S 0150 U 61 IL
QSO: 07005 CW 2025-11-02 0224 WW4XX 0348 A 83 GA N3ATQ 0077 A 78 EPA
QSO: 07005 CW 2025-11-02 0225 WW4XX 0349 A 83 GA W2VQ 0140 U 73 NNJ
QSO: 07005 CW 2025-11-02 0225 WW4XX 0350 A 83 GA W2KA 0037 A 67 WNY
QSO: 07005 CW 2025-11-02 0226 WW4XX 0351 A 83 GA N2RI 0053 A 71 NLI
QSO: 07005 CW 2025-11-02 0226 WW4XX 0352 A 83 GA W4ZYT 0111 M 59 NC
QSO: 07005 CW 2025-11-02 0227 WW4XX 0353 A 83 GA WO1N 0044 U 89 EMA
QSO: 07005 CW 2025-11-02 0227 WW4XX 0354 A 83 GA KR2H 0106 A 62 NNJ
QSO: 07005 CW 2025-11-02 0228 WW4XX 0355 A 83 GA KD2P 0084 A 79 SNJ
QSO: 07005 CW 2025-11-02 0229 WW4XX 0356 A 83 GA N0AX 0454 M 72 MO
QSO: 07005 CW 2025-11-02 0229 WW4XX 0357 A 83 GA KC9K 0091 B 79 IL
QSO: 07005 CW 2025-11-02 0230 WW4XX 0358 A 83 GA N9CIQ 0189 B 78 WI
QSO: 07005 CW 2025-11-02 0231 WW4XX 0359 A 83 GA W1HRB 0005 A 22 MI
QSO: 07005 CW 2025-11-02 0233 WW4XX 0360 A 83 GA VE3KOT 0145 A 21 GH
QSO: 07005 CW 2025-11-02 0234 WW4XX 0361 A 83 GA WR3Z 0329 U 77 MDC
QSO: 14029 CW 2025-11-02 0235 WW4XX 0362 A 83 GA W6LD 0334 U 68 SCV
QSO: 07005 CW 2025-11-02 0236 WW4XX 0363 A 83 GA N9OH 0031 U 94 SFL
QSO: 14032 CW 2025-11-02 0237 WW4XX 0364 A 83 GA N5ZO 0538 U 79 SDG
QSO: 14034 CW 2025-11-02 0237 WW4XX 0365 A 83 GA K7GK 0465 B 85 EB
QSO: 07005 CW 2025-11-02 0239 WW4XX 0367 A 83 GA K4GM 0082 U 64 VA
QSO: 07005 CW 2025-11-02 0239 WW4XX 0368 A 83 GA K9CT 0448 U 67 IL
QSO: 07005 CW 2025-11-02 0239 WW4XX 0369 A 83 GA WD9CIR 0114 A 77 IL
QSO: 14037 CW 2025-11-02 0240 WW4XX 0366 A 83 GA VE7IO 0040 B 75 BC
QSO: 07005 CW 2025-11-02 0240 WW4XX 0370 A 83 GA N2GA 0187 A 91 NLI
QSO: 07005 CW 2025-11-02 0242 WW4XX 0371 A 83 GA KD0B 0038 A 14 MN
QSO: 07005 CW 2025-11-02 0242 WW4XX 0372 A 83 GA WO7U 0077 U 90 MO
QSO: 07005 CW 2025-11-02 0242 WW4XX 0373 A 83 GA N9CO 0351 U 73 IL
QSO: 07005 CW 2025-11-02 0243 WW4XX 0374 A 83 GA N8FYL 0108 U 59 MI
QSO: 07005 CW 2025-11-02 0244 WW4XX 0375 A 83 GA VA3FN 0093 A 02 ONS
QSO: 07005 CW 2025-11-02 0244 WW4XX 0376 A 83 GA W5AFV 0091 M 66 STX
QSO: 07005 CW 2025-11-02 0244 WW4XX 0377 A 83 GA K5LSU 0098 S 23 LA
QSO: 07005 CW 2025-11-02 0246 WW4XX 0378 A 83 GA WA5BDU 0099 A 62 AR
QSO: 14025 CW 2025-11-02 0246 WW4XX 0379 A 83 GA KH7X 0487 B 66 AZ
QSO: 07005 CW 2025-11-02 0247 WW4XX 0380 A 83 GA NR0P 0070 U 91 KS
QSO: 07005 CW 2025-11-02 0247 WW4XX 0381 A 83 GA AC8Y 0276 B 76 VA
QSO: 07005 CW 2025-11-02 0250 WW4XX 0382 A 83 GA KA1IOR 0020 U 82 EMA
QSO: 03554 CW 2025-11-02 0256 WW4XX 0383 A 83 GA K0RAY 0205 B 78 MO
QSO: 03555 CW 2025-11-02 0257 WW4XX 0384 A 83 GA K1TH 0032 A 65 EMA
QSO: 03555 CW 2025-11-02 0300 WW4XX 0385 A 83 GA AC2YD 0133 Q 70 NNJ
QSO: 07036 CW 2025-11-02 0304 WW4XX 0386 A 83 GA W1RH 0367 U 63 SV
QSO: 03554 CW 2025-11-02 0305 WW4XX 0387 A 83 GA K8BL 0251 U 61 OH
QSO: 03554 CW 2025-11-02 0306 WW4XX 0388 A 83 GA W8FJ 0173 U 58 EPA
QSO: 07041 CW 2025-11-02 0307 WW4XX 0389 A 83 GA K9DX/3 0354 B 51 DE
QSO: 03554 CW 2025-11-02 0308 WW4XX 0390 A 83 GA KI1G 0498 U 76 RI
QSO: 03554 CW 2025-11-02 0310 WW4XX 0391 A 83 GA VA3OKG 0132 A 20 ONS
QSO: 03554 CW 2025-11-02 0310 WW4XX 0392 A 83 GA NS4X 0103 U 79 TN
QSO: 07042 CW 2025-11-02 0311 WW4XX 0393 A 83 GA K4MI 0194 U 05 VA
QSO: 07044 CW 2025-11-02 0314 WW4XX 0394 A 83 GA KV0I 0316 U 61 NE
QSO: 07047 CW 2025-11-02 0315 WW4XX 0395 A 83 GA K9OM 0235 U 63 WI
QSO: 07048 CW 2025-11-02 0318 WW4XX 0396 A 83 GA VA7RR 0498 B 73 BC
QSO: 03554 CW 2025-11-02 0318 WW4XX 0397 A 83 GA K4XD 0049 U 06 NC
QSO: 03553 CW 2025-11-02 0319 WW4XX 0398 A 83 GA K4ZW 0495 B 77 VA
QSO: 03553 CW 2025-11-02 0322 WW4XX 0399 A 83 GA W1KM 0142 A 62 EMA
QSO: 03538 CW 2025-11-02 0325 WW4XX 0400 A 83 GA N4UW 0263 M 76 TN
QSO: 07052 CW 2025-11-02 0326 WW4XX 0401 A 83 GA WX5S 0370 U 69 SCV
QSO: 07053 CW 2025-11-02 0328 WW4XX 0402 A 83 GA WJ1U 0236 U 89 NH
QSO: 07054 CW 2025-11-02 0331 WW4XX 0403 A 83 GA VA1EET 0326 M 93 NS
QSO: 07054 CW 2025-11-02 0332 WW4XX 0404 A 83 GA K7QA 0415 U 58 MT
QSO: 07054 CW 2025-11-02 0333 WW4XX 0405 A 83 GA W3FAY 0101 U 75 MDC
QSO: 07054 CW 2025-11-02 0333 WW4XX 0406 A 83 GA KB0NES 0133 U 94 MN
QSO: 07054 CW 2025-11-02 0334 WW4XX 0407 A 83 GA W7ZRC 0125 U 54 ID
QSO: 07054 CW 2025-11-02 0336 WW4XX 0409 A 83 GA NN4N 0339 M 55 SFL
QSO: 07054 CW 2025-11-02 0337 WW4XX 0410 A 83 GA W6FB 0221 U 71 LA
QSO: 03538 CW 2025-11-02 0337 WW4XX 0408 A 83 GA K8MP 0242 B 62 OH
QSO: 03538 CW 2025-11-02 0339 WW4XX 0411 A 83 GA K1AR 0454 U 69 NH
QSO: 03538 CW 2025-11-02 0340 WW4XX 0412 A 83 GA N4ZZ 0530 U 57 TN
QSO: 07057 CW 2025-11-02 0342 WW4XX 0413 A 83 GA AA0AW 0111 U 86 MN
QSO: 03538 CW 2025-11-02 0343 WW4XX 0414 A 83 GA KY0Q 0289 U 68 IL
QSO: 03538 CW 2025-11-02 0344 WW4XX 0415 A 83 GA N4QS 0396 M 67 KY
QSO: 07063 CW 2025-11-02 0345 WW4XX 0416 A 83 GA K5DB 0304 U 69 AR
QSO: 03538 CW 2025-11-02 0347 WW4XX 0417 A 83 GA WB3EML 0116 A 77 WPA
QSO: 03538 CW 2025-11-02 0348 WW4XX 0418 A 83 GA WQ5L 0398 A 81 MS
QSO: 07014 CW 2025-11-02 0351 WW4XX 0419 A 83 GA WA7LNW 0445 A 69 UT
QSO: 03538 CW 2025-11-02 0352 WW4XX 0420 A 83 GA W9SN 0459 A 79 TN
QSO: 03538 CW 2025-11-02 0353 WW4XX 0421 A 83 GA K2QO 0102 U 93 WNY
QSO: 03538 CW 2025-11-02 0354 WW4XX 0422 A 83 GA K3WU 0330 A 71 EPA
QSO: 07016 CW 2025-11-02 0356 WW4XX 0423 A 83 GA KD9QS 0115 A 85 MDC
QSO: 03538 CW 2025-11-02 0358 WW4XX 0424 A 83 GA K1AV 0075 B 70 RI
QSO: 03538 CW 2025-11-02 0359 WW4XX 0425 A 83 GA AG4TT 0253 M 21 NC
QSO: 03538 CW 2025-11-02 0359 WW4XX 0426 A 83 GA WF7T 0342 U 75 TN
QSO: 03538 CW 2025-11-02 0400 WW4XX 0427 A 83 GA WB9UGX 0066 A 76 IL
QSO: 03538 CW 2025-11-02 0401 WW4XX 0428 A 83 GA VE3SMA 0200 A 74 GH
QSO: 03538 CW 2025-11-02 0402 WW4XX 0429 A 83 GA N3QE 0459 U 78 MDC
QSO: 03538 CW 2025-11-02 0403 WW4XX 0430 A 83 GA W4IX 0340 A 77 SC
QSO: 07022 CW 2025-11-02 0406 WW4XX 0431 A 83 GA N2MM 0245 U 60 SNJ
QSO: 03538 CW 2025-11-02 0407 WW4XX 0432 A 83 GA WB8BZK 0187 U 68 IL
QSO: 07025 CW 2025-11-02 0411 WW4XX 0434 A 83 GA K4OV 0380 U 78 NC
QSO: 07026 CW 2025-11-02 0412 WW4XX 0435 A 83 GA WW2Y 0490 M 76 NNY
QSO: 03537 CW 2025-11-02 0417 WW4XX 0436 A 83 GA K1LT 0455 U 69 OH
QSO: 03535 CW 2025-11-02 0419 WW4XX 0437 A 83 GA KN7T 0233 A 76 WWA
QSO: 03535 CW 2025-11-02 0420 WW4XX 0438 A 83 GA WB3X 0070 U 71 SC
QSO: 07027 CW 2025-11-02 0423 WW4XX 0439 A 83 GA WJ0W 0261 U 71 ND
QSO: 07028 CW 2025-11-02 0428 WW4XX 0440 A 83 GA KP2M 0388 B 71 VI
QSO: 07032 CW 2025-11-02 0431 WW4XX 0441 A 83 GA K3TW 0191 Q 63 NFL
QSO: 07034 CW 2025-11-02 0434 WW4XX 0442 A 83 GA KF6I 0247 U 74 ORG
QSO: 07035 CW 2025-11-02 0435 WW4XX 0443 A 83 GA K1ZZ 0307 U 62 CT
QSO: 07036 CW 2025-11-02 0435 WW4XX 0444 A 83 GA N3RS 0180 A 53 EPA
QSO: 07038 CW 2025-11-02 0436 WW4XX 0445 A 83 GA K7BG 0062 U 75 SD
QSO: 07039 CW 2025-11-02 0438 WW4XX 0446 A 83 GA WD0GTY 0147 M 78 OK
QSO: 07045 CW 2025-11-02 0444 WW4XX 0447 A 83 GA NC6K 0146 U 77 CO
QSO: 07050 CW 2025-11-02 0449 WW4XX 0448 A 83 GA KE6GLA 0144 B 95 SV
QSO: 07051 CW 2025-11-02 0450 WW4XX 0449 A 83 GA W1YL 0109 A 46 SFL
QSO: 07056 CW 2025-11-02 0454 WW4XX 0450 A 83 GA W0TT 0103 U 78 MO
QSO: 07062 CW 2025-11-02 0500 WW4XX 0451 A 83 GA WB2JUF 0011 A 72 NLI
QSO: 07018 CW 2025-11-02 0502 WW4XX 0452 A 83 GA KZ9V 0073 A 74 WI
QSO: 03513 CW 2025-11-02 0503 WW4XX 0453 A 83 GA K0TI 0236 A 71 MN
QSO: 07018 CW 2025-11-02 0504 WW4XX 0454 A 83 GA KA2FIR 0065 A 79 NNJ
QSO: 07018 CW 2025-11-02 0505 WW4XX 0455 A 83 GA N3XF 0436 U 65 WPA
QSO: 07018 CW 2025-11-02 0506 WW4XX 0456 A 83 GA N5EP 0084 U 66 IL
QSO: 07018 CW 2025-11-02 0506 WW4XX 0457 A 83 GA N5TOO 0018 B 60 GA
QSO: 07018 CW 2025-11-02 0506 WW4XX 0458 A 83 GA K9YC 0438 U 55 SCV
QSO: 03517 CW 2025-11-02 0508 WW4XX 0459 A 83 GA N3FR 0319 A 91 WPA
QSO: 07018 CW 2025-11-02 0509 WW4XX 0460 A 83 GA N2GC 0502 B 75 NLI
QSO: 07018 CW 2025-11-02 0511 WW4XX 0461 A 83 GA KT0A 0421 U 68 SD
QSO: 07018 CW 2025-11-02 0511 WW4XX 0462 A 83 GA KC9EE 0323 A 76 IL
QSO: 07018 CW 2025-11-02 0513 WW4XX 0463 A 83 GA N8EM 0016 A 79 MI
QSO: 07018 CW 2025-11-02 0514 WW4XX 0464 A 83 GA NW0X 0182 U 94 ND
QSO: 07018 CW 2025-11-02 0517 WW4XX 0465 A 83 GA K0MLD 0163 A 74 CO
QSO: 03520 CW 2025-11-02 0518 WW4XX 0466 A 83 GA VE3BR 0079 B 75 GH
QSO: 07018 CW 2025-11-02 0519 WW4XX 0468 A 83 GA K3RA 0452 U 58 MDC
QSO: 03522 CW 2025-11-02 0520 WW4XX 0467 A 83 GA N4HAI 0171 U 80 OH
QSO: 07018 CW 2025-11-02 0521 WW4XX 0469 A 83 GA AB0S 0492 U 69 NE
QSO: 07018 CW 2025-11-02 0522 WW4XX 0470 A 83 GA AA4RY 0234 U 90 TN
QSO: 07018 CW 2025-11-02 0522 WW4XX 0471 A 83 GA VE3NNT 0504 U 68 ONE
QSO: 07018 CW 2025-11-02 0523 WW4XX 0472 A 83 GA N7IR 0253 Q 63 AZ
QSO: 07018 CW 2025-11-02 0524 WW4XX 0473 A 83 GA W5JK 0007 U 68 NTX
QSO: 07018 CW 2025-11-02 0525 WW4XX 0474 A 83 GA WT9U 0509 U 75 IN
QSO: 07018 CW 2025-11-02 0526 WW4XX 0475 A 83 GA K0CD 0046 A 76 WI
QSO: 03525 CW 2025-11-02 0529 WW4XX 0476 A 83 GA K4PV 0006 B 65 NFL
QSO: 03528 CW 2025-11-02 0530 WW4XX 0477 A 83 GA AC0W 0401 A 79 MN
QSO: 07018 CW 2025-11-02 0530 WW4XX 0478 A 83 GA K3KU 0275 A 60 MDC
QSO: 03528 CW 2025-11-02 0531 WW4XX 0479 A 83 GA W4NF 0517 U 75 VA
QSO: 03529 CW 2025-11-02 0532 WW4XX 0480 A 83 GA K4BAI 0539 B 54 GA
QSO: 03530 CW 2025-11-02 0533 WW4XX 0481 A 83 GA AA0FO 0246 U 71 KS
QSO: 07018 CW 2025-11-02 0533 WW4XX 0482 A 83 GA K5CM 0047 B 59 OK
QSO: 07018 CW 2025-11-02 0534 WW4XX 0483 A 83 GA K4FT 0301 A 86 SC
QSO: 07018 CW 2025-11-02 0536 WW4XX 0484 A 83 GA N3RC 0104 B 57 SF
QSO: 07018 CW 2025-11-02 0537 WW4XX 0485 A 83 GA N7VS 0062 A 65 OR
QSO: 03536 CW 2025-11-02 0539 WW4XX 0486 A 83 GA K1AJ 0129 A 65 ME
QSO: 07018 CW 2025-11-02 0540 WW4XX 0487 A 83 GA K6RC 0465 U 57 SV
QSO: 07018 CW 2025-11-02 0541 WW4XX 0488 A 83 GA AJ3M 0066 U 97 MDC
QSO: 07018 CW 2025-11-02 0542 WW4XX 0489 A 83 GA K7VU 0301 U 66 WY
QSO: 07018 CW 2025-11-02 0543 WW4XX 0490 A 83 GA W8FN 0501 B 64 NC
QSO: 03542 CW 2025-11-02 0545 WW4XX 0491 A 83 GA N0RC 0275 U 00 KS
QSO: 03544 CW 2025-11-02 0547 WW4XX 0492 A 83 GA K2WK 0326 U 66 VA
QSO: 07018 CW 2025-11-02 0548 WW4XX 0493 A 83 GA K2TF 0210 A 78 SNJ
QSO: 03546 CW 2025-11-02 0549 WW4XX 0494 A 83 GA KT4XA 0460 M 21 AL
QSO: 03547 CW 2025-11-02 0550 WW4XX 0495 A 83 GA N4OGW 0658 B 86 MS
QSO: 07018 CW 2025-11-02 0551 WW4XX 0496 A 83 GA N3MA 0003 A 71 EPA
QSO: 03549 CW 2025-11-02 0552 WW4XX 0497 A 83 GA K8TW 0356 M 69 KY
QSO: 03555 CW 2025-11-02 0556 WW4XX 0498 A 83 GA N0HJZ 0391 U 80 MN
QSO: 03536 CW 2025-11-02 0559 WW4XX 0499 A 83 GA K2YR 0116 U 75 ENY
QSO: 03523 CW 2025-11-02 0601 WW4XX 0500 A 83 GA VE4XT 0266 U 82 MB
QSO: 03540 CW 2025-11-02 1122 WW4XX 0501 A 83 GA N5ZC 0364 U 79 WTX
QSO: 03531 CW 2025-11-02 1124 WW4XX 0502 A 83 GA N0YY 0465 U 67 VA
QSO: 03524 CW 2025-11-02 1126 WW4XX 0503 A 83 GA N4OO 0443 A 76 GA
QSO: 07025 CW 2025-11-02 1128 WW4XX 0505 A 83 GA W1FM 0289 M 61 EMA
QSO: 03556 CW 2025-11-02 1129 WW4XX 0504 A 83 GA KQ4R 0149 B 98 NFL
QSO: 03556 CW 2025-11-02 1130 WW4XX 0506 A 83 GA WF3T 0093 A 88 KY
QSO: 03556 CW 2025-11-02 1131 WW4XX 0507 A 83 GA WA2CP 0108 U 01 NLI
QSO: 07027 CW 2025-11-02 1132 WW4XX 0508 A 83 GA NM4AA 0301 A 06 NFL
QSO: 03556 CW 2025-11-02 1133 WW4XX 0509 A 83 GA N7US 0117 U 64 IL
QSO: 07031 CW 2025-11-02 1136 WW4XX 0510 A 83 GA K1RM 0226 B 58 CT
QSO: 07033 CW 2025-11-02 1138 WW4XX 0511 A 83 GA K0BH 0399 A 17 CO
QSO: 03556 CW 2025-11-02 1139 WW4XX 0512 A 83 GA N0BM 0085 A 65 MN
QSO: 07034 CW 2025-11-02 1140 WW4XX 0513 A 83 GA N4KS 0447 B 65 NFL
QSO: 07035 CW 2025-11-02 1141 WW4XX 0514 A 83 GA N1LN 0383 U 64 NC
QSO: 03556 CW 2025-11-02 1142 WW4XX 0515 A 83 GA K5XU 0147 A 69 MS
QSO: 03556 CW 2025-11-02 1144 WW4XX 0516 A 83 GA W1WBB 0405 A 77 RI
QSO: 03556 CW 2025-11-02 1146 WW4XX 0517 A 83 GA N3LL 0232 M 41 WPA
QSO: 07036 CW 2025-11-02 1148 WW4XX 0518 A 83 GA W2CS 0129 U 60 EMA
QSO: 07036 CW 2025-11-02 1149 WW4XX 0519 A 83 GA KI7Y 0353 U 59 OR
QSO: 03556 CW 2025-11-02 1150 WW4XX 0520 A 83 GA W9XT 0085 U 70 WI
QSO: 03556 CW 2025-11-02 1155 WW4XX 0522 A 83 GA N0UR 0173 Q 67 MN
QSO: 07038 CW 2025-11-02 1155 WW4XX 0521 A 83 GA N1QD 0293 U 02 EMA
QSO: 03556 CW 2025-11-02 1157 WW4XX 0523 A 83 GA KJ4M 0182 Q 75 AL
QSO: 07042 CW 2025-11-02 1200 WW4XX 0524 A 83 GA VA3SB 0163 A 71 ONE
QSO: 03556 CW 2025-11-02 1203 WW4XX 0526 A 83 GA K8DX 0165 A 81 MI
QSO: 03556 CW 2025-11-02 1204 WW4XX 0527 A 83 GA K9WX 0034 U 93 IN
QSO: 07046 CW 2025-11-02 1205 WW4XX 0525 A 83 GA K1ESE 0222 U 59 ME
QSO: 03556 CW 2025-11-02 1207 WW4XX 0528 A 83 GA KD4S 0077 U 59 SC
QSO: 07050 CW 2025-11-02 1210 WW4XX 0529 A 83 GA VE2ZQ 0132 A 93 QC
QSO: 03541 CW 2025-11-02 1217 WW4XX 0530 A 83 GA K5MR 0387 A 70 NTX
QSO: 07053 CW 2025-11-02 1220 WW4XX 0531 A 83 GA NN1SS 0219 U 63 NH
QSO: 07053 CW 2025-11-02 1221 WW4XX 0532 A 83 GA N9CK 0185 A 67 WI
QSO: 07054 CW 2025-11-02 1225 WW4XX 0533 A 83 GA KB1EFS 0242 A 99 EMA
QSO: 07055 CW 2025-11-02 1226 WW4XX 0534 A 83 GA K0DEQ 0169 B 55 MO
QSO: 07059 CW 2025-11-02 1228 WW4XX 0535 A 83 GA N2ZN 0250 B 94 WNY
QSO: 07061 CW 2025-11-02 1230 WW4XX 0536 A 83 GA N8VW 0081 A 81 OH
QSO: 07064 CW 2025-11-02 1231 WW4XX 0537 A 83 GA AA4NP 0088 U 75 SFL
QSO: 07066 CW 2025-11-02 1234 WW4XX 0538 A 83 GA KA8JBK 0196 A 80 MI
QSO: 03535 CW 2025-11-02 1237 WW4XX 0539 A 83 GA WO4O 0007 U 69 NFL
QSO: 14042 CW 2025-11-02 1241 WW4XX 0540 A 83 GA N1BA 0003 B 76 NH
QSO: 07063 CW 2025-11-02 1246 WW4XX 0541 A 83 GA W1WEF 0537 B 52 CT
QSO: 07064 CW 2025-11-02 1249 WW4XX 0542 A 83 GA W8MK 0113 Q 76 MI
QSO: 07062 CW 2025-11-02 1250 WW4XX 0543 A 83 GA WN7S 0332 B 61 VA
QSO: 07061 CW 2025-11-02 1251 WW4XX 0544 A 83 GA NN7A 0153 A 62 CO
QSO: 14034 CW 2025-11-02 1252 WW4XX 0545 A 83 GA VA1EET 0453 M 93 NS
QSO: 07061 CW 2025-11-02 1253 WW4XX 0546 A 83 GA N4IIT 0083 U 23 GA
QSO: 07061 CW 2025-11-02 1253 WW4XX 0547 A 83 GA KA8HDE 0208 A 79 MN
QSO: 07061 CW 2025-11-02 1256 WW4XX 0548 A 83 GA N9HDE 0178 A 85 IA
QSO: 07061 CW 2025-11-02 1257 WW4XX 0549 A 83 GA W9RNY 0330 A 75 IL
QSO: 07061 CW 2025-11-02 1300 WW4XX 0550 A 83 GA N4CW 0428 B 56 NC
QSO: 07061 CW 2025-11-02 1302 WW4XX 0551 A 83 GA NW8U 0238 U 69 WV
QSO: 07061 CW 2025-11-02 1304 WW4XX 0552 A 83 GA WR3Z 0632 U 77 MDC
QSO: 07061 CW 2025-11-02 1304 WW4XX 0553 A 83 GA WA8KAN 0284 U 63 WV
QSO: 07061 CW 2025-11-02 1305 WW4XX 0554 A 83 GA ND8L 0084 U 64 NFL
QSO: 07061 CW 2025-11-02 1307 WW4XX 0555 A 83 GA AF4T 0326 U 69 TN
QSO: 07061 CW 2025-11-02 1308 WW4XX 0556 A 83 GA AC5K 0210 U 72 MO
QSO: 07061 CW 2025-11-02 1311 WW4XX 0557 A 83 GA K0ACP 0152 U 83 MI
QSO: 07061 CW 2025-11-02 1312 WW4XX 0558 A 83 GA KA0BMX 0084 A 78 KS
QSO: 14033 CW 2025-11-02 1314 WW4XX 0559 A 83 GA N5JJ 0445 U 93 STX
QSO: 07061 CW 2025-11-02 1314 WW4XX 0560 A 83 GA KS9W 0151 U 76 CO
QSO: 07061 CW 2025-11-02 1317 WW4XX 0561 A 83 GA W9FFA 0027 U 84 IN
QSO: 07061 CW 2025-11-02 1318 WW4XX 0562 A 83 GA WA3EOQ 0181 A 65 MDC
QSO: 07061 CW 2025-11-02 1320 WW4XX 0563 A 83 GA W2PA 0163 U 69 ENY
QSO: 14026 CW 2025-11-02 1321 WW4XX 0564 A 83 GA N3OC 0427 U 73 MDC
QSO: 07004 CW 2025-11-02 1328 WW4XX 0565 A 83 GA K4RUM 0341 U 76 NLI
QSO: 07005 CW 2025-11-02 1330 WW4XX 0566 A 83 GA K8AC 0362 A 59 NC
QSO: 07007 CW 2025-11-02 1330 WW4XX 0567 A 83 GA K4RO 0045 A 76 TN
QSO: 14019 CW 2025-11-02 1331 WW4XX 0568 A 83 GA W0PB 0106 A 73 IA
QSO: 07007 CW 2025-11-02 1333 WW4XX 0569 A 83 GA KN2D 0108 A 70 NFL
QSO: 14020 CW 2025-11-02 1337 WW4XX 0570 A 83 GA KI9A 0368 U 78 IL
QSO: 14031 CW 2025-11-02 1340 WW4XX 0572 A 83 GA K0HC 0545 S 97 KS
QSO: 14036 CW 2025-11-02 1342 WW4XX 0573 A 83 GA K0VBU 0459 U 59 KS
QSO: 14041 CW 2025-11-02 1344 WW4XX 0574 A 83 GA N9MSG 0076 A 91 IL
QSO: 07007 CW 2025-11-02 1345 WW4XX 0571 A 83 GA K2PI 0150 Q 77 VA
QSO: 14053 CW 2025-11-02 1348 WW4XX 0575 A 83 GA AE0HQ 0149 U 24 KS
QSO: 07010 CW 2025-11-02 1352 WW4XX 0577 A 83 GA N2IC 0071 U 68 NM
QSO: 07010 CW 2025-11-02 1354 WW4XX 0578 A 83 GA N5CHA 0166 A 80 NTX
QSO: 14049 CW 2025-11-02 1355 WW4XX 0579 A 83 GA K4NMR 0362 B 08 WCF
QSO: 14045 CW 2025-11-02 1358 WW4XX 0580 A 83 GA WA1S 0079 A 79 NFL
QSO: 07013 CW 2025-11-02 1400 WW4XX 0582 A 83 GA W3TB 0161 A 62 TN
QSO: 07018 CW 2025-11-02 1404 WW4XX 0583 A 83 GA NM5M 0067 U 76 NTX
QSO: 07027 CW 2025-11-02 1408 WW4XX 0584 A 83 GA K2SE 0258 U 76 SNJ
QSO: 07029 CW 2025-11-02 1409 WW4XX 0585 A 83 GA N8PE 0449 A 82 OH
QSO: 07031 CW 2025-11-02 1410 WW4XX 0586 A 83 GA KB8GAE 0216 A 88 OH
QSO: 14053 CW 2025-11-02 1420 WW4XX 0581 A 83 GA W1FA 0098 Q 75 EMA
QSO: 07035 CW 2025-11-02 1425 WW4XX 0587 A 83 GA N8II 0260 A 70 WV
QSO: 07037 CW 2025-11-02 1427 WW4XX 0588 A 83 GA K8BZ 0188 B 71 MI
QSO: 07041 CW 2025-11-02 1429 WW4XX 0589 A 83 GA KE4KY 0557 B 75 KY
QSO: 07043 CW 2025-11-02 1430 WW4XX 0590 A 83 GA WT2P 0201 U 94 IL
QSO: 14063 CW 2025-11-02 1431 WW4XX 0591 A 83 GA K9NW 0536 U 79 IN
QSO: 14063 CW 2025-11-02 1433 WW4XX 0592 A 83 GA N1WR 0173 U 61 VA
QSO: 14063 CW 2025-11-02 1435 WW4XX 0593 A 83 GA N4CF 0232 A 62 VA
QSO: 07052 CW 2025-11-02 1437 WW4XX 0594 A 83 GA K3EU 0085 B 96 MDC
QSO: 07055 CW 2025-11-02 1439 WW4XX 0595 A 83 GA W1NSK 0029 A 69 CT
QSO: 14063 CW 2025-11-02 1440 WW4XX 0596 A 83 GA VA6RCN 0266 A 89 AB
QSO: 14063 CW 2025-11-02 1441 WW4XX 0597 A 83 GA KW9A 0193 B 77 IL
QSO: 14063 CW 2025-11-02 1442 WW4XX 0598 A 83 GA W1FJ 0077 Q 55 EMA
QSO: 07050 CW 2025-11-02 1444 WW4XX 0599 A 83 GA K3PRC 0156 U 10 MDC
QSO: 07050 CW 2025-11-02 1445 WW4XX 0600 A 83 GA W8UE 0225 A 67 MI
QSO: 07050 CW 2025-11-02 1446 WW4XX 0601 A 83 GA AF4NW 0230 B 68 NC
QSO: 07050 CW 2025-11-02 1446 WW4XX 0602 A 83 GA K9JWI 0167 A 57 IN
QSO: 07050 CW 2025-11-02 1448 WW4XX 0603 A 83 GA KU5J 0006 U 20 AR
QSO: 14059 CW 2025-11-02 1450 WW4XX 0604 A 83 GA KB1W 0528 U 79 WMA
QSO: 14057 CW 2025-11-02 1451 WW4XX 0605 A 83 GA VE3MGY 0515 U 91 ONS
QSO: 14056 CW 2025-11-02 1452 WW4XX 0606 A 83 GA KT5V 0079 B 75 NTX
QSO: 14056 CW 2025-11-02 1454 WW4XX 0607 A 83 GA N9TK 0306 U 69 IL
QSO: 14054 CW 2025-11-02 1459 WW4XX 0608 A 83 GA N5TJ 0350 U 78 STX
QSO: 14052 CW 2025-11-02 1500 WW4XX 0609 A 83 GA WF4W 0385 B 89 GA
QSO: 14050 CW 2025-11-02 1501 WW4XX 0610 A 83 GA W0ZA 0526 U 74 NE
QSO: 14048 CW 2025-11-02 1502 WW4XX 0611 A 83 GA W4TM 0269 U 76 GA
QSO: 14047 CW 2025-11-02 1503 WW4XX 0612 A 83 GA N6AR 0417 U 59 NFL
QSO: 07050 CW 2025-11-02 1506 WW4XX 0614 A 83 GA N3ZP 0023 A 61 EPA
QSO: 07050 CW 2025-11-02 1507 WW4XX 0615 A 83 GA NE8O/4 0084 A 64 NC
QSO: 14033 CW 2025-11-02 1510 WW4XX 0616 A 83 GA NU6N 0349 A 17 SCV
QSO: 14032 CW 2025-11-02 1511 WW4XX 0617 A 83 GA K6JS 0458 U 74 SF
QSO: 14029 CW 2025-11-02 1513 WW4XX 0618 A 83 GA VE3EY 0203 B 79 GH
QSO: 14027 CW 2025-11-02 1516 WW4XX 0619 A 83 GA AD4EB 0226 U 72 TN
QSO: 14023 CW 2025-11-02 1519 WW4XX 0620 A 83 GA K7JQ 0245 B 59 AZ
QSO: 14055 CW 2025-11-02 1524 WW4XX 0621 A 83 GA VE5SF 0054 A 90 SK
QSO: 14070 CW 2025-11-02 1528 WW4XX 0622 A 83 GA W0ZQ 0280 B 70 MN
QSO: 14015 CW 2025-11-02 1532 WW4XX 0623 A 83 GA K4QPL 0268 B 57 NC
QSO: 14021 CW 2025-11-02 1533 WW4XX 0624 A 83 GA WU8T 0252 U 68 WWA
QSO: 14025 CW 2025-11-02 1537 WW4XX 0625 A 83 GA N7YK 0238 B 64 NV
QSO: 14012 CW 2025-11-02 1543 WW4XX 0626 A 83 GA W5NE 0530 U 55 NTX
QSO: 14011 CW 2025-11-02 1545 WW4XX 0627 A 83 GA AA4TI 0130 U 64 WCF
QSO: 07048 CW 2025-11-02 1546 WW4XX 0628 A 83 GA WG3K 0095 A 97 MDC
QSO: 14011 CW 2025-11-02 1549 WW4XX 0629 A 83 GA K0VW 0093 B 57 WI
QSO: 14011 CW 2025-11-02 1552 WW4XX 0630 A 83 GA WA8YZB 0086 A 67 MI
QSO: 14011 CW 2025-11-02 1552 WW4XX 0631 A 83 GA VA3FH 0001 B 98 ONS
QSO: 14011 CW 2025-11-02 1554 WW4XX 0632 A 83 GA NW8Y 0006 A 24 MI
QSO: 14011 CW 2025-11-02 1556 WW4XX 0634 A 83 GA KI0Y 0162 B 95 MO
QSO: 14011 CW 2025-11-02 1557 WW4XX 0635 A 83 GA K9DR 0054 U 58 WY
QSO: 07031 CW 2025-11-02 1558 WW4XX 0633 A 83 GA K8BB 0136 A 91 MI
QSO: 07030 CW 2025-11-02 1559 WW4XX 0636 A 83 GA N4DJ 0079 U 61 VA
QSO: 14011 CW 2025-11-02 1559 WW4XX 0637 A 83 GA K6MMM 0465 U 11 SCV
QSO: 14011 CW 2025-11-02 1602 WW4XX 0638 A 83 GA AE5MM 0112 A 76 OK
QSO: 14011 CW 2025-11-02 1603 WW4XX 0639 A 83 GA N0EG 0003 A 90 KS
QSO: 14010 CW 2025-11-02 1608 WW4XX 0640 A 83 GA AB2E 0423 U 67 SNJ
QSO: 14010 CW 2025-11-02 1609 WW4XX 0641 A 83 GA W6SX 0390 U 56 SJV
QSO: 21025 CW 2025-11-02 1611 WW4XX 0642 A 83 GA K0EA 0151 A 63 MN
QSO: 14010 CW 2025-11-02 1614 WW4XX 0644 A 83 GA K1ECU 0140 U 15 CT
QSO: 21029 CW 2025-11-02 1615 WW4XX 0643 A 83 GA N6MJ 0349 B 89 ORG
QSO: 14010 CW 2025-11-02 1617 WW4XX 0645 A 83 GA WW2P 0188 A 80 WNY
QSO: 14010 CW 2025-11-02 1618 WW4XX 0647 A 83 GA WE9R 0110 U 75 WI
QSO: 14010 CW 2025-11-02 1619 WW4XX 0648 A 83 GA K2IRM 0038 A 15 ENY
QSO: 14010 CW 2025-11-02 1620 WW4XX 0649 A 83 GA W8TDA 0097 A 74 OH
QSO: 14010 CW 2025-11-02 1620 WW4XX 0650 A 83 GA K0JJR 0133 B 02 MN
QSO: 14010 CW 2025-11-02 1621 WW4XX 0651 A 83 GA WA2OTC 0242 A 77 MDC
QSO: 14010 CW 2025-11-02 1623 WW4XX 0652 A 83 GA KA9VVQ 0153 M 86 WI
QSO: 21040 CW 2025-11-02 1627 WW4XX 0653 A 83 GA VE2FK 0300 U 59 QC
QSO: 14010 CW 2025-11-02 1631 WW4XX 0654 A 83 GA N9GUN 0122 U 87 IL
QSO: 14010 CW 2025-11-02 1632 WW4XX 0655 A 83 GA VE3TM 0410 U 73 ONE
QSO: 14010 CW 2025-11-02 1633 WW4XX 0656 A 83 GA WI3W 0023 A 98 EPA
QSO: 14010 CW 2025-11-02 1633 WW4XX 0657 A 83 GA K9CW 0241 U 64 IL
QSO: 21052 CW 2025-11-02 1635 WW4XX 0658 A 83 GA N2OO 0114 U 65 SNJ
QSO: 14010 CW 2025-11-02 1636 WW4XX 0659 A 83 GA K0ITC 0205 A 76 NE
QSO: 14010 CW 2025-11-02 1636 WW4XX 0660 A 83 GA KC0INP 0063 A 71 MN
QSO: 14010 CW 2025-11-02 1637 WW4XX 0661 A 83 GA AA2EQ 0158 U 91 WNY
QSO: 14010 CW 2025-11-02 1640 WW4XX 0662 A 83 GA K7EA 0077 A 55 UT
QSO: 14010 CW 2025-11-02 1640 WW4XX 0663 A 83 GA K0INN 0210 A 12 MO
QSO: 14010 CW 2025-11-02 1641 WW4XX 0664 A 83 GA KS7T 0254 A 56 MT
QSO: 14010 CW 2025-11-02 1642 WW4XX 0665 A 83 GA N1XK 0079 B 77 IA
QSO: 21041 CW 2025-11-02 1645 WW4XX 0666 A 83 GA VE5GC 0210 A 78 SK
QSO: 14010 CW 2025-11-02 1645 WW4XX 0667 A 83 GA K2AV 0478 U 58 NC
QSO: 14010 CW 2025-11-02 1647 WW4XX 0668 A 83 GA W0UY 0075 A 57 KS
QSO: 14010 CW 2025-11-02 1647 WW4XX 0669 A 83 GA W9VQ 0046 Q 83 IL
QSO: 14010 CW 2025-11-02 1650 WW4XX 0670 A 83 GA K2NV 0253 A 54 WNY
QSO: 21033 CW 2025-11-02 1653 WW4XX 0671 A 83 GA W1SRD 0291 U 74 SV
QSO: 14010 CW 2025-11-02 1654 WW4XX 0672 A 83 GA KA4GFY 0100 A 79 VA
QSO: 21028 CW 2025-11-02 1655 WW4XX 0673 A 83 GA AB5SE 0344 U 93 AR
QSO: 14010 CW 2025-11-02 1701 WW4XX 0674 A 83 GA W2NTN 0085 Q 68 NNJ
QSO: 14010 CW 2025-11-02 1702 WW4XX 0675 A 83 GA K0EWS 0109 A 00 IA
QSO: 14010 CW 2025-11-02 1703 WW4XX 0676 A 83 GA W3RJ 0003 A 60 EPA
QSO: 14015 CW 2025-11-02 1721 WW4XX 0678 A 83 GA AJ9C 0234 A 74 IN
QSO: 14020 CW 2025-11-02 1723 WW4XX 0679 A 83 GA K9MMS 0363 U 58 IL
QSO: 14020 CW 2025-11-02 1724 WW4XX 0680 A 83 GA WB0GKH 0169 A 72 WI
QSO: 21018 CW 2025-11-02 1726 WW4XX 0681 A 83 GA N6MU 0165 U 56 ORG
QSO: 14027 CW 2025-11-02 1728 WW4XX 0682 A 83 GA K7NEW 0305 A 64 WWA
QSO: 21057 CW 2025-11-02 1730 WW4XX 0683 A 83 GA K1MC 0120 B 59 EMA
QSO: 21057 CW 2025-11-02 1731 WW4XX 0684 A 83 GA AF7Z 0109 U 77 UT
QSO: 14031 CW 2025-11-02 1732 WW4XX 0685 A 83 GA N2NI 0413 U 78 ENY
QSO: 14040 CW 2025-11-02 1738 WW4XX 0686 A 83 GA W7SW 0095 U 68 AZ
QSO: 14041 CW 2025-11-02 1739 WW4XX 0687 A 83 GA N3RD 0210 U 63 EPA
QSO: 14045 CW 2025-11-02 1741 WW4XX 0688 A 83 GA N0AV 0171 B 68 IA
QSO: 21057 CW 2025-11-02 1742 WW4XX 0690 A 83 GA WB0N 0180 U 77 MN
QSO: 21057 CW 2025-11-02 1743 WW4XX 0691 A 83 GA WR2G 0021 U 63 NNJ
QSO: 21057 CW 2025-11-02 1744 WW4XX 0692 A 83 GA N7XCZ 0060 B 92 NV
QSO: 14046 CW 2025-11-02 1746 WW4XX 0689 A 83 GA K1GU 0116 A 61 TN
QSO: 14048 CW 2025-11-02 1747 WW4XX 0693 A 83 GA WB9HFK 0231 U 71 IL
QSO: 21057 CW 2025-11-02 1748 WW4XX 0694 A 83 GA K2JAY 0040 B 59 NNJ
QSO: 14050 CW 2025-11-02 1752 WW4XX 0696 A 83 GA WX6V 0163 U 61 SV
QSO: 21057 CW 2025-11-02 1754 WW4XX 0697 A 83 GA W1OP 0214 A 19 RI
QSO: 21057 CW 2025-11-02 1755 WW4XX 0698 A 83 GA W7HJL 0056 B 53 EWA
QSO: 14055 CW 2025-11-02 1757 WW4XX 0699 A 83 GA NJ2OM 0190 U 81 NNJ
QSO: 21057 CW 2025-11-02 1759 WW4XX 0700 A 83 GA N2JJ 0080 Q 59 ENY
QSO: 21057 CW 2025-11-02 1800 WW4XX 0701 A 83 GA N1NQD 0207 A 92 WNY
QSO: 14057 CW 2025-11-02 1801 WW4XX 0702 A 83 GA VE3UZ 0210 A 75 ONS
QSO: 14060 CW 2025-11-02 1804 WW4XX 0703 A 83 GA K5QQ 0213 A 55 MO
QSO: 14064 CW 2025-11-02 1806 WW4XX 0704 A 83 GA W4PM 0179 A 60 VA
QSO: 21057 CW 2025-11-02 1807 WW4XX 0705 A 83 GA WZ8T 0035 A 89 WWA
QSO: 21052 CW 2025-11-02 1813 WW4XX 0706 A 83 GA AA6PW 0109 U 89 ORG
QSO: 21050 CW 2025-11-02 1814 WW4XX 0707 A 83 GA K6NV 0295 U 62 SV
QSO: 21047 CW 2025-11-02 1816 WW4XX 0708 A 83 GA VE4GV 0045 A 72 MB
QSO: 21056 CW 2025-11-02 1820 WW4XX 0709 A 83 GA W1MJ 0128 A 70 EMA
QSO: 21060 CW 2025-11-02 1837 WW4XX 0710 A 83 GA VE9DX 0222 B 82 NB
QSO: 21063 CW 2025-11-02 1843 WW4XX 0711 A 83 GA AG1A 0079 A 90 EMA
QSO: 14017 CW 2025-11-02 1848 WW4XX 0712 A 83 GA K0RC 0156 U 62 MN
QSO: 14017 CW 2025-11-02 1848 WW4XX 0713 A 83 GA AI5G 0200 U 74 MO
QSO: 21063 CW 2025-11-02 1851 WW4XX 0714 A 83 GA KM3T 0210 B 80 NH
QSO: 14017 CW 2025-11-02 1853 WW4XX 0715 A 83 GA K0AV 0046 A 60 CO
QSO: 21017 CW 2025-11-02 1856 WW4XX 0716 A 83 GA N7AGP 0061 B 57 MT
QSO: 14017 CW 2025-11-02 1859 WW4XX 0717 A 83 GA KJ9C 0102 U 62 IN
QSO: 14017 CW 2025-11-02 1900 WW4XX 0718 A 83 GA K2TNO 0287 A 56 NC
QSO: 21021 CW 2025-11-02 1902 WW4XX 0719 A 83 GA W4CB 0410 B 13 VA
QSO: 14017 CW 2025-11-02 1906 WW4XX 0720 A 83 GA K0II 0122 A 60 MN
QSO: 14017 CW 2025-11-02 1909 WW4XX 0721 A 83 GA KZ4LY 0024 A 24 NC
QSO: 14017 CW 2025-11-02 1914 WW4XX 0722 A 83 GA KW4E 0090 A 64 WCF
QSO: 14017 CW 2025-11-02 1918 WW4XX 0723 A 83 GA W9YS 0154 U 76 IL
QSO: 14017 CW 2025-11-02 1920 WW4XX 0724 A 83 GA N2EIM 0118 A 13 NNJ
QSO: 14017 CW 2025-11-02 1921 WW4XX 0725 A 83 GA KD7LEE 0099 U 00 WWA
QSO: 21050 CW 2025-11-02 1922 WW4XX 0726 A 83 GA N5ILQ 0064 B 80 OK
QSO: 14017 CW 2025-11-02 1923 WW4XX 0727 A 83 GA NN2NN 0070 U 81 WNY
QSO: 14017 CW 2025-11-02 1924 WW4XX 0728 A 83 GA NX3Z 0229 U 63 MDC
QSO: 14017 CW 2025-11-02 1924 WW4XX 0729 A 83 GA W8GF 0077 A 55 MI
QSO: 14017 CW 2025-11-02 1925 WW4XX 0730 A 83 GA W4ATL 0132 B 80 GA
QSO: 14017 CW 2025-11-02 1926 WW4XX 0731 A 83 GA W2GDJ 0101 A 66 ENY
QSO: 14017 CW 2025-11-02 1929 WW4XX 0732 A 83 GA KD8W 0029 A 92 OH
QSO: 14017 CW 2025-11-02 1929 WW4XX 0733 A 83 GA K3PI 0486 A 71 NC
QSO: 14017 CW 2025-11-02 1932 WW4XX 0734 A 83 GA K2IY 0231 U 69 NLI
QSO: 14017 CW 2025-11-02 1934 WW4XX 0735 A 83 GA K1SWL 0028 Q 67 NH
QSO: 14017 CW 2025-11-02 1937 WW4XX 0736 A 83 GA W0KFG 0032 Q 67 MN
QSO: 14017 CW 2025-11-02 1938 WW4XX 0737 A 83 GA VE4DL 0056 A 11 MB
QSO: 14017 CW 2025-11-02 1940 WW4XX 0738 A 83 GA N1CT 0164 A 88 CT
QSO: 14017 CW 2025-11-02 1940 WW4XX 0739 A 83 GA W4JM 0202 A 77 SC
QSO: 14017 CW 2025-11-02 1942 WW4XX 0740 A 83 GA KD2HE 0037 A 63 SFL
QSO: 14017 CW 2025-11-02 1942 WW4XX 0741 A 83 GA KD9MS 0164 U 84 IL
QSO: 14017 CW 2025-11-02 1943 WW4XX 0742 A 83 GA N2PX 0142 U 71 NC
QSO: 14017 CW 2025-11-02 1944 WW4XX 0743 A 83 GA AD0CH 0126 A 83 KS
QSO: 14017 CW 2025-11-02 1946 WW4XX 0744 A 83 GA N5RP 0064 U 63 IL
QSO: 14017 CW 2025-11-02 1950 WW4XX 0746 A 83 GA WB4FSF 0007 A 67 NFL
QSO: 14017 CW 2025-11-02 1952 WW4XX 0747 A 83 GA KB3Z 0097 B 77 EPA
QSO: 14017 CW 2025-11-02 1954 WW4XX 0748 A 83 GA K2AL 0028 Q 69 NNJ
QSO: 14017 CW 2025-11-02 1954 WW4XX 0749 A 83 GA AI5IN 0410 B 68 STX
QSO: 14017 CW 2025-11-02 1955 WW4XX 0750 A 83 GA NK6A 0131 U 59 LAX
QSO: 21045 CW 2025-11-02 1959 WW4XX 0751 A 83 GA K5TA 0055 B 66 NM
QSO: 14017 CW 2025-11-02 2001 WW4XX 0752 A 83 GA AC7X 0002 A 65 NTX
QSO: 21045 CW 2025-11-02 2003 WW4XX 0753 A 83 GA W6OAT 0545 U 58 WWA
QSO: 14017 CW 2025-11-02 2004 WW4XX 0754 A 83 GA K2SX 0199 U 55 NC
QSO: 21040 CW 2025-11-02 2008 WW4XX 0755 A 83 GA N7ON 0286 A 75 NV
QSO: 21039 CW 2025-11-02 2011 WW4XX 0756 A 83 GA K4EJ 0251 A 70 WCF
QSO: 14017 CW 2025-11-02 2014 WW4XX 0757 A 83 GA NU0Q 0532 U 70 IA
QSO: 14017 CW 2025-11-02 2016 WW4XX 0759 A 83 GA K2UA 0044 B 81 WNY
QSO: 14017 CW 2025-11-02 2017 WW4XX 0760 A 83 GA VA1MM 0410 B 72 NS
QSO: 14017 CW 2025-11-02 2018 WW4XX 0761 A 83 GA K0FJ 0147 U 89 KS
QSO: 21022 CW 2025-11-02 2023 WW4XX 0762 A 83 GA VA7ST 0486 B 82 BC
QSO: 21021 CW 2025-11-02 2024 WW4XX 0763 A 83 GA N7OR 0125 A 77 OR
QSO: 21021 CW 2025-11-02 2025 WW4XX 0764 A 83 GA VE5CPU 0008 B 90 SK
QSO: 21021 CW 2025-11-02 2026 WW4XX 0765 A 83 GA WQ0A 0121 A 90 KS
QSO: 21021 CW 2025-11-02 2026 WW4XX 0766 A 83 GA NG7X 0069 U 18 AZ
QSO: 14004 CW 2025-11-02 2036 WW4XX 0767 A 83 GA N8EA 0020 A 57 MI
QSO: 21018 CW 2025-11-02 2041 WW4XX 0768 A 83 GA KA7EXM 0146 A 79 OR
QSO: 14011 CW 2025-11-02 2042 WW4XX 0769 A 83 GA NW3DC 0108 U 10 MDC
QSO: 14016 CW 2025-11-02 2044 WW4XX 0770 A 83 GA KA6W 0207 B 53 SV
QSO: 21018 CW 2025-11-02 2045 WW4XX 0771 A 83 GA W7ZOI 0018 Q 55 OR
QSO: 21018 CW 2025-11-02 2047 WW4XX 0772 A 83 GA K7FR 0194 Q 76 WWA
QSO: 14017 CW 2025-11-02 2048 WW4XX 0773 A 83 GA NJ4P 0105 U 19 TN
QSO: 21018 CW 2025-11-02 2050 WW4XX 0775 A 83 GA AC0E 0093 B 77 KS
QSO: 14018 CW 2025-11-02 2051 WW4XX 0774 A 83 GA KA3MTT 0155 B 84 KY
QSO: 21018 CW 2025-11-02 2053 WW4XX 0776 A 83 GA N0DL 0096 A 74 SD
QSO: 21018 CW 2025-11-02 2055 WW4XX 0777 A 83 GA W1LQ 0080 A 58 ME
QSO: 14026 CW 2025-11-02 2059 WW4XX 0778 A 83 GA AC5XK 0309 U 98 EMA
QSO: 14030 CW 2025-11-02 2102 WW4XX 0779 A 83 GA K3WT 0362 B 62 NFL
QSO: 21018 CW 2025-11-02 2106 WW4XX 0780 A 83 GA VE3RGO 0181 U 22 GH
QSO: 21018 CW 2025-11-02 2107 WW4XX 0781 A 83 GA N6YEU 0277 A 88 SF
QSO: 14022 CW 2025-11-02 2109 WW4XX 0782 A 83 GA KA1EFO 0092 A 80 EMA
QSO: 14022 CW 2025-11-02 2110 WW4XX 0783 A 83 GA VE3RIA 0090 A 87 ONS
QSO: 21018 CW 2025-11-02 2111 WW4XX 0784 A 83 GA K0KP 0141 A 66 MN
QSO: 21018 CW 2025-11-02 2112 WW4XX 0785 A 83 GA AH2O 0499 B 78 NLI
QSO: 21018 CW 2025-11-02 2113 WW4XX 0786 A 83 GA VE3INE 0072 U 23 GH
QSO: 14041 CW 2025-11-02 2115 WW4XX 0787 A 83 GA K9CC 0087 A 52 IL
QSO: 14044 CW 2025-11-02 2117 WW4XX 0788 A 83 GA K0DTJ 0154 A 56 SCV
QSO: 21018 CW 2025-11-02 2118 WW4XX 0789 A 83 GA N1DC 0420 A 68 EMA
QSO: 21018 CW 2025-11-02 2119 WW4XX 0790 A 83 GA KC1UBH 0069 Q 24 EMA
QSO: 14048 CW 2025-11-02 2120 WW4XX 0791 A 83 GA KE0L 0330 U 73 TN
QSO: 14053 CW 2025-11-02 2122 WW4XX 0792 A 83 GA W3ZGD 0270 M 54 EPA
QSO: 21018 CW 2025-11-02 2126 WW4XX 0793 A 83 GA W9DKB 0033 A 77 WI
QSO: 14061 CW 2025-11-02 2127 WW4XX 0794 A 83 GA N2LK 0180 B 82 DE
QSO: 21018 CW 2025-11-02 2129 WW4XX 0796 A 83 GA VA3CW 0047 U 75 ONS
QSO: 14064 CW 2025-11-02 2129 WW4XX 0795 A 83 GA N3UA 0096 U 04 VA
QSO: 21018 CW 2025-11-02 2130 WW4XX 0797 A 83 GA N0SD 0036 A 86 SD
QSO: 14018 CW 2025-11-02 2139 WW4XX 0798 A 83 GA W1SRG 0056 B 96 EMA
QSO: 14018 CW 2025-11-02 2140 WW4XX 0799 A 83 GA WS9Q 0009 A 89 IL
QSO: 07028 CW 2025-11-02 2141 WW4XX 0800 A 83 GA N8NA 0122 A 67 DE
QSO: 14018 CW 2025-11-02 2143 WW4XX 0801 A 83 GA WA8LRW 0096 B 64 OH
QSO: 14018 CW 2025-11-02 2146 WW4XX 0802 A 83 GA N6DW 0200 U 65 VA
QSO: 07043 CW 2025-11-02 2148 WW4XX 0803 A 83 GA K3YDX 0196 A 63 NC
QSO: 14018 CW 2025-11-02 2149 WW4XX 0804 A 83 GA N4ROA 0044 A 22 KY
QSO: 14018 CW 2025-11-02 2151 WW4XX 0805 A 83 GA WR4I 0128 Q 75 VA
QSO: 07027 CW 2025-11-02 2202 WW4XX 0806 A 83 GA W3HDH 0104 B 53 IL
QSO: 07027 CW 2025-11-02 2203 WW4XX 0807 A 83 GA K5VIP 0278 U 59 VA
QSO: 07027 CW 2025-11-02 2204 WW4XX 0808 A 83 GA AA1JM 0276 A 88 MI
QSO: 07027 CW 2025-11-02 2205 WW4XX 0809 A 83 GA W8WZ 0005 Q 94 NC
QSO: 07027 CW 2025-11-02 2205 WW4XX 0810 A 83 GA N0KO 0100 A 91 MO
QSO: 14031 CW 2025-11-02 2207 WW4XX 0811 A 83 GA WA0MHJ 0258 A 68 MN
QSO: 07027 CW 2025-11-02 2208 WW4XX 0812 A 83 GA N2ZA 0262 B 75 CT
QSO: 07027 CW 2025-11-02 2209 WW4XX 0813 A 83 GA KE3Q 0027 B 65 MDC
QSO: 07027 CW 2025-11-02 2212 WW4XX 0814 A 83 GA AA1K 0358 Q 64 DE
QSO: 14038 CW 2025-11-02 2214 WW4XX 0815 A 83 GA K5NZ 0197 Q 69 STX
QSO: 14042 CW 2025-11-02 2218 WW4XX 0816 A 83 GA N6TV 0310 B 72 SCV
QSO: 07027 CW 2025-11-02 2219 WW4XX 0817 A 83 GA KT0R 0363 U 77 MN
QSO: 14045 CW 2025-11-02 2221 WW4XX 0818 A 83 GA KC9IL 0207 U 76 IL
QSO: 14047 CW 2025-11-02 2225 WW4XX 0819 A 83 GA N0AC 0171 Q 78 IA
QSO: 14047 CW 2025-11-02 2226 WW4XX 0820 A 83 GA N0AC 0173 Q 78 IA
QSO: 14048 CW 2025-11-02 2228 WW4XX 0821 A 83 GA N6PN 0202 A 64 EB
QSO: 14037 CW 2025-11-02 2229 WW4XX 0822 A 83 GA AL7LO 0166 B 74 AK
QSO: 07027 CW 2025-11-02 2231 WW4XX 0823 A 83 GA WA1ONB 0140 A 71 EMA
QSO: 14058 CW 2025-11-02 2236 WW4XX 0824 A 83 GA K7RC 0077 A 53 NV
QSO: 14059 CW 2025-11-02 2238 WW4XX 0825 A 83 GA W2UP 0135 A 69 CO
QSO: 07024 CW 2025-11-02 2239 WW4XX 0826 A 83 GA K9UQN 0258 B 59 TN
QSO: 14064 CW 2025-11-02 2241 WW4XX 0827 A 83 GA WR5O 0262 B 77 WTX
QSO: 07024 CW 2025-11-02 2242 WW4XX 0828 A 83 GA WA2MAV 0127 A 73 NLI
QSO: 07024 CW 2025-11-02 2243 WW4XX 0829 A 83 GA KC2WUF 0075 A 10 NNJ
QSO: 07024 CW 2025-11-02 2244 WW4XX 0830 A 83 GA W3CB 0261 U 62 MI
QSO: 14065 CW 2025-11-02 2246 WW4XX 0831 A 83 GA KM9P 0254 A 68 TN
QSO: 07024 CW 2025-11-02 2248 WW4XX 0832 A 83 GA N1XI 0224 A 75 NC
QSO: 14071 CW 2025-11-02 2258 WW4XX 0833 A 83 GA W6KC 0272 U 59 LAX
QSO: 14071 CW 2025-11-02 2304 WW4XX 0835 A 83 GA W9FL 0151 B 72 WI
QSO: 07025 CW 2025-11-02 2308 WW4XX 0834 A 83 GA KE0TT 0120 A 67 MN
QSO: 14007 CW 2025-11-02 2310 WW4XX 0836 A 83 GA K7MM 0148 A 68 WWA
QSO: 14008 CW 2025-11-02 2312 WW4XX 0837 A 83 GA WA8ZBT 0418 U 67 NTX
QSO: 14008 CW 2025-11-02 2312 WW4XX 0838 A 83 GA WA2DNI 0262 U 53 NLI
QSO: 14008 CW 2025-11-02 2312 WW4XX 0839 A 83 GA W0TG 0205 A 60 NTX
QSO: 14008 CW 2025-11-02 2318 WW4XX 0840 A 83 GA W6EU 0540 B 58 SV
QSO: 14008 CW 2025-11-02 2319 WW4XX 0841 A 83 GA K0UU 0298 A 91 MN
QSO: 07038 CW 2025-11-02 2320 WW4XX 0842 A 83 GA VE3NE 0152 B 81 ONS
QSO: 14008 CW 2025-11-02 2322 WW4XX 0843 A 83 GA K1DG 0122 B 67 NH
QSO: 07050 CW 2025-11-02 2326 WW4XX 0844 A 83 GA WB8JUI 0323 A 71 OH
QSO: 14008 CW 2025-11-02 2327 WW4XX 0845 A 83 GA WB2AMN 0021 A 62 NNY
QSO: 07055 CW 2025-11-02 2329 WW4XX 0846 A 83 GA N8KR 0280 A 78 IN
QSO: 14014 CW 2025-11-02 2337 WW4XX 0847 A 83 GA AB8YZ 0045 B 70 NTX
QSO: 07016 CW 2025-11-02 2338 WW4XX 0848 A 83 GA WJ8Y 0146 A 75 OH
QSO: 14014 CW 2025-11-02 2338 WW4XX 0849 A 83 GA N7ZZ 0247 A 58 WI
QSO: 14014 CW 2025-11-02 2341 WW4XX 0850 A 83 GA NN5T 0239 A 71 NTX
QSO: 07016 CW 2025-11-02 2345 WW4XX 0851 A 83 GA N4IU 0201 A 17 EPA
QSO: 07016 CW 2025-11-02 2347 WW4XX 0852 A 83 GA W4CMG 0243 U 12 TN
QSO: 14014 CW 2025-11-02 2348 WW4XX 0853 A 83 GA NY9X 0175 A 73 IL
QSO: 14014 CW 2025-11-02 2349 WW4XX 0854 A 83 GA N4PD 0084 U 62 VA
QSO: 14014 CW 2025-11-02 2350 WW4XX 0855 A 83 GA KE0M 0147 U 07 CO
QSO: 14014 CW 2025-11-02 2352 WW4XX 0856 A 83 GA W5HI 0105 A 84 NTX
QSO: 07054 CW 2025-11-03 0013 WW4XX 0857 A 83 GA KG4W 0209 A 77 VA
QSO: 07054 CW 2025-11-03 0015 WW4XX 0858 A 83 GA N9WKW 0085 U 94 IN
QSO: 07054 CW 2025-11-03 0016 WW4XX 0859 A 83 GA KB9S 0176 U 78 WI
QSO: 07054 CW 2025-11-03 0020 WW4XX 0860 A 83 GA VE2QV 0109 A 77 QC
QSO: 14041 CW 2025-11-03 0026 WW4XX 0861 A 83 GA N9NC 0165 B 75 NH
QSO: 07054 CW 2025-11-03 0028 WW4XX 0862 A 83 GA WB0CJB 0264 A 70 TN
QSO: 14044 CW 2025-11-03 0030 WW4XX 0863 A 83 GA VA4HZ 0277 U 98 MB
QSO: 14045 CW 2025-11-03 0032 WW4XX 0864 A 83 GA K6CSL 0080 A 49 SJV
QSO: 14045 CW 2025-11-03 0034 WW4XX 0865 A 83 GA AB5ZA/7 0225 A 80 MT
QSO: 14045 CW 2025-11-03 0035 WW4XX 0866 A 83 GA AB7R 0305 B 76 ID
QSO: 07059 CW 2025-11-03 0037 WW4XX 0867 A 83 GA N3CKI 0324 A 81 NC
QSO: 07061 CW 2025-11-03 0039 WW4XX 0868 A 83 GA N8XE 0398 U 97 OH
QSO: 14045 CW 2025-11-03 0039 WW4XX 0869 A 83 GA AD7N 0339 A 89 UT
QSO: 07064 CW 2025-11-03 0046 WW4XX 0870 A 83 GA K8LF 0407 U 76 VA
QSO: 14052 CW 2025-11-03 0049 WW4XX 0871 A 83 GA WQ6X 0288 U 69 SDG
QSO: 14054 CW 2025-11-03 0051 WW4XX 0872 A 83 GA NU7I 0222 A 85 AZ
QSO: 14064 CW 2025-11-03 0057 WW4XX 0873 A 83 GA W6GL 0216 Q 69 SB
QSO: 07064 CW 2025-11-03 0059 WW4XX 0874 A 83 GA KB8PGW 0053 Q 93 MI
QSO: 07064 CW 2025-11-03 0100 WW4XX 0875 A 83 GA KA3JNN 0239 A 82 MDC
QSO: 07064 CW 2025-11-03 0101 WW4XX 0876 A 83 GA AD8J 0218 A 63 NC
QSO: 14055 CW 2025-11-03 0105 WW4XX 0877 A 83 GA W0XM 0078 U 77 KS
QSO: 14055 CW 2025-11-03 0107 WW4XX 0878 A 83 GA AC6YY 0130 A 98 SCV
QSO: 14055 CW 2025-11-03 0108 WW4XX 0879 A 83 GA K7WP 0404 U 61 AZ
QSO: 07059 CW 2025-11-03 0109 WW4XX 0880 A 83 GA AA4GA 0164 B 76 GA
QSO: 07053 CW 2025-11-03 0113 WW4XX 0881 A 83 GA K3IE 0120 Q 77 TN
QSO: 14053 CW 2025-11-03 0119 WW4XX 0882 A 83 GA KQ7I 0273 A 68 OR
QSO: 14045 CW 2025-11-03 0122 WW4XX 0883 A 83 GA N6JW 0127 U 69 ORG
QSO: 14042 CW 2025-11-03 0124 WW4XX 0884 A 83 GA K6XX 0088 B 74 SCV
QSO: 14041 CW 2025-11-03 0127 WW4XX 0885 A 83 GA WB7BNE 0055 A 75 IA
QSO: 14041 CW 2025-11-03 0128 WW4XX 0886 A 83 GA K6GHA 0252 U 07 SCV
QSO: 14041 CW 2025-11-03 0131 WW4XX 0887 A 83 GA NE6I 0205 B 72 SDG
QSO: 14036 CW 2025-11-03 0139 WW4XX 0888 A 83 GA K6EI 0183 U 71 SCV
QSO: 07036 CW 2025-11-03 0139 WW4XX 0889 A 83 GA WA3AAN 0366 U 64 EPA
QSO: 14035 CW 2025-11-03 0141 WW4XX 0890 A 83 GA N5AW 0016 B 55 STX
QSO: 07036 CW 2025-11-03 0142 WW4XX 0891 A 83 GA K4HQK 0186 A 56 VA
QSO: 14034 CW 2025-11-03 0144 WW4XX 0892 A 83 GA NP3Y 0086 U 04 PR
QSO: 14029 CW 2025-11-03 0146 WW4XX 0893 A 83 GA K5RX 0245 B 67 NTX
QSO: 14027 CW 2025-11-03 0153 WW4XX 0895 A 83 GA W7GF 0104 A 75 OR
QSO: 07034 CW 2025-11-03 0158 WW4XX 0896 A 83 GA NP4Z/2 0028 A 81 VI
QSO: 14027 CW 2025-11-03 0203 WW4XX 0897 A 83 GA K6RWM 0044 B 62 ORG
QSO: 14027 CW 2025-11-03 0205 WW4XX 0898 A 83 GA K6THZ 0021 A 66 SCV
QSO: 07026 CW 2025-11-03 0206 WW4XX 0899 A 83 GA W3USA 0133 A 96 WCF
QSO: 14027 CW 2025-11-03 0207 WW4XX 0900 A 83 GA WB5BHS 0204 A 69 AR
QSO: 07019 CW 2025-11-03 0211 WW4XX 0901 A 83 GA K1DW 0141 A 55 LA
END-OF-LOG: