START-OF-LOG: 3.0
CREATED-BY: vhfmanager-downloader
CONTEST: ZRS septembrsko UKV tekmovanje - Official results - VHFManager
CALLSIGN: LZ1V
CATEGORY: 145 MHz - checklog
CATEGORY-OPERATOR: SINGLE-OP
CATEGORY-ASSISTED: NON-ASSISTED
CATEGORY-TRANSMITTER: ONE
CATEGORY-STATION: FIXED
QSO: 144300 PH 2011-09-03 1402 LZ1V          59  1 KN12PE   YU1SMM        59  1 KN13HD  
QSO: 144300 PH 2011-09-03 1403 LZ1V          59  2 KN12PE   LZ1GG         59  1 KN12TG  
QSO: 144300 PH 2011-09-03 1404 LZ1V          59  3 KN12PE   LZ4BF/P       59  2 KN23GF  
QSO: 144300 PH 2011-09-03 1411 LZ1V          59  4 KN12PE   S56K          59  15 JN76KI 
QSO: 144300 PH 2011-09-03 1413 LZ1V          59  5 KN12PE   YU7KG         59  3 JN95WC  
QSO: 144300 PH 2011-09-03 1417 LZ1V          59  6 KN12PE   YU1OO         59  1 KN02XX  
QSO: 144300 PH 2011-09-03 1424 LZ1V          59  7 KN12PE   HG1Z          59  29 JN86KU 
QSO: 144300 PH 2011-09-03 1428 LZ1V          59  8 KN12PE   LZ1KSC        59  5 KN21HO  
QSO: 144300 PH 2011-09-03 1430 LZ1V          59  9 KN12PE   LZ2CM         59  9 KN13PK  
QSO: 144300 PH 2011-09-03 1432 LZ1V          59  10 KN12PE  YT7C          59  36 JN94XC 
QSO: 144100 CW 2011-09-03 1436 LZ1V          599 11 KN12PE  LZ1LL         599 2 KN12RI  
QSO: 144100 CW 2011-09-03 1440 LZ1V          599 12 KN12PE  LZ1KIS        599 2 KN13NC  
QSO: 144300 PH 2011-09-03 1451 LZ1V          59  13 KN12PE  YT1CS         59  5 KN12DP  
QSO: 144300 PH 2011-09-03 1451 LZ1V          59  14 KN12PE  LZ7J          59  31 KN22GS 
QSO: 144300 PH 2011-09-03 1458 LZ1V          59  15 KN12PE  9A20V         59  47 JN95PE 
QSO: 144300 PH 2011-09-03 1502 LZ1V          59  16 KN12PE  HA5KDQ        59  65 JN97LN 
QSO: 144300 PH 2011-09-03 1506 LZ1V          59  17 KN12PE  YT4B          59  58 JN94SD 
QSO: 144300 PH 2011-09-03 1527 LZ1V          59  18 KN12PE  YO2LAM        59  27 KN05PS 
QSO: 144300 PH 2011-09-03 1537 LZ1V          59  19 KN12PE  SV1BJY        59  15 KM18HN 
QSO: 144300 PH 2011-09-03 1540 LZ1V          59  20 KN12PE  LZ1VVD        59  4 KN12SG  
QSO: 144300 PH 2011-09-03 1552 LZ1V          59  21 KN12PE  9A1W          59  82 JN75ST 
QSO: 144300 PH 2011-09-03 1600 LZ1V          59  22 KN12PE  LZ5QD         59  1 KN12HH  
QSO: 144300 PH 2011-09-03 1602 LZ1V          59  23 KN12PE  LZ2ZY         59  24 KN13OT 
QSO: 144300 PH 2011-09-03 1605 LZ1V          59  24 KN12PE  LZ5IL         59  1 KN21HO  
QSO: 144300 PH 2011-09-03 1606 LZ1V          59  25 KN12PE  LZ5EO         59  2 KN21HO  
QSO: 144300 PH 2011-09-03 1618 LZ1V          59  26 KN12PE  9A1CRS        59  47 JN95AD 
QSO: 144300 PH 2011-09-03 1621 LZ1V          59  27 KN12PE  9A4M          59  106 JN85EI
QSO: 144300 PH 2011-09-03 1637 LZ1V          59  28 KN12PE  LZ2AB         59  17 KN33SC 
QSO: 144300 PH 2011-09-03 1641 LZ1V          59  29 KN12PE  LZ1KSZ        59  2 KN22RR  
QSO: 144300 PH 2011-09-03 1643 LZ1V          59  30 KN12PE  LZ1ZB         59  2 KN12QO  
QSO: 144300 PH 2011-09-03 1646 LZ1V          59  31 KN12PE  LZ3SF         59  1 KN11OI  
QSO: 144100 CW 2011-09-03 1650 LZ1V          599 32 KN12PE  LZ2FO         599 20 KN13KX 
QSO: 144300 PH 2011-09-03 1702 LZ1V          59  33 KN12PE  YP2P          59  53 KN06MD 
QSO: 144300 PH 2011-09-03 1705 LZ1V          59  34 KN12PE  YU7ACO        59  19 KN05QC 
QSO: 144300 PH 2011-09-03 1707 LZ1V          59  35 KN12PE  HA6W          59  192 KN08FB
QSO: 144300 PH 2011-09-03 1713 LZ1V          59  36 KN12PE  HA8V          59  89 KN06HT 
QSO: 144300 PH 2011-09-03 1731 LZ1V          59  37 KN12PE  LZ2AKW        59  11 KN23QO 
QSO: 144300 PH 2011-09-03 1747 LZ1V          59  38 KN12PE  OM3RM         59  283 JN87WV
QSO: 144300 PH 2011-09-03 1809 LZ1V          59  39 KN12PE  OM6A          59  263 JN99JC
QSO: 144300 PH 2011-09-03 1811 LZ1V          59  40 KN12PE  OM1DK         59  172 JN87UU
QSO: 144100 CW 2011-09-03 1821 LZ1V          599 41 KN12PE  HA5UA/P       599 147 JN97FQ
QSO: 144100 CW 2011-09-03 1823 LZ1V          599 42 KN12PE  LZ1JH         599 6 KN12PQ  
QSO: 144100 CW 2011-09-03 1832 LZ1V          599 43 KN12PE  E77ZM         599 46 JN84PT 
QSO: 144100 CW 2011-09-03 1854 LZ1V          599 44 KN12PE  9A2VR         599 128 JN95FQ
QSO: 144100 CW 2011-09-03 1857 LZ1V          599 45 KN12PE  YU1ES         599 74 KN04GG 
QSO: 144100 CW 2011-09-03 1901 LZ1V          599 46 KN12PE  YU7D          599 20 KN05AO 
QSO: 144100 CW 2011-09-03 1904 LZ1V          599 47 KN12PE  YO3DDZ/P      599 102 KN16JS
QSO: 144300 PH 2011-09-03 1920 LZ1V          59  48 KN12PE  S59R          59  276 JN76OM
QSO: 144100 CW 2011-09-03 1952 LZ1V          599 49 KN12PE  E73ECJ        599 26 JN93MN 
QSO: 144100 CW 2011-09-03 2006 LZ1V          599 50 KN12PE  YT7P          599 34 KN05EJ 
QSO: 144100 CW 2011-09-03 2039 LZ1V          599 51 KN12PE  HA8AR         599 93 KN06MQ 
QSO: 144100 CW 2011-09-03 2046 LZ1V          599 52 KN12PE  YU1WS         599 113 JN93RU
QSO: 144100 CW 2011-09-03 2050 LZ1V          599 53 KN12PE  9A8D          599 140 JN95LM
QSO: 144300 PH 2011-09-03 2114 LZ1V          59  54 KN12PE  YT3N          59  75 KN04LP 
QSO: 144300 PH 2011-09-03 2118 LZ1V          59  55 KN12PE  HG5BVK/P      59  119 JN97LF
QSO: 144300 PH 2011-09-03 2119 LZ1V          59  56 KN12PE  YU1EV         59  84 KN04CN 
QSO: 144300 PH 2011-09-03 2121 LZ1V          59  57 KN12PE  S53W          59  162 JN76TO
QSO: 144300 PH 2011-09-03 2127 LZ1V          59  58 KN12PE  E73JHI        59  41 JN85EB 
QSO: 144300 PH 2011-09-03 2134 LZ1V          59  59 KN12PE  YU1MI         59  28 KN03QW 
QSO: 144300 PH 2011-09-03 2143 LZ1V          59  60 KN12PE  OM3KII        59  413 JN88UU
QSO: 144300 PH 2011-09-03 2148 LZ1V          59  61 KN12PE  YU1IO         59  8 KN04IQ  
QSO: 144300 PH 2011-09-03 2149 LZ1V          59  62 KN12PE  YT2F          59  96 KN03KU 
QSO: 144300 PH 2011-09-03 2150 LZ1V          59  63 KN12PE  YT1WP         59  105 KN04CV
QSO: 144300 PH 2011-09-03 2204 LZ1V          59  64 KN12PE  YU7W          59  66 JN95WD 
QSO: 144100 CW 2011-09-03 2207 LZ1V          599 65 KN12PE  YT0A          599 157 KN04CP
QSO: 144100 CW 2011-09-03 2211 LZ1V          599 66 KN12PE  YU1EF         599 176 KN05CD
QSO: 144100 CW 2011-09-03 2220 LZ1V          599 67 KN12PE  S51SL         599 295 JN76PL
QSO: 144100 CW 2011-09-03 2242 LZ1V          599 68 KN12PE  LZ1ZX/P       599 13 KN32ER 
QSO: 144100 CW 2011-09-03 2246 LZ1V          599 69 KN12PE  Z30A          599 3 KN11CE  
QSO: 144100 CW 2011-09-03 2327 LZ1V          599 70 KN12PE  9A2KD         599 16 JN85EI 
QSO: 144100 CW 2011-09-03 2347 LZ1V          599 71 KN12PE  S57C          599 361 JN76PB
QSO: 144100 CW 2011-09-03 2354 LZ1V          599 72 KN12PE  YU1AIF        599 63 JN93XR 
QSO: 144100 CW 2011-09-04 0018 LZ1V          599 73 KN12PE  LZ2HQ         599 26 KN23LA 
QSO: 144100 CW 2011-09-04 0025 LZ1V          599 74 KN12PE  YU1BFG        599 116 KN04OO
QSO: 144100 CW 2011-09-04 0030 LZ1V          599 75 KN12PE  Z35F          599 6 KN11FD  
QSO: 144100 CW 2011-09-04 0234 LZ1V          599 76 KN12PE  9A1O          599 323 JN95IT
QSO: 144100 CW 2011-09-04 0244 LZ1V          599 77 KN12PE  UR7D          599 121 KN18JT
QSO: 144100 CW 2011-09-04 0258 LZ1V          599 78 KN12PE  YO7VT         599 32 KN25EC 
QSO: 144100 CW 2011-09-04 0303 LZ1V          599 79 KN12PE  YO7NE         599 49 KN25EC 
QSO: 144100 CW 2011-09-04 0358 LZ1V          599 80 KN12PE  E73FDE        599 235 JN94CP
QSO: 144100 CW 2011-09-04 0422 LZ1V          599 81 KN12PE  YO7BGA        599 6 KN15VE  
QSO: 144100 CW 2011-09-04 0440 LZ1V          599 82 KN12PE  YU1EO         599 113 KN04FR
QSO: 144300 PH 2011-09-04 0449 LZ1V          59  83 KN12PE  YU2ECP        59  60 KN04IO 
QSO: 144300 PH 2011-09-04 0502 LZ1V          59  84 KN12PE  SZ8L          59  65 KM08HR 
QSO: 144300 PH 2011-09-04 0510 LZ1V          59  85 KN12PE  SV7DHI/P      59  3 KN21AH  
QSO: 144300 PH 2011-09-04 0521 LZ1V          59  86 KN12PE  SV2AGW        59  1 KN11OH  
QSO: 144300 PH 2011-09-04 0524 LZ1V          59  87 KN12PE  YU1AXY        59  66 KN04NA 
QSO: 144300 PH 2011-09-04 0532 LZ1V          59  88 KN12PE  YT2NA         59  28 KN04FT 
QSO: 144300 PH 2011-09-04 0534 LZ1V          59  89 KN12PE  YU2KU         59  94 KN04ET 
QSO: 144300 PH 2011-09-04 0557 LZ1V          59  90 KN12PE  SV8CS         59  4 KM07JS  
QSO: 144300 PH 2011-09-04 0559 LZ1V          59  91 KN12PE  SZ3P          59  2 KM08WF  
QSO: 144300 PH 2011-09-04 0604 LZ1V          59  92 KN12PE  SV2WT         59  2 KN10LL  
QSO: 144300 PH 2011-09-04 0614 LZ1V          59  93 KN12PE  S50C          59  435 JN76JG
QSO: 144300 PH 2011-09-04 0631 LZ1V          59  94 KN12PE  YO7KFM/P      59  22 KN24EW 
QSO: 144300 PH 2011-09-04 0639 LZ1V          59  95 KN12PE  SV2DCD        59  6 KN00PL  
QSO: 144100 CW 2011-09-04 0649 LZ1V          599 96 KN12PE  LZ1KPW        599 6 KN21DW  
QSO: 144300 PH 2011-09-04 0652 LZ1V          59  97 KN12PE  YT7EE         59  96 KN05BT 
QSO: 144300 PH 2011-09-04 0657 LZ1V          59  98 KN12PE  HA2R          59  358 JN87UE
QSO: 144300 PH 2011-09-04 0721 LZ1V          59  99 KN12PE  LZ1YLE        59  1 KN13NC  
QSO: 144300 PH 2011-09-04 0736 LZ1V          59  100 KN12PE LZ44WFF       59  3 KN21HO  
QSO: 144300 PH 2011-09-04 0737 LZ1V          59  101 KN12PE LZ1SDR        59  6 KN21HO  
QSO: 144300 PH 2011-09-04 0751 LZ1V          59  102 KN12PE YO7BGB        59  3 KN14VH  
QSO: 144300 PH 2011-09-04 0759 LZ1V          59  103 KN12PE YU1INO        59  4 KN13ID  
QSO: 144300 PH 2011-09-04 0824 LZ1V          59  104 KN12PE SW1IWD        59  10 KM09XA 
QSO: 144100 CW 2011-09-04 0855 LZ1V          599 105 KN12PE S59P          599 287 JN86AO
QSO: 144300 PH 2011-09-04 0954 LZ1V          59  106 KN12PE LZ1QI         59  6 KN12PR  
QSO: 144300 PH 2011-09-04 0958 LZ1V          59  107 KN12PE LZ1VDR        59  4 KN13SD  
QSO: 144300 PH 2011-09-04 1001 LZ1V          59  108 KN12PE YO2LZA/P      59  48 KN15AD 
QSO: 144100 CW 2011-09-04 1012 LZ1V          599 109 KN12PE UW1S          599 122 KN28CG
QSO: 144100 CW 2011-09-04 1028 LZ1V          599 110 KN12PE OM5ZW         599 530 JN88XO
QSO: 144300 PH 2011-09-04 1047 LZ1V          59  111 KN12PE LZ6T          59  43 KN23UX 
QSO: 144300 PH 2011-09-04 1048 LZ1V          59  112 KN12PE YO7DEK        59  12 KN14VH 
QSO: 144300 PH 2011-09-04 1120 LZ1V          59  113 KN12PE S59DEM        59  618 JN75DS
QSO: 144300 PH 2011-09-04 1140 LZ1V          59  114 KN12PE YT1AR         59  106 KN03HR
QSO: 144300 PH 2011-09-04 1146 LZ1V          59  115 KN12PE S57O          59  588 JN86DT
QSO: 144300 PH 2011-09-04 1234 LZ1V          59  116 KN12PE YU2DX         59  128 JN94WF
END-OF-LOG:
