START-OF-LOG: 3.0
CONTEST: SAC-SSB
CALLSIGN: SM5IMO
CATEGORY-OPERATOR: SINGLE-OP
CATEGORY-BAND: ALL
CATEGORY-POWER: LOW
OPERATORS: SM5IMO
CLAIMED-SCORE: 124850
CATEGORY-STATION: FIXED
CATEGORY-TRANSMITTER: ONE
CATEGORY-OVERLAY: NONE
CATEGORY-MODE: SSB
NAME: Dan Hultgren
QSO: 14262 PH 2021-10-09 1203 SM5IMO        59       1 K1AR          59       4 0
QSO: 14262 PH 2021-10-09 1204 SM5IMO        59       2 YO5CTS        59       3 0
QSO: 14262 PH 2021-10-09 1205 SM5IMO        59       3 LZ6E          59       9 0
QSO: 14262 PH 2021-10-09 1206 SM5IMO        59       4 2M0YTN        59       3 0
QSO: 14262 PH 2021-10-09 1209 SM5IMO        59       5 MI7DXL        59       1 0
QSO: 14262 PH 2021-10-09 1209 SM5IMO        59       6 OK2TS         59       4 0
QSO: 14262 PH 2021-10-09 1210 SM5IMO        59       7 UR4QFP        59       8 0
QSO: 14262 PH 2021-10-09 1210 SM5IMO        59       8 KZ2I          59       5 0
QSO: 14262 PH 2021-10-09 1210 SM5IMO        59       9 M0XLT         59       3 0
QSO: 14262 PH 2021-10-09 1210 SM5IMO        59      10 UN6LN         59       8 0
QSO: 14262 PH 2021-10-09 1212 SM5IMO        59      11 YO7ARZ        59       7 0
QSO: 14262 PH 2021-10-09 1212 SM5IMO        59      12 N1RR          59      20 0
QSO: 14262 PH 2021-10-09 1214 SM5IMO        59      13 N3US          59       2 0
QSO: 14262 PH 2021-10-09 1215 SM5IMO        59      14 G4PFK         59       6 0
QSO: 14230 PH 2021-10-09 1217 SM5IMO        59      15 HB9BC         59      16 0
QSO: 14217 PH 2021-10-09 1218 SM5IMO        59      16 RA3Y          59      21 0
QSO: 21287 PH 2021-10-09 1226 SM5IMO        59      17 PY5QW         59      16 0
QSO: 21238 PH 2021-10-09 1227 SM5IMO        59      18 PV2K          59      27 0
QSO: 21297 PH 2021-10-09 1228 SM5IMO        59      19 K1AR          59      20 0
QSO: 21297 PH 2021-10-09 1229 SM5IMO        59      20 PY2KC         59      23 0
QSO: 21297 PH 2021-10-09 1231 SM5IMO        59      21 KP4PUA        59      53 0
QSO: 21297 PH 2021-10-09 1232 SM5IMO        59      22 KD2RJM        59       2 0
QSO: 21297 PH 2021-10-09 1233 SM5IMO        59      23 WB2QNU        59       3 0
QSO: 21297 PH 2021-10-09 1233 SM5IMO        59      24 AC4G          59       1 0
QSO: 21297 PH 2021-10-09 1234 SM5IMO        59      25 W4SCV         59       3 0
QSO: 21297 PH 2021-10-09 1234 SM5IMO        59      26 N8YFP         59       1 0
QSO: 21297 PH 2021-10-09 1235 SM5IMO        59      27 EA2AOO/P      59       5 0
QSO: 21280 PH 2021-10-09 1238 SM5IMO        59      28 PY2ZEA        59      31 0
QSO: 21213 PH 2021-10-09 1241 SM5IMO        59      29 PY5AMF        59       9 0
QSO: 21213 PH 2021-10-09 1242 SM5IMO        59      30 9Z4FE         59       5 0
QSO: 21213 PH 2021-10-09 1242 SM5IMO        59      31 N1UR          59       5 0
QSO: 21213 PH 2021-10-09 1247 SM5IMO        59      32 SV3RPQ        59      23 0
QSO: 21213 PH 2021-10-09 1248 SM5IMO        59      33 SY8DQX        59      18 0
QSO: 21213 PH 2021-10-09 1248 SM5IMO        59      34 PJ4DX         59      34 0
QSO: 21213 PH 2021-10-09 1250 SM5IMO        59      35 N3LRP         59       1 0
QSO: 21213 PH 2021-10-09 1250 SM5IMO        59      36 K4ITB         59       1 0
QSO: 21233 PH 2021-10-09 1256 SM5IMO        59      37 IT9FRX        59       4 0
QSO: 21233 PH 2021-10-09 1256 SM5IMO        59      38 KA3CFX        59       5 0
QSO: 21233 PH 2021-10-09 1300 SM5IMO        59      39 K8ATG         59       7 0
QSO: 21233 PH 2021-10-09 1301 SM5IMO        59      40 YL7X          59      36 0
QSO: 21233 PH 2021-10-09 1303 SM5IMO        59      41 CU2KG         59      33 0
QSO: 21233 PH 2021-10-09 1306 SM5IMO        59      42 AI4JU         59       1 0
QSO: 21233 PH 2021-10-09 1306 SM5IMO        59      43 VY2WW         59       1 0
QSO: 14294 PH 2021-10-09 1312 SM5IMO        59      44 HB9EKY        59      13 0
QSO: 14294 PH 2021-10-09 1313 SM5IMO        59      45 G3R           59      29 0
QSO: 14294 PH 2021-10-09 1313 SM5IMO        59      46 VK3GK         59      31 0
QSO: 14294 PH 2021-10-09 1314 SM5IMO        59      47 KU2M          59      29 0
QSO: 14294 PH 2021-10-09 1314 SM5IMO        59      48 LZ1DM         59      28 0
QSO: 14294 PH 2021-10-09 1315 SM5IMO        59      49 G4XRO         59       6 0
QSO: 14294 PH 2021-10-09 1315 SM5IMO        59      50 OR7G          59      30 0
QSO: 14294 PH 2021-10-09 1316 SM5IMO        59      51 N2RC          59       5 0
QSO: 14294 PH 2021-10-09 1316 SM5IMO        59      52 IT9FIQ        59      14 0
QSO: 14294 PH 2021-10-09 1317 SM5IMO        59      53 RL4A          59      52 0
QSO: 14294 PH 2021-10-09 1317 SM5IMO        59      54 VE9MWA        59      11 0
QSO: 14294 PH 2021-10-09 1317 SM5IMO        59      55 KO1Z          59      14 0
QSO: 14294 PH 2021-10-09 1317 SM5IMO        59      56 N8XX          59       7 0
QSO: 14294 PH 2021-10-09 1318 SM5IMO        59      57 M6EAM         59      22 0
QSO: 14294 PH 2021-10-09 1319 SM5IMO        59      58 LY5XX         59      31 0
QSO: 14294 PH 2021-10-09 1320 SM5IMO        59      59 K4LBL         59       3 0
QSO: 14294 PH 2021-10-09 1320 SM5IMO        59      60 LZ1QN         59      66 0
QSO: 14294 PH 2021-10-09 1320 SM5IMO        59      61 YL7X          59      48 0
QSO: 14294 PH 2021-10-09 1320 SM5IMO        59      62 UR5EDX        59      48 0
QSO: 14294 PH 2021-10-09 1321 SM5IMO        59      63 UP5B          59      45 0
QSO: 14294 PH 2021-10-09 1321 SM5IMO        59      64 VA3CQG        59       4 0
QSO: 14294 PH 2021-10-09 1321 SM5IMO        59      65 SP9MAT        59      36 0
QSO: 14294 PH 2021-10-09 1322 SM5IMO        59      66 9A9J          59      43 0
QSO: 14294 PH 2021-10-09 1323 SM5IMO        59      67 EC1DJ         59      13 0
QSO: 14294 PH 2021-10-09 1323 SM5IMO        59      68 G8DQP         59      25 0
QSO: 14294 PH 2021-10-09 1323 SM5IMO        59      69 G4YY          59       2 0
QSO: 14294 PH 2021-10-09 1324 SM5IMO        59      70 RA3GAS        59      18 0
QSO: 14294 PH 2021-10-09 1324 SM5IMO        59      71 M0JUA         59       3 0
QSO: 14294 PH 2021-10-09 1325 SM5IMO        59      72 RT5Q          59      48 0
QSO: 14294 PH 2021-10-09 1326 SM5IMO        59      73 2M0TFP        59      12 0
QSO: 21301 PH 2021-10-09 1328 SM5IMO        59      74 W1CLM         59       8 0
QSO: 21301 PH 2021-10-09 1330 SM5IMO        59      75 W8MTB         59       5 0
QSO: 21301 PH 2021-10-09 1330 SM5IMO        59      76 KU2M          59      51 0
QSO: 21267 PH 2021-10-09 1336 SM5IMO        59      77 ES3TI         59      17 0
QSO: 21267 PH 2021-10-09 1336 SM5IMO        59      78 W1GD          59      19 0
QSO: 21267 PH 2021-10-09 1338 SM5IMO        59      79 KZ2I          59      62 0
QSO: 21203 PH 2021-10-09 1346 SM5IMO        59      80 N2RC          59      35 0
QSO: 21203 PH 2021-10-09 1347 SM5IMO        59      81 VY2GF         59       7 0
QSO: 21203 PH 2021-10-09 1347 SM5IMO        59      82 AE1P          59      48 0
QSO: 21203 PH 2021-10-09 1347 SM5IMO        59      83 N4RV          59      15 0
QSO: 21203 PH 2021-10-09 1347 SM5IMO        59      84 IT9FIQ        59      33 0
QSO: 21203 PH 2021-10-09 1348 SM5IMO        59      85 N7ZZ          59      35 0
QSO: 21203 PH 2021-10-09 1348 SM5IMO        59      86 AA5RN         59      14 0
QSO: 21203 PH 2021-10-09 1348 SM5IMO        59      87 LY5W          59      67 0
QSO: 21203 PH 2021-10-09 1349 SM5IMO        59      88 K9NW          59      35 0
QSO: 21203 PH 2021-10-09 1349 SM5IMO        59      89 K9OB          59       2 0
QSO: 21203 PH 2021-10-09 1351 SM5IMO        59      90 N5TJ          59       5 0
QSO: 21203 PH 2021-10-09 1352 SM5IMO        59      91 N4QS          59      16 0
QSO: 21203 PH 2021-10-09 1352 SM5IMO        59      92 VA3JCL        59      10 0
QSO: 21203 PH 2021-10-09 1353 SM5IMO        59      93 VA1CC         59       9 0
QSO: 21203 PH 2021-10-09 1354 SM5IMO        59      94 W0GNZ         59      16 0
QSO: 21203 PH 2021-10-09 1354 SM5IMO        59      95 IT9RBW        59       1 0
QSO: 21203 PH 2021-10-09 1354 SM5IMO        59      96 KT4ZB         59       5 0
QSO: 21203 PH 2021-10-09 1354 SM5IMO        59      97 WA1S          59       7 0
QSO: 21203 PH 2021-10-09 1357 SM5IMO        59      98 KB0UPC        59       1 0
QSO: 21203 PH 2021-10-09 1357 SM5IMO        59      99 KE0ITC        59       3 0
QSO: 21203 PH 2021-10-09 1359 SM5IMO        59     100 TA3OER        59      28 0
QSO: 21203 PH 2021-10-09 1400 SM5IMO        59     101 KB4CG         59       7 0
QSO: 21203 PH 2021-10-09 1402 SM5IMO        59     102 K3IE          59      44 0
QSO: 21203 PH 2021-10-09 1402 SM5IMO        59     103 N9NC          59      75 0
QSO: 21203 PH 2021-10-09 1405 SM5IMO        59     104 EA2SN         59       2 0
QSO: 21203 PH 2021-10-09 1405 SM5IMO        59     105 NV9L          59      44 0
QSO: 21203 PH 2021-10-09 1407 SM5IMO        59     106 KF5MU         59       5 0
QSO: 21203 PH 2021-10-09 1408 SM5IMO        59     107 KV0Q          59      20 0
QSO: 21203 PH 2021-10-09 1409 SM5IMO        59     108 AD4EB         59      13 0
QSO: 21203 PH 2021-10-09 1410 SM5IMO        59     109 K0EA          59      27 0
QSO: 21203 PH 2021-10-09 1410 SM5IMO        59     110 VE3XN         59      52 0
QSO: 21203 PH 2021-10-09 1411 SM5IMO        59     111 VE3FRN        59       8 0
QSO: 21203 PH 2021-10-09 1411 SM5IMO        59     112 WX4G          59      87 0
QSO: 21203 PH 2021-10-09 1411 SM5IMO        59     113 K8CAR         59       2 0
QSO: 21203 PH 2021-10-09 1411 SM5IMO        59     114 KV4UL         59       8 0
QSO: 21203 PH 2021-10-09 1416 SM5IMO        59     115 VE9MWA        59      22 0
QSO: 21203 PH 2021-10-09 1416 SM5IMO        59     116 W0WP          59       2 0
QSO: 21203 PH 2021-10-09 1416 SM5IMO        59     117 VA2EK         59       1 0
QSO: 21203 PH 2021-10-09 1416 SM5IMO        59     118 KV4CQ         59      19 0
QSO: 21203 PH 2021-10-09 1417 SM5IMO        59     119 KC4X          59       9 0
QSO: 21203 PH 2021-10-09 1418 SM5IMO        59     120 VE3BFU        59      18 0
QSO: 21203 PH 2021-10-09 1419 SM5IMO        59     121 VE3LOE        59       3 0
QSO:  7088 PH 2021-10-09 1423 SM5IMO        59     122 GS8VL         59      45 0
QSO:  7088 PH 2021-10-09 1423 SM5IMO        59     123 DL7VRG        59       4 0
QSO:  7088 PH 2021-10-09 1424 SM5IMO        59     124 DL6MRM        59      36 0
QSO:  7134 PH 2021-10-09 1426 SM5IMO        59     125 LY5XX         59      53 0
QSO:  7141 PH 2021-10-09 1428 SM5IMO        59     126 PA2WDR        59       2 0
QSO:  7141 PH 2021-10-09 1428 SM5IMO        59     127 YL3GAZ        59      14 0
QSO:  7141 PH 2021-10-09 1429 SM5IMO        59     128 YL3GQ         59       8 0
QSO:  7141 PH 2021-10-09 1429 SM5IMO        59     129 PE4T          59       4 0
QSO:  7141 PH 2021-10-09 1430 SM5IMO        59     130 F4KLR         59       4 0
QSO:  7141 PH 2021-10-09 1430 SM5IMO        59     131 LY9A          59      71 0
QSO:  7141 PH 2021-10-09 1433 SM5IMO        59     132 DB4LL         59      47 0
QSO:  7141 PH 2021-10-09 1433 SM5IMO        59     133 DH9DX/P       59      44 0
QSO: 14297 PH 2021-10-09 1436 SM5IMO        59     134 OE5TXF        59      44 0
QSO: 14297 PH 2021-10-09 1436 SM5IMO        59     135 G0TMY         59       4 0
QSO: 14297 PH 2021-10-09 1437 SM5IMO        59     136 K7SV          59      16 0
QSO: 14297 PH 2021-10-09 1437 SM5IMO        59     137 2E0PLA        59      29 0
QSO: 14297 PH 2021-10-09 1439 SM5IMO        59     138 RZ3Z          59     110 0
QSO: 14297 PH 2021-10-09 1440 SM5IMO        59     139 M7BVJ         59       3 0
QSO: 14297 PH 2021-10-09 1441 SM5IMO        59     140 F8CRS         59      57 0
QSO: 14297 PH 2021-10-09 1441 SM5IMO        59     141 DL2MM         59      56 0
QSO: 14297 PH 2021-10-09 1442 SM5IMO        59     142 IK7RVY        59      69 0
QSO: 14297 PH 2021-10-09 1443 SM5IMO        59     143 LY5W          59      92 0
QSO: 14297 PH 2021-10-09 1443 SM5IMO        59     144 2E0INN        59      28 0
QSO: 14297 PH 2021-10-09 1443 SM5IMO        59     145 IQ0HV         59      97 0
QSO: 14297 PH 2021-10-09 1444 SM5IMO        59     146 2E0JWW        59       6 0
QSO: 14297 PH 2021-10-09 1444 SM5IMO        59     147 N9NC          59     103 0
QSO: 14297 PH 2021-10-09 1444 SM5IMO        59     148 DJ4DX         59      80 0
QSO: 14297 PH 2021-10-09 1445 SM5IMO        59     149 R2EL          59      21 0
QSO: 14297 PH 2021-10-09 1446 SM5IMO        59     150 IU5HES        59      32 0
QSO: 14297 PH 2021-10-09 1447 SM5IMO        59     151 DL6RBO        59      58 0
QSO: 14297 PH 2021-10-09 1447 SM5IMO        59     152 DG9SEH        59     132 0
QSO: 14297 PH 2021-10-09 1447 SM5IMO        59     153 IK4OMU        59      68 0
QSO: 14297 PH 2021-10-09 1447 SM5IMO        59     154 SV3RPQ        59     125 0
QSO: 14297 PH 2021-10-09 1448 SM5IMO        59     155 F6DRP         59      86 0
QSO: 14297 PH 2021-10-09 1449 SM5IMO        59     156 Z62NS         59      15 0
QSO: 14297 PH 2021-10-09 1449 SM5IMO        59     157 VE3BFU        59      34 0
QSO: 14297 PH 2021-10-09 1450 SM5IMO        59     158 IN3FHE        59      27 0
QSO: 14297 PH 2021-10-09 1450 SM5IMO        59     159 AD4EB         59      43 0
QSO: 14297 PH 2021-10-09 1452 SM5IMO        59     160 G1PCR         59      27 0
QSO: 14297 PH 2021-10-09 1452 SM5IMO        59     161 I2WIJ         59      96 0
QSO: 14297 PH 2021-10-09 1453 SM5IMO        59     162 IV3KKW        59      78 0
QSO: 14297 PH 2021-10-09 1454 SM5IMO        59     163 MU0GSY        59      49 0
QSO: 14297 PH 2021-10-09 1454 SM5IMO        59     164 G1K           59       7 0
QSO: 14297 PH 2021-10-09 1454 SM5IMO        59     165 HB9GPG        59      17 0
QSO: 14297 PH 2021-10-09 1455 SM5IMO        59     166 F6HJO         59      56 0
QSO: 14297 PH 2021-10-09 1456 SM5IMO        59     167 W1GD          59      57 0
QSO: 14297 PH 2021-10-09 1456 SM5IMO        59     168 UA4HGL        59      29 0
QSO: 14297 PH 2021-10-09 1457 SM5IMO        59     169 HB9HID        59      37 0
QSO: 14297 PH 2021-10-09 1457 SM5IMO        59     170 F5TAB         59       4 0
QSO: 14297 PH 2021-10-09 1458 SM5IMO        59     171 K7DXX         59      19 0
QSO: 14297 PH 2021-10-09 1458 SM5IMO        59     172 GW4BKG        59      55 0
QSO: 14297 PH 2021-10-09 1458 SM5IMO        59     173 IZ2KEX        59      12 0
QSO: 14297 PH 2021-10-09 1459 SM5IMO        59     174 GM1DSK        59      23 0
QSO: 14297 PH 2021-10-09 1500 SM5IMO        59     175 IZ0VXY        59      60 0
QSO: 14297 PH 2021-10-09 1500 SM5IMO        59     176 G1FVA         59       7 0
QSO: 14297 PH 2021-10-09 1501 SM5IMO        59     177 LZ1JZ         59      69 0
QSO: 14297 PH 2021-10-09 1502 SM5IMO        59     178 VE1BB         59      24 0
QSO: 14297 PH 2021-10-09 1502 SM5IMO        59     179 K1XHX         59       1 0
QSO: 14297 PH 2021-10-09 1503 SM5IMO        59     180 GI1UPC        59       6 0
QSO: 14297 PH 2021-10-09 1505 SM5IMO        59     181 N5KB          59       3 0
QSO: 14297 PH 2021-10-09 1506 SM5IMO        59     182 W3DCS         59       1 0
QSO: 21238 PH 2021-10-09 1509 SM5IMO        59     183 W4GMT         59       9 0
QSO: 21238 PH 2021-10-09 1510 SM5IMO        59     184 N3RJ          59      20 0
QSO: 21238 PH 2021-10-09 1511 SM5IMO        59     185 LY5AX         59      27 0
QSO: 21238 PH 2021-10-09 1513 SM5IMO        59     186 KP2/SM4KYN    59       8 0
QSO: 21238 PH 2021-10-09 1513 SM5IMO        59     187 KN4PHS        59       5 0
QSO: 21238 PH 2021-10-09 1514 SM5IMO        59     188 NN4DX         59      14 0
QSO: 21233 PH 2021-10-09 1523 SM5IMO        59     189 TA3O          59       6 0
QSO: 21233 PH 2021-10-09 1526 SM5IMO        59     190 AB5LK         59       1 0
QSO: 21233 PH 2021-10-09 1528 SM5IMO        59     191 VA3DXA        59      70 0
QSO: 21233 PH 2021-10-09 1529 SM5IMO        59     192 I4AUM         59      32 0
QSO: 21233 PH 2021-10-09 1530 SM5IMO        59     193 KX2L          59       6 0
QSO:  7136 PH 2021-10-09 1533 SM5IMO        59     194 DF6JC         59      35 0
QSO:  7146 PH 2021-10-09 1534 SM5IMO        59     195 LY5W          59     108 0
QSO:  7146 PH 2021-10-09 1534 SM5IMO        59     196 LZ6E          59     159 0
QSO:  7146 PH 2021-10-09 1535 SM5IMO        59     197 LY2MM         59      13 0
QSO:  7146 PH 2021-10-09 1535 SM5IMO        59     198 ES2IPA        59      14 0
QSO:  7146 PH 2021-10-09 1537 SM5IMO        59     199 RA3OA         59     266 0
QSO:  7146 PH 2021-10-09 1537 SM5IMO        59     200 LY5I          59      17 0
QSO:  7146 PH 2021-10-09 1538 SM5IMO        59     201 PE2K          59      49 0
QSO:  7146 PH 2021-10-09 1538 SM5IMO        59     202 S51CK         59      42 0
QSO:  7146 PH 2021-10-09 1539 SM5IMO        59     203 PA3EOU        59      38 0
QSO:  7146 PH 2021-10-09 1539 SM5IMO        59     204 R3LC          59       4 0
QSO:  7146 PH 2021-10-09 1539 SM5IMO        59     205 DL7USW/P      59      10 0
QSO:  7146 PH 2021-10-09 1539 SM5IMO        59     206 SP7O          59       9 0
QSO:  7146 PH 2021-10-09 1540 SM5IMO        59     207 5B4WN         59      96 0
QSO:  7146 PH 2021-10-09 1540 SM5IMO        59     208 9A9J          59     114 0
QSO:  7146 PH 2021-10-09 1540 SM5IMO        59     209 SN7R          59      40 0
QSO:  7146 PH 2021-10-09 1540 SM5IMO        59     210 GW4BKG        59      68 0
QSO:  7146 PH 2021-10-09 1541 SM5IMO        59     211 SP9PAW        59       2 0
QSO:  7146 PH 2021-10-09 1542 SM5IMO        59     212 DL9HB         59      33 0
QSO:  7146 PH 2021-10-09 1542 SM5IMO        59     213 DL3SWS        59      10 0
QSO:  7146 PH 2021-10-09 1542 SM5IMO        59     214 RW3AI         59      30 0
QSO:  7146 PH 2021-10-09 1542 SM5IMO        59     215 SQ5DTL        59      34 0
QSO:  7146 PH 2021-10-09 1544 SM5IMO        59     216 YL7X          59     121 0
QSO:  7146 PH 2021-10-09 1544 SM5IMO        59     217 RM2D          59      81 0
QSO:  7146 PH 2021-10-09 1545 SM5IMO        59     218 G3R           59      79 0
QSO:  7146 PH 2021-10-09 1545 SM5IMO        59     219 EO50FF        59     214 0
QSO:  7146 PH 2021-10-09 1546 SM5IMO        59     220 ON4AUH        59       7 0
QSO:  7146 PH 2021-10-09 1549 SM5IMO        59     221 II2PHIL       59       3 0
QSO:  7146 PH 2021-10-09 1550 SM5IMO        59     222 G1K           59      31 0
QSO:  7146 PH 2021-10-09 1550 SM5IMO        59     223 DF8HS         59      13 0
QSO:  7146 PH 2021-10-09 1550 SM5IMO        59     224 I2WIJ         59     125 0
QSO:  7146 PH 2021-10-09 1550 SM5IMO        59     225 F4FNT         59      39 0
QSO:  7146 PH 2021-10-09 1551 SM5IMO        59     226 OE5TXF        59      74 0
QSO:  7146 PH 2021-10-09 1551 SM5IMO        59     227 LZ1ND         59       2 0
QSO:  7146 PH 2021-10-09 1551 SM5IMO        59     228 G9P           59      75 0
QSO:  7146 PH 2021-10-09 1553 SM5IMO        59     229 G7BFM         59       1 0
QSO:  7146 PH 2021-10-09 1554 SM5IMO        59     230 OK1OA         59      39 0
QSO:  7146 PH 2021-10-09 1555 SM5IMO        59     231 SQ5EXY        59       1 0
QSO:  7146 PH 2021-10-09 1556 SM5IMO        59     232 MS0FNR        59      68 0
QSO:  7146 PH 2021-10-09 1556 SM5IMO        59     233 RK4HYT        59      49 0
QSO:  7146 PH 2021-10-09 1557 SM5IMO        59     234 I1OQI         59       1 0
QSO:  7146 PH 2021-10-09 1559 SM5IMO        59     235 US5QRW        59      82 0
QSO:  7146 PH 2021-10-09 1559 SM5IMO        59     236 RD1A          59       1 0
QSO:  7146 PH 2021-10-09 1559 SM5IMO        59     237 DG2SBL        59      54 0
QSO:  7146 PH 2021-10-09 1600 SM5IMO        59     238 LY5AX         59      31 0
QSO:  7146 PH 2021-10-09 1600 SM5IMO        59     239 DG9SEH        59     162 0
QSO:  7146 PH 2021-10-09 1600 SM5IMO        59     240 G4FVA         59      12 0
QSO:  7146 PH 2021-10-09 1600 SM5IMO        59     241 DL3ABY        59      46 0
QSO:  7146 PH 2021-10-09 1601 SM5IMO        59     242 PD1TV         59      69 0
QSO:  7146 PH 2021-10-09 1603 SM5IMO        59     243 HB9DXB        59      23 0
QSO: 14149 PH 2021-10-09 1604 SM5IMO        59     244 YO4NF         59      44 0
QSO: 14158 PH 2021-10-09 1604 SM5IMO        59     245 W6AFA         59       6 0
QSO: 14158 PH 2021-10-09 1606 SM5IMO        59     246 KC3SWL        59       2 0
QSO: 14158 PH 2021-10-09 1608 SM5IMO        59     247 HA3DX         59     178 0
QSO: 14158 PH 2021-10-09 1609 SM5IMO        59     248 G1VGK         59      37 0
QSO: 14158 PH 2021-10-09 1610 SM5IMO        59     249 HB9AID        59      14 0
QSO: 14158 PH 2021-10-09 1610 SM5IMO        59     250 YO3GNF        59       7 0
QSO: 14158 PH 2021-10-09 1610 SM5IMO        59     251 IZ2ODM        59      80 0
QSO: 14158 PH 2021-10-09 1610 SM5IMO        59     252 EI3CTB        59      54 0
QSO: 14158 PH 2021-10-09 1611 SM5IMO        59     253 VA6MA         59      25 0
QSO: 14158 PH 2021-10-09 1611 SM5IMO        59     254 IW0HEI        59      48 0
QSO: 14158 PH 2021-10-09 1612 SM5IMO        59     255 E73PS         59     111 0
QSO: 14158 PH 2021-10-09 1613 SM5IMO        59     256 9A2EY         59      65 0
QSO: 14158 PH 2021-10-09 1615 SM5IMO        59     257 K0EA          59      62 0
QSO: 14158 PH 2021-10-09 1616 SM5IMO        59     258 KN6BU         59       4 0
QSO: 14158 PH 2021-10-09 1616 SM5IMO        59     259 EA3FP         59      32 0
QSO: 14158 PH 2021-10-09 1617 SM5IMO        59     260 K8CY          59       1 0
QSO: 14158 PH 2021-10-09 1617 SM5IMO        59     261 N4RV          59      96 0
QSO: 14158 PH 2021-10-09 1617 SM5IMO        59     262 GW0RYT        59       2 0
QSO: 14158 PH 2021-10-09 1617 SM5IMO        59     263 YO4AAC        59      39 0
QSO: 14158 PH 2021-10-09 1618 SM5IMO        59     264 AB1F          59      12 0
QSO: 14158 PH 2021-10-09 1619 SM5IMO        59     265 LZ1DQ         59      72 0
QSO: 14158 PH 2021-10-09 1620 SM5IMO        59     266 E70AW         59      46 0
QSO: 14158 PH 2021-10-09 1620 SM5IMO        59     267 LZ6DX         59      58 0
QSO: 14158 PH 2021-10-09 1620 SM5IMO        59     268 F1ADG         59      55 0
QSO: 14158 PH 2021-10-09 1621 SM5IMO        59     269 PC2K          59      75 0
QSO: 14158 PH 2021-10-09 1622 SM5IMO        59     270 IK2SAR        59      26 0
QSO: 14158 PH 2021-10-09 1622 SM5IMO        59     271 EA5O          59      13 0
QSO: 14158 PH 2021-10-09 1623 SM5IMO        59     272 KB1VUN        59       3 0
QSO: 14158 PH 2021-10-09 1624 SM5IMO        59     273 IW1FRU        59     166 0
QSO: 14158 PH 2021-10-09 1625 SM5IMO        59     274 F1GRH         59      66 0
QSO: 14158 PH 2021-10-09 1625 SM5IMO        59     275 GU0UVH        59      30 0
QSO: 14158 PH 2021-10-09 1627 SM5IMO        59     276 WX4G          59     132 0
QSO: 14158 PH 2021-10-09 1629 SM5IMO        59     277 KC1OJR        59       2 0
QSO:  7150 PH 2021-10-09 1655 SM5IMO        59     278 IV3KKW        59     136 0
QSO:  7165 PH 2021-10-09 1658 SM5IMO        59     279 LY5GT         59      36 0
QSO:  7165 PH 2021-10-09 1658 SM5IMO        59     280 PC2K          59     107 0
QSO:  7165 PH 2021-10-09 1658 SM5IMO        59     281 UW6U          59      71 0
QSO:  7165 PH 2021-10-09 1659 SM5IMO        59     282 UR5EDX        59     133 0
QSO:  7165 PH 2021-10-09 1700 SM5IMO        59     283 PA3MM         59      19 0
QSO:  7165 PH 2021-10-09 1701 SM5IMO        59     284 DL9OHA        59      53 0
QSO:  7165 PH 2021-10-09 1702 SM5IMO        59     285 PA3AAV        59       6 0
QSO:  7165 PH 2021-10-09 1704 SM5IMO        59     286 IZ2ODM        59     109 0
QSO:  7165 PH 2021-10-09 1704 SM5IMO        59     287 DL8UV         59      44 0
QSO:  7164 PH 2021-10-09 1706 SM5IMO        59     288 G0AJJ         59     109 0
QSO:  7164 PH 2021-10-09 1706 SM5IMO        59     289 DH1PAL        59      19 0
QSO:  7164 PH 2021-10-09 1707 SM5IMO        59     290 G4DSD         59       4 0
QSO:  7164 PH 2021-10-09 1707 SM5IMO        59     291 UP5B          59      81 0
QSO:  7164 PH 2021-10-09 1708 SM5IMO        59     292 G4OBB         59      47 0
QSO:  7164 PH 2021-10-09 1709 SM5IMO        59     293 DL9KBJ        59       1 0
QSO:  7164 PH 2021-10-09 1709 SM5IMO        59     294 E73PS         59     137 0
QSO:  7164 PH 2021-10-09 1710 SM5IMO        59     295 DL4ZB         59      69 0
QSO:  7164 PH 2021-10-09 1711 SM5IMO        59     296 PE0CWK        59      53 0
QSO:  7164 PH 2021-10-09 1713 SM5IMO        59     297 HB9DXB        59      81 0
QSO: 14162 PH 2021-10-09 1716 SM5IMO        59     298 K1BIF         59      22 0
QSO: 14162 PH 2021-10-09 1719 SM5IMO        59     299 PA2PKZ        59      23 0
QSO: 14162 PH 2021-10-09 1719 SM5IMO        59     300 W8BCM         59       9 0
QSO: 14162 PH 2021-10-09 1721 SM5IMO        59     301 NV9L          59      95 0
QSO:  7164 PH 2021-10-09 1724 SM5IMO        59     302 YT3D          59      23 0
QSO:  7181 PH 2021-10-09 1725 SM5IMO        59     303 DG6SA         59     155 0
QSO:  7094 PH 2021-10-09 1729 SM5IMO        59     304 HA3DX         59     227 0
QSO:  7073 PH 2021-10-09 1732 SM5IMO        59     305 DL1ROT        59      32 0
QSO:  7073 PH 2021-10-09 1732 SM5IMO        59     306 DL8AAE        59     103 0
QSO:  7073 PH 2021-10-09 1734 SM5IMO        59     307 UT4EK         59       1 0
QSO:  7169 PH 2021-10-09 1738 SM5IMO        59     308 SP5DRE        59      52 0
QSO:  7169 PH 2021-10-09 1739 SM5IMO        59     309 LY3CY         59      13 0
QSO:  7169 PH 2021-10-09 1739 SM5IMO        59     310 DH3FEN        59      10 0
QSO:  7169 PH 2021-10-09 1740 SM5IMO        59     311 PA3GVQ        59      70 0
QSO:  7169 PH 2021-10-09 1741 SM5IMO        59     312 IZ2TQP        59      37 0
QSO:  7169 PH 2021-10-09 1741 SM5IMO        59     313 SP5FKW        59      13 0
QSO:  7169 PH 2021-10-09 1742 SM5IMO        59     314 DM7CW         59      10 0
QSO:  7169 PH 2021-10-09 1743 SM5IMO        59     315 G3SWC         59      14 0
QSO:  7169 PH 2021-10-09 1744 SM5IMO        59     316 PA1X          59      32 0
QSO:  7169 PH 2021-10-09 1746 SM5IMO        59     317 Z62NS         59      35 0
QSO:  7169 PH 2021-10-09 1747 SM5IMO        59     318 GM1DSK        59      61 0
QSO:  7169 PH 2021-10-09 1747 SM5IMO        59     319 DJ9ZB         59     114 0
QSO:  7169 PH 2021-10-09 1748 SM5IMO        59     320 GW4UWD        59      17 0
QSO:  7169 PH 2021-10-09 1748 SM5IMO        59     321 PD1ABO        59       5 0
QSO:  7169 PH 2021-10-09 1748 SM5IMO        59     322 UA4HGL        59      61 0
QSO:  7169 PH 2021-10-09 1749 SM5IMO        59     323 SN4D          59      27 0
QSO:  7169 PH 2021-10-09 1749 SM5IMO        59     324 IT9FRX        59     131 0
QSO:  7169 PH 2021-10-09 1750 SM5IMO        59     325 PD0WVB        59      44 0
QSO:  7169 PH 2021-10-09 1750 SM5IMO        59     326 DH0SP         59      58 0
QSO:  7169 PH 2021-10-09 1750 SM5IMO        59     327 GM7NZI        59       8 0
QSO:  7169 PH 2021-10-09 1751 SM5IMO        59     328 PD0ARI        59      80 0
QSO:  7169 PH 2021-10-09 1751 SM5IMO        59     329 DB7BN         59      71 0
QSO:  7169 PH 2021-10-09 1752 SM5IMO        59     330 HB9IQL        59       2 0
QSO:  3737 PH 2021-10-09 1757 SM5IMO        59     331 LY9A          59     177 0
QSO:  3737 PH 2021-10-09 1757 SM5IMO        59     332 DK8OL         59       7 0
QSO:  3737 PH 2021-10-09 1800 SM5IMO        59     333 YL3GAZ        59      52 0
QSO:  3737 PH 2021-10-09 1800 SM5IMO        59     334 DL6MRM        59      56 0
QSO:  3737 PH 2021-10-09 1801 SM5IMO        59     335 YL3AD         59      20 0
QSO: 14171 PH 2021-10-09 1845 SM5IMO        59     336 K3ZO          59     122 0
QSO: 14185 PH 2021-10-09 1846 SM5IMO        59     337 EA3HJO        59     183 0
QSO: 14152 PH 2021-10-09 1849 SM5IMO        59     338 WX3B          59     107 0
QSO:  3735 PH 2021-10-10 0106 SM5IMO        59     339 MS0FNR        59     139 0
QSO:  3768 PH 2021-10-10 0112 SM5IMO        59     340 M0MCV         59     112 0
QSO:  7153 PH 2021-10-10 0113 SM5IMO        59     341 PY5QW         59     209 0
QSO:  3738 PH 2021-10-10 0229 SM5IMO        59     342 LY5XX         59     244 0
QSO:  3748 PH 2021-10-10 0235 SM5IMO        59     343 LY2CX         59      10 0
QSO:  3748 PH 2021-10-10 0236 SM5IMO        59     344 SP4BAO        59      60 0
QSO:  3729 PH 2021-10-10 0338 SM5IMO        59     345 UW6U          59     119 0
QSO:  3729 PH 2021-10-10 0340 SM5IMO        59     346 LY5GT         59      99 0
QSO:  3729 PH 2021-10-10 0343 SM5IMO        59     347 OK2MBP        59     199 0
QSO:  3729 PH 2021-10-10 0344 SM5IMO        59     348 LY5W          59     349 0
QSO:  3729 PH 2021-10-10 0346 SM5IMO        59     349 R2EL          59      60 0
QSO:  3729 PH 2021-10-10 0347 SM5IMO        59     350 G6YPK         59       1 0
QSO:  3729 PH 2021-10-10 0347 SM5IMO        59     351 HB9BC         59     180 0
QSO:  3729 PH 2021-10-10 0348 SM5IMO        59     352 F6HHR         59      65 0
QSO:  3729 PH 2021-10-10 0350 SM5IMO        59     353 PA0AWH        59       9 0
QSO:  3729 PH 2021-10-10 0352 SM5IMO        59     354 OM6TX         59      44 0
QSO:  3729 PH 2021-10-10 0358 SM5IMO        59     355 SP4CUF        59      56 0
QSO:  3729 PH 2021-10-10 0403 SM5IMO        59     356 DL8AAE        59     196 0
QSO:  3729 PH 2021-10-10 0404 SM5IMO        59     357 S57DX         59      24 0
QSO:  3729 PH 2021-10-10 0407 SM5IMO        59     358 YL7X          59     320 0
QSO:  3729 PH 2021-10-10 0408 SM5IMO        59     359 DK7AM         59     108 0
QSO:  3729 PH 2021-10-10 0409 SM5IMO        59     360 K5ZD          59      12 0
QSO:  3729 PH 2021-10-10 0411 SM5IMO        59     361 DG9SEH        59     329 0
QSO:  3729 PH 2021-10-10 0412 SM5IMO        59     362 HA3DX         59     374 0
QSO:  3729 PH 2021-10-10 0415 SM5IMO        59     363 LZ6E          59     329 0
QSO:  3729 PH 2021-10-10 0419 SM5IMO        59     364 LY1NDN        59      26 0
QSO:  3729 PH 2021-10-10 0421 SM5IMO        59     365 DM3HZN        59      77 0
QSO:  7155 PH 2021-10-10 0430 SM5IMO        59     366 CT3IQ         59     139 0
QSO:  3730 PH 2021-10-10 0439 SM5IMO        59     367 SP3J          59      77 0
QSO:  3730 PH 2021-10-10 0446 SM5IMO        59     368 LY2MM         59     115 0
QSO:  3730 PH 2021-10-10 0449 SM5IMO        59     369 OE3PFS        59      30 0
QSO:  3730 PH 2021-10-10 0452 SM5IMO        59     370 UT1WW         59      24 0
QSO:  3730 PH 2021-10-10 0456 SM5IMO        59     371 YP0C          59     280 0
QSO:  3730 PH 2021-10-10 0501 SM5IMO        59     372 LY2AX         59      11 0
QSO:  3730 PH 2021-10-10 0504 SM5IMO        59     373 SP1FRC        59      27 0
QSO:  3730 PH 2021-10-10 0508 SM5IMO        59     374 GM0TKB        59      13 0
QSO:  7143 PH 2021-10-10 0512 SM5IMO        59     375 YP0C          59     287 0
QSO:  7137 PH 2021-10-10 0514 SM5IMO        59     376 S57DX         59      58 0
QSO:  7149 PH 2021-10-10 0534 SM5IMO        59     377 OT3T          59      42 0
QSO:  7149 PH 2021-10-10 0536 SM5IMO        59     378 F6HHR         59      85 0
QSO:  7149 PH 2021-10-10 0543 SM5IMO        59     379 9A1CVG        59       9 0
QSO:  7149 PH 2021-10-10 0543 SM5IMO        59     380 OK2MBP        59     212 0
QSO:  7149 PH 2021-10-10 0545 SM5IMO        59     381 IK2IQD        59     137 0
QSO:  7149 PH 2021-10-10 0546 SM5IMO        59     382 F4IEX         59      61 0
QSO:  7166 PH 2021-10-10 0643 SM5IMO        59     383 ON3GEO        59      45 0
QSO:  7166 PH 2021-10-10 0646 SM5IMO        59     384 2M0YTN        59      62 0
QSO:  7166 PH 2021-10-10 0647 SM5IMO        59     385 IV3IPS        59      14 0
QSO:  7166 PH 2021-10-10 0647 SM5IMO        59     386 M7TXR         59      75 0
QSO:  7166 PH 2021-10-10 0648 SM5IMO        59     387 DK5WO         59      85 0
QSO:  7166 PH 2021-10-10 0649 SM5IMO        59     388 SP1JQJ        59      34 0
QSO:  7166 PH 2021-10-10 0651 SM5IMO        59     389 OM4M          59     176 0
QSO:  7166 PH 2021-10-10 0653 SM5IMO        59     390 DL1OJ         59      27 0
QSO:  7166 PH 2021-10-10 0654 SM5IMO        59     391 OK2TS         59      83 0
QSO:  7166 PH 2021-10-10 0654 SM5IMO        59     392 GM0TKB        59      40 0
QSO:  7166 PH 2021-10-10 0654 SM5IMO        59     393 DG9FBA        59      50 0
QSO:  7166 PH 2021-10-10 0655 SM5IMO        59     394 F5OHM         59     270 0
QSO:  7166 PH 2021-10-10 0659 SM5IMO        59     395 DL1PQ         59      17 0
QSO:  7166 PH 2021-10-10 0659 SM5IMO        59     396 DF6NI         59      39 0
QSO:  7166 PH 2021-10-10 0701 SM5IMO        59     397 PA2VS         59      65 0
QSO:  7166 PH 2021-10-10 0702 SM5IMO        59     398 EC3AIT        59       2 0
QSO:  7166 PH 2021-10-10 0702 SM5IMO        59     399 PA2Z          59      38 0
QSO:  7166 PH 2021-10-10 0703 SM5IMO        59     400 DF3RI         59       1 0
QSO:  7166 PH 2021-10-10 0705 SM5IMO        59     401 IW1FRU        59     371 0
QSO: 14290 PH 2021-10-10 0708 SM5IMO        59     402 YP0C          59     319 0
QSO: 14234 PH 2021-10-10 0710 SM5IMO        59     403 S57DX         59     152 0
QSO: 14159 PH 2021-10-10 0715 SM5IMO        59     404 RA3DGH        59      30 0
QSO: 14159 PH 2021-10-10 0716 SM5IMO        59     405 E73PS         59     271 0
QSO: 14159 PH 2021-10-10 0717 SM5IMO        59     406 UW7EF         59     157 0
QSO: 14159 PH 2021-10-10 0717 SM5IMO        59     407 RC7LK         59      50 0
QSO: 14159 PH 2021-10-10 0718 SM5IMO        59     408 UW6U          59     144 0
QSO: 14159 PH 2021-10-10 0722 SM5IMO        59     409 HB9CIC        59     126 0
QSO: 21238 PH 2021-10-10 0724 SM5IMO        59     410 YM1KE         59     110 0
QSO: 21278 PH 2021-10-10 0725 SM5IMO        59     411 IZ8EPX        59      13 0
QSO: 14262 PH 2021-10-10 0742 SM5IMO        59     412 F5OHM         59     283 0
QSO: 14252 PH 2021-10-10 0745 SM5IMO        59     413 RT2C          59      37 0
QSO: 14252 PH 2021-10-10 0746 SM5IMO        59     414 HG4I          59      21 0
QSO: 14252 PH 2021-10-10 0746 SM5IMO        59     415 YO8RZJ        59      94 0
QSO: 14235 PH 2021-10-10 0750 SM5IMO        59     416 5B4WN         59     240 0
QSO: 14195 PH 2021-10-10 0751 SM5IMO        59     417 YO3HEX        59      86 0
QSO: 21242 PH 2021-10-10 0755 SM5IMO        59     418 RL4A          59     236 0
QSO: 21228 PH 2021-10-10 0757 SM5IMO        59     419 LZ5DB         59      20 0
QSO:  7157 PH 2021-10-10 0802 SM5IMO        59     420 DK2CI         59      30 0
QSO:  7157 PH 2021-10-10 0804 SM5IMO        59     421 PC1PM         59      75 0
QSO:  7157 PH 2021-10-10 0807 SM5IMO        59     422 SQ7BTY        59       2 0
QSO:  7157 PH 2021-10-10 0807 SM5IMO        59     423 PA7AL         59       5 0
QSO: 21205 PH 2021-10-10 0810 SM5IMO        59     424 SV9FBG        59      81 0
QSO: 14267 PH 2021-10-10 1015 SM5IMO        59     425 I4AUM         59     110 0
QSO: 14267 PH 2021-10-10 1016 SM5IMO        59     426 DG7SCB        59      11 0
QSO: 21292 PH 2021-10-10 1019 SM5IMO        59     427 EO50FF        59     356 0
QSO: 21236 PH 2021-10-10 1021 SM5IMO        59     428 EA3HJO        59     288 0
QSO: 14272 PH 2021-10-10 1026 SM5IMO        59     429 GS8VL         59     107 0
QSO: 14283 PH 2021-10-10 1029 SM5IMO        59     430 ON4BHQ        59     111 0
QSO: 14283 PH 2021-10-10 1029 SM5IMO        59     431 MI5JYK        59      45 0
QSO: 14283 PH 2021-10-10 1030 SM5IMO        59     432 EI6KW         59      41 0
QSO: 21309 PH 2021-10-10 1035 SM5IMO        59     433 R6LBK         59      84 0
QSO: 21285 PH 2021-10-10 1036 SM5IMO        59     434 IK8UND        59      24 0
QSO: 21229 PH 2021-10-10 1036 SM5IMO        59     435 UA9CUA        59     197 0
QSO: 21202 PH 2021-10-10 1037 SM5IMO        59     436 LZ6E          59     449 0
QSO: 21292 PH 2021-10-10 1041 SM5IMO        59     437 IK6QON        59      77 0
QSO: 28505 PH 2021-10-10 1041 SM5IMO        59     438 5B4WN         59     346 0
QSO: 28498 PH 2021-10-10 1043 SM5IMO        59     439 EA8DED        59     232 0
QSO: 28485 PH 2021-10-10 1043 SM5IMO        59     440 EA8/OG60BBM   59     337 0
QSO: 14150 PH 2021-10-10 1052 SM5IMO        59     441 G8S           59     110 0
QSO: 14150 PH 2021-10-10 1053 SM5IMO        59     442 RN3T          59      60 0
QSO: 14150 PH 2021-10-10 1053 SM5IMO        59     443 ON4PAS        59      37 0
QSO: 14150 PH 2021-10-10 1054 SM5IMO        59     444 F4HCK         59     125 0
QSO: 14150 PH 2021-10-10 1055 SM5IMO        59     445 LZ5DB         59      73 0
QSO: 14150 PH 2021-10-10 1056 SM5IMO        59     446 G4PIQ         59      59 0
QSO: 14150 PH 2021-10-10 1056 SM5IMO        59     447 R3LC          59     153 0
QSO: 14150 PH 2021-10-10 1056 SM5IMO        59     448 9A2GA         59      39 0
QSO: 14150 PH 2021-10-10 1056 SM5IMO        59     449 YO3XX/P       59      74 0
QSO: 14150 PH 2021-10-10 1057 SM5IMO        59     450 HA5PA         59      52 0
QSO: 14150 PH 2021-10-10 1057 SM5IMO        59     451 OT3T          59      85 0
QSO: 14150 PH 2021-10-10 1057 SM5IMO        59     452 EA2AOO/P      59     199 0
QSO: 14150 PH 2021-10-10 1059 SM5IMO        59     453 OM1EE         59      93 0
QSO: 14150 PH 2021-10-10 1059 SM5IMO        59     454 IX1HPN        59     239 0
QSO: 14150 PH 2021-10-10 1059 SM5IMO        59     455 DL8UV         59     120 0
QSO: 14150 PH 2021-10-10 1100 SM5IMO        59     456 HA3MAR        59      37 0
QSO: 14150 PH 2021-10-10 1100 SM5IMO        59     457 OM5NL         59      94 0
QSO: 14150 PH 2021-10-10 1101 SM5IMO        59     458 M7SNG         59      13 0
QSO: 14150 PH 2021-10-10 1101 SM5IMO        59     459 YO8ERC        59      19 0
QSO: 14150 PH 2021-10-10 1102 SM5IMO        59     460 IZ6JPK        59      81 0
QSO: 14150 PH 2021-10-10 1103 SM5IMO        59     461 DL1DVA        59      58 0
QSO: 14150 PH 2021-10-10 1103 SM5IMO        59     462 ES3TI         59     186 0
QSO: 14150 PH 2021-10-10 1103 SM5IMO        59     463 DG6SA         59     299 0
QSO: 14150 PH 2021-10-10 1104 SM5IMO        59     464 DM5I          59     104 0
QSO: 14150 PH 2021-10-10 1104 SM5IMO        59     465 IK4DCX        59      16 0
QSO: 14150 PH 2021-10-10 1104 SM5IMO        59     466 HA2UF         59     142 0
QSO: 14150 PH 2021-10-10 1106 SM5IMO        59     467 F4HPX         59      55 0
QSO: 14150 PH 2021-10-10 1108 SM5IMO        59     468 DF9IX         59      97 0
QSO: 14150 PH 2021-10-10 1111 SM5IMO        59     469 DK5WO         59     110 0
QSO: 28482 PH 2021-10-10 1114 SM5IMO        59     470 CU2KG         59     176 0
QSO: 21298 PH 2021-10-10 1115 SM5IMO        59     471 YP0C          59     418 0
QSO: 21205 PH 2021-10-10 1117 SM5IMO        59     472 LZ1ND         59     127 0
QSO: 14272 PH 2021-10-10 1118 SM5IMO        59     473 OK2QA         59      26 0
QSO: 14272 PH 2021-10-10 1119 SM5IMO        59     474 HA5BA         59      44 0
QSO: 14272 PH 2021-10-10 1120 SM5IMO        59     475 EA1T          59     118 0
QSO: 14272 PH 2021-10-10 1121 SM5IMO        59     476 DL1NKS        59     122 0
QSO: 14272 PH 2021-10-10 1122 SM5IMO        59     477 F5OQL         59       4 0
QSO: 14272 PH 2021-10-10 1122 SM5IMO        59     478 2E0SPS        59     163 0
QSO: 14272 PH 2021-10-10 1124 SM5IMO        59     479 OK2MBP        59     261 0
QSO: 14272 PH 2021-10-10 1125 SM5IMO        59     480 EO50FF        59     398 0
QSO: 14272 PH 2021-10-10 1126 SM5IMO        59     481 IU3BTY        59     217 0
QSO: 14272 PH 2021-10-10 1127 SM5IMO        59     482 W2OAB         59     108 0
QSO: 14272 PH 2021-10-10 1127 SM5IMO        59     483 W4GMT         59      34 0
QSO: 14272 PH 2021-10-10 1128 SM5IMO        59     484 K5ZD          59      44 0
QSO: 14272 PH 2021-10-10 1128 SM5IMO        59     485 US3LX         59      23 0
QSO: 14272 PH 2021-10-10 1129 SM5IMO        59     486 VA3IDD        59      22 0
QSO: 14272 PH 2021-10-10 1129 SM5IMO        59     487 SP9ODM        59     115 0
QSO: 14272 PH 2021-10-10 1130 SM5IMO        59     488 DJ9ZB         59     169 0
QSO: 14272 PH 2021-10-10 1131 SM5IMO        59     489 F4HGU         59      94 0
QSO: 14272 PH 2021-10-10 1131 SM5IMO        59     490 G0AJJ         59     230 0
QSO: 14272 PH 2021-10-10 1132 SM5IMO        59     491 2E0FLH        59       2 0
QSO: 14272 PH 2021-10-10 1133 SM5IMO        59     492 G4DDL         59      15 0
QSO: 14272 PH 2021-10-10 1133 SM5IMO        59     493 IU5KRE        59     130 0
QSO: 14272 PH 2021-10-10 1134 SM5IMO        59     494 G3SWC         59     107 0
QSO: 14272 PH 2021-10-10 1136 SM5IMO        59     495 HA3IW         59      18 0
QSO: 14272 PH 2021-10-10 1136 SM5IMO        59     496 N1SOH         59       4 0
QSO: 14272 PH 2021-10-10 1136 SM5IMO        59     497 LZ30AM        59     287 0
QSO: 14272 PH 2021-10-10 1137 SM5IMO        59     498 W5MPB         59       9 0
QSO: 14272 PH 2021-10-10 1138 SM5IMO        59     499 VE3TM         59      66 0
QSO: 14272 PH 2021-10-10 1138 SM5IMO        59     500 DM3HZN        59     128 0
QSO: 14272 PH 2021-10-10 1140 SM5IMO        59     501 VE3VEU        59      18 0
QSO: 14272 PH 2021-10-10 1142 SM5IMO        59     502 DL3MB         59      44 0
QSO: 28468 PH 2021-10-10 1144 SM5IMO        59     503 CT3IQ         59     218 0
END-OF-LOG: