START-OF-LOG: 3.0
CREATED-BY: HMRA public OK1WC downloader
CONTEST: OK1WC-MEMORIAL
CALLSIGN: SK5AA
OPERATORS: SK5AA
CATEGORY: SO-40M-CW-LOW
CATEGORY-OPERATOR: SINGLE-OP
CATEGORY-BAND: 40M
CATEGORY-MODE: CW
CATEGORY-POWER: LOW
SOAPBOX: Recreated from OK1WC Memorial reference table MWC200803.
SOAPBOX: Source publication level: 4.
SOAPBOX: Source: https://memorial-ok1wc.cz/index.php?page=eval3/a_eval3&kolo=414&rocnik=12&tyden=32&jobdate=200803&pub_level=4
QSO:  7000 CW 2020-08-03 1631 SK5AA         599 1          DM6EE         599 1         
QSO:  7000 CW 2020-08-03 1632 SK5AA         599 2          SN6A          599 4         
QSO:  7000 CW 2020-08-03 1633 SK5AA         599 3          SM5ACQ        599 6         
QSO:  7000 CW 2020-08-03 1636 SK5AA         599 4          SM5CSS        599 11        
QSO:  7000 CW 2020-08-03 1638 SK5AA         599 5          OK2BTJ        599 10        
QSO:  7000 CW 2020-08-03 1638 SK5AA         599 6          DL8QS         599 16        
QSO:  7000 CW 2020-08-03 1641 SK5AA         599 7          OK2NAJ        599 9         
QSO:  7000 CW 2020-08-03 1642 SK5AA         599 8          DK2FG         599 19        
QSO:  7000 CW 2020-08-03 1646 SK5AA         599 9          DA3T          599 7         
QSO:  7000 CW 2020-08-03 1648 SK5AA         599 10         HB9BXE        599 32        
QSO:  7000 CW 2020-08-03 1651 SK5AA         599 11         G3VIP         599 27        
QSO:  7000 CW 2020-08-03 1652 SK5AA         599 12         OK2EA         599 25        
QSO:  7000 CW 2020-08-03 1653 SK5AA         599 13         OK1YM         599 27        
QSO:  7000 CW 2020-08-03 1655 SK5AA         599 14         EA3X          599 43        
QSO:  7000 CW 2020-08-03 1656 SK5AA         599 15         OK2BFN        599 28        
QSO:  7000 CW 2020-08-03 1658 SK5AA         599 16         OK1TC         599 18        
QSO:  7000 CW 2020-08-03 1700 SK5AA         599 17         SM5S          599 16        
QSO:  7000 CW 2020-08-03 1702 SK5AA         599 18         OK1CBA        599 8         
QSO:  7000 CW 2020-08-03 1702 SK5AA         599 19         OK5SA         599 21        
QSO:  7000 CW 2020-08-03 1704 SK5AA         599 20         SM5DXR        599 33        
QSO:  7000 CW 2020-08-03 1705 SK5AA         599 21         OK5OO         599 24        
QSO:  7000 CW 2020-08-03 1707 SK5AA         599 22         UT5NR         599 35        
QSO:  7000 CW 2020-08-03 1711 SK5AA         599 23         DL1REM        599 45        
QSO:  7000 CW 2020-08-03 1712 SK5AA         599 24         SP4DNX        599 44        
QSO:  7000 CW 2020-08-03 1715 SK5AA         599 25         OL700DKA      599 38        
QSO:  7000 CW 2020-08-03 1718 SK5AA         599 26         DK0N          599 60        
QSO:  7000 CW 2020-08-03 1721 SK5AA         599 27         EU8F          599 4         
END-OF-LOG:
