START-OF-LOG: 3.0
CATEGORY: Single operator, CW, low power
CONTEST: WAG
SPECIFIC: Y22
CALLSIGN: DJ3RA
CLAIMED-SCORE: 96084
CREATED-BY: UcxLog 8.37, modified by DXHF upload.
OPERATORS: DJ3RA
GRID-LOCATOR: JO72GM
QSO: 28033 CW 2024-10-19 1538 DJ3RA         599 Y22    DL2OM         599 K32
QSO: 28033 CW 2024-10-19 1539 DJ3RA         599 Y22    DF3VM         599 Q05
QSO: 28033 CW 2024-10-19 1541 DJ3RA         599 Y22    DD4A          599 N02
QSO: 28033 CW 2024-10-19 1543 DJ3RA         599 Y22    DA3M          599 V22
QSO: 28033 CW 2024-10-19 1544 DJ3RA         599 Y22    K1ZZ          599 98
QSO: 28033 CW 2024-10-19 1546 DJ3RA         599 Y22    DL4SL         599 Y13
QSO: 28033 CW 2024-10-19 1551 DJ3RA         599 Y22    N4GU          599 21
QSO: 28033 CW 2024-10-19 1552 DJ3RA         599 Y22    CT1DRB        599 090
QSO: 28033 CW 2024-10-19 1553 DJ3RA         599 Y22    VE3NZ         599 80
QSO: 28033 CW 2024-10-19 1554 DJ3RA         599 Y22    YL7X          599 065
QSO: 28033 CW 2024-10-19 1611 DJ3RA         599 Y22    S51DX         599 010
QSO: 28033 CW 2024-10-19 1613 DJ3RA         599 Y22    AA3B          599 164
QSO: 28033 CW 2024-10-19 1614 DJ3RA         599 Y22    N2GM          599 84
QSO: 28033 CW 2024-10-19 1619 DJ3RA         599 Y22    N4CW          599 99
QSO: 28033 CW 2024-10-19 1619 DJ3RA         599 Y22    W4RM          599 140
QSO: 28033 CW 2024-10-19 1624 DJ3RA         599 Y22    K0IR          599 199
QSO: 28033 CW 2024-10-19 1626 DJ3RA         599 Y22    N8II          599 104
QSO: 28033 CW 2024-10-19 1631 DJ3RA         599 Y22    K3AJ          599 150
QSO: 28033 CW 2024-10-19 1633 DJ3RA         599 Y22    ZD7BG         599 40
QSO: 28033 CW 2024-10-19 1637 DJ3RA         599 Y22    CT7/PF5X      599 73
QSO: 21028 CW 2024-10-19 1651 DJ3RA         599 Y22    DL2DX         599 S07
QSO: 21028 CW 2024-10-19 1652 DJ3RA         599 Y22    K1ZZ          599 213
QSO: 21028 CW 2024-10-19 1654 DJ3RA         599 Y22    K1VUT         599 72
QSO: 21028 CW 2024-10-19 1656 DJ3RA         599 Y22    W8FJ          599 137
QSO: 21028 CW 2024-10-19 1657 DJ3RA         599 Y22    EA1X          599 137
QSO: 21028 CW 2024-10-19 1658 DJ3RA         599 Y22    W2XYZ         599 13
QSO: 21028 CW 2024-10-19 1658 DJ3RA         599 Y22    EA2SN         599 001
QSO: 21028 CW 2024-10-19 1700 DJ3RA         599 Y22    EA5ITT        599 84
QSO: 21028 CW 2024-10-19 1700 DJ3RA         599 Y22    K3AJ          599 195
QSO: 21028 CW 2024-10-19 1701 DJ3RA         599 Y22    DL8QS         599 NM
QSO: 21028 CW 2024-10-19 1707 DJ3RA         599 Y22    DL6UHA        599 Y27
QSO: 21028 CW 2024-10-19 1710 DJ3RA         599 Y22    VA1MM         599 21
QSO: 21028 CW 2024-10-19 1717 DJ3RA         599 Y22    EA1G          599 088
QSO: 21028 CW 2024-10-19 1718 DJ3RA         599 Y22    K3IE          599 133
QSO: 21028 CW 2024-10-19 1720 DJ3RA         599 Y22    DL7JV         599 D08
QSO: 14033 CW 2024-10-19 1722 DJ3RA         599 Y22    LY4L          599 159
QSO: 14033 CW 2024-10-19 1725 DJ3RA         599 Y22    DM4L          599 B41
QSO: 14033 CW 2024-10-19 1726 DJ3RA         599 Y22    UA6LCJ        599 093
QSO: 14033 CW 2024-10-19 1726 DJ3RA         599 Y22    UA9CTT        599 089
QSO: 14033 CW 2024-10-19 1727 DJ3RA         599 Y22    OH2KW         599 105
QSO: 14033 CW 2024-10-19 1728 DJ3RA         599 Y22    M4N           599 57
QSO: 14033 CW 2024-10-19 1739 DJ3RA         599 Y22    EA1G          599 105
QSO: 14033 CW 2024-10-19 1741 DJ3RA         599 Y22    ZD7BG         599 109
QSO: 14033 CW 2024-10-19 1742 DJ3RA         599 Y22    DR4S          599 C14
QSO: 14033 CW 2024-10-19 1743 DJ3RA         599 Y22    SV1ENG        599 135
QSO: 14033 CW 2024-10-19 1744 DJ3RA         599 Y22    J41J          599 63
QSO: 14033 CW 2024-10-19 1745 DJ3RA         599 Y22    VE3NNT        599 250
QSO: 14033 CW 2024-10-19 1745 DJ3RA         599 Y22    UC7A          599 152
QSO: 14033 CW 2024-10-19 1746 DJ3RA         599 Y22    R6RA          599 242
QSO: 14033 CW 2024-10-19 1747 DJ3RA         599 Y22    YT2ISM        599 210
QSO: 14033 CW 2024-10-19 1752 DJ3RA         599 Y22    LZ2VP         599 053
QSO: 14033 CW 2024-10-19 1756 DJ3RA         599 Y22    DK0JRS        599 JR
QSO: 14033 CW 2024-10-19 1756 DJ3RA         599 Y22    LZ3QE         599 099
QSO: 14033 CW 2024-10-19 1757 DJ3RA         599 Y22    DL6NDW        599 C12
QSO: 14033 CW 2024-10-19 1758 DJ3RA         599 Y22    UA5R          599 151
QSO: 14033 CW 2024-10-19 1759 DJ3RA         599 Y22    2E0JLZ        599 028
QSO: 14033 CW 2024-10-19 1801 DJ3RA         599 Y22    R6AF          599 225
QSO: 14033 CW 2024-10-19 1801 DJ3RA         599 Y22    R6CC          599 046
QSO: 14033 CW 2024-10-19 1802 DJ3RA         599 Y22    UA6LCN        599 146
QSO: 14033 CW 2024-10-19 1804 DJ3RA         599 Y22    JH7UJU        599 001
QSO: 14033 CW 2024-10-19 1804 DJ3RA         599 Y22    UA4FCO        599 123
QSO: 14033 CW 2024-10-19 1806 DJ3RA         599 Y22    E74O          599 016
QSO: 14033 CW 2024-10-19 1806 DJ3RA         599 Y22    IK6QRH        599 023
QSO: 14033 CW 2024-10-19 1807 DJ3RA         599 Y22    M0TDW         599 075
QSO: 14033 CW 2024-10-19 1808 DJ3RA         599 Y22    JA6GCE        599 053
QSO: 14033 CW 2024-10-19 1808 DJ3RA         599 Y22    UA6YH         599 86
QSO:  3520 CW 2024-10-19 1853 DJ3RA         599 Y22    DM8T          599 T19
QSO:  3520 CW 2024-10-19 1854 DJ3RA         599 Y22    F5IN          599 067
QSO:  3520 CW 2024-10-19 1855 DJ3RA         599 Y22    DK0JRS        599 JR
QSO:  3520 CW 2024-10-19 1857 DJ3RA         599 Y22    DL6RDE        599 Z64
QSO:  3520 CW 2024-10-19 1858 DJ3RA         599 Y22    LB4UH         599 41
QSO:  3520 CW 2024-10-19 1900 DJ3RA         599 Y22    F6HJO         599 133
QSO:  3520 CW 2024-10-19 1900 DJ3RA         599 Y22    SN7Q          599 060
QSO:  3520 CW 2024-10-19 1900 DJ3RA         599 Y22    9A3YT         599 180
QSO:  3520 CW 2024-10-19 1901 DJ3RA         599 Y22    SM2M          599 216
QSO:  3520 CW 2024-10-19 1901 DJ3RA         599 Y22    R6AF          599 290
QSO:  3520 CW 2024-10-19 1902 DJ3RA         599 Y22    SM5GLC        599 049
QSO:  3520 CW 2024-10-19 1902 DJ3RA         599 Y22    HG6O          599 206
QSO:  3520 CW 2024-10-19 1903 DJ3RA         599 Y22    DA3T          599 S22
QSO:  3520 CW 2024-10-19 1903 DJ3RA         599 Y22    DP5X          599 R25
QSO:  3520 CW 2024-10-19 1903 DJ3RA         599 Y22    RU1AC         599 303
QSO:  3520 CW 2024-10-19 1904 DJ3RA         599 Y22    LY6O          599 129
QSO:  3520 CW 2024-10-19 1904 DJ3RA         599 Y22    OZ6AGX        599 018
QSO:  3520 CW 2024-10-19 1905 DJ3RA         599 Y22    OK1VK         599 075
QSO:  3520 CW 2024-10-19 1906 DJ3RA         599 Y22    DK7ZT         599 F15
QSO:  3520 CW 2024-10-19 1906 DJ3RA         599 Y22    F6GNP         599 18
QSO:  3520 CW 2024-10-19 1907 DJ3RA         599 Y22    DL4DZ         599 O04
QSO:  3520 CW 2024-10-19 1908 DJ3RA         599 Y22    YL7A          599 188
QSO:  3520 CW 2024-10-19 1908 DJ3RA         599 Y22    OK1OFM        599 152
QSO:  3520 CW 2024-10-19 1909 DJ3RA         599 Y22    ON4CAS        599 144
QSO:  3520 CW 2024-10-19 1912 DJ3RA         599 Y22    DD2JB         599 G40
QSO:  3520 CW 2024-10-19 1912 DJ3RA         599 Y22    DK7TY         599 D06
QSO:  3520 CW 2024-10-19 1913 DJ3RA         599 Y22    OK1AY         599 069
QSO:  3520 CW 2024-10-19 1913 DJ3RA         599 Y22    DA3D          599 H13
QSO:  3520 CW 2024-10-19 1913 DJ3RA         599 Y22    DF5M          599 C25
QSO:  3520 CW 2024-10-19 1915 DJ3RA         599 Y22    E74O          599 037
QSO:  3520 CW 2024-10-19 1923 DJ3RA         599 Y22    DL5WW         599 V22
QSO:  3520 CW 2024-10-19 1924 DJ3RA         599 Y22    DL9ABM        599 H07
QSO:  3520 CW 2024-10-19 1925 DJ3RA         599 Y22    DM5EA         599 D27
QSO:  3520 CW 2024-10-19 1925 DJ3RA         599 Y22    DF4ZL         599 F16
QSO:  3520 CW 2024-10-19 1926 DJ3RA         599 Y22    DK6FX         599 K24
QSO:  3520 CW 2024-10-19 1927 DJ3RA         599 Y22    EI5KF         599 163
QSO:  3520 CW 2024-10-19 1928 DJ3RA         599 Y22    OL1T          599 001
QSO:  3520 CW 2024-10-19 1929 DJ3RA         599 Y22    SP3CW         599 130
QSO:  3520 CW 2024-10-19 1930 DJ3RA         599 Y22    UT7NI         599 054
QSO:  3520 CW 2024-10-19 1931 DJ3RA         599 Y22    OK2BFN        599 061
QSO:  3520 CW 2024-10-19 1931 DJ3RA         599 Y22    DF6RI         599 U15
QSO:  3520 CW 2024-10-19 1932 DJ3RA         599 Y22    SP/DL1EKO     599 050
QSO:  3520 CW 2024-10-19 1933 DJ3RA         599 Y22    YL3GQ         599 076
QSO:  3520 CW 2024-10-19 1933 DJ3RA         599 Y22    SP2QG         599 177
QSO:  3520 CW 2024-10-19 1934 DJ3RA         599 Y22    DL2LFH        599 W21
QSO:  3520 CW 2024-10-19 1935 DJ3RA         599 Y22    DL4SL         599 Y13
QSO:  3520 CW 2024-10-19 1938 DJ3RA         599 Y22    DF0LMM        599 LMM
QSO:  3520 CW 2024-10-19 1939 DJ3RA         599 Y22    E77DX         599 197
QSO:  3520 CW 2024-10-19 1939 DJ3RA         599 Y22    DL5YM         599 Y21
QSO:  3520 CW 2024-10-19 1940 DJ3RA         599 Y22    S51DX         599 212
QSO:  3520 CW 2024-10-19 1940 DJ3RA         599 Y22    DL9JSO        599 Y09
QSO:  3520 CW 2024-10-19 1941 DJ3RA         599 Y22    DL1BZA        599 Y22
QSO:  3520 CW 2024-10-19 1942 DJ3RA         599 Y22    DL1ASA        599 F02
QSO:  3520 CW 2024-10-19 1943 DJ3RA         599 Y22    DM2DZM        599 NM
QSO:  3520 CW 2024-10-19 1945 DJ3RA         599 Y22    DL8QS         599 NM
QSO:  3520 CW 2024-10-19 1946 DJ3RA         599 Y22    E7CW          599 299
QSO:  3520 CW 2024-10-19 1947 DJ3RA         599 Y22    9A1AA         599 194
QSO:  3520 CW 2024-10-19 1949 DJ3RA         599 Y22    DK0FR         599 75A05
QSO:  3520 CW 2024-10-19 1951 DJ3RA         599 Y22    DL1DQW        599 S04
QSO:  3520 CW 2024-10-19 1953 DJ3RA         599 Y22    DK5SF         599 Z46
QSO:  7028 CW 2024-10-19 2008 DJ3RA         599 Y22    LZ1MS         599 053
QSO:  7028 CW 2024-10-19 2010 DJ3RA         599 Y22    OK1DOL        599 308
QSO:  7028 CW 2024-10-19 2012 DJ3RA         599 Y22    RA6L          599 078
QSO:  7028 CW 2024-10-19 2013 DJ3RA         599 Y22    R8TT          599 385
QSO:  7028 CW 2024-10-19 2013 DJ3RA         599 Y22    UA5R          599 238
QSO:  7028 CW 2024-10-19 2014 DJ3RA         599 Y22    DJ1OJ         599 C25
QSO:  7028 CW 2024-10-19 2014 DJ3RA         599 Y22    UA6AK         599 151
QSO:  7028 CW 2024-10-19 2015 DJ3RA         599 Y22    RN3BL         599 249
QSO:  7028 CW 2024-10-19 2016 DJ3RA         599 Y22    DL2VM         599 S36
QSO:  7028 CW 2024-10-19 2016 DJ3RA         599 Y22    UI7D          599 062
QSO:  7028 CW 2024-10-19 2017 DJ3RA         599 Y22    IU0TID        599 30
QSO:  7028 CW 2024-10-19 2018 DJ3RA         599 Y22    EU8U          599 319
QSO:  7028 CW 2024-10-19 2019 DJ3RA         599 Y22    M4N           599 72
QSO:  7028 CW 2024-10-19 2020 DJ3RA         599 Y22    RM4F          599 348
QSO:  7028 CW 2024-10-19 2021 DJ3RA         599 Y22    F5OZC         599 100
QSO:  7028 CW 2024-10-19 2022 DJ3RA         599 Y22    DK5DQ         599 O32
QSO:  7028 CW 2024-10-19 2024 DJ3RA         599 Y22    DP6T          599 F49
QSO:  7028 CW 2024-10-19 2024 DJ3RA         599 Y22    DJ4DX         599 I01
QSO:  7028 CW 2024-10-19 2026 DJ3RA         599 Y22    DL7VOG        599 D26
QSO:  7028 CW 2024-10-19 2029 DJ3RA         599 Y22    CT7BJG        599 462
QSO:  7028 CW 2024-10-19 2031 DJ3RA         599 Y22    DL1DAW        599 O47
QSO:  7028 CW 2024-10-19 2031 DJ3RA         599 Y22    DM3M          599 Q07
QSO:  7028 CW 2024-10-19 2034 DJ3RA         599 Y22    HS0ZFV        599 378
QSO:  7028 CW 2024-10-19 2035 DJ3RA         599 Y22    DL4HRM        599 W35
QSO:  7028 CW 2024-10-19 2036 DJ3RA         599 Y22    DL6ED         599 R15
QSO:  7028 CW 2024-10-19 2036 DJ3RA         599 Y22    DD4A          599 N02
QSO:  7028 CW 2024-10-20 0715 DJ3RA         599 Y22    DL2FQ         599 F16
QSO:  7028 CW 2024-10-20 0716 DJ3RA         599 Y22    SP7M          599 057
QSO:  7028 CW 2024-10-20 0717 DJ3RA         599 Y22    DF4ZL         599 F16
QSO:  7028 CW 2024-10-20 0717 DJ3RA         599 Y22    OM3BY         599 032
QSO:  7028 CW 2024-10-20 0718 DJ3RA         599 Y22    SP1AEN        599 343
QSO:  7028 CW 2024-10-20 0719 DJ3RA         599 Y22    OK1DSZ        599 158
QSO:  7028 CW 2024-10-20 0720 DJ3RA         599 Y22    YO2LEA        599 276
QSO:  7028 CW 2024-10-20 0721 DJ3RA         599 Y22    DK5XG         599 E22
QSO:  7028 CW 2024-10-20 0721 DJ3RA         599 Y22    SN7J          599 341
QSO:  7028 CW 2024-10-20 0722 DJ3RA         599 Y22    F5IN          599 301
QSO:  7028 CW 2024-10-20 0723 DJ3RA         599 Y22    DL5NO         599 C01
QSO:  7028 CW 2024-10-20 0724 DJ3RA         599 Y22    DL6AG         599 S44
QSO:  7028 CW 2024-10-20 0725 DJ3RA         599 Y22    F5NBX         599 092
QSO:  7028 CW 2024-10-20 0726 DJ3RA         599 Y22    OM7AG         599 160
QSO:  7028 CW 2024-10-20 0726 DJ3RA         599 Y22    DM4MN         599 R03
QSO:  7028 CW 2024-10-20 0727 DJ3RA         599 Y22    PA3ARM        599 101
QSO:  7028 CW 2024-10-20 0727 DJ3RA         599 Y22    SM2M          599 486
QSO:  7028 CW 2024-10-20 0728 DJ3RA         599 Y22    HG6O          599 376
QSO:  7028 CW 2024-10-20 0728 DJ3RA         599 Y22    LY9A          599 657
QSO:  7028 CW 2024-10-20 0729 DJ3RA         599 Y22    K1LZ          599 890
QSO:  7028 CW 2024-10-20 0730 DJ3RA         599 Y22    SP/DL1EKO     599 171
QSO:  7028 CW 2024-10-20 0730 DJ3RA         599 Y22    HA1VQ         599 291
QSO:  7028 CW 2024-10-20 0730 DJ3RA         599 Y22    RT2F          599 200
QSO:  7028 CW 2024-10-20 0731 DJ3RA         599 Y22    DL1DQW        599 S04
QSO:  7028 CW 2024-10-20 0731 DJ3RA         599 Y22    DL2AOM        599 X41
QSO:  7028 CW 2024-10-20 0732 DJ3RA         599 Y22    DL6HCC        599 E14
QSO:  7028 CW 2024-10-20 0732 DJ3RA         599 Y22    OM3CPF        599 202
QSO:  7028 CW 2024-10-20 0732 DJ3RA         599 Y22    LC2F          599 148
QSO:  7028 CW 2024-10-20 0733 DJ3RA         599 Y22    OL4W          599 110
QSO:  7028 CW 2024-10-20 0743 DJ3RA         599 Y22    DJ3CQ         599 C06
QSO:  7028 CW 2024-10-20 0745 DJ3RA         599 Y22    DL6UHA        599 Y27
QSO:  7028 CW 2024-10-20 0747 DJ3RA         599 Y22    DL2OM         599 K32
QSO:  7028 CW 2024-10-20 0749 DJ3RA         599 Y22    PC0A          599 302
QSO:  7028 CW 2024-10-20 0749 DJ3RA         599 Y22    IK4DCX        599 051
QSO:  7028 CW 2024-10-20 0750 DJ3RA         599 Y22    SC6O          599 141
QSO:  7028 CW 2024-10-20 0751 DJ3RA         599 Y22    DK0PO         599 O53
QSO:  7028 CW 2024-10-20 0752 DJ3RA         599 Y22    DG3T          599 F43
QSO:  7028 CW 2024-10-20 0752 DJ3RA         599 Y22    SP2QG         599 453
QSO:  7028 CW 2024-10-20 0753 DJ3RA         599 Y22    DL6FA         599 F38
QSO:  7028 CW 2024-10-20 0753 DJ3RA         599 Y22    DJ5QV         599 F62
QSO:  7028 CW 2024-10-20 0755 DJ3RA         599 Y22    DJ9MH         599 B10
QSO:  7028 CW 2024-10-20 0755 DJ3RA         599 Y22    OL3M          599 102
QSO:  7028 CW 2024-10-20 0757 DJ3RA         599 Y22    DL1SAN        599 P14
QSO:  7028 CW 2024-10-20 0759 DJ3RA         599 Y22    DL2DXA        599 S01
QSO:  7028 CW 2024-10-20 0800 DJ3RA         599 Y22    S57X          599 171
QSO:  7028 CW 2024-10-20 0802 DJ3RA         599 Y22    OE5TXF        599 161
QSO:  7028 CW 2024-10-20 0804 DJ3RA         599 Y22    G4ERW         599 091
QSO:  7028 CW 2024-10-20 0805 DJ3RA         599 Y22    DA3T          599 S22
QSO: 28033 CW 2024-10-20 0806 DJ3RA         599 Y22    HS0ZFV        599 600
QSO: 21028 CW 2024-10-20 0809 DJ3RA         599 Y22    R7MM          599 388
QSO: 21028 CW 2024-10-20 0814 DJ3RA         599 Y22    UY5ZZ         599 370
QSO: 21028 CW 2024-10-20 0819 DJ3RA         599 Y22    IZ8EYP        599 054
QSO: 21028 CW 2024-10-20 0820 DJ3RA         599 Y22    IK4DCX        599 071
QSO: 21028 CW 2024-10-20 0822 DJ3RA         599 Y22    UA5R          599 515
QSO: 21028 CW 2024-10-20 0830 DJ3RA         599 Y22    UA1F          599 053
QSO: 21028 CW 2024-10-20 0830 DJ3RA         599 Y22    LZ3LZ         599 132
QSO: 21028 CW 2024-10-20 0831 DJ3RA         599 Y22    UA4FCO        599 488
QSO: 21028 CW 2024-10-20 0831 DJ3RA         599 Y22    RA4DB         599 022
QSO: 21028 CW 2024-10-20 0834 DJ3RA         599 Y22    EA4HKF        599 146
QSO: 21028 CW 2024-10-20 0836 DJ3RA         599 Y22    DL5NO         599 C01
QSO: 21028 CW 2024-10-20 0837 DJ3RA         599 Y22    SP2QG         599 496
QSO: 21028 CW 2024-10-20 0840 DJ3RA         599 Y22    R6AF          599 843
QSO: 21028 CW 2024-10-20 0840 DJ3RA         599 Y22    UG4A          599 118
QSO: 21028 CW 2024-10-20 0842 DJ3RA         599 Y22    R1QE          599 151
QSO: 21028 CW 2024-10-20 0843 DJ3RA         599 Y22    DD5M          599 C01
QSO: 21028 CW 2024-10-20 0843 DJ3RA         599 Y22    OH2KW         599 452
QSO: 21028 CW 2024-10-20 0844 DJ3RA         599 Y22    DK0OD         599 C06
QSO: 21028 CW 2024-10-20 0847 DJ3RA         599 Y22    ES2MC         599 466
QSO: 28033 CW 2024-10-20 0848 DJ3RA         599 Y22    RC9A          599 464
QSO: 28033 CW 2024-10-20 0849 DJ3RA         599 Y22    DM4L          599 B41
QSO: 28033 CW 2024-10-20 0851 DJ3RA         599 Y22    R8TT          599 715
QSO: 28033 CW 2024-10-20 0855 DJ3RA         599 Y22    RA9AP         599 332
QSO: 28033 CW 2024-10-20 0855 DJ3RA         599 Y22    SM2M          599 579
QSO: 28033 CW 2024-10-20 0857 DJ3RA         599 Y22    RU1AC         599 752
QSO: 28033 CW 2024-10-20 0857 DJ3RA         599 Y22    UA9BA         599 320
QSO: 28033 CW 2024-10-20 0858 DJ3RA         599 Y22    LY9A          599 803
QSO: 28033 CW 2024-10-20 0858 DJ3RA         599 Y22    UN7LAN        599 268
QSO: 28033 CW 2024-10-20 0859 DJ3RA         599 Y22    BA4TB         599 060
QSO: 28033 CW 2024-10-20 0900 DJ3RA         599 Y22    RA8A          599 6
QSO: 28033 CW 2024-10-20 0901 DJ3RA         599 Y22    R3CW          599 061
QSO: 28033 CW 2024-10-20 0901 DJ3RA         599 Y22    UN5G          599 308
QSO: 28033 CW 2024-10-20 0902 DJ3RA         599 Y22    RX3AEX        599 161
QSO: 28033 CW 2024-10-20 0912 DJ3RA         599 Y22    R8LA          599 214
QSO: 28033 CW 2024-10-20 0913 DJ3RA         599 Y22    RC9J          599 093
QSO: 28033 CW 2024-10-20 0914 DJ3RA         599 Y22    CT3KN         599 079
QSO: 28033 CW 2024-10-20 0915 DJ3RA         599 Y22    CT7BJG        599 781
QSO: 28033 CW 2024-10-20 0917 DJ3RA         599 Y22    RK3P          599 334
QSO: 14033 CW 2024-10-20 0918 DJ3RA         599 Y22    LZ5EE         599 563
QSO: 14033 CW 2024-10-20 0919 DJ3RA         599 Y22    DK0PO         599 O53
QSO: 14033 CW 2024-10-20 0920 DJ3RA         599 Y22    DL9NEI        599 C26
QSO: 14033 CW 2024-10-20 0921 DJ3RA         599 Y22    RT4M          599 522
QSO: 14033 CW 2024-10-20 0921 DJ3RA         599 Y22    RU4LM         599 165
QSO: 14033 CW 2024-10-20 0922 DJ3RA         599 Y22    FY5KE         599 982
QSO: 14033 CW 2024-10-20 0922 DJ3RA         599 Y22    R4DI          599 147
QSO: 14033 CW 2024-10-20 0923 DJ3RA         599 Y22    LB1UK         599 039
QSO: 14033 CW 2024-10-20 0924 DJ3RA         599 Y22    LY2BAA        599 049
QSO: 14033 CW 2024-10-20 0925 DJ3RA         599 Y22    HA7MF         599 296
QSO: 14033 CW 2024-10-20 0925 DJ3RA         599 Y22    UA6HFI        599 096
QSO: 14033 CW 2024-10-20 0926 DJ3RA         599 Y22    LZ2PS         599 191
QSO: 14033 CW 2024-10-20 0926 DJ3RA         599 Y22    K1LZ          599 896
QSO: 14033 CW 2024-10-20 0926 DJ3RA         599 Y22    S57X          599 208
QSO: 14033 CW 2024-10-20 0927 DJ3RA         599 Y22    SP8RX         599 092
QSO: 14033 CW 2024-10-20 0927 DJ3RA         599 Y22    OH8MBN        599 57
QSO: 14033 CW 2024-10-20 0928 DJ3RA         599 Y22    LY2MM         599 312
QSO: 14033 CW 2024-10-20 0928 DJ3RA         599 Y22    OK4RQ         599 278
QSO: 14033 CW 2024-10-20 0929 DJ3RA         599 Y22    LY3CY         599 089
QSO: 14033 CW 2024-10-20 0929 DJ3RA         599 Y22    PA3AAV        599 366
QSO: 14033 CW 2024-10-20 0929 DJ3RA         599 Y22    EA1X          599 402
QSO: 14033 CW 2024-10-20 0930 DJ3RA         599 Y22    F4HGU         599 057
QSO: 14033 CW 2024-10-20 0930 DJ3RA         599 Y22    E7CW          599 686
QSO: 14033 CW 2024-10-20 0930 DJ3RA         599 Y22    PA0RDT        599 159
QSO: 14033 CW 2024-10-20 0931 DJ3RA         599 Y22    UA9CDC        599 502
QSO: 14033 CW 2024-10-20 0932 DJ3RA         599 Y22    R4ACY         599 310
QSO: 14033 CW 2024-10-20 0932 DJ3RA         599 Y22    EV6Z          599 104
QSO: 14033 CW 2024-10-20 0933 DJ3RA         599 Y22    UA4CBJ        599 192
QSO: 14033 CW 2024-10-20 0933 DJ3RA         599 Y22    RV6HV         599 094
QSO: 14033 CW 2024-10-20 0933 DJ3RA         599 Y22    OM5MX         599 241
QSO: 14033 CW 2024-10-20 0934 DJ3RA         599 Y22    OL4W          599 183
QSO: 14033 CW 2024-10-20 0935 DJ3RA         599 Y22    OH3MZ         599 131
QSO: 14033 CW 2024-10-20 0935 DJ3RA         599 Y22    ON4CAS        599 402
QSO: 14033 CW 2024-10-20 0935 DJ3RA         599 Y22    UT3UZ         599 122
QSO: 14033 CW 2024-10-20 0936 DJ3RA         599 Y22    OM3YCA        599 069
QSO: 14033 CW 2024-10-20 0936 DJ3RA         599 Y22    LY1M          599 225
QSO: 14033 CW 2024-10-20 1406 DJ3RA         599 Y22    F5IN          599 481
QSO: 14033 CW 2024-10-20 1407 DJ3RA         599 Y22    HG6O          599 694
QSO: 14033 CW 2024-10-20 1407 DJ3RA         599 Y22    IZ5FDE        599 058
QSO: 14033 CW 2024-10-20 1409 DJ3RA         599 Y22    IK8UND        599 944
QSO: 14033 CW 2024-10-20 1409 DJ3RA         599 Y22    LY9A          599 1254
QSO: 14033 CW 2024-10-20 1409 DJ3RA         599 Y22    OH1RX         599 072
QSO: 14033 CW 2024-10-20 1410 DJ3RA         599 Y22    M1X           599 342
QSO: 14033 CW 2024-10-20 1410 DJ3RA         599 Y22    YL7X          599 1761
QSO: 14033 CW 2024-10-20 1410 DJ3RA         599 Y22    UN0LM         599 960
QSO: 14033 CW 2024-10-20 1411 DJ3RA         599 Y22    EA5/RV2A      599 037
QSO: 14033 CW 2024-10-20 1412 DJ3RA         599 Y22    UR5EJ         599 271
QSO: 14033 CW 2024-10-20 1412 DJ3RA         599 Y22    EU8U          599 1237
QSO: 14033 CW 2024-10-20 1413 DJ3RA         599 Y22    HA3GC         599 142
QSO: 14033 CW 2024-10-20 1414 DJ3RA         599 Y22    SP1AEN        599 559
QSO: 14033 CW 2024-10-20 1414 DJ3RA         599 Y22    RC9A          599 694
QSO: 14033 CW 2024-10-20 1414 DJ3RA         599 Y22    LZ1ZJ         599 033
QSO: 14033 CW 2024-10-20 1415 DJ3RA         599 Y22    RA4CL         599 207
QSO: 14033 CW 2024-10-20 1416 DJ3RA         599 Y22    UA6AK         599 388
QSO: 14033 CW 2024-10-20 1416 DJ3RA         599 Y22    RA9AP         599 608
QSO: 14033 CW 2024-10-20 1417 DJ3RA         599 Y22    S56A          599 089
QSO: 14033 CW 2024-10-20 1417 DJ3RA         599 Y22    G3RTU         599 042
QSO: 14033 CW 2024-10-20 1417 DJ3RA         599 Y22    R3EG          599 452
QSO: 14033 CW 2024-10-20 1421 DJ3RA         599 Y22    MM2T          599 431
QSO: 14033 CW 2024-10-20 1422 DJ3RA         599 Y22    DL8MDW        599 C06
QSO: 14033 CW 2024-10-20 1424 DJ3RA         599 Y22    CT3KN         599 297
QSO: 14033 CW 2024-10-20 1425 DJ3RA         599 Y22    EU2F          599 1423
QSO: 14033 CW 2024-10-20 1425 DJ3RA         599 Y22    S53BB         599 053
QSO: 21028 CW 2024-10-20 1426 DJ3RA         599 Y22    RW7F          599 153
QSO: 21028 CW 2024-10-20 1427 DJ3RA         599 Y22    IZ5FDE        599 071
QSO: 21028 CW 2024-10-20 1428 DJ3RA         599 Y22    RA9AP         599 615
QSO: 21028 CW 2024-10-20 1428 DJ3RA         599 Y22    N4ZR          599 442
QSO: 21028 CW 2024-10-20 1429 DJ3RA         599 Y22    FY5KE         599 1337
QSO: 21028 CW 2024-10-20 1429 DJ3RA         599 Y22    N3AM          599 264
QSO: 21028 CW 2024-10-20 1430 DJ3RA         599 Y22    RA7C          599 312
QSO: 21028 CW 2024-10-20 1430 DJ3RA         599 Y22    K0EA          599 197
QSO: 21028 CW 2024-10-20 1430 DJ3RA         599 Y22    VE3NZ         599 665
QSO: 21028 CW 2024-10-20 1431 DJ3RA         599 Y22    DL4CF         599 D25
QSO: 21028 CW 2024-10-20 1432 DJ3RA         599 Y22    NM5M          599 95
QSO: 21028 CW 2024-10-20 1432 DJ3RA         599 Y22    IU0TID        599 075
QSO: 21028 CW 2024-10-20 1433 DJ3RA         599 Y22    UA3RF         599 136
QSO: 21028 CW 2024-10-20 1433 DJ3RA         599 Y22    UA6LCJ        599 497
QSO: 21028 CW 2024-10-20 1434 DJ3RA         599 Y22    AA3B          599 1173
QSO: 21028 CW 2024-10-20 1434 DJ3RA         599 Y22    VE3NNT        599 922
QSO: 21028 CW 2024-10-20 1435 DJ3RA         599 Y22    RX7T          599 243
QSO: 21028 CW 2024-10-20 1435 DJ3RA         599 Y22    R4ACY         599 475
QSO: 21028 CW 2024-10-20 1435 DJ3RA         599 Y22    R8WX          599 1430
QSO: 21028 CW 2024-10-20 1438 DJ3RA         599 Y22    MM2T          599 452
QSO: 21028 CW 2024-10-20 1439 DJ3RA         599 Y22    K9NW          599 208
QSO: 21028 CW 2024-10-20 1440 DJ3RA         599 Y22    K3WW          599 1224
QSO: 21028 CW 2024-10-20 1441 DJ3RA         599 Y22    LZ2VP         599 318
QSO: 21028 CW 2024-10-20 1445 DJ3RA         599 Y22    K4QPL         599 128
QSO: 21028 CW 2024-10-20 1447 DJ3RA         599 Y22    F5OZC         599 256
QSO: 21028 CW 2024-10-20 1447 DJ3RA         599 Y22    DK9PY         599 K04
QSO: 21028 CW 2024-10-20 1449 DJ3RA         599 Y22    DM7M          599 S48
QSO: 21028 CW 2024-10-20 1450 DJ3RA         599 Y22    N5AW          599 178
END-OF-LOG:
