START-OF-LOG: 3.0
CATEGORY: Single operator, SSB, low power
CONTEST: WAG
SPECIFIC: V15
CALLSIGN: DO1ZTR
CLAIMED-SCORE: 490
CREATED-BY: UcxLog 8.26, modified by DXHF upload.
CLUB: DARC
GRID-LOCATOR: JO63BU
QSO:  3500 PH 2024-10-19 1758 DO1ZTR        59  V15    DL8NAS        59  B13
QSO:  3500 PH 2024-10-19 1801 DO1ZTR        59  V15    DL5OCR        59  H20
QSO:  3500 PH 2024-10-19 1802 DO1ZTR        59  V15    DB2LS         59  E39
QSO:  3500 PH 2024-10-19 1804 DO1ZTR        59  V15    DL5DTG        59  S07
QSO:  3500 PH 2024-10-19 1820 DO1ZTR        59  V15    DO6CH         59  NM
QSO:  3500 PH 2024-10-19 1824 DO1ZTR        59  V15    OK1OA         59  128
QSO:  3500 PH 2024-10-19 1851 DO1ZTR        59  V15    DL0MGD        59  W10
QSO:  3500 PH 2024-10-19 1853 DO1ZTR        59  V15    DL9OE         59  H24
QSO:  3500 PH 2024-10-19 1856 DO1ZTR        59  V15    DP6C          59  F19
QSO:  3500 PH 2024-10-19 1859 DO1ZTR        59  V15    DK6HS         59  K14
QSO:  3500 PH 2024-10-19 1902 DO1ZTR        59  V15    DF8XC         59  N47
QSO:  3500 PH 2024-10-19 1913 DO1ZTR        59  V15    DL3LAB        59  M15
QSO:  3500 PH 2024-10-19 1914 DO1ZTR        59  V15    DL2LBK        59  M31
QSO:  3500 PH 2024-10-19 1916 DO1ZTR        59  V15    DG4KAI        59  U23
QSO: 21000 PH 2024-10-20 1018 DO1ZTR        59  V15    EA2AOO/P      59  521
QSO: 21000 PH 2024-10-20 1021 DO1ZTR        59  V15    LY4T          59  222
QSO: 21000 PH 2024-10-20 1234 DO1ZTR        59  V15    IR8RCTZ       59  000
QSO: 21000 PH 2024-10-20 1236 DO1ZTR        59  V15    IT9FRX        59  602
QSO: 21000 PH 2024-10-20 1237 DO1ZTR        59  V15    IR4RMOD       59  000
QSO: 21000 PH 2024-10-20 1238 DO1ZTR        59  V15    HA2KMR        59  1265
QSO: 21000 PH 2024-10-20 1240 DO1ZTR        59  V15    R2RA          59  405
QSO: 21000 PH 2024-10-20 1242 DO1ZTR        59  V15    II9RCAL       59  000
QSO: 21000 PH 2024-10-20 1247 DO1ZTR        59  V15    LZ1DM         59  530
QSO: 21000 PH 2024-10-20 1255 DO1ZTR        59  V15    EC1DD         59  1074
QSO: 21000 PH 2024-10-20 1258 DO1ZTR        59  V15    UX9Q          59  542
END-OF-LOG:
