START-OF-LOG: 3.0
CREATED-BY: vhfmanager-downloader
CONTEST: ZRS julijsko UKV tekmovanje - Official results - VHFManager
CALLSIGN: DK1IJ
CATEGORY: 145 MHz - checklog
CATEGORY-OPERATOR: SINGLE-OP
CATEGORY-ASSISTED: NON-ASSISTED
CATEGORY-TRANSMITTER: ONE
CATEGORY-STATION: FIXED
QSO: 144300 PH 2020-07-04 1400 DK1IJ         59  1 JO43HA   DL9BBG        59  1 JO43GC  
QSO: 144300 PH 2020-07-04 1403 DK1IJ         59  2 JO43HA   DL2KBX        59  2 JO30EM  
QSO: 144300 PH 2020-07-04 1406 DK1IJ         59  3 JO43HA   DF2KD         59  9 JO30GM  
QSO: 144300 PH 2020-07-04 1408 DK1IJ         59  4 JO43HA   DD8DW         59  7 JO31WO  
QSO: 144300 PH 2020-07-04 1412 DK1IJ         59  5 JO43HA   DF6WE         59  7 JO31GO  
QSO: 144300 PH 2020-07-04 1416 DK1IJ         59  6 JO43HA   OR6T          59  21 JO20KV 
QSO: 144300 PH 2020-07-04 1419 DK1IJ         59  7 JO43HA   DL2SAT        59  31 JO30IK 
QSO: 144300 PH 2020-07-04 1429 DK1IJ         59  8 JO43HA   PA0WMX        59  28 JO21XI 
QSO: 144300 PH 2020-07-04 1432 DK1IJ         59  9 JO43HA   DK3T          59  63 JO41GU 
QSO: 144300 PH 2020-07-04 1434 DK1IJ         59  10 JO43HA  PA1T          59  41 JO33JF 
QSO: 144300 PH 2020-07-04 1439 DK1IJ         59  11 JO43HA  DK3T          59  76 JO41GU 
QSO: 144300 PH 2020-07-04 1442 DK1IJ         59  12 JO43HA  DL7DZ         59  16 JO43DD 
QSO: 144300 PH 2020-07-04 1445 DK1IJ         59  13 JO43HA  DL2YDS        59  18 JO32RG 
QSO: 144300 PH 2020-07-04 1448 DK1IJ         59  14 JO43HA  DG6KBG        59  3 JO42CU  
QSO: 144300 PH 2020-07-04 1449 DK1IJ         59  15 JO43HA  DK1UF         59  11 JO42HT 
QSO: 144300 PH 2020-07-04 1451 DK1IJ         59  16 JO43HA  DO1KF         59  1 JO43HA  
QSO: 144300 PH 2020-07-04 1453 DK1IJ         59  17 JO43HA  DL6YDF        59  9 JO42CS  
QSO: 144300 PH 2020-07-04 1454 DK1IJ         59  18 JO43HA  DH1PAL        59  24 JO30JP 
QSO: 144300 PH 2020-07-04 1458 DK1IJ         59  19 JO43HA  DK2NI         59  10 JO31SW 
QSO: 144300 PH 2020-07-04 1500 DK1IJ         59  20 JO43HA  DL9DBF        59  4 JO40AV  
QSO: 144300 PH 2020-07-04 1503 DK1IJ         59  21 JO43HA  DL3YCX        59  8 JO32PC  
QSO: 144300 PH 2020-07-04 1504 DK1IJ         59  22 JO43HA  DL6DBA        59  1 JO41BE  
QSO: 144300 PH 2020-07-04 1510 DK1IJ         59  23 JO43HA  DL2OHL/P      59  5 JO43FP  
QSO: 144300 PH 2020-07-04 1515 DK1IJ         59  24 JO43HA  DK0IZ         59  1 JO43SX  
QSO: 144300 PH 2020-07-04 1518 DK1IJ         59  25 JO43HA  DG0OME        59  20 JO51GJ 
QSO: 144300 PH 2020-07-04 1749 DK1IJ         59  26 JO43HA  DP9X          59  65 JO42PH 
QSO: 144300 PH 2020-07-04 1755 DK1IJ         59  27 JO43HA  DO8HK         59  13 JO42OU 
QSO: 144300 PH 2020-07-04 1800 DK1IJ         59  28 JO43HA  DK0FW         59  31 JO51BB 
QSO: 144300 PH 2020-07-04 1802 DK1IJ         59  29 JO43HA  DB1BAC        59  62 JO43HB 
QSO: 144300 PH 2020-07-04 1803 DK1IJ         59  30 JO43HA  DD1OP         59  25 JO42NG 
QSO: 144300 PH 2020-07-04 1805 DK1IJ         59  31 JO43HA  DL5OK         59  11 JO42QH 
QSO: 144300 PH 2020-07-04 1817 DK1IJ         59  32 JO43HA  OL7C          59  254 JO60JJ
QSO: 144300 PH 2020-07-04 1821 DK1IJ         59  33 JO43HA  DG0VOG        59  161 JO60QU
QSO: 144300 PH 2020-07-04 1842 DK1IJ         59  35 JO43HA  DL6ZBN        59  90 JN39VV 
QSO: 144300 PH 2020-07-04 1845 DK1IJ         59  36 JO43HA  DP4E          59  130 JO32LA
QSO: 144300 PH 2020-07-04 1852 DK1IJ         59  37 JO43HA  DL5BCQ        59  36 JO42ES 
QSO: 144300 PH 2020-07-04 1900 DK1IJ         59  38 JO43HA  DL0DK         59  40 JO41RB 
QSO: 144300 PH 2020-07-04 1900 DK1IJ         59  38 JO43HA  DL0DK         59  40 JO41RB 
QSO: 144300 PH 2020-07-04 2019 DK1IJ         59  39 JO43HA  DA2T          59  125 JO41QW
QSO: 144300 PH 2020-07-05 0627 DK1IJ         59  40 JO43HA  DJ6OI/P       59  84 JO41VP 
QSO: 144300 PH 2020-07-05 0638 DK1IJ         59  41 JO43HA  DL5CAT        59  55 JO31KD 
QSO: 144300 PH 2020-07-05 0640 DK1IJ         59  42 JO43HA  DG8LG         59  51 JO44VP 
QSO: 144300 PH 2020-07-05 0645 DK1IJ         59  43 JO43HA  DH6MB         59  65 JO31PV 
QSO: 144300 PH 2020-07-05 0646 DK1IJ         59  44 JO43HA  DF8QK         59  16 JO30NS 
QSO: 144300 PH 2020-07-05 0647 DK1IJ         59  45 JO43HA  DL4EBA        59  38 JO31MG 
QSO: 144300 PH 2020-07-05 0749 DK1IJ         59  46 JO43HA  SN7L          59  697 JO70SS
QSO: 144300 PH 2020-07-05 0750 DK1IJ         59  47 JO43HA  DL2LBK        59  105 JO43WG
QSO: 144300 PH 2020-07-05 0755 DK1IJ         59  48 JO43HA  ON4MPA        59  55 JO20XO 
QSO: 144300 PH 2020-07-05 0801 DK1IJ         59  49 JO43HA  OZ1ALS        59  215 JO44XX
QSO: 144300 PH 2020-07-05 0804 DK1IJ         59  50 JO43HA  DK1T          59  39 JO43UQ 
QSO: 144300 PH 2020-07-05 0809 DK1IJ         59  51 JO43HA  PA0FEI        59  18 JO33BC 
QSO: 144300 PH 2020-07-05 0810 DK1IJ         59  52 JO43HA  DL4EAX        59  2 JO31KK  
QSO: 144300 PH 2020-07-05 0812 DK1IJ         59  53 JO43HA  DL0RD         59  74 JO31JJ 
QSO: 144300 PH 2020-07-05 0812 DK1IJ         59  54 JO43HA  DL3CQ         59  7 JO31JJ  
QSO: 144300 PH 2020-07-05 0815 DK1IJ         59  55 JO43HA  DO5DTC        59  37 JO31OI 
QSO: 144300 PH 2020-07-05 0816 DK1IJ         59  56 JO43HA  DH9JE         59  20 JO31JG 
QSO: 144300 PH 2020-07-05 0817 DK1IJ         59  57 JO43HA  DL0GL         59  104 JO31KP
QSO: 144300 PH 2020-07-05 0818 DK1IJ         59  58 JO43HA  DK0LZ         59  153 JO41UW
QSO: 144300 PH 2020-07-05 0819 DK1IJ         59  59 JO43HA  DF7JC         59  14 JO31LH 
QSO: 144300 PH 2020-07-05 0820 DK1IJ         59  60 JO43HA  DL5KBG        59  44 JO31SB 
QSO: 144300 PH 2020-07-05 0821 DK1IJ         59  61 JO43HA  DL1FKB        59  57 JO30EK 
QSO: 144300 PH 2020-07-05 0824 DK1IJ         59  62 JO43HA  DL6OA         59  61 JO30WU 
QSO: 144300 PH 2020-07-05 0826 DK1IJ         59  63 JO43HA  DO4HBK        59  19 JO50JX 
QSO: 144300 PH 2020-07-05 0829 DK1IJ         59  64 JO43HA  DF1WS         59  2 JO30TJ  
QSO: 144300 PH 2020-07-05 0830 DK1IJ         59  65 JO43HA  DH6BAI        59  9 JO42DD  
QSO: 144300 PH 2020-07-05 0832 DK1IJ         59  66 JO43HA  DK5WO         59  107 JO30AS
QSO: 144300 PH 2020-07-05 0833 DK1IJ         59  67 JO43HA  DF7JU         59  51 JO31CQ 
QSO: 144300 PH 2020-07-05 0835 DK1IJ         59  68 JO43HA  PD3LPA        59  22 JO21CW 
QSO: 144300 PH 2020-07-05 0837 DK1IJ         59  69 JO43HA  DL2RH         59  10 JO32KA 
QSO: 144300 PH 2020-07-05 0840 DK1IJ         59  70 JO43HA  DG1EAD        59  77 JO31KE 
QSO: 144300 PH 2020-07-05 0841 DK1IJ         59  71 JO43HA  ON5WG         59  21 JO20VM 
QSO: 144300 PH 2020-07-05 0842 DK1IJ         59  72 JO43HA  DL4HBF        59  15 JO30JW 
QSO: 144300 PH 2020-07-05 0843 DK1IJ         59  73 JO43HA  DL0GC         59  55 JO31BQ 
QSO: 144300 PH 2020-07-05 0847 DK1IJ         59  74 JO43HA  DL5KCS        59  7 JO30LW  
QSO: 144300 PH 2020-07-05 0848 DK1IJ         59  75 JO43HA  DR9P          59  29 JO31LG 
QSO: 144300 PH 2020-07-05 0849 DK1IJ         59  76 JO43HA  DK6QW         59  20 JO31LO 
QSO: 144300 PH 2020-07-05 0851 DK1IJ         59  77 JO43HA  DL4KCW        59  58 JO31UA 
QSO: 144300 PH 2020-07-05 0855 DK1IJ         59  78 JO43HA  DM2EV         59  34 JO51DC 
QSO: 144300 PH 2020-07-05 0858 DK1IJ         59  79 JO43HA  DF7BE         59  6 JO43HE  
QSO: 144300 PH 2020-07-05 0902 DK1IJ         59  80 JO43HA  DF7WL         59  55 JO30RE 
QSO: 144300 PH 2020-07-05 0904 DK1IJ         59  81 JO43HA  DH0FAB        59  26 JO40KB 
QSO: 144300 PH 2020-07-05 0904 DK1IJ         59  82 JO43HA  DR7R          59  35 JO31DF 
QSO: 144300 PH 2020-07-05 0906 DK1IJ         59  83 JO43HA  DO1RWM        59  79 JO31QR 
QSO: 144300 PH 2020-07-05 0910 DK1IJ         59  84 JO43HA  DM3AWK        59  92 JO50DX 
QSO: 144300 PH 2020-07-05 0912 DK1IJ         59  85 JO43HA  DG9BFP        59  1 JO43HB  
QSO: 144300 PH 2020-07-05 0915 DK1IJ         59  86 JO43HA  DG7YEO        59  406 JO31QX
QSO: 144300 PH 2020-07-05 0916 DK1IJ         59  87 JO43HA  DF0W          59  72 JO43UA 
QSO: 144300 PH 2020-07-05 0917 DK1IJ         59  88 JO43HA  DK6QO         59  105 JO42IB
QSO: 144300 PH 2020-07-05 0919 DK1IJ         59  89 JO43HA  DG7YBT        59  17 JO41FU 
QSO: 144300 PH 2020-07-05 0921 DK1IJ         59  90 JO43HA  DL1EMA        59  31 JO31ES 
QSO: 144300 PH 2020-07-05 0923 DK1IJ         59  91 JO43HA  DF2FM         59  21 JO41SD 
QSO: 144300 PH 2020-07-05 0925 DK1IJ         59  92 JO43HA  DL7AT         59  68 JO53CL 
QSO: 144300 PH 2020-07-05 0927 DK1IJ         59  93 JO43HA  DL9BCP        59  1 JO43JA  
QSO: 144300 PH 2020-07-05 0929 DK1IJ         59  94 JO43HA  DO1PGR        59  52 JO31TM 
QSO: 144300 PH 2020-07-05 0932 DK1IJ         59  95 JO43HA  DL4JG         59  30 JO31LG 
QSO: 144300 PH 2020-07-05 0934 DK1IJ         59  96 JO43HA  DK5KN         59  2 JO30PQ  
QSO: 144300 PH 2020-07-05 0936 DK1IJ         59  97 JO43HA  DH1PS         59  41 JO31NO 
QSO: 144300 PH 2020-07-05 0937 DK1IJ         59  98 JO43HA  DF3TE         59  14 JO30JP 
QSO: 144300 PH 2020-07-05 0943 DK1IJ         59  99 JO43HA  DK2YL         59  59 JN39JG 
QSO: 144300 PH 2020-07-05 0944 DK1IJ         59  100 JO43HA DL7ATR        59  83 JO30DO 
QSO: 144300 PH 2020-07-05 0947 DK1IJ         59  101 JO43HA DG6ME         59  61 JO51KV 
QSO: 144300 PH 2020-07-05 0948 DK1IJ         59  102 JO43HA DL8AAV        59  139 JO52DH
QSO: 144300 PH 2020-07-05 1014 DK1IJ         59  103 JO43HA DL3CQ         59  44 JO31JJ 
QSO: 144300 PH 2020-07-05 1015 DK1IJ         59  104 JO43HA DL0RD         59  93 JO31JJ 
QSO: 144300 PH 2020-07-05 1031 DK1IJ         59  105 JO43HA DL4ZAN        59  13 JO40KG 
QSO: 144300 PH 2020-07-05 1032 DK1IJ         59  106 JO43HA DD8EI         59  145 JO31NC
QSO: 144300 PH 2020-07-05 1033 DK1IJ         59  107 JO43HA DL0BBK        59  75 JO31IG 
QSO: 144300 PH 2020-07-05 1038 DK1IJ         59  108 JO43HA PA4VHF        59  121 JO32JE
QSO: 144300 PH 2020-07-05 1039 DK1IJ         59  109 JO43HA DK3RV         59  9 JO31DG  
QSO: 144300 PH 2020-07-05 1040 DK1IJ         59  110 JO43HA DH6DAO        59  45 JO41CN 
QSO: 144300 PH 2020-07-05 1042 DK1IJ         59  111 JO43HA DK2LB         59  169 JO53LQ
QSO: 144300 PH 2020-07-05 1044 DK1IJ         59  112 JO43HA DL2RZ         59  81 JO43WG 
QSO: 144300 PH 2020-07-05 1045 DK1IJ         59  113 JO43HA DG1YBN        59  13 JO31VX 
QSO: 144300 PH 2020-07-05 1048 DK1IJ         59  114 JO43HA DL4MN         59  37 JO51JT 
QSO: 144300 PH 2020-07-05 1051 DK1IJ         59  115 JO43HA DM5M          59  252 JO51HK
QSO: 144300 PH 2020-07-05 1053 DK1IJ         59  116 JO43HA DH8OH         59  7 JO51AT  
QSO: 144300 PH 2020-07-05 1258 DK1IJ         59  117 JO43HA DF9FD         59  101 JN49GU
QSO: 144300 PH 2020-07-05 1301 DK1IJ         59  118 JO43HA DK6NJ         59  225 JN59WL
QSO: 144300 PH 2020-07-05 1303 DK1IJ         59  119 JO43HA DL8OAZ        59  50 JO42UJ 
QSO: 144300 PH 2020-07-05 1305 DK1IJ         59  120 JO43HA DB8EB         59  47 JO31JG 
QSO: 144300 PH 2020-07-05 1314 DK1IJ         59  121 JO43HA DH4EAK        59  89 JO42LH 
QSO: 144300 PH 2020-07-05 1315 DK1IJ         59  122 JO43HA DK0NA         59  172 JO50TI
QSO: 144300 PH 2020-07-05 1321 DK1IJ         59  123 JO43HA DL5NEN        59  953 JN59OP
QSO: 144300 PH 2020-07-05 1324 DK1IJ         59  124 JO43HA DM8MM         59  16 JO31AC 
QSO: 144300 PH 2020-07-05 1330 DK1IJ         59  125 JO43HA DJ3KS         59  62 JO30HO 
QSO: 144300 PH 2020-07-05 1331 DK1IJ         59  126 JO43HA DD7PA         59  94 JO30TI 
QSO: 144300 PH 2020-07-05 1353 DK1IJ         59  127 JO43HA DL1SUZ        59  76 JO53UN 
QSO: 144300 PH 2020-07-05 1356 DK1IJ         59  128 JO43HA DL2GBG        59  62 JN48FT 
END-OF-LOG:
