START-OF-LOG: 3.0
CREATED-BY: reconstructed-log-builder
CONTEST: RCC-CUP
CALLSIGN: SE4E
LOCATION: 
CATEGORY: CHECKLOG
CATEGORY-OPERATOR: SINGLE-OP
CATEGORY-BAND: ALL
CATEGORY-MODE: MIXED
CATEGORY-POWER: UNKNOWN
CATEGORY-ASSISTED: NON-ASSISTED
CATEGORY-TRANSMITTER: ONE
CATEGORY-STATION: UNKNOWN
CATEGORY-OVERLAY: 
OPERATORS: SE4E
CLAIMED-SCORE: 
CLUB: 
NAME: 
SOAPBOX: RECONSTRUCTED MOCKUP LOG - NOT AN OFFICIAL SUBMISSION.
SOAPBOX: Derived from submitted logs for RCC-CUP RCCCup/2019.
QSO:  3520 CW 2019-05-04 0302 SE4E          599 18 P3X           599 39
QSO:  7025 CW 2019-05-04 0312 SE4E          599 18 UP0L          599 30
QSO:  7023 CW 2019-05-04 0313 SE4E          599 18 RC9A          599 30
QSO:  7030 CW 2019-05-04 0332 SE4E          599 18 R8CT          599 30
QSO:  7011 CW 2019-05-04 0352 SE4E          599 18 P3X           599 39
QSO:  7027 CW 2019-05-04 0400 SE4E          599 18 RW9SW         599 30
QSO:  7017 CW 2019-05-04 0426 SE4E          599 18 RT9A          599 30
QSO: 14011 CW 2019-05-04 0441 SE4E          599 18 RA9DZ         599 30
QSO: 14026 CW 2019-05-04 0449 SE4E          599 18 RN9RF         599 30
QSO: 14010 CW 2019-05-04 0504 SE4E          599 18 RT9A          599 30
QSO: 14000 CW 2019-05-04 0507 SE4E          599 18 UN7LDR        599 30
QSO: 14017 CW 2019-05-04 0509 SE4E          599 18 UA0QN         599 23
QSO: 14030 CW 2019-05-04 0514 SE4E          599 18 P3X           599 39
QSO: 14022 CW 2019-05-04 0517 SE4E          599 18 R9SS          599 30
QSO: 14034 CW 2019-05-04 0526 SE4E          599 18 R8CT          599 30
QSO: 14034 CW 2019-05-04 0526 SE4E          599 18 R9CD          599 30
QSO: 14037 CW 2019-05-04 0553 SE4E          599 18 RZ9UO         599 31
QSO: 14018 CW 2019-05-04 0555 SE4E          599 18 UD8A          599 30
QSO: 14040 CW 2019-05-04 0600 SE4E          599 18 RK8I          599 31
QSO: 14032 CW 2019-05-04 0605 SE4E          599 18 RC9A          599 30
QSO: 14016 CW 2019-05-04 0610 SE4E          599 18 UP0L          599 30
QSO: 14023 CW 2019-05-04 0614 SE4E          599 18 RU9TN         599 30
QSO: 14000 CW 2019-05-04 0623 SE4E          599 18 UA9CTT        599 30
QSO: 14036 CW 2019-05-04 0633 SE4E          599 18 RW9W          599 30
QSO: 14020 CW 2019-05-04 0644 SE4E          599 18 R0AK          599 32
QSO: 14037 CW 2019-05-04 0807 SE4E          599 18 UN9GD         599 31
QSO: 14000 CW 2019-05-04 0813 SE4E          599 18 UN7LAN        599 30
QSO: 14020 CW 2019-05-04 0818 SE4E          599 18 RK9LWA        599 30
QSO: 14032 CW 2019-05-04 0827 SE4E          599 18 RX9AF         599 30
END-OF-LOG:
