START-OF-LOG: 2.0
ARRL-SECTION: DX
CALLSIGN: EA2TO
CLUB: 
CONTEST: EA-CNCW
CATEGORY: SINGLE-OP ALL LOW
CLAIMED-SCORE: 17985
OPERATORS: 
NAME: Javier Diaz
CREATED-BY: WinURECon 3.9 (Windows 7 64 bits)
QSO:  7000 CW 2015-07-18 1548 EA2TO         599 VI     EA5AE         599 AB
QSO:  7000 CW 2015-07-18 1550 EA2TO         599 VI     EA2EA         599 SS
QSO:  7000 CW 2015-07-18 1551 EA2TO         599 VI     EA4PN         599 M
QSO:  7000 CW 2015-07-18 1552 EA2TO         599 VI     EA5DNO        599 CS
QSO:  7000 CW 2015-07-18 1554 EA2TO         599 VI     EA1NE         599 P
QSO:  7000 CW 2015-07-18 1555 EA2TO         599 VI     EA3GBA        599 B
QSO:  7000 CW 2015-07-18 1556 EA2TO         599 VI     EA7KD         599 SE
QSO:  7000 CW 2015-07-18 1557 EA2TO         599 VI     EA4DB         599 LE
QSO:  7000 CW 2015-07-18 1600 EA2TO         599 VI     EA5/ON4CAU    599 A
QSO:  7000 CW 2015-07-18 1608 EA2TO         599 VI     EA4EN         599 M
QSO:  7000 CW 2015-07-18 1612 EA2TO         599 VI     EA4FJX        599 M
QSO:  7000 CW 2015-07-18 1613 EA2TO         599 VI     EA7IA         599 SE
QSO:  7000 CW 2015-07-18 1613 EA2TO         599 VI     EA7BY         599 SE
QSO:  7000 CW 2015-07-18 1614 EA2TO         599 VI     EA4OA         599 CU
QSO:  7000 CW 2015-07-18 1615 EA2TO         599 VI     EA2DK         599 SS
QSO:  7000 CW 2015-07-18 1616 EA2TO         599 VI     EA7OY         599 J
QSO:  7000 CW 2015-07-18 1616 EA2TO         599 VI     EA2SS         599 HU
QSO:  7000 CW 2015-07-18 1617 EA2TO         599 VI     EA5TV         599 CS
QSO:  7000 CW 2015-07-18 1618 EA2TO         599 VI     EA4GMX        599 CU
QSO:  7000 CW 2015-07-18 1618 EA2TO         599 VI     EA4AAK        599 M
QSO:  7000 CW 2015-07-18 1620 EA2TO         599 VI     EA5FQF        599 A
QSO:  7000 CW 2015-07-18 1620 EA2TO         599 VI     EB1TR         599 O
QSO:  7000 CW 2015-07-18 1621 EA2TO         599 VI     EA5DO         599 V
QSO:  7000 CW 2015-07-18 1623 EA2TO         599 VI     EA2GP         599 TE
QSO:  7000 CW 2015-07-18 1623 EA2TO         599 VI     EA5LA         599 V
QSO:  7000 CW 2015-07-18 1624 EA2TO         599 VI     EA1FAI        599 BU
QSO:  7000 CW 2015-07-18 1625 EA2TO         599 VI     EA1CGK        599 SA
QSO:  7000 CW 2015-07-18 1626 EA2TO         599 VI     EA7KU         599 GR
QSO: 14000 CW 2015-07-18 1629 EA2TO         599 VI     EA8BLV        599 TF
QSO: 14000 CW 2015-07-18 1631 EA2TO         599 VI     EC7RC         599 AL
QSO: 14000 CW 2015-07-18 1634 EA2TO         599 VI     EA8BBJ        599 GC
QSO: 14000 CW 2015-07-18 1635 EA2TO         599 VI     EA3PP         599 B
QSO: 14000 CW 2015-07-18 1636 EA2TO         599 VI     EA5RJ         599 V
QSO: 28000 CW 2015-07-18 1642 EA2TO         599 VI     EA3NT         599 T
QSO: 28000 CW 2015-07-18 1644 EA2TO         599 VI     EA1MX         599 S
QSO: 28000 CW 2015-07-18 1646 EA2TO         599 VI     EA5HM         599 V
QSO: 28000 CW 2015-07-18 1647 EA2TO         599 VI     EA5GDW        599 A
QSO: 28000 CW 2015-07-18 1649 EA2TO         599 VI     EA5WU         599 CS
QSO: 28000 CW 2015-07-18 1649 EA2TO         599 VI     EC7AT         599 AL
QSO: 28000 CW 2015-07-18 1650 EA2TO         599 VI     EA5ZL         599 CS
QSO: 28000 CW 2015-07-18 1650 EA2TO         599 VI     EA5VK         599 CS
QSO: 28000 CW 2015-07-18 1652 EA2TO         599 VI     EA1IH         599 O
QSO: 28000 CW 2015-07-18 1653 EA2TO         599 VI     EA5QX         599 MU
QSO: 28000 CW 2015-07-18 1653 EA2TO         599 VI     EA5VN         599 MU
QSO: 28000 CW 2015-07-18 1654 EA2TO         599 VI     EA7ESF        599 AL
QSO: 28000 CW 2015-07-18 1655 EA2TO         599 VI     EA1AAA        599 LU
QSO: 28000 CW 2015-07-18 1656 EA2TO         599 VI     EA5FV         599 MU
QSO: 28000 CW 2015-07-18 1656 EA2TO         599 VI     EA5FID        599 A
QSO: 28000 CW 2015-07-18 1656 EA2TO         599 VI     EA5BB         599 A
QSO: 28000 CW 2015-07-18 1658 EA2TO         599 VI     EC7ZK         599 SE
QSO: 28000 CW 2015-07-18 1659 EA2TO         599 VI     EA7TG         599 GR
QSO: 28000 CW 2015-07-18 1700 EA2TO         599 VI     EA3KX         599 B
QSO: 28000 CW 2015-07-18 1701 EA2TO         599 VI     EA5FQ         599 V
QSO: 28000 CW 2015-07-18 1702 EA2TO         599 VI     EA5GA         599 V
QSO: 28000 CW 2015-07-18 1703 EA2TO         599 VI     EA5GX         599 CS
QSO: 28000 CW 2015-07-18 1703 EA2TO         599 VI     EA5YU         599 MU
QSO: 28000 CW 2015-07-18 1704 EA2TO         599 VI     EA5HT         599 MU
QSO: 28000 CW 2015-07-18 1704 EA2TO         599 VI     EA6URA        599 IB
QSO: 28000 CW 2015-07-18 1705 EA2TO         599 VI     EA4UV         599 M
QSO: 28000 CW 2015-07-18 1705 EA2TO         599 VI     EA7RU         599 MA
QSO: 28000 CW 2015-07-18 1706 EA2TO         599 VI     EA7BT         599 AL
QSO: 28000 CW 2015-07-18 1707 EA2TO         599 VI     EA3NO         599 B
QSO: 28000 CW 2015-07-18 1707 EA2TO         599 VI     EA1AR         599 AV
QSO: 28000 CW 2015-07-18 1708 EA2TO         599 VI     EA5GIE        599 V
QSO: 28000 CW 2015-07-18 1709 EA2TO         599 VI     EA5YI         599 V
QSO: 28000 CW 2015-07-18 1709 EA2TO         599 VI     EA5TT         599 V
QSO: 28000 CW 2015-07-18 1710 EA2TO         599 VI     EA3CEC        599 GI
QSO: 28000 CW 2015-07-18 1711 EA2TO         599 VI     EA5AR         599 CS
QSO: 28000 CW 2015-07-18 1712 EA2TO         599 VI     EA7IA         599 SE
QSO: 28000 CW 2015-07-18 1713 EA2TO         599 VI     EB5ABT        599 V
QSO: 28000 CW 2015-07-18 1713 EA2TO         599 VI     EA5WU         599 CS
QSO: 28000 CW 2015-07-18 1716 EA2TO         599 VI     EA5CP         599 MU
QSO: 28000 CW 2015-07-18 1718 EA2TO         599 VI     EA4KE         599 M
QSO: 21000 CW 2015-07-18 1719 EA2TO         599 VI     EC7DTQ        599 MA
QSO: 21000 CW 2015-07-18 1721 EA2TO         599 VI     EA4ZK         599 M
QSO: 21000 CW 2015-07-18 1722 EA2TO         599 VI     EA7CP         599 AL
QSO: 21000 CW 2015-07-18 1723 EA2TO         599 VI     EA7GV         599 GR
QSO: 21000 CW 2015-07-18 1724 EA2TO         599 VI     EA5WU         599 CS
QSO: 21000 CW 2015-07-18 1725 EA2TO         599 VI     EA5BQ         599 A
QSO: 21000 CW 2015-07-18 1725 EA2TO         599 VI     EA7RU         599 MA
QSO: 21000 CW 2015-07-18 1725 EA2TO         599 VI     EA5FQ         599 V
QSO: 21000 CW 2015-07-18 1726 EA2TO         599 VI     EA5FID        599 A
QSO: 21000 CW 2015-07-18 1726 EA2TO         599 VI     EA5DP         599 V
QSO: 21000 CW 2015-07-18 1727 EA2TO         599 VI     EA5HT         599 MU
QSO: 21000 CW 2015-07-18 1727 EA2TO         599 VI     EA5XA         599 V
QSO: 21000 CW 2015-07-18 1728 EA2TO         599 VI     EA5SM         599 A
QSO: 21000 CW 2015-07-18 1728 EA2TO         599 VI     EA6URA        599 IB
QSO: 21000 CW 2015-07-18 1729 EA2TO         599 VI     EA3NO         599 B
QSO: 21000 CW 2015-07-18 1729 EA2TO         599 VI     EC7ZK         599 SE
QSO: 21000 CW 2015-07-18 1729 EA2TO         599 VI     EA5YI         599 V
QSO: 21000 CW 2015-07-18 1730 EA2TO         599 VI     EA5GX         599 CS
QSO: 21000 CW 2015-07-18 1731 EA2TO         599 VI     EA8AVK        599 GC
QSO: 21000 CW 2015-07-18 1732 EA2TO         599 VI     EA5VN         599 MU
QSO: 21000 CW 2015-07-18 1732 EA2TO         599 VI     EA7MT         599 GR
QSO: 21000 CW 2015-07-18 1732 EA2TO         599 VI     EA5RJ         599 V
QSO: 21000 CW 2015-07-18 1733 EA2TO         599 VI     EA7KB         599 H
QSO: 21000 CW 2015-07-18 1734 EA2TO         599 VI     EA7IA         599 SE
QSO: 21000 CW 2015-07-18 1734 EA2TO         599 VI     EC7RC         599 AL
QSO: 21000 CW 2015-07-18 1735 EA2TO         599 VI     EA1AAA        599 LU
QSO: 21000 CW 2015-07-18 1738 EA2TO         599 VI     EA4CRP        599 BA
QSO: 21000 CW 2015-07-18 1739 EA2TO         599 VI     EA5FJD        599 MU
QSO: 21000 CW 2015-07-18 1739 EA2TO         599 VI     EA5GIE        599 V
QSO: 21000 CW 2015-07-18 1740 EA2TO         599 VI     EA3BCU        599 B
QSO: 21000 CW 2015-07-18 1741 EA2TO         599 VI     EA5FV         599 MU
QSO: 21000 CW 2015-07-18 1742 EA2TO         599 VI     EA5FL         599 A
QSO: 21000 CW 2015-07-18 1743 EA2TO         599 VI     EA2CW         599 BI
QSO: 21000 CW 2015-07-18 1743 EA2TO         599 VI     EA5YU         599 MU
QSO: 21000 CW 2015-07-18 1744 EA2TO         599 VI     EA8AGF        599 GC
QSO: 21000 CW 2015-07-18 1746 EA2TO         599 VI     EA1FA         599 O
QSO: 21000 CW 2015-07-18 1752 EA2TO         599 VI     EC7AMY        599 SE
QSO: 21000 CW 2015-07-18 1754 EA2TO         599 VI     EA8BQM        599 GC
QSO: 21000 CW 2015-07-18 1755 EA2TO         599 VI     EB1RL         599 BU
QSO: 28000 CW 2015-07-18 1756 EA2TO         599 VI     EB1RL         599 BU
QSO: 14000 CW 2015-07-18 1757 EA2TO         599 VI     EB1RL         599 BU
QSO:  7000 CW 2015-07-18 1800 EA2TO         599 VI     EB1RL         599 BU
QSO:  3500 CW 2015-07-18 1803 EA2TO         599 VI     EB1RL         599 BU
QSO: 21000 CW 2015-07-18 1805 EA2TO         599 VI     EA8DA         599 GC
QSO: 21000 CW 2015-07-18 1806 EA2TO         599 VI     EA4URE        599 HQ
QSO: 14000 CW 2015-07-18 1809 EA2TO         599 VI     EA5XA         599 V
QSO: 14000 CW 2015-07-18 1809 EA2TO         599 VI     EA8DP         599 GC
QSO: 14000 CW 2015-07-18 1810 EA2TO         599 VI     EA8ZS         599 GC
QSO:  7000 CW 2015-07-18 1813 EA2TO         599 VI     EA5FV         599 MU
QSO:  7000 CW 2015-07-18 1817 EA2TO         599 VI     EA7GV         599 GR
QSO:  7000 CW 2015-07-18 1818 EA2TO         599 VI     EA5LN         599 V
QSO:  7000 CW 2015-07-18 1819 EA2TO         599 VI     EA6URA        599 IB
QSO:  7000 CW 2015-07-18 1820 EA2TO         599 VI     EA1ARW        599 BU
QSO:  7000 CW 2015-07-18 1821 EA2TO         599 VI     EA5HT         599 MU
QSO:  7000 CW 2015-07-18 1823 EA2TO         599 VI     EA1MX         599 S
QSO:  7000 CW 2015-07-18 1824 EA2TO         599 VI     EA2KV         599 Z
QSO:  7000 CW 2015-07-18 1825 EA2TO         599 VI     EA3PP         599 B
QSO:  7000 CW 2015-07-18 1826 EA2TO         599 VI     EA5DD         599 A
QSO:  7000 CW 2015-07-18 1832 EA2TO         599 VI     EC7AT         599 AL
QSO:  7000 CW 2015-07-18 1834 EA2TO         599 VI     EB5KT         599 V
QSO:  7000 CW 2015-07-18 1835 EA2TO         599 VI     EA4KE         599 M
QSO:  7000 CW 2015-07-18 1839 EA2TO         599 VI     EA5FQ         599 V
QSO:  7000 CW 2015-07-18 1839 EA2TO         599 VI     EA5WA         599 V
QSO:  7000 CW 2015-07-18 1841 EA2TO         599 VI     EA5FID        599 A
QSO:  7000 CW 2015-07-18 1842 EA2TO         599 VI     EA1TG         599 S
QSO:  7000 CW 2015-07-18 1844 EA2TO         599 VI     EA7OL         599 GR
QSO:  7000 CW 2015-07-18 1845 EA2TO         599 VI     EA4ZK         599 M
QSO:  7000 CW 2015-07-18 1845 EA2TO         599 VI     EA5WU         599 CS
QSO:  7000 CW 2015-07-18 1846 EA2TO         599 VI     EA7RU         599 MA
QSO:  7000 CW 2015-07-18 1847 EA2TO         599 VI     EA4BHK        599 CU
QSO:  7000 CW 2015-07-18 1848 EA2TO         599 VI     EA7ESF        599 AL
QSO:  7000 CW 2015-07-18 1848 EA2TO         599 VI     EA2NA         599 NA
QSO:  7000 CW 2015-07-18 1849 EA2TO         599 VI     EA4AAZ        599 M
QSO:  7000 CW 2015-07-18 1849 EA2TO         599 VI     EA3KN         599 T
QSO:  7000 CW 2015-07-18 1850 EA2TO         599 VI     EA7QQ         599 SE
QSO:  7000 CW 2015-07-18 1852 EA2TO         599 VI     EA1AUS        599 SA
QSO:  7000 CW 2015-07-18 1855 EA2TO         599 VI     EA1VM         599 PO
QSO:  3500 CW 2015-07-18 1900 EA2TO         599 VI     EA5GDW        599 A
QSO:  7000 CW 2015-07-18 1902 EA2TO         599 VI     EC2DX         599 NA
QSO:  7000 CW 2015-07-18 1904 EA2TO         599 VI     EA4URE        599 HQ
QSO:  7000 CW 2015-07-18 1905 EA2TO         599 VI     EA1IH         599 O
QSO:  7000 CW 2015-07-18 1907 EA2TO         599 VI     EB2RA         599 HU
QSO:  7000 CW 2015-07-18 1909 EA2TO         599 VI     EA1XT         599 C
QSO:  7000 CW 2015-07-18 1910 EA2TO         599 VI     EA4RE         599 M
QSO:  7000 CW 2015-07-18 1910 EA2TO         599 VI     EA1FAQ        599 VA
QSO:  7000 CW 2015-07-18 1912 EA2TO         599 VI     EC7CW         599 CA
QSO:  7000 CW 2015-07-18 1913 EA2TO         599 VI     EA3CUU        599 GI
QSO:  7000 CW 2015-07-18 1914 EA2TO         599 VI     EA5XA         599 V
QSO:  3500 CW 2015-07-18 1915 EA2TO         599 VI     EA5FV         599 MU
QSO:  3500 CW 2015-07-18 1915 EA2TO         599 VI     EA4KE         599 M
QSO:  3500 CW 2015-07-18 1916 EA2TO         599 VI     EA4ZK         599 M
QSO:  3500 CW 2015-07-18 1917 EA2TO         599 VI     EA7GV         599 GR
QSO:  3500 CW 2015-07-18 1919 EA2TO         599 VI     EA5FQ         599 V
END-OF-LOG: 



