START-OF-LOG: 3.0
CREATED-BY: vhfmanager-downloader
CONTEST: ZRS septembrsko UKV tekmovanje - Official results - VHFManager
CALLSIGN: DL9IG
CATEGORY: 145 MHz - Generated log
CATEGORY-OPERATOR: SINGLE-OP
CATEGORY-ASSISTED: NON-ASSISTED
CATEGORY-TRANSMITTER: ONE
CATEGORY-STATION: FIXED
QSO: 144300 PH 2020-09-05 1405 DL9IG         1   JN48CO JN48CO DL9IG         SSB DF0AP 59  
QSO: 144300 PH 2020-09-05 1409 DL9IG         2   JN48CO JN48CO DL9IG         SSB DH1WM 59  
QSO: 144300 PH 2020-09-05 1412 DL9IG         3   JN48CO JN48CO DL9IG         SSB DF1ZA 59  
QSO: 144300 PH 2020-09-05 1413 DL9IG         4   JN48CO JN48CO DL9IG         SSB DK0BC 59  
QSO: 144300 PH 2020-09-05 1415 DL9IG         5   JN48CO JN48CO DL9IG         SSB HB9FAP 59 
QSO: 144300 PH 2020-09-05 1420 DL9IG         6   JN48CO JN48CO DL9IG         SSB DR2X 59   
QSO: 144300 PH 2020-09-05 1422 DL9IG         7   JN48CO JN48CO DL9IG         SSB DL2ARD 59 
QSO: 144300 PH 2020-09-05 1425 DL9IG         8   JN48CO JN48CO DL9IG         SSB DR5T 59   
QSO: 144300 PH 2020-09-05 1427 DL9IG         9   JN48CO JN48CO DL9IG         SSB DH2PA 59  
QSO: 144300 PH 2020-09-05 1435 DL9IG         10  JN48CO JN48CO DL9IG         SSB DL1SMA 59 
QSO: 144300 PH 2020-09-05 1634 DL9IG         11  JN48CO JN48CO DL9IG         SSB F1TRE/P 59
END-OF-LOG:
