START-OF-LOG: 3.0
LOCATION: DX
CALLSIGN: EA1AAP
CLUB: URE
CONTEST: EA-CNCW
CATEGORY: SINGLE-OP ALL LOW
CATEGORY-ASSISTED: ASSISTED
CATEGORY-BAND: ALL
CATEGORY-MODE: CW
CATEGORY-POWER: 
CATEGORY-STATION: FIXED
CATEGORY-TRANSMITTER: ONE
CLAIMED-SCORE: 1332
OPERATORS: EA1AAP
NAME: FERNANDO
CREATED-BY: N1MM Logger+ 1.0.8543.0
QSO:  7034 CW 2020-07-18 1515 EA1AAP        599 LO     EA1AOQ        599 PO       
QSO: 14024 CW 2020-07-18 1636 EA1AAP        599 LO     EA7Q          599 H     
QSO: 14032 CW 2020-07-18 1645 EA1AAP        599 LO     EA7K          599 SE   
QSO: 14012 CW 2020-07-18 1718 EA1AAP        599 LO     EA6NB         599 IB       
QSO: 14018 CW 2020-07-18 1835 EA1AAP        599 LO     EA3NO         599 B        
QSO: 14023 CW 2020-07-18 1848 EA1AAP        599 LO     EA7JQA        599 J        
QSO: 21031 CW 2020-07-18 1908 EA1AAP        599 LO     EA6SX         599 IB       
QSO:  7032 CW 2020-07-18 1924 EA1AAP        599 LO     EA5OT         599 V        
QSO:  7031 CW 2020-07-18 2024 EA1AAP        599 LO     EA8QP         599 TF       
QSO:  7030 CW 2020-07-18 2036 EA1AAP        599 LO     EA5BM         599 CS       
QSO:  7027 CW 2020-07-18 2052 EA1AAP        599 LO     EA6SX         599 IB       
QSO:  7027 CW 2020-07-18 2103 EA1AAP        599 LO     EA5Q          599 V        
QSO:  7026 CW 2020-07-18 2124 EA1AAP        599 LO     EA7KD         599 SE       
QSO:  7014 CW 2020-07-18 2132 EA1AAP        599 LO     EA7KAW        599 CA       
QSO:  7001 CW 2020-07-18 2205 EA1AAP        599 LO     EA7GWD        599 SE       
QSO:  7016 CW 2020-07-18 2212 EA1AAP        599 LO     EA3X          599 GI       
QSO:  7029 CW 2020-07-18 2245 EA1AAP        599 LO     EA5YU         599 MU       
QSO:  7021 CW 2020-07-19 0647 EA1AAP        599 LO     ED7N          599 CO       
QSO:  7026 CW 2020-07-19 0728 EA1AAP        599 LO     EA7KD         599 SE       
QSO:  7025 CW 2020-07-19 0731 EA1AAP        599 LO     EA2WY/P       599 HU       
QSO:  7029 CW 2020-07-19 0758 EA1AAP        599 LO     EA1R          599 O        
QSO:  7032 CW 2020-07-19 0814 EA1AAP        599 LO     EA1WH         599 S        
QSO:  7031 CW 2020-07-19 0830 EA1AAP        599 LO     EA8QP         599 TF       
QSO:  7031 CW 2020-07-19 0831 EA1AAP        599 LO     EA2DDE        599 NA       
QSO:  7033 CW 2020-07-19 0845 EA1AAP        599 LO     EC7AMY        599 SE       
QSO:  7035 CW 2020-07-19 0852 EA1AAP        599 LO     EA1AOQ        599 PO       
QSO:  7024 CW 2020-07-19 0918 EA1AAP        599 LO     EA7R          599 CA       
QSO: 14033 CW 2020-07-19 1013 EA1AAP        599 LO     EA7TG         599 GR       
QSO:  7032 CW 2020-07-19 1033 EA1AAP        599 LO     EA2KV         599 Z        
QSO:  7032 CW 2020-07-19 1034 EA1AAP        599 LO     EA7FO         599 J        
QSO:  7037 CW 2020-07-19 1039 EA1AAP        599 LO     EB7KA         599 AL       
QSO: 14021 CW 2020-07-19 1100 EA1AAP        599 LO     EA7K          599 SE       
QSO: 14028 CW 2020-07-19 1106 EA1AAP        599 LO     EA7LH         599 J        
QSO:  7021 CW 2020-07-19 1129 EA1AAP        599 LO     EC5A          599 V        
QSO:  7020 CW 2020-07-19 1142 EA1AAP        599 LO     EB7A          599 J        
QSO:  7022 CW 2020-07-19 1147 EA1AAP        599 LO     EA7PP         599 SE       
QSO:  7017 CW 2020-07-19 1154 EA1AAP        599 LO     EA5DCL        599 MU       
QSO:  7027 CW 2020-07-19 1234 EA1AAP        599 LO     EA7HAB        599 GR       
QSO:  7014 CW 2020-07-19 1248 EA1AAP        599 LO     EA5JX         599 A        
QSO: 14029 CW 2020-07-19 1304 EA1AAP        599 LO     IT9VDQ        599 T52      
END-OF-LOG:
