START-OF-LOG: 2.0
CALLSIGN: SN5L
CONTEST: SPDX
CATEGORY: SOAB PHONE LP
CLAIMED-SCORE: 2812
OPERATORS: SN5L
CREATED-BY: HMRA public SPDX downloader
SOAPBOX: Recreated from https://spdxcontest.pzk.org.pl/2025/results_json_files/SN5L.json
QSO: 7000 PH 2025-04-05 1510 SN5L 59 R ER3CT 59 018
QSO: 7000 PH 2025-04-05 1511 SN5L 59 R DR2C 59 011
QSO: 7000 PH 2025-04-05 1513 SN5L 59 R ES5NY 59 010
QSO: 7000 PH 2025-04-05 1515 SN5L 59 R EB9ELM 59 014
QSO: 7000 PH 2025-04-05 1529 SN5L 59 R UW8SM 59 048
QSO: 7000 PH 2025-04-05 1534 SN5L 59 R HA0SA 59 036
QSO: 7000 PH 2025-04-05 1538 SN5L 59 R DL7AX 59 012
QSO: 7000 PH 2025-04-05 1539 SN5L 59 R DL1LL 59 007
QSO: 7000 PH 2025-04-05 1541 SN5L 59 R DL3AN 59 009
QSO: 7000 PH 2025-04-05 1542 SN5L 59 R SP3VZR 59 W
QSO: 7000 PH 2025-04-05 1542 SN5L 59 R SP8KWO 59 K
QSO: 7000 PH 2025-04-05 1544 SN5L 59 R LA2AB 59 016
QSO: 7000 PH 2025-04-05 1545 SN5L 59 R OK1OA 59 024
QSO: 7000 PH 2025-04-05 1546 SN5L 59 R DL1GWW 59 028
QSO: 7000 PH 2025-04-05 1548 SN5L 59 R OM3CPF 59 027
QSO: 7000 PH 2025-04-05 1550 SN5L 59 R PD3MDM 59 010
QSO: 7000 PH 2025-04-05 1551 SN5L 59 R DM800KM 59 020
QSO: 7000 PH 2025-04-05 1553 SN5L 59 R OK2BZE 59 025
QSO: 7000 PH 2025-04-05 1556 SN5L 59 R UB4UH 59 013
QSO: 7000 PH 2025-04-05 1557 SN5L 59 R DG7WA 59 022
QSO: 7000 PH 2025-04-05 1603 SN5L 59 R DL9OHA 59 077
QSO: 7000 PH 2025-04-05 1609 SN5L 59 R UT1KWA 59 062
QSO: 14000 PH 2025-04-05 1618 SN5L 59 R IU8RIA 59 028
QSO: 14000 PH 2025-04-05 1620 SN5L 59 R IW0HLZ 59 053
QSO: 14000 PH 2025-04-05 1625 SN5L 59 R IT9OPR 59 135
QSO: 14000 PH 2025-04-05 1627 SN5L 59 R IT9VCE 59 168
QSO: 14000 PH 2025-04-05 1637 SN5L 59 R IT9BUN 59 224
QSO: 14000 PH 2025-04-05 1646 SN5L 59 R IK7YTT 59 014
QSO: 14000 PH 2025-04-05 1652 SN5L 59 R TA3NE 59 187
QSO: 14000 PH 2025-04-05 1655 SN5L 59 R SV3RPQ 59 294
QSO: 14000 PH 2025-04-05 1708 SN5L 59 R TK2TH 59 089
QSO: 14000 PH 2025-04-05 1710 SN5L 59 R EA2AOO/P 59 083
QSO: 3500 PH 2025-04-05 1717 SN5L 59 R OK2BZE 59 059
QSO: 3500 PH 2025-04-05 1718 SN5L 59 R DA1BB 59 003
QSO: 3500 PH 2025-04-05 1722 SN5L 59 R YL3OO 59 003
QSO: 3500 PH 2025-04-05 1724 SN5L 59 R UR5WEB 59 004
QSO: 3500 PH 2025-04-05 1724 SN5L 59 R LY7M 59 076
QSO: 3500 PH 2025-04-05 1725 SN5L 59 R OM0AD 59 008
QSO: 3500 PH 2025-04-05 1726 SN5L 59 R ER3CT 59 138
QSO: 3500 PH 2025-04-05 1729 SN5L 59 R DO7ATR 59 003
QSO: 3500 PH 2025-04-05 1730 SN5L 59 R IU7QCK 59 021
QSO: 3500 PH 2025-04-05 1730 SN5L 59 R OZ5E 59 137
QSO: 3500 PH 2025-04-05 1735 SN5L 59 R OZ1KJM 59 013
QSO: 3500 PH 2025-04-05 1735 SN5L 59 R LY3DA 59 015
QSO: 3500 PH 2025-04-05 1736 SN5L 59 R OK1DOL 59 118
QSO: 3500 PH 2025-04-05 1737 SN5L 59 R SQ5GPK 59 R
QSO: 3500 PH 2025-04-05 1738 SN5L 59 R OK2BMI 59 053
QSO: 3500 PH 2025-04-05 1739 SN5L 59 R UZ7C 59 210
QSO: 3500 PH 2025-04-05 1741 SN5L 59 R OM6TX 59 011
QSO: 3500 PH 2025-04-05 1741 SN5L 59 R HA0SA 59 133
QSO: 3500 PH 2025-04-05 1742 SN5L 59 R S52ON 59 002
QSO: 7000 PH 2025-04-06 0529 SN5L 59 R F4FTA 59 188
QSO: 7000 PH 2025-04-06 0555 SN5L 59 R DF2KK 59 239
QSO: 7000 PH 2025-04-06 0557 SN5L 59 R HB0/SP6LUT 59 426
QSO: 7000 PH 2025-04-06 0601 SN5L 59 R PD3W 59 048
QSO: 7000 PH 2025-04-06 0602 SN5L 59 R OT4T 59 152
QSO: 7000 PH 2025-04-06 0610 SN5L 59 R HA5JI 59 195
QSO: 7000 PH 2025-04-06 0613 SN5L 59 R F5TLZ 59 125
QSO: 7000 PH 2025-04-06 0615 SN5L 59 R OK1DOL 59 594
QSO: 14000 PH 2025-04-06 0625 SN5L 59 R F5ARR 59 128
QSO: 14000 PH 2025-04-06 0629 SN5L 59 R UP4L 59 497
QSO: 14000 PH 2025-04-06 0633 SN5L 59 R CT2OV 59 463
QSO: 14000 PH 2025-04-06 0637 SN5L 59 R IT9PHU 59 264
QSO: 14000 PH 2025-04-06 0646 SN5L 59 R IW8FOI 59 132
QSO: 14000 PH 2025-04-06 0815 SN5L 59 R DL7PIA 59 557
QSO: 14000 PH 2025-04-06 0819 SN5L 59 R DF2KK 59 313
QSO: 14000 PH 2025-04-06 0828 SN5L 59 R HB9W 59 755
QSO: 14000 PH 2025-04-06 0856 SN5L 59 R PD5S 59 116
QSO: 14000 PH 2025-04-06 0922 SN5L 59 R F5KES 59 458
QSO: 14000 PH 2025-04-06 0935 SN5L 59 R RL9A 59 136
QSO: 14000 PH 2025-04-06 0937 SN5L 59 R UZ7C 59 878
QSO: 14000 PH 2025-04-06 0956 SN5L 59 R IK6LBT 59 295
QSO: 14000 PH 2025-04-06 1001 SN5L 59 R M7M 59 599
QSO: 7000 PH 2025-04-06 1007 SN5L 59 R OE3DMA 59 065
QSO: 7000 PH 2025-04-06 1025 SN5L 59 R SP2EMR 59 F
QSO: 7000 PH 2025-04-06 1034 SN5L 59 R UY5O 59 123
QSO: 7000 PH 2025-04-06 1043 SN5L 59 R OM4KK 59 176
QSO: 7000 PH 2025-04-06 1301 SN5L 59 R LY3BT 59 008
QSO: 14000 PH 2025-04-06 1323 SN5L 59 R RT3F 59 108
QSO: 14000 PH 2025-04-06 1326 SN5L 59 R RA9SDT 59 102
QSO: 14000 PH 2025-04-06 1327 SN5L 59 R E77EA 59 088
QSO: 14000 PH 2025-04-06 1329 SN5L 59 R MM7ZNT 59 154
QSO: 14000 PH 2025-04-06 1330 SN5L 59 R LZ7CC 59 390
QSO: 14000 PH 2025-04-06 1332 SN5L 59 R F4FTA 59 693
QSO: 14000 PH 2025-04-06 1349 SN5L 59 R RA3OA 59 704
QSO: 14000 PH 2025-04-06 1353 SN5L 59 R G4ERW 59 137
QSO: 14000 PH 2025-04-06 1355 SN5L 59 R IK5IFH 59 273
QSO: 7000 PH 2025-04-06 1414 SN5L 59 R OK2MBP 59 490
QSO: 7000 PH 2025-04-06 1423 SN5L 59 R DC5CH 59 064
QSO: 7000 PH 2025-04-06 1438 SN5L 59 R LY5G 59 245
QSO: 7000 PH 2025-04-06 1440 SN5L 59 R LY2SA 59 164
QSO: 7000 PH 2025-04-06 1446 SN5L 59 R DL3HWM 59 118
END-OF-LOG:
