START-OF-LOG: 2.0
CALLSIGN: SP3WBW
CONTEST: SPDX
CATEGORY: SOAB PHONE LP
CLAIMED-SCORE: 322
CREATED-BY: HMRA public SPDX downloader
SOAPBOX: Recreated from https://spdxcontest.pzk.org.pl/2025/results_json_files/SP3WBW.json
QSO: 14000 PH 2025-04-06 1235 SP3WBW 59 W F4FTA 59 677
QSO: 14000 PH 2025-04-06 1240 SP3WBW 59 W UZ7C 59 954
QSO: 14000 PH 2025-04-06 1245 SP3WBW 59 W RZ3Z 59 088
QSO: 14000 PH 2025-04-06 1247 SP3WBW 59 W IS0IYX 59 442
QSO: 14000 PH 2025-04-06 1249 SP3WBW 59 W IZ2BVC 59 486
QSO: 14000 PH 2025-04-06 1251 SP3WBW 59 W IK6LBT 59 413
QSO: 21000 PH 2025-04-06 1257 SP3WBW 59 W IS0IYX 59 460
QSO: 14000 PH 2025-04-06 1301 SP3WBW 59 W HB9EYP 59 194
QSO: 14000 PH 2025-04-06 1302 SP3WBW 59 W IW8XOI 59 432
QSO: 14000 PH 2025-04-06 1305 SP3WBW 59 W YT6T 59 292
QSO: 14000 PH 2025-04-06 1307 SP3WBW 59 W IT9VCE 59 499
QSO: 14000 PH 2025-04-06 1308 SP3WBW 59 W RT3F 59 079
QSO: 14000 PH 2025-04-06 1310 SP3WBW 59 W ER3CT 59 365
QSO: 14000 PH 2025-04-06 1314 SP3WBW 59 W IT9BUN 59 480
QSO: 21000 PH 2025-04-06 1318 SP3WBW 59 W RG5A 59 491
QSO: 14000 PH 2025-04-06 1337 SP3WBW 59 W LZ1D 59 186
QSO: 14000 PH 2025-04-06 1348 SP3WBW 59 W IZ1SAI 59 435
QSO: 14000 PH 2025-04-06 1351 SP3WBW 59 W IK5IFH 59 264
QSO: 21000 PH 2025-04-06 1400 SP3WBW 59 W EA6MR 59 214
QSO: 21000 PH 2025-04-06 1403 SP3WBW 59 W EC5SP 59 477
QSO: 21000 PH 2025-04-06 1407 SP3WBW 59 W SY3EBK 59 297
QSO: 28000 PH 2025-04-06 1415 SP3WBW 59 W 4X/SP1VF 59 431
END-OF-LOG:
