START-OF-LOG: 3.0
CREATED-BY: reconstructed-log-builder
CONTEST: CQ-WPX-SSB
CALLSIGN: DL5NDD
LOCATION: 
CATEGORY: CHECKLOG
CATEGORY-OPERATOR: SINGLE-OP
CATEGORY-BAND: ALL
CATEGORY-MODE: MIXED
CATEGORY-POWER: UNKNOWN
CATEGORY-ASSISTED: NON-ASSISTED
CATEGORY-TRANSMITTER: ONE
CATEGORY-STATION: UNKNOWN
CATEGORY-OVERLAY: 
OPERATORS: DL5NDD
CLAIMED-SCORE: 
CLUB: 
NAME: 
SOAPBOX: RECONSTRUCTED MOCKUP LOG - NOT AN OFFICIAL SUBMISSION.
SOAPBOX: Derived from submitted logs for CQ-WPX-SSB CQWPX/ph/2022.
QSO:  7128 PH 2022-03-26 1053 DL5NDD        59 0001 DL1WA         59 0336
QSO:  7172 PH 2022-03-26 1056 DL5NDD        59 002 IW1CHX        59 261
QSO:  7194 PH 2022-03-26 1058 DL5NDD        59 0003 OR4T          59 0165
QSO:  7017 PH 2022-03-26 1103 DL5NDD        59 005 DH9ET         59 0133
QSO:  7138 PH 2022-03-26 1111 DL5NDD        59 006 S51CK         59 676
QSO:  7142 PH 2022-03-26 1115 DL5NDD        59 7 DH8BQA        59 105
QSO:  7000 PH 2022-03-26 1116 DL5NDD        59 0008 OT5A          59 0526
QSO:  7117 PH 2022-03-26 1120 DL5NDD        59 0009 DP7D          59 0654
QSO: 21200 PH 2022-03-26 1135 DL5NDD        59 010 H25A          59 864
QSO: 21333 PH 2022-03-26 1137 DL5NDD        59 011 5B4KH         59 0768
QSO: 21388 PH 2022-03-26 1138 DL5NDD        59 012 C4I           59 267
QSO: 21280 PH 2022-03-26 1141 DL5NDD        59 0013 CR3DX         59 0854
QSO: 21367 PH 2022-03-26 1144 DL5NDD        59 014 D4Z           59 912
QSO: 21000 PH 2022-03-26 1148 DL5NDD        59 015 4L2M          59 1242
QSO: 14219 PH 2022-03-26 1200 DL5NDD        59 0016 LZ1QN         59 0328
QSO: 14000 PH 2022-03-26 1202 DL5NDD        59 0017 YO8SBQ        59 0409
QSO: 14214 PH 2022-03-26 1205 DL5NDD        59 0018 YP3A          59 0324
QSO: 14334 PH 2022-03-26 1207 DL5NDD        59 0019 YO4NF         59 0369
QSO: 14217 PH 2022-03-26 1208 DL5NDD        59 020 LZ7X          59 0225
QSO: 14286 PH 2022-03-26 1210 DL5NDD        59 021 ES6RW         59 0903
QSO: 14338 PH 2022-03-26 1214 DL5NDD        59 022 EI100C        59 635
QSO: 14000 PH 2022-03-26 1217 DL5NDD        59 0023 YO8BDW        59 0405
QSO: 14000 PH 2022-03-26 1219 DL5NDD        59 024 OH2PQ         59 0268
QSO: 14000 PH 2022-03-26 1223 DL5NDD        59 025 MM0AOQ        59 261
QSO: 14304 PH 2022-03-26 1229 DL5NDD        59 026 ES3V          59 0216
QSO: 14290 PH 2022-03-26 1230 DL5NDD        59 027 ED1R          59 0650
QSO: 14270 PH 2022-03-26 1232 DL5NDD        59 028 LZ9W          59 0914
QSO: 21384 PH 2022-03-26 1241 DL5NDD        59 0028 A44A          59 0532
QSO:  7132 PH 2022-03-26 1258 DL5NDD        59 0029 OE5TXF        59 0133
QSO:  7172 PH 2022-03-26 1301 DL5NDD        59 031 OK6RP         59 203
QSO:  7000 PH 2022-03-26 1303 DL5NDD        59 032 IZ2BVC        59 049
QSO:  7154 PH 2022-03-26 1305 DL5NDD        59 033 IX1HPN        59 295
QSO: 21301 PH 2022-03-26 1314 DL5NDD        59 0034 4X6FR         59 1015
QSO: 14205 PH 2022-03-26 1318 DL5NDD        59 025 IO9A          59 934
QSO: 14320 PH 2022-03-26 1320 DL5NDD        59 036 IT9FRX        59 294
QSO: 14000 PH 2022-03-26 1326 DL5NDD        59 037 IF9A          59 520
QSO: 14258 PH 2022-03-26 1328 DL5NDD        59 0038 YO6GUU        59 0334
QSO: 14261 PH 2022-03-26 1330 DL5NDD        59 039 IT9STX        59 507
QSO: 14333 PH 2022-03-26 1335 DL5NDD        59 0040 YO7SR         59 0499
QSO: 14270 PH 2022-03-26 1339 DL5NDD        59 041 LZ9W          59 0995
QSO: 14216 PH 2022-03-26 1341 DL5NDD        59 0042 YO7WC         59 0593
QSO: 14000 PH 2022-03-26 1347 DL5NDD        59 0043 LZ6E          59 0189
QSO: 14304 PH 2022-03-26 1349 DL5NDD        59 0044 SV3RPQ        59 0363
QSO: 14337 PH 2022-03-26 1352 DL5NDD        59 0045 YL9T          59 0029
QSO:  7188 PH 2022-03-26 1403 DL5NDD        59 0046 SO7E          59 0343
QSO:  7177 PH 2022-03-26 1405 DL5NDD        59 047 YT5A          59 0813
QSO:  7167 PH 2022-03-26 1407 DL5NDD        59 049 IZ1SAI        59 035
QSO:  7000 PH 2022-03-26 1411 DL5NDD        59 051 IB2C          59 130
QSO:  7000 PH 2022-03-26 1413 DL5NDD        59 052 DM5B          59 580
QSO:  7145 PH 2022-03-26 1416 DL5NDD        59 0053 IQ4FA         59 0464
QSO:  7139 PH 2022-03-26 1418 DL5NDD        59 0054 SQ7BFC        59 0359
QSO:  7136 PH 2022-03-26 1420 DL5NDD        59 0055 HB50SH        59 0262
QSO:  7000 PH 2022-03-26 1426 DL5NDD        59 057 OE3MDB        59 090
QSO:  7100 PH 2022-03-26 1428 DL5NDD        59 058 LZ9W          59 0791
QSO:  7168 PH 2022-03-26 1433 DL5NDD        59 060 HB0DX         59 0187
QSO:  7153 PH 2022-03-26 1437 DL5NDD        59 0061 S53MR         59 0200
QSO:  7000 PH 2022-03-26 1444 DL5NDD        59 063 DL1YCF        59 057
QSO:  7155 PH 2022-03-26 1450 DL5NDD        59 0064 YQ6A          59 0404
QSO: 14185 PH 2022-03-26 1456 DL5NDD        59 0065 LZ3ZZ         59 0180
QSO: 14203 PH 2022-03-26 1457 DL5NDD        59 0066 A44A          59 0426
QSO: 14300 PH 2022-03-26 1503 DL5NDD        59 0067 8S8S          59 0258
QSO: 14333 PH 2022-03-26 1506 DL5NDD        59 0068 YP0C          59 0827
QSO: 14297 PH 2022-03-26 1511 DL5NDD        59 069 9K9A          59 0596
QSO: 14000 PH 2022-03-26 1514 DL5NDD        59 070 4L2M          59 1622
QSO: 14249 PH 2022-03-26 1515 DL5NDD        59 0071 IZ8EYP        59 0347
QSO: 14000 PH 2022-03-27 0616 DL5NDD        59 0072 YM3VBR        59 0739
QSO:  7191 PH 2022-03-27 0619 DL5NDD        59 0073 N2QV          59 0658
QSO:  7182 PH 2022-03-27 0622 DL5NDD        59 074 EI100C        59 1383
QSO:  7178 PH 2022-03-27 0623 DL5NDD        59 0075 MM9I          59 1294
QSO:  7177 PH 2022-03-27 0624 DL5NDD        59 0076 SO4R          59 0807
QSO:  7000 PH 2022-03-27 0632 DL5NDD        59 77 K3ZO          59 1416
QSO:  7131 PH 2022-03-27 0638 DL5NDD        59 0078 F6GPT         59 0081
QSO:  7111 PH 2022-03-27 0642 DL5NDD        59 079 V47T          59 4551
QSO:  7105 PH 2022-03-27 0643 DL5NDD        59 080 HG7T          59 1029
QSO:  7185 PH 2022-03-27 0649 DL5NDD        59 081 ED1R          59 1125
QSO:  7165 PH 2022-03-27 0657 DL5NDD        59 0083 EB5A          59 2655
QSO:  7189 PH 2022-03-27 0705 DL5NDD        59 0084 G9X           59 0234
QSO:  7000 PH 2022-03-27 0709 DL5NDD        59 085 OM5WW         59 778
QSO:  7084 PH 2022-03-27 0719 DL5NDD        59 0086 SN9AT         59 0639
QSO:  7138 PH 2022-03-27 0727 DL5NDD        59 0087 G3M           59 1667
QSO:  7128 PH 2022-03-27 0729 DL5NDD        59 088 HG3R          59 2558
QSO:  7146 PH 2022-03-27 0731 DL5NDD        59 089 9A1CRT        59 1348
QSO:  7000 PH 2022-03-27 0735 DL5NDD        59 0090 EF3R          59 0402
QSO:  7160 PH 2022-03-27 0736 DL5NDD        59 091 IR6T          59 1237
QSO:  7127 PH 2022-03-27 0739 DL5NDD        59 92 Z62FB         59 0173
QSO:  7111 PH 2022-03-27 0741 DL5NDD        59 0093 TM3Z          59 1278
QSO:  7178 PH 2022-03-27 0746 DL5NDD        59 094 TM0R          59 2522
QSO:  7152 PH 2022-03-27 0749 DL5NDD        59 0095 S51YI         59 1533
QSO:  7000 PH 2022-03-27 0753 DL5NDD        59 096 IB5B          59 278
QSO:  7000 PH 2022-03-27 0758 DL5NDD        59 097 SP3J          59 475
QSO:  7000 PH 2022-03-27 0800 DL5NDD        59 098 HA6ZQ         59 251
QSO:  7000 PH 2022-03-27 0801 DL5NDD        59 099 TM9C          59 1251
QSO: 14277 PH 2022-03-27 0804 DL5NDD        59 101 LZ5R          59 2625
QSO: 14235 PH 2022-03-27 0806 DL5NDD        59 0142 EA7Q          59 0538
QSO: 14249 PH 2022-03-27 0808 DL5NDD        59 0103 EC5AN         59 2944
QSO: 14311 PH 2022-03-27 0942 DL5NDD        59 104 CR6K          59 3158
QSO: 14317 PH 2022-03-27 0944 DL5NDD        59 0105 EA7KI         59 0357
QSO: 14000 PH 2022-03-27 0949 DL5NDD        59 106 II8K          59 2936
QSO: 14288 PH 2022-03-27 0953 DL5NDD        59 0107 OH6RE         59 0292
QSO: 14222 PH 2022-03-27 1000 DL5NDD        59 0108 CR6P          59 1384
QSO: 14189 PH 2022-03-27 1002 DL5NDD        59 0109 J42L          59 3023
QSO: 14175 PH 2022-03-27 1004 DL5NDD        59 110 YT5A          59 1884
QSO: 14347 PH 2022-03-27 1006 DL5NDD        59 111 LY4L          59 1523
QSO: 14336 PH 2022-03-27 1007 DL5NDD        59 0112 ES5TTT        59 1121
QSO: 14310 PH 2022-03-27 1009 DL5NDD        59 0113 ED1B          59 0552
QSO: 14267 PH 2022-03-27 1017 DL5NDD        59 114 IQ9RG         59 2804
QSO: 14248 PH 2022-03-27 1018 DL5NDD        59 115 EE5T          59 0596
QSO: 14241 PH 2022-03-27 1019 DL5NDD        59 116 SJ2W          59 3617
QSO: 14226 PH 2022-03-27 1020 DL5NDD        59 0117 SZ1A          59 1671
QSO: 14132 PH 2022-03-27 1024 DL5NDD        59 0118 EA3C          59 0094
QSO: 14000 PH 2022-03-27 1025 DL5NDD        59 119 IR9Z          59 508
QSO: 14124 PH 2022-03-27 1027 DL5NDD        59 0120 LN8W          59 1026
QSO: 14234 PH 2022-03-27 1036 DL5NDD        59 0121 OH7KBF        59 0632
QSO: 14337 PH 2022-03-27 1043 DL5NDD        59 0122 LN2T          59 0280
QSO: 14333 PH 2022-03-27 1044 DL5NDD        59 0123 EA3CI         59 0901
QSO: 14315 PH 2022-03-27 1046 DL5NDD        59 0124 LC5Z          59 1102
QSO: 14262 PH 2022-03-27 1054 DL5NDD        59 125 EA1SA         59 1260
QSO: 14244 PH 2022-03-27 1056 DL5NDD        59 126 IR8M          59 447
QSO: 14234 PH 2022-03-27 1057 DL5NDD        59 0127 LA100B        59 0891
QSO: 14212 PH 2022-03-27 1100 DL5NDD        59 128 ED2R          59 317
QSO: 14160 PH 2022-03-27 1102 DL5NDD        59 0129 Z32ID         59 1468
QSO: 14345 PH 2022-03-27 1105 DL5NDD        59 0131 LY5W          59 1356
QSO: 14000 PH 2022-03-27 1110 DL5NDD        59 132 IT9CAR        59 360
QSO: 21327 PH 2022-03-27 1119 DL5NDD        59 133 CQ9T          59 1723
QSO: 21000 PH 2022-03-27 1122 DL5NDD        59 134 TA2ANL        59 429
QSO: 21307 PH 2022-03-27 1130 DL5NDD        59 0135 NE1C          59 1329
QSO: 21265 PH 2022-03-27 1132 DL5NDD        59 0136 TC3X          59 1399
QSO: 21285 PH 2022-03-27 1138 DL5NDD        59 0137 TA6B          59 0122
QSO: 21242 PH 2022-03-27 1144 DL5NDD        59 138 A61BR         59 1935
QSO: 21000 PH 2022-03-27 1147 DL5NDD        59 0139 EA2DMH        59 0939
QSO: 21365 PH 2022-03-27 1151 DL5NDD        59 140 JF9JTS        59 460
QSO: 21231 PH 2022-03-27 1156 DL5NDD        59 0141 UP0L          59 2929
QSO: 21309 PH 2022-03-27 1202 DL5NDD        59 142 ED1R          59 1177
QSO: 21326 PH 2022-03-27 1204 DL5NDD        59 0143 ED4W          59 0550
QSO: 28420 PH 2022-03-27 1218 DL5NDD        59 0144 HZ1TL         59 0946
QSO:  7186 PH 2022-03-27 1235 DL5NDD        59 0145 LY5AX         59 1141
QSO:  7000 PH 2022-03-27 1236 DL5NDD        59 146 HB2C          59 418
QSO:  7175 PH 2022-03-27 1238 DL5NDD        59 147 DJ4MX         59 210
QSO:  7159 PH 2022-03-27 1240 DL5NDD        59 0148 HF6R          59 0130
QSO:  7153 PH 2022-03-27 1241 DL5NDD        59 0149 OM5M          59 0197
QSO:  7000 PH 2022-03-27 1245 DL5NDD        59 150 PA0PIW        59 061
QSO:  7129 PH 2022-03-27 1246 DL5NDD        59 0151 OL7T          59 1965
QSO:  7126 PH 2022-03-27 1248 DL5NDD        59 152 F8KGS         59 0941
QSO:  7195 PH 2022-03-27 1252 DL5NDD        59 153 DG1IU         59 0504
QSO:  7000 PH 2022-03-27 1253 DL5NDD        59 154 DJ3HW         59 779
QSO:  7178 PH 2022-03-27 1255 DL5NDD        59 155 DD5VL         59 363
QSO:  7137 PH 2022-03-27 1259 DL5NDD        59 156 LY7M          59 192
QSO:  7122 PH 2022-03-27 1302 DL5NDD        59 157 OT2A          59 1235
QSO:  7184 PH 2022-03-27 1307 DL5NDD        59 158 SP3HLM        59 0676
QSO:  7158 PH 2022-03-27 1311 DL5NDD        59 0159 ON3AR         59 0485
QSO:  7000 PH 2022-03-27 1314 DL5NDD        59 160 DL6MRM        59 557
QSO:  7161 PH 2022-03-27 1319 DL5NDD        59 0161 SQ7CL         59 0720
QSO: 14185 PH 2022-03-27 1325 DL5NDD        59 162 EA1WH         59 0518
QSO: 14000 PH 2022-03-27 1328 DL5NDD        59 0163 YO5ER         59 0803
QSO: 14000 PH 2022-03-27 1330 DL5NDD        59 164 ER1JA         59 217
QSO: 21150 PH 2022-03-27 1342 DL5NDD        59 0165 4Z5LY         59 1241
QSO:  7190 PH 2022-03-27 1350 DL5NDD        59 0166 PA0AA         59 0491
QSO:  7000 PH 2022-03-27 1354 DL5NDD        59 0167 SP9EJH        59 0238
QSO:  7000 PH 2022-03-27 1409 DL5NDD        59 171 DG5MLA        59 0369
QSO:  7188 PH 2022-03-27 1415 DL5NDD        59 0172 OR3A          59 0951
QSO:  7165 PH 2022-03-27 1419 DL5NDD        59 173 DG1ATN        59 0273
QSO: 14287 PH 2022-03-27 1438 DL5NDD        59 0175 UP0L          59 3182
QSO:  7148 PH 2022-03-27 1447 DL5NDD        59 0176 PI4RS         59 0968
QSO:  7000 PH 2022-03-27 1448 DL5NDD        59 177 OZ30EU        59 1078
QSO:  7084 PH 2022-03-27 1454 DL5NDD        59 178 DL4ZA         59 547
QSO:  7178 PH 2022-03-27 1457 DL5NDD        59 179 DJ2FL         59 422
QSO:  7162 PH 2022-03-27 1500 DL5NDD        59 0180 SP7MU         59 0226
QSO:  7000 PH 2022-03-27 1504 DL5NDD        59 181 DL2RMC        59 772
QSO:  7091 PH 2022-03-27 1508 DL5NDD        59 0182 SP3AYA        59 0381
QSO:  7000 PH 2022-03-27 1512 DL5NDD        59 0183 OT7L          59 0864
QSO:  7188 PH 2022-03-27 1513 DL5NDD        59 184 HB9DQL        59 0802
QSO:  7000 PH 2022-03-27 1518 DL5NDD        59 185 DR90TJU       59 311
QSO:  7137 PH 2022-03-27 1522 DL5NDD        59 0186 PC1PM         59 0446
QSO:  7120 PH 2022-03-27 1525 DL5NDD        59 0187 DL1OJ         59 0153
QSO:  7000 PH 2022-03-27 1527 DL5NDD        59 188 IK3UNA        59 1431
QSO:  7097 PH 2022-03-27 1529 DL5NDD        59 0189 DK2AT         59 0226
QSO:  7091 PH 2022-03-27 1531 DL5NDD        59 190 DQ5T          59 0883
QSO:  7197 PH 2022-03-27 1533 DL5NDD        59 191 IU1NKS        59 604
QSO:  7171 PH 2022-03-27 1538 DL5NDD        59 0192 DJ5MO         59 0073
QSO:  7160 PH 2022-03-27 1539 DL5NDD        59 0193 OE6MDF        59 0988
QSO:  7104 PH 2022-03-27 1547 DL5NDD        59 195 DF40BGK       59 0390
QSO:  7186 PH 2022-03-27 1550 DL5NDD        59 196 F5LIW         59 1003
QSO:  7095 PH 2022-03-27 1600 DL5NDD        59 0197 HA3OU         59 0359
QSO:  7087 PH 2022-03-27 1602 DL5NDD        59 0198 HB9TOC        59 0859
QSO:  7171 PH 2022-03-27 1603 DL5NDD        59 199 SN3A          59 1876
QSO:  7168 PH 2022-03-27 1606 DL5NDD        59 0200 SZ1A          59 2119
END-OF-LOG:
