START-OF-LOG: 2.0
REF-SECTION: 85
CALLSIGN: F6BZJ
CATEGORY: SINGLE-OP ALL LOW
CLAIMED-SCORE:  74639
CONTEST: REF-SSB
CREATED-BY: WINREF-HF V9.7.18
NAME: MAURIN JACQUES
OFFTIME: 2024-02-24 2012 2024-02-25 0708
OFFTIME: 2024-02-24 0726 2024-02-24 1005
OFFTIME: 2024-02-24 1636 2024-02-24 1910
OFFTIME: 2024-02-24 1402 2024-02-24 1627
OFFTIME: 2024-02-25 1443 2024-02-25 1659
OFFTIME: 2024-02-25 1046 2024-02-25 1241
OFFTIME: 2024-02-24 1103 2024-02-24 1226
RIG: IC-7300
RIG: IC-7300
RIG: DELTA LOOP
RIG: 100
QSO: 7000  PH 2024-02-24 0630 F6BZJ         59  85     F6REF         59  00   
QSO: 7000  PH 2024-02-24 0707 F6BZJ         59  85     F6GOE         59  19   
QSO: 7000  PH 2024-02-24 0723 F6BZJ         59  85     FM5BH         59  FM   
QSO: 7000  PH 2024-02-24 0726 F6BZJ         59  85     F4IWO         59  01   
QSO: 7000  PH 2024-02-24 1005 F6BZJ         59  85     F5KCK         59  78   
QSO: 7000  PH 2024-02-24 1008 F6BZJ         59  85     F5RAV         59  27   
QSO: 7000  PH 2024-02-24 1011 F6BZJ         59  85     F6KMX         59  94   
QSO: 7000  PH 2024-02-24 1013 F6BZJ         59  85     F6KOP         59  77   
QSO: 7000  PH 2024-02-24 1018 F6BZJ         59  85     F8EMH         59  54   
QSO: 7000  PH 2024-02-24 1024 F6BZJ         59  85     F4GGJ         59  81   
QSO: 7000  PH 2024-02-24 1027 F6BZJ         59  85     F8EFU         59  57   
QSO: 7000  PH 2024-02-24 1030 F6BZJ         59  85     F4LFU         59  21   
QSO: 7000  PH 2024-02-24 1031 F6BZJ         59  85     F6KPW         59  33   
QSO: 7000  PH 2024-02-24 1039 F6BZJ         59  85     F6KGI/P       59  11   
QSO: 7000  PH 2024-02-24 1041 F6BZJ         59  85     F5KRH         59  80   
QSO: 7000  PH 2024-02-24 1044 F6BZJ         59  85     F4JIK         59  78   
QSO: 7000  PH 2024-02-24 1048 F6BZJ         59  85     F4DNK         59  76   
QSO: 7000  PH 2024-02-24 1056 F6BZJ         59  85     F4ENJ/P       59  15   
QSO: 7000  PH 2024-02-24 1101 F6BZJ         59  85     F6KJX         59  41   
QSO: 7000  PH 2024-02-24 1103 F6BZJ         59  85     TM6Y          59  46   
QSO: 7000  PH 2024-02-24 1226 F6BZJ         59  85     F4EOC         59  57   
QSO: 7000  PH 2024-02-24 1230 F6BZJ         59  85     F4EPM         59  54   
QSO: 7000  PH 2024-02-24 1233 F6BZJ         59  85     F4CZV         59  82   
QSO: 7000  PH 2024-02-24 1237 F6BZJ         59  85     F4JOY         59  43   
QSO: 7000  PH 2024-02-24 1238 F6BZJ         59  85     F1RYW         59  32   
QSO: 7000  PH 2024-02-24 1241 F6BZJ         59  85     F5KLJ         59  17   
QSO: 7000  PH 2024-02-24 1245 F6BZJ         59  85     TM3RH         59  57   
QSO: 7000  PH 2024-02-24 1251 F6BZJ         59  85     F6KSD         59  25   
QSO: 7000  PH 2024-02-24 1254 F6BZJ         59  85     F1IBU         59  58   
QSO: 7000  PH 2024-02-24 1309 F6BZJ         59  85     F4HQB         59  62   
QSO: 7000  PH 2024-02-24 1312 F6BZJ         59  85     TM72G         59  72   
QSO: 7000  PH 2024-02-24 1315 F6BZJ         59  85     F6BSZ         59  14   
QSO: 7000  PH 2024-02-24 1320 F6BZJ         59  85     F4GWM         59  39   
QSO: 7000  PH 2024-02-24 1327 F6BZJ         59  85     TM69YL        59  69   
QSO: 7000  PH 2024-02-24 1330 F6BZJ         59  85     F5NUI         59  42   
QSO: 7000  PH 2024-02-24 1333 F6BZJ         59  85     F6AXN         59  28   
QSO: 7000  PH 2024-02-24 1335 F6BZJ         59  85     F4FQZ         59  89   
QSO: 7000  PH 2024-02-24 1338 F6BZJ         59  85     F6APE         59  49   
QSO: 7000  PH 2024-02-24 1355 F6BZJ         59  85     F6FMX         59  07   
QSO: 7000  PH 2024-02-24 1400 F6BZJ         59  85     F5NRE         59  48   
QSO: 7000  PH 2024-02-24 1402 F6BZJ         59  85     F5KMB         59  60   
QSO: 7000  PH 2024-02-24 1627 F6BZJ         59  85     F4HMV         59  22   
QSO: 7000  PH 2024-02-24 1629 F6BZJ         59  85     TM4K          59  03   
QSO: 7000  PH 2024-02-24 1634 F6BZJ         59  85     F4EIK         59  52   
QSO: 7000  PH 2024-02-24 1636 F6BZJ         59  85     F4IYO         59  24   
QSO: 7000  PH 2024-02-24 1910 F6BZJ         59  85     F6FET         59  53   
QSO: 7000  PH 2024-02-24 1915 F6BZJ         59  85     F4KIP         59  57   
QSO: 7000  PH 2024-02-24 1918 F6BZJ         59  85     S51CK         59  340  
QSO: 7000  PH 2024-02-24 1922 F6BZJ         59  85     TK4TH         59  2B   
QSO: 7000  PH 2024-02-24 1925 F6BZJ         59  85     TM2T          59  13   
QSO: 7000  PH 2024-02-24 1935 F6BZJ         59  85     F5IRP         59  85   
QSO: 7000  PH 2024-02-24 1946 F6BZJ         59  85     F5IXN         59  13   
QSO: 7000  PH 2024-02-24 1950 F6BZJ         59  85     F4KKF         59  13   
QSO: 7000  PH 2024-02-24 1952 F6BZJ         59  85     F4FVW         59  08   
QSO: 7000  PH 2024-02-24 2012 F6BZJ         59  85     F4EHC         59  37   
QSO: 7000  PH 2024-02-25 0708 F6BZJ         59  85     F4GWO         59  66   
QSO: 7000  PH 2024-02-25 0710 F6BZJ         59  85     F4EQA         59  34   
QSO: 7000  PH 2024-02-25 0713 F6BZJ         59  85     F1IKA         59  31   
QSO: 7000  PH 2024-02-25 0715 F6BZJ         59  85     HB9TWU        59  380  
QSO: 7000  PH 2024-02-25 0718 F6BZJ         59  85     F1MGE         59  13   
QSO: 7000  PH 2024-02-25 0722 F6BZJ         59  85     F4HOT         59  59   
QSO: 7000  PH 2024-02-25 0726 F6BZJ         59  85     F4DPW         59  95   
QSO: 7000  PH 2024-02-25 0728 F6BZJ         59  85     TM5E          59  76   
QSO: 7000  PH 2024-02-25 0731 F6BZJ         59  85     F8KGZ         59  54   
QSO: 7000  PH 2024-02-25 0734 F6BZJ         59  85     F6KJS         59  71   
QSO: 7000  PH 2024-02-25 0740 F6BZJ         59  85     F5KAR         59  76   
QSO: 7000  PH 2024-02-25 0742 F6BZJ         59  85     TM5X          59  50   
QSO: 7000  PH 2024-02-25 0745 F6BZJ         59  85     F4DYY         59  17   
QSO: 7000  PH 2024-02-25 0747 F6BZJ         59  85     TM2RJ         59  45   
QSO: 7000  PH 2024-02-25 0749 F6BZJ         59  85     F6KUC         59  16   
QSO: 7000  PH 2024-02-25 0751 F6BZJ         59  85     TM0P          59  75   
QSO: 7000  PH 2024-02-25 0757 F6BZJ         59  85     F4KKV         59  53   
QSO: 7000  PH 2024-02-25 0801 F6BZJ         59  85     F4KJP         59  08   
QSO: 7000  PH 2024-02-25 0841 F6BZJ         59  85     F5NIB         59  36   
QSO: 7000  PH 2024-02-25 0843 F6BZJ         59  85     F6KQV         59  67   
QSO: 7000  PH 2024-02-25 0846 F6BZJ         59  85     F4GQP         59  18   
QSO: 7000  PH 2024-02-25 0849 F6BZJ         59  85     TM3E          59  33   
QSO: 7000  PH 2024-02-25 0853 F6BZJ         59  85     F4GFS         59  77   
QSO: 7000  PH 2024-02-25 0859 F6BZJ         59  85     F6FTB         59  21   
QSO: 7000  PH 2024-02-25 0902 F6BZJ         59  85     TM5VSM        59  14   
QSO: 7000  PH 2024-02-25 0905 F6BZJ         59  85     F4JGN         59  33   
QSO: 7000  PH 2024-02-25 0908 F6BZJ         59  85     F5SDH         59  35   
QSO: 7000  PH 2024-02-25 0914 F6BZJ         59  85     F5GFA         59  47   
QSO: 7000  PH 2024-02-25 0919 F6BZJ         59  85     F4EZG         59  87   
QSO: 7000  PH 2024-02-25 0921 F6BZJ         59  85     F8UFT         59  62   
QSO: 7000  PH 2024-02-25 0925 F6BZJ         59  85     F4ASK         59  85   
QSO: 7000  PH 2024-02-25 0936 F6BZJ         59  85     F5SGI         59  56   
QSO: 7000  PH 2024-02-25 0949 F6BZJ         59  85     OT5N          59  307  
QSO: 7000  PH 2024-02-25 0954 F6BZJ         59  85     F6EQZ         59  51   
QSO: 7000  PH 2024-02-25 1003 F6BZJ         59  85     F4JUF         59  84   
QSO: 7000  PH 2024-02-25 1010 F6BZJ         59  85     F6HRL         59  86   
QSO: 7000  PH 2024-02-25 1019 F6BZJ         59  85     F8KCF         59  74   
QSO: 7000  PH 2024-02-25 1026 F6BZJ         59  85     F6CCZ         59  44   
QSO: 7000  PH 2024-02-25 1036 F6BZJ         59  85     F8ATS         59  91   
QSO: 7000  PH 2024-02-25 1046 F6BZJ         59  85     F8OML         59  17   
QSO: 7000  PH 2024-02-25 1241 F6BZJ         59  85     F5KDC         59  63   
QSO: 7000  PH 2024-02-25 1252 F6BZJ         59  85     F5BOY         59  73   
QSO: 14000 PH 2024-02-25 1323 F6BZJ         59  85     F4BIT         59  54   
QSO: 14000 PH 2024-02-25 1327 F6BZJ         59  85     F4DXP         59  29   
QSO: 14000 PH 2024-02-25 1329 F6BZJ         59  85     F4KLR         59  62   
QSO: 14000 PH 2024-02-25 1331 F6BZJ         59  85     F4GWO         59  66   
QSO: 14000 PH 2024-02-25 1335 F6BZJ         59  85     F4BPJ         59  82   
QSO: 14000 PH 2024-02-25 1338 F6BZJ         59  85     F4CVQ         59  88   
QSO: 14000 PH 2024-02-25 1340 F6BZJ         59  85     F4DPW         59  95   
QSO: 14000 PH 2024-02-25 1342 F6BZJ         59  85     F4IZG         59  74   
QSO: 14000 PH 2024-02-25 1347 F6BZJ         59  85     F6KJJ         59  38   
QSO: 14000 PH 2024-02-25 1350 F6BZJ         59  85     F6KJU         59  59   
QSO: 14000 PH 2024-02-25 1356 F6BZJ         59  85     F5VKT         59  47   
QSO: 14000 PH 2024-02-25 1402 F6BZJ         59  85     F6IFY         59  01   
QSO: 14000 PH 2024-02-25 1402 F6BZJ         59  85     F6REF         59  00   
QSO: 14000 PH 2024-02-25 1408 F6BZJ         59  85     F4IDB         59  83   
QSO: 14000 PH 2024-02-25 1411 F6BZJ         59  85     F5TVG         59  77   
QSO: 14000 PH 2024-02-25 1412 F6BZJ         59  85     F4JUF         59  84   
QSO: 14000 PH 2024-02-25 1415 F6BZJ         59  85     EI4II         59  227  
QSO: 14000 PH 2024-02-25 1430 F6BZJ         59  85     F1DCX         59  17   
QSO: 14000 PH 2024-02-25 1435 F6BZJ         59  85     F4KIP/QRP     59  57   
QSO: 14000 PH 2024-02-25 1437 F6BZJ         59  85     TM1HR         59  68   
QSO: 14000 PH 2024-02-25 1443 F6BZJ         59  85     F4HYT         59  19   
QSO: 7000  PH 2024-02-25 1659 F6BZJ         59  85     F4JRB         59  61   
QSO: 7000  PH 2024-02-25 1710 F6BZJ         59  85     TM1HR         59  68   
QSO: 7000  PH 2024-02-25 1712 F6BZJ         59  85     F4ISZ         59  88   
QSO: 7000  PH 2024-02-25 1714 F6BZJ         59  85     TM3P          59  38   
QSO: 7000  PH 2024-02-25 1721 F6BZJ         59  85     TM4A          59  79   
QSO: 7000  PH 2024-02-25 1747 F6BZJ         59  85     TM5W          59  63   
QSO: 7000  PH 2024-02-25 1751 F6BZJ         59  85     F4KLR         59  62   
END-OF-LOG:
