START-OF-LOG: 3.0
CREATED-BY: reconstructed-log-builder
CONTEST: IARU-HF
CALLSIGN: W4EE
LOCATION: 
CATEGORY: CHECKLOG
CATEGORY-OPERATOR: SINGLE-OP
CATEGORY-BAND: ALL
CATEGORY-MODE: MIXED
CATEGORY-POWER: UNKNOWN
CATEGORY-ASSISTED: NON-ASSISTED
CATEGORY-TRANSMITTER: ONE
CATEGORY-STATION: UNKNOWN
CATEGORY-OVERLAY: 
OPERATORS: W4EE
CLAIMED-SCORE: 
CLUB: 
NAME: 
SOAPBOX: RECONSTRUCTED MOCKUP LOG - NOT AN OFFICIAL SUBMISSION.
SOAPBOX: Derived from submitted logs for IARU-HF ARRL/iaru_hf_world_championship/2020.
QSO: 14009 CW 2020-07-11 1457 W4EE          599 08 N3QE          599 08
QSO: 14007 CW 2020-07-11 1500 W4EE          599 08 VA2WA         599 04
QSO: 14006 CW 2020-07-11 1501 W4EE          599 08 AJ3AA         599 8
QSO: 14007 CW 2020-07-11 1501 W4EE          599 08 CO6RD         599 11
QSO: 14005 CW 2020-07-11 1502 W4EE          599 8 N4AF          599 8
QSO: 14002 CW 2020-07-11 1505 W4EE          599 08 N3RS          599 08
QSO: 14001 CW 2020-07-11 1506 W4EE          599 08 KX0C          599 7
QSO: 14009 CW 2020-07-11 1511 W4EE          599 08 ND7K          599 6
QSO: 14011 CW 2020-07-11 1512 W4EE          599 08 VE3MA         599 04
QSO: 14012 CW 2020-07-11 1514 W4EE          599 08 K1ZZ          599 AC
QSO: 14012 CW 2020-07-11 1514 W4EE          599 08 NW3Y          599 08
QSO: 14014 CW 2020-07-11 1517 W4EE          599 8 W0EA          599 7
QSO: 14015 CW 2020-07-11 1519 W4EE          599 08 XE1CT         599 10
QSO: 14016 CW 2020-07-11 1519 W4EE          599 08 K3WW          599 08
QSO: 14017 CW 2020-07-11 1522 W4EE          599 08 K6NA          599 06
QSO: 21030 CW 2020-07-11 1526 W4EE          599 08 EF4HQ         599 URE
QSO: 21032 CW 2020-07-11 1528 W4EE          599 08 NA8V          599 8
QSO: 21038 CW 2020-07-11 1531 W4EE          599 08 WP2DX         599 11
QSO: 21040 CW 2020-07-11 1532 W4EE          599 08 WP3C          599 11
QSO: 21043 CW 2020-07-11 1534 W4EE          599 08 K9NR          599 08
QSO: 21003 CW 2020-07-11 1538 W4EE          599 08 PJ4A          599 11
QSO: 21015 CW 2020-07-11 1552 W4EE          599 08 TM0HQ         599 REF
QSO: 21018 CW 2020-07-11 1553 W4EE          599 08 OL0HQ         599 CRC
QSO: 21024 CW 2020-07-11 1558 W4EE          599 08 EA8RM         599 36
QSO: 21029 CW 2020-07-11 1602 W4EE          599 08 K9CT          599 08
QSO: 21034 CW 2020-07-11 1606 W4EE          599 08 W2FU          599 08
QSO: 21028 CW 2020-07-11 1608 W4EE          599 08 OM3BH         599 28
QSO: 21046 CW 2020-07-11 1614 W4EE          599 08 K1MK          599 08
QSO: 14018 CW 2020-07-11 1615 W4EE          599 08 N5RZ          599 07
QSO: 14017 CW 2020-07-11 1618 W4EE          599 08 NA8V          599 8
QSO: 14011 CW 2020-07-11 1628 W4EE          599 08 K3SW          599 08
QSO: 14004 CW 2020-07-11 1636 W4EE          599 08 K5GN          599 7
QSO: 14003 CW 2020-07-11 1637 W4EE          599 8 NU1AW         599 IARU
QSO: 14003 CW 2020-07-11 1637 W4EE          599 08 OG7A          599 18
QSO: 14279 PH 2020-07-11 1641 W4EE          59 08 VE2NTT        59 04
QSO: 14235 PH 2020-07-11 1704 W4EE          59 08 WP3R          59 11
QSO: 14219 PH 2020-07-11 1707 W4EE          59 08 KS2G          59 08
QSO: 14213 PH 2020-07-11 1711 W4EE          59 08 XE1CQ         59 10
QSO: 14194 PH 2020-07-11 1714 W4EE          59 08 TG9ANF        59 11
QSO: 14151 PH 2020-07-11 1722 W4EE          59 8 NU1AW         59 IARU
QSO: 14004 CW 2020-07-11 1725 W4EE          599 08 K5GN          599 7
QSO: 14004 CW 2020-07-11 1728 W4EE          599 08 EC2DX         599 37
QSO: 14005 CW 2020-07-11 1729 W4EE          599 08 W5EA          599 07
QSO: 14005 CW 2020-07-11 1730 W4EE          599 08 SE5E          599 18
QSO: 14005 CW 2020-07-11 1732 W4EE          599 08 DM6V          599 28
QSO: 14006 CW 2020-07-11 1734 W4EE          599 08 G5W           599 AC
QSO: 14006 CW 2020-07-11 1738 W4EE          599 08 E7HQ          599 ARABH
QSO: 14008 CW 2020-07-11 1741 W4EE          599 08 NN1C          599 08
QSO: 14009 CW 2020-07-11 1743 W4EE          599 08 OP0HQ         599 UBA
QSO: 14012 CW 2020-07-11 1810 W4EE          599 08 GR2HQ         599 RSGB
QSO: 14014 CW 2020-07-11 1813 W4EE          599 08 TM0HQ         599 REF
QSO: 14016 CW 2020-07-11 1817 W4EE          599 08 KP3DX         599 11
QSO: 14017 CW 2020-07-11 1822 W4EE          599 08 OH2KW         599 18
QSO: 14021 CW 2020-07-11 1827 W4EE          599 08 VE3JM         599 04
QSO: 14022 CW 2020-07-11 1830 W4EE          599 08 KU2M          599 08
QSO: 14000 CW 2020-07-11 1831 W4EE          599 08 SN0HQ         599 PZK
QSO: 14024 CW 2020-07-11 1833 W4EE          599 8 K5ZD          599 08
QSO: 14024 CW 2020-07-11 1833 W4EE          599 08 VE3EJ         599 04
QSO: 14025 CW 2020-07-11 1835 W4EE          599 08 9A0HQ         599 HRS
QSO: 14026 CW 2020-07-11 1839 W4EE          599 08 K0NM          599 07
QSO: 14027 CW 2020-07-11 1840 W4EE          599 08 KD4D          599 08
QSO: 14006 CW 2020-07-11 1843 W4EE          599 08 PJ4A          599 11
QSO: 14028 CW 2020-07-11 1844 W4EE          599 08 EF4HQ         599 URE
QSO: 14029 CW 2020-07-11 1846 W4EE          599 08 VE1RSM        599 09
QSO: 14031 CW 2020-07-11 1852 W4EE          599 08 W1AW          599 ARRL
QSO: 14032 CW 2020-07-11 1855 W4EE          599 08 DA0HQ         599 DARC
QSO: 14033 CW 2020-07-11 1856 W4EE          599 08 EA5M          599 37
QSO: 14034 CW 2020-07-11 1858 W4EE          599 08 OE0HQ         599 OVSV
QSO: 14035 CW 2020-07-11 1900 W4EE          599 08 K1AR          599 8
QSO: 14000 CW 2020-07-11 1904 W4EE          599 08 K3ZO          599 08
QSO: 14039 CW 2020-07-11 1905 W4EE          599 08 SN7Q          599 28
QSO: 14040 CW 2020-07-11 1906 W4EE          599 08 VE3AT         599 04
QSO: 14040 CW 2020-07-11 1907 W4EE          599 08 UW2M          599 29
QSO: 14044 CW 2020-07-11 1911 W4EE          599 08 K3WU          599 08
QSO: 14000 CW 2020-07-11 1919 W4EE          599 08 K1EEE         599 08
QSO: 14052 CW 2020-07-11 1923 W4EE          599 08 EA2W          599 37
QSO: 14053 CW 2020-07-11 1924 W4EE          599 08 NO5W          599 07
QSO: 14054 CW 2020-07-11 1925 W4EE          599 08 W0NA          599 08
QSO: 14056 CW 2020-07-11 1927 W4EE          599 08 K8JQ          599 08
QSO: 14000 CW 2020-07-11 1930 W4EE          599 08 K8GL          599 8
QSO: 14059 CW 2020-07-11 1931 W4EE          599 08 N3OC          599 08
QSO: 14059 CW 2020-07-11 1932 W4EE          599 08 W1KM          599 08
QSO: 28018 CW 2020-07-11 1934 W4EE          599 08 K1MK          599 08
QSO: 28023 CW 2020-07-11 1946 W4EE          599 08 KP2M          599 11
QSO: 28031 CW 2020-07-11 1951 W4EE          599 08 NP2X          599 11
QSO: 14003 CW 2020-07-11 1959 W4EE          599 08 NR4M          599 08
QSO: 14005 CW 2020-07-11 2000 W4EE          599 08 W5FMH         599 07
QSO: 14007 CW 2020-07-11 2002 W4EE          599 08 K1IR          599 08
QSO: 14007 CW 2020-07-11 2004 W4EE          599 08 AB3CX         599 08
QSO: 14007 CW 2020-07-11 2005 W4EE          599 08 KC1XX         599 8
QSO: 14008 CW 2020-07-11 2007 W4EE          599 08 AA4LS         599 08
QSO: 14011 CW 2020-07-11 2016 W4EE          599 08 HG0HQ         599 MRASZ
QSO: 14011 CW 2020-07-11 2017 W4EE          599 08 OL0HQ         599 CRC
QSO: 14311 PH 2020-07-11 2057 W4EE          59 08 K1AR          59 8
QSO: 14010 CW 2020-07-12 0022 W4EE          599 8 W6YX          599 6
QSO: 14005 CW 2020-07-12 0029 W4EE          599 08 RM9A          599 30
QSO: 14000 CW 2020-07-12 0031 W4EE          599 08 UP2L          599 30
QSO: 14000 CW 2020-07-12 0035 W4EE          599 08 N4KS          599 08
QSO: 14015 CW 2020-07-12 0037 W4EE          599 08 ES7A          599 29
QSO: 14015 CW 2020-07-12 0038 W4EE          599 08 YT0HQ         599 SRS
QSO: 14000 CW 2020-07-12 0039 W4EE          599 08 YL4HQ         599 LRAL
QSO: 14016 CW 2020-07-12 0043 W4EE          599 08 DL5JQ         599 28
QSO: 14017 CW 2020-07-12 0044 W4EE          599 08 VA2UR         599 04
QSO: 14021 CW 2020-07-12 0048 W4EE          599 08 KR2AA         599 08
QSO: 14026 CW 2020-07-12 0057 W4EE          599 08 IR1G          599 28
QSO: 14029 CW 2020-07-12 0059 W4EE          599 08 ZM1A          599 60
QSO: 14029 CW 2020-07-12 0102 W4EE          599 08 IO5HQ         599 ARI
QSO: 14029 CW 2020-07-12 0104 W4EE          599 08 PS2T          599 15
QSO: 14030 CW 2020-07-12 0105 W4EE          599 08 N2IC          599 07
QSO: 14030 CW 2020-07-12 0105 W4EE          599 08 R2AA          599 29
QSO: 14031 CW 2020-07-12 0106 W4EE          599 08 RM9I          599 31
QSO: 14033 CW 2020-07-12 0109 W4EE          599 08 E7DX          599 28
QSO: 14036 CW 2020-07-12 0113 W4EE          599 08 DL1IAO        599 28
QSO: 14038 CW 2020-07-12 0115 W4EE          599 08 OH0R          599 18
QSO: 14042 CW 2020-07-12 0119 W4EE          599 08 K8TE          599 07
QSO: 14044 CW 2020-07-12 0121 W4EE          599 8 IR4B          599 28
QSO: 14050 CW 2020-07-12 0126 W4EE          599 08 NN7CW         599 8
QSO: 14053 CW 2020-07-12 0129 W4EE          599 08 CR6K          599 37
QSO: 14055 CW 2020-07-12 0130 W4EE          599 8 IO9A          599 28
QSO: 14050 CW 2020-07-12 0134 W4EE          599 08 OH2HQ         599 SRAL
QSO: 14052 CW 2020-07-12 0134 W4EE          599 08 NX5M          599 7
QSO: 14045 CW 2020-07-12 0136 W4EE          599 08 WP3C          599 11
QSO: 14043 CW 2020-07-12 0138 W4EE          599 08 N7ZG          599 06
QSO: 14041 CW 2020-07-12 0143 W4EE          599 08 OH8L          599 18
QSO: 14000 CW 2020-07-12 0147 W4EE          599 8 UN7QF         599 31
QSO: 14037 CW 2020-07-12 0148 W4EE          599 08 VK2GR         599 59
QSO: 14035 CW 2020-07-12 0153 W4EE          599 08 NS0R          599 07
QSO: 14033 CW 2020-07-12 0154 W4EE          599 08 IB9A          599 28
QSO: 14033 CW 2020-07-12 0158 W4EE          599 08 ZL1IF         599 60
QSO: 14031 CW 2020-07-12 0201 W4EE          599 08 UA4M          599 29
QSO: 14029 CW 2020-07-12 0209 W4EE          599 08 ZM1A          599 60
QSO: 14028 CW 2020-07-12 0211 W4EE          599 08 K2TW          599 08
QSO: 14000 CW 2020-07-12 0213 W4EE          599 8 UN1HQ         599 KFRR
QSO: 14026 CW 2020-07-12 0216 W4EE          599 08 R0HQ          599 SRR
QSO: 14023 CW 2020-07-12 0218 W4EE          599 08 W6AYC         599 06
QSO: 14022 CW 2020-07-12 0219 W4EE          599 8 R8TT          599 30
QSO: 14023 CW 2020-07-12 0220 W4EE          599 08 KH6LC         599 61
QSO: 14017 CW 2020-07-12 0228 W4EE          599 08 RZ9L          599 30
QSO: 14000 CW 2020-07-12 0233 W4EE          599 08 FK8IK         599 56
QSO: 14003 CW 2020-07-12 0240 W4EE          599 08 RL3A          599 29
QSO: 14004 CW 2020-07-12 0240 W4EE          599 8 RW9DX         599 30
QSO: 14002 CW 2020-07-12 0241 W4EE          599 08 K7RL          599 06
QSO: 14001 CW 2020-07-12 0243 W4EE          599 08 UA4S          599 29
QSO: 14001 CW 2020-07-12 0243 W4EE          599 8 UA4W          599 30
END-OF-LOG:
