START-OF-LOG: 3.0
CREATED-BY: reconstructed-log-builder
CONTEST: EA-RTTY
CALLSIGN: RV3ZN
LOCATION: 
CATEGORY: CHECKLOG
CATEGORY-OPERATOR: SINGLE-OP
CATEGORY-BAND: ALL
CATEGORY-MODE: MIXED
CATEGORY-POWER: UNKNOWN
CATEGORY-ASSISTED: NON-ASSISTED
CATEGORY-TRANSMITTER: ONE
CATEGORY-STATION: UNKNOWN
CATEGORY-OVERLAY: 
OPERATORS: RV3ZN
CLAIMED-SCORE: 
CLUB: 
NAME: 
SOAPBOX: RECONSTRUCTED MOCKUP LOG - NOT AN OFFICIAL SUBMISSION.
SOAPBOX: Derived from submitted logs for EA-RTTY URE/EARTTY/2024.
QSO: 21088 RY 2024-04-06 1201 RV3ZN         599 001 9A1A          599 003
QSO: 21084 RY 2024-04-06 1211 RV3ZN         599 006 AC1NU         599 002
QSO: 21088 RY 2024-04-06 1222 RV3ZN         599 0008 EA8DED        599 TF
QSO: 21090 RY 2024-04-06 1225 RV3ZN         599 010 EB5F          599 A
QSO: 21091 RY 2024-04-06 1225 RV3ZN         599 0009 HB9IKO        599 0011
QSO: 21000 RY 2024-04-06 1226 RV3ZN         599 011 ON4LY         599 004
QSO: 21000 RY 2024-04-06 1227 RV3ZN         599 0012 IU5ICR        599 0009
QSO: 21095 RY 2024-04-06 1230 RV3ZN         599 0013 PA3EVY        599 0025
QSO: 21095 RY 2024-04-06 1235 RV3ZN         599 014 P3X           599 056
QSO: 21101 RY 2024-04-06 1236 RV3ZN         599 0015 DO9PL         599 0018
QSO: 21089 RY 2024-04-06 1239 RV3ZN         599 0017 SV1JG         599 0014
QSO: 21100 RY 2024-04-06 1239 RV3ZN         599 0016 EA3NO         599 B
QSO: 21000 RY 2024-04-06 1242 RV3ZN         599 018 EA5FSJ        599 A
QSO: 21000 RY 2024-04-06 1247 RV3ZN         599 0019 YB3BLJ        599 0015
QSO: 21109 RY 2024-04-06 1249 RV3ZN         599 0020 HA5GF         599 0018
QSO: 21102 RY 2024-04-06 1252 RV3ZN         599 0021 EA2ESU        599 NA
END-OF-LOG:
