START-OF-LOG: 3.0
CREATED-BY: vhfmanager-downloader
CONTEST: ZRS julijsko UKV tekmovanje - Official results - VHFManager
CALLSIGN: DK2AY
CATEGORY: 145 MHz - Generated log
CATEGORY-OPERATOR: SINGLE-OP
CATEGORY-ASSISTED: NON-ASSISTED
CATEGORY-TRANSMITTER: ONE
CATEGORY-STATION: FIXED
QSO: 144300 PH 2018-07-07 1402 DK2AY         1   JO52KB JO52KB DK2AY/P       SSB DA0FF 59  
QSO: 144300 PH 2018-07-07 1402 DK2AY         2   JO52KB JO52KB DK2AY/P       SSB OL1C 59   
QSO: 144300 PH 2018-07-07 1403 DK2AY         2   JO52KP JO52KB DK2AY/P       SSB DK0LZ 59  
QSO: 144300 PH 2018-07-07 1404 DK2AY         4   JO52KB JO52KB DK2AY/P       SSB OL7C 59   
QSO: 144300 PH 2018-07-07 1409 DK2AY         6   JO52KB JO52KB DK2AY/P       SSB DR1H 59   
QSO: 144300 PH 2018-07-07 1410 DK2AY         7   JO52KB JO52KB DK2AY/P       SSB OL4A 59   
QSO: 144300 PH 2018-07-07 1413 DK2AY         8   JO52KB JO52KB DK2AY/P       SSB DK0OG 59  
QSO: 144300 PH 2018-07-07 1421 DK2AY         9   JO52KB JO52KB DK2AY/P       SSB DF0XG 59  
QSO: 144300 PH 2018-07-07 1423 DK2AY         10  JO52KB JO52KB DK2AY/P       SSB DF0WF 59  
QSO: 144300 PH 2018-07-07 1427 DK2AY         11  JO52KB JO52KB DK2AY/P       SSB DA2T 59   
QSO: 144300 PH 2018-07-07 1432 DK2AY         12  JO52KB JO52KB DK2AY         SSB DF0GEB 59 
END-OF-LOG:
