START-OF-LOG: 3.0
CREATED-BY: vhfmanager-downloader
CONTEST: ZRS julijsko UKV tekmovanje - Official results - VHFManager
CALLSIGN: LY3AJT
CATEGORY: 145 MHz - Generated log
CATEGORY-OPERATOR: SINGLE-OP
CATEGORY-ASSISTED: NON-ASSISTED
CATEGORY-TRANSMITTER: ONE
CATEGORY-STATION: FIXED
QSO: 144300 PH 2018-07-07 1538 LY3AJT        1   KO36QM KO36QM YL3AJT        SSB LY2BBF 59 
QSO: 144300 PH 2018-07-07 1553 LY3AJT        2   KO36QM KO36QM YL3AJT        SSB LY1BWB 59 
QSO: 144300 PH 2018-07-07 1555 LY3AJT        3   KO36QM KO36QM YL3AJT        SSB LY3DE/P 59
QSO: 144300 PH 2018-07-07 1601 LY3AJT        4   KO36QM KO36QM YL3AJT        SSB LY3A 59   
QSO: 144300 PH 2018-07-07 1606 LY3AJT        5   KO36QM KO36QM YL3AJT        SSB EW4WQ 59  
QSO: 144300 PH 2018-07-07 1704 LY3AJT        8   KO36QM KO36QM YL3AJT        SSB YL2PJ 59  
QSO: 144300 PH 2018-07-07 1839 LY3AJT        11  KO36QM KO36QM YL3AJT        SSB LY2BUU 59 
QSO: 144300 PH 2018-07-07 1852 LY3AJT        12  KO36QM KO36QM YL3AJT        SSB EW6FS 59  
QSO: 144300 PH 2018-07-07 1933 LY3AJT        15  KO36QM KO36QM YL3AJT        SSB EU1AI 59  
QSO: 144300 PH 2018-07-07 1934 LY3AJT        16  KO36QM KO36QM YL3AJT        SSB EU1WW 59  
QSO: 144300 PH 2018-07-08 0355 LY3AJT        18  KO36QM KO36QM YL3AJT        SSB LY1KAP/P 59
QSO: 144300 PH 2018-07-08 0421 LY3AJT        19  KO36QM KO36QM YL3AJT        SSB LY1R 59   
QSO: 144300 PH 2018-07-08 0425 LY3AJT        20  KO36QM KO36QM YL3AJT        SSB LY85DG 59 
QSO: 144300 PH 2018-07-08 0431 LY3AJT        21  KO36QM KO36QM YL3AJT        SSB EV4R 59   
END-OF-LOG:
