START-OF-LOG: 3.0
CREATED-BY: HMRA public OK1WC downloader
CONTEST: OK1WC-MEMORIAL
CALLSIGN: OK1NU
OPERATORS: OK1NU
CATEGORY: SO-80M-CW-LOW
CATEGORY-OPERATOR: SINGLE-OP
CATEGORY-BAND: 80M
CATEGORY-MODE: CW
CATEGORY-POWER: LOW
SOAPBOX: Recreated from OK1WC Memorial reference table MWC220801.
SOAPBOX: Source publication level: 4.
SOAPBOX: Source: https://memorial-ok1wc.cz/index.php?page=eval3/a_eval3&kolo=518&rocnik=14&tyden=31&jobdate=220801&pub_level=4
QSO:  3500 CW 2022-08-01 1630 OK1NU         599 1          OM5B          599 2         
QSO:  3500 CW 2022-08-01 1631 OK1NU         599 2          OL4W          599 3         
QSO:  3500 CW 2022-08-01 1632 OK1NU         599 3          OK1TN         599 4         
QSO:  3500 CW 2022-08-01 1633 OK1NU         599 4          OK1FMG        599 6         
QSO:  3500 CW 2022-08-01 1634 OK1NU         599 5          OK2ABU        599 4         
QSO:  3500 CW 2022-08-01 1635 OK1NU         599 6          OK1IBP        599 11        
QSO:  3500 CW 2022-08-01 1636 OK1NU         599 7          OK1JRU        599 5         
QSO:  3500 CW 2022-08-01 1637 OK1NU         599 8          OK1KQH        599 12        
QSO:  3500 CW 2022-08-01 1639 OK1NU         599 9          OK1RZ         599 18        
QSO:  3500 CW 2022-08-01 1639 OK1NU         599 10         OM4MW         599 19        
QSO:  3500 CW 2022-08-01 1639 OK1NU         599 11         SP3MEP        599 16        
QSO:  3500 CW 2022-08-01 1640 OK1NU         599 12         OK1USP        599 13        
QSO:  3500 CW 2022-08-01 1640 OK1NU         599 13         OK1DM         599 13        
QSO:  3500 CW 2022-08-01 1640 OK1NU         599 14         OK5FF         599 17        
QSO:  3500 CW 2022-08-01 1641 OK1NU         599 15         OK1WSL        599 6         
QSO:  3500 CW 2022-08-01 1641 OK1NU         599 16         SP3CW         599 4         
QSO:  3500 CW 2022-08-01 1645 OK1NU         599 17         OK5D          599 16        
QSO:  3500 CW 2022-08-01 1647 OK1NU         599 18         OK2PYA        599 25        
QSO:  3500 CW 2022-08-01 1649 OK1NU         599 19         SP2JNK        599 34        
QSO:  3500 CW 2022-08-01 1655 OK1NU         599 20         OM8FF         599 13        
QSO:  3500 CW 2022-08-01 1658 OK1NU         599 21         OM5CM         599 23        
QSO:  3500 CW 2022-08-01 1658 OK1NU         599 22         OK1DOR        599 40        
QSO:  3500 CW 2022-08-01 1700 OK1NU         599 23         OL8R          599 77        
QSO:  3500 CW 2022-08-01 1702 OK1NU         599 24         HA5OV         599 65        
QSO:  3500 CW 2022-08-01 1704 OK1NU         599 25         OK1OA         599 56        
QSO:  3500 CW 2022-08-01 1706 OK1NU         599 26         HA5MA         599 55        
QSO:  3500 CW 2022-08-01 1707 OK1NU         599 27         OK1FHI        599 34        
QSO:  3500 CW 2022-08-01 1709 OK1NU         599 28         OK1DRQ        599 39        
QSO:  3500 CW 2022-08-01 1711 OK1NU         599 29         OK5OO         599 61        
QSO:  3500 CW 2022-08-01 1712 OK1NU         599 30         OK2NAJ        599 54        
QSO:  3500 CW 2022-08-01 1715 OK1NU         599 31         OK1RKS        599 45        
QSO:  3500 CW 2022-08-01 1717 OK1NU         599 32         DJ3WE         599 69        
QSO:  3500 CW 2022-08-01 1720 OK1NU         599 33         OK1FIG        599 2         
QSO:  3500 CW 2022-08-01 1721 OK1NU         599 34         DD5M          599 99        
QSO:  3500 CW 2022-08-01 1723 OK1NU         599 35         SN5N          599 93        
QSO:  3500 CW 2022-08-01 1725 OK1NU         599 36         SD1A          599 87        
QSO:  3500 CW 2022-08-01 1727 OK1NU         599 37         DA3T          599 68        
QSO:  3500 CW 2022-08-01 1728 OK1NU         599 38         DJ9SN         599 70        
END-OF-LOG:
