START-OF-LOG: 3.0
CREATED-BY: ua9qcq-yuri-gagarin-dx-ubn-downloader
CONTEST: YURI-GAGARIN-DX
CALLSIGN: NA8V
CATEGORY-OPERATOR: SINGLE-OP
CATEGORY-BAND: ALL
CATEGORY-MODE: MIXED
CATEGORY-ASSISTED: 
CATEGORY-TRANSMITTER: ONE
CATEGORY-STATION: 
CATEGORY-POWER: HIGH
OPERATORS: NA8V
QSO:  7018 CW 2019-04-13 2158 NA8V          599 08     AC3BU         599 08    
QSO:  7009 CW 2019-04-13 2200 NA8V          599 08     VA2WA         599 04    
QSO:  7006 CW 2019-04-13 2201 NA8V          599 08     S53X          599 28    
QSO:  7015 CW 2019-04-13 2202 NA8V          599 08     UA7KA         599 29    
QSO:  7017 CW 2019-04-13 2204 NA8V          599 08     YU1A          599 28    
QSO:  7020 CW 2019-04-13 2204 NA8V          599 08     S52NY         599 28    
QSO:  7021 CW 2019-04-13 2205 NA8V          599 08     YT4W          599 28    
QSO:  7022 CW 2019-04-13 2205 NA8V          599 08     9A1AA         599 28    
QSO:  7024 CW 2019-04-14 0012 NA8V          599 08     VA3EC         599 04    
QSO:  7022 CW 2019-04-14 0013 NA8V          599 08     UR7GO         599 29    
QSO:  7018 CW 2019-04-14 0014 NA8V          599 08     N4ZZ          599 08    
QSO:  7018 CW 2019-04-14 0015 NA8V          599 08     PY5ARS        599 15    
QSO:  7018 CW 2019-04-14 0016 NA8V          599 08     UA6CC         599 29    
QSO:  7018 CW 2019-04-14 0016 NA8V          599 08     UA3QAM        599 29    
QSO:  7018 CW 2019-04-14 0017 NA8V          599 08     RL4A          599 29    
QSO:  7018 CW 2019-04-14 0017 NA8V          599 08     R7RF          599 29    
QSO:  7018 CW 2019-04-14 0018 NA8V          599 08     UT5IZ         599 29    
QSO:  7018 CW 2019-04-14 0018 NA8V          599 08     YU5R          599 28    
QSO:  7018 CW 2019-04-14 0019 NA8V          599 08     9A1AA         599 28    
QSO:  7018 CW 2019-04-14 0020 NA8V          599 08     RT5G          599 29    
QSO:  7018 CW 2019-04-14 0020 NA8V          599 08     R7AT          599 29    
QSO:  7018 CW 2019-04-14 0020 NA8V          599 08     OK7CM         599 28    
QSO:  7018 CW 2019-04-14 0021 NA8V          599 08     SP2BLC        599 28    
QSO:  7018 CW 2019-04-14 0021 NA8V          599 08     VE2FK         599 09    
QSO:  7018 CW 2019-04-14 0022 NA8V          599 08     KR2AA         599 08    
QSO:  7018 CW 2019-04-14 0023 NA8V          599 08     RV7C          599 29    
QSO:  7018 CW 2019-04-14 0024 NA8V          599 08     SN7O          599 28    
QSO:  7018 CW 2019-04-14 0025 NA8V          599 08     YO8SS         599 28    
QSO:  7018 CW 2019-04-14 0025 NA8V          599 08     R6CC          599 29    
QSO:  7018 CW 2019-04-14 0025 NA8V          599 08     HA3MU         599 28    
QSO:  7018 CW 2019-04-14 0027 NA8V          599 08     PC2L          599 27    
QSO:  7018 CW 2019-04-14 0028 NA8V          599 08     SP2ADY        599 28    
QSO:  7018 CW 2019-04-14 0029 NA8V          599 08     K0VW          599 07    
QSO:  7018 CW 2019-04-14 0029 NA8V          599 08     N4NO          599 08    
QSO:  7018 CW 2019-04-14 0030 NA8V          599 08     G4BSW         599 27    
QSO:  7018 CW 2019-04-14 0030 NA8V          599 08     UR7MZ         599 29    
QSO:  7018 CW 2019-04-14 0031 NA8V          599 08     HI8A          599 11    
QSO:  7018 CW 2019-04-14 0032 NA8V          599 08     WP4J          599 11    
QSO:  7018 CW 2019-04-14 0032 NA8V          599 08     DL5JQ         599 28    
QSO:  7018 CW 2019-04-14 0035 NA8V          599 08     HG6O          599 28    
QSO: 14041 CW 2019-04-14 0041 NA8V          599 08     PY4XX         599 15    
QSO:  3521 CW 2019-04-14 0044 NA8V          599 08     YO5OHO        599 28    
QSO:  3517 CW 2019-04-14 0045 NA8V          599 08     DL1NKS        599 28    
QSO:  3507 CW 2019-04-14 0046 NA8V          599 08     S50R          599 28    
QSO:  3509 CW 2019-04-14 0047 NA8V          599 08     VE9OA         599 09    
QSO:  3524 CW 2019-04-14 0048 NA8V          599 08     OK1DOR        599 28    
QSO:  1829 CW 2019-04-14 0247 NA8V          599 08     9A2AJ         599 28    
QSO:  1828 CW 2019-04-14 0248 NA8V          599 08     AA3B          599 08    
QSO:  1824 CW 2019-04-14 0343 NA8V          599 08     AA2EQ         599 08    
QSO:  1821 CW 2019-04-14 0346 NA8V          599 08     NP4Z          599 11    
QSO:  3531 CW 2019-04-14 0350 NA8V          599 08     SN7O          599 28    
QSO:  3512 CW 2019-04-14 0352 NA8V          599 08     LZ5XQ         599 28    
QSO:  3516 CW 2019-04-14 0354 NA8V          599 08     9A7DX         599 28    
QSO:  3516 CW 2019-04-14 0355 NA8V          599 08     LY9A          599 29    
QSO:  3516 CW 2019-04-14 0356 NA8V          599 08     HA6NL         599 28    
QSO:  3516 CW 2019-04-14 0356 NA8V          599 08     OK5OK         599 28    
QSO:  3516 CW 2019-04-14 0357 NA8V          599 08     DL8WN         599 28    
QSO:  3516 CW 2019-04-14 0357 NA8V          599 08     HA3NU         599 28    
QSO:  3516 CW 2019-04-14 0358 NA8V          599 08     YU1CC         599 28    
QSO:  3516 CW 2019-04-14 0359 NA8V          599 08     LZ1QZ         599 28    
QSO:  3516 CW 2019-04-14 0401 NA8V          599 08     S57DX         599 28    
QSO:  3516 CW 2019-04-14 0404 NA8V          599 08     SM6MCW        599 18    
QSO:  3516 CW 2019-04-14 0406 NA8V          599 08     N2CG          599 08    
QSO:  3516 CW 2019-04-14 0407 NA8V          599 08     S53X          599 28    
QSO:  3516 CW 2019-04-14 0407 NA8V          599 08     N5RZ          599 07    
QSO:  1824 CW 2019-04-14 0416 NA8V          599 08     F6GOX         599 27    
QSO:  1824 CW 2019-04-14 0421 NA8V          599 08     S57DX         599 28    
QSO:  1824 CW 2019-04-14 0423 NA8V          599 08     ON7PQ         599 27    
QSO:  1824 CW 2019-04-14 0425 NA8V          599 08     DF2PY         599 28    
QSO:  1824 CW 2019-04-14 0429 NA8V          599 08     ON4ACW        599 27    
QSO:  3516 CW 2019-04-14 0443 NA8V          599 08     YU5R          599 28    
QSO:  3516 CW 2019-04-14 0444 NA8V          599 08     PA3AAV        599 27    
QSO:  7017 CW 2019-04-14 0447 NA8V          599 08     F5IN          599 27    
QSO:  7029 CW 2019-04-14 0452 NA8V          599 08     IK3UNA        599 28    
QSO:  7010 CW 2019-04-14 0455 NA8V          599 08     S50R          599 28    
QSO: 14031 CW 2019-04-14 1611 NA8V          599 08     HG8C          599 28    
QSO: 14028 CW 2019-04-14 1613 NA8V          599 08     F5IN          599 27    
QSO: 14028 CW 2019-04-14 1613 NA8V          599 08     S53X          599 28    
QSO: 14027 CW 2019-04-14 1615 NA8V          599 08     KO7SS         599 06    
QSO: 14027 CW 2019-04-14 1615 NA8V          599 08     S58O          599 28    
QSO: 14027 CW 2019-04-14 1615 NA8V          599 08     N2KW          599 08    
QSO: 14027 CW 2019-04-14 1616 NA8V          599 08     EA8/M0EDX     599 36    
QSO: 14027 CW 2019-04-14 1616 NA8V          599 08     R3ZZ          599 29    
QSO: 14027 CW 2019-04-14 1616 NA8V          599 08     G3LKZ         599 27    
QSO: 14027 CW 2019-04-14 1616 NA8V          599 08     SN7O          599 28    
QSO: 14027 CW 2019-04-14 1617 NA8V          599 08     F5ROW         599 27    
QSO: 14027 CW 2019-04-14 1617 NA8V          599 08     VE3TM         599 04    
QSO: 14027 CW 2019-04-14 1617 NA8V          599 08     YT1A          599 28    
QSO: 14027 CW 2019-04-14 1617 NA8V          599 08     RL4A          599 29    
QSO: 14027 CW 2019-04-14 1618 NA8V          599 08     SI5Y          599 18    
QSO: 14027 CW 2019-04-14 1618 NA8V          599 08     DL4XU         599 28    
QSO: 14027 CW 2019-04-14 1619 NA8V          599 08     UD4F          599 29    
QSO: 14027 CW 2019-04-14 1620 NA8V          599 08     OE5FDM        599 28    
QSO: 14027 CW 2019-04-14 1620 NA8V          599 08     TA3AER        599 39    
QSO: 14027 CW 2019-04-14 1621 NA8V          599 08     ON5WL         599 27    
QSO: 14027 CW 2019-04-14 1621 NA8V          599 08     RX3APM        599 29    
QSO: 14027 CW 2019-04-14 1621 NA8V          599 08     9A7R          599 28    
QSO: 14027 CW 2019-04-14 1621 NA8V          599 08     DL9ZP         599 28    
QSO: 14027 CW 2019-04-14 1623 NA8V          599 08     OK2BRJ        599 28    
QSO: 14027 CW 2019-04-14 1623 NA8V          599 08     M0CKE         599 27    
QSO: 14027 CW 2019-04-14 1624 NA8V          599 08     YO8AXP        599 28    
QSO: 14027 CW 2019-04-14 1624 NA8V          599 08     LY2KA         599 29    
QSO: 14027 CW 2019-04-14 1624 NA8V          599 08     DJ7UC         599 28    
QSO: 14027 CW 2019-04-14 1624 NA8V          599 08     KK0ECT        599 07    
QSO: 14027 CW 2019-04-14 1625 NA8V          599 08     SM5IMO        599 18    
QSO: 14027 CW 2019-04-14 1625 NA8V          599 08     OH3GZ         599 18    
QSO: 14027 CW 2019-04-14 1626 NA8V          599 08     N4CD          599 07    
QSO: 14027 CW 2019-04-14 1626 NA8V          599 08     R3QA          599 29    
QSO: 14027 CW 2019-04-14 1628 NA8V          599 08     R3FX          599 29    
QSO: 14027 CW 2019-04-14 1628 NA8V          599 08     OH7UG         599 18    
QSO: 14027 CW 2019-04-14 1630 NA8V          599 08     YU5R          599 28    
QSO: 14027 CW 2019-04-14 1630 NA8V          599 08     DL6KVA        599 28    
QSO: 14027 CW 2019-04-14 1631 NA8V          599 08     NA2CC         599 06    
QSO: 14027 CW 2019-04-14 1631 NA8V          599 08     SM4EMO        599 18    
QSO: 14027 CW 2019-04-14 1631 NA8V          599 08     OE9WGI        599 28    
QSO: 14027 CW 2019-04-14 1631 NA8V          599 08     KR2AA         599 08    
QSO: 14027 CW 2019-04-14 1633 NA8V          599 08     SQ9FQY        599 28    
QSO: 14027 CW 2019-04-14 1633 NA8V          599 08     E74X          599 28    
QSO: 14027 CW 2019-04-14 1635 NA8V          599 08     VE9OA         599 09    
QSO: 14027 CW 2019-04-14 1635 NA8V          599 08     W6SX          599 06    
QSO: 14027 CW 2019-04-14 1636 NA8V          599 08     N5AW          599 07    
QSO: 14027 CW 2019-04-14 1636 NA8V          599 08     W1MJ          599 08    
QSO: 14027 CW 2019-04-14 1637 NA8V          599 08     RA2F          599 29    
QSO: 14027 CW 2019-04-14 1637 NA8V          599 08     OK1VK         599 28    
QSO: 14007 CW 2019-04-14 1641 NA8V          599 08     N9RV          599 06    
QSO: 14009 CW 2019-04-14 1642 NA8V          599 08     VA2WA         599 04    
QSO: 21022 CW 2019-04-14 1648 NA8V          599 08     VA2WA         599 04    
QSO: 14010 CW 2019-04-14 1649 NA8V          599 08     LA0CX         599 18    
QSO: 14013 CW 2019-04-14 1649 NA8V          599 08     LZ2HR         599 28    
QSO: 14014 CW 2019-04-14 1650 NA8V          599 08     AA3B          599 08    
QSO: 14022 CW 2019-04-14 1653 NA8V          599 08     F8EBY         599 27    
QSO: 14022 CW 2019-04-14 1653 NA8V          599 08     PA0M          599 27    
QSO: 14022 CW 2019-04-14 1655 NA8V          599 08     AA4CW         599 08    
QSO: 14022 CW 2019-04-14 1655 NA8V          599 08     F5PHY         599 27    
QSO: 14022 CW 2019-04-14 1656 NA8V          599 08     VE2FK         599 09    
QSO: 14022 CW 2019-04-14 1656 NA8V          599 08     SM3KIF        599 18    
QSO: 14022 CW 2019-04-14 1656 NA8V          599 08     UA3LID        599 29    
QSO: 14022 CW 2019-04-14 1657 NA8V          599 08     ON/Z35M/P     599 27    
QSO: 14022 CW 2019-04-14 1657 NA8V          599 08     DH7PR         599 28    
QSO: 14022 CW 2019-04-14 1659 NA8V          599 08     I2WIJ         599 28    
QSO: 14022 CW 2019-04-14 1700 NA8V          599 08     OK3AA         599 28    
QSO: 14022 CW 2019-04-14 1702 NA8V          599 08     ON7LG         599 27    
QSO: 14022 CW 2019-04-14 1702 NA8V          599 08     YO2IS         599 28    
QSO: 14022 CW 2019-04-14 1704 NA8V          599 08     G0CKP         599 27    
QSO: 14022 CW 2019-04-14 1704 NA8V          599 08     AE1T          599 08    
QSO: 14022 CW 2019-04-14 1704 NA8V          599 08     RT5G          599 29    
QSO: 14022 CW 2019-04-14 1705 NA8V          599 08     F5NZY         599 27    
QSO: 14022 CW 2019-04-14 1705 NA8V          599 08     AC3BU         599 08    
QSO: 14022 CW 2019-04-14 1705 NA8V          599 08     W5JK          599 07    
QSO: 14022 CW 2019-04-14 1706 NA8V          599 08     DJ1YFK        599 28    
QSO: 14022 CW 2019-04-14 1708 NA8V          599 08     PA3GDD        599 27    
QSO: 14022 CW 2019-04-14 1709 NA8V          599 08     R1ZM          599 19    
QSO: 14022 CW 2019-04-14 1709 NA8V          599 08     RA1CE         599 29    
QSO: 14022 CW 2019-04-14 1709 NA8V          599 08     DG0KS         599 28    
QSO: 14022 CW 2019-04-14 1710 NA8V          599 08     EU1AI         599 29    
QSO: 14022 CW 2019-04-14 1711 NA8V          599 08     CT7/F6HBR     599 37    
QSO: 14022 CW 2019-04-14 1712 NA8V          599 08     DL8WN         599 28    
QSO: 14022 CW 2019-04-14 1712 NA8V          599 08     K3WU          599 08    
QSO: 14022 CW 2019-04-14 1717 NA8V          599 08     K5LH          599 07    
QSO: 14022 CW 2019-04-14 1719 NA8V          599 08     DR7T          599 28    
QSO: 14022 CW 2019-04-14 1721 NA8V          599 08     UA3RZ         599 29    
QSO: 14022 CW 2019-04-14 1722 NA8V          599 08     SQ9FMU        599 28    
QSO: 14022 CW 2019-04-14 1722 NA8V          599 08     PB7Z          599 27    
QSO: 14028 CW 2019-04-14 1723 NA8V          599 08     DL5YM         599 28    
QSO: 14022 CW 2019-04-14 1724 NA8V          599 08     CT1ELZ        599 37    
QSO: 14022 CW 2019-04-14 1724 NA8V          599 08     I0ZUT         599 28    
QSO: 14022 CW 2019-04-14 1724 NA8V          599 08     DL5JQ         599 28    
QSO: 14022 CW 2019-04-14 1726 NA8V          599 08     NR1X          599 08    
QSO: 14022 CW 2019-04-14 1727 NA8V          599 08     N9NA          599 06    
QSO: 14022 CW 2019-04-14 1727 NA8V          599 08     HG0R          599 28    
QSO: 14022 CW 2019-04-14 1729 NA8V          599 08     LA2HFA        599 18    
QSO: 14022 CW 2019-04-14 1730 NA8V          599 08     WA1PGB/6      599 06    
QSO: 14022 CW 2019-04-14 1731 NA8V          599 08     DL5KUT        599 28    
QSO: 14022 CW 2019-04-14 1733 NA8V          599 08     SM7RYR        599 18    
QSO: 14022 CW 2019-04-14 1734 NA8V          599 08     G4FPA         599 27    
QSO: 14022 CW 2019-04-14 1736 NA8V          599 08     UA1ZZ         599 19    
QSO: 14022 CW 2019-04-14 1737 NA8V          599 08     OK5SA         599 28    
QSO: 14022 CW 2019-04-14 1737 NA8V          599 08     PA3HCC        599 27    
QSO: 14022 CW 2019-04-14 1739 NA8V          599 08     SM6VWG        599 18    
QSO: 14022 CW 2019-04-14 1740 NA8V          599 08     MM3AWD        599 27    
QSO: 14022 CW 2019-04-14 1741 NA8V          599 08     DL1DBR        599 28    
QSO: 14022 CW 2019-04-14 1742 NA8V          599 08     WB2RUU        599 08    
QSO: 21023 CW 2019-04-14 1743 NA8V          599 08     AA3B          599 08    
QSO: 14022 CW 2019-04-14 1743 NA8V          599 08     KZ5D          599 07    
QSO: 14022 CW 2019-04-14 1749 NA8V          599 08     DF1AD         599 28    
QSO: 14022 CW 2019-04-14 1751 NA8V          599 08     W4HXH         599 08    
QSO: 14015 CW 2019-04-14 1942 NA8V          599 08     EI7CC         599 27    
QSO: 14015 CW 2019-04-14 1945 NA8V          599 08     W1AL          599 08    
QSO: 14016 CW 2019-04-14 1954 NA8V          599 08     YV5COR        599 12    
QSO: 14022 CW 2019-04-14 2007 NA8V          599 08     N4BP          599 08    
QSO: 14025 CW 2019-04-14 2007 NA8V          599 08     WX3B          599 08    
END-OF-LOG:
