START-OF-LOG: 3.0
CREATED-BY: zrs-kvp-downloader
CONTEST: ZRS-KVP
CALLSIGN: S53BB
LOCATION: S5
CATEGORY: MALA MOČ - CW/SSB
CATEGORY-OPERATOR: SINGLE-OP
CATEGORY-BAND: 80M
CATEGORY-MODE: MIXED
CATEGORY-POWER: LOW
CATEGORY-ASSISTED: NON-ASSISTED
CATEGORY-TRANSMITTER: ONE
CATEGORY-STATION: FIXED
CATEGORY-OVERLAY: 
OPERATORS: S53BB
CLAIMED-SCORE: 
CLUB: 
NAME: 
QSO:  3702 PH 2026-04-19 0700 S53BB         59  92     S57Z          59  84    
QSO:  3698 PH 2026-04-19 0700 S53BB         59  92     S53F          59  83    
QSO:  3683 PH 2026-04-19 0700 S53BB         59  92     S53MM         59  92    
QSO:  3673 PH 2026-04-19 0701 S53BB         59  92     S56B          59  87    
QSO:  3660 PH 2026-04-19 0701 S53BB         59  92     S55BA         59  16    
QSO:  3656 PH 2026-04-19 0701 S53BB         59  92     S51DD         59  78    
QSO:  3625 PH 2026-04-19 0701 S53BB         59  92     S52AA         59  97    
QSO:  3603 PH 2026-04-19 0702 S53BB         59  92     S51RH         59  16    
QSO:  3610 PH 2026-04-19 0702 S53BB         59  92     S53TU         59  25    
QSO:  3615 PH 2026-04-19 0703 S53BB         59  92     S51I          59  96    
QSO:  3621 PH 2026-04-19 0703 S53BB         59  92     S53O          59  72    
QSO:  3638 PH 2026-04-19 0704 S53BB         59  92     S57PKT        59  95    
QSO:  3722 PH 2026-04-19 0706 S53BB         59  92     S55DX         59  74    
QSO:  3711 PH 2026-04-19 0707 S53BB         59  92     S52JK         59  81    
QSO:  3705 PH 2026-04-19 0707 S53BB         59  92     S50MJ         59  05    
QSO:  3680 PH 2026-04-19 0708 S53BB         59  92     S51ST         59  69    
QSO:  3668 PH 2026-04-19 0708 S53BB         59  92     S58M          59  82    
QSO:  3663 PH 2026-04-19 0708 S53BB         59  92     S58C          59  92    
QSO:  3645 PH 2026-04-19 0709 S53BB         59  92     S55KA         59  80    
QSO:  3641 PH 2026-04-19 0709 S53BB         59  92     S52F          59  71    
QSO:  3635 PH 2026-04-19 0709 S53BB         59  92     S52WW         59  00    
QSO:  3613 PH 2026-04-19 0710 S53BB         59  92     S53MR         59  96    
QSO:  3618 PH 2026-04-19 0711 S53BB         59  92     S57C          59  76    
QSO:  3694 PH 2026-04-19 0712 S53BB         59  92     S57O          59  68    
QSO:  3677 PH 2026-04-19 0712 S53BB         59  92     S56N          59  80    
QSO:  3653 PH 2026-04-19 0712 S53BB         59  92     S52W          59  80    
QSO:  3648 PH 2026-04-19 0713 S53BB         59  92     S55B          59  95    
QSO:  3627 PH 2026-04-19 0714 S53BB         59  92     S51W          59  72    
QSO:  3701 PH 2026-04-19 0715 S53BB         59  92     S54KM         59  08    
QSO:  3701 PH 2026-04-19 0716 S53BB         59  92     S57CT         59  73    
QSO:  3701 PH 2026-04-19 0716 S53BB         59  92     S56VHA        59  98    
QSO:  3701 PH 2026-04-19 0716 S53BB         59  92     S56AW         59  90    
QSO:  3701 PH 2026-04-19 0717 S53BB         59  92     S57DC         59  95    
QSO:  3701 PH 2026-04-19 0717 S53BB         59  92     S57NML        59  98    
QSO:  3701 PH 2026-04-19 0718 S53BB         59  92     S54O          59  75    
QSO:  3701 PH 2026-04-19 0718 S53BB         59  92     S53R          59  75    
QSO:  3701 PH 2026-04-19 0719 S53BB         59  92     S55R          59  18    
QSO:  3701 PH 2026-04-19 0719 S53BB         59  92     S52LI         59  89    
QSO:  3701 PH 2026-04-19 0720 S53BB         59  92     S55OO         59  92    
QSO:  3701 PH 2026-04-19 0720 S53BB         59  92     S51P          59  00    
QSO:  3701 PH 2026-04-19 0720 S53BB         59  92     S51JQ         59  78    
QSO:  3701 PH 2026-04-19 0721 S53BB         59  92     S51TX         59  71    
QSO:  3701 PH 2026-04-19 0721 S53BB         59  92     S53ZO         59  90    
QSO:  3701 PH 2026-04-19 0721 S53BB         59  92     S52AW         59  71    
QSO:  3701 PH 2026-04-19 0721 S53BB         59  92     S57SWR        59  97    
QSO:  3701 PH 2026-04-19 0722 S53BB         59  92     S52AQ         59  77    
QSO:  3701 PH 2026-04-19 0722 S53BB         59  92     S57JHH        59  93    
QSO:  3701 PH 2026-04-19 0722 S53BB         59  92     S52IT         59  63    
QSO:  3720 PH 2026-04-19 0723 S53BB         59  92     S56KS         59  23    
QSO:  3663 PH 2026-04-19 0723 S53BB         59  92     S54MI         59  13    
QSO:  3624 PH 2026-04-19 0723 S53BB         59  92     S50C          59  57    
QSO:  3701 PH 2026-04-19 0724 S53BB         59  92     S53M          59  50    
QSO:  3551 CW 2026-04-19 0725 S53BB         599 92     S57Z          599 84    
QSO:  3512 CW 2026-04-19 0726 S53BB         599 92     S53R          599 75    
QSO:  3518 CW 2026-04-19 0727 S53BB         599 92     S560DAP       599 66    
QSO:  3519 CW 2026-04-19 0728 S53BB         599 92     S50K          599 78    
QSO:  3519 CW 2026-04-19 0728 S53BB         599 92     S56X          599 82    
QSO:  3525 CW 2026-04-19 0730 S53BB         599 92     S50R          599 65    
QSO:  3530 CW 2026-04-19 0731 S53BB         599 92     S52NY         599 82    
QSO:  3533 CW 2026-04-19 0731 S53BB         599 92     S51DX         599 81    
QSO:  3538 CW 2026-04-19 0732 S53BB         599 92     S53ZO         599 90    
QSO:  3541 CW 2026-04-19 0732 S53BB         599 92     S57TW         599 79    
QSO:  3544 CW 2026-04-19 0733 S53BB         599 92     S50C          599 57    
QSO:  3544 CW 2026-04-19 0734 S53BB         599 92     S52P          599 77    
QSO:  3544 CW 2026-04-19 0734 S53BB         599 92     S53K          599 87    
QSO:  3544 CW 2026-04-19 0734 S53BB         599 92     S55OO         599 92    
QSO:  3544 CW 2026-04-19 0735 S53BB         599 92     S50W          599 54    
QSO:  3544 CW 2026-04-19 0735 S53BB         599 92     S51MM         599 92    
QSO:  3544 CW 2026-04-19 0735 S53BB         599 92     S51KD         599 69    
QSO:  3544 CW 2026-04-19 0735 S53BB         599 92     S57Q          599 74    
QSO:  3544 CW 2026-04-19 0736 S53BB         599 92     S51YI         599 77    
QSO:  3544 CW 2026-04-19 0736 S53BB         599 92     S53O          599 72    
QSO:  3544 CW 2026-04-19 0736 S53BB         599 92     S53N          599 59    
QSO:  3544 CW 2026-04-19 0737 S53BB         599 92     S57WX         599 24    
QSO:  3544 CW 2026-04-19 0737 S53BB         599 92     S57WW         599 80    
QSO:  3544 CW 2026-04-19 0737 S53BB         599 92     S53M          599 50    
QSO:  3544 CW 2026-04-19 0737 S53BB         599 92     S52W          599 80    
QSO:  3544 CW 2026-04-19 0737 S53BB         599 92     S51J          599 69    
QSO:  3544 CW 2026-04-19 0738 S53BB         599 92     S53AR         599 77    
QSO:  3544 CW 2026-04-19 0738 S53BB         599 92     S51R          599 81    
QSO:  3612 PH 2026-04-19 0739 S53BB         59  92     S50R          59  65    
QSO:  3688 PH 2026-04-19 0740 S53BB         59  92     S51GB         59  81    
QSO:  3639 PH 2026-04-19 0741 S53BB         59  92     S51Z          59  77    
QSO:  3639 PH 2026-04-19 0742 S53BB         59  92     S51RM         59  54    
QSO:  3639 PH 2026-04-19 0742 S53BB         59  92     S51SJ         59  61    
QSO:  3639 PH 2026-04-19 0743 S53BB         59  92     S50W          59  54    
QSO:  3675 PH 2026-04-19 0743 S53BB         59  92     S53FO         59  70    
QSO:  3548 CW 2026-04-19 0745 S53BB         599 92     S50D          599 59    
QSO:  3544 CW 2026-04-19 0746 S53BB         599 92     S54O          599 75    
QSO:  3684 PH 2026-04-19 0746 S53BB         59  92     S57NAW        59  78    
QSO:  3544 CW 2026-04-19 0746 S53BB         599 92     S53CC         599 91    
QSO:  3544 CW 2026-04-19 0747 S53BB         599 92     S58RU         599 65    
QSO:  3544 CW 2026-04-19 0747 S53BB         599 92     S52WD         599 80    
QSO:  3544 CW 2026-04-19 0748 S53BB         599 92     S51SL         599 76    
QSO:  3544 CW 2026-04-19 0748 S53BB         599 92     S55KA         599 80    
QSO:  3544 CW 2026-04-19 0748 S53BB         599 92     S53F          599 83    
QSO:  3544 CW 2026-04-19 0748 S53BB         599 92     S52CQ         599 86    
QSO:  3544 CW 2026-04-19 0749 S53BB         599 92     S57XZ         599 79    
QSO:  3544 CW 2026-04-19 0749 S53BB         599 92     S52AA         599 97    
QSO:  3544 CW 2026-04-19 0749 S53BB         599 92     S52F          599 71    
QSO:  3544 CW 2026-04-19 0750 S53BB         599 92     S54A          599 71    
QSO:  3544 CW 2026-04-19 0750 S53BB         599 92     S57LM         599 74    
QSO:  3531 CW 2026-04-19 0751 S53BB         599 92     S57WJ         599 89    
QSO:  3524 CW 2026-04-19 0751 S53BB         599 92     S57W          599 78    
QSO:  3623 PH 2026-04-19 0751 S53BB         59  92     S51B          59  79    
QSO:  3671 PH 2026-04-19 0752 S53BB         59  92     S52LW         59  76    
QSO:  3692 PH 2026-04-19 0752 S53BB         59  92     S59TZ         59  25    
QSO:  3714 PH 2026-04-19 0753 S53BB         59  92     S51CK         59  72    
QSO:  3730 PH 2026-04-19 0754 S53BB         59  92     S57NRC        59  95    
QSO:  3644 PH 2026-04-19 0754 S53BB         59  92     S54RR         59  06    
QSO:  3690 PH 2026-04-19 0755 S53BB         59  92     S51YI         59  77    
QSO:  3544 CW 2026-04-19 0757 S53BB         599 92     S53XX/P       599 92    
QSO:  3544 CW 2026-04-19 0758 S53BB         599 92     S57NML        599 98    
QSO:  3544 CW 2026-04-19 0759 S53BB         599 92     S58M          599 82    
QSO:  3544 CW 2026-04-19 0759 S53BB         599 92     S580ZRS       599 26    
QSO:  3544 CW 2026-04-19 0800 S53BB         599 92     S52FT         599 84    
QSO:  3746 PH 2026-04-19 0801 S53BB         59  92     S52N          59  76    
QSO:  3734 PH 2026-04-19 0803 S53BB         59  92     S53TG         59  94    
QSO:  3724 PH 2026-04-19 0804 S53BB         59  92     S52WD         59  80    
QSO:  3622 PH 2026-04-19 0807 S53BB         59  92     S52ON         59  82    
QSO:  3628 PH 2026-04-19 0809 S53BB         59  92     S56RIR        59  96    
QSO:  3628 PH 2026-04-19 0809 S53BB         59  92     S54TZ         59  24    
QSO:  3671 PH 2026-04-19 0810 S53BB         59  92     S53EL         59  82    
QSO:  3732 PH 2026-04-19 0811 S53BB         59  92     S57TW         59  79    
QSO:  3546 CW 2026-04-19 0812 S53BB         599 92     S53MM         599 92    
QSO:  3546 CW 2026-04-19 0812 S53BB         599 92     S56C          599 83    
QSO:  3546 CW 2026-04-19 0812 S53BB         599 92     S50B          599 86    
QSO:  3668 PH 2026-04-19 0813 S53BB         59  92     S56NE         59  21    
QSO:  3554 CW 2026-04-19 0814 S53BB         599 92     S54X          599 82    
QSO:  3546 CW 2026-04-19 0815 S53BB         599 92     S52AW         599 71    
QSO:  3546 CW 2026-04-19 0816 S53BB         599 92     S54MI         599 13    
QSO:  3546 CW 2026-04-19 0816 S53BB         599 92     S50DK         599 70    
QSO:  3546 CW 2026-04-19 0816 S53BB         599 92     S51VC         599 69    
QSO:  3546 CW 2026-04-19 0817 S53BB         599 92     S52LW         599 76    
QSO:  3546 CW 2026-04-19 0817 S53BB         599 92     S52AU         599 70    
QSO:  3532 CW 2026-04-19 0817 S53BB         599 92     S53EHI        599 54    
QSO:  3546 CW 2026-04-19 0819 S53BB         599 92     S52C          599 54    
QSO:  3625 PH 2026-04-19 0821 S53BB         59  92     S58DB         59  02    
QSO:  3739 PH 2026-04-19 0822 S53BB         59  92     S55DK         59  10    
QSO:  3546 CW 2026-04-19 0823 S53BB         599 92     S52L          599 02    
QSO:  3663 PH 2026-04-19 0824 S53BB         59  92     S51RE         59  74    
QSO:  3613 PH 2026-04-19 0826 S53BB         59  92     S50K          59  78    
QSO:  3527 CW 2026-04-19 0826 S53BB         599 92     S59A          599 64    
QSO:  3546 CW 2026-04-19 0827 S53BB         599 92     S53TG         599 94    
QSO:  3722 PH 2026-04-19 0828 S53BB         59  92     S52CQ         59  86    
QSO:  3546 CW 2026-04-19 0830 S53BB         599 92     S51W          599 72    
QSO:  3546 CW 2026-04-19 0830 S53BB         599 92     S52FT         599 84    
QSO:  3546 CW 2026-04-19 0830 S53BB         599 92     S57AJ         599 95    
QSO:  3546 CW 2026-04-19 0830 S53BB         599 92     S51B          599 79    
QSO:  3682 PH 2026-04-19 0833 S53BB         59  92     S57Q          59  74    
QSO:  3697 PH 2026-04-19 0835 S53BB         59  92     S53TM         59  17    
QSO:  3665 PH 2026-04-19 0837 S53BB         59  92     S51PZ         59  21    
QSO:  3671 PH 2026-04-19 0838 S53BB         59  92     S57LM         59  74    
QSO:  3671 PH 2026-04-19 0838 S53BB         59  92     S57XZ         59  79    
QSO:  3671 PH 2026-04-19 0840 S53BB         59  92     S55NF         59  08    
QSO:  3671 PH 2026-04-19 0840 S53BB         59  92     S52A          59  92    
QSO:  3638 PH 2026-04-19 0842 S53BB         59  92     S57W          59  78    
QSO:  3671 PH 2026-04-19 0843 S53BB         59  92     S59DD         59  15    
QSO:  3568 CW 2026-04-19 0844 S53BB         599 92     S57C          599 76    
QSO:  3630 PH 2026-04-19 0847 S53BB         59  92     S50F          59  72    
QSO:  3605 PH 2026-04-19 0847 S53BB         59  92     S54X          59  82    
QSO:  3630 PH 2026-04-19 0848 S53BB         59  92     S58DV         59  17    
QSO:  3630 PH 2026-04-19 0848 S53BB         59  92     S53Z          59  82    
QSO:  3630 PH 2026-04-19 0850 S53BB         59  92     S59AA         59  50    
QSO:  3630 PH 2026-04-19 0852 S53BB         59  92     S57PR         59  89    
QSO:  3526 CW 2026-04-19 0855 S53BB         599 92     S51RW         599 69    
END-OF-LOG:
