START-OF-LOG: 3.0
LOCATION: DX
CALLSIGN: M1AQR
CLUB:  
CONTEST: DX
CATEGORY-OPERATOR: SINGLE-OP
CATEGORY-ASSISTED: ASSISTED
CATEGORY-BAND: ALL
CATEGORY-MODE: MIXED
CATEGORY-POWER: HIGH
CATEGORY-STATION: FIXED
CATEGORY-TRANSMITTER: ONE
CLAIMED-SCORE: 128
OPERATORS: M1AQR
NAME: Andrew
CREATED-BY: N1MM Logger+ 1.0.10612.0

QSO:   14206 PH 2025-01-31 1627 M1AQR         59   II3WWA        59   World Wide                                          
QSO:    7119 PH 2025-01-31 1946 M1AQR         59   II2WWA        59                                                       
QSO:   14295 PH 2025-02-01 1139 M1AQR         58   CT1EHX/P      59                                                       
QSO:   14190 PH 2025-02-01 1545 M1AQR         59   HG5C          59              HU04                                     
QSO:   14246 PH 2025-02-01 1626 M1AQR         59   OM7M          59              SK03                                     
QSO:   14190 PH 2025-02-01 1629 M1AQR         59   IV3WHS        59              IT08                                     
QSO:   14190 PH 2025-02-01 1638 M1AQR         59   IW2NRI        59   DADO       IT11                                     
QSO:   14164 PH 2025-02-01 1653 M1AQR         59   SO7E          59              PL04                                     
QSO:   14221 PH 2025-02-01 1659 M1AQR         59   SO6A          59              PL05                                     
QSO:   14250 PH 2025-02-01 1703 M1AQR         59   F4EQN         59              FR01                                     
QSO:   14183 PH 2025-02-01 1716 M1AQR         59   IU1RLJ        59              IT10                                     
QSO:   14200 PH 2025-02-01 1719 M1AQR         59   YU1A          59              28                                       
QSO:   14282 PH 2025-02-01 1727 M1AQR         59   IZ2FOS        59              IT11                                     
QSO:   14208 PH 2025-02-01 1828 M1AQR         59   YT1A          59              28                                       
QSO:   14202 PH 2025-02-01 1833 M1AQR         59   IK6PTH        59              IT12                                     
QSO:   14244 PH 2025-02-01 1840 M1AQR         59   E7CW          59              28                                       
QSO:    7180 PH 2025-02-02 1056 M1AQR         59   G0UOO         59   ROB - G0UO Audio Setting MG60                       
QSO:   14257 PH 2025-02-02 1104 M1AQR         59   CT1CJJ        59              PT07                                     
QSO:   14315 PH 2025-02-02 1106 M1AQR         59   YP8T          59              RO01                                     
QSO:   14292 PH 2025-02-02 1109 M1AQR         59   IQ3RP         59              IT21                                     
QSO:   14273 PH 2025-02-02 1110 M1AQR         59   LY7K          59              LT05                                     
QSO:   14264 PH 2025-02-02 1139 M1AQR         59   DL6MRM        59              DE14                                     
QSO:   14250 PH 2025-02-02 1144 M1AQR         59   IQ1RF         59              IT14                                     
QSO:   14237 PH 2025-02-02 1148 M1AQR         59   I8QLS         59              IT06                                     
QSO:   14228 PH 2025-02-02 1150 M1AQR         59   OG4Z          59              FI06                                     
QSO:   14220 PH 2025-02-02 1701 M1AQR         59   IZ3WUW/P      59   RICO                                                
QSO:   14199 PH 2025-02-02 1710 M1AQR         59   I4AWX         59   LOUIS                                               
QSO:    7140 PH 2025-02-02 1749 M1AQR         59   M1CBK         59   ROB                                                 
QSO:    7120 PH 2025-02-02 2123 M1AQR         59   F4JOY         59   NICOLAS                                             
QSO:    7144 PH 2025-02-02 2147 M1AQR         59   IV3KNP        59   MARCO                                               
QSO:    7144 PH 2025-02-02 2200 M1AQR         59   EB3GGB        59   KIM                                                 
END-OF-LOG:
