START-OF-LOG: 3.0
CREATED-BY: TR4W v.4.95.0
CALLSIGN: UY5TE
CONTEST: EUDX
CLAIMED-SCORE: 5208
CATEGORY-ASSISTED: NON-ASSISTED
CATEGORY-BAND: ALL
CATEGORY-MODE: CW
CATEGORY-OPERATOR: SINGLE-OP
CATEGORY-POWER: LOW
OPERATORS: UY5TE
CLUB: GIPANIS CONTEST GROUP
LOCATION: KN56
NAME: N.V. Washchilenko
QSO: 28032 CW 2025-02-01 1025 UY5TE         599 29     F6AGM      599 FR11         
QSO: 28024 CW 2025-02-01 1332 UY5TE         599 29     CR3DX      599 36           
QSO: 28018 CW 2025-02-01 1334 UY5TE         599 29     F5IN       599 FR04         
QSO: 28014 CW 2025-02-01 1336 UY5TE         599 29     F6IFY      599 FR01         
QSO: 28020 CW 2025-02-01 1342 UY5TE         599 29     K1RM       599 8            
QSO: 21005 CW 2025-02-01 1355 UY5TE         599 29     OL9R       599 CZ99         
QSO: 21037 CW 2025-02-01 1359 UY5TE         599 29     SK0QO      599 SE01         
QSO: 21025 CW 2025-02-01 1415 UY5TE         599 29     SM0D       599 SE01         
QSO: 21043 CW 2025-02-01 1420 UY5TE         599 29     OG7F       599 FI07         
QSO: 21047 CW 2025-02-01 1422 UY5TE         599 29     IZ2FDU     599 IT11         
QSO: 21023 CW 2025-02-01 1443 UY5TE         599 29     I1HJT      599 IT10         
QSO: 21047 CW 2025-02-01 1447 UY5TE         599 29     DL5XJ      599 DE15         
QSO: 21014 CW 2025-02-01 1449 UY5TE         599 29     F5IN       599 FR04         
QSO: 21019 CW 2025-02-01 1451 UY5TE         599 29     OR3A       599 BE05         
QSO: 21042 CW 2025-02-01 1500 UY5TE         599 29     IU0ITX     599 IT09         
QSO: 21026 CW 2025-02-01 1502 UY5TE         599 29     OZ3SM      599 DK01         
QSO: 14009 CW 2025-02-01 1516 UY5TE         599 29     UP0L       599 30           
QSO: 14012 CW 2025-02-01 1518 UY5TE         599 29     HA1DAE     599 HU06         
QSO: 14032 CW 2025-02-01 1521 UY5TE         599 29     OH8A       599 FI02         
QSO: 14038 CW 2025-02-01 1528 UY5TE         599 29     4U1A       599 AT01         
QSO: 14025 CW 2025-02-02 0806 UY5TE         599 29     HA2VH      599 HU05         
QSO: 14038 CW 2025-02-02 0809 UY5TE         599 29     S53BB      599 SI02         
QSO: 14040 CW 2025-02-02 0812 UY5TE         599 29     SN8T       599 PL06         
QSO: 14010 CW 2025-02-02 0814 UY5TE         599 29     HA8IH      599 HU03         
QSO: 14013 CW 2025-02-02 0820 UY5TE         599 29     IZ3SQW     599 IT21         
QSO: 14018 CW 2025-02-02 0824 UY5TE         599 29     9A3YT      599 HR04         
QSO: 14018 CW 2025-02-02 0825 UY5TE         599 29     HA8A       599 HU03         
QSO: 14026 CW 2025-02-02 0830 UY5TE         599 29     HA7RY      599 HU04         
QSO: 14009 CW 2025-02-02 0835 UY5TE         599 29     OQ5M       599 BE03         
QSO: 14013 CW 2025-02-02 0836 UY5TE         599 29     OE2S       599 AT02         
QSO: 14016 CW 2025-02-02 0839 UY5TE         599 29     OG4Z       599 FI06         
QSO: 14021 CW 2025-02-02 0840 UY5TE         599 29     F5IN       599 FR04         
QSO: 14025 CW 2025-02-02 0843 UY5TE         599 29     PA1T       599 NL05         
QSO: 14011 CW 2025-02-02 0849 UY5TE         599 29     LZ1GU      599 BG05         
QSO: 14020 CW 2025-02-02 0854 UY5TE         599 29     DL7ON      599 DE04         
QSO: 28016 CW 2025-02-02 0905 UY5TE         599 29     F8DFP      599 FR01         
QSO: 28027 CW 2025-02-02 0907 UY5TE         599 29     PA3FQA     599 NL09         
QSO: 28037 CW 2025-02-02 0910 UY5TE         599 29     PA3AAV     599 NL08         
QSO: 28014 CW 2025-02-02 0912 UY5TE         599 29     PA4O       599 NL05         
QSO: 28018 CW 2025-02-02 0915 UY5TE         599 29     DL4YR      599 DE10         
QSO: 28019 CW 2025-02-02 0916 UY5TE         599 29     DL2OM      599 DE11         
QSO: 28021 CW 2025-02-02 0917 UY5TE         599 29     F8GGV      599 FR08         
QSO: 28027 CW 2025-02-02 0935 UY5TE         599 29     CT3KN      599 PT05         
QSO: 28031 CW 2025-02-02 0936 UY5TE         599 29     F5OHM      599 FR04         
QSO: 21019 CW 2025-02-02 0956 UY5TE         599 29     DK3GI      599 DE02         
QSO: 28019 CW 2025-02-02 1003 UY5TE         599 29     F5NBX      599 FR10         
QSO: 28024 CW 2025-02-02 1005 UY5TE         599 29     5Z4VJ      599 48           
QSO: 28015 CW 2025-02-02 1012 UY5TE         599 29     IZ5NFD     599 IT19         
QSO: 28032 CW 2025-02-02 1015 UY5TE         599 29     PC0A       599 NL09         
QSO: 28006 CW 2025-02-02 1020 UY5TE         599 29     OQ5M       599 BE03         
QSO: 28048 CW 2025-02-02 1026 UY5TE         599 29     DF5EN      599 DE10         
QSO: 21025 CW 2025-02-02 1033 UY5TE         599 29     OK1KKI     599 CZ02         
QSO: 21006 CW 2025-02-02 1036 UY5TE         599 29     DL7ON      599 DE04         
QSO: 28010 CW 2025-02-02 1045 UY5TE         599 29     HB9ARF     599 28           
QSO: 28026 CW 2025-02-02 1047 UY5TE         599 29     IK1SPR     599 IT14         
QSO: 28032 CW 2025-02-02 1051 UY5TE         599 29     UP0L       599 30           
END-OF-LOG: 