START-OF-LOG: 3.0
CREATED-BY: yota-public-qso-downloader
CONTEST: YOTA-CONTEST
CALLSIGN: HA5UA
CATEGORY-OPERATOR: SINGLE-OP
CATEGORY-BAND: ALL
CATEGORY-MODE: MIXED
CATEGORY: Single Operator All band
CLAIMED-SCORE: 0
QSO: 21215 PH 2026-07-19 1153 HA5UA         59  67     HA8TA         59  16    
QSO: 21222 PH 2026-07-19 1155 HA5UA         59  67     JK1FUI        59  20    
QSO: 21283 PH 2026-07-19 1157 HA5UA         59  67     OH8X          59  19    
QSO: 21016 CW 2026-07-19 1200 HA5UA         599 67     LA8HGA        599 56    
QSO: 21029 CW 2026-07-19 1204 HA5UA         599 67     HA7I          599 50    
QSO: 21031 CW 2026-07-19 1223 HA5UA         599 67     HA0SA         599 34    
QSO: 21018 CW 2026-07-19 1224 HA5UA         599 67     HA8TA         599 16    
QSO: 21020 CW 2026-07-19 1225 HA5UA         599 67     HA4NI         599 11    
QSO: 21021 CW 2026-07-19 1226 HA5UA         599 67     ON8GA         599 36    
QSO: 21015 CW 2026-07-19 1227 HA5UA         599 67     SM5CSS        599 80    
QSO: 21013 CW 2026-07-19 1228 HA5UA         599 67     HA2KMR        599 70    
QSO: 21027 CW 2026-07-19 1229 HA5UA         599 67     OY1CT         599 66    
QSO: 21022 CW 2026-07-19 1230 HA5UA         599 67     OH2KW         599 70    
QSO: 21029 CW 2026-07-19 1231 HA5UA         599 67     UC5D          599 55    
QSO: 21028 CW 2026-07-19 1232 HA5UA         599 67     JN4MMO        599 64    
QSO: 21025 CW 2026-07-19 1234 HA5UA         599 67     S51VC         599 77    
QSO: 21024 CW 2026-07-19 1235 HA5UA         599 67     HA6NL         599 76    
QSO: 21020 CW 2026-07-19 1259 HA5UA         599 67     EW8DX         599 79    
QSO: 21023 CW 2026-07-19 1300 HA5UA         599 67     F5IN          599 82    
QSO: 21040 CW 2026-07-19 1301 HA5UA         599 67     YL3NU         599 72    
QSO: 21040 CW 2026-07-19 1302 HA5UA         599 67     UZ7E          599 52    
QSO: 21040 CW 2026-07-19 1303 HA5UA         599 67     SP2ILQ        599 77    
QSO: 21040 CW 2026-07-19 1304 HA5UA         599 67     DM4KM         599 71    
QSO: 21040 CW 2026-07-19 1305 HA5UA         599 67     EU4E          599 64    
QSO: 21040 CW 2026-07-19 1307 HA5UA         599 67     DL1ROT        599 50    
QSO: 21040 CW 2026-07-19 1308 HA5UA         599 67     SA2OLM        599 68    
QSO: 21040 CW 2026-07-19 1308 HA5UA         599 67     RG5A          599 69    
QSO: 21040 CW 2026-07-19 1310 HA5UA         599 67     SP5LGT        599 61    
QSO: 21040 CW 2026-07-19 1311 HA5UA         599 67     OH5/N6GEE     599 0     
QSO: 21040 CW 2026-07-19 1311 HA5UA         599 67     HA7SQ         599 77    
QSO: 21040 CW 2026-07-19 1312 HA5UA         599 67     HA7UI         599 82    
QSO: 21040 CW 2026-07-19 1312 HA5UA         599 67     HA2PR         599 70    
QSO: 21040 CW 2026-07-19 1313 HA5UA         599 67     DK5ZX         599 78    
QSO: 21040 CW 2026-07-19 1314 HA5UA         599 67     OZ8ZN         599 70    
QSO: 21040 CW 2026-07-19 1314 HA5UA         599 67     KP3W          599 58    
QSO: 21040 CW 2026-07-19 1316 HA5UA         599 67     HS0ZNV        599 80    
QSO: 21022 CW 2026-07-19 1319 HA5UA         599 67     HA7RY         599 72    
QSO: 21040 CW 2026-07-19 1321 HA5UA         599 67     HG5FA         599 47    
QSO: 21040 CW 2026-07-19 1321 HA5UA         599 67     CT1ELZ        599 80    
QSO: 21040 CW 2026-07-19 1323 HA5UA         599 67     UA9CTT        599 48    
QSO: 21040 CW 2026-07-19 1324 HA5UA         599 67     UX8IX         599 76    
QSO: 21011 CW 2026-07-19 1328 HA5UA         599 67     HG8W          599 76    
QSO: 21014 CW 2026-07-19 1329 HA5UA         599 67     HA3NU         599 67    
QSO: 21016 CW 2026-07-19 1329 HA5UA         599 67     HG6O          599 72    
QSO: 21026 CW 2026-07-19 1332 HA5UA         599 67     KE2AIZ        599 10    
QSO: 21029 CW 2026-07-19 1333 HA5UA         599 67     SM6NT         599 71    
QSO: 28028 CW 2026-07-19 1340 HA5UA         599 67     UA3WFJ        599 0     
QSO: 28454 PH 2026-07-19 1343 HA5UA         59  67     SK8YOTA       59  18    
QSO: 28460 PH 2026-07-19 1343 HA5UA         59  67     EW2ZC         59  41    
QSO: 28028 CW 2026-07-19 1346 HA5UA         599 67     UZ7E          599 52    
QSO: 28028 CW 2026-07-19 1346 HA5UA         599 67     SE4E          599 79    
QSO: 14235 PH 2026-07-19 1355 HA5UA         59  67     HA2KID        59  8     
QSO: 14275 PH 2026-07-19 1356 HA5UA         59  67     ON4YOTA       59  18    
QSO: 14260 PH 2026-07-19 1357 HA5UA         59  67     SK8YOTA       59  18    
QSO: 14222 PH 2026-07-19 1358 HA5UA         59  67     HA4EL         59  13    
QSO: 14174 PH 2026-07-19 1400 HA5UA         59  67     EU4E          59  64    
QSO: 14181 PH 2026-07-19 1401 HA5UA         59  67     MM6VGS        59  61    
QSO: 14181 PH 2026-07-19 1402 HA5UA         59  67     DG6SK         59  64    
QSO: 14181 PH 2026-07-19 1402 HA5UA         59  67     F6DJN         59  68    
QSO: 14181 PH 2026-07-19 1403 HA5UA         59  67     G3Q           59  79    
QSO: 14181 PH 2026-07-19 1403 HA5UA         59  67     DL4BX         59  77    
QSO: 14181 PH 2026-07-19 1404 HA5UA         59  67     IS0/HB9TSE    59  56    
QSO: 14181 PH 2026-07-19 1405 HA5UA         59  67     UZ1P          59  55    
QSO: 14181 PH 2026-07-19 1405 HA5UA         59  67     DH0GDS        59  64    
QSO: 14181 PH 2026-07-19 1405 HA5UA         59  67     IT9RZU        59  66    
QSO: 14181 PH 2026-07-19 1406 HA5UA         59  67     DB5ZF         59  58    
QSO: 14181 PH 2026-07-19 1406 HA5UA         59  67     PE1CUP        59  67    
QSO: 14181 PH 2026-07-19 1406 HA5UA         59  67     OH8X          59  19    
QSO: 14181 PH 2026-07-19 1407 HA5UA         59  67     ON5LS         59  55    
QSO: 14181 PH 2026-07-19 1407 HA5UA         59  67     DH3FAN        59  79    
QSO: 14181 PH 2026-07-19 1407 HA5UA         59  67     DG5GV         59  69    
QSO: 14181 PH 2026-07-19 1408 HA5UA         59  67     F4VXB         59  67    
QSO: 14181 PH 2026-07-19 1408 HA5UA         59  67     DL6MRM        59  69    
QSO: 14181 PH 2026-07-19 1408 HA5UA         59  67     SE4E          59  79    
QSO: 14181 PH 2026-07-19 1410 HA5UA         59  67     OZ6AEV        59  49    
QSO: 14181 PH 2026-07-19 1410 HA5UA         59  67     PD5TOM        59  15    
QSO: 14181 PH 2026-07-19 1410 HA5UA         59  67     DG7DBM        59  57    
QSO: 14181 PH 2026-07-19 1411 HA5UA         59  67     PA3GVQ        59  55    
QSO: 14181 PH 2026-07-19 1411 HA5UA         59  67     SP3DFB        59  77    
QSO: 14181 PH 2026-07-19 1412 HA5UA         59  67     LX1FWF        59  58    
QSO: 14181 PH 2026-07-19 1412 HA5UA         59  67     DL1RPR        59  77    
QSO: 14181 PH 2026-07-19 1413 HA5UA         59  67     DG7GD         59  54    
QSO: 14181 PH 2026-07-19 1414 HA5UA         59  67     ER0R          59  0     
QSO: 14181 PH 2026-07-19 1414 HA5UA         59  67     DK9AT         59  60    
QSO: 14181 PH 2026-07-19 1414 HA5UA         59  67     DL8LSK        59  63    
QSO: 14181 PH 2026-07-19 1415 HA5UA         59  67     F5INE         59  68    
QSO: 14181 PH 2026-07-19 1415 HA5UA         59  67     HB9EYP        59  60    
QSO: 14181 PH 2026-07-19 1416 HA5UA         59  67     DK0PU         59  65    
QSO: 14181 PH 2026-07-19 1417 HA5UA         59  67     DL8BDR        59  52    
QSO: 14181 PH 2026-07-19 1417 HA5UA         59  67     EI2KVB        59  59    
QSO: 14181 PH 2026-07-19 1418 HA5UA         59  67     DA1KL         59  40    
QSO: 14016 CW 2026-07-19 1514 HA5UA         599 67     HA4NI         599 11    
QSO: 14014 CW 2026-07-19 1515 HA5UA         599 67     EI7KD         599 60    
QSO: 14011 CW 2026-07-19 1515 HA5UA         599 67     SE4E          599 79    
QSO: 14011 CW 2026-07-19 1516 HA5UA         599 67     RG5A          599 69    
QSO: 14018 CW 2026-07-19 1517 HA5UA         599 67     YB1CDA        599 56    
QSO: 14019 CW 2026-07-19 1518 HA5UA         599 67     OT4A          599 66    
QSO: 14014 CW 2026-07-19 1520 HA5UA         599 67     PC6R          599 88    
QSO: 14020 CW 2026-07-19 1521 HA5UA         599 67     HA8TA         599 16    
QSO: 14021 CW 2026-07-19 1522 HA5UA         599 67     ZA1EM         599 57    
QSO: 14017 CW 2026-07-19 1523 HA5UA         599 67     G4SND         599 75    
QSO: 14021 CW 2026-07-19 1524 HA5UA         599 67     R3ZBI         599 60    
QSO: 14021 CW 2026-07-19 1524 HA5UA         599 67     UR5W          599 19    
QSO: 14023 CW 2026-07-19 1526 HA5UA         599 67     HA2VH         599 65    
QSO: 14024 CW 2026-07-19 1526 HA5UA         599 67     SM5ACQ        599 83    
QSO: 14025 CW 2026-07-19 1527 HA5UA         599 67     RW0AJ         599 68    
QSO: 14024 CW 2026-07-19 1530 HA5UA         599 67     UA4FCO        599 72    
QSO: 14023 CW 2026-07-19 1530 HA5UA         599 67     F5IN          599 82    
QSO: 14022 CW 2026-07-19 1530 HA5UA         599 67     OH2KW         599 70    
QSO: 14025 CW 2026-07-19 1532 HA5UA         599 67     DF3SM         599 69    
QSO: 14025 CW 2026-07-19 1533 HA5UA         599 67     SA2OLM        599 68    
QSO: 14025 CW 2026-07-19 1533 HA5UA         599 67     HA7MF         599 74    
QSO: 14025 CW 2026-07-19 1535 HA5UA         599 67     CT1ELZ        599 80    
QSO: 14025 CW 2026-07-19 1535 HA5UA         599 67     RX6FJ         599 56    
QSO: 14025 CW 2026-07-19 1535 HA5UA         599 67     HA5UX         599 69    
QSO: 14025 CW 2026-07-19 1536 HA5UA         599 67     HA3OU         599 60    
QSO: 14025 CW 2026-07-19 1536 HA5UA         599 67     SM7T          599 66    
QSO: 14025 CW 2026-07-19 1537 HA5UA         599 67     YQ6A          599 71    
QSO: 14025 CW 2026-07-19 1538 HA5UA         599 67     UZ7E          599 52    
QSO: 14025 CW 2026-07-19 1538 HA5UA         599 67     HA0SA         599 34    
QSO: 14025 CW 2026-07-19 1539 HA5UA         599 67     YO5AVN        599 76    
QSO: 14025 CW 2026-07-19 1540 HA5UA         599 67     G4CZB/P       599 74    
QSO: 14025 CW 2026-07-19 1541 HA5UA         599 67     OK2MBP        599 68    
QSO: 14025 CW 2026-07-19 1541 HA5UA         599 67     EI8KW         599 16    
QSO: 14025 CW 2026-07-19 1541 HA5UA         599 67     YL3NU         599 72    
QSO: 14025 CW 2026-07-19 1542 HA5UA         599 67     PA0RDT        599 79    
QSO: 14025 CW 2026-07-19 1542 HA5UA         599 67     UR5CC         599 73    
QSO: 14025 CW 2026-07-19 1543 HA5UA         599 67     EG26FDC       599 81    
QSO: 14025 CW 2026-07-19 1544 HA5UA         599 67     YB9ELS        599 62    
QSO: 14025 CW 2026-07-19 1545 HA5UA         599 67     PA3MIR        599 52    
QSO: 14025 CW 2026-07-19 1546 HA5UA         599 67     G4DBW         599 70    
QSO: 14025 CW 2026-07-19 1548 HA5UA         599 67     GM4JYB        599 73    
QSO: 14025 CW 2026-07-19 1549 HA5UA         599 67     DJ4WT         599 64    
QSO: 14025 CW 2026-07-19 1549 HA5UA         599 67     DL2PR         599 71    
QSO: 14025 CW 2026-07-19 1549 HA5UA         599 67     HA3NU         599 67    
QSO: 14025 CW 2026-07-19 1550 HA5UA         599 67     VE2FK         599 81    
QSO: 14025 CW 2026-07-19 1550 HA5UA         599 67     R7TD          599 76    
QSO: 14025 CW 2026-07-19 1551 HA5UA         599 67     HA7RF         599 76    
QSO: 14025 CW 2026-07-19 1551 HA5UA         599 67     IT9RZU        599 66    
QSO: 14025 CW 2026-07-19 1551 HA5UA         599 67     SC6O          599 74    
QSO: 14025 CW 2026-07-19 1552 HA5UA         599 67     K1ZZ          599 76    
QSO: 14025 CW 2026-07-19 1552 HA5UA         599 67     DL2GMI        599 45    
QSO: 14025 CW 2026-07-19 1555 HA5UA         599 67     EW8G          599 80    
QSO: 14025 CW 2026-07-19 1555 HA5UA         599 67     HA5GF         599 74    
QSO: 14025 CW 2026-07-19 1557 HA5UA         599 67     ON8PR         599 63    
QSO: 14027 CW 2026-07-19 1559 HA5UA         599 67     E70X          599 55    
QSO: 14285 PH 2026-07-19 1613 HA5UA         59  67     YT4L          59  16    
QSO:  7021 CW 2026-07-19 1623 HA5UA         599 67     HA8TA         599 16    
QSO:  7023 CW 2026-07-19 1624 HA5UA         599 67     HA3OU         599 60    
QSO:  7031 CW 2026-07-19 1625 HA5UA         599 67     HA4EL         599 13    
QSO:  7028 CW 2026-07-19 1626 HA5UA         599 67     HA1KHJ        599 22    
QSO:  7025 CW 2026-07-19 1627 HA5UA         599 67     HA0SA         599 34    
QSO:  7026 CW 2026-07-19 1628 HA5UA         599 67     EU4E          599 64    
QSO:  7029 CW 2026-07-19 1628 HA5UA         599 67     HG8W          599 76    
QSO:  7029 CW 2026-07-19 1628 HA5UA         599 67     EW8DX         599 79    
QSO:  7016 CW 2026-07-19 1630 HA5UA         599 67     DL5YM         599 77    
QSO:  7017 CW 2026-07-19 1631 HA5UA         599 67     HA7UI         599 82    
QSO:  7020 CW 2026-07-19 1632 HA5UA         599 67     HA2VH         599 65    
QSO:  7020 CW 2026-07-19 1633 HA5UA         599 67     DJ4WT         599 64    
QSO:  7020 CW 2026-07-19 1633 HA5UA         599 67     HA7RY         599 72    
QSO:  7020 CW 2026-07-19 1633 HA5UA         599 67     HA7SQ         599 77    
QSO:  7020 CW 2026-07-19 1634 HA5UA         599 67     OH2KW         599 70    
QSO:  7020 CW 2026-07-19 1634 HA5UA         599 67     SM5CSS        599 80    
QSO:  7020 CW 2026-07-19 1634 HA5UA         599 67     YU5T          599 75    
QSO:  7020 CW 2026-07-19 1635 HA5UA         599 67     SN5WD         599 75    
QSO:  7020 CW 2026-07-19 1635 HA5UA         599 67     SM7T          599 66    
QSO:  7020 CW 2026-07-19 1637 HA5UA         599 67     RV6HV         599 76    
QSO:  7020 CW 2026-07-19 1637 HA5UA         599 67     HA7MF         599 74    
QSO:  7020 CW 2026-07-19 1637 HA5UA         599 67     IZ4JMA        599 62    
QSO:  7020 CW 2026-07-19 1638 HA5UA         599 67     YO8OLY        599 11    
QSO:  7020 CW 2026-07-19 1638 HA5UA         599 67     S57X          599 74    
QSO:  7020 CW 2026-07-19 1639 HA5UA         599 67     DL3RDM        599 75    
QSO:  7020 CW 2026-07-19 1640 HA5UA         599 67     ES5JR         599 59    
QSO:  7020 CW 2026-07-19 1640 HA5UA         599 67     SF6W          599 73    
QSO:  7020 CW 2026-07-19 1641 HA5UA         599 67     YO4LHR        599 61    
QSO:  7020 CW 2026-07-19 1641 HA5UA         599 67     YL2TD         599 65    
QSO:  7020 CW 2026-07-19 1642 HA5UA         599 67     S51VC         599 77    
QSO:  7020 CW 2026-07-19 1642 HA5UA         599 67     SE4E          599 79    
QSO:  7020 CW 2026-07-19 1643 HA5UA         599 67     9A1DR         599 62    
QSO:  7020 CW 2026-07-19 1643 HA5UA         599 67     DJ1OJ         599 89    
QSO:  7020 CW 2026-07-19 1644 HA5UA         599 67     UZ1P          599 55    
QSO:  7020 CW 2026-07-19 1644 HA5UA         599 67     EU4E          599 64    
QSO:  7020 CW 2026-07-19 1645 HA5UA         599 67     YT7AW         599 42    
QSO:  7020 CW 2026-07-19 1645 HA5UA         599 67     DJ9MH         599 86    
QSO:  7020 CW 2026-07-19 1646 HA5UA         599 67     OK2NAJ        599 75    
QSO:  7020 CW 2026-07-19 1647 HA5UA         599 67     DL7ET         599 61    
QSO:  7020 CW 2026-07-19 1647 HA5UA         599 67     UZ7E          599 52    
QSO:  7020 CW 2026-07-19 1648 HA5UA         599 67     RK6O          599 63    
QSO:  7020 CW 2026-07-19 1649 HA5UA         599 67     IT9RZU        599 66    
QSO:  7027 CW 2026-07-19 1650 HA5UA         599 67     RT5P          599 69    
QSO:  7023 CW 2026-07-19 1652 HA5UA         599 67     R3OM          599 75    
QSO:  7022 CW 2026-07-19 1652 HA5UA         599 67     YU1XO         599 64    
QSO:  7022 CW 2026-07-19 1653 HA5UA         599 67     YL1YF         599 67    
QSO:  7024 CW 2026-07-19 1653 HA5UA         599 67     SN1T          599 71    
QSO:  7021 CW 2026-07-19 1654 HA5UA         599 67     SD1A          599 54    
QSO:  7018 CW 2026-07-19 1655 HA5UA         599 67     DL4ME         599 85    
QSO:  7180 PH 2026-07-19 1656 HA5UA         59  67     ON4YOTA       59  18    
QSO:  7137 PH 2026-07-19 1657 HA5UA         59  67     DM2YL         59  18    
QSO:  7155 PH 2026-07-19 1658 HA5UA         59  67     HA1KHJ        59  22    
QSO:  7127 PH 2026-07-19 1659 HA5UA         59  67     HA3ZA         59  12    
QSO:  7152 PH 2026-07-19 1700 HA5UA         59  67     S50G          59  19    
QSO:  7148 PH 2026-07-19 1702 HA5UA         59  67     HA2KID        59  8     
END-OF-LOG:
