START-OF-LOG: 3.0
CREATED-BY: yota-public-qso-downloader
CONTEST: YOTA-CONTEST
CALLSIGN: S51VC
CATEGORY-OPERATOR: SINGLE-OP
CATEGORY-BAND: ALL
CATEGORY-MODE: MIXED
CATEGORY: Single Operator All band
CLAIMED-SCORE: 0
QSO: 28020 CW 2026-07-19 1036 S51VC         599 77     OH2KW         599 70    
QSO: 28027 CW 2026-07-19 1039 S51VC         599 77     PA7BM         599 59    
QSO: 28027 CW 2026-07-19 1040 S51VC         599 77     PA0RDT        599 79    
QSO: 28027 CW 2026-07-19 1041 S51VC         599 77     HA6NL         599 76    
QSO: 28027 CW 2026-07-19 1041 S51VC         599 77     UZ7E          599 52    
QSO: 21009 CW 2026-07-19 1046 S51VC         599 77     LZ5R          599 59    
QSO: 21023 CW 2026-07-19 1049 S51VC         599 77     HA6NL         599 76    
QSO: 21023 CW 2026-07-19 1050 S51VC         599 77     LZ1VKD        599 63    
QSO: 21023 CW 2026-07-19 1051 S51VC         599 77     ZD7BG         599 73    
QSO: 21023 CW 2026-07-19 1052 S51VC         599 77     JA7KMB        599 66    
QSO: 21023 CW 2026-07-19 1052 S51VC         599 77     OH3MF         599 87    
QSO: 21023 CW 2026-07-19 1053 S51VC         599 77     ON6CW         599 65    
QSO: 21023 CW 2026-07-19 1055 S51VC         599 77     SM5CSS        599 80    
QSO: 21023 CW 2026-07-19 1056 S51VC         599 77     JN4MMO        599 64    
QSO: 21023 CW 2026-07-19 1057 S51VC         599 77     UZ7E          599 52    
QSO: 21023 CW 2026-07-19 1058 S51VC         599 77     DF1QR         599 54    
QSO: 21023 CW 2026-07-19 1058 S51VC         599 77     SC6O          599 74    
QSO: 21023 CW 2026-07-19 1059 S51VC         599 77     RK6O          599 63    
QSO: 21023 CW 2026-07-19 1100 S51VC         599 77     HA8AT         599 72    
QSO: 21023 CW 2026-07-19 1101 S51VC         599 77     UA9CTT        599 48    
QSO: 21023 CW 2026-07-19 1101 S51VC         599 77     DJ3XA         599 72    
QSO: 21023 CW 2026-07-19 1102 S51VC         599 77     OH6LUW        599 68    
QSO: 21023 CW 2026-07-19 1103 S51VC         599 77     R9XS          599 89    
QSO: 21024 CW 2026-07-19 1104 S51VC         599 77     RW3AI         599 73    
QSO: 21024 CW 2026-07-19 1106 S51VC         599 77     IK7MIY        599 65    
QSO: 21024 CW 2026-07-19 1107 S51VC         599 77     RU0LL         599 61    
QSO: 21024 CW 2026-07-19 1107 S51VC         599 77     R4WAE         599 80    
QSO: 21024 CW 2026-07-19 1108 S51VC         599 77     UR5EJ         599 66    
QSO: 21024 CW 2026-07-19 1108 S51VC         599 77     UA4FDL        599 78    
QSO: 21024 CW 2026-07-19 1109 S51VC         599 77     RM6ZC         599 72    
QSO: 21024 CW 2026-07-19 1110 S51VC         599 77     SE4E          599 79    
QSO: 21024 CW 2026-07-19 1116 S51VC         599 77     R3OM          599 74    
QSO: 21029 CW 2026-07-19 1118 S51VC         599 77     UR5CC         599 73    
QSO: 21029 CW 2026-07-19 1120 S51VC         599 77     YO4AAC        599 69    
QSO: 21029 CW 2026-07-19 1123 S51VC         599 77     RT5C          599 63    
QSO: 21029 CW 2026-07-19 1123 S51VC         599 77     RX9CC         599 68    
QSO: 21029 CW 2026-07-19 1124 S51VC         599 77     DJ4KW         599 87    
QSO: 21029 CW 2026-07-19 1125 S51VC         599 77     DL1EBN        599 69    
QSO: 21029 CW 2026-07-19 1126 S51VC         599 77     YL1YF         599 67    
QSO: 21029 CW 2026-07-19 1127 S51VC         599 77     G3PPR         599 82    
QSO: 21029 CW 2026-07-19 1127 S51VC         599 77     G3RLE         599 81    
QSO: 28022 CW 2026-07-19 1130 S51VC         599 77     SM2EZT        599 72    
QSO: 21030 CW 2026-07-19 1134 S51VC         599 77     PA2W          599 58    
QSO: 21030 CW 2026-07-19 1134 S51VC         599 77     K4RUM         599 64    
QSO: 21030 CW 2026-07-19 1135 S51VC         599 77     DL2PR         599 71    
QSO: 21030 CW 2026-07-19 1136 S51VC         599 77     EU4E          599 64    
QSO: 21030 CW 2026-07-19 1137 S51VC         599 77     DK8XW         599 84    
QSO: 21030 CW 2026-07-19 1139 S51VC         599 77     G0HIO         599 25    
QSO: 14027 CW 2026-07-19 1146 S51VC         599 77     SM5CSS        599 80    
QSO: 14027 CW 2026-07-19 1147 S51VC         599 77     RM6ZC         599 72    
QSO: 14027 CW 2026-07-19 1147 S51VC         599 77     R2FZ          599 75    
QSO: 14027 CW 2026-07-19 1148 S51VC         599 77     G6P/P         599 66    
QSO: 14027 CW 2026-07-19 1149 S51VC         599 77     UZ7E          599 52    
QSO: 14027 CW 2026-07-19 1149 S51VC         599 77     PA0CT         599 69    
QSO: 14027 CW 2026-07-19 1150 S51VC         599 77     LY2LF         599 71    
QSO: 14027 CW 2026-07-19 1155 S51VC         599 77     RK6O          599 63    
QSO: 14027 CW 2026-07-19 1156 S51VC         599 77     DM4KM         599 71    
QSO: 14017 CW 2026-07-19 1200 S51VC         599 77     DL3KWF        599 87    
QSO: 14017 CW 2026-07-19 1201 S51VC         599 77     DL4YR         599 55    
QSO: 14018 CW 2026-07-19 1202 S51VC         599 77     SM7T          599 66    
QSO: 14018 CW 2026-07-19 1202 S51VC         599 77     SN1T          599 71    
QSO: 14026 CW 2026-07-19 1205 S51VC         599 77     ON5WL         599 82    
QSO: 28016 CW 2026-07-19 1213 S51VC         599 77     HA2KMR        599 71    
QSO: 28025 CW 2026-07-19 1214 S51VC         599 77     EU4E          599 64    
QSO: 28018 CW 2026-07-19 1217 S51VC         599 77     RL5A          599 63    
QSO: 21020 CW 2026-07-19 1222 S51VC         599 77     HA4NI         599 11    
QSO: 21031 CW 2026-07-19 1224 S51VC         599 77     HA0SA         599 34    
QSO: 21026 CW 2026-07-19 1230 S51VC         599 77     IT9JYI        599 18    
QSO: 21026 CW 2026-07-19 1231 S51VC         599 77     LC2F          599 78    
QSO: 21026 CW 2026-07-19 1231 S51VC         599 77     RL5A          599 63    
QSO: 21026 CW 2026-07-19 1232 S51VC         599 77     SP4BAO        599 55    
QSO: 21026 CW 2026-07-19 1234 S51VC         599 77     HA5UA         599 67    
QSO: 28017 CW 2026-07-19 1237 S51VC         599 77     SP5LGT        599 61    
QSO: 28020 CW 2026-07-19 1239 S51VC         599 77     YL3NU         599 72    
QSO: 21022 CW 2026-07-19 1243 S51VC         599 77     OH2KW         599 70    
QSO: 21021 CW 2026-07-19 1244 S51VC         599 77     LY6A          599 69    
QSO: 21018 CW 2026-07-19 1245 S51VC         599 77     DO2XU         599 34    
QSO: 21012 CW 2026-07-19 1248 S51VC         599 77     Z35M          599 59    
QSO: 21018 CW 2026-07-19 1306 S51VC         599 77     SP5LGT        599 61    
QSO: 21023 CW 2026-07-19 1306 S51VC         599 77     F5IN          599 82    
QSO:  7015 CW 2026-07-19 1636 S51VC         599 77     F5IN          599 82    
QSO:  7010 CW 2026-07-19 1637 S51VC         599 77     DL4ME         599 85    
QSO:  7013 CW 2026-07-19 1639 S51VC         599 77     YQ6A          599 71    
QSO:  7016 CW 2026-07-19 1640 S51VC         599 77     DL5YM         599 77    
QSO:  7017 CW 2026-07-19 1641 S51VC         599 77     OH2KW         599 70    
QSO:  7020 CW 2026-07-19 1642 S51VC         599 77     HA5UA         599 67    
QSO:  7020 CW 2026-07-19 1642 S51VC         599 77     SM7T          599 66    
QSO:  7021 CW 2026-07-19 1643 S51VC         599 77     SF6W          599 73    
QSO:  7021 CW 2026-07-19 1644 S51VC         599 77     SD1A          599 54    
QSO:  7022 CW 2026-07-19 1645 S51VC         599 77     YO8OLY        599 11    
QSO:  7023 CW 2026-07-19 1645 S51VC         599 77     SP2QG         599 69    
QSO:  7023 CW 2026-07-19 1649 S51VC         599 77     R3OM          599 74    
QSO:  7025 CW 2026-07-19 1649 S51VC         599 77     HA0SA         599 34    
QSO:  7026 CW 2026-07-19 1652 S51VC         599 77     ES5JR         599 59    
QSO:  7028 CW 2026-07-19 1653 S51VC         599 77     HG8W          599 76    
QSO:  7031 CW 2026-07-19 1654 S51VC         599 77     HA4EL         599 13    
QSO:  7033 CW 2026-07-19 1657 S51VC         599 77     YT3H          599 76    
QSO:  7033 CW 2026-07-19 1658 S51VC         599 77     SM5CSS        599 80    
QSO:  7033 CW 2026-07-19 1700 S51VC         599 77     PA0RDT        599 79    
QSO:  7033 CW 2026-07-19 1700 S51VC         599 77     LZ1VKD        599 63    
QSO:  7029 CW 2026-07-19 1711 S51VC         599 77     SP9GMI        599 70    
QSO:  7027 CW 2026-07-19 1713 S51VC         599 77     DM7W          599 67    
QSO:  7025 CW 2026-07-19 1714 S51VC         599 77     E70X          599 55    
QSO:  7024 CW 2026-07-19 1714 S51VC         599 77     SN1T          599 71    
QSO:  7023 CW 2026-07-19 1715 S51VC         599 77     YL1YF         599 67    
QSO:  7022 CW 2026-07-19 1715 S51VC         599 77     DK2FG         599 84    
QSO:  7021 CW 2026-07-19 1716 S51VC         599 77     YO3LW         599 47    
QSO:  7020 CW 2026-07-19 1717 S51VC         599 77     DL4YR         599 55    
QSO:  7017 CW 2026-07-19 1719 S51VC         599 77     HA3HO         599 67    
QSO:  7016 CW 2026-07-19 1720 S51VC         599 77     DL3KWF        599 87    
QSO:  7015 CW 2026-07-19 1721 S51VC         599 77     S52P          599 65    
QSO:  7015 CW 2026-07-19 1722 S51VC         599 77     IK5MEL        599 59    
QSO:  7013 CW 2026-07-19 1723 S51VC         599 77     EW8DX         599 79    
QSO:  7012 CW 2026-07-19 1723 S51VC         599 77     DF8V          599 69    
QSO:  7010 CW 2026-07-19 1726 S51VC         599 77     IQ3VQ         599 20    
QSO:  7029 CW 2026-07-19 1744 S51VC         599 77     SF6J          599 78    
QSO:  7029 CW 2026-07-19 1744 S51VC         599 77     HA3GC         599 69    
QSO:  3525 CW 2026-07-19 1748 S51VC         599 77     HG8W          599 76    
QSO:  3525 CW 2026-07-19 1750 S51VC         599 77     DM7W          599 67    
END-OF-LOG:
