START-OF-LOG: 3.0
CREATED-BY: yota-public-qso-downloader
CONTEST: YOTA-CONTEST
CALLSIGN: YO8LVT
CATEGORY-OPERATOR: SINGLE-OP
CATEGORY-BAND: ALL
CATEGORY-MODE: MIXED
CATEGORY: Single Operator 3 bands YOTA
CLAIMED-SCORE: 0
QSO: 14197 PH 2026-07-19 1001 YO8LVT        59  12     YO8OLY        59  11    
QSO: 14268 PH 2026-07-19 1007 YO8LVT        59  12     IV3KKW        59  50    
QSO: 14282 PH 2026-07-19 1009 YO8LVT        59  12     IV3UHL        59  59    
QSO: 14290 PH 2026-07-19 1012 YO8LVT        59  12     ON4YOTA       59  18    
QSO: 14190 PH 2026-07-19 1017 YO8LVT        59  12     9A2L          59  15    
QSO: 14236 PH 2026-07-19 1020 YO8LVT        59  12     UT1KWA        59  14    
QSO: 14242 PH 2026-07-19 1023 YO8LVT        59  12     IU3BTY        59  41    
QSO: 14275 PH 2026-07-19 1032 YO8LVT        59  12     9A2U          59  17    
QSO: 14019 CW 2026-07-19 1035 YO8LVT        599 12     SN1T          599 71    
QSO: 14020 CW 2026-07-19 1041 YO8LVT        599 12     HA7UI         599 82    
QSO: 14021 CW 2026-07-19 1045 YO8LVT        599 12     OY1CT         599 66    
QSO: 14307 PH 2026-07-19 1046 YO8LVT        59  12     DH0GDS        59  64    
QSO: 14263 PH 2026-07-19 1053 YO8LVT        59  12     DH1PAL        59  75    
QSO: 14259 PH 2026-07-19 1055 YO8LVT        59  12     OH8X          59  19    
QSO: 14250 PH 2026-07-19 1057 YO8LVT        59  12     OM3KAP        59  17    
QSO: 14224 PH 2026-07-19 1101 YO8LVT        59  12     9A3BYW        59  20    
QSO: 14212 PH 2026-07-19 1103 YO8LVT        59  12     9A1A          59  17    
QSO: 14219 PH 2026-07-19 1111 YO8LVT        59  12     PA6YOTA       59  25    
QSO: 14263 PH 2026-07-19 1113 YO8LVT        59  12     IZ2FOS        59  44    
QSO: 14267 PH 2026-07-19 1115 YO8LVT        59  12     SP2QG         59  69    
QSO: 21226 PH 2026-07-19 1117 YO8LVT        59  12     DM2YL         59  18    
QSO: 28430 PH 2026-07-19 1120 YO8LVT        59  12     DO1ADA        59  14    
QSO: 28470 PH 2026-07-19 1122 YO8LVT        59  12     DH0GDS        59  64    
QSO: 14230 PH 2026-07-19 1126 YO8LVT        59  12     DB8KN         59  24    
END-OF-LOG:
