START-OF-LOG: 2.0
ARRL-SECTION: DX
CALLSIGN: EA1ABT
CLUB: 
CONTEST: EA-MAJESTAD-SSB
CATEGORY: SINGLE-OP 40M
CLAIMED-SCORE: 60264
OPERATORS: EA1ABT
NAME: Luis Segura
CREATED-BY: WinURECon 3.13 (Windows desconocido 64 bits)
QSO:  7000 PH 2016-06-25 1246 EA1ABT        59  S      EA3GCT        59  B
QSO:  7000 PH 2016-06-25 1246 EA1ABT        59  S      EA4FGB        59  CC
QSO:  7000 PH 2016-06-25 1247 EA1ABT        59  S      EA7JYD        59  CO
QSO:  7000 PH 2016-06-25 1248 EA1ABT        59  S      EA1OL         59  LO
QSO:  7000 PH 2016-06-25 1249 EA1ABT        59  S      EA5ICP        59  MU
QSO:  7000 PH 2016-06-25 1249 EA1ABT        59  S      EA4GVA        59  M
QSO:  7000 PH 2016-06-25 1249 EA1ABT        59  S      EA1ENG        59  SA
QSO:  7000 PH 2016-06-25 1250 EA1ABT        59  S      EA3HUX        59  B
QSO:  7000 PH 2016-06-25 1250 EA1ABT        59  S      EA7JKA        59  SE
QSO:  7000 PH 2016-06-25 1252 EA1ABT        59  S      EA7JXZ        59  SE
QSO:  7000 PH 2016-06-25 1252 EA1ABT        59  S      EA2CRK        59  SS
QSO:  7000 PH 2016-06-25 1253 EA1ABT        59  S      EA3HKY        59  B
QSO:  7000 PH 2016-06-25 1253 EA1ABT        59  S      EA3HLM        59  B
QSO:  7000 PH 2016-06-25 1254 EA1ABT        59  S      EA3GJO        59  LE
QSO:  7000 PH 2016-06-25 1254 EA1ABT        59  S      EA7BY         59  SE
QSO:  7000 PH 2016-06-25 1254 EA1ABT        59  S      EA5GMM        59  MU
QSO:  7000 PH 2016-06-25 1254 EA1ABT        59  S      EA2RCH        59  HU
QSO:  7000 PH 2016-06-25 1255 EA1ABT        59  S      EA5ABE        59  AA
QSO:  7000 PH 2016-06-25 1255 EA1ABT        59  S      EA5ICS        59  A
QSO:  7000 PH 2016-06-25 1256 EA1ABT        59  S      EA4CRP        59  BA
QSO:  7000 PH 2016-06-25 1256 EA1ABT        59  S      EA1AUH        59  LO
QSO:  7000 PH 2016-06-25 1253 EA1ABT        59  S      EA4SF         59  TO
QSO:  7000 PH 2016-06-25 1255 EA1ABT        59  S      EA5IMJ        59  A
QSO:  7000 PH 2016-06-25 1306 EA1ABT        59  S      DL4VCV        59  017
QSO:  7000 PH 2016-06-25 1306 EA1ABT        59  S      DF8VV         59  013
QSO:  7000 PH 2016-06-25 1306 EA1ABT        59  S      EA2KV         59  Z
QSO:  7000 PH 2016-06-25 1307 EA1ABT        59  S      EA2QC         59  BI
QSO:  7000 PH 2016-06-25 1308 EA1ABT        59  S      EB5DXJ        59  A
QSO:  7000 PH 2016-06-25 1308 EA1ABT        59  S      EA5EE         59  V
QSO:  7000 PH 2016-06-25 1308 EA1ABT        59  S      EA4GJP        59  BA
QSO:  7000 PH 2016-06-25 1309 EA1ABT        59  S      EA7CQQ        59  V
QSO:  7000 PH 2016-06-25 1309 EA1ABT        59  S      EA4FJX        59  M
QSO:  7000 PH 2016-06-25 1310 EA1ABT        59  S      EA1AHA        59  O
QSO:  7000 PH 2016-06-25 1310 EA1ABT        59  S      EA3FZT        59  B
QSO:  7000 PH 2016-06-25 1311 EA1ABT        59  S      EA6ALH        59  IB
QSO:  7000 PH 2016-06-25 1311 EA1ABT        59  S      EA4ZM         59  BA
QSO:  7000 PH 2016-06-25 1312 EA1ABT        59  S      EA7IQM        59  SE
QSO:  7000 PH 2016-06-25 1313 EA1ABT        59  S      EA7JJK        59  SE
QSO:  7000 PH 2016-06-25 1313 EA1ABT        59  S      EA7JIG        59  MA
QSO:  7000 PH 2016-06-25 1313 EA1ABT        59  S      EA3FNI        59  B
QSO:  7000 PH 2016-06-25 1314 EA1ABT        59  S      EA4GOY        59  TO
QSO:  7000 PH 2016-06-25 1314 EA1ABT        59  S      EA5CMW        59  CS
QSO:  7000 PH 2016-06-25 1315 EA1ABT        59  S      EA7HOU        59  AL
QSO:  7000 PH 2016-06-25 1317 EA1ABT        59  S      EA7QT         59  SE
QSO:  7000 PH 2016-06-25 1317 EA1ABT        59  S      EA5BL         59  CS
QSO:  7000 PH 2016-06-25 1318 EA1ABT        59  S      EA5MB         59  V
QSO:  7000 PH 2016-06-25 1318 EA1ABT        59  S      EA1EN         59  SG
QSO:  7000 PH 2016-06-25 1319 EA1ABT        59  S      EA4DOC        59  CC
QSO:  7000 PH 2016-06-25 1319 EA1ABT        59  S      EA2CE         59  BI
QSO:  7000 PH 2016-06-25 1319 EA1ABT        59  S      EA7GI         59  H
QSO:  7000 PH 2016-06-25 1320 EA1ABT        59  S      EA1FW         59  PO
QSO:  7000 PH 2016-06-25 1320 EA1ABT        59  S      EA5GUQ        59  MU
QSO:  7000 PH 2016-06-25 1322 EA1ABT        59  S      EA3AH         59  LE
QSO:  7000 PH 2016-06-25 1323 EA1ABT        59  S      EA1ARJ        59  O
QSO:  7000 PH 2016-06-25 1323 EA1ABT        59  S      EA7YL         59  MA
QSO:  7000 PH 2016-06-25 1324 EA1ABT        59  S      EA5NB         59  V
QSO:  7000 PH 2016-06-25 1325 EA1ABT        59  S      EA4AQV        59  BA
QSO:  7000 PH 2016-06-25 1328 EA1ABT        59  S      EA1BTG        59  PO
QSO:  7000 PH 2016-06-25 1329 EA1ABT        59  S      EA5GTY        59  V
QSO:  7000 PH 2016-06-25 1329 EA1ABT        59  S      EA1FLQ        59  O
QSO:  7000 PH 2016-06-25 1332 EA1ABT        59  S      EA7CVC        59  AL
QSO:  7000 PH 2016-06-25 1333 EA1ABT        59  S      EA7JWF        59  CO
QSO:  7000 PH 2016-06-25 1334 EA1ABT        59  S      EA5IDG        59  MU
QSO:  7000 PH 2016-06-25 1334 EA1ABT        59  S      EA1AKS        59  S
QSO:  7000 PH 2016-06-25 1335 EA1ABT        59  S      EA1IRT        59  LU
QSO:  7000 PH 2016-06-25 1335 EA1ABT        59  S      DL5LB         59  028
QSO:  7000 PH 2016-06-25 1336 EA1ABT        59  S      EA7JZD        59  MA
QSO:  7000 PH 2016-06-25 1336 EA1ABT        59  S      EA3HQJ        59  B
QSO:  7000 PH 2016-06-25 1337 EA1ABT        59  S      EA5XU         59  V
QSO:  7000 PH 2016-06-25 1337 EA1ABT        59  S      EA3KT         59  B
QSO:  7000 PH 2016-06-25 1339 EA1ABT        59  S      F6FQN         59  002
QSO:  7000 PH 2016-06-25 1341 EA1ABT        59  S      EA5MX         59  CS
QSO:  7000 PH 2016-06-25 1342 EA1ABT        59  S      EC1ALT        59  O
QSO:  7000 PH 2016-06-25 1343 EA1ABT        59  S      EA1DZ         59  O
QSO:  7000 PH 2016-06-25 1343 EA1ABT        59  S      EA4GCJ        59  CR
QSO:  7000 PH 2016-06-25 1343 EA1ABT        59  S      EA5GX         59  CS
QSO:  7000 PH 2016-06-25 1344 EA1ABT        59  S      ED7R          59  CA
QSO:  7000 PH 2016-06-25 1344 EA1ABT        59  S      EA7JSY        59  SE
QSO:  7000 PH 2016-06-25 1344 EA1ABT        59  S      EA5CMP        59  A
QSO:  7000 PH 2016-06-25 1345 EA1ABT        59  S      EA4AAI        59  M
QSO:  7000 PH 2016-06-25 1346 EA1ABT        59  S      EA4GTI        59  M
QSO:  7000 PH 2016-06-25 1347 EA1ABT        59  S      EA5KE         59  V
QSO:  7000 PH 2016-06-25 1347 EA1ABT        59  S      EA5HJO        59  A
QSO:  7000 PH 2016-06-25 1349 EA1ABT        59  S      EE3X          59  B
QSO:  7000 PH 2016-06-25 1350 EA1ABT        59  S      EA5RKO        59  V
QSO:  7000 PH 2016-06-25 1350 EA1ABT        59  S      EA5RCI        59  A
QSO:  7000 PH 2016-06-25 1351 EA1ABT        59  S      EC5NJ         59  V
QSO:  7000 PH 2016-06-25 1351 EA1ABT        59  S      EA2TW         59  BI
QSO:  7000 PH 2016-06-25 1352 EA1ABT        59  S      EA5ES         59  MU
QSO:  7000 PH 2016-06-25 1353 EA1ABT        59  S      EA7KU         59  GR
QSO:  7000 PH 2016-06-25 1354 EA1ABT        59  S      EA5GIL        59  CS
QSO:  7000 PH 2016-06-25 1355 EA1ABT        59  S      EA5HEP        59  A
QSO:  7000 PH 2016-06-25 1355 EA1ABT        59  S      EB3JT         59  B
QSO:  7000 PH 2016-06-25 1357 EA1ABT        59  S      EA5IY         59  CS
QSO:  7000 PH 2016-06-25 1357 EA1ABT        59  S      EA4EUY        59  BA
QSO:  7000 PH 2016-06-25 1358 EA1ABT        59  S      EA2DPS/1      59  S
QSO:  7000 PH 2016-06-25 1359 EA1ABT        59  S      EA5HZZ        59  A
QSO:  7000 PH 2016-06-25 1400 EA1ABT        59  S      ON7BA         59  026
QSO:  7000 PH 2016-06-25 1401 EA1ABT        59  S      S51DX         59  050
QSO:  7000 PH 2016-06-25 1401 EA1ABT        59  S      F8DYD         59  001
QSO:  7000 PH 2016-06-25 1402 EA1ABT        59  S      EA1MV         59  LU
QSO:  7000 PH 2016-06-25 1403 EA1ABT        59  S      EA1CZG        59  C
QSO:  7000 PH 2016-06-25 1404 EA1ABT        59  S      F1BOQ         59  003
QSO:  7000 PH 2016-06-25 1406 EA1ABT        59  S      EA5DNO        59  CS
QSO:  7000 PH 2016-06-25 1407 EA1ABT        59  S      EA7IYF        59  AL
QSO:  7000 PH 2016-06-25 1407 EA1ABT        59  S      DF0RW         59  009
QSO:  7000 PH 2016-06-25 1408 EA1ABT        59  S      ED7B          59  CO
QSO:  7000 PH 2016-06-25 1410 EA1ABT        59  S      EA4FYX        59  M
QSO:  7000 PH 2016-06-25 1413 EA1ABT        59  S      EB1EB         59  S
QSO:  7000 PH 2016-06-25 1413 EA1ABT        59  S      EA7FRX        59  CO
QSO:  7000 PH 2016-06-25 1415 EA1ABT        59  S      EA3PJ         59  B
QSO:  7000 PH 2016-06-25 1416 EA1ABT        59  S      EA3EF         59  T
QSO:  7000 PH 2016-06-25 1417 EA1ABT        59  S      EA7JHV        59  J
QSO:  7000 PH 2016-06-25 1418 EA1ABT        59  S      M0ROF         59  003
QSO:  7000 PH 2016-06-25 1420 EA1ABT        59  S      G3TDH         59  012
QSO:  7000 PH 2016-06-25 1421 EA1ABT        59  S      EA7IOJ        59  GR
QSO:  7000 PH 2016-06-25 1421 EA1ABT        59  S      EA5ERA        59  V
QSO:  7000 PH 2016-06-25 1425 EA1ABT        59  S      EA4IF         59  TO
QSO:  7000 PH 2016-06-25 1425 EA1ABT        59  S      EA3VM         59  B
QSO:  7000 PH 2016-06-25 1427 EA1ABT        59  S      EA7ZY         59  H
QSO:  7000 PH 2016-06-25 1427 EA1ABT        59  S      EA3WX         59  L
QSO:  7000 PH 2016-06-25 1429 EA1ABT        59  S      EA7DGC        59  SE
QSO:  7000 PH 2016-06-25 1432 EA1ABT        59  S      EA5IDH        59  A
QSO:  7000 PH 2016-06-25 1432 EA1ABT        59  S      EA5FGK        59  A
QSO:  7000 PH 2016-06-25 1433 EA1ABT        59  S      EA7EJF        59  GR
QSO:  7000 PH 2016-06-25 1436 EA1ABT        59  S      EA2HE         59  HU
QSO:  7000 PH 2016-06-25 1436 EA1ABT        59  S      EC5ALJ        59  A
QSO:  7000 PH 2016-06-25 1437 EA1ABT        59  S      EB2FAC        59  HU
QSO:  7000 PH 2016-06-25 1437 EA1ABT        59  S      EB4SM         59  CU
QSO:  7000 PH 2016-06-25 1437 EA1ABT        59  S      ED9K          59  CE
QSO:  7000 PH 2016-06-25 1438 EA1ABT        59  S      IW0UWE        59  005
QSO:  7000 PH 2016-06-25 1440 EA1ABT        59  S      EB7HQE        59  J
QSO:  7000 PH 2016-06-25 1441 EA1ABT        59  S      I1APQ         59  002
QSO:  7000 PH 2016-06-25 1442 EA1ABT        59  S      F5NBX         59  007
QSO:  7000 PH 2016-06-25 1443 EA1ABT        59  S      EA5RC         59  CS
QSO:  7000 PH 2016-06-25 1445 EA1ABT        59  S      EB1ITJ        59  Z
QSO:  7000 PH 2016-06-25 1446 EA1ABT        59  S      EA7JKI        59  SE
QSO:  7000 PH 2016-06-25 1446 EA1ABT        59  S      EA5CVS        59  V
QSO:  7000 PH 2016-06-25 1446 EA1ABT        59  S      EA5AWY        59  A
QSO:  7000 PH 2016-06-25 1447 EA1ABT        59  S      EA7IKM        59  GR
QSO:  7000 PH 2016-06-25 1448 EA1ABT        59  S      E71AGA        59  012
QSO:  7000 PH 2016-06-25 1448 EA1ABT        59  S      ED1W          59  C
QSO:  7000 PH 2016-06-25 1449 EA1ABT        59  S      EA5EV         59  MU
QSO:  7000 PH 2016-06-25 1449 EA1ABT        59  S      EA3EVL        59  T
QSO:  7000 PH 2016-06-25 1450 EA1ABT        59  S      EB1DJ         59  C
QSO:  7000 PH 2016-06-25 1452 EA1ABT        59  S      EA5IGO        59  V
QSO:  7000 PH 2016-06-25 1452 EA1ABT        59  S      EA5YT         59  V
QSO:  7000 PH 2016-06-25 1454 EA1ABT        59  S      EA3FGO        59  B
QSO:  7000 PH 2016-06-25 1455 EA1ABT        59  S      EA6SK         59  IB
QSO:  7000 PH 2016-06-25 1456 EA1ABT        59  S      EA5LS         59  V
QSO:  7000 PH 2016-06-25 1457 EA1ABT        59  S      EA7HNE        59  AL
QSO:  7000 PH 2016-06-25 1458 EA1ABT        59  S      EA1AYU        59  C
QSO:  7000 PH 2016-06-25 1459 EA1ABT        59  S      EA5AVW        59  MU
QSO:  7000 PH 2016-06-25 1501 EA1ABT        59  S      EA5DN         59  CS
QSO:  7000 PH 2016-06-25 1502 EA1ABT        59  S      ED1V          59  PO
QSO:  7000 PH 2016-06-25 1503 EA1ABT        59  S      G3PXT         59  038
QSO:  7000 PH 2016-06-25 1504 EA1ABT        59  S      EA4GQR        59  CU
QSO:  7000 PH 2016-06-25 1509 EA1ABT        59  S      EA7JQT        59  SE
QSO:  7000 PH 2016-06-25 1510 EA1ABT        59  S      EA2DDE        59  NA
QSO:  7000 PH 2016-06-25 1511 EA1ABT        59  S      EB5CUZ        59  CS
QSO:  7000 PH 2016-06-25 1511 EA1ABT        59  S      EA7MT         59  GR
QSO:  7000 PH 2016-06-25 1511 EA1ABT        59  S      EA4BXO        59  M
QSO:  7000 PH 2016-06-25 1512 EA1ABT        59  S      EA7AZA        59  CA
QSO:  7000 PH 2016-06-25 1514 EA1ABT        59  S      M0PAR         59  001
QSO:  7000 PH 2016-06-25 1515 EA1ABT        59  S      EA3HWE        59  B
QSO:  7000 PH 2016-06-25 1516 EA1ABT        59  S      EC5AEI        59  A
QSO:  7000 PH 2016-06-25 1517 EA1ABT        59  S      EA5NX         59  V
QSO:  7000 PH 2016-06-25 1518 EA1ABT        59  S      EA7SS         59  SE
QSO:  7000 PH 2016-06-25 1518 EA1ABT        59  S      EA4URG        59  M
QSO:  7000 PH 2016-06-25 1519 EA1ABT        59  S      EA5BO         59  MU
QSO:  7000 PH 2016-06-25 1522 EA1ABT        59  S      I8AZC         59  001
QSO:  7000 PH 2016-06-25 1523 EA1ABT        59  S      EA1HMI        59  S
QSO:  7000 PH 2016-06-25 1544 EA1ABT        59  S      EA7ITL        59  CA
QSO:  7000 PH 2016-06-25 1545 EA1ABT        59  S      EA9IB         59  ML
QSO:  7000 PH 2016-06-25 1546 EA1ABT        59  S      EC5JC         59  A
QSO:  7000 PH 2016-06-25 1550 EA1ABT        59  S      EB5AG         59  A
QSO:  7000 PH 2016-06-25 1551 EA1ABT        59  S      EA1WM         59  S
QSO:  7000 PH 2016-06-25 1554 EA1ABT        59  S      EA7JTT        59  GR
QSO:  7000 PH 2016-06-25 1555 EA1ABT        59  S      EA1WD         59  S
QSO:  7000 PH 2016-06-25 1556 EA1ABT        59  S      EA3HJO        59  B
QSO:  7000 PH 2016-06-25 1558 EA1ABT        59  S      EA7KK         59  SE
QSO:  7000 PH 2016-06-25 1601 EA1ABT        59  S      EA4RCH        59  GU
QSO:  7000 PH 2016-06-25 1602 EA1ABT        59  S      EA2KK         59  BI
QSO:  7000 PH 2016-06-25 1605 EA1ABT        59  S      EA4SE         59  CR
QSO:  7000 PH 2016-06-25 1606 EA1ABT        59  S      EF0F          59  SMR
QSO:  7000 PH 2016-06-25 1609 EA1ABT        59  S      EA5AJX        59  AB
QSO:  7000 PH 2016-06-25 1610 EA1ABT        59  S      EA5JD         59  V
QSO:  7000 PH 2016-06-25 1612 EA1ABT        59  S      EA5ANM        59  MU
QSO:  7000 PH 2016-06-25 1613 EA1ABT        59  S      EA4GQS        59  M
QSO:  7000 PH 2016-06-25 1615 EA1ABT        59  S      EA7BVH        59  MA
QSO:  7000 PH 2016-06-25 1616 EA1ABT        59  S      EA5DAS        59  A
QSO:  7000 PH 2016-06-25 1617 EA1ABT        59  S      EA5AK         59  A
QSO:  7000 PH 2016-06-25 1618 EA1ABT        59  S      EA5YC         59  V
QSO:  7000 PH 2016-06-25 1619 EA1ABT        59  S      EA9QD         59  CE
QSO:  7000 PH 2016-06-25 1620 EA1ABT        59  S      EC5EA         59  A
QSO:  7000 PH 2016-06-25 1622 EA1ABT        59  S      EB4FUY        59  TO
QSO:  7000 PH 2016-06-25 1624 EA1ABT        59  S      ED3S          59  GI
QSO:  7000 PH 2016-06-25 1624 EA1ABT        59  S      EA1AOQ        59  PO
QSO:  7000 PH 2016-06-25 1626 EA1ABT        59  S      EA5DLP        59  CS
QSO:  7000 PH 2016-06-25 1627 EA1ABT        59  S      EA3LM/P       59  Z
QSO:  7000 PH 2016-06-25 1627 EA1ABT        59  S      EF3A          59  T
QSO:  7000 PH 2016-06-25 1628 EA1ABT        59  S      EA2ECY        59  Z
QSO:  7000 PH 2016-06-25 1630 EA1ABT        59  S      EA2RCP        59  NA
QSO:  7000 PH 2016-06-25 1631 EA1ABT        59  S      EA3AHH        59  B
QSO:  7000 PH 2016-06-25 1631 EA1ABT        59  S      EB1ASA        59  O
QSO:  7000 PH 2016-06-25 1633 EA1ABT        59  S      EA2KB         59  ZA
QSO:  7000 PH 2016-06-25 1634 EA1ABT        59  S      EA4BX         59  M
QSO:  7000 PH 2016-06-25 1634 EA1ABT        59  S      ED5P          59  A
QSO:  7000 PH 2016-06-25 1636 EA1ABT        59  S      EC1YL         59  PO
QSO:  7000 PH 2016-06-25 1637 EA1ABT        59  S      EA4AXM        59  M
QSO:  7000 PH 2016-06-25 1638 EA1ABT        59  S      EC5KY         59  CS
QSO:  7000 PH 2016-06-25 1640 EA1ABT        59  S      EA4BA         59  M
QSO:  7000 PH 2016-06-25 1644 EA1ABT        59  S      F4BVK         59  014
QSO:  7000 PH 2016-06-25 1646 EA1ABT        59  S      EA4ALK        59  CU
QSO:  7000 PH 2016-06-25 1646 EA1ABT        59  S      EA2LMI        59  NA
QSO:  7000 PH 2016-06-25 1646 EA1ABT        59  S      EE5O          59  A
QSO:  7000 PH 2016-06-25 1648 EA1ABT        59  S      EA1AJV        59  PO
QSO:  7000 PH 2016-06-25 1650 EA1ABT        59  S      DG3HWO/M      59  001
QSO:  7000 PH 2016-06-25 1652 EA1ABT        59  S      EA7EPF        59  MA
QSO:  7000 PH 2016-06-25 1653 EA1ABT        59  S      EA2EZ         59  Z
QSO:  7000 PH 2016-06-25 1655 EA1ABT        59  S      EA7BUU        59  SE
QSO:  7000 PH 2016-06-25 1656 EA1ABT        59  S      TM2F          59  140
QSO:  7000 PH 2016-06-25 1657 EA1ABT        59  S      EA5HW         59  A
QSO:  7000 PH 2016-06-25 1658 EA1ABT        59  S      EA1IMO        59  C
QSO:  7000 PH 2016-06-25 1658 EA1ABT        59  S      ED7O          59  J
QSO:  7000 PH 2016-06-25 1700 EA1ABT        59  S      EA5INB        59  V
QSO:  7000 PH 2016-06-25 1701 EA1ABT        59  S      EC7AT         59  AL
QSO:  7000 PH 2016-06-25 1701 EA1ABT        59  S      EG2SMR        59  NA
QSO:  7000 PH 2016-06-25 1704 EA1ABT        59  S      EA1XT         59  C
QSO:  7000 PH 2016-06-25 1707 EA1ABT        59  S      DM7DX         59  043
QSO:  7000 PH 2016-06-25 1709 EA1ABT        59  S      EA3EYO        59  B
QSO:  7000 PH 2016-06-25 1710 EA1ABT        59  S      PA0EMO        59  038
QSO:  7000 PH 2016-06-25 1714 EA1ABT        59  S      EA7OM         59  J
QSO:  7000 PH 2016-06-25 1715 EA1ABT        59  S      EE5T          59  V
QSO:  7000 PH 2016-06-25 1720 EA1ABT        59  S      EA1GOI        59  SA
QSO:  7000 PH 2016-06-25 1721 EA1ABT        59  S      EB5KT         59  V
QSO:  7000 PH 2016-06-25 1723 EA1ABT        59  S      EA5XC         59  A
QSO:  7000 PH 2016-06-25 1732 EA1ABT        59  S      EA1HVY        59  A
QSO:  7000 PH 2016-06-25 1733 EA1ABT        59  S      EA3QP         59  B
QSO:  7000 PH 2016-06-25 1734 EA1ABT        59  S      EA5IMM        59  CS
QSO:  7000 PH 2016-06-25 1734 EA1ABT        59  S      EA5GM         59  MU
QSO:  7000 PH 2016-06-25 1735 EA1ABT        59  S      EA1AYT        59  BU
QSO:  7000 PH 2016-06-25 1743 EA1ABT        59  S      EA1MI         59  SG
QSO:  7000 PH 2016-06-25 1746 EA1ABT        59  S      CN8MAA        59  083
QSO:  7000 PH 2016-06-25 1747 EA1ABT        59  S      EA3EER        59  B
QSO:  7000 PH 2016-06-25 1756 EA1ABT        59  S      OK8DD         59  052
QSO:  7000 PH 2016-06-25 1759 EA1ABT        59  S      E73EKK        59  077
QSO:  7000 PH 2016-06-25 1801 EA1ABT        59  S      HB9FVF        59  001
QSO:  7000 PH 2016-06-25 1804 EA1ABT        59  S      EA1IFV        59  ZA
QSO:  7000 PH 2016-06-25 1805 EA1ABT        59  S      IZ5WTV        59  032
QSO:  7000 PH 2016-06-25 1805 EA1ABT        59  S      EA4EUG        59  M
QSO:  7000 PH 2016-06-25 1806 EA1ABT        59  S      EB8AWV        59  TF
QSO:  7000 PH 2016-06-25 1809 EA1ABT        59  S      IK8UND        59  217
QSO:  7000 PH 2016-06-25 1810 EA1ABT        59  S      DJ8XW/M       59  007
QSO:  7000 PH 2016-06-25 1811 EA1ABT        59  S      EA2BD         59  V
QSO:  7000 PH 2016-06-25 1812 EA1ABT        59  S      EA1ZC         59  VA
QSO:  7000 PH 2016-06-25 1815 EA1ABT        59  S      GW4BZD        59  005
QSO:  7000 PH 2016-06-25 1816 EA1ABT        59  S      EA1ZW         59  VA
QSO:  7000 PH 2016-06-25 1821 EA1ABT        59  S      EA7EQC        59  CO
QSO:  7000 PH 2016-06-25 1823 EA1ABT        59  S      PI4AMF        59  188
QSO:  7000 PH 2016-06-25 1825 EA1ABT        59  S      LZ7A          59  053
QSO:  7000 PH 2016-06-25 1828 EA1ABT        59  S      EB5AD         59  A
QSO:  7000 PH 2016-06-25 1831 EA1ABT        59  S      F5VLY         59  032
QSO:  7000 PH 2016-06-25 1834 EA1ABT        59  S      LZ5K          59  009
QSO:  7000 PH 2016-06-25 1837 EA1ABT        59  S      UA3VFS        59  153
QSO:  7000 PH 2016-06-25 1839 EA1ABT        59  S      9A3B          59  400
QSO:  7000 PH 2016-06-25 1840 EA1ABT        59  S      EA1AA         59  S
QSO:  7000 PH 2016-06-25 1841 EA1ABT        59  S      EA7AEC        59  CO
QSO:  7000 PH 2016-06-25 1842 EA1ABT        59  S      EA8CRX        59  TF
QSO:  7000 PH 2016-06-25 1844 EA1ABT        59  S      US5QUB        59  059
QSO:  7000 PH 2016-06-25 1846 EA1ABT        59  S      G4PQI         59  003
QSO:  7000 PH 2016-06-25 1939 EA1ABT        59  S      EA2JE         59  NA
QSO:  7000 PH 2016-06-25 1942 EA1ABT        59  S      EA7JYW        59  CA
QSO:  7000 PH 2016-06-25 1944 EA1ABT        59  S      IK8YFW        59  013
QSO:  7000 PH 2016-06-25 1945 EA1ABT        59  S      EA4DXP        59  TO
QSO:  7000 PH 2016-06-25 1947 EA1ABT        59  S      CR5U          59  063
QSO:  7000 PH 2016-06-25 1947 EA1ABT        59  S      EA2AGW        59  HU
QSO:  7000 PH 2016-06-25 1948 EA1ABT        59  S      I4VIL         59  110
QSO:  7000 PH 2016-06-25 1949 EA1ABT        59  S      ON3GEO        59  008
QSO:  7000 PH 2016-06-25 1950 EA1ABT        59  S      EA2DCD        59  BI
QSO:  7000 PH 2016-06-25 1953 EA1ABT        59  S      ON3IA         59  001
QSO:  7000 PH 2016-06-25 1954 EA1ABT        59  S      DF8AE         59  001
QSO:  7000 PH 2016-06-25 1955 EA1ABT        59  S      EA3HWC        59  B
QSO:  7000 PH 2016-06-25 1956 EA1ABT        59  S      EA2NS         59  NA
QSO:  7000 PH 2016-06-25 1957 EA1ABT        59  S      EA8OV         59  TF
QSO:  7000 PH 2016-06-25 1958 EA1ABT        59  S      PA3EPX        59  009
QSO:  7000 PH 2016-06-25 1959 EA1ABT        59  S      I2BZN         59  046
QSO:  7000 PH 2016-06-25 2000 EA1ABT        59  S      EA7HHK        59  AL
QSO:  7000 PH 2016-06-25 2001 EA1ABT        59  S      RY6Y          59  403
QSO:  7000 PH 2016-06-25 2001 EA1ABT        59  S      PA0OKC        59  001
QSO:  7000 PH 2016-06-25 2002 EA1ABT        59  S      YT0T          59  233
QSO:  7000 PH 2016-06-25 2003 EA1ABT        59  S      CT1ELF        59  034
QSO:  7000 PH 2016-06-25 2004 EA1ABT        59  S      EA8DAU        59  GC
QSO:  7000 PH 2016-06-25 2005 EA1ABT        59  S      EA5IGV        59  V
QSO:  7000 PH 2016-06-25 2005 EA1ABT        59  S      F4GVE         59  043
QSO:  7000 PH 2016-06-25 2008 EA1ABT        59  S      PA3EPA        59  009
QSO:  7000 PH 2016-06-25 2009 EA1ABT        59  S      EA9PD         59  CE
QSO:  7000 PH 2016-06-25 2011 EA1ABT        59  S      IU1GAX        59  001
QSO:  7000 PH 2016-06-25 2013 EA1ABT        59  S      DN2OKP        59  007
QSO:  7000 PH 2016-06-25 2013 EA1ABT        59  S      EB3CW         59  B
QSO:  7000 PH 2016-06-25 2015 EA1ABT        59  S      EA8CZC        59  GC
QSO:  7000 PH 2016-06-25 2016 EA1ABT        59  S      IZ1ERW        59  005
QSO:  7000 PH 2016-06-25 2017 EA1ABT        59  S      DK6QW         59  036
QSO:  7000 PH 2016-06-25 2029 EA1ABT        59  S      EC5CR         59  V
QSO:  7000 PH 2016-06-25 2033 EA1ABT        59  S      F6GPT         59  103
QSO:  7000 PH 2016-06-25 2036 EA1ABT        59  S      HA4XH         59  490
QSO:  7000 PH 2016-06-25 2038 EA1ABT        59  S      SP7SEW        59  125
QSO:  7000 PH 2016-06-25 2040 EA1ABT        59  S      EA8OW         59  TF
QSO:  7000 PH 2016-06-25 2041 EA1ABT        59  S      9A3NM         59  113
QSO:  7000 PH 2016-06-25 2043 EA1ABT        59  S      EA1GAR        59  PO
QSO:  7000 PH 2016-06-25 2045 EA1ABT        59  S      IZ0TWS        59  042
QSO:  7000 PH 2016-06-25 2046 EA1ABT        59  S      OH4BNP        59  053
QSO:  7000 PH 2016-06-25 2048 EA1ABT        59  S      IV3UHL        59  347
QSO:  7000 PH 2016-06-25 2048 EA1ABT        59  S      PC4H          59  062
QSO:  7000 PH 2016-06-25 2048 EA1ABT        59  S      EA8ACW        59  GC
QSO:  7000 PH 2016-06-25 2051 EA1ABT        59  S      S57JP         59  002
QSO:  7000 PH 2016-06-25 2052 EA1ABT        59  S      IZ6CRK        59  020
QSO:  7000 PH 2016-06-25 2053 EA1ABT        59  S      M0WLY         59  025
QSO:  7000 PH 2016-06-25 2054 EA1ABT        59  S      DC7BWP        59  014
QSO:  7000 PH 2016-06-25 2056 EA1ABT        59  S      R7NP          59  076
QSO:  7000 PH 2016-06-25 2057 EA1ABT        59  S      DC7DWP        59  013
QSO:  7000 PH 2016-06-25 2057 EA1ABT        59  S      PA1DI         59  042
QSO:  7000 PH 2016-06-25 2059 EA1ABT        59  S      TA4AKS        59  090
QSO:  7000 PH 2016-06-25 2059 EA1ABT        59  S      EA8DCI        59  GC
QSO:  7000 PH 2016-06-25 2100 EA1ABT        59  S      RK3Y          59  038
QSO:  7000 PH 2016-06-25 2101 EA1ABT        59  S      IK4DCX        59  090
QSO:  7000 PH 2016-06-25 2102 EA1ABT        59  S      LZ1DM         59  159
QSO:  7000 PH 2016-06-25 2103 EA1ABT        59  S      DL2SWR        59  114
QSO:  7000 PH 2016-06-25 2103 EA1ABT        59  S      F4GTD         59  007
QSO:  7000 PH 2016-06-25 2104 EA1ABT        59  S      ES5TF/2       59  034
QSO:  7000 PH 2016-06-25 2106 EA1ABT        59  S      ZS6ON         59  002
QSO:  7000 PH 2016-06-25 2107 EA1ABT        59  S      RD1AH         59  085
QSO:  7000 PH 2016-06-25 2107 EA1ABT        59  S      UR4RWW        59  094
QSO:  7000 PH 2016-06-25 2109 EA1ABT        59  S      UA6LN         59  100
QSO:  7000 PH 2016-06-25 2110 EA1ABT        59  S      EA8URG        59  TF
QSO:  7000 PH 2016-06-25 2110 EA1ABT        59  S      UT2T          59  018
QSO:  7000 PH 2016-06-25 2111 EA1ABT        59  S      SV5DKL        59  148
QSO:  7000 PH 2016-06-25 2112 EA1ABT        59  S      M1SKA         59  003
QSO:  7000 PH 2016-06-25 2112 EA1ABT        59  S      EA8CJ         59  TF
QSO:  7000 PH 2016-06-25 2113 EA1ABT        59  S      DF6RI         59  042
QSO:  7000 PH 2016-06-25 2114 EA1ABT        59  S      ON4CBN        59  055
QSO:  7000 PH 2016-06-25 2115 EA1ABT        59  S      PA3GDG        59  046
QSO:  7000 PH 2016-06-25 2116 EA1ABT        59  S      OH1TD         59  224
QSO:  7000 PH 2016-06-25 2118 EA1ABT        59  S      TA2ACW        59  015
QSO:  7000 PH 2016-06-25 2119 EA1ABT        59  S      M0MCX         59  003
QSO:  7000 PH 2016-06-25 2119 EA1ABT        59  S      OM7AB         59  093
QSO:  7000 PH 2016-06-25 2120 EA1ABT        59  S      DL9KG         59  007
QSO:  7000 PH 2016-06-25 2137 EA1ABT        59  S      YO9AGI        59  093
QSO:  7000 PH 2016-06-25 2139 EA1ABT        59  S      TA3APS        59  041
QSO:  7000 PH 2016-06-25 2144 EA1ABT        59  S      RK3AW         59  415
QSO:  7000 PH 2016-06-25 2146 EA1ABT        59  S      ZW8T          59  117
QSO:  7000 PH 2016-06-25 2149 EA1ABT        59  S      GB2GP         59  276
QSO:  7000 PH 2016-06-25 2156 EA1ABT        59  S      F1ADG         59  023
QSO:  7000 PH 2016-06-25 2301 EA1ABT        59  S      IZ8JFL        59  094
QSO:  7000 PH 2016-06-26 0715 EA1ABT        59  S      EA3NN         59  T
QSO:  7000 PH 2016-06-26 0717 EA1ABT        59  S      EA1IDU        59  BU
QSO:  7000 PH 2016-06-26 0721 EA1ABT        59  S      IK1RAE        59  020
QSO:  7000 PH 2016-06-26 0722 EA1ABT        59  S      EA8JT         59  TF
QSO:  7000 PH 2016-06-26 0724 EA1ABT        59  S      PE1CUP        59  001
QSO:  7000 PH 2016-06-26 0724 EA1ABT        59  S      EA4GOK        59  M
QSO:  7000 PH 2016-06-26 0726 EA1ABT        59  S      IU1GAQ        59  001
QSO:  7000 PH 2016-06-26 0732 EA1ABT        59  S      EA4FLY        59  CR
QSO:  7000 PH 2016-06-26 0733 EA1ABT        59  S      EA1PS         59  VA
QSO:  7000 PH 2016-06-26 0733 EA1ABT        59  S      EA1DFQ        59  LO
QSO:  7000 PH 2016-06-26 0734 EA1ABT        59  S      DC8XV         59  003
QSO:  7000 PH 2016-06-26 0736 EA1ABT        59  S      DJ1ND         59  006
QSO:  7000 PH 2016-06-26 0738 EA1ABT        59  S      EA1IIY        59  PO
QSO:  7000 PH 2016-06-26 0738 EA1ABT        59  S      EA5EJ         59  A
QSO:  7000 PH 2016-06-26 0739 EA1ABT        59  S      EA3GXA        59  B
QSO:  7000 PH 2016-06-26 0740 EA1ABT        59  S      EA4EUI        59  M
QSO:  7000 PH 2016-06-26 0742 EA1ABT        59  S      EA5AQB        59  A
QSO:  7000 PH 2016-06-26 0745 EA1ABT        59  S      EA4FH         59  M
QSO:  7000 PH 2016-06-26 0746 EA1ABT        59  S      EA8UX         59  TF
QSO:  7000 PH 2016-06-26 0800 EA1ABT        59  S      EA5FV/P       59  MU
QSO:  7000 PH 2016-06-26 0807 EA1ABT        59  S      EA1UR         59  C
QSO:  7000 PH 2016-06-26 0808 EA1ABT        59  S      EA4HD         59  M
QSO:  7000 PH 2016-06-26 0819 EA1ABT        59  S      EA4CFT        59  M
QSO:  7000 PH 2016-06-26 0821 EA1ABT        59  S      EA5HYN        59  MU
QSO:  7000 PH 2016-06-26 0823 EA1ABT        59  S      EA7CJN        59  J
QSO:  7000 PH 2016-06-26 0828 EA1ABT        59  S      EA3HVE        59  T
QSO:  7000 PH 2016-06-26 0830 EA1ABT        59  S      EA1GCR        59  O
QSO:  7000 PH 2016-06-26 0831 EA1ABT        59  S      F5JFU         59  274
QSO:  7000 PH 2016-06-26 0834 EA1ABT        59  S      EA1CBX        59  PO
QSO:  7000 PH 2016-06-26 0836 EA1ABT        59  S      IW0QO         59  005
QSO:  7000 PH 2016-06-26 0837 EA1ABT        59  S      EA2EGK        59  VI
QSO:  7000 PH 2016-06-26 0837 EA1ABT        59  S      EB1EMP        59  C
QSO:  7000 PH 2016-06-26 0840 EA1ABT        59  S      EA5IIK        59  CS
QSO:  7000 PH 2016-06-26 0844 EA1ABT        59  S      F6IHY         59  003
QSO:  7000 PH 2016-06-26 0844 EA1ABT        59  S      DL1NKS        59  171
QSO:  7000 PH 2016-06-26 0845 EA1ABT        59  S      EA3ARP        59  B
QSO:  7000 PH 2016-06-26 0848 EA1ABT        59  S      IK2HTY        59  103
QSO:  7000 PH 2016-06-26 0848 EA1ABT        59  S      EA1BH         59  O
QSO:  7000 PH 2016-06-26 0850 EA1ABT        59  S      IK2SAR        59  003
QSO:  7000 PH 2016-06-26 0852 EA1ABT        59  S      EA5IFL        59  A
QSO:  7000 PH 2016-06-26 0852 EA1ABT        59  S      C31CT         59  011
QSO:  7000 PH 2016-06-26 0854 EA1ABT        59  S      EB1DMQ        59  O
QSO:  7000 PH 2016-06-26 0855 EA1ABT        59  S      EA7JMI        59  J
QSO:  7000 PH 2016-06-26 0855 EA1ABT        59  S      IK1BPL        59  050
QSO:  7000 PH 2016-06-26 0858 EA1ABT        59  S      PF1MO         59  112
QSO:  7000 PH 2016-06-26 0904 EA1ABT        59  S      EA4TD         59  M
QSO:  7000 PH 2016-06-26 0913 EA1ABT        59  S      EA1HUO/5      59  CS
QSO:  7000 PH 2016-06-26 0915 EA1ABT        59  S      EA3FOA        59  B
QSO:  7000 PH 2016-06-26 0915 EA1ABT        59  S      F1UBA         59  110
QSO:  7000 PH 2016-06-26 0917 EA1ABT        59  S      EA1EWY        59  O
QSO:  7000 PH 2016-06-26 0918 EA1ABT        59  S      EA3GBA        59  B
QSO:  7000 PH 2016-06-26 0920 EA1ABT        59  S      EA1WX         59  O
QSO:  7000 PH 2016-06-26 0926 EA1ABT        59  S      EA1IMQ        59  C
QSO:  7000 PH 2016-06-26 0927 EA1ABT        59  S      EA4UT         59  M
QSO:  7000 PH 2016-06-26 0931 EA1ABT        59  S      ON8MA         59  009
QSO:  7000 PH 2016-06-26 0932 EA1ABT        59  S      EA5FGJ        59  A
QSO:  7000 PH 2016-06-26 0940 EA1ABT        59  S      EF5T          59  MU
QSO:  7000 PH 2016-06-26 0952 EA1ABT        59  S      EA1GLE        59  BU
QSO:  7000 PH 2016-06-26 1014 EA1ABT        59  S      EA4AMS        59  M
QSO:  7000 PH 2016-06-26 1024 EA1ABT        59  S      EA2AHP        59  BI
QSO:  7000 PH 2016-06-26 1029 EA1ABT        59  S      EA2MA         59  NA
QSO:  7000 PH 2016-06-26 1031 EA1ABT        59  S      EB2AM         59  BI
QSO:  7000 PH 2016-06-26 1037 EA1ABT        59  S      EA1DMP        59  AV
QSO:  7000 PH 2016-06-26 1043 EA1ABT        59  S      EA7IZZ        59  CA
QSO:  7000 PH 2016-06-26 1052 EA1ABT        59  S      EA7ANC        59  GR
QSO:  7000 PH 2016-06-26 1055 EA1ABT        59  S      EA1FCH        59  LU
QSO:  7000 PH 2016-06-26 1101 EA1ABT        59  S      EA2RW         59  VI
QSO:  7000 PH 2016-06-26 1110 EA1ABT        59  S      EA5HOP        59  A
QSO:  7000 PH 2016-06-26 1123 EA1ABT        59  S      EA1IEH        59  SO
QSO:  7000 PH 2016-06-26 1129 EA1ABT        59  S      EF2H          59  HU
QSO:  7000 PH 2016-06-26 1130 EA1ABT        59  S      EA5GPJ        59  A
QSO:  7000 PH 2016-06-26 1133 EA1ABT        59  S      EA3HPB        59  B
QSO:  7000 PH 2016-06-26 1134 EA1ABT        59  S      OZ9V          59  014
QSO:  7000 PH 2016-06-26 1140 EA1ABT        59  S      EA2DJZ        59  Z
QSO:  7000 PH 2016-06-26 1142 EA1ABT        59  S      DG1EA         59  431
QSO:  7000 PH 2016-06-26 1143 EA1ABT        59  S      EB5BHC        59  V
QSO:  7000 PH 2016-06-26 1147 EA1ABT        59  S      EA7PSD        59  CO
QSO:  7000 PH 2016-06-26 1154 EA1ABT        59  S      EA5FIV        59  A
QSO:  7000 PH 2016-06-26 1155 EA1ABT        59  S      F1EOY         59  007
END-OF-LOG: 



