START-OF-LOG: 2.0
ARRL-SECTION: DX
CALLSIGN: PA1DI
CLUB: 40
CONTEST: EA-MAJESTAD-SSB
CATEGORY: SINGLE-OP ALL LOW
CLAIMED-SCORE: 4633
OPERATORS: PA1DI
NAME: DICK DE GOEDE
CREATED-BY: N1MM Logger+ 1.0.5752.0
QSO: 14225 PH 2016-06-25 1201 PA1DI         59  001    S57DX         59  4        
QSO: 14150 PH 2016-06-25 1212 PA1DI         59  002    EB3CW         59  B        
QSO: 14150 PH 2016-06-25 1216 PA1DI         59  003    RK3AW         59  15       
QSO: 14150 PH 2016-06-25 1237 PA1DI         59  004    PD7DX         59  59       
QSO: 14150 PH 2016-06-25 1240 PA1DI         59  005    OH1TD         59  32       
QSO: 28000 PH 2016-06-25 1250 PA1DI         59  006    EF0F          59  SMR      
QSO: 14150 PH 2016-06-25 1306 PA1DI         59  007    F6DRP         59  36       
QSO: 14150 PH 2016-06-25 1322 PA1DI         59  008    EA5GX         59  CS       
QSO: 14150 PH 2016-06-25 1333 PA1DI         59  009    EA1FCH        59  LU       
QSO: 14150 PH 2016-06-25 1435 PA1DI         59  010    UA5C          59  139      
QSO: 14150 PH 2016-06-25 1437 PA1DI         59  011    9A3B          59  194      
QSO: 14150 PH 2016-06-25 1453 PA1DI         59  012    EF0F          59  SMR      
QSO: 14150 PH 2016-06-25 1500 PA1DI         59  013    US5D          59  183      
QSO: 14150 PH 2016-06-25 1506 PA1DI         59  014    EA7ANC        59  GR       
QSO: 14150 PH 2016-06-25 1513 PA1DI         59  015    RO3G          59  37       
QSO: 14150 PH 2016-06-25 1543 PA1DI         59  016    EC7WA         59  H        
QSO: 14150 PH 2016-06-25 1651 PA1DI         59  017    9A7C          59  72       
QSO: 14150 PH 2016-06-25 1658 PA1DI         59  018    IK3UNA/1      59  265      
QSO: 14150 PH 2016-06-25 1706 PA1DI         59  019    EA5IDQ        59  A        
QSO: 14150 PH 2016-06-25 1715 PA1DI         59  020    EE5T          59  V        
QSO: 14150 PH 2016-06-25 1720 PA1DI         A   021    EA7ATX        59  C        
QSO: 14150 PH 2016-06-25 1729 PA1DI         59  022    EG2SMR        59  NA       
QSO: 14150 PH 2016-06-25 1735 PA1DI         59  023    EA2RCP        59  NA       
QSO: 14150 PH 2016-06-25 1741 PA1DI         59  024    EA4RCH        59  GU       
QSO: 14150 PH 2016-06-25 1748 PA1DI         59  025    EA9IB         59  ML       
QSO: 14150 PH 2016-06-25 1759 PA1DI         59  026    ED7R          59  CA       
QSO: 14150 PH 2016-06-25 1800 PA1DI         59  027    EA3FF         59  L        
QSO: 14150 PH 2016-06-25 1803 PA1DI         59  028    EA7ITL        59  CA       
QSO: 14150 PH 2016-06-25 1813 PA1DI         59  029    ES5QD         59  486      
QSO: 14150 PH 2016-06-25 1946 PA1DI         59  030    TA3GO         59  77       
QSO: 14150 PH 2016-06-25 1951 PA1DI         59  031    IV3UHL        59  304      
QSO: 14150 PH 2016-06-25 1954 PA1DI         59  032    EA5EJ         59  A        
QSO: 14150 PH 2016-06-25 2000 PA1DI         59  033    IU3BTY        59  199      
QSO: 14150 PH 2016-06-25 2006 PA1DI         59  034    F5JFU         59  147      
QSO: 14150 PH 2016-06-25 2010 PA1DI         59  035    EA5EE         59  V        
QSO: 14150 PH 2016-06-25 2017 PA1DI         59  036    R7CA          59  93       
QSO: 14150 PH 2016-06-25 2022 PA1DI         59  037    LZ7A          59  254      
QSO:  7127 PH 2016-06-25 2041 PA1DI         59  038    F5NBX         59  102      
QSO:  7127 PH 2016-06-25 2045 PA1DI         59  039    HA3MY         59  360      
QSO:  7127 PH 2016-06-25 2048 PA1DI         59  040    EA1PS         59  VA       
QSO:  7127 PH 2016-06-25 2055 PA1DI         59  041    S51DX         59  328      
QSO:  7127 PH 2016-06-25 2057 PA1DI         59  042    EA1ABT        59  S        
QSO: 14150 PH 2016-06-26 0530 PA1DI         59  043    5B4AIF        59  927      
QSO: 14150 PH 2016-06-26 0532 PA1DI         59  044    EA3HJO        59  B        
QSO: 14150 PH 2016-06-26 0538 PA1DI         59  045    HA4XH         59  668      
QSO:  7127 PH 2016-06-26 0547 PA1DI         59  046    EA1FE         59  BU       
QSO: 14150 PH 2016-06-26 0630 PA1DI         59  047    EB2AM         59  BI       
QSO: 14150 PH 2016-06-26 0633 PA1DI         59  048    EA2LMI        59  NA       
QSO: 14150 PH 2016-06-26 0658 PA1DI         59  049    M6BIR         59  115      
QSO: 14150 PH 2016-06-26 0813 PA1DI         59  050    HG6V          59  272      
QSO: 28000 PH 2016-06-26 0825 PA1DI         59  051    ED7O          59  J        
QSO: 28000 PH 2016-06-26 0843 PA1DI         59  052    IZ8EPX        59  38       
QSO: 28000 PH 2016-06-26 0846 PA1DI         59  053    EA1FCH        59  LU       
QSO: 28000 PH 2016-06-26 0857 PA1DI         59  054    EB3CW         59  B        
QSO: 21200 PH 2016-06-26 0908 PA1DI         59  055    EA3HJO        59  B        
END-OF-LOG:
