START-OF-LOG: 3.0
CREATED-BY: vhfmanager-downloader
CONTEST: WW_PMC
CALLSIGN: M6EAM
CATEGORY: ALL - All bands low power SSB
CATEGORY-OPERATOR: SINGLE-OP
CATEGORY-ASSISTED: NON-ASSISTED
CATEGORY-TRANSMITTER: ONE
CATEGORY-STATION: FIXED
QSO: 14000 PH 2015-01-03 1245 M6EAM         59  14         YP0C          59  20        
QSO: 14000 PH 2015-01-03 1249 M6EAM         59  14         OH6ECM        59  15        
QSO: 14000 PH 2015-01-03 1301 M6EAM         59  14         PE2AE         59  14        
QSO: 14000 PH 2015-01-03 1305 M6EAM         59  14         S51DI         59  15        
QSO: 14000 PH 2015-01-03 1307 M6EAM         59  14         S57PM         59  15        
QSO: 14000 PH 2015-01-03 1315 M6EAM         59  14         DG1EA         59  14        
QSO: 21000 PH 2015-01-03 1327 M6EAM         59  14         YP0C          59  20        
QSO: 21000 PH 2015-01-03 1330 M6EAM         59  14         UA1AFT        59  SPE*      
QSO: 14000 PH 2015-01-03 1342 M6EAM         59  14         E79D          59  SAR*      
QSO: 14000 PH 2015-01-03 1347 M6EAM         59  14         S52DK         59  15        
QSO: 21000 PH 2015-01-03 1358 M6EAM         59  14         S56B          59  LJA*      
QSO: 21000 PH 2015-01-03 1404 M6EAM         59  14         S53F          59  15        
QSO: 21000 PH 2015-01-03 1408 M6EAM         59  14         OH1B          59  15        
QSO: 21000 PH 2015-01-03 1416 M6EAM         59  14         9A5N          59  ZGB*      
QSO: 21000 PH 2015-01-03 1418 M6EAM         59  14         S52DK         59  15        
QSO: 14000 PH 2015-01-03 1431 M6EAM         59  14         S59N          59  15        
QSO: 14000 PH 2015-01-03 1435 M6EAM         59  14         PA0AGA        59  14        
QSO: 14000 PH 2015-01-03 1438 M6EAM         59  14         RW3AI         59  MOS*      
QSO: 14000 PH 2015-01-03 1440 M6EAM         59  14         OH1B          59  15        
QSO: 21000 PH 2015-01-03 1450 M6EAM         59  14         S52WW         59  15        
QSO: 14000 PH 2015-01-03 1458 M6EAM         59  14         S59DCD        59  SLG*      
QSO: 14000 PH 2015-01-03 1512 M6EAM         59  14         S56B          59  LJA*      
QSO: 14000 PH 2015-01-03 1516 M6EAM         59  14         S52WW         59  15        
QSO: 14000 PH 2015-01-03 1518 M6EAM         59  14         YT1A          59  15        
QSO: 14000 PH 2015-01-03 1525 M6EAM         59  14         S53F          59  15        
QSO: 14000 PH 2015-01-03 1527 M6EAM         59  14         UR5TEX        59  16        
QSO: 14000 PH 2015-01-03 1536 M6EAM         59  14         S53Q          59  SLG       
QSO: 14000 PH 2015-01-03 1558 M6EAM         59  14         OE3MCS/M      59  WIE*      
QSO: 14000 PH 2015-01-04 0752 M6EAM         59  14         S57PKT        59  SLG       
QSO: 14000 PH 2015-01-04 0758 M6EAM         59  14         S56WYB        59  15        
QSO: 14000 PH 2015-01-04 0803 M6EAM         59  14         YU1AGA        59  KRU*      
END-OF-LOG:
