START-OF-LOG: 3.0
CREATED-BY: reconstructed-log-builder
CONTEST: FD CW
CALLSIGN: IK4DRU
LOCATION: 
CATEGORY: CHECKLOG
CATEGORY-OPERATOR: SINGLE-OP
CATEGORY-BAND: ALL
CATEGORY-MODE: MIXED
CATEGORY-POWER: UNKNOWN
CATEGORY-ASSISTED: NON-ASSISTED
CATEGORY-TRANSMITTER: ONE
CATEGORY-STATION: UNKNOWN
CATEGORY-OVERLAY: 
OPERATORS: IK4DRU
CLAIMED-SCORE: 
CLUB: 
NAME: 
SOAPBOX: RECONSTRUCTED MOCKUP LOG - NOT AN OFFICIAL SUBMISSION.
SOAPBOX: Derived from submitted logs for FD CW DARC/Fieldday/CW/2024.
QSO:  7000 CW 2024-06-01 1701 IK4DRU        599 001 DK0OD/P       599 084
QSO:  7000 CW 2024-06-01 1704 IK4DRU        599 002 DM5B/P        599 041
QSO:  7021 CW 2024-06-01 1707 IK4DRU        599 005 DF0VK/P       599 0142
QSO:  7016 CW 2024-06-01 1710 IK4DRU        599 0003 DL0HN/P       599 0149
QSO:  7000 CW 2024-06-01 1712 IK4DRU        599 004 DK0FR/P       599 121
QSO:  7000 CW 2024-06-01 1719 IK4DRU        599 006 DA0M/P        599 101
QSO:  7000 CW 2024-06-01 1721 IK4DRU        599 0007 DF0SX/P       599 0146
QSO:  7000 CW 2024-06-01 1727 IK4DRU        599 9 DK0RA/P       599 140
QSO:  7020 CW 2024-06-01 1958 IK4DRU        599 010 DL0CS/P       599 0266
QSO:  7022 CW 2024-06-01 2002 IK4DRU        599 0011 S57WX/P       599 0324
QSO:  7029 CW 2024-06-01 2008 IK4DRU        599 012 DL0XM/P       599 0302
QSO:  7151 CW 2024-06-01 2010 IK4DRU        599 013 EI1E/P        599 0313
QSO:  7032 CW 2024-06-01 2014 IK4DRU        599 014 DL7A/P        599 316
QSO:  7001 CW 2024-06-01 2019 IK4DRU        599 0015 LZ2KSB/P      599 0474
QSO:  7003 CW 2024-06-01 2027 IK4DRU        599 16 HB9AW/P       599 290
QSO:  7005 CW 2024-06-01 2028 IK4DRU        599 017 OK5TFC        599 072
QSO:  7016 CW 2024-06-01 2218 IK4DRU        599 0030 DA0VN/P       599 0272
QSO:  7019 CW 2024-06-01 2219 IK4DRU        599 021 OK1OA         599 187
QSO:  3500 CW 2024-06-01 2226 IK4DRU        599 022 DL0GZ/P       599 437
QSO:  3514 CW 2024-06-01 2228 IK4DRU        599 023 DF0TX/P       599 0464
QSO:  3517 CW 2024-06-01 2231 IK4DRU        599 0024 S57WX/P       599 0486
QSO:  3518 CW 2024-06-01 2233 IK4DRU        599 25 HB9AW/P       599 453
QSO:  3551 CW 2024-06-01 2238 IK4DRU        599 0027 DF0SX/P       599 0444
QSO:  3507 CW 2024-06-01 2241 IK4DRU        599 029 R1CA/P        599 756
QSO:  3500 CW 2024-06-01 2249 IK4DRU        599 032 DK1A/P        599 537
QSO:  3500 CW 2024-06-01 2253 IK4DRU        599 33 DF0A/P        599 167
QSO:  3500 CW 2024-06-01 2257 IK4DRU        599 034 DL5ASG/P      599 128
QSO:  3526 CW 2024-06-01 2258 IK4DRU        599 0035 OE8TED        599 0255
QSO:  3634 CW 2024-06-01 2259 IK4DRU        599 036 EI1E/P        599 0484
QSO:  3536 CW 2024-06-01 2302 IK4DRU        599 037 DR5W/P        599 389
QSO: 14000 CW 2024-06-02 0633 IK4DRU        599 043 DK1A/P        599 849
QSO: 14023 CW 2024-06-02 0636 IK4DRU        599 0044 G4FNL/P       599 0916
QSO: 14025 CW 2024-06-02 0637 IK4DRU        599 045 DK2A/P        599 0872
QSO: 14036 CW 2024-06-02 0644 IK4DRU        599 047 DR5W/P        599 660
QSO: 14015 CW 2024-06-02 0956 IK4DRU        599 052 DP6M/P        599 1027
QSO: 14026 CW 2024-06-02 1000 IK4DRU        599 0053 DL0ABT/P      599 0191
QSO:  7012 CW 2024-06-02 1356 IK4DRU        599 056 DK0ED/P       599 1020
QSO:  7032 CW 2024-06-02 1428 IK4DRU        599 059 DK0MN/P       599 1017
QSO:  7010 CW 2024-06-02 1432 IK4DRU        599 060 DL0LA/P       599 1221
END-OF-LOG:
