START-OF-LOG: 3.0
CREATED-BY: reconstructed-log-builder
CONTEST: CQ-160-CW
CALLSIGN: DK7GH
LOCATION: 
CATEGORY: CHECKLOG
CATEGORY-OPERATOR: SINGLE-OP
CATEGORY-BAND: ALL
CATEGORY-MODE: MIXED
CATEGORY-POWER: UNKNOWN
CATEGORY-ASSISTED: NON-ASSISTED
CATEGORY-TRANSMITTER: ONE
CATEGORY-STATION: UNKNOWN
CATEGORY-OVERLAY: 
OPERATORS: DK7GH
CLAIMED-SCORE: 
CLUB: 
NAME: 
SOAPBOX: RECONSTRUCTED MOCKUP LOG - NOT AN OFFICIAL SUBMISSION.
SOAPBOX: Derived from submitted logs for CQ-160-CW CQ160/cw/2024.
QSO:  1810 CW 2024-01-27 1813 DK7GH         599 14 OK7K          599 15
QSO:  1814 CW 2024-01-27 1817 DK7GH         599 14 S52NY         599 15
QSO:  1814 CW 2024-01-27 1818 DK7GH         599 14 G4PIQ         599 14
QSO:  1819 CW 2024-01-27 1820 DK7GH         599 14 LY7M          599 15
QSO:  1824 CW 2024-01-27 1822 DK7GH         599 14 OM7M          599 15
QSO:  1824 CW 2024-01-27 1823 DK7GH         599 14 YT3X          599 15
QSO:  1826 CW 2024-01-27 1824 DK7GH         599 14 DL7ON         599 14
QSO:  1829 CW 2024-01-27 1824 DK7GH         599 14 OZ5W          599 14
QSO:  1838 CW 2024-01-27 1827 DK7GH         599 14 IK0YUT        599 15
QSO:  1837 CW 2024-01-27 1830 DK7GH         599 14 LX1NO         599 14
QSO:  1842 CW 2024-01-27 1832 DK7GH         599 14 SP8R          599 15
QSO:  1853 CW 2024-01-27 1837 DK7GH         599 14 LY2XW         599 15
QSO:  1860 CW 2024-01-27 1839 DK7GH         599 14 PA4VHF        599 14
QSO:  1863 CW 2024-01-27 1839 DK7GH         599 14 SQ9IDE        599 15
QSO:  1866 CW 2024-01-27 1840 DK7GH         599 14 LY4L          599 15
QSO:  1800 CW 2024-01-27 1843 DK7GH         599 14 OM5R          599 15
QSO:  1813 CW 2024-01-27 1844 DK7GH         599 14 9A5W          599 15
QSO:  1821 CW 2024-01-27 1850 DK7GH         599 14 SN2B          599 15
QSO:  1813 CW 2024-01-27 1852 DK7GH         599 14 LZ9W          599 20
QSO:  1853 CW 2024-01-27 2339 DK7GH         599 14 S53M          599 15
QSO:  1870 CW 2024-01-27 2342 DK7GH         599 14 OE3G          599 15
QSO:  1864 CW 2024-01-27 2344 DK7GH         599 14 E7CW          599 15
QSO:  1862 CW 2024-01-27 2345 DK7GH         599 14 SP1D          599 15
QSO:  1850 CW 2024-01-27 2347 DK7GH         599 14 OL3Z          599 15
QSO:  1848 CW 2024-01-27 2350 DK7GH         599 14 MU5E          599 14
QSO:  1847 CW 2024-01-27 2351 DK7GH         599 14 SN7Q          599 15
QSO:  1845 CW 2024-01-27 2352 DK7GH         599 14 G6T           599 14
QSO:  1845 CW 2024-01-27 2353 DK7GH         599 14 YT7KM         599 15
QSO:  1844 CW 2024-01-27 2354 DK7GH         599 14 ES5QA         599 15
QSO:  1842 CW 2024-01-27 2355 DK7GH         599 14 IO3F          599 15
QSO:  1843 CW 2024-01-27 2355 DK7GH         599 14 IN3ASW        599 15
QSO:  1841 CW 2024-01-27 2356 DK7GH         599 14 DK5DQ         599 14
QSO:  1840 CW 2024-01-27 2357 DK7GH         599 14 IK4VET        599 15
QSO:  1836 CW 2024-01-27 2359 DK7GH         599 14 9A7V          599 15
QSO:  1833 CW 2024-01-28 0000 DK7GH         599 14 9A9R          599 15
QSO:  1832 CW 2024-01-28 0001 DK7GH         599 14 HG8DX         599 15
QSO:  1828 CW 2024-01-28 0002 DK7GH         599 14 S51YI         599 15
QSO:  1830 CW 2024-01-28 0003 DK7GH         599 14 DJ0MDR        599 14
QSO:  1818 CW 2024-01-28 0005 DK7GH         599 14 S50W          599 15
QSO:  1818 CW 2024-01-28 0006 DK7GH         599 14 OL7T          599 15
QSO:  1810 CW 2024-01-28 0008 DK7GH         599 14 DP9A          599 14
QSO:  1854 CW 2024-01-28 0013 DK7GH         599 14 DR5X          599 14
QSO:  1852 CW 2024-01-28 0014 DK7GH         599 14 DP6A          599 14
QSO:  1848 CW 2024-01-28 0016 DK7GH         599 14 IP0A          599 15
QSO:  1845 CW 2024-01-28 0017 DK7GH         599 14 OL7P          599 15
QSO:  1829 CW 2024-01-28 0020 DK7GH         599 14 SM2U          599 14
QSO:  1827 CW 2024-01-28 0024 DK7GH         599 14 HB9CVQ        599 14
QSO:  1852 CW 2024-01-28 0026 DK7GH         599 14 RM4F          599 16
END-OF-LOG:
