START-OF-LOG: 3.0
CREATED-BY: reconstructed-log-builder
CONTEST: CQ-160-CW
CALLSIGN: N1DE
LOCATION: 
CATEGORY: CHECKLOG
CATEGORY-OPERATOR: SINGLE-OP
CATEGORY-BAND: ALL
CATEGORY-MODE: MIXED
CATEGORY-POWER: UNKNOWN
CATEGORY-ASSISTED: NON-ASSISTED
CATEGORY-TRANSMITTER: ONE
CATEGORY-STATION: UNKNOWN
CATEGORY-OVERLAY: 
OPERATORS: N1DE
CLAIMED-SCORE: 
CLUB: 
NAME: 
SOAPBOX: RECONSTRUCTED MOCKUP LOG - NOT AN OFFICIAL SUBMISSION.
SOAPBOX: Derived from submitted logs for CQ-160-CW CQ160/cw/2024.
QSO:  1818 CW 2024-01-28 0521 N1DE          599 ME K1EP          599 VT
QSO:  1820 CW 2024-01-28 0523 N1DE          599 ME AA1K          599 DE
QSO:  1820 CW 2024-01-28 0524 N1DE          599 ME W0AIH         599 WI
QSO:  1821 CW 2024-01-28 0525 N1DE          599 ME K3LR          599 PA
QSO:  1807 CW 2024-01-28 0528 N1DE          599 ME N2GM          599 NJ
QSO:  1807 CW 2024-01-28 0529 N1DE          599 ME K2RET         599 NJ
QSO:  1807 CW 2024-01-28 0529 N1DE          599 ME KB3Z          599 PA
QSO:  1807 CW 2024-01-28 0529 N1DE          599 ME NY3A          599 PA
QSO:  1800 CW 2024-01-28 0530 N1DE          599 ME VE3VY         599 ON
QSO:  1807 CW 2024-01-28 0530 N1DE          599 ME K3KU          599 MD
QSO:  1807 CW 2024-01-28 0531 N1DE          599 ME K1LZ          599 ME
QSO:  1807 CW 2024-01-28 0531 N1DE          599 ME WJ2D          599 NC
QSO:  1807 CW 2024-01-28 0532 N1DE          599 ME K3STX         599 MD
QSO:  1800 CW 2024-01-28 0533 N1DE          599 ME W1CTN         599 NC
QSO:  1807 CW 2024-01-28 0533 N1DE          599 ME N0YY          599 VA
QSO:  1807 CW 2024-01-28 0533 N1DE          599 ME N9SE          599 IN
QSO:  1807 CW 2024-01-28 0534 N1DE          599 ME AA4NU         599 TN
QSO:  1807 CW 2024-01-28 0534 N1DE          599 ME K1LT          599 OH
QSO:  1807 CW 2024-01-28 0535 N1DE          599 ME K7UT          599 UT
QSO:  1807 CW 2024-01-28 0535 N1DE          599 ME W8MJ          599 MI
QSO:  1807 CW 2024-01-28 0536 N1DE          599 ME K9RS          599 DE
QSO:  1807 CW 2024-01-28 0536 N1DE          599 ME VE3EJ         599 ON
QSO:  1807 CW 2024-01-28 0537 N1DE          599 ME K3PH          599 PA
QSO:  1807 CW 2024-01-28 0537 N1DE          599 ME K8BB          599 MI
QSO:  1807 CW 2024-01-28 0537 N1DE          599 ME NJ3K          599 PA
QSO:  1807 CW 2024-01-28 0537 N1DE          599 ME WA4JUK        599 VA
QSO:  1807 CW 2024-01-28 0538 N1DE          599 ME AA3B          599 PA
QSO:  1807 CW 2024-01-28 0538 N1DE          599 ME AA3S          599 MD
QSO:  1807 CW 2024-01-28 0538 N1DE          599 ME K0RC          599 MN
QSO:  1807 CW 2024-01-28 0538 N1DE          599 ME VE3DZ         599 ON
QSO:  1807 CW 2024-01-28 0539 N1DE          599 ME AA4DD         599 TN
QSO:  1807 CW 2024-01-28 0539 N1DE          599 ME N2NT          599 NJ
QSO:  1807 CW 2024-01-28 0539 N1DE          599 ME NS3T          599 MD
QSO:  1807 CW 2024-01-28 0540 N1DE          599 ME N2AA          599 NJ
QSO:  1807 CW 2024-01-28 0540 N1DE          599 ME N3CW          599 VA
QSO:  1807 CW 2024-01-28 0540 N1DE          599 ME W2CCC         599 NY
QSO:  1807 CW 2024-01-28 0541 N1DE          599 ME N4RV          599 VA
QSO:  1807 CW 2024-01-28 0541 N1DE          599 ME W3TS          599 PA
QSO:  1807 CW 2024-01-28 0542 N1DE          599 ME K5GN          599 TX
QSO:  1807 CW 2024-01-28 0542 N1DE          599 ME KD4D          599 MD
QSO:  1807 CW 2024-01-28 0542 N1DE          599 ME KG9X          599 IL
QSO:  1807 CW 2024-01-28 0543 N1DE          599 ME N6FS          599 MI
QSO:  1807 CW 2024-01-28 0544 N1DE          599 ME N1QY          599 MA
QSO:  1807 CW 2024-01-28 0544 N1DE          599 ME N9LQ          599 IL
QSO:  1807 CW 2024-01-28 0545 N1DE          599 ME K3WJV         599 PA
QSO:  1807 CW 2024-01-28 0546 N1DE          599 ME K9MMS         599 IL
QSO:  1807 CW 2024-01-28 0547 N1DE          599 ME W4EF          599 CA
QSO:  1807 CW 2024-01-28 0548 N1DE          599 ME WS3C          599 PA
QSO:  1812 CW 2024-01-28 0553 N1DE          599 ME PJ2T          599 9
QSO:  1818 CW 2024-01-28 0557 N1DE          599 ME N2IC          599 NM
END-OF-LOG:
