START-OF-LOG: 3.0
CREATED-BY: reconstructed-log-builder
CONTEST: CQ-WW-SSB
CALLSIGN: DL2VK
LOCATION: 
CATEGORY: CHECKLOG
CATEGORY-OPERATOR: SINGLE-OP
CATEGORY-BAND: ALL
CATEGORY-MODE: MIXED
CATEGORY-POWER: UNKNOWN
CATEGORY-ASSISTED: NON-ASSISTED
CATEGORY-TRANSMITTER: ONE
CATEGORY-STATION: UNKNOWN
CATEGORY-OVERLAY: 
OPERATORS: DL2VK
CLAIMED-SCORE: 
CLUB: 
NAME: 
SOAPBOX: RECONSTRUCTED MOCKUP LOG - NOT AN OFFICIAL SUBMISSION.
SOAPBOX: Derived from submitted logs for CQ-WW-SSB CQWW/ph/2018.
QSO: 14159 PH 2018-10-27 1147 DL2VK         59 14 VP5W          59 8
QSO: 14161 PH 2018-10-27 1148 DL2VK         59 14 AA1K          59 5
QSO: 14170 PH 2018-10-27 1149 DL2VK         59 14 KC1XX         59 5
QSO: 14176 PH 2018-10-27 1149 DL2VK         59 14 CR6P          59 14
QSO: 14189 PH 2018-10-27 1150 DL2VK         59 14 K1RX          59 5
QSO: 14194 PH 2018-10-27 1150 DL2VK         59 14 N2RJ          59 5
QSO: 14188 PH 2018-10-27 1205 DL2VK         59 14 TF1AM         59 40
QSO: 14000 PH 2018-10-27 1206 DL2VK         59 14 LC5K          59 14
QSO: 14201 PH 2018-10-27 1207 DL2VK         59 14 N4WW          59 5
QSO: 14203 PH 2018-10-27 1207 DL2VK         59 14 GM0V          59 14
QSO: 14205 PH 2018-10-27 1208 DL2VK         59 14 EI9E          59 14
QSO: 14302 PH 2018-10-27 1209 DL2VK         59 14 CN3A          59 33
QSO: 14319 PH 2018-10-27 1209 DL2VK         59 14 ES9C          59 15
QSO: 14317 PH 2018-10-27 1211 DL2VK         59 14 KQ2M          59 5
QSO: 14303 PH 2018-10-27 1212 DL2VK         59 14 TM0T          59 14
QSO: 14296 PH 2018-10-27 1213 DL2VK         59 14 P33W          59 20
QSO: 14298 PH 2018-10-27 1213 DL2VK         59 14 S57DX         59 15
QSO: 14294 PH 2018-10-27 1214 DL2VK         59 14 AB3CX         59 5
QSO: 14292 PH 2018-10-27 1215 DL2VK         59 14 P40T          59 9
QSO: 14277 PH 2018-10-27 1217 DL2VK         59 14 OM2Y          59 15
QSO: 14270 PH 2018-10-27 1218 DL2VK         59 14 G5O           59 14
QSO: 14267 PH 2018-10-27 1219 DL2VK         59 14 OH5Z          59 15
QSO: 14252 PH 2018-10-27 1220 DL2VK         59 14 4X6TT         59 20
QSO: 14237 PH 2018-10-27 1224 DL2VK         59 14 IO5O          59 15
QSO: 14264 PH 2018-10-27 1232 DL2VK         59 14 TO1J          59 8
QSO: 14245 PH 2018-10-27 1233 DL2VK         59 14 TM6M          59 14
QSO: 14000 PH 2018-10-27 1234 DL2VK         59 14 A61HA         59 21
QSO: 14153 PH 2018-10-27 1236 DL2VK         59 14 W2RE          59 5
QSO: 14120 PH 2018-10-27 1237 DL2VK         59 14 VE9CB         59 5
QSO: 14123 PH 2018-10-27 1237 DL2VK         59 14 CF3A          59 04
QSO: 14000 PH 2018-10-27 1238 DL2VK         59 14 VO2NS         59 2
QSO: 14000 PH 2018-10-27 1239 DL2VK         59 14 VE2GSO        59 5
QSO: 14137 PH 2018-10-27 1240 DL2VK         59 14 VE3JM         59 4
QSO: 14139 PH 2018-10-27 1241 DL2VK         59 14 VE3EJ         59 4
QSO: 14144 PH 2018-10-27 1242 DL2VK         59 14 VP2MDG        59 8
QSO: 14148 PH 2018-10-27 1243 DL2VK         59 14 OX7A          59 40
QSO: 14150 PH 2018-10-27 1243 DL2VK         59 14 K3LR          59 05
QSO: 21000 PH 2018-10-27 1249 DL2VK         59 14 CO6LE         59 8
QSO: 21361 PH 2018-10-27 1259 DL2VK         59 14 V26B          59 08
QSO: 21203 PH 2018-10-27 1301 DL2VK         59 14 ZF9CW         59 8
QSO: 21207 PH 2018-10-27 1303 DL2VK         59 14 W3LPL         59 5
QSO: 21306 PH 2018-10-27 1308 DL2VK         59 14 NR3X          59 05
QSO: 21191 PH 2018-10-27 1309 DL2VK         59 14 K4AJA/VP9     59 5
QSO: 21264 PH 2018-10-27 1310 DL2VK         59 14 HI3T          59 8
QSO: 21000 PH 2018-10-27 1311 DL2VK         59 14 CO8AW         59 8
QSO: 21000 PH 2018-10-27 1312 DL2VK         59 14 CM2XN         59 8
QSO: 21151 PH 2018-10-27 1312 DL2VK         59 14 8P5A          59 8
QSO: 21175 PH 2018-10-27 1314 DL2VK         59 14 PJ4G          59 9
QSO: 21210 PH 2018-10-27 1314 DL2VK         59 14 W2RE          59 5
QSO: 21257 PH 2018-10-27 1316 DL2VK         59 14 A44A          59 21
QSO: 21257 PH 2018-10-27 1316 DL2VK         59 14 W3EP          59 5
QSO: 21345 PH 2018-10-27 1317 DL2VK         59 14 NN3Q          59 5
QSO: 21352 PH 2018-10-27 1319 DL2VK         59 14 CR2L          59 14
QSO: 21214 PH 2018-10-27 1320 DL2VK         59 14 N1MM          59 5
QSO: 21216 PH 2018-10-27 1320 DL2VK         59 14 KQ2M          59 5
END-OF-LOG:
