START-OF-LOG: 3.0
CREATED-BY: reconstructed-log-builder
CONTEST: CQ-WW-SSB
CALLSIGN: EA1AF
LOCATION: 
CATEGORY: CHECKLOG
CATEGORY-OPERATOR: SINGLE-OP
CATEGORY-BAND: ALL
CATEGORY-MODE: MIXED
CATEGORY-POWER: UNKNOWN
CATEGORY-ASSISTED: NON-ASSISTED
CATEGORY-TRANSMITTER: ONE
CATEGORY-STATION: UNKNOWN
CATEGORY-OVERLAY: 
OPERATORS: EA1AF
CLAIMED-SCORE: 
CLUB: 
NAME: 
SOAPBOX: RECONSTRUCTED MOCKUP LOG - NOT AN OFFICIAL SUBMISSION.
SOAPBOX: Derived from submitted logs for CQ-WW-SSB CQWW/ph/2018.
QSO: 21234 PH 2018-10-27 1114 EA1AF         59 14 RT6A          59 16
QSO: 21416 PH 2018-10-27 1116 EA1AF         59 14 RO2E          59 16
QSO: 14311 PH 2018-10-27 1119 EA1AF         59 14 OM7RU         59 15
QSO: 14278 PH 2018-10-27 1120 EA1AF         59 14 OE3A          59 15
QSO: 21163 PH 2018-10-27 1208 EA1AF         59 14 CQ3W          59 33
QSO: 14345 PH 2018-10-27 1209 EA1AF         59 14 LY5W          59 15
QSO: 14257 PH 2018-10-27 1211 EA1AF         59 14 YP3A          59 20
QSO: 21289 PH 2018-10-27 1214 EA1AF         59 14 UX1VT         59 16
QSO: 21276 PH 2018-10-27 1216 EA1AF         59 14 GS7V          59 14
QSO: 21271 PH 2018-10-27 1217 EA1AF         59 14 UT7HA         59 16
QSO: 21224 PH 2018-10-27 1218 EA1AF         59 14 EI9E          59 14
QSO: 14214 PH 2018-10-27 1224 EA1AF         59 14 HG5A          59 15
QSO: 14230 PH 2018-10-27 1226 EA1AF         59 14 HG7T          59 15
QSO: 14322 PH 2018-10-27 1227 EA1AF         59 14 HG6N          59 15
QSO: 14164 PH 2018-10-27 1228 EA1AF         59 14 LZ5R          59 20
QSO: 14330 PH 2018-10-27 1230 EA1AF         59 14 OK5Z          59 15
QSO: 21391 PH 2018-10-27 1231 EA1AF         59 14 M6T           59 14
QSO: 21358 PH 2018-10-27 1239 EA1AF         59 14 CR3DX         59 33
QSO: 21243 PH 2018-10-27 1240 EA1AF         59 14 HB9H          59 14
QSO: 21168 PH 2018-10-27 1244 EA1AF         59 14 SU9JG         59 34
QSO: 14277 PH 2018-10-27 1245 EA1AF         59 14 OM2Y          59 15
QSO: 14309 PH 2018-10-27 1322 EA1AF         59 14 OL0M          59 15
QSO: 14138 PH 2018-10-27 1325 EA1AF         59 14 YP0C          59 20
QSO: 14195 PH 2018-10-27 1325 EA1AF         59 14 HZ1HZ         59 21
QSO: 14321 PH 2018-10-27 1327 EA1AF         59 14 HG3R          59 15
QSO: 21388 PH 2018-10-27 1330 EA1AF         59 14 YL2SM         59 15
QSO: 14202 PH 2018-10-27 1331 EA1AF         59 14 YL2SW         59 15
QSO: 21343 PH 2018-10-27 1332 EA1AF         59 14 ES6RW         59 15
QSO: 21352 PH 2018-10-27 1342 EA1AF         59 14 CR2L          59 14
QSO: 21000 PH 2018-10-27 1343 EA1AF         59 14 PI4COM        59 14
QSO: 21163 PH 2018-10-27 1347 EA1AF         59 14 VY2TT         59 5
QSO: 21418 PH 2018-10-27 1443 EA1AF         59 14 VE2BWL        59 5
QSO: 21195 PH 2018-10-27 1445 EA1AF         59 14 CV7S          59 13
QSO: 21225 PH 2018-10-27 1445 EA1AF         59 14 ZP9MCE        59 11
QSO: 21200 PH 2018-10-27 1447 EA1AF         59 14 LU7DV         59 13
QSO: 14269 PH 2018-10-27 1453 EA1AF         59 14 9K2HN         59 21
QSO: 21177 PH 2018-10-27 1456 EA1AF         59 14 VE3JM         59 4
QSO: 21000 PH 2018-10-27 1458 EA1AF         59 14 LU2DD         59 13
QSO: 21274 PH 2018-10-27 1506 EA1AF         59 14 ZP6A          59 11
QSO: 21197 PH 2018-10-27 1508 EA1AF         59 14 LO7H          59 13
QSO: 21171 PH 2018-10-27 1509 EA1AF         59 14 VE3EJ         59 4
QSO: 14176 PH 2018-10-27 1510 EA1AF         59 14 LZ9W          59 20
QSO: 14281 PH 2018-10-27 1512 EA1AF         59 14 RT6A          59 16
QSO: 14334 PH 2018-10-27 1515 EA1AF         59 14 YO9HP         59 20
QSO: 21000 PH 2018-10-27 1521 EA1AF         59 14 PY0F          59 11
QSO: 21315 PH 2018-10-27 1657 EA1AF         59 14 CX9AU         59 13
QSO: 21000 PH 2018-10-27 1709 EA1AF         59 14 HK3TK         59 9
QSO: 21385 PH 2018-10-27 1712 EA1AF         59 14 KP2M          59 8
QSO: 14311 PH 2018-10-27 1723 EA1AF         59 14 KH7XS         59 31
QSO: 14211 PH 2018-10-27 1729 EA1AF         59 14 KP2M          59 8
QSO: 14000 PH 2018-10-27 1741 EA1AF         59 14 KH7M          59 31
QSO: 21252 PH 2018-10-27 1742 EA1AF         59 14 PY5ZHP        59 11
QSO: 14284 PH 2018-10-27 1746 EA1AF         59 14 NH7A          59 31
QSO:  3682 PH 2018-10-27 2020 EA1AF         59 14 PI4COM        59 14
QSO:  3500 PH 2018-10-27 2021 EA1AF         59 14 EC6AAE        59 14
QSO:  7173 PH 2018-10-27 2028 EA1AF         59 14 HG7T          59 15
QSO: 21294 PH 2018-10-28 1229 EA1AF         59 14 OK1NP         59 15
QSO: 21243 PH 2018-10-28 1230 EA1AF         59 14 UW5ZM         59 16
QSO: 21337 PH 2018-10-28 1232 EA1AF         59 14 ES9C          59 15
QSO: 14307 PH 2018-10-28 1234 EA1AF         59 14 HA3LN         59 15
QSO: 21358 PH 2018-10-28 1241 EA1AF         59 14 R7AB          59 16
QSO: 21214 PH 2018-10-28 1329 EA1AF         59 14 Z23MD         59 38
QSO: 14203 PH 2018-10-28 1432 EA1AF         59 14 OX7A          59 40
QSO: 14201 PH 2018-10-28 1710 EA1AF         59 14 Z23MD         59 38
QSO: 14000 PH 2018-10-28 1835 EA1AF         59 14 PY0F          59 11
QSO:  7187 PH 2018-10-28 1837 EA1AF         59 14 LZ5R          59 20
QSO:  3769 PH 2018-10-28 1843 EA1AF         59 14 PA6AA         59 14
END-OF-LOG:
