START-OF-LOG: 3.0
CREATED-BY: reconstructed-log-builder
CONTEST: CQ-WW-SSB
CALLSIGN: DO4JS
LOCATION: 
CATEGORY: CHECKLOG
CATEGORY-OPERATOR: SINGLE-OP
CATEGORY-BAND: ALL
CATEGORY-MODE: MIXED
CATEGORY-POWER: UNKNOWN
CATEGORY-ASSISTED: NON-ASSISTED
CATEGORY-TRANSMITTER: ONE
CATEGORY-STATION: UNKNOWN
CATEGORY-OVERLAY: 
OPERATORS: DO4JS
CLAIMED-SCORE: 
CLUB: 
NAME: 
SOAPBOX: RECONSTRUCTED MOCKUP LOG - NOT AN OFFICIAL SUBMISSION.
SOAPBOX: Derived from submitted logs for CQ-WW-SSB CQWW/ph/2012.
QSO: 21258 PH 2012-10-27 0627 DO4JS         59 14 HZ1BL         59 21
QSO: 21210 PH 2012-10-27 0722 DO4JS         59 14 JA7NVF        59 25
QSO: 21429 PH 2012-10-27 0726 DO4JS         59 14 OG6N          59 15
QSO: 21000 PH 2012-10-27 0733 DO4JS         59 14 TA4AU         59 20
QSO: 21352 PH 2012-10-27 0744 DO4JS         59 14 RA7A          59 16
QSO: 21415 PH 2012-10-27 0934 DO4JS         59 14 LZ2HM         59 20
QSO: 21000 PH 2012-10-27 0945 DO4JS         59 14 Z38N          59 15
QSO: 21237 PH 2012-10-27 1000 DO4JS         59 14 SX5P          59 20
QSO: 21166 PH 2012-10-27 1003 DO4JS         59 14 OH5SM         59 15
QSO: 21000 PH 2012-10-27 1021 DO4JS         59 14 CR5D          59 14
QSO: 21353 PH 2012-10-27 1037 DO4JS         59 14 CR6K          59 14
QSO: 21139 PH 2012-10-27 1039 DO4JS         59 14 ED1T          59 14
QSO: 21171 PH 2012-10-27 1043 DO4JS         59 14 ES7GN         59 15
QSO: 28522 PH 2012-10-27 1050 DO4JS         59 14 RM5A          59 16
QSO: 28672 PH 2012-10-27 1057 DO4JS         59 14 EY8MM         59 17
QSO: 28700 PH 2012-10-27 1118 DO4JS         59 14 RT7D          59 16
QSO: 21000 PH 2012-10-27 1443 DO4JS         59 14 VA3YP         59 4
QSO: 28000 PH 2012-10-27 1449 DO4JS         59 14 TA4AU         59 20
QSO: 28000 PH 2012-10-27 1458 DO4JS         59 14 EA8TX         59 33
QSO: 21206 PH 2012-10-27 1510 DO4JS         59 14 OH9W          59 15
QSO: 21308 PH 2012-10-27 1534 DO4JS         59 14 YU5A          59 15
QSO: 21000 PH 2012-10-27 1547 DO4JS         59 14 YT7Z          59 15
QSO: 21332 PH 2012-10-27 1723 DO4JS         59 14 YT2R          59 15
QSO: 21293 PH 2012-10-27 1724 DO4JS         59 14 9A1A          59 15
QSO: 21356 PH 2012-10-27 1735 DO4JS         59 14 IR4M          59 15
QSO: 21331 PH 2012-10-27 1741 DO4JS         59 14 4O3A          59 15
QSO: 21337 PH 2012-10-27 1757 DO4JS         59 14 9A5Y          59 15
QSO: 21000 PH 2012-10-27 1827 DO4JS         59 14 IT9YVO        59 15
QSO: 21213 PH 2012-10-27 1833 DO4JS         59 14 K3CR          59 5
QSO: 21160 PH 2012-10-27 1836 DO4JS         59 14 VE2IM         59 02
QSO: 21202 PH 2012-10-27 1846 DO4JS         59 14 K3LR          59 05
QSO: 21256 PH 2012-10-27 1849 DO4JS         59 14 W3UA          59 5
QSO: 21247 PH 2012-10-27 1851 DO4JS         59 14 IQ8MD         59 15
QSO: 21446 PH 2012-10-27 1901 DO4JS         59 14 K3WW          59 05
QSO: 21386 PH 2012-10-27 1904 DO4JS         59 14 NR3X          59 5
QSO: 21223 PH 2012-10-27 1907 DO4JS         59 14 N2IC          59 4
QSO: 21156 PH 2012-10-27 1921 DO4JS         59 14 HK1NA         59 9
QSO: 21130 PH 2012-10-27 1928 DO4JS         59 14 VE3EJ         59 4
QSO: 21379 PH 2012-10-27 1934 DO4JS         59 14 IR9Y          59 15
QSO: 21000 PH 2012-10-27 1939 DO4JS         59 14 IZ8IEV        59 15
QSO:  3500 PH 2012-10-27 1946 DO4JS         59 14 E73ESP        59 15
QSO: 21000 PH 2012-10-27 1955 DO4JS         59 14 6Y9X          59 8
QSO: 21227 PH 2012-10-27 2002 DO4JS         59 14 KB1H          59 5
QSO: 21000 PH 2012-10-27 2013 DO4JS         59 14 OG1T          59 15
QSO: 21235 PH 2012-10-27 2106 DO4JS         59 14 N5DX          59 4
QSO:  3724 PH 2012-10-27 2112 DO4JS         59 14 PI4EME        59 14
QSO:  3741 PH 2012-10-27 2114 DO4JS         59 14 F1EBN         59 14
QSO:  3500 PH 2012-10-27 2115 DO4JS         59 14 IR5A          59 15
QSO:  3760 PH 2012-10-27 2118 DO4JS         59 14 F8KCF         59 14
QSO:  3770 PH 2012-10-27 2121 DO4JS         59 14 GW0GEI        59 14
QSO:  3500 PH 2012-10-28 0407 DO4JS         59 14 EI9HX         59 14
QSO:  3793 PH 2012-10-28 0409 DO4JS         59 14 IK2YCW        59 15
QSO:  3790 PH 2012-10-28 0412 DO4JS         59 14 EA5URT        59 14
QSO:  3788 PH 2012-10-28 0420 DO4JS         59 14 II9P          59 15
QSO:  3718 PH 2012-10-28 0440 DO4JS         59 14 OM8A          59 15
QSO:  3780 PH 2012-10-28 0442 DO4JS         59 14 9A1A          59 15
QSO:  3500 PH 2012-10-28 0444 DO4JS         59 14 EA3RR         59 14
QSO:  3763 PH 2012-10-28 0446 DO4JS         59 14 LZ9W          59 20
QSO:  3500 PH 2012-10-28 0449 DO4JS         59 14 OL2U          59 15
QSO:  3740 PH 2012-10-28 0453 DO4JS         59 14 SP9PDF        59 15
QSO:  3731 PH 2012-10-28 0454 DO4JS         59 14 IR4M          59 15
QSO:  3500 PH 2012-10-28 0457 DO4JS         59 14 OT5A          59 14
QSO:  3701 PH 2012-10-28 0458 DO4JS         59 14 OM7RU         59 15
QSO:  3500 PH 2012-10-28 0506 DO4JS         59 14 E7CW          59 15
QSO:  3690 PH 2012-10-28 0513 DO4JS         59 14 C37NL         59 14
QSO:  3694 PH 2012-10-28 0515 DO4JS         59 14 HG7T          59 15
QSO:  3687 PH 2012-10-28 0517 DO4JS         59 14 TK9R          59 15
QSO:  3682 PH 2012-10-28 0519 DO4JS         59 14 EB3CW         59 14
QSO:  3668 PH 2012-10-28 0522 DO4JS         59 14 OM5M          59 15
QSO:  3700 PH 2012-10-28 0522 DO4JS         59 14 SP3GTS        59 15
QSO:  3707 PH 2012-10-28 0527 DO4JS         59 14 CN3A          59 33
QSO:  3710 PH 2012-10-28 0529 DO4JS         59 14 IQ1CN         59 15
QSO:  3500 PH 2012-10-28 0530 DO4JS         59 14 EA3GXJ        59 14
QSO:  3723 PH 2012-10-28 0532 DO4JS         59 14 YT4A          59 15
QSO:  3761 PH 2012-10-28 0533 DO4JS         59 14 TM1T          59 14
QSO: 21295 PH 2012-10-28 0555 DO4JS         59 14 R0DX          59 19
QSO: 21323 PH 2012-10-28 0556 DO4JS         59 14 RA3OU         59 16
QSO: 21448 PH 2012-10-28 0604 DO4JS         59 14 RT0Q          59 19
QSO: 21430 PH 2012-10-28 0605 DO4JS         59 14 UN4PG         59 17
QSO: 21000 PH 2012-10-28 0607 DO4JS         59 14 JA8COE        59 25
QSO: 21000 PH 2012-10-28 0616 DO4JS         59 14 EY8AR         59 17
QSO: 21220 PH 2012-10-28 0620 DO4JS         59 14 RT5Z          59 16
QSO: 21140 PH 2012-10-28 0635 DO4JS         59 14 A45WH         59 21
QSO: 21000 PH 2012-10-28 0657 DO4JS         59 14 4K6FO         59 21
QSO: 21163 PH 2012-10-28 0659 DO4JS         59 14 UP2L          59 17
QSO: 21193 PH 2012-10-28 0701 DO4JS         59 14 LZ5K          59 20
QSO: 21291 PH 2012-10-28 0710 DO4JS         59 14 OH8WW         59 15
QSO: 21282 PH 2012-10-28 0718 DO4JS         59 14 P33W          59 20
QSO: 21425 PH 2012-10-28 0934 DO4JS         59 14 EA7KB         59 14
QSO: 21338 PH 2012-10-28 0941 DO4JS         59 14 CR6P          59 14
QSO: 21000 PH 2012-10-28 0945 DO4JS         59 14 PW5G          59 11
QSO: 21237 PH 2012-10-28 0947 DO4JS         59 14 CQ7A          59 14
QSO: 21210 PH 2012-10-28 0950 DO4JS         59 14 OG1M          59 15
QSO: 21100 PH 2012-10-28 0955 DO4JS         59 14 PW7T          59 11
QSO: 21105 PH 2012-10-28 1006 DO4JS         59 14 PS2T          59 11
QSO: 21147 PH 2012-10-28 1007 DO4JS         59 14 YP8T          59 20
QSO: 28000 PH 2012-10-28 1057 DO4JS         59 14 UN7MMM        59 17
QSO: 28872 PH 2012-10-28 1058 DO4JS         59 14 CT3HF         59 33
QSO: 28836 PH 2012-10-28 1101 DO4JS         59 14 UY2IG         59 16
QSO: 28494 PH 2012-10-28 1134 DO4JS         59 14 UT5ID         59 16
QSO: 28632 PH 2012-10-28 1137 DO4JS         59 14 C5A           59 35
QSO: 21150 PH 2012-10-28 1150 DO4JS         59 14 YO3CZW        59 20
QSO: 21134 PH 2012-10-28 1153 DO4JS         59 14 EA1BLI        59 14
QSO: 21300 PH 2012-10-28 1203 DO4JS         59 14 YO3RU         59 20
QSO: 21205 PH 2012-10-28 1209 DO4JS         59 14 VC2T          59 5
QSO: 28314 PH 2012-10-28 1234 DO4JS         59 14 OH5BM         59 15
QSO: 28000 PH 2012-10-28 1238 DO4JS         59 14 RV4AB         59 16
QSO: 28678 PH 2012-10-28 1319 DO4JS         59 14 UR7EN         59 16
QSO: 28978 PH 2012-10-28 1339 DO4JS         59 14 UA3EDQ        59 16
QSO: 28941 PH 2012-10-28 1345 DO4JS         59 14 K1BX          59 5
QSO: 28929 PH 2012-10-28 1348 DO4JS         59 14 KS1J          59 5
QSO: 28906 PH 2012-10-28 1350 DO4JS         59 14 K1KP          59 5
QSO: 28876 PH 2012-10-28 1351 DO4JS         59 14 K4XS          59 5
QSO: 28850 PH 2012-10-28 1353 DO4JS         59 14 K1DG          59 5
QSO: 21307 PH 2012-10-28 1445 DO4JS         59 14 OG73X         59 15
QSO: 21250 PH 2012-10-28 1520 DO4JS         59 14 SM2CEW        59 14
END-OF-LOG:
