START-OF-LOG: 3.0
CREATED-BY: reconstructed-log-builder
CONTEST: CQ-WW-SSB
CALLSIGN: K1RO
LOCATION: 
CATEGORY: CHECKLOG
CATEGORY-OPERATOR: SINGLE-OP
CATEGORY-BAND: ALL
CATEGORY-MODE: MIXED
CATEGORY-POWER: UNKNOWN
CATEGORY-ASSISTED: NON-ASSISTED
CATEGORY-TRANSMITTER: ONE
CATEGORY-STATION: UNKNOWN
CATEGORY-OVERLAY: 
OPERATORS: K1RO
CLAIMED-SCORE: 
CLUB: 
NAME: 
SOAPBOX: RECONSTRUCTED MOCKUP LOG - NOT AN OFFICIAL SUBMISSION.
SOAPBOX: Derived from submitted logs for CQ-WW-SSB CQWW/ph/2012.
QSO:  3500 PH 2012-10-27 0456 K1RO          59 05 S51ST         59 15
QSO: 21294 PH 2012-10-28 1832 K1RO          59 5 PJ2T          59 9
QSO: 21293 PH 2012-10-28 1834 K1RO          59 05 EA7KB         59 14
QSO: 21000 PH 2012-10-28 1835 K1RO          59 05 CR5D          59 14
QSO: 21422 PH 2012-10-28 1835 K1RO          59 05 EA1FDI        59 14
QSO: 21400 PH 2012-10-28 1837 K1RO          59 05 GM5X          59 14
QSO: 21404 PH 2012-10-28 1837 K1RO          59 05 CS2C          59 14
QSO: 21373 PH 2012-10-28 1839 K1RO          59 05 OL3Z          59 15
QSO: 21389 PH 2012-10-28 1839 K1RO          59 05 PW7T          59 11
QSO: 21382 PH 2012-10-28 1840 K1RO          59 05 SO2R          59 15
QSO: 21398 PH 2012-10-28 1840 K1RO          59 5 XE1XOE        59 6
QSO: 21000 PH 2012-10-28 1844 K1RO          59 5 OT5A          59 14
QSO: 21324 PH 2012-10-28 1845 K1RO          59 05 DL2ARD        59 14
QSO: 21328 PH 2012-10-28 1845 K1RO          59 05 VE7WO         59 3
QSO: 21330 PH 2012-10-28 1845 K1RO          59 05 TF3W          59 40
QSO: 21322 PH 2012-10-28 1846 K1RO          59 05 OM0M          59 15
QSO: 21316 PH 2012-10-28 1847 K1RO          59 05 4O3A          59 15
QSO: 21306 PH 2012-10-28 1848 K1RO          59 05 EI2CN         59 14
QSO: 21310 PH 2012-10-28 1848 K1RO          59 05 CR6K          59 14
QSO: 21267 PH 2012-10-28 1849 K1RO          59 05 9A1A          59 15
QSO: 21260 PH 2012-10-28 1850 K1RO          59 05 VP5T          59 8
QSO: 21236 PH 2012-10-28 1925 K1RO          59 05 OK8WW         59 15
QSO: 21231 PH 2012-10-28 1926 K1RO          59 05 PJ4X          59 9
QSO: 21205 PH 2012-10-28 1928 K1RO          59 05 V26B          59 8
QSO: 28362 PH 2012-10-28 1931 K1RO          59 05 PS2T          59 11
QSO: 28311 PH 2012-10-28 1932 K1RO          59 05 VE6JY         59 4
QSO: 28358 PH 2012-10-28 1934 K1RO          59 5 VP5DX         59 08
QSO: 28400 PH 2012-10-28 1934 K1RO          59 5 VE5ZX         59 4
QSO: 28420 PH 2012-10-28 1935 K1RO          59 5 KH7X          59 31
QSO: 28505 PH 2012-10-28 1939 K1RO          59 5 VP5/K9PPY     59 08
QSO: 28000 PH 2012-10-28 1941 K1RO          59 5 XE3N          59 6
QSO: 28657 PH 2012-10-28 1943 K1RO          59 05 VP5T          59 8
QSO: 28000 PH 2012-10-28 1945 K1RO          59 05 VE5GC         59 04
QSO: 28683 PH 2012-10-28 1946 K1RO          59 05 V26B          59 8
QSO: 28000 PH 2012-10-28 2148 K1RO          59 05 NP3CW         59 08
QSO: 28516 PH 2012-10-28 2150 K1RO          59 5 VE5UF         59 4
QSO: 28525 PH 2012-10-28 2150 K1RO          59 05 VP2MDG        59 08
QSO: 28483 PH 2012-10-28 2154 K1RO          59 05 KH6MB         59 31
QSO: 21000 PH 2012-10-28 2204 K1RO          59 05 PW5G          59 11
QSO: 21263 PH 2012-10-28 2205 K1RO          59 05 VE6AO         59 4
QSO: 21267 PH 2012-10-28 2207 K1RO          59 05 LR3M          59 13
QSO: 21000 PH 2012-10-28 2208 K1RO          59 05 LU4FM         59 13
QSO: 21000 PH 2012-10-28 2208 K1RO          59 05 YV8AD         59 09
QSO: 21313 PH 2012-10-28 2208 K1RO          59 05 PY1GQ         59 11
QSO: 21350 PH 2012-10-28 2211 K1RO          59 05 TM6M          59 14
QSO: 21000 PH 2012-10-28 2212 K1RO          59 05 VE6EX         59 04
QSO: 21378 PH 2012-10-28 2213 K1RO          59 05 TO9R          59 8
QSO: 21000 PH 2012-10-28 2215 K1RO          59 5 C6AZZ         59 8
QSO: 21423 PH 2012-10-28 2215 K1RO          59 05 NP4Z          59 8
QSO: 21428 PH 2012-10-28 2216 K1RO          59 05 RU0FM         59 19
QSO: 21433 PH 2012-10-28 2216 K1RO          59 05 VE6JY         59 4
END-OF-LOG:
