START-OF-LOG: 3.0
CREATED-BY: reconstructed-log-builder
CONTEST: CQ-160-CW
CALLSIGN: DF4ZL
LOCATION: 
CATEGORY: CHECKLOG
CATEGORY-OPERATOR: SINGLE-OP
CATEGORY-BAND: ALL
CATEGORY-MODE: MIXED
CATEGORY-POWER: UNKNOWN
CATEGORY-ASSISTED: NON-ASSISTED
CATEGORY-TRANSMITTER: ONE
CATEGORY-STATION: UNKNOWN
CATEGORY-OVERLAY: 
OPERATORS: DF4ZL
CLAIMED-SCORE: 
CLUB: 
NAME: 
SOAPBOX: RECONSTRUCTED MOCKUP LOG - NOT AN OFFICIAL SUBMISSION.
SOAPBOX: Derived from submitted logs for CQ-160-CW CQ160/cw/2026.
QSO:  1822 CW 2026-01-23 2220 DF4ZL         599 14 OL3Z          599 15
QSO:  1855 CW 2026-01-23 2246 DF4ZL         599 14 OK2W          599 15
QSO:  1854 CW 2026-01-23 2247 DF4ZL         599 14 OZ0B          599 14
QSO:  1844 CW 2026-01-23 2248 DF4ZL         599 14 MW5B          599 14
QSO:  1837 CW 2026-01-23 2250 DF4ZL         599 14 YL3FT         599 15
QSO:  1835 CW 2026-01-23 2251 DF4ZL         599 14 OL1R          599 15
QSO:  1837 CW 2026-01-23 2259 DF4ZL         599 14 LX7I          599 14
QSO:  1827 CW 2026-01-23 2301 DF4ZL         599 14 SC7DX         599 14
QSO:  1826 CW 2026-01-23 2306 DF4ZL         599 14 LN8W          599 14
QSO:  1818 CW 2026-01-23 2308 DF4ZL         599 14 OL26WRTC      599 15
QSO:  1813 CW 2026-01-23 2319 DF4ZL         599 14 YT1X          599 15
QSO:  1843 CW 2026-01-24 0544 DF4ZL         599 14 OT2A          599 14
QSO:  1867 CW 2026-01-24 0551 DF4ZL         599 14 LY4A          599 15
QSO:  1866 CW 2026-01-24 0553 DF4ZL         599 14 HB0DX         599 DX
QSO:  1832 CW 2026-01-24 0555 DF4ZL         599 14 G6P           599 14
END-OF-LOG:
