START-OF-LOG: 2.0
REF-SECTION: 06
CALLSIGN: F1BIJ
CATEGORY: SINGLE-OP 80M LOW
CLAIMED-SCORE:  52212
CONTEST: REF-CW
CREATED-BY: WINREF-HF V9.5.21
NAME: DEPETRIS JEAN MARIE
OFFTIME: 2024-01-27 0600 2024-01-27 1801
OFFTIME: 2024-01-28 0843 2024-01-28 1612
OFFTIME: 2024-01-27 2329 2024-01-28 0518
RIG: IC-756 PRO III
RIG: IC-756 PRO III
RIG: DIPOLE
RIG: 90
QSO: 3500  CW 2024-01-27 1801 F1BIJ         599 06     F4KKF         599 13   
QSO: 3500  CW 2024-01-27 1804 F1BIJ         599 06     F6KOP         599 77   
QSO: 3500  CW 2024-01-27 1807 F1BIJ         599 06     F8DFP         599 63   
QSO: 3500  CW 2024-01-27 1811 F1BIJ         599 06     F5XX          599 81   
QSO: 3500  CW 2024-01-27 1813 F1BIJ         599 06     F8KLY         599 69   
QSO: 3500  CW 2024-01-27 1816 F1BIJ         599 06     F6FWQ         599 86   
QSO: 3500  CW 2024-01-27 1822 F1BIJ         599 06     F5OHM         599 36   
QSO: 3500  CW 2024-01-27 1825 F1BIJ         599 06     ON6MG         599 019  
QSO: 3500  CW 2024-01-27 1828 F1BIJ         599 06     F6API         599 31   
QSO: 3500  CW 2024-01-27 1831 F1BIJ         599 06     F5PHY         599 24   
QSO: 3500  CW 2024-01-27 1834 F1BIJ         599 06     F5OWL         599 83   
QSO: 3500  CW 2024-01-27 1837 F1BIJ         599 06     F6KUP         599 55   
QSO: 3500  CW 2024-01-27 1838 F1BIJ         599 06     DF1DX         599 017  
QSO: 3500  CW 2024-01-27 1844 F1BIJ         599 06     F6AUS         599 79   
QSO: 3500  CW 2024-01-27 1851 F1BIJ         599 06     F4HFJ         599 14   
QSO: 3500  CW 2024-01-27 1855 F1BIJ         599 06     F6KHM         599 29   
QSO: 3500  CW 2024-01-27 1857 F1BIJ         599 06     F4DIA         599 74   
QSO: 3500  CW 2024-01-27 1902 F1BIJ         599 06     TM7M          599 62   
QSO: 3500  CW 2024-01-27 1903 F1BIJ         599 06     F6KPQ         599 56   
QSO: 3500  CW 2024-01-27 1918 F1BIJ         599 06     TM4Y          599 93   
QSO: 3500  CW 2024-01-27 1920 F1BIJ         599 06     F5NZY         599 76   
QSO: 3500  CW 2024-01-27 1922 F1BIJ         599 06     F6GCT         599 77   
QSO: 3500  CW 2024-01-27 1923 F1BIJ         599 06     F6DYX         599 49   
QSO: 3500  CW 2024-01-27 1928 F1BIJ         599 06     F5LVR         599 57   
QSO: 3500  CW 2024-01-27 1935 F1BIJ         599 06     F5KMB         599 60   
QSO: 3500  CW 2024-01-27 1937 F1BIJ         599 06     F4CWN         599 32   
QSO: 3500  CW 2024-01-27 1945 F1BIJ         599 06     F5JU          599 35   
QSO: 3500  CW 2024-01-27 1946 F1BIJ         599 06     F8NUH         599 38   
QSO: 3500  CW 2024-01-27 1948 F1BIJ         599 06     SP5LST        599 076  
QSO: 3500  CW 2024-01-27 1950 F1BIJ         599 06     F6KNB         599 33   
QSO: 3500  CW 2024-01-27 2038 F1BIJ         599 06     G3SWC         599 314  
QSO: 3500  CW 2024-01-27 2045 F1BIJ         599 06     F6KFI         599 72   
QSO: 3500  CW 2024-01-27 2051 F1BIJ         599 06     F5JFU         599 58   
QSO: 3500  CW 2024-01-27 2054 F1BIJ         599 06     F5RAB         599 28   
QSO: 3500  CW 2024-01-27 2056 F1BIJ         599 06     TM50K         599 78   
QSO: 3500  CW 2024-01-27 2057 F1BIJ         599 06     F5UTN         599 27   
QSO: 3500  CW 2024-01-27 2103 F1BIJ         599 06     F5VV          599 01   
QSO: 3500  CW 2024-01-27 2107 F1BIJ         599 06     F5NIB         599 36   
QSO: 3500  CW 2024-01-27 2111 F1BIJ         599 06     F6KEH         599 34   
QSO: 3500  CW 2024-01-27 2114 F1BIJ         599 06     F8GNV         599 77   
QSO: 3500  CW 2024-01-27 2117 F1BIJ         599 06     F8FUA         599 46   
QSO: 3500  CW 2024-01-27 2121 F1BIJ         599 06     F4BIT         599 54   
QSO: 3500  CW 2024-01-27 2127 F1BIJ         599 06     F6CZV/P       599 29   
QSO: 3500  CW 2024-01-27 2130 F1BIJ         599 06     F8KGZ         599 54   
QSO: 3500  CW 2024-01-27 2140 F1BIJ         599 06     F5RGY/P       599 25   
QSO: 3500  CW 2024-01-27 2141 F1BIJ         599 06     F5OZC         599 49   
QSO: 3500  CW 2024-01-27 2142 F1BIJ         599 06     F5KCK         599 78   
QSO: 3500  CW 2024-01-27 2144 F1BIJ         599 06     F6KLO         599 19   
QSO: 3500  CW 2024-01-27 2146 F1BIJ         599 06     F6AGM         599 81   
QSO: 3500  CW 2024-01-27 2151 F1BIJ         599 06     F5IN          599 45   
QSO: 3500  CW 2024-01-27 2156 F1BIJ         599 06     F5PXP         599 81   
QSO: 3500  CW 2024-01-27 2205 F1BIJ         599 06     F5KCC         599 89   
QSO: 3500  CW 2024-01-27 2207 F1BIJ         599 06     F5NTZ         599 77   
QSO: 3500  CW 2024-01-27 2209 F1BIJ         599 06     F8KHM         599 29   
QSO: 3500  CW 2024-01-27 2211 F1BIJ         599 06     F8ATS         599 91   
QSO: 3500  CW 2024-01-27 2216 F1BIJ         599 06     F5VKT         599 47   
QSO: 3500  CW 2024-01-27 2219 F1BIJ         599 06     F8KCF         599 74   
QSO: 3500  CW 2024-01-27 2223 F1BIJ         599 06     F5OIH         599 86   
QSO: 3500  CW 2024-01-27 2225 F1BIJ         599 06     F6REF         599 00   
QSO: 3500  CW 2024-01-27 2228 F1BIJ         599 06     TM4S          599 04   
QSO: 3500  CW 2024-01-27 2236 F1BIJ         599 06     F8UFT         599 62   
QSO: 3500  CW 2024-01-27 2239 F1BIJ         599 06     F4KNS         599 28   
QSO: 3500  CW 2024-01-27 2247 F1BIJ         599 06     F5IIQ         599 23   
QSO: 3500  CW 2024-01-27 2253 F1BIJ         599 06     F5IF          599 66   
QSO: 3500  CW 2024-01-27 2301 F1BIJ         599 06     F4FGB         599 73   
QSO: 3500  CW 2024-01-27 2311 F1BIJ         599 06     F5KOU         599 80   
QSO: 3500  CW 2024-01-27 2312 F1BIJ         599 06     F6KJS         599 71   
QSO: 3500  CW 2024-01-27 2315 F1BIJ         599 06     SN7F          599 127  
QSO: 3500  CW 2024-01-27 2319 F1BIJ         599 06     TM1HR         599 68   
QSO: 3500  CW 2024-01-27 2321 F1BIJ         599 06     F5LMG         599 22   
QSO: 3500  CW 2024-01-27 2329 F1BIJ         599 06     F6CRP         599 17   
QSO: 3500  CW 2024-01-28 0518 F1BIJ         599 06     F5POJ         599 02   
QSO: 3500  CW 2024-01-28 0520 F1BIJ         599 06     F5JBR         599 01   
QSO: 3500  CW 2024-01-28 0522 F1BIJ         599 06     F6KMX         599 94   
QSO: 3500  CW 2024-01-28 0524 F1BIJ         599 06     FY5KE         599 FY   
QSO: 3500  CW 2024-01-28 0544 F1BIJ         599 06     F5MNC         599 41   
QSO: 3500  CW 2024-01-28 0547 F1BIJ         599 06     F6BYJ         599 16   
QSO: 3500  CW 2024-01-28 0613 F1BIJ         599 06     F5NKX         599 50   
QSO: 3500  CW 2024-01-28 0624 F1BIJ         599 06     F5FDR         599 80   
QSO: 3500  CW 2024-01-28 0627 F1BIJ         599 06     TM4K          599 03   
QSO: 3500  CW 2024-01-28 0629 F1BIJ         599 06     F6KUQ         599 33   
QSO: 3500  CW 2024-01-28 0630 F1BIJ         599 06     F4KJP         599 08   
QSO: 3500  CW 2024-01-28 0636 F1BIJ         599 06     F6BBQ         599 59   
QSO: 3500  CW 2024-01-28 0639 F1BIJ         599 06     F5VBU         599 66   
QSO: 3500  CW 2024-01-28 0641 F1BIJ         599 06     TM5W          599 63   
QSO: 3500  CW 2024-01-28 0647 F1BIJ         599 06     F8KGW         599 35   
QSO: 3500  CW 2024-01-28 0648 F1BIJ         599 06     F6HQP         599 73   
QSO: 3500  CW 2024-01-28 0651 F1BIJ         599 06     F6KJX         599 41   
QSO: 3500  CW 2024-01-28 0653 F1BIJ         599 06     F5KKD         599 93   
QSO: 3500  CW 2024-01-28 0655 F1BIJ         599 06     F5ICC         599 24   
QSO: 3500  CW 2024-01-28 0658 F1BIJ         599 06     F8EZX         599 31   
QSO: 3500  CW 2024-01-28 0704 F1BIJ         599 06     F8BPN         599 19   
QSO: 3500  CW 2024-01-28 0706 F1BIJ         599 06     F5RWE         599 36   
QSO: 3500  CW 2024-01-28 0711 F1BIJ         599 06     TM4A          599 79   
QSO: 3500  CW 2024-01-28 0714 F1BIJ         599 06     F6FTB         599 21   
QSO: 3500  CW 2024-01-28 0715 F1BIJ         599 06     F6CWA/P       599 26   
QSO: 3500  CW 2024-01-28 0717 F1BIJ         599 06     F5IAE         599 18   
QSO: 3500  CW 2024-01-28 0727 F1BIJ         599 06     F6HKS         599 81   
QSO: 3500  CW 2024-01-28 0732 F1BIJ         599 06     F5SGI         599 56   
QSO: 3500  CW 2024-01-28 0734 F1BIJ         599 06     F5AUZ         599 87   
QSO: 3500  CW 2024-01-28 0738 F1BIJ         599 06     F6KGI         599 11   
QSO: 3500  CW 2024-01-28 0740 F1BIJ         599 06     F6GOE         599 11   
QSO: 3500  CW 2024-01-28 0743 F1BIJ         599 06     F5SIH         599 38   
QSO: 3500  CW 2024-01-28 0744 F1BIJ         599 06     F8KGN         599 59   
QSO: 3500  CW 2024-01-28 0746 F1BIJ         599 06     TM5E          599 76   
QSO: 3500  CW 2024-01-28 0759 F1BIJ         599 06     F6CZQ         599 73   
QSO: 3500  CW 2024-01-28 0830 F1BIJ         599 06     F5OQK         599 85   
QSO: 3500  CW 2024-01-28 0843 F1BIJ         599 06     HB9AOF        599 138  
QSO: 3500  CW 2024-01-28 1612 F1BIJ         599 06     TM4E          599 83   
QSO: 3500  CW 2024-01-28 1614 F1BIJ         599 06     F6EEQ         599 26   
QSO: 3500  CW 2024-01-28 1627 F1BIJ         599 06     F8NJ          599 10   
QSO: 3500  CW 2024-01-28 1635 F1BIJ         599 06     F6ARL         599 06   
QSO: 3500  CW 2024-01-28 1638 F1BIJ         599 06     F6FET         599 53   
QSO: 3500  CW 2024-01-28 1645 F1BIJ         599 06     F5PYJ         599 44   
QSO: 3500  CW 2024-01-28 1651 F1BIJ         599 06     F6IIT         599 86   
QSO: 3500  CW 2024-01-28 1655 F1BIJ         599 06     F6DTZ         599 65   
QSO: 3500  CW 2024-01-28 1700 F1BIJ         599 06     F6FDR         599 80   
QSO: 3500  CW 2024-01-28 1702 F1BIJ         599 06     F6KMC         599 47   
END-OF-LOG:
