START-OF-LOG: 3.0
CREATED-BY: reconstructed-log-builder
CONTEST: EUHFC
CALLSIGN: DL4ZBY
LOCATION: 
CATEGORY: CHECKLOG
CATEGORY-OPERATOR: SINGLE-OP
CATEGORY-BAND: ALL
CATEGORY-MODE: MIXED
CATEGORY-POWER: UNKNOWN
CATEGORY-ASSISTED: NON-ASSISTED
CATEGORY-TRANSMITTER: ONE
CATEGORY-STATION: UNKNOWN
CATEGORY-OVERLAY: 
OPERATORS: DL4ZBY
CLAIMED-SCORE: 
CLUB: 
NAME: 
SOAPBOX: RECONSTRUCTED MOCKUP LOG - NOT AN OFFICIAL SUBMISSION.
SOAPBOX: Derived from submitted logs for EUHFC EUHFC/2023.
QSO: 14000 CW 2023-08-05 1601 DL4ZBY        599 68 LY2DX         599 83
QSO: 14000 CW 2023-08-05 1602 DL4ZBY        599 68 UB7K          599 90
QSO: 14004 CW 2023-08-05 1603 DL4ZBY        599 68 R5GR          599 17
QSO: 14006 CW 2023-08-05 1603 DL4ZBY        599 68 S53X          599 79
QSO: 14008 CW 2023-08-05 1605 DL4ZBY        599 68 UC4L          599 74
QSO: 14009 CW 2023-08-05 1606 DL4ZBY        599 68 EU1A          599 95
QSO: 14009 CW 2023-08-05 1607 DL4ZBY        599 68 LZ6E          599 59
QSO: 14010 CW 2023-08-05 1607 DL4ZBY        599 68 EU2F          599 76
QSO: 14011 CW 2023-08-05 1609 DL4ZBY        599 68 UX4U          599 09
QSO: 14012 CW 2023-08-05 1610 DL4ZBY        599 68 E74A          599 77
QSO: 14012 CW 2023-08-05 1610 DL4ZBY        599 68 US2YW         599 88
QSO: 14015 CW 2023-08-05 1612 DL4ZBY        599 68 UB4Y          599 16
QSO: 14015 CW 2023-08-05 1614 DL4ZBY        599 67 UA6LCN        599 73
QSO: 14015 CW 2023-08-05 1615 DL4ZBY        599 68 Z30A          599 91
QSO: 14017 CW 2023-08-05 1616 DL4ZBY        599 68 UW2U          599 21
QSO: 14018 CW 2023-08-05 1616 DL4ZBY        599 68 YR9F          599 88
QSO: 14019 CW 2023-08-05 1618 DL4ZBY        599 68 OY1CT         599 78
QSO: 14019 CW 2023-08-05 1619 DL4ZBY        599 68 RL4A          599 81
QSO: 14020 CW 2023-08-05 1620 DL4ZBY        599 68 UR7R          599 82
QSO: 14021 CW 2023-08-05 1622 DL4ZBY        599 68 CR6K          599 02
QSO: 14023 CW 2023-08-05 1624 DL4ZBY        599 68 SM5CSS        599 60
QSO: 14024 CW 2023-08-05 1626 DL4ZBY        599 68 EA7Q          599 92
QSO: 14026 CW 2023-08-05 1626 DL4ZBY        599 68 LZ3QE         599 89
QSO: 14026 CW 2023-08-05 1627 DL4ZBY        599 68 YP8T          599 18
QSO: 14027 CW 2023-08-05 1628 DL4ZBY        599 68 SM6F          599 61
QSO: 14028 CW 2023-08-05 1629 DL4ZBY        599 68 OH1F          599 88
QSO: 14032 CW 2023-08-05 1632 DL4ZBY        599 68 RK3DK         599 71
QSO: 14000 CW 2023-08-05 1634 DL4ZBY        599 68 SD1A          599 89
QSO: 14036 CW 2023-08-05 1634 DL4ZBY        599 68 R7AT          599 82
QSO: 14037 CW 2023-08-05 1635 DL4ZBY        599 68 OG7F          599 74
QSO: 14037 CW 2023-08-05 1637 DL4ZBY        599 68 OZ1AAR        599 73
QSO: 14041 CW 2023-08-05 1638 DL4ZBY        599 68 EW1M          599 80
QSO: 14044 CW 2023-08-05 1639 DL4ZBY        599 68 LZ5Y          599 72
QSO: 14044 CW 2023-08-05 1640 DL4ZBY        599 68 CT1GFK        599 96
QSO: 14047 CW 2023-08-05 1641 DL4ZBY        599 68 UA1ANA        599 70
QSO: 14047 CW 2023-08-05 1642 DL4ZBY        599 68 EU1DX         599 86
QSO: 14048 CW 2023-08-05 1644 DL4ZBY        599 68 YL2VW         599 91
QSO: 14056 CW 2023-08-05 1647 DL4ZBY        599 68 RN6L          599 84
QSO: 14059 CW 2023-08-05 1649 DL4ZBY        599 68 LY4G          599 05
QSO:  7003 CW 2023-08-05 1651 DL4ZBY        599 68 9A5Y          599 98
QSO:  7006 CW 2023-08-05 1710 DL4ZBY        599 68 LY7R          599 82
QSO:  7013 CW 2023-08-05 1713 DL4ZBY        599 68 SP4G          599 68
QSO:  7014 CW 2023-08-05 1715 DL4ZBY        599 68 OZ0B          599 82
QSO:  7014 CW 2023-08-05 1716 DL4ZBY        599 68 LZ5DI         599 21
QSO:  7016 CW 2023-08-05 1718 DL4ZBY        599 68 HA5JI         599 70
QSO:  7017 CW 2023-08-05 1720 DL4ZBY        599 68 LY7M          599 71
QSO:  7020 CW 2023-08-05 1720 DL4ZBY        599 68 US2YW         599 88
QSO:  7022 CW 2023-08-05 1722 DL4ZBY        599 68 EI5KF         599 11
END-OF-LOG:
