START-OF-LOG: 3.0
CONTEST: WW-DIGI
CALLSIGN: PA6AA
LOCATION: DX
CATEGORY-OPERATOR: SINGLE-OP
CATEGORY-ASSISTED: ASSISTED
CATEGORY-BAND: ALL
CATEGORY-POWER: HIGH
CATEGORY-MODE: DIGI
CATEGORY-TRANSMITTER: ONE
GRID-LOCATOR: JO32IU
CLAIMED-SCORE: 178220
NAME: Bernard Zuidema
OPERATORS: PB7Z
CLUB: Bavarian Contest Club
CREATED-BY: N1MM Logger+ 1.0.10888.0
QSO:   14091 DG 2025-08-30 1201 PA6AA            JO32   UX7QV            KN29    
QSO:   14091 DG 2025-08-30 1202 PA6AA            JO32   TA2EHI           KM69    
QSO:   14091 DG 2025-08-30 1204 PA6AA            JO32   PA4O             JO33    
QSO:   14091 DG 2025-08-30 1206 PA6AA            JO32   N3FCP            FM29    
QSO:   14091 DG 2025-08-30 1207 PA6AA            JO32   PD1RP            JO22    
QSO:   14091 DG 2025-08-30 1211 PA6AA            JO32   YU4PTT           KN04    
QSO:   14091 DG 2025-08-30 1217 PA6AA            JO32   PI4X             JO32    
QSO:   14091 DG 2025-08-30 1219 PA6AA            JO32   OE1XTU           JN88    
QSO:   14091 DG 2025-08-30 1219 PA6AA            JO32   9A4AA            JN75    
QSO:   14091 DG 2025-08-30 1222 PA6AA            JO32   OH2HOD           KP20    
QSO:   14091 DG 2025-08-30 1223 PA6AA            JO32   UT8EU            KN78    
QSO:   14091 DG 2025-08-30 1225 PA6AA            JO32   EA2DYB           IN83    
QSO:   14091 DG 2025-08-30 1226 PA6AA            JO32   AA3B             FN20    
QSO:   14091 DG 2025-08-30 1228 PA6AA            JO32   WT3K             FM19    
QSO:   14091 DG 2025-08-30 1230 PA6AA            JO32   UR5WCA           KN29    
QSO:   14091 DG 2025-08-30 1231 PA6AA            JO32   PD1TV            JO32    
QSO:   14091 DG 2025-08-30 1232 PA6AA            JO32   PD7EB            JO32    
QSO:   14091 DG 2025-08-30 1233 PA6AA            JO32   N1SFE            FN31    
QSO:   14081 DG 2025-08-30 1237 PA6AA            JO32   ES2AJ            KO29    
QSO:   14081 DG 2025-08-30 1241 PA6AA            JO32   K3MM             FM19    
QSO:   14083 DG 2025-08-30 1245 PA6AA            JO32   S53F             JN75    
QSO:   14083 DG 2025-08-30 1246 PA6AA            JO32   EV1R             KO33    
QSO:   14083 DG 2025-08-30 1247 PA6AA            JO32   F4JQH            JN12    
QSO:   14083 DG 2025-08-30 1248 PA6AA            JO32   ER3KAZ           KN47    
QSO:   14083 DG 2025-08-30 1248 PA6AA            JO32   N8PFK            EN74    
QSO:   14083 DG 2025-08-30 1249 PA6AA            JO32   K1RZ             FM19    
QSO:   14083 DG 2025-08-30 1250 PA6AA            JO32   IZ4REF           JN54    
QSO:   14083 DG 2025-08-30 1251 PA6AA            JO32   LX7I             JN29    
QSO:   14083 DG 2025-08-30 1252 PA6AA            JO32   R1AV             KP50    
QSO:   14083 DG 2025-08-30 1254 PA6AA            JO32   K1RZ             FM19    
QSO:   14083 DG 2025-08-30 1256 PA6AA            JO32   OH3DIG           KP21    
QSO:   14083 DG 2025-08-30 1258 PA6AA            JO32   NA3M             FM19    
QSO:   14083 DG 2025-08-30 1301 PA6AA            JO32   9A4KJ            JN74    
QSO:   14083 DG 2025-08-30 1304 PA6AA            JO32   E72U             JN94    
QSO:   14082 DG 2025-08-30 1306 PA6AA            JO32   PD7EB            JO32    
QSO:   14082 DG 2025-08-30 1307 PA6AA            JO32   JH4UTP           PM64    
QSO:   14082 DG 2025-08-30 1307 PA6AA            JO32   OH8DRJ           KP34    
QSO:   14082 DG 2025-08-30 1309 PA6AA            JO32   EB1GUA           IN71    
QSO:   14082 DG 2025-08-30 1311 PA6AA            JO32   IV3FSG           JN65    
QSO:   21083 DG 2025-08-30 1316 PA6AA            JO32   AI9T             EM69    
QSO:   21081 DG 2025-08-30 1318 PA6AA            JO32   K1SFA            FN32    
QSO:   21081 DG 2025-08-30 1319 PA6AA            JO32   K5EK             FM06    
QSO:   21081 DG 2025-08-30 1319 PA6AA            JO32   KD2JOE           FM29    
QSO:   21081 DG 2025-08-30 1321 PA6AA            JO32   KT9L             EM69    
QSO:   21081 DG 2025-08-30 1322 PA6AA            JO32   WD4GBW           FM17    
QSO:   21081 DG 2025-08-30 1322 PA6AA            JO32   N9UA             EN54    
QSO:   21081 DG 2025-08-30 1325 PA6AA            JO32   K3MM             FM19    
QSO:   21081 DG 2025-08-30 1326 PA6AA            JO32   NR4O             FM05    
QSO:   21081 DG 2025-08-30 1328 PA6AA            JO32   5B4AMM           KM65    
QSO:   21092 DG 2025-08-30 1333 PA6AA            JO32   NM1G             FN41    
QSO:   21092 DG 2025-08-30 1335 PA6AA            JO32   UT2UB            KO50    
QSO:   21092 DG 2025-08-30 1337 PA6AA            JO32   N1EK             FM19    
QSO:   21092 DG 2025-08-30 1339 PA6AA            JO32   BD3PPA           OM78    
QSO:   21092 DG 2025-08-30 1340 PA6AA            JO32   YB1MW            OI33    
QSO:   21092 DG 2025-08-30 1341 PA6AA            JO32   AA4PA            EM55    
QSO:   21092 DG 2025-08-30 1342 PA6AA            JO32   YB3TLP           OI62    
QSO:   21092 DG 2025-08-30 1344 PA6AA            JO32   KB4S             FM17    
QSO:   21092 DG 2025-08-30 1346 PA6AA            JO32   JH7QXJ           QM08    
QSO:   21092 DG 2025-08-30 1347 PA6AA            JO32   UR6QS            KN77    
QSO:   21092 DG 2025-08-30 1348 PA6AA            JO32   DR1X             JO41    
QSO:   21092 DG 2025-08-30 1350 PA6AA            JO32   BD7LMB           OL62    
QSO:   21092 DG 2025-08-30 1352 PA6AA            JO32   W1RM             FN31    
QSO:   21092 DG 2025-08-30 1353 PA6AA            JO32   K1BZ             FN54    
QSO:   28092 DG 2025-08-30 1355 PA6AA            JO32   7S9A             JO67    
QSO:   28092 DG 2025-08-30 1357 PA6AA            JO32   4Z5MY            KM71    
QSO:   28092 DG 2025-08-30 1359 PA6AA            JO32   LT5D             GF12    
QSO:   28092 DG 2025-08-30 1400 PA6AA            JO32   AZ1D             FF94    
QSO:   28092 DG 2025-08-30 1402 PA6AA            JO32   CX2CN            GF15    
QSO:   28092 DG 2025-08-30 1406 PA6AA            JO32   OA4DOS           FH17    
QSO:   28092 DG 2025-08-30 1408 PA6AA            JO32   4Z5MY            KM71    
QSO:   28091 DG 2025-08-30 1413 PA6AA            JO32   PD7EB            JO32    
QSO:   28091 DG 2025-08-30 1417 PA6AA            JO32   PP2CS            GH53    
QSO:   28081 DG 2025-08-30 1421 PA6AA            JO32   PU3POE           GG40    
QSO:   14081 DG 2025-08-30 1423 PA6AA            JO32   IZ5BSA           JN53    
QSO:   14081 DG 2025-08-30 1424 PA6AA            JO32   EA3FHP           JN11    
QSO:   14081 DG 2025-08-30 1425 PA6AA            JO32   IU5HIU           JN53    
QSO:   14081 DG 2025-08-30 1425 PA6AA            JO32   EW1TU            KO33    
QSO:   14081 DG 2025-08-30 1426 PA6AA            JO32   RA9AMO           MO05    
QSO:   14081 DG 2025-08-30 1427 PA6AA            JO32   PA2IP            JO23    
QSO:   14081 DG 2025-08-30 1428 PA6AA            JO32   YO6PPX           KN26    
QSO:   14081 DG 2025-08-30 1429 PA6AA            JO32   EA5D             JN00    
QSO:   14081 DG 2025-08-30 1431 PA6AA            JO32   IT9GJK           JM77    
QSO:   14081 DG 2025-08-30 1432 PA6AA            JO32   IU7HYG           JN80    
QSO:   14081 DG 2025-08-30 1432 PA6AA            JO32   RV3ZN            KO81    
QSO:   14081 DG 2025-08-30 1433 PA6AA            JO32   RA1M             KO59    
QSO:   14081 DG 2025-08-30 1434 PA6AA            JO32   R4RB             LO55    
QSO:   14081 DG 2025-08-30 1435 PA6AA            JO32   VA3TA            EN93    
QSO:   14081 DG 2025-08-30 1436 PA6AA            JO32   ES1LL            KO29    
QSO:   14081 DG 2025-08-30 1436 PA6AA            JO32   YO4AAC           KN35    
QSO:   14081 DG 2025-08-30 1437 PA6AA            JO32   A65RW            LL75    
QSO:   14081 DG 2025-08-30 1438 PA6AA            JO32   HA8LHT           JN95    
QSO:   14081 DG 2025-08-30 1440 PA6AA            JO32   SV2AOB           KN10    
QSO:   14081 DG 2025-08-30 1442 PA6AA            JO32   R6ON             KN88    
QSO:   14090 DG 2025-08-30 1445 PA6AA            JO32   BI8CZM           OM20    
QSO:   14090 DG 2025-08-30 1450 PA6AA            JO32   YL2KF            KO27    
QSO:   14090 DG 2025-08-30 1451 PA6AA            JO32   R3DIG            KO95    
QSO:   14090 DG 2025-08-30 1453 PA6AA            JO32   BG4OXQ           OM86    
QSO:   14090 DG 2025-08-30 1454 PA6AA            JO32   BI8CZM           OM20    
QSO:   14090 DG 2025-08-30 1455 PA6AA            JO32   VK4AFU           QG61    
QSO:   14090 DG 2025-08-30 1456 PA6AA            JO32   N2BJ             EN61    
QSO:   14090 DG 2025-08-30 1458 PA6AA            JO32   VK2IE            QF55    
QSO:   14090 DG 2025-08-30 1459 PA6AA            JO32   TA1BX            KN41    
QSO:   14090 DG 2025-08-30 1506 PA6AA            JO32   RA4L             LO44    
QSO:   14090 DG 2025-08-30 1507 PA6AA            JO32   BA4SQI           OM91    
QSO:   14090 DG 2025-08-30 1512 PA6AA            JO32   UW5EMC           KN67    
QSO:   14090 DG 2025-08-30 1515 PA6AA            JO32   E75AMR           JN93    
QSO:   14090 DG 2025-08-30 1515 PA6AA            JO32   EA2DR            IN83    
QSO:   21090 DG 2025-08-30 1520 PA6AA            JO32   JH4UTP           PM64    
QSO:   21090 DG 2025-08-30 1521 PA6AA            JO32   9J2FI            KH44    
QSO:   21090 DG 2025-08-30 1522 PA6AA            JO32   VE5MX            DN89    
QSO:   21090 DG 2025-08-30 1523 PA6AA            JO32   AA3B             FN20    
QSO:   21090 DG 2025-08-30 1525 PA6AA            JO32   E2K              OK02    
QSO:   21090 DG 2025-08-30 1526 PA6AA            JO32   JH4UTP           PM64    
QSO:   21090 DG 2025-08-30 1529 PA6AA            JO32   R0AX             NO56    
QSO:   21090 DG 2025-08-30 1532 PA6AA            JO32   US3EW            KN78    
QSO:   21090 DG 2025-08-30 1534 PA6AA            JO32   BG0ETY           NN33    
QSO:   21090 DG 2025-08-30 1537 PA6AA            JO32   YB1HR            OI33    
QSO:   21090 DG 2025-08-30 1538 PA6AA            JO32   YB1APD           OI43    
QSO:   21090 DG 2025-08-30 1543 PA6AA            JO32   BI4MFK           PM01    
QSO:   21090 DG 2025-08-30 1549 PA6AA            JO32   WB5N             EL29    
QSO:   21090 DG 2025-08-30 1551 PA6AA            JO32   YC1JEL           OI33    
QSO:   21090 DG 2025-08-30 1556 PA6AA            JO32   BG8GAM           OL39    
QSO:   21090 DG 2025-08-30 1557 PA6AA            JO32   JH0WJF           PM86    
QSO:   21090 DG 2025-08-30 1559 PA6AA            JO32   PA4GDR           JO32    
QSO:   21090 DG 2025-08-30 1604 PA6AA            JO32   YB4ECU           OI19    
QSO:   21090 DG 2025-08-30 1607 PA6AA            JO32   W4MLB            EL98    
QSO:   21090 DG 2025-08-30 1608 PA6AA            JO32   7E3E             OI62    
QSO:   21090 DG 2025-08-30 1610 PA6AA            JO32   JH4UYB           PM64    
QSO:   21090 DG 2025-08-30 1611 PA6AA            JO32   BG6QBV           OM70    
QSO:   21090 DG 2025-08-30 1614 PA6AA            JO32   WW4LL            EM73    
QSO:   21090 DG 2025-08-30 1615 PA6AA            JO32   PY5AMF           GG54    
QSO:   21081 DG 2025-08-30 1617 PA6AA            JO32   SV1DZB           KM18    
QSO:   21081 DG 2025-08-30 1618 PA6AA            JO32   BI4IWL           OM86    
QSO:   21081 DG 2025-08-30 1620 PA6AA            JO32   E23IBS           NK98    
QSO:   21081 DG 2025-08-30 1621 PA6AA            JO32   RW0SR            OO22    
QSO:   21081 DG 2025-08-30 1622 PA6AA            JO32   PY5QW            GG54    
QSO:    7092 DG 2025-08-30 1626 PA6AA            JO32   PD7EB            JO32    
QSO:    7092 DG 2025-08-30 1627 PA6AA            JO32   OE3XFH           JN87    
QSO:    7092 DG 2025-08-30 1628 PA6AA            JO32   PC4H             JO22    
QSO:    7092 DG 2025-08-30 1629 PA6AA            JO32   ZL3IO            RF80    
QSO:    7092 DG 2025-08-30 1632 PA6AA            JO32   YT1DDL           KN04    
QSO:    7092 DG 2025-08-30 1633 PA6AA            JO32   PD2PKM           JO21    
QSO:    7092 DG 2025-08-30 1634 PA6AA            JO32   YL3ARZ           KO16    
QSO:    7092 DG 2025-08-30 1635 PA6AA            JO32   PD1TV            JO32    
QSO:    7092 DG 2025-08-30 1637 PA6AA            JO32   DH2RTW           JO31    
QSO:    7092 DG 2025-08-30 1639 PA6AA            JO32   DG1YBN           JO32    
QSO:    7092 DG 2025-08-30 1641 PA6AA            JO32   F1FCA            JN39    
QSO:    7092 DG 2025-08-30 1645 PA6AA            JO32   RC7KH            KN75    
QSO:    7090 DG 2025-08-30 1647 PA6AA            JO32   9A6TT            JN85    
QSO:    7090 DG 2025-08-30 1648 PA6AA            JO32   UA4SJO           LO45    
QSO:    7090 DG 2025-08-30 1649 PA6AA            JO32   DG9VH            JN39    
QSO:    7090 DG 2025-08-30 1652 PA6AA            JO32   OM5CM            JN98    
QSO:    7092 DG 2025-08-30 1700 PA6AA            JO32   F1ABL            JN24    
QSO:    7092 DG 2025-08-30 1701 PA6AA            JO32   PA2VS            JO33    
QSO:    7092 DG 2025-08-30 1703 PA6AA            JO32   VK3BDX           QF21    
QSO:    7092 DG 2025-08-30 1704 PA6AA            JO32   RV3ZN            KO81    
QSO:    7092 DG 2025-08-30 1707 PA6AA            JO32   JH4UTP           PM64    
QSO:   28092 DG 2025-08-30 1714 PA6AA            JO32   PE4BAS           JO33    
QSO:   28091 DG 2025-08-30 1718 PA6AA            JO32   PY1KB            GG87    
QSO:   28091 DG 2025-08-30 1720 PA6AA            JO32   DD2ML            JN68    
QSO:   28091 DG 2025-08-30 1722 PA6AA            JO32   PY6BK            HH07    
QSO:   28091 DG 2025-08-30 1724 PA6AA            JO32   CX8AF            GF15    
QSO:   28081 DG 2025-08-30 1726 PA6AA            JO32   PI4DX            JO21    
QSO:   28081 DG 2025-08-30 1728 PA6AA            JO32   LT5D             GF12    
QSO:   21081 DG 2025-08-30 1730 PA6AA            JO32   CX6TU            GF25    
QSO:   21091 DG 2025-08-30 1733 PA6AA            JO32   NF3R             FN20    
QSO:   21091 DG 2025-08-30 1734 PA6AA            JO32   DG5LP            JN48    
QSO:   21091 DG 2025-08-30 1736 PA6AA            JO32   XR3A             FF46    
QSO:   21091 DG 2025-08-30 1738 PA6AA            JO32   YB3STI           OI52    
QSO:   21091 DG 2025-08-30 1739 PA6AA            JO32   OZ1ADL           JO46    
QSO:   21091 DG 2025-08-30 1740 PA6AA            JO32   BI7JMD           OL63    
QSO:   21091 DG 2025-08-30 1743 PA6AA            JO32   4X5DK            KM71    
QSO:   21091 DG 2025-08-30 1747 PA6AA            JO32   EA8DGI           IL28    
QSO:   21091 DG 2025-08-30 1748 PA6AA            JO32   YD0BYR           OI33    
QSO:   21091 DG 2025-08-30 1750 PA6AA            JO32   EX9DX            MN72    
QSO:   21091 DG 2025-08-30 1751 PA6AA            JO32   YB2CZV           OI42    
QSO:   21091 DG 2025-08-30 1752 PA6AA            JO32   PY2QT            GG76    
QSO:   21091 DG 2025-08-30 1757 PA6AA            JO32   PY1KB            GG87    
QSO:   21091 DG 2025-08-30 1759 PA6AA            JO32   CE4WT            FF33    
QSO:   28091 DG 2025-08-30 1802 PA6AA            JO32   PY2GZ            GG66    
QSO:   28091 DG 2025-08-30 1803 PA6AA            JO32   PU4JOE           GH91    
QSO:   28091 DG 2025-08-30 1804 PA6AA            JO32   PY2DPM           GG66    
QSO:   28091 DG 2025-08-30 1809 PA6AA            JO32   XR3A             FF46    
QSO:   28091 DG 2025-08-30 1812 PA6AA            JO32   PY5KD            GG54    
QSO:   28092 DG 2025-08-30 1814 PA6AA            JO32   9Y4DZ            FK90    
QSO:   28092 DG 2025-08-30 1817 PA6AA            JO32   LU2NI            FG72    
QSO:   28092 DG 2025-08-30 1819 PA6AA            JO32   ZV4WDM           GH83    
QSO:   28091 DG 2025-08-30 1826 PA6AA            JO32   PY2RVM           CG48    
QSO:   28091 DG 2025-08-30 1830 PA6AA            JO32   PY2WLM           GG66    
QSO:   28091 DG 2025-08-30 1831 PA6AA            JO32   PY5EJ            GG54    
QSO:   28091 DG 2025-08-30 1832 PA6AA            JO32   CA6WNE           FF30    
QSO:   28091 DG 2025-08-30 1834 PA6AA            JO32   PY3LX            GG40    
QSO:   28091 DG 2025-08-30 1835 PA6AA            JO32   K4EA             EM74    
QSO:   28091 DG 2025-08-30 1836 PA6AA            JO32   PY2EBD           GG67    
QSO:   28091 DG 2025-08-30 1837 PA6AA            JO32   CX2DSN           GF15    
QSO:   28091 DG 2025-08-30 1839 PA6AA            JO32   PU2TWZ           GG67    
QSO:   28091 DG 2025-08-30 1842 PA6AA            JO32   CB3VS            FF46    
QSO:   28091 DG 2025-08-30 1845 PA6AA            JO32   IN3BFW           JN55    
QSO:   28091 DG 2025-08-30 1846 PA6AA            JO32   YU2MS            JN93    
QSO:   21090 DG 2025-08-30 1849 PA6AA            JO32   DV1K             PK04    
QSO:   21090 DG 2025-08-30 1850 PA6AA            JO32   R2AL             KO85    
QSO:   21090 DG 2025-08-30 1851 PA6AA            JO32   PT2ND            GH64    
QSO:   21090 DG 2025-08-30 1855 PA6AA            JO32   YB8DUL           OI94    
QSO:   21090 DG 2025-08-30 1856 PA6AA            JO32   HS0ZOY           OK14    
QSO:   21090 DG 2025-08-30 1900 PA6AA            JO32   W1GRL            FN54    
QSO:   21090 DG 2025-08-30 1902 PA6AA            JO32   LU2EH            GF05    
QSO:   21090 DG 2025-08-30 1903 PA6AA            JO32   G4DDL            IO91    
QSO:   21090 DG 2025-08-30 1905 PA6AA            JO32   YD1FRU           OI33    
QSO:   21090 DG 2025-08-30 1906 PA6AA            JO32   CB3VS            FF46    
QSO:   21090 DG 2025-08-30 1908 PA6AA            JO32   LT5D             GF12    
QSO:   21090 DG 2025-08-30 1913 PA6AA            JO32   K9CT             EN50    
QSO:   21090 DG 2025-08-30 1915 PA6AA            JO32   WA7LNW           DM37    
QSO:   21090 DG 2025-08-30 1916 PA6AA            JO32   KP2B             FK77    
QSO:   21090 DG 2025-08-30 1917 PA6AA            JO32   PY5GA            GG54    
QSO:   21090 DG 2025-08-30 1920 PA6AA            JO32   K6OK             CM98    
QSO:   21090 DG 2025-08-30 1921 PA6AA            JO32   S51NM            JN76    
QSO:   21090 DG 2025-08-30 1922 PA6AA            JO32   KA6JAR           DM13    
QSO:   21090 DG 2025-08-30 1923 PA6AA            JO32   IZ4OSH           JN54    
QSO:   21090 DG 2025-08-30 1925 PA6AA            JO32   7X2KF            JM06    
QSO:   21090 DG 2025-08-30 1926 PA6AA            JO32   N7PMS            DN28    
QSO:   21090 DG 2025-08-30 1927 PA6AA            JO32   PU2UAF           GG66    
QSO:   21090 DG 2025-08-30 1928 PA6AA            JO32   AY9W             FE64    
QSO:   21090 DG 2025-08-30 1929 PA6AA            JO32   PU2UAF           GG66    
QSO:   21090 DG 2025-08-30 1931 PA6AA            JO32   N6EE             FN64    
QSO:   21090 DG 2025-08-30 1934 PA6AA            JO32   VU22DX           MK65    
QSO:   21090 DG 2025-08-30 1935 PA6AA            JO32   DO1FDK           JO41    
QSO:   21090 DG 2025-08-30 1938 PA6AA            JO32   ON6LEO           JO21    
QSO:   21090 DG 2025-08-30 1939 PA6AA            JO32   CE3TSK           FF46    
QSO:   21090 DG 2025-08-30 1940 PA6AA            JO32   PU2USK           GG76    
QSO:   21090 DG 2025-08-30 1941 PA6AA            JO32   PP5FZ            GG42    
QSO:   21090 DG 2025-08-30 1942 PA6AA            JO32   RG5A             KN93    
QSO:   21090 DG 2025-08-30 1944 PA6AA            JO32   N8HRZ            EN91    
QSO:   21090 DG 2025-08-30 1945 PA6AA            JO32   W0ZA             EN00    
QSO:   21090 DG 2025-08-30 1948 PA6AA            JO32   IT9VCE           JM77    
QSO:   21081 DG 2025-08-30 1949 PA6AA            JO32   KI1G             FN41    
QSO:   21081 DG 2025-08-30 1951 PA6AA            JO32   KC3NDU           FN21    
QSO:   21081 DG 2025-08-30 1951 PA6AA            JO32   DL4DBM           JO31    
QSO:   21081 DG 2025-08-30 1952 PA6AA            JO32   PY5FO            GG54    
QSO:   21081 DG 2025-08-30 1953 PA6AA            JO32   PE4BAS           JO33    
QSO:   21081 DG 2025-08-30 1954 PA6AA            JO32   K7NN             DM42    
QSO:   21081 DG 2025-08-30 1955 PA6AA            JO32   W9XT             EN53    
QSO:   21081 DG 2025-08-30 1956 PA6AA            JO32   W3KB             FN10    
QSO:   21081 DG 2025-08-30 1957 PA6AA            JO32   KD9GY            EN52    
QSO:   21081 DG 2025-08-30 1958 PA6AA            JO32   DL4DW            JO40    
QSO:   21081 DG 2025-08-30 1958 PA6AA            JO32   NS9I             EN64    
QSO:   21081 DG 2025-08-30 2000 PA6AA            JO32   NP4TX            FK68    
QSO:   21081 DG 2025-08-30 2001 PA6AA            JO32   PY4XX            GG88    
QSO:   21081 DG 2025-08-30 2001 PA6AA            JO32   5Z4VJ            KI88    
QSO:   21081 DG 2025-08-30 2003 PA6AA            JO32   PY2CER           GG67    
QSO:   21081 DG 2025-08-30 2004 PA6AA            JO32   PX2T             GG66    
QSO:   21081 DG 2025-08-30 2004 PA6AA            JO32   OK3FP            JN69    
QSO:   21081 DG 2025-08-30 2005 PA6AA            JO32   N3QE             FM19    
QSO:   21081 DG 2025-08-30 2005 PA6AA            JO32   KC7V             DM33    
QSO:   21081 DG 2025-08-30 2006 PA6AA            JO32   DO5OT            JO62    
QSO:   21081 DG 2025-08-30 2007 PA6AA            JO32   KE8UUO           EN80    
QSO:   21081 DG 2025-08-30 2007 PA6AA            JO32   PW8BR            FH99    
QSO:   21081 DG 2025-08-30 2009 PA6AA            JO32   KC4JNW           EM84    
QSO:   21081 DG 2025-08-30 2010 PA6AA            JO32   K4EA             EM74    
QSO:   21081 DG 2025-08-30 2011 PA6AA            JO32   YB2CLC           OI43    
QSO:   21081 DG 2025-08-30 2012 PA6AA            JO32   K6RO             FN43    
QSO:   21081 DG 2025-08-30 2013 PA6AA            JO32   LU2VPG           FE48    
QSO:   21081 DG 2025-08-30 2014 PA6AA            JO32   N1KT             FN31    
QSO:    7082 DG 2025-08-30 2015 PA6AA            JO32   JH4UYB           PM64    
QSO:    7082 DG 2025-08-30 2016 PA6AA            JO32   PA6Q             JO32    
QSO:    7082 DG 2025-08-30 2016 PA6AA            JO32   PA3DTR           JO21    
QSO:    7082 DG 2025-08-30 2017 PA6AA            JO32   SP2MKI           JO93    
QSO:    7082 DG 2025-08-30 2018 PA6AA            JO32   SN9S             JO90    
QSO:    7082 DG 2025-08-30 2018 PA6AA            JO32   DK3WN            JN49    
QSO:    7082 DG 2025-08-30 2019 PA6AA            JO32   R9GM             KN85    
QSO:    7082 DG 2025-08-30 2019 PA6AA            JO32   OS4K             JO21    
QSO:    7082 DG 2025-08-30 2020 PA6AA            JO32   ON5LW            JO21    
QSO:    7082 DG 2025-08-30 2021 PA6AA            JO32   UN7EG            MO52    
QSO:    7082 DG 2025-08-30 2024 PA6AA            JO32   G4OED            IO91    
QSO:    7082 DG 2025-08-30 2024 PA6AA            JO32   PE1FTV           JO21    
QSO:    7082 DG 2025-08-30 2026 PA6AA            JO32   8S2DX            KP16    
QSO:    7082 DG 2025-08-30 2027 PA6AA            JO32   R1NBG            KP71    
QSO:    7082 DG 2025-08-30 2028 PA6AA            JO32   IZ5MMT           JN52    
QSO:    7082 DG 2025-08-30 2029 PA6AA            JO32   PE1PIX           JO23    
QSO:    7082 DG 2025-08-30 2030 PA6AA            JO32   DL4DBM           JO31    
QSO:    7082 DG 2025-08-30 2030 PA6AA            JO32   PC7W             JO11    
QSO:    7082 DG 2025-08-30 2031 PA6AA            JO32   RC9A             MO04    
QSO:    7082 DG 2025-08-30 2032 PA6AA            JO32   YL3ARZ           KO16    
QSO:    7082 DG 2025-08-30 2032 PA6AA            JO32   OE3HLB           JN78    
QSO:    7082 DG 2025-08-30 2033 PA6AA            JO32   DL4ME            JO50    
QSO:    7082 DG 2025-08-30 2035 PA6AA            JO32   E77EA            JN84    
QSO:    7082 DG 2025-08-30 2036 PA6AA            JO32   M1D              IO82    
QSO:    7082 DG 2025-08-30 2036 PA6AA            JO32   HA3KMF           JN95    
QSO:    7082 DG 2025-08-30 2038 PA6AA            JO32   DV1K             PK04    
QSO:    7082 DG 2025-08-30 2039 PA6AA            JO32   UN7EG            MO52    
QSO:    7082 DG 2025-08-30 2040 PA6AA            JO32   ON3PVC           JO20    
QSO:    7082 DG 2025-08-30 2040 PA6AA            JO32   SP6IHE           JO80    
QSO:    7082 DG 2025-08-30 2042 PA6AA            JO32   SO1RON           JO73    
QSO:    7082 DG 2025-08-30 2042 PA6AA            JO32   PA3EOU           JO22    
QSO:    7082 DG 2025-08-30 2043 PA6AA            JO32   R1AV             KP50    
QSO:    7082 DG 2025-08-30 2044 PA6AA            JO32   RA3QH            KO91    
QSO:    7082 DG 2025-08-30 2045 PA6AA            JO32   EA1FGX           IN82    
QSO:    7082 DG 2025-08-30 2046 PA6AA            JO32   E28AM            OK04    
QSO:    7082 DG 2025-08-30 2047 PA6AA            JO32   DL4DW            JO40    
QSO:    7092 DG 2025-08-30 2053 PA6AA            JO32   9J2FI            KH44    
QSO:    7092 DG 2025-08-30 2055 PA6AA            JO32   PE2K             JO22    
QSO:    7092 DG 2025-08-30 2057 PA6AA            JO32   G6RST            IO90    
QSO:    7092 DG 2025-08-30 2058 PA6AA            JO32   PI4X             JO32    
QSO:    7092 DG 2025-08-30 2059 PA6AA            JO32   OE3LDV           JN88    
QSO:    7092 DG 2025-08-30 2101 PA6AA            JO32   JA0IXW           PM86    
QSO:   21090 DG 2025-08-30 2111 PA6AA            JO32   W4SDX            EM55    
QSO:   21090 DG 2025-08-30 2113 PA6AA            JO32   K1DC             FN42    
QSO:   21090 DG 2025-08-30 2115 PA6AA            JO32   K3WTT            FM19    
QSO:   21090 DG 2025-08-30 2117 PA6AA            JO32   PY2CER           GG67    
QSO:   21090 DG 2025-08-30 2118 PA6AA            JO32   W6OAT            CN87    
QSO:   21090 DG 2025-08-30 2119 PA6AA            JO32   WA6MNV           CM98    
QSO:   21090 DG 2025-08-30 2123 PA6AA            JO32   PY4LH            GG68    
QSO:   21090 DG 2025-08-30 2124 PA6AA            JO32   N1WR             FM17    
QSO:   21090 DG 2025-08-30 2126 PA6AA            JO32   KW6S             CM96    
QSO:   21090 DG 2025-08-30 2127 PA6AA            JO32   NY1V             EM69    
QSO:   21090 DG 2025-08-30 2129 PA6AA            JO32   KA6BIM           CN73    
QSO:   21090 DG 2025-08-30 2131 PA6AA            JO32   N3FCP            FM29    
QSO:   21090 DG 2025-08-30 2133 PA6AA            JO32   KG4W             FM17    
QSO:   21081 DG 2025-08-30 2135 PA6AA            JO32   AA4DD            EM86    
QSO:   21081 DG 2025-08-30 2136 PA6AA            JO32   AA7V             DM43    
QSO:   21081 DG 2025-08-30 2138 PA6AA            JO32   N7VGO            CN87    
QSO:   21081 DG 2025-08-30 2139 PA6AA            JO32   KG0US            EM28    
QSO:   21081 DG 2025-08-30 2140 PA6AA            JO32   K7NN             DM42    
QSO:   21081 DG 2025-08-30 2141 PA6AA            JO32   KD4RH            EM94    
QSO:   14081 DG 2025-08-30 2145 PA6AA            JO32   VK2LAW           QF56    
QSO:   14081 DG 2025-08-30 2148 PA6AA            JO32   AB5SE            EM25    
QSO:   14081 DG 2025-08-30 2149 PA6AA            JO32   HL5BPF           PM45    
QSO:   14081 DG 2025-08-30 2151 PA6AA            JO32   NA2NY            FN33    
QSO:   14081 DG 2025-08-30 2151 PA6AA            JO32   NR4O             FM05    
QSO:   14081 DG 2025-08-30 2152 PA6AA            JO32   BG5BAA           PM00    
QSO:   14081 DG 2025-08-30 2152 PA6AA            JO32   KA2JAI           FM19    
QSO:   14081 DG 2025-08-30 2153 PA6AA            JO32   KD9GY            EN52    
QSO:   14081 DG 2025-08-30 2154 PA6AA            JO32   KD2YCK           FN20    
QSO:   14081 DG 2025-08-30 2155 PA6AA            JO32   YE9BJM           OI71    
QSO:   14081 DG 2025-08-30 2157 PA6AA            JO32   7Z1AO            KL91    
QSO:   14081 DG 2025-08-30 2157 PA6AA            JO32   VE9DX            FN65    
QSO:   14081 DG 2025-08-30 2158 PA6AA            JO32   EA7KI            IM76    
QSO:   14081 DG 2025-08-30 2200 PA6AA            JO32   EA2ESU           IN92    
QSO:   14081 DG 2025-08-30 2201 PA6AA            JO32   KI1G             FN41    
QSO:   14081 DG 2025-08-30 2202 PA6AA            JO32   K3UA             EN90    
QSO:   14081 DG 2025-08-30 2202 PA6AA            JO32   KW1X             FN42    
QSO:   14081 DG 2025-08-30 2204 PA6AA            JO32   PW8BR            FH99    
QSO:   14081 DG 2025-08-30 2204 PA6AA            JO32   WA9IVH           EN62    
QSO:   14081 DG 2025-08-30 2205 PA6AA            JO32   K5VIP            FM16    
QSO:   14081 DG 2025-08-30 2206 PA6AA            JO32   W1RCR            EL96    
QSO:   14081 DG 2025-08-30 2207 PA6AA            JO32   W1FM             FN42    
QSO:   14081 DG 2025-08-30 2209 PA6AA            JO32   JA6VQA           PM53    
QSO:   14081 DG 2025-08-30 2211 PA6AA            JO32   PY5AMF           GG54    
QSO:   14090 DG 2025-08-30 2214 PA6AA            JO32   VK7NET           QE38    
QSO:   14090 DG 2025-08-30 2215 PA6AA            JO32   BG6OQI           OM64    
QSO:   14090 DG 2025-08-30 2216 PA6AA            JO32   JE2UFF           PM94    
QSO:   14090 DG 2025-08-30 2219 PA6AA            JO32   RZ3Z/P           KN84    
QSO:   14090 DG 2025-08-30 2221 PA6AA            JO32   YB1IOU           OI33    
QSO:   14090 DG 2025-08-30 2222 PA6AA            JO32   NA5M             EM11    
QSO:   14090 DG 2025-08-30 2224 PA6AA            JO32   BH1VLK           OM89    
QSO:   14090 DG 2025-08-30 2225 PA6AA            JO32   KF7F             DM37    
QSO:   14090 DG 2025-08-30 2228 PA6AA            JO32   YL73R            KO06    
QSO:   14090 DG 2025-08-30 2230 PA6AA            JO32   KI6DY            EN91    
QSO:   14090 DG 2025-08-30 2232 PA6AA            JO32   N3HND            FM29    
QSO:   14090 DG 2025-08-30 2234 PA6AA            JO32   BG8GAM           OL39    
QSO:   14090 DG 2025-08-30 2236 PA6AA            JO32   VU2ADV           MK80    
QSO:   14090 DG 2025-08-30 2237 PA6AA            JO32   AF0G             EM28    
QSO:   14090 DG 2025-08-30 2240 PA6AA            JO32   KG4W             FM17    
QSO:   14090 DG 2025-08-30 2244 PA6AA            JO32   N1KT             FN31    
QSO:   14090 DG 2025-08-30 2245 PA6AA            JO32   NF3R             FN20    
QSO:   14090 DG 2025-08-30 2247 PA6AA            JO32   K3ABE            EL88    
QSO:   14090 DG 2025-08-30 2248 PA6AA            JO32   K1DC             FN42    
QSO:   14090 DG 2025-08-30 2249 PA6AA            JO32   VE3OK            EN96    
QSO:   14090 DG 2025-08-30 2250 PA6AA            JO32   W7CT             DN41    
QSO:   14090 DG 2025-08-30 2252 PA6AA            JO32   W2GSP            FM18    
QSO:   14090 DG 2025-08-30 2253 PA6AA            JO32   KU4CG            FM18    
QSO:   14090 DG 2025-08-30 2254 PA6AA            JO32   N8IK             FM18    
QSO:   14090 DG 2025-08-30 2256 PA6AA            JO32   VA7RY            DN09    
QSO:   14090 DG 2025-08-30 2257 PA6AA            JO32   BG8PK            OL36    
QSO:   14090 DG 2025-08-30 2300 PA6AA            JO32   VE5MX            DN89    
QSO:   14090 DG 2025-08-30 2301 PA6AA            JO32   5B4AQU           KM64    
QSO:   14090 DG 2025-08-30 2302 PA6AA            JO32   LU2NI            FG72    
QSO:   14090 DG 2025-08-30 2304 PA6AA            JO32   K3YLW            FM19    
QSO:    7092 DG 2025-08-30 2307 PA6AA            JO32   LA2XNA           JP50    
QSO:    7092 DG 2025-08-30 2308 PA6AA            JO32   W3LL             FM19    
QSO:    7092 DG 2025-08-30 2309 PA6AA            JO32   AA3B             FN20    
QSO:    7092 DG 2025-08-30 2310 PA6AA            JO32   NA3M             FM19    
QSO:    7092 DG 2025-08-30 2312 PA6AA            JO32   SP2TQQ           JO94    
QSO:    7092 DG 2025-08-30 2314 PA6AA            JO32   OH4NDU           KP11    
QSO:    7082 DG 2025-08-30 2317 PA6AA            JO32   UT7AXA           KO70    
QSO:    7082 DG 2025-08-30 2317 PA6AA            JO32   LX7I             JN29    
QSO:    7082 DG 2025-08-30 2318 PA6AA            JO32   OK1WCF           JO80    
QSO:    7082 DG 2025-08-30 2319 PA6AA            JO32   S56A             JN76    
QSO:    7082 DG 2025-08-30 2320 PA6AA            JO32   OK1KSL           JO70    
QSO:    7082 DG 2025-08-30 2321 PA6AA            JO32   2E0FHM           IO92    
QSO:    7082 DG 2025-08-30 2321 PA6AA            JO32   N1KT             FN31    
QSO:    7082 DG 2025-08-30 2322 PA6AA            JO32   DL5RK            JN68    
QSO:    7082 DG 2025-08-30 2322 PA6AA            JO32   OE3XFH           JN87    
QSO:    3592 DG 2025-08-30 2326 PA6AA            JO32   R5KH             KO91    
QSO:    3592 DG 2025-08-30 2327 PA6AA            JO32   PA3DTR           JO21    
QSO:    3592 DG 2025-08-30 2329 PA6AA            JO32   K1SFA            FN32    
QSO:    3592 DG 2025-08-30 2330 PA6AA            JO32   OS4K             JO21    
QSO:    3592 DG 2025-08-30 2332 PA6AA            JO32   9J2FI            KH44    
QSO:    3592 DG 2025-08-30 2333 PA6AA            JO32   PC4H             JO22    
QSO:    3592 DG 2025-08-30 2335 PA6AA            JO32   PC2F             JO22    
QSO:    3592 DG 2025-08-30 2337 PA6AA            JO32   S53R             JN76    
QSO:    3592 DG 2025-08-30 2338 PA6AA            JO32   PA3EOU           JO22    
QSO:    3592 DG 2025-08-30 2339 PA6AA            JO32   UT3N             KN49    
QSO:    3592 DG 2025-08-30 2340 PA6AA            JO32   IZ5ILK           JN63    
QSO:    3592 DG 2025-08-30 2341 PA6AA            JO32   DF0TEC           JO73    
QSO:    3592 DG 2025-08-30 2342 PA6AA            JO32   RC9A             MO04    
QSO:    7091 DG 2025-08-30 2346 PA6AA            JO32   KG4W             FM17    
QSO:    7091 DG 2025-08-30 2348 PA6AA            JO32   OS4K             JO21    
QSO:    7091 DG 2025-08-30 2350 PA6AA            JO32   IW2DNI           JN45    
QSO:    7091 DG 2025-08-30 2354 PA6AA            JO32   KW1X             FN42    
QSO:    7091 DG 2025-08-30 2356 PA6AA            JO32   HI8ILK           FK58    
QSO:    7092 DG 2025-08-31 0503 PA6AA            JO32   9A4AA            JN75    
QSO:    7092 DG 2025-08-31 0504 PA6AA            JO32   IT9VCE           JM77    
QSO:    7092 DG 2025-08-31 0507 PA6AA            JO32   K3SF             FM29    
QSO:    7092 DG 2025-08-31 0508 PA6AA            JO32   YV6BXN           FK60    
QSO:    7092 DG 2025-08-31 0510 PA6AA            JO32   ZL3AC            RE66    
QSO:    7092 DG 2025-08-31 0512 PA6AA            JO32   ZL3ART           RE66    
QSO:    7092 DG 2025-08-31 0514 PA6AA            JO32   XE2RCS           DL95    
QSO:    7092 DG 2025-08-31 0517 PA6AA            JO32   K3MM             FM19    
QSO:    7092 DG 2025-08-31 0519 PA6AA            JO32   DB1EF            JO41    
QSO:    7092 DG 2025-08-31 0520 PA6AA            JO32   N4FUR            EL99    
QSO:    7092 DG 2025-08-31 0522 PA6AA            JO32   SM6KKX           JO67    
QSO:    7092 DG 2025-08-31 0523 PA6AA            JO32   WA3AAN           FN20    
QSO:    7092 DG 2025-08-31 0525 PA6AA            JO32   IN3OWY           JN56    
QSO:    7092 DG 2025-08-31 0527 PA6AA            JO32   YO9HP            KN35    
QSO:    7092 DG 2025-08-31 0529 PA6AA            JO32   RA4L             LO44    
QSO:    7092 DG 2025-08-31 0530 PA6AA            JO32   9A5ST            JN83    
QSO:    7092 DG 2025-08-31 0532 PA6AA            JO32   WU9D             EN61    
QSO:    7092 DG 2025-08-31 0533 PA6AA            JO32   N8HRZ            EN91    
QSO:    7092 DG 2025-08-31 0535 PA6AA            JO32   KA2G             EM93    
QSO:    7092 DG 2025-08-31 0536 PA6AA            JO32   RU5X             KO84    
QSO:    7092 DG 2025-08-31 0538 PA6AA            JO32   N3QE             FM19    
QSO:    7092 DG 2025-08-31 0539 PA6AA            JO32   DC3LH            JO53    
QSO:    7081 DG 2025-08-31 0541 PA6AA            JO32   LA5LJA           JP50    
QSO:    7081 DG 2025-08-31 0541 PA6AA            JO32   W2CG             FN20    
QSO:    7081 DG 2025-08-31 0542 PA6AA            JO32   UT2SQ            KN29    
QSO:    7081 DG 2025-08-31 0543 PA6AA            JO32   PA3EWG           JO21    
QSO:    7081 DG 2025-08-31 0544 PA6AA            JO32   HB9IKO           JN37    
QSO:    7081 DG 2025-08-31 0544 PA6AA            JO32   N9TF             EM66    
QSO:    7081 DG 2025-08-31 0545 PA6AA            JO32   N7QU             EM14    
QSO:    7081 DG 2025-08-31 0545 PA6AA            JO32   EA7KY            IM86    
QSO:    7081 DG 2025-08-31 0546 PA6AA            JO32   DH6BH            JO33    
QSO:    7081 DG 2025-08-31 0547 PA6AA            JO32   K1SFA            FN32    
QSO:   14082 DG 2025-08-31 0548 PA6AA            JO32   VK4VCC           QG62    
QSO:   14082 DG 2025-08-31 0549 PA6AA            JO32   G8OO             JO02    
QSO:   14082 DG 2025-08-31 0550 PA6AA            JO32   VL2Y             QF56    
QSO:   14082 DG 2025-08-31 0551 PA6AA            JO32   K3UA             EN90    
QSO:   14082 DG 2025-08-31 0552 PA6AA            JO32   RK4FF            LO23    
QSO:   14082 DG 2025-08-31 0552 PA6AA            JO32   WV7MS            EM99    
QSO:   14082 DG 2025-08-31 0554 PA6AA            JO32   R7RCH            KN64    
QSO:   14082 DG 2025-08-31 0555 PA6AA            JO32   ZL1VAH           RF72    
QSO:   14082 DG 2025-08-31 0557 PA6AA            JO32   W4VIC            FM16    
QSO:   14082 DG 2025-08-31 0558 PA6AA            JO32   DL0MT            JN48    
QSO:   14082 DG 2025-08-31 0559 PA6AA            JO32   RX1AG            KO49    
QSO:   14082 DG 2025-08-31 0600 PA6AA            JO32   RC9A             MO04    
QSO:   14082 DG 2025-08-31 0602 PA6AA            JO32   W6EU             CM99    
QSO:   14082 DG 2025-08-31 0604 PA6AA            JO32   LZ3RBS           KN12    
QSO:   14082 DG 2025-08-31 0605 PA6AA            JO32   K7NN             DM42    
QSO:   14082 DG 2025-08-31 0606 PA6AA            JO32   RU3GF            KO92    
QSO:   14081 DG 2025-08-31 0609 PA6AA            JO32   SU1SK            KM50    
QSO:   14080 DG 2025-08-31 0610 PA6AA            JO32   VK3XV            QF12    
QSO:   14080 DG 2025-08-31 0611 PA6AA            JO32   UN4PG            MO60    
QSO:   14080 DG 2025-08-31 0611 PA6AA            JO32   AZ1D             FF94    
QSO:   14080 DG 2025-08-31 0612 PA6AA            JO32   UB8CCG           MO06    
QSO:   21090 DG 2025-08-31 0615 PA6AA            JO32   JE5HTN           PM64    
QSO:   21090 DG 2025-08-31 0618 PA6AA            JO32   JA6GCE           PM52    
QSO:   21090 DG 2025-08-31 0618 PA6AA            JO32   ZL3IO            RF80    
QSO:   21090 DG 2025-08-31 0622 PA6AA            JO32   JT1PB            ON37    
QSO:   21090 DG 2025-08-31 0623 PA6AA            JO32   BD4JN            OM86    
QSO:   21090 DG 2025-08-31 0626 PA6AA            JO32   YD2GYO           OI43    
QSO:   21090 DG 2025-08-31 0628 PA6AA            JO32   JM1SZY           PM95    
QSO:   21090 DG 2025-08-31 0630 PA6AA            JO32   IZ3GOM           JN56    
QSO:   21080 DG 2025-08-31 0634 PA6AA            JO32   VK3ZH            QF22    
QSO:   14080 DG 2025-08-31 0637 PA6AA            JO32   EA4EQ            IN80    
QSO:   14080 DG 2025-08-31 0638 PA6AA            JO32   ON7ZJ            JO21    
QSO:   14080 DG 2025-08-31 0640 PA6AA            JO32   IZ6BXQ           JN62    
QSO:   14080 DG 2025-08-31 0641 PA6AA            JO32   TI2CC            EJ79    
QSO:   14080 DG 2025-08-31 0643 PA6AA            JO32   EA5IL            IM99    
QSO:   14080 DG 2025-08-31 0644 PA6AA            JO32   K4EA             EM74    
QSO:   14080 DG 2025-08-31 0644 PA6AA            JO32   TA4RC            KM59    
QSO:   14080 DG 2025-08-31 0645 PA6AA            JO32   SV2AOB           KN10    
QSO:   14080 DG 2025-08-31 0646 PA6AA            JO32   YO4YPC           KN44    
QSO:   14080 DG 2025-08-31 0647 PA6AA            JO32   SV8GXC           KM17    
QSO:   14080 DG 2025-08-31 0648 PA6AA            JO32   KA2MGE           FN02    
QSO:   14080 DG 2025-08-31 0649 PA6AA            JO32   R6DOP            KN93    
QSO:   14080 DG 2025-08-31 0650 PA6AA            JO32   NI3K             EN90    
QSO:   14080 DG 2025-08-31 0653 PA6AA            JO32   CO2JD            EL83    
QSO:   14080 DG 2025-08-31 0657 PA6AA            JO32   R3BAV            KO85    
QSO:   14083 DG 2025-08-31 0701 PA6AA            JO32   RT2H             KO84    
QSO:    7091 DG 2025-08-31 0703 PA6AA            JO32   GJ0KYZ           IN89    
QSO:    7090 DG 2025-08-31 0704 PA6AA            JO32   PE4BAS           JO33    
QSO:    7090 DG 2025-08-31 0706 PA6AA            JO32   DF1DN            JO41    
QSO:    7090 DG 2025-08-31 0707 PA6AA            JO32   SQ3MVA           JO82    
QSO:    7090 DG 2025-08-31 0710 PA6AA            JO32   KC9EOQ           EN51    
QSO:    7090 DG 2025-08-31 0712 PA6AA            JO32   OK4RS            JN69    
QSO:    7090 DG 2025-08-31 0716 PA6AA            JO32   N3FCP            FM29    
QSO:    7090 DG 2025-08-31 0719 PA6AA            JO32   W1GRL            FN54    
QSO:    7090 DG 2025-08-31 0724 PA6AA            JO32   F4JGI            IN94    
QSO:    7090 DG 2025-08-31 0728 PA6AA            JO32   SP9D             JO90    
QSO:    7090 DG 2025-08-31 0730 PA6AA            JO32   WB2NVR           FN31    
QSO:    7090 DG 2025-08-31 0732 PA6AA            JO32   M0JBM            IO81    
QSO:    7090 DG 2025-08-31 0734 PA6AA            JO32   PA4O             JO33    
QSO:   28090 DG 2025-08-31 0748 PA6AA            JO32   YD6APA           NJ84    
QSO:   28090 DG 2025-08-31 0750 PA6AA            JO32   9J2FI            KH44    
QSO:   28090 DG 2025-08-31 0752 PA6AA            JO32   EX7CQ            MN72    
QSO:   21090 DG 2025-08-31 0757 PA6AA            JO32   R8KAN            MP65    
QSO:   21090 DG 2025-08-31 0801 PA6AA            JO32   JR3RIY           PM74    
QSO:   21090 DG 2025-08-31 0804 PA6AA            JO32   7K4GUR           PM95    
QSO:   21090 DG 2025-08-31 0806 PA6AA            JO32   DS5USH           PM45    
QSO:   21090 DG 2025-08-31 0807 PA6AA            JO32   JE2UFF           PM94    
QSO:   21090 DG 2025-08-31 0810 PA6AA            JO32   YF2BLL           OI52    
QSO:   21090 DG 2025-08-31 0815 PA6AA            JO32   UZ0A             KO70    
QSO:   21090 DG 2025-08-31 0816 PA6AA            JO32   YL2CI            KO06    
QSO:   21090 DG 2025-08-31 0817 PA6AA            JO32   BI4IWL           OM86    
QSO:   14080 DG 2025-08-31 0819 PA6AA            JO32   VK3ZH            QF22    
QSO:   14081 DG 2025-08-31 0820 PA6AA            JO32   UT5UN            KO50    
QSO:   14081 DG 2025-08-31 0821 PA6AA            JO32   YU3A             JN95    
QSO:   14081 DG 2025-08-31 0823 PA6AA            JO32   IU4OBU           JN54    
QSO:   14081 DG 2025-08-31 0824 PA6AA            JO32   SP8MO            KN09    
QSO:   14081 DG 2025-08-31 0825 PA6AA            JO32   9A2VX            JN75    
QSO:   14081 DG 2025-08-31 0829 PA6AA            JO32   IK4LZH           JN54    
QSO:   14081 DG 2025-08-31 0834 PA6AA            JO32   YT1TY            KN04    
QSO:   14081 DG 2025-08-31 0836 PA6AA            JO32   HA3KMF           JN96    
QSO:   14081 DG 2025-08-31 0839 PA6AA            JO32   YO3GNF           KN34    
QSO:   14081 DG 2025-08-31 0841 PA6AA            JO32   HA7NB            KN07    
QSO:   14081 DG 2025-08-31 0904 PA6AA            JO32   IZ5ILK           JN63    
QSO:   14092 DG 2025-08-31 0908 PA6AA            JO32   OM8ATS           KN08    
QSO:   14092 DG 2025-08-31 0913 PA6AA            JO32   IW0RLC           JN63    
QSO:   14092 DG 2025-08-31 0914 PA6AA            JO32   RO5K             KO91    
QSO:   14092 DG 2025-08-31 0916 PA6AA            JO32   F6EKU            JN05    
QSO:   14092 DG 2025-08-31 0918 PA6AA            JO32   S52OT            JN75    
QSO:   14092 DG 2025-08-31 0924 PA6AA            JO32   OK2EA            JN89    
QSO:   14092 DG 2025-08-31 0925 PA6AA            JO32   M0UDD            IO91    
QSO:   14092 DG 2025-08-31 0926 PA6AA            JO32   ON8BB            JO21    
QSO:   14092 DG 2025-08-31 0927 PA6AA            JO32   PC4H             JO22    
QSO:   14092 DG 2025-08-31 0929 PA6AA            JO32   S5/M0MPM         JN75    
QSO:   21091 DG 2025-08-31 0931 PA6AA            JO32   PA4O             JO33    
QSO:   21091 DG 2025-08-31 0933 PA6AA            JO32   UX0FF            KN45    
QSO:   21091 DG 2025-08-31 0934 PA6AA            JO32   YO3AK            KN25    
QSO:   21082 DG 2025-08-31 0937 PA6AA            JO32   R9GM             KN85    
QSO:   28090 DG 2025-08-31 0940 PA6AA            JO32   E20SJC           OK04    
QSO:   28090 DG 2025-08-31 0942 PA6AA            JO32   HS0ZQF           NK99    
QSO:   28090 DG 2025-08-31 0944 PA6AA            JO32   PD1RP            JO22    
QSO:   28090 DG 2025-08-31 0949 PA6AA            JO32   V51MA            JG87    
QSO:   28080 DG 2025-08-31 0954 PA6AA            JO32   EU6AX            KO35    
QSO:   28090 DG 2025-08-31 1004 PA6AA            JO32   UX0KR            KO30    
QSO:   28090 DG 2025-08-31 1006 PA6AA            JO32   PA4GDR           JO32    
QSO:   28090 DG 2025-08-31 1008 PA6AA            JO32   OZ6P             JO55    
QSO:    7092 DG 2025-08-31 1013 PA6AA            JO32   M3ZZF            JO01    
QSO:    7092 DG 2025-08-31 1015 PA6AA            JO32   SP5AA            JO92    
QSO:    7092 DG 2025-08-31 1016 PA6AA            JO32   SM2IAR           KP05    
QSO:    7092 DG 2025-08-31 1018 PA6AA            JO32   SQ8DSN           KO11    
QSO:    7092 DG 2025-08-31 1020 PA6AA            JO32   IV3RCH           JN66    
QSO:    7092 DG 2025-08-31 1021 PA6AA            JO32   DL1BJL           JO33    
QSO:    7092 DG 2025-08-31 1023 PA6AA            JO32   RU2F             KO04    
QSO:    7092 DG 2025-08-31 1024 PA6AA            JO32   SN5J             KO02    
QSO:   14082 DG 2025-08-31 1026 PA6AA            JO32   K4RUM            FN30    
QSO:   14082 DG 2025-08-31 1027 PA6AA            JO32   S57X             JN76    
QSO:   14082 DG 2025-08-31 1028 PA6AA            JO32   W3OA             EM95    
QSO:   14082 DG 2025-08-31 1028 PA6AA            JO32   S57AJ            JN76    
QSO:   14082 DG 2025-08-31 1029 PA6AA            JO32   NY1V             EM69    
QSO:   14082 DG 2025-08-31 1030 PA6AA            JO32   YO9HP            KN35    
QSO:   14082 DG 2025-08-31 1031 PA6AA            JO32   RA3QH            KO91    
QSO:   14082 DG 2025-08-31 1032 PA6AA            JO32   SE6K             JO66    
QSO:   14082 DG 2025-08-31 1033 PA6AA            JO32   M0GBP            IO70    
QSO:   14083 DG 2025-08-31 1040 PA6AA            JO32   DL5BCF           JO33    
QSO:   14081 DG 2025-08-31 1041 PA6AA            JO32   K6RO             FN43    
QSO:   14081 DG 2025-08-31 1042 PA6AA            JO32   G4OED            IO91    
QSO:   14081 DG 2025-08-31 1043 PA6AA            JO32   9A5CC            JN83    
QSO:   14081 DG 2025-08-31 1051 PA6AA            JO32   OG3Z             KP11    
QSO:   14081 DG 2025-08-31 1101 PA6AA            JO32   S59TIM           JN76    
QSO:   14081 DG 2025-08-31 1102 PA6AA            JO32   YO7EY            KN14    
QSO:   14081 DG 2025-08-31 1103 PA6AA            JO32   G2M              IO82    
QSO:   14081 DG 2025-08-31 1104 PA6AA            JO32   VE2OWL           FN35    
QSO:   14081 DG 2025-08-31 1106 PA6AA            JO32   YO3APJ           KN34    
QSO:   14081 DG 2025-08-31 1107 PA6AA            JO32   YO6BHN           KN25    
QSO:   14092 DG 2025-08-31 1108 PA6AA            JO32   UT4QM            KN77    
QSO:   14092 DG 2025-08-31 1109 PA6AA            JO32   SF0A             JO89    
QSO:   14092 DG 2025-08-31 1112 PA6AA            JO32   N1EK             FM19    
QSO:   14092 DG 2025-08-31 1113 PA6AA            JO32   K1BZ             FN54    
QSO:   14092 DG 2025-08-31 1115 PA6AA            JO32   W4MLB            EL98    
QSO:   14092 DG 2025-08-31 1116 PA6AA            JO32   JA8DKJ           QN03    
QSO:   14092 DG 2025-08-31 1117 PA6AA            JO32   EI3CTB           IO63    
QSO:   14092 DG 2025-08-31 1118 PA6AA            JO32   PC4H             JO22    
QSO:   14092 DG 2025-08-31 1119 PA6AA            JO32   F4JGI            IN94    
QSO:   14092 DG 2025-08-31 1121 PA6AA            JO32   KQ4JYG           EL98    
QSO:   14092 DG 2025-08-31 1123 PA6AA            JO32   UT2SQ            KN29    
QSO:   14092 DG 2025-08-31 1124 PA6AA            JO32   I2XLF            JN45    
QSO:   14092 DG 2025-08-31 1126 PA6AA            JO32   5B4AMM           KM65    
QSO:   14092 DG 2025-08-31 1127 PA6AA            JO32   PD2PKM           JO21    
QSO:   14092 DG 2025-08-31 1128 PA6AA            JO32   W1GRL            FN54    
QSO:   14092 DG 2025-08-31 1129 PA6AA            JO32   AC3EK            FM19    
QSO:   14092 DG 2025-08-31 1132 PA6AA            JO32   N3QE             FM19    
QSO:   21092 DG 2025-08-31 1136 PA6AA            JO32   R4MA             LO33    
QSO:   21092 DG 2025-08-31 1137 PA6AA            JO32   RU3OZ            KO91    
QSO:   21092 DG 2025-08-31 1138 PA6AA            JO32   UT5UN            KO50    
QSO:   21092 DG 2025-08-31 1139 PA6AA            JO32   WA2CP            FN20    
QSO:   21092 DG 2025-08-31 1141 PA6AA            JO32   KW1X             FN42    
QSO:   21092 DG 2025-08-31 1142 PA6AA            JO32   NN4RB            FM07    
QSO:   21082 DG 2025-08-31 1147 PA6AA            JO32   SP4NKJ           KO13    
QSO:   21082 DG 2025-08-31 1147 PA6AA            JO32   SV8SYK           KM39    
QSO:   21082 DG 2025-08-31 1148 PA6AA            JO32   JR1NHD           PM95    
QSO:   21082 DG 2025-08-31 1150 PA6AA            JO32   MI0LLG           IO65    
QSO:   21082 DG 2025-08-31 1150 PA6AA            JO32   YU5R             KN04    
QSO:   21082 DG 2025-08-31 1151 PA6AA            JO32   W3OA             EM95    
QSO:   21082 DG 2025-08-31 1151 PA6AA            JO32   YO9BPX           KN24    
QSO:   21082 DG 2025-08-31 1152 PA6AA            JO32   YO3GNF           KN34    
QSO:   21082 DG 2025-08-31 1152 PA6AA            JO32   RC4HAA           LO53    
QSO:   21082 DG 2025-08-31 1154 PA6AA            JO32   N8VW             EN80    
QSO:   21082 DG 2025-08-31 1154 PA6AA            JO32   G2KS             IO84    
QSO:   21082 DG 2025-08-31 1155 PA6AA            JO32   RU5X             KO84    
QSO:   21082 DG 2025-08-31 1156 PA6AA            JO32   JA0IXW           PM86    
END-OF-LOG:
