START-OF-LOG: 3.0
CONTEST: WW-DIGI
CALLSIGN: RQ2Q
LOCATION: DX
CATEGORY-OPERATOR: SINGLE-OP
CATEGORY-ASSISTED: NON-ASSISTED
CATEGORY-BAND: 20M
CATEGORY-POWER: LOW
CATEGORY-MODE: DIGI
CATEGORY-TRANSMITTER: ONE
GRID-LOCATOR: KO91UN
CLAIMED-SCORE:
NAME: Valeriy Fukaiov
OPERATORS: RQ2Q
CLUB: RUSSIAN DIGITAL RADIO CLUB
CREATED-BY: WSJT-X v2.7.0 b4f9a4
QSO:   14080 DG 2025-08-30 2208 RQ2Q             KO91   N0AT             EN34    
QSO:   14075 DG 2025-08-30 2224 RQ2Q             KO91   F1IQH            JN27    
QSO:   14081 DG 2025-08-30 2305 RQ2Q             KO91   N4BP             EL96    
QSO:   14081 DG 2025-08-31 0930 RQ2Q             KO91   YO4BEW           KN35    
QSO:   14080 DG 2025-08-31 0932 RQ2Q             KO91   RA1M             KO59    
QSO:   14080 DG 2025-08-31 0933 RQ2Q             KO91   ON1AJ            JO20    
QSO:   14081 DG 2025-08-31 0936 RQ2Q             KO91   YO4BEW           KN35    
QSO:   14081 DG 2025-08-31 0937 RQ2Q             KO91   YO9HP            KN35    
QSO:   14082 DG 2025-08-31 0938 RQ2Q             KO91   IK4RVY           JN64    
QSO:   14081 DG 2025-08-31 0940 RQ2Q             KO91   PH9B             JO21    
QSO:   14080 DG 2025-08-31 0944 RQ2Q             KO91   LZ1ZF            KN22    
QSO:   14080 DG 2025-08-31 0945 RQ2Q             KO91   LZ1QV            KN32    
QSO:   14080 DG 2025-08-31 0946 RQ2Q             KO91   R1AV             KP50    
QSO:   14080 DG 2025-08-31 0951 RQ2Q             KO91   YO6PPX           KN26    
QSO:   14080 DG 2025-08-31 0953 RQ2Q             KO91   OE3XFH           JN87    
QSO:   14080 DG 2025-08-31 0954 RQ2Q             KO91   PA3I             JO21    
QSO:   14080 DG 2025-08-31 0955 RQ2Q             KO91   LZ2MP            KN23    
QSO:   14080 DG 2025-08-31 0958 RQ2Q             KO91   UB8CCG           MO06    
QSO:   14081 DG 2025-08-31 1005 RQ2Q             KO91   UX7QV            KN29    
QSO:   14081 DG 2025-08-31 1008 RQ2Q             KO91   G2KS             IO84    
QSO:   14081 DG 2025-08-31 1013 RQ2Q             KO91   YO4YPC           KN44    
QSO:   14081 DG 2025-08-31 1015 RQ2Q             KO91   R6DOP            KN93    
QSO:   14081 DG 2025-08-31 1017 RQ2Q             KO91   OR5T             JO10    
QSO:   14081 DG 2025-08-31 1018 RQ2Q             KO91   ON7ZJ            JO21    
QSO:   14081 DG 2025-08-31 1020 RQ2Q             KO91   K6RO             FN43    
QSO:   14081 DG 2025-08-31 1021 RQ2Q             KO91   RX1AG            KO49    
QSO:   14081 DG 2025-08-31 1022 RQ2Q             KO91   LZ1CRI           KN22    
QSO:   14081 DG 2025-08-31 1024 RQ2Q             KO91   OH3DIG           KP21    
QSO:   14081 DG 2025-08-31 1025 RQ2Q             KO91   SQ4CTS           KO13    
QSO:   14081 DG 2025-08-31 1026 RQ2Q             KO91   DL5BCF           JO33    
QSO:   14081 DG 2025-08-31 1031 RQ2Q             KO91   K4RUM            FN30    
QSO:   14081 DG 2025-08-31 1033 RQ2Q             KO91   IT9VCE           JM77    
QSO:   14081 DG 2025-08-31 1042 RQ2Q             KO91   IK4LZH           JN54    
QSO:   14081 DG 2025-08-31 1124 RQ2Q             KO91   SM2M             KP04    
QSO:   14081 DG 2025-08-31 1125 RQ2Q             KO91   IZ4REF           JN54    
QSO:   14081 DG 2025-08-31 1127 RQ2Q             KO91   PI4VPO           JO21    
QSO:   14081 DG 2025-08-31 1129 RQ2Q             KO91   YO6BHN           KN25    
QSO:   14081 DG 2025-08-31 1131 RQ2Q             KO91   HB9AWS           JN46    
QSO:   14081 DG 2025-08-31 1132 RQ2Q             KO91   SP4TKR           KO04    
QSO:   14081 DG 2025-08-31 1137 RQ2Q             KO91   OH2HOD           KP20    
QSO:   14082 DG 2025-08-31 1140 RQ2Q             KO91   JH4UYB           PM64    
QSO:   14081 DG 2025-08-31 1155 RQ2Q             KO91   PA2IP            JO23    
QSO:   14080 DG 2025-08-31 1156 RQ2Q             KO91   OS4U             JO20    
QSO:   14082 DG 2025-08-31 1158 RQ2Q             KO91   PA4O             JO33    
QSO:   14081 DG 2025-08-31 1159 RQ2Q             KO91   3Z9W             JO90    
END-OF-LOG:
