START-OF-LOG: 3.0
CREATED-BY: reconstructed-log-builder
CONTEST: CQ-WW-CW
CALLSIGN: GI4SNA
LOCATION: 
CATEGORY: CHECKLOG
CATEGORY-OPERATOR: SINGLE-OP
CATEGORY-BAND: ALL
CATEGORY-MODE: MIXED
CATEGORY-POWER: UNKNOWN
CATEGORY-ASSISTED: NON-ASSISTED
CATEGORY-TRANSMITTER: ONE
CATEGORY-STATION: UNKNOWN
CATEGORY-OVERLAY: 
OPERATORS: GI4SNA
CLAIMED-SCORE: 
CLUB: 
NAME: 
SOAPBOX: RECONSTRUCTED MOCKUP LOG - NOT AN OFFICIAL SUBMISSION.
SOAPBOX: Derived from submitted logs for CQ-WW-CW CQWW/cw/2016.
QSO: 21067 CW 2016-11-26 1301 GI4SNA        599 14 J70BH         599 8
QSO: 14005 CW 2016-11-26 1430 GI4SNA        599 14 9M2R          599 28
QSO: 14057 CW 2016-11-26 1435 GI4SNA        599 14 VK2IA         599 30
QSO: 21021 CW 2016-11-26 1448 GI4SNA        599 14 M6T           599 14
QSO:  3564 CW 2016-11-26 2133 GI4SNA        599 14 HB0/DK4YJ     599 14
QSO:  7049 CW 2016-11-26 2136 GI4SNA        599 14 J70BH         599 8
QSO:  7000 CW 2016-11-26 2142 GI4SNA        599 14 SU9JG         599 34
QSO:  7039 CW 2016-11-26 2213 GI4SNA        599 14 HB0/DK4YJ     599 14
QSO:  3572 CW 2016-11-26 2215 GI4SNA        599 14 EA6SX         599 14
QSO:  7060 CW 2016-11-26 2245 GI4SNA        599 14 K8CX          599 4
QSO:  7034 CW 2016-11-26 2251 GI4SNA        599 14 YN2SX         599 7
QSO:  7038 CW 2016-11-26 2320 GI4SNA        599 14 6Y3T          599 8
QSO:  7013 CW 2016-11-26 2359 GI4SNA        599 14 VP5CW         599 08
QSO:  3531 CW 2016-11-27 0027 GI4SNA        599 14 XE2X          599 6
QSO:  3531 CW 2016-11-27 0056 GI4SNA        599 14 W3W           599 5
QSO: 28024 CW 2016-11-27 1325 GI4SNA        599 14 9A1A          599 15
QSO: 28003 CW 2016-11-27 1341 GI4SNA        599 14 DF0HQ         599 14
QSO: 21040 CW 2016-11-27 1351 GI4SNA        599 14 GM2V          599 14
QSO: 21060 CW 2016-11-27 1354 GI4SNA        599 14 SW9AA         599 20
QSO: 14013 CW 2016-11-27 1404 GI4SNA        599 14 G3XSV         599 14
QSO: 14017 CW 2016-11-27 1413 GI4SNA        599 14 GM3X          599 14
QSO: 14022 CW 2016-11-27 1422 GI4SNA        599 14 GW4J          599 14
QSO: 21004 CW 2016-11-27 1425 GI4SNA        599 14 W3LPL         599 5
QSO: 21002 CW 2016-11-27 1427 GI4SNA        599 14 WE3C          599 5
QSO: 21003 CW 2016-11-27 1428 GI4SNA        599 14 K3LR          599 5
QSO: 21003 CW 2016-11-27 1434 GI4SNA        599 14 K5TR          599 4
QSO: 21006 CW 2016-11-27 1435 GI4SNA        599 14 NA3D          599 5
QSO: 21009 CW 2016-11-27 1437 GI4SNA        599 14 MD4K          599 14
QSO: 21009 CW 2016-11-27 1437 GI4SNA        599 14 NY4A          599 5
QSO: 21012 CW 2016-11-27 1440 GI4SNA        599 14 N4BP          599 5
QSO:  7000 CW 2016-11-27 1454 GI4SNA        599 14 A45XR         599 21
QSO:  7016 CW 2016-11-27 1500 GI4SNA        599 14 VK2DX         599 30
QSO:  7072 CW 2016-11-27 1526 GI4SNA        599 14 9M8K          599 28
QSO:  3556 CW 2016-11-27 2223 GI4SNA        599 14 SW9AA         599 20
QSO:  3531 CW 2016-11-27 2226 GI4SNA        599 14 TK0C          599 15
QSO:  3540 CW 2016-11-27 2252 GI4SNA        599 14 8Q7DV         599 22
QSO:  7068 CW 2016-11-27 2339 GI4SNA        599 14 HS0ZIA        599 26
QSO:  7034 CW 2016-11-27 2358 GI4SNA        599 14 D4C           599 35
END-OF-LOG:
