START-OF-LOG: 3.0
CREATED-BY: reconstructed-log-builder
CONTEST: CQ-WW-CW
CALLSIGN: W3WW
LOCATION: 
CATEGORY: CHECKLOG
CATEGORY-OPERATOR: SINGLE-OP
CATEGORY-BAND: ALL
CATEGORY-MODE: MIXED
CATEGORY-POWER: UNKNOWN
CATEGORY-ASSISTED: NON-ASSISTED
CATEGORY-TRANSMITTER: ONE
CATEGORY-STATION: UNKNOWN
CATEGORY-OVERLAY: 
OPERATORS: W3WW
CLAIMED-SCORE: 
CLUB: 
NAME: 
SOAPBOX: RECONSTRUCTED MOCKUP LOG - NOT AN OFFICIAL SUBMISSION.
SOAPBOX: Derived from submitted logs for CQ-WW-CW CQWW/cw/2016.
QSO: 14000 CW 2016-11-26 0202 W3WW          599 05 PP5BLU        599 11
QSO: 14009 CW 2016-11-26 0205 W3WW          599 05 JE6RPM        599 25
QSO:  7000 CW 2016-11-26 0244 W3WW          599 05 LU1UG         599 13
QSO:  7072 CW 2016-11-26 0302 W3WW          599 05 9Y4/VE3EY     599 9
QSO:  3521 CW 2016-11-26 0739 W3WW          599 05 VA7ST         599 3
QSO:  7047 CW 2016-11-26 1426 W3WW          599 05 AH2R          599 27
QSO: 28023 CW 2016-11-26 1825 W3WW          599 5 XE3DX         599 6
QSO: 14000 CW 2016-11-26 1903 W3WW          599 05 OA4DX         599 10
QSO: 21058 CW 2016-11-26 2222 W3WW          599 05 PY1VOY        599 11
QSO:  3556 CW 2016-11-27 0024 W3WW          599 01 TC3A          599 20
QSO:  3516 CW 2016-11-27 0508 W3WW          599 05 TK0C          599 15
QSO: 21008 CW 2016-11-27 2149 W3WW          599 05 LW5EE         599 13
QSO: 21000 CW 2016-11-27 2208 W3WW          599 05 PR7HR         599 11
QSO:  7000 CW 2016-11-27 2234 W3WW          599 05 IT9IZY        599 15
QSO:  3584 CW 2016-11-27 2348 W3WW          599 05 SV2DSJ        599 20
END-OF-LOG:
