START-OF-LOG: 3.0
CREATED-BY: reconstructed-log-builder
CONTEST: CQ-WW-RTTY
CALLSIGN: JA1RPK
LOCATION: 
CATEGORY: CHECKLOG
CATEGORY-OPERATOR: SINGLE-OP
CATEGORY-BAND: ALL
CATEGORY-MODE: MIXED
CATEGORY-POWER: UNKNOWN
CATEGORY-ASSISTED: NON-ASSISTED
CATEGORY-TRANSMITTER: ONE
CATEGORY-STATION: UNKNOWN
CATEGORY-OVERLAY: 
OPERATORS: JA1RPK
CLAIMED-SCORE: 
CLUB: 
NAME: 
SOAPBOX: RECONSTRUCTED MOCKUP LOG - NOT AN OFFICIAL SUBMISSION.
SOAPBOX: Derived from submitted logs for CQ-WW-RTTY CQWWRTTY/2009.
QSO: 14080 RY 2009-09-26 0223 JA1RPK        599 25 DX RK9JWR        599 17 DX
QSO: 14095 RY 2009-09-26 0238 JA1RPK        599 25 DX N7BV          599 03 WA
QSO: 14080 RY 2009-09-26 0315 JA1RPK        599 25 DX KH6MB         599 31 DX
QSO: 14090 RY 2009-09-26 0320 JA1RPK        599 25 DX N6ND          599 03 CA
QSO: 14078 RY 2009-09-26 0321 JA1RPK        599 25 DX UA0LD         599 19 DX
QSO: 14080 RY 2009-09-26 0324 JA1RPK        599 25 dx UA0CNX        599 19 DX
QSO: 14085 RY 2009-09-26 0327 JA1RPK        599 25 DX KG6DX         599 27 DX
QSO: 14101 RY 2009-09-26 0350 JA1RPK        599 25 DX OH6R          599 15 DX
QSO: 14101 RY 2009-09-26 0416 JA1RPK        599 25 DX OH6R          599 15 DX
QSO: 14094 RY 2009-09-26 0434 JA1RPK        599 25 RA0CL         599 19 DX
QSO: 14098 RY 2009-09-26 0437 JA1RPK        599 25 DX OH8A          599 15 DX
QSO: 14102 RY 2009-09-26 0438 JA1RPK        599 25 DX RA0QC         599 19 DX
QSO: 14000 RY 2009-09-26 0446 JA1RPK        599 25 DX BD2RJ         599 24 DX
QSO: 14084 RY 2009-09-26 0449 JA1RPK        599 25 DX EO5M          599 16 DX
QSO: 14103 RY 2009-09-26 0451 JA1RPK        599 25 DX RL3A          599 16 DX
QSO: 14089 RY 2009-09-26 0515 JA1RPK        599 25 RX4HZ         599 16 DX
QSO: 14083 RY 2009-09-26 0519 JA1RPK        599 25 DX RA3BT         599 16 DX
QSO: 14081 RY 2009-09-26 0527 JA1RPK        599 25 DX OM8A          599 15 DX
QSO: 14088 RY 2009-09-26 0532 JA1RPK        599 25 DX UA3SAQ        599 16 DX
QSO: 14092 RY 2009-09-26 0927 JA1RPK        599 25 DX F8DBF         599 14 DX
QSO: 14095 RY 2009-09-26 0928 JA1RPK        599 25 DX LX7I          599 14 DX
QSO: 14109 RY 2009-09-26 0931 JA1RPK        599 25 DX OL6X          599 15 DX
QSO: 14000 RY 2009-09-26 1021 JA1RPK        599 25 DX OH7UE         599 15 DX
QSO: 14088 RY 2009-09-26 1023 JA1RPK        599 25 DX GI5K          599 14 14
QSO: 14080 RY 2009-09-26 1025 JA1RPK        599 25 DX OL3Z          599 15 DX
QSO: 14086 RY 2009-09-26 1038 JA1RPK        599 25 SK4TL         599 14 DX
QSO: 14073 RY 2009-09-26 1044 JA1RPK        599 25 DX CR3L          599 33 DX
QSO: 14094 RY 2009-09-26 1133 JA1RPK        599 25 DX UA3PAB        599 16 DX
QSO: 14101 RY 2009-09-26 1135 JA1RPK        599 25 DX YL9T          599 15 DX
QSO: 14096 RY 2009-09-26 1136 JA1RPK        599 25 DX RA9AAA        599 17 DX
QSO: 14080 RY 2009-09-26 1140 JA1RPK        599 25 DX ES5Q          599 15 DX
QSO: 14089 RY 2009-09-26 1143 JA1RPK        599 25 DX GM5A          599 14 DX
QSO: 14076 RY 2009-09-26 2239 JA1RPK        599 25 DX WK6I          599 3 CA
QSO: 14085 RY 2009-09-26 2242 JA1RPK        599 25 DX K7AR          599 03 WA
QSO: 14088 RY 2009-09-26 2243 JA1RPK        599 25 DX K0IR          599 04 MN
QSO: 14094 RY 2009-09-26 2244 JA1RPK        599 25 DX K7BTW         599 03 WA
QSO: 14082 RY 2009-09-26 2247 JA1RPK        599 25 DX W8AEF         599 03 AZ
QSO: 14000 RY 2009-09-26 2248 JA1RPK        599 25 DX VR2009EAG     599 24 DX
QSO: 14096 RY 2009-09-26 2255 JA1RPK        599 25 DX K0KT          599 04 IA
QSO: 14100 RY 2009-09-26 2258 JA1RPK        599 25 DX VE5PV         599 04 SK
QSO: 14100 RY 2009-09-26 2300 JA1RPK        599 25 DX N6PE          599 03 CA
QSO: 14076 RY 2009-09-26 2308 JA1RPK        599 25 DX WD5K          599 04 TX
QSO: 14085 RY 2009-09-26 2311 JA1RPK        599 25 DX AB7R          599 03 WA
QSO: 14086 RY 2009-09-26 2313 JA1RPK        599 25 DX W0LSD         599 4 CO
QSO: 14104 RY 2009-09-26 2315 JA1RPK        599 25 DX KJ6RA         599 3 CA
QSO: 14105 RY 2009-09-26 2315 JA1RPK        599 25 UA0DC         599 19 DX
QSO: 14091 RY 2009-09-26 2318 JA1RPK        599 25 DX K6TD          599 3 CA
QSO: 14089 RY 2009-09-26 2320 JA1RPK        599 25 DX WA5ZUP        599 4 NM
QSO: 14079 RY 2009-09-26 2322 JA1RPK        599 25 DX W6EU          599 03 CA
QSO: 14077 RY 2009-09-26 2323 JA1RPK        599 25 DX AB4GG         599 04 TN
QSO: 14068 RY 2009-09-26 2325 JA1RPK        599 25 DX VE6WQ         599 04 AB
QSO: 21083 RY 2009-09-26 2331 JA1RPK        599 25 DX LP2F          599 13 DX
QSO: 21079 RY 2009-09-26 2333 JA1RPK        599 25 DX PW2B          599 11 DX
QSO: 14088 RY 2009-09-26 2335 JA1RPK        599 25 DX K0IR          599 04 MN
QSO: 21000 RY 2009-09-27 0026 JA1RPK        599 25 DX PW2P          599 11 DX
QSO: 14090 RY 2009-09-27 0034 JA1RPK        599 25 DX AA7A          599 03 AZ
QSO: 14084 RY 2009-09-27 0035 JA1RPK        599 25 DX W7NNN         599 03 WA
QSO: 14082 RY 2009-09-27 0036 JA1RPK        599 25 DX N7NM          599 3 WA
QSO: 14093 RY 2009-09-27 0046 JA1RPK        599 25 DX VA7ST         599 03 BC
QSO: 14085 RY 2009-09-27 0052 JA1RPK        599 25 DX WQ6O          599 03 CA
QSO: 14083 RY 2009-09-27 0054 JA1RPK        599 25 DX NX5O          599 4 OK
QSO: 14091 RY 2009-09-27 0101 JA1RPK        599 25 DX UA0FAI        599 19 DX
QSO: 14097 RY 2009-09-27 0103 JA1RPK        599 25 DX AB0RX         599 4 MO
QSO: 14085 RY 2009-09-27 0208 JA1RPK        599 25 DX WB6JJJ        599 03 CA
END-OF-LOG:
