START-OF-LOG: 3.0
CATEGORY: Fixed
CONTEST: FD CW
SPECIFIC: X23
CALLSIGN: DL5ANS
CLAIMED-SCORE: 23440
CREATED-BY: UcxLog 8.28, modified by DXHF upload.
GRID-LOCATOR: JO50UL
QSO:  7000 CW 2023-06-03 1532 DL5ANS        599 001    DL0GZ/P       599 037
QSO:  7000 CW 2023-06-03 1533 DL5ANS        599 002    DL0MZ/P       599 030
QSO:  7000 CW 2023-06-03 1534 DL5ANS        599 003    DK0MM/P       599 065
QSO:  7000 CW 2023-06-03 1535 DL5ANS        599 004    OT5X/P        599 047
QSO:  7000 CW 2023-06-03 1537 DL5ANS        599 005    DK0MN/P       599 035
QSO:  7000 CW 2023-06-03 1538 DL5ANS        599 006    DL50DAH/P     599 005
QSO:  7000 CW 2023-06-03 1539 DL5ANS        599 007    ON6SI/P       599 054
QSO:  7000 CW 2023-06-03 1540 DL5ANS        599 008    OT0K/P        599 044
QSO:  7000 CW 2023-06-03 1540 DL5ANS        599 009    ON5LL/P       599 039
QSO:  7000 CW 2023-06-03 1541 DL5ANS        599 010    PI4GAZ/P      599 061
QSO:  7000 CW 2023-06-03 1542 DL5ANS        599 011    DF5I/P        599 058
QSO:  7000 CW 2023-06-03 1544 DL5ANS        599 012    DL0SHW/P      599 038
QSO:  7000 CW 2023-06-03 1545 DL5ANS        599 013    DL1KVN/P      599 013
QSO:  7000 CW 2023-06-03 1550 DL5ANS        599 014    OO7Z/P        599 055
QSO:  7000 CW 2023-06-03 1552 DL5ANS        599 015    DK5KK/P       599 021
QSO:  7000 CW 2023-06-03 1555 DL5ANS        599 016    DM5B/P        599 028
QSO:  7000 CW 2023-06-03 1556 DL5ANS        599 017    PA0GRU/P      599 031
QSO:  7000 CW 2023-06-03 1559 DL5ANS        599 018    ON6LL/P       599 045
QSO:  7000 CW 2023-06-03 1601 DL5ANS        599 019    GM0ADX/P      599 041
QSO:  7000 CW 2023-06-03 1621 DL5ANS        599 020    DL0XM/P       599 084
QSO:  7000 CW 2023-06-03 1622 DL5ANS        599 021    DL3E/P        599 067
QSO:  7000 CW 2023-06-03 1623 DL5ANS        599 022    DL1BUG/P      599 073
QSO:  7000 CW 2023-06-03 1624 DL5ANS        599 023    G5O/P         599 103
QSO:  7000 CW 2023-06-03 1626 DL5ANS        599 024    OK/DL2DXA/P   599 018
QSO:  7000 CW 2023-06-03 1627 DL5ANS        599 025    DM4L/P        599 114
QSO:  7000 CW 2023-06-03 1628 DL5ANS        599 026    G4A/P         599 091
QSO:  7000 CW 2023-06-03 1629 DL5ANS        599 027    G4FNL/P       599 126
QSO:  7000 CW 2023-06-03 1630 DL5ANS        599 028    DL2ARN/P      599 015
QSO:  7000 CW 2023-06-03 1635 DL5ANS        599 029    DP6M/P        599 113
QSO:  7000 CW 2023-06-03 1636 DL5ANS        599 030    DF8AE/P       599 019
QSO:  7000 CW 2023-06-03 1639 DL5ANS        599 031    G6MC/P        599 116
QSO:  7000 CW 2023-06-03 1640 DL5ANS        599 032    DR5W/P        599 075
QSO:  7000 CW 2023-06-03 1642 DL5ANS        599 033    DK2A/P        599 092
QSO:  7000 CW 2023-06-03 1645 DL5ANS        599 034    GM4Z/P        599 143
QSO:  7000 CW 2023-06-03 1648 DL5ANS        599 035    DP5X/P        599 065
QSO:  7000 CW 2023-06-03 1650 DL5ANS        599 036    G0IVR/P       599 077
QSO:  7000 CW 2023-06-03 1652 DL5ANS        599 037    OK1KMU/P      599 070
QSO:  7000 CW 2023-06-03 1653 DL5ANS        599 038    DM3M/P        599 106
QSO:  7000 CW 2023-06-03 1655 DL5ANS        599 039    F/KM8W/P      599 086
QSO:  7000 CW 2023-06-03 1656 DL5ANS        599 040    DM3Y/P        599 107
QSO:  7000 CW 2023-06-03 1659 DL5ANS        599 041    HB9JOE/P      599 062
QSO:  7000 CW 2023-06-03 1701 DL5ANS        599 042    ON4MLB/P      599 032
QSO:  7000 CW 2023-06-03 1704 DL5ANS        599 043    ON4PQ/P       599 003
QSO:  7000 CW 2023-06-03 1706 DL5ANS        599 044    DM3C/P        599 121
QSO:  7000 CW 2023-06-03 1708 DL5ANS        599 045    OR5N/P        599 049
QSO:  7000 CW 2023-06-03 1709 DL5ANS        599 046    DP4B/P        599 078
QSO:  7000 CW 2023-06-03 1711 DL5ANS        599 047    G4ALE/P       599 156
QSO:  7000 CW 2023-06-03 1713 DL5ANS        599 048    DL0EF/P       599 068
QSO:  7000 CW 2023-06-03 1714 DL5ANS        599 049    DA0M/P        599 059
QSO:  7000 CW 2023-06-03 1718 DL5ANS        599 050    DJ7PRM/P      599 022
QSO:  7000 CW 2023-06-03 1720 DL5ANS        599 051    ON6NW/P       599 038
QSO:  7000 CW 2023-06-03 1722 DL5ANS        599 052    R1CA/P        599 173
QSO:  7000 CW 2023-06-03 1724 DL5ANS        599 053    DM8T/P        599 144
QSO:  7000 CW 2023-06-03 1725 DL5ANS        599 054    ER3R/P        599 174
QSO:  7000 CW 2023-06-03 1727 DL5ANS        599 055    IQ0PG/P       599 128
QSO:  7000 CW 2023-06-03 1730 DL5ANS        599 056    DK0RA/P       599 090
QSO:  7000 CW 2023-06-03 1736 DL5ANS        599 057    G4WSM/P       599 087
QSO:  7000 CW 2023-06-03 1740 DL5ANS        599 058    DK1A/P        599 171
QSO:  7000 CW 2023-06-03 1743 DL5ANS        599 059    OM/DL7AU/P    599 083
QSO:  7000 CW 2023-06-04 0722 DL5ANS        599 060    DF0AS/P       599 270
QSO:  7000 CW 2023-06-04 0724 DL5ANS        599 061    DR3W/P        599 765
QSO: 14000 CW 2023-06-04 0729 DL5ANS        599 062    HB9BXE/P      599 201
QSO: 21000 CW 2023-06-04 0734 DL5ANS        599 063    R5DC/P        599 904
QSO: 21000 CW 2023-06-04 0736 DL5ANS        599 064    ER3R/P        599 797
QSO: 21000 CW 2023-06-04 0739 DL5ANS        599 065    RN9S/P        599 487
QSO:  7000 CW 2023-06-04 0744 DL5ANS        599 066    OL0A/P        599 202
QSO:  7000 CW 2023-06-04 0745 DL5ANS        599 067    G4BJM/P       599 178
QSO:  7000 CW 2023-06-04 0747 DL5ANS        599 068    DL0FD/P       599 547
QSO:  7000 CW 2023-06-04 0751 DL5ANS        599 069    DM3X/P        599 369
QSO:  7000 CW 2023-06-04 0840 DL5ANS        599 070    DA3T/P        599 049
QSO:  7000 CW 2023-06-04 0840 DL5ANS        599 071    DK5PD/P       599 070
QSO: 14000 CW 2023-06-04 0845 DL5ANS        599 072    9A4MX/P       599 032
QSO: 14000 CW 2023-06-04 0848 DL5ANS        599 073    G4GA/P        599 951
QSO: 14000 CW 2023-06-04 0852 DL5ANS        599 074    DL2ARN/P      599 226
QSO: 14000 CW 2023-06-04 0854 DL5ANS        599 075    M2A/P         599 808
QSO: 14000 CW 2023-06-04 0855 DL5ANS        599 076    G2DX/P        599 500
QSO: 14000 CW 2023-06-04 0857 DL5ANS        599 077    G4WSM/P       599 282
QSO: 14000 CW 2023-06-04 0903 DL5ANS        599 078    G3WRR/P       599 806
QSO: 14000 CW 2023-06-04 0905 DL5ANS        599 079    G3UES/P       599 718
QSO: 14000 CW 2023-06-04 0906 DL5ANS        599 080    EI4HH/P       599 410
QSO: 14000 CW 2023-06-04 0908 DL5ANS        599 081    M0XG/P        599 686
QSO: 14000 CW 2023-06-04 0910 DL5ANS        599 082    G4ARN/P       599 799
QSO: 28000 CW 2023-06-04 0925 DL5ANS        599 083    GM4Z/P        599 850
QSO: 28000 CW 2023-06-04 0929 DL5ANS        599 084    G3ULT/P       599 410
QSO: 28000 CW 2023-06-04 0931 DL5ANS        599 085    G5O/P         599 951
QSO: 28000 CW 2023-06-04 0934 DL5ANS        599 086    G4A/P         599 833
QSO: 28000 CW 2023-06-04 0940 DL5ANS        599 087    ER3R/P        599 909
QSO: 21000 CW 2023-06-04 1018 DL5ANS        599 088    G5O/P         599 1004
QSO: 21000 CW 2023-06-04 1020 DL5ANS        599 089    GM4Z/P        599 910
QSO: 21000 CW 2023-06-04 1022 DL5ANS        599 090    M2A/P         599 864
QSO: 21000 CW 2023-06-04 1023 DL5ANS        599 091    G3WRR/P       599 864
QSO: 21000 CW 2023-06-04 1024 DL5ANS        599 092    G6MC/P        599 922
QSO: 21000 CW 2023-06-04 1026 DL5ANS        599 093    G4BJM/P       599 279
QSO:  7000 CW 2023-06-04 1036 DL5ANS        599 094    DL0WB/P       599 176
QSO: 28000 CW 2023-06-04 1039 DL5ANS        599 095    R1CA/P        599 1054
QSO: 14000 CW 2023-06-04 1050 DL5ANS        599 096    ER3R/P        599 990
QSO: 14000 CW 2023-06-04 1052 DL5ANS        599 097    R1CA/P        599 1063
QSO: 14000 CW 2023-06-04 1054 DL5ANS        599 098    DM3C/P        599 951
QSO: 14000 CW 2023-06-04 1055 DL5ANS        599 099    LA8OM/P       599 030
QSO: 14000 CW 2023-06-04 1059 DL5ANS        599 100    RM3F/P        599 010
QSO: 14000 CW 2023-06-04 1103 DL5ANS        599 101    HA5N/P        599 514
QSO: 14000 CW 2023-06-04 1105 DL5ANS        599 102    G6MC/P        599 974
QSO: 14000 CW 2023-06-04 1106 DL5ANS        599 103    G4A/P         599 899
QSO: 14000 CW 2023-06-04 1109 DL5ANS        599 104    S50X/P        599 817
QSO: 14000 CW 2023-06-04 1111 DL5ANS        599 105    R5DC/P        599 1117
QSO:  7000 CW 2023-06-04 1116 DL5ANS        599 106    DQ1V/P        599 881
QSO:  7000 CW 2023-06-04 1122 DL5ANS        599 107    ON6FC/P       599 007
QSO:  7000 CW 2023-06-04 1124 DL5ANS        599 108    PA3GQF/P      599 073
QSO:  7000 CW 2023-06-04 1127 DL5ANS        599 109    DL0FA/P       599 681
QSO: 21000 CW 2023-06-04 1137 DL5ANS        599 110    R4WAW/P       599 014
QSO: 21000 CW 2023-06-04 1142 DL5ANS        599 111    CT9/DJ2YA/P   599 031
QSO: 21000 CW 2023-06-04 1146 DL5ANS        599 112    S50X/P        599 845
QSO: 14000 CW 2023-06-04 1149 DL5ANS        599 113    DM3X/P        599 534
QSO: 14000 CW 2023-06-04 1150 DL5ANS        599 114    HB9AW/P       599 814
QSO: 14000 CW 2023-06-04 1153 DL5ANS        599 115    RN9S/P        599 557
QSO: 14000 CW 2023-06-04 1200 DL5ANS        599 116    LZ2KSB/P      599 1066
QSO:  7000 CW 2023-06-04 1206 DL5ANS        599 117    HB9IRF/P      599 229
QSO:  7000 CW 2023-06-04 1209 DL5ANS        599 118    DF0VK/P       599 827
QSO:  7000 CW 2023-06-04 1218 DL5ANS        599 119    DF2DR/P       599 135
QSO:  7000 CW 2023-06-04 1218 DL5ANS        599 120    S50X/P        599 869
QSO:  7000 CW 2023-06-04 1220 DL5ANS        599 121    DL0KF/P       599 652
QSO: 14000 CW 2023-06-04 1225 DL5ANS        599 122    G4BJM/P       599 353
QSO: 14000 CW 2023-06-04 1227 DL5ANS        599 123    PI4AMF/P      599 1067
QSO: 14000 CW 2023-06-04 1230 DL5ANS        599 124    LX1NO/P       599 059
QSO: 14000 CW 2023-06-04 1236 DL5ANS        599 125    GM0ADX/P      599 823
QSO:  7000 CW 2023-06-04 1247 DL5ANS        599 126    DL0LB/P       599 684
QSO:  7000 CW 2023-06-04 1251 DL5ANS        599 127    DR8C/P        599 975
QSO:  7000 CW 2023-06-04 1255 DL5ANS        599 128    G3WRR/P       599 941
QSO: 14000 CW 2023-06-04 1331 DL5ANS        599 129    M0RYB/P       599 539
QSO: 14000 CW 2023-06-04 1332 DL5ANS        599 130    GM4Z/P        599 1042
QSO: 21000 CW 2023-06-04 1335 DL5ANS        599 131    G4FNL/P       599 1215
QSO:  7000 CW 2023-06-04 1340 DL5ANS        599 132    G4ARN/P       599 925
QSO:  7000 CW 2023-06-04 1343 DL5ANS        599 133    DL1ASA/P      599 605
QSO:  7000 CW 2023-06-04 1346 DL5ANS        599 134    DF4U/P        599 658
QSO: 21000 CW 2023-06-04 1401 DL5ANS        599 135    M0RYB/P       599 551
QSO: 14000 CW 2023-06-04 1410 DL5ANS        599 136    IQ0PG/P       599 507
QSO:  7000 CW 2023-06-04 1413 DL5ANS        599 137    DL0HN/P       599 1027
QSO:  7000 CW 2023-06-04 1441 DL5ANS        599 138    DK4YJ/P       599 050
QSO:  7000 CW 2023-06-04 1442 DL5ANS        599 139    DM2I/P        599 785
QSO:  7000 CW 2023-06-04 1444 DL5ANS        599 140    DK0FC/P       599 991
QSO:  7000 CW 2023-06-04 1446 DL5ANS        599 141    DK0EP/P       599 843
QSO:  7000 CW 2023-06-04 1447 DL5ANS        599 142    HB9AW/P       599 927
QSO:  7000 CW 2023-06-04 1449 DL5ANS        599 143    HB9AJ/P       599 1050
QSO:  7000 CW 2023-06-04 1451 DL5ANS        599 144    G4GA/P        599 1162
QSO:  7000 CW 2023-06-04 1453 DL5ANS        599 145    DM3F/P        599 1086
END-OF-LOG:
