START-OF-LOG: 3.0
CATEGORY: Fixed
CONTEST: FD CW
CREATED-BY: DXLog.net v2.5.46, modified by DXHF upload.
CALLSIGN: IT9PPG
GRID-LOCATOR: JM68QD
CLAIMED-SCORE: 360
CLUB: 5nndxcc
QSO: 28029 CW 2023-06-04 0649 IT9PPG        599 001    DK2A/P        599 767
QSO: 28019 CW 2023-06-04 0650 IT9PPG        599 002    DP375WF       599 497
QSO: 21017 CW 2023-06-04 0656 IT9PPG        599 003    RN4SS         599 086
QSO: 21023 CW 2023-06-04 0657 IT9PPG        599 004    G4FNL/P       599 887
QSO: 21007 CW 2023-06-04 0658 IT9PPG        599 005    5Z4VJ         599 018
QSO: 21034 CW 2023-06-04 0659 IT9PPG        599 006    F5NBX         599 092
QSO: 14012 CW 2023-06-04 0704 IT9PPG        599 007    R1CA/P        599 829
QSO: 14020 CW 2023-06-04 1023 IT9PPG        599 008    HB9DAX/QRP    599 057
QSO: 14020 CW 2023-06-04 1024 IT9PPG        599 009    UA6CCNR       599 383
QSO: 14020 CW 2023-06-04 1024 IT9PPG        599 010    G4ARN/P       599 843
QSO: 14020 CW 2023-06-04 1026 IT9PPG        599 011    RU1AC         599 831
QSO: 14020 CW 2023-06-04 1033 IT9PPG        599 012    EA2BD/P       599 033
QSO: 21016 CW 2023-06-04 1036 IT9PPG        599 013    DM3X/P        599 482
QSO: 21018 CW 2023-06-04 1038 IT9PPG        599 014    DF4U/P        599 578
QSO: 21018 CW 2023-06-04 1041 IT9PPG        599 015    DQ1V/P        599 848
QSO: 21019 CW 2023-06-04 1048 IT9PPG        599 016    G4FNL/P       599 1089
QSO: 21022 CW 2023-06-04 1050 IT9PPG        599 017    DP6M/P        599 1019
QSO: 21030 CW 2023-06-04 1051 IT9PPG        599 018    G2E           599 049
END-OF-LOG:
