START-OF-LOG: 3.0
CREATED-BY: reconstructed-log-builder
CONTEST: ARRL-SS-SSB
CALLSIGN: N2KHH
LOCATION: 
CATEGORY: CHECKLOG
CATEGORY-OPERATOR: SINGLE-OP
CATEGORY-BAND: ALL
CATEGORY-MODE: MIXED
CATEGORY-POWER: UNKNOWN
CATEGORY-ASSISTED: NON-ASSISTED
CATEGORY-TRANSMITTER: ONE
CATEGORY-STATION: UNKNOWN
CATEGORY-OVERLAY: 
OPERATORS: N2KHH
CLAIMED-SCORE: 
CLUB: 
NAME: 
SOAPBOX: RECONSTRUCTED MOCKUP LOG - NOT AN OFFICIAL SUBMISSION.
SOAPBOX: Derived from submitted logs for ARRL-SS-SSB ARRL/arrl_november_phone_sweepstakes/2019.
QSO: 14258 PH 2019-11-17 1345 N2KHH         0002 B 69 NLI W5WZ          1061 M 97 LA
QSO: 14248 PH 2019-11-17 1348 N2KHH         0003 B 69 NLI KG5VK         0316 M 72 NTX
QSO: 14233 PH 2019-11-17 1359 N2KHH         15 B 69 NLI K9BGL         745 B 55 IL
QSO: 14228 PH 2019-11-17 1754 N2KHH         025 B 69 NLI WD4IXD        688 U 77 CO
QSO: 14227 PH 2019-11-17 1759 N2KHH         0025 B 69 NLI N4BP          0415 B 55 SFL
QSO: 14000 PH 2019-11-17 1804 N2KHH         26 B 69 NLI W7WA          1353 B 70 WWA
QSO: 14201 PH 2019-11-17 1828 N2KHH         026 B 69 NLI WB0SND        428 U 76 MO
QSO: 14273 PH 2019-11-17 1830 N2KHH         27 B 69 NLI K0HC          1001 S 97 KS
QSO: 14000 PH 2019-11-17 1834 N2KHH         27 B 69 NLI NC6R          647 M 91 SV
QSO: 14281 PH 2019-11-17 1838 N2KHH         0028 B 69 NLI N6WM          1141 M 07 EB
END-OF-LOG:
