START-OF-LOG: 3.0
CREATED-BY: yota-public-qso-downloader
CONTEST: YOTA-CONTEST
CALLSIGN: HA6NY
CATEGORY-OPERATOR: SINGLE-OP
CATEGORY-BAND: ALL
CATEGORY-MODE: MIXED
CATEGORY: Single Operator All band
CLAIMED-SCORE: 0
QSO: 21017 CW 2022-07-23 1000 HA6NY         599 67     RV3ZN         599 67    
QSO: 21017 CW 2022-07-23 1004 HA6NY         599 67     LA0CX         599 75    
QSO: 21024 CW 2022-07-23 1010 HA6NY         599 67     9A3SMS        599 23    
QSO: 21020 CW 2022-07-23 1030 HA6NY         599 67     F5IN          599 78    
QSO: 21014 CW 2022-07-23 1032 HA6NY         599 67     P3X           599 47    
QSO: 21012 CW 2022-07-23 1033 HA6NY         599 67     DK2FG         599 81    
QSO: 21018 CW 2022-07-23 1035 HA6NY         599 67     RW3AI         599 69    
QSO: 21018 CW 2022-07-23 1036 HA6NY         599 67     LY9A          599 66    
QSO: 21018 CW 2022-07-23 1036 HA6NY         599 67     ON4LY         599 79    
QSO: 21018 CW 2022-07-23 1037 HA6NY         599 67     M0HEN         599 59    
QSO: 21018 CW 2022-07-23 1037 HA6NY         599 67     SM5DXR        599 79    
QSO: 21018 CW 2022-07-23 1037 HA6NY         599 67     RX3Q          599 55    
QSO: 21018 CW 2022-07-23 1038 HA6NY         599 67     M1X           599 54    
QSO: 21018 CW 2022-07-23 1039 HA6NY         599 67     JA6GCE        599 72    
QSO: 21018 CW 2022-07-23 1040 HA6NY         599 67     HA7P          599 73    
QSO: 21018 CW 2022-07-23 1040 HA6NY         599 67     SD1A          599 50    
QSO: 21018 CW 2022-07-23 1041 HA6NY         599 67     RM5F          599 43    
QSO: 21018 CW 2022-07-23 1041 HA6NY         599 67     DK9IP         599 61    
QSO: 21018 CW 2022-07-23 1042 HA6NY         599 67     SP2GMA        599 67    
QSO: 21018 CW 2022-07-23 1042 HA6NY         599 67     EI8KW         599 12    
QSO: 21018 CW 2022-07-23 1043 HA6NY         599 67     DJ0BE         599 82    
QSO: 21018 CW 2022-07-23 1045 HA6NY         599 67     RA3NC         599 72    
QSO: 21018 CW 2022-07-23 1045 HA6NY         599 67     RT6N          599 59    
QSO: 21018 CW 2022-07-23 1046 HA6NY         599 67     R9XS          599 85    
QSO: 21018 CW 2022-07-23 1046 HA6NY         599 67     HA2NA         599 54    
QSO: 21018 CW 2022-07-23 1048 HA6NY         599 67     SP4GAP        599 71    
QSO: 21018 CW 2022-07-23 1048 HA6NY         599 67     HB9ARF        599 69    
QSO: 21018 CW 2022-07-23 1048 HA6NY         599 67     OM7AT         599 63    
QSO: 21018 CW 2022-07-23 1049 HA6NY         599 67     IU0ITX        599 57    
QSO: 21018 CW 2022-07-23 1050 HA6NY         599 67     DF5WN         599 74    
QSO: 21018 CW 2022-07-23 1050 HA6NY         599 67     PA3ARM        599 76    
QSO: 21018 CW 2022-07-23 1051 HA6NY         599 67     2E0CVN        599 34    
QSO: 21018 CW 2022-07-23 1051 HA6NY         599 67     LC5Z          599 51    
QSO: 21018 CW 2022-07-23 1052 HA6NY         599 67     RX3Q          599 55    
QSO: 21018 CW 2022-07-23 1052 HA6NY         599 67     EA1G          599 58    
QSO: 21032 CW 2022-07-23 1057 HA6NY         599 67     DL7ON         599 71    
QSO: 21026 CW 2022-07-23 1058 HA6NY         599 67     OY1CT         599 62    
QSO: 21024 CW 2022-07-23 1059 HA6NY         599 67     F5OZC         599 82    
QSO: 21019 CW 2022-07-23 1059 HA6NY         599 67     SM5CSS        599 76    
QSO: 21013 CW 2022-07-23 1100 HA6NY         599 67     HA7UI         599 78    
QSO: 21010 CW 2022-07-23 1101 HA6NY         599 67     DK6SP         599 24    
QSO: 14000 PH 2022-07-23 1724 HA6NY         59  67     F6IRA         59  66    
QSO:  7020 CW 2022-07-23 1738 HA6NY         599 67     IV3KKW        599 46    
QSO:  7022 CW 2022-07-23 1739 HA6NY         599 67     SP2GMA        599 67    
QSO:  7022 CW 2022-07-23 1739 HA6NY         599 67     IK6JOT        599 61    
QSO:  7022 CW 2022-07-23 1740 HA6NY         599 67     HA7UI         599 78    
QSO:  7022 CW 2022-07-23 1742 HA6NY         599 67     SP9DLY        599 71    
QSO:  7022 CW 2022-07-23 1743 HA6NY         599 67     YO4NF         599 48    
QSO:  7022 CW 2022-07-23 1743 HA6NY         599 67     IZ4JMA        599 58    
QSO:  7022 CW 2022-07-23 1743 HA6NY         599 67     IN3OWY        599 74    
QSO:  7022 CW 2022-07-23 1744 HA6NY         599 67     DL4ME         599 81    
QSO:  7022 CW 2022-07-23 1744 HA6NY         599 67     SP9EMI        599 74    
QSO:  7022 CW 2022-07-23 1744 HA6NY         599 67     R5FP          599 66    
QSO:  7022 CW 2022-07-23 1745 HA6NY         599 67     Z32U          599 55    
QSO:  7022 CW 2022-07-23 1747 HA6NY         599 67     LY7W          599 58    
QSO:  7022 CW 2022-07-23 1747 HA6NY         599 67     UA6AK         599 68    
QSO:  7022 CW 2022-07-23 1747 HA6NY         599 67     DK2FG         599 81    
QSO:  7022 CW 2022-07-23 1748 HA6NY         599 67     DL1EMA        599 56    
QSO:  7022 CW 2022-07-23 1748 HA6NY         599 67     RC0AR         599 19    
QSO:  7022 CW 2022-07-23 1749 HA6NY         599 67     D1CW          599 59    
QSO:  7022 CW 2022-07-23 1749 HA6NY         599 67     RX3Q          599 55    
QSO:  7022 CW 2022-07-23 1749 HA6NY         599 67     EA5DO         599 71    
QSO:  7022 CW 2022-07-23 1750 HA6NY         599 67     RA6L          599 50    
QSO:  7022 CW 2022-07-23 1751 HA6NY         599 67     DL2ZA         599 77    
QSO:  7022 CW 2022-07-23 1751 HA6NY         599 67     2E0CVN        599 34    
QSO:  7022 CW 2022-07-23 1752 HA6NY         599 67     DJ1PQ         599 84    
QSO:  7022 CW 2022-07-23 1752 HA6NY         599 67     9A2IK         599 71    
QSO:  7022 CW 2022-07-23 1752 HA6NY         599 67     RW3AI         599 69    
QSO:  7022 CW 2022-07-23 1753 HA6NY         599 67     PA5FN         599 66    
QSO: 14027 CW 2022-07-23 1813 HA6NY         599 67     EC5K          599 50    
QSO: 14023 CW 2022-07-23 1813 HA6NY         599 67     OZ1AAR        599 76    
QSO: 14021 CW 2022-07-23 1814 HA6NY         599 67     HA7UI         599 78    
QSO: 14020 CW 2022-07-23 1815 HA6NY         599 67     ON5WL         599 78    
QSO: 14019 CW 2022-07-23 1816 HA6NY         599 67     DL3ON         599 17    
QSO: 14016 CW 2022-07-23 1817 HA6NY         599 67     P3X           599 47    
QSO: 14014 CW 2022-07-23 1820 HA6NY         599 67     ES2RR         599 58    
QSO: 14010 CW 2022-07-23 1820 HA6NY         599 67     LA2HFA        599 75    
QSO: 14016 CW 2022-07-23 1821 HA6NY         599 67     RX3F          599 51    
QSO: 14016 CW 2022-07-23 1822 HA6NY         599 67     BG4FQD        599 49    
QSO: 14016 CW 2022-07-23 1822 HA6NY         599 67     RW3DY         599 62    
QSO: 14016 CW 2022-07-23 1822 HA6NY         599 67     DL5KUD        599 74    
QSO: 14016 CW 2022-07-23 1823 HA6NY         599 67     RW3AI         599 69    
QSO: 14016 CW 2022-07-23 1823 HA6NY         599 67     EI8KW         599 12    
QSO: 14016 CW 2022-07-23 1823 HA6NY         599 67     PA0MIR        599 77    
QSO: 14016 CW 2022-07-23 1824 HA6NY         599 67     G3YJQ         599 79    
QSO: 14016 CW 2022-07-23 1824 HA6NY         599 67     RD4A          599 50    
QSO: 14016 CW 2022-07-23 1824 HA6NY         599 67     DF0JR         599 43    
QSO: 14016 CW 2022-07-23 1825 HA6NY         599 67     EA2ESB        599 45    
QSO: 14016 CW 2022-07-23 1825 HA6NY         599 67     2E0CVN        599 34    
QSO: 14016 CW 2022-07-23 1825 HA6NY         599 67     DL1AB         599 73    
QSO: 14016 CW 2022-07-23 1826 HA6NY         599 67     VA3TNM        599 62    
QSO: 14016 CW 2022-07-23 1826 HA6NY         599 67     EA6/DL1FMG    599 59    
QSO: 14016 CW 2022-07-23 1826 HA6NY         599 67     YL2EA         599 70    
QSO: 14016 CW 2022-07-23 1827 HA6NY         599 67     W4PM          599 77    
QSO: 14016 CW 2022-07-23 1827 HA6NY         599 67     DF1XC         599 64    
QSO: 14016 CW 2022-07-23 1828 HA6NY         599 67     PE1RDP        599 52    
QSO: 14016 CW 2022-07-23 1828 HA6NY         599 67     RA3NC         599 72    
QSO: 14016 CW 2022-07-23 1828 HA6NY         599 67     IZ4DZD        599 60    
QSO: 14016 CW 2022-07-23 1829 HA6NY         599 67     BH6KOK        599 55    
QSO: 14016 CW 2022-07-23 1829 HA6NY         599 67     PE2K          599 58    
QSO: 14016 CW 2022-07-23 1830 HA6NY         599 67     K6NA          599 76    
QSO: 14016 CW 2022-07-23 1830 HA6NY         599 67     EA5FID        599 64    
QSO: 14016 CW 2022-07-23 1830 HA6NY         599 67     9A3LET        599 16    
QSO: 14016 CW 2022-07-23 1831 HA6NY         599 67     W2GD          599 72    
QSO: 14016 CW 2022-07-23 1831 HA6NY         599 67     EA2SN         599 63    
QSO: 14016 CW 2022-07-23 1831 HA6NY         599 67     EA4OY         599 35    
QSO: 14016 CW 2022-07-23 1832 HA6NY         599 67     SP3CCT        599 71    
QSO: 14016 CW 2022-07-23 1833 HA6NY         599 67     G3OJL         599 79    
QSO: 14016 CW 2022-07-23 1833 HA6NY         599 67     RA6L          599 50    
QSO: 14016 CW 2022-07-23 1834 HA6NY         599 67     WT2J          599 67    
QSO: 14016 CW 2022-07-23 1834 HA6NY         599 67     K9OM          599 74    
QSO: 14021 CW 2022-07-23 1900 HA6NY         599 67     G3P           599 72    
QSO: 14021 CW 2022-07-23 1900 HA6NY         599 67     SD1A          599 50    
QSO: 14025 CW 2022-07-23 1901 HA6NY         599 67     HG5D          599 65    
QSO: 14026 CW 2022-07-23 1902 HA6NY         599 67     DL5AXX        599 58    
QSO: 14027 CW 2022-07-23 1904 HA6NY         599 67     PY4XX         599 59    
QSO: 14031 CW 2022-07-23 1905 HA6NY         599 67     EA5U          599 47    
QSO: 14044 CW 2022-07-23 1907 HA6NY         599 67     LZ2HR         599 56    
QSO: 14028 CW 2022-07-23 1909 HA6NY         599 67     N4BP          599 81    
QSO:  3535 CW 2022-07-23 1944 HA6NY         599 67     9A0A          599 19    
QSO:  3532 CW 2022-07-23 1945 HA6NY         599 67     LZ5XQ         599 64    
QSO:  3527 CW 2022-07-23 1946 HA6NY         599 67     YO4NF         599 48    
QSO:  3526 CW 2022-07-23 1946 HA6NY         599 67     HA5OV         599 67    
QSO:  3522 CW 2022-07-23 1947 HA6NY         599 67     OK1OA         599 73    
QSO:  7037 CW 2022-07-23 1955 HA6NY         599 67     LY9A          599 66    
QSO:  7036 CW 2022-07-23 1955 HA6NY         599 67     DF0JR         599 43    
QSO:  7032 CW 2022-07-23 1958 HA6NY         599 67     SF6W          599 69    
QSO:  7030 CW 2022-07-23 1959 HA6NY         599 67     9A1CRT        599 23    
QSO:  7025 CW 2022-07-23 2000 HA6NY         599 67     SP2R          599 55    
QSO:  7023 CW 2022-07-23 2001 HA6NY         599 67     LZ2CJ         599 64    
QSO:  7022 CW 2022-07-23 2002 HA6NY         599 67     M2G           599 69    
QSO:  7022 CW 2022-07-23 2002 HA6NY         599 67     HA7RY         599 68    
QSO:  7021 CW 2022-07-23 2003 HA6NY         599 67     R3AQ          599 63    
QSO:  7020 CW 2022-07-23 2004 HA6NY         599 67     LA0CX         599 75    
QSO:  7020 CW 2022-07-23 2004 HA6NY         599 67     9A3SMS        599 23    
QSO:  7019 CW 2022-07-23 2005 HA6NY         599 67     I2WIJ         599 70    
QSO:  7017 CW 2022-07-23 2006 HA6NY         599 67     OK2TJ         599 64    
QSO:  7016 CW 2022-07-23 2006 HA6NY         599 67     YQ6A          599 68    
QSO:  7015 CW 2022-07-23 2008 HA6NY         599 67     9A3LET        599 16    
QSO:  7012 CW 2022-07-23 2010 HA6NY         599 67     DJ0YI         599 82    
QSO:  7009 CW 2022-07-23 2011 HA6NY         599 67     SP2HMT        599 67    
QSO:  7019 CW 2022-07-23 2013 HA6NY         599 67     IK4DCX        599 62    
QSO:  7024 CW 2022-07-23 2014 HA6NY         599 67     RW1A          599 55    
QSO:  7024 CW 2022-07-23 2015 HA6NY         599 67     RX3F          599 51    
QSO:  7024 CW 2022-07-23 2015 HA6NY         599 67     DL1NKS        599 41    
QSO:  7024 CW 2022-07-23 2015 HA6NY         599 67     EA2ESB        599 45    
QSO:  7024 CW 2022-07-23 2016 HA6NY         599 67     OK1FCA        599 81    
QSO:  7024 CW 2022-07-23 2016 HA6NY         599 67     G4ENZ         599 63    
QSO:  7024 CW 2022-07-23 2017 HA6NY         599 67     S51J          599 73    
QSO:  7024 CW 2022-07-23 2018 HA6NY         599 67     LZ2PS         599 67    
QSO:  7024 CW 2022-07-23 2019 HA6NY         599 67     LA2HFA        599 75    
QSO:  7024 CW 2022-07-23 2019 HA6NY         599 67     EW8OM         599 71    
QSO:  7024 CW 2022-07-23 2019 HA6NY         599 67     DM1TX         599 53    
QSO:  7024 CW 2022-07-23 2020 HA6NY         599 67     IW3FZQ        599 53    
QSO:  7024 CW 2022-07-23 2020 HA6NY         599 67     RA3XCZ        599 72    
QSO:  7024 CW 2022-07-23 2020 HA6NY         599 67     OL8R          599 51    
QSO:  7024 CW 2022-07-23 2021 HA6NY         599 67     M1X           599 54    
QSO:  7024 CW 2022-07-23 2021 HA6NY         599 67     DJ5CW         599 48    
QSO:  7024 CW 2022-07-23 2021 HA6NY         599 67     UA4FDL        599 74    
QSO:  7024 CW 2022-07-23 2021 HA6NY         599 67     RM5F          599 43    
QSO:  7024 CW 2022-07-23 2022 HA6NY         599 67     IK1YRA        599 61    
QSO:  7024 CW 2022-07-23 2022 HA6NY         599 67     DJ4MX         599 19    
QSO:  7024 CW 2022-07-23 2023 HA6NY         599 67     YL3JD         599 60    
QSO:  7024 CW 2022-07-23 2024 HA6NY         599 67     IQ4FE/4       599 66    
QSO:  7024 CW 2022-07-23 2028 HA6NY         599 67     UA4CNJ        599 62    
QSO:  7024 CW 2022-07-23 2029 HA6NY         599 67     RD4A          599 50    
QSO:  7024 CW 2022-07-23 2031 HA6NY         599 67     I2IFT         599 64    
QSO:  7024 CW 2022-07-23 2032 HA6NY         599 67     RN4HAB        599 61    
QSO: 14024 CW 2022-07-23 2051 HA6NY         599 67     DJ4MX         599 19    
QSO: 14028 CW 2022-07-23 2053 HA6NY         599 67     OL8R          599 51    
QSO: 14028 CW 2022-07-23 2053 HA6NY         599 67     AA3B          599 65    
QSO: 14032 CW 2022-07-23 2054 HA6NY         599 67     HA6PJ         599 55    
QSO: 14015 CW 2022-07-23 2056 HA6NY         599 67     UR7MZ         599 69    
QSO:  7028 CW 2022-07-23 2058 HA6NY         599 67     SM5DXR        599 79    
QSO:  7026 CW 2022-07-23 2058 HA6NY         599 67     R6DJM         599 54    
QSO:  7025 CW 2022-07-23 2059 HA6NY         599 67     EU2F          599 60    
QSO:  7024 CW 2022-07-23 2059 HA6NY         599 67     OZ1AAR        599 76    
QSO:  7023 CW 2022-07-23 2100 HA6NY         599 67     OK1HCG        599 72    
QSO:  7015 CW 2022-07-23 2103 HA6NY         599 67     HA5OV         599 67    
QSO:  7012 CW 2022-07-23 2104 HA6NY         599 67     ON7PQ         599 63    
QSO:  7011 CW 2022-07-23 2105 HA6NY         599 67     ON6PJ         599 41    
QSO:  7010 CW 2022-07-23 2106 HA6NY         599 67     M4T           599 49    
QSO:  7014 CW 2022-07-23 2108 HA6NY         599 67     P3X           599 47    
QSO:  7016 CW 2022-07-23 2109 HA6NY         599 67     E70AW         599 17    
QSO:  7017 CW 2022-07-23 2111 HA6NY         599 67     GM0WED        599 76    
QSO:  7022 CW 2022-07-23 2112 HA6NY         599 67     DR7T          599 62    
END-OF-LOG:
