START-OF-LOG: 3.0
CREATED-BY: yota-public-qso-downloader
CONTEST: YOTA-CONTEST
CALLSIGN: JO7KMB
CATEGORY-OPERATOR: SINGLE-OP
CATEGORY-BAND: ALL
CATEGORY-MODE: MIXED
CATEGORY: Single Operator 3 bands
CLAIMED-SCORE: 0
QSO: 14014 CW 2022-07-23 1936 JO7KMB        599 62     DL3AXX        599 58    
QSO: 14015 CW 2022-07-23 1937 JO7KMB        599 62     RL3T          599 42    
QSO: 14013 CW 2022-07-23 1938 JO7KMB        599 62     BH6KOK        599 55    
QSO: 14041 CW 2022-07-23 1944 JO7KMB        599 62     EU2F          599 60    
QSO: 14033 CW 2022-07-23 1946 JO7KMB        599 62     YT2ISM        599 56    
QSO: 14031 CW 2022-07-23 1949 JO7KMB        599 62     SP3CCT        599 71    
QSO: 14029 CW 2022-07-23 1951 JO7KMB        599 62     EA4AOC        599 43    
QSO: 14025 CW 2022-07-23 1952 JO7KMB        599 62     YO4DG         599 53    
QSO: 14025 CW 2022-07-23 1953 JO7KMB        599 62     I2WIJ         599 70    
QSO: 14023 CW 2022-07-23 1955 JO7KMB        599 62     IK4DCX        599 62    
QSO: 14023 CW 2022-07-23 1956 JO7KMB        599 62     HA6NN         599 78    
QSO: 14020 CW 2022-07-23 2004 JO7KMB        599 62     LZ2HR         599 56    
QSO: 14019 CW 2022-07-23 2005 JO7KMB        599 62     LZ7G          599 66    
QSO: 14015 CW 2022-07-23 2005 JO7KMB        599 62     P3X           599 47    
QSO: 14014 CW 2022-07-23 2012 JO7KMB        599 62     OM3CW         599 64    
QSO: 14010 CW 2022-07-23 2013 JO7KMB        599 62     HA1AH         599 52    
QSO: 14009 CW 2022-07-23 2014 JO7KMB        599 62     BG4FQD        599 49    
QSO: 14015 CW 2022-07-23 2015 JO7KMB        599 62     UR7MZ         599 69    
QSO: 14021 CW 2022-07-23 2016 JO7KMB        599 62     RD4A          599 50    
QSO: 14025 CW 2022-07-23 2018 JO7KMB        599 62     HA5OV         599 67    
QSO: 14027 CW 2022-07-23 2021 JO7KMB        599 62     OM5TX         599 64    
QSO: 14031 CW 2022-07-23 2024 JO7KMB        599 62     OH5TS         599 77    
QSO: 14029 CW 2022-07-23 2028 JO7KMB        599 62     YB9ELS        599 58    
QSO: 14029 CW 2022-07-23 2031 JO7KMB        599 62     SP2FVN        599 27    
QSO: 14029 CW 2022-07-23 2032 JO7KMB        599 62     RD1T          599 73    
QSO: 14029 CW 2022-07-23 2037 JO7KMB        599 62     UX5VK         599 74    
QSO: 14029 CW 2022-07-23 2040 JO7KMB        599 62     YO3GCL        599 52    
QSO: 14029 CW 2022-07-23 2042 JO7KMB        599 62     JF2FIU        599 58    
QSO: 14029 CW 2022-07-23 2044 JO7KMB        599 62     BG4NMT        599 53    
QSO: 14008 CW 2022-07-23 2114 JO7KMB        599 62     HA6PX         599 53    
QSO: 14014 CW 2022-07-23 2115 JO7KMB        599 62     SO3O          599 56    
QSO: 14020 CW 2022-07-23 2118 JO7KMB        599 62     HA7UI         599 78    
QSO: 14030 CW 2022-07-23 2120 JO7KMB        599 62     I1NVU         599 63    
QSO: 14032 CW 2022-07-23 2120 JO7KMB        599 62     YO4NF         599 48    
QSO: 14033 CW 2022-07-23 2124 JO7KMB        599 62     ZA1AK         599 55    
QSO: 14014 CW 2022-07-23 2127 JO7KMB        599 62     SP2HMT        599 67    
QSO: 14011 CW 2022-07-23 2129 JO7KMB        599 62     LZ5DB         599 47    
QSO: 14020 CW 2022-07-23 2137 JO7KMB        599 62     OK2HBR        599 70    
QSO: 14020 CW 2022-07-23 2137 JO7KMB        599 62     IV3AZV        599 60    
QSO: 14015 CW 2022-07-23 2140 JO7KMB        599 62     OK1OA         599 73    
QSO: 14024 CW 2022-07-23 2145 JO7KMB        599 62     OK2TJ         599 64    
QSO: 14023 CW 2022-07-23 2146 JO7KMB        599 62     YU5R          599 37    
END-OF-LOG:
