START-OF-LOG: 3.0
CREATED-BY: reconstructed-log-builder
CONTEST: CQ-WW-SSB
CALLSIGN: M7LDK
LOCATION: 
CATEGORY: CHECKLOG
CATEGORY-OPERATOR: SINGLE-OP
CATEGORY-BAND: ALL
CATEGORY-MODE: MIXED
CATEGORY-POWER: UNKNOWN
CATEGORY-ASSISTED: NON-ASSISTED
CATEGORY-TRANSMITTER: ONE
CATEGORY-STATION: UNKNOWN
CATEGORY-OVERLAY: 
OPERATORS: M7LDK
CLAIMED-SCORE: 
CLUB: 
NAME: 
SOAPBOX: RECONSTRUCTED MOCKUP LOG - NOT AN OFFICIAL SUBMISSION.
SOAPBOX: Derived from submitted logs for CQ-WW-SSB CQWW/ph/2023.
QSO: 14000 PH 2023-10-28 0925 M7LDK         59 14 F4EQA         59 14
QSO: 14161 PH 2023-10-28 0929 M7LDK         59 14 ED2R          59 14
QSO: 14179 PH 2023-10-28 0955 M7LDK         59 14 YT3EWW        59 15
QSO: 14162 PH 2023-10-28 0959 M7LDK         59 14 CR5T          59 14
QSO: 14158 PH 2023-10-28 1003 M7LDK         59 14 OM7AG         59 15
QSO: 14157 PH 2023-10-28 1006 M7LDK         59 14 YL7X          59 15
QSO: 14178 PH 2023-10-28 1335 M7LDK         59 14 CR6P          59 14
QSO: 14000 PH 2023-10-28 1352 M7LDK         59 14 OZ4GM         59 14
QSO: 14178 PH 2023-10-28 1445 M7LDK         59 14 UA9CDC        59 17
QSO: 14000 PH 2023-10-28 1517 M7LDK         59 14 OM5R          59 15
QSO: 14157 PH 2023-10-28 1527 M7LDK         59 14 SP3GTP        59 15
QSO: 14161 PH 2023-10-28 1529 M7LDK         59 14 SP2RBA        59 15
QSO:  7195 PH 2023-10-28 1556 M7LDK         59 14 M6T           59 14
QSO:  7110 PH 2023-10-28 1647 M7LDK         59 14 SE0X          59 14
QSO:  7096 PH 2023-10-28 1650 M7LDK         59 14 EW4GL         59 16
QSO:  7066 PH 2023-10-28 1730 M7LDK         59 14 DM7C          59 14
QSO:  7072 PH 2023-10-28 1735 M7LDK         59 14 PI4M          59 14
QSO:  7094 PH 2023-10-28 1848 M7LDK         59 14 OT5X          59 14
QSO:  7197 PH 2023-10-28 1909 M7LDK         59 14 ED5R          59 14
QSO:  7184 PH 2023-10-28 1931 M7LDK         59 14 HG7Y          59 15
QSO: 14144 PH 2023-10-29 0658 M7LDK         59 14 RU4SO         59 16
QSO: 14194 PH 2023-10-29 0717 M7LDK         59 14 CN3A          59 33
QSO: 14237 PH 2023-10-29 0754 M7LDK         59 14 OH8L          59 15
QSO: 14245 PH 2023-10-29 0800 M7LDK         59 14 9A1A          59 15
QSO: 14249 PH 2023-10-29 0806 M7LDK         59 14 CT3KN         59 33
QSO: 14235 PH 2023-10-29 1258 M7LDK         59 14 IU8LMC        59 15
QSO: 14224 PH 2023-10-29 1305 M7LDK         59 14 IR2Q          59 15
QSO: 14218 PH 2023-10-29 1307 M7LDK         59 14 IU1MRH        59 15
QSO: 14000 PH 2023-10-29 1311 M7LDK         59 14 LY2ZO         59 15
QSO: 14206 PH 2023-10-29 1326 M7LDK         59 14 YT5A          59 15
QSO: 14202 PH 2023-10-29 1329 M7LDK         59 14 OZ5W          59 14
QSO: 14198 PH 2023-10-29 1332 M7LDK         59 14 HB9H          59 14
QSO: 14189 PH 2023-10-29 1342 M7LDK         59 14 SQ4O          59 28
QSO: 14184 PH 2023-10-29 1343 M7LDK         59 14 DF0HQ         59 14
QSO: 14181 PH 2023-10-29 1354 M7LDK         59 14 OK1K          59 15
QSO: 14178 PH 2023-10-29 1358 M7LDK         59 14 OH8X          59 15
QSO: 14160 PH 2023-10-29 1401 M7LDK         59 14 SP4TKR        59 15
QSO: 14147 PH 2023-10-29 1407 M7LDK         59 14 OE5T          59 15
QSO: 14144 PH 2023-10-29 1411 M7LDK         59 14 LB8DC         59 14
QSO: 14000 PH 2023-10-29 1552 M7LDK         59 14 IZ8GUQ        59 25
QSO: 14137 PH 2023-10-29 1555 M7LDK         59 14 EA3CN         59 14
QSO: 14128 PH 2023-10-29 1557 M7LDK         59 14 EW4A          59 16
QSO: 21161 PH 2023-10-29 1605 M7LDK         59 14 YO8SBQ        59 20
QSO: 21180 PH 2023-10-29 1613 M7LDK         59 14 IZ8DVD        59 15
QSO: 14262 PH 2023-10-29 1626 M7LDK         59 14 II2S          59 15
QSO: 14268 PH 2023-10-29 1639 M7LDK         59 14 ES5G          59 15
QSO: 14267 PH 2023-10-29 1641 M7LDK         59 14 RL3A          59 16
QSO: 14284 PH 2023-10-29 1642 M7LDK         59 14 HG5E          59 15
QSO: 14293 PH 2023-10-29 1650 M7LDK         59 14 LY4A          59 15
QSO: 14238 PH 2023-10-29 1738 M7LDK         59 14 IU8LMC        59 15
END-OF-LOG:
