START-OF-LOG: 3.0
CREATED-BY: reconstructed-log-builder
CONTEST: CQ-WW-SSB
CALLSIGN: S52GP
LOCATION: 
CATEGORY: CHECKLOG
CATEGORY-OPERATOR: SINGLE-OP
CATEGORY-BAND: ALL
CATEGORY-MODE: MIXED
CATEGORY-POWER: UNKNOWN
CATEGORY-ASSISTED: NON-ASSISTED
CATEGORY-TRANSMITTER: ONE
CATEGORY-STATION: UNKNOWN
CATEGORY-OVERLAY: 
OPERATORS: S52GP
CLAIMED-SCORE: 
CLUB: 
NAME: 
SOAPBOX: RECONSTRUCTED MOCKUP LOG - NOT AN OFFICIAL SUBMISSION.
SOAPBOX: Derived from submitted logs for CQ-WW-SSB CQWW/ph/2023.
QSO: 21391 PH 2023-10-28 1407 S52GP         59 15 UA9CDC        59 17
QSO: 21000 PH 2023-10-28 1408 S52GP         59 15 TC100TC       59 20
QSO: 21425 PH 2023-10-28 1618 S52GP         59 15 N1UR          59 5
QSO: 21384 PH 2023-10-28 1621 S52GP         59 15 RL3A          59 16
QSO: 14164 PH 2023-10-28 1623 S52GP         59 15 2E0INN        59 14
QSO: 14137 PH 2023-10-28 1625 S52GP         59 15 M4T           59 14
QSO: 14128 PH 2023-10-28 1626 S52GP         59 15 LN2T          59 14
QSO: 14159 PH 2023-10-28 1628 S52GP         59 15 SM0P          59 14
QSO: 14166 PH 2023-10-28 1628 S52GP         59 15 MW0LKX        59 14
QSO: 14179 PH 2023-10-28 1629 S52GP         59 15 OG1F          59 15
QSO: 14239 PH 2023-10-28 1632 S52GP         59 15 LY7T          59 15
QSO: 14265 PH 2023-10-28 1634 S52GP         59 15 OT5A          59 14
QSO: 14276 PH 2023-10-28 1635 S52GP         59 15 RK4FD         59 16
QSO: 14294 PH 2023-10-28 1636 S52GP         59 15 ES5G          59 15
QSO: 14326 PH 2023-10-28 1638 S52GP         59 15 RU1A          59 16
QSO: 14000 PH 2023-10-28 1640 S52GP         59 15 EC3CVD        59 14
QSO: 14000 PH 2023-10-28 1640 S52GP         59 15 TM2RJ         59 14
QSO: 14301 PH 2023-10-28 1641 S52GP         59 15 OY6A          59 14
QSO: 14000 PH 2023-10-28 1642 S52GP         59 15 W7WA          59 03
QSO: 14313 PH 2023-10-28 1643 S52GP         59 15 EW1I          59 16
QSO: 14257 PH 2023-10-28 1648 S52GP         59 15 MM2N          59 14
QSO: 14253 PH 2023-10-28 1649 S52GP         59 15 HA8A          59 15
QSO: 14245 PH 2023-10-28 1650 S52GP         59 15 LZ9W          59 20
QSO: 14157 PH 2023-10-28 1655 S52GP         59 15 OT8M          59 14
QSO: 14000 PH 2023-10-28 1656 S52GP         59 15 F4EQA         59 14
QSO: 14151 PH 2023-10-28 1657 S52GP         59 15 K3LR          59 05
QSO: 14135 PH 2023-10-28 1659 S52GP         59 15 VY0ERC        59 2
QSO: 14172 PH 2023-10-28 1701 S52GP         59 15 M6T           59 14
QSO: 14176 PH 2023-10-28 1701 S52GP         59 15 YO4RDW        59 20
QSO: 14112 PH 2023-10-28 1703 S52GP         59 15 TM3Z          59 14
QSO:  3732 PH 2023-10-28 1837 S52GP         59 15 LZ9W          59 20
QSO: 14110 PH 2023-10-28 2053 S52GP         59 15 VO2AC         59 2
QSO: 14112 PH 2023-10-28 2054 S52GP         59 15 XL3A          59 04
QSO: 14126 PH 2023-10-28 2054 S52GP         59 15 VE9AA         59 5
QSO: 14137 PH 2023-10-28 2055 S52GP         59 15 VE3EJ         59 4
QSO: 14155 PH 2023-10-28 2057 S52GP         59 15 WX3B          59 5
QSO: 14157 PH 2023-10-28 2057 S52GP         59 15 K1KI          59 5
QSO: 14167 PH 2023-10-28 2058 S52GP         59 15 KC1XX         59 5
QSO:  7074 PH 2023-10-28 2100 S52GP         59 15 J42L          59 20
QSO:  7000 PH 2023-10-28 2101 S52GP         59 15 YO8BDW        59 20
QSO:  7091 PH 2023-10-28 2102 S52GP         59 15 SO7M          59 15
QSO:  7118 PH 2023-10-28 2103 S52GP         59 15 UA4M          59 16
QSO:  7124 PH 2023-10-28 2103 S52GP         59 15 LY4L          59 15
QSO:  7135 PH 2023-10-28 2104 S52GP         59 15 G8X           59 14
QSO:  7162 PH 2023-10-28 2105 S52GP         59 15 OT5A          59 14
QSO:  7161 PH 2023-10-28 2106 S52GP         59 15 LZ5I          59 20
QSO:  7199 PH 2023-10-28 2108 S52GP         59 15 YT1A          59 15
QSO:  7148 PH 2023-10-28 2111 S52GP         59 15 SN2B          59 15
END-OF-LOG:
