START-OF-LOG: 3.0
CREATED-BY: reconstructed-log-builder
CONTEST: CQ-WW-SSB
CALLSIGN: W7TJ
LOCATION: 
CATEGORY: CHECKLOG
CATEGORY-OPERATOR: SINGLE-OP
CATEGORY-BAND: ALL
CATEGORY-MODE: MIXED
CATEGORY-POWER: UNKNOWN
CATEGORY-ASSISTED: NON-ASSISTED
CATEGORY-TRANSMITTER: ONE
CATEGORY-STATION: UNKNOWN
CATEGORY-OVERLAY: 
OPERATORS: W7TJ
CLAIMED-SCORE: 
CLUB: 
NAME: 
SOAPBOX: RECONSTRUCTED MOCKUP LOG - NOT AN OFFICIAL SUBMISSION.
SOAPBOX: Derived from submitted logs for CQ-WW-SSB CQWW/ph/2023.
QSO: 28532 PH 2023-10-28 0000 W7TJ          59 03 JH8YOH        59 25
QSO: 28537 PH 2023-10-28 0004 W7TJ          59 03 VK4A          59 30
QSO: 28590 PH 2023-10-28 0007 W7TJ          59 03 VK4KW         59 30
QSO: 28570 PH 2023-10-28 0010 W7TJ          59 03 5W5W          59 32
QSO: 28555 PH 2023-10-28 0011 W7TJ          59 03 VL4R          59 30
QSO: 28486 PH 2023-10-28 0012 W7TJ          59 03 9M6W          59 28
QSO: 28476 PH 2023-10-28 0014 W7TJ          59 03 DW7EVQ        59 27
QSO: 28311 PH 2023-10-28 0018 W7TJ          59 03 AH2R          59 27
QSO: 28336 PH 2023-10-28 0019 W7TJ          59 03 JA7ZFN        59 25
QSO: 28403 PH 2023-10-28 0022 W7TJ          59 03 E51JAN        59 32
QSO: 28515 PH 2023-10-28 0027 W7TJ          59 03 YJ0TT         59 32
QSO: 28000 PH 2023-10-28 0035 W7TJ          59 03 ZL1RQ         59 32
QSO: 28583 PH 2023-10-28 0035 W7TJ          59 03 ZL2AJ         59 32
QSO: 28378 PH 2023-10-28 0040 W7TJ          59 03 NH6JC         59 31
QSO: 28000 PH 2023-10-28 0041 W7TJ          59 3 JA7YRR        59 25
QSO: 28518 PH 2023-10-28 0044 W7TJ          59 03 YE9BJM        59 28
QSO: 28502 PH 2023-10-28 0046 W7TJ          59 03 K7SS          59 3
QSO: 28000 PH 2023-10-28 0048 W7TJ          59 03 VJ2J          59 30
QSO: 28367 PH 2023-10-28 0049 W7TJ          59 3 VL4U          59 30
QSO: 28342 PH 2023-10-28 0051 W7TJ          59 03 ZL7IO         59 32
QSO: 28427 PH 2023-10-28 0058 W7TJ          59 03 VK2PW         59 30
QSO: 28520 PH 2023-10-28 0059 W7TJ          59 03 VK1A          59 30
QSO: 28573 PH 2023-10-28 0101 W7TJ          59 03 VK4KSS        59 30
QSO: 21247 PH 2023-10-28 0158 W7TJ          59 03 KH6J          59 31
QSO: 21311 PH 2023-10-28 0159 W7TJ          59 03 JJ0PKS        59 25
QSO: 21306 PH 2023-10-28 0202 W7TJ          59 03 KL7RA         59 1
QSO: 21226 PH 2023-10-28 0204 W7TJ          59 03 ZL7IO         59 32
QSO: 21251 PH 2023-10-28 0208 W7TJ          59 03 YJ0TT         59 32
QSO: 21267 PH 2023-10-28 0208 W7TJ          59 3 VL4U          59 30
QSO: 14197 PH 2023-10-28 0212 W7TJ          59 03 PJ2T          59 9
QSO: 14263 PH 2023-10-28 0216 W7TJ          59 03 KL7RA         59 1
QSO: 14278 PH 2023-10-28 0217 W7TJ          59 03 SJ2W          59 14
QSO: 14306 PH 2023-10-28 0218 W7TJ          59 03 OG1F          59 15
QSO: 14328 PH 2023-10-28 0219 W7TJ          59 03 OH8X          59 15
QSO: 14215 PH 2023-10-28 0224 W7TJ          59 03 JT5DX         59 23
QSO: 14154 PH 2023-10-28 0227 W7TJ          59 03 KH6J          59 31
QSO: 14210 PH 2023-10-28 0230 W7TJ          59 03 4A7T          59 6
QSO: 14219 PH 2023-10-28 0230 W7TJ          59 03 LT1F          59 13
QSO: 14236 PH 2023-10-28 0231 W7TJ          59 03 VA3OK         59 04
QSO: 14302 PH 2023-10-28 0235 W7TJ          59 3 8P5A          59 8
QSO: 14315 PH 2023-10-28 0235 W7TJ          59 03 PR1T          59 11
QSO: 14286 PH 2023-10-28 0240 W7TJ          59 03 CE2DX         59 12
QSO: 14158 PH 2023-10-28 0246 W7TJ          59 03 J62K          59 8
QSO: 14187 PH 2023-10-28 0247 W7TJ          59 03 TI7W          59 07
QSO: 14200 PH 2023-10-28 0249 W7TJ          59 03 PJ4G          59 9
QSO: 14203 PH 2023-10-28 0249 W7TJ          59 03 CE1TT         59 12
QSO: 14239 PH 2023-10-28 0252 W7TJ          59 03 ZF1A          59 08
QSO: 14242 PH 2023-10-28 0253 W7TJ          59 03 YV4EK         59 9
QSO: 14346 PH 2023-10-28 0259 W7TJ          59 03 EA8RM         59 33
QSO: 14281 PH 2023-10-28 0301 W7TJ          59 03 V47T          59 08
QSO: 14254 PH 2023-10-28 0304 W7TJ          59 03 HI8RD         59 8
QSO: 14224 PH 2023-10-28 0305 W7TJ          59 03 HI3LT         59 8
QSO: 14178 PH 2023-10-28 0309 W7TJ          59 03 CO2XN         59 8
QSO: 14166 PH 2023-10-28 0311 W7TJ          59 03 HQ9A          59 07
QSO: 14246 PH 2023-10-28 0314 W7TJ          59 03 CR3DX         59 33
QSO: 14292 PH 2023-10-28 0317 W7TJ          59 03 TO5A          59 08
QSO: 14296 PH 2023-10-28 0319 W7TJ          59 03 6Y1V          59 08
QSO: 14336 PH 2023-10-28 0320 W7TJ          59 3 P49Y          59 9
QSO: 14000 PH 2023-10-28 0322 W7TJ          59 03 HK3EA         59 09
QSO: 14259 PH 2023-10-28 0325 W7TJ          59 03 D4C           59 35
QSO: 14251 PH 2023-10-28 0329 W7TJ          59 3 JA3YBK        59 25
QSO: 14153 PH 2023-10-28 0336 W7TJ          59 03 ZL7IO         59 32
QSO: 14204 PH 2023-10-28 0339 W7TJ          59 03 A73A          59 21
QSO: 14236 PH 2023-10-28 0402 W7TJ          59 03 A44A          59 21
QSO:  7167 PH 2023-10-28 1123 W7TJ          59 03 JF2QNM        59 25
QSO:  7184 PH 2023-10-28 1127 W7TJ          59 03 JH4UYB        59 25
QSO:  7137 PH 2023-10-28 1129 W7TJ          59 03 VA2UR         59 5
QSO:  7152 PH 2023-10-28 1137 W7TJ          59 03 VK1A          59 30
QSO:  7159 PH 2023-10-28 1137 W7TJ          59 03 KH6J          59 31
QSO:  7162 PH 2023-10-28 1141 W7TJ          59 03 JA7ZFN        59 25
QSO:  7186 PH 2023-10-28 1144 W7TJ          59 03 JH7QXJ        59 25
QSO:  7149 PH 2023-10-28 1154 W7TJ          59 03 HQ9A          59 07
QSO:  7163 PH 2023-10-28 1200 W7TJ          59 03 AH2R          59 27
QSO:  7182 PH 2023-10-28 1202 W7TJ          59 3 JA3YBK        59 25
QSO:  7169 PH 2023-10-28 1213 W7TJ          59 03 VE4VT         59 4
QSO:  7189 PH 2023-10-28 1219 W7TJ          59 03 4A7T          59 6
QSO:  7160 PH 2023-10-28 1221 W7TJ          59 03 ZM1A          59 32
QSO:  7000 PH 2023-10-28 1222 W7TJ          59 03 T2C           59 31
QSO:  7164 PH 2023-10-28 1259 W7TJ          59 03 KL7RA         59 1
QSO:  7169 PH 2023-10-28 1310 W7TJ          59 03 ZL7IO         59 32
QSO:  7137 PH 2023-10-28 1323 W7TJ          59 03 JE6RPM        59 25
QSO: 14220 PH 2023-10-28 1425 W7TJ          59 03 SP2RBA        59 15
QSO: 14249 PH 2023-10-28 1436 W7TJ          59 03 TM1A          59 14
QSO: 14327 PH 2023-10-28 1437 W7TJ          59 03 YL7X          59 15
QSO: 14311 PH 2023-10-28 1438 W7TJ          59 03 SE0X          59 14
QSO: 14292 PH 2023-10-28 1439 W7TJ          59 03 S57DX         59 15
QSO: 14283 PH 2023-10-28 1440 W7TJ          59 03 M6C           59 14
QSO: 14260 PH 2023-10-28 1441 W7TJ          59 03 YT3X          59 15
QSO: 14267 PH 2023-10-28 1441 W7TJ          59 03 9A1A          59 15
QSO: 14255 PH 2023-10-28 1442 W7TJ          59 03 OE5T          59 15
QSO: 14253 PH 2023-10-28 1445 W7TJ          59 03 HA8A          59 15
QSO: 14222 PH 2023-10-28 1446 W7TJ          59 03 LN8W          59 14
QSO: 14175 PH 2023-10-28 1447 W7TJ          59 03 S51YI         59 15
QSO: 14215 PH 2023-10-28 1449 W7TJ          59 03 MM2N          59 14
QSO: 14239 PH 2023-10-28 1456 W7TJ          59 03 LY7T          59 15
QSO: 14244 PH 2023-10-28 1456 W7TJ          59 03 OT7T          59 14
QSO: 14205 PH 2023-10-28 1500 W7TJ          59 03 DP6T          59 14
QSO: 14172 PH 2023-10-28 1551 W7TJ          59 03 M6T           59 14
QSO: 14181 PH 2023-10-28 1552 W7TJ          59 03 YT7B          59 15
QSO: 14284 PH 2023-10-28 1558 W7TJ          59 03 SP8R          59 15
QSO: 14245 PH 2023-10-28 1606 W7TJ          59 03 LZ9W          59 20
QSO: 14164 PH 2023-10-28 1613 W7TJ          59 03 PI4M          59 14
QSO: 14345 PH 2023-10-28 1615 W7TJ          59 03 DM0A          59 14
QSO: 14342 PH 2023-10-28 1616 W7TJ          59 03 S57AL         59 15
QSO: 14281 PH 2023-10-28 1622 W7TJ          59 03 YP8T          59 20
QSO: 14278 PH 2023-10-28 1624 W7TJ          59 03 HG5E          59 15
QSO: 14250 PH 2023-10-28 1630 W7TJ          59 03 OH8L          59 15
QSO: 14205 PH 2023-10-28 1633 W7TJ          59 03 OH5Z          59 15
QSO: 14200 PH 2023-10-28 1646 W7TJ          59 03 SP3H          59 15
QSO: 14336 PH 2023-10-28 1647 W7TJ          59 03 OL0W          59 15
QSO: 14323 PH 2023-10-28 1648 W7TJ          59 03 LY4A          59 15
QSO: 14289 PH 2023-10-28 1652 W7TJ          59 03 GM2T          59 14
QSO: 14251 PH 2023-10-28 1654 W7TJ          59 03 YO9HP         59 20
QSO: 14213 PH 2023-10-28 1656 W7TJ          59 03 YT5A          59 15
QSO: 21271 PH 2023-10-28 1702 W7TJ          59 03 KH6J          59 31
QSO: 21231 PH 2023-10-28 1703 W7TJ          59 03 EA3CI         59 14
QSO: 21273 PH 2023-10-28 1708 W7TJ          59 03 IR4X          59 15
QSO: 21401 PH 2023-10-28 1709 W7TJ          59 03 PA3EWP        59 14
QSO: 21382 PH 2023-10-28 1710 W7TJ          59 03 EF5U          59 14
QSO: 21371 PH 2023-10-28 1712 W7TJ          59 03 CR6K          59 14
QSO: 21355 PH 2023-10-28 1714 W7TJ          59 03 OK5Z          59 15
QSO: 21367 PH 2023-10-28 1714 W7TJ          59 03 4A7T          59 6
QSO: 21329 PH 2023-10-28 1720 W7TJ          59 03 DF7A          59 14
QSO: 21319 PH 2023-10-28 1721 W7TJ          59 03 OM2VL         59 15
QSO: 21344 PH 2023-10-28 1722 W7TJ          59 03 MD4K          59 14
QSO: 21281 PH 2023-10-28 1727 W7TJ          59 03 HG6N          59 15
QSO: 21273 PH 2023-10-28 1729 W7TJ          59 03 EI9E          59 14
QSO: 21250 PH 2023-10-28 1731 W7TJ          59 3 S50K          59 15
QSO: 21240 PH 2023-10-28 1732 W7TJ          59 03 M6T           59 14
QSO: 21295 PH 2023-10-28 1736 W7TJ          59 03 CN3A          59 33
QSO: 21305 PH 2023-10-28 1738 W7TJ          59 03 DP7D          59 14
QSO: 21420 PH 2023-10-28 1744 W7TJ          59 03 F5LIW         59 14
QSO: 21374 PH 2023-10-28 1747 W7TJ          59 03 9A0BB         59 15
QSO: 21363 PH 2023-10-28 1753 W7TJ          59 03 9A5Y          59 15
QSO: 21267 PH 2023-10-28 1759 W7TJ          59 03 E7DX          59 15
QSO: 21255 PH 2023-10-28 1802 W7TJ          59 03 VO1GRC        59 05
QSO: 21320 PH 2023-10-28 1803 W7TJ          59 03 OG1F          59 15
QSO: 21313 PH 2023-10-28 1809 W7TJ          59 03 OK7O          59 15
QSO: 21334 PH 2023-10-28 1812 W7TJ          59 03 CR3DX         59 33
QSO: 21404 PH 2023-10-28 1819 W7TJ          59 03 YT0C          59 15
QSO: 21414 PH 2023-10-28 1819 W7TJ          59 03 S57AL         59 15
QSO: 21375 PH 2023-10-28 1821 W7TJ          59 03 OM0R          59 15
QSO: 21380 PH 2023-10-28 1821 W7TJ          59 03 EA2W          59 14
QSO: 21348 PH 2023-10-28 1823 W7TJ          59 03 IY3A          59 15
QSO: 21324 PH 2023-10-28 1824 W7TJ          59 04 OZ7X          59 14
QSO: 21259 PH 2023-10-28 1841 W7TJ          59 03 CQ3J          59 33
QSO: 21216 PH 2023-10-28 1843 W7TJ          59 03 OT7T          59 14
QSO: 21369 PH 2023-10-28 1848 W7TJ          59 03 G4KNO         59 14
QSO: 21379 PH 2023-10-28 1850 W7TJ          59 3 S53MM         59 15
QSO: 21402 PH 2023-10-28 1851 W7TJ          59 03 EA5KL         59 14
QSO:  7129 PH 2023-10-29 1359 W7TJ          59 03 JH8YOH        59 25
QSO:  7154 PH 2023-10-29 1401 W7TJ          59 03 JS1OYN        59 25
QSO:  7000 PH 2023-10-29 1403 W7TJ          59 03 JP1TRJ        59 25
QSO:  7161 PH 2023-10-29 1403 W7TJ          59 03 JI2ZJS        59 25
QSO:  7187 PH 2023-10-29 1406 W7TJ          59 03 JA1BJI        59 25
QSO: 28525 PH 2023-10-29 1519 W7TJ          59 03 FY5KE         59 9
QSO: 14214 PH 2023-10-29 2037 W7TJ          59 03 IO6A          59 15
QSO: 28366 PH 2023-10-29 2324 W7TJ          59 03 KH6J          59 31
QSO: 28369 PH 2023-10-29 2325 W7TJ          59 03 JK1YMM        59 25
QSO: 28407 PH 2023-10-29 2326 W7TJ          59 03 JS6TSE        59 25
QSO: 28429 PH 2023-10-29 2328 W7TJ          59 03 JR2PMT        59 25
QSO: 21340 PH 2023-10-29 2334 W7TJ          59 03 PJ2T          59 9
QSO: 28000 PH 2023-10-29 2340 W7TJ          59 03 JA3MQY        59 25
QSO: 28561 PH 2023-10-29 2342 W7TJ          59 03 CE3CT         59 12
QSO: 28590 PH 2023-10-29 2343 W7TJ          59 03 JF7PHE        59 25
QSO: 28622 PH 2023-10-29 2344 W7TJ          59 03 JS1KKY        59 25
QSO: 28636 PH 2023-10-29 2345 W7TJ          59 03 JI2ZJS        59 25
QSO: 28000 PH 2023-10-29 2346 W7TJ          59 03 JH1HIC        59 25
QSO: 28650 PH 2023-10-29 2346 W7TJ          59 03 JA6WFM        59 25
QSO: 28000 PH 2023-10-29 2347 W7TJ          59 3 JH6AUS        59 25
QSO: 28737 PH 2023-10-29 2348 W7TJ          59 03 JF2QNM        59 25
QSO: 28000 PH 2023-10-29 2352 W7TJ          59 03 JA7OWD        59 25
END-OF-LOG:
