START-OF-LOG: 3.0
CREATED-BY: reconstructed-log-builder
CONTEST: OK-OM DX Contest 2024
CALLSIGN: EA4TX
LOCATION: 
CATEGORY: CHECKLOG
CATEGORY-OPERATOR: SINGLE-OP
CATEGORY-BAND: ALL
CATEGORY-MODE: MIXED
CATEGORY-POWER: UNKNOWN
CATEGORY-ASSISTED: NON-ASSISTED
CATEGORY-TRANSMITTER: ONE
CATEGORY-STATION: UNKNOWN
CATEGORY-OVERLAY: 
OPERATORS: EA4TX
CLAIMED-SCORE: 
CLUB: 
NAME: 
SOAPBOX: RECONSTRUCTED MOCKUP LOG - NOT AN OFFICIAL SUBMISSION.
SOAPBOX: Derived from submitted logs for OK-OM DX Contest 2024 OK_OM_DX_Contest/2024/CW.
QSO: 14000 CW 2024-11-09 1704 EA4TX         599 1 OM0MW         599 PRE
QSO: 14015 CW 2024-11-09 1706 EA4TX         599 002 OM3ZU         599 PRE
QSO: 14016 CW 2024-11-09 1706 EA4TX         599 003 OM2X          599 MYJ
QSO: 14038 CW 2024-11-09 1707 EA4TX         599 4 DL2NBY        599 244
QSO: 14038 CW 2024-11-09 1708 EA4TX         599 6 HG1G          599 519
QSO: 14038 CW 2024-11-09 1708 EA4TX         599 5 OK1BR         599 BRA
QSO: 14038 CW 2024-11-09 1709 EA4TX         599 007 UT8LU         599 055
QSO: 14038 CW 2024-11-09 1710 EA4TX         599 010 DF7CP         599 045
QSO: 14038 CW 2024-11-09 1710 EA4TX         599 009 LZ2MP         599 169
QSO: 14038 CW 2024-11-09 1711 EA4TX         599 11 PA3EMN        599 063
QSO: 14000 CW 2024-11-09 1712 EA4TX         599 012 DF3SM         599 051
QSO: 14038 CW 2024-11-09 1712 EA4TX         599 013 M4N           599 193
QSO: 14038 CW 2024-11-09 1713 EA4TX         599 14 OK6CX         599 GPR
QSO: 14000 CW 2024-11-09 1714 EA4TX         599 017 PG2V          599 0159
QSO: 14038 CW 2024-11-09 1714 EA4TX         599 18 DJ2XY         599 087
QSO: 14038 CW 2024-11-09 1715 EA4TX         599 20 G4ERW         599 001
QSO: 14038 CW 2024-11-09 1715 EA4TX         599 19 OK8AW         599 BPV
QSO: 14038 CW 2024-11-09 1716 EA4TX         599 24 EA3NO         599 179
QSO: 14038 CW 2024-11-09 1716 EA4TX         599 022 OH3KAV        599 095
QSO: 14038 CW 2024-11-09 1716 EA4TX         599 021 OK6Y          599 GVY
QSO: 28033 CW 2024-11-10 0931 EA4TX         599 25 OK6Y          599 GVY
QSO: 28030 CW 2024-11-10 0933 EA4TX         599 27 LY3CY         599 262
QSO: 28029 CW 2024-11-10 0934 EA4TX         599 28 HG1G          599 1179
QSO: 28030 CW 2024-11-10 0935 EA4TX         599 30 UR7MZ         599 461
QSO: 28030 CW 2024-11-10 0935 EA4TX         599 029 YU1YV         599 597
END-OF-LOG:
