START-OF-LOG: 3.0
CREATED-BY: vhfmanager-downloader
CONTEST: ZRS oktobrsko UKV tekmovanje - Official results - VHFManager
CALLSIGN: OM2IV
CATEGORY: 435 MHz - Generated log
CATEGORY-OPERATOR: SINGLE-OP
CATEGORY-ASSISTED: NON-ASSISTED
CATEGORY-TRANSMITTER: ONE
CATEGORY-STATION: FIXED
QSO: 435000 PH 2013-10-05 1412 OM2IV         2   JN88SQ JN88SQ OM2IV         SSB OM3FW 59  
QSO: 435000 PH 2013-10-05 1415 OM2IV         3   JN88SQ JN88SQ OM2IV         SSB OM2DT 59  
QSO: 435000 PH 2013-10-05 1419 OM2IV         4   JN88SQ JN88SQ OM2IV         SSB OK2C 59   
QSO: 435000 PH 2013-10-05 1438 OM2IV         5   JN88SQ JN88SQ OM2IV         SSB OM3CQF 59 
QSO: 435000 PH 2013-10-05 1443 OM2IV         6   JN88SQ JN88SQ OM2IV         SSB OM5AW 59  
QSO: 435000 PH 2013-10-05 1457 OM2IV         8   JN88SQ JN88SQ OM2IV         SSB OL9W 59   
QSO: 435000 PH 2013-10-05 1514 OM2IV         10  JN88SQ JN88SQ OM2IV         unkn OM6A 59   
QSO: 435000 PH 2013-10-05 1524 OM2IV         12  JN88SQ JN88SQ OM2IV         SSB OM3RRC 59 
QSO: 435000 PH 2013-10-06 1228 OM2IV         13  JN88SQ JN88SQ OM2IV         CW  HA5SHF/P 599
QSO: 435000 PH 2013-10-06 1247 OM2IV         15  JN88SQ JN88SQ OM2IV         SSB OK2MZL 59 
QSO: 435000 PH 2013-10-06 1246 OM2IV         16  JN88SQ JN88SQ OM2IV         SSB OL7Q 59   
QSO: 435000 PH 2013-10-06 1255 OM2IV         17  JN88SQ JN88SQ OM2IV         CW  OK2EW 599 
QSO: 435000 PH 2013-10-06 1258 OM2IV         18  JN88SQ JN88SQ OM2IV         SSB OM3RBS 59 
QSO: 435000 PH 2013-10-06 1358 OM2IV         20  JN88SQ JN88SQ OM2IV         CW  UR7D 599  
END-OF-LOG:
