START-OF-LOG: 3.0
CREATED-BY: vhfmanager-downloader
CONTEST: ZRS oktobrsko UKV tekmovanje - Official results - VHFManager
CALLSIGN: UT8LE
CATEGORY: 435 MHz - Generated log
CATEGORY-OPERATOR: SINGLE-OP
CATEGORY-ASSISTED: NON-ASSISTED
CATEGORY-TRANSMITTER: ONE
CATEGORY-STATION: FIXED
QSO: 435000 PH 2013-10-05 1415 UT8LE         1   KN79WW KN79WW UT8LE         SSB UV2L 59   
QSO: 435000 PH 2013-10-05 1436 UT8LE         5   KN79WW KN79WW UT8LE         SSB US5EII 59 
QSO: 435000 PH 2013-10-05 1455 UT8LE         6   KN79WW KN79WW UT8LE         SSB UR6EC/P 59
QSO: 435000 PH 2013-10-05 1644 UT8LE         7   KN79WW KN79WW UT8LE         SSB UR5LX 59  
QSO: 435000 PH 2013-10-05 1647 UT8LE         8   KN79WW KN79WW UT8LE         SSB UT3HG 59  
QSO: 435000 PH 2013-10-05 1708 UT8LE         9   KN79WW KN79WW UT8LE         SSB UW3E 59   
QSO: 435000 PH 2013-10-06 0342 UT8LE         10  KN79WW KN79WW UT8LE         SSB RN3F 59   
QSO: 435000 PH 2013-10-06 0436 UT8LE         14  KN79WW KN79WW UT8LE         SSB UT4LA 59  
QSO: 435000 PH 2013-10-06 0457 UT8LE         15  KN79WW KN79WW UT8LE         SSB UR7IM 59  
QSO: 435000 PH 2013-10-06 0512 UT8LE         16  KN79WW KN79WW UT8LE         SSB UT5VD 59  
QSO: 435000 PH 2013-10-06 0609 UT8LE         18  KN79WW KN79WW UT8LE         CW  UY7LO 599 
QSO: 435000 PH 2013-10-06 0656 UT8LE         19  KN79WW KN79WW UT8LE         SSB UY5UZ/P 59
QSO: 435000 PH 2013-10-06 0950 UT8LE         20  KN79WW KN79WW UT8LE         SSB UT7EL 59  
END-OF-LOG:
