START-OF-LOG: 3.0
CREATED-BY: HMRA public OK1WC downloader
CONTEST: OK1WC-MEMORIAL
CALLSIGN: OK1FGD
OPERATORS: OK1FGD
CATEGORY: SO-ALL-CW-LOW
CATEGORY-OPERATOR: SINGLE-OP
CATEGORY-BAND: ALL
CATEGORY-MODE: CW
CATEGORY-POWER: LOW
SOAPBOX: Recreated from OK1WC Memorial reference table MWC230619.
SOAPBOX: Source publication level: 4.
SOAPBOX: Source: https://memorial-ok1wc.cz/index.php?page=eval3/a_eval3&kolo=564&rocnik=15&tyden=25&jobdate=230619&pub_level=4
QSO:  7000 CW 2023-06-19 1631 OK1FGD        599 1          OT6E          599 2         
QSO:  7000 CW 2023-06-19 1631 OK1FGD        599 2          DF8KY         599 2         
QSO:  7000 CW 2023-06-19 1632 OK1FGD        599 3          DL6AA         599 1         
QSO:  7000 CW 2023-06-19 1632 OK1FGD        599 4          SP2R          599 5         
QSO:  7000 CW 2023-06-19 1633 OK1FGD        599 5          DF5EN         599 3         
QSO:  7000 CW 2023-06-19 1633 OK1FGD        599 6          SN2S          599 6         
QSO:  7000 CW 2023-06-19 1634 OK1FGD        599 7          HA5MA         599 8         
QSO:  7000 CW 2023-06-19 1634 OK1FGD        599 8          SP4JFR        599 8         
QSO:  7000 CW 2023-06-19 1635 OK1FGD        599 9          SP8BXL        599 6         
QSO:  7000 CW 2023-06-19 1635 OK1FGD        599 10         PC4H          599 10        
QSO:  7000 CW 2023-06-19 1636 OK1FGD        599 11         DD5M          599 7         
QSO:  7000 CW 2023-06-19 1637 OK1FGD        599 12         DL5KUT        599 12        
QSO:  7000 CW 2023-06-19 1639 OK1FGD        599 13         LZ/OK5FF      599 4         
QSO:  7000 CW 2023-06-19 1640 OK1FGD        599 14         S51J          599 14        
QSO:  7000 CW 2023-06-19 1640 OK1FGD        599 15         OK1OA         599 21        
QSO:  7000 CW 2023-06-19 1641 OK1FGD        599 16         E7/Z35M       599 9         
QSO:  7000 CW 2023-06-19 1643 OK1FGD        599 17         DK1KC         599 16        
QSO:  7000 CW 2023-06-19 1644 OK1FGD        599 18         HA5BA         599 16        
QSO:  7000 CW 2023-06-19 1644 OK1FGD        599 19         SP4DNX        599 9         
QSO:  7000 CW 2023-06-19 1646 OK1FGD        599 20         DJ1PQ         599 13        
QSO:  7000 CW 2023-06-19 1647 OK1FGD        599 21         ON4CAS        599 16        
QSO:  7000 CW 2023-06-19 1648 OK1FGD        599 22         DK2LO         599 11        
QSO:  7000 CW 2023-06-19 1648 OK1FGD        599 23         OZ/DL5DRM/P   599 5         
QSO:  7000 CW 2023-06-19 1649 OK1FGD        599 24         DL8QS         599 27        
QSO:  7000 CW 2023-06-19 1649 OK1FGD        599 25         OG6B          599 24        
QSO:  7000 CW 2023-06-19 1650 OK1FGD        599 26         SD6M          599 33        
QSO:  7000 CW 2023-06-19 1652 OK1FGD        599 27         DJ3WE         599 29        
QSO:  7000 CW 2023-06-19 1653 OK1FGD        599 28         DL8RB         599 1         
QSO:  7000 CW 2023-06-19 1653 OK1FGD        599 29         DF1LON        599 30        
QSO:  7000 CW 2023-06-19 1654 OK1FGD        599 30         OM5RM         599 52        
QSO:  7000 CW 2023-06-19 1656 OK1FGD        599 31         YL3FW         599 39        
QSO:  7000 CW 2023-06-19 1657 OK1FGD        599 32         HA1AS         599 21        
QSO:  7000 CW 2023-06-19 1657 OK1FGD        599 33         SE6K          599 27        
QSO:  7000 CW 2023-06-19 1700 OK1FGD        599 34         DL50DAH       599 14        
QSO:  7000 CW 2023-06-19 1701 OK1FGD        599 35         DK5TX         599 28        
QSO:  7000 CW 2023-06-19 1702 OK1FGD        599 36         SN5N          599 73        
QSO:  7000 CW 2023-06-19 1703 OK1FGD        599 37         PA3AAV        599 70        
QSO:  7000 CW 2023-06-19 1703 OK1FGD        599 38         OM2KI         599 72        
QSO:  7000 CW 2023-06-19 1704 OK1FGD        599 39         ON4EW         599 23        
QSO:  7000 CW 2023-06-19 1704 OK1FGD        599 40         DJ9SN         599 31        
QSO:  7000 CW 2023-06-19 1705 OK1FGD        599 41         DJ4MX         599 74        
QSO:  7000 CW 2023-06-19 1705 OK1FGD        599 42         OM4MW         599 79        
QSO:  7000 CW 2023-06-19 1706 OK1FGD        599 43         HB9HTF        599 46        
QSO:  7000 CW 2023-06-19 1707 OK1FGD        599 44         DK2FG         599 69        
QSO:  7000 CW 2023-06-19 1708 OK1FGD        599 45         SP4TKR        599 53        
QSO:  7000 CW 2023-06-19 1709 OK1FGD        599 46         DM6EE         599 39        
QSO:  7000 CW 2023-06-19 1711 OK1FGD        599 47         F4HGD         599 46        
QSO:  3500 CW 2023-06-19 1713 OK1FGD        599 48         OK1FMX        599 45        
QSO:  3500 CW 2023-06-19 1713 OK1FGD        599 49         SP3CW         599 22        
QSO:  3500 CW 2023-06-19 1714 OK1FGD        599 50         OK1RZ         599 37        
QSO:  3500 CW 2023-06-19 1716 OK1FGD        599 51         OM5ZW         599 105       
QSO:  3500 CW 2023-06-19 1716 OK1FGD        599 52         OK1DAM        599 16        
QSO:  3500 CW 2023-06-19 1716 OK1FGD        599 53         OK1TD         599 54        
QSO:  7000 CW 2023-06-19 1718 OK1FGD        599 54         E77EA         599 112       
QSO:  7000 CW 2023-06-19 1719 OK1FGD        599 55         SP3MEP        599 84        
QSO:  7000 CW 2023-06-19 1719 OK1FGD        599 56         OM3CPF        599 74        
QSO:  7000 CW 2023-06-19 1720 OK1FGD        599 57         DL4ME         599 63        
QSO:  7000 CW 2023-06-19 1720 OK1FGD        599 58         DJ4WT         599 50        
QSO:  7000 CW 2023-06-19 1721 OK1FGD        599 59         PA2A          599 39        
QSO:  7000 CW 2023-06-19 1721 OK1FGD        599 60         DA0RR         599 81        
QSO:  7000 CW 2023-06-19 1721 OK1FGD        599 61         OK5D          599 74        
QSO:  7000 CW 2023-06-19 1722 OK1FGD        599 62         HB9CMW        599 20        
QSO:  7000 CW 2023-06-19 1724 OK1FGD        599 63         OK7NV         599 46        
QSO:  7000 CW 2023-06-19 1725 OK1FGD        599 64         SN7Q          599 88        
QSO:  7000 CW 2023-06-19 1725 OK1FGD        599 65         DF1DT         599 29        
QSO:  7000 CW 2023-06-19 1726 OK1FGD        599 66         DL8OH         599 24        
QSO:  7000 CW 2023-06-19 1728 OK1FGD        599 67         OK1TN         599 91        
QSO:  7000 CW 2023-06-19 1729 OK1FGD        599 68         OK1FHI        599 65        
QSO:  7000 CW 2023-06-19 1729 OK1FGD        599 69         SC6O          599 62        
QSO:  7000 CW 2023-06-19 1729 OK1FGD        599 70         OK1ITK        599 32        
END-OF-LOG:
