START-OF-LOG: 3.0
CREATED-BY: vhfmanager-downloader
CONTEST: ZRS majsko UKV tekmovanje - Official results - VHFManager
CALLSIGN: DK0DTP
CATEGORY: 145 MHz - Generated log
CATEGORY-OPERATOR: SINGLE-OP
CATEGORY-ASSISTED: NON-ASSISTED
CATEGORY-TRANSMITTER: ONE
CATEGORY-STATION: FIXED
QSO: 144300 PH 2019-05-04 1832 DK0DTP        1   JN48NF JN48NF DK0TP         SSB HB9RF 59  
QSO: 144300 PH 2019-05-04 1845 DK0DTP        3   JN48NF JN48NF DK0TP         SSB F5OOM/P 59
QSO: 144300 PH 2019-05-04 1846 DK0DTP        4   JN48NF JN48NF DK0TP         SSB DD7PA 59  
QSO: 144300 PH 2019-05-04 1847 DK0DTP        5   JN48NF JN48NF DK0TP         SSB DF4T 59   
QSO: 144300 PH 2019-05-04 1849 DK0DTP        6   JN48NF JN48NF DK0TP         SSB DL6IAK 59 
QSO: 144300 PH 2019-05-04 1855 DK0DTP        7   JN48NF JN48NF DK0TP         SSB DK8K 59   
QSO: 144300 PH 2019-05-04 1855 DK0DTP        8   JN48NF JN48NF DK0TP         SSB DQ2C 59   
QSO: 144300 PH 2019-05-04 1903 DK0DTP        10  JN48NF JN48NF DK0TP         SSB DK4M 59   
QSO: 144300 PH 2019-05-04 1905 DK0DTP        11  JN48NF JN48NF DK0TP         SSB OL3Z 59   
QSO: 144300 PH 2019-05-04 1929 DK0DTP        15  JN48NF JN48NF DK0TP         SSB DL0NF 59  
QSO: 144300 PH 2019-05-04 1936 DK0DTP        16  JN48NF JN48NF DK0TP         SSB DR5T 59   
QSO: 144300 PH 2019-05-04 1956 DK0DTP        19  JN48NF JN48NF DK0TP         SSB DK3SR 59  
QSO: 144300 PH 2019-05-04 2007 DK0DTP        22  JN48NF JN48NF DK0TP         SSB DF0SX 59  
QSO: 144300 PH 2019-05-04 2024 DK0DTP        25  JN48NF JN48NF DK0TP         SSB DL0LB 59  
QSO: 144300 PH 2019-05-04 2047 DK0DTP        28  JN48NF JN48NF DK0TP         SSB SP9KDA 59 
QSO: 144300 PH 2019-05-04 2052 DK0DTP        30  JN48NF JN48NF DK0TP         SSB DF4UM 59  
QSO: 144300 PH 2019-05-04 2105 DK0DTP        32  JN48NF JN48NF DK0TP         SSB OE5JSL 59 
QSO: 144300 PH 2019-05-04 2110 DK0DTP        33  JN48NF JN48NF DK0TP         SSB DA0FF 59  
QSO: 144300 PH 2019-05-04 2127 DK0DTP        36  JN48NF JN48NF DK0TP         SSB DK1KC/P 55
QSO: 144300 PH 2019-05-04 2130 DK0DTP        37  JN48NF JN48NF DK0TP         SSB DG2SER 59 
QSO: 144300 PH 2019-05-04 2151 DK0DTP        40  JN48NF JN48NF DK0TP         SSB DR2X 59   
QSO: 144300 PH 2019-05-04 2155 DK0DTP        41  JN48NF JN48NF DK0TP         SSB DL7ACN 59 
QSO: 144300 PH 2019-05-04 2158 DK0DTP        42  JN48NF JN48NF DK0TP         SSB DL0GL 59  
QSO: 144300 PH 2019-05-05 0931 DK0DTP        43  JN48NF JN48NF DK0TP         SSB DF2AJ 59  
QSO: 144300 PH 2019-05-05 1007 DK0DTP        44  JN48NF JN48NF DK0TP         SSB DG8WM 59  
QSO: 144300 PH 2019-05-05 1044 DK0DTP        44  JN48NF JN48NF DK0TP         SSB OR6T 59   
QSO: 144300 PH 2019-05-05 1033 DK0DTP        45  JN58NF JN48NF DK0TP         SSB DF9PX 59  
QSO: 144300 PH 2019-05-05 1035 DK0DTP        46  JN48NF JN48NF DK0TP         SSB PA1T 59   
QSO: 144300 PH 2019-05-04 2120 DK0DTP        64  JN48NF JN48NF DK0TP         SSB OM2Y 59   
END-OF-LOG:
