START-OF-LOG: 3.0
CREATED-BY: HMRA public OK1WC downloader
CONTEST: OK1WC-MEMORIAL
CALLSIGN: OK1IBP
OPERATORS: OK1IBP
CATEGORY: SO-ALL-CW-LOW
CATEGORY-OPERATOR: SINGLE-OP
CATEGORY-BAND: ALL
CATEGORY-MODE: CW
CATEGORY-POWER: LOW
SOAPBOX: Recreated from OK1WC Memorial reference table MWC240318.
SOAPBOX: Source publication level: 4.
SOAPBOX: Source: https://memorial-ok1wc.cz/index.php?page=eval3/a_eval3&kolo=603&rocnik=16&tyden=12&jobdate=240318&pub_level=4
QSO:  7000 CW 2024-03-18 1630 OK1IBP        599 1          OK2VX         599 1         
QSO:  7000 CW 2024-03-18 1630 OK1IBP        599 2          OK6OK         599 1         
QSO:  7000 CW 2024-03-18 1631 OK1IBP        599 3          SP2DKI        599 2         
QSO:  7000 CW 2024-03-18 1631 OK1IBP        599 4          HB9HTF        599 4         
QSO:  7000 CW 2024-03-18 1632 OK1IBP        599 5          OK1DSZ        599 4         
QSO:  7000 CW 2024-03-18 1632 OK1IBP        599 6          HA1AS         599 3         
QSO:  7000 CW 2024-03-18 1633 OK1IBP        599 7          OK5SA         599 4         
QSO:  7000 CW 2024-03-18 1633 OK1IBP        599 8          OK4RQ         599 7         
QSO:  7000 CW 2024-03-18 1633 OK1IBP        599 9          OG6B          599 4         
QSO:  7000 CW 2024-03-18 1633 OK1IBP        599 10         ON4EM         599 8         
QSO:  7000 CW 2024-03-18 1634 OK1IBP        599 11         SP2XX         599 8         
QSO:  7000 CW 2024-03-18 1634 OK1IBP        599 12         OK2NAJ        599 4         
QSO:  7000 CW 2024-03-18 1634 OK1IBP        599 13         SP8BXL        599 8         
QSO:  7000 CW 2024-03-18 1635 OK1IBP        599 14         Z32TO         599 9         
QSO:  7000 CW 2024-03-18 1635 OK1IBP        599 15         YL3FW         599 1         
QSO:  7000 CW 2024-03-18 1635 OK1IBP        599 16         OK1TD         599 9         
QSO:  7000 CW 2024-03-18 1636 OK1IBP        599 17         DJ9MH         599 15        
QSO:  7000 CW 2024-03-18 1636 OK1IBP        599 18         HA1YA         599 13        
QSO:  7000 CW 2024-03-18 1637 OK1IBP        599 19         ZA1RR         599 7         
QSO:  7000 CW 2024-03-18 1637 OK1IBP        599 20         OK2BFN        599 15        
QSO:  7000 CW 2024-03-18 1637 OK1IBP        599 21         DR2C          599 17        
QSO:  7000 CW 2024-03-18 1638 OK1IBP        599 22         M4N           599 18        
QSO:  7000 CW 2024-03-18 1638 OK1IBP        599 23         OM2KI         599 19        
QSO:  7000 CW 2024-03-18 1638 OK1IBP        599 24         DF1DX         599 12        
QSO:  7000 CW 2024-03-18 1639 OK1IBP        599 25         DL4ME         599 17        
QSO:  7000 CW 2024-03-18 1639 OK1IBP        599 26         SM0OEK        599 19        
QSO:  7000 CW 2024-03-18 1640 OK1IBP        599 27         DD5M          599 23        
QSO:  7000 CW 2024-03-18 1640 OK1IBP        599 28         SP3MEP        599 23        
QSO:  7000 CW 2024-03-18 1641 OK1IBP        599 29         OL8R          599 28        
QSO:  7000 CW 2024-03-18 1641 OK1IBP        599 30         OK1OA         599 19        
QSO:  7000 CW 2024-03-18 1641 OK1IBP        599 31         HG1G          599 21        
QSO:  7000 CW 2024-03-18 1642 OK1IBP        599 32         SP3VT         599 21        
QSO:  7000 CW 2024-03-18 1642 OK1IBP        599 33         HA5MA         599 19        
QSO:  7000 CW 2024-03-18 1642 OK1IBP        599 34         SP7N          599 20        
QSO:  7000 CW 2024-03-18 1643 OK1IBP        599 35         OZ7BQ         599 14        
QSO:  7000 CW 2024-03-18 1643 OK1IBP        599 36         S51J          599 17        
QSO:  7000 CW 2024-03-18 1643 OK1IBP        599 37         SP2HHX        599 19        
QSO:  7000 CW 2024-03-18 1644 OK1IBP        599 38         DM7W          599 27        
QSO:  7000 CW 2024-03-18 1644 OK1IBP        599 39         S52W          599 29        
QSO:  7000 CW 2024-03-18 1645 OK1IBP        599 40         DJ1OJ         599 16        
QSO:  7000 CW 2024-03-18 1646 OK1IBP        599 41         DM1T          599 31        
QSO:  7000 CW 2024-03-18 1646 OK1IBP        599 42         OM3ZU         599 27        
QSO:  7000 CW 2024-03-18 1647 OK1IBP        599 43         LZ5DI         599 21        
QSO:  7000 CW 2024-03-18 1648 OK1IBP        599 44         HA5OV         599 39        
QSO:  7000 CW 2024-03-18 1648 OK1IBP        599 45         PA5WT         599 20        
QSO:  7000 CW 2024-03-18 1648 OK1IBP        599 46         OL4W          599 29        
QSO:  7000 CW 2024-03-18 1649 OK1IBP        599 47         DL2NBY        599 29        
QSO:  7000 CW 2024-03-18 1650 OK1IBP        599 48         SM6IQD        599 23        
QSO:  7000 CW 2024-03-18 1651 OK1IBP        599 49         DF4PD         599 28        
QSO:  7000 CW 2024-03-18 1651 OK1IBP        599 50         OK1TN         599 40        
QSO:  7000 CW 2024-03-18 1651 OK1IBP        599 51         OM5CM         599 43        
QSO:  7000 CW 2024-03-18 1651 OK1IBP        599 52         OK4X          599 16        
QSO:  7000 CW 2024-03-18 1652 OK1IBP        599 53         OM5ZW         599 60        
QSO:  7000 CW 2024-03-18 1652 OK1IBP        599 54         YU7TBA        599 26        
QSO:  7000 CW 2024-03-18 1653 OK1IBP        599 55         OH1KH         599 19        
QSO:  7000 CW 2024-03-18 1653 OK1IBP        599 56         DK5DQ         599 41        
QSO:  7000 CW 2024-03-18 1653 OK1IBP        599 57         DJ3WE         599 34        
QSO:  7000 CW 2024-03-18 1654 OK1IBP        599 58         OK1FKD        599 30        
QSO:  7000 CW 2024-03-18 1654 OK1IBP        599 59         SP2KAC        599 25        
QSO:  7000 CW 2024-03-18 1655 OK1IBP        599 60         SM5S          599 29        
QSO:  7000 CW 2024-03-18 1655 OK1IBP        599 61         SE5T          599 31        
QSO:  7000 CW 2024-03-18 1656 OK1IBP        599 62         DF7C          599 41        
QSO:  7000 CW 2024-03-18 1656 OK1IBP        599 63         DF8V          599 22        
QSO:  7000 CW 2024-03-18 1657 OK1IBP        599 64         OK2NO         599 57        
QSO:  7000 CW 2024-03-18 1657 OK1IBP        599 65         OM4DU         599 30        
QSO:  7000 CW 2024-03-18 1657 OK1IBP        599 66         OK1NU         599 28        
QSO:  7000 CW 2024-03-18 1658 OK1IBP        599 67         SM6M          599 66        
QSO:  7000 CW 2024-03-18 1658 OK1IBP        599 68         9A3AG         599 16        
QSO:  7000 CW 2024-03-18 1659 OK1IBP        599 69         SD1A          599 42        
QSO:  7000 CW 2024-03-18 1700 OK1IBP        599 70         DK3GI         599 53        
QSO:  7000 CW 2024-03-18 1701 OK1IBP        599 71         OM5AA         599 38        
QSO:  7000 CW 2024-03-18 1702 OK1IBP        599 72         PA3DBS        599 29        
QSO:  7000 CW 2024-03-18 1702 OK1IBP        599 73         DM100FK       599 24        
QSO:  7000 CW 2024-03-18 1703 OK1IBP        599 74         RX3Q          599 48        
QSO:  7000 CW 2024-03-18 1704 OK1IBP        599 75         HA6NL         599 89        
QSO:  7000 CW 2024-03-18 1705 OK1IBP        599 76         PA3AAV        599 99        
QSO:  7000 CW 2024-03-18 1705 OK1IBP        599 77         PA3ARM        599 54        
QSO:  7000 CW 2024-03-18 1706 OK1IBP        599 78         SP4TKR        599 71        
QSO:  7000 CW 2024-03-18 1706 OK1IBP        599 79         IN3FHE        599 37        
QSO:  3500 CW 2024-03-18 1708 OK1IBP        599 80         DJ3WE         599 58        
QSO:  3500 CW 2024-03-18 1708 OK1IBP        599 81         E77EA         599 96        
QSO:  3500 CW 2024-03-18 1709 OK1IBP        599 82         DJ9SN         599 52        
QSO:  3500 CW 2024-03-18 1709 OK1IBP        599 83         SE5E          599 98        
QSO:  3500 CW 2024-03-18 1710 OK1IBP        599 84         OM2KI         599 88        
QSO:  3500 CW 2024-03-18 1711 OK1IBP        599 85         DK5DQ         599 71        
QSO:  3500 CW 2024-03-18 1712 OK1IBP        599 86         SE0B          599 90        
QSO:  3500 CW 2024-03-18 1712 OK1IBP        599 87         DD5M          599 84        
QSO:  3500 CW 2024-03-18 1713 OK1IBP        599 88         SN5N          599 88        
QSO:  3500 CW 2024-03-18 1713 OK1IBP        599 89         SP2QG         599 100       
QSO:  3500 CW 2024-03-18 1714 OK1IBP        599 90         DF7YE         599 78        
QSO:  3500 CW 2024-03-18 1714 OK1IBP        599 91         OK1FKD        599 53        
QSO:  3500 CW 2024-03-18 1715 OK1IBP        599 92         DF1DX         599 72        
QSO:  3500 CW 2024-03-18 1715 OK1IBP        599 93         OK1AY         599 48        
QSO:  3500 CW 2024-03-18 1715 OK1IBP        599 94         OK2PYA        599 46        
QSO:  3500 CW 2024-03-18 1716 OK1IBP        599 95         OK1USP        599 43        
QSO:  3500 CW 2024-03-18 1716 OK1IBP        599 96         OM4DU         599 51        
QSO:  3500 CW 2024-03-18 1716 OK1IBP        599 97         OK1OA         599 82        
QSO:  3500 CW 2024-03-18 1717 OK1IBP        599 98         HA5MA         599 73        
QSO:  3500 CW 2024-03-18 1717 OK1IBP        599 99         OM5TZ         599 42        
QSO:  3500 CW 2024-03-18 1717 OK1IBP        599 100        OK1DAR        599 20        
QSO:  3500 CW 2024-03-18 1718 OK1IBP        599 101        SP3VT         599 91        
QSO:  3500 CW 2024-03-18 1718 OK1IBP        599 102        S52W          599 93        
QSO:  3500 CW 2024-03-18 1718 OK1IBP        599 103        OK1FRD        599 21        
QSO:  3500 CW 2024-03-18 1719 OK1IBP        599 104        DL8QS         599 90        
QSO:  3500 CW 2024-03-18 1719 OK1IBP        599 105        DM7W          599 92        
QSO:  3500 CW 2024-03-18 1719 OK1IBP        599 106        OM5KM         599 55        
QSO:  3500 CW 2024-03-18 1720 OK1IBP        599 107        OL8R          599 130       
QSO:  3500 CW 2024-03-18 1720 OK1IBP        599 108        OM5B          599 69        
QSO:  3500 CW 2024-03-18 1720 OK1IBP        599 109        SP3MEP        599 95        
QSO:  3500 CW 2024-03-18 1721 OK1IBP        599 110        HA6NL         599 118       
QSO:  3500 CW 2024-03-18 1721 OK1IBP        599 111        SP2QG         599 117       
QSO:  3500 CW 2024-03-18 1721 OK1IBP        599 112        HA1AS         599 45        
QSO:  3500 CW 2024-03-18 1723 OK1IBP        599 113        OM5AA         599 79        
QSO:  3500 CW 2024-03-18 1723 OK1IBP        599 114        SO3O          599 97        
QSO:  3500 CW 2024-03-18 1724 OK1IBP        599 115        DL1NKS        599 88        
QSO:  3500 CW 2024-03-18 1724 OK1IBP        599 116        OK2NAJ        599 91        
QSO:  3500 CW 2024-03-18 1725 OK1IBP        599 117        OK1DSZ        599 112       
QSO:  3500 CW 2024-03-18 1726 OK1IBP        599 118        PA3AAV        599 136       
QSO:  3500 CW 2024-03-18 1727 OK1IBP        599 119        DJ9MH         599 98        
QSO:  3500 CW 2024-03-18 1727 OK1IBP        599 120        OK1DZD        599 12        
QSO:  3500 CW 2024-03-18 1728 OK1IBP        599 121        SP3CW         599 52        
QSO:  3500 CW 2024-03-18 1729 OK1IBP        599 122        HA5OV         599 111       
END-OF-LOG:
