START-OF-LOG: 3.0
CREATED-BY: reconstructed-log-builder
CONTEST: IARU-HF
CALLSIGN: AC0C
LOCATION: 
CATEGORY: CHECKLOG
CATEGORY-OPERATOR: SINGLE-OP
CATEGORY-BAND: ALL
CATEGORY-MODE: MIXED
CATEGORY-POWER: UNKNOWN
CATEGORY-ASSISTED: NON-ASSISTED
CATEGORY-TRANSMITTER: ONE
CATEGORY-STATION: UNKNOWN
CATEGORY-OVERLAY: 
OPERATORS: AC0C
CLAIMED-SCORE: 
CLUB: 
NAME: 
SOAPBOX: RECONSTRUCTED MOCKUP LOG - NOT AN OFFICIAL SUBMISSION.
SOAPBOX: Derived from submitted logs for IARU-HF ARRL/iaru_hf_world_championship/2025.
QSO: 14032 CW 2025-07-12 2259 AC0C          599 07 IV3KKW        599 R1
QSO: 14057 CW 2025-07-12 2300 AC0C          599 07 DR0W          599 28
QSO: 14066 CW 2025-07-12 2300 AC0C          599 07 N3CKI         599 08
QSO: 14041 CW 2025-07-12 2301 AC0C          599 07 F5SIH         599 27
QSO: 21038 CW 2025-07-12 2301 AC0C          599 7 II4HQ         599 ARI
QSO: 21038 CW 2025-07-12 2301 AC0C          599 7 II4HQ         599 ARI
QSO: 21000 CW 2025-07-12 2302 AC0C          599 07 9A0HQ         599 HRS
QSO: 21029 CW 2025-07-12 2302 AC0C          599 07 ED0HQ         599 URE
QSO: 14057 CW 2025-07-12 2303 AC0C          599 07 PY6TS         599 13
QSO: 14007 CW 2025-07-12 2304 AC0C          599 07 VE3JM         599 4
QSO: 14054 CW 2025-07-12 2304 AC0C          599 07 WP3C          599 11
QSO:  7008 CW 2025-07-12 2306 AC0C          599 07 VE3JM         599 4
QSO:  7002 CW 2025-07-12 2307 AC0C          599 07 N6MJ          599 8
QSO: 14013 CW 2025-07-12 2308 AC0C          599 07 K5WA          599 07
QSO: 14025 CW 2025-07-12 2309 AC0C          599 07 CB3A          599 14
QSO: 14037 CW 2025-07-12 2310 AC0C          599 7 II4HQ         599 ARI
QSO: 14037 CW 2025-07-12 2310 AC0C          599 7 II4HQ         599 ARI
QSO: 14023 CW 2025-07-12 2311 AC0C          599 07 P3X           599 39
QSO: 14000 CW 2025-07-12 2313 AC0C          599 07 EL2DT         599 46
QSO: 14058 CW 2025-07-12 2313 AC0C          599 07 PS2T          599 15
QSO: 14037 CW 2025-07-12 2314 AC0C          599 07 NT6Q          599 06
QSO: 14020 CW 2025-07-12 2316 AC0C          599 07 OZ1HQ         599 EDR
QSO: 14031 CW 2025-07-12 2317 AC0C          599 07 9A0HQ         599 HRS
QSO: 21034 CW 2025-07-12 2317 AC0C          599 07 VL2G          599 59
QSO: 21026 CW 2025-07-12 2318 AC0C          599 07 KH7Q          599 61
QSO: 21045 CW 2025-07-12 2318 AC0C          599 07 NP2X          599 11
QSO: 14003 CW 2025-07-12 2319 AC0C          599 07 ED0HQ         599 URE
QSO:  7013 CW 2025-07-12 2319 AC0C          599 07 WX0B          599 7
QSO:  7023 CW 2025-07-12 2319 AC0C          599 07 ZF5T          599 11
QSO: 21041 CW 2025-07-12 2331 AC0C          599 07 LT4RCA        599 RCA
QSO: 14042 CW 2025-07-12 2332 AC0C          599 07 LT4RCA        599 RCA
QSO: 14052 CW 2025-07-12 2333 AC0C          599 07 JS1OYN        599 45
QSO:  7003 CW 2025-07-12 2333 AC0C          599 07 N3QE          599 08
QSO:  7025 CW 2025-07-12 2334 AC0C          599 7 II4HQ         599 ARI
QSO:  7025 CW 2025-07-12 2334 AC0C          599 7 II4HQ         599 ARI
QSO: 14056 CW 2025-07-12 2336 AC0C          599 07 EA7ZC         599 37
QSO:  7002 CW 2025-07-12 2336 AC0C          599 7 VY2TT         599 9
QSO:  7023 CW 2025-07-12 2337 AC0C          599 07 F6AGM         599 27
QSO:  7029 CW 2025-07-12 2337 AC0C          599 07 SN0HQ         599 PZK
QSO: 14048 CW 2025-07-12 2338 AC0C          599 07 OH2HQ         599 SRAL
QSO: 14048 CW 2025-07-12 2338 AC0C          599 07 OH2HQ         599 SRAL
QSO: 14060 CW 2025-07-12 2338 AC0C          599 07 YV4ABR        599 12
QSO: 14020 CW 2025-07-13 0210 AC0C          599 07 VA7ST         599 02
QSO:  7020 CW 2025-07-13 0210 AC0C          599 07 ED0HQ         599 URE
QSO:  7021 CW 2025-07-13 0210 AC0C          599 07 HA2KMR        599 28
QSO: 14001 CW 2025-07-13 0211 AC0C          599 07 XE1CRG        599 10
QSO:  7013 CW 2025-07-13 0211 AC0C          599 07 EA8RM         599 36
QSO: 14003 CW 2025-07-13 0212 AC0C          599 07 ED0HQ         599 URE
QSO: 14046 CW 2025-07-13 0212 AC0C          599 07 KH7Q          599 61
QSO: 14034 CW 2025-07-13 0213 AC0C          599 07 KL5DX         599 01
QSO: 14038 CW 2025-07-13 0214 AC0C          599 7 VY2TT         599 9
QSO: 14054 CW 2025-07-13 0215 AC0C          599 07 ZL4TT         599 60
QSO:  7008 CW 2025-07-13 0215 AC0C          599 07 VE7UF         599 02
QSO:  7060 CW 2025-07-13 0216 AC0C          599 07 ZW5B          599 15
QSO:  7045 CW 2025-07-13 0217 AC0C          599 07 HG3N          599 28
QSO:  3508 CW 2025-07-13 0219 AC0C          599 07 VE3MGY        599 04
QSO:  7014 CW 2025-07-13 0219 AC0C          599 07 WQ6X          599 06
QSO:  7055 CW 2025-07-13 0219 AC0C          599 07 K2PO          599 06
QSO:  3522 CW 2025-07-13 0220 AC0C          599 07 9A0HQ         599 HRS
QSO:  3528 CW 2025-07-13 0220 AC0C          599 07 WI0WA         599 07
QSO:  7022 CW 2025-07-13 0220 AC0C          599 07 UW5Y          599 29
QSO:  3536 CW 2025-07-13 0221 AC0C          599 07 CR3A          599 36
QSO:  7030 CW 2025-07-13 0221 AC0C          599 07 SK9HQ         599 SSA
QSO:  7025 CW 2025-07-13 0223 AC0C          599 07 KS9W          599 08
QSO:  7040 CW 2025-07-13 0223 AC0C          599 07 YV4ABR        599 12
QSO:  7034 CW 2025-07-13 0224 AC0C          599 07 N4GO          599 08
QSO: 14030 CW 2025-07-13 0225 AC0C          599 07 K7NEW         599 06
QSO: 14002 CW 2025-07-13 0226 AC0C          599 07 TM0HQ         599 REF
QSO: 14007 CW 2025-07-13 0226 AC0C          599 07 N7VM          599 06
QSO:  7047 CW 2025-07-13 0226 AC0C          599 07 VE7ZO         599 02
QSO:  7000 CW 2025-07-13 0227 AC0C          599 07 HB9HQ         599 USKA
QSO:  7006 CW 2025-07-13 0229 AC0C          599 07 N5RZ          599 07
QSO:  7013 CW 2025-07-13 0229 AC0C          599 07 S50HQ         599 ZRS
QSO:  7041 CW 2025-07-13 0230 AC0C          599 7 PA3AAV        599 27
QSO: 14042 CW 2025-07-13 0231 AC0C          599 07 ZL6HQ         599 NZART
QSO:  7011 CW 2025-07-13 0231 AC0C          599 07 YT0HQ         599 SRS
QSO:  7049 CW 2025-07-13 0232 AC0C          599 07 W1AW/KP4      599 ARRL
QSO:  7024 CW 2025-07-13 0234 AC0C          599 07 9A0HQ         599 HRS
END-OF-LOG:
