START-OF-LOG: 3.0
CREATED-BY: reconstructed-log-builder
CONTEST: IARU-HF
CALLSIGN: NX5M
LOCATION: 
CATEGORY: CHECKLOG
CATEGORY-OPERATOR: SINGLE-OP
CATEGORY-BAND: ALL
CATEGORY-MODE: MIXED
CATEGORY-POWER: UNKNOWN
CATEGORY-ASSISTED: NON-ASSISTED
CATEGORY-TRANSMITTER: ONE
CATEGORY-STATION: UNKNOWN
CATEGORY-OVERLAY: 
OPERATORS: NX5M
CLAIMED-SCORE: 
CLUB: 
NAME: 
SOAPBOX: RECONSTRUCTED MOCKUP LOG - NOT AN OFFICIAL SUBMISSION.
SOAPBOX: Derived from submitted logs for IARU-HF ARRL/iaru_hf_world_championship/2025.
QSO:  7026 CW 2025-07-12 2124 NX5M          599 07 ND8DX         599 08
QSO:  7005 CW 2025-07-12 2312 NX5M          599 07 N0AX          599 07
QSO:  7019 CW 2025-07-12 2314 NX5M          599 07 KR2Q          599 08
QSO:  7027 CW 2025-07-12 2316 NX5M          599 07 KO4VW         599 08
QSO:  7033 CW 2025-07-12 2317 NX5M          599 07 KC9EE         599 08
QSO:  7033 CW 2025-07-12 2317 NX5M          599 07 WI0WA         599 07
QSO:  7034 CW 2025-07-12 2318 NX5M          599 07 K5NZ          599 07
QSO:  7001 CW 2025-07-13 0048 NX5M          599 07 K3WW          599 08
QSO:  7002 CW 2025-07-13 0049 NX5M          599 07 VE3MGY        599 04
QSO:  7003 CW 2025-07-13 0054 NX5M          599 07 EA8RM         599 36
QSO:  7004 CW 2025-07-13 0054 NX5M          599 07 NA8V          599 8
QSO:  7006 CW 2025-07-13 0055 NX5M          599 07 P3X           599 39
QSO:  7007 CW 2025-07-13 0056 NX5M          599 07 E7HQ          599 ARABH
QSO:  7008 CW 2025-07-13 0057 NX5M          599 07 HG6N          599 28
QSO:  7003 CW 2025-07-13 0102 NX5M          599 07 R2FK          599 29
QSO:  7010 CW 2025-07-13 0336 NX5M          599 07 LZ0HQ         599 BFRA
QSO:  7055 CW 2025-07-13 0338 NX5M          599 07 EA8BW         599 36
QSO:  7055 CW 2025-07-13 0339 NX5M          599 7 II4HQ         599 ARI
QSO:  7055 CW 2025-07-13 0339 NX5M          599 7 II4HQ         599 ARI
QSO:  7055 CW 2025-07-13 0339 NX5M          599 07 K6NA          599 06
QSO:  7055 CW 2025-07-13 0339 NX5M          599 07 W9ILY         599 08
QSO:  7000 CW 2025-07-13 0340 NX5M          599 07 WD8DSB        599 08
QSO:  7055 CW 2025-07-13 0340 NX5M          599 07 DD2D          599 28
QSO:  7055 CW 2025-07-13 0340 NX5M          599 07 N7US          599 08
QSO:  7055 CW 2025-07-13 0341 NX5M          599 07 VE6RST        599 02
QSO:  7005 CW 2025-07-13 0344 NX5M          599 07 LX7I          599 27
QSO:  7005 CW 2025-07-13 0344 NX5M          599 07 WP3Z          599 11
QSO:  7010 CW 2025-07-13 0349 NX5M          599 07 IV3KKW        599 R1
QSO:  7010 CW 2025-07-13 0349 NX5M          599 07 YT0HQ         599 SRS
QSO:  7013 CW 2025-07-13 0349 NX5M          599 07 S50HQ         599 ZRS
QSO:  7014 CW 2025-07-13 0350 NX5M          599 07 ED0HQ         599 URE
QSO:  7019 CW 2025-07-13 0351 NX5M          599 07 GR2HQ         599 RSGB
QSO:  7020 CW 2025-07-13 0351 NX5M          599 07 TM0HQ         599 REF
QSO:  7000 CW 2025-07-13 0352 NX5M          599 07 HB9HQ         599 USKA
QSO:  7024 CW 2025-07-13 0353 NX5M          599 07 9A0HQ         599 HRS
QSO:  7029 CW 2025-07-13 0355 NX5M          599 07 SN0HQ         599 PZK
QSO:  7000 CW 2025-07-13 0356 NX5M          599 07 XE2S          599 10
QSO:  7037 CW 2025-07-13 0357 NX5M          599 07 SK9HQ         599 SSA
QSO:  7041 CW 2025-07-13 0359 NX5M          599 07 K9MA          599 08
QSO:  7041 CW 2025-07-13 0401 NX5M          599 07 AC6ZM         599 08
QSO:  7041 CW 2025-07-13 0402 NX5M          599 07 N7AT          599 06
QSO:  7041 CW 2025-07-13 0402 NX5M          599 07 VA7ST         599 02
QSO:  7041 CW 2025-07-13 0402 NX5M          599 07 WN7S          599 08
QSO:  7041 CW 2025-07-13 0403 NX5M          599 07 WA2QAU        599 08
QSO:  7041 CW 2025-07-13 0404 NX5M          599 07 KA6BIM        599 06
QSO:  7041 CW 2025-07-13 0404 NX5M          599 07 W1GD          599 08
QSO:  7021 CW 2025-07-13 0405 NX5M          599 07 AF5CC         599 07
END-OF-LOG:
