START-OF-LOG: 3.0
CREATED-BY: reconstructed-log-builder
CONTEST: IARU-HF
CALLSIGN: OH1KBX
LOCATION: 
CATEGORY: CHECKLOG
CATEGORY-OPERATOR: SINGLE-OP
CATEGORY-BAND: ALL
CATEGORY-MODE: MIXED
CATEGORY-POWER: UNKNOWN
CATEGORY-ASSISTED: NON-ASSISTED
CATEGORY-TRANSMITTER: ONE
CATEGORY-STATION: UNKNOWN
CATEGORY-OVERLAY: 
OPERATORS: OH1KBX
CLAIMED-SCORE: 
CLUB: 
NAME: 
SOAPBOX: RECONSTRUCTED MOCKUP LOG - NOT AN OFFICIAL SUBMISSION.
SOAPBOX: Derived from submitted logs for IARU-HF ARRL/iaru_hf_world_championship/2025.
QSO: 21019 CW 2025-07-12 1517 OH1KBX        599 18 5B/WJ2O       599 39
QSO: 21026 CW 2025-07-12 1529 OH1KBX        599 18 4X5IB         599 39
QSO:  7013 CW 2025-07-12 1548 OH1KBX        599 18 YT0HQ         599 SRS
QSO:  3528 CW 2025-07-12 2011 OH1KBX        599 18 OH2HQ         599 SRAL
QSO:  3528 CW 2025-07-12 2011 OH1KBX        599 18 OH2HQ         599 SRAL
QSO: 14000 CW 2025-07-12 2314 OH1KBX        599 18 Z30HQ         599 RSM
QSO: 14059 CW 2025-07-12 2320 OH1KBX        599 18 WP3Z          599 11
QSO: 14050 CW 2025-07-12 2332 OH1KBX        599 18 9Z4BM         599 11
QSO: 14020 CW 2025-07-12 2341 OH1KBX        599 18 RC9O          599 31
QSO: 14023 CW 2025-07-12 2349 OH1KBX        599 18 P3X           599 39
QSO:  7028 CW 2025-07-13 0006 OH1KBX        599 18 DA0HQ         599 DARC
QSO:  7006 CW 2025-07-13 0009 OH1KBX        599 18 OP0HQ         599 UBA
QSO:  7023 CW 2025-07-13 0010 OH1KBX        599 18 EI5KF         599 27
QSO: 14043 CW 2025-07-13 0840 OH1KBX        599 18 YR0HQ         599 FRR
QSO: 21036 CW 2025-07-13 0842 OH1KBX        599 18 OH2HQ         599 SRAL
QSO: 21036 CW 2025-07-13 0842 OH1KBX        599 18 OH2HQ         599 SRAL
END-OF-LOG:
