START-OF-LOG: 3.0
CREATED-BY: reconstructed-log-builder
CONTEST: IARU-HF
CALLSIGN: OH1TD
LOCATION: 
CATEGORY: CHECKLOG
CATEGORY-OPERATOR: SINGLE-OP
CATEGORY-BAND: ALL
CATEGORY-MODE: MIXED
CATEGORY-POWER: UNKNOWN
CATEGORY-ASSISTED: NON-ASSISTED
CATEGORY-TRANSMITTER: ONE
CATEGORY-STATION: UNKNOWN
CATEGORY-OVERLAY: 
OPERATORS: OH1TD
CLAIMED-SCORE: 
CLUB: 
NAME: 
SOAPBOX: RECONSTRUCTED MOCKUP LOG - NOT AN OFFICIAL SUBMISSION.
SOAPBOX: Derived from submitted logs for IARU-HF ARRL/iaru_hf_world_championship/2025.
QSO: 14255 PH 2025-07-12 1201 OH1TD         59 18 GR2HQ         59 RSGB
QSO: 14259 PH 2025-07-12 1202 OH1TD         59 18 PI4X          59 27
QSO: 14262 PH 2025-07-12 1204 OH1TD         59 18 OM2ADM        59 28
QSO: 14265 PH 2025-07-12 1216 OH1TD         59 18 DA0HQ         59 DARC
QSO: 14231 PH 2025-07-12 1221 OH1TD         59 18 PE1T          59 27
QSO: 14215 PH 2025-07-12 1225 OH1TD         59 18 II2HQ         59 ARI
QSO: 14215 PH 2025-07-12 1225 OH1TD         59 18 II2HQ         59 ARI
QSO: 14240 PH 2025-07-12 1229 OH1TD         59 18 TM0HQ         59 REF
QSO: 14316 PH 2025-07-12 1240 OH1TD         59 18 EC5AN         59 37
QSO: 14309 PH 2025-07-12 1243 OH1TD         59 18 OL7T          59 28
QSO: 14000 PH 2025-07-12 1246 OH1TD         59 18 9A0HQ         59 HRS
QSO: 14000 PH 2025-07-12 1533 OH1TD         59 18 9A0HQ         59 HRS
QSO: 14000 PH 2025-07-12 1537 OH1TD         59 18 DH1UK         59 28
QSO: 14263 PH 2025-07-12 1607 OH1TD         59 18 F4WDL         59 27
QSO: 14206 PH 2025-07-12 1611 OH1TD         59 18 IK0PHY        59 28
QSO: 14203 PH 2025-07-12 1645 OH1TD         59 18 YT0HQ         59 SRS
QSO: 14220 PH 2025-07-13 0534 OH1TD         59 18 LZ0HQ         59 BFRA
QSO: 14305 PH 2025-07-13 0539 OH1TD         59 18 ED0HQ         59 URE
QSO: 14273 PH 2025-07-13 0542 OH1TD         59 18 S50HQ         59 ZRS
QSO: 14259 PH 2025-07-13 0547 OH1TD         59 18 EE4M          59 37
QSO: 14250 PH 2025-07-13 0549 OH1TD         59 18 HG0HQ         59 MRASZ
QSO: 14267 PH 2025-07-13 0640 OH1TD         59 18 OP0HQ         59 UBA
QSO: 14295 PH 2025-07-13 0643 OH1TD         59 18 CR6K          59 37
QSO: 14301 PH 2025-07-13 0649 OH1TD         59 18 Z30HQ         59 RSM
QSO: 14336 PH 2025-07-13 0656 OH1TD         59 18 EI0HQ         59 IRTS
QSO: 14158 PH 2025-07-13 0902 OH1TD         59 18 M0SQC         59 27
QSO: 14000 PH 2025-07-13 0928 OH1TD         59 18 HB9HQ         59 USKA
QSO:  7140 PH 2025-07-13 1108 OH1TD         59 18 SN0HQ         59 PZK
QSO: 14142 PH 2025-07-13 1113 OH1TD         59 18 9A1MM         59 28
QSO: 14235 PH 2025-07-13 1118 OH1TD         59 18 S52WW         59 28
QSO: 14249 PH 2025-07-13 1121 OH1TD         59 18 RC9O          59 31
QSO: 14290 PH 2025-07-13 1132 OH1TD         59 18 SN0HQ         59 PZK
END-OF-LOG:
