START-OF-LOG: 3.0
CREATED-BY: reconstructed-log-builder
CONTEST: IARU-HF
CALLSIGN: SV2CUI
LOCATION: 
CATEGORY: CHECKLOG
CATEGORY-OPERATOR: SINGLE-OP
CATEGORY-BAND: ALL
CATEGORY-MODE: MIXED
CATEGORY-POWER: UNKNOWN
CATEGORY-ASSISTED: NON-ASSISTED
CATEGORY-TRANSMITTER: ONE
CATEGORY-STATION: UNKNOWN
CATEGORY-OVERLAY: 
OPERATORS: SV2CUI
CLAIMED-SCORE: 
CLUB: 
NAME: 
SOAPBOX: RECONSTRUCTED MOCKUP LOG - NOT AN OFFICIAL SUBMISSION.
SOAPBOX: Derived from submitted logs for IARU-HF ARRL/iaru_hf_world_championship/2025.
QSO: 14316 PH 2025-07-12 1247 SV2CUI        59 28 EC5AN         59 37
QSO: 14000 PH 2025-07-12 1304 SV2CUI        59 28 DK1IJ         59 28
QSO: 14285 PH 2025-07-12 1320 SV2CUI        59 28 R5AJ          59 29
QSO: 14265 PH 2025-07-12 1326 SV2CUI        59 28 DA0HQ         59 DARC
QSO: 14311 PH 2025-07-12 1346 SV2CUI        59 28 EE4M          59 37
QSO: 14307 PH 2025-07-12 1348 SV2CUI        59 28 ED3D          59 37
QSO: 14259 PH 2025-07-12 1349 SV2CUI        59 28 PI4X          59 27
QSO: 14241 PH 2025-07-12 1351 SV2CUI        59 28 IP9M          59 28
QSO: 14227 PH 2025-07-12 1353 SV2CUI        59 28 UA6LUQ        59 29
QSO: 14221 PH 2025-07-12 1356 SV2CUI        59 28 RM3DA         59 29
QSO: 14214 PH 2025-07-12 1357 SV2CUI        59 28 II2HQ         59 ARI
QSO: 14214 PH 2025-07-12 1357 SV2CUI        59 28 II2HQ         59 ARI
QSO: 14210 PH 2025-07-12 1358 SV2CUI        59 28 OP0HQ         59 UBA
QSO: 14183 PH 2025-07-12 1400 SV2CUI        59 28 OR1X          59 27
QSO: 14332 PH 2025-07-12 1405 SV2CUI        59 28 LY5GT         59 29
QSO: 14347 PH 2025-07-12 1702 SV2CUI        59 28 EI0HQ         59 IRTS
QSO: 14319 PH 2025-07-12 1705 SV2CUI        59 28 M0SQC         59 27
QSO: 14303 PH 2025-07-12 1710 SV2CUI        59 28 SK9HQ         59 SSA
QSO: 14283 PH 2025-07-12 1714 SV2CUI        59 28 ED0HQ         59 URE
QSO: 14255 PH 2025-07-12 1719 SV2CUI        59 28 GR2HQ         59 RSGB
QSO: 21045 CW 2025-07-12 1726 SV2CUI        599 28 EA8RM         599 36
QSO: 21011 CW 2025-07-12 1731 SV2CUI        599 28 CR3A          599 36
QSO: 14243 PH 2025-07-12 1733 SV2CUI        59 28 R3RZ          59 29
QSO: 14023 CW 2025-07-12 1735 SV2CUI        599 28 ER7HQ         599 ARM
QSO: 14032 CW 2025-07-12 1751 SV2CUI        599 28 DA0HQ         599 DARC
QSO: 21277 PH 2025-07-12 1801 SV2CUI        59 28 A60HQ         59 EARS
QSO: 21341 PH 2025-07-12 1805 SV2CUI        59 28 ED0HQ         59 URE
QSO: 28008 CW 2025-07-13 1153 SV2CUI        599 28 OP0HQ         599 UBA
QSO: 28000 CW 2025-07-13 1154 SV2CUI        599 28 E7HQ          599 ARABH
QSO: 28022 CW 2025-07-13 1156 SV2CUI        599 28 LZ1ZM         599 28
QSO: 28023 CW 2025-07-13 1157 SV2CUI        599 28 P3F           599 39
QSO: 28026 CW 2025-07-13 1157 SV2CUI        599 28 P3X           599 39
QSO: 28032 CW 2025-07-13 1159 SV2CUI        599 28 DA0HQ         599 DARC
END-OF-LOG:
