START-OF-LOG: 3.0
CREATED-BY: reconstructed-log-builder
CONTEST: CQ-WPX-CW
CALLSIGN: JA2DHF
LOCATION: 
CATEGORY: CHECKLOG
CATEGORY-OPERATOR: SINGLE-OP
CATEGORY-BAND: ALL
CATEGORY-MODE: MIXED
CATEGORY-POWER: UNKNOWN
CATEGORY-ASSISTED: NON-ASSISTED
CATEGORY-TRANSMITTER: ONE
CATEGORY-STATION: UNKNOWN
CATEGORY-OVERLAY: 
OPERATORS: JA2DHF
CLAIMED-SCORE: 
CLUB: 
NAME: 
SOAPBOX: RECONSTRUCTED MOCKUP LOG - NOT AN OFFICIAL SUBMISSION.
SOAPBOX: Derived from submitted logs for CQ-WPX-CW CQWPX/cw/2013.
QSO: 14042 CW 2013-05-25 0907 JA2DHF        599 0001 CE1CA         599 0485
QSO: 14058 CW 2013-05-25 0911 JA2DHF        599 002 ZL3IO         599 579
QSO: 14041 CW 2013-05-25 0912 JA2DHF        599 003 PR5B          599 0790
QSO: 14011 CW 2013-05-25 0917 JA2DHF        599 005 NE5LL         599 296
QSO: 14000 CW 2013-05-25 0920 JA2DHF        599 0006 LS1D          599 0629
QSO: 14024 CW 2013-05-25 0921 JA2DHF        599 0007 CE3AA         599 0474
QSO: 14025 CW 2013-05-25 0922 JA2DHF        599 8 E51FOC        599 258
QSO: 14027 CW 2013-05-25 0923 JA2DHF        599 0009 KH6LC         599 0566
QSO: 14027 CW 2013-05-25 0932 JA2DHF        599 0010 NR6O          599 0561
QSO: 14029 CW 2013-05-25 0933 JA2DHF        599 11 ND2T          599 412
QSO: 14006 CW 2013-05-25 0935 JA2DHF        599 012 RA/KE5JA      599 0499
QSO: 21006 CW 2013-05-25 0939 JA2DHF        599 0013 R0QA          599 0171
QSO: 21007 CW 2013-05-25 0940 JA2DHF        599 0014 YR1A          599 0271
QSO: 21008 CW 2013-05-25 0942 JA2DHF        599 015 RM0F          599 0174
QSO: 21000 CW 2013-05-25 0944 JA2DHF        599 016 HG5D          599 202
QSO: 21010 CW 2013-05-25 0945 JA2DHF        599 017 SK3W          599 0079
QSO: 21013 CW 2013-05-25 0947 JA2DHF        599 0018 LZ8E          599 0871
QSO: 21013 CW 2013-05-25 0948 JA2DHF        599 19 RA5B          599 189
QSO: 21000 CW 2013-05-25 0950 JA2DHF        599 0020 YE3J          599 0321
QSO: 21016 CW 2013-05-25 0954 JA2DHF        599 021 P3N           599 2045
QSO: 21022 CW 2013-05-25 0955 JA2DHF        599 022 RT3M          599 427
QSO: 21000 CW 2013-05-25 1447 JA2DHF        599 17 LY2RJ         599 331
QSO: 21010 CW 2013-05-25 1448 JA2DHF        599 0024 RG6G          599 0977
QSO: 21004 CW 2013-05-25 1449 JA2DHF        599 025 OH6MW         599 1091
QSO: 21025 CW 2013-05-25 1456 JA2DHF        599 0026 HZ1FOC        599 0181
QSO: 21027 CW 2013-05-25 1459 JA2DHF        599 026 E73W          599 0559
QSO: 21029 CW 2013-05-25 1502 JA2DHF        599 28 UR8IW         599 116
QSO: 14054 CW 2013-05-25 1514 JA2DHF        599 0029 EO7U          599 0880
QSO: 14027 CW 2013-05-25 1520 JA2DHF        599 0030 N5CR          599 0318
QSO: 14007 CW 2013-05-25 2013 JA2DHF        599 0030 BY1CQ         599 0566
QSO: 14026 CW 2013-05-25 2020 JA2DHF        599 34 4L8A          599 1241
QSO: 14035 CW 2013-05-25 2023 JA2DHF        599 35 S53MM         599 1426
QSO: 14041 CW 2013-05-25 2025 JA2DHF        599 026 9A33P         599 2094
QSO: 21041 CW 2013-05-25 2029 JA2DHF        599 036 ZL3IO         599 1021
QSO: 14040 CW 2013-05-25 2032 JA2DHF        599 027 RM5A          599 1194
QSO: 14016 CW 2013-05-25 2048 JA2DHF        599 044 TM6M          599 1704
QSO: 14018 CW 2013-05-25 2049 JA2DHF        599 0045 S53F          599 1491
QSO: 14018 CW 2013-05-25 2052 JA2DHF        599 0047 R0QA          599 0433
QSO: 14018 CW 2013-05-25 2055 JA2DHF        599 048 OM8DD         599 0627
QSO: 14021 CW 2013-05-25 2057 JA2DHF        599 0049 RX6AM         599 1009
QSO: 14021 CW 2013-05-25 2059 JA2DHF        599 0050 TC7C          599 1657
QSO: 21000 CW 2013-05-25 2253 JA2DHF        599 055 P29NO         599 366
QSO: 21027 CW 2013-05-25 2257 JA2DHF        599 0056 7J1YAJ        599 0646
QSO: 21029 CW 2013-05-25 2258 JA2DHF        599 0057 BY5CD         599 1054
QSO: 21033 CW 2013-05-25 2301 JA2DHF        599 058 KH7X          599 1877
QSO: 21037 CW 2013-05-25 2303 JA2DHF        599 0059 BU2AW         599 0983
QSO: 21040 CW 2013-05-25 2306 JA2DHF        599 0060 KH6LC         599 0853
QSO: 21042 CW 2013-05-25 2307 JA2DHF        599 0061 RU0LL         599 0264
QSO: 21045 CW 2013-05-25 2309 JA2DHF        599 0062 VK3TDX        599 0468
QSO: 28040 CW 2013-05-25 2312 JA2DHF        599 63 RT0C          599 115
QSO: 28000 CW 2013-05-25 2313 JA2DHF        599 0064 NH2DX         599 0189
QSO: 28018 CW 2013-05-25 2315 JA2DHF        599 0065 ZL2BR         599 0237
QSO: 14033 CW 2013-05-25 2316 JA2DHF        599 0066 BH4RQU        599 0811
QSO: 14029 CW 2013-05-25 2318 JA2DHF        599 0067 HS0ZIA        599 1361
QSO: 14016 CW 2013-05-25 2321 JA2DHF        599 068 RK0UT         599 684
QSO: 14011 CW 2013-05-25 2325 JA2DHF        599 0070 BY2WL         599 0226
QSO: 21023 CW 2013-05-26 1334 JA2DHF        599 0066 RU5TT         599 0505
QSO: 21023 CW 2013-05-26 1336 JA2DHF        599 068 E7DX          599 2972
QSO: 21000 CW 2013-05-26 2049 JA2DHF        599 70 D3AA          599 1264
QSO: 21040 CW 2013-05-26 2053 JA2DHF        599 0071 ZM1A          599 1029
QSO: 21051 CW 2013-05-26 2057 JA2DHF        599 0072 ZW7REF        599 1394
QSO: 21016 CW 2013-05-26 2100 JA2DHF        599 073 CR2X          599 5271
QSO: 14002 CW 2013-05-26 2105 JA2DHF        599 074 OH0X          599 2523
QSO: 14009 CW 2013-05-26 2111 JA2DHF        599 075 HF9Q          599 1455
QSO: 14015 CW 2013-05-26 2116 JA2DHF        599 076 E7DX          599 3469
QSO: 14016 CW 2013-05-26 2118 JA2DHF        599 077 HG7T          599 1783
QSO: 14000 CW 2013-05-26 2122 JA2DHF        599 78 HA3DX         599 1678
QSO: 14026 CW 2013-05-26 2124 JA2DHF        599 079 OL5W          599 2143
QSO: 14028 CW 2013-05-26 2126 JA2DHF        599 0080 YL3FT         599 1531
QSO: 14032 CW 2013-05-26 2128 JA2DHF        599 0081 R0FA          599 1444
QSO: 14035 CW 2013-05-26 2131 JA2DHF        599 0082 DD1A          599 1378
QSO: 14036 CW 2013-05-26 2132 JA2DHF        599 084 IB9T          599 2583
QSO: 14038 CW 2013-05-26 2134 JA2DHF        599 085 DR1A          599 2370
QSO: 14000 CW 2013-05-26 2146 JA2DHF        599 0086 YO8SS         599 0370
QSO: 14051 CW 2013-05-26 2151 JA2DHF        599 0087 OL6P          599 1647
QSO: 14052 CW 2013-05-26 2152 JA2DHF        599 088 IR2C          599 2556
QSO: 14000 CW 2013-05-26 2154 JA2DHF        599 89 RA1TV         599 434
QSO: 21023 CW 2013-05-26 2205 JA2DHF        599 0090 XQ1KZ         599 0810
QSO: 21015 CW 2013-05-26 2211 JA2DHF        599 091 NY6N          599 2830
QSO: 21014 CW 2013-05-26 2215 JA2DHF        599 0092 K7QQ          599 1089
QSO: 21064 CW 2013-05-26 2221 JA2DHF        599 93 RT0C          599 1258
QSO: 21012 CW 2013-05-26 2226 JA2DHF        599 095 RA/KE5JA      599 1234
END-OF-LOG:
