START-OF-LOG: 2.0
CALLSIGN: SP9NRU
CONTEST: SPDX
CATEGORY: SOSB PHONE 40M
CLAIMED-SCORE: 352
CREATED-BY: HMRA public SPDX downloader
SOAPBOX: Recreated from https://spdxcontest.pzk.org.pl/2021/results_json_files/SP9NRU.json
QSO: 7000 PH 2021-04-03 1617 SP9NRU 59 G RG2A 59 064
QSO: 7000 PH 2021-04-03 1624 SP9NRU 59 G HB9NE 59 088
QSO: 7000 PH 2021-04-03 1629 SP9NRU 59 G UT4U 59 140
QSO: 7000 PH 2021-04-03 1634 SP9NRU 59 G RA3OA 59 103
QSO: 7000 PH 2021-04-03 1638 SP9NRU 59 G I3JKI 59 032
QSO: 7000 PH 2021-04-03 1641 SP9NRU 59 G IK2LFF 59 121
QSO: 7000 PH 2021-04-03 1650 SP9NRU 59 G IZ2DLV 59 156
QSO: 7000 PH 2021-04-03 1655 SP9NRU 59 G IU4CSS 59 126
QSO: 7000 PH 2021-04-03 1702 SP9NRU 59 G IK3UNA 59 031
QSO: 7000 PH 2021-04-03 1706 SP9NRU 59 G J42L 59 116
QSO: 7000 PH 2021-04-03 1739 SP9NRU 59 G LZ2ZY 59 117
QSO: 7000 PH 2021-04-03 1745 SP9NRU 59 G IZ2FOS 59 154
QSO: 7000 PH 2021-04-03 1752 SP9NRU 59 G HB2U 59 169
QSO: 7000 PH 2021-04-03 1756 SP9NRU 59 G IZ6JTZ 59 098
QSO: 7000 PH 2021-04-03 1800 SP9NRU 59 G IZ0FUW 59 014
QSO: 7000 PH 2021-04-03 1806 SP9NRU 59 G 9A2WB 59 085
QSO: 7000 PH 2021-04-03 1943 SP9NRU 59 G IT9FRX 59 094
QSO: 7000 PH 2021-04-03 1947 SP9NRU 59 G IT9FIQ 59 171
QSO: 7000 PH 2021-04-04 1232 SP9NRU 59 G YL3CW 59 826
QSO: 7000 PH 2021-04-04 1236 SP9NRU 59 G DR2C 59 768
QSO: 7000 PH 2021-04-04 1240 SP9NRU 59 G IU3BTY 59 417
QSO: 7000 PH 2021-04-04 1243 SP9NRU 59 G DL2SAX 59 286
QSO: 7000 PH 2021-04-04 1256 SP9NRU 59 G RU3A 59 122
QSO: 7000 PH 2021-04-04 1321 SP9NRU 59 G SM2M 59 755
QSO: 7000 PH 2021-04-04 1333 SP9NRU 59 G YL2SM 59 202
QSO: 7000 PH 2021-04-04 1336 SP9NRU 59 G IK4RQJ 59 272
QSO: 7000 PH 2021-04-04 1342 SP9NRU 59 G YO3JW 59 059
QSO: 7000 PH 2021-04-04 1346 SP9NRU 59 G RW1A 59 303
QSO: 7000 PH 2021-04-04 1351 SP9NRU 59 G YL2TD 59 414
QSO: 7000 PH 2021-04-04 1407 SP9NRU 59 G 9A3DUH 59 177
QSO: 7000 PH 2021-04-04 1426 SP9NRU 59 G 9A3K 59 086
QSO: 7000 PH 2021-04-04 1437 SP9NRU 59 G YL7X 59 658
QSO: 7000 PH 2021-04-04 1454 SP9NRU 59 G IU0APU 59 198
END-OF-LOG:
