START-OF-LOG: 3.0
CREATED-BY: reconstructed-log-builder
CONTEST: CQ-WPX-SSB
CALLSIGN: LZ1AQ
LOCATION: 
CATEGORY: CHECKLOG
CATEGORY-OPERATOR: SINGLE-OP
CATEGORY-BAND: ALL
CATEGORY-MODE: MIXED
CATEGORY-POWER: UNKNOWN
CATEGORY-ASSISTED: NON-ASSISTED
CATEGORY-TRANSMITTER: ONE
CATEGORY-STATION: UNKNOWN
CATEGORY-OVERLAY: 
OPERATORS: LZ1AQ
CLAIMED-SCORE: 
CLUB: 
NAME: 
SOAPBOX: RECONSTRUCTED MOCKUP LOG - NOT AN OFFICIAL SUBMISSION.
SOAPBOX: Derived from submitted logs for CQ-WPX-SSB CQWPX/ph/2019.
QSO:  7110 PH 2019-03-30 0934 LZ1AQ         59 001 IZ4REF        59 225
QSO:  7000 PH 2019-03-30 0936 LZ1AQ         59 002 IU8LCS        59 040
QSO:  7141 PH 2019-03-30 0937 LZ1AQ         59 0003 OM3BH         59 1007
QSO:  7160 PH 2019-03-30 0945 LZ1AQ         59 0004 TA4CS         59 0004
QSO:  7167 PH 2019-03-30 0949 LZ1AQ         59 005 SN3A          59 0829
QSO:  7185 PH 2019-03-30 0953 LZ1AQ         59 0006 IR6T          59 1087
QSO:  7197 PH 2019-03-30 0954 LZ1AQ         59 0007 UT4U          59 0497
QSO:  7144 PH 2019-03-30 0956 LZ1AQ         59 0008 HG5A          59 0709
QSO:  7000 PH 2019-03-30 0959 LZ1AQ         59 009 II2S          59 411
QSO:  7106 PH 2019-03-30 1000 LZ1AQ         59 0010 S55BA         59 0213
QSO:  7090 PH 2019-03-30 1001 LZ1AQ         59 0011 OL9Z          59 0593
QSO:  7000 PH 2019-03-30 1002 LZ1AQ         59 012 OM5WW         59 303
QSO:  7117 PH 2019-03-30 1004 LZ1AQ         59 13 S51CK         59 410
QSO:  7120 PH 2019-03-30 1005 LZ1AQ         59 0014 S58Y          59 0684
QSO: 14313 PH 2019-03-30 1011 LZ1AQ         59 015 RU1A          59 1211
QSO: 14327 PH 2019-03-30 1012 LZ1AQ         59 0016 RT9S          59 0543
QSO: 14163 PH 2019-03-30 1024 LZ1AQ         59 0018 LY29A         59 1310
QSO: 14143 PH 2019-03-30 1029 LZ1AQ         59 019 EA5DFV        59 0497
QSO: 14104 PH 2019-03-30 1032 LZ1AQ         59 0021 4Z5LY         59 0551
QSO: 14102 PH 2019-03-30 1034 LZ1AQ         59 0022 R3XA          59 0501
QSO: 14138 PH 2019-03-30 1035 LZ1AQ         59 023 RM4HZ         59 695
QSO: 14168 PH 2019-03-30 1038 LZ1AQ         59 024 SB3W          59 0046
QSO: 14178 PH 2019-03-30 1040 LZ1AQ         59 0025 ED3B          59 0186
QSO: 14194 PH 2019-03-30 1041 LZ1AQ         59 0026 OH3OJ         59 0161
QSO: 14213 PH 2019-03-30 1044 LZ1AQ         59 0027 UD9P          59 1195
QSO: 14242 PH 2019-03-30 1046 LZ1AQ         59 0028 A42K          59 0492
QSO: 14000 PH 2019-03-30 1049 LZ1AQ         59 029 TM8A          59 0281
QSO: 14282 PH 2019-03-30 1052 LZ1AQ         59 031 UA5L          59 1601
QSO: 14284 PH 2019-03-30 1055 LZ1AQ         59 032 ES5TV         59 1268
QSO: 14287 PH 2019-03-30 1055 LZ1AQ         59 0033 OU2V          59 0160
QSO: 14304 PH 2019-03-30 1058 LZ1AQ         59 034 EF9Z          59 1190
QSO: 14311 PH 2019-03-30 1107 LZ1AQ         59 0035 LY5Y          59 0403
QSO: 14294 PH 2019-03-30 1111 LZ1AQ         59 0038 EA3CI         59 0297
QSO: 14297 PH 2019-03-30 1111 LZ1AQ         59 037 MI0M          59 0104
QSO: 14263 PH 2019-03-30 1113 LZ1AQ         59 029 EC1KR         59 0528
QSO: 14254 PH 2019-03-30 1115 LZ1AQ         59 0040 EI19RE        59 0455
QSO: 14248 PH 2019-03-30 1116 LZ1AQ         59 0042 R8CT          59 0388
QSO: 14253 PH 2019-03-30 1116 LZ1AQ         59 041 TM6M          59 1262
QSO: 14232 PH 2019-03-30 1117 LZ1AQ         59 043 RQ5D          59 0705
QSO: 14212 PH 2019-03-30 1119 LZ1AQ         59 0044 RC0A          59 0931
QSO: 14204 PH 2019-03-30 1120 LZ1AQ         59 0045 RW3XZ         59 0468
QSO: 14192 PH 2019-03-30 1121 LZ1AQ         59 0046 RX3N          59 0034
QSO: 14157 PH 2019-03-30 1125 LZ1AQ         59 0047 RM3DA         59 0524
QSO: 14157 PH 2019-03-30 1126 LZ1AQ         59 048 RL4A          59 403
QSO: 14126 PH 2019-03-30 1127 LZ1AQ         59 0050 PI4AMF        59 0321
QSO: 14137 PH 2019-03-30 1127 LZ1AQ         59 0049 UA5C          59 0193
QSO: 14107 PH 2019-03-30 1128 LZ1AQ         59 051 RW3DU         59 273
QSO: 14114 PH 2019-03-30 1129 LZ1AQ         59 052 R125IL        59 215
QSO: 14122 PH 2019-03-30 1131 LZ1AQ         59 0053 VE9CB         59 0307
QSO: 14139 PH 2019-03-30 1133 LZ1AQ         59 054 R2DX          59 012
QSO: 14151 PH 2019-03-30 1134 LZ1AQ         59 0055 UC4C          59 0424
QSO: 14154 PH 2019-03-30 1134 LZ1AQ         59 056 DJ1AA         59 0154
QSO: 14156 PH 2019-03-30 1135 LZ1AQ         59 0057 RC6U          59 0829
QSO: 14000 PH 2019-03-30 1137 LZ1AQ         59 0058 LN8W          59 0215
QSO: 14274 PH 2019-03-30 1141 LZ1AQ         59 0059 UP2L          59 1575
QSO: 14326 PH 2019-03-30 1145 LZ1AQ         59 61 RJ4P          59 995
QSO: 14000 PH 2019-03-30 1148 LZ1AQ         59 062 EA2DNR        59 239
QSO: 14000 PH 2019-03-30 1149 LZ1AQ         59 0063 OH2LZC        59 0050
QSO: 14202 PH 2019-03-30 1151 LZ1AQ         59 0064 RM9I          59 1287
QSO: 14297 PH 2019-03-30 1345 LZ1AQ         59 065 M7K           59 0685
QSO: 14206 PH 2019-03-30 1347 LZ1AQ         59 067 A61QQ         59 0673
QSO: 14000 PH 2019-03-30 1349 LZ1AQ         59 68 A41NN         59 460
QSO: 14174 PH 2019-03-30 1353 LZ1AQ         59 0069 SK2T          59 0424
QSO: 14000 PH 2019-03-30 1355 LZ1AQ         59 070 UA3ABJ        59 100
QSO: 14180 PH 2019-03-30 1358 LZ1AQ         59 0071 BI8FZA        59 0523
QSO: 14000 PH 2019-03-30 1400 LZ1AQ         59 0072 R2AL          59 0404
QSO: 14203 PH 2019-03-30 1404 LZ1AQ         59 0073 YB1AR         59 0504
QSO: 14000 PH 2019-03-30 1405 LZ1AQ         59 0074 F5OHM         59 0405
QSO:  7115 PH 2019-03-30 1652 LZ1AQ         59 0075 HZ1TL         59 0375
QSO:  7120 PH 2019-03-30 1655 LZ1AQ         59 0076 RM9I          59 1680
QSO:  7113 PH 2019-03-30 1657 LZ1AQ         59 0077 UD9P          59 1559
QSO:  7110 PH 2019-03-30 1659 LZ1AQ         59 078 UA9MA         59 1460
QSO:  7074 PH 2019-03-30 1702 LZ1AQ         59 0079 UZ2I          59 1350
QSO:  7068 PH 2019-03-30 1703 LZ1AQ         59 0080 RM9T          59 0446
QSO:  7063 PH 2019-03-30 1704 LZ1AQ         59 0081 RA9Y          59 0677
QSO:  7061 PH 2019-03-30 1705 LZ1AQ         59 0082 US2YW         59 0690
QSO:  7071 PH 2019-03-30 1707 LZ1AQ         59 0083 SI9AM         59 0594
QSO:  7091 PH 2019-03-30 1708 LZ1AQ         59 084 UA5L          59 2525
QSO:  7093 PH 2019-03-30 1709 LZ1AQ         59 0085 RT2C          59 1439
QSO:  7000 PH 2019-03-30 1710 LZ1AQ         59 0086 I8CZW         59 0970
QSO:  7116 PH 2019-03-30 1713 LZ1AQ         59 0088 DP7D          59 0589
QSO:  7124 PH 2019-03-30 1715 LZ1AQ         59 089 HG8R          59 813
QSO:  7191 PH 2019-03-30 1722 LZ1AQ         59 090 LY3BB         59 0124
QSO:  7197 PH 2019-03-30 1723 LZ1AQ         59 091 YP8T          59 1244
QSO:  7173 PH 2019-03-30 1726 LZ1AQ         59 0092 9A9R          59 0386
QSO:  7158 PH 2019-03-30 1728 LZ1AQ         59 0094 RM3DA         59 0864
QSO:  7165 PH 2019-03-30 1728 LZ1AQ         59 093 ED1R          59 0563
QSO:  7147 PH 2019-03-30 1730 LZ1AQ         59 095 SO4R          59 0775
QSO:  7111 PH 2019-03-30 1750 LZ1AQ         59 096 E7CW          59 0434
QSO:  7000 PH 2019-03-30 1752 LZ1AQ         599 0097 IT9FRX        599 0224
QSO:  7066 PH 2019-03-30 1753 LZ1AQ         59 0098 LY29A         59 2225
QSO:  7063 PH 2019-03-30 1854 LZ1AQ         59 0099 4Z7Z          59 1177
QSO:  7079 PH 2019-03-30 1856 LZ1AQ         59 0100 II1A          59 1309
QSO:  7087 PH 2019-03-30 1858 LZ1AQ         59 0101 CN2CO         59 2456
QSO:  7106 PH 2019-03-30 1900 LZ1AQ         59 0102 OK1DOY        59 0150
QSO:  7139 PH 2019-03-30 1903 LZ1AQ         59 0103 OT6M          59 0376
QSO:  7150 PH 2019-03-30 1904 LZ1AQ         59 0104 SP5POT        59 0153
QSO:  7000 PH 2019-03-30 1906 LZ1AQ         59 105 DL4RCE        59 359
QSO:  7180 PH 2019-03-30 1911 LZ1AQ         59 0106 OH0V          59 0880
QSO:  7000 PH 2019-03-30 1913 LZ1AQ         59 110 IK3UNA        59 767
QSO:  7194 PH 2019-03-30 1913 LZ1AQ         59 0107 OP4K          59 0723
QSO:  7199 PH 2019-03-30 1914 LZ1AQ         59 0108 UP0L          59 1013
QSO:  7195 PH 2019-03-30 1915 LZ1AQ         59 0109 EI19RE        59 1765
QSO:  7143 PH 2019-03-30 1919 LZ1AQ         59 0111 TC7C          59 1289
QSO:  7141 PH 2019-03-30 1920 LZ1AQ         59 112 HB9EOU        59 0597
QSO:  7128 PH 2019-03-30 1922 LZ1AQ         59 113 YL6W          59 1126
QSO:  7119 PH 2019-03-30 1926 LZ1AQ         59 0114 RT8U          59 0369
QSO:  7083 PH 2019-03-30 1932 LZ1AQ         59 115 RX3APM        59 1287
QSO:  7068 PH 2019-03-30 1933 LZ1AQ         59 116 4L0A          59 2286
QSO:  7053 PH 2019-03-30 1935 LZ1AQ         59 0117 LY4L          59 0922
QSO:  3610 PH 2019-03-30 1951 LZ1AQ         59 0118 DR50DIG       59 0772
QSO:  3623 PH 2019-03-30 1952 LZ1AQ         59 0119 SG0X          59 0889
QSO:  3632 PH 2019-03-30 1957 LZ1AQ         59 0121 9A1AA         59 0928
QSO:  3669 PH 2019-03-30 1959 LZ1AQ         59 0122 S55O          59 0760
QSO:  3682 PH 2019-03-30 2000 LZ1AQ         59 0123 S55X          59 0449
QSO:  3694 PH 2019-03-30 2002 LZ1AQ         59 0124 LN8W          59 0306
QSO:  3709 PH 2019-03-30 2008 LZ1AQ         59 0125 SE0X          59 0484
QSO:  3500 PH 2019-03-30 2009 LZ1AQ         59 0126 ER1BF         59 0132
QSO:  3722 PH 2019-03-30 2010 LZ1AQ         59 127 UV7V          59 668
QSO:  3500 PH 2019-03-30 2011 LZ1AQ         59 128 PG00T         59 557
QSO:  3732 PH 2019-03-30 2013 LZ1AQ         59 129 IQ4BQ         59 067
QSO:  3736 PH 2019-03-30 2014 LZ1AQ         59 130 OM70KAP       59 0635
QSO:  3739 PH 2019-03-30 2015 LZ1AQ         59 0131 IK2YCW        59 0490
QSO:  3740 PH 2019-03-30 2015 LZ1AQ         59 132 OL4C          59 1138
QSO:  3747 PH 2019-03-30 2016 LZ1AQ         59 0133 SO7M          59 0170
QSO:  3748 PH 2019-03-30 2017 LZ1AQ         59 134 HG7T          59 0716
QSO:  3751 PH 2019-03-30 2017 LZ1AQ         59 135 YT5A          59 0519
QSO:  3500 PH 2019-03-30 2018 LZ1AQ         59 0136 YT2ZZ         59 0114
QSO:  3709 PH 2019-03-30 2019 LZ1AQ         59 137 YL3CW         59 0579
QSO:  3500 PH 2019-03-30 2022 LZ1AQ         59 0140 UR5TM         59 0419
QSO:  3766 PH 2019-03-30 2022 LZ1AQ         59 139 9A73A         59 1394
QSO:  3798 PH 2019-03-30 2025 LZ1AQ         59 141 LZ9W          59 0647
QSO:  3800 PH 2019-03-30 2026 LZ1AQ         59 0142 DP7D          59 0378
QSO:  3793 PH 2019-03-30 2028 LZ1AQ         59 0143 LZ73A         59 2854
QSO:  3794 PH 2019-03-30 2029 LZ1AQ         59 144 YU3EEA        59 0547
QSO:  3500 PH 2019-03-30 2030 LZ1AQ         59 0145 SP8R          59 0768
QSO:  3796 PH 2019-03-30 2032 LZ1AQ         59 0146 LY29A         59 2488
QSO:  7200 PH 2019-03-31 1613 LZ1AQ         59 0147 SP3P          59 0617
QSO:  7197 PH 2019-03-31 1614 LZ1AQ         59 0148 UN3M          59 0282
QSO:  7178 PH 2019-03-31 1615 LZ1AQ         59 149 RO5F          59 1138
QSO:  7167 PH 2019-03-31 1619 LZ1AQ         59 150 OM70KAP       59 2376
QSO:  7108 PH 2019-03-31 1623 LZ1AQ         59 151 TK4RB         59 0352
QSO:  7148 PH 2019-03-31 1624 LZ1AQ         59 0152 UW5ZM         59 1417
QSO:  7144 PH 2019-03-31 1625 LZ1AQ         59 153 S56X          59 1043
QSO:  7117 PH 2019-03-31 1629 LZ1AQ         59 0154 IK2YCW        59 1171
QSO:  7115 PH 2019-03-31 1630 LZ1AQ         59 0155 RC5Z          59 1013
QSO:  7113 PH 2019-03-31 1631 LZ1AQ         59 156 S58J          59 318
QSO:  7199 PH 2019-03-31 1648 LZ1AQ         59 157 LY7Z          59 3139
QSO:  7173 PH 2019-03-31 1653 LZ1AQ         59 0158 ED5S          59 1700
QSO:  7161 PH 2019-03-31 1656 LZ1AQ         59 0159 LY5R          59 2118
END-OF-LOG:
