START-OF-LOG: 3.0
CREATED-BY: reconstructed-log-builder
CONTEST: CQ-WPX-SSB
CALLSIGN: M0HWO
LOCATION: 
CATEGORY: CHECKLOG
CATEGORY-OPERATOR: SINGLE-OP
CATEGORY-BAND: ALL
CATEGORY-MODE: MIXED
CATEGORY-POWER: UNKNOWN
CATEGORY-ASSISTED: NON-ASSISTED
CATEGORY-TRANSMITTER: ONE
CATEGORY-STATION: UNKNOWN
CATEGORY-OVERLAY: 
OPERATORS: M0HWO
CLAIMED-SCORE: 
CLUB: 
NAME: 
SOAPBOX: RECONSTRUCTED MOCKUP LOG - NOT AN OFFICIAL SUBMISSION.
SOAPBOX: Derived from submitted logs for CQ-WPX-SSB CQWPX/ph/2019.
QSO: 14256 PH 2019-03-31 1129 M0HWO         59 001 9A73A         59 2106
QSO: 14224 PH 2019-03-31 1133 M0HWO         59 0002 RM9I          59 2639
QSO: 14217 PH 2019-03-31 1135 M0HWO         59 0003 UW2M          59 3138
QSO: 14199 PH 2019-03-31 1136 M0HWO         59 0004 HG5A          59 2422
QSO: 14191 PH 2019-03-31 1139 M0HWO         59 0005 LY5R          59 1955
QSO: 14163 PH 2019-03-31 1143 M0HWO         59 006 NN2DX         59 2593
QSO: 14137 PH 2019-03-31 1145 M0HWO         59 0007 RT2C          59 2221
QSO: 14154 PH 2019-03-31 1152 M0HWO         59 8 OH73ELK       59 741
QSO: 14180 PH 2019-03-31 1152 M0HWO         59 009 OK5Z          59 2285
QSO:  7191 PH 2019-03-31 1156 M0HWO         59 0009 LN8W          59 0999
QSO: 14224 PH 2019-03-31 1601 M0HWO         59 0010 IB9A          59 1765
QSO: 14281 PH 2019-03-31 1603 M0HWO         59 012 II8K          59 2796
QSO: 14266 PH 2019-03-31 1610 M0HWO         59 014 II8M          59 624
QSO: 14188 PH 2019-03-31 1615 M0HWO         59 0015 LZ116RF       59 0550
QSO: 14177 PH 2019-03-31 1617 M0HWO         59 0016 R160NN        59 0245
QSO: 14135 PH 2019-03-31 1620 M0HWO         59 017 UD4F          59 1945
QSO: 14145 PH 2019-03-31 1622 M0HWO         59 18 II9P          59 2008
QSO: 14196 PH 2019-03-31 1625 M0HWO         59 019 YT5A          59 1410
QSO:  7117 PH 2019-03-31 1639 M0HWO         59 0020 IK2YCW        59 1179
END-OF-LOG:
