START-OF-LOG: 3.0
CREATED-BY: vhfmanager-downloader
CONTEST: ZRS septembrsko UKV tekmovanje - Official results - VHFManager
CALLSIGN: F2OAU/P
CATEGORY: 145 MHz - Generated log
CATEGORY-OPERATOR: SINGLE-OP
CATEGORY-ASSISTED: NON-ASSISTED
CATEGORY-TRANSMITTER: ONE
CATEGORY-STATION: FIXED
QSO: 144300 PH 2013-09-07 1403 F2OAU/P       2   JN27UR JN57UR F5OAU/P       SSB F5ODK/P 59
QSO: 144300 PH 2013-09-07 1404 F2OAU/P       4   JN27UR JN57UR F5OAU/P       SSB F1US 59   
QSO: 144300 PH 2013-09-07 1405 F2OAU/P       5   JN27UR JN57UR F5OAU/P       SSB F1NZC 59  
QSO: 144300 PH 2013-09-07 1407 F2OAU/P       7   JN27UR JN57UR F5OAU/P       SSB F4FRF/P 59
QSO: 144300 PH 2013-09-07 1407 F2OAU/P       8   JN27UR JN57UR F5OAU/P       SSB F6KRK 59  
QSO: 144300 PH 2013-09-07 1409 F2OAU/P       9   JN27UR JN57UR F5OAU/P       SSB F8KGZ 59  
QSO: 144300 PH 2013-09-07 1410 F2OAU/P       11  JN27UR JN57UR F5OAU/P       SSB F6ETI/P 59
QSO: 144300 PH 2013-09-07 1410 F2OAU/P       14  JN27UR JN57UR F5OAU/P       SSB F2NY 59   
QSO: 144300 PH 2013-09-07 1414 F2OAU/P       15  JN27UR JN57UR F5OAU/P       SSB F6IPR 59  
QSO: 144300 PH 2013-09-07 1419 F2OAU/P       19  JN27UR JN57UR F5OAU/P       SSB F5DRD 59  
QSO: 144300 PH 2013-09-07 1423 F2OAU/P       22  JN27UR JN57UR F5OAU/P       SSB DH6DAO 59 
QSO: 144300 PH 2013-09-07 1423 F2OAU/P       23  JN27UR JN57UR F5OAU/P       SSB TM2Z 59   
QSO: 144300 PH 2013-09-07 1426 F2OAU/P       25  JN27UR JN57UR F5OAU/P       SSB F0DWW 59  
QSO: 144300 PH 2013-09-07 1426 F2OAU/P       26  JN27UR JN57UR F5OAU/P       SSB F4FFS 59  
QSO: 144300 PH 2013-09-07 1427 F2OAU/P       28  JN27UR JN57UR F5OAU/P       SSB F5MFI 59  
QSO: 144300 PH 2013-09-07 1528 F2OAU/P       29  JN27UR JN57UR F5OAU/P       SSB F4FUL 59  
QSO: 144300 PH 2013-09-07 1429 F2OAU/P       30  JN27UR JN57UR F5OAU/P       SSB F2FZ 59   
QSO: 144300 PH 2013-09-07 1431 F2OAU/P       31  JN27UR JN57UR F5OAU/P       SSB DJ3SN 59  
QSO: 144300 PH 2013-09-07 1433 F2OAU/P       33  JN27UR JN57UR F5OAU/P       SSB F8KKV/P 59
QSO: 144300 PH 2013-09-07 1438 F2OAU/P       36  JN27UR JN57UR F5OAU/P       SSB F4GMA/P 59
QSO: 144300 PH 2013-09-07 1435 F2OAU/P       37  JN27UR JN57UR F5OAU/P       SSB F4FCW 59  
QSO: 144300 PH 2013-09-07 1438 F2OAU/P       39  JN27UR JN57UR F5OAU/P       SSB F4DHO 59  
QSO: 144300 PH 2013-09-07 1441 F2OAU/P       40  JN27UR JN57UR F5OAU/P       SSB F8BBR 59  
QSO: 144300 PH 2013-09-07 1443 F2OAU/P       42  JN27UR JN57UR F5OAU/P       SSB F0GFI 59  
QSO: 144300 PH 2013-09-07 1444 F2OAU/P       43  JN27UR JN57UR F5OAU/P       SSB F1PHB 59  
QSO: 144300 PH 2013-09-07 1447 F2OAU/P       46  JN27UR JN57UR F5OAU/P       SSB TM0L 59   
QSO: 144300 PH 2013-09-07 1449 F2OAU/P       48  JN27UR JN57UR F5OAU/P       SSB ON4GDV 59 
QSO: 144300 PH 2013-09-07 1449 F2OAU/P       49  JN27UR JN57UR F5OAU/P       SSB F0EJT/P 59
QSO: 144300 PH 2013-09-07 1450 F2OAU/P       50  JN27UR JN57UR F5OAU/P       SSB F4GMU 59  
QSO: 144300 PH 2013-09-07 1451 F2OAU/P       51  JN27UR JN57UR F5OAU/P       SSB F1EHT 59  
QSO: 144300 PH 2013-09-07 1454 F2OAU/P       53  JN27UR JN57UR F5OAU/P       SSB F8KOP/P 59
QSO: 144300 PH 2013-09-07 1458 F2OAU/P       56  JN27UR JN57UR F5OAU/P       SSB F1IA 59   
QSO: 144300 PH 2013-09-07 1500 F2OAU/P       57  JN27UR JN57UR F5OAU/P       SSB F5JJE 59  
QSO: 144300 PH 2013-09-07 1539 F2OAU/P       66  JN27UR JN57UR F5OAU/P       SSB DK3HA 59  
QSO: 144300 PH 2013-09-07 1546 F2OAU/P       69  JN27UR JN57UR F5OAU/P       SSB F6KEX/P 59
QSO: 144300 PH 2013-09-07 1546 F2OAU/P       71  JN27UR JN57UR F5OAU/P       SSB F1TDO 59  
QSO: 144300 PH 2013-09-07 1549 F2OAU/P       72  JN27UR JN57UR F5OAU/P       SSB DH6MB/P 59
QSO: 144300 PH 2013-09-07 1555 F2OAU/P       75  JN27UR JN57UR F5OAU/P       SSB DO8CW/P 59
QSO: 144300 PH 2013-09-07 1558 F2OAU/P       78  JN27UR JN57UR F5OAU         SSB F8DYD 59  
QSO: 144300 PH 2013-09-07 1601 F2OAU/P       79  JN27UR JN57UR F5OAU/P       SSB F6GLJ 59  
QSO: 144300 PH 2013-09-07 1608 F2OAU/P       83  JN27UR JN57UR F5OAU/P       SSB F6KTR/P 59
QSO: 144300 PH 2013-09-07 1608 F2OAU/P       84  JN27UR JN57UR F5OAU         SSB F6KQV/P 59
QSO: 144300 PH 2013-09-07 1610 F2OAU/P       85  JN27UR JN57UR F5OAU/P       SSB TM16C 59  
QSO: 144300 PH 2013-09-07 1611 F2OAU/P       86  JN27UR JN57UR F5OAU/P       SSB DL8AAV 59 
QSO: 144300 PH 2013-09-07 1619 F2OAU/P       88  JN27UR JN57UR F5OAU/P       SSB DK1KC/P 55
QSO: 144300 PH 2013-09-07 1621 F2OAU/P       90  JN27UR JN57UR F5OAU/P       SSB PA5KM 59  
QSO: 144300 PH 2013-09-07 1623 F2OAU/P       91  JN27UR JN57UR F5OAU/P       SSB PA0T 59   
QSO: 144300 PH 2013-09-07 1626 F2OAU/P       92  JN27UR JN57UR F5OAU/P       SSB DO1JWZ 59 
QSO: 144300 PH 2013-09-07 1626 F2OAU/P       93  JN27UR JN57UR F5OAU/P       SSB DL5AYI 59 
QSO: 144300 PH 2013-09-07 1627 F2OAU/P       94  JN27UR JN57UR F5OAU/P       SSB DJ6XV 59  
QSO: 144300 PH 2013-09-07 1628 F2OAU/P       95  JN27UR JN57UR F5OAU/P       SSB PA4VHF 59 
QSO: 144300 PH 2013-09-07 1628 F2OAU/P       96  JN27UR JN57UR F5OAU/P       SSB DL1DBR 59 
QSO: 144300 PH 2013-09-07 1631 F2OAU/P       99  JN27UR JN57UR F5OAU/P       SSB DG6ISR 59 
QSO: 144300 PH 2013-09-07 1635 F2OAU/P       100 JN27UR JN57UR F5OAU/P       SSB F6KEH/P 59
QSO: 144300 PH 2013-09-07 1636 F2OAU/P       101 JN27UR JN57UR F5OAU/P       SSB DK2MN 59  
QSO: 144300 PH 2013-09-07 1638 F2OAU/P       102 JN27UR JN57UR F5OAU/P       SSB DL2DR 59  
QSO: 144300 PH 2013-09-07 1641 F2OAU/P       105 JN27UR JN57UR F5OAU/P       SSB F4FRG 59  
QSO: 144300 PH 2013-09-07 1640 F2OAU/P       106 JN27UR JN57UR F5OAU/P       SSB F1CKB 59  
QSO: 144300 PH 2013-09-07 1647 F2OAU/P       110 JN27UR JN57UR F5OAU/P       SSB DL2HSX 59 
QSO: 144300 PH 2013-09-07 1649 F2OAU/P       111 JN27UR JN57UR F5OAU/P       SSB F5PZR 59  
QSO: 144300 PH 2013-09-07 1650 F2OAU/P       112 JN27UR JN57UR F5OAU/P       SSB F6GPT 59  
QSO: 144300 PH 2013-09-07 1657 F2OAU/P       116 JN27UR JN57UR F5OAU/P       SSB DO9PL 59  
QSO: 144300 PH 2013-09-07 1658 F2OAU/P       117 JN27UR JN57UR F5OAU         SSB DL7DZ 59  
QSO: 144300 PH 2013-09-07 1700 F2OAU/P       118 JN27UR JN57UR F5OAU/P       SSB DL0GX/P 59
QSO: 144300 PH 2013-09-07 1701 F2OAU/P       119 JN27UR JN57UR F5OAU/P       SSB F6HJO/P 59
QSO: 144300 PH 2013-09-07 1703 F2OAU/P       120 JN27UR JN57UR F5OAU/P       SSB F0EWK 59  
QSO: 144300 PH 2013-09-07 1704 F2OAU/P       121 JN27UR JN57UR F5OAU/P       SSB F6KOT/P 59
QSO: 144300 PH 2013-09-07 1712 F2OAU/P       126 JN27UR JN57UR F5OAU/P       SSB DJ6OL 59  
QSO: 144300 PH 2013-09-07 1713 F2OAU/P       127 JN27UR JN57UR F5OAU/P       SSB F1RHS 59  
QSO: 144300 PH 2013-09-07 1716 F2OAU/P       129 JN27UR JN57UR F5OAU/P       SSB F1CBC 59  
QSO: 144300 PH 2013-09-07 1720 F2OAU/P       132 JN27UR JN57UR F5OAU/P       SSB DL0BLA 59 
QSO: 144300 PH 2013-09-07 1722 F2OAU/P       135 JN27UR JN57UR F5OAU/P       SSB DL3YDP 59 
QSO: 144300 PH 2013-09-07 1728 F2OAU/P       136 JN27UR JN57UR F5OAU/P       SSB F5KCC/P 59
QSO: 144300 PH 2013-09-07 1729 F2OAU/P       137 JN27UR JN57UR F5OAU         SSB DL3FDL 59 
QSO: 144300 PH 2013-09-07 1730 F2OAU/P       138 JN27UR JN57UR F5OAU/P       SSB DF1JC 59  
QSO: 144300 PH 2013-09-07 1731 F2OAU/P       139 JN27UR JN57UR F5OAU/P       SSB F6KNB 59  
QSO: 144300 PH 2013-09-07 1733 F2OAU/P       140 JN27UR JN57UR F5OAU/P       SSB DB7EH 59  
QSO: 144300 PH 2013-09-07 1830 F2OAU/P       146 JN27UR JN57UR F5OAU/P       SSB F6BUL/P 59
QSO: 144300 PH 2013-09-07 1835 F2OAU/P       150 JN27UR JN57UR F5OAU/P       SSB PE1EWR 59 
QSO: 144300 PH 2013-09-07 1840 F2OAU/P       151 JN27UR JN57UR F5OAU/P       SSB DF1WS 59  
QSO: 144300 PH 2013-09-07 1848 F2OAU/P       155 JN27UR JN57UR F5OAU/P       SSB PA3GWN 59 
QSO: 144300 PH 2013-09-07 1851 F2OAU/P       157 JN27UR JN57UR F5OAU/P       SSB F5OOM/P 59
QSO: 144300 PH 2013-09-07 1852 F2OAU/P       159 JN27UR JN57UR F5OAU/P       SSB F6KVE/P 59
QSO: 144300 PH 2013-09-07 1855 F2OAU/P       160 JN27UR JN57UR F5OAU/P       SSB DH1VY 59  
QSO: 144300 PH 2013-09-07 1856 F2OAU/P       161 JN27UR JN57UR F5OAU/P       SSB DK5EZ 59  
QSO: 144300 PH 2013-09-07 1859 F2OAU/P       163 JN27UR JN57UR F5OAU/P       SSB DL1EJD 59 
QSO: 144300 PH 2013-09-07 1900 F2OAU/P       164 JN27UR JN57UR F5OAU/P       SSB F6KOU 59  
QSO: 144300 PH 2013-09-07 1904 F2OAU/P       166 JN27UR JN57UR F5OAU/P       SSB DH6ICE/P 59
QSO: 144300 PH 2013-09-07 1905 F2OAU/P       167 JN27UR JN57UR F5OAU/P       SSB DG1EA 59  
QSO: 144300 PH 2013-09-07 1906 F2OAU/P       168 JN27UR JN57UR F5OAU/P       SSB DL6MK 59  
QSO: 144300 PH 2013-09-07 1907 F2OAU/P       170 JN27UR JN57UR F5OAU/P       SSB DF0OL 59  
QSO: 144300 PH 2013-09-07 1908 F2OAU/P       171 JN27UR JN57UR F5OAU/P       SSB DD0PX 59  
QSO: 144300 PH 2013-09-07 2010 F2OAU/P       173 JN27UR JN57UR F5OAU/P       SSB F4TXU 59  
QSO: 144300 PH 2013-09-07 1911 F2OAU/P       174 JN27UR JN57UR F5OAU/P       SSB I5MZY/4 59
QSO: 144300 PH 2013-09-07 1914 F2OAU/P       176 JN27UR JN57UR F5OAU/P       SSB F1PYN 59  
QSO: 144300 PH 2013-09-07 1915 F2OAU/P       177 JN27UR JN57UR F5OAU/P       SSB F0GSS/P 59
QSO: 144300 PH 2013-09-07 1952 F2OAU/P       181 JN27UR JN57UR F5OAU/P       SSB DO1PCD 59 
QSO: 144300 PH 2013-09-07 1949 F2OAU/P       182 JN27UR JN57UR F5OAU/P       SSB M2F 59    
QSO: 144300 PH 2013-09-07 1956 F2OAU/P       183 JN27UR JN57UR F5OAU/P       SSB DL1EHG 59 
QSO: 144300 PH 2013-09-07 2001 F2OAU/P       185 JN27UR JN57UR F5OAU/P       SSB DD2SKA/P 59
QSO: 144300 PH 2013-09-07 2001 F2OAU/P       186 JN27UR JN57UR F5OAU/P       SSB DL5YEE 59 
QSO: 144300 PH 2013-09-07 2003 F2OAU/P       187 JN27UR JN57UR F5OAU/P       SSB DL0HTW 59 
QSO: 144300 PH 2013-09-07 2006 F2OAU/P       190 JN27UR JN57UR F5OAU/P       SSB DF9FD 59  
QSO: 144300 PH 2013-09-07 2016 F2OAU/P       193 JN27UR JN57UR F5OAU/P       SSB F4EEJ/P 59
QSO: 144300 PH 2013-09-07 2023 F2OAU/P       195 JN27UR JN57UR F5OAU/P       SSB TM0W 59   
QSO: 144300 PH 2013-09-07 2025 F2OAU/P       196 JN27UR JN57UR F5OAU/P       SSB DL4EAX 59 
QSO: 144300 PH 2013-09-07 2031 F2OAU/P       199 JN27UR JN57UR F5OAU/P       SSB DL1SR 59  
QSO: 144300 PH 2013-09-07 2045 F2OAU/P       202 JN27UR JN57UR F5OAU         SSB F5KRY/P 59
QSO: 144300 PH 2013-09-07 2051 F2OAU/P       205 JN27UR JN57UR F5OAU/P       SSB F4EWP/P 59
QSO: 144300 PH 2013-09-08 0552 F2OAU/P       207 JN27UR JN57UR F5OAU/P       SSB DK0BN 59  
QSO: 144300 PH 2013-09-08 0554 F2OAU/P       208 JN27UR JN57UR F5OAU/P       SSB 5P5T 59   
QSO: 144300 PH 2013-09-08 0600 F2OAU/P       209 JN27UR JN57UR F5OAU/P       SSB DR2X 59   
QSO: 144300 PH 2013-09-08 0601 F2OAU/P       210 JN27UR JN57UR F5OAU/P       SSB DF0XX 59  
QSO: 144300 PH 2013-09-08 0603 F2OAU/P       211 JN27UR JN57UR F5OAU/P       SSB DL0GTH 59 
QSO: 144300 PH 2013-09-08 0613 F2OAU/P       213 JN27UR JN57UR F5OAU/P       SSB DO1ALS 59 
QSO: 144300 PH 2013-09-08 0628 F2OAU/P       217 JN27UR JN57UR F5OAU/P       SSB DK5AI 59  
QSO: 144300 PH 2013-09-08 0631 F2OAU/P       218 JN27UR JN57UR F5OAU/P       SSB DL0WB 59  
QSO: 144300 PH 2013-09-08 0640 F2OAU/P       219 JN27UR JN57UR F5OAU/P       SSB DG9NEO 59 
QSO: 144300 PH 2013-09-08 0642 F2OAU/P       221 JN27UR JN57UR F5OAU/P       SSB F1BJD/P 59
QSO: 144300 PH 2013-09-08 0644 F2OAU/P       222 JN27UR JN57UR F5OAU/P       SSB DK2ZF/P 59
QSO: 144300 PH 2013-09-08 0652 F2OAU/P       227 JN27UR JN57UR F5OAU/P       SSB DL1KDT 59 
QSO: 144300 PH 2013-09-08 0653 F2OAU/P       228 JN27UR JN57UR F5OAU/P       SSB DL2PK/P 59
QSO: 144300 PH 2013-09-08 0759 F2OAU/P       228 JN27UR JN57UR F5OAU/P       SSB DJ1OB 59  
QSO: 144300 PH 2013-09-08 0653 F2OAU/P       232 JN27UR JN57UR F5OAU/P       SSB DL0GL 59  
QSO: 144300 PH 2013-09-08 0701 F2OAU/P       235 JN27UR JN57UR F5OAU/P       SSB DH1PAL 59 
QSO: 144300 PH 2013-09-08 0733 F2OAU/P       237 JN27UR JN57UR F5OAU/P       SSB TM9A 59   
QSO: 144300 PH 2013-09-08 0734 F2OAU/P       238 JN27UR JN57UR F5OAU/P       SSB F6FAX/P 59
QSO: 144300 PH 2013-09-08 0740 F2OAU/P       241 JN27UR JN57UR F5OAU/P       SSB DJ1AA 59  
QSO: 144300 PH 2013-09-08 0741 F2OAU/P       242 JN27UR JN57UR F5OAU/P       SSB DM5C 59   
QSO: 144300 PH 2013-09-08 0743 F2OAU/P       243 JN27UR JN57UR F5OAU/P       SSB DL6ED 59  
QSO: 144300 PH 2013-09-08 0745 F2OAU/P       244 JN27UR JN57UR F5OAU/P       SSB DR2S 59   
QSO: 144300 PH 2013-09-08 0747 F2OAU/P       245 JN27UR JN57UR F5OAU/P       SSB F4EDA/P 59
QSO: 144300 PH 2013-09-08 0755 F2OAU/P       246 JN27UR JN57UR F5OAU/P       SSB F4ULC 59  
QSO: 144300 PH 2013-09-08 0859 F2OAU/P       252 JN27UR JN57UR F5OAU/P       SSB DK5DQ 59  
QSO: 144300 PH 2013-09-08 0900 F2OAU/P       253 JN27UR JN57UR F5OAU/P       SSB DL1EIP/P 59
QSO: 144300 PH 2013-09-08 0920 F2OAU/P       255 JN27UR JN57UR F5OAU/P       SSB F4FVO 59  
QSO: 144300 PH 2013-09-08 1038 F2OAU/P       259 JN27UR JN57UR F5OAU/P       SSB F4DCD 59  
QSO: 144300 PH 2013-09-08 0942 F2OAU/P       260 JN27UR JN57UR F5OAU/P       SSB DG3FCT/P 59
QSO: 144300 PH 2013-09-08 0951 F2OAU/P       263 JN27UR JN57UR F5OAU/P       SSB F0FEK 59  
QSO: 144300 PH 2013-09-08 0958 F2OAU/P       265 JN27UR JN57UR F5OAU/P       SSB DG1VL 59  
QSO: 144300 PH 2013-09-08 1001 F2OAU/P       267 JN27UR JN57UR F5OAU/P       SSB DJ9EI 59  
QSO: 144300 PH 2013-09-08 1014 F2OAU/P       270 JN27UR JN57UR F5OAU/P       SSB DF5GZ/P 59
QSO: 144300 PH 2013-09-08 1022 F2OAU/P       273 JN27UR JN57UR F5OAU/P       SSB TM2W 59   
QSO: 144300 PH 2013-09-08 1032 F2OAU/P       274 JN27UR JN57UR F5OAU/P       SSB TM6GMF 59 
QSO: 144300 PH 2013-09-08 1041 F2OAU/P       278 JN27UR JN57UR F5OAU/P       SSB DQ7A 59   
QSO: 144300 PH 2013-09-08 1045 F2OAU/P       279 JN27UR JN57UR F5OAU/P       SSB DR2P 59   
QSO: 144300 PH 2013-09-08 1048 F2OAU/P       280 JN27UR JN57UR F5OAU/P       SSB DL0LN 57  
QSO: 144300 PH 2013-09-08 1051 F2OAU/P       281 JN27UR JN57UR F5OAU/P       SSB DL0ZR 59  
QSO: 144300 PH 2013-09-08 1059 F2OAU/P       283 JN27UR JN57UR F5OAU/P       SSB OK1WT 59  
QSO: 144300 PH 2013-09-08 1102 F2OAU/P       284 JN27UR JN57UR F5OAU/P       SSB DF7AP 59  
QSO: 144300 PH 2013-09-08 1104 F2OAU/P       285 JN27UR JN57UR F5OAU/P       SSB PA1T 57   
QSO: 144300 PH 2013-09-08 1115 F2OAU/P       287 JN27UR JN57UR F5OAU/P       SSB F1BIH/P 59
QSO: 144300 PH 2013-09-08 1121 F2OAU/P       288 JN27UR JN57UR F5OAU/P       SSB DL50FRANCE 57
END-OF-LOG:
