START-OF-LOG: 3.0
CREATED-BY: vhfmanager-downloader
CONTEST: WW_PMC
CALLSIGN: OK2GU
CATEGORY: ALL - All bands low power CW
CATEGORY-OPERATOR: SINGLE-OP
CATEGORY-ASSISTED: NON-ASSISTED
CATEGORY-TRANSMITTER: ONE
CATEGORY-STATION: FIXED
QSO:  7000 CW 2020-01-04 1516 OK2GU         599 15         I6FDJ         599 15        
QSO:  7000 CW 2020-01-04 1519 OK2GU         599 15         S51DX         599 15        
QSO:  7000 CW 2020-01-04 1522 OK2GU         599 15         S53F          599 15        
QSO:  7000 CW 2020-01-04 1524 OK2GU         599 15         RK3AW         599 MOS*      
QSO:  7000 CW 2020-01-04 1537 OK2GU         599 15         E77EA         599 15        
QSO:  7000 CW 2020-01-04 1541 OK2GU         599 15         S52P/P        599 SLG*      
QSO:  7000 CW 2020-01-04 1545 OK2GU         599 15         TA3AER        599 20        
QSO:  7000 CW 2020-01-04 1547 OK2GU         599 15         F5IN          599 14        
QSO:  7000 CW 2020-01-04 1548 OK2GU         599 15         UA3RBR        599 16        
QSO:  7000 CW 2020-01-04 1553 OK2GU         599 15         9A3B          599 ZGB*      
QSO:  7000 CW 2020-01-04 1607 OK2GU         599 15         I2IFT         599 15        
QSO:  7000 CW 2020-01-04 1628 OK2GU         599 15         S58Q          599 15        
QSO:  7000 CW 2020-01-04 1632 OK2GU         599 15         HG5D          599 15        
QSO:  7000 CW 2020-01-04 1636 OK2GU         599 15         OH2BV         599 15        
QSO:  7000 CW 2020-01-04 1642 OK2GU         599 15         IC8FBU        599 15        
QSO:  7000 CW 2020-01-04 1647 OK2GU         599 15         YT4T          599 15        
QSO:  7000 CW 2020-01-04 1704 OK2GU         599 15         I2WIJ         599 MIL*      
QSO:  7000 CW 2020-01-04 1706 OK2GU         599 15         HA8EK         599 15        
QSO:  7000 CW 2020-01-04 1711 OK2GU         599 15         UY5ZZ         599 16        
QSO:  7000 CW 2020-01-04 1713 OK2GU         599 15         YT9W          599 15        
QSO:  7000 CW 2020-01-04 1716 OK2GU         599 15         S50A          599 LJA*      
QSO:  7000 CW 2020-01-04 1718 OK2GU         599 15         LZ3R          599 20        
QSO:  3500 CW 2020-01-04 1740 OK2GU         599 15         F5IN          599 14        
QSO:  3500 CW 2020-01-04 1746 OK2GU         599 15         R4BZ          599 VOL*      
QSO:  3500 CW 2020-01-04 1805 OK2GU         599 15         LZ5XQ         599 20        
QSO:  3500 CW 2020-01-04 1807 OK2GU         599 15         E74X          599 15        
QSO:  3500 CW 2020-01-04 1809 OK2GU         599 15         SP1AEN        599 15        
QSO:  3500 CW 2020-01-04 1812 OK2GU         599 15         RK3AW         599 MOS*      
QSO:  3500 CW 2020-01-04 1819 OK2GU         599 15         OK1AY         599 15        
QSO:  3500 CW 2020-01-04 1820 OK2GU         599 15         HA8EK         599 15        
QSO:  3500 CW 2020-01-04 1827 OK2GU         599 15         YU5T          599 15        
QSO:  3500 CW 2020-01-04 1830 OK2GU         599 15         S52P/P        599 SLG*      
QSO:  3500 CW 2020-01-04 1838 OK2GU         599 15         I2WIJ         599 MIL*      
QSO:  3500 CW 2020-01-04 2012 OK2GU         599 15         E74ALM        599 SAR*      
QSO:  3500 CW 2020-01-04 2018 OK2GU         599 15         YL3GQ         599 15        
QSO:  3500 CW 2020-01-04 2023 OK2GU         599 15         S53F          599 15        
QSO:  3500 CW 2020-01-04 2027 OK2GU         599 15         S589PMC       599 SLG       
QSO:  3500 CW 2020-01-04 2041 OK2GU         599 15         S59AA         599 LJA*      
QSO:  3500 CW 2020-01-04 2043 OK2GU         599 15         E77EA         599 15        
QSO:  3500 CW 2020-01-04 2045 OK2GU         599 15         YU1HFG        599 15        
QSO:  3500 CW 2020-01-04 2050 OK2GU         599 15         OG7F          599 15        
QSO:  3500 CW 2020-01-04 2059 OK2GU         599 15         S57AW         599 LJA       
QSO:  3500 CW 2020-01-04 2100 OK2GU         599 15         OM7LW         599 15        
QSO:  3500 CW 2020-01-04 2103 OK2GU         599 15         S58MU         599 LJA       
QSO:  3500 CW 2020-01-04 2105 OK2GU         599 15         MM3AWD        599 14        
QSO:  3500 CW 2020-01-04 2112 OK2GU         599 15         S50A          599 LJA       
QSO:  3500 CW 2020-01-04 2113 OK2GU         599 15         9A3B          599 ZGB*      
QSO:  3500 CW 2020-01-04 2115 OK2GU         599 15         OO9O          599 ANT*      
QSO:  3500 CW 2020-01-04 2128 OK2GU         599 15         OK1OFM        599 15        
QSO:  3500 CW 2020-01-04 2130 OK2GU         599 15         EA1XT         599 14        
QSO:  3500 CW 2020-01-04 2151 OK2GU         599 15         SM5CSS        599 14        
QSO:  3500 CW 2020-01-04 2153 OK2GU         599 15         S57X          599 15        
QSO:  3500 CW 2020-01-04 2154 OK2GU         599 15         OK1IE         599 15        
QSO:  3500 CW 2020-01-04 2156 OK2GU         599 15         OM8AQ         599 KOE*      
QSO:  3500 CW 2020-01-04 2157 OK2GU         599 15         S52WD         599 15        
QSO:  3500 CW 2020-01-04 2159 OK2GU         599 15         YO8DOH        599 20        
QSO:  3500 CW 2020-01-04 2203 OK2GU         599 15         DL5JQ         599 14        
QSO:  3500 CW 2020-01-04 2206 OK2GU         599 15         SP7IVO        599 WLN*      
QSO:  3500 CW 2020-01-04 2211 OK2GU         599 15         S51DX         599 15        
QSO:  3500 CW 2020-01-04 2215 OK2GU         599 15         S53AR         599 15        
QSO:  3500 CW 2020-01-04 2220 OK2GU         599 15         EU8F          599 16        
QSO:  3500 CW 2020-01-04 2226 OK2GU         599 15         OK1OA         599 PRA*      
QSO:  3500 CW 2020-01-04 2231 OK2GU         599 15         IK0YVU        599 15        
QSO:  3500 CW 2020-01-04 2235 OK2GU         599 15         S54X          599 SLG       
QSO:  3500 CW 2020-01-04 2237 OK2GU         599 15         LZ1QZ         599 20        
QSO:  3500 CW 2020-01-04 2241 OK2GU         599 15         SM5DXR        599 14        
QSO:  3500 CW 2020-01-04 2244 OK2GU         599 15         Z35M          599 15        
QSO:  3500 CW 2020-01-04 2245 OK2GU         599 15         R6CC          599 SOI*      
QSO:  3500 CW 2020-01-04 2247 OK2GU         599 15         HA6IAM        599 15        
QSO:  3500 CW 2020-01-04 2250 OK2GU         599 15         UA5C          599 MOS       
QSO:  3500 CW 2020-01-04 2251 OK2GU         599 15         S59KA         599 15        
QSO:  3500 CW 2020-01-04 2256 OK2GU         599 15         SQ3MZU        599 15        
QSO:  7000 CW 2020-01-05 0828 OK2GU         599 15         UT5NR         599 16        
QSO:  7000 CW 2020-01-05 0829 OK2GU         599 15         IZ2XFR        599 MIL       
QSO:  7000 CW 2020-01-05 0833 OK2GU         599 15         LZ1ND         599 20        
QSO:  7000 CW 2020-01-05 0839 OK2GU         599 15         SP4AWE        599 15        
QSO:  7000 CW 2020-01-05 0841 OK2GU         599 15         EW8OM         599 16        
QSO:  7000 CW 2020-01-05 0844 OK2GU         599 15         UA6AK         599 16        
QSO:  7000 CW 2020-01-05 0845 OK2GU         599 15         SN6A          599 15        
QSO: 14000 CW 2020-01-05 0848 OK2GU         599 15         UA5C          599 MOS*      
QSO: 14000 CW 2020-01-05 0852 OK2GU         599 15         RN9RF         599 17        
QSO: 14000 CW 2020-01-05 0906 OK2GU         599 15         UC5D          599 16        
QSO: 14000 CW 2020-01-05 0911 OK2GU         599 15         UD8A          599 17        
QSO:  7000 CW 2020-01-05 0913 OK2GU         599 15         UA5C          599 MOS       
QSO:  7000 CW 2020-01-05 0915 OK2GU         599 15         IZ2MGN        599 15        
QSO:  7000 CW 2020-01-05 0917 OK2GU         599 15         DL5JQ         599 14        
QSO:  7000 CW 2020-01-05 0920 OK2GU         599 15         OK5MM         599 15        
QSO:  7000 CW 2020-01-05 0921 OK2GU         599 15         SD1A          599 14        
QSO:  7000 CW 2020-01-05 0923 OK2GU         599 15         SN5N          599 15        
QSO:  7000 CW 2020-01-05 0927 OK2GU         599 15         LA8HGA        599 14        
QSO:  7000 CW 2020-01-05 0928 OK2GU         599 15         YU5T          599 15        
QSO:  7000 CW 2020-01-05 0930 OK2GU         599 15         F4VSR         599 14        
QSO:  7000 CW 2020-01-05 0933 OK2GU         599 15         PA5N          599 ARN*      
QSO:  7000 CW 2020-01-05 0936 OK2GU         599 15         OK1OA         599 PRA*      
QSO:  7000 CW 2020-01-05 0943 OK2GU         599 15         F5NBX         599 14        
QSO:  7000 CW 2020-01-05 0944 OK2GU         599 15         LA0CX         599 14        
QSO:  7000 CW 2020-01-05 0948 OK2GU         599 15         PA0GRU        599 14        
QSO:  7000 CW 2020-01-05 0951 OK2GU         599 15         RU5TT         599 16        
QSO:  7000 CW 2020-01-05 0952 OK2GU         599 15         SE5L          599 14        
QSO:  7000 CW 2020-01-05 0958 OK2GU         599 15         UX2HB         599 PTV*      
QSO:  7000 CW 2020-01-05 1001 OK2GU         599 15         PG5V          599 14        
QSO:  7000 CW 2020-01-05 1005 OK2GU         599 15         LZ6C          599 20        
QSO:  7000 CW 2020-01-05 1013 OK2GU         599 15         YO2CEQ        599 20        
QSO:  7000 CW 2020-01-05 1016 OK2GU         599 15         E74X          599 15        
QSO:  7000 CW 2020-01-05 1019 OK2GU         599 15         SM0Y          599 STO*      
QSO: 14000 CW 2020-01-05 1024 OK2GU         599 15         UW6M          599 16        
QSO: 14000 CW 2020-01-05 1026 OK2GU         599 15         R3AQ          599 MOS       
QSO: 14000 CW 2020-01-05 1051 OK2GU         599 15         R4BZ          599 VOL*      
QSO: 14000 CW 2020-01-05 1053 OK2GU         599 15         RX9CC         599 17        
QSO: 14000 CW 2020-01-05 1055 OK2GU         599 15         OH2BV         599 15        
QSO: 14000 CW 2020-01-05 1057 OK2GU         599 15         UT3IZ         599 16        
QSO: 14000 CW 2020-01-05 1101 OK2GU         599 15         UA3RBR        599 16        
QSO: 14000 CW 2020-01-05 1103 OK2GU         599 15         OH1ZAA        599 POR*      
QSO: 14000 CW 2020-01-05 1114 OK2GU         599 15         UA9CTT        599 17        
QSO: 14000 CW 2020-01-05 1122 OK2GU         599 15         F5IN          599 14        
QSO: 14000 CW 2020-01-05 1126 OK2GU         599 15         RM5F          599 16        
QSO: 14000 CW 2020-01-05 1126 OK2GU         599 15         UA3MIF        599 16        
QSO: 14000 CW 2020-01-05 1132 OK2GU         599 15         OH2BN         599 HEL*      
QSO: 21000 CW 2020-01-05 1134 OK2GU         599 15         F5IN          599 14        
QSO:  7000 CW 2020-01-05 1145 OK2GU         599 15         SP1AEN        599 15        
QSO:  7000 CW 2020-01-05 1154 OK2GU         599 15         YL3LW         599 15        
QSO:  7000 CW 2020-01-05 1157 OK2GU         599 15         SO5N          599 15        
END-OF-LOG:
