START-OF-LOG: 3.0
CREATED-BY: vhfmanager-downloader
CONTEST: WW_PMC
CALLSIGN: RA1AGJ
CATEGORY: ALL - All bands low power CW
CATEGORY-OPERATOR: SINGLE-OP
CATEGORY-ASSISTED: NON-ASSISTED
CATEGORY-TRANSMITTER: ONE
CATEGORY-STATION: FIXED
QSO: 14000 CW 2020-01-04 1308 RA1AGJ        59  SPE        LZ3QE         59  20        
QSO: 14000 CW 2020-01-04 1310 RA1AGJ        599 SPE        F8DGY         599 14        
QSO: 14000 CW 2020-01-04 1311 RA1AGJ        599 SPE        UA1AJ         599 SPE*      
QSO: 14000 CW 2020-01-04 1313 RA1AGJ        599 SPE        LZ1QN         599 20        
QSO: 14000 CW 2020-01-04 1315 RA1AGJ        599 SPE        Z35W          599 15        
QSO: 14000 CW 2020-01-04 1317 RA1AGJ        599 SPE        S53EO         599 15        
QSO: 14000 CW 2020-01-04 1324 RA1AGJ        599 SPE        I2IFT         599 15        
QSO: 14000 CW 2020-01-04 1331 RA1AGJ        599 SPE        LZ3R          599 20        
QSO: 14000 CW 2020-01-04 1338 RA1AGJ        599 SPE        IZ2XFR        599 MIL*      
QSO: 14000 CW 2020-01-04 1340 RA1AGJ        599 SPE        F5NBX         599 14        
QSO: 14000 CW 2020-01-04 1347 RA1AGJ        599 SPE        PA3FQA        599 14        
QSO: 14000 CW 2020-01-04 1349 RA1AGJ        599 SPE        DL5JQ         599 14        
QSO: 14000 CW 2020-01-04 1407 RA1AGJ        599 SPE        F5IN          599 14        
QSO:  7000 CW 2020-01-04 1413 RA1AGJ        599 SPE        SN5N          599 15        
QSO:  7000 CW 2020-01-04 1416 RA1AGJ        599 SPE        9A3B          599 ZGB*      
QSO:  7000 CW 2020-01-04 1544 RA1AGJ        599 SPE        DL4ME         599 14        
QSO:  7000 CW 2020-01-04 2039 RA1AGJ        599 SPE        RL1F          599 SPE*      
QSO:  7000 CW 2020-01-04 2042 RA1AGJ        599 SPE        HA8TP         599 15        
QSO:  7000 CW 2020-01-04 2053 RA1AGJ        599 SPE        LZ5QZ         599 20        
QSO:  7000 CW 2020-01-05 0634 RA1AGJ        599 SPE        S52P/P        599 SLG*      
QSO:  7000 CW 2020-01-05 0637 RA1AGJ        599 SPE        S53Q          599 SLG       
QSO:  7000 CW 2020-01-05 0639 RA1AGJ        599 SPE        RT1I          599 17        
QSO:  7000 CW 2020-01-05 0642 RA1AGJ        599 SPE        EW8OM         599 16        
QSO:  7000 CW 2020-01-05 0644 RA1AGJ        599 SPE        UA3RBR        599 16        
QSO:  7000 CW 2020-01-05 0732 RA1AGJ        599 SPE        OM8ON         599 KOE*      
QSO:  7000 CW 2020-01-05 0734 RA1AGJ        599 SPE        S58MU         599 LJA*      
QSO:  7000 CW 2020-01-05 0738 RA1AGJ        599 SPE        UY5ZZ         599 16        
QSO:  7000 CW 2020-01-05 0748 RA1AGJ        599 SPE        HG5D          599 15        
QSO:  7000 CW 2020-01-05 0750 RA1AGJ        599 SPE        I2IFT         599 15        
QSO:  7000 CW 2020-01-05 0755 RA1AGJ        599 SPE        LA2HFA        599 14        
QSO:  7000 CW 2020-01-05 0757 RA1AGJ        599 SPE        SD1A          599 14        
QSO:  7000 CW 2020-01-05 0759 RA1AGJ        599 SPE        DK2FG         599 14        
QSO:  7000 CW 2020-01-05 0904 RA1AGJ        599 SPE        DL1NKS        599 14        
QSO:  7000 CW 2020-01-05 0905 RA1AGJ        599 SPE        S59AA         599 LJA       
QSO:  7000 CW 2020-01-05 0906 RA1AGJ        599 SPE        SP1AEN        599 15        
QSO:  7000 CW 2020-01-05 0907 RA1AGJ        599 SPE        SP4AWE        599 15        
QSO:  7000 CW 2020-01-05 0909 RA1AGJ        599 SPE        F5IN          599 14        
QSO:  7000 CW 2020-01-05 0910 RA1AGJ        599 SPE        S52AU         599 LJA       
QSO:  7000 CW 2020-01-05 0913 RA1AGJ        599 SPE        PA5N          599 ARN*      
QSO:  7000 CW 2020-01-05 0914 RA1AGJ        599 SPE        EW1TO         599 MIN*      
QSO:  7000 CW 2020-01-05 0923 RA1AGJ        599 SPE        S51DI         599 15        
QSO: 14000 CW 2020-01-05 0936 RA1AGJ        599 SPE        IZ2MGN        599 15        
QSO: 14000 CW 2020-01-05 0938 RA1AGJ        599 SPE        S51DI         599 15        
QSO: 14000 CW 2020-01-05 0939 RA1AGJ        599 SPE        S52AU         599 LJA*      
QSO: 14000 CW 2020-01-05 0941 RA1AGJ        599 SPE        S55N          599 SLG*      
QSO: 14000 CW 2020-01-05 0945 RA1AGJ        599 SPE        I6FDJ         599 15        
QSO: 14000 CW 2020-01-05 0947 RA1AGJ        599 SPE        LZ1QZ         599 20        
QSO: 14000 CW 2020-01-05 0950 RA1AGJ        599 SPE        IK0YVV        599 15        
QSO: 14000 CW 2020-01-05 0951 RA1AGJ        599 SPE        S52P/P        599 SLG       
QSO: 14000 CW 2020-01-05 0956 RA1AGJ        599 SPE        S50A          599 LJA       
QSO: 14000 CW 2020-01-05 0957 RA1AGJ        599 SPE        S59AA         599 LJA       
QSO: 21000 CW 2020-01-05 1002 RA1AGJ        599 SPE        RL1F          599 SPE*      
QSO: 14000 CW 2020-01-05 1008 RA1AGJ        599 SPE        UD8A          599 17        
QSO: 14000 CW 2020-01-05 1019 RA1AGJ        599 SPE        S53Q          599 SLG       
QSO: 14000 CW 2020-01-05 1020 RA1AGJ        599 SPE        4U1A          599 WIE*      
QSO: 14000 CW 2020-01-05 1022 RA1AGJ        599 SPE        RW4WA         599 16        
QSO: 21000 CW 2020-01-05 1024 RA1AGJ        599 SPE        UN8PT         599 17        
QSO: 14000 CW 2020-01-05 1041 RA1AGJ        599 SPE        LZ6C          599 20        
QSO: 14000 CW 2020-01-05 1100 RA1AGJ        599 SPE        HG5D          599 15        
QSO: 14000 CW 2020-01-05 1112 RA1AGJ        599 SPE        YT9W          599 15        
QSO: 14000 CW 2020-01-05 1121 RA1AGJ        599 SPE        UX4FC         599 16        
QSO: 14000 CW 2020-01-05 1124 RA1AGJ        599 SPE        DL4CF         599 14        
QSO: 14000 CW 2020-01-05 1127 RA1AGJ        599 SPE        S51DX         599 15        
QSO: 14000 CW 2020-01-05 1129 RA1AGJ        599 SPE        OK1OA         599 PRA*      
QSO: 14000 CW 2020-01-05 1135 RA1AGJ        599 SPE        LZ1ND         599 20        
END-OF-LOG:
