START-OF-LOG: 3.0
CONTEST: EA-RTTY
CALLSIGN: DL8ZU
CATEGORY: SINGLE-OP 40M
CATEGORY-BAND: SINGLE-BAND
CATEGORY-MODE: RTTY
CATEGORY-POWER: 
CATEGORY-ASSISTED: NON-ASSISTED
CATEGORY-TRANSMITTER: ONE
CLAIMED-SCORE: 2400
CREATED-BY: UcxLog 7.94
OPERATORS: DL8ZU
NAME: Reinhold Salzmann 
CLUB: BAVARIAN CONTEST CLUB
QSO:  7000 RY 2019-04-06 1634 DL8ZU         599 001    UN3M          599 030
QSO:  7000 RY 2019-04-06 1636 DL8ZU         599 002    US7KC         599 028
QSO:  7000 RY 2019-04-06 1716 DL8ZU         599 003    LY2EW         599 023
QSO:  7000 RY 2019-04-06 1716 DL8ZU         599 004    G4FPA         599 017
QSO:  7000 RY 2019-04-06 1717 DL8ZU         599 005    HA0MS         599 038
QSO:  7000 RY 2019-04-06 1718 DL8ZU         599 006    UR4LG         599 021
QSO:  7000 RY 2019-04-06 1718 DL8ZU         599 007    RK3DSW        599 019
QSO:  7000 RY 2019-04-06 1719 DL8ZU         599 008    R7FQ          599 012
QSO:  7000 RY 2019-04-06 1720 DL8ZU         599 009    SP4BPH        599 031
QSO:  7000 RY 2019-04-06 1721 DL8ZU         599 010    YL5X          599 046
QSO:  7000 RY 2019-04-06 1723 DL8ZU         599 011    ZL2RX         599 008
QSO:  7000 RY 2019-04-06 1723 DL8ZU         599 012    RA3E          599 031
QSO:  7000 RY 2019-04-06 1724 DL8ZU         599 013    YP5A          599 040
QSO:  7000 RY 2019-04-06 1725 DL8ZU         599 014    UT5LA         599 037
QSO:  7000 RY 2019-04-06 1727 DL8ZU         599 015    UZ2I          599 059
QSO:  7000 RY 2019-04-06 1728 DL8ZU         599 016    R6LAQ         599 033
QSO:  7000 RY 2019-04-06 1731 DL8ZU         599 017    EA1EHW        599 PO
QSO:  7000 RY 2019-04-06 1731 DL8ZU         599 018    EA1MI         599 SG
QSO:  7000 RY 2019-04-06 1732 DL8ZU         599 019    R2CA          599 050
QSO:  7000 RY 2019-04-06 1733 DL8ZU         599 020    UR5FBM        599 027
QSO:  7000 RY 2019-04-06 1734 DL8ZU         599 021    EA3FF         599 L
QSO:  7000 RY 2019-04-06 1734 DL8ZU         599 022    G0HDV         599 029
QSO:  7000 RY 2019-04-06 1738 DL8ZU         599 023    IK0MIB        599 023
QSO:  7000 RY 2019-04-06 1738 DL8ZU         599 024    EW8Z          599 016
QSO:  7000 RY 2019-04-06 1739 DL8ZU         599 025    UT2EF         599 045
QSO:  7000 RY 2019-04-06 1742 DL8ZU         599 026    UZ4U          599 014
QSO:  7000 RY 2019-04-06 1743 DL8ZU         599 027    UA3ON         599 007
QSO:  7000 RY 2019-04-06 1744 DL8ZU         599 028    EB5CUZ        599 CS
QSO:  7000 RY 2019-04-06 1747 DL8ZU         599 029    RQ9O          599 042
QSO:  7000 RY 2019-04-06 1749 DL8ZU         599 030    M0DPK         599 024
QSO:  7000 RY 2019-04-06 1750 DL8ZU         599 031    9A3CJW        599 012
QSO:  7000 RY 2019-04-06 1751 DL8ZU         599 032    EW8DX         599 061
QSO:  7000 RY 2019-04-06 1751 DL8ZU         599 033    F1VEV         599 014
QSO:  7000 RY 2019-04-06 1752 DL8ZU         599 034    RA9AU         599 084
QSO:  7000 RY 2019-04-06 1755 DL8ZU         599 035    R7KBV         599 046
QSO:  7000 RY 2019-04-06 2209 DL8ZU         599 036    N1IXF         599 065
QSO:  7000 RY 2019-04-06 2217 DL8ZU         599 037    R7LY          599 043
QSO:  7000 RY 2019-04-06 2226 DL8ZU         599 038    UT5EPP        599 218
QSO:  7000 RY 2019-04-06 2227 DL8ZU         599 039    UY5VA         599 161
QSO:  7000 RY 2019-04-07 0852 DL8ZU         599 040    IQ2CU         599 288
QSO:  7000 RY 2019-04-07 0854 DL8ZU         599 041    IW1CBG        599 151
QSO:  7000 RY 2019-04-07 0856 DL8ZU         599 042    S53X          599 671
QSO:  7000 RY 2019-04-07 0857 DL8ZU         599 043    HG3FMZ        599 099
QSO:  7000 RY 2019-04-07 0858 DL8ZU         599 044    EA3GBA        599 B
QSO:  7000 RY 2019-04-07 0859 DL8ZU         599 045    IZ5IOM        599 107
QSO:  7000 RY 2019-04-07 0900 DL8ZU         599 046    G3SNU         599 082
QSO:  7000 RY 2019-04-07 0901 DL8ZU         599 047    I0GIA         599 097
QSO:  7000 RY 2019-04-07 0902 DL8ZU         599 048    M5AX          599 035
QSO:  7000 RY 2019-04-07 0903 DL8ZU         599 049    OH2HAN        599 575
QSO:  7000 RY 2019-04-07 0904 DL8ZU         599 050    LZ1ZM         599 425
QSO:  7000 RY 2019-04-07 0906 DL8ZU         599 051    F4FCE         599 099
QSO:  7000 RY 2019-04-07 0908 DL8ZU         599 052    EA1TRR        599 S
QSO:  7000 RY 2019-04-07 0909 DL8ZU         599 053    IK1BPL        599 146
QSO:  7000 RY 2019-04-07 0909 DL8ZU         599 054    IK4OMO        599 106
QSO:  7000 RY 2019-04-07 0910 DL8ZU         599 055    F6KEX         599 154
QSO:  7000 RY 2019-04-07 0912 DL8ZU         599 056    SP6JZP        599 116
QSO:  7000 RY 2019-04-07 0912 DL8ZU         599 057    LZ2ZG         599 078
QSO:  7000 RY 2019-04-07 0913 DL8ZU         599 058    S53NW         599 325
QSO:  7000 RY 2019-04-07 0915 DL8ZU         599 059    M0TQR         599 098
QSO:  7000 RY 2019-04-07 0916 DL8ZU         599 060    EA4GOY        599 TO
QSO:  7000 RY 2019-04-07 0919 DL8ZU         599 061    YU73BFG       599 158
QSO:  7000 RY 2019-04-07 0920 DL8ZU         599 062    SP5DL         599 083
QSO:  7000 RY 2019-04-07 0924 DL8ZU         599 063    9A9TT         599 065
QSO:  7000 RY 2019-04-07 0926 DL8ZU         599 064    IK2PZC        599 138
QSO:  7000 RY 2019-04-07 0927 DL8ZU         599 065    OZ1QX         599 103
QSO:  7000 RY 2019-04-07 0929 DL8ZU         599 066    G3L           599 047
END-OF-LOG:
