START-OF-LOG: 3.0
CREATED-BY: reconstructed-log-builder
CONTEST: OK1WC-MEMORIAL
CALLSIGN: Z35M
LOCATION: 
CATEGORY: CHECKLOG
CATEGORY-OPERATOR: SINGLE-OP
CATEGORY-BAND: ALL
CATEGORY-MODE: MIXED
CATEGORY-POWER: UNKNOWN
CATEGORY-ASSISTED: NON-ASSISTED
CATEGORY-TRANSMITTER: ONE
CATEGORY-STATION: UNKNOWN
CATEGORY-OVERLAY: 
OPERATORS: Z35M
CLAIMED-SCORE: 
CLUB: 
NAME: 
SOAPBOX: RECONSTRUCTED MOCKUP LOG - NOT AN OFFICIAL SUBMISSION.
SOAPBOX: Derived from submitted logs for OK1WC-MEMORIAL OK1WC_Memorial/2025-02-17.
QSO:  7000 CW 2025-02-17 1702 Z35M          599 1 RV6HV         599 47
QSO:  7000 CW 2025-02-17 1702 Z35M          599 2 SE5T          599 49
QSO:  7000 CW 2025-02-17 1703 Z35M          599 3 PC0A          599 72
QSO:  7000 CW 2025-02-17 1704 Z35M          599 4 OK2EA         599 60
QSO:  7000 CW 2025-02-17 1704 Z35M          599 7 OK4RQ         599 59
QSO:  7000 CW 2025-02-17 1704 Z35M          599 6 PA3AAV        599 82
QSO:  7000 CW 2025-02-17 1704 Z35M          599 4 S51J          599 64
QSO:  7000 CW 2025-02-17 1706 Z35M          599 9 OK5NZ         599 70
QSO:  7000 CW 2025-02-17 1709 Z35M          599 12 SP2XX         599 76
QSO:  7000 CW 2025-02-17 1709 Z35M          599 13 Z32TO         599 52
QSO:  7000 CW 2025-02-17 1714 Z35M          599 15 HA6NL         599 92
QSO:  7000 CW 2025-02-17 1714 Z35M          599 16 OM3TVI        599 27
QSO:  7000 CW 2025-02-17 1715 Z35M          599 17 IK3CHK        599 28
QSO:  7000 CW 2025-02-17 1715 Z35M          599 18 SP4DNX        599 33
QSO:  7000 CW 2025-02-17 1716 Z35M          599 20 RA4HBS        599 39
QSO:  7000 CW 2025-02-17 1716 Z35M          599 19 SP1JXJ        599 42
QSO:  7000 CW 2025-02-17 1717 Z35M          599 21 I3VWK         599 49
QSO:  7000 CW 2025-02-17 1718 Z35M          599 22 SN7J          599 64
QSO:  7000 CW 2025-02-17 1719 Z35M          599 24 HA5BA         599 64
QSO:  7000 CW 2025-02-17 1719 Z35M          599 25 OH1SIC        599 56
QSO:  7000 CW 2025-02-17 1719 Z35M          599 23 ZA1RR         599 52
QSO:  7000 CW 2025-02-17 1720 Z35M          599 26 OK1JAX        599 74
QSO:  7000 CW 2025-02-17 1721 Z35M          599 27 HB9HTF        599 73
QSO:  7000 CW 2025-02-17 1721 Z35M          599 28 OK2NO         599 86
QSO:  7000 CW 2025-02-17 1722 Z35M          599 30 LZ5DI         599 106
QSO:  7000 CW 2025-02-17 1722 Z35M          599 29 OK2CW         599 42
QSO:  7000 CW 2025-02-17 1723 Z35M          599 31 IK3QAR        599 94
QSO:  7000 CW 2025-02-17 1723 Z35M          599 32 S53F          599 135
QSO:  7000 CW 2025-02-17 1725 Z35M          599 33 OK4X          599 64
QSO:  3500 CW 2025-02-17 1727 Z35M          599 35 HA5MA         599 102
QSO:  3500 CW 2025-02-17 1727 Z35M          599 34 SP3CW         599 68
QSO:  3500 CW 2025-02-17 1728 Z35M          599 37 OK1TD         599 76
QSO:  3500 CW 2025-02-17 1728 Z35M          599 38 OM4WM         599 45
QSO:  3500 CW 2025-02-17 1728 Z35M          599 36 SP3VT         599 71
QSO:  3500 CW 2025-02-17 1729 Z35M          599 41 DJ3WE         599 95
QSO:  3500 CW 2025-02-17 1729 Z35M          599 39 OM3FW         599 64
QSO:  3500 CW 2025-02-17 1729 Z35M          599 42 SP2QG         599 129
END-OF-LOG:
