START-OF-LOG: 3.0
CREATED-BY: vhfmanager-downloader
CONTEST: ZRS marčevsko UKV tekmovanje - Official results - VHFManager
CALLSIGN: YT5MOL
CATEGORY: 145 MHz - Generated log
CATEGORY-OPERATOR: SINGLE-OP
CATEGORY-ASSISTED: NON-ASSISTED
CATEGORY-TRANSMITTER: ONE
CATEGORY-STATION: FIXED
QSO: 144300 PH 2016-03-05 1425 YT5MOL        2   KN05BS KN05BS YU5MOL        SSB 9A4V 59   
QSO: 144300 PH 2016-03-05 1431 YT5MOL        3   KN05BS KN05BS YU5MOL        SSB OM3RM 59  
QSO: 144300 PH 2016-03-05 1449 YT5MOL        7   KN05BS KN05BS YU5MOL        SSB S59P 59   
QSO: 144300 PH 2016-03-05 1457 YT5MOL        9   KN05BS KN05BS YU5MOL        SSB HG7M 59   
QSO: 144300 PH 2016-03-05 1522 YT5MOL        12  KN05BS KN05BS YU5MOL        SSB OK2KEA 59 
QSO: 144300 PH 2016-03-05 1532 YT5MOL        14  KN05BS KN05BS YU5MOL        SSB S59ABC 59 
QSO: 144300 PH 2016-03-05 1534 YT5MOL        15  KN05BS KN05BS YU5MOL        SSB YU7C 59   
QSO: 144300 PH 2016-03-05 1604 YT5MOL        18  KN05BS KN05BS YU5MOL        SSB OK2EZ 59  
QSO: 144300 PH 2016-03-05 1610 YT5MOL        19  KN05BS KN05BS YU5MOL        SSB OM6W 59   
QSO: 144300 PH 2016-03-05 1621 YT5MOL        20  KN05BS KN05BS YU5MOL        SSB OK2KYJ 59 
QSO: 144300 PH 2016-03-05 1627 YT5MOL        21  KN05BS KN05BS YU5MOL        SSB OM3W 59   
QSO: 144300 PH 2016-03-05 1649 YT5MOL        22  KN05BS KN05BS YU5MOL        SSB S57O 59   
QSO: 144300 PH 2016-03-05 1656 YT5MOL        23  KN05BS KN05BS YU5MOL        SSB OM5LD 59  
QSO: 144300 PH 2016-03-05 1709 YT5MOL        24  KN05BS KN05BS YU5MOL        SSB 9A9R 59   
QSO: 144300 PH 2016-03-05 1710 YT5MOL        25  KN05BS KN05BS YU5MOL        SSB 9A2QG 59  
QSO: 144300 PH 2016-03-05 1715 YT5MOL        27  KN05BS KN05BS YU5MOL        SSB 9A1N 59   
QSO: 144300 PH 2016-03-05 1958 YT5MOL        30  KN05BS KN05BS YU5MOL        SSB HA1VQ 59  
QSO: 144300 PH 2016-03-05 2157 YT5MOL        33  KN05BS KN05BS YU5MOL        SSB OK2OAS 59 
QSO: 144300 PH 2016-03-05 2246 YT5MOL        38  KN05BS KN05BS YU5MOL        SSB 9A0V 59   
QSO: 144300 PH 2016-03-05 2306 YT5MOL        39  KN05BS KN05BS YU5MOL        SSB HA5S 59   
QSO: 144300 PH 2016-03-06 0836 YT5MOL        40  KN05BS KN05BS YU5MOL        SSB 9A8D 59   
QSO: 144300 PH 2016-03-06 1142 YT5MOL        44  KN05BS KN05BS YU5MOL        SSB OK2KOJ 59 
END-OF-LOG:
