START-OF-LOG: 3.0
CREATED-BY: vhfmanager-downloader
CONTEST: ZRS majsko UKV tekmovanje - Official results - VHFManager
CALLSIGN: IK6LZA
CATEGORY: 145 MHz - checklog
CATEGORY-OPERATOR: SINGLE-OP
CATEGORY-ASSISTED: NON-ASSISTED
CATEGORY-TRANSMITTER: ONE
CATEGORY-STATION: FIXED
QSO: 144300 PH 2011-05-07 1400 IK6LZA        59  1 JN63MS   DL8VL         59  1 JO71FG  
QSO: 144300 PH 2011-05-07 1400 IK6LZA        59  2 JN63MS   DL8UCC        59  1 JO71EQ  
QSO: 144300 PH 2011-05-07 1401 IK6LZA        59  3 JN63MS   DR3X          59  1 JO60XX  
QSO: 144300 PH 2011-05-07 1402 IK6LZA        59  4 JN63MS   S56HCE        59  1 JN75AP  
QSO: 144300 PH 2011-05-07 1402 IK6LZA        59  5 JN63MS   S53N          59  2 JN65WW  
QSO: 144300 PH 2011-05-07 1403 IK6LZA        59  6 JN63MS   S51GF         59  2 JN66WA  
QSO: 144300 PH 2011-05-07 1403 IK6LZA        59  7 JN63MS   S52IT         59  2 JN66WB  
QSO: 144300 PH 2011-05-07 1404 IK6LZA        59  8 JN63MS   S56KDO        59  2 JN65UM  
QSO: 144300 PH 2011-05-07 1405 IK6LZA        59  9 JN63MS   IN3TLJ/IN3    59  3 JN55NR  
QSO: 144300 PH 2011-05-07 1406 IK6LZA        59  10 JN63MS  I4BME         59  4 JN54QL  
QSO: 144300 PH 2011-05-07 1406 IK6LZA        59  11 JN63MS  9A1CEQ        59  1 JN85ER  
QSO: 144300 PH 2011-05-07 1407 IK6LZA        59  12 JN63MS  S51UJ         59  3 JN76BI  
QSO: 144300 PH 2011-05-07 1408 IK6LZA        59  13 JN63MS  DK5MB         59  2 JN68BI  
QSO: 144300 PH 2011-05-07 1408 IK6LZA        59  14 JN63MS  DL1MAJ/P      59  2 JN58VF  
QSO: 144300 PH 2011-05-07 1409 IK6LZA        59  15 JN63MS  IZ3BJA        59  1 JN65DN  
QSO: 144300 PH 2011-05-07 1410 IK6LZA        59  16 JN63MS  9A2BW         59  1 JN83GJ  
QSO: 144300 PH 2011-05-07 1410 IK6LZA        59  17 JN63MS  S53O          59  10 JN86AT 
QSO: 144300 PH 2011-05-07 1411 IK6LZA        59  18 JN63MS  DK6RS         59  3 JN68AX  
QSO: 144300 PH 2011-05-07 1412 IK6LZA        59  19 JN63MS  IK4WKU/6      59  3 JN63DT  
QSO: 144300 PH 2011-05-07 1413 IK6LZA        59  20 JN63MS  IN3TNW        59  3 JN56NB  
QSO: 144300 PH 2011-05-07 1414 IK6LZA        59  21 JN63MS  IZ3HPC        59  31 JN65VR 
QSO: 144300 PH 2011-05-07 1415 IK6LZA        59  22 JN63MS  S56FQC        59  1 JN75DN  
QSO: 144300 PH 2011-05-07 1416 IK6LZA        59  23 JN63MS  9A1WW         59  5 JN75SL  
QSO: 144300 PH 2011-05-07 1417 IK6LZA        59  24 JN63MS  S57LM         59  13 JN76HD 
QSO: 144300 PH 2011-05-07 1420 IK6LZA        59  25 JN63MS  9A2KO         59  4 JN75IE  
QSO: 144300 PH 2011-05-07 1424 IK6LZA        59  26 JN63MS  S57C          59  26 JN76PB 
QSO: 144300 PH 2011-05-07 1426 IK6LZA        59  27 JN63MS  I5FDL         59  3 JN53HP  
QSO: 144300 PH 2011-05-07 1426 IK6LZA        59  28 JN63MS  S57CN         59  12 JN75PS 
QSO: 144300 PH 2011-05-07 1427 IK6LZA        59  29 JN63MS  9A6V          59  4 JN73TV  
QSO: 144300 PH 2011-05-07 1427 IK6LZA        59  30 JN63MS  S59ABL        59  19 JN65WP 
QSO: 144300 PH 2011-05-07 1429 IK6LZA        59  31 JN63MS  IZ4GMA        59  9 JN64BJ  
QSO: 144300 PH 2011-05-07 1430 IK6LZA        59  32 JN63MS  I4ERN         59  10 JN64GB 
QSO: 144300 PH 2011-05-07 1431 IK6LZA        59  33 JN63MS  IK1YNZ/4      59  5 JN54ML  
QSO: 144300 PH 2011-05-07 1435 IK6LZA        59  34 JN63MS  S53AAN        59  5 JN65WV  
QSO: 144300 PH 2011-05-07 1435 IK6LZA        59  35 JN63MS  S58RU         59  1 JN65WM  
QSO: 144300 PH 2011-05-07 1438 IK6LZA        59  36 JN63MS  IK7UXW/4      59  1 JN63EX  
QSO: 144300 PH 2011-05-07 1439 IK6LZA        59  37 JN63MS  S57GTW        59  11 JN76FA 
QSO: 144300 PH 2011-05-07 1439 IK6LZA        59  38 JN63MS  9A1ACD        59  13 JN64WT 
QSO: 144300 PH 2011-05-07 1442 IK6LZA        59  39 JN63MS  OK2KYJ        59  20 JN89QQ 
QSO: 144300 PH 2011-05-07 1444 IK6LZA        59  40 JN63MS  IQ8BI/8       59  2 JN71IL  
QSO: 144300 PH 2011-05-07 1446 IK6LZA        59  41 JN63MS  IZ3SPV        59  3 JN55VS  
QSO: 144300 PH 2011-05-07 1449 IK6LZA        59  42 JN63MS  IW8XNU        59  1 JN71LV  
QSO: 144300 PH 2011-05-07 1455 IK6LZA        59  43 JN63MS  9A7KFF        59  1 JN75OC  
QSO: 144300 PH 2011-05-07 1455 IK6LZA        59  44 JN63MS  I7CSB         59  4 JN71QQ  
QSO: 144300 PH 2011-05-07 1456 IK6LZA        59  45 JN63MS  OE8HSF        59  15 JN76GW 
QSO: 144300 PH 2011-05-07 1457 IK6LZA        59  46 JN63MS  S52W          59  16 JN75ON 
QSO: 144300 PH 2011-05-07 1457 IK6LZA        59  47 JN63MS  9A4W          59  2 JN83GJ  
QSO: 144300 PH 2011-05-07 1458 IK6LZA        59  48 JN63MS  S59ACP        59  20 JN75TV 
QSO: 144300 PH 2011-05-07 1500 IK6LZA        59  49 JN63MS  YU7TT         59  11 KN05FW 
QSO: 144300 PH 2011-05-07 1504 IK6LZA        59  50 JN63MS  9A4VM         59  25 JN85FS 
QSO: 144300 PH 2011-05-07 1506 IK6LZA        59  51 JN63MS  YO2LEL/P      59  3 KN05TO  
QSO: 144300 PH 2011-05-07 1507 IK6LZA        59  52 JN63MS  IK7UXU        59  8 JN81HE  
QSO: 144300 PH 2011-05-07 1507 IK6LZA        59  53 JN63MS  YU7GM         59  11 KN05EI 
QSO: 144300 PH 2011-05-07 1517 IK6LZA        59  54 JN63MS  OK2BRX        59  28 JN89PR 
QSO: 144300 PH 2011-05-07 1518 IK6LZA        59  55 JN63MS  OK2KJU        59  58 JN89SJ 
QSO: 144300 PH 2011-05-07 1519 IK6LZA        59  56 JN63MS  S57M          59  57 JN76PO 
QSO: 144300 PH 2011-05-07 1521 IK6LZA        59  57 JN63MS  IW3IDP        59  9 JN65DN  
QSO: 144300 PH 2011-05-07 1523 IK6LZA        59  58 JN63MS  OK2BMJ        59  24 JN89UE 
QSO: 144300 PH 2011-05-07 1525 IK6LZA        59  59 JN63MS  IK4RSR/4      59  14 JN54LL 
QSO: 144300 PH 2011-05-07 1529 IK6LZA        59  60 JN63MS  IK7LMX        59  3 JN80XP  
QSO: 144300 PH 2011-05-07 1534 IK6LZA        59  61 JN63MS  OE5D          59  79 JN68PC 
QSO: 144300 PH 2011-05-07 1536 IK6LZA        59  62 JN63MS  OK2M          59  129 JN69UN
QSO: 144300 PH 2011-05-07 1539 IK6LZA        59  63 JN63MS  I0SNY         59  24 JN62FX 
QSO: 144300 PH 2011-05-07 1540 IK6LZA        59  64 JN63MS  IQ3LX         59  74 JN65EM 
QSO: 144300 PH 2011-05-07 1545 IK6LZA        59  65 JN63MS  DR1H          59  173 JN59OP
QSO: 144300 PH 2011-05-07 1550 IK6LZA        59  66 JN63MS  OK2EZ         59  16 JN99BS 
QSO: 144300 PH 2011-05-07 1553 IK6LZA        59  67 JN63MS  IZ3KVI        59  3 JN65HM  
QSO: 144300 PH 2011-05-07 1554 IK6LZA        59  68 JN63MS  S50B          59  3 JN65XU  
QSO: 144300 PH 2011-05-07 1559 IK6LZA        59  69 JN63MS  OM1DK         59  92 JN87UU 
QSO: 144300 PH 2011-05-07 1601 IK6LZA        59  70 JN63MS  OK2KJI        59  54 JN79TI 
QSO: 144300 PH 2011-05-07 1603 IK6LZA        59  71 JN63MS  OK2KOE        59  29 JN79VC 
QSO: 144300 PH 2011-05-07 1604 IK6LZA        59  72 JN63MS  OK6PS         59  13 JN79VC 
QSO: 144300 PH 2011-05-07 1609 IK6LZA        59  73 JN63MS  S56RCE        59  25 JN76MP 
QSO: 144300 PH 2011-05-07 1622 IK6LZA        59  74 JN63MS  IK1YKT        59  12 JN44OI 
QSO: 144300 PH 2011-05-07 1623 IK6LZA        59  75 JN63MS  IK4FWF        59  20 JN54QM 
QSO: 144300 PH 2011-05-07 1632 IK6LZA        59  76 JN63MS  IK3CAG        59  28 JN65CM 
QSO: 144300 PH 2011-05-07 1633 IK6LZA        59  77 JN63MS  IZ3DWA        59  6 JN65CU  
QSO: 144300 PH 2011-05-07 1640 IK6LZA        59  78 JN63MS  OE1W/P        59  155 JN77WM
QSO: 144300 PH 2011-05-07 1642 IK6LZA        59  79 JN63MS  9A4M          59  115 JN85EI
QSO: 144300 PH 2011-05-07 1646 IK6LZA        59  80 JN63MS  DM7A          59  132 JO60LK
QSO: 144300 PH 2011-05-07 1650 IK6LZA        59  81 JN63MS  OL3Y          59  177 JN69JJ
QSO: 144300 PH 2011-05-07 1651 IK6LZA        59  82 JN63MS  DL0OB         59  81 JO50MA 
QSO: 144300 PH 2011-05-07 1655 IK6LZA        59  83 JN63MS  IK3UNA/1      59  70 JN35TF 
QSO: 144300 PH 2011-05-07 1658 IK6LZA        59  84 JN63MS  IQ3VO         59  29 JN55LL 
QSO: 144300 PH 2011-05-07 1658 IK6LZA        59  85 JN63MS  I5BLH/5       59  81 JN53LK 
QSO: 144300 PH 2011-05-07 1710 IK6LZA        59  86 JN63MS  HG3A          59  104 JN96EE
QSO: 144300 PH 2011-05-07 1714 IK6LZA        59  87 JN63MS  OM5MX         59  75 JN98BG 
QSO: 144300 PH 2011-05-07 1717 IK6LZA        59  88 JN63MS  9A6SJZ        59  29 JN85FW 
QSO: 144300 PH 2011-05-07 1718 IK6LZA        59  89 JN63MS  HA2MI         59  22 JN86LH 
QSO: 144300 PH 2011-05-07 1719 IK6LZA        59  90 JN63MS  HA5OO         59  49 JN97OM 
QSO: 144300 PH 2011-05-07 1721 IK6LZA        59  91 JN63MS  9A3OD         59  18 JN95JB 
QSO: 144300 PH 2011-05-07 1722 IK6LZA        59  92 JN63MS  I6CTJ         59  23 JN63SO 
QSO: 144300 PH 2011-05-07 1722 IK6LZA        59  93 JN63MS  IK4IDP        59  29 JN54RM 
QSO: 144300 PH 2011-05-07 1726 IK6LZA        59  94 JN63MS  IC8TEM        59  13 JN70CN 
QSO: 144300 PH 2011-05-07 1729 IK6LZA        59  95 JN63MS  IZ3JIO/3      59  20 JN65BW 
QSO: 144300 PH 2011-05-07 1731 IK6LZA        59  96 JN63MS  9A3JN         59  5 JN85EL  
QSO: 144300 PH 2011-05-07 1733 IK6LZA        59  97 JN63MS  IV3RYX        59  1 JN65VP  
QSO: 144300 PH 2011-05-07 1734 IK6LZA        59  98 JN63MS  OM3I          59  54 JN98LB 
QSO: 144300 PH 2011-05-07 1735 IK6LZA        59  99 JN63MS  S57ZS         59  12 JN65VT 
QSO: 144300 PH 2011-05-07 1740 IK6LZA        59  100 JN63MS OK1UGI        59  87 JN69QV 
QSO: 144300 PH 2011-05-07 1742 IK6LZA        59  101 JN63MS DH8WE         59  66 JO50TJ 
QSO: 144300 PH 2011-05-07 1743 IK6LZA        59  102 JN63MS DL8NP         59  74 JN58SC 
QSO: 144300 PH 2011-05-07 1744 IK6LZA        59  103 JN63MS DL4SAV        59  16 JN58BR 
QSO: 144300 PH 2011-05-07 1751 IK6LZA        59  104 JN63MS E70WFF        59  30 JN85LA 
QSO: 144300 PH 2011-05-07 1753 IK6LZA        59  105 JN63MS HG6Z          59  97 JN97WV 
QSO: 144300 PH 2011-05-07 1755 IK6LZA        59  106 JN63MS OM8MF         59  87 JN97DX 
QSO: 144300 PH 2011-05-07 1756 IK6LZA        59  107 JN63MS IW3EUK        59  6 JN55SL  
QSO: 144300 PH 2011-05-07 1809 IK6LZA        59  108 JN63MS 9A1P          59  128 JN65VG
QSO: 144300 PH 2011-05-07 1823 IK6LZA        59  109 JN63MS S56K          59  33 JN76KI 
QSO: 144300 PH 2011-05-07 1824 IK6LZA        59  110 JN63MS 9A2VX         59  3 JN75EI  
QSO: 144300 PH 2011-05-07 1828 IK6LZA        59  111 JN63MS S59DR         59  7 JN76EF  
QSO: 144300 PH 2011-05-07 1830 IK6LZA        59  112 JN63MS OK1RAR        59  64 JO70DB 
QSO: 144300 PH 2011-05-07 1832 IK6LZA        59  113 JN63MS S55Z          59  10 JN76HB 
QSO: 144300 PH 2011-05-07 1837 IK6LZA        59  114 JN63MS IQ3AZ         59  188 JN65QQ
QSO: 144300 PH 2011-05-07 1841 IK6LZA        59  115 JN63MS OK1KLL        59  53 JN79IW 
QSO: 144300 PH 2011-05-07 1851 IK6LZA        59  116 JN63MS OL7D          59  3 JO70EQ  
QSO: 144300 PH 2011-05-07 1853 IK6LZA        59  117 JN63MS OK1RCA        59  65 JN69QJ 
QSO: 144300 PH 2011-05-07 1854 IK6LZA        59  118 JN63MS OK6MA         59  69 JN69LS 
QSO: 144300 PH 2011-05-07 1857 IK6LZA        59  119 JN63MS IK3HMB        59  1 JN65EM  
QSO: 144300 PH 2011-05-07 1904 IK6LZA        59  120 JN63MS DF5MA         59  11 JN58VE 
QSO: 144300 PH 2011-05-07 1904 IK6LZA        59  121 JN63MS DO2RMA        59  10 JN58VE 
QSO: 144300 PH 2011-05-07 1905 IK6LZA        59  122 JN63MS IK3XTT        59  38 JN55LK 
QSO: 144300 PH 2011-05-07 1911 IK6LZA        59  123 JN63MS HB9STY/P      59  94 JN36GU 
QSO: 144300 PH 2011-05-07 1913 IK6LZA        59  124 JN63MS DJ7HC         59  110 JN48NI
QSO: 144300 PH 2011-05-07 1914 IK6LZA        59  125 JN63MS I2DZQ         59  2 JN45MT  
QSO: 144300 PH 2011-05-07 1923 IK6LZA        59  126 JN63MS OM3KII        59  192 JN88UU
QSO: 144300 PH 2011-05-07 1924 IK6LZA        59  127 JN63MS 9A7KDT        59  4 JN75FC  
QSO: 144300 PH 2011-05-07 1925 IK6LZA        59  128 JN63MS 9A3NC         59  2 JN75BC  
QSO: 144300 PH 2011-05-07 1929 IK6LZA        59  129 JN63MS IV3UT         59  1 JN66OB  
QSO: 144300 PH 2011-05-07 1936 IK6LZA        59  130 JN63MS DL8MFL        59  4 JN58OA  
QSO: 144300 PH 2011-05-07 1947 IK6LZA        59  131 JN63MS HA7MB         59  41 KN07BM 
QSO: 144300 PH 2011-05-07 1949 IK6LZA        59  132 JN63MS 9A1CRS        59  62 JN95AD 
QSO: 144300 PH 2011-05-07 1950 IK6LZA        59  133 JN63MS YT7C          59  152 JN94XC
QSO: 144300 PH 2011-05-07 1951 IK6LZA        59  134 JN63MS 9A3GL         59  10 JN95AD 
QSO: 144300 PH 2011-05-07 1954 IK6LZA        59  135 JN63MS YO2LAM        59  54 KN05PS 
QSO: 144300 PH 2011-05-07 1958 IK6LZA        59  136 JN63MS 9A6IND        59  38 JN95BE 
QSO: 144300 PH 2011-05-07 2008 IK6LZA        59  137 JN63MS HG1Z          59  206 JN86KU
QSO: 144300 PH 2011-05-07 2009 IK6LZA        59  138 JN63MS 9A0C          59  56 JN85AO 
QSO: 144300 PH 2011-05-07 2015 IK6LZA        59  139 JN63MS I1BPU/1       59  82 JN44OR 
QSO: 144300 PH 2011-05-07 2017 IK6LZA        59  140 JN63MS I2PY          59  17 JN55NB 
QSO: 144300 PH 2011-05-07 2018 IK6LZA        59  141 JN63MS I1AXE         59  84 JN34QM 
QSO: 144300 PH 2011-05-07 2054 IK6LZA        59  142 JN63MS S53WW         59  253 JN75DS
QSO: 144300 PH 2011-05-07 2057 IK6LZA        59  143 JN63MS 9A3BCG        59  7 JN75WR  
QSO: 144300 PH 2011-05-07 2101 IK6LZA        59  144 JN63MS YO2LHD/P      59  71 KN16NH 
QSO: 144300 PH 2011-05-07 2108 IK6LZA        59  145 JN63MS 9A1CMS        59  43 JN86DM 
QSO: 144300 PH 2011-05-07 2109 IK6LZA        59  146 JN63MS HG7KLF        59  164 JN97WW
QSO: 144300 PH 2011-05-07 2111 IK6LZA        59  147 JN63MS OK1KEP        59  113 JO70OR
QSO: 144300 PH 2011-05-07 2113 IK6LZA        59  148 JN63MS S57A          59  4 JN65TW  
QSO: 144300 PH 2011-05-07 2114 IK6LZA        59  149 JN63MS IW3AJN/3      59  27 JN55MR 
QSO: 144300 PH 2011-05-07 2119 IK6LZA        59  150 JN63MS OK1MIQ        59  140 JO70OQ
QSO: 144300 PH 2011-05-07 2120 IK6LZA        59  151 JN63MS IV3FHS        59  3 JN65LS  
QSO: 144300 PH 2011-05-07 2121 IK6LZA        59  152 JN63MS OK1KPA        59  143 JN79US
QSO: 144300 PH 2011-05-07 2122 IK6LZA        59  153 JN63MS OE8PPK        59  16 JN76FU 
QSO: 144300 PH 2011-05-07 2124 IK6LZA        59  154 JN63MS IW5ECS        59  16 JN53GP 
QSO: 144300 PH 2011-05-07 2130 IK6LZA        59  155 JN63MS IS0BSR/IS0    59  92 JN40PA 
QSO: 144300 PH 2011-05-07 2147 IK6LZA        59  156 JN63MS OK1KCR        59  353 JN79VS
QSO: 144300 PH 2011-05-07 2148 IK6LZA        59  157 JN63MS OL9W          59  379 JN99CL
QSO: 144300 PH 2011-05-07 2149 IK6LZA        59  158 JN63MS S50C          59  303 JN76JG
QSO: 144300 PH 2011-05-07 2151 IK6LZA        59  159 JN63MS HA5KDQ        59  200 JN97LN
QSO: 144300 PH 2011-05-07 2152 IK6LZA        59  160 JN63MS S57O          59  310 JN86DT
QSO: 144300 PH 2011-05-07 2200 IK6LZA        59  161 JN63MS OK1DSX        59  384 JO60RN
QSO: 144300 PH 2011-05-07 2203 IK6LZA        59  162 JN63MS OL3Z          59  369 JN79FX
QSO: 144300 PH 2011-05-07 2211 IK6LZA        59  163 JN63MS OL7C          59  371 JO60JJ
QSO: 144300 PH 2011-05-07 2221 IK6LZA        59  164 JN63MS DK0ES         59  497 JN48TN
QSO: 144300 PH 2011-05-07 2228 IK6LZA        59  165 JN63MS OL1C          59  318 JO60UQ
QSO: 144300 PH 2011-05-07 2229 IK6LZA        59  166 JN63MS 9A1N          59  139 JN85LI
QSO: 144300 PH 2011-05-07 2231 IK6LZA        59  167 JN63MS OM8A          59  408 JN87WV
QSO: 144300 PH 2011-05-07 2240 IK6LZA        59  168 JN63MS OK1KFH        59  257 JN69VN
QSO: 144300 PH 2011-05-07 2250 IK6LZA        59  169 JN63MS OK2TUH        59  8 JN89PA  
QSO: 144300 PH 2011-05-07 2254 IK6LZA        59  170 JN63MS 9A1W          59  185 JN75ST
QSO: 144300 PH 2011-05-07 2259 IK6LZA        59  171 JN63MS IK0GHB        59  3 JN61GO  
QSO: 144300 PH 2011-05-07 2302 IK6LZA        59  172 JN63MS IZ0RDM        59  7 JN61GO  
QSO: 144300 PH 2011-05-07 2325 IK6LZA        59  173 JN63MS S53XX         59  25 JN76CF 
QSO: 144300 PH 2011-05-07 2329 IK6LZA        59  174 JN63MS 9A6DAC        59  32 JN75SL 
QSO: 144300 PH 2011-05-07 2331 IK6LZA        59  175 JN63MS OK2KCN        59  171 JN89OI
QSO: 144300 PH 2011-05-07 2332 IK6LZA        59  176 JN63MS OK5Z          59  326 JN89AK
QSO: 144300 PH 2011-05-07 2334 IK6LZA        59  177 JN63MS OK1TF         59  135 JN89AR
QSO: 144300 PH 2011-05-07 2337 IK6LZA        59  178 JN63MS OK1CJH        59  33 JO80BH 
QSO: 144300 PH 2011-05-07 2339 IK6LZA        59  179 JN63MS S59GS         59  37 JN75NP 
QSO: 144300 PH 2011-05-07 2343 IK6LZA        59  180 JN63MS DL5RDI        59  1 JN58XX  
QSO: 144300 PH 2011-05-07 2346 IK6LZA        59  181 JN63MS S52FO         59  15 JN76EF 
QSO: 144300 PH 2011-05-08 0510 IK6LZA        59  182 JN63MS 9A4QV         59  2 JN74BX  
QSO: 144300 PH 2011-05-08 0511 IK6LZA        59  183 JN63MS S56U          59  51 JN76KA 
QSO: 144300 PH 2011-05-08 0515 IK6LZA        59  184 JN63MS 9A6C          59  12 JN83CO 
QSO: 144300 PH 2011-05-08 0518 IK6LZA        59  185 JN63MS OK2R          59  51 JN89FN 
QSO: 144300 PH 2011-05-08 0520 IK6LZA        59  186 JN63MS OK2KLD        59  229 JN89PU
QSO: 144300 PH 2011-05-08 0528 IK6LZA        59  187 JN63MS OL4K          59  72 JO70TQ 
QSO: 144300 PH 2011-05-08 0535 IK6LZA        59  188 JN63MS OM3KMA        59  122 JN88RP
QSO: 144300 PH 2011-05-08 0537 IK6LZA        59  189 JN63MS IW5EHY/4      59  9 JN54LC  
QSO: 144300 PH 2011-05-08 0540 IK6LZA        59  190 JN63MS OK2KYK        59  121 JN89NB
QSO: 144300 PH 2011-05-08 0543 IK6LZA        59  191 JN63MS OK1AXG        59  91 JO80BJ 
QSO: 144300 PH 2011-05-08 0543 IK6LZA        59  192 JN63MS IZ5AJO/3      59  56 JN55MP 
QSO: 144300 PH 2011-05-08 0547 IK6LZA        59  193 JN63MS OK2FKF        59  197 JN89KL
QSO: 144300 PH 2011-05-08 0550 IK6LZA        59  194 JN63MS S54T          59  20 JN75EW 
QSO: 144300 PH 2011-05-08 0554 IK6LZA        59  195 JN63MS HA7NS         59  52 JN97WM 
QSO: 144300 PH 2011-05-08 0556 IK6LZA        59  196 JN63MS OM5ZW         59  349 JN88XO
QSO: 144300 PH 2011-05-08 0558 IK6LZA        59  197 JN63MS OM3RBS        59  144 JN98KJ
QSO: 144300 PH 2011-05-08 0559 IK6LZA        59  198 JN63MS 9A3AQ         59  22 JN75WS 
QSO: 144300 PH 2011-05-08 0604 IK6LZA        59  199 JN63MS S50K          59  2 JN75CW  
QSO: 144300 PH 2011-05-08 0609 IK6LZA        59  200 JN63MS DM5TI         59  4 JN68FF  
QSO: 144300 PH 2011-05-08 0610 IK6LZA        59  201 JN63MS 9A3ST         59  7 JN75BB  
QSO: 144300 PH 2011-05-08 0614 IK6LZA        59  202 JN63MS YT3N          59  22 KN04LP 
QSO: 144300 PH 2011-05-08 0616 IK6LZA        59  203 JN63MS YU1MLA        59  81 KN04II 
QSO: 144300 PH 2011-05-08 0622 IK6LZA        59  204 JN63MS OK1KCB        59  154 JN79GB
QSO: 144300 PH 2011-05-08 0627 IK6LZA        59  205 JN63MS 9A1CKG        59  5 JN75FI  
QSO: 144300 PH 2011-05-08 0630 IK6LZA        59  206 JN63MS OK1VSJ        59  104 JN69IS
QSO: 144300 PH 2011-05-08 0634 IK6LZA        59  207 JN63MS DL/HG9MET/P   59  32 JN57RW 
QSO: 144300 PH 2011-05-08 0639 IK6LZA        59  208 JN63MS S59Q          59  1 JN66UE  
QSO: 144300 PH 2011-05-08 0658 IK6LZA        59  209 JN63MS E73DPR        59  29 JN92EP 
QSO: 144300 PH 2011-05-08 0701 IK6LZA        59  210 JN63MS YT7P          59  92 KN05EJ 
QSO: 144300 PH 2011-05-08 0711 IK6LZA        59  211 JN63MS YT7W          59  77 KN04HU 
QSO: 144300 PH 2011-05-08 0712 IK6LZA        59  212 JN63MS 9A3QB         59  20 JN95HN 
QSO: 144300 PH 2011-05-08 0713 IK6LZA        59  213 JN63MS YU1GC         59  5 KN04IQ  
QSO: 144300 PH 2011-05-08 0715 IK6LZA        59  214 JN63MS IK4PMB        59  49 JN54MM 
QSO: 144300 PH 2011-05-08 0716 IK6LZA        59  215 JN63MS YU1LA         59  109 KN04FR
QSO: 144300 PH 2011-05-08 0717 IK6LZA        59  216 JN63MS YU1ES         59  66 KN04GG 
QSO: 144300 PH 2011-05-08 0718 IK6LZA        59  217 JN63MS IQ0TE/0       59  15 JN63JF 
QSO: 144300 PH 2011-05-08 0719 IK6LZA        59  218 JN63MS IW3INQ/3      59  48 JN64FV 
QSO: 144300 PH 2011-05-08 0723 IK6LZA        59  219 JN63MS YU5DIM        59  156 JN94RO
QSO: 144300 PH 2011-05-08 0725 IK6LZA        59  220 JN63MS IK0VWO/6      59  63 JN63IL 
QSO: 144300 PH 2011-05-08 0730 IK6LZA        59  221 JN63MS YU7TRI        59  145 KN04KV
QSO: 144300 PH 2011-05-08 0732 IK6LZA        59  222 JN63MS OM3KOM        59  247 JN98DV
QSO: 144300 PH 2011-05-08 0733 IK6LZA        59  223 JN63MS HG2011P       59  33 JN97HG 
QSO: 144300 PH 2011-05-08 0737 IK6LZA        59  224 JN63MS YO2LLZ        59  29 KN05OS 
QSO: 144300 PH 2011-05-08 0738 IK6LZA        59  225 JN63MS E7/YO5BIM     59  5 JN85LA  
QSO: 144300 PH 2011-05-08 0742 IK6LZA        59  226 JN63MS IQ3TR/3       59  11 JN66EA 
QSO: 144300 PH 2011-05-08 0745 IK6LZA        59  227 JN63MS 9A8D          59  171 JN95LM
QSO: 144300 PH 2011-05-08 0754 IK6LZA        59  228 JN63MS HA1VQ         59  75 JN87GJ 
QSO: 144300 PH 2011-05-08 0803 IK6LZA        59  229 JN63MS DL3MBJ        59  42 JN57IN 
QSO: 144300 PH 2011-05-08 0806 IK6LZA        59  230 JN63MS DF9PX         59  208 JN47QU
QSO: 144300 PH 2011-05-08 0808 IK6LZA        59  231 JN63MS DK1KC/P       59  177 JN58QH
QSO: 144300 PH 2011-05-08 0809 IK6LZA        59  232 JN63MS IZ1ESM        59  38 JN45FB 
QSO: 144300 PH 2011-05-08 0810 IK6LZA        59  233 JN63MS IN3JJI        59  18 JN56NB 
QSO: 144300 PH 2011-05-08 0812 IK6LZA        59  234 JN63MS IW3ICH        59  12 JN55WD 
QSO: 144300 PH 2011-05-08 0816 IK6LZA        59  235 JN63MS OE7PGI        59  4 JN66JU  
QSO: 144300 PH 2011-05-08 0820 IK6LZA        59  236 JN63MS 9A3DSL        59  2 JN65TH  
QSO: 144300 PH 2011-05-08 0838 IK6LZA        59  237 JN63MS DL1JDU        59  118 JO60FJ
QSO: 144300 PH 2011-05-08 0843 IK6LZA        59  238 JN63MS SP9PZD        59  238 JN99MQ
QSO: 144300 PH 2011-05-08 0851 IK6LZA        59  239 JN63MS HG1W          59  401 JN87GF
QSO: 144300 PH 2011-05-08 0857 IK6LZA        59  240 JN63MS YT5MW         59  91 KN04GN 
QSO: 144300 PH 2011-05-08 0917 IK6LZA        59  241 JN63MS DH8RAJ        59  35 JN68VO 
QSO: 144300 PH 2011-05-08 0920 IK6LZA        59  242 JN63MS I2XAV/1       59  136 JN44MU
QSO: 144300 PH 2011-05-08 0949 IK6LZA        59  243 JN63MS OE3OKS        59  4 JN87AR  
QSO: 144300 PH 2011-05-08 0951 IK6LZA        59  244 JN63MS DL6NCI        59  59 JO50VI 
QSO: 144300 PH 2011-05-08 1013 IK6LZA        59  245 JN63MS OE6DRG/P      59  108 JN77KC
QSO: 144300 PH 2011-05-08 1021 IK6LZA        59  246 JN63MS OM3W          59  432 JN99CH
QSO: 144300 PH 2011-05-08 1028 IK6LZA        59  247 JN63MS DM5D          59  305 JO61OC
QSO: 144300 PH 2011-05-08 1030 IK6LZA        59  248 JN63MS OK1KPI        59  165 JN79BH
QSO: 144300 PH 2011-05-08 1032 IK6LZA        59  249 JN63MS I5MZY/4       59  199 JN54OL
QSO: 144300 PH 2011-05-08 1038 IK6LZA        59  250 JN63MS DD2D          59  651 JO50DO
QSO: 144300 PH 2011-05-08 1102 IK6LZA        59  251 JN63MS OK1XFJ        59  380 JN69GX
QSO: 144300 PH 2011-05-08 1110 IK6LZA        59  252 JN63MS OK1KQH        59  342 JN79GO
QSO: 144300 PH 2011-05-08 1129 IK6LZA        59  253 JN63MS OM3TZZ        59  411 JN88NG
QSO: 144300 PH 2011-05-08 1133 IK6LZA        59  254 JN63MS OK1RF         59  638 JN79KM
QSO: 144300 PH 2011-05-08 1137 IK6LZA        59  255 JN63MS OK2BSY        59  103 JN89FL
QSO: 144300 PH 2011-05-08 1141 IK6LZA        59  256 JN63MS E73LM         59  33 JN85EB 
QSO: 144300 PH 2011-05-08 1156 IK6LZA        59  257 JN63MS IQ2LS         59  69 JN45OO 
QSO: 144300 PH 2011-05-08 1159 IK6LZA        59  258 JN63MS HB9GT         59  535 JN47MO
QSO: 144300 PH 2011-05-08 1200 IK6LZA        59  259 JN63MS TK1E          59  400 JN42LM
QSO: 144300 PH 2011-05-08 1211 IK6LZA        59  260 JN63MS DL9RAR        59  258 JN68HW
QSO: 144300 PH 2011-05-08 1216 IK6LZA        59  261 JN63MS 9A5ST         59  7 JN83FM  
QSO: 144300 PH 2011-05-08 1219 IK6LZA        59  262 JN63MS YO2II         59  44 KN06TD 
QSO: 144300 PH 2011-05-08 1223 IK6LZA        59  263 JN63MS 9A7B          59  8 JN83GJ  
QSO: 144300 PH 2011-05-08 1225 IK6LZA        59  264 JN63MS 9A4P          59  178 JN85UG
QSO: 144300 PH 2011-05-08 1230 IK6LZA        59  265 JN63MS IK3MLF        59  5 JN55WJ  
QSO: 144300 PH 2011-05-08 1233 IK6LZA        59  266 JN63MS OL7G          59  348 JN78DR
QSO: 144300 PH 2011-05-08 1235 IK6LZA        59  267 JN63MS OL1B          59  351 JO80IB
QSO: 144300 PH 2011-05-08 1251 IK6LZA        59  268 JN63MS OK2C          59  481 JN99AJ
QSO: 144300 PH 2011-05-08 1256 IK6LZA        59  269 JN63MS OE8JDK/8      59  48 JN76CP 
QSO: 144300 PH 2011-05-08 1305 IK6LZA        59  270 JN63MS OK2KEA        59  205 JN89EJ
QSO: 144300 PH 2011-05-08 1320 IK6LZA        59  271 JN63MS OK2BFN        59  189 JN89UC
QSO: 144300 PH 2011-05-08 1320 IK6LZA        59  272 JN63MS OK1VUB        59  137 JO70KK
QSO: 144300 PH 2011-05-08 1326 IK6LZA        59  273 JN63MS OK1FC         59  337 JN79CP
QSO: 144300 PH 2011-05-08 1337 IK6LZA        59  274 JN63MS S59P          59  360 JN86AO
QSO: 144300 PH 2011-05-08 1347 IK6LZA        59  275 JN63MS HA6W          59  457 KN08FB
QSO: 144300 PH 2011-05-08 1352 IK6LZA        59  276 JN63MS 9A8A          59  37 JN86DH 
END-OF-LOG:
