START-OF-LOG: 3.0
CREATED-BY: vhfmanager-downloader
CONTEST: ZRS majsko UKV tekmovanje - Official results - VHFManager
CALLSIGN: ON4AKV/P
CATEGORY: 145 MHz - Generated log
CATEGORY-OPERATOR: SINGLE-OP
CATEGORY-ASSISTED: NON-ASSISTED
CATEGORY-TRANSMITTER: ONE
CATEGORY-STATION: FIXED
QSO: 144300 PH 2011-05-07 1458 ON4AKV/P      37  JO20MV JO20MV ON4AKV/P      SSB OK1MCS 59 
QSO: 144300 PH 2011-05-07 1519 ON4AKV/P      45  JO20MV JO20MV ON4AKV/P      SSB OK5T 59   
QSO: 144300 PH 2011-05-07 1843 ON4AKV/P      76  JO20MV JO20MV ON4AKV/P      SSB F6KFH 59  
QSO: 144300 PH 2011-05-07 1852 ON4AKV/P      82  JO20MV JO20MV ON4AKV/P      SSB F6HJO/P 59
QSO: 144300 PH 2011-05-07 1857 ON4AKV/P      83  JO20MV JO20MV ON4AKV/P      SSB F0GFI/P 59
QSO: 144300 PH 2011-05-07 1901 ON4AKV/P      84  JO20MV JO20MV ON4AKV/P      SSB TM4C 59   
QSO: 144300 PH 2011-05-07 1908 ON4AKV/P      86  JO20MV JO20MV ON4AKV/P      SSB F5CT 59   
QSO: 144300 PH 2011-05-07 1912 ON4AKV/P      88  JO20MV JO20MV ON4AKV/P      SSB F0FIG 59  
QSO: 144300 PH 2011-05-07 1934 ON4AKV/P      98  JO20MV JO20MV ON4AKV/P      SSB F8KHO/P 59
QSO: 144300 PH 2011-05-07 2139 ON4AKV/P      130 JO20MV JO20MV ON4AKV/P      SSB F8KGZ/P 59
QSO: 144300 PH 2011-05-07 2247 ON4AKV/P      151 JO20MV JO20MV ON4AKV/P      SSB OK1RF 59  
QSO: 144300 PH 2011-05-08 0529 ON4AKV/P      156 JO20MV JO20MV ON4AKV/P      SSB OK2M 59   
QSO: 144300 PH 2011-05-08 0640 ON4AKV/P      194 JO20MV JO20MV ON4AKV/P      SSB OK1KCB 59 
QSO: 144300 PH 2011-05-08 1315 ON4AKV/P      240 JO20MV JO20MV ON4AKV/P      SSB F0GLK 59  
QSO: 144300 PH 2011-05-08 1317 ON4AKV/P      241 JO20MV JO20MV ON4AKV/P      SSB F4FGY 59  
END-OF-LOG:
