START-OF-LOG: 3.0
CREATED-BY: reconstructed-log-builder
CONTEST: REF-SSB
CALLSIGN: DL4RDJ
LOCATION: 
CATEGORY: CHECKLOG
CATEGORY-OPERATOR: SINGLE-OP
CATEGORY-BAND: ALL
CATEGORY-MODE: MIXED
CATEGORY-POWER: UNKNOWN
CATEGORY-ASSISTED: NON-ASSISTED
CATEGORY-TRANSMITTER: ONE
CATEGORY-STATION: UNKNOWN
CATEGORY-OVERLAY: 
OPERATORS: DL4RDJ
CLAIMED-SCORE: 
CLUB: 
NAME: 
SOAPBOX: RECONSTRUCTED MOCKUP LOG - NOT AN OFFICIAL SUBMISSION.
SOAPBOX: Derived from submitted logs for REF-SSB REF/2019/SSB.
QSO:  7080 PH 2019-02-23 0937 DL4RDJ        59 001 F6KHM         59 29
QSO:  7148 PH 2019-02-23 0942 DL4RDJ        59 002 F5ADE         59 36
QSO:  7153 PH 2019-02-23 0943 DL4RDJ        59 003 F8ATS         59 91
QSO:  7157 PH 2019-02-23 0945 DL4RDJ        59 004 TM2T          59 13
QSO: 14226 PH 2019-02-23 1227 DL4RDJ        59 005 F4GGQ         59 29
QSO:  3763 PH 2019-02-24 0647 DL4RDJ        59 006 F6KJS         59 71
QSO:  3500 PH 2019-02-24 0648 DL4RDJ        59 007 F6CLQ         59 89
QSO:  3500 PH 2019-02-24 0651 DL4RDJ        59 010 F8KGZ         59 54
QSO:  3741 PH 2019-02-24 0652 DL4RDJ        59 008 F6KNB         59 33
QSO:  3732 PH 2019-02-24 0653 DL4RDJ        59 009 F8ATS         59 91
QSO:  3500 PH 2019-02-24 0732 DL4RDJ        59 011 F4FRQ         59 90
QSO:  3500 PH 2019-02-24 0750 DL4RDJ        59 012 F6AXN         59 28
END-OF-LOG:
