START-OF-LOG: 3.0
CREATED-BY: reconstructed-log-builder
CONTEST: EA-RTTY
CALLSIGN: M0TJU
LOCATION: 
CATEGORY: CHECKLOG
CATEGORY-OPERATOR: SINGLE-OP
CATEGORY-BAND: ALL
CATEGORY-MODE: MIXED
CATEGORY-POWER: UNKNOWN
CATEGORY-ASSISTED: NON-ASSISTED
CATEGORY-TRANSMITTER: ONE
CATEGORY-STATION: UNKNOWN
CATEGORY-OVERLAY: 
OPERATORS: M0TJU
CLAIMED-SCORE: 
CLUB: 
NAME: 
SOAPBOX: RECONSTRUCTED MOCKUP LOG - NOT AN OFFICIAL SUBMISSION.
SOAPBOX: Derived from submitted logs for EA-RTTY URE/EARTTY/2018.
QSO: 14081 RY 2018-04-07 1704 M0TJU         599 0001 EM2G          599 0065
QSO: 14078 RY 2018-04-07 1705 M0TJU         599 2 EA7HAB        599 GR
QSO: 14000 RY 2018-04-07 1707 M0TJU         599 003 EC7AT         599 AL
QSO: 14084 RY 2018-04-07 1714 M0TJU         599 004 UW1M          599 132
QSO: 14088 RY 2018-04-07 1722 M0TJU         599 0005 EF1Z          599 CA
QSO: 14095 RY 2018-04-07 1731 M0TJU         599 6 EA7JOY        599 SE
QSO: 14096 RY 2018-04-07 1735 M0TJU         599 0007 IK8UND        599 0065
QSO: 14100 RY 2018-04-07 1751 M0TJU         599 009 EA7KE         599 SE
QSO: 14101 RY 2018-04-07 1752 M0TJU         599 0010 EC5AC         599 A
QSO: 14082 RY 2018-04-07 1807 M0TJU         599 0011 EA5EN         599 MU
QSO: 14086 RY 2018-04-07 1811 M0TJU         599 12 EA5DFV        599 A
QSO: 14080 RY 2018-04-07 2011 M0TJU         599 0013 CT7AJL        599 0195
QSO: 14082 RY 2018-04-07 2013 M0TJU         599 0014 EA7KI         599 MA
QSO:  7041 RY 2018-04-07 2017 M0TJU         599 0015 EA3KU         599 T
QSO:  7041 RY 2018-04-07 2018 M0TJU         599 016 EB3CW         599 B
QSO:  7043 RY 2018-04-07 2019 M0TJU         599 17 EM0I          599 0274
QSO:  7042 RY 2018-04-07 2020 M0TJU         599 18 LB1AH         599 142
QSO:  7043 RY 2018-04-07 2021 M0TJU         599 019 EA4HAM        599 M
QSO:  7044 RY 2018-04-07 2023 M0TJU         599 20 EA4FVG        599 M
QSO:  7045 RY 2018-04-07 2026 M0TJU         599 021 EF1A          599 C
QSO:  7047 RY 2018-04-07 2029 M0TJU         599 022 UW1M          599 324
QSO:  7053 RY 2018-04-07 2040 M0TJU         599 0147 F4GRW         599 0073
QSO:  7055 RY 2018-04-07 2040 M0TJU         599 0023 DM5TI         599 0077
QSO:  7058 RY 2018-04-07 2047 M0TJU         599 0024 RG9A          599 0320
QSO:  7061 RY 2018-04-07 2049 M0TJU         599 0026 OH8WW         599 0224
QSO:  7060 RY 2018-04-07 2051 M0TJU         599 0025 IK8UND        599 0148
QSO:  7062 RY 2018-04-07 2051 M0TJU         599 0027 OH2PM         599 0211
QSO:  7063 RY 2018-04-07 2055 M0TJU         599 0029 OH2HAN        599 0273
QSO:  7065 RY 2018-04-07 2056 M0TJU         599 0030 IK2PZC        599 0118
QSO: 14094 RY 2018-04-08 1514 M0TJU         599 31 RA3DI         599 217
QSO: 14081 RY 2018-04-08 1517 M0TJU         599 032 EB3CW         599 B
QSO: 14082 RY 2018-04-08 1519 M0TJU         599 33 EM0I          599 0945
QSO: 14099 RY 2018-04-08 1525 M0TJU         599 035 9A1RBZ        599 546
QSO: 14000 RY 2018-04-08 1531 M0TJU         599 036 EW7M          599 100
QSO: 14099 RY 2018-04-08 1533 M0TJU         599 037 UT4RZ         599 295
QSO: 14104 RY 2018-04-08 1535 M0TJU         599 0038 EA3EYD        599 T
QSO:  7000 RY 2018-04-08 1543 M0TJU         599 39 DL3SYA        599 314
QSO:  7052 RY 2018-04-08 1547 M0TJU         599 40 OZ1DAE        599 232
QSO:  7052 RY 2018-04-08 1549 M0TJU         599 041 F6EQZ         599 069
QSO:  7056 RY 2018-04-08 1551 M0TJU         599 0042 S57DX         599 0285
QSO:  7059 RY 2018-04-08 1553 M0TJU         599 0043 DL5YM         599 0125
END-OF-LOG:
