START-OF-LOG: 2.0
CALLSIGN: SV2CLJ
CONTEST: SPDX
CATEGORY: SOAB CW LP
CLAIMED-SCORE: 3696
OPERATORS: SV2CLJ
CREATED-BY: HMRA public SPDX downloader
SOAPBOX: Recreated from https://spdxcontest.pzk.org.pl/2023/results_json_files/SV2CLJ.json
QSO: 14000 CW 2023-04-02 0808 SV2CLJ 599 001 SP1IKK 599 Z
QSO: 14000 CW 2023-04-02 0809 SV2CLJ 599 002 SP9ATE 599 M
QSO: 14000 CW 2023-04-02 0810 SV2CLJ 599 003 HF50F 599 J
QSO: 14000 CW 2023-04-02 0811 SV2CLJ 599 004 SP2XX 599 F
QSO: 14000 CW 2023-04-02 0813 SV2CLJ 599 005 SQ5J 599 R
QSO: 14000 CW 2023-04-02 0815 SV2CLJ 599 006 SP6T 599 D
QSO: 14000 CW 2023-04-02 0817 SV2CLJ 599 007 SP6A 599 D
QSO: 14000 CW 2023-04-02 0818 SV2CLJ 599 008 SQ9IDE 599 G
QSO: 14000 CW 2023-04-02 0819 SV2CLJ 599 009 SP9WZJ 599 G
QSO: 14000 CW 2023-04-02 0820 SV2CLJ 599 010 SP9GMI 599 G
QSO: 14000 CW 2023-04-02 0830 SV2CLJ 599 011 SP7HKK 599 C
QSO: 14000 CW 2023-04-02 0831 SV2CLJ 599 012 SP1AEN 599 F
QSO: 14000 CW 2023-04-02 0833 SV2CLJ 599 013 SP9PBB 599 M
QSO: 14000 CW 2023-04-02 0838 SV2CLJ 599 014 SP2HMT 599 F
QSO: 14000 CW 2023-04-02 0840 SV2CLJ 599 015 SQ3SWF 599 W
QSO: 14000 CW 2023-04-02 0841 SV2CLJ 599 016 SO4P 599 J
QSO: 14000 CW 2023-04-02 0841 SV2CLJ 599 017 SO4R 599 J
QSO: 14000 CW 2023-04-02 0843 SV2CLJ 599 018 SN2X 599 P
QSO: 14000 CW 2023-04-02 0844 SV2CLJ 599 019 SP9LAS 599 M
QSO: 14000 CW 2023-04-02 0845 SV2CLJ 599 020 SP5ENG 599 R
QSO: 14000 CW 2023-04-02 0854 SV2CLJ 599 021 SP3CCT 599 W
QSO: 21000 CW 2023-04-02 0928 SV2CLJ 599 022 SP2FWC 599 F
QSO: 21000 CW 2023-04-02 0930 SV2CLJ 599 023 SN1T 599 F
QSO: 21000 CW 2023-04-02 0931 SV2CLJ 599 024 SP2XX 599 F
QSO: 21000 CW 2023-04-02 0948 SV2CLJ 599 025 SP3HLM 599 B
QSO: 21000 CW 2023-04-02 0954 SV2CLJ 599 026 SP2GVN 599 P
QSO: 14000 CW 2023-04-02 1016 SV2CLJ 599 027 SP2GMA 599 P
QSO: 14000 CW 2023-04-02 1017 SV2CLJ 599 028 SP9JZU 599 M
QSO: 14000 CW 2023-04-02 1018 SV2CLJ 599 029 SN1F 599 Z
QSO: 14000 CW 2023-04-02 1020 SV2CLJ 599 030 SP2GUB 599 J
QSO: 14000 CW 2023-04-02 1021 SV2CLJ 599 031 SN5N 599 L
QSO: 14000 CW 2023-04-02 1023 SV2CLJ 599 032 SP0PZK 599 W
QSO: 14000 CW 2023-04-02 1025 SV2CLJ 599 033 SP2FOV 599 F
QSO: 14000 CW 2023-04-02 1034 SV2CLJ 599 034 SN9C 599 G
QSO: 14000 CW 2023-04-02 1036 SV2CLJ 599 035 SP3FYX 599 W
QSO: 14000 CW 2023-04-02 1047 SV2CLJ 599 036 SP8R 599 K
QSO: 21000 CW 2023-04-02 1047 SV2CLJ 599 037 SP3A 599 B
QSO: 28000 CW 2023-04-02 1055 SV2CLJ 599 038 SP3HRN 599 B
QSO: 21000 CW 2023-04-02 1108 SV2CLJ 599 039 SP0PZK 599 W
QSO: 21000 CW 2023-04-02 1108 SV2CLJ 599 040 SP2FOV 599 F
QSO: 21000 CW 2023-04-02 1110 SV2CLJ 599 041 HF1K 599 Z
QSO: 21000 CW 2023-04-02 1111 SV2CLJ 599 042 SP1NY 599 Z
QSO: 21000 CW 2023-04-02 1111 SV2CLJ 599 043 SN5N 599 L
QSO: 21000 CW 2023-04-02 1112 SV2CLJ 599 044 SP3MEP 599 W
QSO: 21000 CW 2023-04-02 1119 SV2CLJ 599 045 SP4Z 599 O
QSO: 21000 CW 2023-04-02 1121 SV2CLJ 599 046 SP5IXS 599 R
QSO: 21000 CW 2023-04-02 1123 SV2CLJ 599 047 SP3FSM 599 W
QSO: 21000 CW 2023-04-02 1128 SV2CLJ 599 048 SP3HRN 599 B
QSO: 21000 CW 2023-04-02 1130 SV2CLJ 599 049 SN4EE 599 O
QSO: 14000 CW 2023-04-02 1211 SV2CLJ 599 050 SP3HRN 599 B
QSO: 14000 CW 2023-04-02 1215 SV2CLJ 599 051 SP3IOE 599 W
QSO: 14000 CW 2023-04-02 1217 SV2CLJ 599 052 SP5AUC 599 R
QSO: 14000 CW 2023-04-02 1220 SV2CLJ 599 053 SQ5EF 599 R
QSO: 14000 CW 2023-04-02 1221 SV2CLJ 599 054 SP3FSM 599 W
QSO: 14000 CW 2023-04-02 1230 SV2CLJ 599 055 HF0ZZ 599 Z
QSO: 14000 CW 2023-04-02 1234 SV2CLJ 599 056 SN50GUC 599 F
QSO: 21000 CW 2023-04-02 1238 SV2CLJ 599 057 SP2LNW 599 F
QSO: 21000 CW 2023-04-02 1243 SV2CLJ 599 058 SQ4NR 599 J
END-OF-LOG:
