START-OF-LOG: 3.0
CREATED-BY: reconstructed-log-builder
CONTEST: CQ-WW-SSB
CALLSIGN: SV1EMY
LOCATION: 
CATEGORY: CHECKLOG
CATEGORY-OPERATOR: SINGLE-OP
CATEGORY-BAND: ALL
CATEGORY-MODE: MIXED
CATEGORY-POWER: UNKNOWN
CATEGORY-ASSISTED: NON-ASSISTED
CATEGORY-TRANSMITTER: ONE
CATEGORY-STATION: UNKNOWN
CATEGORY-OVERLAY: 
OPERATORS: SV1EMY
CLAIMED-SCORE: 
CLUB: 
NAME: 
SOAPBOX: RECONSTRUCTED MOCKUP LOG - NOT AN OFFICIAL SUBMISSION.
SOAPBOX: Derived from submitted logs for CQ-WW-SSB CQWW/ph/2022.
QSO: 14255 PH 2022-10-29 0659 SV1EMY        59 20 VL2A          59 30
QSO: 14142 PH 2022-10-29 0710 SV1EMY        59 20 V31XX         59 7
QSO: 14000 PH 2022-10-29 0717 SV1EMY        59 20 SU1SK         59 34
QSO: 14164 PH 2022-10-29 0719 SV1EMY        59 20 M6T           59 14
QSO: 14164 PH 2022-10-29 0719 SV1EMY        59 20 OH1F          59 15
QSO: 14150 PH 2022-10-29 0721 SV1EMY        59 20 A44A          59 21
QSO: 14000 PH 2022-10-29 0722 SV1EMY        59 20 TC7G          59 20
QSO: 14133 PH 2022-10-29 0724 SV1EMY        59 20 IQ0ID         59 15
QSO: 14123 PH 2022-10-29 0725 SV1EMY        59 20 ED7O          59 14
QSO: 14137 PH 2022-10-29 0726 SV1EMY        59 20 HZ1CY         59 21
QSO: 14174 PH 2022-10-29 0736 SV1EMY        59 20 RT4G          59 16
QSO:  1868 PH 2022-10-29 1613 SV1EMY        59 20 S53O          59 15
QSO: 14130 PH 2022-10-29 1626 SV1EMY        59 20 ES3V          59 15
QSO: 14141 PH 2022-10-29 1627 SV1EMY        59 20 OK1KKI        59 15
QSO: 14157 PH 2022-10-29 1628 SV1EMY        59 20 UP0L          59 17
QSO: 14175 PH 2022-10-29 1629 SV1EMY        59 20 RM3DA         59 16
QSO: 14193 PH 2022-10-29 1632 SV1EMY        59 20 YI1WWA        59 21
QSO: 14175 PH 2022-10-30 0611 SV1EMY        59 20 P40L          59 09
QSO: 28613 PH 2022-10-30 1538 SV1EMY        59 20 ZF1A          59 08
END-OF-LOG:
