START-OF-LOG: 3.0
CREATED-BY: reconstructed-log-builder
CONTEST: ARRL-DX-SSB
CALLSIGN: G0PMJ
LOCATION: 
CATEGORY: CHECKLOG
CATEGORY-OPERATOR: SINGLE-OP
CATEGORY-BAND: ALL
CATEGORY-MODE: MIXED
CATEGORY-POWER: UNKNOWN
CATEGORY-ASSISTED: NON-ASSISTED
CATEGORY-TRANSMITTER: ONE
CATEGORY-STATION: UNKNOWN
CATEGORY-OVERLAY: 
OPERATORS: G0PMJ
CLAIMED-SCORE: 
CLUB: 
NAME: 
SOAPBOX: RECONSTRUCTED MOCKUP LOG - NOT AN OFFICIAL SUBMISSION.
SOAPBOX: Derived from submitted logs for ARRL-DX-SSB ARRL/arrl_international_dx_phone_contest/2023.
QSO: 14169 PH 2023-03-04 1029 G0PMJ         59 100 VY2TT         59 PE
QSO: 14227 PH 2023-03-04 1043 G0PMJ         59 100 K1LZ          59 ME
QSO: 21355 PH 2023-03-04 1753 G0PMJ         59 100 WS7X          59 FL
QSO: 21371 PH 2023-03-04 1755 G0PMJ         59 100 K1TTT         59 MA
QSO: 21398 PH 2023-03-04 1759 G0PMJ         59 100 K8AZ          59 OH
QSO: 28463 PH 2023-03-04 1813 G0PMJ         59 100 K1KI          59 CT
QSO: 28476 PH 2023-03-04 1818 G0PMJ         59 100 W3LPL         59 MD
QSO: 28480 PH 2023-03-04 1820 G0PMJ         59 100 WW4LL         59 GA
QSO: 28583 PH 2023-03-04 1824 G0PMJ         59 100 K0EJ          59 TN
QSO: 28626 PH 2023-03-04 1830 G0PMJ         59 100 NE3F          59 PA
QSO: 28630 PH 2023-03-04 1832 G0PMJ         59 100 KA2K          59 NJ
QSO: 28634 PH 2023-03-04 1834 G0PMJ         59 100 N4OX          59 FL
QSO: 28670 PH 2023-03-04 1839 G0PMJ         59 100 CF3A          59 ON
QSO: 28694 PH 2023-03-04 1844 G0PMJ         59 100 W0AA          59 MN
QSO: 21173 PH 2023-03-05 1617 G0PMJ         59 100 VY2TT         59 PE
QSO: 21213 PH 2023-03-05 1625 G0PMJ         59 100 W3LPL         59 MD
QSO: 21230 PH 2023-03-05 1629 G0PMJ         59 100 N1RR          59 MA
QSO: 21260 PH 2023-03-05 1635 G0PMJ         59 100 KU2M          59 NJ
QSO: 21274 PH 2023-03-05 1640 G0PMJ         59 100 K2AX          59 NJ
QSO: 28438 PH 2023-03-05 1740 G0PMJ         59 100 KW8N          59 OH
QSO: 28508 PH 2023-03-05 1745 G0PMJ         59 100 N8OO          59 LA
QSO: 28513 PH 2023-03-05 1748 G0PMJ         59 100 K3LR          59 PA
QSO: 28534 PH 2023-03-05 1752 G0PMJ         59 100 K2AX          59 NJ
QSO: 28545 PH 2023-03-05 1754 G0PMJ         59 100 K9BGL         59 IL
QSO: 28564 PH 2023-03-05 1757 G0PMJ         59 100 WB2ZAB        59 MD
QSO: 28599 PH 2023-03-05 1803 G0PMJ         59 100 KQ3F          59 PA
QSO: 28644 PH 2023-03-05 1814 G0PMJ         59 100 VE3GYL        59 ON
QSO: 28658 PH 2023-03-05 1821 G0PMJ         59 100 K8LX          59 MI
QSO: 28695 PH 2023-03-05 1828 G0PMJ         59 100 AJ9C          59 IN
QSO: 28757 PH 2023-03-05 1831 G0PMJ         59 100 WX4G          59 FL
QSO: 28777 PH 2023-03-05 1834 G0PMJ         59 100 KQ2M          59 CT
QSO: 28786 PH 2023-03-05 1838 G0PMJ         59 100 K3WJV         59 PA
QSO: 28805 PH 2023-03-05 1842 G0PMJ         59 100 K3PP          59 PA
QSO: 28813 PH 2023-03-05 1847 G0PMJ         59 100 WC3N          59 MD
QSO: 28834 PH 2023-03-05 1851 G0PMJ         59 100 N3FJP         59 MD
QSO: 28787 PH 2023-03-05 1853 G0PMJ         59 100 N4RV          59 VA
QSO: 28761 PH 2023-03-05 1858 G0PMJ         59 100 N2AA          59 NJ
QSO: 28672 PH 2023-03-05 1900 G0PMJ         59 100 W4NF          59 VA
QSO: 14168 PH 2023-03-05 1935 G0PMJ         59 100 K5ZD          59 MA
QSO: 14180 PH 2023-03-05 1943 G0PMJ         59 100 N2SR          59 NJ
QSO: 14336 PH 2023-03-05 1947 G0PMJ         59 100 K3WW          59 PA
QSO: 14333 PH 2023-03-05 1949 G0PMJ         59 100 KA2K          59 NJ
QSO: 14319 PH 2023-03-05 1953 G0PMJ         59 100 N3UA          59 VA
QSO: 14315 PH 2023-03-05 1957 G0PMJ         59 100 W1DED         59 ME
QSO: 14253 PH 2023-03-05 2003 G0PMJ         59 100 K1LZ          59 ME
QSO: 14241 PH 2023-03-05 2007 G0PMJ         59 100 N3RD          59 PA
QSO: 14196 PH 2023-03-05 2010 G0PMJ         59 100 KQ2M          59 CT
QSO: 14192 PH 2023-03-05 2014 G0PMJ         59 100 K9RS          59 DE
QSO: 14164 PH 2023-03-05 2018 G0PMJ         59 100 AA1K          59 DE
QSO: 14148 PH 2023-03-05 2023 G0PMJ         59 100 VA2UR         59 QC
QSO: 14154 PH 2023-03-05 2029 G0PMJ         59 100 NG1M          59 RI
QSO: 14181 PH 2023-03-05 2032 G0PMJ         59 100 K1KI          59 CT
END-OF-LOG:
