START-OF-LOG: 3.0
CREATED-BY: reconstructed-log-builder
CONTEST: ARRL-DX-SSB
CALLSIGN: JQ1TAR
LOCATION: 
CATEGORY: CHECKLOG
CATEGORY-OPERATOR: SINGLE-OP
CATEGORY-BAND: ALL
CATEGORY-MODE: MIXED
CATEGORY-POWER: UNKNOWN
CATEGORY-ASSISTED: NON-ASSISTED
CATEGORY-TRANSMITTER: ONE
CATEGORY-STATION: UNKNOWN
CATEGORY-OVERLAY: 
OPERATORS: JQ1TAR
CLAIMED-SCORE: 
CLUB: 
NAME: 
SOAPBOX: RECONSTRUCTED MOCKUP LOG - NOT AN OFFICIAL SUBMISSION.
SOAPBOX: Derived from submitted logs for ARRL-DX-SSB ARRL/arrl_international_dx_phone_contest/2023.
QSO:  7144 PH 2023-03-04 1145 JQ1TAR        59 K W7RM          59 OR
QSO:  7152 PH 2023-03-04 1145 JQ1TAR        59 KW KA6BIM        59 OR
QSO:  7000 PH 2023-03-04 1147 JQ1TAR        59 1000 W6AFA         59 CA
QSO:  7183 PH 2023-03-04 1148 JQ1TAR        59 K K7RI          59 WA
QSO:  7141 PH 2023-03-04 1151 JQ1TAR        59 K WX5S          59 CA
QSO: 21207 PH 2023-03-05 0237 JQ1TAR        59 KW ND7K          59 AZ
QSO: 21219 PH 2023-03-05 0238 JQ1TAR        59 K W6WB          59 CA
QSO: 21222 PH 2023-03-05 0239 JQ1TAR        59 K K6NA          59 CA
QSO: 21235 PH 2023-03-05 0239 JQ1TAR        59 K WD6T          59 CA
QSO: 21270 PH 2023-03-05 0240 JQ1TAR        59 KW N9RV          59 MT
QSO: 21330 PH 2023-03-05 0242 JQ1TAR        59 K WZ8T          59 WA
QSO: 21423 PH 2023-03-05 0243 JQ1TAR        59 K K5TR          59 TX
QSO: 21000 PH 2023-03-05 0245 JQ1TAR        59 KW AI0L          59 CO
QSO: 28417 PH 2023-03-05 0252 JQ1TAR        59 K K3EST         59 CA
QSO: 21241 PH 2023-03-05 0259 JQ1TAR        59 KW KA6BIM        59 OR
QSO:  7163 PH 2023-03-05 0845 JQ1TAR        59 KW W3LPL         59 MD
QSO:  7144 PH 2023-03-05 0847 JQ1TAR        59 KW NX6T          59 CA
QSO:  7161 PH 2023-03-05 0853 JQ1TAR        59 K W4AAA         59 NC
QSO:  7154 PH 2023-03-05 0903 JQ1TAR        59 1000 N7MGW         59 WA
QSO:  7143 PH 2023-03-05 1018 JQ1TAR        59 KW ND7K          59 AZ
QSO:  7184 PH 2023-03-05 1020 JQ1TAR        59 KW K5GN          59 TX
QSO:  7196 PH 2023-03-05 1134 JQ1TAR        59 K K5TR          59 TX
QSO: 14186 PH 2023-03-05 1140 JQ1TAR        59 KW K1KI          59 CT
QSO: 14181 PH 2023-03-05 1141 JQ1TAR        59 K K5ZD          59 MA
QSO: 14150 PH 2023-03-05 1142 JQ1TAR        59 KW K3LR          59 PA
QSO: 14263 PH 2023-03-05 1144 JQ1TAR        59 K K1TTT         59 MA
END-OF-LOG:
