START-OF-LOG: 3.0
CREATED-BY: reconstructed-log-builder
CONTEST: ARRL-DX-SSB
CALLSIGN: WB4ABY
LOCATION: 
CATEGORY: CHECKLOG
CATEGORY-OPERATOR: SINGLE-OP
CATEGORY-BAND: ALL
CATEGORY-MODE: MIXED
CATEGORY-POWER: UNKNOWN
CATEGORY-ASSISTED: NON-ASSISTED
CATEGORY-TRANSMITTER: ONE
CATEGORY-STATION: UNKNOWN
CATEGORY-OVERLAY: 
OPERATORS: WB4ABY
CLAIMED-SCORE: 
CLUB: 
NAME: 
SOAPBOX: RECONSTRUCTED MOCKUP LOG - NOT AN OFFICIAL SUBMISSION.
SOAPBOX: Derived from submitted logs for ARRL-DX-SSB ARRL/arrl_international_dx_phone_contest/2023.
QSO: 28512 PH 2023-03-04 2301 WB4ABY        59 GA KP2M          59 KW
QSO: 28558 PH 2023-03-04 2304 WB4ABY        59 GA LU8DPM        59 K
QSO: 28605 PH 2023-03-04 2305 WB4ABY        59 GA PY2EX         59 100
QSO: 28578 PH 2023-03-04 2306 WB4ABY        59 GA PX2A          59 KW
QSO: 28475 PH 2023-03-04 2308 WB4ABY        59 GA CX5A          59 1000
QSO: 28333 PH 2023-03-04 2309 WB4ABY        59 GA HI3T          59 40
QSO: 21431 PH 2023-03-04 2311 WB4ABY        59 GA VP5M          59 100
QSO: 21425 PH 2023-03-04 2313 WB4ABY        59 GA NP4Z          59 1000
QSO: 21368 PH 2023-03-04 2315 WB4ABY        59 GA PT1K          59 KW
QSO: 21364 PH 2023-03-04 2316 WB4ABY        59 GA ZX2V          59 KW
QSO: 21354 PH 2023-03-04 2317 WB4ABY        59 GA WP3C          59 100
QSO: 21347 PH 2023-03-04 2319 WB4ABY        59 GA ZP5DBC        59 KW
QSO: 21331 PH 2023-03-04 2321 WB4ABY        59 GA TO3Z          59 500
QSO: 21318 PH 2023-03-04 2325 WB4ABY        59 GA TI1K          59 KW
QSO: 21314 PH 2023-03-04 2326 WB4ABY        59 GA PY2VZ         59 100
QSO: 21310 PH 2023-03-04 2328 WB4ABY        59 GA P49Y          59 100
QSO: 21000 PH 2023-03-04 2329 WB4ABY        59 GA CO6LC         59 100
QSO: 21000 PH 2023-03-04 2346 WB4ABY        59 GA PP5FB         59 KW
QSO: 21349 PH 2023-03-04 2348 WB4ABY        59 GA LP1H          59 1000
QSO: 21420 PH 2023-03-04 2350 WB4ABY        59 GA ZW2N          59 1000
QSO: 14245 PH 2023-03-05 0006 WB4ABY        59 GA ZZ5K          59 100
QSO:  7213 PH 2023-03-05 0009 WB4ABY        59 GA V31XX         59 1000
QSO:  7228 PH 2023-03-05 0010 WB4ABY        59 GA PJ2T          59 K
QSO:  7192 PH 2023-03-05 0331 WB4ABY        59 GA 9A1P          59 KW
QSO:  7000 PH 2023-03-05 0334 WB4ABY        59 GA TI1T          59 KW
QSO:  7233 PH 2023-03-05 0338 WB4ABY        59 GA TO5M          59 KW
QSO:  7249 PH 2023-03-05 0340 WB4ABY        59 GA WP3C          59 100
QSO:  7190 PH 2023-03-05 0342 WB4ABY        59 GA IK6LBT        59 500
QSO:  7188 PH 2023-03-05 0344 WB4ABY        59 GA TM7A          59 KW
QSO:  7199 PH 2023-03-05 0346 WB4ABY        59 GA ED5R          59 K
QSO:  3803 PH 2023-03-05 0349 WB4ABY        59 GA VP5M          59 100
QSO: 28315 PH 2023-03-05 1412 WB4ABY        59 GA TI1K          59 KW
QSO: 28310 PH 2023-03-05 1415 WB4ABY        59 GA M5B           59 400
QSO: 28402 PH 2023-03-05 1416 WB4ABY        59 GA PJ4G          59 K
QSO: 28417 PH 2023-03-05 1418 WB4ABY        59 GA OQ4U          59 KW
QSO: 28450 PH 2023-03-05 1421 WB4ABY        59 GA DR1D          59 KW
QSO: 28460 PH 2023-03-05 1423 WB4ABY        59 GA TM7A          59 KW
QSO: 28468 PH 2023-03-05 1425 WB4ABY        59 GA EI7M          59 KW
QSO: 28525 PH 2023-03-05 1428 WB4ABY        59 GA MD2C          59 400
QSO: 28545 PH 2023-03-05 1431 WB4ABY        59 GA EC5K          59 KW
QSO: 28558 PH 2023-03-05 1432 WB4ABY        59 GA PA3EWP        59 KW
QSO: 28648 PH 2023-03-05 1434 WB4ABY        59 GA PB6W          59 200
QSO: 28663 PH 2023-03-05 1435 WB4ABY        59 GA IO5O          59 500
QSO: 28703 PH 2023-03-05 1437 WB4ABY        59 GA LN8W          59 KW
QSO: 28645 PH 2023-03-05 1439 WB4ABY        59 GA PA9M          59 KW
QSO: 28598 PH 2023-03-05 1440 WB4ABY        59 GA DJ5MO         59 K
QSO: 28466 PH 2023-03-05 1442 WB4ABY        59 GA CU2AA         59 1000
QSO: 28331 PH 2023-03-05 1445 WB4ABY        59 GA CR6K          59 KW
QSO: 21433 PH 2023-03-05 1448 WB4ABY        59 GA SN5X          59 KW
QSO: 21386 PH 2023-03-05 1454 WB4ABY        59 GA EI9E          59 1000
QSO: 21381 PH 2023-03-05 1455 WB4ABY        59 GA KP4PUA        59 100
QSO: 21369 PH 2023-03-05 1456 WB4ABY        59 GA TO5M          59 KW
QSO: 21349 PH 2023-03-05 1459 WB4ABY        59 GA SP8R          59 K
QSO: 21312 PH 2023-03-05 1500 WB4ABY        59 GA 9A3TR         59 KW
QSO: 21296 PH 2023-03-05 1503 WB4ABY        59 GA TM6M          59 KW
QSO: 21293 PH 2023-03-05 1505 WB4ABY        59 GA 9A1A          59 KW
QSO: 14240 PH 2023-03-05 1618 WB4ABY        59 GA CO2XN         59 KW
QSO: 28356 PH 2023-03-05 1625 WB4ABY        59 GA ED8M          59 KW
QSO: 28000 PH 2023-03-05 1628 WB4ABY        59 GA CO8NMN        59 KW
QSO: 28455 PH 2023-03-05 1630 WB4ABY        59 GA 9A1P          59 KW
QSO: 28498 PH 2023-03-05 1631 WB4ABY        59 GA ZF5T          59 K
QSO: 28559 PH 2023-03-05 1636 WB4ABY        59 GA TO5M          59 KW
QSO: 28598 PH 2023-03-05 1638 WB4ABY        59 GA IB1D          59 500
QSO: 28608 PH 2023-03-05 1638 WB4ABY        59 GA US2YW         59 KW
QSO: 28345 PH 2023-03-05 2056 WB4ABY        59 GA PV2K          59 KW
QSO: 28000 PH 2023-03-05 2057 WB4ABY        59 GA PV2G          59 KW
QSO: 28402 PH 2023-03-05 2058 WB4ABY        59 GA PJ4G          59 K
QSO: 28428 PH 2023-03-05 2059 WB4ABY        59 GA PY2EX         59 100
QSO: 28497 PH 2023-03-05 2102 WB4ABY        59 GA ZW2N          59 1000
QSO: 28000 PH 2023-03-05 2105 WB4ABY        59 GA CU2AF         59 500
QSO: 28620 PH 2023-03-05 2106 WB4ABY        59 GA PJ2T          59 K
QSO: 28652 PH 2023-03-05 2107 WB4ABY        59 GA PY2UD         59 100
QSO: 14329 PH 2023-03-05 2111 WB4ABY        59 GA E7DX          59 1000
QSO: 14324 PH 2023-03-05 2112 WB4ABY        59 GA HI8J          59 100
QSO: 14306 PH 2023-03-05 2114 WB4ABY        59 GA IR4X          59 500
QSO: 14271 PH 2023-03-05 2116 WB4ABY        59 GA IO5O          59 500
QSO: 14240 PH 2023-03-05 2117 WB4ABY        59 GA CO2XN         59 KW
QSO: 21281 PH 2023-03-05 2123 WB4ABY        59 GA YW6CQ         59 100
QSO: 21322 PH 2023-03-05 2127 WB4ABY        59 GA P49Y          59 100
QSO: 21360 PH 2023-03-05 2130 WB4ABY        59 GA CR6T          59 KW
QSO:  7179 PH 2023-03-05 2314 WB4ABY        59 GA TM6M          59 KW
QSO:  7190 PH 2023-03-05 2319 WB4ABY        59 GA IQ1DF         59 500
QSO:  7195 PH 2023-03-05 2322 WB4ABY        59 GA RW1F          59 1000
QSO:  7198 PH 2023-03-05 2324 WB4ABY        59 GA 9A1P          59 KW
QSO:  7214 PH 2023-03-05 2326 WB4ABY        59 GA V31XX         59 1000
END-OF-LOG:
