START-OF-LOG: 3.0
CATEGORY: Single operator, SSB, low power
CONTEST: WAG
SPECIFIC: B04
CALLSIGN: DK9BT
LOCATION: DX
CLAIMED-SCORE: 31168
CREATED-BY: HAM WAG VERSION 2023-1.0, modified by DXHF upload.
CLUB: DARC
OPERATORS: DK9BT
QSO: 14000 PH 2023-10-21 1501 DK9BT         59  B04               RK3AW        59  001
QSO: 14000 PH 2023-10-21 1503 DK9BT         59  B04               OG2X         59  001
QSO: 14000 PH 2023-10-21 1507 DK9BT         59  B04               OH5ZA        59  001
QSO: 14000 PH 2023-10-21 1510 DK9BT         59  B04               YT5ANA       59  004
QSO: 14000 PH 2023-10-21 1517 DK9BT         59  B04               UA3FX        59  005
QSO: 7000  PH 2023-10-21 1539 DK9BT         59  B04               OR4T         59  018
QSO: 7000  PH 2023-10-21 1542 DK9BT         59  B04               HB9GR        59  061
QSO: 7000  PH 2023-10-21 1543 DK9BT         59  B04               PA9M         59  097
QSO: 14000 PH 2023-10-21 1554 DK9BT         59  B04               YO7OWI       59  003
QSO: 14000 PH 2023-10-21 1557 DK9BT         59  B04               R2ARR        59  073
QSO: 14000 PH 2023-10-21 1559 DK9BT         59  B04               IK8UND       59  079
QSO: 14000 PH 2023-10-21 1605 DK9BT         59  B04               YU5R         59  145
QSO: 14000 PH 2023-10-21 1607 DK9BT         59  B04               IZ8GUQ       59  072
QSO: 14000 PH 2023-10-21 1608 DK9BT         59  B04               RW1F         59  174
QSO: 14000 PH 2023-10-21 1610 DK9BT         59  B04               IT9FRX       59  090
QSO: 14000 PH 2023-10-21 1611 DK9BT         59  B04               EV1R         59  107
QSO: 14000 PH 2023-10-21 1618 DK9BT         59  B04               EI6HZB       59  075
QSO: 14000 PH 2023-10-21 1620 DK9BT         59  B04               HA4FB        59  177
QSO: 14000 PH 2023-10-21 1623 DK9BT         59  B04               IU8RIA       59  169
QSO: 14000 PH 2023-10-21 1625 DK9BT         59  B04               OH2OA        59  034
QSO: 14000 PH 2023-10-21 1627 DK9BT         59  B04               IZ1NBX       59  071
QSO: 14000 PH 2023-10-21 1634 DK9BT         59  B04               R3IBZ        59  029
QSO: 14000 PH 2023-10-21 1641 DK9BT         59  B04               Z35W         59  044
QSO: 14000 PH 2023-10-21 1643 DK9BT         59  B04               SV3RPQ       59  151
QSO: 14000 PH 2023-10-21 1648 DK9BT         59  B04               IZ8HUJ       59  040
QSO: 14000 PH 2023-10-21 1655 DK9BT         59  B04               LZ1QN        59  223
QSO: 14000 PH 2023-10-21 1705 DK9BT         59  B04               UA4FDK       59  103
QSO: 7000  PH 2023-10-21 1710 DK9BT         59  B04               DJ1FK        59  M21
QSO: 7000  PH 2023-10-21 1714 DK9BT         59  B04               LY7K         59  084
QSO: 7000  PH 2023-10-21 1717 DK9BT         59  B04               DL5NUA       59  V22
QSO: 7000  PH 2023-10-21 1725 DK9BT         59  B04               PE00T        59  196
QSO: 14000 PH 2023-10-21 1731 DK9BT         59  B04               RK3AW        59  214
QSO: 14000 PH 2023-10-21 1740 DK9BT         59  B04               EA4AOC       59  042
QSO: 3500  PH 2023-10-21 1752 DK9BT         59  B04               DO3ST        59  H05
QSO: 3500  PH 2023-10-21 1755 DK9BT         59  B04               DC2O         59  A05
QSO: 3500  PH 2023-10-21 1756 DK9BT         59  B04               DG8DP        59  C01
QSO: 3500  PH 2023-10-21 1759 DK9BT         59  B04               DK6HS        59  K14
QSO: 7000  PH 2023-10-21 1846 DK9BT         59  B04               EV1R         59  252
QSO: 7000  PH 2023-10-21 1847 DK9BT         59  B04               R2AR         59  311
QSO: 7000  PH 2023-10-21 1853 DK9BT         59  B04               EU4E         59  249
QSO: 7000  PH 2023-10-21 1855 DK9BT         59  B04               YU4R         59  324
QSO: 3500  PH 2023-10-21 1906 DK9BT         59  B04               PA9M         59  298
QSO: 3500  PH 2023-10-21 1910 DK9BT         59  B04               DH2PA        59  K14
QSO: 7000  PH 2023-10-21 1926 DK9BT         59  B04               OH6MSZ       59  353
QSO: 7000  PH 2023-10-21 1930 DK9BT         59  B04               IZ8GUQ       59  236
QSO: 7000  PH 2023-10-21 1931 DK9BT         59  B04               DM3W         59  D06
QSO: 7000  PH 2023-10-21 1934 DK9BT         59  B04               SE2P         59  090
QSO: 7000  PH 2023-10-21 1937 DK9BT         59  B04               RA3OA        59  473
QSO: 7000  PH 2023-10-21 1938 DK9BT         59  B04               RW1F         59  346
QSO: 7000  PH 2023-10-21 1939 DK9BT         59  B04               F4FJZ        59  167
QSO: 7000  PH 2023-10-21 1944 DK9BT         59  B04               IU8RIA       59  333
QSO: 14000 PH 2023-10-21 1955 DK9BT         59  B04               PY4JW        59  327
QSO: 3500  PH 2023-10-21 1958 DK9BT         59  B04               DM2D         59  V11
QSO: 3500  PH 2023-10-21 2003 DK9BT         59  B04               PE00T        59  447
QSO: 3500  PH 2023-10-21 2007 DK9BT         59  B04               DH3FEN       59  Y28
QSO: 3500  PH 2023-10-21 2012 DK9BT         59  B04               DM5F         59  Y26
QSO: 7000  PH 2023-10-21 2016 DK9BT         59  B04               UZ7M         59  291
QSO: 7000  PH 2023-10-21 2026 DK9BT         59  B04               LZ3ZZ        59  101
QSO: 7000  PH 2023-10-21 2031 DK9BT         59  B04               UA3BL        59  203
QSO: 3500  PH 2023-10-21 2056 DK9BT         59  B04               DA0W         59  B04
QSO: 3500  PH 2023-10-21 2109 DK9BT         59  B04               DL8NAS       59  B13
QSO: 3500  PH 2023-10-21 2114 DK9BT         59  B04               F6KRK        59  285
QSO: 3500  PH 2023-10-21 2120 DK9BT         59  B04               DL6NDW       59  C12
QSO: 3500  PH 2023-10-21 2130 DK9BT         59  B04               DK1OM        59  H02
QSO: 3500  PH 2023-10-21 2132 DK9BT         59  B04               IW1FRU       59  115
QSO: 3500  PH 2023-10-21 2138 DK9BT         59  B04               HB0/DL1GLO   59  345
QSO: 3500  PH 2023-10-21 2142 DK9BT         59  B04               DK2R         59  U14
QSO: 3500  PH 2023-10-21 2148 DK9BT         59  B04               HA2KMR       59  518
QSO: 3500  PH 2023-10-21 2150 DK9BT         59  B04               DL5NUA       59  V22
QSO: 3500  PH 2023-10-21 2157 DK9BT         59  B04               DL9A         59  R25
QSO: 7000  PH 2023-10-21 2248 DK9BT         59  B04               LY4L         59  718
QSO: 7000  PH 2023-10-21 2254 DK9BT         59  B04               N0QQ         59  286
QSO: 3500  PH 2023-10-21 2305 DK9BT         59  B04               DM5R         59  D20
QSO: 3500  PH 2023-10-21 2307 DK9BT         59  B04               DR1E         59  E13
QSO: 3500  PH 2023-10-21 2309 DK9BT         59  B04               DL0XM        59  S41
QSO: 3500  PH 2023-10-21 2311 DK9BT         59  B04               DL5FH        59  F17
QSO: 3500  PH 2023-10-21 2317 DK9BT         59  B04               SE2P         59  235
QSO: 3500  PH 2023-10-21 2319 DK9BT         59  B04               DK1IT        59  E29
QSO: 3500  PH 2023-10-21 2323 DK9BT         59  B04               DA0RR        59  RRDXA
QSO: 3500  PH 2023-10-21 2325 DK9BT         59  B04               DM3W         59  D06
QSO: 3500  PH 2023-10-21 2328 DK9BT         59  B04               DL5L         59  X23
QSO: 3500  PH 2023-10-21 2330 DK9BT         59  B04               DF7A         59  X28
QSO: 3500  PH 2023-10-21 2332 DK9BT         59  B04               DL7AH        59  F01
QSO: 3500  PH 2023-10-21 2333 DK9BT         59  B04               DR7W         59  T13
QSO: 3500  PH 2023-10-21 2334 DK9BT         59  B04               OT7Q         59  401
QSO: 3500  PH 2023-10-21 2337 DK9BT         59  B04               DB1BAC       59  I18
QSO: 3500  PH 2023-10-21 2338 DK9BT         59  B04               DK65ERD      59  65C25
QSO: 3500  PH 2023-10-21 2341 DK9BT         59  B04               DR5W         59  Y34
QSO: 3500  PH 2023-10-21 2344 DK9BT         59  B04               DP7D         59  L05
QSO: 3500  PH 2023-10-21 2347 DK9BT         59  B04               DJ7GS        59  A01
QSO: 3500  PH 2023-10-21 2350 DK9BT         59  B04               DL4OCF       59  H24
QSO: 3500  PH 2023-10-21 2352 DK9BT         59  B04               DL6MRM       59  W13
QSO: 3500  PH 2023-10-21 2352 DK9BT         59  B04               DL4L         59  X23
QSO: 3500  PH 2023-10-21 2354 DK9BT         59  B04               DL5WW        59  V22
QSO: 3500  PH 2023-10-21 2355 DK9BT         59  B04               DL2IAC       59  A12
QSO: 3500  PH 2023-10-21 2356 DK9BT         59  B04               DK0FR        59  A05
QSO: 3500  PH 2023-10-21 2358 DK9BT         59  B04               DL0HG        59  F11
QSO: 3500  PH 2023-10-21 2359 DK9BT         59  B04               DK5DQ        59  O32
QSO: 3500  PH 2023-10-22 0001 DK9BT         59  B04               OR4T         59  427
QSO: 3500  PH 2023-10-22 0004 DK9BT         59  B04               DL2ALY       59  V18
QSO: 3500  PH 2023-10-22 0006 DK9BT         59  B04               IU1NKS       59  075
QSO: 3500  PH 2023-10-22 0010 DK9BT         59  B04               HB2C         59  187
QSO: 3500  PH 2023-10-22 0015 DK9BT         59  B04               OZ4AFQ       59  147
QSO: 3500  PH 2023-10-22 0017 DK9BT         59  B04               DL3RAR       59  U14
QSO: 3500  PH 2023-10-22 0018 DK9BT         59  B04               DP6T         59  F49
QSO: 3500  PH 2023-10-22 0019 DK9BT         59  B04               DL1MHJ       59  C12
QSO: 3500  PH 2023-10-22 0744 DK9BT         59  B04               DL1D         59  B04
QSO: 14000 PH 2023-10-22 0748 DK9BT         59  B04               UR2Y         59  162
QSO: 14000 PH 2023-10-22 0750 DK9BT         59  B04               EW1M         59  332
QSO: 14000 PH 2023-10-22 0758 DK9BT         59  B04               IZ0UIN       59  015
QSO: 14000 PH 2023-10-22 0801 DK9BT         59  B04               LY4L         59  1096
QSO: 14000 PH 2023-10-22 0804 DK9BT         59  B04               SE2P         59  450
QSO: 14000 PH 2023-10-22 0806 DK9BT         59  B04               EC5SP        59  181
QSO: 14000 PH 2023-10-22 0807 DK9BT         59  B04               IU8RIA       59  678
QSO: 14000 PH 2023-10-22 0809 DK9BT         59  B04               LY7K         59  503
QSO: 14000 PH 2023-10-22 0812 DK9BT         59  B04               M5W          59  439
QSO: 14000 PH 2023-10-22 0815 DK9BT         59  B04               V31MA        59  257
QSO: 14000 PH 2023-10-22 0818 DK9BT         59  B04               OH6MSZ       59  521
QSO: 14000 PH 2023-10-22 0820 DK9BT         59  B04               SP7SEW       59  456
QSO: 14000 PH 2023-10-22 0825 DK9BT         59  B04               LY7R         59  738
QSO: 14000 PH 2023-10-22 0828 DK9BT         59  B04               IZ0VXY       59  032
QSO: 14000 PH 2023-10-22 0837 DK9BT         59  B04               SP8BRT       59  142
QSO: 14000 PH 2023-10-22 0840 DK9BT         59  B04               RA3YDA       59  383
QSO: 7000  PH 2023-10-22 0853 DK9BT         59  B04               DF2F         59  L06
QSO: 7000  PH 2023-10-22 0855 DK9BT         59  B04               DL2IAC       59  A12
QSO: 7000  PH 2023-10-22 0857 DK9BT         59  B04               DK1IT        59  E29
QSO: 7000  PH 2023-10-22 0858 DK9BT         59  B04               DL1NKS       59  B24
QSO: 7000  PH 2023-10-22 0902 DK9BT         59  B04               OZ5W         59  011
QSO: 7000  PH 2023-10-22 0903 DK9BT         59  B04               DK2TG        59  Y11
QSO: 7000  PH 2023-10-22 0906 DK9BT         59  B04               DF2QZ        59  N20
QSO: 7000  PH 2023-10-22 0912 DK9BT         59  B04               HB0/DL1GLO   59  622
QSO: 7000  PH 2023-10-22 0918 DK9BT         59  B04               DL25KYF      59  25KYF
QSO: 14000 PH 2023-10-22 0921 DK9BT         59  B04               F4HGU        59  273
QSO: 14000 PH 2023-10-22 0923 DK9BT         59  B04               IK4LZH       59  604
QSO: 14000 PH 2023-10-22 0924 DK9BT         59  B04               HA2KMR       59  1017
QSO: 14000 PH 2023-10-22 0925 DK9BT         59  B04               IV3ZYB       59  035
QSO: 14000 PH 2023-10-22 0927 DK9BT         59  B04               SN9DT        59  412
QSO: 14000 PH 2023-10-22 0929 DK9BT         59  B04               YU7KW        59  463
QSO: 14000 PH 2023-10-22 0930 DK9BT         59  B04               RK4FD        59  007
QSO: 14000 PH 2023-10-22 0932 DK9BT         59  B04               OZ1JVX       59  115
QSO: 14000 PH 2023-10-22 0934 DK9BT         59  B04               YL7X         59  1040
QSO: 14000 PH 2023-10-22 0936 DK9BT         59  B04               EA5IQX       59  105
QSO: 14000 PH 2023-10-22 0944 DK9BT         59  B04               IK3OYY       59  052
QSO: 14000 PH 2023-10-22 0947 DK9BT         59  B04               SV1JG        59  559
QSO: 14000 PH 2023-10-22 0949 DK9BT         59  B04               SN7R         59  576
QSO: 14000 PH 2023-10-22 0952 DK9BT         59  B04               YT2ISM       59  160
QSO: 14000 PH 2023-10-22 0954 DK9BT         59  B04               CT7BJG       59  524
QSO: 14000 PH 2023-10-22 0956 DK9BT         59  B04               F4IEX        59  173
QSO: 14000 PH 2023-10-22 1014 DK9BT         59  B04               EU4E         59  731
QSO: 14000 PH 2023-10-22 1016 DK9BT         59  B04               DK0MM        59  F39
QSO: 14000 PH 2023-10-22 1023 DK9BT         59  B04               RW4C         59  013
QSO: 14000 PH 2023-10-22 1034 DK9BT         59  B04               ER3CT        59  364
QSO: 14000 PH 2023-10-22 1036 DK9BT         59  B04               DL110RG      59  DLRG23
QSO: 14000 PH 2023-10-22 1042 DK9BT         59  B04               ES1BH        59  218
QSO: 14000 PH 2023-10-22 1048 DK9BT         59  B04               EC1DD        59  262
QSO: 14000 PH 2023-10-22 1050 DK9BT         59  B04               F6DRP        59  233
QSO: 14000 PH 2023-10-22 1131 DK9BT         59  B04               M1T          59  108
QSO: 14000 PH 2023-10-22 1136 DK9BT         59  B04               DK65ERD      59  65C25
QSO: 7000  PH 2023-10-22 1138 DK9BT         59  B04               DL2LBK       59  M06
QSO: 7000  PH 2023-10-22 1141 DK9BT         59  B04               DK6FX        59  K24
QSO: 7000  PH 2023-10-22 1144 DK9BT         59  B04               DB2LS        59  E39
QSO: 7000  PH 2023-10-22 1147 DK9BT         59  B04               HB2C         59  346
QSO: 7000  PH 2023-10-22 1148 DK9BT         59  B04               DR2E         59  F59
QSO: 7000  PH 2023-10-22 1150 DK9BT         59  B04               DL5WW        59  V22
QSO: 28000 PH 2023-10-22 1155 DK9BT         59  B04               RA3OA        59  1283
QSO: 28000 PH 2023-10-22 1158 DK9BT         59  B04               R2ARR        59  934
QSO: 28000 PH 2023-10-22 1204 DK9BT         59  B04               SE2P         59  852
QSO: 28000 PH 2023-10-22 1207 DK9BT         59  B04               LC5C         59  467
QSO: 28000 PH 2023-10-22 1219 DK9BT         59  B04               LZ2UW        59  088
QSO: 14000 PH 2023-10-22 1222 DK9BT         59  B04               IZ3GNG       59  195
QSO: 14000 PH 2023-10-22 1227 DK9BT         59  B04               F5AAR        59  022
QSO: 14000 PH 2023-10-22 1229 DK9BT         59  B04               HG2UK        59  062
QSO: 14000 PH 2023-10-22 1231 DK9BT         59  B04               EA3IM        59  202
QSO: 14000 PH 2023-10-22 1234 DK9BT         59  B04               RW3DU        59  188
QSO: 14000 PH 2023-10-22 1245 DK9BT         59  B04               E70T         59  160
QSO: 14000 PH 2023-10-22 1249 DK9BT         59  B04               E77EA        59  063
QSO: 14000 PH 2023-10-22 1253 DK9BT         59  B04               IU4DT        59  048
QSO: 14000 PH 2023-10-22 1254 DK9BT         59  B04               HG5E         59  052
QSO: 28000 PH 2023-10-22 1301 DK9BT         59  B04               N5DX         59  090
QSO: 28000 PH 2023-10-22 1307 DK9BT         59  B04               UA3FX        59  448
QSO: 28000 PH 2023-10-22 1311 DK9BT         59  B04               R2RA         59  397
QSO: 28000 PH 2023-10-22 1311 DK9BT         59  B04               RA3RLJ       59  523
QSO: 28000 PH 2023-10-22 1323 DK9BT         59  B04               UA3BL        59  659
QSO: 7000  PH 2023-10-22 1328 DK9BT         59  B04               PA9M         59  1044
QSO: 7000  PH 2023-10-22 1333 DK9BT         59  B04               DF0RSA       59  400RSA
QSO: 7000  PH 2023-10-22 1335 DK9BT         59  B04               DB3FJ        59  O29
QSO: 7000  PH 2023-10-22 1338 DK9BT         59  B04               DL9ECA       59  L06
QSO: 14000 PH 2023-10-22 1351 DK9BT         59  B04               TK4TH        59  566
QSO: 14000 PH 2023-10-22 1353 DK9BT         59  B04               F4EQA        59  167
QSO: 14000 PH 2023-10-22 1357 DK9BT         59  B04               DL5WW        59  V22
QSO: 14000 PH 2023-10-22 1403 DK9BT         59  B04               RA3OA        59  1498
QSO: 14000 PH 2023-10-22 1405 DK9BT         59  B04               RZ3Z         59  241
QSO: 14000 PH 2023-10-22 1407 DK9BT         59  B04               EW1I         59  1107
QSO: 28000 PH 2023-10-22 1411 DK9BT         59  B04               KC1XX        59  309
QSO: 28000 PH 2023-10-22 1418 DK9BT         59  B04               N0QQ         59  738
QSO: 14000 PH 2023-10-22 1430 DK9BT         59  B04               LZ8GT        59  483
QSO: 14000 PH 2023-10-22 1432 DK9BT         59  B04               9A6KFA       59  121
QSO: 14000 PH 2023-10-22 1435 DK9BT         59  B04               EU2EU        59  114
QSO: 14000 PH 2023-10-22 1438 DK9BT         59  B04               HG5E         59  212
QSO: 14000 PH 2023-10-22 1439 DK9BT         59  B04               LY5AA        59  049
QSO: 14000 PH 2023-10-22 1441 DK9BT         59  B04               EU2F         59  1348
QSO: 14000 PH 2023-10-22 1442 DK9BT         59  B04               ES2MC        59  638
QSO: 14000 PH 2023-10-22 1445 DK9BT         59  B04               EA2AOO/P     59  409
QSO: 14000 PH 2023-10-22 1450 DK9BT         59  B04               EW1I         59  1188
QSO: 7000  PH 2023-10-22 1452 DK9BT         59  B04               DM5R         59  D20
QSO: 7000  PH 2023-10-22 1455 DK9BT         59  B04               9A3AG        59  092
QSO: 7000  PH 2023-10-22 1458 DK9BT         59  B04               OK1KKI       59  604
END-OF-LOG:
