START-OF-LOG: 3.0
CATEGORY: Single operator, SSB, low power
CONTEST: WAG
SPECIFIC: P21
CALLSIGN: DK6SN
LOCATION: DX
CLAIMED-SCORE: 13545
CREATED-BY: HAM OFFICE (REL.6.276.2) HTTP://WWW.HAMOFFICE.DE, modified by DXHF upload.
CLUB: DARC
OPERATORS: DK6SN
QSO: 14000 PH  2020-10-17 1504 DK6SN 59  P21               DR0W       59  T13
QSO: 14000 PH  2020-10-17 1525 DK6SN 59  P21               YT5LD      59  015
QSO: 14000 PH  2020-10-17 1541 DK6SN 59  P21               RA3OA      59  025
QSO: 14000 PH  2020-10-17 1546 DK6SN 59  P21               EC1DD      59  109
QSO: 14000 PH  2020-10-17 1550 DK6SN 59  P21               SV3DCX     59  124
QSO: 14000 PH  2020-10-17 1600 DK6SN 59  P21               EA7ATX     59  052
QSO: 14000 PH  2020-10-17 1602 DK6SN 59  P21               SX9V       59  039
QSO: 14000 PH  2020-10-17 1610 DK6SN 59  P21               CR3W       59  169
QSO: 14000 PH  2020-10-17 1637 DK6SN 59  P21               K2XA       59  064
QSO: 14000 PH  2020-10-17 1646 DK6SN 59  P21               EA3IM      59  115
QSO: 14000 PH  2020-10-17 1650 DK6SN 59  P21               EA5JN      59  151
QSO: 14000 PH  2020-10-17 1727 DK6SN 59  P21               9G5FI      59  253
QSO: 14000 PH  2020-10-17 1736 DK6SN 59  P21               PY5QW      59  043
QSO: 14000 PH  2020-10-17 1740 DK6SN 59  P21               PY4AZ      59  094
QSO: 14000 PH  2020-10-17 1746 DK6SN 59  P21               EB7DX      59  078
QSO: 7000  PH  2020-10-17 2014 DK6SN 59  P21               LZ5R       59  735
QSO: 7000  PH  2020-10-17 2017 DK6SN 59  P21               IF9A       59  347
QSO: 7000  PH  2020-10-17 2024 DK6SN 59  P21               YO3WL      59  133
QSO: 7000  PH  2020-10-17 2031 DK6SN 59  P21               EA2AOO/P   59  094
QSO: 7000  PH  2020-10-17 2034 DK6SN 59  P21               UX1AA      59  544
QSO: 7000  PH  2020-10-17 2043 DK6SN 59  P21               RA4AR      59  319
QSO: 7000  PH  2020-10-17 2052 DK6SN 59  P21               UT4U       59  602
QSO: 7000  PH  2020-10-17 2056 DK6SN 59  P21               RA2ARR     59  150
QSO: 7000  PH  2020-10-17 2101 DK6SN 59  P21               SV3SKM     59  127
QSO: 3500  PH  2020-10-17 2127 DK6SN 59  P21               HB9NE      59  011
QSO: 3500  PH  2020-10-17 2145 DK6SN 59  P21               DP4B       59  H46
QSO: 3500  PH  2020-10-17 2147 DK6SN 59  P21               SP6YG      59  200
QSO: 3500  PH  2020-10-17 2152 DK6SN 59  P21               PF70DARC   59  448
QSO: 3500  PH  2020-10-17 2153 DK6SN 59  P21               DL4RCE     59  U14
QSO: 3500  PH  2020-10-17 2155 DK6SN 59  P21               DK0HF      59  N08
QSO: 3500  PH  2020-10-17 2158 DK6SN 59  P21               YL3CW      59  653
QSO: 3500  PH  2020-10-17 2159 DK6SN 59  P21               DL9UP      59  Q05
QSO: 3500  PH  2020-10-17 2201 DK6SN 59  P21               OK1AY      59  376
QSO: 3500  PH  2020-10-17 2204 DK6SN 59  P21               G6MC       59  154
QSO: 3500  PH  2020-10-17 2245 DK6SN 59  P21               DK1FW      59  P39
QSO: 3500  PH  2020-10-17 2251 DK6SN 59  P21               DK3BK      59  Z87
QSO: 3500  PH  2020-10-17 2251 DK6SN 59  P21               DK1K       59  G14
QSO: 3500  PH  2020-10-17 2259 DK6SN 59  P21               DK1RU      59  P11
QSO: 3500  PH  2020-10-17 2302 DK6SN 59  P21               DK0FC      59  I18
QSO: 3500  PH  2020-10-17 2313 DK6SN 59  P21               DL2BER     59  P43
QSO: 3500  PH  2020-10-17 2325 DK6SN 59  P21               DH0F       59  B09
QSO: 3500  PH  2020-10-17 2330 DK6SN 59  P21               DA0T       59  E38
QSO: 3500  PH  2020-10-17 2332 DK6SN 59  P21               LY9A       59  662
QSO: 3500  PH  2020-10-17 2335 DK6SN 59  P21               DO7PD      59  N29
QSO: 3500  PH  2020-10-17 2337 DK6SN 59  P21               IK2YCW     59  620
QSO: 3500  PH  2020-10-17 2341 DK6SN 59  P21               DG1YKW     59  N20
QSO: 3500  PH  2020-10-17 2349 DK6SN 59  P21               SP9QMP     59  120
QSO: 3500  PH  2020-10-17 2353 DK6SN 59  P21               DG1ATN     59  X34
QSO: 3500  PH  2020-10-17 2354 DK6SN 59  P21               LZ5R       59  1070
QSO: 3500  PH  2020-10-17 2358 DK6SN 59  P21               DL0AH      59  F01
QSO: 3500  PH  2020-10-18 0008 DK6SN 59  P21               DL2KUH     59  C01
QSO: 3500  PH  2020-10-18 0046 DK6SN 59  P21               SQ5CQ      59  136
QSO: 3500  PH  2020-10-18 0049 DK6SN 59  P21               DJ4MH      59  I38
QSO: 3500  PH  2020-10-18 0052 DK6SN 59  P21               IZ2KXC     59  632
QSO: 3500  PH  2020-10-18 0054 DK6SN 59  P21               DL2IAC     59  A12
QSO: 3500  PH  2020-10-18 0056 DK6SN 59  P21               DG9SEH     59  P47
QSO: 3500  PH  2020-10-18 0057 DK6SN 59  P21               DO4MM      59  I13
QSO: 3500  PH  2020-10-18 0100 DK6SN 59  P21               DP6T       59  F49
QSO: 3500  PH  2020-10-18 0104 DK6SN 59  P21               SO5MAX     59  141
QSO: 3500  PH  2020-10-18 0109 DK6SN 59  P21               DK2FL      59  R27
QSO: 3500  PH  2020-10-18 0113 DK6SN 59  P21               DL5PIA     59  P18
QSO: 3500  PH  2020-10-18 0117 DK6SN 59  P21               DL1WA      59  X28
QSO: 3500  PH  2020-10-18 0118 DK6SN 59  P21               DL3RAR     59  U14
QSO: 3500  PH  2020-10-18 0125 DK6SN 59  P21               DK0TP      59  P34
QSO: 3500  PH  2020-10-18 0131 DK6SN 59  P21               DL7VEE     59  D26
QSO: 3500  PH  2020-10-18 0133 DK6SN 59  P21               DF0BG      59  G19
QSO: 3500  PH  2020-10-18 0136 DK6SN 59  P21               DA0BCC     59  BCC
QSO: 3500  PH  2020-10-18 0207 DK6SN 59  P21               DF70DARC   59  70DARC
QSO: 3500  PH  2020-10-18 0210 DK6SN 59  P21               DM30RSV    59  30RSV
QSO: 3500  PH  2020-10-18 0212 DK6SN 59  P21               DL6ZBN     59  F27
QSO: 3500  PH  2020-10-18 0215 DK6SN 59  P21               DF0RW      59  R17
QSO: 3500  PH  2020-10-18 0220 DK6SN 59  P21               DH0MB      59  K34
QSO: 3500  PH  2020-10-18 0227 DK6SN 59  P21               DQ7Y       59  B21
QSO: 3500  PH  2020-10-18 0233 DK6SN 59  P21               DJ6NL      59  P09
QSO: 3500  PH  2020-10-18 0243 DK6SN 59  P21               DF8KVK     59  C01
QSO: 3500  PH  2020-10-18 0248 DK6SN 59  P21               DK5DQ      59  O32
QSO: 3500  PH  2020-10-18 0251 DK6SN 59  P21               DL1DY      59  L02
QSO: 3500  PH  2020-10-18 0252 DK6SN 59  P21               DK0FR      59  A05
QSO: 3500  PH  2020-10-18 0257 DK6SN 59  P21               DL8L       59  K06
QSO: 3500  PH  2020-10-18 0259 DK6SN 59  P21               DM3ZF      59  Y28
QSO: 3500  PH  2020-10-18 0303 DK6SN 59  P21               DL0MCM     59  50SMR
QSO: 3500  PH  2020-10-18 0304 DK6SN 59  P21               DB1BAC     59  I18
QSO: 3500  PH  2020-10-18 0308 DK6SN 59  P21               DL0LK      59  E03
QSO: 3500  PH  2020-10-18 0310 DK6SN 59  P21               DL0MBG     59  X16
QSO: 3500  PH  2020-10-18 0313 DK6SN 59  P21               DJ4ZZ      59  H07
QSO: 3500  PH  2020-10-18 0317 DK6SN 59  P21               DF5A       59  V11
QSO: 3500  PH  2020-10-18 0322 DK6SN 59  P21               DH4PSG     59  N20
QSO: 3500  PH  2020-10-18 0323 DK6SN 59  P21               DL1ATZ     59  X23
QSO: 3500  PH  2020-10-18 0326 DK6SN 59  P21               DM4L       59  B41
QSO: 3500  PH  2020-10-18 0358 DK6SN 59  P21               CR3W       59  1244
QSO: 3500  PH  2020-10-18 0418 DK6SN 59  P21               DL4VDA     59  U01
QSO: 3500  PH  2020-10-18 0437 DK6SN 59  P21               DM5B       59  Y26
QSO: 14000 PH  2020-10-18 1011 DK6SN 59  P21               SV1JG      59  550
QSO: 14000 PH  2020-10-18 1012 DK6SN 59  P21               SV3RPQ     59  455
QSO: 14000 PH  2020-10-18 1015 DK6SN 59  P21               GI4VHO     59  044
QSO: 14000 PH  2020-10-18 1018 DK6SN 59  P21               RZ3Z       59  392
QSO: 14000 PH  2020-10-18 1023 DK6SN 59  P21               EW7BA      59  372
QSO: 14000 PH  2020-10-18 1027 DK6SN 59  P21               RA9V       59  239
QSO: 14000 PH  2020-10-18 1030 DK6SN 59  P21               TA2IB      59  204
QSO: 14000 PH  2020-10-18 1033 DK6SN 59  P21               YO3WL      59  530
QSO: 14000 PH  2020-10-18 1040 DK6SN 59  P21               CT7AKW     59  116
QSO: 14000 PH  2020-10-18 1055 DK6SN 59  P21               LZ1QN      59  1211
QSO: 14000 PH  2020-10-18 1100 DK6SN 59  P21               LZ9R       59  1160
QSO: 14000 PH  2020-10-18 1102 DK6SN 59  P21               RA3Y       59  834
QSO: 14000 PH  2020-10-18 1103 DK6SN 59  P21               OH6BQH     59  218
QSO: 14000 PH  2020-10-18 1115 DK6SN 59  P21               OH3BCX     59  494
QSO: 14000 PH  2020-10-18 1125 DK6SN 59  P21               OH6MSZ     59  684
QSO: 14000 PH  2020-10-18 1131 DK6SN 59  P21               EW5Z       59  096
QSO: 14000 PH  2020-10-18 1207 DK6SN 59  P21               EA2AOO/P   59  242
QSO: 14000 PH  2020-10-18 1208 DK6SN 59  P21               YQ6A       59  798
QSO: 14000 PH  2020-10-18 1215 DK6SN 59  P21               UA9BA      59  554
QSO: 14000 PH  2020-10-18 1220 DK6SN 59  P21               R1IO       59  742
QSO: 14000 PH  2020-10-18 1224 DK6SN 59  P21               YL3CW      59  1405
QSO: 14000 PH  2020-10-18 1229 DK6SN 59  P21               SV3IEG     59  108
QSO: 14000 PH  2020-10-18 1232 DK6SN 59  P21               YO8RZJ     59  299
QSO: 14000 PH  2020-10-18 1239 DK6SN 59  P21               R2ARR      59  728
QSO: 14000 PH  2020-10-18 1242 DK6SN 59  P21               K3ZO       59  945
QSO: 14000 PH  2020-10-18 1246 DK6SN 59  P21               RN3B       59  359
QSO: 14000 PH  2020-10-18 1250 DK6SN 59  P21               MM5AII     59  045
QSO: 14000 PH  2020-10-18 1303 DK6SN 59  P21               LA2T       59  172
QSO: 14000 PH  2020-10-18 1351 DK6SN 59  P21               RL4F       59  1426
QSO: 7000  PH  2020-10-18 1407 DK6SN 59  P21               DA0T       59  E38
QSO: 7000  PH  2020-10-18 1413 DK6SN 59  P21               SP6YG      59  440
QSO: 7000  PH  2020-10-18 1422 DK6SN 59  P21               S52ON      59  148
QSO: 7000  PH  2020-10-18 1423 DK6SN 59  P21               DL3LAB     59  M15
QSO: 7000  PH  2020-10-18 1431 DK6SN 59  P21               SP9QMP     59  655
QSO: 7000  PH  2020-10-18 1433 DK6SN 59  P21               DK8OL      59  M19
QSO: 7000  PH  2020-10-18 1437 DK6SN 59  P21               DL1DUO     59  S07
QSO: 7000  PH  2020-10-18 1440 DK6SN 59  P21               LY4T       59  714
QSO: 7000  PH  2020-10-18 1444 DK6SN 59  P21               DQ1P       59  E34
QSO: 7000  PH  2020-10-18 1447 DK6SN 59  P21               DJ4ZZ      59  H07
QSO: 7000  PH  2020-10-18 1448 DK6SN 59  P21               YL3CW      59  1560
QSO: 7000  PH  2020-10-18 1449 DK6SN 59  P21               DL5GA      59  X34
QSO: 7000  PH  2020-10-18 1452 DK6SN 59  P21               OE3TWA     59  258
QSO: 7000  PH  2020-10-18 1456 DK6SN 59  P21               S57DX      59  829
END-OF-LOG:
