START-OF-LOG: 2.0
CATEGORY: Single operator, CW, low power
CONTEST: WAG
SPECIFIC: H32
CREATED-BY: Win-Test 4.7.0, modified by DXHF upload.
CALLSIGN: DM5MA
CLAIMED-SCORE: 102723
OPERATORS:
CLUB: DARC
QSO: 21117 CW 2020-10-17 1501 DM5MA         599 H32    4X0AAP/25     599 000
QSO: 21117 CW 2020-10-17 1507 DM5MA         599 H32    N4BP          599 014
QSO: 21117 CW 2020-10-17 1511 DM5MA         599 H32    NC1CC         599 013
QSO: 21117 CW 2020-10-17 1513 DM5MA         599 H32    AA3B          599 021
QSO: 14047 CW 2020-10-17 1517 DM5MA         599 H32    DK9OY         599 H32
QSO: 14047 CW 2020-10-17 1518 DM5MA         599 H32    LZ5R          599 043
QSO: 14047 CW 2020-10-17 1521 DM5MA         599 H32    NN2DX         599 SCO
QSO: 14047 CW 2020-10-17 1523 DM5MA         599 H32    LZ6E          599 029
QSO: 14047 CW 2020-10-17 1527 DM5MA         599 H32    DL4CF         599 NM
QSO: 14047 CW 2020-10-17 1528 DM5MA         599 H32    K3WW          599 069
QSO: 14047 CW 2020-10-17 1530 DM5MA         599 H32    OY1CT         599 054
QSO: 14047 CW 2020-10-17 1531 DM5MA         599 H32    UD4F          599 041
QSO: 14047 CW 2020-10-17 1533 DM5MA         599 H32    EA4OR         599 041
QSO: 14047 CW 2020-10-17 1536 DM5MA         599 H32    EA4AOC        599 024
QSO: 14047 CW 2020-10-17 1539 DM5MA         599 H32    W7SW          599 015
QSO: 14047 CW 2020-10-17 1543 DM5MA         599 H32    SV1JG         599 006
QSO: 14047 CW 2020-10-17 1544 DM5MA         599 H32    RN6AT         599 030
QSO: 14047 CW 2020-10-17 1548 DM5MA         599 H32    DL2DX         599 S07
QSO: 14047 CW 2020-10-17 1551 DM5MA         599 H32    N4BP          599 079
QSO: 14047 CW 2020-10-17 1555 DM5MA         599 H32    DL5JS         599 R01
QSO: 14047 CW 2020-10-17 1558 DM5MA         599 H32    DL0XM         599 S41
QSO: 14047 CW 2020-10-17 1600 DM5MA         599 H32    SV1BJV/6      599 090
QSO: 14047 CW 2020-10-17 1602 DM5MA         599 H32    SV1ENG        599 123
QSO: 14047 CW 2020-10-17 1604 DM5MA         599 H32    4O4T          599 077
QSO: 14047 CW 2020-10-17 1607 DM5MA         599 H32    DK9PY         599 K04
QSO: 14047 CW 2020-10-17 1608 DM5MA         599 H32    EA1X          599 130
QSO: 14047 CW 2020-10-17 1609 DM5MA         599 H32    EA5ITT        599 061
QSO: 14047 CW 2020-10-17 1610 DM5MA         599 H32    CR5O          599 087
QSO: 14047 CW 2020-10-17 1612 DM5MA         599 H32    F6IRA         599 032
QSO: 14047 CW 2020-10-17 1616 DM5MA         599 H32    AA3B          599 207
QSO: 14047 CW 2020-10-17 1619 DM5MA         599 H32    TA2SE         599 089
QSO: 14047 CW 2020-10-17 1624 DM5MA         599 H32    EA1IQ         599 134
QSO: 14047 CW 2020-10-17 1626 DM5MA         599 H32    K8MP          599 049
QSO: 14047 CW 2020-10-17 1630 DM5MA         599 H32    GM0ELP        599 015
QSO: 14047 CW 2020-10-17 1631 DM5MA         599 H32    NC1CC         599 079
QSO: 14047 CW 2020-10-17 1632 DM5MA         599 H32    N3QE          599 095
QSO: 14047 CW 2020-10-17 1634 DM5MA         599 H32    KE0UI         599 015
QSO: 14047 CW 2020-10-17 1636 DM5MA         599 H32    K1CX          599 019
QSO: 14047 CW 2020-10-17 1638 DM5MA         599 H32    N3RD          599 099
QSO:  3536 CW 2020-10-17 1645 DM5MA         599 H32    SP3CW         599 022
QSO:  3536 CW 2020-10-17 1649 DM5MA         599 H32    DL3ANK        599 X43
QSO:  3536 CW 2020-10-17 1650 DM5MA         599 H32    OK2TJ         599 069
QSO:  3536 CW 2020-10-17 1651 DM5MA         599 H32    OK1DSZ        599 033
QSO:  3536 CW 2020-10-17 1653 DM5MA         599 H32    DL1LOD        599 S41
QSO:  3536 CW 2020-10-17 1656 DM5MA         599 H32    DL1KAS        599 G07
QSO:  3536 CW 2020-10-17 1658 DM5MA         599 H32    DM5AA         599 V11
QSO:  3536 CW 2020-10-17 1701 DM5MA         599 H32    DL0MCM        599 000
QSO:  7018 CW 2020-10-17 1704 DM5MA         599 H32    R7AW          599 130
QSO:  7018 CW 2020-10-17 1707 DM5MA         599 H32    YL3CW         599 233
QSO:  7018 CW 2020-10-17 1709 DM5MA         599 H32    R4IO          599 102
QSO:  7018 CW 2020-10-17 1711 DM5MA         599 H32    LZ6E          599 179
QSO:  7018 CW 2020-10-17 1711 DM5MA         599 H32    YT4W          599 152
QSO:  7018 CW 2020-10-17 1713 DM5MA         599 H32    YQ6A          599 129
QSO:  7018 CW 2020-10-17 1714 DM5MA         599 H32    4O4T          599 211
QSO:  7018 CW 2020-10-17 1715 DM5MA         599 H32    RA4AR         599 128
QSO:  7018 CW 2020-10-17 1718 DM5MA         599 H32    UX1AA         599 072
QSO:  7018 CW 2020-10-17 1722 DM5MA         599 H32    YT1Q          599 086
QSO:  7018 CW 2020-10-17 1725 DM5MA         599 H32    IF9A          599 217
QSO:  7018 CW 2020-10-17 1726 DM5MA         599 H32    EA4OR         599 190
QSO:  7018 CW 2020-10-17 1728 DM5MA         599 H32    YO5ODT        599 042
QSO:  7018 CW 2020-10-17 1730 DM5MA         599 H32    YT6W          599 190
QSO:  7018 CW 2020-10-17 1737 DM5MA         599 H32    RD8D          599 050
QSO:  7018 CW 2020-10-17 1743 DM5MA         599 H32    9A1AA         599 115
QSO:  7018 CW 2020-10-17 1747 DM5MA         599 H32    SV1JG         599 189
QSO:  7018 CW 2020-10-17 1750 DM5MA         599 H32    IK2QEI        599 005
QSO:  7018 CW 2020-10-17 1751 DM5MA         599 H32    LZ6F          599 098
QSO:  7018 CW 2020-10-17 1753 DM5MA         599 H32    LZ5R          599 363
QSO:  7018 CW 2020-10-17 1755 DM5MA         599 H32    EA1IQ         599 242
QSO:  7018 CW 2020-10-17 1757 DM5MA         599 H32    OM7M          599 144
QSO:  7018 CW 2020-10-17 1800 DM5MA         599 H32    YT2AAA        599 190
QSO:  7018 CW 2020-10-17 1801 DM5MA         599 H32    SV5DKL        599 238
QSO:  7018 CW 2020-10-17 1804 DM5MA         599 H32    F6IRA         599 131
QSO:  7018 CW 2020-10-17 1807 DM5MA         599 H32    EV1R          599 210
QSO:  3536 CW 2020-10-17 1811 DM5MA         599 H32    DL8BH         599 M30
QSO:  3536 CW 2020-10-17 1812 DM5MA         599 H32    DL3JAN        599 S07
QSO:  3536 CW 2020-10-17 1814 DM5MA         599 H32    DL5FU         599 Z91
QSO:  3536 CW 2020-10-17 1815 DM5MA         599 H32    DL1BUG        599 Y15
QSO:  3536 CW 2020-10-17 1817 DM5MA         599 H32    DF6PB         599 K14
QSO:  3536 CW 2020-10-17 1823 DM5MA         599 H32    DQ1V          599 V19
QSO:  3536 CW 2020-10-17 1823 DM5MA         599 H32    OZ3SM         599 009
QSO:  3536 CW 2020-10-17 1825 DM5MA         599 H32    SN5N          599 065
QSO:  3536 CW 2020-10-17 1828 DM5MA         599 H32    DK9PY         599 K04
QSO:  3536 CW 2020-10-17 1830 DM5MA         599 H32    DK0MM         599 CM19
QSO:  3536 CW 2020-10-17 1831 DM5MA         599 H32    DL5JQ         599 R25
QSO:  3536 CW 2020-10-17 1832 DM5MA         599 H32    DJ5MO         599 I43
QSO:  3536 CW 2020-10-17 1834 DM5MA         599 H32    DL7YS         599 D06
QSO:  3536 CW 2020-10-17 1837 DM5MA         599 H32    DR5X          599 M11
QSO:  3536 CW 2020-10-17 1838 DM5MA         599 H32    DJ9DZ         599 N06
QSO:  3536 CW 2020-10-17 1839 DM5MA         599 H32    DL6RDE        599 Z64
QSO:  3536 CW 2020-10-17 1840 DM5MA         599 H32    LZ6E          599 277
QSO:  3536 CW 2020-10-17 1842 DM5MA         599 H32    HB9DHG        599 143
QSO:  3536 CW 2020-10-17 1843 DM5MA         599 H32    DF1DT         599 O40
QSO:  3536 CW 2020-10-17 1844 DM5MA         599 H32    DL3XM         599 S41
QSO:  3536 CW 2020-10-17 1845 DM5MA         599 H32    DL7VOG        599 D26
QSO:  3536 CW 2020-10-17 1846 DM5MA         599 H32    DK5KK         599 L05
QSO:  3536 CW 2020-10-17 1847 DM5MA         599 H32    DL3AZ         599 NM
QSO:  3536 CW 2020-10-17 1848 DM5MA         599 H32    OK7Z          599 219
QSO:  3536 CW 2020-10-17 1850 DM5MA         599 H32    DL1CW         599 P51
QSO:  3536 CW 2020-10-17 1858 DM5MA         599 H32    DL1WA         599 X28
QSO:  3536 CW 2020-10-17 1859 DM5MA         599 H32    DJ2XY         599 E33
QSO:  3536 CW 2020-10-17 1859 DM5MA         599 H32    SN1T          599 221
QSO:  3536 CW 2020-10-17 1903 DM5MA         599 H32    DL4HRM        599 W35
QSO:  3536 CW 2020-10-17 1906 DM5MA         599 H32    DL6RAI        599 U08
QSO:  3536 CW 2020-10-17 1908 DM5MA         599 H32    DK0VLP        599 QRP
QSO:  3536 CW 2020-10-17 1909 DM5MA         599 H32    DL2VK         599 U07
QSO:  3536 CW 2020-10-17 1913 DM5MA         599 H32    DL6ON         599 H05
QSO:  3536 CW 2020-10-17 1914 DM5MA         599 H32    DK70DARC      599 70DARC
QSO:  3536 CW 2020-10-17 1919 DM5MA         599 H32    DL3DQL        599 S02
QSO:  3536 CW 2020-10-17 1920 DM5MA         599 H32    OU2I          599 084
QSO:  3536 CW 2020-10-17 1921 DM5MA         599 H32    OR5T          599 086
QSO:  3536 CW 2020-10-17 1925 DM5MA         599 H32    DL4ME         599 U30
QSO:  3536 CW 2020-10-17 1931 DM5MA         599 H32    DL2DX         599 S07
QSO:  7018 CW 2020-10-17 1934 DM5MA         599 H32    DL1BUG        599 Y15
QSO:  7018 CW 2020-10-17 1935 DM5MA         599 H32    LZ3ZZ         599 274
QSO:  7018 CW 2020-10-17 1941 DM5MA         599 H32    ZA1F          599 123
QSO:  7018 CW 2020-10-17 1946 DM5MA         599 H32    SV1ENG        599 323
QSO:  7018 CW 2020-10-17 1949 DM5MA         599 H32    EI8JX         599 076
QSO:  7018 CW 2020-10-17 1951 DM5MA         599 H32    IZ8GCB        599 030
QSO:  7018 CW 2020-10-17 1954 DM5MA         599 H32    F5VBU         599 126
QSO:  7018 CW 2020-10-17 1956 DM5MA         599 H32    RK3DK         599 050
QSO:  7018 CW 2020-10-17 1959 DM5MA         599 H32    EA3AKA        599 038
QSO:  7018 CW 2020-10-17 1959 DM5MA         599 H32    UC5D          599 015
QSO:  7018 CW 2020-10-17 2001 DM5MA         599 H32    LZ9R          599 192
QSO:  7018 CW 2020-10-17 2004 DM5MA         599 H32    RK3P          599 110
QSO:  7018 CW 2020-10-17 2007 DM5MA         599 H32    9A5AX         599 031
QSO:  7018 CW 2020-10-17 2009 DM5MA         599 H32    YO8RXP        599 024
QSO:  7018 CW 2020-10-17 2013 DM5MA         599 H32    DF0RW         599 R17
QSO: 14047 CW 2020-10-17 2020 DM5MA         599 H32    PY5AMF        599 076
QSO: 14047 CW 2020-10-17 2028 DM5MA         599 H32    PP5BK         599 143
QSO: 14047 CW 2020-10-17 2034 DM5MA         599 H32    XQ1KZ         599 041
QSO:  3536 CW 2020-10-17 2101 DM5MA         599 H32    DF1LX         599 M15
QSO:  3536 CW 2020-10-17 2103 DM5MA         599 H32    DJ2QV         599 C30
QSO:  3536 CW 2020-10-17 2104 DM5MA         599 H32    DL3NEY        599 B36
QSO:  3536 CW 2020-10-17 2105 DM5MA         599 H32    DK5XG         599 E22
QSO:  3536 CW 2020-10-17 2106 DM5MA         599 H32    DL8DYL        599 S01
QSO:  3536 CW 2020-10-17 2109 DM5MA         599 H32    DH8VV         599 B25
QSO:  3536 CW 2020-10-17 2110 DM5MA         599 H32    YL3CW         599 618
QSO:  3536 CW 2020-10-17 2112 DM5MA         599 H32    DP4X          599 C26
QSO:  3536 CW 2020-10-17 2115 DM5MA         599 H32    DL1HWS        599 W18
QSO:  3536 CW 2020-10-17 2116 DM5MA         599 H32    LY4T          599 221
QSO:  3536 CW 2020-10-17 2116 DM5MA         599 H32    SP3SLU        599 028
QSO:  3536 CW 2020-10-17 2118 DM5MA         599 H32    DJ2FR         599 C06
QSO:  3536 CW 2020-10-17 2118 DM5MA         599 H32    DD5M          599 C01
QSO:  3536 CW 2020-10-17 2119 DM5MA         599 H32    F6IRA         599 343
QSO:  3536 CW 2020-10-17 2124 DM5MA         599 H32    DP6T          599 F49
QSO:  3536 CW 2020-10-17 2126 DM5MA         599 H32    DJ9AO         599 X22
QSO:  3536 CW 2020-10-17 2127 DM5MA         599 H32    DL8UAT        599 Y43
QSO:  3536 CW 2020-10-17 2128 DM5MA         599 H32    DL3RHN        599 V22
QSO:  3536 CW 2020-10-17 2129 DM5MA         599 H32    OK5TFC        599 071
QSO:  3536 CW 2020-10-17 2132 DM5MA         599 H32    DL9ABM        599 H07
QSO:  3536 CW 2020-10-17 2133 DM5MA         599 H32    DK1WI         599 O16
QSO:  3536 CW 2020-10-17 2134 DM5MA         599 H32    SO3O          599 039
QSO:  3536 CW 2020-10-17 2136 DM5MA         599 H32    DL6CT         599 Y13
QSO:  3536 CW 2020-10-17 2138 DM5MA         599 H32    DK4SR         599 F24
QSO:  3536 CW 2020-10-17 2139 DM5MA         599 H32    DJ4MH         599 I38
QSO:  3536 CW 2020-10-17 2141 DM5MA         599 H32    DF6RI         599 U15
QSO:  3536 CW 2020-10-17 2143 DM5MA         599 H32    DF4UM         599 P07
QSO:  3536 CW 2020-10-17 2144 DM5MA         599 H32    DK3WW         599 Y09
QSO:  3536 CW 2020-10-17 2147 DM5MA         599 H32    DM3F          599 S07
QSO:  3536 CW 2020-10-17 2148 DM5MA         599 H32    DK1X          599 F35
QSO:  3536 CW 2020-10-17 2151 DM5MA         599 H32    DL3AMI        599 X04
QSO:  3536 CW 2020-10-17 2152 DM5MA         599 H32    DL5YL         599 Y21
QSO:  3536 CW 2020-10-17 2153 DM5MA         599 H32    DL0XM         599 S41
QSO:  3536 CW 2020-10-17 2156 DM5MA         599 H32    DL5WW         599 V22
QSO:  3536 CW 2020-10-17 2158 DM5MA         599 H32    DL8ULF        599 Y37
QSO:  3536 CW 2020-10-17 2159 DM5MA         599 H32    DL8WAA        599 S41
QSO:  3536 CW 2020-10-17 2200 DM5MA         599 H32    DL5DSB        599 S22
QSO:  3536 CW 2020-10-17 2204 DM5MA         599 H32    LZ5XQ         599 051
QSO:  3536 CW 2020-10-17 2207 DM5MA         599 H32    DL7JV         599 D08
QSO:  3536 CW 2020-10-17 2208 DM5MA         599 H32    SP3VT         599 319
QSO:  3536 CW 2020-10-17 2210 DM5MA         599 H32    DM4MN         599 R03
QSO:  3536 CW 2020-10-17 2211 DM5MA         599 H32    OK1VK         599 200
QSO:  3536 CW 2020-10-17 2213 DM5MA         599 H32    OH1TM         599 181
QSO:  3536 CW 2020-10-17 2215 DM5MA         599 H32    E7/Z35M       599 071
QSO:  3536 CW 2020-10-17 2217 DM5MA         599 H32    DQ5M          599 C25
QSO:  3536 CW 2020-10-17 2218 DM5MA         599 H32    DM5DM         599 S29
QSO:  3536 CW 2020-10-17 2222 DM5MA         599 H32    DQ7Y          599 B19
QSO:  3536 CW 2020-10-17 2225 DM5MA         599 H32    DL3UB         599 U22
QSO:  3536 CW 2020-10-17 2226 DM5MA         599 H32    DL6KVA        599 V01
QSO:  3536 CW 2020-10-17 2228 DM5MA         599 H32    DL6AG         599 S44
QSO:  7018 CW 2020-10-17 2232 DM5MA         599 H32    IC8FBU        599 144
QSO:  7018 CW 2020-10-17 2237 DM5MA         599 H32    N3QE          599 228
QSO:  7018 CW 2020-10-17 2240 DM5MA         599 H32    NN2DX         599 SCO
QSO:  7018 CW 2020-10-17 2242 DM5MA         599 H32    CR3W          599 1018
QSO:  7018 CW 2020-10-17 2245 DM5MA         599 H32    LZ1QN         599 471
QSO:  7018 CW 2020-10-17 2248 DM5MA         599 H32    DL3UB         599 U22
QSO:  7018 CW 2020-10-17 2250 DM5MA         599 H32    AA3B          599 446
QSO:  7018 CW 2020-10-17 2252 DM5MA         599 H32    DL2DX         599 S07
QSO:  7018 CW 2020-10-17 2258 DM5MA         599 H32    DL0XM         599 S41
QSO:  7018 CW 2020-10-17 2300 DM5MA         599 H32    LZ2PS         599 205
QSO:  7018 CW 2020-10-17 2301 DM5MA         599 H32    NB1N          599 134
QSO:  7018 CW 2020-10-17 2306 DM5MA         599 H32    P3AA          599 526
QSO:  7018 CW 2020-10-17 2310 DM5MA         599 H32    DL2VM         599 S36
QSO:  7018 CW 2020-10-17 2312 DM5MA         599 H32    K1GU          599 009
QSO:  7018 CW 2020-10-17 2315 DM5MA         599 H32    UT3QZ         599 123
QSO:  7018 CW 2020-10-17 2322 DM5MA         599 H32    NN3W          599 116
QSO:  7018 CW 2020-10-17 2326 DM5MA         599 H32    N3DXX         599 042
QSO:  3536 CW 2020-10-17 2333 DM5MA         599 H32    DL1A          599 C30
QSO:  3536 CW 2020-10-17 2334 DM5MA         599 H32    DL5SE         599 S54
QSO:  3536 CW 2020-10-17 2336 DM5MA         599 H32    DF0UK         599 A24
QSO:  3536 CW 2020-10-17 2338 DM5MA         599 H32    DL5SDN        599 P15
QSO:  3536 CW 2020-10-17 2342 DM5MA         599 H32    OM7M          599 501
QSO:  3536 CW 2020-10-17 2345 DM5MA         599 H32    SB3W          599 022
QSO:  3536 CW 2020-10-17 2348 DM5MA         599 H32    DR7B          599 S50
QSO:  3536 CW 2020-10-17 2350 DM5MA         599 H32    DJ2BC         599 V22
QSO:  3536 CW 2020-10-17 2352 DM5MA         599 H32    DL7VEE        599 D26
QSO:  3536 CW 2020-10-17 2353 DM5MA         599 H32    DL1VDL        599 S06
QSO:  3536 CW 2020-10-17 2354 DM5MA         599 H32    DF1MM         599 I18
QSO:  3536 CW 2020-10-17 2356 DM5MA         599 H32    DL0DAB        599 Y34
QSO:  3536 CW 2020-10-17 2357 DM5MA         599 H32    DL2LRT        599 S36
QSO:  3536 CW 2020-10-18 0000 DM5MA         599 H32    9A1AA         599 431
QSO:  3536 CW 2020-10-18 0004 DM5MA         599 H32    DJ2AX         599 X20
QSO:  3536 CW 2020-10-18 0008 DM5MA         599 H32    DK2BJ         599 G01
QSO:  3536 CW 2020-10-18 0012 DM5MA         599 H32    DK5OZ         599 D06
QSO:  3536 CW 2020-10-18 0017 DM5MA         599 H32    HB9CVQ        599 036
QSO:  3536 CW 2020-10-18 0018 DM5MA         599 H32    DC6K          599 I13
QSO:  3536 CW 2020-10-18 0020 DM5MA         599 H32    DL1GKC        599 A48
QSO:  3536 CW 2020-10-18 0021 DM5MA         599 H32    DL1DAW        599 O47
QSO:  3536 CW 2020-10-18 0024 DM5MA         599 H32    DD5DD         599 Z90
QSO:  3536 CW 2020-10-18 0026 DM5MA         599 H32    DK7HA         599 E02
QSO:  3536 CW 2020-10-18 0029 DM5MA         599 H32    DL0CK         599 R04
QSO:  3536 CW 2020-10-18 0030 DM5MA         599 H32    DK3YD         599 C12
QSO:  3536 CW 2020-10-18 0031 DM5MA         599 H32    DM4L          599 B41
QSO:  3536 CW 2020-10-18 0034 DM5MA         599 H32    Z66DX         599 504
QSO:  3536 CW 2020-10-18 0035 DM5MA         599 H32    DL4WA         599 X28
QSO:  3536 CW 2020-10-18 0036 DM5MA         599 H32    DQ1A          599 L03
QSO:  3536 CW 2020-10-18 0041 DM5MA         599 H32    DL0MBG        599 X16
QSO:  7018 CW 2020-10-18 0100 DM5MA         599 H32    K5KG          599 280
QSO:  7018 CW 2020-10-18 0109 DM5MA         599 H32    DL6KVA        599 V01
QSO:  7018 CW 2020-10-18 0120 DM5MA         599 H32    DM5Q          599 H32
QSO:  7018 CW 2020-10-18 0123 DM5MA         599 H32    DA0BCC        599 BCC
QSO:  7018 CW 2020-10-18 0130 DM5MA         599 H32    DL2VK         599 U07
QSO:  7018 CW 2020-10-18 0133 DM5MA         599 H32    N9RV          599 932
QSO:  7018 CW 2020-10-18 0136 DM5MA         599 H32    DL8DYL        599 S01
QSO:  3536 CW 2020-10-18 0142 DM5MA         599 H32    DA0T          599 E38
QSO:  3536 CW 2020-10-18 0145 DM5MA         599 H32    YQ6A          599 382
QSO:  3536 CW 2020-10-18 0147 DM5MA         599 H32    DA3T          599 S22
QSO:  3536 CW 2020-10-18 0149 DM5MA         599 H32    DM5M          599 X08
QSO:  3536 CW 2020-10-18 0152 DM5MA         599 H32    DA0CCC        599 D23
QSO:  3536 CW 2020-10-18 0154 DM5MA         599 H32    DL6UHA        599 Y27
QSO:  3536 CW 2020-10-18 0155 DM5MA         599 H32    DJ3WE         599 C01
QSO:  3536 CW 2020-10-18 0157 DM5MA         599 H32    DP6A          599 I49
QSO:  3536 CW 2020-10-18 0200 DM5MA         599 H32    DL6FBL        599 L06
QSO:  3536 CW 2020-10-18 0203 DM5MA         599 H32    DM5Q          599 H32
QSO:  3536 CW 2020-10-18 0205 DM5MA         599 H32    DM3X          599 V11
QSO:  3536 CW 2020-10-18 0211 DM5MA         599 H32    DF0R          599 L19
QSO:  3536 CW 2020-10-18 0212 DM5MA         599 H32    DF3VM         599 K05
QSO:  3536 CW 2020-10-18 0219 DM5MA         599 H32    DC6O          599 K06
QSO:  3536 CW 2020-10-18 0223 DM5MA         599 H32    YT6W          599 602
QSO:  3536 CW 2020-10-18 0234 DM5MA         599 H32    DL4FN         599 F35
QSO:  3536 CW 2020-10-18 0236 DM5MA         599 H32    DL3KUD        599 V14
QSO:  3536 CW 2020-10-18 0238 DM5MA         599 H32    DM7W          599 T19
QSO:  3536 CW 2020-10-18 0245 DM5MA         599 H32    DL7QU         599 D04
QSO: 21117 CW 2020-10-18 0641 DM5MA         599 H32    SV5DKL        599 635
QSO: 21117 CW 2020-10-18 0642 DM5MA         599 H32    RW4WA         599 321
QSO: 21117 CW 2020-10-18 0643 DM5MA         599 H32    RA9AP         599 184
QSO: 14047 CW 2020-10-18 0647 DM5MA         599 H32    LZ2RS         599 318
QSO: 14047 CW 2020-10-18 0650 DM5MA         599 H32    RW3YA         599 084
QSO: 14047 CW 2020-10-18 0653 DM5MA         599 H32    Z33B          599 262
QSO: 14047 CW 2020-10-18 0654 DM5MA         599 H32    LZ9R          599 236
QSO: 14047 CW 2020-10-18 0659 DM5MA         599 H32    RL4F          599 540
QSO: 14047 CW 2020-10-18 0701 DM5MA         599 H32    Z66DX         599 751
QSO: 14047 CW 2020-10-18 0702 DM5MA         599 H32    RZ9L          599 101
QSO:  7018 CW 2020-10-18 0711 DM5MA         599 H32    DL1A          599 C30
QSO:  7018 CW 2020-10-18 0712 DM5MA         599 H32    DJ2QV         599 C30
QSO:  7018 CW 2020-10-18 0713 DM5MA         599 H32    SN5N          599 226
QSO:  7018 CW 2020-10-18 0713 DM5MA         599 H32    SP4W          599 107
QSO:  7018 CW 2020-10-18 0714 DM5MA         599 H32    OL8R          599 149
QSO:  7018 CW 2020-10-18 0715 DM5MA         599 H32    F5IN          599 182
QSO:  7018 CW 2020-10-18 0716 DM5MA         599 H32    SN1T          599 482
QSO:  7018 CW 2020-10-18 0717 DM5MA         599 H32    YL7A          599 396
QSO:  7018 CW 2020-10-18 0719 DM5MA         599 H32    DH7KU         599 C28
QSO:  7018 CW 2020-10-18 0721 DM5MA         599 H32    IZ5EKV        599 015
QSO:  7018 CW 2020-10-18 0722 DM5MA         599 H32    DD5M          599 C01
QSO:  7018 CW 2020-10-18 0728 DM5MA         599 H32    OM3CW         599 020
QSO:  7018 CW 2020-10-18 0730 DM5MA         599 H32    9A3LG         599 276
QSO:  7018 CW 2020-10-18 0732 DM5MA         599 H32    DF3VM         599 K05
QSO:  7018 CW 2020-10-18 0733 DM5MA         599 H32    OK7Z          599 652
QSO:  7018 CW 2020-10-18 0735 DM5MA         599 H32    OK5M          599 155
QSO:  3536 CW 2020-10-18 0737 DM5MA         599 H32    DK2FG         599 N05
QSO:  7018 CW 2020-10-18 0755 DM5MA         599 H32    S57DX         599 379
QSO:  7018 CW 2020-10-18 0757 DM5MA         599 H32    SQ8LUU        599 130
QSO:  7018 CW 2020-10-18 0759 DM5MA         599 H32    OH1TM         599 304
QSO:  7018 CW 2020-10-18 0803 DM5MA         599 H32    S57NL         599 180
QSO:  7018 CW 2020-10-18 0804 DM5MA         599 H32    DJ1YFK        599 S07
QSO:  7018 CW 2020-10-18 0806 DM5MA         599 H32    SO4P          599 308
QSO:  7018 CW 2020-10-18 0807 DM5MA         599 H32    DK5XG         599 E22
QSO:  7018 CW 2020-10-18 0809 DM5MA         599 H32    HA7SBQ        599 556
QSO:  7018 CW 2020-10-18 0811 DM5MA         599 H32    DF7DARC       599 70DARC
QSO:  7018 CW 2020-10-18 0812 DM5MA         599 H32    S51DX         599 233
QSO:  7018 CW 2020-10-18 0816 DM5MA         599 H32    LY7W          599 268
QSO:  7018 CW 2020-10-18 0817 DM5MA         599 H32    DP4X          599 C26
QSO: 14047 CW 2020-10-18 0819 DM5MA         599 H32    UT3RN         599 229
QSO: 14047 CW 2020-10-18 0822 DM5MA         599 H32    YQ6A          599 522
QSO: 14047 CW 2020-10-18 0826 DM5MA         599 H32    TA3ST         599 042
QSO: 14047 CW 2020-10-18 0827 DM5MA         599 H32    UR6EA         599 309
QSO: 14047 CW 2020-10-18 0830 DM5MA         599 H32    LZ8E          599 988
QSO: 14047 CW 2020-10-18 0831 DM5MA         599 H32    LZ3QE         599 534
QSO: 21117 CW 2020-10-18 0837 DM5MA         599 H32    UA9CTT        599 396
QSO: 21117 CW 2020-10-18 0838 DM5MA         599 H32    R4BZ          599 371
QSO: 21117 CW 2020-10-18 0841 DM5MA         599 H32    UG4A          599 350
QSO: 21117 CW 2020-10-18 0845 DM5MA         599 H32    RA0AJ         599 146
QSO: 28009 CW 2020-10-18 0847 DM5MA         599 H32    DM5Q          599 H32
QSO:  7018 CW 2020-10-18 0848 DM5MA         599 H32    OE9WGI        599 099
QSO:  7018 CW 2020-10-18 0849 DM5MA         599 H32    OM3CPF        599 270
QSO:  7018 CW 2020-10-18 0853 DM5MA         599 H32    SN95IARU      599 442
QSO:  7018 CW 2020-10-18 0855 DM5MA         599 H32    G4EBK         599 136
QSO:  7018 CW 2020-10-18 0856 DM5MA         599 H32    DF0UK         599 A24
QSO:  7018 CW 2020-10-18 0856 DM5MA         599 H32    DL1CW         599 P51
QSO:  7018 CW 2020-10-18 0858 DM5MA         599 H32    HG6O          599 176
QSO:  7018 CW 2020-10-18 0904 DM5MA         599 H32    DK3GI         599 B40
QSO:  7018 CW 2020-10-18 0907 DM5MA         599 H32    SP7OGP        599 190
QSO:  7018 CW 2020-10-18 0908 DM5MA         599 H32    IK3QAR        599 121
QSO:  7018 CW 2020-10-18 0911 DM5MA         599 H32    DP6T          599 F49
QSO:  7018 CW 2020-10-18 0912 DM5MA         599 H32    CR6K          599 564
QSO:  7018 CW 2020-10-18 0915 DM5MA         599 H32    SP3VT         599 507
QSO:  7018 CW 2020-10-18 0917 DM5MA         599 H32    SP3SLU        599 039
QSO:  7018 CW 2020-10-18 0918 DM5MA         599 H32    OH3BCX        599 301
QSO:  7018 CW 2020-10-18 0920 DM5MA         599 H32    HA8TP         599 140
QSO:  7018 CW 2020-10-18 0922 DM5MA         599 H32    F5NBX         599 030
QSO:  7018 CW 2020-10-18 0923 DM5MA         599 H32    OM7LW         599 316
QSO:  7018 CW 2020-10-18 0924 DM5MA         599 H32    DJ3WE         599 C01
QSO:  7018 CW 2020-10-18 0926 DM5MA         599 H32    SF6W          599 452
QSO:  7018 CW 2020-10-18 0928 DM5MA         599 H32    OK2TJ         599 231
QSO:  7018 CW 2020-10-18 0929 DM5MA         599 H32    OZ3SM         599 186
QSO:  7018 CW 2020-10-18 0930 DM5MA         599 H32    DK2FG         599 N05
QSO:  7018 CW 2020-10-18 0933 DM5MA         599 H32    M0BEW         599 645
QSO:  7018 CW 2020-10-18 0935 DM5MA         599 H32    HB9DHG        599 436
QSO: 14047 CW 2020-10-18 0938 DM5MA         599 H32    OH3WW         599 296
QSO: 14047 CW 2020-10-18 0940 DM5MA         599 H32    UT3QZ         599 311
QSO: 14047 CW 2020-10-18 0941 DM5MA         599 H32    UW5Q          599 194
QSO: 14047 CW 2020-10-18 0946 DM5MA         599 H32    YO4NF         599 679
QSO: 14047 CW 2020-10-18 0950 DM5MA         599 H32    EW8OM         599 406
QSO: 14047 CW 2020-10-18 0951 DM5MA         599 H32    YL7X          599 1059
QSO: 14047 CW 2020-10-18 0952 DM5MA         599 H32    RY3PAE        599 007
QSO: 14047 CW 2020-10-18 0954 DM5MA         599 H32    US8UA         599 123
QSO: 14047 CW 2020-10-18 0957 DM5MA         599 H32    IZ8EYP        599 090
QSO: 21117 CW 2020-10-18 1006 DM5MA         599 H32    CR3W          599 1898
QSO: 21117 CW 2020-10-18 1010 DM5MA         599 H32    OG55W         599 267
QSO: 21117 CW 2020-10-18 1014 DM5MA         599 H32    R4IO          599 745
QSO: 21117 CW 2020-10-18 1015 DM5MA         599 H32    UA9LAO        599 314
QSO: 21117 CW 2020-10-18 1018 DM5MA         599 H32    R7MC          599 328
QSO: 21117 CW 2020-10-18 1026 DM5MA         599 H32    UD4F          599 392
QSO: 14047 CW 2020-10-18 1029 DM5MA         599 H32    RM3F          599 192
QSO: 14047 CW 2020-10-18 1030 DM5MA         599 H32    UA3LID        599 683
QSO: 14047 CW 2020-10-18 1033 DM5MA         599 H32    YT2ISM        599 027
QSO: 14047 CW 2020-10-18 1035 DM5MA         599 H32    DL8L          599 K06
QSO: 14047 CW 2020-10-18 1039 DM5MA         599 H32    DR7T          599 O47
QSO: 14047 CW 2020-10-18 1046 DM5MA         599 H32    R3QA          599 560
QSO: 14047 CW 2020-10-18 1049 DM5MA         599 H32    LZ2VP         599 161
QSO: 14047 CW 2020-10-18 1050 DM5MA         599 H32    RC9J          599 257
QSO: 14047 CW 2020-10-18 1055 DM5MA         599 H32    EV1R          599 826
QSO: 14047 CW 2020-10-18 1057 DM5MA         599 H32    RT5C          599 082
QSO: 14047 CW 2020-10-18 1101 DM5MA         599 H32    RL2D          599 374
QSO: 14047 CW 2020-10-18 1104 DM5MA         599 H32    US7IGN/P      599 082
QSO: 14047 CW 2020-10-18 1106 DM5MA         599 H32    N1UR          599 157
QSO: 14047 CW 2020-10-18 1112 DM5MA         599 H32    UX1AA         599 443
QSO: 14047 CW 2020-10-18 1114 DM5MA         599 H32    RA0AY         599 302
QSO: 14047 CW 2020-10-18 1115 DM5MA         599 H32    YO3LW         599 521
QSO: 14047 CW 2020-10-18 1116 DM5MA         599 H32    UT2UB         599 226
QSO: 14047 CW 2020-10-18 1117 DM5MA         599 H32    OH5TS         599 190
QSO: 21117 CW 2020-10-18 1120 DM5MA         599 H32    RM7C          599 438
QSO: 21117 CW 2020-10-18 1122 DM5MA         599 H32    RD8D          599 148
QSO: 21117 CW 2020-10-18 1124 DM5MA         599 H32    R7CT          599 475
QSO: 21117 CW 2020-10-18 1125 DM5MA         599 H32    RN4HAB        599 427
QSO: 21117 CW 2020-10-18 1127 DM5MA         599 H32    P3AA          599 880
QSO:  7018 CW 2020-10-18 1135 DM5MA         599 H32    DL3JAN        599 S07
QSO:  7018 CW 2020-10-18 1136 DM5MA         599 H32    DK0RPO        599 K26
QSO:  7018 CW 2020-10-18 1137 DM5MA         599 H32    DK0PO         599 O53
QSO:  7018 CW 2020-10-18 1138 DM5MA         599 H32    DR9Z          599 D20
QSO:  7018 CW 2020-10-18 1141 DM5MA         599 H32    DJ2BC         599 V22
QSO:  7018 CW 2020-10-18 1142 DM5MA         599 H32    DK1A          599 Y07
QSO:  7018 CW 2020-10-18 1143 DM5MA         599 H32    DL3TC         599 X22
QSO:  7018 CW 2020-10-18 1145 DM5MA         599 H32    DL2F          599 F07
QSO:  7018 CW 2020-10-18 1146 DM5MA         599 H32    DF0BV         599 C25
QSO:  7018 CW 2020-10-18 1151 DM5MA         599 H32    DL3ANK        599 X43
QSO:  7018 CW 2020-10-18 1152 DM5MA         599 H32    DL9SCO        599 T18
QSO:  7018 CW 2020-10-18 1152 DM5MA         599 H32    LX1NO         599 161
QSO:  7018 CW 2020-10-18 1153 DM5MA         599 H32    DL7VMM        599 D25
QSO:  7018 CW 2020-10-18 1154 DM5MA         599 H32    OZ2TF         599 136
QSO:  7018 CW 2020-10-18 1157 DM5MA         599 H32    DJ9MH         599 B10
QSO:  7018 CW 2020-10-18 1159 DM5MA         599 H32    DK3YD         599 C12
QSO:  7018 CW 2020-10-18 1200 DM5MA         599 H32    DJ3XA         599 V01
QSO:  7018 CW 2020-10-18 1202 DM5MA         599 H32    9A2AJ         599 065
QSO:  7018 CW 2020-10-18 1208 DM5MA         599 H32    DL9SUB        599 V14
QSO:  7018 CW 2020-10-18 1210 DM5MA         599 H32    DM5AA         599 V11
QSO:  7018 CW 2020-10-18 1212 DM5MA         599 H32    DK0KWS        599 40KWCS
QSO:  7018 CW 2020-10-18 1214 DM5MA         599 H32    PC5C          599 093
QSO:  7018 CW 2020-10-18 1217 DM5MA         599 H32    DL1NEO        599 B36
QSO:  7018 CW 2020-10-18 1219 DM5MA         599 H32    DL8BH         599 M30
QSO:  7018 CW 2020-10-18 1223 DM5MA         599 H32    SP3CW         599 429
QSO: 14047 CW 2020-10-18 1231 DM5MA         599 H32    IK8UND        599 402
QSO: 14047 CW 2020-10-18 1234 DM5MA         599 H32    IT9CKA        599 100
QSO: 21117 CW 2020-10-18 1238 DM5MA         599 H32    EA5CP         599 165
QSO: 21117 CW 2020-10-18 1245 DM5MA         599 H32    CT1DRB        599 434
QSO: 21117 CW 2020-10-18 1246 DM5MA         599 H32    LZ1M          599 273
QSO: 21117 CW 2020-10-18 1248 DM5MA         599 H32    9G5FI         599 1082
QSO:  7018 CW 2020-10-18 1251 DM5MA         599 H32    OE8TED        599 424
QSO:  7018 CW 2020-10-18 1252 DM5MA         599 H32    OE1CIW        599 409
QSO:  7018 CW 2020-10-18 1254 DM5MA         599 H32    DL2TR         599 P05
QSO:  7018 CW 2020-10-18 1256 DM5MA         599 H32    PA2PCH        599 217
QSO:  7018 CW 2020-10-18 1257 DM5MA         599 H32    G3SVK         599 211
QSO:  7018 CW 2020-10-18 1302 DM5MA         599 H32    DL5YM         599 Y21
QSO:  7018 CW 2020-10-18 1307 DM5MA         599 H32    OK6N          599 293
QSO:  7018 CW 2020-10-18 1308 DM5MA         599 H32    SP2GMA        599 309
QSO:  7018 CW 2020-10-18 1310 DM5MA         599 H32    DK5GB         599 P24
QSO:  7018 CW 2020-10-18 1311 DM5MA         599 H32    ON6PJ         599 174
QSO:  7018 CW 2020-10-18 1312 DM5MA         599 H32    PG2A          599 092
QSO:  7018 CW 2020-10-18 1313 DM5MA         599 H32    DL5WW         599 V22
QSO:  7018 CW 2020-10-18 1315 DM5MA         599 H32    DQ1V          599 V19
QSO:  7018 CW 2020-10-18 1316 DM5MA         599 H32    G3VIP         599 050
QSO: 14047 CW 2020-10-18 1326 DM5MA         599 H32    LZ1ND         599 701
QSO: 14047 CW 2020-10-18 1327 DM5MA         599 H32    UA3RBR        599 283
QSO: 14047 CW 2020-10-18 1329 DM5MA         599 H32    LY3PAE        599 102
QSO: 14047 CW 2020-10-18 1332 DM5MA         599 H32    RA3YDA        599 485
QSO: 14047 CW 2020-10-18 1333 DM5MA         599 H32    ZA1F          599 279
QSO:  7018 CW 2020-10-18 1338 DM5MA         599 H32    SK5AA         599 153
QSO:  7018 CW 2020-10-18 1340 DM5MA         599 H32    TM1LY         599 000
QSO:  7018 CW 2020-10-18 1342 DM5MA         599 H32    DK1X          599 F35
QSO:  7018 CW 2020-10-18 1344 DM5MA         599 H32    SP1AEN        599 267
QSO:  7018 CW 2020-10-18 1347 DM5MA         599 H32    PG2AA         599 125
QSO:  7018 CW 2020-10-18 1351 DM5MA         599 H32    EU5C          599 270
QSO:  7018 CW 2020-10-18 1358 DM5MA         599 H32    IK2WAD        599 062
QSO:  7018 CW 2020-10-18 1400 DM5MA         599 H32    IK3UNA        599 505
QSO:  7018 CW 2020-10-18 1405 DM5MA         599 H32    DD2AW         599 NM
QSO:  7018 CW 2020-10-18 1405 DM5MA         599 H32    EW5Z          599 264
QSO:  7018 CW 2020-10-18 1407 DM5MA         599 H32    S57WJ         599 198
QSO:  7018 CW 2020-10-18 1411 DM5MA         599 H32    DM3M          599 Q01
QSO:  7018 CW 2020-10-18 1415 DM5MA         599 H32    HB9CVQ        599 098
QSO:  7018 CW 2020-10-18 1416 DM5MA         599 H32    HA5OV         599 378
QSO:  7018 CW 2020-10-18 1417 DM5MA         599 H32    E74X          599 227
QSO:  7018 CW 2020-10-18 1418 DM5MA         599 H32    G4MBC         599 397
QSO:  7018 CW 2020-10-18 1423 DM5MA         599 H32    YL7X          599 1341
QSO:  7018 CW 2020-10-18 1425 DM5MA         599 H32    YL3GQ         599 093
QSO: 14047 CW 2020-10-18 1428 DM5MA         599 H32    VA1MM         599 143
QSO: 14047 CW 2020-10-18 1429 DM5MA         599 H32    VE3NNT        599 803
QSO: 14047 CW 2020-10-18 1430 DM5MA         599 H32    VA1AA         599 146
QSO: 14047 CW 2020-10-18 1433 DM5MA         599 H32    W7SW          599 173
QSO: 14047 CW 2020-10-18 1434 DM5MA         599 H32    K3AJ          599 721
QSO: 14047 CW 2020-10-18 1436 DM5MA         599 H32    K8MFO         599 625
QSO: 14047 CW 2020-10-18 1443 DM5MA         599 H32    CR3W          599 2431
QSO: 14047 CW 2020-10-18 1446 DM5MA         599 H32    IF9A          599 852
QSO: 14047 CW 2020-10-18 1449 DM5MA         599 H32    LZ1QN         599 1455
QSO: 14047 CW 2020-10-18 1451 DM5MA         599 H32    EA5CP         599 183
END-OF-LOG:
