START-OF-LOG: 3.0
CREATED-BY: reconstructed-log-builder
CONTEST: CQ-WPX-SSB
CALLSIGN: VE1TK
LOCATION: 
CATEGORY: CHECKLOG
CATEGORY-OPERATOR: SINGLE-OP
CATEGORY-BAND: ALL
CATEGORY-MODE: MIXED
CATEGORY-POWER: UNKNOWN
CATEGORY-ASSISTED: NON-ASSISTED
CATEGORY-TRANSMITTER: ONE
CATEGORY-STATION: UNKNOWN
CATEGORY-OVERLAY: 
OPERATORS: VE1TK
CLAIMED-SCORE: 
CLUB: 
NAME: 
SOAPBOX: RECONSTRUCTED MOCKUP LOG - NOT AN OFFICIAL SUBMISSION.
SOAPBOX: Derived from submitted logs for CQ-WPX-SSB CQWPX/ph/2020.
QSO:  7111 PH 2020-03-29 0742 VE1TK         59 0141 ZM1A          59 1569
QSO:  7180 PH 2020-03-29 0746 VE1TK         59 0152 VK2PR         59 0784
QSO:  7170 PH 2020-03-29 0750 VE1TK         59 154 YV2CAR        59 108
QSO:  7158 PH 2020-03-29 0751 VE1TK         59 155 PT5J          59 3187
QSO:  7176 PH 2020-03-29 0758 VE1TK         59 0156 KP3DX         59 3191
QSO:  7146 PH 2020-03-29 0805 VE1TK         59 0158 CN8YZ         59 0092
QSO:  7186 PH 2020-03-29 0843 VE1TK         59 159 GM5X          59 0769
QSO:  7209 PH 2020-03-29 0930 VE1TK         59 0161 V31MA         59 0100
QSO:  7199 PH 2020-03-29 1000 VE1TK         59 162 LZ9W          59 2974
QSO:  7183 PH 2020-03-29 1002 VE1TK         59 0163 NP2P          59 2233
QSO:  7181 PH 2020-03-29 1003 VE1TK         59 0164 VK3GK         59 0268
QSO:  7074 PH 2020-03-29 1010 VE1TK         59 0165 EF2A          59 2153
QSO:  7202 PH 2020-03-29 1024 VE1TK         59 0166 VK4HH         59 0677
QSO:  7140 PH 2020-03-29 1031 VE1TK         59 0167 FM5BH         59 1831
QSO:  7000 PH 2020-03-29 1034 VE1TK         59 0168 XE2JS         59 0449
QSO:  7199 PH 2020-03-29 1039 VE1TK         59 0169 PZ5RA         59 1013
QSO:  7000 PH 2020-03-29 1146 VE1TK         59 0170 FS4WBS        59 0984
QSO:  7000 PH 2020-03-29 1202 VE1TK         59 0171 HI8RD         59 1900
QSO:  7156 PH 2020-03-29 1205 VE1TK         59 0172 HI3CC         59 1541
END-OF-LOG:
