START-OF-LOG: 3.0
CREATED-BY: reconstructed-log-builder
CONTEST: CQ-WW-SSB
CALLSIGN: EA4EMC
LOCATION: 
CATEGORY: CHECKLOG
CATEGORY-OPERATOR: SINGLE-OP
CATEGORY-BAND: ALL
CATEGORY-MODE: MIXED
CATEGORY-POWER: UNKNOWN
CATEGORY-ASSISTED: NON-ASSISTED
CATEGORY-TRANSMITTER: ONE
CATEGORY-STATION: UNKNOWN
CATEGORY-OVERLAY: 
OPERATORS: EA4EMC
CLAIMED-SCORE: 
CLUB: 
NAME: 
SOAPBOX: RECONSTRUCTED MOCKUP LOG - NOT AN OFFICIAL SUBMISSION.
SOAPBOX: Derived from submitted logs for CQ-WW-SSB CQWW/ph/2019.
QSO:  3500 PH 2019-10-26 0705 EA4EMC        59 14 EE7L          59 14
QSO:  7183 PH 2019-10-26 0708 EA4EMC        59 14 CR3DX         59 33
QSO:  7165 PH 2019-10-26 0710 EA4EMC        59 14 EF8R          59 33
QSO:  7072 PH 2019-10-26 0726 EA4EMC        59 14 IR7T          59 15
QSO: 14136 PH 2019-10-26 0732 EA4EMC        59 14 RM4HZ         59 16
QSO: 14263 PH 2019-10-26 0737 EA4EMC        59 14 SQ2A          59 15
QSO: 14228 PH 2019-10-26 0745 EA4EMC        59 14 9A9A          59 15
QSO: 14116 PH 2019-10-26 0803 EA4EMC        59 14 IZ3NVR        59 15
QSO: 14336 PH 2019-10-26 0816 EA4EMC        59 14 OK7K          59 15
QSO: 21202 PH 2019-10-26 0825 EA4EMC        59 14 LZ5R          59 20
QSO: 14000 PH 2019-10-26 0902 EA4EMC        59 14 IO6A          59 15
QSO: 14149 PH 2019-10-26 0950 EA4EMC        59 14 RU1A          59 16
QSO: 14261 PH 2019-10-26 1023 EA4EMC        59 14 EF8R          59 33
QSO: 14000 PH 2019-10-26 1032 EA4EMC        59 14 IS0GRB        59 15
QSO: 21286 PH 2019-10-26 1340 EA4EMC        59 14 TC0F          59 20
QSO: 21311 PH 2019-10-26 1343 EA4EMC        59 14 LZ9W          59 20
QSO: 21330 PH 2019-10-26 1357 EA4EMC        59 14 II9P          59 15
QSO: 21345 PH 2019-10-26 1401 EA4EMC        59 14 IB9T          59 15
QSO: 21383 PH 2019-10-26 1405 EA4EMC        59 14 IH9P          59 33
QSO: 21393 PH 2019-10-26 1406 EA4EMC        59 14 SV2JAO        59 20
QSO: 21441 PH 2019-10-26 1409 EA4EMC        59 14 YU5R          59 15
QSO: 21448 PH 2019-10-26 1410 EA4EMC        59 14 LZ5QZ         59 20
QSO: 21358 PH 2019-10-26 1506 EA4EMC        59 14 PZ5K          59 09
QSO: 21154 PH 2019-10-26 1511 EA4EMC        59 14 VE3EJ         59 04
QSO:  7000 PH 2019-10-26 1654 EA4EMC        59 14 JT5DX         59 23
QSO:  7105 PH 2019-10-27 0249 EA4EMC        59 14 FY5KE         59 09
QSO:  7129 PH 2019-10-27 0302 EA4EMC        59 14 KC1XX         59 5
QSO:  7065 PH 2019-10-27 0306 EA4EMC        59 14 4U1A          59 15
QSO:  7150 PH 2019-10-27 0407 EA4EMC        59 14 N5DX          59 5
QSO:  7164 PH 2019-10-27 0411 EA4EMC        59 14 UA2FF         59 15
QSO:  7193 PH 2019-10-27 0414 EA4EMC        59 14 S50A          59 15
QSO:  7167 PH 2019-10-27 0436 EA4EMC        59 14 K3LR          59 05
QSO:  7181 PH 2019-10-27 0443 EA4EMC        59 14 K1KI          59 5
QSO:  7148 PH 2019-10-27 0521 EA4EMC        59 14 W3LPL         59 5
QSO:  7055 PH 2019-10-27 0907 EA4EMC        59 14 C37NL         59 14
QSO: 28430 PH 2019-10-27 0935 EA4EMC        59 14 F8KCF         59 14
QSO: 28000 PH 2019-10-27 0942 EA4EMC        59 14 EA3RCI        59 14
QSO: 28000 PH 2019-10-27 0942 EA4EMC        59 14 II4A          59 15
QSO: 28507 PH 2019-10-27 0943 EA4EMC        59 14 HB9A          59 14
QSO: 28531 PH 2019-10-27 0950 EA4EMC        59 14 TM0DX         59 14
QSO: 28477 PH 2019-10-27 0952 EA4EMC        59 14 S58D          59 15
QSO: 28539 PH 2019-10-27 1001 EA4EMC        59 14 HB2K          59 14
QSO: 28400 PH 2019-10-27 1003 EA4EMC        59 14 E77A          59 15
QSO: 21440 PH 2019-10-27 1046 EA4EMC        59 14 4U1A          59 15
QSO: 28397 PH 2019-10-27 1519 EA4EMC        59 14 EF8R          59 33
END-OF-LOG:
