START-OF-LOG: 3.0
CREATED-BY: reconstructed-log-builder
CONTEST: CQ-WW-SSB
CALLSIGN: WS3M
LOCATION: 
CATEGORY: CHECKLOG
CATEGORY-OPERATOR: SINGLE-OP
CATEGORY-BAND: ALL
CATEGORY-MODE: MIXED
CATEGORY-POWER: UNKNOWN
CATEGORY-ASSISTED: NON-ASSISTED
CATEGORY-TRANSMITTER: ONE
CATEGORY-STATION: UNKNOWN
CATEGORY-OVERLAY: 
OPERATORS: WS3M
CLAIMED-SCORE: 
CLUB: 
NAME: 
SOAPBOX: RECONSTRUCTED MOCKUP LOG - NOT AN OFFICIAL SUBMISSION.
SOAPBOX: Derived from submitted logs for CQ-WW-SSB CQWW/ph/2019.
QSO: 14223 PH 2019-10-26 1258 WS3M          59 05 DR1A          59 14
QSO: 14243 PH 2019-10-26 1338 WS3M          59 05 OM0M          59 15
QSO: 14258 PH 2019-10-26 1350 WS3M          59 05 PJ2T          59 9
QSO: 14262 PH 2019-10-26 1357 WS3M          59 05 S57DX         59 15
QSO: 14266 PH 2019-10-26 1400 WS3M          59 05 G4ANT         59 14
QSO: 14254 PH 2019-10-26 1412 WS3M          59 05 TM4L          59 14
QSO: 14288 PH 2019-10-26 1414 WS3M          59 05 OL0M          59 15
QSO: 14295 PH 2019-10-26 1418 WS3M          59 05 LZ9W          59 20
QSO: 14296 PH 2019-10-26 1424 WS3M          59 05 CR6P          59 14
QSO: 14298 PH 2019-10-26 1426 WS3M          59 05 E7DX          59 15
QSO: 14310 PH 2019-10-26 1448 WS3M          59 05 DL2ARD        59 14
QSO: 14314 PH 2019-10-26 1449 WS3M          59 05 SN7Q          59 15
QSO: 14319 PH 2019-10-26 1450 WS3M          59 05 S57AL         59 15
QSO: 14328 PH 2019-10-26 1453 WS3M          59 05 UB7K          59 16
QSO: 14000 PH 2019-10-26 1504 WS3M          59 05 S50S          59 15
QSO: 14163 PH 2019-10-26 1511 WS3M          59 05 HB9A          59 14
QSO: 14167 PH 2019-10-26 1513 WS3M          59 05 OQ5M          59 14
QSO: 14000 PH 2019-10-26 1516 WS3M          59 05 CS5SS         59 14
QSO: 14176 PH 2019-10-26 1517 WS3M          59 05 S53M          59 15
QSO: 14179 PH 2019-10-26 1517 WS3M          59 05 S51YI         59 15
QSO: 14000 PH 2019-10-26 1531 WS3M          59 05 YT1A          59 15
QSO: 14199 PH 2019-10-26 1534 WS3M          59 05 YT1X          59 15
QSO: 14202 PH 2019-10-26 1537 WS3M          59 05 S50R          59 15
QSO: 14210 PH 2019-10-26 1539 WS3M          59 05 II2S          59 15
QSO: 14208 PH 2019-10-26 1542 WS3M          59 05 HG5A          59 15
QSO: 14214 PH 2019-10-26 1544 WS3M          59 05 HA8M          59 15
QSO: 14217 PH 2019-10-26 1545 WS3M          59 05 IK2YCW        59 15
QSO: 14221 PH 2019-10-26 1546 WS3M          59 05 F4GGQ         59 14
QSO: 14228 PH 2019-10-26 1549 WS3M          59 05 9A9A          59 15
QSO: 14235 PH 2019-10-26 1555 WS3M          59 05 F4ENK         59 14
QSO: 14235 PH 2019-10-26 1556 WS3M          59 05 IR4X          59 15
QSO: 14242 PH 2019-10-26 1558 WS3M          59 05 OK7K          59 15
QSO: 14274 PH 2019-10-26 1612 WS3M          59 05 EI7M          59 14
QSO: 14282 PH 2019-10-26 1615 WS3M          59 05 IR8D          59 15
QSO: 14000 PH 2019-10-26 1622 WS3M          59 05 II4A          59 15
QSO: 14300 PH 2019-10-26 1626 WS3M          59 05 TM0DX         59 14
QSO: 14317 PH 2019-10-26 1633 WS3M          59 05 S50A          59 15
QSO: 14319 PH 2019-10-26 1637 WS3M          59 05 IR6T          59 15
QSO: 14346 PH 2019-10-26 1643 WS3M          59 5 S53MM         59 15
QSO: 21357 PH 2019-10-26 1659 WS3M          59 05 EF8R          59 33
QSO:  7113 PH 2019-10-27 0111 WS3M          59 05 CR6P          59 14
QSO:  7119 PH 2019-10-27 0112 WS3M          59 05 IR2L          59 15
QSO:  7121 PH 2019-10-27 0113 WS3M          59 05 F6KOP         59 14
QSO:  7134 PH 2019-10-27 0121 WS3M          59 05 SN7Q          59 15
QSO:  7135 PH 2019-10-27 0122 WS3M          59 05 ED7R          59 14
QSO:  7137 PH 2019-10-27 0122 WS3M          59 05 TM3R          59 14
QSO:  7142 PH 2019-10-27 0125 WS3M          59 05 OM7M          59 15
QSO:  7146 PH 2019-10-27 0127 WS3M          59 05 ED1R          59 14
QSO:  7156 PH 2019-10-27 0133 WS3M          59 05 YT5A          59 15
QSO:  7158 PH 2019-10-27 0135 WS3M          59 05 LZ9W          59 20
QSO:  7162 PH 2019-10-27 0142 WS3M          59 05 LZ5R          59 20
QSO:  7167 PH 2019-10-27 0145 WS3M          59 05 ED3X          59 14
QSO:  7170 PH 2019-10-27 0149 WS3M          59 05 V26B          59 8
QSO:  7175 PH 2019-10-27 0150 WS3M          59 05 PJ2T          59 9
QSO:  7176 PH 2019-10-27 0151 WS3M          59 05 D4C           59 35
QSO:  7179 PH 2019-10-27 0155 WS3M          59 05 IR4M          59 15
QSO:  7183 PH 2019-10-27 0156 WS3M          59 05 DF0HQ         59 14
QSO:  7185 PH 2019-10-27 0158 WS3M          59 05 ED8W          59 33
QSO:  7186 PH 2019-10-27 0159 WS3M          59 05 II9P          59 15
QSO:  7188 PH 2019-10-27 0202 WS3M          59 05 CN3A          59 33
QSO:  7190 PH 2019-10-27 0202 WS3M          59 05 IR4X          59 15
QSO:  7194 PH 2019-10-27 0203 WS3M          59 05 IR6T          59 15
QSO:  7196 PH 2019-10-27 0207 WS3M          59 05 EF8R          59 33
QSO:  7198 PH 2019-10-27 0209 WS3M          59 05 LX7I          59 14
QSO:  7205 PH 2019-10-27 0210 WS3M          59 05 P40T          59 9
QSO:  7223 PH 2019-10-27 0227 WS3M          59 5 V47T          59 08
QSO:  7245 PH 2019-10-27 0230 WS3M          59 05 PJ4K          59 9
QSO:  7122 PH 2019-10-27 0247 WS3M          59 05 VO1GRC        59 5
QSO:  7133 PH 2019-10-27 0250 WS3M          59 05 CR6T          59 14
QSO:  7135 PH 2019-10-27 0251 WS3M          59 05 S50W          59 15
QSO:  7136 PH 2019-10-27 0252 WS3M          59 05 EA7PP         59 14
QSO:  7141 PH 2019-10-27 0255 WS3M          59 05 CR3DX         59 33
QSO:  7159 PH 2019-10-27 0304 WS3M          59 05 P33W          59 20
QSO:  7172 PH 2019-10-27 0307 WS3M          59 05 IO5O          59 15
QSO:  7174 PH 2019-10-27 0307 WS3M          59 05 II2S          59 15
QSO:  7176 PH 2019-10-27 0308 WS3M          59 05 EC2DX         59 14
QSO:  7181 PH 2019-10-27 0310 WS3M          59 05 IR2Q          59 15
QSO:  7197 PH 2019-10-27 0319 WS3M          59 05 EI7M          59 14
QSO:  7212 PH 2019-10-27 0328 WS3M          59 05 PZ5K          59 09
QSO:  7253 PH 2019-10-27 0333 WS3M          59 05 TM0DX         59 14
QSO:  7143 PH 2019-10-27 0337 WS3M          59 05 CM2XN         59 8
QSO: 14000 PH 2019-10-27 1249 WS3M          59 05 DL7BC         59 14
QSO: 14195 PH 2019-10-27 1256 WS3M          59 05 PJ4NG         59 09
QSO: 14225 PH 2019-10-27 1305 WS3M          59 05 DK5TX         59 14
QSO: 14226 PH 2019-10-27 1306 WS3M          59 05 DP7D          59 14
QSO: 14236 PH 2019-10-27 1312 WS3M          59 05 HG3N          59 15
QSO: 14249 PH 2019-10-27 1323 WS3M          59 05 SN5A          59 15
QSO: 14250 PH 2019-10-27 1324 WS3M          59 05 DL2ARD        59 14
QSO: 14255 PH 2019-10-27 1326 WS3M          59 05 DQ4W          59 14
QSO: 14256 PH 2019-10-27 1327 WS3M          59 05 PI4D          59 14
QSO: 14000 PH 2019-10-27 1329 WS3M          59 05 F8DVD         59 14
QSO: 14287 PH 2019-10-27 1333 WS3M          59 05 DF0HQ         59 14
QSO: 14289 PH 2019-10-27 1334 WS3M          59 05 S50GB         59 15
QSO: 14293 PH 2019-10-27 1336 WS3M          59 05 SN2B          59 15
QSO: 14302 PH 2019-10-27 1338 WS3M          59 05 I1NVU         59 15
QSO: 14307 PH 2019-10-27 1340 WS3M          59 05 OQ4Q          59 14
QSO: 14311 PH 2019-10-27 1342 WS3M          59 05 DL4CF         59 14
QSO: 14316 PH 2019-10-27 1348 WS3M          59 05 IR7T          59 15
QSO: 14321 PH 2019-10-27 1349 WS3M          59 05 DM4X          59 14
QSO: 14325 PH 2019-10-27 1351 WS3M          59 05 IQ4FA         59 15
QSO: 14326 PH 2019-10-27 1352 WS3M          59 05 DK3T          59 14
QSO: 14331 PH 2019-10-27 1353 WS3M          59 05 YU5R          59 15
QSO: 14346 PH 2019-10-27 1405 WS3M          59 05 SQ2A          59 15
QSO: 14348 PH 2019-10-27 1406 WS3M          59 05 OL3Z          59 15
QSO: 14168 PH 2019-10-27 1410 WS3M          59 05 GM0V          59 14
QSO: 14217 PH 2019-10-27 1428 WS3M          59 05 EU1A          59 16
QSO: 14235 PH 2019-10-27 1434 WS3M          59 05 HG3N          59 15
QSO: 14267 PH 2019-10-27 1447 WS3M          59 05 CS2C          59 14
QSO: 14270 PH 2019-10-27 1449 WS3M          59 05 DA2X          59 14
QSO: 14278 PH 2019-10-27 1451 WS3M          59 05 TO1J          59 8
QSO: 14285 PH 2019-10-27 1455 WS3M          59 05 F5TRO         59 14
QSO: 14303 PH 2019-10-27 1504 WS3M          59 05 DR3W          59 14
QSO: 14317 PH 2019-10-27 1506 WS3M          59 05 DL7ON         59 14
QSO: 14323 PH 2019-10-27 1510 WS3M          59 05 ED3D          59 14
QSO: 21264 PH 2019-10-27 1530 WS3M          59 05 CN3A          59 33
QSO: 21268 PH 2019-10-27 1531 WS3M          59 05 HG5A          59 15
QSO: 21275 PH 2019-10-27 1533 WS3M          59 05 ED8W          59 33
QSO: 21286 PH 2019-10-27 1535 WS3M          59 05 S50A          59 15
QSO: 21000 PH 2019-10-27 1536 WS3M          59 05 IO9A          59 15
QSO: 21304 PH 2019-10-27 1541 WS3M          59 05 TK5MH         59 15
QSO: 21311 PH 2019-10-27 1543 WS3M          59 05 F5USK         59 14
QSO: 21314 PH 2019-10-27 1544 WS3M          59 05 IR6T          59 15
QSO: 21322 PH 2019-10-27 1547 WS3M          59 05 V26B          59 8
QSO: 21337 PH 2019-10-27 1548 WS3M          59 05 EA5ON         59 14
QSO: 21345 PH 2019-10-27 1551 WS3M          59 05 IR4X          59 15
QSO: 21352 PH 2019-10-27 1554 WS3M          59 05 ED7W          59 14
QSO: 21358 PH 2019-10-27 1554 WS3M          59 05 CR6K          59 14
QSO: 21373 PH 2019-10-27 1600 WS3M          59 05 CT1BOL        59 14
QSO: 21379 PH 2019-10-27 1601 WS3M          59 05 ED7O          59 14
QSO: 21398 PH 2019-10-27 1602 WS3M          59 05 IB9A          59 15
QSO: 21419 PH 2019-10-27 1604 WS3M          59 05 EA5KV         59 14
QSO: 21434 PH 2019-10-27 1606 WS3M          59 5 V47T          59 08
QSO: 21000 PH 2019-10-27 1607 WS3M          59 05 CS5MAR        59 14
QSO: 21235 PH 2019-10-27 1612 WS3M          59 05 F1RHS         59 14
QSO: 21267 PH 2019-10-27 1614 WS3M          59 05 EA3IFY        59 14
QSO: 21276 PH 2019-10-27 1617 WS3M          59 05 F1AGR         59 14
QSO: 21282 PH 2019-10-27 1619 WS3M          59 05 EA5KL         59 14
QSO: 21307 PH 2019-10-27 1631 WS3M          59 05 ED3X          59 14
QSO: 21000 PH 2019-10-27 1640 WS3M          59 05 HC0T          59 10
QSO: 21252 PH 2019-10-27 1656 WS3M          59 05 D4C           59 35
QSO: 21313 PH 2019-10-27 1700 WS3M          59 05 XE2B          59 6
QSO: 21332 PH 2019-10-27 1703 WS3M          59 05 ZF1A          59 8
QSO: 21250 PH 2019-10-27 1718 WS3M          59 05 ZF9CW         59 8
QSO: 21297 PH 2019-10-27 1729 WS3M          59 05 HI3LT         59 8
QSO: 21000 PH 2019-10-27 1733 WS3M          59 05 V55A          59 38
QSO: 21253 PH 2019-10-27 1744 WS3M          59 05 6W1RY         59 35
QSO: 21410 PH 2019-10-27 1802 WS3M          59 05 5K0K          59 7
QSO: 14146 PH 2019-10-27 1826 WS3M          59 05 HB9H          59 14
QSO: 14157 PH 2019-10-27 1828 WS3M          59 05 EF5Y          59 14
QSO: 14166 PH 2019-10-27 1829 WS3M          59 05 DR5N          59 14
QSO: 14166 PH 2019-10-27 1830 WS3M          59 05 DP6T          59 14
QSO: 14000 PH 2019-10-27 1832 WS3M          59 05 HB9DOS        59 14
QSO: 14170 PH 2019-10-27 1832 WS3M          59 05 DL0WM         59 14
QSO: 14170 PH 2019-10-27 1833 WS3M          59 05 F5USK         59 14
QSO: 14000 PH 2019-10-27 1835 WS3M          59 5 XE2S          59 06
QSO: 14000 PH 2019-10-27 1842 WS3M          59 05 DL7BC         59 14
QSO: 14205 PH 2019-10-27 1844 WS3M          59 05 VE5MX         59 4
QSO: 14219 PH 2019-10-27 1847 WS3M          59 05 IR1G          59 15
QSO: 14224 PH 2019-10-27 1850 WS3M          59 05 CT3KN         59 33
QSO: 14226 PH 2019-10-27 1852 WS3M          59 05 IR4X          59 15
QSO: 14245 PH 2019-10-27 1859 WS3M          59 05 IO5O          59 15
QSO: 14000 PH 2019-10-27 1901 WS3M          59 05 ED8H          59 33
QSO: 14262 PH 2019-10-27 1904 WS3M          59 05 EF8R          59 33
QSO: 14267 PH 2019-10-27 1906 WS3M          59 05 LZ5R          59 20
QSO: 14271 PH 2019-10-27 1908 WS3M          59 05 ED7W          59 14
QSO: 14280 PH 2019-10-27 1912 WS3M          59 05 TM5DX         59 14
QSO: 14283 PH 2019-10-27 1921 WS3M          59 05 CQ8M          59 14
QSO: 14000 PH 2019-10-27 1927 WS3M          59 05 VP9I          59 05
QSO: 14317 PH 2019-10-27 1929 WS3M          59 05 TM3R          59 14
QSO: 14197 PH 2019-10-27 2045 WS3M          59 05 KP2M          59 8
QSO: 14225 PH 2019-10-27 2051 WS3M          59 05 VA7TU         59 3
QSO: 14253 PH 2019-10-27 2053 WS3M          59 05 VE5MX         59 4
QSO: 14287 PH 2019-10-27 2058 WS3M          59 05 V26B          59 8
QSO: 14292 PH 2019-10-27 2101 WS3M          59 05 FY5KE         59 09
QSO: 14000 PH 2019-10-27 2104 WS3M          59 05 J68GD         59 08
QSO: 14309 PH 2019-10-27 2107 WS3M          59 05 VA7BEC        59 3
QSO: 14343 PH 2019-10-27 2119 WS3M          59 05 KP3Z          59 8
QSO: 14345 PH 2019-10-27 2119 WS3M          59 05 NP2P          59 08
QSO: 14000 PH 2019-10-27 2125 WS3M          59 05 NP3LY         59 8
QSO:  7129 PH 2019-10-27 2133 WS3M          59 05 DA2X          59 14
QSO:  7132 PH 2019-10-27 2134 WS3M          59 05 HB9A          59 14
QSO:  7134 PH 2019-10-27 2135 WS3M          59 05 LX7I          59 14
QSO:  7142 PH 2019-10-27 2138 WS3M          59 05 VE3SOO        59 04
QSO:  7144 PH 2019-10-27 2139 WS3M          59 05 DR1A          59 14
QSO:  7147 PH 2019-10-27 2140 WS3M          59 05 CR6K          59 14
QSO:  7152 PH 2019-10-27 2141 WS3M          59 05 IK2YCW        59 15
QSO:  7157 PH 2019-10-27 2145 WS3M          59 05 SN3A          59 15
QSO:  7168 PH 2019-10-27 2147 WS3M          59 05 LZ5K          59 20
QSO:  7177 PH 2019-10-27 2155 WS3M          59 05 VE2IDX        59 2
QSO:  7186 PH 2019-10-27 2158 WS3M          59 05 G6XX          59 14
QSO:  7191 PH 2019-10-27 2202 WS3M          59 05 CN3A          59 33
QSO:  7196 PH 2019-10-27 2205 WS3M          59 05 IR7T          59 15
QSO:  7196 PH 2019-10-27 2206 WS3M          59 05 PZ5K          59 09
QSO:  7199 PH 2019-10-27 2211 WS3M          59 05 G4PIQ         59 14
QSO:  7223 PH 2019-10-27 2214 WS3M          59 05 KP2M          59 8
QSO:  7099 PH 2019-10-27 2217 WS3M          59 05 YU5R          59 15
QSO:  7000 PH 2019-10-27 2219 WS3M          59 05 VO2NS         59 2
QSO:  7121 PH 2019-10-27 2224 WS3M          59 05 OE3LZA        59 15
QSO:  7136 PH 2019-10-27 2233 WS3M          59 05 OT5A          59 14
QSO:  7000 PH 2019-10-27 2238 WS3M          59 05 S51CK         59 15
QSO:  7150 PH 2019-10-27 2239 WS3M          59 05 S53M          59 15
QSO:  7000 PH 2019-10-27 2250 WS3M          59 05 CM8NMN        59 8
QSO:  7166 PH 2019-10-27 2250 WS3M          59 05 IR6T          59 15
QSO:  7172 PH 2019-10-27 2253 WS3M          59 05 I2WIJ         59 15
QSO:  7177 PH 2019-10-27 2256 WS3M          59 05 VE2IDX        59 2
QSO:  7000 PH 2019-10-27 2257 WS3M          59 05 VE2GSO        59 5
QSO:  7185 PH 2019-10-27 2259 WS3M          59 05 DF0HQ         59 14
QSO:  7192 PH 2019-10-27 2303 WS3M          59 05 EC2DX         59 14
QSO:  7122 PH 2019-10-27 2317 WS3M          59 05 HG5A          59 15
END-OF-LOG:
