START-OF-LOG: 3.0
CREATED-BY: reconstructed-log-builder
CONTEST: OK-OM DX Contest 2022
CALLSIGN: M0WPJ
LOCATION: 
CATEGORY: CHECKLOG
CATEGORY-OPERATOR: SINGLE-OP
CATEGORY-BAND: ALL
CATEGORY-MODE: MIXED
CATEGORY-POWER: UNKNOWN
CATEGORY-ASSISTED: NON-ASSISTED
CATEGORY-TRANSMITTER: ONE
CATEGORY-STATION: UNKNOWN
CATEGORY-OVERLAY: 
OPERATORS: M0WPJ
CLAIMED-SCORE: 
CLUB: 
NAME: 
SOAPBOX: RECONSTRUCTED MOCKUP LOG - NOT AN OFFICIAL SUBMISSION.
SOAPBOX: Derived from submitted logs for OK-OM DX Contest 2022 OK_OM_DX_Contest/2022/SSB.
QSO:  7164 PH 2022-04-09 1512 M0WPJ         59 001 DD2D          59 095
QSO: 14203 PH 2022-04-09 1517 M0WPJ         59 002 IK4LZH        59 066
QSO: 14209 PH 2022-04-09 1544 M0WPJ         59 003 OM4MW         59 PAR
QSO: 14216 PH 2022-04-09 1546 M0WPJ         59 4 LY9A          59 164
QSO: 14220 PH 2022-04-09 1548 M0WPJ         59 005 5B4WN         59 181
QSO: 14247 PH 2022-04-09 1550 M0WPJ         59 006 EA7ATX        59 179
QSO: 14000 PH 2022-04-09 1554 M0WPJ         59 007 IW0HLZ        59 0050
QSO: 14293 PH 2022-04-09 1556 M0WPJ         59 008 SV3SPD        59 131
QSO:  7165 PH 2022-04-10 0940 M0WPJ         59 9 OK5Z          59 GTR
QSO: 14220 PH 2022-04-10 0943 M0WPJ         59 010 TA3LHH        59 399
QSO:  7156 PH 2022-04-10 0950 M0WPJ         59 011 OK1OA         59 ELI
QSO: 14000 PH 2022-04-10 1008 M0WPJ         59 011 EC5AGC        59 014
END-OF-LOG:
