START-OF-LOG: 3.0
CREATED-BY: reconstructed-log-builder
CONTEST: WAE CW
CALLSIGN: F6EZV
LOCATION: 
CATEGORY: CHECKLOG
CATEGORY-OPERATOR: SINGLE-OP
CATEGORY-BAND: ALL
CATEGORY-MODE: MIXED
CATEGORY-POWER: UNKNOWN
CATEGORY-ASSISTED: NON-ASSISTED
CATEGORY-TRANSMITTER: ONE
CATEGORY-STATION: UNKNOWN
CATEGORY-OVERLAY: 
OPERATORS: F6EZV
CLAIMED-SCORE: 
CLUB: 
NAME: 
SOAPBOX: RECONSTRUCTED MOCKUP LOG - NOT AN OFFICIAL SUBMISSION.
SOAPBOX: Derived from submitted logs for WAE CW WAE/CW/2020.
QSO: 14015 CW 2020-08-08 0601 F6EZV         599 RW9QA         599 63
QSO: 14004 CW 2020-08-08 0702 F6EZV         599 0002 NN1C          599 0393
QSO: 14009 CW 2020-08-08 0710 F6EZV         599 0003 UP2L          599 0606
QSO: 14000 CW 2020-08-08 0714 F6EZV         599 004 4L2M          599 362
QSO: 14016 CW 2020-08-08 0716 F6EZV         599 0005 KD4D          599 0532
QSO: 14024 CW 2020-08-08 0721 F6EZV         599 0006 UP0L          599 0407
QSO: 14026 CW 2020-08-08 0721 F6EZV         599 0007 RA9AP         599 0250
QSO: 14028 CW 2020-08-08 0723 F6EZV         599 0008 K8AJS         599 0120
QSO: 14029 CW 2020-08-08 0725 F6EZV         599 0009 N3AD          599 0293
QSO: 14031 CW 2020-08-08 0727 F6EZV         599 0010 4Z5LY         599 0226
QSO: 14034 CW 2020-08-08 0728 F6EZV         599 0011 4Z5LU         599 0050
QSO: 14000 CW 2020-08-08 0733 F6EZV         599 012 KC1XX         599 0639
QSO: 14052 CW 2020-08-08 0734 F6EZV         599 13 RN9RF         599 94
QSO: 14007 CW 2020-08-08 0736 F6EZV         599 0014 RV9UP         599 0106
QSO: 14008 CW 2020-08-08 0739 F6EZV         599 15 RX9AF         599 285
QSO: 14012 CW 2020-08-08 0747 F6EZV         599 16 RA9DZ         599 248
QSO: 14018 CW 2020-08-08 0754 F6EZV         599 0018 RU9I          599 0147
QSO: 14030 CW 2020-08-08 0814 F6EZV         599 0019 RM9I          599 0282
QSO: 14011 CW 2020-08-08 0818 F6EZV         599 0020 EA8RM         599 0781
QSO: 14010 CW 2020-08-08 0821 F6EZV         599 0021 RG9A          599 0593
QSO: 14018 CW 2020-08-08 0823 F6EZV         599 0022 RZ9L          599 0241
QSO: 14022 CW 2020-08-08 0824 F6EZV         599 0023 K2LE          599 0517
QSO: 21031 CW 2020-08-08 0829 F6EZV         599 0024 ZR2A/4        599 0310
QSO: 21011 CW 2020-08-08 0839 F6EZV         599 0025 UP2L          599 0787
QSO: 14004 CW 2020-08-08 0849 F6EZV         599 0027 NR4M          599 0681
QSO: 14012 CW 2020-08-08 0854 F6EZV         599 0028 RA0LQ/MM      599 0078
QSO: 14014 CW 2020-08-08 0855 F6EZV         599 29 RK8I          599 102
QSO: 14019 CW 2020-08-08 0857 F6EZV         599 30 RW0AJ         599 151
QSO: 14027 CW 2020-08-08 0900 F6EZV         599 0031 RO9A          599 0153
QSO: 14029 CW 2020-08-08 0904 F6EZV         599 0032 JA6GCE        599 0178
QSO: 14000 CW 2020-08-08 0905 F6EZV         599 0033 R8OA          599 0185
QSO: 14003 CW 2020-08-08 0923 F6EZV         599 0034 4Z4AK         599 0447
QSO: 14014 CW 2020-08-08 0928 F6EZV         599 35 RK8I          599 147
QSO: 14001 CW 2020-08-08 0929 F6EZV         599 035 VY2ZM         599 417
QSO: 14008 CW 2020-08-08 0931 F6EZV         599 0036 RA9P          599 0511
QSO: 14020 CW 2020-08-08 0932 F6EZV         599 0037 UA9CTT        599 0157
QSO: 14013 CW 2020-08-08 0934 F6EZV         599 0038 KP2M          599 0714
QSO: 21000 CW 2020-08-08 0953 F6EZV         599 040 4L2M          599 498
QSO: 21018 CW 2020-08-08 0959 F6EZV         599 041 P33W          599 0406
QSO: 21032 CW 2020-08-08 1004 F6EZV         599 0042 EA8RM         599 0973
QSO: 14007 CW 2020-08-08 1329 F6EZV         599 0045 UF8T          599 0078
QSO: 14008 CW 2020-08-08 1330 F6EZV         599 0046 RQ9O          599 0462
QSO: 14010 CW 2020-08-08 1332 F6EZV         599 0047 RN0A          599 0155
QSO: 14012 CW 2020-08-08 1333 F6EZV         599 0048 4X6FR         599 0670
QSO: 14017 CW 2020-08-08 1336 F6EZV         599 0049 VA2WA         599 0631
QSO: 14022 CW 2020-08-08 1340 F6EZV         599 0050 BI4KKC        599 0218
QSO: 14027 CW 2020-08-08 1342 F6EZV         599 0051 R8CT          599 0647
QSO: 14032 CW 2020-08-08 1345 F6EZV         599 0052 JA2XYO        599 0122
QSO: 14037 CW 2020-08-08 1354 F6EZV         599 0053 JO4JKL        599 0320
QSO: 14045 CW 2020-08-08 1355 F6EZV         599 0054 N9RV          599 0172
QSO: 14000 CW 2020-08-08 1359 F6EZV         599 0055 UN3M          599 0164
QSO: 14054 CW 2020-08-08 1403 F6EZV         599 0056 WX8C          599 0158
QSO: 14058 CW 2020-08-08 1406 F6EZV         599 0057 E29TGW        599 0058
QSO: 14059 CW 2020-08-08 1411 F6EZV         599 0059 JR2SCJ        599 0181
QSO: 14063 CW 2020-08-08 1413 F6EZV         599 0059 TA7I          599 0149
QSO: 14067 CW 2020-08-08 1421 F6EZV         599 0060 E27EK         599 0066
QSO: 14006 CW 2020-08-08 1424 F6EZV         599 0061 CT3KN         599 0513
QSO: 14010 CW 2020-08-08 1428 F6EZV         599 0062 EA8KW         599 0196
QSO: 14017 CW 2020-08-08 1430 F6EZV         599 0063 RX9CM         599 0370
QSO: 14020 CW 2020-08-08 1431 F6EZV         599 064 EA8ZS         599 0207
QSO: 14022 CW 2020-08-08 1432 F6EZV         599 0065 N1LN          599 0256
QSO: 21000 CW 2020-08-08 1617 F6EZV         599 0066 LW8DQ         599 0180
QSO: 14000 CW 2020-08-08 1659 F6EZV         599 067 P33W          599 0913
QSO: 14013 CW 2020-08-08 1702 F6EZV         599 0068 K1RX          599 0624
QSO: 14017 CW 2020-08-08 1706 F6EZV         599 0069 K3UL          599 0250
QSO: 14017 CW 2020-08-08 1707 F6EZV         599 70 W1CSM         599 247
QSO: 14028 CW 2020-08-08 1712 F6EZV         599 0071 K9ZO          599 0049
QSO: 14029 CW 2020-08-08 1716 F6EZV         599 0072 BG1HGS        599 0087
QSO: 14050 CW 2020-08-08 1720 F6EZV         599 0073 VE5MX         599 0469
QSO: 14051 CW 2020-08-08 1721 F6EZV         599 0074 ZR2A/4        599 0781
QSO: 14031 CW 2020-08-08 1726 F6EZV         599 75 VK3JA         599 168
QSO: 14053 CW 2020-08-08 1727 F6EZV         599 0076 HZ7C          599 0715
QSO: 14062 CW 2020-08-08 1729 F6EZV         599 077 P3AA          599 0988
QSO: 14001 CW 2020-08-08 1732 F6EZV         599 78 KV2K          599 669
QSO: 14000 CW 2020-08-08 1735 F6EZV         599 0079 LW8DQ         599 0238
QSO: 14020 CW 2020-08-08 1739 F6EZV         599 0080 PY1SAD        599 0035
QSO: 14016 CW 2020-08-08 1743 F6EZV         599 081 PR7AB         599 0160
QSO: 14023 CW 2020-08-08 1744 F6EZV         599 082 PY2ZEA        599 0504
QSO: 14052 CW 2020-08-08 1752 F6EZV         599 83 NA8V          599 594
QSO: 14000 CW 2020-08-08 1950 F6EZV         599 0084 VE3DZ         599 0793
QSO: 14002 CW 2020-08-08 1953 F6EZV         599 085 K8AZ          599 0785
QSO: 14004 CW 2020-08-08 1954 F6EZV         599 0867 W4YY          599 0484
QSO: 14008 CW 2020-08-08 1958 F6EZV         599 89 K5ZD          599 670
QSO: 14008 CW 2020-08-08 1958 F6EZV         599 0088 NB1N          599 0228
QSO: 14009 CW 2020-08-08 1959 F6EZV         599 0090 N2NT          599 0480
QSO: 14010 CW 2020-08-08 2000 F6EZV         599 0092 K1XM          599 0620
QSO: 14010 CW 2020-08-08 2000 F6EZV         599 0091 PY5AMF        599 0089
QSO: 14011 CW 2020-08-08 2001 F6EZV         599 0093 K3RA          599 0823
QSO: 14011 CW 2020-08-08 2002 F6EZV         599 94 W9RE          599 867
QSO: 14014 CW 2020-08-08 2004 F6EZV         599 0095 K0EJ          599 0479
QSO: 14015 CW 2020-08-08 2004 F6EZV         599 0096 AA3B          599 1018
QSO: 14015 CW 2020-08-08 2004 F6EZV         599 0097 AB3CX         599 0655
QSO: 14000 CW 2020-08-08 2009 F6EZV         599 0098 LQ3D          599 0047
QSO: 14026 CW 2020-08-08 2010 F6EZV         599 0099 W3FV          599 0299
QSO: 14028 CW 2020-08-08 2011 F6EZV         599 0100 N4BP          599 0310
QSO: 14022 CW 2020-08-08 2012 F6EZV         599 0101 ZM1A          599 0460
QSO: 14033 CW 2020-08-08 2015 F6EZV         599 0102 N4ZR          599 0289
QSO: 14033 CW 2020-08-08 2016 F6EZV         599 103 VE3AT         599 923
QSO: 14045 CW 2020-08-08 2019 F6EZV         599 0105 PY2NY         599 0249
QSO: 14047 CW 2020-08-08 2022 F6EZV         599 0106 K0VXU         599 0238
QSO: 14048 CW 2020-08-08 2024 F6EZV         599 107 NN7CW         599 0166
QSO: 14050 CW 2020-08-08 2025 F6EZV         599 0108 N4QS          599 0099
QSO: 14053 CW 2020-08-08 2027 F6EZV         599 0109 PY5FB         599 0514
QSO: 14055 CW 2020-08-08 2028 F6EZV         599 0110 K9NW          599 0083
QSO:  7001 CW 2020-08-08 2050 F6EZV         599 0111 EA8RM         599 1454
QSO:  7006 CW 2020-08-08 2053 F6EZV         599 112 RW0AJ         599 448
QSO:  7021 CW 2020-08-08 2101 F6EZV         599 0013 JA6GCE        599 0764
QSO:  7029 CW 2020-08-08 2102 F6EZV         599 0114 TA7I          599 0450
QSO:  7033 CW 2020-08-08 2103 F6EZV         599 0115 PY2NY         599 0294
QSO:  7003 CW 2020-08-08 2110 F6EZV         599 0116 E2A           599 0509
QSO:  7007 CW 2020-08-08 2118 F6EZV         599 0118 RG9A          599 1399
QSO:  7000 CW 2020-08-08 2126 F6EZV         599 0119 UN3M          599 0656
QSO:  7018 CW 2020-08-08 2127 F6EZV         599 0120 NR4M          599 1237
QSO:  7026 CW 2020-08-08 2130 F6EZV         599 121 VR2XAN        599 0467
QSO:  7036 CW 2020-08-08 2134 F6EZV         599 0122 ZR2A/4        599 0977
QSO:  7022 CW 2020-08-08 2136 F6EZV         599 0123 PY5FB         599 0565
QSO:  7000 CW 2020-08-08 2138 F6EZV         599 124 VY2ZM         599 1195
QSO:  7038 CW 2020-08-08 2145 F6EZV         599 125 BA1RB         599 0385
QSO:  7001 CW 2020-08-09 0553 F6EZV         599 0126 K3RA          599 1132
QSO:  7004 CW 2020-08-09 0553 F6EZV         599 0127 N2KW          599 0696
QSO:  7003 CW 2020-08-09 0554 F6EZV         599 128 KC1XX         599 1755
QSO:  7009 CW 2020-08-09 0555 F6EZV         599 0129 ZM4T          599 0362
QSO:  7027 CW 2020-08-09 0601 F6EZV         599 0130 ZL1IF         599 0274
QSO: 21000 CW 2020-08-09 0902 F6EZV         599 132 ZD7BG         599 218
QSO: 21037 CW 2020-08-09 0904 F6EZV         599 0133 4Z4AK         599 1078
QSO: 21006 CW 2020-08-09 0906 F6EZV         599 0134 4X6FR         599 1545
QSO: 14006 CW 2020-08-09 0937 F6EZV         599 0135 HS5NMF        599 0234
QSO: 14058 CW 2020-08-09 0959 F6EZV         599 0136 E21YDP        599 0069
QSO: 21000 CW 2020-08-09 1003 F6EZV         599 0137 UN3M          599 1004
QSO: 21026 CW 2020-08-09 1006 F6EZV         599 0138 RG9A          599 1775
QSO: 21025 CW 2020-08-09 1018 F6EZV         599 0139 TA7I          599 0747
QSO: 21027 CW 2020-08-09 1020 F6EZV         599 0140 4Z5LY         599 0967
QSO: 28035 CW 2020-08-09 1321 F6EZV         599 0141 4Z4AK         599 1278
QSO: 28029 CW 2020-08-09 1327 F6EZV         599 0142 EA8RM         599 2049
QSO: 21035 CW 2020-08-09 1345 F6EZV         599 0143 CT3KN         599 1292
QSO: 14001 CW 2020-08-09 1355 F6EZV         599 0144 N3RS          599 1288
QSO: 14038 CW 2020-08-09 1414 F6EZV         599 0145 RU0LL         599 0367
QSO: 14060 CW 2020-08-09 1426 F6EZV         599 0147 E2A           599 0747
QSO: 14033 CW 2020-08-09 1430 F6EZV         599 148 VR2XAN        599 0669
QSO: 21005 CW 2020-08-09 1440 F6EZV         599 150 VY2ZM         599 1871
QSO: 14000 CW 2020-08-09 1447 F6EZV         599 0051 7A1B          599 0344
QSO: 14013 CW 2020-08-09 1623 F6EZV         599 0152 YB1TIA        599 0267
QSO: 14023 CW 2020-08-09 1719 F6EZV         599 0153 4Z5LA         599 0217
QSO: 14000 CW 2020-08-09 1727 F6EZV         599 154 ZD7BG         599 348
QSO:  7031 CW 2020-08-09 1733 F6EZV         599 0155 RM9I          599 1528
QSO: 14018 CW 2020-08-09 1750 F6EZV         599 0156 VU2AVG        599 0077
QSO: 14025 CW 2020-08-09 1928 F6EZV         599 0157 LU8QT         599 0331
QSO: 14046 CW 2020-08-09 1935 F6EZV         599 0158 KR2DX         599 0705
QSO: 14001 CW 2020-08-09 1938 F6EZV         599 0159 PJ4A          599 1496
QSO: 14007 CW 2020-08-09 1940 F6EZV         599 0160 N3RD          599 0634
QSO: 14017 CW 2020-08-09 1943 F6EZV         599 0161 N4RV          599 0799
QSO:  7005 CW 2020-08-09 1956 F6EZV         599 0162 JO4JKL        599 1169
QSO:  7002 CW 2020-08-09 2000 F6EZV         599 0163 4X6FR         599 2138
QSO:  7007 CW 2020-08-09 2006 F6EZV         599 0164 JA1BJI        599 0619
QSO:  7008 CW 2020-08-09 2007 F6EZV         599 165 RX0L          599 1874
QSO:  7012 CW 2020-08-09 2010 F6EZV         599 0166 ZM1A          599 1008
QSO:  7014 CW 2020-08-09 2013 F6EZV         599 0167 RU9I          599 0930
QSO:  7018 CW 2020-08-09 2015 F6EZV         599 168 RA0AY         599 579
QSO:  7027 CW 2020-08-09 2024 F6EZV         599 0169 UP5B          599 0597
QSO:  7015 CW 2020-08-09 2030 F6EZV         599 170 PR7AB         599 0480
QSO:  7040 CW 2020-08-09 2032 F6EZV         599 0171 UA9CDC        599 0306
QSO:  3504 CW 2020-08-09 2041 F6EZV         599 173 RX0L          599 1889
QSO:  3529 CW 2020-08-09 2043 F6EZV         599 0174 EA8KW         599 0792
QSO:  3506 CW 2020-08-09 2046 F6EZV         599 175 P33W          599 2288
QSO:  3516 CW 2020-08-09 2058 F6EZV         599 0176 RU9I          599 0985
QSO:  3521 CW 2020-08-09 2102 F6EZV         599 0177 RM9I          599 1687
QSO:  3500 CW 2020-08-09 2104 F6EZV         599 178 4L2M          599 1545
QSO:  3517 CW 2020-08-09 2105 F6EZV         599 0179 RA0LQ/MM      599 0441
QSO:  3522 CW 2020-08-09 2112 F6EZV         599 0180 RA9P          599 1785
END-OF-LOG:
