START-OF-LOG: 3.0
CREATED-BY: vhfmanager-downloader
CONTEST: ZRS oktobrsko UKV tekmovanje - Official results - VHFManager
CALLSIGN: DD2OB
CATEGORY: 435 MHz - Generated log
CATEGORY-OPERATOR: SINGLE-OP
CATEGORY-ASSISTED: NON-ASSISTED
CATEGORY-TRANSMITTER: ONE
CATEGORY-STATION: FIXED
QSO: 435000 PH 2011-10-01 1430 DD2OB         2   JO52CG JO52CG DD2OB         SSB DJ2KH 59  
QSO: 435000 PH 2011-10-01 1437 DD2OB         3   JO52CG JO52CG DD2OB         SSB DL0TS 59  
QSO: 435000 PH 2011-10-01 1443 DD2OB         4   JO52CG JO52CG DD2OB         SSB DK2A 59   
QSO: 435000 PH 2011-10-01 1447 DD2OB         5   JO52CG JO52CG DD2OB         SSB DL0GTH 59 
QSO: 435000 PH 2011-10-01 1456 DD2OB         6   JO52CG JO52CG DD2OB         SSB DL7AKL 55 
QSO: 435000 PH 2011-10-01 1712 DD2OB         7   JO52CG JO52CG DD2OB         SSB DF0YY 59  
QSO: 435000 PH 2011-10-01 1715 DD2OB         8   JO52CG JO52CG DD2OB         SSB DF4AJ 59  
QSO: 435000 PH 2011-10-01 1721 DD2OB         10  JO52CG JO52CG DD2OB         SSB DJ6BS 59  
QSO: 435000 PH 2011-10-01 1421 DD2OB         11  JO52CG JO52CG DD2OB         SSB DF3AR 57  
QSO: 435000 PH 2011-10-01 1724 DD2OB         11  JO52CG JO52CG DD2OB         SSB DG6QF 59  
QSO: 435000 PH 2011-10-02 0802 DD2OB         11  JO52CG JO52CG DD2OB         SSB DF0XG 59  
QSO: 435000 PH 2011-10-02 0806 DD2OB         13  JO52CG JO52CG DD2OB         SSB DK2ZF/P 59
QSO: 435000 PH 2011-10-02 0811 DD2OB         14  JO52CG JO52CG DD2OB         SSB DJ9KH/P 59
QSO: 435000 PH 2011-10-02 0813 DD2OB         15  JO52CG JO52CG DD2OB         SSB DK0ZB 59  
QSO: 435000 PH 2011-10-02 0825 DD2OB         16  JO52CG JO52CG DD2OB         SSB DG7TG 59  
QSO: 435000 PH 2011-10-02 0830 DD2OB         17  JO52CG JO52CG DD2OB         SSB DL6IAK 59 
QSO: 435000 PH 2011-10-02 0833 DD2OB         18  JO52CG JO52CG DD2OB         SSB DK1IP 59  
QSO: 435000 PH 2011-10-02 0839 DD2OB         19  JO52CG JO52CG DD2OB         SSB DM3HA 59  
QSO: 435000 PH 2011-10-02 0842 DD2OB         20  JO52CG JO52CG DD2OB         SSB DL8VL 59  
QSO: 435000 PH 2011-10-02 0844 DD2OB         21  JO52CG JO52CG DD2OB         SSB DF0BRB 59 
QSO: 435000 PH 2011-10-02 0848 DD2OB         22  JO52CG JO52CG DD2OB         SSB DL0HTW 59 
QSO: 435000 PH 2011-10-02 0852 DD2OB         23  JO52CG JO52CG DD2OB         SSB DL5DXS 59 
QSO: 435000 PH 2011-10-02 1211 DD2OB         24  JO52CG JO52CG DD2OB         SSB DF0MU 59  
END-OF-LOG:
