START-OF-LOG: 3.0
CREATED-BY: vhfmanager-downloader
CONTEST: ZRS oktobrsko UKV tekmovanje - Official results - VHFManager
CALLSIGN: DF3TE
CATEGORY: 435 MHz - checklog
CATEGORY-OPERATOR: SINGLE-OP
CATEGORY-ASSISTED: NON-ASSISTED
CATEGORY-TRANSMITTER: ONE
CATEGORY-STATION: FIXED
QSO: 435000 PH 2011-10-01 1553 DF3TE         59  1 JO30JP   DK0CG         59  44 JN59RJ 
QSO: 435000 PH 2011-10-01 1554 DF3TE         59  2 JO30JP   DF7ZS         59  103 JO50DO
QSO: 435000 PH 2011-10-01 1556 DF3TE         59  3 JO30JP   DJ9DL         58  17 JO31NC 
QSO: 435000 PH 2011-10-01 1557 DF3TE         59  4 JO30JP   DK0MU         57  83 JO31QX 
QSO: 435000 PH 2011-10-01 1558 DF3TE         59  5 JO30JP   DL0GTH        59  172 JO50JP
QSO: 435000 PH 2011-10-01 1559 DF3TE         59  6 JO30JP   DL9BW         59  52 JO31GG 
QSO: 435000 PH 2011-10-01 1600 DF3TE         59  7 JO30JP   DJ5BS         59  71 JO43JH 
QSO: 435000 PH 2011-10-01 1601 DF3TE         59  8 JO30JP   DF0MU         59  110 JO32PC
QSO: 435000 PH 2011-10-01 1603 DF3TE         57  9 JO30JP   PI4GN         55  94 JO33II 
QSO: 435000 PH 2011-10-01 1605 DF3TE         59  10 JO30JP  DR9A          59  181 JN48EQ
QSO: 435000 PH 2011-10-01 1606 DF3TE         59  11 JO30JP  DH8WJ         59  45 JN59IE 
QSO: 435000 PH 2011-10-01 1608 DF3TE         59  12 JO30JP  DK2KZ         59  49 JN49HB 
QSO: 435000 PH 2011-10-01 1609 DF3TE         59  13 JO30JP  F5OAU/P       55  93 JN27UR 
QSO: 435000 PH 2011-10-01 1611 DF3TE         59  14 JO30JP  DJ6QS         59  39 JO30FL 
QSO: 435000 PH 2011-10-01 1613 DF3TE         59  15 JO30JP  DF1JM         59  85 JO30FQ 
QSO: 435000 PH 2011-10-01 1615 DF3TE         59  16 JO30JP  DR1D          59  97 JO30IK 
QSO: 435000 PH 2011-10-01 1618 DF3TE         59  17 JO30JP  DL0TS         59  124 JN39VX
QSO: 435000 PH 2011-10-01 1622 DF3TE         55  18 JO30JP  DF0AP         55  39 JN39IG 
QSO: 435000 PH 2011-10-01 1624 DF3TE         59  19 JO30JP  PA6NL         55  121 JO21BX
QSO: 435000 PH 2011-10-01 1627 DF3TE         59  20 JO30JP  DF0HS/P       59  82 JO31AA 
QSO: 435000 PH 2011-10-01 1630 DF3TE         59  21 JO30JP  DL5KBG        59  37 JO31SB 
QSO: 435000 PH 2011-10-01 1631 DF3TE         55  22 JO30JP  F6KUP/P       59  85 JN29PD 
QSO: 435000 PH 2011-10-01 1635 DF3TE         59  23 JO30JP  LX/PE1ITR/P   59  39 JO30BA 
QSO: 435000 PH 2011-10-01 1638 DF3TE         59  24 JO30JP  M1CRO/P       59  45 JO01PU 
QSO: 435000 PH 2011-10-01 1639 DF3TE         59  25 JO30JP  DJ5KW         59  59 JO31NC 
QSO: 435000 PH 2011-10-01 1641 DF3TE         59  26 JO30JP  DL2KBX        59  33 JO30EM 
QSO: 435000 PH 2011-10-01 1645 DF3TE         55  27 JO30JP  HB9GT         52  76 JN47MH 
QSO: 435000 PH 2011-10-01 1648 DF3TE         59  28 JO30JP  DL9FCL/P      59  48 JO40FF 
QSO: 435000 PH 2011-10-01 1649 DF3TE         59  29 JO30JP  DJ2KH         59  87 JO42QE 
QSO: 435000 PH 2011-10-01 1650 DF3TE         59  30 JO30JP  DL1KAS/P      59  14 JO30LU 
QSO: 435000 PH 2011-10-01 1704 DF3TE         59  31 JO30JP  DF0OVH        59  115 JN47AU
QSO: 435000 PH 2011-10-01 1746 DF3TE         59  32 JO30JP  DL2QC         59  80 JO30AR 
QSO: 435000 PH 2011-10-01 1801 DF3TE         55  33 JO30JP  DJ2MRK        59  11 JO30KX 
QSO: 435000 PH 2011-10-01 1801 DF3TE         59  34 JO30JP  DL4EBW        59  32 JO31MG 
QSO: 435000 PH 2011-10-01 1802 DF3TE         59  35 JO30JP  DL0VB         59  37 JO31RH 
QSO: 435000 PH 2011-10-01 1804 DF3TE         59  36 JO30JP  DD1KJ         59  29 JO30IS 
QSO: 435000 PH 2011-10-01 1807 DF3TE         55  37 JO30JP  DO1FWB        59  7 JO42CC  
QSO: 435000 PH 2011-10-01 1810 DF3TE         59  38 JO30JP  DJ3JO         59  7 JO30HI  
QSO: 435000 PH 2011-10-01 1814 DF3TE         59  39 JO30JP  DJ5NQ         59  54 JO50TI 
QSO: 435000 PH 2011-10-01 1816 DF3TE         59  40 JO30JP  DR1F          59  82 JO41PG 
QSO: 435000 PH 2011-10-01 1950 DF3TE         59  41 JO30JP  DD7EQ         59  70 JO31IG 
QSO: 435000 PH 2011-10-01 2000 DF3TE         59  42 JO30JP  DK9TF         59  17 JO31NF 
QSO: 435000 PH 2011-10-01 2001 DF3TE         59  43 JO30JP  DK5WO         59  36 JO30AS 
QSO: 435000 PH 2011-10-01 2021 DF3TE         59  44 JO30JP  DJ9KH/P       59  135 JO42OX
QSO: 435000 PH 2011-10-01 2022 DF3TE         59  45 JO30JP  DL1DBR        59  30 JO41BN 
QSO: 435000 PH 2011-10-01 2029 DF3TE         59  46 JO30JP  PA1TK         53  108 JO22IJ
QSO: 435000 PH 2011-10-01 2036 DF3TE         59  47 JO30JP  DL0LN         59  77 JO31PW 
QSO: 435000 PH 2011-10-01 2040 DF3TE         59  48 JO30JP  DL8PZ         59  98 JO40IB 
QSO: 435000 PH 2011-10-01 2044 DF3TE         59  49 JO30JP  DK5EZ         59  41 JO31MG 
QSO: 435000 PH 2011-10-01 2047 DF3TE         59  50 JO30JP  OK1KHI        59  243 JN69JJ
QSO: 435000 PH 2011-10-02 0657 DF3TE         59  51 JO30JP  DL5JS         59  58 JO31JF 
QSO: 435000 PH 2011-10-02 0658 DF3TE         59  52 JO30JP  PA0EMO        59  71 JO23TE 
QSO: 435000 PH 2011-10-02 0702 DF3TE         59  53 JO30JP  DF4AJ         59  139 JO42QE
QSO: 435000 PH 2011-10-02 0704 DF3TE         59  54 JO30JP  DK0ZB         59  167 JO42ID
QSO: 435000 PH 2011-10-02 0709 DF3TE         59  55 JO30JP  DM7A          59  409 JO60LK
QSO: 435000 PH 2011-10-02 0713 DF3TE         59  56 JO30JP  DF9FD         59  64 JN49GU 
QSO: 435000 PH 2011-10-02 0714 DF3TE         59  57 JO30JP  DL2OM         59  83 JO30SN 
QSO: 435000 PH 2011-10-02 0715 DF3TE         59  58 JO30JP  DD5AJ         59  31 JO30QR 
QSO: 435000 PH 2011-10-02 0716 DF3TE         59  59 JO30JP  DL7ED         59  8 JO31LG  
QSO: 435000 PH 2011-10-02 0721 DF3TE         59  60 JO30JP  ON4PS/P       59  85 JO20KQ 
QSO: 435000 PH 2011-10-02 0918 DF3TE         59  61 JO30JP  DJ1FZ         59  54 JN49CS 
QSO: 435000 PH 2011-10-02 0924 DF3TE         59  62 JO30JP  F5SE/P        55  183 JN19XH
QSO: 435000 PH 2011-10-02 0927 DF3TE         59  63 JO30JP  DL1DKB        59  44 JO40AV 
QSO: 435000 PH 2011-10-02 0934 DF3TE         59  64 JO30JP  OL4A          59  441 JO60RN
QSO: 435000 PH 2011-10-02 0937 DF3TE         59  65 JO30JP  DL6IAK        59  245 JN48IX
QSO: 435000 PH 2011-10-02 0947 DF3TE         59  66 JO30JP  DH3NAN        56  53 JO50NC 
QSO: 435000 PH 2011-10-02 0951 DF3TE         59  67 JO30JP  DL4EBA        59  32 JO31MG 
QSO: 435000 PH 2011-10-02 0954 DF3TE         59  68 JO30JP  DL0NF         59  107 JN59PL
QSO: 435000 PH 2011-10-02 1003 DF3TE         55  69 JO30JP  OE5D          55  143 JN68PC
QSO: 435000 PH 2011-10-02 1006 DF3TE         59  70 JO30JP  DL1KFS        59  72 JO30FQ 
QSO: 435000 PH 2011-10-02 1008 DF3TE         59  71 JO30JP  DK2OY/P       55  230 JO40IT
QSO: 435000 PH 2011-10-02 1012 DF3TE         59  72 JO30JP  DJ9EI         59  43 JO31JG 
QSO: 435000 PH 2011-10-02 1013 DF3TE         59  73 JO30JP  DL7ET         59  44 JO31LF 
QSO: 435000 PH 2011-10-02 1013 DF3TE         59  74 JO30JP  DD4JC         59  49 JO31MH 
QSO: 435000 PH 2011-10-02 1014 DF3TE         59  75 JO30JP  DL4EAX        59  68 JO31IG 
QSO: 435000 PH 2011-10-02 1016 DF3TE         59  76 JO30JP  DL8BCU        59  44 JO42CC 
QSO: 435000 PH 2011-10-02 1018 DF3TE         59  77 JO30JP  DD5MA         59  19 JO30OU 
QSO: 435000 PH 2011-10-02 1019 DF3TE         59  78 JO30JP  DJ9EY         59  51 JO31KF 
QSO: 435000 PH 2011-10-02 1020 DF3TE         59  79 JO30JP  DO7ML         59  29 JO31LF 
QSO: 435000 PH 2011-10-02 1022 DF3TE         59  80 JO30JP  DL2DR         59  55 JO31TO 
QSO: 435000 PH 2011-10-02 1022 DF3TE         59  81 JO30JP  DJ6TA         59  30 JO30MS 
QSO: 435000 PH 2011-10-02 1033 DF3TE         59  82 JO30JP  DJ2YE         59  32 JO31LG 
QSO: 435000 PH 2011-10-02 1148 DF3TE         59  83 JO30JP  DL1EJD        59  38 JO31JG 
QSO: 435000 PH 2011-10-02 1202 DF3TE         55  84 JO30JP  OK2M          55  295 JN69UN
QSO: 435000 PH 2011-10-02 1210 DF3TE         59  85 JO30JP  DH7LF/P       59  213 JN67DR
QSO: 435000 PH 2011-10-02 1216 DF3TE         59  86 JO30JP  OK2A          59  536 JO60LJ
QSO: 435000 PH 2011-10-02 1220 DF3TE         55  87 JO30JP  PA2CV/P       55  106 JO22VE
QSO: 435000 PH 2011-10-02 1223 DF3TE         59  88 JO30JP  DL2VB/P       59  94 JO31KP 
QSO: 435000 PH 2011-10-02 1224 DF3TE         59  89 JO30JP  DO9PL         59  43 JO31LG 
QSO: 435000 PH 2011-10-02 1224 DF3TE         59  90 JO30JP  DL8BEH        59  60 JO42AH 
QSO: 435000 PH 2011-10-02 1225 DF3TE         55  91 JO30JP  DK3HA         52  22 JO31LR 
QSO: 435000 PH 2011-10-02 1229 DF3TE         59  92 JO30JP  DH1JY         59  27 JO31MG 
QSO: 435000 PH 2011-10-02 1232 DF3TE         59  93 JO30JP  DN4MH         59  39 JO42BB 
QSO: 435000 PH 2011-10-02 1233 DF3TE         59  94 JO30JP  DP4M          59  88 JO42BB 
QSO: 435000 PH 2011-10-02 1241 DF3TE         59  95 JO30JP  DH8KV         59  30 JO31JA 
END-OF-LOG:
