START-OF-LOG: 3.0
CREATED-BY: HMRA public OK1WC downloader
CONTEST: OK1WC-MEMORIAL
CALLSIGN: DL8HK
OPERATORS: DL8HK
CATEGORY: SO-ALL-CW-LOW
CATEGORY-OPERATOR: SINGLE-OP
CATEGORY-BAND: ALL
CATEGORY-MODE: CW
CATEGORY-POWER: LOW
SOAPBOX: Recreated from OK1WC Memorial reference table MWC200921.
SOAPBOX: Source publication level: 4.
SOAPBOX: Source: https://memorial-ok1wc.cz/index.php?page=eval3/a_eval3&kolo=421&rocnik=12&tyden=39&jobdate=200921&pub_level=4
QSO:  7000 CW 2020-09-21 1631 DL8HK         599 1          SD6F          599 1         
QSO:  7000 CW 2020-09-21 1634 DL8HK         599 2          EU8F          599 4         
QSO:  7000 CW 2020-09-21 1634 DL8HK         599 3          SD1A          599 4         
QSO:  7000 CW 2020-09-21 1634 DL8HK         599 4          SM9X          599 4         
QSO:  7000 CW 2020-09-21 1635 DL8HK         599 5          SD6M          599 4         
QSO:  7000 CW 2020-09-21 1635 DL8HK         599 6          SN1T          599 7         
QSO:  7000 CW 2020-09-21 1636 DL8HK         599 7          SM5CSS        599 8         
QSO:  7000 CW 2020-09-21 1637 DL8HK         599 8          SM5ACQ        599 7         
QSO:  7000 CW 2020-09-21 1637 DL8HK         599 9          OK2EA         599 4         
QSO:  7000 CW 2020-09-21 1640 DL8HK         599 10         SE5L          599 10        
QSO:  7000 CW 2020-09-21 1641 DL8HK         599 11         9A7R          599 16        
QSO:  7000 CW 2020-09-21 1642 DL8HK         599 12         EA3X          599 18        
QSO:  7000 CW 2020-09-21 1645 DL8HK         599 13         SP4DNX        599 12        
QSO:  7000 CW 2020-09-21 1645 DL8HK         599 14         OK5MM         599 17        
QSO:  7000 CW 2020-09-21 1646 DL8HK         599 15         YL3FW         599 16        
QSO:  7000 CW 2020-09-21 1648 DL8HK         599 16         SJ6W          599 23        
QSO:  7000 CW 2020-09-21 1648 DL8HK         599 17         SC0T          599 10        
QSO:  7000 CW 2020-09-21 1649 DL8HK         599 18         ES1BVG        599 22        
QSO:  7000 CW 2020-09-21 1650 DL8HK         599 19         SM6IQD        599 21        
QSO:  7000 CW 2020-09-21 1652 DL8HK         599 20         E77EA         599 23        
QSO:  7000 CW 2020-09-21 1652 DL8HK         599 21         OK2TJ         599 29        
QSO:  7000 CW 2020-09-21 1654 DL8HK         599 22         UT5NR         599 23        
QSO:  7000 CW 2020-09-21 1658 DL8HK         599 23         YL2TD         599 22        
QSO:  7000 CW 2020-09-21 1701 DL8HK         599 24         HA5MA         599 37        
QSO:  7000 CW 2020-09-21 1702 DL8HK         599 25         SM5DXR        599 25        
QSO:  3500 CW 2020-09-21 1703 DL8HK         599 26         OK1LL         599 45        
QSO:  3500 CW 2020-09-21 1705 DL8HK         599 27         DL1NKS        599 26        
QSO:  3500 CW 2020-09-21 1707 DL8HK         599 28         PA9CW         599 36        
QSO:  3500 CW 2020-09-21 1708 DL8HK         599 29         OK1HG         599 50        
QSO:  3500 CW 2020-09-21 1709 DL8HK         599 30         DD5M          599 52        
QSO:  3500 CW 2020-09-21 1711 DL8HK         599 31         DL4ME         599 34        
QSO:  3500 CW 2020-09-21 1711 DL8HK         599 32         OK1FHI        599 55        
QSO:  3500 CW 2020-09-21 1713 DL8HK         599 33         DK70DARC      599 37        
QSO:  3500 CW 2020-09-21 1714 DL8HK         599 34         SN1T          599 74        
QSO:  3500 CW 2020-09-21 1715 DL8HK         599 35         OK1RZ         599 60        
QSO:  3500 CW 2020-09-21 1716 DL8HK         599 36         SM0X          599 68        
QSO:  3500 CW 2020-09-21 1717 DL8HK         599 37         OK1IBP        599 67        
QSO:  3500 CW 2020-09-21 1718 DL8HK         599 38         DF4XX         599 63        
QSO:  3500 CW 2020-09-21 1720 DL8HK         599 39         OK2EA         599 69        
QSO:  3500 CW 2020-09-21 1721 DL8HK         599 40         SM5CSS        599 65        
QSO:  3500 CW 2020-09-21 1722 DL8HK         599 41         SP3MEP        599 76        
QSO:  3500 CW 2020-09-21 1724 DL8HK         599 42         SA0BXV        599 49        
QSO:  3500 CW 2020-09-21 1726 DL8HK         599 43         OK1YM         599 86        
QSO:  3500 CW 2020-09-21 1727 DL8HK         599 44         OK1FGD        599 71        
QSO:  3500 CW 2020-09-21 1728 DL8HK         599 45         OK2TJ         599 73        
QSO:  3500 CW 2020-09-21 1730 DL8HK         599 46         OK5FF         599 81        
END-OF-LOG:
