START-OF-LOG: 3.0
CREATED-BY: reconstructed-log-builder
CONTEST: CQ-WW-CW
CALLSIGN: I2MOV
LOCATION: 
CATEGORY: CHECKLOG
CATEGORY-OPERATOR: SINGLE-OP
CATEGORY-BAND: ALL
CATEGORY-MODE: MIXED
CATEGORY-POWER: UNKNOWN
CATEGORY-ASSISTED: NON-ASSISTED
CATEGORY-TRANSMITTER: ONE
CATEGORY-STATION: UNKNOWN
CATEGORY-OVERLAY: 
OPERATORS: I2MOV
CLAIMED-SCORE: 
CLUB: 
NAME: 
SOAPBOX: RECONSTRUCTED MOCKUP LOG - NOT AN OFFICIAL SUBMISSION.
SOAPBOX: Derived from submitted logs for CQ-WW-CW CQWW/cw/2015.
QSO: 14025 CW 2015-11-28 0521 I2MOV         599 15 C4Z           599 20
QSO: 14000 CW 2015-11-28 0523 I2MOV         599 15 A45XR         599 21
QSO: 14014 CW 2015-11-28 0538 I2MOV         599 15 ZM1A          599 32
QSO: 14033 CW 2015-11-28 0544 I2MOV         599 15 HK1R          599 9
QSO: 14000 CW 2015-11-28 0647 I2MOV         599 15 A93JA         599 21
QSO: 14010 CW 2015-11-28 0651 I2MOV         599 15 RT0C          599 19
QSO: 21000 CW 2015-11-28 0655 I2MOV         599 15 JA5DQH        599 25
QSO: 21011 CW 2015-11-28 0657 I2MOV         599 15 RK0UT         599 18
QSO: 14061 CW 2015-11-28 0720 I2MOV         599 15 ZD8W          599 36
QSO: 21025 CW 2015-11-28 0733 I2MOV         599 15 B1Z           599 24
QSO: 21025 CW 2015-11-28 1233 I2MOV         599 15 PJ2T          599 09
QSO: 21110 CW 2015-11-28 1235 I2MOV         599 15 PX2V          599 11
QSO: 21082 CW 2015-11-28 1237 I2MOV         599 15 TO8M          599 8
QSO: 21066 CW 2015-11-28 1241 I2MOV         599 15 V26K          599 8
QSO: 21040 CW 2015-11-28 1242 I2MOV         599 15 ZF2MJ         599 8
QSO: 21081 CW 2015-11-28 1248 I2MOV         599 15 PJ6/OH1VR     599 8
QSO: 21054 CW 2015-11-28 1251 I2MOV         599 15 PW2D          599 11
QSO: 21034 CW 2015-11-28 1253 I2MOV         599 15 D4C           599 35
QSO: 21028 CW 2015-11-28 1255 I2MOV         599 15 LP1H          599 13
QSO: 28015 CW 2015-11-28 1602 I2MOV         599 15 CW4MAX        599 13
QSO: 28017 CW 2015-11-28 1603 I2MOV         599 15 D4C           599 35
QSO: 28057 CW 2015-11-28 1605 I2MOV         599 15 ZD8W          599 36
QSO: 28029 CW 2015-11-28 1615 I2MOV         599 15 PZ5W          599 9
QSO: 21127 CW 2015-11-28 1618 I2MOV         599 15 YW4D          599 9
QSO: 21128 CW 2015-11-28 1627 I2MOV         599 15 KP2Q          599 8
QSO: 21097 CW 2015-11-28 1634 I2MOV         599 15 N7AT          599 3
QSO: 21094 CW 2015-11-28 1635 I2MOV         599 15 N5AW          599 4
QSO: 21079 CW 2015-11-28 1637 I2MOV         599 15 P40L          599 9
QSO: 21091 CW 2015-11-28 1646 I2MOV         599 15 C6AUM         599 8
QSO: 21073 CW 2015-11-28 1648 I2MOV         599 15 K9CT          599 4
QSO: 21044 CW 2015-11-28 1651 I2MOV         599 15 K5RX          599 4
QSO: 21015 CW 2015-11-28 1653 I2MOV         599 15 VE6SV         599 4
QSO: 21145 CW 2015-11-28 1656 I2MOV         599 15 VY2TT         599 5
QSO: 21023 CW 2015-11-28 1700 I2MOV         599 15 LU8YE         599 13
QSO: 21089 CW 2015-11-28 1710 I2MOV         599 15 TO4GU         599 8
QSO: 14052 CW 2015-11-28 1728 I2MOV         599 15 ZD8W          599 36
QSO: 14063 CW 2015-11-28 1728 I2MOV         599 15 VE7GL         599 3
QSO: 14023 CW 2015-11-28 1732 I2MOV         599 15 VC7O          599 3
QSO: 14058 CW 2015-11-28 1736 I2MOV         599 15 KH6LC         599 31
QSO:  3501 CW 2015-11-29 0517 I2MOV         599 15 W3LPL         599 5
QSO:  3504 CW 2015-11-29 0519 I2MOV         599 15 NR4M          599 5
QSO:  3560 CW 2015-11-29 0523 I2MOV         599 15 LX7I          599 14
QSO:  3568 CW 2015-11-29 0525 I2MOV         599 15 OH3OJ         599 15
QSO:  3570 CW 2015-11-29 0526 I2MOV         599 15 LY3B          599 15
QSO:  3545 CW 2015-11-29 0533 I2MOV         599 15 GS8VL         599 14
QSO:  3504 CW 2015-11-29 0537 I2MOV         599 15 PA3GVI        599 14
QSO:  3508 CW 2015-11-29 0539 I2MOV         599 15 ON5JT         599 14
QSO:  3564 CW 2015-11-29 0545 I2MOV         599 15 YL9T          599 15
QSO:  3506 CW 2015-11-29 0546 I2MOV         599 15 CS2C          599 14
QSO:  3508 CW 2015-11-29 0549 I2MOV         599 14 OH0X          599 15
QSO:  3532 CW 2015-11-29 0618 I2MOV         599 15 D4C           599 35
QSO:  3530 CW 2015-11-29 0704 I2MOV         599 15 EI7M          599 14
QSO:  3543 CW 2015-11-29 0717 I2MOV         599 15 OR2F          599 14
QSO:  7048 CW 2015-11-29 0721 I2MOV         599 15 ZB2X          599 14
QSO:  7058 CW 2015-11-29 0724 I2MOV         599 15 LX7I          599 14
QSO:  7008 CW 2015-11-29 0734 I2MOV         599 15 PJ4A          599 9
QSO:  7000 CW 2015-11-29 0740 I2MOV         599 15 SL0W          599 14
QSO:  7008 CW 2015-11-29 0751 I2MOV         599 15 OH3OJ         599 15
QSO:  7014 CW 2015-11-29 0813 I2MOV         599 15 OL0W          599 15
QSO: 21000 CW 2015-11-29 1158 I2MOV         599 15 9X0NH         599 36
QSO: 21000 CW 2015-11-29 1203 I2MOV         599 15 CO8LY         599 08
QSO: 21090 CW 2015-11-29 1208 I2MOV         599 15 C92ZO         599 37
QSO: 21125 CW 2015-11-29 1213 I2MOV         599 15 SU90IARU      599 34
QSO: 21075 CW 2015-11-29 1217 I2MOV         599 15 9M8K          599 28
QSO: 21000 CW 2015-11-29 1226 I2MOV         599 15 3V8SS         599 33
QSO: 21000 CW 2015-11-29 1232 I2MOV         599 15 FG/F6ARC      599 08
QSO: 21075 CW 2015-11-29 1239 I2MOV         599 15 V47T          599 8
QSO: 21090 CW 2015-11-29 1249 I2MOV         599 15 VP2VVV        599 8
QSO: 21085 CW 2015-11-29 1251 I2MOV         599 15 KP3Z          599 8
QSO: 21134 CW 2015-11-29 1432 I2MOV         599 15 YV1KK         599 9
QSO: 21124 CW 2015-11-29 1434 I2MOV         599 15 TF3W          599 40
QSO: 21068 CW 2015-11-29 1440 I2MOV         599 15 HI3K          599 8
QSO: 21085 CW 2015-11-29 1446 I2MOV         599 15 NP3A          599 8
QSO: 28010 CW 2015-11-29 1447 I2MOV         599 15 TO8M          599 8
QSO: 28086 CW 2015-11-29 1450 I2MOV         599 15 FY/F5HRY      599 09
QSO: 28052 CW 2015-11-29 1452 I2MOV         599 15 LU7HN         599 13
QSO: 14057 CW 2015-11-29 1511 I2MOV         599 15 FY5KE         599 09
QSO: 14055 CW 2015-11-29 1518 I2MOV         599 15 PJ2T          599 09
END-OF-LOG:
