START-OF-LOG: 3.0
CREATED-BY: reconstructed-log-builder
CONTEST: CQ-WW-CW
CALLSIGN: K8HMS
LOCATION: 
CATEGORY: CHECKLOG
CATEGORY-OPERATOR: SINGLE-OP
CATEGORY-BAND: ALL
CATEGORY-MODE: MIXED
CATEGORY-POWER: UNKNOWN
CATEGORY-ASSISTED: NON-ASSISTED
CATEGORY-TRANSMITTER: ONE
CATEGORY-STATION: UNKNOWN
CATEGORY-OVERLAY: 
OPERATORS: K8HMS
CLAIMED-SCORE: 
CLUB: 
NAME: 
SOAPBOX: RECONSTRUCTED MOCKUP LOG - NOT AN OFFICIAL SUBMISSION.
SOAPBOX: Derived from submitted logs for CQ-WW-CW CQWW/cw/2015.
QSO: 28009 CW 2015-11-28 1735 K8HMS         599 04 CN2AA         599 33
QSO: 28013 CW 2015-11-28 1736 K8HMS         599 04 ZF2MJ         599 8
QSO: 28026 CW 2015-11-28 1751 K8HMS         599 04 PJ4A          599 9
QSO: 28026 CW 2015-11-28 1753 K8HMS         599 04 ED8X          599 33
QSO: 28042 CW 2015-11-28 1804 K8HMS         599 04 HI3K          599 8
QSO: 28044 CW 2015-11-28 1805 K8HMS         599 04 KP3W          599 8
QSO: 28053 CW 2015-11-28 1807 K8HMS         599 04 KP2Q          599 8
QSO: 28057 CW 2015-11-28 1827 K8HMS         599 04 ZD8W          599 36
QSO: 28068 CW 2015-11-28 1937 K8HMS         599 04 PX2V          599 11
QSO: 28047 CW 2015-11-28 1942 K8HMS         599 04 V26K          599 8
QSO: 28044 CW 2015-11-28 1944 K8HMS         599 04 TI5W          599 7
QSO: 28025 CW 2015-11-28 1954 K8HMS         599 04 LP1H          599 13
QSO: 28004 CW 2015-11-28 2035 K8HMS         599 04 PR2F          599 11
QSO: 28000 CW 2015-11-28 2039 K8HMS         599 04 ZW5B          599 11
QSO: 28017 CW 2015-11-28 2040 K8HMS         599 4 VE6SV         599 4
QSO: 21000 CW 2015-11-28 2043 K8HMS         599 04 LU6UO         599 13
QSO: 21025 CW 2015-11-28 2104 K8HMS         599 4 PZ5W          599 9
QSO: 21032 CW 2015-11-28 2105 K8HMS         599 04 ZF2MJ         599 8
QSO: 21032 CW 2015-11-28 2107 K8HMS         599 04 D4C           599 35
QSO: 21034 CW 2015-11-28 2108 K8HMS         599 04 OH5Z          599 15
QSO: 21041 CW 2015-11-28 2110 K8HMS         599 04 OH8X          599 15
QSO: 21042 CW 2015-11-28 2114 K8HMS         599 4 AL9A          599 01
QSO: 21045 CW 2015-11-28 2115 K8HMS         599 04 KH6LC         599 31
QSO: 21063 CW 2015-11-28 2128 K8HMS         599 04 OG7A          599 15
QSO: 21000 CW 2015-11-28 2129 K8HMS         599 04 SM2CEW        599 14
QSO: 21067 CW 2015-11-28 2130 K8HMS         599 4 VE6SV         599 4
QSO: 21052 CW 2015-11-28 2310 K8HMS         599 4 JH4UYB        599 25
QSO: 21049 CW 2015-11-29 0010 K8HMS         599 04 PW2D          599 11
QSO: 21042 CW 2015-11-29 0013 K8HMS         599 04 PR2F          599 11
QSO: 14003 CW 2015-11-29 0014 K8HMS         599 04 CR3OO         599 33
QSO: 14022 CW 2015-11-29 0022 K8HMS         599 04 6V7A          599 35
QSO: 14024 CW 2015-11-29 0024 K8HMS         599 4 PZ5W          599 9
QSO: 14000 CW 2015-11-29 0027 K8HMS         599 04 CB1H          599 12
QSO: 14041 CW 2015-11-29 0039 K8HMS         599 4 JA3YBK        599 25
QSO: 14044 CW 2015-11-29 0040 K8HMS         599 04 VK6LW         599 29
QSO: 14049 CW 2015-11-29 0043 K8HMS         599 04 CX5UA         599 13
QSO: 14047 CW 2015-11-29 0048 K8HMS         599 04 LZ9W          599 20
QSO: 14069 CW 2015-11-29 0140 K8HMS         599 04 KP2M          599 8
QSO: 14000 CW 2015-11-29 0146 K8HMS         599 04 VO2NS         599 02
QSO: 14035 CW 2015-11-29 0149 K8HMS         599 04 LT1F          599 13
QSO:  7003 CW 2015-11-29 0153 K8HMS         599 04 DF0HQ         599 14
QSO:  7005 CW 2015-11-29 0154 K8HMS         599 04 P40C          599 9
QSO:  7005 CW 2015-11-29 0159 K8HMS         599 04 DL0CS         599 14
QSO:  7005 CW 2015-11-29 0201 K8HMS         599 4 OK1DWC        599 15
QSO:  7006 CW 2015-11-29 0203 K8HMS         599 04 SN8N          599 15
QSO:  7007 CW 2015-11-29 0204 K8HMS         599 04 PJ4A          599 9
QSO:  7010 CW 2015-11-29 0208 K8HMS         599 04 CO8ZZ         599 8
QSO:  7011 CW 2015-11-29 0210 K8HMS         599 04 UA2F          599 15
QSO:  7012 CW 2015-11-29 0226 K8HMS         599 04 LX7I          599 14
QSO:  7014 CW 2015-11-29 0229 K8HMS         599 04 IB9T          599 15
QSO:  7015 CW 2015-11-29 0230 K8HMS         599 04 S51YI         599 15
QSO:  7015 CW 2015-11-29 0234 K8HMS         599 04 OM2VL         599 15
QSO:  7016 CW 2015-11-29 0237 K8HMS         599 04 OM7M          599 15
QSO:  7016 CW 2015-11-29 0238 K8HMS         599 04 YT1HA         599 15
QSO:  7054 CW 2015-11-29 0241 K8HMS         599 04 YT65A         599 15
QSO:  7019 CW 2015-11-29 0248 K8HMS         599 04 YT0A          599 15
QSO:  7020 CW 2015-11-29 0250 K8HMS         599 04 DL1A          599 14
QSO:  7021 CW 2015-11-29 0250 K8HMS         599 04 SN8B          599 15
QSO:  7023 CW 2015-11-29 0252 K8HMS         599 04 GW5R          599 14
QSO:  7025 CW 2015-11-29 0253 K8HMS         599 04 EA7PP         599 14
QSO:  7025 CW 2015-11-29 0255 K8HMS         599 04 LY4A          599 15
QSO:  7026 CW 2015-11-29 0256 K8HMS         599 04 9A5Y          599 15
QSO:  7027 CW 2015-11-29 0258 K8HMS         599 04 DR4A          599 14
QSO:  7029 CW 2015-11-29 0302 K8HMS         599 04 LY2W          599 15
QSO:  7030 CW 2015-11-29 0305 K8HMS         599 04 HG1S          599 15
QSO: 14001 CW 2015-11-29 1557 K8HMS         599 04 DF0HQ         599 14
QSO: 14005 CW 2015-11-29 1600 K8HMS         599 04 RM5A          599 16
QSO: 14018 CW 2015-11-29 1602 K8HMS         599 04 DR1D          599 14
QSO: 14042 CW 2015-11-29 1705 K8HMS         599 04 DD1A          599 14
QSO: 14046 CW 2015-11-29 1707 K8HMS         599 04 OK6W          599 15
QSO: 14053 CW 2015-11-29 1731 K8HMS         599 04 ZF2MJ         599 8
QSO: 14008 CW 2015-11-29 1801 K8HMS         599 04 TF3JB         599 40
QSO: 14007 CW 2015-11-29 1802 K8HMS         599 04 TM1A          599 14
QSO: 14004 CW 2015-11-29 1803 K8HMS         599 04 DJ5MW         599 14
QSO: 14023 CW 2015-11-29 1807 K8HMS         599 04 OL4A          599 15
QSO: 14025 CW 2015-11-29 1810 K8HMS         599 04 EF8R          599 33
QSO: 14026 CW 2015-11-29 1811 K8HMS         599 04 TM6M          599 14
QSO: 14032 CW 2015-11-29 1813 K8HMS         599 04 TM4Q          599 14
QSO: 14036 CW 2015-11-29 1839 K8HMS         599 04 EI2KM         599 14
QSO: 14043 CW 2015-11-29 1841 K8HMS         599 04 G2F           599 14
QSO: 14049 CW 2015-11-29 1858 K8HMS         599 04 V47T          599 8
QSO: 14050 CW 2015-11-29 1902 K8HMS         599 04 EI7M          599 14
QSO: 14056 CW 2015-11-29 1904 K8HMS         599 04 SJ2W          599 14
QSO: 14000 CW 2015-11-29 1944 K8HMS         599 04 SM2EKM        599 14
QSO: 14066 CW 2015-11-29 2031 K8HMS         599 04 TI5W          599 7
QSO: 14073 CW 2015-11-29 2036 K8HMS         599 04 VE9CB         599 5
QSO: 14068 CW 2015-11-29 2037 K8HMS         599 04 HR2J          599 7
QSO: 14067 CW 2015-11-29 2040 K8HMS         599 04 EF2A          599 14
QSO: 14061 CW 2015-11-29 2042 K8HMS         599 04 FY5KE         599 09
QSO: 14057 CW 2015-11-29 2043 K8HMS         599 04 OH0Z          599 15
QSO: 21002 CW 2015-11-29 2153 K8HMS         599 04 CW5W          599 13
QSO: 21039 CW 2015-11-29 2207 K8HMS         599 04 PJ4A          599 9
QSO: 21056 CW 2015-11-29 2305 K8HMS         599 04 E50A          599 32
QSO: 21060 CW 2015-11-29 2307 K8HMS         599 04 JA7ZFN        599 25
QSO: 21000 CW 2015-11-29 2309 K8HMS         599 04 JA5DQH        599 25
END-OF-LOG:
