START-OF-LOG: 3.0
CREATED-BY: reconstructed-log-builder
CONTEST: CQ-WW-CW
CALLSIGN: W3YY
LOCATION: 
CATEGORY: CHECKLOG
CATEGORY-OPERATOR: SINGLE-OP
CATEGORY-BAND: ALL
CATEGORY-MODE: MIXED
CATEGORY-POWER: UNKNOWN
CATEGORY-ASSISTED: NON-ASSISTED
CATEGORY-TRANSMITTER: ONE
CATEGORY-STATION: UNKNOWN
CATEGORY-OVERLAY: 
OPERATORS: W3YY
CLAIMED-SCORE: 
CLUB: 
NAME: 
SOAPBOX: RECONSTRUCTED MOCKUP LOG - NOT AN OFFICIAL SUBMISSION.
SOAPBOX: Derived from submitted logs for CQ-WW-CW CQWW/cw/2015.
QSO:  7010 CW 2015-11-28 0558 W3YY          599 05 RT4F          599 16
QSO:  7009 CW 2015-11-28 0559 W3YY          599 05 EI7M          599 14
QSO:  7011 CW 2015-11-28 0559 W3YY          599 05 DR5N          599 14
QSO:  7011 CW 2015-11-28 0600 W3YY          599 05 SP9W          599 15
QSO:  7012 CW 2015-11-28 0601 W3YY          599 05 HG1S          599 15
QSO:  7012 CW 2015-11-28 0601 W3YY          599 05 YT0A          599 15
QSO:  7013 CW 2015-11-28 0602 W3YY          599 05 S51DX         599 15
QSO:  7013 CW 2015-11-28 0603 W3YY          599 05 MZ5A          599 14
QSO:  7000 CW 2015-11-28 0604 W3YY          599 05 ZA/YT7DQ      599 15
QSO:  7015 CW 2015-11-28 0605 W3YY          599 05 G4R           599 14
QSO:  7016 CW 2015-11-28 0606 W3YY          599 05 S52AW         599 15
QSO:  7017 CW 2015-11-28 0606 W3YY          599 05 DR4A          599 14
QSO:  7018 CW 2015-11-28 0607 W3YY          599 05 OM7M          599 15
QSO:  7019 CW 2015-11-28 0612 W3YY          599 05 GM3X          599 14
QSO:  7022 CW 2015-11-28 0613 W3YY          599 05 IR4M          599 15
QSO:  7022 CW 2015-11-28 0613 W3YY          599 05 OL4A          599 15
QSO:  7024 CW 2015-11-28 0614 W3YY          599 05 IB9T          599 15
QSO:  7027 CW 2015-11-28 0616 W3YY          599 05 GW5R          599 14
QSO:  7027 CW 2015-11-28 0616 W3YY          599 05 IK2AOO        599 15
QSO:  7030 CW 2015-11-28 0619 W3YY          599 05 9A1A          599 15
QSO:  7031 CW 2015-11-28 0620 W3YY          599 05 EA7PP         599 14
QSO:  7035 CW 2015-11-28 0622 W3YY          599 05 TM4Q          599 14
QSO:  7042 CW 2015-11-28 0624 W3YY          599 05 TM1A          599 14
QSO:  7047 CW 2015-11-28 0626 W3YY          599 05 ON6NL         599 14
QSO:  7046 CW 2015-11-28 0628 W3YY          599 05 CN2AA         599 33
QSO:  7045 CW 2015-11-28 0629 W3YY          599 05 KH6LC         599 31
QSO:  7000 CW 2015-11-28 0635 W3YY          599 05 V73NS         599 31
QSO:  7003 CW 2015-11-28 0637 W3YY          599 05 NR4M          599 5
QSO:  7021 CW 2015-11-28 0638 W3YY          599 05 PP5BZ         599 11
QSO:  7000 CW 2015-11-28 0639 W3YY          599 05 HC2AO         599 10
QSO:  7034 CW 2015-11-28 0640 W3YY          599 05 ZF2MJ         599 8
QSO:  7034 CW 2015-11-28 0642 W3YY          599 05 KP2M          599 8
QSO:  7001 CW 2015-11-28 0645 W3YY          599 05 IR2L          599 15
QSO:  7007 CW 2015-11-28 0645 W3YY          599 05 CR3L          599 33
QSO:  7001 CW 2015-11-28 0646 W3YY          599 05 ED5O          599 14
QSO:  7002 CW 2015-11-28 0646 W3YY          599 05 EA5RS         599 14
QSO:  7003 CW 2015-11-28 0647 W3YY          599 05 DF0HQ         599 14
QSO:  7025 CW 2015-11-28 0648 W3YY          599 05 OL1M          599 15
QSO:  7015 CW 2015-11-28 0650 W3YY          599 05 HB9CA         599 14
QSO:  7015 CW 2015-11-28 0651 W3YY          599 05 LX7I          599 14
QSO:  7015 CW 2015-11-28 0652 W3YY          599 05 YL3FT         599 15
QSO:  7004 CW 2015-11-28 0701 W3YY          599 05 W3LPL         599 5
QSO:  7001 CW 2015-11-28 0718 W3YY          599 05 LA2AB         599 14
QSO:  7010 CW 2015-11-28 0718 W3YY          599 05 SE0X          599 14
QSO:  7012 CW 2015-11-28 0718 W3YY          599 05 EA2EA         599 14
QSO:  7016 CW 2015-11-28 0720 W3YY          599 05 PA5KT         599 14
QSO:  7017 CW 2015-11-28 0720 W3YY          599 05 ED9U          599 33
QSO:  7018 CW 2015-11-28 0721 W3YY          599 05 D4C           599 35
QSO:  7000 CW 2015-11-28 0725 W3YY          599 05 XE1AY         599 6
QSO:  7000 CW 2015-11-28 0726 W3YY          599 05 KH7M          599 31
QSO:  7028 CW 2015-11-28 0727 W3YY          599 05 PA6NB         599 14
QSO:  7031 CW 2015-11-28 0730 W3YY          599 5 JA3YBK        599 25
QSO:  7024 CW 2015-11-28 0731 W3YY          599 05 RX1A          599 16
QSO:  7022 CW 2015-11-28 0733 W3YY          599 05 ZB2X          599 14
QSO:  7022 CW 2015-11-28 0734 W3YY          599 05 YL2SM         599 15
QSO:  7020 CW 2015-11-28 0735 W3YY          599 05 SN3A          599 15
QSO:  7021 CW 2015-11-28 0735 W3YY          599 05 HA8FM         599 15
QSO:  7013 CW 2015-11-28 0736 W3YY          599 05 YP5A          599 20
QSO:  7007 CW 2015-11-28 0739 W3YY          599 05 ZM1A          599 32
QSO: 14021 CW 2015-11-28 1448 W3YY          599 05 G5W           599 14
QSO: 14022 CW 2015-11-28 1449 W3YY          599 05 OZ7A          599 14
QSO: 14024 CW 2015-11-28 1450 W3YY          599 05 DL1A          599 14
QSO: 14027 CW 2015-11-28 1915 W3YY          599 05 EI5KF         599 14
QSO: 14028 CW 2015-11-28 1916 W3YY          599 05 DL1A          599 14
QSO: 14028 CW 2015-11-28 1916 W3YY          599 05 EF8U          599 33
QSO: 14030 CW 2015-11-28 1918 W3YY          599 05 CN2AA         599 33
QSO: 14030 CW 2015-11-28 1922 W3YY          599 05 TF3W          599 40
QSO: 14000 CW 2015-11-28 1924 W3YY          599 05 EA8CSG        599 33
QSO: 14033 CW 2015-11-28 1925 W3YY          599 05 EI7M          599 14
QSO: 14033 CW 2015-11-28 1925 W3YY          599 05 TM6M          599 14
QSO: 14034 CW 2015-11-28 1926 W3YY          599 05 CR3L          599 33
QSO: 21008 CW 2015-11-28 2229 W3YY          599 05 JE1ZWT        599 25
QSO: 21008 CW 2015-11-28 2230 W3YY          599 05 JN4MMO        599 25
QSO: 21000 CW 2015-11-28 2231 W3YY          599 05 JA2NDQ        599 25
QSO: 21012 CW 2015-11-28 2233 W3YY          599 05 JH1GBZ        599 25
QSO: 21016 CW 2015-11-28 2233 W3YY          599 05 JA6LCJ        599 25
QSO: 21019 CW 2015-11-28 2235 W3YY          599 5 JA7IC         599 25
QSO: 21032 CW 2015-11-28 2237 W3YY          599 05 JA7ZFN        599 25
QSO: 21036 CW 2015-11-28 2240 W3YY          599 05 JS3CTQ        599 25
QSO: 21041 CW 2015-11-28 2242 W3YY          599 05 JH1QDB        599 25
QSO: 21042 CW 2015-11-28 2244 W3YY          599 5 JA3YBK        599 25
QSO: 21043 CW 2015-11-28 2250 W3YY          599 05 JF3NKA        599 25
QSO: 21045 CW 2015-11-28 2251 W3YY          599 05 JH8SLS        599 25
QSO: 21000 CW 2015-11-28 2253 W3YY          599 05 KH7M          599 31
QSO: 21051 CW 2015-11-28 2255 W3YY          599 05 JR2IOB        599 25
QSO: 21000 CW 2015-11-28 2256 W3YY          599 05 JR2PMT        599 25
QSO: 21000 CW 2015-11-28 2259 W3YY          599 05 JM4WUZ        599 25
QSO: 21070 CW 2015-11-28 2259 W3YY          599 5 JR3EOI        599 25
QSO: 21000 CW 2015-11-28 2300 W3YY          599 5 JF3BFS        599 25
QSO: 21076 CW 2015-11-28 2301 W3YY          599 05 JH6WHN        599 25
QSO: 21078 CW 2015-11-28 2301 W3YY          599 05 JR5YCE        599 25
QSO: 21083 CW 2015-11-28 2303 W3YY          599 05 JF2VAX        599 25
QSO: 21060 CW 2015-11-29 0058 W3YY          599 05 JA5FDJ        599 25
QSO: 21000 CW 2015-11-29 0059 W3YY          599 5 JA0QNJ        599 25
QSO: 21002 CW 2015-11-29 0101 W3YY          599 05 JH3AIU        599 25
QSO:  7055 CW 2015-11-29 0340 W3YY          599 5 VE7GL         599 3
QSO:  7013 CW 2015-11-29 0342 W3YY          599 05 YT5A          599 15
QSO:  7019 CW 2015-11-29 0342 W3YY          599 05 9A5X          599 15
QSO:  7000 CW 2015-11-29 0344 W3YY          599 5 SK0QO         599 14
QSO:  7004 CW 2015-11-29 0344 W3YY          599 05 VE3EJ         599 4
QSO:  7007 CW 2015-11-29 0344 W3YY          599 05 PJ4A          599 9
QSO:  7007 CW 2015-11-29 0345 W3YY          599 05 TC0A          599 20
QSO:  7010 CW 2015-11-29 0346 W3YY          599 05 EF8U          599 33
QSO:  7012 CW 2015-11-29 0346 W3YY          599 05 SN1D          599 15
QSO:  7013 CW 2015-11-29 0347 W3YY          599 05 SN6O          599 15
QSO:  7015 CW 2015-11-29 0347 W3YY          599 05 S51YI         599 15
QSO:  7000 CW 2015-11-29 0348 W3YY          599 5 UA3R          599 16
QSO:  7015 CW 2015-11-29 0348 W3YY          599 05 OM2VL         599 15
QSO:  7054 CW 2015-11-29 0349 W3YY          599 05 YT65A         599 15
QSO:  7023 CW 2015-11-29 0352 W3YY          599 05 SN8B          599 15
QSO:  7025 CW 2015-11-29 0353 W3YY          599 05 DL0GL         599 14
QSO:  7030 CW 2015-11-29 0355 W3YY          599 05 RT6A          599 16
QSO:  7031 CW 2015-11-29 0355 W3YY          599 05 LZ5R          599 20
QSO:  7033 CW 2015-11-29 0356 W3YY          599 05 ED1R          599 14
QSO:  7027 CW 2015-11-29 0357 W3YY          599 05 S53A          599 15
QSO:  7008 CW 2015-11-29 0401 W3YY          599 05 G3P           599 14
QSO:  7011 CW 2015-11-29 0403 W3YY          599 05 OE3K          599 15
QSO:  7016 CW 2015-11-29 0411 W3YY          599 05 9K2HN         599 21
QSO: 14011 CW 2015-11-29 0502 W3YY          599 05 UP2L          599 17
QSO:  7010 CW 2015-11-29 1049 W3YY          599 05 YW4D          599 9
QSO:  7000 CW 2015-11-29 1050 W3YY          599 05 YV6BXN        599 09
QSO:  7014 CW 2015-11-29 1050 W3YY          599 05 KH6J          599 31
QSO:  7020 CW 2015-11-29 1051 W3YY          599 05 5W0IF         599 32
QSO:  7022 CW 2015-11-29 1053 W3YY          599 5 ZL2AGY        599 32
QSO:  7024 CW 2015-11-29 1054 W3YY          599 05 JE1CKA        599 25
QSO:  7025 CW 2015-11-29 1055 W3YY          599 05 7J1YAJ        599 25
QSO:  7027 CW 2015-11-29 1056 W3YY          599 05 JA7ZFN        599 25
QSO:  7029 CW 2015-11-29 1058 W3YY          599 05 VP2VVV        599 8
QSO:  7032 CW 2015-11-29 1059 W3YY          599 05 9Y4/WJ2O      599 9
QSO:  7034 CW 2015-11-29 1100 W3YY          599 05 KP4CPC        599 8
QSO:  7039 CW 2015-11-29 1101 W3YY          599 05 CO6RD         599 8
QSO:  7043 CW 2015-11-29 1101 W3YY          599 05 KP4EJ         599 8
QSO:  7045 CW 2015-11-29 1101 W3YY          599 05 PJ2T          599 09
QSO:  7044 CW 2015-11-29 1104 W3YY          599 05 JE1ZWT        599 25
QSO:  7044 CW 2015-11-29 1108 W3YY          599 05 BV1EL         599 24
QSO:  7000 CW 2015-11-29 1111 W3YY          599 05 N9RV          599 04
QSO:  7000 CW 2015-11-29 1114 W3YY          599 5 XE2S          599 06
QSO:  7055 CW 2015-11-29 1118 W3YY          599 05 7J1AAI        599 25
QSO:  7039 CW 2015-11-29 1121 W3YY          599 05 CJ3A          599 04
QSO:  7000 CW 2015-11-29 1122 W3YY          599 05 NP4A          599 8
QSO:  7036 CW 2015-11-29 1122 W3YY          599 05 VC7O          599 3
QSO:  7023 CW 2015-11-29 1123 W3YY          599 05 JH1GBZ        599 25
QSO:  7000 CW 2015-11-29 1124 W3YY          599 05 CO7EH         599 8
QSO:  7014 CW 2015-11-29 1125 W3YY          599 05 VA7DZ         599 3
QSO:  7000 CW 2015-11-29 1126 W3YY          599 05 YN2CC         599 7
QSO:  7047 CW 2015-11-29 1137 W3YY          599 05 AH2R          599 27
QSO: 21002 CW 2015-11-29 1413 W3YY          599 05 LZ9W          599 20
QSO: 21027 CW 2015-11-29 1418 W3YY          599 05 OL7M          599 15
QSO: 21027 CW 2015-11-29 1420 W3YY          599 05 GD6IA         599 14
QSO: 21014 CW 2015-11-29 1421 W3YY          599 05 SN7Q          599 15
QSO: 21018 CW 2015-11-29 1421 W3YY          599 05 TM6M          599 14
QSO: 21011 CW 2015-11-29 1422 W3YY          599 05 OL3Z          599 15
QSO: 21017 CW 2015-11-29 1423 W3YY          599 05 OL4A          599 15
QSO: 21024 CW 2015-11-29 1423 W3YY          599 5 RA1AL         599 16
QSO: 21032 CW 2015-11-29 1424 W3YY          599 05 IR4X          599 15
QSO: 21033 CW 2015-11-29 1434 W3YY          599 5 VE5ZX         599 4
QSO: 21034 CW 2015-11-29 1436 W3YY          599 05 SP2YWL        599 15
QSO: 21036 CW 2015-11-29 1436 W3YY          599 05 ES9C          599 15
QSO: 21038 CW 2015-11-29 1437 W3YY          599 05 MM0AMW        599 14
QSO: 21038 CW 2015-11-29 1438 W3YY          599 05 DF0HQ         599 14
QSO: 21038 CW 2015-11-29 1438 W3YY          599 05 OH5Z          599 15
QSO: 21040 CW 2015-11-29 1438 W3YY          599 05 SN2M          599 15
QSO: 21044 CW 2015-11-29 1439 W3YY          599 05 LX7I          599 14
QSO: 21044 CW 2015-11-29 1439 W3YY          599 05 OL8M          599 15
QSO: 21030 CW 2015-11-29 1440 W3YY          599 5 P3F           599 20
QSO: 21037 CW 2015-11-29 1441 W3YY          599 05 P33W          599 20
QSO: 21034 CW 2015-11-29 1442 W3YY          599 05 EI1Y          599 14
QSO: 21041 CW 2015-11-29 1442 W3YY          599 05 D4C           599 35
QSO: 21025 CW 2015-11-29 1443 W3YY          599 05 CR3L          599 33
QSO: 21026 CW 2015-11-29 1443 W3YY          599 05 DK8ZB         599 14
QSO: 21027 CW 2015-11-29 1443 W3YY          599 05 IR4M          599 15
QSO: 21023 CW 2015-11-29 1444 W3YY          599 05 G5U           599 14
QSO: 21023 CW 2015-11-29 1446 W3YY          599 05 EF8U          599 33
QSO: 21019 CW 2015-11-29 1448 W3YY          599 05 KP2M          599 8
QSO: 21013 CW 2015-11-29 1452 W3YY          599 5 VP5CW         599 08
QSO: 21000 CW 2015-11-29 1453 W3YY          599 05 CO8DM         599 8
QSO: 21017 CW 2015-11-29 1454 W3YY          599 05 P40W          599 9
QSO: 21025 CW 2015-11-29 1457 W3YY          599 05 PJ4A          599 9
QSO: 21068 CW 2015-11-29 1458 W3YY          599 05 HI3K          599 8
QSO: 21084 CW 2015-11-29 1459 W3YY          599 5 PZ5W          599 9
QSO: 21086 CW 2015-11-29 1459 W3YY          599 05 PJ2T          599 09
QSO: 21080 CW 2015-11-29 1501 W3YY          599 05 PJ6/OH1VR     599 8
QSO: 21058 CW 2015-11-29 1502 W3YY          599 05 TK0C          599 15
QSO: 21062 CW 2015-11-29 1502 W3YY          599 05 ZD8W          599 36
QSO: 21054 CW 2015-11-29 1503 W3YY          599 05 OM7M          599 15
QSO: 21050 CW 2015-11-29 1504 W3YY          599 05 SP1DSZ        599 15
QSO: 21053 CW 2015-11-29 1504 W3YY          599 05 DK3WW         599 14
QSO: 21000 CW 2015-11-29 1505 W3YY          599 05 9X0NH         599 36
QSO: 21027 CW 2015-11-29 1506 W3YY          599 05 GD6IA         599 14
QSO: 21067 CW 2015-11-29 1510 W3YY          599 05 OE3K          599 15
QSO: 21000 CW 2015-11-29 1514 W3YY          599 05 IZ8EDL        599 15
QSO: 21014 CW 2015-11-29 1515 W3YY          599 05 CN2AA         599 33
QSO: 21014 CW 2015-11-29 1515 W3YY          599 05 E7DX          599 15
QSO: 21014 CW 2015-11-29 1516 W3YY          599 05 II9P          599 15
QSO: 21000 CW 2015-11-29 1518 W3YY          599 05 S58Q          599 15
QSO: 21014 CW 2015-11-29 1518 W3YY          599 05 YO9FLD        599 20
QSO: 21014 CW 2015-11-29 1519 W3YY          599 05 EF8R          599 33
QSO: 21014 CW 2015-11-29 1519 W3YY          599 05 IZ4DLR        599 15
QSO: 21000 CW 2015-11-29 1521 W3YY          599 05 YL5W          599 15
QSO: 21014 CW 2015-11-29 1521 W3YY          599 05 R3QA          599 16
QSO: 21000 CW 2015-11-29 1523 W3YY          599 5 LA4CQ         599 14
QSO: 21007 CW 2015-11-29 1524 W3YY          599 05 OH0X          599 15
QSO: 21010 CW 2015-11-29 1524 W3YY          599 05 HG6N          599 15
QSO: 21015 CW 2015-11-29 1525 W3YY          599 05 LY2W          599 15
QSO: 21047 CW 2015-11-29 1528 W3YY          599 05 YL2BJ         599 15
QSO: 21053 CW 2015-11-29 1530 W3YY          599 05 V26K          599 8
QSO: 21044 CW 2015-11-29 1806 W3YY          599 05 PY2NY         599 11
QSO: 21000 CW 2015-11-29 1807 W3YY          599 05 ZP9MCE        599 11
QSO: 21000 CW 2015-11-29 1808 W3YY          599 05 PJ4Q          599 9
QSO: 21000 CW 2015-11-29 1812 W3YY          599 05 ZW5B          599 11
QSO: 21012 CW 2015-11-29 1813 W3YY          599 05 ZT6T          599 38
QSO: 21058 CW 2015-11-29 1815 W3YY          599 05 CX4SS         599 13
QSO: 21000 CW 2015-11-29 2157 W3YY          599 05 OA4SS         599 10
QSO: 21019 CW 2015-11-29 2158 W3YY          599 05 PW2D          599 11
QSO: 21014 CW 2015-11-29 2159 W3YY          599 5 CE0Y/R4WAA    599 12
QSO: 21013 CW 2015-11-29 2200 W3YY          599 05 CX4AT         599 13
QSO: 21002 CW 2015-11-29 2201 W3YY          599 05 CW5W          599 13
QSO: 21022 CW 2015-11-29 2203 W3YY          599 05 JE1LFX        599 25
QSO: 21030 CW 2015-11-29 2203 W3YY          599 05 VA7ST         599 3
QSO: 21032 CW 2015-11-29 2235 W3YY          599 05 AH0K          599 27
QSO: 21010 CW 2015-11-29 2236 W3YY          599 05 JA1ZGP        599 25
QSO: 21005 CW 2015-11-29 2237 W3YY          599 05 ZM1A          599 32
QSO: 21036 CW 2015-11-29 2240 W3YY          599 05 KH6LC         599 31
QSO: 21033 CW 2015-11-29 2245 W3YY          599 05 AL7LO         599 1
QSO: 21016 CW 2015-11-29 2247 W3YY          599 5 UA0ZAM        599 19
QSO: 21018 CW 2015-11-29 2314 W3YY          599 05 7K4QOK        599 25
QSO: 21018 CW 2015-11-29 2314 W3YY          599 05 RA0FF         599 19
QSO: 21026 CW 2015-11-29 2315 W3YY          599 05 JH3CUL        599 25
QSO: 21042 CW 2015-11-29 2316 W3YY          599 05 7J1YAJ        599 25
QSO: 21042 CW 2015-11-29 2316 W3YY          599 05 VE6UM         599 4
QSO: 21043 CW 2015-11-29 2316 W3YY          599 05 VK2IA         599 30
QSO: 21048 CW 2015-11-29 2318 W3YY          599 05 AH2R          599 27
QSO: 21050 CW 2015-11-29 2319 W3YY          599 5 K2YY          599 03
QSO: 21000 CW 2015-11-29 2334 W3YY          599 05 JA5DQH        599 25
QSO: 21000 CW 2015-11-29 2336 W3YY          599 05 V6A           599 27
QSO: 21000 CW 2015-11-29 2337 W3YY          599 05 XE2ST         599 6
QSO: 21000 CW 2015-11-29 2339 W3YY          599 5 7K4XNN        599 25
QSO: 21064 CW 2015-11-29 2339 W3YY          599 05 JA6GCE        599 25
QSO: 21056 CW 2015-11-29 2344 W3YY          599 05 E50A          599 32
QSO: 21035 CW 2015-11-29 2351 W3YY          599 05 9M6NA         599 28
QSO: 21074 CW 2015-11-29 2355 W3YY          599 05 JA9CWJ        599 25
QSO: 21000 CW 2015-11-29 2356 W3YY          599 5 JA2KVB        599 25
QSO: 14012 CW 2015-11-29 2359 W3YY          599 05 9M2A          599 28
END-OF-LOG:
