START-OF-LOG: 2.0
CATEGORY: Single operator, SSB, high power
CONTEST: WAG
CALLSIGN: AK4VQ
CLUB: Valley Amateur Radio Association, INC
CLAIMED-SCORE: 585
OPERATORS: AK4VQ
CREATED-BY: N1MM Logger+ 1.0.7960.0, modified by DXHF upload.
QSO: 14200 PH 2019-10-19 1949 AK4VQ         59  001  DK0FR         59  A05
QSO: 14200 PH 2019-10-19 2014 AK4VQ         59  002  DR0W          59  T13
QSO: 14200 PH 2019-10-19 2017 AK4VQ         59  003  DK3T          59  N61
QSO: 14200 PH 2019-10-19 2020 AK4VQ         59  004  DK6MM         59  F39
QSO: 14200 PH 2019-10-19 2025 AK4VQ         59  005  DL5L          59  X23
QSO: 14200 PH 2019-10-19 2029 AK4VQ         59  006  DL6FBL        59  L06
QSO: 14200 PH 2019-10-20 1203 AK4VQ         59  007  DK8R          59  Q05
QSO: 14200 PH 2019-10-20 1206 AK4VQ         59  008  DL0WX         59  G18
QSO: 14200 PH 2019-10-20 1214 AK4VQ         59  009  DK0IW         59  C07
QSO: 14200 PH 2019-10-20 1218 AK4VQ         59  010  DL0SN         59  O16
QSO: 14200 PH 2019-10-20 1312 AK4VQ         59  011  DL0AH         59  F01
QSO: 14200 PH 2019-10-20 1344 AK4VQ         59  012  DL2SAX        59  P05
QSO: 14200 PH 2019-10-20 1347 AK4VQ         59  013  DK0SY         59  I25
QSO: 14200 PH 2019-10-20 1355 AK4VQ         59  014  DA0CCC        59  D23
QSO: 14200 PH 2019-10-20 1451 AK4VQ         59  015  DG1ATN        59  X34
END-OF-LOG:
