START-OF-LOG: 3.0
CATEGORY: Single operator, SSB, low power
CONTEST: WAG
SPECIFIC: B04
CALLSIGN: DO1FHQ
LOCATION: DX
CLAIMED-SCORE: 13166
CREATED-BY: HAM OFFICE (REL.6.267.5) HTTP://WWW.HAMOFFICE.DE, modified by DXHF upload.
CLUB: DARC
OPERATORS: DO1FHQ
QSO: 21000 PH  2019-10-19 1531 DO1FHQ 59  B04               PY5QW        59  053
QSO: 21000 PH  2019-10-19 1545 DO1FHQ 59  B04               CT3KN        59  083
QSO: 21000 PH  2019-10-19 1548 DO1FHQ 59  B04               N9NB         59  023
QSO: 21000 PH  2019-10-19 1554 DO1FHQ 59  B04               CR2Y         59  095
QSO: 21000 PH  2019-10-19 1556 DO1FHQ 59  B04               CR3W         59  216
QSO: 21000 PH  2019-10-19 1603 DO1FHQ 59  B04               KC1XX        59  115
QSO: 3500  PH  2019-10-19 1648 DO1FHQ 59  B04               OK1NYD       59  036
QSO: 3500  PH  2019-10-19 1650 DO1FHQ 59  B04               PA9M         59  147
QSO: 3500  PH  2019-10-19 1657 DO1FHQ 59  B04               DK0BM        59  C04
QSO: 3500  PH  2019-10-19 1702 DO1FHQ 59  B04               DK0OD        59  C06
QSO: 3500  PH  2019-10-19 1704 DO1FHQ 59  B04               IZ2KXC       59  203
QSO: 3500  PH  2019-10-19 1709 DO1FHQ 59  B04               DL9NO        59  B18
QSO: 3500  PH  2019-10-19 1712 DO1FHQ 59  B04               DL0FA        59  H07
QSO: 3500  PH  2019-10-19 1714 DO1FHQ 59  B04               UA5L         59  024
QSO: 3500  PH  2019-10-19 1716 DO1FHQ 59  B04               DB1BAC       59  I18
QSO: 3500  PH  2019-10-19 1719 DO1FHQ 59  B04               OK1MPD       59  055
QSO: 3500  PH  2019-10-19 1727 DO1FHQ 59  B04               DM5SB        59  S50
QSO: 3500  PH  2019-10-19 1729 DO1FHQ 59  B04               DM5TI        59  C15
QSO: 3500  PH  2019-10-19 1731 DO1FHQ 59  B04               DL7A         59  E33
QSO: 3500  PH  2019-10-19 1733 DO1FHQ 59  B04               DG2GTG       59  A28
QSO: 3500  PH  2019-10-19 1739 DO1FHQ 59  B04               DG1AKN       59  X30
QSO: 3500  PH  2019-10-19 1741 DO1FHQ 59  B04               DL0WX        59  G18
QSO: 3500  PH  2019-10-19 1742 DO1FHQ 59  B04               OK2MBP       59  073
QSO: 3500  PH  2019-10-19 1743 DO1FHQ 59  B04               DL1DY        59  L02
QSO: 3500  PH  2019-10-19 1745 DO1FHQ 59  B04               DL5DTG       59  S07
QSO: 3500  PH  2019-10-19 1746 DO1FHQ 59  B04               DK8K         59  Q07
QSO: 3500  PH  2019-10-19 1747 DO1FHQ 59  B04               DL5SD        59  Y10
QSO: 3500  PH  2019-10-19 1748 DO1FHQ 59  B04               PC50DIG      59  216
QSO: 3500  PH  2019-10-19 1750 DO1FHQ 59  B04               DF4U         59  H24
QSO: 3500  PH  2019-10-19 1753 DO1FHQ 59  B04               SQ3M         59  144
QSO: 3500  PH  2019-10-19 1755 DO1FHQ 59  B04               HB0/DL1GLO   59  148
QSO: 3500  PH  2019-10-19 1758 DO1FHQ 59  B04               DL0UE        59  JSZ18
QSO: 3500  PH  2019-10-19 1803 DO1FHQ 59  B04               DF7DC        59  O15
QSO: 3500  PH  2019-10-19 1805 DO1FHQ 59  B04               DK9BM        59  N47
QSO: 3500  PH  2019-10-19 1806 DO1FHQ 59  B04               PA7WW        59  003
QSO: 3500  PH  2019-10-19 1808 DO1FHQ 59  B04               DL9WO        59  F11
QSO: 3500  PH  2019-10-19 1818 DO1FHQ 59  B04               DK0DI        59  F47
QSO: 3500  PH  2019-10-19 1822 DO1FHQ 59  B04               SO3O         59  114
QSO: 3500  PH  2019-10-19 1824 DO1FHQ 59  B04               DG1IU        59  A36
QSO: 3500  PH  2019-10-19 1835 DO1FHQ 59  B04               DR70BAL      59  70BAL
QSO: 3500  PH  2019-10-19 1839 DO1FHQ 59  B04               DL0MCM       59  MCM
QSO: 3500  PH  2019-10-19 1843 DO1FHQ 59  B04               DF2F         59  L06
QSO: 3500  PH  2019-10-19 1846 DO1FHQ 59  B04               DA0C         59  F69
QSO: 3500  PH  2019-10-19 1848 DO1FHQ 59  B04               DL2LBK       59  M06
QSO: 3500  PH  2019-10-19 1851 DO1FHQ 59  B04               DJ7R         59  U14
QSO: 3500  PH  2019-10-19 1856 DO1FHQ 59  B04               DR2D         59  D22
QSO: 3500  PH  2019-10-19 1859 DO1FHQ 59  B04               DO2HQS       59  W28
QSO: 3500  PH  2019-10-19 1959 DO1FHQ 59  B04               DK6HS        59  K14
QSO: 3500  PH  2019-10-19 2002 DO1FHQ 59  B04               LY5AX        59  095
QSO: 3500  PH  2019-10-19 2004 DO1FHQ 59  B04               DF0RW        59  R17
QSO: 3500  PH  2019-10-19 2005 DO1FHQ 59  B04               DK6BA        59  N49
QSO: 3500  PH  2019-10-19 2008 DO1FHQ 59  B04               DL5PIA       59  P18
QSO: 3500  PH  2019-10-19 2012 DO1FHQ 59  B04               DL2SAX       59  P05
QSO: 3500  PH  2019-10-19 2022 DO1FHQ 59  B04               F5OHM        59  171
QSO: 3500  PH  2019-10-19 2026 DO1FHQ 59  B04               DL4MFR       59  C05
QSO: 3500  PH  2019-10-19 2038 DO1FHQ 59  B04               LY5Q         59  172
QSO: 3500  PH  2019-10-19 2041 DO1FHQ 59  B04               DA0CCC       59  D23
QSO: 3500  PH  2019-10-19 2043 DO1FHQ 59  B04               DL3RAR       59  U14
QSO: 3500  PH  2019-10-19 2044 DO1FHQ 59  B04               YP0C         59  369
QSO: 3500  PH  2019-10-19 2048 DO1FHQ 59  B04               DK5NJ        59  B23
QSO: 3500  PH  2019-10-19 2048 DO1FHQ 59  B04               DH2PA        59  K14
QSO: 3500  PH  2019-10-19 2053 DO1FHQ 59  B04               PA5ABW       59  055
QSO: 3500  PH  2019-10-19 2054 DO1FHQ 59  B04               DL4ST        59  W02
QSO: 3500  PH  2019-10-19 2101 DO1FHQ 59  B04               DK2YL        59  Q05
QSO: 3500  PH  2019-10-19 2102 DO1FHQ 59  B04               DH0F         59  B09
QSO: 3500  PH  2019-10-19 2106 DO1FHQ 59  B04               CR2Y         59  673
QSO: 3500  PH  2019-10-19 2108 DO1FHQ 59  B04               DK1K         59  G14
QSO: 3500  PH  2019-10-19 2112 DO1FHQ 59  B04               PA1SVM       59  073
QSO: 3500  PH  2019-10-19 2113 DO1FHQ 59  B04               DL5L         59  X23
QSO: 3500  PH  2019-10-19 2118 DO1FHQ 59  B04               DO3KTM       59  NM
QSO: 3500  PH  2019-10-19 2120 DO1FHQ 59  B04               DL9RAR       59  U14
QSO: 3500  PH  2019-10-19 2122 DO1FHQ 59  B04               DL4YAO       59  C52
QSO: 3500  PH  2019-10-19 2126 DO1FHQ 59  B04               OV1RR        59  059
QSO: 3500  PH  2019-10-19 2129 DO1FHQ 59  B04               DM1PIO       59  Y21
QSO: 3500  PH  2019-10-19 2151 DO1FHQ 59  B04               DK0YLO       59  YLO
QSO: 3500  PH  2019-10-19 2153 DO1FHQ 59  B04               PC3T         59  086
QSO: 3500  PH  2019-10-19 2158 DO1FHQ 59  B04               DR50DIG      59  DIG
QSO: 3500  PH  2019-10-19 2159 DO1FHQ 59  B04               DK8R         59  Q05
QSO: 3500  PH  2019-10-19 2203 DO1FHQ 59  B04               DF2TH        59  I03
QSO: 3500  PH  2019-10-19 2205 DO1FHQ 59  B04               HB30YDL      59  152
QSO: 3500  PH  2019-10-19 2207 DO1FHQ 59  B04               OZ4AFQ       59  142
QSO: 3500  PH  2019-10-19 2210 DO1FHQ 59  B04               DF2RG        59  U18
QSO: 3500  PH  2019-10-19 2212 DO1FHQ 59  B04               DL1EBN       59  L23
QSO: 3500  PH  2019-10-19 2214 DO1FHQ 59  B04               DD0VU        59  S19
QSO: 3500  PH  2019-10-19 2216 DO1FHQ 59  B04               DJ9DJ        59  K15
QSO: 3500  PH  2019-10-19 2220 DO1FHQ 59  B04               DJ1FZ        59  F16
QSO: 3500  PH  2019-10-19 2223 DO1FHQ 59  B04               YU1DW        59  419
QSO: 3500  PH  2019-10-19 2226 DO1FHQ 59  B04               DJ8VW        59  R05
QSO: 3500  PH  2019-10-19 2229 DO1FHQ 59  B04               DL0OVA       59  I13
QSO: 3500  PH  2019-10-19 2233 DO1FHQ 59  B04               DL8L         59  K06
QSO: 3500  PH  2019-10-19 2234 DO1FHQ 59  B04               DO6IL        59  L07
QSO: 3500  PH  2019-10-19 2243 DO1FHQ 59  B04               DM3FAM       59  A05
QSO: 3500  PH  2019-10-19 2244 DO1FHQ 59  B04               DK0TU        59  D01
QSO: 3500  PH  2019-10-19 2245 DO1FHQ 59  B04               DL5XJ        59  M30
QSO: 3500  PH  2019-10-19 2246 DO1FHQ 59  B04               DK5DQ        59  O32
QSO: 3500  PH  2019-10-19 2248 DO1FHQ 59  B04               DL7VEE       59  D26
QSO: 3500  PH  2019-10-19 2248 DO1FHQ 59  B04               DL7ACN       59  A22
QSO: 3500  PH  2019-10-19 2250 DO1FHQ 59  B04               DL0XM        59  S41
QSO: 3500  PH  2019-10-19 2252 DO1FHQ 59  B04               DL0YLN       59  YLN
QSO: 3500  PH  2019-10-20 0424 DO1FHQ 59  B04               DL3RN        59  V22
QSO: 3500  PH  2019-10-20 0426 DO1FHQ 59  B04               KC1XX        59  959
QSO: 3500  PH  2019-10-20 0430 DO1FHQ 59  B04               DF5A         59  V11
QSO: 3500  PH  2019-10-20 0432 DO1FHQ 59  B04               DM3C         59  V22
QSO: 3500  PH  2019-10-20 0433 DO1FHQ 59  B04               DM3VL        59  S07
QSO: 3500  PH  2019-10-20 0435 DO1FHQ 59  B04               LY6Q         59  247
QSO: 3500  PH  2019-10-20 0445 DO1FHQ 59  B04               RW2XZ        59  312
QSO: 3500  PH  2019-10-20 0449 DO1FHQ 59  B04               SA7AUH       59  011
QSO: 3500  PH  2019-10-20 0453 DO1FHQ 59  B04               DM5RC        59  Y26
QSO: 3500  PH  2019-10-20 0454 DO1FHQ 59  B04               DK1X         59  F35
QSO: 3500  PH  2019-10-20 0457 DO1FHQ 59  B04               YO8RSJ       59  141
QSO: 3500  PH  2019-10-20 0459 DO1FHQ 59  B04               OM4M         59  169
QSO: 3500  PH  2019-10-20 0516 DO1FHQ 59  B04               OZ9V         59  033
QSO: 3500  PH  2019-10-20 0518 DO1FHQ 59  B04               DL2DQL       59  S02
QSO: 3500  PH  2019-10-20 0519 DO1FHQ 59  B04               DL1MHJ       59  C12
QSO: 3500  PH  2019-10-20 0523 DO1FHQ 59  B04               DL9HCO       59  E09
QSO: 3500  PH  2019-10-20 0525 DO1FHQ 59  B04               DM1LC        59  U14
QSO: 3500  PH  2019-10-20 0527 DO1FHQ 59  B04               DK0FF        59  H07
QSO: 3500  PH  2019-10-20 0528 DO1FHQ 59  B04               DM6MS        59  X42
QSO: 3500  PH  2019-10-20 0529 DO1FHQ 59  B04               DG1OJ        59  H05
QSO: 3500  PH  2019-10-20 0530 DO1FHQ 59  B04               OH7MFO       59  141
QSO: 3500  PH  2019-10-20 0531 DO1FHQ 59  B04               HB9CXK       59  024
QSO: 3500  PH  2019-10-20 0532 DO1FHQ 59  B04               DO1CS        59  S49
QSO: 3500  PH  2019-10-20 0533 DO1FHQ 59  B04               DO9JBL       59  C03
QSO: 3500  PH  2019-10-20 0535 DO1FHQ 59  B04               DF5FF        59  F05
QSO: 3500  PH  2019-10-20 0538 DO1FHQ 59  B04               DF1ASG       59  Z90
QSO: 3500  PH  2019-10-20 0539 DO1FHQ 59  B04               DF8AB        59  H62
QSO: 3500  PH  2019-10-20 0539 DO1FHQ 59  B04               DL7UH        59  K16
QSO: 3500  PH  2019-10-20 0542 DO1FHQ 59  B04               DO3ANI       59  L11
QSO: 3500  PH  2019-10-20 0543 DO1FHQ 59  B04               DF2QZ        59  N20
QSO: 3500  PH  2019-10-20 0544 DO1FHQ 59  B04               DK1OM        59  H02
QSO: 3500  PH  2019-10-20 0545 DO1FHQ 59  B04               DL8LY        59  E07
QSO: 3500  PH  2019-10-20 0546 DO1FHQ 59  B04               ON3AR        59  064
QSO: 3500  PH  2019-10-20 0546 DO1FHQ 59  B04               DG4CG        59  U12
QSO: 3500  PH  2019-10-20 0547 DO1FHQ 59  B04               DK6MP        59  A19
QSO: 3500  PH  2019-10-20 0548 DO1FHQ 59  B04               DL5DSB       59  S22
QSO: 3500  PH  2019-10-20 0550 DO1FHQ 59  B04               DG4NBI       59  DVB
QSO: 3500  PH  2019-10-20 0552 DO1FHQ 59  B04               DH2UAK       59  Y26
QSO: 3500  PH  2019-10-20 0553 DO1FHQ 59  B04               DM2BPG       59  W33
QSO: 3500  PH  2019-10-20 0554 DO1FHQ 59  B04               OE9OBV       59  040
QSO: 3500  PH  2019-10-20 0555 DO1FHQ 59  B04               DL8UV        59  K36
QSO: 3500  PH  2019-10-20 0556 DO1FHQ 59  B04               OM3THX       59  007
QSO: 3500  PH  2019-10-20 0557 DO1FHQ 59  B04               OK1MJA       59  043
QSO: 3500  PH  2019-10-20 0558 DO1FHQ 59  B04               DQ1P         59  E34
QSO: 3500  PH  2019-10-20 0558 DO1FHQ 59  B04               DL4JWU       59  S54
QSO: 3500  PH  2019-10-20 0559 DO1FHQ 59  B04               DL0NG        59  Z15
QSO: 3500  PH  2019-10-20 0600 DO1FHQ 59  B04               DF0SL        59  B30
QSO: 3500  PH  2019-10-20 0601 DO1FHQ 59  B04               DM2BR        59  W24
QSO: 3500  PH  2019-10-20 0602 DO1FHQ 59  B04               DH3FEN       59  Y28
QSO: 3500  PH  2019-10-20 0602 DO1FHQ 59  B04               DF0DG        59  I37
QSO: 3500  PH  2019-10-20 0604 DO1FHQ 59  B04               DD1AO        59  U01
QSO: 3500  PH  2019-10-20 0605 DO1FHQ 59  B04               DR5K         59  X42
QSO: 3500  PH  2019-10-20 0608 DO1FHQ 59  B04               DL1DKB       59  O16
QSO: 3500  PH  2019-10-20 0609 DO1FHQ 59  B04               DJ7OM        59  K19
QSO: 3500  PH  2019-10-20 0609 DO1FHQ 59  B04               DO1THG       59  I03
QSO: 3500  PH  2019-10-20 0609 DO1FHQ 59  B04               DK6SN        59  P21
QSO: 3500  PH  2019-10-20 0612 DO1FHQ 59  B04               DL1CGE       59  N08
QSO: 3500  PH  2019-10-20 0613 DO1FHQ 59  B04               DC1PM        59  G26
QSO: 3500  PH  2019-10-20 0613 DO1FHQ 59  B04               DG5FAU       59  I17
QSO: 3500  PH  2019-10-20 0614 DO1FHQ 59  B04               DF9XI        59  N52
QSO: 3500  PH  2019-10-20 0615 DO1FHQ 59  B04               DL2ART       59  G20
QSO: 3500  PH  2019-10-20 0616 DO1FHQ 59  B04               DD5RS        59  S04
QSO: 3500  PH  2019-10-20 0617 DO1FHQ 59  B04               DK4DE        59  H50
QSO: 3500  PH  2019-10-20 0617 DO1FHQ 59  B04               DH1OK        59  P01
QSO: 3500  PH  2019-10-20 0617 DO1FHQ 59  B04               DL1ATZ       59  X23
QSO: 3500  PH  2019-10-20 0619 DO1FHQ 59  B04               DM5B         59  Y26
QSO: 3500  PH  2019-10-20 0620 DO1FHQ 59  B04               DL0DI        59  F74
QSO: 3500  PH  2019-10-20 0620 DO1FHQ 59  B04               9A3DF        59  002
QSO: 3500  PH  2019-10-20 0621 DO1FHQ 59  B04               DH6DAO       59  O17
QSO: 3500  PH  2019-10-20 0622 DO1FHQ 59  B04               DG4RAW       59  B03
QSO: 3500  PH  2019-10-20 0623 DO1FHQ 59  B04               DF1RA        59  R14
QSO: 3500  PH  2019-10-20 0624 DO1FHQ 59  B04               DL0SO        59  R14
QSO: 3500  PH  2019-10-20 0625 DO1FHQ 59  B04               DL5AAZ       59  H10
QSO: 3500  PH  2019-10-20 0626 DO1FHQ 59  B04               DO7RWE       59  L11
QSO: 3500  PH  2019-10-20 0627 DO1FHQ 59  B04               DL5EC        59  L31
QSO: 3500  PH  2019-10-20 0629 DO1FHQ 59  B04               DL1AWC       59  X31
QSO: 3500  PH  2019-10-20 0630 DO1FHQ 59  B04               DL4ZB        59  F02
QSO: 3500  PH  2019-10-20 0631 DO1FHQ 59  B04               IU2IBU       59  062
QSO: 3500  PH  2019-10-20 0639 DO1FHQ 59  B04               DJ4WM        59  H61
QSO: 3500  PH  2019-10-20 0640 DO1FHQ 59  B04               DO2FN        59  S07
QSO: 3500  PH  2019-10-20 0641 DO1FHQ 59  B04               DL6MR        59  W19
QSO: 3500  PH  2019-10-20 0644 DO1FHQ 59  B04               DL6XAT       59  E15
QSO: 3500  PH  2019-10-20 0644 DO1FHQ 59  B04               DL2SWR       59  V13
QSO: 3500  PH  2019-10-20 0645 DO1FHQ 59  B04               DO1UKR       59  E15
QSO: 3500  PH  2019-10-20 0647 DO1FHQ 59  B04               DL2LMS       59  S34
QSO: 3500  PH  2019-10-20 0648 DO1FHQ 59  B04               DG9YFB       59  N44
QSO: 3500  PH  2019-10-20 0648 DO1FHQ 59  B04               DL2EH        59  P54
QSO: 3500  PH  2019-10-20 0649 DO1FHQ 59  B04               HB9TRR       59  001
QSO: 3500  PH  2019-10-20 0650 DO1FHQ 59  B04               F5PTI        59  079
QSO: 3500  PH  2019-10-20 0652 DO1FHQ 59  B04               DG1LS        59  M13
QSO: 3500  PH  2019-10-20 0654 DO1FHQ 59  B04               DL0LA        59  U08
QSO: 3500  PH  2019-10-20 0655 DO1FHQ 59  B04               DO1HGS       59  A25
QSO: 3500  PH  2019-10-20 0659 DO1FHQ 59  B04               DL9BBE       59  L05
QSO: 3500  PH  2019-10-20 0701 DO1FHQ 59  B04               DL5OCR       59  H20
QSO: 3500  PH  2019-10-20 0703 DO1FHQ 59  B04               DK4VW        59  M15
QSO: 3500  PH  2019-10-20 0704 DO1FHQ 59  B04               DL1YAR       59  N18
QSO: 3500  PH  2019-10-20 0705 DO1FHQ 59  B04               DL2JST       59  V14
QSO: 3500  PH  2019-10-20 0706 DO1FHQ 59  B04               DG4SBZ       59  P62
QSO: 3500  PH  2019-10-20 0707 DO1FHQ 59  B04               DF6QE        59  N44
QSO: 3500  PH  2019-10-20 0708 DO1FHQ 59  B04               HB3YXD       59  042
QSO: 3500  PH  2019-10-20 0709 DO1FHQ 59  B04               DO2NK        59  B06
QSO: 3500  PH  2019-10-20 0711 DO1FHQ 59  B04               DL2RZG       59  W36
QSO: 3500  PH  2019-10-20 0712 DO1FHQ 59  B04               DL0ABT       59  D25
QSO: 3500  PH  2019-10-20 0713 DO1FHQ 59  B04               DK2MB        59  Q07
QSO: 3500  PH  2019-10-20 0714 DO1FHQ 59  B04               DG3NCZ       59  B37
QSO: 3500  PH  2019-10-20 0715 DO1FHQ 59  B04               DM2EV        59  X11
QSO: 3500  PH  2019-10-20 0717 DO1FHQ 59  B04               DL2FK        59  P15
QSO: 3500  PH  2019-10-20 0717 DO1FHQ 59  B04               DK2AY        59  H20
QSO: 3500  PH  2019-10-20 0719 DO1FHQ 59  B04               DQ4X         59  L11
QSO: 3500  PH  2019-10-20 0721 DO1FHQ 59  B04               DB8AH        59  L06
QSO: 3500  PH  2019-10-20 0722 DO1FHQ 59  B04               DL1NKS       59  B24
QSO: 3500  PH  2019-10-20 0722 DO1FHQ 59  B04               DG7JB        59  L05
QSO: 3500  PH  2019-10-20 0729 DO1FHQ 59  B04               DF4FP        59  O15
QSO: 3500  PH  2019-10-20 0729 DO1FHQ 59  B04               DL5BL        59  H24
QSO: 3500  PH  2019-10-20 0730 DO1FHQ 59  B04               DG6OAG       59  H62
QSO: 3500  PH  2019-10-20 0730 DO1FHQ 59  B04               DF5DY        59  O30
QSO: 3500  PH  2019-10-20 0731 DO1FHQ 59  B04               DC8SP        59  P02
QSO: 3500  PH  2019-10-20 0732 DO1FHQ 59  B04               DR2E         59  F59
QSO: 3500  PH  2019-10-20 0733 DO1FHQ 59  B04               DF4LB        59  Y07
QSO: 3500  PH  2019-10-20 0734 DO1FHQ 59  B04               DL4RDP       59  U21
QSO: 3500  PH  2019-10-20 0736 DO1FHQ 59  B04               DF7EF        59  R29
QSO: 3500  PH  2019-10-20 0738 DO1FHQ 59  B04               DL6IY        59  A19
QSO: 3500  PH  2019-10-20 0739 DO1FHQ 59  B04               DL1DI        59  O11
QSO: 3500  PH  2019-10-20 0740 DO1FHQ 59  B04               DL1ABR       59  H37
QSO: 3500  PH  2019-10-20 0740 DO1FHQ 59  B04               DK2FL        59  R27
QSO: 3500  PH  2019-10-20 0741 DO1FHQ 59  B04               DG7YEL       59  N44
QSO: 3500  PH  2019-10-20 0742 DO1FHQ 59  B04               DO3EF        59  F07
QSO: 3500  PH  2019-10-20 0742 DO1FHQ 59  B04               DO8OS        59  B24
QSO: 3500  PH  2019-10-20 0744 DO1FHQ 59  B04               DO2QS        59  NM
QSO: 3500  PH  2019-10-20 0745 DO1FHQ 59  B04               OK1AY        59  392
QSO: 3500  PH  2019-10-20 0749 DO1FHQ 59  B04               DO2STO       59  A31
QSO: 3500  PH  2019-10-20 0750 DO1FHQ 59  B04               DL6DBP       59  O15
QSO: 3500  PH  2019-10-20 0752 DO1FHQ 59  B04               DL3HQN       59  W26
QSO: 3500  PH  2019-10-20 0753 DO1FHQ 59  B04               DK5EQ        59  O27
QSO: 3500  PH  2019-10-20 0754 DO1FHQ 59  B04               DK8VR        59  Q18
QSO: 3500  PH  2019-10-20 0755 DO1FHQ 59  B04               DH3KBI       59  X23
QSO: 3500  PH  2019-10-20 0756 DO1FHQ 59  B04               DL50IFM      59  50IFM
QSO: 3500  PH  2019-10-20 0757 DO1FHQ 59  B04               DL3FH        59  F75
QSO: 3500  PH  2019-10-20 0757 DO1FHQ 59  B04               HB9LCY       59  002
QSO: 3500  PH  2019-10-20 0800 DO1FHQ 59  B04               DL4DG        59  O38
QSO: 3500  PH  2019-10-20 0802 DO1FHQ 59  B04               DL50NFA      59  50NFA
QSO: 3500  PH  2019-10-20 0804 DO1FHQ 59  B04               OL4WO        59  397
QSO: 3500  PH  2019-10-20 0807 DO1FHQ 59  B04               OZ4NA        59  081
QSO: 3500  PH  2019-10-20 0807 DO1FHQ 59  B04               DL7DJ        59  O49
QSO: 3500  PH  2019-10-20 0808 DO1FHQ 59  B04               DJ9YL        59  S45
QSO: 3500  PH  2019-10-20 0809 DO1FHQ 59  B04               DL8ME        59  F11
QSO: 3500  PH  2019-10-20 0810 DO1FHQ 59  B04               DL8MV        59  X06
QSO: 3500  PH  2019-10-20 0812 DO1FHQ 59  B04               DL2AWA       59  X10
QSO: 3500  PH  2019-10-20 0812 DO1FHQ 59  B04               DO4APM       59  K34
QSO: 3500  PH  2019-10-20 0816 DO1FHQ 59  B04               DL1SL        59  P19
QSO: 3500  PH  2019-10-20 0822 DO1FHQ 59  B04               DF2CD        59  P39
QSO: 3500  PH  2019-10-20 0823 DO1FHQ 59  B04               DO6NI        59  Z90
QSO: 3500  PH  2019-10-20 0826 DO1FHQ 59  B04               DG5FFF       59  R55
QSO: 3500  PH  2019-10-20 0830 DO1FHQ 59  B04               DL0TN        59  70P13
QSO: 3500  PH  2019-10-20 0832 DO1FHQ 59  B04               DK6AC        59  H24
QSO: 3500  PH  2019-10-20 0835 DO1FHQ 59  B04               DO1CAL       59  S48
QSO: 3500  PH  2019-10-20 0836 DO1FHQ 59  B04               DL8FP        59  Z74
QSO: 3500  PH  2019-10-20 0837 DO1FHQ 59  B04               DO1MDO       59  X38
QSO: 3500  PH  2019-10-20 0839 DO1FHQ 59  B04               DG9OAD       59  Z84
QSO: 3500  PH  2019-10-20 0840 DO1FHQ 59  B04               DO3HTV       59  I33
QSO: 3500  PH  2019-10-20 0842 DO1FHQ 59  B04               DK2NO        59  DNF
QSO: 3500  PH  2019-10-20 0842 DO1FHQ 59  B04               DO5RO        59  F35
QSO: 3500  PH  2019-10-20 0846 DO1FHQ 59  B04               DL1MBG       59  C15
QSO: 3500  PH  2019-10-20 0847 DO1FHQ 59  B04               DL2JX        59  F51
QSO: 3500  PH  2019-10-20 0851 DO1FHQ 59  B04               DJ3GE        59  G25
QSO: 3500  PH  2019-10-20 0852 DO1FHQ 59  B04               DL2AMD       59  X22
QSO: 3500  PH  2019-10-20 0853 DO1FHQ 59  B04               DL5OU        59  H05
QSO: 3500  PH  2019-10-20 0854 DO1FHQ 59  B04               DL5RGA       59  F40
QSO: 3500  PH  2019-10-20 0856 DO1FHQ 59  B04               DO3GH        59  G55
QSO: 3500  PH  2019-10-20 0857 DO1FHQ 59  B04               DG5VV        59  S10
QSO: 3500  PH  2019-10-20 0858 DO1FHQ 59  B04               DD1VK        59  K52
QSO: 3500  PH  2019-10-20 0859 DO1FHQ 59  B04               DL5AWE       59  X11
QSO: 3500  PH  2019-10-20 0905 DO1FHQ 59  B04               DH8KV        59  G40
QSO: 3500  PH  2019-10-20 0914 DO1FHQ 59  B04               DL0VBG       59  H09
QSO: 3500  PH  2019-10-20 0921 DO1FHQ 59  B04               DJ9KH        59  I17
QSO: 3500  PH  2019-10-20 0922 DO1FHQ 59  B04               DJ6OV        59  A27
QSO: 3500  PH  2019-10-20 0925 DO1FHQ 59  B04               HB9CIC       59  294
QSO: 3500  PH  2019-10-20 0927 DO1FHQ 59  B04               DO1MPN       59  Y10
QSO: 3500  PH  2019-10-20 0929 DO1FHQ 59  B04               DO5WA        59  O22
QSO: 3500  PH  2019-10-20 0931 DO1FHQ 59  B04               DN6AW        59  T01
QSO: 3500  PH  2019-10-20 0935 DO1FHQ 59  B04               DO8JKR       59  R13
QSO: 3500  PH  2019-10-20 0939 DO1FHQ 59  B04               DB5ABS       59  B43
QSO: 3500  PH  2019-10-20 0941 DO1FHQ 59  B04               DB1NI        59  T18
QSO: 3500  PH  2019-10-20 0948 DO1FHQ 59  B04               DL0RHN       59  B43
QSO: 3500  PH  2019-10-20 0949 DO1FHQ 59  B04               DK8FA        59  F17
QSO: 21000 PH  2019-10-20 1048 DO1FHQ 59  B04               CT9ABO       59  1131
QSO: 21000 PH  2019-10-20 1056 DO1FHQ 59  B04               RW3XZ        59  347
QSO: 21000 PH  2019-10-20 1102 DO1FHQ 59  B04               UA6GO        59  559
QSO: 21000 PH  2019-10-20 1107 DO1FHQ 59  B04               RL4A         59  173
QSO: 21000 PH  2019-10-20 1108 DO1FHQ 59  B04               RZ3Z         59  373
QSO: 21000 PH  2019-10-20 1112 DO1FHQ 59  B04               DR4A         59  F47
QSO: 21000 PH  2019-10-20 1119 DO1FHQ 59  B04               R7MC         59  444
QSO: 21000 PH  2019-10-20 1124 DO1FHQ 59  B04               RK4HYT       59  427
QSO: 21000 PH  2019-10-20 1129 DO1FHQ 59  B04               RL4F         59  589
QSO: 21000 PH  2019-10-20 1343 DO1FHQ 59  B04               PZ5RA        59  255
QSO: 21000 PH  2019-10-20 1350 DO1FHQ 59  B04               KA2ABA       59  004
QSO: 21000 PH  2019-10-20 1400 DO1FHQ 59  B04               DL1NKS       59  B24
QSO: 21000 PH  2019-10-20 1418 DO1FHQ 59  B04               CT9ABN       59  1064
QSO: 21000 PH  2019-10-20 1423 DO1FHQ 59  B04               EA8CQS       59  201
QSO: 3500  PH  2019-10-20 1434 DO1FHQ 59  B04               DL7VRE       59  Y21
QSO: 3500  PH  2019-10-20 1435 DO1FHQ 59  B04               DL0UM        59  O39
QSO: 3500  PH  2019-10-20 1435 DO1FHQ 59  B04               DL4A         59  P55
QSO: 3500  PH  2019-10-20 1436 DO1FHQ 59  B04               DL4LAB       59  E13
QSO: 3500  PH  2019-10-20 1444 DO1FHQ 59  B04               DF7NS        59  B02
QSO: 3500  PH  2019-10-20 1445 DO1FHQ 59  B04               DL2AMT       59  X36
END-OF-LOG:
