START-OF-LOG: 3.0
CREATED-BY: ua9qcq-rf-championship-cw-ubn-downloader
CONTEST: RF-CHAMPIONSHIP-CW
CALLSIGN: RT3T
CATEGORY-OPERATOR: SINGLE-OP
CATEGORY-BAND: ALL
CATEGORY-MODE: CW
CATEGORY-ASSISTED: 
CATEGORY-TRANSMITTER: ONE
CATEGORY-STATION: 
CATEGORY-POWER: HIGH
OPERATORS: ГАНИН АЛЕКСАНДР ВЛАДИМИРОВИЧ (RT3T)
QSO: 14033 CW 2021-04-17 1700 RT3T          2   0001   RT4G          2   0002  
QSO: 14030 CW 2021-04-17 1704 RT3T          2   0002   RG9A          3   0009  
QSO: 14025 CW 2021-04-17 1705 RT3T          2   0003   RK3T          2   0011  
QSO:  7013 CW 2021-04-17 1708 RT3T          2   0004   RA9P          4   0020  
QSO:  7013 CW 2021-04-17 1708 RT3T          2   0004   RC6U          2   0020  
QSO:  7023 CW 2021-04-17 1710 RT3T          2   0005   R1NW          1   0004  
QSO:  7023 CW 2021-04-17 1711 RT3T          2   0006   UA6HLN        2   0010  
QSO:  7023 CW 2021-04-17 1711 RT3T          2   0007   R6DJM         2   0009  
QSO:  7023 CW 2021-04-17 1711 RT3T          2   0008   UA6HFI        2   0012  
QSO:  7023 CW 2021-04-17 1713 RT3T          2   0009   RT2C          2   0017  
QSO:  7011 CW 2021-04-17 1714 RT3T          2   0010   RX9SN         3   0033  
QSO:  7010 CW 2021-04-17 1715 RT3T          2   0011   RW0A          4   0042  
QSO:  7016 CW 2021-04-17 1716 RT3T          2   0012   R8TA          3   0028  
QSO:  7018 CW 2021-04-17 1717 RT3T          2   0013   RT2F          1   0021  
QSO:  7022 CW 2021-04-17 1718 RT3T          2   0014   UA7KA         2   0044  
QSO:  7024 CW 2021-04-17 1718 RT3T          2   0015   RA4AR         2   0039  
QSO:  7026 CW 2021-04-17 1719 RT3T          2   0016   RA2F          1   0045  
QSO:  7028 CW 2021-04-17 1719 RT3T          2   0017   RX6CB         2   0028  
QSO:  7028 CW 2021-04-17 1719 RT3T          2   0018   R6KA          2   0017  
QSO:  7029 CW 2021-04-17 1720 RT3T          2   0019   R8IZ          4   0057  
QSO:  7035 CW 2021-04-17 1721 RT3T          2   0020   R7RF          2   0029  
QSO:  7038 CW 2021-04-17 1722 RT3T          2   0021   RT6A          2   0045  
QSO:  7041 CW 2021-04-17 1722 RT3T          2   0022   UB7K          2   0020  
QSO:  7010 CW 2021-04-17 1723 RT3T          2   0023   R6CO          2   0027  
QSO:  7012 CW 2021-04-17 1724 RT3T          2   0024   UA7G          2   0025  
QSO:  7013 CW 2021-04-17 1725 RT3T          2   0025   RC6U          2   0058  
QSO:  7015 CW 2021-04-17 1726 RT3T          2   0026   RT6Y          2   0053  
QSO:  7020 CW 2021-04-17 1727 RT3T          2   0027   R7LV          2   0049  
QSO:  7024 CW 2021-04-17 1728 RT3T          2   0028   UI2K          1   0026  
QSO:  7026 CW 2021-04-17 1728 RT3T          2   0029   RA6CA         2   0036  
QSO:  7030 CW 2021-04-17 1729 RT3T          2   0030   UA4S          2   0072  
QSO:  7034 CW 2021-04-17 1729 RT3T          2   0031   R3FX          2   0026  
QSO:  7035 CW 2021-04-17 1729 RT3T          2   0032   UA4Q          2   0041  
QSO:  7037 CW 2021-04-17 1731 RT3T          2   0033   RX0L          6   0035  
QSO:  7038 CW 2021-04-17 1732 RT3T          2   0034   RA7A          2   0052  
QSO:  7036 CW 2021-04-17 1733 RT3T          2   0035   RL4F          2   0035  
QSO:  7033 CW 2021-04-17 1733 RT3T          2   0036   RT9S          3   0073  
QSO:  7032 CW 2021-04-17 1734 RT3T          2   0037   RU1A          1   0072  
QSO:  7031 CW 2021-04-17 1734 RT3T          2   0038   UA6KAC        2   0036  
QSO:  7022 CW 2021-04-17 1736 RT3T          2   0039   R7KX          2   0036  
QSO:  7022 CW 2021-04-17 1736 RT3T          2   0040   RG6G          2   0088  
QSO:  3515 CW 2021-04-17 1739 RT3T          2   0041   R4WR          2   0017  
QSO:  3517 CW 2021-04-17 1739 RT3T          2   0042   RK3BX         2   0028  
QSO:  3519 CW 2021-04-17 1740 RT3T          2   0043   RD8D          3   0033  
QSO:  3520 CW 2021-04-17 1741 RT3T          2   0044   RA9V          4   0065  
QSO:  3522 CW 2021-04-17 1742 RT3T          2   0045   RA0FF         6   0040  
QSO:  3523 CW 2021-04-17 1743 RT3T          2   0046   RG2A          2   0070  
QSO:  3524 CW 2021-04-17 1743 RT3T          2   0047   RV3ZN         2   0037  
QSO:  3525 CW 2021-04-17 1743 RT3T          2   0048   UA4M          2   0123  
QSO:  3526 CW 2021-04-17 1744 RT3T          2   0049   RG6G          2   0117  
QSO:  3531 CW 2021-04-17 1744 RT3T          2   0050   RX9SN         3   0091  
QSO:  3531 CW 2021-04-17 1744 RT3T          2   0051   UA3R          2   0076  
QSO:  3532 CW 2021-04-17 1745 RT3T          2   0052   R3KQ          2   0044  
QSO:  3532 CW 2021-04-17 1745 RT3T          2   0053   RA1QD         1   0046  
QSO:  3534 CW 2021-04-17 1745 RT3T          2   0054   RC9A          3   0048  
QSO:  3534 CW 2021-04-17 1746 RT3T          2   0055   RU1A          1   0113  
QSO:  3535 CW 2021-04-17 1746 RT3T          2   0056   UA3QGT        2   0055  
QSO:  3536 CW 2021-04-17 1746 RT3T          2   0057   R4BZ          2   0026  
QSO:  3537 CW 2021-04-17 1747 RT3T          2   0058   R3QA          2   0052  
QSO:  3538 CW 2021-04-17 1747 RT3T          2   0059   RT3N          2   0050  
QSO:  3538 CW 2021-04-17 1747 RT3T          2   0060   RT2C          2   0110  
QSO:  3533 CW 2021-04-17 1747 RT3T          2   0061   UA9MA         4   0070  
QSO:  3521 CW 2021-04-17 1748 RT3T          2   0062   RW3X          2   0053  
QSO:  3520 CW 2021-04-17 1749 RT3T          2   0063   R2AA          2   0100  
QSO:  3518 CW 2021-04-17 1749 RT3T          2   0064   RT6A          2   0119  
QSO:  3517 CW 2021-04-17 1750 RT3T          2   0065   RA3NC         2   0047  
QSO:  3516 CW 2021-04-17 1750 RT3T          2   0066   RL4A          2   0077  
QSO:  3523 CW 2021-04-17 1752 RT3T          2   0067   RT4G          2   0095  
QSO:  3528 CW 2021-04-17 1752 RT3T          2   0068   RT9L          3   0101  
QSO:  3528 CW 2021-04-17 1752 RT3T          2   0069   RK2M          2   0024  
QSO:  3529 CW 2021-04-17 1753 RT3T          2   0070   UC4L          2   0054  
QSO:  3533 CW 2021-04-17 1754 RT3T          2   0071   RC1W          1   0066  
QSO:  3531 CW 2021-04-17 1754 RT3T          2   0072   RK4K          2   0046  
QSO:  3530 CW 2021-04-17 1755 RT3T          2   0073   RT9S          3   0107  
QSO:  3524 CW 2021-04-17 1755 RT3T          2   0074   RK3ER         2   0047  
QSO:  3523 CW 2021-04-17 1756 RT3T          2   0075   RN1ON         1   0032  
QSO:  3522 CW 2021-04-17 1756 RT3T          2   0076   UA4AGT        2   0048  
QSO:  3532 CW 2021-04-17 1757 RT3T          2   0077   RK3T          2   0078  
QSO:  3529 CW 2021-04-17 1758 RT3T          2   0078   UA4S          2   0150  
QSO:  3529 CW 2021-04-17 1758 RT3T          2   0079   UA5R          2   0054  
QSO:  3529 CW 2021-04-17 1758 RT3T          2   0080   R3VL          2   0054  
QSO:  3529 CW 2021-04-17 1759 RT3T          2   0081   R7MM          2   0062  
QSO:  3529 CW 2021-04-17 1759 RT3T          2   0082   RA3YDA        2   0055  
QSO:  3529 CW 2021-04-17 1800 RT3T          2   0083   UF5D          2   0092  
QSO:  3529 CW 2021-04-17 1800 RT3T          2   0084   R5QQ          2   0036  
QSO:  3529 CW 2021-04-17 1800 RT3T          2   0085   RT4M          2   0081  
QSO:  3529 CW 2021-04-17 1801 RT3T          2   0086   UA4CNJ        2   0066  
QSO:  3529 CW 2021-04-17 1801 RT3T          2   0087   RA9DZ         3   0051  
QSO:  3529 CW 2021-04-17 1801 RT3T          2   0088   RA9A          3   0135  
QSO:  3544 CW 2021-04-17 1803 RT3T          2   0089   RA0LQ         6   0075  
QSO:  3534 CW 2021-04-17 1804 RT3T          2   0090   RA9MX         4   0050  
QSO:  3517 CW 2021-04-17 1804 RT3T          2   0091   R4OF          2   0016  
QSO:  3518 CW 2021-04-17 1805 RT3T          2   0092   R3KM          2   0094  
QSO:  3522 CW 2021-04-17 1806 RT3T          2   0093   R7LV          2   0122  
QSO:  3530 CW 2021-04-17 1806 RT3T          2   0094   RK3P          2   0068  
QSO:  3524 CW 2021-04-17 1807 RT3T          2   0095   R0RT          5   0014  
QSO:  3521 CW 2021-04-17 1809 RT3T          2   0096   RL5A          2   0102  
QSO:  3512 CW 2021-04-17 1809 RT3T          2   0097   RW0A          4   0144  
QSO:  3527 CW 2021-04-17 1810 RT3T          2   0098   R8TA          3   0098  
QSO:  3526 CW 2021-04-17 1810 RT3T          2   0099   R6HV          2   0069  
QSO:  3525 CW 2021-04-17 1811 RT3T          2   0100   RA5AD         2   0063  
QSO:  3524 CW 2021-04-17 1811 RT3T          2   0101   RT0C          6   0061  
QSO:  3518 CW 2021-04-17 1812 RT3T          2   0102   RK4FM         2   0092  
QSO:  3519 CW 2021-04-17 1813 RT3T          2   0103   UB3A          2   0091  
QSO:  3514 CW 2021-04-17 1813 RT3T          2   0104   R6CO          2   0071  
QSO:  3510 CW 2021-04-17 1814 RT3T          2   0105   UF5A          2   0081  
QSO:  3511 CW 2021-04-17 1814 RT3T          2   0106   R4CP/6        2   0018  
QSO:  3511 CW 2021-04-17 1815 RT3T          2   0107   RA9P          4   0153  
QSO:  3528 CW 2021-04-17 1817 RT3T          2   0108   UA9AX         3   0079  
QSO:  3528 CW 2021-04-17 1818 RT3T          2   0109   RT4F          2   0114  
QSO:  3529 CW 2021-04-17 1818 RT3T          2   0110   UA9AU         3   0067  
QSO:  3533 CW 2021-04-17 1819 RT3T          2   0111   R8IZ          4   0180  
QSO:  3534 CW 2021-04-17 1819 RT3T          2   0112   RW9DX         3   0114  
QSO:  3535 CW 2021-04-17 1820 RT3T          2   0113   R3EA          2   0099  
QSO:  3536 CW 2021-04-17 1821 RT3T          2   0114   R3EC          2   0126  
QSO:  3537 CW 2021-04-17 1821 RT3T          2   0115   RG9A          3   0172  
QSO:  3537 CW 2021-04-17 1822 RT3T          2   0116   UA3MIF        2   0057  
QSO:  3546 CW 2021-04-17 1822 RT3T          2   0117   RV3VR         2   0055  
QSO:  3525 CW 2021-04-17 1823 RT3T          2   0118   R7KX          2   0085  
QSO:  3521 CW 2021-04-17 1824 RT3T          2   0119   RA1AL         1   0087  
QSO:  3530 CW 2021-04-17 1824 RT3T          2   0120   RC6U          2   0194  
QSO:  3527 CW 2021-04-17 1825 RT3T          2   0121   R0SR          5   0087  
QSO:  3509 CW 2021-04-17 1825 RT3T          2   0122   RK0UT         7   0006  
QSO:  3511 CW 2021-04-17 1826 RT3T          2   0123   R7RF          2   0120  
QSO:  3515 CW 2021-04-17 1828 RT3T          2   0124   UA6LCN        2   0110  
QSO:  3543 CW 2021-04-17 1829 RT3T          2   0125   RG5G          2   0059  
QSO:  3524 CW 2021-04-17 1834 RT3T          2   0126   RA6CA         2   0176  
QSO:  3525 CW 2021-04-17 1835 RT3T          2   0127   R0WC          4   0020  
QSO:  3525 CW 2021-04-17 1835 RT3T          2   0128   UI3F          2   0091  
QSO:  3525 CW 2021-04-17 1835 RT3T          2   0129   RA4HBS        2   0051  
QSO:  3525 CW 2021-04-17 1835 RT3T          2   0130   UI3D          2   0203  
QSO:  3525 CW 2021-04-17 1836 RT3T          2   0131   RA5G          2   0219  
QSO:  3525 CW 2021-04-17 1836 RT3T          2   0132   R1QE          1   0069  
QSO:  3525 CW 2021-04-17 1836 RT3T          2   0133   R5AF          2   0050  
QSO:  3525 CW 2021-04-17 1836 RT3T          2   0134   UA3PI         2   0053  
QSO:  3525 CW 2021-04-17 1837 RT3T          2   0135   UA3RBR        2   0137  
QSO:  3520 CW 2021-04-17 1839 RT3T          2   0136   UA9R          3   0024  
QSO:  3533 CW 2021-04-17 1840 RT3T          2   0137   RD1T          1   0045  
QSO:  3538 CW 2021-04-17 1841 RT3T          2   0138   RV1CC         1   0055  
QSO:  3532 CW 2021-04-17 1842 RT3T          2   0139   UA4WAU        2   0076  
QSO:  3532 CW 2021-04-17 1843 RT3T          2   0140   RN9WT         3   0060  
QSO:  3532 CW 2021-04-17 1843 RT3T          2   0141   RW3AI         2   0027  
QSO:  3532 CW 2021-04-17 1844 RT3T          2   0142   RN3S          2   0059  
QSO:  3532 CW 2021-04-17 1844 RT3T          2   0143   R7AT          2   0100  
QSO:  3532 CW 2021-04-17 1844 RT3T          2   0144   R4SO          2   0116  
QSO:  3532 CW 2021-04-17 1845 RT3T          2   0145   R5AK          2   0075  
QSO:  3532 CW 2021-04-17 1846 RT3T          2   0146   UA7G          2   0114  
QSO:  3515 CW 2021-04-17 1848 RT3T          2   0147   RL4F          2   0158  
QSO:  3533 CW 2021-04-17 1849 RT3T          2   0148   RU9TN         3   0069  
QSO:  3535 CW 2021-04-17 1850 RT3T          2   0149   UA1CUR        1   0060  
QSO:  3537 CW 2021-04-17 1851 RT3T          2   0150   RX0L          6   0090  
QSO:  3534 CW 2021-04-17 1852 RT3T          2   0151   RW0UM         5   0078  
QSO:  3535 CW 2021-04-17 1853 RT3T          2   0152   RC1O          1   0096  
QSO:  3538 CW 2021-04-17 1853 RT3T          2   0153   UA3RW         2   0122  
QSO:  3544 CW 2021-04-17 1854 RT3T          2   0154   UB7K          2   0162  
QSO:  3547 CW 2021-04-17 1854 RT3T          2   0155   R5FP          2   0065  
QSO:  3533 CW 2021-04-17 1855 RT3T          2   0156   UA6Y          2   0153  
QSO:  3518 CW 2021-04-17 1856 RT3T          2   0157   UA6CC         2   0203  
QSO:  3517 CW 2021-04-17 1856 RT3T          2   0158   RU3XY         2   0112  
QSO:  3516 CW 2021-04-17 1857 RT3T          2   0159   UA3YFL        2   0106  
QSO:  3532 CW 2021-04-17 1858 RT3T          2   0160   RW3QJ         2   0026  
QSO:  3527 CW 2021-04-17 1858 RT3T          2   0161   R3OM          2   0135  
QSO:  3523 CW 2021-04-17 1859 RT3T          2   0162   RZ4A          2   0145  
QSO:  3513 CW 2021-04-17 1859 RT3T          2   0163   RK5W          2   0107  
QSO:  3538 CW 2021-04-17 1901 RT3T          2   0164   R5AJ          2   0075  
QSO:  3514 CW 2021-04-17 1901 RT3T          2   0165   RT3G          2   0099  
QSO:  3523 CW 2021-04-17 1901 RT3T          2   0166   RT6Y          2   0226  
QSO:  3522 CW 2021-04-17 1903 RT3T          2   0167   RC9AC         3   0119  
QSO:  3514 CW 2021-04-17 1903 RT3T          2   0168   RW4AD         2   0056  
QSO:  3537 CW 2021-04-17 1904 RT3T          2   0169   R3FX          2   0147  
QSO:  3546 CW 2021-04-17 1905 RT3T          2   0170   RZ1A          1   0051  
QSO:  3525 CW 2021-04-17 1905 RT3T          2   0171   UI2K          1   0194  
QSO:  3529 CW 2021-04-17 1905 RT3T          2   0172   RA9SF         3   0123  
QSO:  3540 CW 2021-04-17 1906 RT3T          2   0173   RM7C          2   0094  
QSO:  3541 CW 2021-04-17 1907 RT3T          2   0174   RA7R          2   0133  
QSO:  3537 CW 2021-04-17 1907 RT3T          2   0175   RX3Q          2   0076  
QSO:  3515 CW 2021-04-17 1909 RT3T          2   0176   RW3RN         2   0161  
QSO:  3512 CW 2021-04-17 1909 RT3T          2   0177   UA6KAC        2   0111  
QSO:  1830 CW 2021-04-17 1911 RT3T          2   0178   UA4S          2   0344  
QSO:  1820 CW 2021-04-17 1911 RT3T          2   0179   RT4G          2   0278  
QSO:  1822 CW 2021-04-17 1912 RT3T          2   0180   RW0A          4   0289  
QSO:  1822 CW 2021-04-17 1912 RT3T          2   0181   RA9P          4   0272  
QSO:  1824 CW 2021-04-17 1914 RT3T          2   0182   RC1O          1   0130  
QSO:  1827 CW 2021-04-17 1915 RT3T          2   0183   R0SR          5   0149  
QSO:  1833 CW 2021-04-17 1916 RT3T          2   0184   RT9S          3   0260  
QSO:  1833 CW 2021-04-17 1916 RT3T          2   0185   UA9MA         4   0158  
QSO:  1831 CW 2021-04-17 1917 RT3T          2   0186   RU1A          1   0327  
QSO:  1831 CW 2021-04-17 1918 RT3T          2   0187   UB3A          2   0200  
QSO:  1839 CW 2021-04-17 1918 RT3T          2   0188   RT3N          2   0174  
QSO:  1838 CW 2021-04-17 1919 RT3T          2   0189   RL4A          2   0224  
QSO:  1829 CW 2021-04-17 1920 RT3T          2   0190   UI2K          1   0219  
QSO:  1828 CW 2021-04-17 1920 RT3T          2   0191   RN1ON         1   0108  
QSO:  1834 CW 2021-04-17 1920 RT3T          2   0192   RG9A          3   0258  
QSO:  1834 CW 2021-04-17 1921 RT3T          2   0193   UC4L          2   0172  
QSO:  1825 CW 2021-04-17 1922 RT3T          2   0194   R4SO          2   0174  
QSO:  1826 CW 2021-04-17 1922 RT3T          2   0195   R3KM          2   0214  
QSO:  1830 CW 2021-04-17 1923 RT3T          2   0196   UA5R          2   0175  
QSO:  1833 CW 2021-04-17 1924 RT3T          2   0197   UI3D          2   0304  
QSO:  1833 CW 2021-04-17 1924 RT3T          2   0198   RA5G          2   0327  
QSO:  1833 CW 2021-04-17 1925 RT3T          2   0199   UA4Z          2   0182  
QSO:  1833 CW 2021-04-17 1925 RT3T          2   0200   RA9MX         4   0129  
QSO:  1833 CW 2021-04-17 1925 RT3T          2   0201   RK3T          2   0203  
QSO:  1833 CW 2021-04-17 1926 RT3T          2   0202   RT6A          2   0363  
QSO:  1833 CW 2021-04-17 1926 RT3T          2   0203   RK4FM         2   0195  
QSO:  1833 CW 2021-04-17 1927 RT3T          2   0204   RT2C          2   0349  
QSO:  1833 CW 2021-04-17 1927 RT3T          2   0205   R4BZ          2   0090  
QSO:  1833 CW 2021-04-17 1927 RT3T          2   0206   UA4PDJ        2   0092  
QSO:  1833 CW 2021-04-17 1927 RT3T          2   0207   RG2A          2   0221  
QSO:  1833 CW 2021-04-17 1928 RT3T          2   0208   UA9XL         3   0034  
QSO:  1833 CW 2021-04-17 1928 RT3T          2   0209   R3EC          2   0265  
QSO:  1833 CW 2021-04-17 1928 RT3T          2   0210   R3KQ          2   0167  
QSO:  1833 CW 2021-04-17 1929 RT3T          2   0211   UI3F          2   0148  
QSO:  1833 CW 2021-04-17 1929 RT3T          2   0212   RD1T          1   0106  
QSO:  1833 CW 2021-04-17 1930 RT3T          2   0213   UA3RBP        2   0104  
QSO:  1833 CW 2021-04-17 1930 RT3T          2   0214   RA1QD         1   0172  
QSO:  1833 CW 2021-04-17 1930 RT3T          2   0215   R3EA          2   0210  
QSO:  1833 CW 2021-04-17 1930 RT3T          2   0216   RA9A          3   0323  
QSO:  1833 CW 2021-04-17 1931 RT3T          2   0217   RT9L          3   0253  
QSO:  1833 CW 2021-04-17 1931 RT3T          2   0218   RW3AI         2   0055  
QSO:  1833 CW 2021-04-17 1931 RT3T          2   0219   R1NI          1   0079  
QSO:  1833 CW 2021-04-17 1932 RT3T          2   0220   R6DM          2   0167  
QSO:  1833 CW 2021-04-17 1932 RT3T          2   0221   RM7C          2   0116  
QSO:  1833 CW 2021-04-17 1932 RT3T          2   0222   RN5A          2   0218  
QSO:  1833 CW 2021-04-17 1933 RT3T          2   0223   UA9AX         3   0161  
QSO:  1833 CW 2021-04-17 1933 RT3T          2   0224   R8IZ          4   0302  
QSO:  1833 CW 2021-04-17 1934 RT3T          2   0225   UA4M          2   0405  
QSO:  1833 CW 2021-04-17 1934 RT3T          2   0226   RW9DX         3   0189  
QSO:  1833 CW 2021-04-17 1934 RT3T          2   0227   UF5A          2   0182  
QSO:  1833 CW 2021-04-17 1935 RT3T          2   0228   UA6Y          2   0218  
QSO:  1833 CW 2021-04-17 1936 RT3T          2   0229   UA4AGT        2   0152  
QSO:  1833 CW 2021-04-17 1936 RT3T          2   0230   UA3RBR        2   0217  
QSO:  1833 CW 2021-04-17 1937 RT3T          2   0231   RX3VF         2   0087  
QSO:  1833 CW 2021-04-17 1938 RT3T          2   0232   RT4M          2   0205  
QSO:  1833 CW 2021-04-17 1938 RT3T          2   0233   RA6CA         2   0319  
QSO:  1833 CW 2021-04-17 1939 RT3T          2   0234   RA9V          4   0200  
QSO:  1833 CW 2021-04-17 1939 RT3T          2   0235   R6HV          2   0175  
QSO:  1833 CW 2021-04-17 1939 RT3T          2   0236   RW3QJ         2   0073  
QSO:  1833 CW 2021-04-17 1940 RT3T          2   0237   UA6LCN        2   0176  
QSO:  1833 CW 2021-04-17 1940 RT3T          2   0238   UF5D          2   0233  
QSO:  1833 CW 2021-04-17 1940 RT3T          2   0239   UA3RW         2   0193  
QSO:  1833 CW 2021-04-17 1941 RT3T          2   0240   UA4Q          2   0247  
QSO:  1833 CW 2021-04-17 1941 RT3T          2   0241   RU9SB         3   0054  
QSO:  1833 CW 2021-04-17 1941 RT3T          2   0242   RK4K          2   0154  
QSO:  1833 CW 2021-04-17 1942 RT3T          2   0243   R7AM          2   0136  
QSO:  1833 CW 2021-04-17 1943 RT3T          2   0244   R7KX          2   0163  
QSO:  1839 CW 2021-04-17 1943 RT3T          2   0245   UB7K          2   0262  
QSO:  1835 CW 2021-04-17 1944 RT3T          2   0246   RL4F          2   0282  
QSO:  1831 CW 2021-04-17 1944 RT3T          2   0247   R2AA          2   0377  
QSO:  1831 CW 2021-04-17 1945 RT3T          2   0248   UA6CC         2   0305  
QSO:  1830 CW 2021-04-17 1945 RT3T          2   0249   R3ER          2   0194  
QSO:  1827 CW 2021-04-17 1946 RT3T          2   0250   R7LV          2   0288  
QSO:  1825 CW 2021-04-17 1946 RT3T          2   0251   RL5A          2   0283  
QSO:  1824 CW 2021-04-17 1947 RT3T          2   0252   RA5AD         2   0142  
QSO:  1835 CW 2021-04-17 1948 RT3T          2   0253   R7RF          2   0228  
QSO:  1837 CW 2021-04-17 1948 RT3T          2   0254   RC6U          2   0354  
QSO:  1818 CW 2021-04-17 1949 RT3T          2   0255   RA3NC         2   0171  
QSO:  1818 CW 2021-04-17 1949 RT3T          2   0256   UA1CUR        1   0109  
QSO:  1830 CW 2021-04-17 1953 RT3T          2   0257   RG6G          2   0432  
QSO:  1830 CW 2021-04-17 1953 RT3T          2   0258   RZ4A          2   0219  
QSO:  1830 CW 2021-04-17 1954 RT3T          2   0259   RT6Y          2   0319  
QSO:  1833 CW 2021-04-17 1955 RT3T          2   0260   RA1AL         1   0223  
QSO:  1837 CW 2021-04-17 1955 RT3T          2   0261   RC1W          1   0238  
QSO:  1838 CW 2021-04-17 1956 RT3T          2   0262   RW3RN         2   0222  
QSO:  1834 CW 2021-04-17 1957 RT3T          2   0263   RW3X          2   0198  
QSO:  1825 CW 2021-04-17 1958 RT3T          2   0264   R8TA          3   0217  
QSO:  1822 CW 2021-04-17 2000 RT3T          2   0265   RV1CC         1   0147  
QSO:  1830 CW 2021-04-17 2001 RT3T          2   0266   RK3P          2   0182  
QSO:  1823 CW 2021-04-17 2002 RT3T          2   0267   RK5W          2   0206  
QSO:  1824 CW 2021-04-17 2003 RT3T          2   0268   RN4HAB        2   0125  
QSO:  1839 CW 2021-04-17 2004 RT3T          2   0269   R1QE          1   0125  
QSO:  1828 CW 2021-04-17 2005 RT3T          2   0270   RU3XY         2   0208  
QSO:  1829 CW 2021-04-17 2006 RT3T          2   0271   RA4AR         2   0136  
QSO:  1820 CW 2021-04-17 2006 RT3T          2   0272   R4KO          2   0270  
QSO:  1817 CW 2021-04-17 2007 RT3T          2   0273   RV3ZN         2   0178  
QSO:  1819 CW 2021-04-17 2007 RT3T          2   0274   UA9AU         3   0170  
QSO:  1825 CW 2021-04-17 2007 RT3T          2   0275   RA9SF         3   0203  
QSO:  1828 CW 2021-04-17 2008 RT3T          2   0276   UA6KAC        2   0174  
QSO:  1830 CW 2021-04-17 2009 RT3T          2   0277   R3FX          2   0227  
QSO:  1825 CW 2021-04-17 2012 RT3T          2   0278   RT2F          1   0247  
QSO:  1831 CW 2021-04-17 2013 RT3T          2   0279   RC9A          3   0227  
QSO:  1825 CW 2021-04-17 2014 RT3T          2   0280   R7MM          2   0248  
QSO:  1825 CW 2021-04-17 2015 RT3T          2   0281   R6DJM         2   0204  
QSO:  1825 CW 2021-04-17 2016 RT3T          2   0282   RA2F          1   0199  
QSO:  1825 CW 2021-04-17 2016 RT3T          2   0283   RM9X          3   0108  
QSO:  1836 CW 2021-04-17 2017 RT3T          2   0284   RT3G          2   0185  
QSO:  1822 CW 2021-04-17 2017 RT3T          2   0285   RD8D          3   0176  
QSO:  1826 CW 2021-04-17 2019 RT3T          2   0286   R6KA          2   0189  
QSO:  1837 CW 2021-04-17 2021 RT3T          2   0287   RX9SN         3   0306  
QSO:  1833 CW 2021-04-17 2022 RT3T          2   0288   R5AJ          2   0149  
QSO:  1825 CW 2021-04-17 2023 RT3T          2   0289   RK3ER         2   0262  
QSO:  1827 CW 2021-04-17 2023 RT3T          2   0290   RT4P          2   0185  
QSO:  3523 CW 2021-04-17 2024 RT3T          2   0291   UA4Z          2   0256  
QSO:  3518 CW 2021-04-17 2024 RT3T          2   0292   UA3QAM        2   0120  
QSO:  3536 CW 2021-04-17 2025 RT3T          2   0293   RF9C          3   0040  
QSO:  3535 CW 2021-04-17 2025 RT3T          2   0294   R4KO          2   0288  
QSO:  3522 CW 2021-04-17 2028 RT3T          2   0295   UA3RBP        2   0134  
QSO:  3526 CW 2021-04-17 2029 RT3T          2   0296   RN5A          2   0294  
QSO:  3526 CW 2021-04-17 2030 RT3T          2   0297   R8CAA         3   0089  
QSO:  3526 CW 2021-04-17 2031 RT3T          2   0298   UA4Q          2   0327  
QSO:  7024 CW 2021-04-17 2034 RT3T          2   0299   UA4M          2   0471  
QSO:  7020 CW 2021-04-17 2034 RT3T          2   0300   RT0C          6   0153  
QSO:  3526 CW 2021-04-17 2037 RT3T          2   0301   R6DM          2   0234  
QSO:  1828 CW 2021-04-17 2040 RT3T          2   0302   RA7A          2   0311  
QSO:  1840 CW 2021-04-17 2041 RT3T          2   0303   RA4HBS        2   0162  
QSO:  1825 CW 2021-04-17 2043 RT3T          2   0304   UA3R          2   0385  
QSO:  1825 CW 2021-04-17 2043 RT3T          2   0305   RW3XN         2   0071  
QSO:  1825 CW 2021-04-17 2045 RT3T          2   0306   RA3YDA        2   0206  
QSO:  3511 CW 2021-04-17 2047 RT3T          2   0307   RT4P          2   0209  
QSO:  3524 CW 2021-04-17 2048 RT3T          2   0308   RU3A          2   0100  
QSO:  3521 CW 2021-04-17 2051 RT3T          2   0309   RA7A          2   0328  
QSO:  3526 CW 2021-04-17 2053 RT3T          2   0310   RK3R          2   0162  
QSO:  3526 CW 2021-04-17 2054 RT3T          2   0311   RN4SS         2   0230  
QSO:  3526 CW 2021-04-17 2055 RT3T          2   0312   RA0R          5   0088  
QSO:  3534 CW 2021-04-17 2058 RT3T          2   0313   R6KA          2   0264  
QSO:  3529 CW 2021-04-17 2059 RT3T          2   0314   UG4A          2   0191  
QSO:  1830 CW 2021-04-18 0500 RT3T          2   0315   UB3A          2   0319  
QSO:  1821 CW 2021-04-18 0501 RT3T          2   0316   RT3G          2   0267  
QSO:  1826 CW 2021-04-18 0502 RT3T          2   0317   UA4M          2   0502  
QSO:  1827 CW 2021-04-18 0502 RT3T          2   0318   UA4S          2   0481  
QSO:  1829 CW 2021-04-18 0503 RT3T          2   0319   RL5A          2   0384  
QSO:  1832 CW 2021-04-18 0504 RT3T          2   0320   UC4L          2   0285  
QSO:  1833 CW 2021-04-18 0505 RT3T          2   0321   RL4F          2   0395  
QSO:  1839 CW 2021-04-18 0506 RT3T          2   0322   RT3N          2   0287  
QSO:  1825 CW 2021-04-18 0506 RT3T          2   0323   RG6G          2   0524  
QSO:  1831 CW 2021-04-18 0507 RT3T          2   0324   UA6CC         2   0437  
QSO:  1832 CW 2021-04-18 0507 RT3T          2   0325   R2AA          2   0518  
QSO:  1834 CW 2021-04-18 0508 RT3T          2   0326   R3FX          2   0326  
QSO:  1819 CW 2021-04-18 0508 RT3T          2   0327   RT6A          2   0533  
QSO:  1829 CW 2021-04-18 0509 RT3T          2   0328   RW3RN         2   0321  
QSO:  1829 CW 2021-04-18 0510 RT3T          2   0329   RG2A          2   0376  
QSO:  1829 CW 2021-04-18 0510 RT3T          2   0330   RA5G          2   0489  
QSO:  1829 CW 2021-04-18 0510 RT3T          2   0331   RK4FM         2   0342  
QSO:  1829 CW 2021-04-18 0510 RT3T          2   0332   RU3XY         2   0293  
QSO:  1829 CW 2021-04-18 0511 RT3T          2   0333   R4SO          2   0281  
QSO:  1829 CW 2021-04-18 0511 RT3T          2   0334   UI3D          2   0426  
QSO:  1829 CW 2021-04-18 0511 RT3T          2   0335   R3OM          2   0269  
QSO:  1829 CW 2021-04-18 0512 RT3T          2   0336   R3EA          2   0325  
QSO:  1829 CW 2021-04-18 0512 RT3T          2   0337   RT4G          2   0499  
QSO:  1829 CW 2021-04-18 0512 RT3T          2   0338   UF5D          2   0326  
QSO:  1829 CW 2021-04-18 0513 RT3T          2   0339   RA3XCZ        2   0077  
QSO:  1829 CW 2021-04-18 0514 RT3T          2   0340   RT2C          2   0480  
QSO:  1829 CW 2021-04-18 0515 RT3T          2   0341   RN4SS         2   0139  
QSO:  1829 CW 2021-04-18 0516 RT3T          2   0342   R4KO          2   0351  
QSO:  1829 CW 2021-04-18 0516 RT3T          2   0343   R7LV          2   0432  
QSO:  1829 CW 2021-04-18 0516 RT3T          2   0344   UA3R          2   0438  
QSO:  1829 CW 2021-04-18 0516 RT3T          2   0345   R5AJ          2   0234  
QSO:  3516 CW 2021-04-18 0517 RT3T          2   0346   RU1A          1   0507  
QSO:  3512 CW 2021-04-18 0518 RT3T          2   0347   RX9SN         3   0400  
QSO:  3517 CW 2021-04-18 0518 RT3T          2   0348   RA5G          2   0516  
QSO:  3517 CW 2021-04-18 0518 RT3T          2   0349   R2AA          2   0559  
QSO:  3519 CW 2021-04-18 0519 RT3T          2   0350   R3EA          2   0335  
QSO:  3518 CW 2021-04-18 0519 RT3T          2   0351   R4KO          2   0355  
QSO:  3524 CW 2021-04-18 0520 RT3T          2   0352   RG6G          2   0565  
QSO:  3525 CW 2021-04-18 0520 RT3T          2   0353   RT4F          2   0414  
QSO:  3528 CW 2021-04-18 0521 RT3T          2   0354   RA5AD         2   0199  
QSO:  3529 CW 2021-04-18 0521 RT3T          2   0355   UA3R          2   0457  
QSO:  3530 CW 2021-04-18 0522 RT3T          2   0356   UA4M          2   0574  
QSO:  3531 CW 2021-04-18 0522 RT3T          2   0357   R4SO          2   0296  
QSO:  3533 CW 2021-04-18 0522 RT3T          2   0358   RL4F          2   0421  
QSO:  3534 CW 2021-04-18 0523 RT3T          2   0359   UC4L          2   0306  
QSO:  3534 CW 2021-04-18 0523 RT3T          2   0360   RW3AI         2   0091  
QSO:  3537 CW 2021-04-18 0524 RT3T          2   0361   RT3N          2   0306  
QSO:  3521 CW 2021-04-18 0525 RT3T          2   0362   R7LV          2   0450  
QSO:  3518 CW 2021-04-18 0526 RT3T          2   0363   UA4S          2   0561  
QSO:  3518 CW 2021-04-18 0526 RT3T          2   0364   UA5R          2   0332  
QSO:  3518 CW 2021-04-18 0527 RT3T          2   0365   UA3QAM        2   0159  
QSO:  3518 CW 2021-04-18 0527 RT3T          2   0366   RA3NC         2   0239  
QSO:  3518 CW 2021-04-18 0527 RT3T          2   0367   UA6CC         2   0478  
QSO:  3518 CW 2021-04-18 0527 RT3T          2   0368   R3KQ          2   0290  
QSO:  3518 CW 2021-04-18 0527 RT3T          2   0369   RT6Y          2   0445  
QSO:  3518 CW 2021-04-18 0528 RT3T          2   0370   UA3RW         2   0327  
QSO:  3518 CW 2021-04-18 0528 RT3T          2   0371   RT9S          3   0451  
QSO:  3518 CW 2021-04-18 0529 RT3T          2   0372   R3VL          2   0183  
QSO:  3518 CW 2021-04-18 0529 RT3T          2   0373   RT2C          2   0526  
QSO:  3518 CW 2021-04-18 0529 RT3T          2   0374   RT4G          2   0558  
QSO:  3518 CW 2021-04-18 0529 RT3T          2   0375   RK3R          2   0192  
QSO:  3518 CW 2021-04-18 0530 RT3T          2   0376   UF5A          2   0320  
QSO:  3518 CW 2021-04-18 0530 RT3T          2   0377   RX3QNE        2   0246  
QSO:  3518 CW 2021-04-18 0530 RT3T          2   0378   RZ4A          2   0327  
QSO:  3518 CW 2021-04-18 0531 RT3T          2   0379   R5AK          2   0158  
QSO:  3518 CW 2021-04-18 0531 RT3T          2   0380   UI3D          2   0475  
QSO:  3518 CW 2021-04-18 0531 RT3T          2   0381   RC6U          2   0501  
QSO:  3518 CW 2021-04-18 0532 RT3T          2   0382   RA3W          2   0072  
QSO:  3518 CW 2021-04-18 0532 RT3T          2   0383   R3OM          2   0296  
QSO:  3518 CW 2021-04-18 0532 RT3T          2   0384   RN3S          2   0154  
QSO:  3518 CW 2021-04-18 0533 RT3T          2   0385   RT6A          2   0600  
QSO:  3518 CW 2021-04-18 0534 RT3T          2   0386   RA4HBS        2   0211  
QSO:  3518 CW 2021-04-18 0534 RT3T          2   0387   RA9A          3   0483  
QSO:  3518 CW 2021-04-18 0534 RT3T          2   0388   R5AJ          2   0256  
QSO:  3518 CW 2021-04-18 0535 RT3T          2   0389   RK4FM         2   0392  
QSO:  3518 CW 2021-04-18 0536 RT3T          2   0390   RW3RN         2   0368  
QSO:  3518 CW 2021-04-18 0536 RT3T          2   0391   RN4SS         2   0148  
QSO:  3518 CW 2021-04-18 0536 RT3T          2   0392   RG2A          2   0434  
QSO:  3518 CW 2021-04-18 0537 RT3T          2   0393   RN5A          2   0398  
QSO:  3518 CW 2021-04-18 0537 RT3T          2   0394   RL5A          2   0462  
QSO:  3518 CW 2021-04-18 0538 RT3T          2   0395   R3FX          2   0379  
QSO:  3500 CW 2021-04-18 0539 RT3T          2   0397   RW4AD         2   0136  
QSO:  3518 CW 2021-04-18 0539 RT3T          2   0396   RK3P          2   0270  
QSO:  3518 CW 2021-04-18 0540 RT3T          2   0397   UB3A          2   0385  
QSO:  3518 CW 2021-04-18 0540 RT3T          2   0398   R3EC          2   0463  
QSO:  3518 CW 2021-04-18 0541 RT3T          2   0399   RA3XCZ        2   0089  
QSO:  3518 CW 2021-04-18 0541 RT3T          2   0400   RN4HAB        2   0189  
QSO:  3518 CW 2021-04-18 0541 RT3T          2   0401   UF5D          2   0384  
QSO:  3522 CW 2021-04-18 0543 RT3T          2   0402   RU3XY         2   0348  
QSO:  7009 CW 2021-04-18 0544 RT3T          2   0403   RK3T          2   0380  
QSO:  7010 CW 2021-04-18 0545 RT3T          2   0404   RW4AD         2   0138  
QSO:  7010 CW 2021-04-18 0546 RT3T          2   0405   R8WO          3   0038  
QSO:  7011 CW 2021-04-18 0547 RT3T          2   0406   RK9AX         3   0085  
QSO:  7012 CW 2021-04-18 0547 RT3T          2   0407   RT2F          1   0268  
QSO:  7030 CW 2021-04-18 0548 RT3T          2   0408   RG6G          2   0635  
QSO:  7033 CW 2021-04-18 0549 RT3T          2   0409   RZ4A          2   0350  
QSO:  7033 CW 2021-04-18 0549 RT3T          2   0410   R7CD          2   0133  
QSO:  7034 CW 2021-04-18 0549 RT3T          2   0411   R7LV          2   0502  
QSO:  7035 CW 2021-04-18 0550 RT3T          2   0412   RG9A          3   0498  
QSO:  7030 CW 2021-04-18 0551 RT3T          2   0413   RA1AL         1   0373  
QSO:  7028 CW 2021-04-18 0551 RT3T          2   0414   RA9SF         3   0336  
QSO:  7026 CW 2021-04-18 0552 RT3T          2   0415   RA6CA         2   0567  
QSO:  7024 CW 2021-04-18 0554 RT3T          2   0416   RY9LAE        3   0058  
QSO:  7024 CW 2021-04-18 0555 RT3T          2   0417   RK9CYA        3   0136  
QSO:  7024 CW 2021-04-18 0555 RT3T          2   0418   R8IZ          4   0524  
QSO:  7024 CW 2021-04-18 0555 RT3T          2   0419   RA9P          4   0541  
QSO:  7024 CW 2021-04-18 0556 RT3T          2   0420   RT9S          3   0505  
QSO:  7024 CW 2021-04-18 0556 RT3T          2   0421   RT9L          3   0460  
QSO:  7024 CW 2021-04-18 0556 RT3T          2   0422   RW3QJ         2   0204  
QSO:  7024 CW 2021-04-18 0557 RT3T          2   0423   RA9DZ         3   0148  
QSO:  7024 CW 2021-04-18 0557 RT3T          2   0424   UA4Q          2   0439  
QSO:  7024 CW 2021-04-18 0557 RT3T          2   0425   UG4A          2   0250  
QSO:  7024 CW 2021-04-18 0558 RT3T          2   0426   R6HV          2   0300  
QSO:  7024 CW 2021-04-18 0558 RT3T          2   0427   RT6Y          2   0500  
QSO:  7024 CW 2021-04-18 0559 RT3T          2   0428   RA3YDA        2   0234  
QSO:  7024 CW 2021-04-18 0559 RT3T          2   0429   RA9A          3   0564  
QSO:  7024 CW 2021-04-18 0559 RT3T          2   0430   UD6M          2   0177  
QSO:  7024 CW 2021-04-18 0600 RT3T          2   0431   UB8A          3   0093  
QSO:  7024 CW 2021-04-18 0600 RT3T          2   0432   UA9SEC        3   0119  
QSO:  7024 CW 2021-04-18 0601 RT3T          2   0433   RZ1A          1   0076  
QSO:  7024 CW 2021-04-18 0601 RT3T          2   0434   R4CP/6        2   0019  
QSO:  7024 CW 2021-04-18 0602 RT3T          2   0435   RK6HG         2   0044  
QSO:  7024 CW 2021-04-18 0602 RT3T          2   0436   RN4HAB        2   0214  
QSO:  7024 CW 2021-04-18 0603 RT3T          2   0437   UA7G          2   0153  
QSO:  7024 CW 2021-04-18 0604 RT3T          2   0438   R8CAA         3   0133  
QSO:  7024 CW 2021-04-18 0605 RT3T          2   0439   RA4HBS        2   0240  
QSO:  7024 CW 2021-04-18 0605 RT3T          2   0440   UA9CDC/P      3   0042  
QSO:  7024 CW 2021-04-18 0605 RT3T          2   0441   RC9A          3   0373  
QSO:  7024 CW 2021-04-18 0605 RT3T          2   0442   R1AT          1   0076  
QSO:  7024 CW 2021-04-18 0606 RT3T          2   0443   R3QA          2   0289  
QSO:  7024 CW 2021-04-18 0607 RT3T          2   0444   RT4G          2   0059  
QSO:  7017 CW 2021-04-18 0609 RT3T          2   0445   RW0A          4   0589  
QSO:  7016 CW 2021-04-18 0609 RT3T          2   0446   RL3T          2   0054  
QSO:  7015 CW 2021-04-18 0609 RT3T          2   0447   R2AA          2   0685  
QSO:  7011 CW 2021-04-18 0610 RT3T          2   0448   RC1W          1   0395  
QSO:  7010 CW 2021-04-18 0611 RT3T          2   0449   RV1CC         1   0236  
QSO:  7005 CW 2021-04-18 0611 RT3T          2   0450   RT6A          2   0722  
QSO:  7018 CW 2021-04-18 0612 RT3T          2   0451   RK5W          2   0376  
QSO:  7019 CW 2021-04-18 0613 RT3T          2   0452   UA6CC         2   0583  
QSO:  7022 CW 2021-04-18 0613 RT3T          2   0453   RC6U          2   0593  
QSO:  7014 CW 2021-04-18 0615 RT3T          2   0454   RA4AR         2   0153  
QSO:  7013 CW 2021-04-18 0616 RT3T          2   0455   UA4AGT        2   0301  
QSO:  7017 CW 2021-04-18 0617 RT3T          2   0456   RA5G          2   0689  
QSO:  7013 CW 2021-04-18 0618 RT3T          2   0457   UA4S          2   0726  
QSO:  7020 CW 2021-04-18 0619 RT3T          2   0458   R3OM          2   0349  
QSO:  7021 CW 2021-04-18 0619 RT3T          2   0459   R7MM          2   0412  
QSO:  7023 CW 2021-04-18 0620 RT3T          2   0460   RU3XY         2   0393  
QSO:  7025 CW 2021-04-18 0621 RT3T          2   0461   UA6KAC        2   0248  
QSO:  7028 CW 2021-04-18 0621 RT3T          2   0462   RX3QNE        2   0288  
QSO:  7033 CW 2021-04-18 0622 RT3T          2   0463   RU1A          1   0683  
QSO:  7038 CW 2021-04-18 0623 RT3T          2   0464   RD8D          3   0318  
QSO:  7027 CW 2021-04-18 0623 RT3T          2   0465   RT4F          2   0542  
QSO:  7023 CW 2021-04-18 0624 RT3T          2   0466   UA9CTT        3   0060  
QSO:  7020 CW 2021-04-18 0624 RT3T          2   0467   RF9C          3   0108  
QSO:  7019 CW 2021-04-18 0625 RT3T          2   0468   RT4M          2   0349  
QSO:  7017 CW 2021-04-18 0626 RT3T          2   0469   RT2C          2   0664  
QSO:  7017 CW 2021-04-18 0627 RT3T          2   0470   UA3QAM        2   0202  
QSO:  7017 CW 2021-04-18 0627 RT3T          2   0471   RX9SN         3   0511  
QSO:  7017 CW 2021-04-18 0627 RT3T          2   0472   UA4WAU        2   0179  
QSO:  7017 CW 2021-04-18 0629 RT3T          2   0473   RK4FM         2   0466  
QSO:  7023 CW 2021-04-18 0631 RT3T          2   0474   RC1O          1   0380  
QSO:  7026 CW 2021-04-18 0632 RT3T          2   0475   UI2K          1   0502  
QSO:  7024 CW 2021-04-18 0633 RT3T          2   0476   R7AM          2   0248  
QSO:  7022 CW 2021-04-18 0634 RT3T          2   0477   RA9V          4   0399  
QSO:  7020 CW 2021-04-18 0634 RT3T          2   0478   RN9W          3   0044  
QSO:  7019 CW 2021-04-18 0636 RT3T          2   0479   R3FX          2   0456  
QSO:  7017 CW 2021-04-18 0638 RT3T          2   0480   RN9WT         3   0180  
QSO: 14031 CW 2021-04-18 0640 RT3T          2   0481   RA0AY         4   0116  
QSO: 14016 CW 2021-04-18 0640 RT3T          2   0482   R0RT          5   0217  
QSO: 14039 CW 2021-04-18 0641 RT3T          2   0483   RA9JM         4   0106  
QSO: 14037 CW 2021-04-18 0641 RT3T          2   0484   RA0LQ         6   0286  
QSO: 14031 CW 2021-04-18 0641 RT3T          2   0485   RU0A          4   0139  
QSO: 14031 CW 2021-04-18 0642 RT3T          2   0486   R8IZ          4   0628  
QSO: 14012 CW 2021-04-18 0643 RT3T          2   0487   RK0UT         5   0159  
QSO: 14016 CW 2021-04-18 0643 RT3T          2   0488   RT0C          6   0317  
QSO: 14041 CW 2021-04-18 0644 RT3T          2   0489   RU0LL         6   0131  
QSO: 14038 CW 2021-04-18 0645 RT3T          2   0490   RT0O          5   0124  
QSO: 14027 CW 2021-04-18 0646 RT3T          2   0491   RW0AJ         4   0080  
QSO: 14025 CW 2021-04-18 0647 RT3T          2   0492   UA6CC         2   0640  
QSO: 14024 CW 2021-04-18 0647 RT3T          2   0493   RK9AX         3   0204  
QSO: 14022 CW 2021-04-18 0647 RT3T          2   0494   UA6HFI        2   0264  
QSO: 14020 CW 2021-04-18 0648 RT3T          2   0495   RA9SF         3   0419  
QSO: 14021 CW 2021-04-18 0649 RT3T          2   0496   RK8I          4   0159  
QSO: 14015 CW 2021-04-18 0649 RT3T          2   0497   RT9L          3   0545  
QSO: 14014 CW 2021-04-18 0650 RT3T          2   0498   RW0A          4   0653  
QSO: 14011 CW 2021-04-18 0650 RT3T          2   0499   RU1A          1   0747  
QSO: 14006 CW 2021-04-18 0651 RT3T          2   0500   RA9P          4   0639  
QSO: 14031 CW 2021-04-18 0652 RT3T          2   0501   RX9UK         4   0093  
QSO: 14023 CW 2021-04-18 0653 RT3T          2   0502   RT9S          3   0619  
QSO: 14025 CW 2021-04-18 0654 RT3T          2   0503   UC8U          4   0145  
QSO: 14029 CW 2021-04-18 0654 RT3T          2   0504   RG6G          2   0804  
QSO: 14032 CW 2021-04-18 0654 RT3T          2   0505   RD0A          4   0151  
QSO: 14029 CW 2021-04-18 0654 RT3T          2   0504   RA6CA         2   0695  
QSO: 14032 CW 2021-04-18 0655 RT3T          2   0506   RZ8U          4   0114  
QSO: 14034 CW 2021-04-18 0655 RT3T          2   0507   UA4M          2   0838  
QSO: 14036 CW 2021-04-18 0657 RT3T          2   0508   RM7C          2   0257  
QSO: 14046 CW 2021-04-18 0659 RT3T          2   0509   R0MZ          6   0034  
QSO: 14031 CW 2021-04-18 0700 RT3T          2   0510   RX0L          6   0069  
QSO: 14029 CW 2021-04-18 0702 RT3T          2   0511   RA6CA         2   0714  
QSO: 14039 CW 2021-04-18 0703 RT3T          2   0512   RA0R          5   0159  
QSO: 14035 CW 2021-04-18 0703 RT3T          2   0513   RG9A          3   0654  
QSO: 14034 CW 2021-04-18 0705 RT3T          2   0514   UA0JF         6   0029  
QSO: 14034 CW 2021-04-18 0705 RT3T          2   0515   R6DM          2   0092  
QSO: 14034 CW 2021-04-18 0706 RT3T          2   0516   UA4S          2   0815  
QSO: 14034 CW 2021-04-18 0706 RT3T          2   0517   UC0A          4   0163  
QSO: 14034 CW 2021-04-18 0707 RT3T          2   0518   UA0UV         5   0072  
QSO: 14034 CW 2021-04-18 0707 RT3T          2   0519   R0WC          4   0235  
QSO: 14034 CW 2021-04-18 0707 RT3T          2   0520   RK3T          2   0468  
QSO: 14034 CW 2021-04-18 0708 RT3T          2   0521   RT2C          2   0747  
QSO: 14034 CW 2021-04-18 0709 RT3T          2   0522   RN3T          2   0100  
QSO: 14034 CW 2021-04-18 0709 RT3T          2   0523   RT4G          2   0779  
QSO: 14034 CW 2021-04-18 0710 RT3T          2   0524   RK4FM         2   0514  
QSO: 14034 CW 2021-04-18 0710 RT3T          2   0525   R6KA          2   0416  
QSO: 14034 CW 2021-04-18 0711 RT3T          2   0526   UA9MA         4   0472  
QSO: 14034 CW 2021-04-18 0711 RT3T          2   0527   RC9A          3   0448  
QSO: 14034 CW 2021-04-18 0711 RT3T          2   0528   RA5G          2   0778  
QSO: 14034 CW 2021-04-18 0712 RT3T          2   0529   RX6CB         2   0062  
QSO: 14034 CW 2021-04-18 0712 RT3T          2   0530   RA7KW         2   0042  
QSO: 14034 CW 2021-04-18 0713 RT3T          2   0531   RC0L          6   0070  
QSO: 21013 CW 2021-04-18 0716 RT3T          2   0532   R8TA          3   0151  
QSO: 21018 CW 2021-04-18 0718 RT3T          2   0533   UA4S          2   0834  
QSO: 21018 CW 2021-04-18 0720 RT3T          2   0534   RA9A          3   0705  
QSO: 21028 CW 2021-04-18 0721 RT3T          2   0535   RG9A          3   0682  
QSO: 14047 CW 2021-04-18 0722 RT3T          2   0536   RW0UM         5   0191  
QSO: 14024 CW 2021-04-18 0722 RT3T          2   0537   RA7A          2   0564  
QSO: 14022 CW 2021-04-18 0724 RT3T          2   0538   R6DJM         2   0134  
QSO: 14022 CW 2021-04-18 0724 RT3T          2   0539   RT6Y          2   0680  
QSO: 14022 CW 2021-04-18 0725 RT3T          2   0540   R4CP/6        2   0048  
QSO: 14022 CW 2021-04-18 0725 RT3T          2   0541   RA9MX         4   0311  
QSO: 14022 CW 2021-04-18 0726 RT3T          2   0542   UD6M          2   0223  
QSO: 14022 CW 2021-04-18 0726 RT3T          2   0543   RA9V          4   0454  
QSO: 14022 CW 2021-04-18 0727 RT3T          2   0544   RL4F          2   0625  
QSO: 14022 CW 2021-04-18 0728 RT3T          2   0545   R4KO          2   0535  
QSO: 14022 CW 2021-04-18 0728 RT3T          2   0546   UA0QNV        6   0045  
QSO: 14022 CW 2021-04-18 0728 RT3T          2   0547   R7MM          2   0480  
QSO: 14022 CW 2021-04-18 0729 RT3T          2   0548   UA9AX         3   0140  
QSO: 14022 CW 2021-04-18 0729 RT3T          2   0549   R7TD          2   0050  
QSO: 14022 CW 2021-04-18 0730 RT3T          2   0550   RC9AC         3   0357  
QSO: 14012 CW 2021-04-18 0731 RT3T          2   0551   RW9DX         3   0490  
QSO: 14037 CW 2021-04-18 0732 RT3T          2   0552   UA6Y          2   0138  
QSO: 14041 CW 2021-04-18 0732 RT3T          2   0553   RK6HG         2   0117  
QSO: 14042 CW 2021-04-18 0735 RT3T          2   0554   RC6U          2   0739  
QSO: 14020 CW 2021-04-18 0736 RT3T          2   0555   R8LA          3   0150  
QSO: 21020 CW 2021-04-18 0739 RT3T          2   0556   RL3T          2   0105  
QSO: 21020 CW 2021-04-18 0739 RT3T          2   0557   RN3T          2   0118  
QSO: 21020 CW 2021-04-18 0740 RT3T          2   0558   RM7C          2   0282  
QSO: 21020 CW 2021-04-18 0740 RT3T          2   0559   R4CP/6        2   0057  
QSO: 21020 CW 2021-04-18 0741 RT3T          2   0560   RC6U          2   0759  
QSO: 21020 CW 2021-04-18 0741 RT3T          2   0561   UA7KA         2   0409  
QSO: 21021 CW 2021-04-18 0742 RT3T          2   0562   UA6CC         2   0757  
QSO: 21017 CW 2021-04-18 0743 RT3T          2   0563   RG6G          2   0815  
QSO: 21019 CW 2021-04-18 0743 RT3T          2   0564   RT6A          2   0970  
QSO: 21016 CW 2021-04-18 0745 RT3T          2   0565   RA7A          2   0587  
QSO: 21025 CW 2021-04-18 0746 RT3T          2   0566   RA6CA         2   0805  
QSO: 21027 CW 2021-04-18 0746 RT3T          2   0567   R7CD          2   0250  
QSO: 21031 CW 2021-04-18 0747 RT3T          2   0568   R7KX          2   0345  
QSO: 21020 CW 2021-04-18 0747 RT3T          2   0569   R7LV          2   0697  
QSO: 14022 CW 2021-04-18 0749 RT3T          2   0570   RA9A          3   0737  
QSO: 14053 CW 2021-04-18 0752 RT3T          2   0571   RN9RF         3   0108  
QSO: 14032 CW 2021-04-18 0755 RT3T          2   0572   R4GM          2   0229  
QSO: 14038 CW 2021-04-18 0758 RT3T          2   0573   RT6A          2   1003  
QSO: 14038 CW 2021-04-18 0759 RT3T          2   0574   R7KX          2   0352  
QSO: 14038 CW 2021-04-18 0800 RT3T          2   0575   R3EC          2   0616  
QSO: 14019 CW 2021-04-18 0802 RT3T          2   0576   UA6KAC        2   0310  
QSO: 14030 CW 2021-04-18 0802 RT3T          2   0577   RU7A          2   0132  
QSO: 14036 CW 2021-04-18 0803 RT3T          2   0578   UI2K          1   0626  
QSO: 14045 CW 2021-04-18 0804 RT3T          2   0579   R8TA          3   0184  
QSO: 14029 CW 2021-04-18 0805 RT3T          2   0580   UD8V          4   0101  
QSO: 21032 CW 2021-04-18 0809 RT3T          2   0581   R6CO          2   0302  
QSO: 21025 CW 2021-04-18 0810 RT3T          2   0582   UA6Y          2   0188  
QSO: 21024 CW 2021-04-18 0810 RT3T          2   0583   R7AM          2   0350  
QSO: 21033 CW 2021-04-18 0813 RT3T          2   0584   RT6Y          2   0763  
QSO: 21033 CW 2021-04-18 0813 RT3T          2   0585   R2HM/6        2   0114  
QSO: 21033 CW 2021-04-18 0813 RT3T          2   0586   RT4G          2   0846  
QSO: 21033 CW 2021-04-18 0815 RT3T          2   0587   UA4M          2   0930  
QSO: 14019 CW 2021-04-18 0817 RT3T          2   0588   R7LV          2   0744  
QSO: 14012 CW 2021-04-18 0818 RT3T          2   0589   RX9SN         3   0642  
QSO: 14037 CW 2021-04-18 0820 RT3T          2   0590   R9JAP         4   0060  
QSO: 14023 CW 2021-04-18 0821 RT3T          2   0591   UA7KA         2   0464  
QSO: 14043 CW 2021-04-18 0824 RT3T          2   0592   RT4M          2   0433  
QSO: 14043 CW 2021-04-18 0825 RT3T          2   0593   R2AA          2   0919  
QSO: 14043 CW 2021-04-18 0826 RT3T          2   0594   RK7X          2   0098  
QSO: 14043 CW 2021-04-18 0828 RT3T          2   0595   R3FX          2   0575  
QSO: 14055 CW 2021-04-18 0829 RT3T          2   0596   RY6LAE        2   0049  
QSO: 14021 CW 2021-04-18 0830 RT3T          2   0597   UB3A          2   0571  
QSO: 14045 CW 2021-04-18 0833 RT3T          2   0598   RT4F          2   0704  
QSO: 14025 CW 2021-04-18 0834 RT3T          2   0599   RA2F          1   0134  
QSO: 14026 CW 2021-04-18 0835 RT3T          2   0600   RN6AT         2   0081  
QSO: 14048 CW 2021-04-18 0837 RT3T          2   0601   UA9R          3   0168  
QSO:  7012 CW 2021-04-18 0838 RT3T          2   0602   UA9AU         3   0432  
QSO:  7018 CW 2021-04-18 0840 RT3T          2   0603   UA9MA         4   0541  
QSO:  7018 CW 2021-04-18 0840 RT3T          2   0604   RN5A          2   0621  
QSO:  7018 CW 2021-04-18 0841 RT3T          2   0605   R3OR          2   0144  
QSO:  7018 CW 2021-04-18 0842 RT3T          2   0606   RW9DX         3   0541  
QSO:  7018 CW 2021-04-18 0842 RT3T          2   0607   R4KO          2   0593  
QSO:  7018 CW 2021-04-18 0842 RT3T          2   0608   R3KQ          2   0449  
QSO:  7028 CW 2021-04-18 0844 RT3T          2   0609   RA7A          2   0688  
QSO:  7036 CW 2021-04-18 0844 RT3T          2   0610   UA3WF         2   0067  
QSO:  7018 CW 2021-04-18 0846 RT3T          2   0611   RL4F          2   0680  
QSO:  7018 CW 2021-04-18 0847 RT3T          2   0612   UI3D          2   0703  
QSO:  7038 CW 2021-04-18 0848 RT3T          2   0613   UA1CUR        1   0264  
QSO: 21024 CW 2021-04-18 0849 RT3T          2   0614   UA6AA         2   0162  
QSO: 21023 CW 2021-04-18 0850 RT3T          2   0615   R6KA          2   0524  
QSO: 21011 CW 2021-04-18 0851 RT3T          2   0616   RU1A          1   0912  
QSO: 21027 CW 2021-04-18 0853 RT3T          2   0617   RN6AT         2   0109  
QSO: 21030 CW 2021-04-18 0854 RT3T          2   0618   R2AA          2   0945  
QSO: 21021 CW 2021-04-18 0856 RT3T          2   0619   R6DJM         2   0212  
QSO: 21025 CW 2021-04-18 0857 RT3T          2   0620   RA7R          2   0353  
QSO: 14026 CW 2021-04-18 0858 RT3T          2   0621   R6HV          2   0438  
QSO: 14043 CW 2021-04-18 0859 RT3T          2   0622   R0TV          5   0064  
END-OF-LOG:
