START-OF-LOG: 3.0
CREATED-BY: reconstructed-log-builder
CONTEST: ARRL-RTTY
CALLSIGN: VE7RK
LOCATION: 
CATEGORY: CHECKLOG
CATEGORY-OPERATOR: SINGLE-OP
CATEGORY-BAND: ALL
CATEGORY-MODE: MIXED
CATEGORY-POWER: UNKNOWN
CATEGORY-ASSISTED: NON-ASSISTED
CATEGORY-TRANSMITTER: ONE
CATEGORY-STATION: UNKNOWN
CATEGORY-OVERLAY: 
OPERATORS: VE7RK
CLAIMED-SCORE: 
CLUB: 
NAME: 
SOAPBOX: RECONSTRUCTED MOCKUP LOG - NOT AN OFFICIAL SUBMISSION.
SOAPBOX: Derived from submitted logs for ARRL-RTTY ARRL/arrl_rtty_roundup/2024.
QSO: 14095 RY 2024-01-06 1805 VE7RK         599 BC K4ZW          599 VA
QSO: 14100 RY 2024-01-06 1807 VE7RK         599 BC KC9K          599 IL
QSO: 14102 RY 2024-01-06 1936 VE7RK         599 BC N9LAH         599 IL
QSO: 14108 RY 2024-01-06 1939 VE7RK         599 BC K3MM          599 MD
QSO: 14111 RY 2024-01-06 1942 VE7RK         599 BC WA2TMC        599 NY
QSO: 14113 RY 2024-01-06 1945 VE7RK         599 BC W4AAA         599 NC
QSO: 14113 RY 2024-01-06 1946 VE7RK         599 BC N0XR          599 IA
QSO: 14114 RY 2024-01-06 1947 VE7RK         599 BC KI0F          599 MN
QSO: 14114 RY 2024-01-06 1949 VE7RK         599 BC N3FJP         599 MD
QSO: 14117 RY 2024-01-06 2033 VE7RK         599 BC W1AQ          599 RI
QSO: 14124 RY 2024-01-06 2036 VE7RK         599 BC NJ4P          599 TN
QSO: 14126 RY 2024-01-06 2038 VE7RK         599 BC VE3DZ         599 ON
QSO: 14130 RY 2024-01-06 2040 VE7RK         599 BC WT9U          599 IN
QSO: 14135 RY 2024-01-06 2042 VE7RK         599 BC WT2P          599 IL
QSO: 14083 RY 2024-01-06 2218 VE7RK         599 BC AA5AU         599 LA
QSO: 14084 RY 2024-01-06 2223 VE7RK         599 BC N0AVK         599 IA
QSO: 14086 RY 2024-01-06 2228 VE7RK         599 BC AC9S          599 IL
QSO: 14087 RY 2024-01-06 2229 VE7RK         599 BC AI0Y          599 ND
QSO: 14087 RY 2024-01-06 2230 VE7RK         599 BC W6SX          599 CA
QSO: 14088 RY 2024-01-06 2231 VE7RK         599 BC AB9YC         599 IL
QSO: 14089 RY 2024-01-07 0112 VE7RK         599 BC WD6T          599 CA
QSO: 14095 RY 2024-01-07 0118 VE7RK         599 BC KJ6MBW        599 CA
QSO: 14101 RY 2024-01-07 0119 VE7RK         599 BC W6LD          599 CA
QSO: 14118 RY 2024-01-07 0122 VE7RK         599 BC AD4ES         599 FL
QSO: 14123 RY 2024-01-07 0125 VE7RK         599 BC ND2T          599 CA
QSO: 14127 RY 2024-01-07 0126 VE7RK         599 BC N7GP          599 AZ
QSO: 14083 RY 2024-01-07 0134 VE7RK         599 BC K7WP          599 AZ
QSO: 14090 RY 2024-01-07 0140 VE7RK         599 BC KH6ZM         599 404
QSO: 14106 RY 2024-01-07 0141 VE7RK         599 BC KZ5A          599 NM
QSO:  7083 RY 2024-01-07 0150 VE7RK         599 BC KG9N          599 IL
QSO:  7081 RY 2024-01-07 0151 VE7RK         599 BC N0AT          599 MN
QSO:  7083 RY 2024-01-07 0153 VE7RK         599 BC K6TU          599 CA
QSO:  7088 RY 2024-01-07 0216 VE7RK         599 BC W4MLB         599 FL
QSO:  7091 RY 2024-01-07 0216 VE7RK         599 BC N4ZZ          599 TN
QSO:  7093 RY 2024-01-07 0217 VE7RK         599 BC K9YY          599 IL
QSO:  7094 RY 2024-01-07 0221 VE7RK         599 BC AC0C          599 KS
QSO:  7094 RY 2024-01-07 0223 VE7RK         599 BC N7GP          599 AZ
QSO:  7097 RY 2024-01-07 0227 VE7RK         599 BC N5YT          599 MS
QSO:  7101 RY 2024-01-07 0241 VE7RK         599 BC W1RH          599 CA
QSO:  7103 RY 2024-01-07 0243 VE7RK         599 BC ND2T          599 CA
QSO:  7106 RY 2024-01-07 0243 VE7RK         599 BC K6EI          599 CA
QSO:  7112 RY 2024-01-07 0245 VE7RK         599 BC KA6BIM        599 OR
QSO:  7053 RY 2024-01-07 0247 VE7RK         599 BC W7RN          599 NV
QSO:  7083 RY 2024-01-07 0432 VE7RK         599 BC VA3OGG        599 ON
QSO:  7098 RY 2024-01-07 0435 VE7RK         599 BC WA2TMC        599 NY
QSO:  7052 RY 2024-01-07 0437 VE7RK         599 BC KH6ZM         599 703
QSO:  7066 RY 2024-01-07 0440 VE7RK         599 BC AA3B          599 PA
QSO:  7046 RY 2024-01-07 0631 VE7RK         599 BC NN1SS         599 NH
QSO:  3551 RY 2024-01-07 0645 VE7RK         599 BC KK9V          599 IN
QSO:  3555 RY 2024-01-07 0647 VE7RK         599 BC N7AT          599 AZ
QSO:  3561 RY 2024-01-07 0648 VE7RK         599 BC NE3F          599 PA
QSO:  3571 RY 2024-01-07 0649 VE7RK         599 BC KA6BIM        599 OR
QSO:  3580 RY 2024-01-07 0650 VE7RK         599 BC K9YY          599 IL
QSO:  3582 RY 2024-01-07 0651 VE7RK         599 BC AF6SA         599 CA
QSO:  3583 RY 2024-01-07 0653 VE7RK         599 BC NN1SS         599 NH
QSO:  3585 RY 2024-01-07 0655 VE7RK         599 BC KH7X/W7       599 AZ
QSO:  3586 RY 2024-01-07 0657 VE7RK         599 BC VE3DZ         599 ON
QSO:  3597 RY 2024-01-07 0659 VE7RK         599 BC N6ZFO         599 CA
QSO:  3560 RY 2024-01-07 0700 VE7RK         599 BC KK6L          599 CA
QSO: 14109 RY 2024-01-07 1649 VE7RK         599 BC VA7KO         599 BC
QSO: 14108 RY 2024-01-07 1651 VE7RK         599 BC NW6P          599 CA
END-OF-LOG:
