START-OF-LOG: 3.0
CREATED-BY: vhfmanager-downloader
CONTEST: ZRS julijsko UKV tekmovanje - Official results - VHFManager
CALLSIGN: 9A3ZM
CATEGORY: 145 MHz - Generated log
CATEGORY-OPERATOR: SINGLE-OP
CATEGORY-ASSISTED: NON-ASSISTED
CATEGORY-TRANSMITTER: ONE
CATEGORY-STATION: FIXED
QSO: 144300 PH 2011-07-03 0838 9A3ZM         1   JN85UH JN85UH 9A3ZM         SSB S51SL 59  
QSO: 144300 PH 2011-07-03 0840 9A3ZM         2   JN85UH JN85UH 9A3ZM         SSB 9A5AB 59  
QSO: 144300 PH 2011-07-03 0849 9A3ZM         3   JN85UH JN85UH 9A3ZM         SSB S57CN 59  
QSO: 144300 PH 2011-07-03 0857 9A3ZM         4   JN85UH JN85UH 9A3ZM         SSB S59DEM 59 
QSO: 144300 PH 2011-07-03 0900 9A3ZM         5   JN85UH JN85UH 9A3ZM         SSB S57C 59   
QSO: 144300 PH 2011-07-03 0901 9A3ZM         6   JN85UH JN85UH 9A3ZM         SSB 9A2LX 59  
QSO: 144300 PH 2011-07-03 0905 9A3ZM         7   JN85UH JN85UH 9A3ZM         SSB 9A3RU 59  
QSO: 144300 PH 2011-07-03 0914 9A3ZM         8   JN85UH JN85UH 9A3ZM         SSB 9A1CEQ 59 
QSO: 144300 PH 2011-07-03 0916 9A3ZM         9   JN85UH JN85UH 9A3ZM         SSB 9A9D 59   
QSO: 144300 PH 2011-07-03 0918 9A3ZM         10  JN85UH JN85UH 9A3ZM         SSB 9A1CRS 59 
QSO: 144300 PH 2011-07-03 0934 9A3ZM         13  JN85UH JN85UH 9A3ZM         FM  E78BDB 59 
QSO: 144300 PH 2011-07-03 0942 9A3ZM         14  JN85UH JN85UH 9A3ZM         FM  9A1CBT 59 
QSO: 144300 PH 2011-07-03 0944 9A3ZM         15  JN85UH JN85UH 9A3ZM         FM  9A4MF 59  
QSO: 144300 PH 2011-07-03 0950 9A3ZM         16  JN85UH JN85UH 9A3ZM         FM  9A6DLY 59 
QSO: 144300 PH 2011-07-03 0953 9A3ZM         17  JN85UH JN85UH 9A3ZM         FM  9A5TJ 59  
QSO: 144300 PH 2011-07-03 1002 9A3ZM         18  JN85UH JN85UH 9A3ZM         FM  9A1DL 59  
END-OF-LOG:
