START-OF-LOG: 3.0
CREATED-BY: vhfmanager-downloader
CONTEST: ZRS julijsko UKV tekmovanje - Official results - VHFManager
CALLSIGN: SF7WT
CATEGORY: 145 MHz - Generated log
CATEGORY-OPERATOR: SINGLE-OP
CATEGORY-ASSISTED: NON-ASSISTED
CATEGORY-TRANSMITTER: ONE
CATEGORY-STATION: FIXED
QSO: 144300 PH 2011-07-02 1415 SF7WT         3   JO65QQ JO65QQ SF7WT         SSB OK1KIM 59 
QSO: 144300 PH 2011-07-02 1417 SF7WT         4   JO65QQ JO65QQ SF7WT         SSB DL0HTW 59 
QSO: 144300 PH 2011-07-02 1418 SF7WT         5   JO65QQ JO65QQ SF7WT         SSB DM5D 59   
QSO: 144300 PH 2011-07-02 1422 SF7WT         6   JO65QQ JO65QQ SF7WT         SSB OK2M 59   
QSO: 144300 PH 2011-07-02 1439 SF7WT         7   JO65QQ JO65QQ SF7WT         SSB DL2ARD/P 59
QSO: 144300 PH 2011-07-02 1446 SF7WT         8   JO65QQ JO65QQ SF7WT         SSB DL0HCC 59 
QSO: 144300 PH 2011-07-02 1448 SF7WT         9   JO65QQ JO65QQ SF7WT         SSB OL1C 59   
QSO: 144300 PH 2011-07-02 1455 SF7WT         11  JO65QQ JO65QQ SF7WT         SSB DL0D/P 59 
QSO: 144300 PH 2011-07-02 1840 SF7WT         12  JO65QQ JO65QQ SF7WT         SSB DR9A 59   
QSO: 144300 PH 2011-07-02 2013 SF7WT         15  JO65QQ JO65QQ SF7WT         SSB DR2X 59   
QSO: 144300 PH 2011-07-02 2020 SF7WT         16  JO55QQ JO65QQ SF7WT         SSB DL5NEN 59 
QSO: 144300 PH 2011-07-02 2022 SF7WT         17  JO65QQ JO65QQ SF7WT         SSB DK0NA 59  
QSO: 144300 PH 2011-07-02 2119 SF7WT         19  JO65QQ JO65QQ SF7WT         CW  SP2HPD 599
QSO: 144300 PH 2011-07-02 2142 SF7WT         21  JO65QQ JO65QQ SF7WT         CW  DH8BQA 559
QSO: 144300 PH 2011-07-02 2300 SF7WT         24  JO65QQ JO65QQ SF7WT         unkn OM6A 59   
QSO: 144300 PH 2011-07-03 0150 SF7WT         25  JO65QQ JO65QQ SF7WT         CW  SP2QBQ 599
QSO: 144300 PH 2011-07-03 0733 SF7WT         27  JO65QQ JO65QQ SF7WT         CW  OL9W 599  
QSO: 144300 PH 2011-07-03 0817 SF7WT         29  JO65QQ JO65QQ SF7WT         CW  OK2PVF 599
QSO: 144300 PH 2011-07-03 0828 SF7WT         30  JO65QQ JO65QQ SF7WT         SSB DM1TS 59  
QSO: 144300 PH 2011-07-03 0832 SF7WT         31  JO65QQ JO65QQ SF7WT         CW  OK2KCE 599
QSO: 144300 PH 2011-07-03 0848 SF7WT         32  JO65QQ JO65QQ SF7WT         SSB OK1KKT 59 
QSO: 144300 PH 2011-07-03 0915 SF7WT         35  JO65QQ JO65QQ SF7WT         SSB OK1KEL 59 
QSO: 144300 PH 2011-07-03 0936 SF7WT         36  JO65QQ JO65QQ SF7WT         SSB DA0HQ 59  
QSO: 144300 PH 2011-07-03 0937 SF7WT         37  JO65QQ JO65QQ SF7WT         SSB DM5C 59   
QSO: 144300 PH 2011-07-03 0947 SF7WT         38  JO65QQ JO65QQ SF7WT         CW  OM3W 599  
QSO: 144300 PH 2011-07-03 1045 SF7WT         39  JO65QQ JO65QQ SF7WT         SSB DG6IMR 59 
QSO: 144300 PH 2011-07-03 1055 SF7WT         40  JO65QQ JO65QQ SF7WT         SSB DK0B/P 59 
QSO: 144300 PH 2011-07-03 1220 SF7WT         41  JO65QQ JO65QQ SF7WT         CW  SN7L 59   
QSO: 144300 PH 2011-07-03 1248 SF7WT         43  JO65QQ JO65QQ SF7WT         SSB SP1WSR 59 
QSO: 144300 PH 2011-07-03 1317 SF7WT         44  JO65QQ JO65QQ SF7WT         CW  OK5T 599  
QSO: 144300 PH 2011-07-03 1325 SF7WT         45  JO65QQ JO65QQ SF7WT         CW  DL5YM 599 
QSO: 144300 PH 2011-07-03 1333 SF7WT         46  JO65QQ JO65QQ SF7WT         SSB DF0MU 59  
END-OF-LOG:
