START-OF-LOG: 3.0
CREATED-BY: HMRA public 9A HRS HF Robot downloader
CONTEST: 9A-CW
CALLSIGN: IQ2CJ
OPERATORS: IQ2CJ
CATEGORY: B2
CATEGORY-OPERATOR: SINGLE-OP
CATEGORY-BAND: ALL
CATEGORY-MODE: CW
CATEGORY-POWER: LOW
CLAIMED-SCORE: 42250
SOAPBOX: Recreated from 9A HRS HF Robot public QSO table for Croatian CW Contest 2016.
SOAPBOX: Public error-summary rows are ignored.
SOAPBOX: Source: https://www.hamradio.hr/hfrobot/hfcc_log.php?What=vloghtm&CID=2016-12-17&ID=IQ2CJ
SOAPBOX: Source category label: B2 - SINGLE-OP, ALL bands - Low power (< 100 Watts).
SOAPBOX: Published QSO count: 218.
QSO: 14036 CW 2016-12-17 1547 IQ2CJ         599 0001       W4/V3RIA      599 0010 NA   
QSO: 14036 CW 2016-12-17 1548 IQ2CJ         599 0002       VA3KAI        599 0165 NA   
QSO: 14036 CW 2016-12-17 1549 IQ2CJ         599 0003       NW8U          599 0032 NA   
QSO: 14036 CW 2016-12-17 1553 IQ2CJ         599 0004       N1SOH         599 0047 NA   
QSO: 07037 CW 2016-12-17 1554 IQ2CJ         599 0005       LY2AJ         599 0113 EU   
QSO: 07037 CW 2016-12-17 1555 IQ2CJ         599 0006       LZ3YV         599 0019 EU   
QSO: 07037 CW 2016-12-17 1556 IQ2CJ         599 0007       YO9AGI        599 0056 EU   
QSO: 07037 CW 2016-12-17 1603 IQ2CJ         599 0008       UY0CA         599 0042 EU   
QSO: 14040 CW 2016-12-17 1603 IQ2CJ         599 0009       K1BUK         599 0045 NA   
QSO: 07037 CW 2016-12-17 1604 IQ2CJ         599 0010       LZ8Z          599 0048 EU   
QSO: 07037 CW 2016-12-17 1606 IQ2CJ         599 0011       EA6ZS         599 0019 EU   
QSO: 07037 CW 2016-12-17 1607 IQ2CJ         599 0012       4O4SM         599 0039 EU   
QSO: 07037 CW 2016-12-17 1607 IQ2CJ         599 0013       UT3UCP        599 0076 EU   
QSO: 07037 CW 2016-12-17 1611 IQ2CJ         599 0014       LY2MM         599 0154 EU   
QSO: 07037 CW 2016-12-17 1615 IQ2CJ         599 0015       R5DC          599 0170 EU   
QSO: 03540 CW 2016-12-17 1616 IQ2CJ         599 0016       S51MF         599 0056 EU   
QSO: 07037 CW 2016-12-17 1617 IQ2CJ         599 0017       I6FDJ         599 0102 EU   
QSO: 03540 CW 2016-12-17 1618 IQ2CJ         599 0018       RN3F          599 0110 EU   
QSO: 03540 CW 2016-12-17 1619 IQ2CJ         599 0019       YU5T          599 0062 EU   
QSO: 07037 CW 2016-12-17 1620 IQ2CJ         599 0020       M0TJU         599 0018 EU   
QSO: 03540 CW 2016-12-17 1621 IQ2CJ         599 0021       LY2AJ         599 0151 EU   
QSO: 07037 CW 2016-12-17 1621 IQ2CJ         599 0022       M0BKB         599 0028 EU   
QSO: 07037 CW 2016-12-17 1622 IQ2CJ         599 0023       UP0L          599 0255 AS   
QSO: 07037 CW 2016-12-17 1623 IQ2CJ         599 0024       LZ2FM         599 0071 EU   
QSO: 07037 CW 2016-12-17 1623 IQ2CJ         599 0025       SD6M          599 0042 EU   
QSO: 03540 CW 2016-12-17 1625 IQ2CJ         599 0026       G4RKO         599 0077 EU   
QSO: 03540 CW 2016-12-17 1629 IQ2CJ         599 0027       I2IFT         599 0118 EU   
QSO: 14033 CW 2016-12-17 1640 IQ2CJ         599 0028       K1RO          599 0501 NA   
QSO: 03541 CW 2016-12-17 1646 IQ2CJ         599 0029       OE9WGI        599 0042 EU   
QSO: 03541 CW 2016-12-17 1647 IQ2CJ         599 0030       YO8TTT        599 0063 EU   
QSO: 03541 CW 2016-12-17 1647 IQ2CJ         599 0031       EU8U          599 0142 EU   
QSO: 03541 CW 2016-12-17 1648 IQ2CJ         599 0032       I6FDJ         599 0109 EU   
QSO: 03541 CW 2016-12-17 1648 IQ2CJ         599 0033       S59A          599 0137 EU   
QSO: 03541 CW 2016-12-17 1649 IQ2CJ         599 0034       RV3FF         599 0222 EU   
QSO: 07037 CW 2016-12-17 1650 IQ2CJ         599 0035       LZ1VQ         599 0093 EU   
QSO: 03541 CW 2016-12-17 1650 IQ2CJ         599 0036       OK2MBP        599 0091 EU   
QSO: 07037 CW 2016-12-17 1651 IQ2CJ         599 0037       UA9W          599 0153 AS   
QSO: 03541 CW 2016-12-17 1651 IQ2CJ         599 0038       YO9AGI        599 0105 EU   
QSO: 07037 CW 2016-12-17 1652 IQ2CJ         599 0039       YO7LYM        599 0024 EU   
QSO: 07037 CW 2016-12-17 1653 IQ2CJ         599 0040       RW4CLF        599 0035 EU   
QSO: 07037 CW 2016-12-17 1653 IQ2CJ         599 0041       LY1DZ         599 0099 EU   
QSO: 07037 CW 2016-12-17 1655 IQ2CJ         599 0042       SV1HEM        599 0019 EU   
QSO: 07037 CW 2016-12-17 1658 IQ2CJ         599 0043       LZ3YV         599 0044 EU   
QSO: 07037 CW 2016-12-17 1701 IQ2CJ         599 0044       UT8QQ         599 0093 EU   
QSO: 07037 CW 2016-12-17 1702 IQ2CJ         599 0045       RM1T          599 0126 EU   
QSO: 03541 CW 2016-12-17 1702 IQ2CJ         599 0046       DL1NKS        599 0088 EU   
QSO: 03541 CW 2016-12-17 1703 IQ2CJ         599 0047       S52ZW         599 0122 EU   
QSO: 07037 CW 2016-12-17 1705 IQ2CJ         599 0048       CT1ELZ        599 0081 EU   
QSO: 07037 CW 2016-12-17 1705 IQ2CJ         599 0049       YT6M          599 0070 EU   
QSO: 07037 CW 2016-12-17 1709 IQ2CJ         599 0050       EV6Z          599 0013 EU   
QSO: 03541 CW 2016-12-17 1711 IQ2CJ         599 0051       9A7B          599 1873 EU   
QSO: 03541 CW 2016-12-17 1711 IQ2CJ         599 0052       YU1UN         599 0162 EU   
QSO: 03541 CW 2016-12-17 1712 IQ2CJ         599 0053       R8TT          599 0113 AS   
QSO: 03541 CW 2016-12-17 1712 IQ2CJ         599 0054       OK1DDV/P      599 0022 EU   
QSO: 03541 CW 2016-12-17 1713 IQ2CJ         599 0055       SN6A          599 0061 EU   
QSO: 03541 CW 2016-12-17 1714 IQ2CJ         599 0056       9A7T          599 0239 EU   
QSO: 03541 CW 2016-12-17 1714 IQ2CJ         599 0057       YT3X          599 0173 EU   
QSO: 03541 CW 2016-12-17 1715 IQ2CJ         599 0058       OK1NE         599 0083 EU   
QSO: 07037 CW 2016-12-17 1716 IQ2CJ         599 0059       R7AT          599 0185 EU   
QSO: 03541 CW 2016-12-17 1717 IQ2CJ         599 0060       DL3CX         599 0041 EU   
QSO: 07037 CW 2016-12-17 1718 IQ2CJ         599 0061       LZ1VKD        599 0065 EU   
QSO: 07037 CW 2016-12-17 1719 IQ2CJ         599 0062       RK3IM         599 0108 EU   
QSO: 07037 CW 2016-12-17 1719 IQ2CJ         599 0063       UT4U          599 0225 EU   
QSO: 03541 CW 2016-12-17 1721 IQ2CJ         599 0064       EA1XT         599 0186 EU   
QSO: 07037 CW 2016-12-17 1721 IQ2CJ         599 0065       YU2A          599 0049 EU   
QSO: 07037 CW 2016-12-17 1723 IQ2CJ         599 0066       LZ7DX         599 0097 EU   
QSO: 07037 CW 2016-12-17 1723 IQ2CJ         599 0067       RN4SC         599 0037 EU   
QSO: 07037 CW 2016-12-17 1724 IQ2CJ         599 0068       RC7A          599 0094 EU   
QSO: 03541 CW 2016-12-17 1725 IQ2CJ         599 0069       OK4RQ         599 0056 EU   
QSO: 07037 CW 2016-12-17 1726 IQ2CJ         599 0070       EU6DX         599 0122 EU   
QSO: 07037 CW 2016-12-17 1727 IQ2CJ         599 0071       EA8CN         599 0134 AF   
QSO: 03541 CW 2016-12-17 1729 IQ2CJ         599 0072       IZ3NVR        599 0023 EU   
QSO: 07037 CW 2016-12-17 1729 IQ2CJ         599 0073       EA4ESP        599 0084 EU   
QSO: 07037 CW 2016-12-17 1730 IQ2CJ         599 0074       US0UX         599 0040 EU   
QSO: 07037 CW 2016-12-17 1731 IQ2CJ         599 0075       G3RIK         599 0126 EU   
QSO: 03541 CW 2016-12-17 1732 IQ2CJ         599 0076       MW5R          599 0331 EU   
QSO: 07037 CW 2016-12-17 1733 IQ2CJ         599 0077       UR4IZ         599 0080 EU   
QSO: 07037 CW 2016-12-17 1734 IQ2CJ         599 0078       LY6A          599 0257 EU   
QSO: 03541 CW 2016-12-17 1736 IQ2CJ         599 0079       R3ZZ          599 0120 EU   
QSO: 03541 CW 2016-12-17 1736 IQ2CJ         599 0080       UC7A          599 0202 EU   
QSO: 07037 CW 2016-12-17 1737 IQ2CJ         599 0081       SP8FHK        599 0053 EU   
QSO: 03541 CW 2016-12-17 1738 IQ2CJ         599 0082       9A8CV         599 0145 EU   
QSO: 07037 CW 2016-12-17 1738 IQ2CJ         599 0083       UR3GU         599 0262 EU   
QSO: 03541 CW 2016-12-17 1739 IQ2CJ         599 0084       YT5N          599 0062 EU   
QSO: 03541 CW 2016-12-17 1742 IQ2CJ         599 0085       OM4J          599 0129 EU   
QSO: 07037 CW 2016-12-17 1744 IQ2CJ         599 0086       R1QE          599 0030 EU   
QSO: 07037 CW 2016-12-17 1744 IQ2CJ         599 0087       EW6EN         599 0068 EU   
QSO: 07037 CW 2016-12-17 1745 IQ2CJ         599 0088       E77EA         599 0101 EU   
QSO: 03541 CW 2016-12-17 1747 IQ2CJ         599 0089       9A2VX         599 0023 EU   
QSO: 03541 CW 2016-12-17 1747 IQ2CJ         599 0090       P3X           599 0456 AS   
QSO: 03541 CW 2016-12-17 1747 IQ2CJ         599 0091       RM1T          599 0166 EU   
QSO: 07037 CW 2016-12-17 1749 IQ2CJ         599 0092       R7MT          599 0072 EU   
QSO: 07037 CW 2016-12-17 1752 IQ2CJ         599 0093       RM7F          599 0094 EU   
QSO: 07037 CW 2016-12-17 1753 IQ2CJ         599 0094       UA4FCO        599 0008 EU   
QSO: 03541 CW 2016-12-17 1754 IQ2CJ         599 0095       LY3B          599 0259 EU   
QSO: 03541 CW 2016-12-17 1755 IQ2CJ         599 0096       E77C          599 0044 EU   
QSO: 07037 CW 2016-12-17 1755 IQ2CJ         599 0097       SE5L          599 0050 EU   
QSO: 03541 CW 2016-12-17 1755 IQ2CJ         599 0098       OK5SA         599 0044 EU   
QSO: 07037 CW 2016-12-17 1756 IQ2CJ         599 0099       OH7MFO        599 0078 EU   
QSO: 07037 CW 2016-12-17 1758 IQ2CJ         599 0100       UA1CEC        599 0045 EU   
QSO: 07037 CW 2016-12-17 1759 IQ2CJ         599 0101       UC7A          599 0225 EU   
QSO: 07037 CW 2016-12-17 1800 IQ2CJ         599 0102       OM8VL         599 0059 EU   
QSO: 07037 CW 2016-12-17 1801 IQ2CJ         599 0103       YO8BPK        599 0012 EU   
QSO: 03541 CW 2016-12-17 1801 IQ2CJ         599 0104       OM8FF         599 0099 EU   
QSO: 03541 CW 2016-12-17 1802 IQ2CJ         599 0105       OE3KAB        599 0023 EU   
QSO: 03541 CW 2016-12-17 1802 IQ2CJ         599 0106       YU1ED         599 0059 EU   
QSO: 03541 CW 2016-12-17 1802 IQ2CJ         599 0107       PA2W          599 0099 EU   
QSO: 03541 CW 2016-12-17 1803 IQ2CJ         599 0108       OM3CPF        599 0153 EU   
QSO: 03541 CW 2016-12-17 1803 IQ2CJ         599 0109       YU1ML         599 0094 EU   
QSO: 03541 CW 2016-12-17 1808 IQ2CJ         599 0110       LY2CO         599 0162 EU   
QSO: 07037 CW 2016-12-17 1810 IQ2CJ         599 0111       LY7LM         599 0042 EU   
QSO: 07037 CW 2016-12-17 1811 IQ2CJ         599 0112       SP2MKT        599 0088 EU   
QSO: 03541 CW 2016-12-17 1812 IQ2CJ         599 0113       9A8FCC        599 0037 EU   
QSO: 07037 CW 2016-12-17 1813 IQ2CJ         599 0114       LA2HFA        599 0018 EU   
QSO: 07037 CW 2016-12-17 1814 IQ2CJ         599 0115       IV3SKB        599 0269 EU   
QSO: 07037 CW 2016-12-17 1815 IQ2CJ         599 0116       US4IPC        599 0075 EU   
QSO: 07037 CW 2016-12-17 1817 IQ2CJ         599 0117       SM6EWB        599 0074 EU   
QSO: 07037 CW 2016-12-17 1819 IQ2CJ         599 0118       UT7IS         599 0064 EU   
QSO: 07037 CW 2016-12-17 1820 IQ2CJ         599 0119       RX9AF         599 0118 AS   
QSO: 03541 CW 2016-12-17 1821 IQ2CJ         599 0120       OZ5RM         599 0074 EU   
QSO: 03541 CW 2016-12-17 1822 IQ2CJ         599 0121       S57KM         599 0046 EU   
QSO: 07037 CW 2016-12-17 1822 IQ2CJ         599 0122       R9CD          599 0056 EU   
QSO: 07037 CW 2016-12-17 1823 IQ2CJ         599 0123       EW1TZ         599 0081 EU   
QSO: 07037 CW 2016-12-17 1825 IQ2CJ         599 0124       UA2FT/6       599 0073 EU   
QSO: 03541 CW 2016-12-17 1825 IQ2CJ         599 0125       DL5QS         599 0062 EU   
QSO: 03541 CW 2016-12-17 1826 IQ2CJ         599 0126       YL3CW         599 0184 EU   
QSO: 03541 CW 2016-12-17 1827 IQ2CJ         599 0127       DJ4MJ         599 0021 EU   
QSO: 03541 CW 2016-12-17 1828 IQ2CJ         599 0128       SD6M          599 0090 EU   
QSO: 07037 CW 2016-12-17 1828 IQ2CJ         599 0129       MI5I          599 0025 EU   
QSO: 07037 CW 2016-12-17 1830 IQ2CJ         599 0130       YU2FG         599 0034 EU   
QSO: 03541 CW 2016-12-17 1831 IQ2CJ         599 0131       S57AW         599 0177 EU   
QSO: 07037 CW 2016-12-17 1831 IQ2CJ         599 0132       US8ICM        599 0127 EU   
QSO: 03541 CW 2016-12-17 1831 IQ2CJ         599 0133       HA6NW         599 0221 EU   
QSO: 03541 CW 2016-12-17 1833 IQ2CJ         599 0134       9A7V          599 0525 EU   
QSO: 03541 CW 2016-12-17 1835 IQ2CJ         599 0135       SP7P          599 0086 EU   
QSO: 03541 CW 2016-12-17 1838 IQ2CJ         599 0136       E70R          599 0082 EU   
QSO: 07037 CW 2016-12-17 1840 IQ2CJ         599 0137       US7IID        599 0111 EU   
QSO: 03541 CW 2016-12-17 1840 IQ2CJ         599 0138       RT5C          599 0067 EU   
QSO: 07037 CW 2016-12-17 1841 IQ2CJ         599 0139       YT5R          599 0014 EU   
QSO: 03541 CW 2016-12-17 1842 IQ2CJ         599 0140       UA6BFE/P      599 0018 EU   
QSO: 07037 CW 2016-12-17 1843 IQ2CJ         599 0141       SF3A          599 0122 EU   
QSO: 07037 CW 2016-12-17 1843 IQ2CJ         599 0142       UT4XU         599 0038 EU   
QSO: 03541 CW 2016-12-17 1844 IQ2CJ         599 0143       R7AC          599 0066 EU   
QSO: 07037 CW 2016-12-17 1847 IQ2CJ         599 0144       HA6NL         599 0221 EU   
QSO: 07010 CW 2016-12-17 1851 IQ2CJ         599 0145       9A5K          599 0430 EU   
QSO: 07037 CW 2016-12-17 1853 IQ2CJ         599 0146       YU1BM         599 0065 EU   
QSO: 03541 CW 2016-12-17 1853 IQ2CJ         599 0147       OK1AY         599 0153 EU   
QSO: 03541 CW 2016-12-17 1853 IQ2CJ         599 0148       9A3DF         599 0094 EU   
QSO: 03541 CW 2016-12-17 1854 IQ2CJ         599 0149       IK2SND        599 0132 EU   
QSO: 07037 CW 2016-12-17 1854 IQ2CJ         599 0150       HA7PL         599 0190 EU   
QSO: 07037 CW 2016-12-17 1854 IQ2CJ         599 0151       DF1MM         599 0065 EU   
QSO: 07037 CW 2016-12-17 1858 IQ2CJ         599 0152       UX3UV         599 0031 EU   
QSO: 07037 CW 2016-12-17 1900 IQ2CJ         599 0153       RA2F          599 0134 EU   
QSO: 07037 CW 2016-12-17 1902 IQ2CJ         599 0154       EU8F          599 0064 EU   
QSO: 03541 CW 2016-12-17 1902 IQ2CJ         599 0155       HG1A          599 0210 EU   
QSO: 07037 CW 2016-12-17 1903 IQ2CJ         599 0156       SQ9FQY        599 0019 EU   
QSO: 07037 CW 2016-12-17 1904 IQ2CJ         599 0157       YO3LW         599 0024 EU   
QSO: 03514 CW 2016-12-17 1905 IQ2CJ         599 0158       IV3SKB        599 0318 EU   
QSO: 03525 CW 2016-12-17 1908 IQ2CJ         599 0159       9A9A          599 0297 EU   
QSO: 03523 CW 2016-12-17 1909 IQ2CJ         599 0160       9A3MR         599 0328 EU   
QSO: 03517 CW 2016-12-17 1914 IQ2CJ         599 0161       SQ9FMU        599 0063 EU   
QSO: 03517 CW 2016-12-17 1914 IQ2CJ         599 0162       EA5HT         599 0213 EU   
QSO: 03517 CW 2016-12-17 1915 IQ2CJ         599 0163       LY4T          599 0040 EU   
QSO: 07037 CW 2016-12-17 1916 IQ2CJ         599 0164       RU4SO         599 0092 EU   
QSO: 03517 CW 2016-12-17 1916 IQ2CJ         599 0165       UX0HO         599 0172 EU   
QSO: 03517 CW 2016-12-17 1917 IQ2CJ         599 0166       LZ1QZ         599 0170 EU   
QSO: 07037 CW 2016-12-17 1919 IQ2CJ         599 0167       R7MM          599 0176 EU   
QSO: 07037 CW 2016-12-17 1919 IQ2CJ         599 0168       DL1ROT        599 0073 EU   
QSO: 07037 CW 2016-12-17 1919 IQ2CJ         599 0169       OZ7EA         599 0071 EU   
QSO: 07037 CW 2016-12-17 1920 IQ2CJ         599 0170       RQ4D          599 0057 EU   
QSO: 07037 CW 2016-12-17 1921 IQ2CJ         599 0171       UA9SMU        599 0101 AS   
QSO: 07037 CW 2016-12-17 1922 IQ2CJ         599 0172       YO2MKI        599 0088 EU   
QSO: 03517 CW 2016-12-17 1922 IQ2CJ         599 0173       UT4U          599 0371 EU   
QSO: 03517 CW 2016-12-17 1923 IQ2CJ         599 0174       S53EO         599 0371 EU   
QSO: 03517 CW 2016-12-17 1924 IQ2CJ         599 0175       DO2MIT        599 0054 EU   
QSO: 03517 CW 2016-12-17 1925 IQ2CJ         599 0176       G3RIK         599 0160 EU   
QSO: 03517 CW 2016-12-17 1925 IQ2CJ         599 0177       OZ7EA         599 0074 EU   
QSO: 07037 CW 2016-12-17 1926 IQ2CJ         599 0178       E74R          599 0031 EU   
QSO: 03517 CW 2016-12-17 1926 IQ2CJ         599 0179       ON5JT         599 0183 EU   
QSO: 07037 CW 2016-12-17 1927 IQ2CJ         599 0180       9A4LW         599 0050 EU   
QSO: 07037 CW 2016-12-17 1928 IQ2CJ         599 0181       HA3HX         599 0041 EU   
QSO: 07037 CW 2016-12-17 1929 IQ2CJ         599 0182       AE1T          599 0125 NA   
QSO: 03517 CW 2016-12-17 1930 IQ2CJ         599 0183       EA8CN         599 0219 AF   
QSO: 07037 CW 2016-12-17 1931 IQ2CJ         599 0184       EA5IIK        599 0070 EU   
QSO: 03517 CW 2016-12-17 1932 IQ2CJ         599 0185       9A4GA         599 0143 EU   
QSO: 07037 CW 2016-12-17 1934 IQ2CJ         599 0186       EA1XT         599 0317 EU   
QSO: 07037 CW 2016-12-17 1934 IQ2CJ         599 0187       RM3TO         599 0006 EU   
QSO: 07037 CW 2016-12-17 1935 IQ2CJ         599 0188       SP1C          599 0215 EU   
QSO: 07037 CW 2016-12-17 1937 IQ2CJ         599 0189       SP9LJD        599 0050 EU   
QSO: 07037 CW 2016-12-17 1937 IQ2CJ         599 0190       OM4J          599 0152 EU   
QSO: 07037 CW 2016-12-17 1937 IQ2CJ         599 0191       EA1VT         599 0010 EU   
QSO: 07037 CW 2016-12-17 1940 IQ2CJ         599 0192       Z33C          599 0217 EU   
QSO: 07037 CW 2016-12-17 1941 IQ2CJ         599 0193       Z32U          599 0125 EU   
QSO: 07037 CW 2016-12-17 1943 IQ2CJ         599 0194       UY5ZI         599 0097 EU   
QSO: 03527 CW 2016-12-17 1943 IQ2CJ         599 0195       HA3NU         599 0104 EU   
QSO: 03527 CW 2016-12-17 1944 IQ2CJ         599 0196       9A2JK         599 0199 EU   
QSO: 03527 CW 2016-12-17 1945 IQ2CJ         599 0197       IZ4JMA        599 0071 EU   
QSO: 03527 CW 2016-12-17 1946 IQ2CJ         599 0198       OL4W          599 0183 EU   
QSO: 07037 CW 2016-12-17 1946 IQ2CJ         599 0199       N4AF          599 0080 NA   
QSO: 07032 CW 2016-12-17 2023 IQ2CJ         599 0200       UR5FS         599 0141 EU   
QSO: 07032 CW 2016-12-17 2024 IQ2CJ         599 0201       K1ZZ          599 0307 NA   
QSO: 07032 CW 2016-12-17 2025 IQ2CJ         599 0202       UX2HB         599 0067 EU   
QSO: 07032 CW 2016-12-17 2026 IQ2CJ         599 0203       IQ2CJ         599 0000 EU   
QSO: 03528 CW 2016-12-17 2028 IQ2CJ         599 0203       DF5LW         599 0063 EU   
QSO: 03528 CW 2016-12-17 2028 IQ2CJ         599 0205       F6HDI         599 0084 EU   
QSO: 03528 CW 2016-12-17 2029 IQ2CJ         599 0206       UP0L          599 0558 AS   
QSO: 07034 CW 2016-12-17 2035 IQ2CJ         599 0207       SQ9FMU        599 0118 EU   
QSO: 07034 CW 2016-12-17 2037 IQ2CJ         599 0208       VE3YAA        599 0000 NA   
QSO: 03531 CW 2016-12-17 2037 IQ2CJ         599 0209       OK1DVA        599 0116 EU   
QSO: 07034 CW 2016-12-17 2040 IQ2CJ         599 0210       R9MX          599 0039 EU   
QSO: 03531 CW 2016-12-17 2042 IQ2CJ         599 0211       OM7LW         599 0206 EU   
QSO: 07010 CW 2016-12-17 2045 IQ2CJ         599 0212       S52AW         599 0412 EU   
QSO: 07011 CW 2016-12-17 2046 IQ2CJ         599 0213       9A5V          599 0126 EU   
QSO: 07012 CW 2016-12-17 2046 IQ2CJ         599 0214       9A3XV         599 0359 EU   
QSO: 07018 CW 2016-12-17 2047 IQ2CJ         599 0215       9A7V          599 0690 EU   
QSO: 07019 CW 2016-12-17 2048 IQ2CJ         599 0216       9A9R          599 0354 EU   
QSO: 03526 CW 2016-12-17 2051 IQ2CJ         599 0217       9A1AA         599 0366 EU   
QSO: 03520 CW 2016-12-17 2052 IQ2CJ         599 0218       9A5K          599 0578 EU   
END-OF-LOG:
