START-OF-LOG: 3.0
CREATED-BY: okomdx-downloader
CONTEST: OK-OM DX CW Contest 2021
CALLSIGN: OK1OA
OPERATORS: OK1OA
CATEGORY: SINGLE-OP 160M HIGHSINGLE-OP 20M HIGHSINGLE-OP 40M HIGHSINGLE-OP 80M HIGHSINGLE-OP ALL HIGH
CATEGORY-OPERATOR: SINGLE-OP
CATEGORY-BAND: 160M
CATEGORY-MODE: CW
CATEGORY-POWER: HIGH
CATEGORY-ASSISTED: NON-ASSISTED
CATEGORY-TRANSMITTER: ONE
CATEGORY-STATION: FIXED
QSO: 21000 CW 2021-11-13 1558 OK1OA         599 ELI        NB1N          599 125       
QSO: 21000 CW 2021-11-13 1558 OK1OA         599 ELI        NW8U          599 018       
QSO: 21000 CW 2021-11-13 1558 OK1OA         599 ELI        K1ZZ          599 261       
QSO: 21000 CW 2021-11-13 1559 OK1OA         599 ELI        K2SSS         599 140       
QSO: 21000 CW 2021-11-13 1559 OK1OA         599 ELI        NR3Z          599 029       
QSO: 21018 CW 2021-11-13 1600 OK1OA         599 ELI        VE3VN         599 094       
QSO: 21018 CW 2021-11-13 1601 OK1OA         599 ELI        K1XM          599 039       
QSO: 21018 CW 2021-11-13 1602 OK1OA         599 ELI        N3RJ          599 042       
QSO: 21018 CW 2021-11-13 1602 OK1OA         599 ELI        K1GQ          599 058       
QSO: 21018 CW 2021-11-13 1605 OK1OA         599 ELI        K3WW          599 143       
QSO: 21018 CW 2021-11-13 1606 OK1OA         599 ELI        K3UL          599 105       
QSO: 21018 CW 2021-11-13 1607 OK1OA         599 ELI        N2GM          599 058       
QSO: 21018 CW 2021-11-13 1609 OK1OA         599 ELI        W8FJ          599 111       
QSO: 21018 CW 2021-11-13 1610 OK1OA         599 ELI        VE3EJ         599 027       
QSO: 14025 CW 2021-11-13 1613 OK1OA         599 ELI        K1ZZ          599 268       
QSO: 14025 CW 2021-11-13 1613 OK1OA         599 ELI        K1AR          599 134       
QSO: 14025 CW 2021-11-13 1613 OK1OA         599 ELI        YL7X          599 275       
QSO: 14025 CW 2021-11-13 1614 OK1OA         599 ELI        VE3FJ         599 086       
QSO: 14025 CW 2021-11-13 1614 OK1OA         599 ELI        K3WW          599 155       
QSO: 14025 CW 2021-11-13 1614 OK1OA         599 ELI        R7AW          599 252       
QSO: 14025 CW 2021-11-13 1614 OK1OA         599 ELI        EA7Q          599 109       
QSO: 14025 CW 2021-11-13 1615 OK1OA         599 ELI        EB5F          599 104       
QSO: 14025 CW 2021-11-13 1615 OK1OA         599 ELI        EW8G          599 076       
QSO: 14025 CW 2021-11-13 1616 OK1OA         599 ELI        NB1N          599 135       
QSO: 14025 CW 2021-11-13 1617 OK1OA         599 ELI        RA3YDA        599 206       
QSO: 14025 CW 2021-11-13 1617 OK1OA         599 ELI        N4RV          599 102       
QSO: 14025 CW 2021-11-13 1618 OK1OA         599 ELI        EA7A          599 158       
QSO: 14025 CW 2021-11-13 1618 OK1OA         599 ELI        K8AJS         599 105       
QSO: 14025 CW 2021-11-13 1618 OK1OA         599 ELI        CS2C          599 123       
QSO: 14025 CW 2021-11-13 1619 OK1OA         599 ELI        YL2KO         599 041       
QSO: 14025 CW 2021-11-13 1619 OK1OA         599 ELI        W8FJ          599 125       
QSO: 14025 CW 2021-11-13 1620 OK1OA         599 ELI        VE2FK         599 096       
QSO: 14025 CW 2021-11-13 1620 OK1OA         599 ELI        AK1MD         599 078       
QSO: 14025 CW 2021-11-13 1620 OK1OA         599 ELI        F4KLW         599 050       
QSO: 14025 CW 2021-11-13 1621 OK1OA         599 ELI        AE2DX         599 114       
QSO: 14025 CW 2021-11-13 1622 OK1OA         599 ELI        VE3DZZ        599 027       
QSO: 14025 CW 2021-11-13 1623 OK1OA         599 ELI        EA5CP         599 032       
QSO: 14025 CW 2021-11-13 1623 OK1OA         599 ELI        EA3NO         599 116       
QSO: 14025 CW 2021-11-13 1623 OK1OA         599 ELI        DF5EG         599 166       
QSO: 14025 CW 2021-11-13 1624 OK1OA         599 ELI        W4PM          599 110       
QSO: 14025 CW 2021-11-13 1624 OK1OA         599 ELI        ES3RF         599 028       
QSO: 14025 CW 2021-11-13 1625 OK1OA         599 ELI        R7MM          599 244       
QSO: 14025 CW 2021-11-13 1625 OK1OA         599 ELI        KV0I          599 029       
QSO: 14025 CW 2021-11-13 1626 OK1OA         599 ELI        W7SW          599 044       
QSO: 14025 CW 2021-11-13 1627 OK1OA         599 ELI        W5GN          599 087       
QSO: 14025 CW 2021-11-13 1628 OK1OA         599 ELI        VE9BK         599 152       
QSO: 14025 CW 2021-11-13 1628 OK1OA         599 ELI        A62A          599 248       
QSO: 14025 CW 2021-11-13 1629 OK1OA         599 ELI        N3UA          599 011       
QSO: 14025 CW 2021-11-13 1629 OK1OA         599 ELI        K0EA          599 072       
QSO: 14025 CW 2021-11-13 1629 OK1OA         599 ELI        K3UL          599 122       
QSO: 14025 CW 2021-11-13 1629 OK1OA         599 ELI        KB1W          599 019       
QSO: 14025 CW 2021-11-13 1630 OK1OA         599 ELI        W4JKC         599 068       
QSO: 14025 CW 2021-11-13 1631 OK1OA         599 ELI        W6KH          599 054       
QSO: 14025 CW 2021-11-13 1632 OK1OA         599 ELI        N8II          599 116       
QSO: 14025 CW 2021-11-13 1632 OK1OA         599 ELI        UY7LM         599 037       
QSO: 14025 CW 2021-11-13 1632 OK1OA         599 ELI        N2NC          599 042       
QSO: 14025 CW 2021-11-13 1633 OK1OA         599 ELI        K1XM          599 050       
QSO: 14025 CW 2021-11-13 1633 OK1OA         599 ELI        K7WP          599 045       
QSO: 14025 CW 2021-11-13 1635 OK1OA         599 ELI        N2EIM         599 027       
QSO: 14025 CW 2021-11-13 1636 OK1OA         599 ELI        W5ZR          599 058       
QSO: 14025 CW 2021-11-13 1637 OK1OA         599 ELI        NS0R          599 026       
QSO: 14025 CW 2021-11-13 1637 OK1OA         599 ELI        N4AF          599 192       
QSO: 14025 CW 2021-11-13 1638 OK1OA         599 ELI        N1SOH         599 081       
QSO: 14025 CW 2021-11-13 1639 OK1OA         599 ELI        NN4SS         599 080       
QSO: 14025 CW 2021-11-13 1640 OK1OA         599 ELI        N8UM          599 107       
QSO: 14025 CW 2021-11-13 1640 OK1OA         599 ELI        K1GQ          599 064       
QSO: 14025 CW 2021-11-13 1640 OK1OA         599 ELI        AC4CA         599 048       
QSO: 14025 CW 2021-11-13 1641 OK1OA         599 ELI        K0RF          599 031       
QSO: 14025 CW 2021-11-13 1641 OK1OA         599 ELI        RO7C          599 147       
QSO: 14025 CW 2021-11-13 1642 OK1OA         599 ELI        F6DQV         599 057       
QSO: 14025 CW 2021-11-13 1642 OK1OA         599 ELI        ND9G          599 042       
QSO: 14025 CW 2021-11-13 1643 OK1OA         599 ELI        EA4TX         599 015       
QSO: 14025 CW 2021-11-13 1643 OK1OA         599 ELI        N3RJ          599 054       
QSO: 14025 CW 2021-11-13 1645 OK1OA         599 ELI        W1FJ          599 083       
QSO: 14025 CW 2021-11-13 1646 OK1OA         599 ELI        VE3EJ         599 035       
QSO: 14025 CW 2021-11-13 1647 OK1OA         599 ELI        UR4L          599 086       
QSO:  7024 CW 2021-11-13 1650 OK1OA         599 ELI        SM2M          599 305       
QSO:  7024 CW 2021-11-13 1651 OK1OA         599 ELI        R7MM          599 254       
QSO:  7024 CW 2021-11-13 1651 OK1OA         599 ELI        M1X           599 101       
QSO:  7024 CW 2021-11-13 1651 OK1OA         599 ELI        YT1A          599 137       
QSO:  7024 CW 2021-11-13 1652 OK1OA         599 ELI        LY2XW         599 024       
QSO:  7024 CW 2021-11-13 1652 OK1OA         599 ELI        R7AW          599 279       
QSO:  7024 CW 2021-11-13 1653 OK1OA         599 ELI        YU7KW         599 038       
QSO:  7024 CW 2021-11-13 1653 OK1OA         599 ELI        YP5A          599 118       
QSO:  7024 CW 2021-11-13 1653 OK1OA         599 ELI        UR7MZ         599 194       
QSO:  7024 CW 2021-11-13 1654 OK1OA         599 ELI        M0BEW         599 225       
QSO:  7024 CW 2021-11-13 1654 OK1OA         599 ELI        US1VM         599 113       
QSO:  7024 CW 2021-11-13 1654 OK1OA         599 ELI        YO8DOH        599 105       
QSO:  7024 CW 2021-11-13 1655 OK1OA         599 ELI        R4BZ          599 138       
QSO:  7024 CW 2021-11-13 1655 OK1OA         599 ELI        RT9A          599 322       
QSO:  7024 CW 2021-11-13 1656 OK1OA         599 ELI        PA5WT         599 096       
QSO:  7024 CW 2021-11-13 1656 OK1OA         599 ELI        IW2NOY        599 034       
QSO:  7024 CW 2021-11-13 1656 OK1OA         599 ELI        R3VL          599 140       
QSO:  7024 CW 2021-11-13 1657 OK1OA         599 ELI        SE6N          599 018       
QSO:  7024 CW 2021-11-13 1657 OK1OA         599 ELI        LZ6F          599 039       
QSO:  7024 CW 2021-11-13 1658 OK1OA         599 ELI        EW8OM         599 118       
QSO:  7024 CW 2021-11-13 1658 OK1OA         599 ELI        HA8TKS        599 078       
QSO:  7024 CW 2021-11-13 1659 OK1OA         599 ELI        SM0Q          599 019       
QSO:  7024 CW 2021-11-13 1659 OK1OA         599 ELI        RK9Q          599 045       
QSO:  7024 CW 2021-11-13 1659 OK1OA         599 ELI        RK7X          599 180       
QSO:  7024 CW 2021-11-13 1700 OK1OA         599 ELI        UA4S          599 130       
QSO:  7024 CW 2021-11-13 1700 OK1OA         599 ELI        RX3Q          599 098       
QSO:  7024 CW 2021-11-13 1701 OK1OA         599 ELI        RC1W          599 096       
QSO:  7024 CW 2021-11-13 1701 OK1OA         599 ELI        YT5M          599 083       
QSO:  7024 CW 2021-11-13 1702 OK1OA         599 ELI        UA6AK         599 097       
QSO:  7024 CW 2021-11-13 1702 OK1OA         599 ELI        YO4DG         599 171       
QSO:  7024 CW 2021-11-13 1702 OK1OA         599 ELI        RU3DNN        599 042       
QSO:  7024 CW 2021-11-13 1703 OK1OA         599 ELI        YL2PP         599 009       
QSO:  7024 CW 2021-11-13 1703 OK1OA         599 ELI        F6IRA         599 206       
QSO:  7024 CW 2021-11-13 1704 OK1OA         599 ELI        UA3QGT        599 182       
QSO:  7024 CW 2021-11-13 1704 OK1OA         599 ELI        RA3FD         599 166       
QSO:  7024 CW 2021-11-13 1704 OK1OA         599 ELI        YL2EA         599 074       
QSO:  7024 CW 2021-11-13 1705 OK1OA         599 ELI        HB9AMO        599 115       
QSO:  7024 CW 2021-11-13 1706 OK1OA         599 ELI        IK0PXD        599 086       
QSO:  7024 CW 2021-11-13 1706 OK1OA         599 ELI        OF5ZA         599 043       
QSO:  7024 CW 2021-11-13 1707 OK1OA         599 ELI        I0GOJ         599 090       
QSO:  7024 CW 2021-11-13 1707 OK1OA         599 ELI        RV9CVA        599 037       
QSO:  7024 CW 2021-11-13 1708 OK1OA         599 ELI        SN0W          599 025       
QSO:  7024 CW 2021-11-13 1708 OK1OA         599 ELI        4X1ST         599 061       
QSO:  7024 CW 2021-11-13 1708 OK1OA         599 ELI        UT4U          599 266       
QSO:  7024 CW 2021-11-13 1710 OK1OA         599 ELI        YO4AR         599 051       
QSO:  7024 CW 2021-11-13 1711 OK1OA         599 ELI        MM0IVR        599 001       
QSO:  3534 CW 2021-11-13 1714 OK1OA         599 ELI        DL6UHA        599 055       
QSO:  3534 CW 2021-11-13 1714 OK1OA         599 ELI        9A50Y         599 106       
QSO:  3534 CW 2021-11-13 1714 OK1OA         599 ELI        OT5Q          599 062       
QSO:  3534 CW 2021-11-13 1715 OK1OA         599 ELI        SP2R          599 099       
QSO:  3534 CW 2021-11-13 1715 OK1OA         599 ELI        SP3CW         599 089       
QSO:  3534 CW 2021-11-13 1716 OK1OA         599 ELI        HA2KMR        599 096       
QSO:  3534 CW 2021-11-13 1716 OK1OA         599 ELI        UR1YAA        599 126       
QSO:  3534 CW 2021-11-13 1716 OK1OA         599 ELI        SP4AWE        599 052       
QSO:  3534 CW 2021-11-13 1717 OK1OA         599 ELI        DM7X          599 104       
QSO:  3534 CW 2021-11-13 1717 OK1OA         599 ELI        YU1ED         599 091       
QSO:  3534 CW 2021-11-13 1718 OK1OA         599 ELI        DK3CC         599 050       
QSO:  3534 CW 2021-11-13 1719 OK1OA         599 ELI        G4HOM         599 009       
QSO:  3534 CW 2021-11-13 1719 OK1OA         599 ELI        LZ3QE         599 197       
QSO:  3534 CW 2021-11-13 1720 OK1OA         599 ELI        HG4I          599 107       
QSO:  3534 CW 2021-11-13 1720 OK1OA         599 ELI        SN5J          599 187       
QSO:  3534 CW 2021-11-13 1720 OK1OA         599 ELI        LY2MM         599 089       
QSO:  3534 CW 2021-11-13 1721 OK1OA         599 ELI        HA1YA         599 079       
QSO:  3534 CW 2021-11-13 1721 OK1OA         599 ELI        HA6PJ         599 087       
QSO:  3534 CW 2021-11-13 1722 OK1OA         599 ELI        UR5YKO        599 214       
QSO:  3534 CW 2021-11-13 1722 OK1OA         599 ELI        S55AC         599 045       
QSO:  3534 CW 2021-11-13 1722 OK1OA         599 ELI        YL7X          599 365       
QSO:  3534 CW 2021-11-13 1723 OK1OA         599 ELI        R7AW          599 302       
QSO:  3534 CW 2021-11-13 1723 OK1OA         599 ELI        DL5CC         599 067       
QSO:  3534 CW 2021-11-13 1724 OK1OA         599 ELI        SP7CF         599 067       
QSO:  3534 CW 2021-11-13 1724 OK1OA         599 ELI        YL3FW         599 004       
QSO:  3534 CW 2021-11-13 1725 OK1OA         599 ELI        DL2LFH        599 021       
QSO:  3534 CW 2021-11-13 1725 OK1OA         599 ELI        I6FDJ         599 094       
QSO:  3534 CW 2021-11-13 1725 OK1OA         599 ELI        YL1ZF         599 104       
QSO:  3534 CW 2021-11-13 1726 OK1OA         599 ELI        SN1T          599 115       
QSO:  3534 CW 2021-11-13 1726 OK1OA         599 ELI        OZ7BQ         599 084       
QSO:  3534 CW 2021-11-13 1727 OK1OA         599 ELI        HA1WD         599 090       
QSO:  3534 CW 2021-11-13 1727 OK1OA         599 ELI        HA5JI         599 204       
QSO:  3534 CW 2021-11-13 1728 OK1OA         599 ELI        DL4FN         599 069       
QSO:  3534 CW 2021-11-13 1728 OK1OA         599 ELI        DL8HK         599 103       
QSO:  3534 CW 2021-11-13 1728 OK1OA         599 ELI        HA2PP         599 041       
QSO:  3534 CW 2021-11-13 1729 OK1OA         599 ELI        DD5M          599 059       
QSO:  3534 CW 2021-11-13 1729 OK1OA         599 ELI        YO4DG         599 184       
QSO:  3534 CW 2021-11-13 1730 OK1OA         599 ELI        9A2AJ         599 064       
QSO:  3534 CW 2021-11-13 1730 OK1OA         599 ELI        YT1Z          599 255       
QSO:  3534 CW 2021-11-13 1730 OK1OA         599 ELI        SP1D          599 099       
QSO:  3534 CW 2021-11-13 1731 OK1OA         599 ELI        S57X          599 048       
QSO:  3534 CW 2021-11-13 1731 OK1OA         599 ELI        UT4U          599 308       
QSO:  3534 CW 2021-11-13 1732 OK1OA         599 ELI        DL5CL         599 008       
QSO:  3534 CW 2021-11-13 1732 OK1OA         599 ELI        LY7M          599 196       
QSO:  3534 CW 2021-11-13 1733 OK1OA         599 ELI        DL3FCG        599 119       
QSO:  3534 CW 2021-11-13 1734 OK1OA         599 ELI        LY2A          599 165       
QSO:  3534 CW 2021-11-13 1734 OK1OA         599 ELI        SM2M          599 364       
QSO:  3534 CW 2021-11-13 1734 OK1OA         599 ELI        HA8TKS        599 084       
QSO:  3534 CW 2021-11-13 1735 OK1OA         599 ELI        DL6KWN        599 063       
QSO:  3534 CW 2021-11-13 1735 OK1OA         599 ELI        S51RJ         599 072       
QSO:  3534 CW 2021-11-13 1736 OK1OA         599 ELI        IU0ITX        599 076       
QSO:  3534 CW 2021-11-13 1736 OK1OA         599 ELI        EW1TZ         599 044       
QSO:  3534 CW 2021-11-13 1736 OK1OA         599 ELI        DL1BUG        599 110       
QSO:  3534 CW 2021-11-13 1737 OK1OA         599 ELI        DL7URB        599 032       
QSO:  3534 CW 2021-11-13 1737 OK1OA         599 ELI        IQ5OX         599 030       
QSO:  3534 CW 2021-11-13 1738 OK1OA         599 ELI        LZ1QZ         599 043       
QSO:  3534 CW 2021-11-13 1738 OK1OA         599 ELI        SP2FAP        599 074       
QSO:  3534 CW 2021-11-13 1739 OK1OA         599 ELI        RA3FD         599 187       
QSO:  3534 CW 2021-11-13 1740 OK1OA         599 ELI        IK0PXD        599 097       
QSO:  3534 CW 2021-11-13 1740 OK1OA         599 ELI        SP9MZH        599 037       
QSO:  3534 CW 2021-11-13 1741 OK1OA         599 ELI        RL4A          599 149       
QSO:  3534 CW 2021-11-13 1741 OK1OA         599 ELI        YT4T          599 085       
QSO:  3534 CW 2021-11-13 1741 OK1OA         599 ELI        UT4WA         599 031       
QSO:  3534 CW 2021-11-13 1742 OK1OA         599 ELI        SD1A          599 075       
QSO:  3534 CW 2021-11-13 1743 OK1OA         599 ELI        IK2NUX        599 016       
QSO:  3534 CW 2021-11-13 1743 OK1OA         599 ELI        OE5TXF        599 165       
QSO:  3534 CW 2021-11-13 1743 OK1OA         599 ELI        OH1RX         599 041       
QSO:  3534 CW 2021-11-13 1744 OK1OA         599 ELI        HB9AMO        599 149       
QSO:  3534 CW 2021-11-13 1744 OK1OA         599 ELI        ON9TT         599 018       
QSO:  3534 CW 2021-11-13 1745 OK1OA         599 ELI        SP2QG         599 059       
QSO:  3534 CW 2021-11-13 1745 OK1OA         599 ELI        DF8KY         599 089       
QSO:  3534 CW 2021-11-13 1745 OK1OA         599 ELI        9A1CFR        599 091       
QSO:  3534 CW 2021-11-13 1746 OK1OA         599 ELI        DF6RI         599 025       
QSO:  3534 CW 2021-11-13 1746 OK1OA         599 ELI        R3VL          599 162       
QSO:  3534 CW 2021-11-13 1747 OK1OA         599 ELI        SP2XX         599 061       
QSO:  3534 CW 2021-11-13 1747 OK1OA         599 ELI        S51MM         599 041       
QSO:  3534 CW 2021-11-13 1748 OK1OA         599 ELI        HA8RJ         599 068       
QSO:  3534 CW 2021-11-13 1748 OK1OA         599 ELI        DL4DTL        599 044       
QSO:  3534 CW 2021-11-13 1748 OK1OA         599 ELI        RU3DNN        599 063       
QSO:  3537 CW 2021-11-13 2036 OK1OA         599 ELI        HA5OV         599 127       
QSO:  3537 CW 2021-11-13 2036 OK1OA         599 ELI        OE8TED        599 200       
QSO:  3537 CW 2021-11-13 2037 OK1OA         599 ELI        YL3FT         599 146       
QSO:  3537 CW 2021-11-13 2037 OK1OA         599 ELI        F6DCQ         599 184       
QSO:  3537 CW 2021-11-13 2037 OK1OA         599 ELI        DL5AXX        599 059       
QSO:  3537 CW 2021-11-13 2038 OK1OA         599 ELI        UT2UB         599 245       
QSO:  3537 CW 2021-11-13 2038 OK1OA         599 ELI        UA6Y          599 138       
QSO:  3537 CW 2021-11-13 2039 OK1OA         599 ELI        RX3Q          599 155       
QSO:  3537 CW 2021-11-13 2039 OK1OA         599 ELI        F4HMX         599 102       
QSO:  3537 CW 2021-11-13 2040 OK1OA         599 ELI        F5TRB         599 030       
QSO:  3537 CW 2021-11-13 2041 OK1OA         599 ELI        UA6AA         599 149       
QSO:  3537 CW 2021-11-13 2041 OK1OA         599 ELI        LZ1QN         599 018       
QSO:  3537 CW 2021-11-13 2042 OK1OA         599 ELI        M0BEW         599 321       
QSO:  3537 CW 2021-11-13 2042 OK1OA         599 ELI        RY3PAE        599 110       
QSO:  3537 CW 2021-11-13 2042 OK1OA         599 ELI        YO5AVN        599 154       
QSO:  3537 CW 2021-11-13 2043 OK1OA         599 ELI        PA4O          599 030       
QSO:  3537 CW 2021-11-13 2043 OK1OA         599 ELI        LX/PA8AD      599 109       
QSO:  3537 CW 2021-11-13 2044 OK1OA         599 ELI        HA8MV         599 069       
QSO:  3537 CW 2021-11-13 2044 OK1OA         599 ELI        SN5N          599 095       
QSO:  3537 CW 2021-11-13 2044 OK1OA         599 ELI        I2WIJ         599 071       
QSO:  3537 CW 2021-11-13 2045 OK1OA         599 ELI        YU1YV         599 106       
QSO:  3537 CW 2021-11-13 2045 OK1OA         599 ELI        UG4A          599 093       
QSO:  3537 CW 2021-11-13 2045 OK1OA         599 ELI        SO3O          599 122       
QSO:  3537 CW 2021-11-13 2046 OK1OA         599 ELI        UY3AW         599 026       
QSO:  3537 CW 2021-11-13 2046 OK1OA         599 ELI        SM0Q          599 059       
QSO:  3537 CW 2021-11-13 2047 OK1OA         599 ELI        R7MM          599 396       
QSO:  3537 CW 2021-11-13 2048 OK1OA         599 ELI        LZ3R          599 246       
QSO:  3537 CW 2021-11-13 2048 OK1OA         599 ELI        S58MU         599 123       
QSO:  3537 CW 2021-11-13 2049 OK1OA         599 ELI        SF6W          599 129       
QSO:  3537 CW 2021-11-13 2049 OK1OA         599 ELI        YU1HFG        599 058       
QSO:  3537 CW 2021-11-13 2049 OK1OA         599 ELI        DL2BCY        599 083       
QSO:  3537 CW 2021-11-13 2050 OK1OA         599 ELI        US3EO         599 185       
QSO:  3537 CW 2021-11-13 2050 OK1OA         599 ELI        YU3TA         599 144       
QSO:  3537 CW 2021-11-13 2051 OK1OA         599 ELI        RA3YDA        599 323       
QSO:  3537 CW 2021-11-13 2052 OK1OA         599 ELI        DF5EG         599 344       
QSO:  3537 CW 2021-11-13 2053 OK1OA         599 ELI        DL8DWW        599 148       
QSO:  3537 CW 2021-11-13 2053 OK1OA         599 ELI        YO3HEX        599 039       
QSO:  3537 CW 2021-11-13 2054 OK1OA         599 ELI        RD4A          599 164       
QSO:  3537 CW 2021-11-13 2054 OK1OA         599 ELI        EW1TO         599 017       
QSO:  3537 CW 2021-11-13 2054 OK1OA         599 ELI        LZ30AM        599 156       
QSO:  3537 CW 2021-11-13 2055 OK1OA         599 ELI        SM5DXR        599 067       
QSO:  3537 CW 2021-11-13 2055 OK1OA         599 ELI        YL2KO         599 117       
QSO:  3537 CW 2021-11-13 2056 OK1OA         599 ELI        YO3GCL        599 065       
QSO:  3537 CW 2021-11-13 2056 OK1OA         599 ELI        R6DJM         599 402       
QSO:  3537 CW 2021-11-13 2057 OK1OA         599 ELI        IV3HAX        599 039       
QSO:  3537 CW 2021-11-13 2058 OK1OA         599 ELI        SE6N          599 038       
QSO:  3537 CW 2021-11-13 2058 OK1OA         599 ELI        LY5G          599 092       
QSO:  3537 CW 2021-11-13 2059 OK1OA         599 ELI        HA2ZB         599 076       
QSO:  3537 CW 2021-11-13 2059 OK1OA         599 ELI        RN3S          599 061       
QSO:  3537 CW 2021-11-13 2100 OK1OA         599 ELI        HA7MF         599 204       
QSO:  3537 CW 2021-11-13 2100 OK1OA         599 ELI        US7IY         599 224       
QSO:  3537 CW 2021-11-13 2101 OK1OA         599 ELI        UT4UBZ        599 027       
QSO:  3537 CW 2021-11-13 2101 OK1OA         599 ELI        G4DYC         599 003       
QSO:  3537 CW 2021-11-13 2102 OK1OA         599 ELI        OZ7YL         599 054       
QSO:  3537 CW 2021-11-13 2102 OK1OA         599 ELI        ON6FC         599 110       
QSO:  3537 CW 2021-11-13 2103 OK1OA         599 ELI        RU1AC         599 295       
QSO:  3537 CW 2021-11-13 2104 OK1OA         599 ELI        YO4SI         599 097       
QSO:  3537 CW 2021-11-13 2104 OK1OA         599 ELI        DL1ROT        599 077       
QSO:  3537 CW 2021-11-13 2105 OK1OA         599 ELI        F6GOE         599 033       
QSO:  3537 CW 2021-11-13 2105 OK1OA         599 ELI        PA2TA         599 124       
QSO:  3537 CW 2021-11-13 2106 OK1OA         599 ELI        ON7CC         599 055       
QSO:  3537 CW 2021-11-13 2107 OK1OA         599 ELI        PA3GUO        599 002       
QSO:  3537 CW 2021-11-13 2108 OK1OA         599 ELI        LY3NX         599 099       
QSO:  3537 CW 2021-11-13 2108 OK1OA         599 ELI        OE3MWS        599 099       
QSO:  3537 CW 2021-11-13 2108 OK1OA         599 ELI        4O4T          599 146       
QSO:  3537 CW 2021-11-13 2109 OK1OA         599 ELI        UA6YH         599 163       
QSO:  3537 CW 2021-11-13 2109 OK1OA         599 ELI        OG5O          599 209       
QSO:  3537 CW 2021-11-13 2109 OK1OA         599 ELI        SP9KJU        599 052       
QSO:  3537 CW 2021-11-13 2110 OK1OA         599 ELI        UR5WQ         599 029       
QSO:  3537 CW 2021-11-13 2110 OK1OA         599 ELI        YO4AR         599 071       
QSO:  3537 CW 2021-11-13 2110 OK1OA         599 ELI        RT2X          599 082       
QSO:  3537 CW 2021-11-13 2112 OK1OA         599 ELI        LY2J          599 251       
QSO:  3537 CW 2021-11-13 2112 OK1OA         599 ELI        PC2F          599 063       
QSO:  3537 CW 2021-11-13 2113 OK1OA         599 ELI        UT5UGR        599 089       
QSO:  3537 CW 2021-11-13 2113 OK1OA         599 ELI        DL7GEM        599 080       
QSO:  3537 CW 2021-11-13 2114 OK1OA         599 ELI        DL7UCW        599 037       
QSO:  3537 CW 2021-11-13 2114 OK1OA         599 ELI        G0HZG         599 006       
QSO:  3537 CW 2021-11-13 2115 OK1OA         599 ELI        SV1BJW        599 208       
QSO:  3537 CW 2021-11-13 2115 OK1OA         599 ELI        IT9RZU        599 060       
QSO:  3537 CW 2021-11-13 2116 OK1OA         599 ELI        SM5AOG        599 090       
QSO:  3537 CW 2021-11-13 2117 OK1OA         599 ELI        IK2LFF        599 029       
QSO:  3537 CW 2021-11-13 2117 OK1OA         599 ELI        DK3YD         599 062       
QSO:  3537 CW 2021-11-13 2118 OK1OA         599 ELI        F6KRK         599 130       
QSO:  3537 CW 2021-11-13 2118 OK1OA         599 ELI        RM9X          599 131       
QSO:  3537 CW 2021-11-13 2119 OK1OA         599 ELI        DF1GRA        599 010       
QSO:  3537 CW 2021-11-13 2119 OK1OA         599 ELI        ZA1ME         599 033       
QSO:  3537 CW 2021-11-13 2120 OK1OA         599 ELI        G4GZG         599 003       
QSO:  3537 CW 2021-11-13 2121 OK1OA         599 ELI        PC4H          599 102       
QSO:  3537 CW 2021-11-13 2122 OK1OA         599 ELI        SP9ENV        599 145       
QSO:  3537 CW 2021-11-13 2122 OK1OA         599 ELI        LA0CX         599 041       
QSO:  1820 CW 2021-11-13 2125 OK1OA         599 ELI        DL0FTL        599 145       
QSO:  1820 CW 2021-11-13 2126 OK1OA         599 ELI        YT8A          599 080       
QSO:  1820 CW 2021-11-13 2126 OK1OA         599 ELI        HG1G          599 083       
QSO:  1820 CW 2021-11-13 2126 OK1OA         599 ELI        YL7X          599 573       
QSO:  1820 CW 2021-11-13 2127 OK1OA         599 ELI        SN1T          599 233       
QSO:  1820 CW 2021-11-13 2127 OK1OA         599 ELI        HA3GO         599 075       
QSO:  1820 CW 2021-11-13 2127 OK1OA         599 ELI        SF1Z          599 044       
QSO:  1820 CW 2021-11-13 2128 OK1OA         599 ELI        HF1K          599 193       
QSO:  1820 CW 2021-11-13 2128 OK1OA         599 ELI        SP2EWQ        599 080       
QSO:  1820 CW 2021-11-13 2129 OK1OA         599 ELI        F6DCQ         599 220       
QSO:  1820 CW 2021-11-13 2130 OK1OA         599 ELI        HB9AMO        599 261       
QSO:  1820 CW 2021-11-13 2130 OK1OA         599 ELI        SN5J          599 325       
QSO:  1820 CW 2021-11-13 2131 OK1OA         599 ELI        UR7MZ         599 321       
QSO:  1820 CW 2021-11-13 2131 OK1OA         599 ELI        S51DX         599 087       
QSO:  1820 CW 2021-11-13 2131 OK1OA         599 ELI        SO3O          599 177       
QSO:  1820 CW 2021-11-13 2131 OK1OA         599 ELI        R7AW          599 451       
QSO:  1820 CW 2021-11-13 2132 OK1OA         599 ELI        RT9A          599 475       
QSO:  1820 CW 2021-11-13 2132 OK1OA         599 ELI        RO5X          599 014       
QSO:  1820 CW 2021-11-13 2133 OK1OA         599 ELI        R7MM          599 427       
QSO:  1820 CW 2021-11-13 2134 OK1OA         599 ELI        YL1ZF         599 236       
QSO:  1820 CW 2021-11-13 2134 OK1OA         599 ELI        SI0W          599 171       
QSO:  1820 CW 2021-11-13 2135 OK1OA         599 ELI        UT2UB         599 292       
QSO:  1820 CW 2021-11-13 2135 OK1OA         599 ELI        F6HDI         599 058       
QSO:  1820 CW 2021-11-13 2135 OK1OA         599 ELI        DL7AT         599 012       
QSO:  1820 CW 2021-11-13 2136 OK1OA         599 ELI        IV3AZV        599 055       
QSO:  1820 CW 2021-11-13 2136 OK1OA         599 ELI        OG5O          599 231       
QSO:  1820 CW 2021-11-13 2137 OK1OA         599 ELI        YO5AJR        599 075       
QSO:  1820 CW 2021-11-13 2137 OK1OA         599 ELI        SM2M          599 562       
QSO:  1820 CW 2021-11-13 2138 OK1OA         599 ELI        9A1CFR        599 198       
QSO:  1820 CW 2021-11-13 2138 OK1OA         599 ELI        SV1BJW        599 221       
QSO:  1820 CW 2021-11-13 2139 OK1OA         599 ELI        SP5EWX        599 040       
QSO:  1820 CW 2021-11-13 2139 OK1OA         599 ELI        OE5TXF        599 265       
QSO:  1820 CW 2021-11-13 2140 OK1OA         599 ELI        G0HZG         599 011       
QSO:  1820 CW 2021-11-13 2140 OK1OA         599 ELI        EU6RO         599 042       
QSO:  1820 CW 2021-11-13 2141 OK1OA         599 ELI        US3EO         599 200       
QSO:  1820 CW 2021-11-13 2141 OK1OA         599 ELI        HA7MF         599 226       
QSO:  1820 CW 2021-11-13 2142 OK1OA         599 ELI        SP6AEG        599 075       
QSO:  1820 CW 2021-11-13 2143 OK1OA         599 ELI        EW1TO         599 032       
QSO:  1820 CW 2021-11-13 2144 OK1OA         599 ELI        ON6FC         599 133       
QSO:  1820 CW 2021-11-13 2144 OK1OA         599 ELI        LY2J          599 273       
QSO:  1820 CW 2021-11-13 2145 OK1OA         599 ELI        ON6LR         599 111       
QSO:  7023 CW 2021-11-13 2149 OK1OA         599 ELI        N4RV          599 174       
QSO:  7023 CW 2021-11-13 2149 OK1OA         599 ELI        VA2CZ         599 050       
QSO:  7023 CW 2021-11-13 2150 OK1OA         599 ELI        K3WW          599 211       
QSO:  7023 CW 2021-11-13 2150 OK1OA         599 ELI        W3RJ          599 011       
QSO:  7023 CW 2021-11-13 2151 OK1OA         599 ELI        K8MFO         599 133       
QSO:  7023 CW 2021-11-13 2151 OK1OA         599 ELI        VE9BK         599 229       
QSO:  7023 CW 2021-11-13 2151 OK1OA         599 ELI        N4BA          599 058       
QSO:  7023 CW 2021-11-13 2152 OK1OA         599 ELI        EA5HRT        599 122       
QSO:  7023 CW 2021-11-13 2153 OK1OA         599 ELI        K3TS          599 082       
QSO:  7023 CW 2021-11-13 2153 OK1OA         599 ELI        AK1MD         599 120       
QSO:  7023 CW 2021-11-13 2154 OK1OA         599 ELI        KB4CG         599 058       
QSO:  7023 CW 2021-11-13 2155 OK1OA         599 ELI        EA5DO         599 074       
QSO:  7023 CW 2021-11-13 2155 OK1OA         599 ELI        W1GD          599 055       
QSO:  7023 CW 2021-11-13 2155 OK1OA         599 ELI        N0AC          599 008       
QSO:  7023 CW 2021-11-13 2156 OK1OA         599 ELI        RX9AF         599 122       
QSO:  7023 CW 2021-11-13 2156 OK1OA         599 ELI        YL7X          599 589       
QSO:  7023 CW 2021-11-13 2156 OK1OA         599 ELI        N3RJ          599 072       
QSO:  7023 CW 2021-11-13 2157 OK1OA         599 ELI        GM0WED        599 058       
QSO:  7023 CW 2021-11-13 2159 OK1OA         599 ELI        F5CBQ         599 068       
QSO:  7023 CW 2021-11-13 2202 OK1OA         599 ELI        N9NC          599 152       
QSO:  7023 CW 2021-11-13 2203 OK1OA         599 ELI        K3PP          599 048       
QSO:  7023 CW 2021-11-13 2203 OK1OA         599 ELI        R6DJM         599 426       
QSO:  7023 CW 2021-11-13 2204 OK1OA         599 ELI        W1ARY         599 067       
QSO:  7023 CW 2021-11-13 2204 OK1OA         599 ELI        N4AF          599 252       
QSO:  7023 CW 2021-11-13 2205 OK1OA         599 ELI        K1IB          599 028       
QSO:  7023 CW 2021-11-13 2207 OK1OA         599 ELI        VE3VN         599 127       
QSO:  7023 CW 2021-11-13 2208 OK1OA         599 ELI        VE3EJ         599 077       
QSO:  7028 CW 2021-11-13 2210 OK1OA         599 ELI        RA6L          599 060       
QSO:  7028 CW 2021-11-13 2211 OK1OA         599 ELI        K1ZZ          599 343       
QSO:  7028 CW 2021-11-13 2211 OK1OA         599 ELI        K2QO          599 023       
QSO:  3524 CW 2021-11-13 2215 OK1OA         599 ELI        PG7R          599 099       
QSO:  3524 CW 2021-11-13 2215 OK1OA         599 ELI        DL1CW         599 263       
QSO:  3524 CW 2021-11-13 2216 OK1OA         599 ELI        SF5O          599 062       
QSO:  3524 CW 2021-11-13 2217 OK1OA         599 ELI        S57KM         599 055       
QSO:  3524 CW 2021-11-13 2217 OK1OA         599 ELI        RT2F          599 060       
QSO:  3524 CW 2021-11-13 2217 OK1OA         599 ELI        F3WT          599 013       
QSO:  3524 CW 2021-11-13 2218 OK1OA         599 ELI        UW1WU         599 119       
QSO:  3524 CW 2021-11-13 2218 OK1OA         599 ELI        DL2LRT        599 061       
QSO:  3524 CW 2021-11-13 2218 OK1OA         599 ELI        HB9CPS        599 034       
QSO:  3524 CW 2021-11-13 2219 OK1OA         599 ELI        UT5PY         599 132       
QSO:  3524 CW 2021-11-13 2219 OK1OA         599 ELI        DK5XG         599 040       
QSO:  3524 CW 2021-11-13 2220 OK1OA         599 ELI        GM0WED        599 068       
QSO:  3524 CW 2021-11-13 2221 OK1OA         599 ELI        DL2ZBO        599 033       
QSO:  3524 CW 2021-11-13 2221 OK1OA         599 ELI        SE2T          599 034       
QSO:  3524 CW 2021-11-13 2222 OK1OA         599 ELI        HF1K          599 232       
QSO:  3524 CW 2021-11-13 2222 OK1OA         599 ELI        OE3KAB        599 064       
QSO:  3524 CW 2021-11-13 2223 OK1OA         599 ELI        F6HDI         599 085       
QSO:  3524 CW 2021-11-13 2224 OK1OA         599 ELI        F6IRA         599 326       
QSO:  3524 CW 2021-11-13 2225 OK1OA         599 ELI        SQ5W          599 105       
QSO:  3524 CW 2021-11-13 2226 OK1OA         599 ELI        LY2LF         599 085       
QSO:  3524 CW 2021-11-13 2228 OK1OA         599 ELI        S58WW         599 046       
QSO:  3524 CW 2021-11-13 2228 OK1OA         599 ELI        DL8WAA        599 106       
QSO:  3524 CW 2021-11-13 2228 OK1OA         599 ELI        F5PHW         599 072       
QSO:  3524 CW 2021-11-13 2229 OK1OA         599 ELI        SP4JWR        599 036       
QSO:  1821 CW 2021-11-13 2231 OK1OA         599 ELI        DJ3NK         599 036       
QSO:  1821 CW 2021-11-13 2232 OK1OA         599 ELI        DK3YD         599 097       
QSO:  1821 CW 2021-11-13 2232 OK1OA         599 ELI        DL7DZ         599 147       
QSO:  1821 CW 2021-11-13 2233 OK1OA         599 ELI        YO4SI         599 123       
QSO:  1821 CW 2021-11-13 2328 OK1OA         599 ELI        DJ3XD         599 044       
QSO:  1821 CW 2021-11-13 2329 OK1OA         599 ELI        YT1Q          599 048       
QSO:  1821 CW 2021-11-13 2329 OK1OA         599 ELI        HB9FAP        599 064       
QSO:  1821 CW 2021-11-13 2330 OK1OA         599 ELI        RV3ZN         599 230       
QSO:  1821 CW 2021-11-13 2330 OK1OA         599 ELI        S57X          599 155       
QSO:  1821 CW 2021-11-13 2331 OK1OA         599 ELI        R3ST          599 035       
QSO:  1821 CW 2021-11-13 2333 OK1OA         599 ELI        DA3T          599 011       
QSO:  1821 CW 2021-11-13 2334 OK1OA         599 ELI        EI6JK         599 004       
QSO:  1821 CW 2021-11-13 2336 OK1OA         599 ELI        SP5UFK        599 024       
QSO:  1821 CW 2021-11-13 2338 OK1OA         599 ELI        SN4D          599 216       
QSO:  1821 CW 2021-11-13 2339 OK1OA         599 ELI        SQ7U          599 036       
QSO:  1821 CW 2021-11-13 2340 OK1OA         599 ELI        MM0ZBH        599 023       
QSO:  1821 CW 2021-11-13 2341 OK1OA         599 ELI        F1TRE         599 044       
QSO:  1821 CW 2021-11-13 2342 OK1OA         599 ELI        OE3SGA        599 001       
QSO:  7027 CW 2021-11-13 2345 OK1OA         599 ELI        UT8AS         599 202       
QSO:  7027 CW 2021-11-13 2345 OK1OA         599 ELI        N1KWF         599 039       
QSO:  7027 CW 2021-11-13 2346 OK1OA         599 ELI        I2IFT         599 170       
QSO:  7027 CW 2021-11-13 2346 OK1OA         599 ELI        EI8GP         599 036       
QSO:  7027 CW 2021-11-13 2347 OK1OA         599 ELI        US5EFU        599 096       
QSO:  7027 CW 2021-11-13 2347 OK1OA         599 ELI        SN4D          599 223       
QSO:  7027 CW 2021-11-13 2348 OK1OA         599 ELI        UN4L          599 248       
QSO:  7027 CW 2021-11-13 2348 OK1OA         599 ELI        RA3NC         599 169       
QSO:  7027 CW 2021-11-13 2349 OK1OA         599 ELI        EX8MJ         599 109       
QSO:  7027 CW 2021-11-13 2350 OK1OA         599 ELI        RC9A          599 072       
QSO:  7027 CW 2021-11-13 2350 OK1OA         599 ELI        US3EO         599 264       
QSO:  7027 CW 2021-11-13 2351 OK1OA         599 ELI        K3SV          599 076       
QSO:  7027 CW 2021-11-13 2352 OK1OA         599 ELI        NS2N          599 129       
QSO:  7027 CW 2021-11-13 2352 OK1OA         599 ELI        N8UM          599 158       
QSO:  7027 CW 2021-11-13 2353 OK1OA         599 ELI        W1JQ          599 014       
QSO:  7027 CW 2021-11-13 2353 OK1OA         599 ELI        KC1XX         599 378       
QSO:  7027 CW 2021-11-13 2354 OK1OA         599 ELI        K3MD          599 127       
QSO:  3524 CW 2021-11-13 2357 OK1OA         599 ELI        SP9JZT        599 109       
QSO:  3524 CW 2021-11-13 2358 OK1OA         599 ELI        SN4D          599 234       
QSO:  3524 CW 2021-11-13 2358 OK1OA         599 ELI        I2IFT         599 180       
QSO:  3524 CW 2021-11-13 2358 OK1OA         599 ELI        IV3EAD        599 130       
QSO:  3524 CW 2021-11-13 2359 OK1OA         599 ELI        EA4Z          599 099       
QSO:  3524 CW 2021-11-14 0000 OK1OA         599 ELI        EA3FZT        599 108       
QSO:  3524 CW 2021-11-14 0001 OK1OA         599 ELI        KC1XX         599 382       
QSO:  3524 CW 2021-11-14 0001 OK1OA         599 ELI        UN4L          599 258       
QSO:  3524 CW 2021-11-14 0002 OK1OA         599 ELI        PA2JWN        599 136       
QSO:  3524 CW 2021-11-14 0003 OK1OA         599 ELI        K1ZZ          599 386       
QSO:  3524 CW 2021-11-14 0004 OK1OA         599 ELI        DA3T          599 038       
QSO:  3524 CW 2021-11-14 0006 OK1OA         599 ELI        SV1ENV        599 003       
QSO:  3524 CW 2021-11-14 0006 OK1OA         599 ELI        GM4X          599 029       
QSO:  3524 CW 2021-11-14 0007 OK1OA         599 ELI        RC9A          599 095       
QSO:  3524 CW 2021-11-14 0008 OK1OA         599 ELI        PE1RDP        599 062       
QSO:  3524 CW 2021-11-14 0009 OK1OA         599 ELI        PA3DZM        599 066       
QSO:  3524 CW 2021-11-14 0009 OK1OA         599 ELI        UT1WW         599 038       
QSO:  7022 CW 2021-11-14 0014 OK1OA         599 ELI        RL3T          599 073       
QSO:  7022 CW 2021-11-14 0016 OK1OA         599 ELI        K7GK          599 032       
QSO:  7022 CW 2021-11-14 0017 OK1OA         599 ELI        RV3ZN         599 251       
QSO:  7022 CW 2021-11-14 0017 OK1OA         599 ELI        N8II          599 160       
QSO:  7022 CW 2021-11-14 0018 OK1OA         599 ELI        OG4A          599 086       
QSO:  7022 CW 2021-11-14 0019 OK1OA         599 ELI        VE1ZA         599 033       
QSO:  7022 CW 2021-11-14 0021 OK1OA         599 ELI        SN1T          599 269       
QSO:  7025 CW 2021-11-14 0023 OK1OA         599 ELI        Z32TO         599 041       
QSO:  7025 CW 2021-11-14 0024 OK1OA         599 ELI        EB7A          599 115       
QSO:  7025 CW 2021-11-14 0024 OK1OA         599 ELI        ND9G          599 056       
QSO:  7025 CW 2021-11-14 0025 OK1OA         599 ELI        UI8C          599 043       
QSO:  7025 CW 2021-11-14 0025 OK1OA         599 ELI        SP2FAP        599 167       
QSO:  7025 CW 2021-11-14 0026 OK1OA         599 ELI        NY1E          599 005       
QSO:  7025 CW 2021-11-14 0027 OK1OA         599 ELI        OE6MMD        599 005       
QSO:  3515 CW 2021-11-14 0029 OK1OA         599 ELI        RD5D          599 038       
QSO:  3515 CW 2021-11-14 0033 OK1OA         599 ELI        K3UL          599 185       
QSO:  3515 CW 2021-11-14 0034 OK1OA         599 ELI        OE6MMD        599 012       
QSO:  3515 CW 2021-11-14 0034 OK1OA         599 ELI        4Z4KX         599 080       
QSO:  3515 CW 2021-11-14 0035 OK1OA         599 ELI        EW8OM         599 158       
QSO:  3515 CW 2021-11-14 0035 OK1OA         599 ELI        OG4A          599 095       
QSO:  3515 CW 2021-11-14 0036 OK1OA         599 ELI        OH1QX         599 048       
QSO:  3515 CW 2021-11-14 0036 OK1OA         599 ELI        RN6CH         599 121       
QSO:  3515 CW 2021-11-14 0037 OK1OA         599 ELI        RA3NC         599 205       
QSO:  3515 CW 2021-11-14 0037 OK1OA         599 ELI        RV9CVA        599 064       
QSO:  3515 CW 2021-11-14 0038 OK1OA         599 ELI        RV3ZN         599 263       
QSO:  3515 CW 2021-11-14 0038 OK1OA         599 ELI        EI8GP         599 058       
QSO:  3530 CW 2021-11-14 0606 OK1OA         599 ELI        DF6FQ         599 017       
QSO:  3530 CW 2021-11-14 0607 OK1OA         599 ELI        YU1RM         599 144       
QSO:  3530 CW 2021-11-14 0607 OK1OA         599 ELI        IK3OII        599 106       
QSO:  3530 CW 2021-11-14 0608 OK1OA         599 ELI        SP5ELA        599 123       
QSO:  3530 CW 2021-11-14 0609 OK1OA         599 ELI        DH2URF        599 095       
QSO:  3530 CW 2021-11-14 0610 OK1OA         599 ELI        SP9EMI        599 097       
QSO:  3530 CW 2021-11-14 0611 OK1OA         599 ELI        G3ZGC         599 097       
QSO:  3530 CW 2021-11-14 0611 OK1OA         599 ELI        F5ICC         599 190       
QSO:  3530 CW 2021-11-14 0611 OK1OA         599 ELI        PA3AAV        599 289       
QSO:  3530 CW 2021-11-14 0612 OK1OA         599 ELI        IK2CZQ        599 062       
QSO:  3530 CW 2021-11-14 0612 OK1OA         599 ELI        N4AF          599 348       
QSO:  3530 CW 2021-11-14 0613 OK1OA         599 ELI        IN3FHE        599 086       
QSO:  3530 CW 2021-11-14 0614 OK1OA         599 ELI        VE3KP         599 082       
QSO:  3530 CW 2021-11-14 0614 OK1OA         599 ELI        IU6FUB        599 041       
QSO:  3530 CW 2021-11-14 0615 OK1OA         599 ELI        F5PBM         599 001       
QSO:  3530 CW 2021-11-14 0615 OK1OA         599 ELI        YL2EA         599 184       
QSO:  3530 CW 2021-11-14 0616 OK1OA         599 ELI        F4IAA         599 048       
QSO:  3530 CW 2021-11-14 0616 OK1OA         599 ELI        DL0FTL        599 217       
QSO:  3530 CW 2021-11-14 0616 OK1OA         599 ELI        HA7SQ         599 089       
QSO:  3530 CW 2021-11-14 0617 OK1OA         599 ELI        SP4TKA        599 049       
QSO:  3530 CW 2021-11-14 0618 OK1OA         599 ELI        SP7BCA        599 137       
QSO:  3530 CW 2021-11-14 0618 OK1OA         599 ELI        PA5KT         599 049       
QSO:  3530 CW 2021-11-14 0619 OK1OA         599 ELI        E7/Z35M       599 091       
QSO:  3530 CW 2021-11-14 0619 OK1OA         599 ELI        OE6AKD        599 045       
QSO:  3530 CW 2021-11-14 0620 OK1OA         599 ELI        HA2E          599 235       
QSO:  3530 CW 2021-11-14 0620 OK1OA         599 ELI        YU7KW         599 187       
QSO:  3530 CW 2021-11-14 0620 OK1OA         599 ELI        HB9AYZ        599 039       
QSO:  3530 CW 2021-11-14 0623 OK1OA         599 ELI        F5FKY         599 005       
QSO:  3530 CW 2021-11-14 0625 OK1OA         599 ELI        SN6A          599 183       
QSO:  3530 CW 2021-11-14 0626 OK1OA         599 ELI        NO9E          599 089       
QSO:  3530 CW 2021-11-14 0627 OK1OA         599 ELI        HA6IAM        599 143       
QSO:  3530 CW 2021-11-14 0628 OK1OA         599 ELI        SP6MQO        599 042       
QSO:  3530 CW 2021-11-14 0629 OK1OA         599 ELI        SF5X          599 030       
QSO:  3530 CW 2021-11-14 0629 OK1OA         599 ELI        9A3MA         599 055       
QSO:  3530 CW 2021-11-14 0630 OK1OA         599 ELI        DL3CX         599 023       
QSO:  3530 CW 2021-11-14 0631 OK1OA         599 ELI        OZ1AAR        599 138       
QSO:  7015 CW 2021-11-14 0636 OK1OA         599 ELI        UR5MW         599 318       
QSO:  7015 CW 2021-11-14 0636 OK1OA         599 ELI        RL5A          599 402       
QSO:  7015 CW 2021-11-14 0637 OK1OA         599 ELI        ES4RD         599 148       
QSO:  7015 CW 2021-11-14 0637 OK1OA         599 ELI        R7AT          599 254       
QSO:  7015 CW 2021-11-14 0637 OK1OA         599 ELI        DL1CW         599 313       
QSO:  7015 CW 2021-11-14 0638 OK1OA         599 ELI        YO4GO         599 078       
QSO:  7015 CW 2021-11-14 0638 OK1OA         599 ELI        LY2J          599 377       
QSO:  7015 CW 2021-11-14 0638 OK1OA         599 ELI        9A1AA         599 130       
QSO:  7015 CW 2021-11-14 0639 OK1OA         599 ELI        F5IN          599 275       
QSO:  7015 CW 2021-11-14 0639 OK1OA         599 ELI        LZ3R          599 322       
QSO:  7015 CW 2021-11-14 0639 OK1OA         599 ELI        R3OR          599 195       
QSO:  7015 CW 2021-11-14 0640 OK1OA         599 ELI        RL4A          599 332       
QSO:  7015 CW 2021-11-14 0640 OK1OA         599 ELI        SP4TKR        599 162       
QSO:  7015 CW 2021-11-14 0641 OK1OA         599 ELI        LY5G          599 141       
QSO:  7015 CW 2021-11-14 0641 OK1OA         599 ELI        EW8G          599 115       
QSO:  7015 CW 2021-11-14 0641 OK1OA         599 ELI        OG5O          599 294       
QSO:  7015 CW 2021-11-14 0642 OK1OA         599 ELI        HA5JI         599 343       
QSO:  7015 CW 2021-11-14 0642 OK1OA         599 ELI        SN5J          599 403       
QSO:  7015 CW 2021-11-14 0643 OK1OA         599 ELI        9A1CFR        599 213       
QSO:  7015 CW 2021-11-14 0643 OK1OA         599 ELI        UA6HLN        599 090       
QSO:  7015 CW 2021-11-14 0643 OK1OA         599 ELI        NA8V          599 055       
QSO:  7015 CW 2021-11-14 0644 OK1OA         599 ELI        UA9W          599 258       
QSO:  7015 CW 2021-11-14 0644 OK1OA         599 ELI        LY2A          599 322       
QSO:  7015 CW 2021-11-14 0645 OK1OA         599 ELI        4O4T          599 181       
QSO:  7015 CW 2021-11-14 0645 OK1OA         599 ELI        F6DCQ         599 344       
QSO:  7015 CW 2021-11-14 0645 OK1OA         599 ELI        IC8FBU        599 051       
QSO:  7015 CW 2021-11-14 0646 OK1OA         599 ELI        PA3AAV        599 312       
QSO:  7015 CW 2021-11-14 0646 OK1OA         599 ELI        OH6BA         599 089       
QSO:  7015 CW 2021-11-14 0646 OK1OA         599 ELI        DL6RDE        599 109       
QSO:  7015 CW 2021-11-14 0647 OK1OA         599 ELI        F5IND         599 097       
QSO:  7015 CW 2021-11-14 0647 OK1OA         599 ELI        RN3S          599 074       
QSO:  7015 CW 2021-11-14 0648 OK1OA         599 ELI        LZ30AM        599 226       
QSO:  7015 CW 2021-11-14 0648 OK1OA         599 ELI        G4UZE         599 015       
QSO:  7015 CW 2021-11-14 0649 OK1OA         599 ELI        W8ZDT         599 020       
QSO:  7015 CW 2021-11-14 0649 OK1OA         599 ELI        LZ3QE         599 309       
QSO:  7015 CW 2021-11-14 0650 OK1OA         599 ELI        UY5ZZ         599 071       
QSO:  7015 CW 2021-11-14 0650 OK1OA         599 ELI        RK3P          599 173       
QSO:  7015 CW 2021-11-14 0651 OK1OA         599 ELI        SI0W          599 211       
QSO:  7015 CW 2021-11-14 0651 OK1OA         599 ELI        LY3CY         599 080       
QSO:  7015 CW 2021-11-14 0651 OK1OA         599 ELI        G3ZGC         599 112       
QSO:  7015 CW 2021-11-14 0652 OK1OA         599 ELI        UR7HN         599 080       
QSO:  7015 CW 2021-11-14 0652 OK1OA         599 ELI        RA3YDA        599 360       
QSO:  7015 CW 2021-11-14 0652 OK1OA         599 ELI        HG8X          599 143       
QSO:  7015 CW 2021-11-14 0653 OK1OA         599 ELI        UA3PP         599 038       
QSO:  7015 CW 2021-11-14 0654 OK1OA         599 ELI        IT9LKX        599 051       
QSO:  7015 CW 2021-11-14 0654 OK1OA         599 ELI        IN3FHE        599 105       
QSO:  7015 CW 2021-11-14 0654 OK1OA         599 ELI        RL4F          599 160       
QSO:  7015 CW 2021-11-14 0655 OK1OA         599 ELI        HG5D          599 110       
QSO:  7015 CW 2021-11-14 0656 OK1OA         599 ELI        SP1AEN        599 110       
QSO:  7015 CW 2021-11-14 0656 OK1OA         599 ELI        PA5KT         599 078       
QSO:  7015 CW 2021-11-14 0657 OK1OA         599 ELI        HA4FY         599 058       
QSO:  7015 CW 2021-11-14 0657 OK1OA         599 ELI        IK5OJB        599 001       
QSO:  7015 CW 2021-11-14 0658 OK1OA         599 ELI        DD2AW         599 071       
QSO:  7015 CW 2021-11-14 0658 OK1OA         599 ELI        F5PBM         599 026       
QSO:  7015 CW 2021-11-14 0658 OK1OA         599 ELI        DL9LM         599 042       
QSO:  7015 CW 2021-11-14 0659 OK1OA         599 ELI        LY4T          599 134       
QSO:  7015 CW 2021-11-14 0659 OK1OA         599 ELI        YO4AAC        599 084       
QSO:  7015 CW 2021-11-14 0700 OK1OA         599 ELI        DM2RN         599 119       
QSO:  7015 CW 2021-11-14 0700 OK1OA         599 ELI        PA3GCV        599 061       
QSO:  7015 CW 2021-11-14 0700 OK1OA         599 ELI        PE1EEC        599 017       
QSO:  7015 CW 2021-11-14 0701 OK1OA         599 ELI        9A3MA         599 085       
QSO:  7015 CW 2021-11-14 0701 OK1OA         599 ELI        PA3HCC        599 031       
QSO:  7015 CW 2021-11-14 0702 OK1OA         599 ELI        E7/Z35M       599 119       
QSO:  7015 CW 2021-11-14 0702 OK1OA         599 ELI        HB9BXE        599 275       
QSO:  7015 CW 2021-11-14 0703 OK1OA         599 ELI        LZ2CH         599 097       
QSO:  7015 CW 2021-11-14 0704 OK1OA         599 ELI        F8BCU         599 018       
QSO:  7015 CW 2021-11-14 0704 OK1OA         599 ELI        OZ1AAR        599 151       
QSO:  7015 CW 2021-11-14 0704 OK1OA         599 ELI        LY2CX         599 086       
QSO:  7015 CW 2021-11-14 0706 OK1OA         599 ELI        HF1K          599 299       
QSO:  7015 CW 2021-11-14 0706 OK1OA         599 ELI        IK3IUE        599 021       
QSO:  7015 CW 2021-11-14 0707 OK1OA         599 ELI        CT1ELZ        599 045       
QSO:  7015 CW 2021-11-14 0708 OK1OA         599 ELI        SE2T          599 039       
QSO:  7015 CW 2021-11-14 0709 OK1OA         599 ELI        EU6RO         599 104       
QSO:  7015 CW 2021-11-14 0709 OK1OA         599 ELI        YU3TA         599 201       
QSO:  7015 CW 2021-11-14 0709 OK1OA         599 ELI        ES5EP         599 192       
QSO:  7015 CW 2021-11-14 0709 OK1OA         599 ELI        IK1RQQ        599 075       
QSO:  7015 CW 2021-11-14 0710 OK1OA         599 ELI        OZ5UR         599 083       
QSO:  7015 CW 2021-11-14 0710 OK1OA         599 ELI        UT3NA         599 085       
QSO:  7015 CW 2021-11-14 0711 OK1OA         599 ELI        YO7LYM        599 010       
QSO:  7015 CW 2021-11-14 0712 OK1OA         599 ELI        IK2CZQ        599 074       
QSO:  7015 CW 2021-11-14 0712 OK1OA         599 ELI        DL8HK         599 214       
QSO:  7015 CW 2021-11-14 0713 OK1OA         599 ELI        UR5R          599 203       
QSO:  7015 CW 2021-11-14 0713 OK1OA         599 ELI        K6AR          599 075       
QSO:  7015 CW 2021-11-14 0714 OK1OA         599 ELI        DK3OI         599 046       
QSO:  7015 CW 2021-11-14 0715 OK1OA         599 ELI        LZ1MC         599 083       
QSO:  7015 CW 2021-11-14 0716 OK1OA         599 ELI        F5VHY         599 141       
QSO:  7015 CW 2021-11-14 0716 OK1OA         599 ELI        OE5TXF        599 362       
QSO: 14024 CW 2021-11-14 0719 OK1OA         599 ELI        UN9GD         599 075       
QSO: 14024 CW 2021-11-14 0719 OK1OA         599 ELI        UR7LY         599 148       
QSO: 14024 CW 2021-11-14 0720 OK1OA         599 ELI        UR5MW         599 348       
QSO: 14024 CW 2021-11-14 0720 OK1OA         599 ELI        R4LC          599 116       
QSO: 14024 CW 2021-11-14 0721 OK1OA         599 ELI        R3EG          599 174       
QSO: 14024 CW 2021-11-14 0721 OK1OA         599 ELI        RL4A          599 352       
QSO: 14024 CW 2021-11-14 0721 OK1OA         599 ELI        US7IY         599 311       
QSO: 14024 CW 2021-11-14 0721 OK1OA         599 ELI        SV1ENG        599 292       
QSO: 14024 CW 2021-11-14 0722 OK1OA         599 ELI        R7MW          599 113       
QSO: 14024 CW 2021-11-14 0722 OK1OA         599 ELI        RZ4AG         599 150       
QSO: 14024 CW 2021-11-14 0722 OK1OA         599 ELI        UA6LCJ        599 116       
QSO: 14024 CW 2021-11-14 0723 OK1OA         599 ELI        RL5A          599 429       
QSO: 14024 CW 2021-11-14 0723 OK1OA         599 ELI        SM2M          599 656       
QSO: 14024 CW 2021-11-14 0724 OK1OA         599 ELI        RX9CM         599 068       
QSO: 14024 CW 2021-11-14 0724 OK1OA         599 ELI        UG4A          599 240       
QSO: 14024 CW 2021-11-14 0724 OK1OA         599 ELI        R8OM          599 112       
QSO: 14024 CW 2021-11-14 0725 OK1OA         599 ELI        RT9A          599 588       
QSO: 14024 CW 2021-11-14 0725 OK1OA         599 ELI        R8XF          599 097       
QSO: 14024 CW 2021-11-14 0725 OK1OA         599 ELI        US3EO         599 335       
QSO: 14024 CW 2021-11-14 0726 OK1OA         599 ELI        UA3UAD        599 058       
QSO: 14024 CW 2021-11-14 0726 OK1OA         599 ELI        US8IM         599 067       
QSO: 14024 CW 2021-11-14 0726 OK1OA         599 ELI        RM7C          599 094       
QSO: 14024 CW 2021-11-14 0727 OK1OA         599 ELI        LZ2PS         599 069       
QSO: 14024 CW 2021-11-14 0727 OK1OA         599 ELI        RN4HAB        599 220       
QSO: 14024 CW 2021-11-14 0728 OK1OA         599 ELI        OF7KA         599 092       
QSO: 14024 CW 2021-11-14 0728 OK1OA         599 ELI        IT9ORA        599 027       
QSO: 14021 CW 2021-11-14 0816 OK1OA         599 ELI        R6DJM         599 475       
QSO: 14021 CW 2021-11-14 0816 OK1OA         599 ELI        RK3P          599 217       
QSO: 14021 CW 2021-11-14 0817 OK1OA         599 ELI        UT5C          599 064       
QSO: 14021 CW 2021-11-14 0817 OK1OA         599 ELI        RL4F          599 236       
QSO: 14021 CW 2021-11-14 0818 OK1OA         599 ELI        UA6YH         599 305       
QSO: 14021 CW 2021-11-14 0818 OK1OA         599 ELI        R2HM          599 137       
QSO: 14021 CW 2021-11-14 0819 OK1OA         599 ELI        GM4X          599 100       
QSO: 14021 CW 2021-11-14 0819 OK1OA         599 ELI        UA4QK         599 065       
QSO: 14021 CW 2021-11-14 0820 OK1OA         599 ELI        UR7MZ         599 383       
QSO: 14021 CW 2021-11-14 0820 OK1OA         599 ELI        OH2VZ         599 107       
QSO: 14021 CW 2021-11-14 0820 OK1OA         599 ELI        RA3FD         599 317       
QSO: 14021 CW 2021-11-14 0821 OK1OA         599 ELI        RA3DGH        599 054       
QSO: 14021 CW 2021-11-14 0821 OK1OA         599 ELI        R3VL          599 243       
QSO: 14021 CW 2021-11-14 0822 OK1OA         599 ELI        RN3S          599 104       
QSO: 14021 CW 2021-11-14 0823 OK1OA         599 ELI        EU8U          599 150       
QSO: 14021 CW 2021-11-14 0823 OK1OA         599 ELI        R5FQ          599 130       
QSO: 14021 CW 2021-11-14 0823 OK1OA         599 ELI        R7CT          599 335       
QSO: 14021 CW 2021-11-14 0824 OK1OA         599 ELI        UA6GO         599 241       
QSO: 14021 CW 2021-11-14 0824 OK1OA         599 ELI        RU1AC         599 409       
QSO: 14021 CW 2021-11-14 0825 OK1OA         599 ELI        UA6AA         599 278       
QSO: 14021 CW 2021-11-14 0826 OK1OA         599 ELI        US7IB         599 056       
QSO: 14021 CW 2021-11-14 0826 OK1OA         599 ELI        RK4HYT        599 273       
QSO: 14021 CW 2021-11-14 0827 OK1OA         599 ELI        G3RTU         599 019       
QSO: 14021 CW 2021-11-14 0827 OK1OA         599 ELI        DL9ZP         599 068       
QSO: 14021 CW 2021-11-14 0828 OK1OA         599 ELI        UT3QZ         599 078       
QSO: 14021 CW 2021-11-14 0828 OK1OA         599 ELI        R4AC          599 067       
QSO: 14021 CW 2021-11-14 0829 OK1OA         599 ELI        RA4CL         599 139       
QSO: 14021 CW 2021-11-14 0829 OK1OA         599 ELI        RX3Q          599 234       
QSO: 14021 CW 2021-11-14 0830 OK1OA         599 ELI        UF5A          599 161       
QSO: 14021 CW 2021-11-14 0830 OK1OA         599 ELI        R5AF          599 060       
QSO: 14021 CW 2021-11-14 0830 OK1OA         599 ELI        ES5EP         599 225       
QSO: 14021 CW 2021-11-14 0831 OK1OA         599 ELI        RT5Q          599 116       
QSO: 14021 CW 2021-11-14 0831 OK1OA         599 ELI        UA4PAQ        599 087       
QSO: 14021 CW 2021-11-14 0832 OK1OA         599 ELI        UY2IG         599 294       
QSO: 14021 CW 2021-11-14 0832 OK1OA         599 ELI        EW8OM         599 311       
QSO: 14021 CW 2021-11-14 0833 OK1OA         599 ELI        OG5O          599 324       
QSO: 14021 CW 2021-11-14 0833 OK1OA         599 ELI        UG5R          599 006       
QSO: 14021 CW 2021-11-14 0833 OK1OA         599 ELI        UT2UB         599 379       
QSO: 14021 CW 2021-11-14 0834 OK1OA         599 ELI        EB7A          599 169       
QSO: 14021 CW 2021-11-14 0834 OK1OA         599 ELI        RM4N          599 068       
QSO: 14021 CW 2021-11-14 0835 OK1OA         599 ELI        UR7VA         599 110       
QSO: 14021 CW 2021-11-14 0835 OK1OA         599 ELI        SV1AJO        599 196       
QSO: 14021 CW 2021-11-14 0836 OK1OA         599 ELI        RW0AJ         599 108       
QSO: 14021 CW 2021-11-14 0837 OK1OA         599 ELI        R7AT          599 281       
QSO: 14021 CW 2021-11-14 0837 OK1OA         599 ELI        US5EFU        599 212       
QSO: 14021 CW 2021-11-14 0838 OK1OA         599 ELI        F8DGF         599 060       
QSO: 14021 CW 2021-11-14 0840 OK1OA         599 ELI        F5IND         599 127       
QSO: 14021 CW 2021-11-14 0842 OK1OA         599 ELI        IZ8EFD        599 081       
QSO: 14021 CW 2021-11-14 0843 OK1OA         599 ELI        YO4GO         599 106       
QSO: 14021 CW 2021-11-14 0843 OK1OA         599 ELI        UT1IM         599 016       
QSO: 14021 CW 2021-11-14 0844 OK1OA         599 ELI        G4ETS         599 032       
QSO: 14021 CW 2021-11-14 0844 OK1OA         599 ELI        RW9TA         599 190       
QSO: 14021 CW 2021-11-14 0845 OK1OA         599 ELI        F5IN          599 324       
QSO: 14021 CW 2021-11-14 0845 OK1OA         599 ELI        UA1AJ         599 126       
QSO: 14021 CW 2021-11-14 0846 OK1OA         599 ELI        UA0DAR        599 044       
QSO: 14021 CW 2021-11-14 0846 OK1OA         599 ELI        UR4LIN        599 091       
QSO: 14021 CW 2021-11-14 0847 OK1OA         599 ELI        SN1T          599 408       
QSO: 14021 CW 2021-11-14 0848 OK1OA         599 ELI        SP2R          599 245       
QSO: 14021 CW 2021-11-14 0848 OK1OA         599 ELI        RU9TN         599 259       
QSO: 14021 CW 2021-11-14 0849 OK1OA         599 ELI        UN9LW         599 102       
QSO: 14021 CW 2021-11-14 0849 OK1OA         599 ELI        ZL3IO         599 042       
QSO: 14021 CW 2021-11-14 0850 OK1OA         599 ELI        RA3NC         599 297       
QSO: 14021 CW 2021-11-14 0850 OK1OA         599 ELI        UR4MF         599 140       
QSO: 14021 CW 2021-11-14 0851 OK1OA         599 ELI        LZ1DQ         599 108       
QSO: 14021 CW 2021-11-14 0852 OK1OA         599 ELI        RN4SC         599 039       
QSO: 14021 CW 2021-11-14 0852 OK1OA         599 ELI        RO9L          599 061       
QSO: 14021 CW 2021-11-14 0853 OK1OA         599 ELI        CT1ELZ        599 052       
QSO: 14021 CW 2021-11-14 0853 OK1OA         599 ELI        RD4F          599 151       
QSO: 21024 CW 2021-11-14 0855 OK1OA         599 ELI        R4IO          599 141       
QSO: 21024 CW 2021-11-14 0856 OK1OA         599 ELI        RL4A          599 394       
QSO: 21024 CW 2021-11-14 0856 OK1OA         599 ELI        R9LY          599 013       
QSO: 21024 CW 2021-11-14 0857 OK1OA         599 ELI        RN9RF         599 128       
QSO: 21024 CW 2021-11-14 0857 OK1OA         599 ELI        R4II          599 077       
QSO: 21024 CW 2021-11-14 0858 OK1OA         599 ELI        RV9CVA        599 110       
QSO: 21024 CW 2021-11-14 0859 OK1OA         599 ELI        RA9AP         599 110       
QSO: 21024 CW 2021-11-14 0859 OK1OA         599 ELI        UA9LDD        599 194       
QSO: 21024 CW 2021-11-14 0900 OK1OA         599 ELI        UA4S          599 341       
QSO: 21024 CW 2021-11-14 0900 OK1OA         599 ELI        RX9L          599 098       
QSO: 21024 CW 2021-11-14 0901 OK1OA         599 ELI        UA9W          599 301       
QSO: 21024 CW 2021-11-14 0901 OK1OA         599 ELI        RK9Q          599 197       
QSO: 21024 CW 2021-11-14 0903 OK1OA         599 ELI        UG4A          599 331       
QSO: 21024 CW 2021-11-14 0904 OK1OA         599 ELI        UA6GO         599 280       
QSO: 21024 CW 2021-11-14 0905 OK1OA         599 ELI        RT4O          599 092       
QSO: 21024 CW 2021-11-14 0905 OK1OA         599 ELI        RA3NC         599 308       
QSO: 21024 CW 2021-11-14 0906 OK1OA         599 ELI        UA9FGJ        599 086       
QSO: 21024 CW 2021-11-14 0907 OK1OA         599 ELI        R9QQ          599 041       
QSO: 21024 CW 2021-11-14 0907 OK1OA         599 ELI        EX8MJ         599 193       
QSO: 21024 CW 2021-11-14 0908 OK1OA         599 ELI        RM7C          599 107       
QSO: 21024 CW 2021-11-14 0908 OK1OA         599 ELI        UA9OQM        599 057       
QSO: 21024 CW 2021-11-14 0909 OK1OA         599 ELI        UA6YH         599 329       
QSO: 21024 CW 2021-11-14 0910 OK1OA         599 ELI        RK4HYT        599 285       
QSO: 21024 CW 2021-11-14 0910 OK1OA         599 ELI        R3VL          599 267       
QSO: 21024 CW 2021-11-14 0911 OK1OA         599 ELI        RN0A          599 006       
QSO: 21024 CW 2021-11-14 0911 OK1OA         599 ELI        UN7ID         599 099       
QSO: 21024 CW 2021-11-14 0911 OK1OA         599 ELI        RW9TA         599 193       
QSO: 21024 CW 2021-11-14 0913 OK1OA         599 ELI        R7AW          599 570       
QSO: 28024 CW 2021-11-14 0915 OK1OA         599 ELI        UA9LAO        599 043       
QSO:  7012 CW 2021-11-14 0917 OK1OA         599 ELI        G3VQO         599 006       
QSO:  7012 CW 2021-11-14 0918 OK1OA         599 ELI        DK2FG         599 250       
QSO:  7012 CW 2021-11-14 0918 OK1OA         599 ELI        HA8TP         599 126       
QSO:  7012 CW 2021-11-14 0918 OK1OA         599 ELI        9A3LG         599 099       
QSO:  7012 CW 2021-11-14 0919 OK1OA         599 ELI        HA7MF         599 325       
QSO:  7012 CW 2021-11-14 0919 OK1OA         599 ELI        SP3VT         599 113       
QSO:  7012 CW 2021-11-14 0920 OK1OA         599 ELI        SO3O          599 280       
QSO:  7012 CW 2021-11-14 0920 OK1OA         599 ELI        HA9RP         599 042       
QSO:  7012 CW 2021-11-14 0920 OK1OA         599 ELI        SD1A          599 169       
QSO:  7012 CW 2021-11-14 0921 OK1OA         599 ELI        SP5ES         599 025       
QSO:  7012 CW 2021-11-14 0921 OK1OA         599 ELI        IK4VET        599 029       
QSO:  7012 CW 2021-11-14 0922 OK1OA         599 ELI        PA3DZM        599 081       
QSO:  7012 CW 2021-11-14 0922 OK1OA         599 ELI        DM2DZM        599 180       
QSO:  7012 CW 2021-11-14 0923 OK1OA         599 ELI        GM4M          599 066       
QSO:  7012 CW 2021-11-14 0923 OK1OA         599 ELI        SP9ENV        599 256       
QSO:  7012 CW 2021-11-14 0924 OK1OA         599 ELI        OR5O          599 014       
QSO:  7012 CW 2021-11-14 0925 OK1OA         599 ELI        DL8WAA        599 177       
QSO:  7012 CW 2021-11-14 0925 OK1OA         599 ELI        DK5TX         599 182       
QSO:  7012 CW 2021-11-14 0925 OK1OA         599 ELI        S58WW         599 097       
QSO:  7012 CW 2021-11-14 0926 OK1OA         599 ELI        OE7TIR        599 053       
QSO:  7012 CW 2021-11-14 0926 OK1OA         599 ELI        SP2EPV        599 090       
QSO:  7012 CW 2021-11-14 0927 OK1OA         599 ELI        DL1AKP        599 153       
QSO:  7012 CW 2021-11-14 0927 OK1OA         599 ELI        IK1AYT        599 006       
QSO:  7012 CW 2021-11-14 0928 OK1OA         599 ELI        DG3T          599 087       
QSO:  7012 CW 2021-11-14 0928 OK1OA         599 ELI        IN3ZWF        599 032       
QSO:  7012 CW 2021-11-14 0928 OK1OA         599 ELI        R3ZZ          599 131       
QSO:  7012 CW 2021-11-14 0929 OK1OA         599 ELI        DK3CC         599 076       
QSO:  7012 CW 2021-11-14 0929 OK1OA         599 ELI        PA2TA         599 212       
QSO:  7012 CW 2021-11-14 0930 OK1OA         599 ELI        OZ7BQ         599 175       
QSO:  7012 CW 2021-11-14 0930 OK1OA         599 ELI        DF5EG         599 395       
QSO:  7012 CW 2021-11-14 0931 OK1OA         599 ELI        IZ5BBS        599 006       
QSO:  7012 CW 2021-11-14 0931 OK1OA         599 ELI        F5SGI         599 120       
QSO:  7012 CW 2021-11-14 0932 OK1OA         599 ELI        ON6FC         599 160       
QSO:  7012 CW 2021-11-14 0932 OK1OA         599 ELI        F5JU          599 105       
QSO:  7014 CW 2021-11-14 1007 OK1OA         599 ELI        F5UB          599 034       
QSO:  7014 CW 2021-11-14 1008 OK1OA         599 ELI        S52W          599 151       
QSO:  7014 CW 2021-11-14 1008 OK1OA         599 ELI        DL3RDM        599 070       
QSO:  7014 CW 2021-11-14 1009 OK1OA         599 ELI        DL6GCE        599 067       
QSO:  7014 CW 2021-11-14 1009 OK1OA         599 ELI        9A2EY         599 164       
QSO:  7014 CW 2021-11-14 1010 OK1OA         599 ELI        IZ7XIB        599 033       
QSO:  7014 CW 2021-11-14 1010 OK1OA         599 ELI        G0JOS         599 005       
QSO:  7014 CW 2021-11-14 1012 OK1OA         599 ELI        SM3OMO        599 013       
QSO:  7014 CW 2021-11-14 1012 OK1OA         599 ELI        HB9GZP        599 062       
QSO:  7014 CW 2021-11-14 1013 OK1OA         599 ELI        DJ0AJ         599 015       
QSO:  7014 CW 2021-11-14 1014 OK1OA         599 ELI        HA3FPI        599 007       
QSO:  7014 CW 2021-11-14 1015 OK1OA         599 ELI        S5030R        599 076       
QSO:  7014 CW 2021-11-14 1015 OK1OA         599 ELI        Z33B          599 122       
QSO:  7014 CW 2021-11-14 1016 OK1OA         599 ELI        PA2JWN        599 200       
QSO:  7014 CW 2021-11-14 1016 OK1OA         599 ELI        SQ9MZ         599 054       
QSO:  7014 CW 2021-11-14 1016 OK1OA         599 ELI        DG2FDD        599 014       
QSO:  7014 CW 2021-11-14 1018 OK1OA         599 ELI        OU2V          599 090       
QSO:  7014 CW 2021-11-14 1018 OK1OA         599 ELI        DL4DTL        599 124       
QSO:  7014 CW 2021-11-14 1018 OK1OA         599 ELI        S57KM         599 124       
QSO:  7014 CW 2021-11-14 1019 OK1OA         599 ELI        DF8AE         599 110       
QSO:  7014 CW 2021-11-14 1019 OK1OA         599 ELI        DL1ROT        599 185       
QSO:  7014 CW 2021-11-14 1019 OK1OA         599 ELI        OR3A          599 107       
QSO:  7014 CW 2021-11-14 1020 OK1OA         599 ELI        HG7T          599 166       
QSO:  7014 CW 2021-11-14 1020 OK1OA         599 ELI        DL4XU         599 059       
QSO:  7014 CW 2021-11-14 1021 OK1OA         599 ELI        DL9ZP         599 082       
QSO:  7014 CW 2021-11-14 1021 OK1OA         599 ELI        HB9FBG        599 011       
QSO:  7014 CW 2021-11-14 1022 OK1OA         599 ELI        I2RVW         599 015       
QSO:  7014 CW 2021-11-14 1023 OK1OA         599 ELI        DG0KS         599 092       
QSO:  7014 CW 2021-11-14 1023 OK1OA         599 ELI        SN7F          599 205       
QSO:  7014 CW 2021-11-14 1024 OK1OA         599 ELI        IZ3KMY/QRP    599 010       
QSO:  7014 CW 2021-11-14 1025 OK1OA         599 ELI        IW3ILM        599 073       
QSO:  7014 CW 2021-11-14 1026 OK1OA         599 ELI        UT2UB         599 419       
QSO:  7014 CW 2021-11-14 1028 OK1OA         599 ELI        DF7CP         599 087       
QSO:  7014 CW 2021-11-14 1028 OK1OA         599 ELI        G7PVZ         599 006       
QSO: 28025 CW 2021-11-14 1031 OK1OA         599 ELI        YD2UWF        599 038       
QSO: 21025 CW 2021-11-14 1033 OK1OA         599 ELI        RT9A          599 701       
QSO: 21025 CW 2021-11-14 1034 OK1OA         599 ELI        M0BEW         599 494       
QSO: 21025 CW 2021-11-14 1034 OK1OA         599 ELI        RL5A          599 518       
QSO: 21025 CW 2021-11-14 1035 OK1OA         599 ELI        R7MC          599 057       
QSO: 21025 CW 2021-11-14 1035 OK1OA         599 ELI        RK7X          599 370       
QSO: 21025 CW 2021-11-14 1035 OK1OA         599 ELI        YL7X          599 773       
QSO: 21025 CW 2021-11-14 1036 OK1OA         599 ELI        RV3DBK        599 089       
QSO: 21025 CW 2021-11-14 1036 OK1OA         599 ELI        UA9LAO        599 067       
QSO: 21025 CW 2021-11-14 1037 OK1OA         599 ELI        SM2M          599 748       
QSO: 21025 CW 2021-11-14 1038 OK1OA         599 ELI        RK3P          599 270       
QSO: 21025 CW 2021-11-14 1039 OK1OA         599 ELI        UN0C          599 035       
QSO: 21025 CW 2021-11-14 1039 OK1OA         599 ELI        CT7AGZ        599 140       
QSO: 21025 CW 2021-11-14 1040 OK1OA         599 ELI        RN3S          599 137       
QSO: 21025 CW 2021-11-14 1041 OK1OA         599 ELI        UX8IX         599 103       
QSO: 21025 CW 2021-11-14 1041 OK1OA         599 ELI        RL9L          599 050       
QSO: 21025 CW 2021-11-14 1042 OK1OA         599 ELI        IT9WDC        599 049       
QSO: 21025 CW 2021-11-14 1042 OK1OA         599 ELI        CT7AUP        599 067       
QSO: 21025 CW 2021-11-14 1042 OK1OA         599 ELI        RN4AO         599 112       
QSO: 21025 CW 2021-11-14 1043 OK1OA         599 ELI        DL6UHA        599 176       
QSO: 21025 CW 2021-11-14 1044 OK1OA         599 ELI        G0VWL         599 078       
QSO: 21025 CW 2021-11-14 1044 OK1OA         599 ELI        UN4L          599 460       
QSO: 21025 CW 2021-11-14 1044 OK1OA         599 ELI        4X1VF         599 099       
QSO: 21025 CW 2021-11-14 1045 OK1OA         599 ELI        RT2X          599 186       
QSO: 21025 CW 2021-11-14 1045 OK1OA         599 ELI        F5IN          599 359       
QSO: 21025 CW 2021-11-14 1046 OK1OA         599 ELI        EB7A          599 292       
QSO: 21025 CW 2021-11-14 1047 OK1OA         599 ELI        RA4CL         599 183       
QSO: 21025 CW 2021-11-14 1048 OK1OA         599 ELI        PY2BBQ        599 020       
QSO: 21025 CW 2021-11-14 1049 OK1OA         599 ELI        PA3AAV        599 393       
QSO: 21025 CW 2021-11-14 1049 OK1OA         599 ELI        R7CT          599 403       
QSO: 21025 CW 2021-11-14 1049 OK1OA         599 ELI        EA1CS         599 103       
QSO: 21025 CW 2021-11-14 1050 OK1OA         599 ELI        R7AT          599 337       
QSO: 21025 CW 2021-11-14 1050 OK1OA         599 ELI        RV3ZN         599 352       
QSO: 21025 CW 2021-11-14 1051 OK1OA         599 ELI        UR4MF         599 174       
QSO: 14019 CW 2021-11-14 1053 OK1OA         599 ELI        M0BEW         599 522       
QSO: 14019 CW 2021-11-14 1054 OK1OA         599 ELI        M1X           599 216       
QSO: 14019 CW 2021-11-14 1054 OK1OA         599 ELI        UA9CU         599 098       
QSO: 14019 CW 2021-11-14 1054 OK1OA         599 ELI        G7PVZ         599 008       
QSO: 14019 CW 2021-11-14 1055 OK1OA         599 ELI        RT4W          599 163       
QSO: 14019 CW 2021-11-14 1056 OK1OA         599 ELI        CT9/DL3KWR    599 018       
QSO: 14019 CW 2021-11-14 1057 OK1OA         599 ELI        UN4L          599 464       
QSO: 14019 CW 2021-11-14 1058 OK1OA         599 ELI        RM8Y          599 077       
QSO: 14019 CW 2021-11-14 1059 OK1OA         599 ELI        IK8UND        599 138       
QSO: 14019 CW 2021-11-14 1059 OK1OA         599 ELI        KC1XX         599 519       
QSO: 14019 CW 2021-11-14 1100 OK1OA         599 ELI        UN7CN         599 056       
QSO: 14019 CW 2021-11-14 1101 OK1OA         599 ELI        RW9AV         599 087       
QSO: 14019 CW 2021-11-14 1101 OK1OA         599 ELI        F8DFP         599 081       
QSO: 14019 CW 2021-11-14 1102 OK1OA         599 ELI        G3ZGC         599 123       
QSO: 14019 CW 2021-11-14 1102 OK1OA         599 ELI        RX3QNE        599 164       
QSO: 14019 CW 2021-11-14 1104 OK1OA         599 ELI        OR5O          599 047       
QSO: 14019 CW 2021-11-14 1104 OK1OA         599 ELI        UA3QGT        599 259       
QSO: 14019 CW 2021-11-14 1106 OK1OA         599 ELI        LY4T          599 292       
QSO: 14019 CW 2021-11-14 1107 OK1OA         599 ELI        NP2X          599 034       
QSO: 14019 CW 2021-11-14 1107 OK1OA         599 ELI        YO4SI         599 145       
QSO: 14019 CW 2021-11-14 1107 OK1OA         599 ELI        UA9XX         599 105       
QSO: 14019 CW 2021-11-14 1108 OK1OA         599 ELI        RK9Q          599 240       
QSO: 14019 CW 2021-11-14 1108 OK1OA         599 ELI        UP1G          599 049       
QSO: 14019 CW 2021-11-14 1110 OK1OA         599 ELI        HB9AMO        599 449       
QSO: 14019 CW 2021-11-14 1110 OK1OA         599 ELI        I2WIJ         599 238       
QSO: 14019 CW 2021-11-14 1111 OK1OA         599 ELI        LY2J          599 446       
QSO: 14019 CW 2021-11-14 1111 OK1OA         599 ELI        EW1TO         599 094       
QSO: 14019 CW 2021-11-14 1111 OK1OA         599 ELI        RC9A          599 299       
QSO: 14019 CW 2021-11-14 1112 OK1OA         599 ELI        RD0A          599 053       
QSO: 14019 CW 2021-11-14 1113 OK1OA         599 ELI        EA5ITT        599 088       
QSO: 14019 CW 2021-11-14 1113 OK1OA         599 ELI        UD8A          599 108       
QSO: 14019 CW 2021-11-14 1114 OK1OA         599 ELI        EA5IFY        599 006       
QSO: 14019 CW 2021-11-14 1115 OK1OA         599 ELI        RA3XCZ        599 081       
QSO: 14019 CW 2021-11-14 1115 OK1OA         599 ELI        EA2AZ         599 080       
QSO: 14019 CW 2021-11-14 1116 OK1OA         599 ELI        EA3FZT        599 202       
QSO: 14019 CW 2021-11-14 1116 OK1OA         599 ELI        R9LY          599 053       
QSO: 14019 CW 2021-11-14 1117 OK1OA         599 ELI        PA2JWN        599 227       
QSO: 14019 CW 2021-11-14 1118 OK1OA         599 ELI        R3CW          599 130       
QSO: 14019 CW 2021-11-14 1119 OK1OA         599 ELI        GM4UYZ        599 044       
QSO: 14019 CW 2021-11-14 1119 OK1OA         599 ELI        RT4O          599 197       
QSO: 14019 CW 2021-11-14 1120 OK1OA         599 ELI        OZ5UR         599 178       
QSO: 14019 CW 2021-11-14 1120 OK1OA         599 ELI        F5PHY         599 047       
QSO: 14019 CW 2021-11-14 1121 OK1OA         599 ELI        RA6L          599 082       
QSO: 14019 CW 2021-11-14 1121 OK1OA         599 ELI        UR3QX         599 141       
QSO: 14019 CW 2021-11-14 1122 OK1OA         599 ELI        G0UCH         599 002       
QSO: 14019 CW 2021-11-14 1123 OK1OA         599 ELI        SP2FAP        599 262       
QSO: 14019 CW 2021-11-14 1124 OK1OA         599 ELI        EA4Z          599 136       
QSO: 14019 CW 2021-11-14 1124 OK1OA         599 ELI        YO4AAC        599 134       
QSO: 21025 CW 2021-11-14 1126 OK1OA         599 ELI        UA3QGT        599 282       
QSO: 21025 CW 2021-11-14 1127 OK1OA         599 ELI        LY4T          599 303       
QSO: 21025 CW 2021-11-14 1128 OK1OA         599 ELI        4Z4DX         599 041       
QSO: 21025 CW 2021-11-14 1129 OK1OA         599 ELI        RU4SO         599 046       
QSO: 21025 CW 2021-11-14 1129 OK1OA         599 ELI        R6DJM         599 530       
QSO: 21025 CW 2021-11-14 1130 OK1OA         599 ELI        RL6MF         599 122       
QSO: 21025 CW 2021-11-14 1131 OK1OA         599 ELI        EI8KW         599 092       
QSO: 21025 CW 2021-11-14 1132 OK1OA         599 ELI        HK3Q          599 048       
QSO: 21025 CW 2021-11-14 1132 OK1OA         599 ELI        4X1ST         599 137       
QSO: 21025 CW 2021-11-14 1133 OK1OA         599 ELI        N4AF          599 374       
QSO: 21025 CW 2021-11-14 1133 OK1OA         599 ELI        KC1XX         599 540       
QSO:  7013 CW 2021-11-14 1137 OK1OA         599 ELI        HA8RJ         599 203       
QSO:  7013 CW 2021-11-14 1137 OK1OA         599 ELI        DL2AXM        599 037       
QSO:  7013 CW 2021-11-14 1137 OK1OA         599 ELI        SN5N          599 184       
QSO:  7013 CW 2021-11-14 1138 OK1OA         599 ELI        OE8SPW        599 023       
QSO:  7013 CW 2021-11-14 1138 OK1OA         599 ELI        SO4M          599 095       
QSO:  7013 CW 2021-11-14 1139 OK1OA         599 ELI        SV1NZB        599 156       
QSO:  7013 CW 2021-11-14 1139 OK1OA         599 ELI        DL1BZA        599 040       
QSO:  7013 CW 2021-11-14 1140 OK1OA         599 ELI        US7IY         599 408       
QSO:  7013 CW 2021-11-14 1140 OK1OA         599 ELI        IZ2OOS        599 033       
QSO:  7013 CW 2021-11-14 1140 OK1OA         599 ELI        PA0MIR        599 060       
QSO:  7013 CW 2021-11-14 1141 OK1OA         599 ELI        HA3HX         599 160       
QSO:  7013 CW 2021-11-14 1142 OK1OA         599 ELI        SP2KAC        599 133       
QSO:  7013 CW 2021-11-14 1143 OK1OA         599 ELI        UT3WX         599 057       
QSO:  7013 CW 2021-11-14 1144 OK1OA         599 ELI        PC1PM         599 124       
QSO:  7013 CW 2021-11-14 1144 OK1OA         599 ELI        OZ6PI         599 031       
QSO:  7013 CW 2021-11-14 1144 OK1OA         599 ELI        OE3KAB        599 166       
QSO:  7013 CW 2021-11-14 1145 OK1OA         599 ELI        PA0INA        599 016       
QSO:  7013 CW 2021-11-14 1145 OK1OA         599 ELI        DF8TY         599 026       
QSO:  7013 CW 2021-11-14 1145 OK1OA         599 ELI        S56C          599 122       
QSO:  7013 CW 2021-11-14 1146 OK1OA         599 ELI        DL2ANM        599 046       
QSO:  7013 CW 2021-11-14 1147 OK1OA         599 ELI        DC9RI         599 088       
QSO:  7013 CW 2021-11-14 1147 OK1OA         599 ELI        R7CT          599 414       
QSO:  7013 CW 2021-11-14 1148 OK1OA         599 ELI        UY2IG         599 373       
QSO:  7013 CW 2021-11-14 1149 OK1OA         599 ELI        DL7DZ         599 227       
QSO:  7013 CW 2021-11-14 1149 OK1OA         599 ELI        PG7R          599 143       
QSO:  7013 CW 2021-11-14 1150 OK1OA         599 ELI        SP7BCA        599 196       
QSO:  7013 CW 2021-11-14 1150 OK1OA         599 ELI        DL0FTL        599 263       
QSO:  7013 CW 2021-11-14 1151 OK1OA         599 ELI        PD7Q          599 001       
QSO:  7013 CW 2021-11-14 1151 OK1OA         599 ELI        ON4TTT        599 091       
QSO:  7013 CW 2021-11-14 1151 OK1OA         599 ELI        LY5AX         599 006       
QSO:  7013 CW 2021-11-14 1152 OK1OA         599 ELI        DH0GDS        599 065       
QSO:  7013 CW 2021-11-14 1153 OK1OA         599 ELI        GM4X          599 092       
END-OF-LOG:
