START-OF-LOG: 3.0
CREATED-BY: okomdx-downloader
CONTEST: OK-OM DX CW Contest 2021
CALLSIGN: R0AA
OPERATORS: R0AA
CATEGORY: SINGLE-OP ALL HIGH
CATEGORY-OPERATOR: SINGLE-OP
CATEGORY-BAND: ALL
CATEGORY-MODE: CW
CATEGORY-POWER: HIGH
CATEGORY-ASSISTED: NON-ASSISTED
CATEGORY-TRANSMITTER: ONE
CATEGORY-STATION: FIXED
QSO: 14016 CW 2021-11-13 1232 R0AA          599 1          OM7M          599 PAR       
QSO: 14013 CW 2021-11-13 1232 R0AA          599 2          OK1PI         599 FCR       
QSO: 14011 CW 2021-11-13 1233 R0AA          599 3          OL1X          599 CPE       
QSO: 14012 CW 2021-11-13 1237 R0AA          599 4          OK2D          599 HVS       
QSO: 14021 CW 2021-11-13 1239 R0AA          599 5          OK2QA         599 HPR       
QSO: 14021 CW 2021-11-13 1240 R0AA          599 6          OL9Z          599 HKA       
QSO: 14023 CW 2021-11-13 1242 R0AA          599 7          OK2CQR        599 BME       
QSO: 14026 CW 2021-11-13 1243 R0AA          599 8          OK2EA         599 HVS       
QSO: 14026 CW 2021-11-13 1244 R0AA          599 9          OM3RM         599 DST       
QSO: 14027 CW 2021-11-13 1244 R0AA          599 10         OK1MAW        599 FSV       
QSO: 14027 CW 2021-11-13 1245 R0AA          599 11         OK5Z          599 GTR       
QSO: 14034 CW 2021-11-13 1247 R0AA          599 12         OK1FIA        599 CJH       
QSO: 14024 CW 2021-11-13 1249 R0AA          599 13         OM2VL         599 DST       
QSO: 14032 CW 2021-11-13 1251 R0AA          599 14         OK2ABU        599 GZS       
QSO: 14046 CW 2021-11-13 1252 R0AA          599 15         OK5D          599 ETE       
QSO: 14019 CW 2021-11-13 1254 R0AA          599 16         OL0W          599 BBE       
QSO: 14019 CW 2021-11-13 1256 R0AA          599 17         OM8AA         599 POP       
QSO: 14040 CW 2021-11-13 1257 R0AA          599 18         OK2AF         599 GZS       
QSO: 14052 CW 2021-11-13 1258 R0AA          599 19         OM1II         599 TRN       
QSO: 14025 CW 2021-11-13 1259 R0AA          599 20         OM0R          599 LEV       
QSO: 14047 CW 2021-11-13 1300 R0AA          599 21         OM5KM         599 NIT       
QSO: 14024 CW 2021-11-13 1302 R0AA          599 22         OM7JG         599 VKR       
QSO: 14014 CW 2021-11-14 0629 R0AA          599 23         OM4EX         599 PRI       
QSO: 14017 CW 2021-11-14 0630 R0AA          599 24         OK2WA         599 HFM       
QSO: 14018 CW 2021-11-14 0631 R0AA          599 25         OK2VV         599 GBV       
QSO: 14021 CW 2021-11-14 0633 R0AA          599 26         OK1LL         599 BKO       
QSO: 14021 CW 2021-11-14 0633 R0AA          599 27         OM4Q          599 PBY       
QSO: 14023 CW 2021-11-14 0634 R0AA          599 28         OK6Y          599 GVY       
QSO: 14023 CW 2021-11-14 0635 R0AA          599 29         OK2ZV         599 GUH       
QSO: 14024 CW 2021-11-14 0635 R0AA          599 30         OL1C          599 ETE       
QSO: 14026 CW 2021-11-14 0637 R0AA          599 31         OM6RM         599 SEN       
QSO: 14027 CW 2021-11-14 0638 R0AA          599 32         OK2NO         599 HBR       
QSO: 14027 CW 2021-11-14 0638 R0AA          599 33         OL5A          599 HKA       
QSO: 14031 CW 2021-11-14 0639 R0AA          599 34         OK7T          599 ECL       
QSO: 14032 CW 2021-11-14 0640 R0AA          599 35         OK1DOL        599 DPS       
QSO: 14036 CW 2021-11-14 0640 R0AA          599 36         OK2MBP        599 HNJ       
QSO: 14037 CW 2021-11-14 0641 R0AA          599 37         OL2J          599 GJI       
QSO: 14041 CW 2021-11-14 0643 R0AA          599 38         OK2CMZ        599 HSU       
QSO: 14042 CW 2021-11-14 0644 R0AA          599 39         OL6A          599 APD       
QSO: 14046 CW 2021-11-14 0645 R0AA          599 40         OK1KQJ        599 DDO       
QSO: 14012 CW 2021-11-14 0647 R0AA          599 41         OK1DKR        599 APH       
QSO: 21012 CW 2021-11-14 0651 R0AA          599 42         OL5Y          599 BKO       
QSO: 21015 CW 2021-11-14 0651 R0AA          599 43         OM7M          599 PAR       
QSO: 21017 CW 2021-11-14 0653 R0AA          599 44         OK1PI         599 FCR       
QSO: 21017 CW 2021-11-14 0654 R0AA          599 45         OM3RM         599 DST       
QSO: 21017 CW 2021-11-14 0654 R0AA          599 46         OK1DO         599 DSO       
QSO: 21014 CW 2021-11-14 0656 R0AA          599 47         OK2AF         599 GZS       
QSO: 21022 CW 2021-11-14 0657 R0AA          599 48         OM7JG         599 VKR       
QSO: 21023 CW 2021-11-14 0658 R0AA          599 49         OM8DD         599 KEO       
QSO: 21024 CW 2021-11-14 0700 R0AA          599 50         OK1LL         599 BKO       
QSO: 21025 CW 2021-11-14 0700 R0AA          599 51         OK2LW         599 GBR       
QSO: 21012 CW 2021-11-14 0701 R0AA          599 52         OK1MBZ        599 FTR       
QSO: 21020 CW 2021-11-14 0703 R0AA          599 53         OK1HCD        599 CBU       
QSO: 21026 CW 2021-11-14 0704 R0AA          599 54         OK1CZ         599 APF       
END-OF-LOG:
