START-OF-LOG: 3.0
CREATED-BY: HMRA public 9A HRS HF Robot downloader
CONTEST: CROATIAN-CW
CALLSIGN: YT5L
OPERATORS: YT5L
CATEGORY: B6
CATEGORY-OPERATOR: MULTI-OP
CATEGORY-BAND: ALL
CATEGORY-MODE: CW
CLAIMED-SCORE: 53820
SOAPBOX: Recreated from 9A HRS HF Robot public QSO table for Croatian CW Contest 2014.
SOAPBOX: Public error-summary rows are ignored.
SOAPBOX: Source: https://www.hamradio.hr/hfrobot/hfcc_log.php?What=vloghtm&CID=2014-12-20&ID=YT5L
SOAPBOX: Source category label: B6 - MULTI-OP, ALL bands, ONE TX.
SOAPBOX: Published QSO count: 306.
QSO: 14000 CW 2014-12-20 1403 YT5L          599 0001       RO6A          599 0007 EU   
QSO: 14000 CW 2014-12-20 1404 YT5L          599 0002       RY6Y          599 0011 EU   
QSO: 14000 CW 2014-12-20 1404 YT5L          599 0003       R3QA          599 0007 EU   
QSO: 14000 CW 2014-12-20 1406 YT5L          599 0004       UP0L          599 0022 AS   
QSO: 14000 CW 2014-12-20 1408 YT5L          599 0005       F5VHY         599 0003 EU   
QSO: 14000 CW 2014-12-20 1408 YT5L          599 0006       UI5F          599 0008 EU   
QSO: 14000 CW 2014-12-20 1409 YT5L          599 0007       OK1JOC        599 0010 EU   
QSO: 14000 CW 2014-12-20 1409 YT5L          599 0008       RQ4C          599 0008 EU   
QSO: 14000 CW 2014-12-20 1417 YT5L          599 0009       IZ3ETC        599 0023 EU   
QSO: 14000 CW 2014-12-20 1419 YT5L          599 0010       DL3KWF        599 0019 EU   
QSO: 14000 CW 2014-12-20 1420 YT5L          599 0011       RA6CU         599 0015 EU   
QSO: 14000 CW 2014-12-20 1422 YT5L          599 0012       LY2AX         599 0013 EU   
QSO: 14000 CW 2014-12-20 1424 YT5L          599 0013       OE7GJ         599 0009 EU   
QSO: 14000 CW 2014-12-20 1424 YT5L          599 0014       R6AJ          599 0017 EU   
QSO: 14000 CW 2014-12-20 1425 YT5L          599 0015       UY5ZI         599 0018 EU   
QSO: 14000 CW 2014-12-20 1426 YT5L          599 0016       R9XS          599 0016 EU   
QSO: 14000 CW 2014-12-20 1426 YT5L          599 0017       F6AUS         599 0021 EU   
QSO: 14000 CW 2014-12-20 1429 YT5L          599 0018       OK7FL         599 0020 EU   
QSO: 14000 CW 2014-12-20 1431 YT5L          599 0019       RZ1OK         599 0014 EU   
QSO: 14000 CW 2014-12-20 1432 YT5L          599 0020       RM9RZ         599 0028 AS   
QSO: 14000 CW 2014-12-20 1433 YT5L          599 0021       US8IM         599 0021 EU   
QSO: 14000 CW 2014-12-20 1433 YT5L          599 0022       RT7T          599 0072 EU   
QSO: 14000 CW 2014-12-20 1434 YT5L          599 0023       R7HF          599 0035 EU   
QSO: 14000 CW 2014-12-20 1438 YT5L          599 0024       SN5N          599 0048 EU   
QSO: 14000 CW 2014-12-20 1439 YT5L          599 0025       RT9S          599 0064 AS   
QSO: 14000 CW 2014-12-20 1439 YT5L          599 0026       RX3AEX        599 0029 EU   
QSO: 14000 CW 2014-12-20 1440 YT5L          599 0027       LY3QA         599 0045 EU   
QSO: 14000 CW 2014-12-20 1441 YT5L          599 0028       LY2PX         599 0038 EU   
QSO: 14000 CW 2014-12-20 1442 YT5L          599 0029       R7MC          599 0051 EU   
QSO: 14000 CW 2014-12-20 1443 YT5L          599 0030       SM0Q          599 0049 EU   
QSO: 14000 CW 2014-12-20 1444 YT5L          599 0031       IT9CLN        599 0035 EU   
QSO: 14000 CW 2014-12-20 1445 YT5L          599 0032       SJ2W          599 0068 EU   
QSO: 14000 CW 2014-12-20 1448 YT5L          599 0033       R7AC          599 0020 EU   
QSO: 14000 CW 2014-12-20 1449 YT5L          599 0034       IW3ILM        599 0011 EU   
QSO: 14000 CW 2014-12-20 1450 YT5L          599 0035       EW6GF         599 0041 EU   
QSO: 14000 CW 2014-12-20 1450 YT5L          599 0036       RX9CC         599 0036 AS   
QSO: 07000 CW 2014-12-20 1457 YT5L          599 0037       YU2A          599 0074 EU   
QSO: 07000 CW 2014-12-20 1458 YT5L          599 0038       S52AW         599 0076 EU   
QSO: 07000 CW 2014-12-20 1459 YT5L          599 0039       LZ3Z          599 0039 EU   
QSO: 07000 CW 2014-12-20 1500 YT5L          599 0040       9A3VM         599 0088 EU   
QSO: 07000 CW 2014-12-20 1501 YT5L          599 0041       SP1DPA        599 0063 EU   
QSO: 07000 CW 2014-12-20 1502 YT5L          599 0042       YP5T          599 0063 EU   
QSO: 07000 CW 2014-12-20 1503 YT5L          599 0043       9A4WY         599 0051 EU   
QSO: 07000 CW 2014-12-20 1503 YT5L          599 0044       LY2ZX         599 0066 EU   
QSO: 07000 CW 2014-12-20 1504 YT5L          599 0045       9A3XV         599 0083 EU   
QSO: 07000 CW 2014-12-20 1505 YT5L          599 0046       EV6Z          599 0026 EU   
QSO: 07000 CW 2014-12-20 1505 YT5L          599 0047       YU1KT         599 0057 EU   
QSO: 07000 CW 2014-12-20 1507 YT5L          599 0048       R8TR          599 0098 AS   
QSO: 07000 CW 2014-12-20 1508 YT5L          599 0049       YL5X          599 0127 EU   
QSO: 07000 CW 2014-12-20 1509 YT5L          599 0050       YT4W          599 0100 EU   
QSO: 07000 CW 2014-12-20 1510 YT5L          599 0051       YU2V          599 0054 EU   
QSO: 07000 CW 2014-12-20 1514 YT5L          599 0052       4Z5KO         599 0079 AS   
QSO: 07000 CW 2014-12-20 1515 YT5L          599 0053       YU5T          599 0050 EU   
QSO: 07000 CW 2014-12-20 1516 YT5L          599 0054       LY2CX         599 0074 EU   
QSO: 07000 CW 2014-12-20 1518 YT5L          599 0055       9A3DF         599 0023 EU   
QSO: 07000 CW 2014-12-20 1519 YT5L          599 0056       UT8AS         599 0065 EU   
QSO: 07000 CW 2014-12-20 1519 YT5L          599 0057       YO5OSO        599 0082 EU   
QSO: 07000 CW 2014-12-20 1520 YT5L          599 0058       OM8VL         599 0034 EU   
QSO: 07000 CW 2014-12-20 1521 YT5L          599 0059       RX9AF         599 0081 AS   
QSO: 07000 CW 2014-12-20 1522 YT5L          599 0060       RZ3QM         599 0066 EU   
QSO: 07000 CW 2014-12-20 1522 YT5L          599 0061       UR3QM         599 0044 EU   
QSO: 07000 CW 2014-12-20 1523 YT5L          599 0062       OH3WW         599 0044 EU   
QSO: 07000 CW 2014-12-20 1524 YT5L          599 0063       YO9AGI        599 0037 EU   
QSO: 07000 CW 2014-12-20 1524 YT5L          599 0064       UT3IJ         599 0063 EU   
QSO: 07000 CW 2014-12-20 1526 YT5L          599 0065       R7HF          599 0091 EU   
QSO: 07000 CW 2014-12-20 1538 YT5L          599 0066       UX1VT         599 0094 EU   
QSO: 07000 CW 2014-12-20 1539 YT5L          599 0067       IZ8BRI        599 0019 EU   
QSO: 07000 CW 2014-12-20 1539 YT5L          599 0068       R7AB          599 0086 EU   
QSO: 07000 CW 2014-12-20 1542 YT5L          599 0069       9A8D          599 0085 EU   
QSO: 07000 CW 2014-12-20 1544 YT5L          599 0070       E79D          599 0084 EU   
QSO: 07000 CW 2014-12-20 1545 YT5L          599 0071       US2E          599 0103 EU   
QSO: 07000 CW 2014-12-20 1545 YT5L          599 0072       RF9C          599 0085 AS   
QSO: 07000 CW 2014-12-20 1546 YT5L          599 0073       RA6CZ         599 0102 EU   
QSO: 07000 CW 2014-12-20 1547 YT5L          599 0074       RA9Y          599 0092 AS   
QSO: 07000 CW 2014-12-20 1548 YT5L          599 0075       UY5VA         599 0095 EU   
QSO: 07000 CW 2014-12-20 1549 YT5L          599 0076       YO5AXF        599 0049 EU   
QSO: 07000 CW 2014-12-20 1549 YT5L          599 0077       UY5ZI         599 0069 EU   
QSO: 07000 CW 2014-12-20 1550 YT5L          599 0078       LZ2OQV/1      599 0011 EU   
QSO: 07000 CW 2014-12-20 1551 YT5L          599 0079       OK1JPO        599 0068 EU   
QSO: 07000 CW 2014-12-20 1552 YT5L          599 0080       LY4T          599 0035 EU   
QSO: 07000 CW 2014-12-20 1554 YT5L          599 0081       LZ1IKY        599 0065 EU   
QSO: 07000 CW 2014-12-20 1554 YT5L          599 0082       HA3MU         599 0057 EU   
QSO: 07000 CW 2014-12-20 1556 YT5L          599 0083       LZ3FM         599 0105 EU   
QSO: 07000 CW 2014-12-20 1558 YT5L          599 0084       OL1M          599 0061 EU   
QSO: 07000 CW 2014-12-20 1559 YT5L          599 0085       9A4WY         599 0108 EU   
QSO: 07000 CW 2014-12-20 1601 YT5L          599 0086       HA5CE         599 0073 EU   
QSO: 07000 CW 2014-12-20 1602 YT5L          599 0087       UT2G          599 0260 EU   
QSO: 07000 CW 2014-12-20 1604 YT5L          599 0088       OK2MBP        599 0090 EU   
QSO: 07000 CW 2014-12-20 1654 YT5L          599 0089       YQ6A          599 0180 EU   
QSO: 07000 CW 2014-12-20 1655 YT5L          599 0090       UI5F          599 0203 EU   
QSO: 07000 CW 2014-12-20 1658 YT5L          599 0091       R3QN          599 0083 EU   
QSO: 07000 CW 2014-12-20 1659 YT5L          599 0092       HF3T          599 0090 EU   
QSO: 07000 CW 2014-12-20 1659 YT5L          599 0093       RK1TWB        599 0208 EU   
QSO: 07000 CW 2014-12-20 1700 YT5L          599 0094       OK1HCG        599 0107 EU   
QSO: 07000 CW 2014-12-20 1700 YT5L          599 0095       OE3KAB        599 0138 EU   
QSO: 07000 CW 2014-12-20 1702 YT5L          599 0096       OK2QX         599 0067 EU   
QSO: 07000 CW 2014-12-20 1703 YT5L          599 0097       OK1JOC        599 0216 EU   
QSO: 07000 CW 2014-12-20 1704 YT5L          599 0098       DL1RNN        599 0019 EU   
QSO: 07000 CW 2014-12-20 1708 YT5L          599 0099       S58Q          599 0103 EU   
QSO: 07000 CW 2014-12-20 1709 YT5L          599 0100       SP2AEK        599 0061 EU   
QSO: 07000 CW 2014-12-20 1711 YT5L          599 0101       LY2J          599 0229 EU   
QSO: 07000 CW 2014-12-20 1712 YT5L          599 0102       DL1NKS        599 0130 EU   
QSO: 07000 CW 2014-12-20 1712 YT5L          599 0103       RM3N          599 0039 EU   
QSO: 07000 CW 2014-12-20 1713 YT5L          599 0104       RA7E          599 0115 EU   
QSO: 07000 CW 2014-12-20 1713 YT5L          599 0105       ES2BH         599 0035 EU   
QSO: 07000 CW 2014-12-20 1715 YT5L          599 0106       YO8SS         599 0183 EU   
QSO: 07000 CW 2014-12-20 1716 YT5L          599 0107       DL1RTS        599 0019 EU   
QSO: 07000 CW 2014-12-20 1718 YT5L          599 0108       IZ3ETC        599 0113 EU   
QSO: 07000 CW 2014-12-20 1719 YT5L          599 0109       S57Z          599 0136 EU   
QSO: 07000 CW 2014-12-20 1720 YT5L          599 0110       RL4A          599 0084 EU   
QSO: 07000 CW 2014-12-20 1721 YT5L          599 0111       LY2MM         599 0188 EU   
QSO: 07000 CW 2014-12-20 1722 YT5L          599 0112       S58D          599 0013 EU   
QSO: 07000 CW 2014-12-20 1724 YT5L          599 0113       SN5N          599 0275 EU   
QSO: 07000 CW 2014-12-20 1726 YT5L          599 0114       OM5WW         599 0073 EU   
QSO: 07000 CW 2014-12-20 1727 YT5L          599 0115       RY6Y          599 0339 EU   
QSO: 07000 CW 2014-12-20 1752 YT5L          599 0116       EW8OF         599 0088 EU   
QSO: 03500 CW 2014-12-20 1757 YT5L          599 0117       LY7M          599 0169 EU   
QSO: 03500 CW 2014-12-20 1758 YT5L          599 0118       E74A          599 0231 EU   
QSO: 03500 CW 2014-12-20 1758 YT5L          599 0119       HA2ERO        599 0184 EU   
QSO: 03500 CW 2014-12-20 1759 YT5L          599 0120       9A7R          599 0050 EU   
QSO: 03500 CW 2014-12-20 1803 YT5L          599 0121       SN6A          599 0077 EU   
QSO: 03500 CW 2014-12-20 1804 YT5L          599 0122       SO4R          599 0030 EU   
QSO: 03500 CW 2014-12-20 1805 YT5L          599 0123       LZ1QZ         599 0076 EU   
QSO: 03500 CW 2014-12-20 1807 YT5L          599 0124       HA6NW         599 0212 EU   
QSO: 03500 CW 2014-12-20 1808 YT5L          599 0125       LZ5VV         599 0068 EU   
QSO: 03500 CW 2014-12-20 1808 YT5L          599 0126       HA1AG         599 0031 EU   
QSO: 03500 CW 2014-12-20 1810 YT5L          599 0127       9A4R          599 0039 EU   
QSO: 03500 CW 2014-12-20 1812 YT5L          599 0128       9A7T          599 0451 EU   
QSO: 03500 CW 2014-12-20 1813 YT5L          599 0129       OK7FL         599 0109 EU   
QSO: 03500 CW 2014-12-20 1815 YT5L          599 0130       RA6CZ         599 0101 EU   
QSO: 03500 CW 2014-12-20 1816 YT5L          599 0131       OE3KAB        599 0226 EU   
QSO: 03500 CW 2014-12-20 1816 YT5L          599 0132       YU0U          599 0120 EU   
QSO: 03500 CW 2014-12-20 1818 YT5L          599 0133       HA5UA         599 0013 EU   
QSO: 03500 CW 2014-12-20 1818 YT5L          599 0134       RL4A          599 0148 EU   
QSO: 03500 CW 2014-12-20 1820 YT5L          599 0135       9A2AJ         599 0154 EU   
QSO: 03500 CW 2014-12-20 1821 YT5L          599 0136       S50P          599 0273 EU   
QSO: 03500 CW 2014-12-20 1822 YT5L          599 0137       YO5DAS        599 0045 EU   
QSO: 03500 CW 2014-12-20 1823 YT5L          599 0138       SP9DUX        599 0145 EU   
QSO: 03500 CW 2014-12-20 1825 YT5L          599 0139       HA8GY         599 0041 EU   
QSO: 03500 CW 2014-12-20 1826 YT5L          599 0140       LZ2FM         599 0021 EU   
QSO: 03500 CW 2014-12-20 1826 YT5L          599 0141       YU1FG         599 0044 EU   
QSO: 03500 CW 2014-12-20 1826 YT5L          599 0142       EW8EW         599 0168 EU   
QSO: 03500 CW 2014-12-20 1827 YT5L          599 0143       LY2J          599 0310 EU   
QSO: 03500 CW 2014-12-20 1829 YT5L          599 0144       DL1NKS        599 0165 EU   
QSO: 03500 CW 2014-12-20 1829 YT5L          599 0145       HA7LW         599 0149 EU   
QSO: 03500 CW 2014-12-20 1830 YT5L          599 0146       SJ2W          599 0456 EU   
QSO: 03500 CW 2014-12-20 2205 YT5L          599 0147       9A1E          599 0324 EU   
QSO: 03500 CW 2014-12-20 2206 YT5L          599 0148       9A3MR         599 0270 EU   
QSO: 03500 CW 2014-12-20 2208 YT5L          599 0149       9A3SM         599 0094 EU   
QSO: 03500 CW 2014-12-20 2209 YT5L          599 0150       9A1CZG        599 0350 EU   
QSO: 03500 CW 2014-12-20 2226 YT5L          599 0151       LZ4A          599 0289 EU   
QSO: 03500 CW 2014-12-20 2227 YT5L          599 0152       YR1A          599 0678 EU   
QSO: 03500 CW 2014-12-20 2227 YT5L          599 0153       UT2G          599 0771 EU   
QSO: 03500 CW 2014-12-20 2230 YT5L          599 0154       F5NBX         599 0218 EU   
QSO: 03500 CW 2014-12-20 2231 YT5L          599 0155       OM3RM         599 0508 EU   
QSO: 03500 CW 2014-12-20 2232 YT5L          599 0156       YU1ED         599 0179 EU   
QSO: 03500 CW 2014-12-20 2233 YT5L          599 0157       S57C          599 0299 EU   
QSO: 03500 CW 2014-12-20 2235 YT5L          599 0158       9A4J          599 0472 EU   
QSO: 03500 CW 2014-12-20 2236 YT5L          599 0159       S53M          599 0698 EU   
QSO: 03500 CW 2014-12-20 2238 YT5L          599 0160       IV3UHL        599 0012 EU   
QSO: 03500 CW 2014-12-20 2240 YT5L          599 0161       HG1G          599 0603 EU   
QSO: 03500 CW 2014-12-20 2241 YT5L          599 0162       9A3B          599 0446 EU   
QSO: 03500 CW 2014-12-20 2245 YT5L          599 0163       SV1JG         599 0188 EU   
QSO: 03500 CW 2014-12-20 2247 YT5L          599 0164       S57KM         599 0224 EU   
QSO: 03500 CW 2014-12-20 2247 YT5L          599 0165       YT2AAA        599 0377 EU   
QSO: 03500 CW 2014-12-20 2248 YT5L          599 0166       LY2BKT        599 0337 EU   
QSO: 03500 CW 2014-12-20 2249 YT5L          599 0167       9A5K          599 0808 EU   
QSO: 03500 CW 2014-12-20 2251 YT5L          599 0168       9A3XM         599 0196 EU   
QSO: 03500 CW 2014-12-20 2254 YT5L          599 0169       DQ6Q          599 0291 EU   
QSO: 03500 CW 2014-12-20 2255 YT5L          599 0170       YU6DX         599 0118 EU   
QSO: 03500 CW 2014-12-20 2256 YT5L          599 0171       YO8DOH        599 0158 EU   
QSO: 03500 CW 2014-12-20 2300 YT5L          599 0172       9A7V          599 1037 EU   
QSO: 03500 CW 2014-12-20 2300 YT5L          599 0173       LY2TS         599 0330 EU   
QSO: 03500 CW 2014-12-20 2302 YT5L          599 0174       YU1KT         599 0291 EU   
QSO: 03500 CW 2014-12-20 2303 YT5L          599 0175       HG3M          599 0360 EU   
QSO: 03500 CW 2014-12-20 2303 YT5L          599 0176       SP1MHZ        599 0210 EU   
QSO: 03500 CW 2014-12-20 2304 YT5L          599 0177       OK2MBP        599 0355 EU   
QSO: 03500 CW 2014-12-20 2304 YT5L          599 0178       US7WW         599 0221 EU   
QSO: 03500 CW 2014-12-20 2305 YT5L          599 0179       DF2GH         599 0036 EU   
QSO: 03500 CW 2014-12-20 2305 YT5L          599 0180       YU1AHW        599 0177 EU   
QSO: 03500 CW 2014-12-20 2306 YT5L          599 0181       HA6NL         599 0415 EU   
QSO: 03500 CW 2014-12-20 2308 YT5L          599 0182       RD3AT         599 0404 EU   
QSO: 03500 CW 2014-12-20 2308 YT5L          599 0183       E70A          599 0088 EU   
QSO: 03500 CW 2014-12-20 2309 YT5L          599 0184       LZ7H          599 0150 EU   
QSO: 03500 CW 2014-12-20 2309 YT5L          599 0185       UA5A          599 0692 EU   
QSO: 03500 CW 2014-12-20 2333 YT5L          599 0186       YU5C          599 0117 EU   
QSO: 03500 CW 2014-12-20 2336 YT5L          599 0187       HG7T          599 0787 EU   
QSO: 03500 CW 2014-12-20 2336 YT5L          599 0188       HA6OA         599 0353 EU   
QSO: 03500 CW 2014-12-20 2337 YT5L          599 0189       RK1TWB        599 0548 EU   
QSO: 03500 CW 2014-12-20 2339 YT5L          599 0190       YT5TAS        599 0111 EU   
QSO: 03500 CW 2014-12-20 2340 YT5L          599 0191       E73QI         599 0109 EU   
QSO: 03500 CW 2014-12-20 2342 YT5L          599 0192       OK2SGW        599 0277 EU   
QSO: 03500 CW 2014-12-20 2343 YT5L          599 0193       OK2EC         599 0331 EU   
QSO: 03500 CW 2014-12-20 2344 YT5L          599 0194       YO3GNF        599 0086 EU   
QSO: 03500 CW 2014-12-20 2347 YT5L          599 0195       SP6LV         599 0065 EU   
QSO: 03500 CW 2014-12-20 2348 YT5L          599 0196       UA4CCG        599 0282 EU   
QSO: 03500 CW 2014-12-20 2349 YT5L          599 0197       S57MA         599 0263 EU   
QSO: 03500 CW 2014-12-20 2349 YT5L          599 0198       US1VM         599 0175 EU   
QSO: 03500 CW 2014-12-20 2352 YT5L          599 0199       HG140JLO      599 0136 EU   
QSO: 03500 CW 2014-12-20 2353 YT5L          599 0200       9A8D          599 0326 EU   
QSO: 03500 CW 2014-12-20 2354 YT5L          599 0201       9A4QV         599 0389 EU   
QSO: 03500 CW 2014-12-21 0039 YT5L          599 0202       RG5A          599 0096 EU   
QSO: 03500 CW 2014-12-21 0040 YT5L          599 0203       UA4PN         599 0317 EU   
QSO: 03500 CW 2014-12-21 0041 YT5L          599 0204       EW8DX         599 0360 EU   
QSO: 14000 CW 2014-12-21 0920 YT5L          599 0205       9A8M          599 0560 EU   
QSO: 14000 CW 2014-12-21 0922 YT5L          599 0206       LA7GIA        599 0043 EU   
QSO: 14000 CW 2014-12-21 0925 YT5L          599 0207       HB9CPS        599 0109 EU   
QSO: 14000 CW 2014-12-21 0926 YT5L          599 0208       S57DX         599 0187 EU   
QSO: 14000 CW 2014-12-21 0927 YT5L          599 0209       UR5GAW        599 0241 EU   
QSO: 14000 CW 2014-12-21 0930 YT5L          599 0210       9A2X          599 0346 EU   
QSO: 14000 CW 2014-12-21 0931 YT5L          599 0211       UA1AFT        599 0389 EU   
QSO: 14000 CW 2014-12-21 0931 YT5L          599 0212       DL3KVR        599 0499 EU   
QSO: 14000 CW 2014-12-21 0932 YT5L          599 0213       OM8LA         599 0286 EU   
QSO: 14000 CW 2014-12-21 0933 YT5L          599 0214       9A8D          599 0580 EU   
QSO: 14000 CW 2014-12-21 0935 YT5L          599 0215       RX3AP         599 0097 EU   
QSO: 14000 CW 2014-12-21 0936 YT5L          599 0216       F5VBT         599 0209 EU   
QSO: 14000 CW 2014-12-21 0939 YT5L          599 0217       9A5M          599 0567 EU   
QSO: 14000 CW 2014-12-21 0941 YT5L          599 0218       9A4J          599 0916 EU   
QSO: 14000 CW 2014-12-21 0942 YT5L          599 0219       9A5K          599 1456 EU   
QSO: 14000 CW 2014-12-21 0948 YT5L          599 0220       DL2NBY        599 0207 EU   
QSO: 14000 CW 2014-12-21 0948 YT5L          599 0221       S52AU         599 0149 EU   
QSO: 14000 CW 2014-12-21 0950 YT5L          599 0222       RK9QWM        599 0289 AS   
QSO: 14000 CW 2014-12-21 0952 YT5L          599 0223       DK40ECH       599 0302 EU   
QSO: 14000 CW 2014-12-21 0953 YT5L          599 0224       HA5ZG         599 0084 EU   
QSO: 14000 CW 2014-12-21 0954 YT5L          599 0225       HA6NW         599 0489 EU   
QSO: 14000 CW 2014-12-21 0955 YT5L          599 0226       IK6BAK        599 0135 EU   
QSO: 14000 CW 2014-12-21 0955 YT5L          599 0227       EW6EW         599 0054 EU   
QSO: 14000 CW 2014-12-21 0956 YT5L          599 0228       YO4AR         599 0144 EU   
QSO: 14000 CW 2014-12-21 0957 YT5L          599 0229       YT3X          599 0506 EU   
QSO: 14000 CW 2014-12-21 0958 YT5L          599 0230       R4SO          599 0323 EU   
QSO: 14000 CW 2014-12-21 0958 YT5L          599 0231       YR1A          599 1368 EU   
QSO: 14000 CW 2014-12-21 0959 YT5L          599 0232       UX4UA         599 0094 EU   
QSO: 14000 CW 2014-12-21 1000 YT5L          599 0233       RX7T          599 0268 EU   
QSO: 14000 CW 2014-12-21 1002 YT5L          599 0234       LY2SA         599 0055 EU   
QSO: 14000 CW 2014-12-21 1003 YT5L          599 0235       UW5RG         599 0330 EU   
QSO: 14000 CW 2014-12-21 1003 YT5L          599 0236       9A7V          599 1791 EU   
QSO: 14000 CW 2014-12-21 1004 YT5L          599 0237       OM5WW         599 0391 EU   
QSO: 14000 CW 2014-12-21 1005 YT5L          599 0238       M0BKB         599 0186 EU   
QSO: 14000 CW 2014-12-21 1008 YT5L          599 0239       IZ3SQW        599 0107 EU   
QSO: 14000 CW 2014-12-21 1009 YT5L          599 0240       OK2EC         599 0514 EU   
QSO: 14000 CW 2014-12-21 1053 YT5L          599 0241       RU4AA         599 0159 EU   
QSO: 07000 CW 2014-12-21 1103 YT5L          599 0242       9A6A          599 0049 EU   
QSO: 07000 CW 2014-12-21 1107 YT5L          599 0243       YT5N          599 0239 EU   
QSO: 07000 CW 2014-12-21 1108 YT5L          599 0244       E70A          599 0209 EU   
QSO: 07000 CW 2014-12-21 1108 YT5L          599 0245       9A2HI         599 0080 EU   
QSO: 07000 CW 2014-12-21 1111 YT5L          599 0246       LZ1ND         599 0601 EU   
QSO: 07000 CW 2014-12-21 1114 YT5L          599 0247       9A4QV         599 0498 EU   
QSO: 14000 CW 2014-12-21 1120 YT5L          599 0248       F8DGY         599 0376 EU   
QSO: 14000 CW 2014-12-21 1122 YT5L          599 0249       UA9CTT        599 0477 AS   
QSO: 14000 CW 2014-12-21 1123 YT5L          599 0250       DJ9SN         599 0251 EU   
QSO: 14000 CW 2014-12-21 1125 YT5L          599 0251       DL6YAO        599 0300 EU   
QSO: 14000 CW 2014-12-21 1125 YT5L          599 0252       DL5YM         599 0029 EU   
QSO: 14000 CW 2014-12-21 1127 YT5L          599 0253       IT9RBW        599 0196 EU   
QSO: 14000 CW 2014-12-21 1128 YT5L          599 0254       UC7A          599 0094 EU   
QSO: 14000 CW 2014-12-21 1128 YT5L          599 0255       UT2G          599 1425 EU   
QSO: 14000 CW 2014-12-21 1130 YT5L          599 0256       UR7VA         599 0226 EU   
QSO: 14000 CW 2014-12-21 1133 YT5L          599 0257       LY4T          599 0299 EU   
QSO: 14000 CW 2014-12-21 1135 YT5L          599 0258       LY2NK         599 0464 EU   
QSO: 14000 CW 2014-12-21 1136 YT5L          599 0259       LY2TS         599 0584 EU   
QSO: 14000 CW 2014-12-21 1140 YT5L          599 0260       RT3D          599 0214 EU   
QSO: 14000 CW 2014-12-21 1141 YT5L          599 0261       R2OM          599 0394 EU   
QSO: 14000 CW 2014-12-21 1145 YT5L          599 0262       RW3WR         599 0286 EU   
QSO: 14000 CW 2014-12-21 1147 YT5L          599 0263       SI5Y          599 0255 EU   
QSO: 14000 CW 2014-12-21 1147 YT5L          599 0264       RT4W          599 0637 EU   
QSO: 14000 CW 2014-12-21 1148 YT5L          599 0265       RU4SO         599 0698 EU   
QSO: 14000 CW 2014-12-21 1148 YT5L          599 0266       YL2BJ         599 0464 EU   
QSO: 14000 CW 2014-12-21 1149 YT5L          599 0267       OK5MM         599 0118 EU   
QSO: 14000 CW 2014-12-21 1150 YT5L          599 0268       RG3B          599 0089 EU   
QSO: 14000 CW 2014-12-21 1151 YT5L          599 0269       LY3CY         599 0195 EU   
QSO: 14000 CW 2014-12-21 1156 YT5L          599 0270       OH2LNH        599 0110 EU   
QSO: 14000 CW 2014-12-21 1157 YT5L          599 0271       R9YP          599 0326 AS   
QSO: 14000 CW 2014-12-21 1158 YT5L          599 0272       DK3WM         599 0227 EU   
QSO: 14000 CW 2014-12-21 1200 YT5L          599 0273       7Z1HL         599 0470 AS   
QSO: 14000 CW 2014-12-21 1202 YT5L          599 0274       RA6CZ         599 0663 EU   
QSO: 14000 CW 2014-12-21 1202 YT5L          599 0275       DJ5QV         599 0303 EU   
QSO: 14000 CW 2014-12-21 1204 YT5L          599 0276       IT9NVA        599 0075 EU   
QSO: 14000 CW 2014-12-21 1206 YT5L          599 0277       UX7QD         599 0124 EU   
QSO: 14000 CW 2014-12-21 1207 YT5L          599 0278       RT8O          599 0530 AS   
QSO: 07000 CW 2014-12-21 1213 YT5L          599 0279       YO5OHO        599 0446 EU   
QSO: 07000 CW 2014-12-21 1213 YT5L          599 0280       9A6C          599 0303 EU   
QSO: 07000 CW 2014-12-21 1218 YT5L          599 0281       YU1AST        599 0182 EU   
QSO: 07000 CW 2014-12-21 1220 YT5L          599 0282       OK2EC         599 0594 EU   
QSO: 07000 CW 2014-12-21 1256 YT5L          599 0283       E74UB         599 0091 EU   
QSO: 14000 CW 2014-12-21 1301 YT5L          599 0284       S57KW         599 0444 EU   
QSO: 14000 CW 2014-12-21 1303 YT5L          599 0285       DL2ZBO        599 0107 EU   
QSO: 14000 CW 2014-12-21 1303 YT5L          599 0286       OK1HCG        599 0483 EU   
QSO: 14000 CW 2014-12-21 1304 YT5L          599 0287       UR5VR         599 0209 EU   
QSO: 14000 CW 2014-12-21 1306 YT5L          599 0288       YQ6A          599 0956 EU   
QSO: 14000 CW 2014-12-21 1306 YT5L          599 0289       DK6SP         599 0049 EU   
QSO: 14000 CW 2014-12-21 1307 YT5L          599 0290       RC9J          599 0629 AS   
QSO: 14000 CW 2014-12-21 1309 YT5L          599 0291       SP3A          599 0071 EU   
QSO: 14000 CW 2014-12-21 1314 YT5L          599 0292       OK2MBP        599 0766 EU   
QSO: 14000 CW 2014-12-21 1316 YT5L          599 0293       R9AX          599 0577 AS   
QSO: 14000 CW 2014-12-21 1322 YT5L          599 0294       IZ3EIN        599 0080 EU   
QSO: 14000 CW 2014-12-21 1323 YT5L          599 0295       S50P          599 1060 EU   
QSO: 14000 CW 2014-12-21 1324 YT5L          599 0296       UR7GM         599 0348 EU   
QSO: 14000 CW 2014-12-21 1325 YT5L          599 0297       US3IZ         599 0170 EU   
QSO: 14000 CW 2014-12-21 1326 YT5L          599 0298       R3OM          599 0541 EU   
QSO: 14000 CW 2014-12-21 1328 YT5L          599 0299       OK8EYJ/QRP    599 0199 EU   
QSO: 14000 CW 2014-12-21 1331 YT5L          599 0300       IK3QAR        599 0099 EU   
QSO: 14000 CW 2014-12-21 1332 YT5L          599 0301       DL9LM         599 0201 EU   
QSO: 14000 CW 2014-12-21 1346 YT5L          599 0302       EW8OM         599 0506 EU   
QSO: 14000 CW 2014-12-21 1348 YT5L          599 0303       DQ6Q          599 0694 EU   
QSO: 14000 CW 2014-12-21 1351 YT5L          599 0304       DL3KWR        599 0192 EU   
QSO: 14000 CW 2014-12-21 1354 YT5L          599 0305       RZ9AN         599 0258 AS   
QSO: 14000 CW 2014-12-21 1357 YT5L          599 0306       S56A          599 0393 EU   
END-OF-LOG:
