START-OF-LOG: 3.0
CREATED-BY: vhfmanager-downloader
CONTEST: IARU September Test Contest - Unofficial results - VHFManager
CALLSIGN: F1CML
CATEGORY: 145 MHz - Generated log
CATEGORY-OPERATOR: SINGLE-OP
CATEGORY-ASSISTED: NON-ASSISTED
CATEGORY-TRANSMITTER: ONE
CATEGORY-STATION: FIXED
QSO: 144300 PH 2016-09-03 1526 F1CML         1   JN07WE JN07WE F1CML         SSB F5KHP 59  
QSO: 144300 PH 2016-09-03 1528 F1CML         2   JN07WE JN07WE F1CML         SSB F8KKV/P 59
QSO: 144300 PH 2016-09-03 1623 F1CML         3   JN07WE JN07WE F1CML         SSB F1MKC/P 59
QSO: 144300 PH 2016-09-03 1732 F1CML         4   JN07WE JN07WE F1CML         SSB F4CWN 59  
QSO: 144300 PH 2016-09-04 0715 F1CML         5   JN07WE JN07WE F1CML         SSB F6GPT 59  
QSO: 144300 PH 2016-09-04 0951 F1CML         5   JN07WE JN07WE F1CML         SSB DF0AP 55  
QSO: 144300 PH 2016-09-04 0816 F1CML         6   JN07WE JN07WE F1CML         SSB F4EEJ/P 59
QSO: 144300 PH 2016-09-04 0912 F1CML         8   JN07WE JN07WE F1CML         SSB EB1EB 59  
QSO: 144300 PH 2016-09-04 0927 F1CML         9   JN07WE JN07WE F1CML         SSB F8KGH 59  
QSO: 144300 PH 2016-09-04 0938 F1CML         10  JN07WE JN07WE F1CML         SSB F4GLD/P 59
QSO: 144300 PH 2016-09-04 0940 F1CML         11  JN07WE JN07WE F1CML         SSB F6APE 59  
END-OF-LOG:
