START-OF-LOG: 3.0
CREATED-BY: HMRA public OK1WC downloader
CONTEST: OK1WC-MEMORIAL
CALLSIGN: EW1FM
OPERATORS: EW1FM
CATEGORY: SO-40M-CW-LOW
CATEGORY-OPERATOR: SINGLE-OP
CATEGORY-BAND: 40M
CATEGORY-MODE: CW
CATEGORY-POWER: LOW
SOAPBOX: Recreated from OK1WC Memorial reference table MWC230403.
SOAPBOX: Source publication level: 4.
SOAPBOX: Source: https://memorial-ok1wc.cz/index.php?page=eval3/a_eval3&kolo=553&rocnik=15&tyden=14&jobdate=230403&pub_level=4
QSO:  7000 CW 2023-04-03 1632 EW1FM         599 1          OM2KI         599 6         
QSO:  7000 CW 2023-04-03 1633 EW1FM         599 2          SN7Q          599 8         
QSO:  7000 CW 2023-04-03 1634 EW1FM         599 3          RX3QNE        599 3         
QSO:  7000 CW 2023-04-03 1634 EW1FM         599 4          OM5ZW         599 13        
QSO:  7000 CW 2023-04-03 1636 EW1FM         599 5          OK5OO         599 13        
QSO:  7000 CW 2023-04-03 1640 EW1FM         599 6          OM5TZ         599 20        
QSO:  7000 CW 2023-04-03 1640 EW1FM         599 7          HA1AH         599 26        
QSO:  7000 CW 2023-04-03 1641 EW1FM         599 8          RX3Q          599 16        
QSO:  7000 CW 2023-04-03 1642 EW1FM         599 9          OM4MW         599 25        
QSO:  7000 CW 2023-04-03 1642 EW1FM         599 10         SP4DNX        599 19        
QSO:  7000 CW 2023-04-03 1642 EW1FM         599 11         SP2R          599 33        
QSO:  7000 CW 2023-04-03 1643 EW1FM         599 12         SN1T          599 31        
QSO:  7000 CW 2023-04-03 1644 EW1FM         599 13         SM6TOL        599 18        
QSO:  7000 CW 2023-04-03 1645 EW1FM         599 14         OK1RKS        599 20        
QSO:  7000 CW 2023-04-03 1647 EW1FM         599 15         OK1DOR        599 36        
QSO:  7000 CW 2023-04-03 1649 EW1FM         599 16         YL3JD         599 26        
QSO:  7000 CW 2023-04-03 1652 EW1FM         599 17         DL4ME         599 44        
QSO:  7000 CW 2023-04-03 1652 EW1FM         599 18         SM5GRD        599 27        
QSO:  7000 CW 2023-04-03 1654 EW1FM         599 19         OK2NO         599 44        
QSO:  7000 CW 2023-04-03 1659 EW1FM         599 20         SK5A          599 36        
QSO:  7000 CW 2023-04-03 1700 EW1FM         599 21         SA1CCQ        599 40        
QSO:  7000 CW 2023-04-03 1702 EW1FM         599 22         SM5CSS        599 48        
QSO:  7000 CW 2023-04-03 1706 EW1FM         599 23         OM5RM         599 60        
QSO:  7000 CW 2023-04-03 1707 EW1FM         599 24         SE0B          599 60        
QSO:  7000 CW 2023-04-03 1708 EW1FM         599 25         E77EA         599 73        
QSO:  7000 CW 2023-04-03 1710 EW1FM         599 26         OL8R          599 115       
QSO:  7000 CW 2023-04-03 1715 EW1FM         599 27         S58MU         599 66        
QSO:  7000 CW 2023-04-03 1716 EW1FM         599 28         OK1TN         599 94        
QSO:  7000 CW 2023-04-03 1717 EW1FM         599 29         PA3AAV        599 100       
QSO:  7000 CW 2023-04-03 1720 EW1FM         599 30         SP2QG         599 95        
QSO:  7000 CW 2023-04-03 1721 EW1FM         599 31         SP7N          599 80        
QSO:  7000 CW 2023-04-03 1724 EW1FM         599 32         SP2HHX        599 38        
QSO:  7000 CW 2023-04-03 1724 EW1FM         599 33         SP4JFR        599 80        
QSO:  7000 CW 2023-04-03 1725 EW1FM         599 34         OM5CM         599 68        
QSO:  7000 CW 2023-04-03 1727 EW1FM         599 35         UA4FCO        599 39        
END-OF-LOG:
