START-OF-LOG: 3.0
CREATED-BY: reconstructed-log-builder
CONTEST: CQ-WW-CW
CALLSIGN: K1DT
LOCATION: 
CATEGORY: CHECKLOG
CATEGORY-OPERATOR: SINGLE-OP
CATEGORY-BAND: ALL
CATEGORY-MODE: MIXED
CATEGORY-POWER: UNKNOWN
CATEGORY-ASSISTED: NON-ASSISTED
CATEGORY-TRANSMITTER: ONE
CATEGORY-STATION: UNKNOWN
CATEGORY-OVERLAY: 
OPERATORS: K1DT
CLAIMED-SCORE: 
CLUB: 
NAME: 
SOAPBOX: RECONSTRUCTED MOCKUP LOG - NOT AN OFFICIAL SUBMISSION.
SOAPBOX: Derived from submitted logs for CQ-WW-CW CQWW/cw/2010.
QSO:  1800 CW 2010-11-27 0205 K1DT          599 05 RK3ER         599 16
QSO: 28017 CW 2010-11-27 1442 K1DT          599 05 VP2E/K1XM     599 08
QSO: 28032 CW 2010-11-27 1449 K1DT          599 05 P40W          599 9
QSO: 28016 CW 2010-11-27 1507 K1DT          599 05 PJ4LS         599 9
QSO: 28020 CW 2010-11-27 1512 K1DT          599 05 P40L          599 9
QSO: 28032 CW 2010-11-27 1517 K1DT          599 5 PJ2T          599 9
QSO: 28030 CW 2010-11-27 1519 K1DT          599 05 EA2LU         599 14
QSO: 28000 CW 2010-11-27 1524 K1DT          599 5 EA1CBX        599 14
QSO: 28030 CW 2010-11-27 1618 K1DT          599 05 ED9M          599 33
QSO: 28010 CW 2010-11-27 1621 K1DT          599 05 ZB2X          599 14
QSO: 28030 CW 2010-11-27 1641 K1DT          599 05 CR2X          599 14
QSO: 28031 CW 2010-11-27 2110 K1DT          599 05 CE1/K7CA      599 12
QSO: 14000 CW 2010-11-27 2246 K1DT          599 05 LS1D          599 13
QSO: 28020 CW 2010-11-28 1533 K1DT          599 05 ST2AR         599 34
QSO: 28031 CW 2010-11-28 1538 K1DT          599 05 EF8N          599 33
QSO: 28018 CW 2010-11-28 1602 K1DT          599 05 ED8T          599 33
QSO: 28001 CW 2010-11-28 1611 K1DT          599 05 C5A           599 35
QSO: 28008 CW 2010-11-28 1613 K1DT          599 05 TI5N          599 7
QSO: 28029 CW 2010-11-28 1617 K1DT          599 05 D4C           599 35
QSO: 28038 CW 2010-11-28 1618 K1DT          599 05 CR2X          599 14
QSO: 28048 CW 2010-11-28 1622 K1DT          599 05 CW5W          599 13
QSO: 28010 CW 2010-11-28 1624 K1DT          599 05 CR6K          599 14
QSO: 28004 CW 2010-11-28 1627 K1DT          599 05 PJ4A          599 9
QSO: 28022 CW 2010-11-28 1639 K1DT          599 05 ZS1EL         599 38
QSO: 28000 CW 2010-11-28 1651 K1DT          599 05 LS1D          599 13
QSO: 28028 CW 2010-11-28 1656 K1DT          599 05 PW7T          599 11
QSO: 28017 CW 2010-11-28 1659 K1DT          599 05 H7V           599 7
QSO: 28000 CW 2010-11-28 1702 K1DT          599 05 PW2F          599 11
QSO: 28032 CW 2010-11-28 1719 K1DT          599 05 CW7T          599 13
QSO: 14080 CW 2010-11-28 1722 K1DT          599 05 PI4CC         599 14
QSO: 28012 CW 2010-11-28 1722 K1DT          599 05 EF8M          599 33
QSO: 28000 CW 2010-11-28 1734 K1DT          599 05 LT1F          599 13
QSO: 28050 CW 2010-11-28 2007 K1DT          599 05 FS/K9EL       599 08
QSO: 28000 CW 2010-11-28 2012 K1DT          599 05 AY5F          599 13
QSO: 28017 CW 2010-11-28 2014 K1DT          599 05 TO5T          599 8
QSO: 28025 CW 2010-11-28 2017 K1DT          599 5 V26K          599 08
QSO: 28000 CW 2010-11-28 2021 K1DT          599 05 CW3D          599 13
QSO: 28050 CW 2010-11-28 2026 K1DT          599 05 PJ5/SP6EQZ    599 8
QSO: 28000 CW 2010-11-28 2032 K1DT          599 5 FM5LD         599 08
QSO: 28043 CW 2010-11-28 2051 K1DT          599 5 CE3FZ         599 12
END-OF-LOG:
