START-OF-LOG: 3.0
CREATED-BY: reconstructed-log-builder
CONTEST: CQ-WW-CW
CALLSIGN: W3MR
LOCATION: 
CATEGORY: CHECKLOG
CATEGORY-OPERATOR: SINGLE-OP
CATEGORY-BAND: ALL
CATEGORY-MODE: MIXED
CATEGORY-POWER: UNKNOWN
CATEGORY-ASSISTED: NON-ASSISTED
CATEGORY-TRANSMITTER: ONE
CATEGORY-STATION: UNKNOWN
CATEGORY-OVERLAY: 
OPERATORS: W3MR
CLAIMED-SCORE: 
CLUB: 
NAME: 
SOAPBOX: RECONSTRUCTED MOCKUP LOG - NOT AN OFFICIAL SUBMISSION.
SOAPBOX: Derived from submitted logs for CQ-WW-CW CQWW/cw/2010.
QSO:  7004 CW 2010-11-28 0223 W3MR          599 05 ZF1A          599 08
QSO:  7001 CW 2010-11-28 0224 W3MR          599 04 G6PZ          599 14
QSO:  7006 CW 2010-11-28 0227 W3MR          599 05 YU3AAA        599 15
QSO:  7041 CW 2010-11-28 0230 W3MR          599 05 G5O           599 14
QSO:  3510 CW 2010-11-28 0232 W3MR          599 05 P3F           599 20
QSO:  3519 CW 2010-11-28 0233 W3MR          599 05 P3N           599 20
QSO:  3521 CW 2010-11-28 0235 W3MR          599 05 C4N           599 20
QSO:  3566 CW 2010-11-28 0237 W3MR          599 5 EW8DX         599 16
QSO:  3512 CW 2010-11-28 0239 W3MR          599 05 T70A          599 15
QSO: 28001 CW 2010-11-28 1428 W3MR          599 05 C5A           599 35
QSO: 28020 CW 2010-11-28 1519 W3MR          599 05 ST2AR         599 34
QSO: 28029 CW 2010-11-28 1520 W3MR          599 05 D4C           599 35
QSO: 28012 CW 2010-11-28 1521 W3MR          599 05 EF8M          599 33
END-OF-LOG:
