START-OF-LOG: 3.0
CREATED-BY: HMRA public 9A HRS HF Robot downloader
CONTEST: CROATIAN
CALLSIGN: EV6Z
OPERATORS: EV6Z
CATEGORY: B2
CATEGORY-OPERATOR: SINGLE-OP
CATEGORY-BAND: ALL
CATEGORY-MODE: CW
CATEGORY-POWER: LOW
CLAIMED-SCORE: 84840
SOAPBOX: Recreated from 9A HRS HF Robot public QSO table for Croatian CW Contest 2015.
SOAPBOX: Public error-summary rows are ignored.
SOAPBOX: Source: https://www.hamradio.hr/hfrobot/hfcc_log.php?What=vloghtm&CID=2015-12-19&ID=EV6Z
SOAPBOX: Source category label: B2 - SINGLE-OP, ALL bands - Low power (< 100 Watts).
SOAPBOX: Published QSO count: 441.
QSO: 07000 CW 2015-12-19 1400 EV6Z          599 0001       9A5Y          599 0004      
QSO: 07000 CW 2015-12-19 1402 EV6Z          599 0002       YU1UN         599 0004      
QSO: 07000 CW 2015-12-19 1402 EV6Z          599 0003       US2MT         599 0054      
QSO: 07000 CW 2015-12-19 1404 EV6Z          599 0004       YU1DX         599 0024      
QSO: 07000 CW 2015-12-19 1407 EV6Z          599 0005       F5UQE         599 0003      
QSO: 07000 CW 2015-12-19 1407 EV6Z          599 0006       RD0A          599 0003      
QSO: 07000 CW 2015-12-19 1408 EV6Z          599 0007       R7AC          599 0004      
QSO: 07000 CW 2015-12-19 1409 EV6Z          599 0008       UT5IZO        599 0034      
QSO: 07000 CW 2015-12-19 1409 EV6Z          599 0009       UR4IZ         599 0011      
QSO: 07000 CW 2015-12-19 1410 EV6Z          599 0010       RA6FUZ        599 0007      
QSO: 07000 CW 2015-12-19 1412 EV6Z          599 0011       OM4J          599 0011      
QSO: 07000 CW 2015-12-19 1413 EV6Z          599 0012       R9LM          599 0013      
QSO: 07000 CW 2015-12-19 1414 EV6Z          599 0013       RZ4AZ         599 0087      
QSO: 07000 CW 2015-12-19 1414 EV6Z          599 0014       UA4FDL        599 0007      
QSO: 07000 CW 2015-12-19 1415 EV6Z          599 0015       UV7V          599 0010      
QSO: 07000 CW 2015-12-19 1416 EV6Z          599 0016       R4YY          599 0001      
QSO: 07000 CW 2015-12-19 1417 EV6Z          599 0017       RN4HAB        599 0007      
QSO: 07000 CW 2015-12-19 1417 EV6Z          599 0018       UR8IF         599 0012      
QSO: 07000 CW 2015-12-19 1418 EV6Z          599 0019       EW8EW         599 0035      
QSO: 07000 CW 2015-12-19 1418 EV6Z          599 0020       OZ7EA         599 0004      
QSO: 07000 CW 2015-12-19 1425 EV6Z          599 0021       HA3MU         599 0019      
QSO: 07000 CW 2015-12-19 1425 EV6Z          599 0022       LY3CY         599 0012      
QSO: 07000 CW 2015-12-19 1426 EV6Z          599 0023       EU6DX         599 0021      
QSO: 07000 CW 2015-12-19 1427 EV6Z          599 0024       LZ1ND         599 0027      
QSO: 07000 CW 2015-12-19 1429 EV6Z          599 0025       SE6Y          599 0034      
QSO: 07000 CW 2015-12-19 1429 EV6Z          599 0026       DL5ZK         599 0001      
QSO: 07000 CW 2015-12-19 1431 EV6Z          599 0027       UP0L          599 0044      
QSO: 07000 CW 2015-12-19 1431 EV6Z          599 0028       UC7A          599 0040      
QSO: 07000 CW 2015-12-19 1433 EV6Z          599 0029       UN7ZZ         599 0015      
QSO: 07000 CW 2015-12-19 1440 EV6Z          599 0030       OE3KAB        599 0064      
QSO: 07000 CW 2015-12-19 1441 EV6Z          599 0031       R7MM          599 0035      
QSO: 07000 CW 2015-12-19 1441 EV6Z          599 0032       UA4CNJ        599 0020      
QSO: 07000 CW 2015-12-19 1443 EV6Z          599 0033       UT4XU         599 0034      
QSO: 07000 CW 2015-12-19 1443 EV6Z          599 0034       R7MT          599 0014      
QSO: 07000 CW 2015-12-19 1444 EV6Z          599 0035       LZ5VV         599 0011      
QSO: 07000 CW 2015-12-19 1445 EV6Z          599 0036       US5EFU        599 0024      
QSO: 07000 CW 2015-12-19 1445 EV6Z          599 0037       UY5ZI         599 0025      
QSO: 07000 CW 2015-12-19 1446 EV6Z          599 0038       UG4A          599 0004      
QSO: 07000 CW 2015-12-19 1448 EV6Z          599 0039       UT5M          599 0035      
QSO: 07000 CW 2015-12-19 1449 EV6Z          599 0040       UW9I          599 0083      
QSO: 07000 CW 2015-12-19 1450 EV6Z          599 0041       SP1C          599 0033      
QSO: 07000 CW 2015-12-19 1450 EV6Z          599 0042       RF9C          599 0046      
QSO: 07000 CW 2015-12-19 1452 EV6Z          599 0043       OZ2TF         599 0057      
QSO: 07000 CW 2015-12-19 1453 EV6Z          599 0044       DL4ME         599 0018      
QSO: 07000 CW 2015-12-19 1453 EV6Z          599 0045       9A3VM         599 0069      
QSO: 07000 CW 2015-12-19 1455 EV6Z          599 0046       9A6A          599 0085      
QSO: 07000 CW 2015-12-19 1459 EV6Z          599 0047       R9QQ          599 0008      
QSO: 07000 CW 2015-12-19 1459 EV6Z          599 0048       YP5A          599 0071      
QSO: 07000 CW 2015-12-19 1500 EV6Z          599 0049       YO4NF         599 0080      
QSO: 07000 CW 2015-12-19 1503 EV6Z          599 0050       UA6AK         599 0049      
QSO: 07000 CW 2015-12-19 1504 EV6Z          599 0051       R7AC          599 0032      
QSO: 07000 CW 2015-12-19 1507 EV6Z          599 0052       OU3A          599 0046      
QSO: 07000 CW 2015-12-19 1507 EV6Z          599 0053       R9AJ          599 0037      
QSO: 07000 CW 2015-12-19 1508 EV6Z          599 0054       DJ4MH         599 0029      
QSO: 07000 CW 2015-12-19 1508 EV6Z          599 0055       UA4AAC        599 0024      
QSO: 07000 CW 2015-12-19 1512 EV6Z          599 0056       9A0KG         599 0150      
QSO: 07000 CW 2015-12-19 1515 EV6Z          599 0057       HA6NW         599 0064      
QSO: 07000 CW 2015-12-19 1516 EV6Z          599 0058       SM0Y          599 0023      
QSO: 07000 CW 2015-12-19 1518 EV6Z          599 0059       DF1MM         599 0071      
QSO: 07000 CW 2015-12-19 1518 EV6Z          599 0060       LZ7M          599 0026      
QSO: 07000 CW 2015-12-19 1519 EV6Z          599 0061       IV3BCA        599 0029      
QSO: 07000 CW 2015-12-19 1519 EV6Z          599 0062       R3ZZ          599 0190      
QSO: 07000 CW 2015-12-19 1520 EV6Z          599 0063       OK1KZ         599 0018      
QSO: 07000 CW 2015-12-19 1522 EV6Z          599 0064       UW1I          599 0060      
QSO: 07000 CW 2015-12-19 1524 EV6Z          599 0065       HG3M          599 0080      
QSO: 07000 CW 2015-12-19 1525 EV6Z          599 0066       SP4W          599 0107      
QSO: 07000 CW 2015-12-19 1525 EV6Z          599 0067       YT6W          599 0057      
QSO: 07000 CW 2015-12-19 1535 EV6Z          599 0068       HA6NL         599 0084      
QSO: 07000 CW 2015-12-19 1537 EV6Z          599 0069       9A3GI         599 0065      
QSO: 07000 CW 2015-12-19 1537 EV6Z          599 0070       S52W          599 0091      
QSO: 07000 CW 2015-12-19 1538 EV6Z          599 0071       UY7LM         599 0025      
QSO: 07000 CW 2015-12-19 1538 EV6Z          599 0072       OM3BA         599 0054      
QSO: 07000 CW 2015-12-19 1539 EV6Z          599 0073       RU4A          599 0031      
QSO: 07000 CW 2015-12-19 1541 EV6Z          599 0074       UR5EPV        599 0006      
QSO: 07000 CW 2015-12-19 1542 EV6Z          599 0075       UR5WX         599 0049      
QSO: 07000 CW 2015-12-19 1544 EV6Z          599 0076       UA0OK         599 0031      
QSO: 07000 CW 2015-12-19 1546 EV6Z          599 0077       HA3HX         599 0049      
QSO: 07000 CW 2015-12-19 1547 EV6Z          599 0078       G4DBW         599 0060      
QSO: 07000 CW 2015-12-19 1548 EV6Z          599 0079       OK6K          599 0063      
QSO: 07000 CW 2015-12-19 1549 EV6Z          599 0080       R3OM          599 0088      
QSO: 07000 CW 2015-12-19 1549 EV6Z          599 0081       SE6N          599 0049      
QSO: 07000 CW 2015-12-19 1550 EV6Z          599 0082       UR7GO         599 0182      
QSO: 07000 CW 2015-12-19 1553 EV6Z          599 0083       SP2MKI        599 0034      
QSO: 07000 CW 2015-12-19 1554 EV6Z          599 0084       SP2DKI        599 0024      
QSO: 07000 CW 2015-12-19 1612 EV6Z          599 0085       UT4LW         599 0141      
QSO: 07000 CW 2015-12-19 1612 EV6Z          599 0086       RD4A          599 0029      
QSO: 07000 CW 2015-12-19 1613 EV6Z          599 0087       HB9CGL        599 0017      
QSO: 07000 CW 2015-12-19 1614 EV6Z          599 0088       DL5BAW        599 0025      
QSO: 07000 CW 2015-12-19 1614 EV6Z          599 0089       YT5AAA        599 0034      
QSO: 07000 CW 2015-12-19 1617 EV6Z          599 0090       ON5PV         599 0052      
QSO: 07000 CW 2015-12-19 1619 EV6Z          599 0091       OH7ZNO        599 0024      
QSO: 07000 CW 2015-12-19 1620 EV6Z          599 0092       LZ7W          599 0082      
QSO: 07000 CW 2015-12-19 1623 EV6Z          599 0093       G2NF          599 0005      
QSO: 07000 CW 2015-12-19 2221 EV6Z          599 0094       S57Z          599 0350      
QSO: 07000 CW 2015-12-19 2222 EV6Z          599 0095       Z35G          599 0060      
QSO: 07000 CW 2015-12-19 2223 EV6Z          599 0096       4Z4AK         599 0274      
QSO: 07000 CW 2015-12-19 2227 EV6Z          599 0097       4U20B         599 0354      
QSO: 07000 CW 2015-12-19 2227 EV6Z          599 0098       SM2T          599 0319      
QSO: 07000 CW 2015-12-19 2230 EV6Z          599 0099       LY2MM         599 0429      
QSO: 07000 CW 2015-12-19 2231 EV6Z          599 0100       OM2015TITANI  599 0048      
QSO: 07000 CW 2015-12-19 2233 EV6Z          599 0101       LA7GIA        599 0271      
QSO: 07000 CW 2015-12-19 2234 EV6Z          599 0102       IK0YVV        599 0018      
QSO: 07000 CW 2015-12-19 2241 EV6Z          599 0103       UR7QC         599 0109      
QSO: 07000 CW 2015-12-19 2243 EV6Z          599 0104       9A3B          599 0502      
QSO: 07000 CW 2015-12-19 2243 EV6Z          599 0105       YU7U          599 0354      
QSO: 07000 CW 2015-12-19 2244 EV6Z          599 0106       S53EO         599 0643      
QSO: 07000 CW 2015-12-19 2245 EV6Z          599 0107       9A7V          599 0956      
QSO: 07000 CW 2015-12-19 2246 EV6Z          599 0108       OM3RM         599 0738      
QSO: 07000 CW 2015-12-19 2247 EV6Z          599 0109       OM8AA         599 0241      
QSO: 07000 CW 2015-12-19 2249 EV6Z          599 0110       S590IARU      599 0512      
QSO: 07000 CW 2015-12-19 2251 EV6Z          599 0111       9A8D          599 0026      
QSO: 07000 CW 2015-12-19 2259 EV6Z          599 0112       I2WIJ         599 0117      
QSO: 07000 CW 2015-12-19 2301 EV6Z          599 0113       5B4AMM        599 0832      
QSO: 07000 CW 2015-12-19 2304 EV6Z          599 0114       IZ3EAW        599 0023      
QSO: 07000 CW 2015-12-19 2306 EV6Z          599 0115       OM3GI         599 0197      
QSO: 07000 CW 2015-12-19 2307 EV6Z          599 0116       9A7T          599 0665      
QSO: 07000 CW 2015-12-19 2309 EV6Z          599 0117       E71EEE        599 0302      
QSO: 07000 CW 2015-12-19 2311 EV6Z          599 0118       9A5K          599 0782      
QSO: 07000 CW 2015-12-19 2312 EV6Z          599 0119       YU7U          599 0367      
QSO: 07000 CW 2015-12-19 2314 EV6Z          599 0120       R8TT          599 0270      
QSO: 07000 CW 2015-12-19 2317 EV6Z          599 0121       Z36W          599 0074      
QSO: 07000 CW 2015-12-19 2319 EV6Z          599 0122       KP2Q          599 0368      
QSO: 07000 CW 2015-12-19 2333 EV6Z          599 0123       OK1HCG        599 0125      
QSO: 07000 CW 2015-12-19 2334 EV6Z          599 0124       PE7T          599 0327      
QSO: 07000 CW 2015-12-19 2336 EV6Z          599 0125       OK4RQ         599 0405      
QSO: 07000 CW 2015-12-19 2341 EV6Z          599 0126       UA5C          599 0689      
QSO: 07000 CW 2015-12-19 2342 EV6Z          599 0127       IZ8JFL/1      599 0213      
QSO: 07000 CW 2015-12-19 2343 EV6Z          599 0128       HA6OA         599 0465      
QSO: 07000 CW 2015-12-19 2350 EV6Z          599 0129       R6CC          599 0327      
QSO: 07000 CW 2015-12-19 2351 EV6Z          599 0130       SQ9FMU        599 0095      
QSO: 07000 CW 2015-12-19 2353 EV6Z          599 0131       R1AT          599 0018      
QSO: 07000 CW 2015-12-19 2356 EV6Z          599 0132       I1GEI         599 0014      
QSO: 07000 CW 2015-12-19 2357 EV6Z          599 0133       HA3HO         599 0027      
QSO: 07000 CW 2015-12-19 2359 EV6Z          599 0134       IK4ZGO        599 0036      
QSO: 07000 CW 2015-12-20 0004 EV6Z          599 0135       S57C          599 0647      
QSO: 07000 CW 2015-12-20 0006 EV6Z          599 0136       9A1CRT        599 0041      
QSO: 07000 CW 2015-12-20 0008 EV6Z          599 0137       IK2QEI        599 0023      
QSO: 07000 CW 2015-12-20 0008 EV6Z          599 0138       YT7R          599 0493      
QSO: 07000 CW 2015-12-20 0011 EV6Z          599 0139       EA5YU         599 0105      
QSO: 07000 CW 2015-12-20 0012 EV6Z          599 0140       IT9CJC        599 0008      
QSO: 07000 CW 2015-12-20 0017 EV6Z          599 0141       LY2XW         599 0556      
QSO: 07000 CW 2015-12-20 0025 EV6Z          599 0142       SG0M          599 0075      
QSO: 07000 CW 2015-12-20 0027 EV6Z          599 0143       F5VBT         599 0075      
QSO: 07000 CW 2015-12-20 0028 EV6Z          599 0144       RN3F          599 0519      
QSO: 07000 CW 2015-12-20 0035 EV6Z          599 0145       E74A          599 0543      
QSO: 07000 CW 2015-12-20 0040 EV6Z          599 0146       G0ORC         599 0013      
QSO: 07000 CW 2015-12-20 0041 EV6Z          599 0147       Z31WW         599 0014      
QSO: 07000 CW 2015-12-20 0043 EV6Z          599 0148       HB9DAX        599 0067      
QSO: 07000 CW 2015-12-20 0048 EV6Z          599 0149       9A1DFG        599 0034      
QSO: 07000 CW 2015-12-20 0049 EV6Z          599 0150       G0DCK         599 0187      
QSO: 07000 CW 2015-12-20 0050 EV6Z          599 0151       HB9CVQ        599 0148      
QSO: 07000 CW 2015-12-20 0107 EV6Z          599 0152       EA8CN         599 0343      
QSO: 07000 CW 2015-12-20 0108 EV6Z          599 0153       9A1AD         599 0017      
QSO: 07000 CW 2015-12-20 0111 EV6Z          599 0154       LZ1VQ         599 0172      
QSO: 07000 CW 2015-12-20 0117 EV6Z          599 0155       G4VWI         599 0002      
QSO: 07000 CW 2015-12-20 0120 EV6Z          599 0156       HB9BUN        599 0220      
QSO: 07000 CW 2015-12-20 0129 EV6Z          599 0157       9A2BD         599 0110      
QSO: 07000 CW 2015-12-20 0132 EV6Z          599 0158       LZ1FY         599 0243      
QSO: 07000 CW 2015-12-20 0135 EV6Z          599 0159       SM5S          599 0025      
QSO: 07000 CW 2015-12-20 0612 EV6Z          599 0160       9A2X          599 0020      
QSO: 07000 CW 2015-12-20 0612 EV6Z          599 0161       RV3ZN         599 0085      
QSO: 07000 CW 2015-12-20 0613 EV6Z          599 0162       UT0RM         599 0287      
QSO: 07000 CW 2015-12-20 0619 EV6Z          599 0163       RM7C          599 0173      
QSO: 07000 CW 2015-12-20 0620 EV6Z          599 0164       US3EW         599 0066      
QSO: 07000 CW 2015-12-20 0621 EV6Z          599 0165       LY6A          599 0310      
QSO: 07000 CW 2015-12-20 0623 EV6Z          599 0166       YT2AAA        599 0506      
QSO: 07000 CW 2015-12-20 0627 EV6Z          599 0167       9A1CBM        599 0365      
QSO: 07000 CW 2015-12-20 0630 EV6Z          599 0168       RV3FF         599 0146      
QSO: 07000 CW 2015-12-20 0649 EV6Z          599 0169       YU1KT         599 0268      
QSO: 07000 CW 2015-12-20 0650 EV6Z          599 0170       OK1FGD        599 0170      
QSO: 07000 CW 2015-12-20 0651 EV6Z          599 0171       OK7FL         599 0311      
QSO: 07000 CW 2015-12-20 0651 EV6Z          599 0172       R3GM          599 0810      
QSO: 07000 CW 2015-12-20 0652 EV6Z          599 0173       DL2ZBO        599 0085      
QSO: 07000 CW 2015-12-20 0653 EV6Z          599 0174       LZ4AE         599 0397      
QSO: 07000 CW 2015-12-20 0654 EV6Z          599 0175       YO5KDS        599 0259      
QSO: 07000 CW 2015-12-20 0655 EV6Z          599 0176       E72U          599 0062      
QSO: 07000 CW 2015-12-20 0656 EV6Z          599 0177       RZ1OK         599 0226      
QSO: 07000 CW 2015-12-20 0656 EV6Z          599 0178       9A1E          599 0412      
QSO: 07000 CW 2015-12-20 0659 EV6Z          599 0179       PY2ZEA        599 0046      
QSO: 07000 CW 2015-12-20 0700 EV6Z          599 0180       EU8F          599 0218      
QSO: 07000 CW 2015-12-20 0702 EV6Z          599 0181       SP2QG         599 0339      
QSO: 07000 CW 2015-12-20 0703 EV6Z          599 0182       K1ZZ          599 0476      
QSO: 07000 CW 2015-12-20 0704 EV6Z          599 0183       IK2SND        599 0293      
QSO: 07000 CW 2015-12-20 0705 EV6Z          599 0184       EH3MMM        599 0017      
QSO: 07000 CW 2015-12-20 0706 EV6Z          599 0185       F5IN          599 0426      
QSO: 07000 CW 2015-12-20 0706 EV6Z          599 0186       UF5D          599 0359      
QSO: 07000 CW 2015-12-20 0707 EV6Z          599 0187       F6HKA         599 0484      
QSO: 07000 CW 2015-12-20 0708 EV6Z          599 0188       IK3QAR        599 0046      
QSO: 07000 CW 2015-12-20 0735 EV6Z          599 0189       YU2A          599 0156      
QSO: 07000 CW 2015-12-20 0737 EV6Z          599 0190       SF3A          599 0241      
QSO: 07000 CW 2015-12-20 0740 EV6Z          599 0191       F5JVP         599 0138      
QSO: 07000 CW 2015-12-20 0741 EV6Z          599 0192       DL3KVR        599 0324      
QSO: 07000 CW 2015-12-20 0743 EV6Z          599 0193       DL6RAI        599 0098      
QSO: 07000 CW 2015-12-20 0744 EV6Z          599 0194       S51DX         599 0114      
QSO: 07000 CW 2015-12-20 0745 EV6Z          599 0195       SC6M          599 0112      
QSO: 07000 CW 2015-12-20 0748 EV6Z          599 0196       SP2AEK        599 0143      
QSO: 07000 CW 2015-12-20 0749 EV6Z          599 0197       DL3DRN        599 0055      
QSO: 07000 CW 2015-12-20 0752 EV6Z          599 0198       UA6AKD        599 0060      
QSO: 07000 CW 2015-12-20 0753 EV6Z          599 0199       YU1DW         599 0155      
QSO: 07000 CW 2015-12-20 0754 EV6Z          599 0200       LA5LJA        599 0042      
QSO: 07000 CW 2015-12-20 0755 EV6Z          599 0201       OH5CZ         599 0098      
QSO: 07000 CW 2015-12-20 0800 EV6Z          599 0202       DL2SWW        599 0102      
QSO: 07000 CW 2015-12-20 0803 EV6Z          599 0203       OL4W          599 0122      
QSO: 07000 CW 2015-12-20 0804 EV6Z          599 0204       SP6GCU        599 0071      
QSO: 07000 CW 2015-12-20 0805 EV6Z          599 0205       UR4RWW        599 0448      
QSO: 07000 CW 2015-12-20 0806 EV6Z          599 0206       PI4UTR        599 0269      
QSO: 07000 CW 2015-12-20 0814 EV6Z          599 0207       DL5YL         599 0136      
QSO: 07000 CW 2015-12-20 0816 EV6Z          599 0208       LA4CQ         599 0163      
QSO: 07000 CW 2015-12-20 0817 EV6Z          599 0209       UT8AL         599 0172      
QSO: 07000 CW 2015-12-20 0823 EV6Z          599 0210       SP9A          599 0048      
QSO: 07000 CW 2015-12-20 0825 EV6Z          599 0211       OK2MBP        599 0174      
QSO: 07000 CW 2015-12-20 0831 EV6Z          599 0212       IK0YUT        599 0103      
QSO: 07000 CW 2015-12-20 0832 EV6Z          599 0213       SP3A          599 0065      
QSO: 07000 CW 2015-12-20 0834 EV6Z          599 0214       PA2PCH        599 0132      
QSO: 07000 CW 2015-12-20 0835 EV6Z          599 0215       SN5N          599 0069      
QSO: 07000 CW 2015-12-20 0837 EV6Z          599 0216       SD0T          599 0267      
QSO: 07000 CW 2015-12-20 0850 EV6Z          599 0217       OQ5M          599 0473      
QSO: 07000 CW 2015-12-20 0852 EV6Z          599 0218       DL1ARJ        599 0141      
QSO: 14000 CW 2015-12-20 0902 EV6Z          599 0219       IZ4ZZB        599 0140      
QSO: 14000 CW 2015-12-20 0904 EV6Z          599 0220       RT9S          599 0266      
QSO: 14000 CW 2015-12-20 0905 EV6Z          599 0221       DL2SWW        599 0172      
QSO: 14000 CW 2015-12-20 0906 EV6Z          599 0222       HA6OA         599 0682      
QSO: 14000 CW 2015-12-20 0906 EV6Z          599 0223       LZ1DQ         599 0203      
QSO: 14000 CW 2015-12-20 0908 EV6Z          599 0224       UT3EK         599 0144      
QSO: 14000 CW 2015-12-20 0909 EV6Z          599 0225       UT3EV         599 0182      
QSO: 14000 CW 2015-12-20 0910 EV6Z          599 0226       IK8UND        599 0233      
QSO: 14000 CW 2015-12-20 0914 EV6Z          599 0227       PA4O          599 0175      
QSO: 14000 CW 2015-12-20 0915 EV6Z          599 0228       SO6C          599 0033      
QSO: 14000 CW 2015-12-20 0917 EV6Z          599 0229       UA6AKD        599 0124      
QSO: 14000 CW 2015-12-20 0917 EV6Z          599 0230       YO5OHO        599 0243      
QSO: 14000 CW 2015-12-20 0918 EV6Z          599 0231       US8IM         599 0129      
QSO: 14000 CW 2015-12-20 0919 EV6Z          599 0232       OQ5M          599 0508      
QSO: 14000 CW 2015-12-20 0919 EV6Z          599 0233       R4MZ          599 0248      
QSO: 14000 CW 2015-12-20 0921 EV6Z          599 0234       EI5KF         599 0412      
QSO: 14000 CW 2015-12-20 0922 EV6Z          599 0235       EA3NN         599 0145      
QSO: 14000 CW 2015-12-20 0923 EV6Z          599 0236       RC7A          599 0176      
QSO: 14000 CW 2015-12-20 0924 EV6Z          599 0237       IK8TEO        599 0066      
QSO: 14000 CW 2015-12-20 0925 EV6Z          599 0238       F5PAL         599 0119      
QSO: 14000 CW 2015-12-20 0926 EV6Z          599 0239       LZ2015YOTA    599 0227      
QSO: 14000 CW 2015-12-20 0928 EV6Z          599 0240       IT9CHU        599 0210      
QSO: 14000 CW 2015-12-20 0928 EV6Z          599 0241       YT1A          599 0369      
QSO: 14000 CW 2015-12-20 0929 EV6Z          599 0242       UA6LCJ        599 0178      
QSO: 14000 CW 2015-12-20 0930 EV6Z          599 0243       S57DX         599 0451      
QSO: 14000 CW 2015-12-20 0930 EV6Z          599 0244       US3EW         599 0131      
QSO: 14000 CW 2015-12-20 0931 EV6Z          599 0245       Z35F          599 0202      
QSO: 14000 CW 2015-12-20 0932 EV6Z          599 0246       EA1XT         599 0479      
QSO: 14000 CW 2015-12-20 0933 EV6Z          599 0247       UT4LW         599 0693      
QSO: 14000 CW 2015-12-20 0934 EV6Z          599 0248       RM6M          599 0094      
QSO: 14000 CW 2015-12-20 0937 EV6Z          599 0249       PA2PKZ        599 0037      
QSO: 14000 CW 2015-12-20 0938 EV6Z          599 0250       9A1DFG        599 0315      
QSO: 14000 CW 2015-12-20 0939 EV6Z          599 0251       PA3AAV        599 0096      
QSO: 14000 CW 2015-12-20 0939 EV6Z          599 0252       9A9M          599 0011      
QSO: 14000 CW 2015-12-20 0940 EV6Z          599 0253       IK3QAR        599 0184      
QSO: 14000 CW 2015-12-20 0942 EV6Z          599 0254       RU4SO         599 0483      
QSO: 14000 CW 2015-12-20 0943 EV6Z          599 0255       9A0KG         599 1209      
QSO: 14000 CW 2015-12-20 0944 EV6Z          599 0256       E70T          599 0031      
QSO: 14000 CW 2015-12-20 0945 EV6Z          599 0257       RX9FB         599 0113      
QSO: 14000 CW 2015-12-20 0946 EV6Z          599 0258       9A8A          599 0202      
QSO: 14000 CW 2015-12-20 0948 EV6Z          599 0259       LZ4AE         599 0542      
QSO: 14000 CW 2015-12-20 0948 EV6Z          599 0260       DK0WRTC       599 0651      
QSO: 14000 CW 2015-12-20 0950 EV6Z          599 0261       9A7V          599 1593      
QSO: 14000 CW 2015-12-20 0951 EV6Z          599 0262       9A8CV         599 0355      
QSO: 14000 CW 2015-12-20 0951 EV6Z          599 0263       EA1WX         599 0102      
QSO: 14000 CW 2015-12-20 0952 EV6Z          599 0264       PE7T          599 0443      
QSO: 14000 CW 2015-12-20 0953 EV6Z          599 0265       YU1ZZ         599 0136      
QSO: 14000 CW 2015-12-20 0954 EV6Z          599 0266       IK2QEI        599 0116      
QSO: 14000 CW 2015-12-20 0955 EV6Z          599 0267       EI4II         599 0036      
QSO: 14000 CW 2015-12-20 0956 EV6Z          599 0268       YT7R          599 0877      
QSO: 14000 CW 2015-12-20 0958 EV6Z          599 0269       EA4AOC        599 0130      
QSO: 14000 CW 2015-12-20 1000 EV6Z          599 0270       RK4FF         599 0289      
QSO: 14000 CW 2015-12-20 1001 EV6Z          599 0271       UC7A          599 0859      
QSO: 14000 CW 2015-12-20 1002 EV6Z          599 0272       DQ0YOTA       599 0301      
QSO: 14000 CW 2015-12-20 1003 EV6Z          599 0273       OK7FL         599 0390      
QSO: 14000 CW 2015-12-20 1004 EV6Z          599 0274       IK2SND        599 0442      
QSO: 14000 CW 2015-12-20 1005 EV6Z          599 0275       HA3LN         599 0078      
QSO: 14000 CW 2015-12-20 1006 EV6Z          599 0276       DL9LM         599 0062      
QSO: 14000 CW 2015-12-20 1007 EV6Z          599 0277       UR7GO         599 1068      
QSO: 14000 CW 2015-12-20 1009 EV6Z          599 0278       F6HKA         599 0685      
QSO: 14000 CW 2015-12-20 1011 EV6Z          599 0279       9A3B          599 0886      
QSO: 14000 CW 2015-12-20 1012 EV6Z          599 0280       DL1CW         599 0523      
QSO: 21000 CW 2015-12-20 1045 EV6Z          599 0281       RC9J          599 0401      
QSO: 21000 CW 2015-12-20 1046 EV6Z          599 0282       F6HKA         599 0724      
QSO: 21000 CW 2015-12-20 1046 EV6Z          599 0283       4U20B         599 0427      
QSO: 21000 CW 2015-12-20 1047 EV6Z          599 0284       EA5KV         599 0299      
QSO: 21000 CW 2015-12-20 1047 EV6Z          599 0285       SV1JG         599 0245      
QSO: 21000 CW 2015-12-20 1047 EV6Z          599 0286       EA1XT         599 0551      
QSO: 21000 CW 2015-12-20 1048 EV6Z          599 0287       UP0L          599 1242      
QSO: 21000 CW 2015-12-20 1049 EV6Z          599 0288       IT9CLN        599 0159      
QSO: 21000 CW 2015-12-20 1049 EV6Z          599 0289       4Z4KA         599 0752      
QSO: 21000 CW 2015-12-20 1050 EV6Z          599 0290       R0AA          599 0253      
QSO: 21000 CW 2015-12-20 1052 EV6Z          599 0291       UT5M          599 1003      
QSO: 21000 CW 2015-12-20 1053 EV6Z          599 0292       EI4II         599 0046      
QSO: 21000 CW 2015-12-20 1053 EV6Z          599 0293       UA9AFS        599 0151      
QSO: 21000 CW 2015-12-20 1054 EV6Z          599 0294       RW9DX         599 0069      
QSO: 21000 CW 2015-12-20 1055 EV6Z          599 0295       UN9L          599 0301      
QSO: 21000 CW 2015-12-20 1056 EV6Z          599 0296       RW4WA         599 0499      
QSO: 21000 CW 2015-12-20 1100 EV6Z          599 0297       RM7C          599 0367      
QSO: 21000 CW 2015-12-20 1102 EV6Z          599 0298       EA8RM         599 0053      
QSO: 21000 CW 2015-12-20 1104 EV6Z          599 0299       EA3KU         599 0422      
QSO: 21000 CW 2015-12-20 1107 EV6Z          599 0300       RT4W          599 0223      
QSO: 21000 CW 2015-12-20 1107 EV6Z          599 0301       5B4AMM        599 1542      
QSO: 21000 CW 2015-12-20 1108 EV6Z          599 0302       IZ8JFL/1      599 0375      
QSO: 21000 CW 2015-12-20 1110 EV6Z          599 0303       LY5O          599 0149      
QSO: 21000 CW 2015-12-20 1111 EV6Z          599 0304       UB9SBH        599 0017      
QSO: 21000 CW 2015-12-20 1118 EV6Z          599 0305       9A4W          599 0214      
QSO: 21000 CW 2015-12-20 1119 EV6Z          599 0306       EA8AVK        599 0144      
QSO: 21000 CW 2015-12-20 1121 EV6Z          599 0307       RN3F          599 0895      
QSO: 21000 CW 2015-12-20 1122 EV6Z          599 0308       LZ5R          599 0116      
QSO: 21000 CW 2015-12-20 1123 EV6Z          599 0309       S57C          599 0936      
QSO: 21000 CW 2015-12-20 1125 EV6Z          599 0310       F5PAL         599 0194      
QSO: 21000 CW 2015-12-20 1128 EV6Z          599 0311       IQ2CJ         599 0422      
QSO: 28000 CW 2015-12-20 1132 EV6Z          599 0312       VU2CVS        599 0080      
QSO: 14000 CW 2015-12-20 1143 EV6Z          599 0313       DL5YM         599 0062      
QSO: 14000 CW 2015-12-20 1144 EV6Z          599 0314       RM7C          599 0409      
QSO: 14000 CW 2015-12-20 1145 EV6Z          599 0315       DL2ZBO        599 0102      
QSO: 14000 CW 2015-12-20 1147 EV6Z          599 0316       R7CA          599 0002      
QSO: 14000 CW 2015-12-20 1149 EV6Z          599 0317       R6CC          599 0797      
QSO: 14000 CW 2015-12-20 1149 EV6Z          599 0318       R8MD          599 0180      
QSO: 14000 CW 2015-12-20 1150 EV6Z          599 0319       RA9AP         599 0198      
QSO: 14000 CW 2015-12-20 1151 EV6Z          599 0320       DF6FM/M       599 0130      
QSO: 14000 CW 2015-12-20 1151 EV6Z          599 0321       HA9RP         599 0064      
QSO: 14000 CW 2015-12-20 1152 EV6Z          599 0322       OM7LW         599 0058      
QSO: 14000 CW 2015-12-20 1152 EV6Z          599 0323       EA3KU         599 0491      
QSO: 14000 CW 2015-12-20 1153 EV6Z          599 0324       DL1NKS        599 0429      
QSO: 14000 CW 2015-12-20 1153 EV6Z          599 0325       DK65DARC      599 0153      
QSO: 14000 CW 2015-12-20 1154 EV6Z          599 0326       SM2T          599 0574      
QSO: 14000 CW 2015-12-20 1158 EV6Z          599 0327       DL1OJ         599 0163      
QSO: 14000 CW 2015-12-20 1158 EV6Z          599 0328       YU1KT         599 0361      
QSO: 14000 CW 2015-12-20 1201 EV6Z          599 0329       DL8HK         599 0323      
QSO: 14000 CW 2015-12-20 1202 EV6Z          599 0330       OM3RM         599 1331      
QSO: 14000 CW 2015-12-20 1202 EV6Z          599 0331       OM3CPF        599 0457      
QSO: 14000 CW 2015-12-20 1204 EV6Z          599 0332       DJ2IA         599 0127      
QSO: 14000 CW 2015-12-20 1207 EV6Z          599 0333       ES90IARU      599 0577      
QSO: 14000 CW 2015-12-20 1208 EV6Z          599 0334       9A2EY         599 0297      
QSO: 14000 CW 2015-12-20 1208 EV6Z          599 0335       DK5CF         599 0020      
QSO: 14000 CW 2015-12-20 1209 EV6Z          599 0336       UA1AFT        599 0165      
QSO: 14000 CW 2015-12-20 1209 EV6Z          599 0337       OK1FKD        599 0299      
QSO: 14000 CW 2015-12-20 1209 EV6Z          599 0338       DA3T          599 0137      
QSO: 14000 CW 2015-12-20 1210 EV6Z          599 0339       DL1EAL        599 0066      
QSO: 14000 CW 2015-12-20 1210 EV6Z          599 0340       Z35G          599 0289      
QSO: 14000 CW 2015-12-20 1211 EV6Z          599 0341       UX4FC         599 0289      
QSO: 14000 CW 2015-12-20 1211 EV6Z          599 0342       YQ6A          599 0715      
QSO: 14000 CW 2015-12-20 1211 EV6Z          599 0343       HA2MN         599 0080      
QSO: 14000 CW 2015-12-20 1212 EV6Z          599 0344       IZ4JMA        599 0339      
QSO: 14000 CW 2015-12-20 1213 EV6Z          599 0345       E74A          599 0938      
QSO: 14000 CW 2015-12-20 1213 EV6Z          599 0346       UA9W          599 0808      
QSO: 14000 CW 2015-12-20 1213 EV6Z          599 0347       YO2IS         599 0148      
QSO: 14000 CW 2015-12-20 1214 EV6Z          599 0348       I2WIJ         599 0265      
QSO: 14000 CW 2015-12-20 1214 EV6Z          599 0349       SP2QG         599 0555      
QSO: 14000 CW 2015-12-20 1215 EV6Z          599 0350       PA3CLQ        599 0042      
QSO: 14000 CW 2015-12-20 1217 EV6Z          599 0351       IZ2QXG        599 0225      
QSO: 14000 CW 2015-12-20 1217 EV6Z          599 0352       RN4HAB        599 0236      
QSO: 14000 CW 2015-12-20 1218 EV6Z          599 0353       EA5ARC        599 0169      
QSO: 14000 CW 2015-12-20 1218 EV6Z          599 0354       DL4EA         599 0018      
QSO: 14000 CW 2015-12-20 1222 EV6Z          599 0355       LZ1VKD        599 0184      
QSO: 14000 CW 2015-12-20 1222 EV6Z          599 0356       PC5WB         599 0024      
QSO: 14000 CW 2015-12-20 1223 EV6Z          599 0357       DL1YCF        599 0110      
QSO: 14000 CW 2015-12-20 1223 EV6Z          599 0358       M3I           599 0117      
QSO: 14000 CW 2015-12-20 1224 EV6Z          599 0359       YO4BEX        599 0088      
QSO: 14000 CW 2015-12-20 1224 EV6Z          599 0360       R6YY          599 0066      
QSO: 14000 CW 2015-12-20 1225 EV6Z          599 0361       DL2AWW        599 0083      
QSO: 14000 CW 2015-12-20 1226 EV6Z          599 0362       EU6DX         599 0387      
QSO: 14000 CW 2015-12-20 1227 EV6Z          599 0363       UA9CU         599 0189      
QSO: 14000 CW 2015-12-20 1227 EV6Z          599 0364       HB4AMM        599 1637      
QSO: 14000 CW 2015-12-20 1228 EV6Z          599 0365       HA2EOD        599 0020      
QSO: 14000 CW 2015-12-20 1228 EV6Z          599 0366       LY3B          599 1027      
QSO: 14000 CW 2015-12-20 1229 EV6Z          599 0367       G3OKA         599 0038      
QSO: 14000 CW 2015-12-20 1230 EV6Z          599 0368       OK1FCA        599 0144      
QSO: 14000 CW 2015-12-20 1230 EV6Z          599 0369       DL5JAB        599 0091      
QSO: 14000 CW 2015-12-20 1232 EV6Z          599 0370       YT2AAA        599 0838      
QSO: 14000 CW 2015-12-20 1233 EV6Z          599 0371       RX9CM         599 0311      
QSO: 14000 CW 2015-12-20 1233 EV6Z          599 0372       RX7K          599 0052      
QSO: 14000 CW 2015-12-20 1233 EV6Z          599 0373       DL8BH         599 0007      
QSO: 14000 CW 2015-12-20 1235 EV6Z          599 0374       LZ7H          599 0259      
QSO: 14000 CW 2015-12-20 1235 EV6Z          599 0375       W0NA          599 0405      
QSO: 14000 CW 2015-12-20 1236 EV6Z          599 0376       YO9HP         599 0278      
QSO: 14000 CW 2015-12-20 1236 EV6Z          599 0377       HA3HX         599 0185      
QSO: 14000 CW 2015-12-20 1237 EV6Z          599 0378       9A2MF         599 0221      
QSO: 14000 CW 2015-12-20 1237 EV6Z          599 0379       OM5MX         599 0053      
QSO: 14000 CW 2015-12-20 1238 EV6Z          599 0380       OR4K          599 0005      
QSO: 14000 CW 2015-12-20 1241 EV6Z          599 0381       HA5BA         599 0147      
QSO: 14000 CW 2015-12-20 1242 EV6Z          599 0382       RK9Q          599 0616      
QSO: 14000 CW 2015-12-20 1244 EV6Z          599 0383       R4WT          599 0262      
QSO: 14000 CW 2015-12-20 1244 EV6Z          599 0384       S57C          599 0985      
QSO: 14000 CW 2015-12-20 1245 EV6Z          599 0385       YO7ARZ        599 0144      
QSO: 14000 CW 2015-12-20 1246 EV6Z          599 0386       RW4HS         599 0095      
QSO: 14000 CW 2015-12-20 1248 EV6Z          599 0387       HA1TO         599 0093      
QSO: 14000 CW 2015-12-20 1251 EV6Z          599 0388       YO3GNF        599 0201      
QSO: 14000 CW 2015-12-20 1251 EV6Z          599 0389       DF1SZ         599 0075      
QSO: 14000 CW 2015-12-20 1252 EV6Z          599 0390       DH2MS         599 0010      
QSO: 14000 CW 2015-12-20 1253 EV6Z          599 0391       RA4PQ         599 0423      
QSO: 14000 CW 2015-12-20 1253 EV6Z          599 0392       9A1BST        599 0157      
QSO: 14000 CW 2015-12-20 1254 EV6Z          599 0393       9A3QB         599 0281      
QSO: 14000 CW 2015-12-20 1255 EV6Z          599 0394       PA3DZM        599 0023      
QSO: 14000 CW 2015-12-20 1256 EV6Z          599 0395       YO7LYM        599 0149      
QSO: 14000 CW 2015-12-20 1258 EV6Z          599 0396       ON4GO         599 0149      
QSO: 14000 CW 2015-12-20 1300 EV6Z          599 0397       R9AJ          599 0530      
QSO: 14000 CW 2015-12-20 1303 EV6Z          599 0398       K4BAI         599 0685      
QSO: 14000 CW 2015-12-20 1304 EV6Z          599 0399       G3XPO         599 0036      
QSO: 14000 CW 2015-12-20 1305 EV6Z          599 0400       PE2K          599 0024      
QSO: 14000 CW 2015-12-20 1309 EV6Z          599 0401       F6EPQ         599 0099      
QSO: 14000 CW 2015-12-20 1311 EV6Z          599 0402       RW4WA         599 0629      
QSO: 14000 CW 2015-12-20 1313 EV6Z          599 0403       HB9FWS        599 0014      
QSO: 07000 CW 2015-12-20 1315 EV6Z          599 0404       LY3B          599 1063      
QSO: 07000 CW 2015-12-20 1316 EV6Z          599 0405       RU4LM         599 0340      
QSO: 07000 CW 2015-12-20 1318 EV6Z          599 0406       RM3N          599 0106      
QSO: 07000 CW 2015-12-20 1319 EV6Z          599 0407       DL1ROT        599 0192      
QSO: 07000 CW 2015-12-20 1319 EV6Z          599 0408       OM8FF         599 0021      
QSO: 07000 CW 2015-12-20 1320 EV6Z          599 0409       HG1G          599 0377      
QSO: 07000 CW 2015-12-20 1321 EV6Z          599 0410       UA9SMU        599 0130      
QSO: 07000 CW 2015-12-20 1322 EV6Z          599 0411       RU3XY         599 0137      
QSO: 14000 CW 2015-12-20 1324 EV6Z          599 0412       S54O          599 0349      
QSO: 14000 CW 2015-12-20 1325 EV6Z          599 0413       I0KHY         599 0016      
QSO: 14000 CW 2015-12-20 1326 EV6Z          599 0414       IR2CSN        599 0132      
QSO: 14000 CW 2015-12-20 1328 EV6Z          599 0415       LZ2LE         599 0187      
QSO: 14000 CW 2015-12-20 1329 EV6Z          599 0416       IN3YKI        599 0003      
QSO: 14000 CW 2015-12-20 1329 EV6Z          599 0417       S53EO         599 1105      
QSO: 14000 CW 2015-12-20 1331 EV6Z          599 0418       DK0SU         599 0036      
QSO: 14000 CW 2015-12-20 1332 EV6Z          599 0419       LZ7W          599 0448      
QSO: 14000 CW 2015-12-20 1335 EV6Z          599 0420       UA5C          599 1205      
QSO: 07000 CW 2015-12-20 1338 EV6Z          599 0421       UT8AS         599 0206      
QSO: 07000 CW 2015-12-20 1339 EV6Z          599 0422       OM8LA         599 0290      
QSO: 07000 CW 2015-12-20 1339 EV6Z          599 0423       OM3CPF        599 0518      
QSO: 07000 CW 2015-12-20 1340 EV6Z          599 0424       RO5K          599 0298      
QSO: 07000 CW 2015-12-20 1340 EV6Z          599 0425       RW3AI         599 0333      
QSO: 07000 CW 2015-12-20 1341 EV6Z          599 0426       DL8HK         599 0355      
QSO: 07000 CW 2015-12-20 1342 EV6Z          599 0427       RA1QE         599 0153      
QSO: 07000 CW 2015-12-20 1342 EV6Z          599 0428       DF5LW         599 0164      
QSO: 07000 CW 2015-12-20 1343 EV6Z          599 0429       OH3WW         599 0177      
QSO: 07000 CW 2015-12-20 1343 EV6Z          599 0430       UN7EG         599 0032      
QSO: 07000 CW 2015-12-20 1348 EV6Z          599 0431       UA9W          599 0885      
QSO: 07000 CW 2015-12-20 1348 EV6Z          599 0432       RK2M          599 0241      
QSO: 07000 CW 2015-12-20 1349 EV6Z          599 0433       R9SAH         599 0169      
QSO: 07000 CW 2015-12-20 1349 EV6Z          599 0434       RA4PQ         599 0443      
QSO: 07000 CW 2015-12-20 1350 EV6Z          599 0435       RU9TN         599 0208      
QSO: 07000 CW 2015-12-20 1350 EV6Z          599 0436       RW4WA         599 0662      
QSO: 07000 CW 2015-12-20 1353 EV6Z          599 0437       ON4GO         599 0172      
QSO: 07000 CW 2015-12-20 1353 EV6Z          599 0438       RN3S          599 0350      
QSO: 07000 CW 2015-12-20 1353 EV6Z          599 0439       OH2LNH        599 0208      
QSO: 07000 CW 2015-12-20 1355 EV6Z          599 0440       RZ3Z          599 0259      
QSO: 07000 CW 2015-12-20 1356 EV6Z          599 0441       UR5FS         599 0207      
END-OF-LOG:
