START-OF-LOG: 3.0
CREATED-BY: vhfmanager-downloader
CONTEST: ZRS julijsko UKV tekmovanje - Official results - VHFManager
CALLSIGN: YO9CWY
CATEGORY: 1,3 GHz - checklog
CATEGORY-OPERATOR: SINGLE-OP
CATEGORY-ASSISTED: NON-ASSISTED
CATEGORY-TRANSMITTER: ONE
CATEGORY-STATION: FIXED
QSO: 1300000 PH 2025-07-06 0405 YO9CWY        59  1 KN35GC   LZ1RT         59  12 KN22RR 
QSO: 1300000 PH 2025-07-06 0422 YO9CWY        59  2 KN35GC   YO6KNY        59  6 KN35ET  
QSO: 1300000 PH 2025-07-06 0430 YO9CWY        59  3 KN35GC   LZ2QA         59  9 KN43EK  
QSO: 1300000 PH 2025-07-06 0452 YO9CWY        59  4 KN35GC   YO3FWL        59  10 KN24XL 
QSO: 1300000 PH 2025-07-06 0510 YO9CWY        59  5 KN35GC   LZ6R          59  20 KN33GN 
QSO: 1300000 PH 2025-07-06 0525 YO9CWY        59  6 KN35GC   LZ9X          59  11 KN22XS 
QSO: 1300000 PH 2025-07-06 0530 YO9CWY        59  7 KN35GC   YO9AYN        59  8 KN24SW  
QSO: 1300000 PH 2025-07-06 0601 YO9CWY        59  8 KN35GC   LZ6G          59  9 KN23LA  
QSO: 1300000 PH 2025-07-06 0643 YO9CWY        59  9 KN35GC   LZ2AB         59  15 KN32EV 
QSO: 1300000 PH 2025-07-06 0650 YO9CWY        59  10 KN35GC  YR3T          59  2 KN34CI  
END-OF-LOG:
