START-OF-LOG: 3.0
CREATED-BY: reconstructed-log-builder
CONTEST: CQ-WPX-CW
CALLSIGN: OH2EA
LOCATION: 
CATEGORY: CHECKLOG
CATEGORY-OPERATOR: SINGLE-OP
CATEGORY-BAND: ALL
CATEGORY-MODE: MIXED
CATEGORY-POWER: UNKNOWN
CATEGORY-ASSISTED: NON-ASSISTED
CATEGORY-TRANSMITTER: ONE
CATEGORY-STATION: UNKNOWN
CATEGORY-OVERLAY: 
OPERATORS: OH2EA
CLAIMED-SCORE: 
CLUB: 
NAME: 
SOAPBOX: RECONSTRUCTED MOCKUP LOG - NOT AN OFFICIAL SUBMISSION.
SOAPBOX: Derived from submitted logs for CQ-WPX-CW CQWPX/cw/2008.
QSO: 28029 CW 2008-05-24 1647 OH2EA         599 0002 LX7I          599 0677
QSO: 14020 CW 2008-05-24 1913 OH2EA         599 003 P40A          599 1128
QSO: 14018 CW 2008-05-25 0011 OH2EA         599 4 W8AV          599 1064
QSO:  7003 CW 2008-05-25 0054 OH2EA         599 006 6Y1V          599 1341
QSO:  7010 CW 2008-05-25 0057 OH2EA         599 007 HC8N          599 1964
QSO:  7000 CW 2008-05-25 0103 OH2EA         599 8 K3ZO          599 1238
QSO:  7022 CW 2008-05-25 0110 OH2EA         599 009 HP1WW         599 1255
QSO:  7036 CW 2008-05-25 0118 OH2EA         599 10 ZF2AM         599 2070
QSO:  7043 CW 2008-05-25 0123 OH2EA         599 0011 VE3DZ/VP9     599 1505
QSO:  7028 CW 2008-05-25 0158 OH2EA         599 013 P40L          599 1162
END-OF-LOG:
