START-OF-LOG: 3.0
CREATED-BY: reconstructed-log-builder
CONTEST: CQ-WPX-SSB
CALLSIGN: K8MU
LOCATION: 
CATEGORY: CHECKLOG
CATEGORY-OPERATOR: SINGLE-OP
CATEGORY-BAND: ALL
CATEGORY-MODE: MIXED
CATEGORY-POWER: UNKNOWN
CATEGORY-ASSISTED: NON-ASSISTED
CATEGORY-TRANSMITTER: ONE
CATEGORY-STATION: UNKNOWN
CATEGORY-OVERLAY: 
OPERATORS: K8MU
CLAIMED-SCORE: 
CLUB: 
NAME: 
SOAPBOX: RECONSTRUCTED MOCKUP LOG - NOT AN OFFICIAL SUBMISSION.
SOAPBOX: Derived from submitted logs for CQ-WPX-SSB CQWPX/ph/2013.
QSO: 14243 PH 2013-03-30 0023 K8MU          59 0001 VE6AO         59 0040
QSO: 14304 PH 2013-03-30 0025 K8MU          59 2 KG9N/C6A      59 86
QSO: 14000 PH 2013-03-30 0029 K8MU          59 3 KT5J          59 113
QSO:  7223 PH 2013-03-30 0309 K8MU          59 4 K0RH          59 329
QSO:  7141 PH 2013-03-30 0320 K8MU          59 0005 W5WMU         59 0349
QSO:  7000 PH 2013-03-30 0322 K8MU          59 6 KT5J          59 539
QSO:  7156 PH 2013-03-30 0605 K8MU          59 007 NR5M          59 0905
QSO:  7000 PH 2013-03-30 0607 K8MU          59 008 NX0X          59 504
QSO:  7182 PH 2013-03-30 0632 K8MU          59 009 EB8AH         59 0999
QSO: 21240 PH 2013-03-30 2210 K8MU          59 10 VE7GL         59 140
QSO: 21249 PH 2013-03-30 2212 K8MU          59 11 N6NF          59 357
QSO: 21275 PH 2013-03-30 2212 K8MU          59 012 CR3A          59 2353
QSO: 21000 PH 2013-03-30 2220 K8MU          59 0014 KJ4QHL        59 0130
QSO: 21271 PH 2013-03-30 2224 K8MU          59 0016 KZ1W          59 0621
QSO: 21268 PH 2013-03-30 2226 K8MU          59 0015 ND6S          59 0311
QSO: 21328 PH 2013-03-30 2227 K8MU          59 0017 K7ZSD         59 1348
QSO: 21000 PH 2013-03-30 2231 K8MU          59 0018 YW5DX         59 0839
QSO: 21313 PH 2013-03-30 2235 K8MU          59 0019 VO1TA         59 0263
QSO: 21377 PH 2013-03-30 2236 K8MU          59 20 WX7P          59 591
QSO: 21000 PH 2013-03-30 2237 K8MU          59 021 KW7XX         59 866
QSO: 21382 PH 2013-03-30 2242 K8MU          59 022 WC6H          59 0918
QSO: 21258 PH 2013-03-30 2246 K8MU          59 0023 AK7AZ         59 0263
QSO: 21300 PH 2013-03-30 2254 K8MU          59 0025 VA7CRZ        59 0315
QSO: 21333 PH 2013-03-30 2258 K8MU          59 026 KP2TM         59 3326
QSO: 21000 PH 2013-03-30 2301 K8MU          59 27 KT5J          59 1869
QSO: 28000 PH 2013-03-30 2341 K8MU          59 29 HD2A          59 2698
QSO: 14158 PH 2013-03-31 0037 K8MU          59 0030 KK7YL         59 0591
QSO: 14167 PH 2013-03-31 0039 K8MU          59 031 NS1L          59 1036
QSO: 14206 PH 2013-03-31 0039 K8MU          59 032 HK1NA         59 1947
QSO: 14216 PH 2013-03-31 0040 K8MU          59 0033 VE9HF         59 1365
QSO: 14000 PH 2013-03-31 0043 K8MU          59 34 KI7M          59 782
QSO: 14344 PH 2013-03-31 0048 K8MU          59 0035 NE5D          59 1219
QSO: 14274 PH 2013-03-31 0051 K8MU          59 36 K0RH          59 905
QSO: 14154 PH 2013-03-31 0053 K8MU          59 0037 K5RT          59 1451
QSO: 14000 PH 2013-03-31 0056 K8MU          59 038 VE2GSO        59 497
QSO: 14252 PH 2013-03-31 0059 K8MU          59 039 KK9A          59 1798
QSO: 14000 PH 2013-03-31 0100 K8MU          59 40 NR7DX         59 282
QSO: 14282 PH 2013-03-31 0105 K8MU          59 41 W4GV          59 398
QSO: 14222 PH 2013-03-31 0109 K8MU          59 42 RC9O          59 1952
QSO: 14000 PH 2013-03-31 0110 K8MU          59 044 P41A          59 2285
QSO: 14000 PH 2013-03-31 0115 K8MU          59 0046 XE1B          59 1201
QSO:  7193 PH 2013-03-31 1125 K8MU          59 047 NQ4I          59 1711
QSO:  7000 PH 2013-03-31 1134 K8MU          59 48 K0DEQ         59 230
QSO: 28431 PH 2013-03-31 1554 K8MU          59 49 KP2TM         59 5089
QSO: 28365 PH 2013-03-31 1558 K8MU          59 050 HK1NA         59 2061
QSO: 28394 PH 2013-03-31 1558 K8MU          59 051 P40L          59 3969
QSO: 28459 PH 2013-03-31 1602 K8MU          59 52 WP2Z          59 5278
QSO: 28496 PH 2013-03-31 1602 K8MU          59 0053 KP2MM         59 3068
QSO: 28382 PH 2013-03-31 1608 K8MU          59 0000 NP4EG         55 0621
QSO: 28520 PH 2013-03-31 1617 K8MU          59 055 D4C           59 2252
QSO: 28000 PH 2013-03-31 1628 K8MU          59 0056 KP4ROS        59 0368
QSO: 21257 PH 2013-03-31 1639 K8MU          59 0057 WK5T          59 0671
QSO: 21000 PH 2013-03-31 1642 K8MU          59 58 N9RV          59 866
QSO: 21000 PH 2013-03-31 1646 K8MU          59 059 EI6JK         59 728
QSO: 21000 PH 2013-03-31 1656 K8MU          59 61 OT5A          59 1043
QSO: 21295 PH 2013-03-31 1710 K8MU          59 063 TM6M          59 1678
QSO: 21314 PH 2013-03-31 1719 K8MU          59 064 EB8AH         59 5906
QSO: 21285 PH 2013-03-31 1732 K8MU          59 065 IT9ZGY        59 1946
QSO: 21311 PH 2013-03-31 1733 K8MU          59 066 ES9C          59 1848
QSO: 28370 PH 2013-03-31 1821 K8MU          59 0075 HI3EPR        59 0130
QSO: 21000 PH 2013-03-31 1824 K8MU          59 0067 NK7L          59 0708
QSO: 21000 PH 2013-03-31 1825 K8MU          59 68 NR7DX         59 544
QSO: 21200 PH 2013-03-31 1827 K8MU          59 069 YT8T          59 1076
QSO: 21328 PH 2013-03-31 1828 K8MU          59 070 II9P          59 2209
QSO: 21381 PH 2013-03-31 1848 K8MU          59 072 EI7M          59 4910
QSO: 21290 PH 2013-03-31 1853 K8MU          59 0072 NR6M          59 0969
QSO: 28472 PH 2013-03-31 1911 K8MU          59 0074 WP3A          59 0976
QSO: 28437 PH 2013-03-31 1929 K8MU          59 0007 HQ2N          59 0746
QSO: 21000 PH 2013-03-31 1957 K8MU          59 0077 CO6LC         59 1186
QSO: 21000 PH 2013-03-31 2002 K8MU          59 0078 CO2WL         59 0960
QSO: 21319 PH 2013-03-31 2005 K8MU          59 79 K6TU          59 1234
QSO: 21000 PH 2013-03-31 2010 K8MU          59 060 TM1W          59 1732
QSO: 21267 PH 2013-03-31 2015 K8MU          59 81 CN2R          59 5347
QSO: 21353 PH 2013-03-31 2017 K8MU          59 082 5D5A          59 6055
QSO: 21367 PH 2013-03-31 2018 K8MU          59 083 GW9T          59 2722
QSO: 21256 PH 2013-03-31 2026 K8MU          59 084 AK6W          59 1595
QSO: 21219 PH 2013-03-31 2028 K8MU          59 0085 VO1JNS        59 1523
QSO: 21393 PH 2013-03-31 2158 K8MU          59 0086 N7RQ          59 0695
QSO: 21000 PH 2013-03-31 2203 K8MU          59 0087 KS7T          59 0615
QSO: 21223 PH 2013-03-31 2205 K8MU          59 088 D4C           59 3277
QSO: 14234 PH 2013-03-31 2209 K8MU          59 089 TM6M          59 2912
QSO: 14000 PH 2013-03-31 2211 K8MU          59 091 NX0X          59 2458
QSO: 14257 PH 2013-03-31 2211 K8MU          59 090 EI7M          59 5391
QSO: 14244 PH 2013-03-31 2218 K8MU          59 93 KK5I          59 919
QSO: 14210 PH 2013-03-31 2219 K8MU          59 094 I4VEQ         59 0419
QSO: 14223 PH 2013-03-31 2221 K8MU          59 095 IR4M          59 2756
QSO:  7000 PH 2013-03-31 2330 K8MU          59 096 AB9H          59 622
QSO:  7178 PH 2013-03-31 2332 K8MU          59 97 W9AV          59 863
QSO:  7214 PH 2013-03-31 2332 K8MU          59 0098 KX9DX         59 0485
QSO:  7219 PH 2013-03-31 2333 K8MU          59 099 KV9W          59 587
QSO:  7000 PH 2013-03-31 2334 K8MU          59 101 WW8OH         59 1411
QSO:  7224 PH 2013-03-31 2334 K8MU          59 100 N0MA          59 398
QSO:  7000 PH 2013-03-31 2335 K8MU          59 0102 WB8TLI        59 0899
QSO:  7000 PH 2013-03-31 2338 K8MU          59 0104 NY3B          59 0347
QSO:  7236 PH 2013-03-31 2338 K8MU          59 103 W9QL          59 635
QSO:  7146 PH 2013-03-31 2340 K8MU          59 105 KW8N          59 0529
QSO:  7128 PH 2013-03-31 2342 K8MU          59 0106 WX3B          59 1563
QSO:  7000 PH 2013-03-31 2343 K8MU          59 107 W8GP          59 294
QSO:  7243 PH 2013-03-31 2350 K8MU          59 0108 WO8CC         59 1562
QSO:  7000 PH 2013-03-31 2353 K8MU          59 0109 KC9UQR        59 0184
END-OF-LOG:
