START-OF-LOG: 3.0
CREATED-BY: reconstructed-log-builder
CONTEST: CQ-WPX-SSB
CALLSIGN: UN4L
LOCATION: 
CATEGORY: CHECKLOG
CATEGORY-OPERATOR: SINGLE-OP
CATEGORY-BAND: ALL
CATEGORY-MODE: MIXED
CATEGORY-POWER: UNKNOWN
CATEGORY-ASSISTED: NON-ASSISTED
CATEGORY-TRANSMITTER: ONE
CATEGORY-STATION: UNKNOWN
CATEGORY-OVERLAY: 
OPERATORS: UN4L
CLAIMED-SCORE: 
CLUB: 
NAME: 
SOAPBOX: RECONSTRUCTED MOCKUP LOG - NOT AN OFFICIAL SUBMISSION.
SOAPBOX: Derived from submitted logs for CQ-WPX-SSB CQWPX/ph/2013.
QSO: 14300 PH 2013-03-30 1351 UN4L          59 001 RU1A          59 0815
QSO: 14321 PH 2013-03-30 1354 UN4L          59 0002 RG3K          59 1298
QSO: 28000 PH 2013-03-30 1358 UN4L          59 3 A60A          59 455
QSO: 21190 PH 2013-03-30 1401 UN4L          59 4 EW6AF         59 184
QSO: 14261 PH 2013-03-30 1410 UN4L          59 005 ES9C          59 1208
QSO: 14285 PH 2013-03-30 1416 UN4L          59 6 RT4F          59 1431
QSO: 14300 PH 2013-03-30 1505 UN4L          59 0007 R3AP          59 0146
QSO: 14317 PH 2013-03-30 1507 UN4L          59 008 RL3A          59 2202
QSO:  7193 PH 2013-03-30 1512 UN4L          59 0009 UA4M          59 1478
QSO:  7126 PH 2013-03-30 1513 UN4L          59 10 RC9O          59 1446
QSO: 21263 PH 2013-03-31 1017 UN4L          59 1182 4U1ITU        59 0415
QSO: 21263 PH 2013-03-31 1027 UN4L          59 1204 BY1CQ         59 0384
QSO: 28430 PH 2013-03-31 1117 UN4L          59 011 A71A          59 0445
QSO: 28529 PH 2013-03-31 1120 UN4L          59 0011 7Z1HL         59 0796
QSO: 28483 PH 2013-03-31 1123 UN4L          59 012 A71AM         59 1509
QSO: 21178 PH 2013-03-31 1127 UN4L          59 0013 TA4AU         59 1147
QSO: 21186 PH 2013-03-31 1130 UN4L          59 14 CN2R          59 4153
QSO: 21000 PH 2013-03-31 1139 UN4L          59 015 ED9Z          59 1721
QSO: 21357 PH 2013-03-31 1240 UN4L          59 015 P33W          59 6267
QSO: 21193 PH 2013-03-31 1254 UN4L          59 016 IR9W          59 1057
QSO: 21288 PH 2013-03-31 1303 UN4L          59 017 II9P          59 1753
QSO: 21328 PH 2013-03-31 1304 UN4L          59 218 LY7A          59 622
QSO: 21293 PH 2013-03-31 1358 UN4L          59 019 3V8BB         59 2696
QSO: 14279 PH 2013-03-31 1443 UN4L          59 030 9A33P         59 4167
QSO:  7170 PH 2013-03-31 1445 UN4L          59 0021 RY3D          59 0954
END-OF-LOG:
