START-OF-LOG: 3.0
CREATED-BY: vhfmanager-downloader
CONTEST: ZRS oktobrsko UKV tekmovanje - Official results - VHFManager
CALLSIGN: DL8NCR
CATEGORY: 1,3 GHz - checklog
CATEGORY-OPERATOR: SINGLE-OP
CATEGORY-ASSISTED: NON-ASSISTED
CATEGORY-TRANSMITTER: ONE
CATEGORY-STATION: FIXED
QSO: 1300000 PH 2012-10-06 1403 DL8NCR        59  1 JN69LF   OK1MAC        59  2 JN79IO  
QSO: 1300000 PH 2012-10-06 1437 DL8NCR        59  2 JN69LF   OK1KIR        59  15 JO60PM 
QSO: 1300000 PH 2012-10-06 1441 DL8NCR        59  3 JN69LF   OK1KKD        59  13 JO60WD 
QSO: 1300000 PH 2012-10-06 1446 DL8NCR        59  4 JN69LF   OE2M          59  6 JN67NT  
QSO: 1300000 PH 2012-10-06 1449 DL8NCR        59  5 JN69LF   OK2M          59  4 JN69UN  
QSO: 1300000 PH 2012-10-06 1508 DL8NCR        59  6 JN69LF   OL3Z          59  37 JN79FX 
QSO: 1300000 PH 2012-10-06 1522 DL8NCR        59  7 JN69LF   DH9NFM        59  13 JO50RF 
QSO: 1300000 PH 2012-10-06 1530 DL8NCR        59  8 JN69LF   OK1IPU        59  13 JN69VN 
QSO: 1300000 PH 2012-10-06 1533 DL8NCR        59  9 JN69LF   OK1KFH        59  12 JN69VN 
QSO: 1300000 PH 2012-10-06 1548 DL8NCR        59  10 JN69LF  DL0GTH        59  61 JO50JP 
QSO: 1300000 PH 2012-10-06 1607 DL8NCR        59  11 JN69LF  OK1OPT        59  11 JN69NX 
QSO: 1300000 PH 2012-10-06 1610 DL8NCR        59  12 JN69LF  OE5D          59  13 JN68PC 
QSO: 1300000 PH 2012-10-06 1612 DL8NCR        59  13 JN69LF  OE5VRL/5      59  13 JN78DK 
QSO: 1300000 PH 2012-10-06 1644 DL8NCR        59  14 JN69LF  DM1KL         59  31 JO60LK 
QSO: 1300000 PH 2012-10-06 1731 DL8NCR        59  15 JN69LF  DL0NF         59  9 JN59PL  
QSO: 1300000 PH 2012-10-06 1945 DL8NCR        59  16 JN69LF  DH8WJ         59  14 JN59IE 
QSO: 1300000 PH 2012-10-06 1946 DL8NCR        59  17 JN69LF  DK2GR         59  1 JN59IE  
QSO: 1300000 PH 2012-10-07 0832 DL8NCR        59  18 JN69LF  DL4NDO        59  1 JN59MI  
QSO: 1300000 PH 2012-10-07 0849 DL8NCR        59  19 JN69LF  DL0OB         59  10 JO50MA 
QSO: 1300000 PH 2012-10-07 0852 DL8NCR        59  20 JN69LF  DH3NAN        59  5 JO50NC  
QSO: 1300000 PH 2012-10-07 0908 DL8NCR        59  21 JN69LF  DL3NDX        59  6 JN59JG  
QSO: 1300000 PH 2012-10-07 0919 DL8NCR        59  22 JN69LF  DL3LFA        57  4 JN67LU  
QSO: 1300000 PH 2012-10-07 0937 DL8NCR        59  23 JN69LF  DK2EA         59  13 JO50UF 
QSO: 1300000 PH 2012-10-07 0942 DL8NCR        59  24 JN69LF  DL0HEL        59  1 JO50UF  
QSO: 1300000 PH 2012-10-07 0949 DL8NCR        59  25 JN69LF  OK6IM         59  1 JN69KK  
QSO: 1300000 PH 2012-10-07 0952 DL8NCR        59  26 JN69LF  OK1VEI        59  42 JN69JJ 
QSO: 1300000 PH 2012-10-07 1006 DL8NCR        59  27 JN69LF  DB6NT         59  11 JO50TI 
QSO: 1300000 PH 2012-10-07 1032 DL8NCR        59  28 JN69LF  TM2W          55  79 JN37NV 
QSO: 1300000 PH 2012-10-07 1107 DL8NCR        59  29 JN69LF  DF0YY         55  82 JO62GD 
QSO: 1300000 PH 2012-10-07 1120 DL8NCR        59  30 JN69LF  OK1KKL        59  43 JO70PO 
END-OF-LOG:
