START-OF-LOG: 3.0
CREATED-BY: HMRA public OK1WC downloader
CONTEST: OK1WC-MEMORIAL
CALLSIGN: OK1KDN
OPERATORS: OK1KDN
CATEGORY: SO-80M-CW-QRP
CATEGORY-OPERATOR: SINGLE-OP
CATEGORY-BAND: 80M
CATEGORY-MODE: CW
CATEGORY-POWER: QRP
SOAPBOX: Recreated from OK1WC Memorial reference table MWC210111.
SOAPBOX: Source publication level: 4.
SOAPBOX: Source: https://memorial-ok1wc.cz/index.php?page=eval3/a_eval3&kolo=437&rocnik=13&tyden=02&jobdate=210111&pub_level=4
QSO:  3500 CW 2021-01-11 1631 OK1KDN        599 1          OK1IF         599 4         
QSO:  3500 CW 2021-01-11 1631 OK1KDN        599 2          OK1AY         599 5         
QSO:  3500 CW 2021-01-11 1632 OK1KDN        599 3          OK1IBP        599 6         
QSO:  3500 CW 2021-01-11 1632 OK1KDN        599 4          DL5YM         599 7         
QSO:  3500 CW 2021-01-11 1633 OK1KDN        599 5          DL4CF         599 6         
QSO:  3500 CW 2021-01-11 1634 OK1KDN        599 6          OK1FHI        599 8         
QSO:  3500 CW 2021-01-11 1635 OK1KDN        599 7          OK1DRQ        599 7         
QSO:  3500 CW 2021-01-11 1636 OK1KDN        599 8          DL6KVA        599 4         
QSO:  3500 CW 2021-01-11 1637 OK1KDN        599 9          OK1FGD        599 15        
QSO:  3500 CW 2021-01-11 1637 OK1KDN        599 10         OK1FMX        599 9         
QSO:  3500 CW 2021-01-11 1638 OK1KDN        599 11         OK2PYA        599 16        
QSO:  3500 CW 2021-01-11 1639 OK1KDN        599 12         OK2QA         599 12        
QSO:  3500 CW 2021-01-11 1640 OK1KDN        599 13         OM2KI         599 21        
QSO:  3500 CW 2021-01-11 1641 OK1KDN        599 14         DL1NKS        599 13        
QSO:  3500 CW 2021-01-11 1642 OK1KDN        599 15         E77EA         599 19        
QSO:  3500 CW 2021-01-11 1643 OK1KDN        599 16         OM5RW         599 24        
QSO:  3500 CW 2021-01-11 1644 OK1KDN        599 17         DL1VDL        599 18        
QSO:  3500 CW 2021-01-11 1646 OK1KDN        599 18         DL1DQW        599 14        
QSO:  3500 CW 2021-01-11 1647 OK1KDN        599 19         OM4AZF        599 31        
QSO:  3500 CW 2021-01-11 1648 OK1KDN        599 20         OK2BOB        599 15        
QSO:  3500 CW 2021-01-11 1648 OK1KDN        599 21         OK1DM         599 22        
QSO:  3500 CW 2021-01-11 1648 OK1KDN        599 22         HG1W          599 36        
QSO:  3500 CW 2021-01-11 1650 OK1KDN        599 23         DF3VM         599 36        
QSO:  3500 CW 2021-01-11 1652 OK1KDN        599 24         YO9KPB        559 972       
QSO:  3500 CW 2021-01-11 1654 OK1KDN        599 25         OK2NO         599 47        
QSO:  3500 CW 2021-01-11 1656 OK1KDN        599 26         OM5ZW         599 59        
QSO:  3500 CW 2021-01-11 1657 OK1KDN        599 27         OK1HMP        599 46        
QSO:  3500 CW 2021-01-11 1658 OK1KDN        599 28         SP2XX         599 31        
QSO:  3500 CW 2021-01-11 1659 OK1KDN        599 29         9A7R          599 46        
QSO:  3500 CW 2021-01-11 1700 OK1KDN        599 30         OK1DOR        599 34        
QSO:  3500 CW 2021-01-11 1702 OK1KDN        599 31         DK3GI         599 56        
QSO:  3500 CW 2021-01-11 1705 OK1KDN        599 32         OK1MSL        599 51        
QSO:  3500 CW 2021-01-11 1707 OK1KDN        599 33         OK1RZ         599 77        
QSO:  3500 CW 2021-01-11 1707 OK1KDN        599 34         OK1DWF        599 39        
QSO:  3500 CW 2021-01-11 1710 OK1KDN        599 35         OK2EA         599 75        
QSO:  3500 CW 2021-01-11 1711 OK1KDN        599 36         OK5MM         599 73        
QSO:  3500 CW 2021-01-11 1712 OK1KDN        599 37         OK1OFM        599 22        
QSO:  3500 CW 2021-01-11 1714 OK1KDN        599 38         OK1WSL        599 56        
QSO:  3500 CW 2021-01-11 1715 OK1KDN        599 39         SP3SLU        599 49        
QSO:  3500 CW 2021-01-11 1716 OK1KDN        599 40         SO3O          599 79        
QSO:  3500 CW 2021-01-11 1717 OK1KDN        599 41         HA5MA         599 72        
QSO:  3500 CW 2021-01-11 1718 OK1KDN        599 42         OK2ZC         599 86        
QSO:  3500 CW 2021-01-11 1719 OK1KDN        599 43         SP4DNX        599 61        
QSO:  3500 CW 2021-01-11 1719 OK1KDN        599 44         OK6DJ         599 97        
QSO:  3500 CW 2021-01-11 1720 OK1KDN        599 45         SP3MEP        599 82        
QSO:  3500 CW 2021-01-11 1720 OK1KDN        599 46         HB9BXE        599 81        
QSO:  3500 CW 2021-01-11 1720 OK1KDN        599 47         OK1FKD        599 57        
QSO:  3500 CW 2021-01-11 1721 OK1KDN        599 48         DM6EE         599 68        
QSO:  3500 CW 2021-01-11 1721 OK1KDN        599 49         OK5FF         599 71        
QSO:  3500 CW 2021-01-11 1722 OK1KDN        599 50         DJ9MH         599 81        
QSO:  3500 CW 2021-01-11 1722 OK1KDN        599 51         DJ9KH         599 42        
QSO:  3500 CW 2021-01-11 1724 OK1KDN        599 52         OK1DAR        599 24        
QSO:  3500 CW 2021-01-11 1725 OK1KDN        599 53         OM5KM         599 88        
QSO:  3500 CW 2021-01-11 1725 OK1KDN        599 54         SP7LIE        599 80        
QSO:  3500 CW 2021-01-11 1726 OK1KDN        599 55         PA3AAV        599 85        
QSO:  3500 CW 2021-01-11 1727 OK1KDN        599 56         OK1FLT        599 25        
QSO:  3500 CW 2021-01-11 1729 OK1KDN        599 57         OK1FCJ        599 108       
QSO:  3500 CW 2021-01-11 1729 OK1KDN        599 58         SP3VT         599 81        
QSO:  3500 CW 2021-01-11 1729 OK1KDN        599 59         OK1DOZ        599 44        
END-OF-LOG:
