START-OF-LOG: 2.0
ARRL-SECTION: DX
CALLSIGN: EA5RW
CATEGORY: SINGLE-OP ALL
CATEGORY-OVERLAY: SINGLE-OP ALL EA
CLAIMED-SCORE: 23422
CLUB: 
CONTEST: EA-PSK63
CREATED-BY: MixW 2.19
NAME: PEDRO MORENO ROMERO
OPERATORS: EA5RW
QSO: 21074 RY 2017-03-11 1655 EA5RW         599 V      ZV2K          599 026    0
QSO: 14073 RY 2017-03-11 1702 EA5RW         599 V      EA8KC         599 GC     0
QSO: 14076 RY 2017-03-11 1704 EA5RW         599 V      YO2KHK        599 032    0
QSO: 14074 RY 2017-03-11 1709 EA5RW         599 V      PA5DB         599 001    0
QSO: 14075 RY 2017-03-11 1710 EA5RW         599 V      G3ZOH         599 010    0
QSO: 14076 RY 2017-03-11 1713 EA5RW         599 V      PA4O          599 009    0
QSO:  7039 RY 2017-03-11 1715 EA5RW         599 V      EA7AZA        599 CA     0
QSO:  7042 RY 2017-03-11 1716 EA5RW         599 V      EA4URE        599 HQ     0
QSO:  7049 RY 2017-03-11 1719 EA5RW         599 V      F6CBA         599 008    0
QSO:  7049 RY 2017-03-11 1720 EA5RW         599 V      DC9ZP         599 040    0
QSO:  7049 RY 2017-03-11 1721 EA5RW         599 V      IQ2CU         599 062    0
QSO:  7049 RY 2017-03-11 1721 EA5RW         599 V      UT2ETO        599 037    0
QSO:  7049 RY 2017-03-11 1722 EA5RW         599 V      UT2EF         599 038    0
QSO:  7049 RY 2017-03-11 1723 EA5RW         599 V      DL3KVR        599 056    0
QSO:  7049 RY 2017-03-11 1725 EA5RW         599 V      EB3TR         599 L      0
QSO:  7049 RY 2017-03-11 1725 EA5RW         599 V      DL3MVC        599 020    0
QSO:  7049 RY 2017-03-11 1726 EA5RW         599 V      DL3SYA        599 063    0
QSO:  7049 RY 2017-03-11 1727 EA5RW         599 V      HA3PT         599 032    0
QSO:  7049 RY 2017-03-11 1729 EA5RW         599 V      SE4E          599 035    0
QSO:  7049 RY 2017-03-11 1730 EA5RW         599 V      EU8F          599 061    0
QSO:  7040 RY 2017-03-11 1733 EA5RW         599 V      LZ8U          599 048    0
QSO:  7041 RY 2017-03-11 1736 EA5RW         599 V      C31MF         599 040    0
QSO:  7046 RY 2017-03-11 1749 EA5RW         599 V      EA1XT         599 C      0
QSO:  7046 RY 2017-03-11 1750 EA5RW         599 V      R7AB          599 109    0
QSO:  7045 RY 2017-03-11 1751 EA5RW         599 V      UA6CE         599 091    0
QSO:  7046 RY 2017-03-11 1751 EA5RW         599 V      RA3GZ         599 071    0
QSO:  7047 RY 2017-03-11 1752 EA5RW         599 V      EA5DPF        599 MU     0
QSO:  7047 RY 2017-03-11 1753 EA5RW         599 V      EE7Y          599 H      0
QSO:  7047 RY 2017-03-11 1754 EA5RW         599 V      OK2EA         599 071    0
QSO:  7048 RY 2017-03-11 1755 EA5RW         599 V      EC1AE         599 O      0
QSO:  7050 RY 2017-03-11 1756 EA5RW         599 V      EA2DDE        599 NA     0
QSO:  7051 RY 2017-03-11 1757 EA5RW         599 V      PD0ME         599 045    0
QSO:  7039 RY 2017-03-11 1758 EA5RW         599 V      ON4FN         599 078    0
QSO:  7039 RY 2017-03-11 1759 EA5RW         599 V      UX1CN         599 057    0
QSO:  7039 RY 2017-03-11 1759 EA5RW         599 V      EA5NB         599 V      0
QSO:  7039 RY 2017-03-11 1801 EA5RW         599 V      EA7JQT        599 SE     0
QSO:  7039 RY 2017-03-11 1802 EA5RW         599 V      EE4C          599 M      0
QSO:  7039 RY 2017-03-11 1802 EA5RW         599 V      EB3EFU        599 GI     0
QSO:  7039 RY 2017-03-11 1803 EA5RW         599 V      EA1AUS        599 SA     0
QSO:  7039 RY 2017-03-11 1803 EA5RW         599 V      EA7GXD        599 MA     0
QSO:  7039 RY 2017-03-11 1803 EA5RW         599 V      EA4RE         599 M      0
QSO:  7039 RY 2017-03-11 1804 EA5RW         599 V      OZ1DAE        599 064    0
QSO:  7039 RY 2017-03-11 1806 EA5RW         599 V      SP6EIY        599 065    0
QSO:  7039 RY 2017-03-11 1808 EA5RW         599 V      PB0ACU        599 036    0
QSO:  7039 RY 2017-03-11 1809 EA5RW         599 V      EA5KO         599 V      0
QSO:  7039 RY 2017-03-11 1809 EA5RW         599 V      ED5LD         599 V      0
QSO:  7039 RY 2017-03-11 1810 EA5RW         599 V      F4GYI         599 066    0
QSO:  7039 RY 2017-03-11 1811 EA5RW         599 V      OK5PM         599 034    0
QSO:  7039 RY 2017-03-11 1811 EA5RW         599 V      S58Q          599 024    0
QSO:  7039 RY 2017-03-11 1812 EA5RW         599 V      EW8G          599 047    0
QSO:  7039 RY 2017-03-11 1814 EA5RW         599 V      EA3HKA        599 B      0
QSO:  7039 RY 2017-03-11 1814 EA5RW         599 V      YO6FPW        599 035    0
QSO:  7039 RY 2017-03-11 1815 EA5RW         599 V      ZA5G          599 011    0
QSO:  7039 RY 2017-03-11 1815 EA5RW         599 V      SP6JZP        599 026    0
QSO:  7039 RY 2017-03-11 1817 EA5RW         599 V      RV3ZN         599 073    0
QSO:  7039 RY 2017-03-11 1818 EA5RW         599 V      PE1CPJ        599 039    0
QSO:  7039 RY 2017-03-11 1822 EA5RW         599 V      EA4GEO        599 M      0
QSO:  7039 RY 2017-03-11 1824 EA5RW         599 V      PE1FTV        599 030    0
QSO:  7039 RY 2017-03-11 1824 EA5RW         599 V      SV7CUD        599 015    0
QSO:  7039 RY 2017-03-11 1826 EA5RW         599 V      GM3MZX        599 067    0
QSO:  7039 RY 2017-03-11 1829 EA5RW         599 V      EA2KK         599 BI     0
QSO:  7045 RY 2017-03-11 1831 EA5RW         599 V      UZ4E          599 088    0
QSO:  7045 RY 2017-03-11 1832 EA5RW         599 V      UR5CN         599 107    0
QSO:  7051 RY 2017-03-11 1834 EA5RW         599 V      EA2BF         599 BI     0
QSO:  7043 RY 2017-03-11 1838 EA5RW         599 V      R3KF          599 092    0
QSO:  7044 RY 2017-03-11 1840 EA5RW         599 V      IW7DBM        599 119    0
QSO:  7044 RY 2017-03-11 1841 EA5RW         599 V      PA2IP         599 042    0
QSO:  7045 RY 2017-03-11 1845 EA5RW         599 V      YU1BN         599 063    0
QSO:  7046 RY 2017-03-11 1846 EA5RW         599 V      CT7AJL        599 098    0
QSO:  7046 RY 2017-03-11 1847 EA5RW         599 V      UX7QV         599 069    0
QSO:  7046 RY 2017-03-11 1848 EA5RW         599 V      PA3DBS        599 083    0
QSO:  7047 RY 2017-03-11 1852 EA5RW         599 V      UR5MGU        599 062    0
QSO:  7050 RY 2017-03-11 1855 EA5RW         599 V      OH3EX         599 066    0
QSO:  7050 RY 2017-03-11 1855 EA5RW         599 V      G3SNU         599 027    0
QSO:  7050 RY 2017-03-11 1856 EA5RW         599 V      DL4ME         599 089    0
QSO:  7050 RY 2017-03-11 1857 EA5RW         599 V      DL6DJ         599 035    0
QSO:  7050 RY 2017-03-11 1858 EA5RW         599 V      OE7PKJ        599 019    0
QSO:  7050 RY 2017-03-11 1900 EA5RW         599 V      UR7GO         599 118    0
QSO: 14075 RY 2017-03-11 1911 EA5RW         599 V      PY2CDR        599 008    0
QSO: 14073 RY 2017-03-11 1913 EA5RW         599 V      EA8AQV        599 GC     0
QSO:  7041 RY 2017-03-11 1920 EA5RW         599 V      IT9VCE        599 096    0
QSO:  7042 RY 2017-03-11 1922 EA5RW         599 V      PA3EVY        599 075    0
QSO:  7043 RY 2017-03-11 1924 EA5RW         599 V      US7KC         599 144    0
QSO:  7043 RY 2017-03-11 1930 EA5RW         599 V      SP5KCR        599 137    0
QSO:  7043 RY 2017-03-11 1933 EA5RW         599 V      UR4Q          599 155    0
QSO:  3584 RY 2017-03-11 1940 EA5RW         599 V      LZ7A          599 075    0
QSO:  3581 RY 2017-03-11 1942 EA5RW         599 V      ED3D          599 GI     0
QSO:  3582 RY 2017-03-11 1942 EA5RW         599 V      EA4URE        599 HQ     0
QSO:  3583 RY 2017-03-11 1944 EA5RW         599 V      9A1CRT        599 74     0
QSO:  3582 RY 2017-03-11 1945 EA5RW         599 V      EA4DB         599 M      0
QSO:  3582 RY 2017-03-11 1945 EA5RW         599 V      EA1MI         599 SG     0
QSO:  3582 RY 2017-03-11 1947 EA5RW         599 V      ED5LD         599 V      0
QSO:  3582 RY 2017-03-11 1948 EA5RW         599 V      EA4CUO        599 BA     0
QSO:  3583 RY 2017-03-11 1952 EA5RW         599 V      YU7NW         599 067    0
QSO:  3582 RY 2017-03-11 1956 EA5RW         599 V      EA4AGI        599 M      0
QSO:  3582 RY 2017-03-11 1957 EA5RW         599 V      EA4CQX        599 M      0
QSO:  3583 RY 2017-03-11 2001 EA5RW         599 V      R7AB          599 042    0
QSO:  3583 RY 2017-03-11 2107 EA5RW         599 V      EA5ICS        599 A      0
QSO:  3586 RY 2017-03-11 2109 EA5RW         599 V      EB5CUZ        599 CS     0
QSO:  3588 RY 2017-03-11 2111 EA5RW         599 V      EA3ELZ        599 T      0
QSO:  3588 RY 2017-03-11 2112 EA5RW         599 V      YU1KT         599 128    0
QSO:  3588 RY 2017-03-11 2113 EA5RW         599 V      F5RD          599 087    0
QSO:  3586 RY 2017-03-11 2115 EA5RW         599 V      DL3SYA        599 192    0
QSO:  3587 RY 2017-03-11 2116 EA5RW         599 V      EA2KK         599 BI     0
QSO:  3586 RY 2017-03-11 2117 EA5RW         599 V      YO9BCM        599 103    0
QSO:  3585 RY 2017-03-11 2118 EA5RW         599 V      DB2BJT        599 199    0
QSO:  3581 RY 2017-03-11 2121 EA5RW         599 V      EA6ALW        599 IB     0
QSO:  3588 RY 2017-03-11 2127 EA5RW         599 V      F4ESK         599 116    0
QSO:  3588 RY 2017-03-11 2129 EA5RW         599 V      UT2S          599 127    0
QSO:  3589 RY 2017-03-11 2131 EA5RW         599 V      EA5IIK        599 CS     0
QSO:  3580 RY 2017-03-11 2132 EA5RW         599 V      EI3JE         599 068    0
QSO:  3580 RY 2017-03-11 2133 EA5RW         599 V      EA2ASB        599 BI     0
QSO:  3581 RY 2017-03-11 2135 EA5RW         599 V      CQ7EPC        599 004    0
QSO:  7042 RY 2017-03-11 2142 EA5RW         599 V      E73Z          599 088    0
QSO:  7041 RY 2017-03-11 2148 EA5RW         599 V      9A9TT         599 055    0
QSO:  7041 RY 2017-03-11 2149 EA5RW         599 V      A61DD         599 037    0
QSO:  7041 RY 2017-03-11 2151 EA5RW         599 V      IZ8XXE        599 037    0
QSO:  7046 RY 2017-03-11 2153 EA5RW         599 V      YT7DB         599 178    0
QSO:  7047 RY 2017-03-11 2156 EA5RW         599 V      M0IEP         599 127    0
QSO:  7048 RY 2017-03-11 2157 EA5RW         599 V      YT6W          599 244    0
QSO:  7040 RY 2017-03-11 2200 EA5RW         599 V      LZ7A          599 147    0
QSO:  7042 RY 2017-03-11 2204 EA5RW         599 V      DL1FCU        599 111    0
QSO:  3584 RY 2017-03-11 2216 EA5RW         599 V      EA5SM         599 A      0
QSO:  3585 RY 2017-03-11 2217 EA5RW         599 V      UR7GO         599 249    0
QSO:  3583 RY 2017-03-11 2218 EA5RW         599 V      F5PVK         599 055    0
QSO:  3584 RY 2017-03-11 2220 EA5RW         599 V      DF2AD         599 070    0
QSO:  3581 RY 2017-03-11 2222 EA5RW         599 V      EC5JC         599 A      0
QSO:  3581 RY 2017-03-11 2224 EA5RW         599 V      YL5X          599 122    0
QSO:  3581 RY 2017-03-11 2226 EA5RW         599 V      EA2XR         599 BI     0
QSO:  3581 RY 2017-03-11 2227 EA5RW         599 V      IQ2CU         599 211    0
QSO:  3579 RY 2017-03-11 2230 EA5RW         599 V      EB5CS         599 CS     0
QSO:  3579 RY 2017-03-11 2231 EA5RW         599 V      IZ4GJJ        599 022    0
QSO:  3579 RY 2017-03-11 2231 EA5RW         599 V      G4EBY         599 138    0
QSO:  3582 RY 2017-03-11 2235 EA5RW         599 V      EB3CW         599 B      0
QSO:  3582 RY 2017-03-11 2236 EA5RW         599 V      EC7RC         599 AL     0
QSO:  3582 RY 2017-03-11 2237 EA5RW         599 V      LB8QG         599 030    0
QSO:  3582 RY 2017-03-11 2238 EA5RW         599 V      G0HDV         599 158    0
QSO:  3583 RY 2017-03-11 2242 EA5RW         599 V      EC7AT         599 AL     0
QSO:  3585 RY 2017-03-11 2244 EA5RW         599 V      EA1AHY        599 S      0
QSO:  3586 RY 2017-03-11 2245 EA5RW         599 V      UR5MGU        599 251    0
QSO:  7039 RY 2017-03-11 2249 EA5RW         599 V      DL0ESA        599 013    0
QSO:  7040 RY 2017-03-11 2251 EA5RW         599 V      EA8CNR        599 GC     0
QSO:  7041 RY 2017-03-11 2254 EA5RW         599 V      EA5IGV        599 V      0
QSO:  7040 RY 2017-03-11 2342 EA5RW         599 V      TA7ASF        599 026    0
QSO:  3584 RY 2017-03-11 2346 EA5RW         599 V      EE4A          599 TO     0
QSO:  7040 RY 2017-03-12 0728 EA5RW         599 V      PA7LV         599 140    0
QSO:  7044 RY 2017-03-12 0728 EA5RW         599 V      EC7ABV        599 CA     0
QSO:  7045 RY 2017-03-12 0729 EA5RW         599 V      YU1KT         599 205    0
QSO:  7045 RY 2017-03-12 0730 EA5RW         599 V      DB2BJT        599 264    0
QSO: 14071 RY 2017-03-12 0750 EA5RW         599 V      LZ7A          599 161    0
QSO:  7046 RY 2017-03-12 0754 EA5RW         599 V      HA6NL         599 287    0
QSO:  7043 RY 2017-03-12 0801 EA5RW         599 V      F6EQZ         599 195    0
QSO:  7038 RY 2017-03-12 0808 EA5RW         599 V      EC5AEZ        599 V      0
QSO:  7040 RY 2017-03-12 0853 EA5RW         599 V      EA1AHY        599 S      0
QSO:  7040 RY 2017-03-12 0855 EA5RW         599 V      EA4CUO        599 BA     0
QSO:  7041 RY 2017-03-12 0856 EA5RW         599 V      EA1HRR        599 S      0
QSO:  7046 RY 2017-03-12 0900 EA5RW         599 V      F5SIZ         599 026    0
QSO:  7047 RY 2017-03-12 0902 EA5RW         599 V      EA1WS         599 O      0
QSO:  7040 RY 2017-03-12 0903 EA5RW         599 V      EA1AT         599 S      0
QSO:  7042 RY 2017-03-12 0904 EA5RW         599 V      EA2VE         599 VI     0
QSO:  7043 RY 2017-03-12 0906 EA5RW         599 V      EA4CRP        599 BA     0
QSO:  7044 RY 2017-03-12 0907 EA5RW         599 V      F5RD          599 171    0
QSO: 21073 RY 2017-03-12 0908 EA5RW         599 V      R7AB          599 054    0
QSO:  7042 RY 2017-03-12 0916 EA5RW         599 V      EA1EXE        599 O      0
QSO: 21071 RY 2017-03-12 0918 EA5RW         599 V      ED5LD         599 V      0
QSO: 21073 RY 2017-03-12 0923 EA5RW         599 V      4Z5KU         599 192    0
QSO:  7041 RY 2017-03-12 0930 EA5RW         599 V      ED3D          599 GI     0
QSO:  7043 RY 2017-03-12 0931 EA5RW         599 V      F5OAM         599 115    0
QSO:  7043 RY 2017-03-12 0932 EA5RW         599 V      EA7JOY        599 SE     0
QSO:  7043 RY 2017-03-12 0934 EA5RW         599 V      EA1QS         599 PO     0
QSO:  7038 RY 2017-03-12 0938 EA5RW         599 V      F5GFA         599 186    0
QSO:  7038 RY 2017-03-12 0939 EA5RW         599 V      EA7MT         599 GR     0
QSO:  7038 RY 2017-03-12 0940 EA5RW         599 V      EA3ELZ        599 T      0
QSO:  7038 RY 2017-03-12 0942 EA5RW         599 V      I0GIA         599 148    0
END-OF-LOG:
