START-OF-LOG: 3.0
CREATED-BY: reconstructed-log-builder
CONTEST: CQ-WPX-RTTY
CALLSIGN: EB1ADD
LOCATION: 
CATEGORY: CHECKLOG
CATEGORY-OPERATOR: SINGLE-OP
CATEGORY-BAND: ALL
CATEGORY-MODE: MIXED
CATEGORY-POWER: UNKNOWN
CATEGORY-ASSISTED: NON-ASSISTED
CATEGORY-TRANSMITTER: ONE
CATEGORY-STATION: UNKNOWN
CATEGORY-OVERLAY: 
OPERATORS: EB1ADD
CLAIMED-SCORE: 
CLUB: 
NAME: 
SOAPBOX: RECONSTRUCTED MOCKUP LOG - NOT AN OFFICIAL SUBMISSION.
SOAPBOX: Derived from submitted logs for CQ-WPX-RTTY CQWPXRTTY/2024.
QSO:  7087 RY 2024-02-10 1950 EB1ADD        599 001 DB1WA         599 844
QSO:  7086 RY 2024-02-10 1952 EB1ADD        599 002 LZ2KTS        599 089
QSO:  7083 RY 2024-02-10 1956 EB1ADD        599 0003 UW4E          599 0646
QSO:  7080 RY 2024-02-10 2000 EB1ADD        599 004 DJ4MX         599 059
QSO:  7079 RY 2024-02-10 2002 EB1ADD        599 0005 TM7Y          599 0687
QSO:  7073 RY 2024-02-10 2005 EB1ADD        599 006 DL4ZA         599 312
QSO:  7074 RY 2024-02-10 2006 EB1ADD        599 0007 EA3F          599 0086
QSO:  7070 RY 2024-02-10 2007 EB1ADD        599 0008 EA4Z          599 0277
QSO:  7069 RY 2024-02-10 2009 EB1ADD        599 009 EU4E          599 721
QSO:  7069 RY 2024-02-10 2012 EB1ADD        599 0010 G7SLP         599 0592
QSO:  7067 RY 2024-02-10 2013 EB1ADD        599 011 F4ERS         599 386
QSO:  7066 RY 2024-02-10 2014 EB1ADD        599 0012 HB9OK         599 0380
QSO:  7066 RY 2024-02-10 2020 EB1ADD        599 013 OE2E          599 0349
QSO:  7066 RY 2024-02-10 2021 EB1ADD        599 0014 DQ9Y          599 1032
QSO:  7065 RY 2024-02-10 2024 EB1ADD        599 0015 M7T           599 1023
QSO:  7063 RY 2024-02-10 2025 EB1ADD        599 016 DA0BCC        599 808
QSO:  7063 RY 2024-02-10 2026 EB1ADD        599 0017 S53M          599 1154
QSO:  7062 RY 2024-02-10 2028 EB1ADD        599 0018 S51A          599 1150
QSO:  7041 RY 2024-02-10 2032 EB1ADD        599 019 C37N          599 0388
QSO:  7037 RY 2024-02-10 2035 EB1ADD        599 0020 II3O          599 0285
QSO:  7035 RY 2024-02-10 2036 EB1ADD        599 0021 RG9A          599 0786
QSO:  7054 RY 2024-02-10 2038 EB1ADD        599 022 LZ7X          599 0409
QSO:  7055 RY 2024-02-10 2039 EB1ADD        599 0023 DP7D          599 0557
QSO:  7072 RY 2024-02-10 2040 EB1ADD        599 024 TM6Y          599 0282
QSO:  7073 RY 2024-02-10 2041 EB1ADD        599 0025 OH1TM         599 0565
QSO:  7000 RY 2024-02-10 2047 EB1ADD        599 027 DR3K          599 348
END-OF-LOG:
