START-OF-LOG: 3.0
CREATED-BY: vhfmanager-downloader
CONTEST: ZRS marčevsko UKV tekmovanje - Official results - VHFManager
CALLSIGN: DL4EBA
CATEGORY: 435 MHz - checklog
CATEGORY-OPERATOR: SINGLE-OP
CATEGORY-ASSISTED: NON-ASSISTED
CATEGORY-TRANSMITTER: ONE
CATEGORY-STATION: FIXED
QSO: 435000 PH 2013-03-03 0717 DL4EBA        59  1 JO31MG   DL4EAX        59  71 JO31IG 
QSO: 435000 PH 2013-03-03 0825 DL4EBA        59  2 JO31MG   DJ9EY         59  45 JO31KF 
QSO: 435000 PH 2013-03-03 0828 DL4EBA        59  3 JO31MG   DK0PU         59  78 JO31JN 
QSO: 435000 PH 2013-03-03 0830 DL4EBA        59  4 JO31MG   ON4PS/P       59  93 JO20KQ 
QSO: 435000 PH 2013-03-03 0841 DL4EBA        59  5 JO31MG   DK4K          55  23 JO31GG 
QSO: 435000 PH 2013-03-03 0852 DL4EBA        59  6 JO31MG   DG1EA         59  56 JO31EF 
QSO: 435000 PH 2013-03-03 0856 DL4EBA        59  7 JO31MG   DL0LN         59  196 JO31QX
QSO: 435000 PH 2013-03-03 0859 DL4EBA        59  8 JO31MG   DJ6QS         59  10 JO31IG 
QSO: 435000 PH 2013-03-03 0902 DL4EBA        59  9 JO31MG   DL4JU         59  4 JO31LF  
QSO: 435000 PH 2013-03-03 0905 DL4EBA        59  10 JO31MG  DL0II         59  14 JO31LG 
QSO: 435000 PH 2013-03-03 1100 DL4EBA        59  11 JO31MG  DF0MU         59  285 JO32PC
END-OF-LOG:
