START-OF-LOG: 3.0
CONTEST: SAC-CW
CALLSIGN: F5ROX
CATEGORY-OPERATOR: SINGLE-OP
CATEGORY-BAND: ALL
CATEGORY-POWER: LOW
CLUB: UNION FRANÁAISE DES TÈLÈGRAPHISTES
CLAIMED-SCORE: 2752
CATEGORY-STATION: FIXED
CATEGORY-MODE: CW
NAME: Didier Lallement
QSO: 28000 CW 2024-09-21 1309 F5ROX         599      1 SK3W          599     41 0
QSO: 28000 CW 2024-09-21 1311 F5ROX         599      2 OG1F          599    235 0
QSO: 28000 CW 2024-09-21 1317 F5ROX         599      3 SM2U          599     32 0
QSO: 28000 CW 2024-09-21 1318 F5ROX         599      4 OH1VR         599     83 0
QSO: 28000 CW 2024-09-21 1319 F5ROX         599      5 XP2I          599    111 0
QSO: 28000 CW 2024-09-21 1323 F5ROX         599      6 SM6F          599     96 0
QSO: 28000 CW 2024-09-21 1326 F5ROX         599      7 SK4EA         599     94 0
QSO: 28000 CW 2024-09-21 1328 F5ROX         599      8 OH0M          599    186 0
QSO: 28000 CW 2024-09-21 1335 F5ROX         599      9 SK3W          599     68 0
QSO: 21000 CW 2024-09-21 1337 F5ROX         599     10 TF3D          599    195 0
QSO:  7000 CW 2024-09-22 0554 F5ROX         599     11 SK6X          599    628 0
QSO:  7000 CW 2024-09-22 0555 F5ROX         599     12 SK4EA         599    842 0
QSO:  7000 CW 2024-09-22 0602 F5ROX         599     13 XP2E          599    924 0
QSO:  7000 CW 2024-09-22 0606 F5ROX         599     14 OZ3TQ         599    395 0
QSO:  7000 CW 2024-09-22 0609 F5ROX         599     15 SM5MX         599    181 0
QSO:  7000 CW 2024-09-22 0610 F5ROX         599     16 LB4UH         599    729 0
QSO:  7000 CW 2024-09-22 0616 F5ROX         599     17 LN7TTT        599    447 0
QSO:  7000 CW 2024-09-22 0619 F5ROX         599     18 OZ5W          599    481 0
QSO:  7000 CW 2024-09-22 0710 F5ROX         599     19 SF6W          599    731 0
QSO:  7000 CW 2024-09-22 0716 F5ROX         599     20 LA6VM         599    447 0
QSO:  7000 CW 2024-09-22 0757 F5ROX         599     21 OH7K          599    667 0
QSO: 14000 CW 2024-09-22 0759 F5ROX         599     22 LC5P          599    441 0
QSO: 14000 CW 2024-09-22 0803 F5ROX         599     23 LC5T          599   1264 0
QSO: 14000 CW 2024-09-22 0804 F5ROX         599     24 SF0A          599    679 0
QSO: 14000 CW 2024-09-22 0806 F5ROX         599     25 OH2YL         599    813 0
QSO: 14000 CW 2024-09-22 0811 F5ROX         599     26 LB4UH         599    840 0
QSO: 14000 CW 2024-09-22 0813 F5ROX         599     27 LN3C          599   1492 0
QSO: 14000 CW 2024-09-22 0814 F5ROX         599     28 OZ4CG         599    424 0
QSO: 14000 CW 2024-09-22 0816 F5ROX         599     29 LA/G3SRC      599    360 0
QSO: 14000 CW 2024-09-22 0818 F5ROX         599     30 LA8OM         599   1132 0
QSO: 14000 CW 2024-09-22 0819 F5ROX         599     31 SM6EAN        599    917 0
QSO: 14000 CW 2024-09-22 0821 F5ROX         599     32 OH2OA         599    700 0
QSO: 14000 CW 2024-09-22 0822 F5ROX         599     33 OH2NA         599   1214 0
QSO: 14000 CW 2024-09-22 0823 F5ROX         599     34 OZ6SYL        599    514 0
QSO: 14000 CW 2024-09-22 0828 F5ROX         599     35 OH7K          599    915 0
QSO: 14000 CW 2024-09-22 0830 F5ROX         599     36 SC7DX         599    637 0
QSO: 14000 CW 2024-09-22 0832 F5ROX         599     37 SE5E          599    810 0
QSO: 14000 CW 2024-09-22 0833 F5ROX         599     38 TF3W          599   1600 0
QSO: 14000 CW 2024-09-22 0834 F5ROX         599     39 SC6O          599    701 0
QSO: 14000 CW 2024-09-22 0835 F5ROX         599     40 OZ8PG         599    126 0
QSO: 14000 CW 2024-09-22 0837 F5ROX         599     41 OH2PM         599   1142 0
QSO: 14000 CW 2024-09-22 0840 F5ROX         599     42 LA2AB         599   1346 0
QSO: 14000 CW 2024-09-22 0846 F5ROX         599     43 SJ2W          599   1934 0
QSO: 14000 CW 2024-09-22 0847 F5ROX         599     44 SK6X          599    933 0
QSO: 14000 CW 2024-09-22 0851 F5ROX         599     45 OH2BKX        599    422 0
QSO: 14000 CW 2024-09-22 0853 F5ROX         599     46 SM6Q          599    451 0
QSO: 14000 CW 2024-09-22 0854 F5ROX         599     47 SK0QO         599   1151 0
QSO: 14000 CW 2024-09-22 0856 F5ROX         599     48 SM6NT         599    479 0
QSO: 14000 CW 2024-09-22 0857 F5ROX         599     49 SM7CIL        599    229 0
QSO: 14000 CW 2024-09-22 0901 F5ROX         599     50 SM3EAE        599    423 0
QSO: 14000 CW 2024-09-22 0904 F5ROX         599     51 OZ5KU         599     31 0
QSO: 14000 CW 2024-09-22 0906 F5ROX         599     52 SM9F          599    466 0
QSO: 14000 CW 2024-09-22 0911 F5ROX         599     53 LA5FJA        599    323 0
QSO: 14000 CW 2024-09-22 0923 F5ROX         599     54 SD6M          599    676 0
QSO: 14000 CW 2024-09-22 0925 F5ROX         599     55 OZ/DF4ZL      599    747 0
QSO: 21000 CW 2024-09-22 0929 F5ROX         599     56 SM2U          599    335 0
QSO: 21000 CW 2024-09-22 0930 F5ROX         599     57 OH1KBX/6      599    729 0
QSO: 21000 CW 2024-09-22 0936 F5ROX         599     58 SJ2W          599   2014 0
QSO: 21000 CW 2024-09-22 0942 F5ROX         599     59 SK3W          599    604 0
QSO: 21000 CW 2024-09-22 0944 F5ROX         599     60 OH6RE         599    245 0
QSO: 21000 CW 2024-09-22 0946 F5ROX         599     61 SE4E          599    848 0
QSO: 21000 CW 2024-09-22 0948 F5ROX         599     62 SM3GSK        599    666 0
QSO: 21000 CW 2024-09-22 0949 F5ROX         599     63 OH2AM         599   1813 0
QSO: 21000 CW 2024-09-22 0952 F5ROX         599     64 OG9E          599    847 0
END-OF-LOG: