START-OF-LOG: 2.0
CREATED-BY: QARTest 6.2.1
CONTEST: REF-SSB
REF-SECTION: DX
CALLSIGN: IK4XQT
CATEGORY: SINGLE-OP ALL HIGH
CLAIMED-SCORE: 144
NAME: Stefano Santi
QSO:  7000 PH 2016-02-27 0635 IK4XQT        59  001    TM1A          59  77     
QSO:  7000 PH 2016-02-27 0640 IK4XQT        59  002    F5DJL         59  74     
QSO:  7000 PH 2016-02-27 0703 IK4XQT        59  003    TM4M          59  13     
QSO:  7000 PH 2016-02-27 0717 IK4XQT        59  004    TM15C         59  15     
QSO:  7000 PH 2016-02-27 0735 IK4XQT        59  005    F5PAC         59  68     
QSO: 14000 PH 2016-02-27 1154 IK4XQT        59  006    F6KHM         59  29     
QSO: 14000 PH 2016-02-27 1201 IK4XQT        59  007    F6KRC         59  35     
QSO: 14000 PH 2016-02-27 1231 IK4XQT        59  008    TM5G          59  44     
QSO: 14000 PH 2016-02-27 1238 IK4XQT        59  009    F5KDK/P       59  24     
QSO: 14000 PH 2016-02-27 1242 IK4XQT        59  010    F4FFH         59  50     
QSO: 14000 PH 2016-02-27 1250 IK4XQT        59  011    F4FKR         59  22     
QSO:  7000 PH 2016-02-28 0723 IK4XQT        59  012    F5UTN         59  27     
END-OF-LOG:
