START-OF-LOG: 3.0
CREATED-BY: HMRA public 9A HRS HF Robot downloader
CONTEST: 9A-CW
CALLSIGN: US7IY
OPERATORS: US7IY
CATEGORY: B2
CATEGORY-OPERATOR: SINGLE-OP
CATEGORY-BAND: ALL
CATEGORY-MODE: CW
CATEGORY-POWER: LOW
CLAIMED-SCORE: 170690
SOAPBOX: Recreated from 9A HRS HF Robot public QSO table for Croatian CW Contest 2021.
SOAPBOX: Public error-summary rows are ignored.
SOAPBOX: Source: https://www.hamradio.hr/hfrobot/hfcc_log.php?What=vloghtm&CID=2021-12-18&ID=US7IY
SOAPBOX: Source category label: B2 - SINGLE-OP, ALL bands - Low power (< 100 Watts).
SOAPBOX: Published QSO count: 467.
QSO: 07010 CW 2021-12-18 1400 US7IY         599 0001       RD0A          599 0001 AS   
QSO: 07012 CW 2021-12-18 1400 US7IY         599 0002       LZ7G          599 0003 EU   
QSO: 07012 CW 2021-12-18 1401 US7IY         599 0003       4L8A          599 0004 AS   
QSO: 07008 CW 2021-12-18 1402 US7IY         599 0004       R9LY          599 0004 EU   
QSO: 07013 CW 2021-12-18 1403 US7IY         599 0005       9A4WY         599 0007 EU   
QSO: 07028 CW 2021-12-18 1404 US7IY         599 0006       9A1E          599 0005 EU   
QSO: 07017 CW 2021-12-18 1404 US7IY         599 0007       9A5D          599 0011 EU   
QSO: 07015 CW 2021-12-18 1405 US7IY         599 0008       YO4NF         599 0008 EU   
QSO: 07002 CW 2021-12-18 1405 US7IY         599 0009       LY4L          599 0007 EU   
QSO: 07014 CW 2021-12-18 1406 US7IY         599 0010       LZ6F          599 0012 EU   
QSO: 07025 CW 2021-12-18 1407 US7IY         599 0011       YT4W          599 0012 EU   
QSO: 07031 CW 2021-12-18 1409 US7IY         599 0012       PA3AAV        599 0010 EU   
QSO: 07035 CW 2021-12-18 1409 US7IY         599 0013       EV1R          599 0004 EU   
QSO: 07011 CW 2021-12-18 1411 US7IY         599 0014       OE6VIE        599 0020 EU   
QSO: 07019 CW 2021-12-18 1412 US7IY         599 0015       ES4RD         599 0015 EU   
QSO: 14013 CW 2021-12-18 1414 US7IY         599 0016       S51DX         599 0028 EU   
QSO: 14016 CW 2021-12-18 1414 US7IY         599 0017       OK2PF         599 0011 EU   
QSO: 14028 CW 2021-12-18 1425 US7IY         599 0018       OM7M          599 0032 EU   
QSO: 14032 CW 2021-12-18 1427 US7IY         599 0019       EA4OR         599 0056 EU   
QSO: 14037 CW 2021-12-18 1428 US7IY         599 0020       N4SS          599 0304 NA   
QSO: 14012 CW 2021-12-18 1429 US7IY         599 0021       DL6IAK        599 0043 EU   
QSO: 14012 CW 2021-12-18 1430 US7IY         599 0022       DM0A          599 0071 EU   
QSO: 14020 CW 2021-12-18 1430 US7IY         599 0023       IZ8GCB        599 0063 EU   
QSO: 14028 CW 2021-12-18 1432 US7IY         599 0024       IS0/OM3RM     599 0049 EU   
QSO: 14016 CW 2021-12-18 1437 US7IY         599 0025       I6FDJ         599 0036 EU   
QSO: 14017 CW 2021-12-18 1437 US7IY         599 0026       9A4W          599 0035 EU   
QSO: 14022 CW 2021-12-18 1438 US7IY         599 0027       PA2PKZ        599 0046 EU   
QSO: 14026 CW 2021-12-18 1438 US7IY         599 0028       US3IZ         599 0009 EU   
QSO: 14049 CW 2021-12-18 1439 US7IY         599 0029       9A2MF         599 0014 EU   
QSO: 14054 CW 2021-12-18 1440 US7IY         599 0030       IZ3NVR        599 0018 EU   
QSO: 14044 CW 2021-12-18 1443 US7IY         599 0031       IQ1DF         599 0016 EU   
QSO: 07005 CW 2021-12-18 1444 US7IY         599 0032       9A5AX         599 0041 EU   
QSO: 07018 CW 2021-12-18 1446 US7IY         599 0033       9A0BB         599 0104 EU   
QSO: 07018 CW 2021-12-18 1446 US7IY         599 0034       OH1SIC        599 0033 EU   
QSO: 07018 CW 2021-12-18 1447 US7IY         599 0035       OK1MAW        599 0040 EU   
QSO: 07018 CW 2021-12-18 1447 US7IY         599 0036       RX3VF         599 0009 EU   
QSO: 07018 CW 2021-12-18 1447 US7IY         599 0037       SP7JLH        599 0042 EU   
QSO: 07018 CW 2021-12-18 1448 US7IY         599 0038       SP2MKI        599 0054 EU   
QSO: 07025 CW 2021-12-18 1449 US7IY         599 0039       DF8AE         599 0046 EU   
QSO: 07025 CW 2021-12-18 1449 US7IY         599 0040       DL4ME         599 0028 EU   
QSO: 07029 CW 2021-12-18 1450 US7IY         599 0041       9A3YT         599 0082 EU   
QSO: 07038 CW 2021-12-18 1451 US7IY         599 0042       RT3N          599 0066 EU   
QSO: 07006 CW 2021-12-18 1452 US7IY         599 0043       Z35Y          599 0004 EU   
QSO: 07016 CW 2021-12-18 1452 US7IY         599 0044       UA4M          599 0106 EU   
QSO: 07022 CW 2021-12-18 1453 US7IY         599 0045       OK1JOC        599 0064 EU   
QSO: 07022 CW 2021-12-18 1453 US7IY         599 0046       DL5YL         599 0063 EU   
QSO: 07026 CW 2021-12-18 1454 US7IY         599 0047       IS0/OM3RM     599 0100 EU   
QSO: 07027 CW 2021-12-18 1455 US7IY         599 0048       LY7T          599 0021 EU   
QSO: 07010 CW 2021-12-18 1456 US7IY         599 0049       UN7LZ         599 0047 AS   
QSO: 07012 CW 2021-12-18 1456 US7IY         599 0050       S52AW         599 0102 EU   
QSO: 03519 CW 2021-12-18 1459 US7IY         599 0051       9A21YOTA      599 0054 EU   
QSO: 07023 CW 2021-12-18 1501 US7IY         599 0052       YT3D          599 0009 EU   
QSO: 07014 CW 2021-12-18 1503 US7IY         599 0053       UP7L          599 0028 AS   
QSO: 07004 CW 2021-12-18 1544 US7IY         599 0054       SN2W          599 0098 EU   
QSO: 07006 CW 2021-12-18 1544 US7IY         599 0055       LY2MM         599 0122 EU   
QSO: 07018 CW 2021-12-18 1545 US7IY         599 0056       LZ1ND         599 0107 EU   
QSO: 07022 CW 2021-12-18 1546 US7IY         599 0057       LZ1ZF         599 0018 EU   
QSO: 07026 CW 2021-12-18 1548 US7IY         599 0058       DJ7PRM        599 0043 EU   
QSO: 03528 CW 2021-12-18 1550 US7IY         599 0059       LZ1RW         599 0046 EU   
QSO: 07014 CW 2021-12-18 1614 US7IY         599 0060       LZ5R          599 0122 EU   
QSO: 07016 CW 2021-12-18 1615 US7IY         599 0061       DG7EE         599 0055 EU   
QSO: 07024 CW 2021-12-18 1616 US7IY         599 0062       4U1A          599 0055 EU   
QSO: 07029 CW 2021-12-18 1617 US7IY         599 0063       OM7M          599 0201 EU   
QSO: 07036 CW 2021-12-18 1618 US7IY         599 0064       9A2AJ         599 0153 EU   
QSO: 07038 CW 2021-12-18 1619 US7IY         599 0065       YT0C          599 0174 EU   
QSO: 07005 CW 2021-12-18 1647 US7IY         599 0066       9A7V          599 0374 EU   
QSO: 07031 CW 2021-12-18 1648 US7IY         599 0067       S54X          599 0091 EU   
QSO: 07010 CW 2021-12-18 1649 US7IY         599 0068       S53F          599 0008 EU   
QSO: 07007 CW 2021-12-18 1650 US7IY         599 0069       OM8AA         599 0160 EU   
QSO: 07026 CW 2021-12-18 1652 US7IY         599 0070       S53M          599 0264 EU   
QSO: 03511 CW 2021-12-18 2122 US7IY         599 0071       9A50Y         599 0197 EU   
QSO: 03519 CW 2021-12-18 2123 US7IY         599 0072       9A4BA         599 0235 EU   
QSO: 03516 CW 2021-12-18 2125 US7IY         599 0073       9A2GA         599 0219 EU   
QSO: 03537 CW 2021-12-18 2126 US7IY         599 0074       9A4W          599 0473 EU   
QSO: 03535 CW 2021-12-18 2127 US7IY         599 0075       9A1E          599 0288 EU   
QSO: 03512 CW 2021-12-18 2128 US7IY         599 0076       LY2TS         599 0196 EU   
QSO: 03512 CW 2021-12-18 2128 US7IY         599 0077       Z35F          599 0281 EU   
QSO: 03514 CW 2021-12-18 2129 US7IY         599 0078       F8DFP         599 0111 EU   
QSO: 03515 CW 2021-12-18 2129 US7IY         599 0079       OG4A          599 0233 EU   
QSO: 03515 CW 2021-12-18 2130 US7IY         599 0080       YT4T          599 0191 EU   
QSO: 03520 CW 2021-12-18 2131 US7IY         599 0081       OR3A          599 0101 EU   
QSO: 03522 CW 2021-12-18 2132 US7IY         599 0082       IS0/OM3RM     599 0519 EU   
QSO: 03528 CW 2021-12-18 2133 US7IY         599 0083       OK2ZV         599 0151 EU   
QSO: 03529 CW 2021-12-18 2134 US7IY         599 0084       DL7JAN        599 0219 EU   
QSO: 03529 CW 2021-12-18 2134 US7IY         599 0085       SE0B          599 0192 EU   
QSO: 03529 CW 2021-12-18 2134 US7IY         599 0086       OK2YZ         599 0157 EU   
QSO: 03529 CW 2021-12-18 2135 US7IY         599 0087       IK6BAK        599 0131 EU   
QSO: 03529 CW 2021-12-18 2135 US7IY         599 0088       HG4I          599 0370 EU   
QSO: 03529 CW 2021-12-18 2135 US7IY         599 0089       D1M           599 0060 EU   
QSO: 03529 CW 2021-12-18 2136 US7IY         599 0090       YO4DG         599 0307 EU   
QSO: 03529 CW 2021-12-18 2136 US7IY         599 0091       YT1A          599 0336 EU   
QSO: 03529 CW 2021-12-18 2136 US7IY         599 0092       YO5AVN        599 0293 EU   
QSO: 03529 CW 2021-12-18 2137 US7IY         599 0093       HG5A          599 0152 EU   
QSO: 03529 CW 2021-12-18 2137 US7IY         599 0094       RK9Q          599 0145 AS   
QSO: 03529 CW 2021-12-18 2137 US7IY         599 0095       R6CW          599 0048 EU   
QSO: 03529 CW 2021-12-18 2138 US7IY         599 0096       UT3KW         599 0148 EU   
QSO: 03529 CW 2021-12-18 2138 US7IY         599 0097       RD4A          599 0253 EU   
QSO: 03529 CW 2021-12-18 2138 US7IY         599 0098       YO8DOH        599 0140 EU   
QSO: 03529 CW 2021-12-18 2139 US7IY         599 0099       OK2PIM        599 0151 EU   
QSO: 03529 CW 2021-12-18 2139 US7IY         599 0100       IV3EAD        599 0160 EU   
QSO: 03529 CW 2021-12-18 2140 US7IY         599 0101       US3EO         599 0204 EU   
QSO: 03529 CW 2021-12-18 2140 US7IY         599 0102       9A0KG         599 0461 EU   
QSO: 03529 CW 2021-12-18 2140 US7IY         599 0103       E7/Z35M       599 0124 EU   
QSO: 03529 CW 2021-12-18 2141 US7IY         599 0104       YO4NF         599 0506 EU   
QSO: 03529 CW 2021-12-18 2141 US7IY         599 0105       UA4M          599 0598 EU   
QSO: 03529 CW 2021-12-18 2142 US7IY         599 0106       S57X          599 0128 EU   
QSO: 03529 CW 2021-12-18 2142 US7IY         599 0107       LY2A          599 0294 EU   
QSO: 03529 CW 2021-12-18 2143 US7IY         599 0108       OE3KAB        599 0072 EU   
QSO: 03529 CW 2021-12-18 2143 US7IY         599 0109       SN5J          599 0251 EU   
QSO: 03529 CW 2021-12-18 2144 US7IY         599 0110       OH5TS         599 0155 EU   
QSO: 03529 CW 2021-12-18 2144 US7IY         599 0111       DF6FQ         599 0024 EU   
QSO: 03529 CW 2021-12-18 2145 US7IY         599 0112       SP1GZF        599 0112 EU   
QSO: 03529 CW 2021-12-18 2145 US7IY         599 0113       UA4C          599 0158 EU   
QSO: 03529 CW 2021-12-18 2145 US7IY         599 0114       E7CW          599 0245 EU   
QSO: 03529 CW 2021-12-18 2146 US7IY         599 0115       UW5Y          599 0757 EU   
QSO: 03529 CW 2021-12-18 2147 US7IY         599 0116       UN7LZ         599 0362 AS   
QSO: 03526 CW 2021-12-18 2149 US7IY         599 0117       9A3DML        599 0152 EU   
QSO: 03516 CW 2021-12-18 2149 US7IY         599 0118       9A2X          599 0019 EU   
QSO: 03537 CW 2021-12-18 2151 US7IY         599 0119       9A2L          599 0357 EU   
QSO: 03513 CW 2021-12-18 2152 US7IY         599 0120       4Z4KX         599 0109 AS   
QSO: 03518 CW 2021-12-18 2153 US7IY         599 0121       LY4BF         599 0091 EU   
QSO: 03520 CW 2021-12-18 2153 US7IY         599 0122       E77EA         599 0335 EU   
QSO: 03529 CW 2021-12-18 2154 US7IY         599 0123       YO4DW         599 0216 EU   
QSO: 03533 CW 2021-12-18 2154 US7IY         599 0124       LZ3ZZ         599 0248 EU   
QSO: 03534 CW 2021-12-18 2155 US7IY         599 0125       OK1KKI        599 0134 EU   
QSO: 03541 CW 2021-12-18 2156 US7IY         599 0126       RO5X          599 0152 EU   
QSO: 03545 CW 2021-12-18 2157 US7IY         599 0127       LZ5XQ         599 0139 EU   
QSO: 01817 CW 2021-12-18 2201 US7IY         599 0128       9A5W          599 0394 EU   
QSO: 01836 CW 2021-12-18 2205 US7IY         599 0129       LY7T          599 0363 EU   
QSO: 03508 CW 2021-12-18 2214 US7IY         599 0130       9A2AJ         599 0542 EU   
QSO: 03538 CW 2021-12-18 2218 US7IY         599 0131       LZ1BJ         599 0074 EU   
QSO: 03517 CW 2021-12-18 2222 US7IY         599 0132       LZ5R          599 0747 EU   
QSO: 07002 CW 2021-12-18 2223 US7IY         599 0133       LY9A          599 0266 EU   
QSO: 07016 CW 2021-12-18 2235 US7IY         599 0134       9A4W          599 0531 EU   
QSO: 07015 CW 2021-12-18 2236 US7IY         599 0135       9A2L          599 0411 EU   
QSO: 07016 CW 2021-12-18 2237 US7IY         599 0136       K1ZZ          599 0553 NA   
QSO: 07033 CW 2021-12-18 2238 US7IY         599 0137       LZ3ZZ         599 0306 EU   
QSO: 07009 CW 2021-12-18 2239 US7IY         599 0138       OL70DG        599 0350 EU   
QSO: 03512 CW 2021-12-18 2241 US7IY         599 0139       SN1T          599 0359 EU   
QSO: 03510 CW 2021-12-18 2242 US7IY         599 0140       RG9A          599 0581 AS   
QSO: 03513 CW 2021-12-18 2243 US7IY         599 0141       SP4AWE        599 0199 EU   
QSO: 03521 CW 2021-12-18 2243 US7IY         599 0142       OM7M          599 0675 EU   
QSO: 03524 CW 2021-12-18 2244 US7IY         599 0143       IZ8GCB        599 0181 EU   
QSO: 03526 CW 2021-12-18 2245 US7IY         599 0144       YT1WA         599 0331 EU   
QSO: 03535 CW 2021-12-18 2246 US7IY         599 0145       PC6YOTA       599 0094 EU   
QSO: 03542 CW 2021-12-18 2247 US7IY         599 0146       SP3SLU        599 0066 EU   
QSO: 03544 CW 2021-12-18 2249 US7IY         599 0147       HA5UA         599 0055 EU   
QSO: 03547 CW 2021-12-18 2250 US7IY         599 0148       9A2HM         599 0087 EU   
QSO: 03528 CW 2021-12-18 2250 US7IY         599 0149       9A0BB         599 0814 EU   
QSO: 03545 CW 2021-12-18 2252 US7IY         599 0150       9A0YOTA       599 0016 EU   
QSO: 03512 CW 2021-12-18 2253 US7IY         599 0151       YU1YV         599 0342 EU   
QSO: 03515 CW 2021-12-18 2254 US7IY         599 0152       HA7MF         599 0273 EU   
QSO: 03516 CW 2021-12-18 2255 US7IY         599 0153       SP2R          599 0357 EU   
QSO: 03516 CW 2021-12-18 2256 US7IY         599 0154       SP7JLH        599 0348 EU   
QSO: 03516 CW 2021-12-18 2256 US7IY         599 0155       OL7P          599 0203 EU   
QSO: 03516 CW 2021-12-18 2256 US7IY         599 0156       EW8OM         599 0166 EU   
QSO: 03516 CW 2021-12-18 2257 US7IY         599 0157       UW6M          599 0181 EU   
QSO: 03516 CW 2021-12-18 2258 US7IY         599 0158       S53M          599 0716 EU   
QSO: 03516 CW 2021-12-18 2258 US7IY         599 0159       DM2RN         599 0098 EU   
QSO: 03516 CW 2021-12-18 2259 US7IY         599 0160       LY4L          599 0623 EU   
QSO: 03516 CW 2021-12-18 2300 US7IY         599 0161       YT6M          599 0431 EU   
QSO: 03516 CW 2021-12-18 2300 US7IY         599 0162       M7DX          599 0498 EU   
QSO: 03516 CW 2021-12-18 2301 US7IY         599 0163       DM7AA         599 0267 EU   
QSO: 03516 CW 2021-12-18 2302 US7IY         599 0164       DA3T          599 0307 EU   
QSO: 03516 CW 2021-12-18 2302 US7IY         599 0165       S51ZJ         599 0175 EU   
QSO: 03516 CW 2021-12-18 2303 US7IY         599 0166       YU1RM         599 0056 EU   
QSO: 03516 CW 2021-12-18 2303 US7IY         599 0167       YL2PJ         599 0129 EU   
QSO: 07019 CW 2021-12-18 2310 US7IY         599 0168       ZA1EM         599 0176 EU   
QSO: 07034 CW 2021-12-18 2312 US7IY         599 0169       SC0T          599 0127 EU   
QSO: 07034 CW 2021-12-18 2313 US7IY         599 0170       PA0GJV        599 0065 EU   
QSO: 03512 CW 2021-12-18 2315 US7IY         599 0171       SP2FAP        599 0129 EU   
QSO: 03517 CW 2021-12-18 2316 US7IY         599 0172       SP7CF         599 0156 EU   
QSO: 03517 CW 2021-12-18 2316 US7IY         599 0173       OK2MBP        599 0343 EU   
QSO: 03514 CW 2021-12-19 0411 US7IY         599 0174       UP0L          599 0552 AS   
QSO: 03529 CW 2021-12-19 0411 US7IY         599 0175       LZ1QZ         599 0265 EU   
QSO: 03516 CW 2021-12-19 0412 US7IY         599 0176       RW7F          599 0054 EU   
QSO: 07025 CW 2021-12-19 0416 US7IY         599 0177       LZ4AE         599 0315 EU   
QSO: 07021 CW 2021-12-19 0417 US7IY         599 0178       UN9L          599 0164 AS   
QSO: 03513 CW 2021-12-19 0418 US7IY         599 0179       RX3VF         599 0081 EU   
QSO: 03513 CW 2021-12-19 0419 US7IY         599 0180       RM7F          599 0083 EU   
QSO: 03513 CW 2021-12-19 0419 US7IY         599 0181       OL70DG        599 0375 EU   
QSO: 03513 CW 2021-12-19 0420 US7IY         599 0182       K1ZZ          599 0798 NA   
QSO: 03511 CW 2021-12-19 0422 US7IY         599 0183       RO7C          599 0344 EU   
QSO: 03515 CW 2021-12-19 0441 US7IY         599 0184       9A1KDE        599 0579 EU   
QSO: 03523 CW 2021-12-19 0442 US7IY         599 0185       UA3R          599 0019 EU   
QSO: 07018 CW 2021-12-19 0444 US7IY         599 0186       9A0KG         599 0675 EU   
QSO: 07013 CW 2021-12-19 0445 US7IY         599 0187       P3X           599 0818 AS   
QSO: 07014 CW 2021-12-19 0446 US7IY         599 0188       UP0L          599 0590 AS   
QSO: 07018 CW 2021-12-19 0447 US7IY         599 0189       SV1BJW        599 0137 EU   
QSO: 07019 CW 2021-12-19 0448 US7IY         599 0190       IT9ESW        599 0140 EU   
QSO: 07034 CW 2021-12-19 0448 US7IY         599 0191       9A1AA         599 0161 EU   
QSO: 07017 CW 2021-12-19 0450 US7IY         599 0192       HA4FY         599 0134 EU   
QSO: 07017 CW 2021-12-19 0451 US7IY         599 0193       N4RV          599 0094 NA   
QSO: 07017 CW 2021-12-19 0451 US7IY         599 0194       SN5J          599 0357 EU   
QSO: 07017 CW 2021-12-19 0453 US7IY         599 0195       UA9W          599 0379 AS   
QSO: 07017 CW 2021-12-19 0454 US7IY         599 0196       OM4DU         599 0107 EU   
QSO: 07017 CW 2021-12-19 0455 US7IY         599 0197       DM7AA         599 0318 EU   
QSO: 07012 CW 2021-12-19 0457 US7IY         599 0198       F5IN          599 0213 EU   
QSO: 07010 CW 2021-12-19 0457 US7IY         599 0199       RG9A          599 0671 AS   
QSO: 07010 CW 2021-12-19 0510 US7IY         599 0200       UT3EV         599 0249 EU   
QSO: 07023 CW 2021-12-19 0511 US7IY         599 0201       RK9Q          599 0170 AS   
QSO: 07015 CW 2021-12-19 0514 US7IY         599 0202       RN6A          599 0161 EU   
QSO: 07019 CW 2021-12-19 0516 US7IY         599 0203       RN3S          599 0169 EU   
QSO: 07019 CW 2021-12-19 0516 US7IY         599 0204       UW5Y          599 0895 EU   
QSO: 07019 CW 2021-12-19 0517 US7IY         599 0205       OK2MBP        599 0429 EU   
QSO: 07019 CW 2021-12-19 0517 US7IY         599 0206       UA9SMU        599 0103 AS   
QSO: 07019 CW 2021-12-19 0518 US7IY         599 0207       YU7KW         599 0662 EU   
QSO: 07019 CW 2021-12-19 0518 US7IY         599 0208       UA9CTT        599 0150 AS   
QSO: 07019 CW 2021-12-19 0518 US7IY         599 0209       OE3KAB        599 0184 EU   
QSO: 07019 CW 2021-12-19 0519 US7IY         599 0210       YO4NA         599 0040 EU   
QSO: 07019 CW 2021-12-19 0520 US7IY         599 0211       UN8PT         599 0066 AS   
QSO: 07019 CW 2021-12-19 0521 US7IY         599 0212       UA4C          599 0187 EU   
QSO: 07019 CW 2021-12-19 0522 US7IY         599 0213       UR7QC         599 0173 EU   
QSO: 07019 CW 2021-12-19 0523 US7IY         599 0214       RA4ZA         599 0101 EU   
QSO: 07019 CW 2021-12-19 0524 US7IY         599 0215       OM3CPF        599 0313 EU   
QSO: 07019 CW 2021-12-19 0525 US7IY         599 0216       UA6GO         599 0228 EU   
QSO: 07003 CW 2021-12-19 0535 US7IY         599 0217       UA6AK         599 0112 EU   
QSO: 07030 CW 2021-12-19 0537 US7IY         599 0218       UA3R          599 0100 EU   
QSO: 07012 CW 2021-12-19 0538 US7IY         599 0219       R4ACY         599 0082 EU   
QSO: 07038 CW 2021-12-19 0540 US7IY         599 0220       UC7A          599 0592 EU   
QSO: 07005 CW 2021-12-19 0541 US7IY         599 0221       9A5SSS        599 0033 EU   
QSO: 07015 CW 2021-12-19 0543 US7IY         599 0222       UT7IS         599 0164 EU   
QSO: 07020 CW 2021-12-19 0545 US7IY         599 0223       RZ9L          599 0088 AS   
QSO: 07023 CW 2021-12-19 0546 US7IY         599 0224       UR5R          599 0358 EU   
QSO: 07011 CW 2021-12-19 0638 US7IY         599 0225       Z33B          599 0193 EU   
QSO: 07014 CW 2021-12-19 0639 US7IY         599 0226       UR7HCX        599 0038 EU   
QSO: 07020 CW 2021-12-19 0639 US7IY         599 0227       RX3Q          599 0093 EU   
QSO: 07021 CW 2021-12-19 0640 US7IY         599 0228       UA3QPA        599 0248 EU   
QSO: 07008 CW 2021-12-19 0640 US7IY         599 0229       9A3XV         599 0266 EU   
QSO: 07017 CW 2021-12-19 0641 US7IY         599 0230       EO50FF        599 0155 EU   
QSO: 07009 CW 2021-12-19 0642 US7IY         599 0231       DM7X          599 0374 EU   
QSO: 07027 CW 2021-12-19 0643 US7IY         599 0232       RA7R          599 0090 EU   
QSO: 07026 CW 2021-12-19 0644 US7IY         599 0233       UY2IG         599 0265 EU   
QSO: 14023 CW 2021-12-19 0647 US7IY         599 0234       RZ9L          599 0138 AS   
QSO: 14028 CW 2021-12-19 0647 US7IY         599 0235       UC0A          599 0099 AS   
QSO: 14013 CW 2021-12-19 0648 US7IY         599 0236       RG9A          599 0777 AS   
QSO: 14008 CW 2021-12-19 0648 US7IY         599 0237       OG5O          599 0155 EU   
QSO: 14022 CW 2021-12-19 0649 US7IY         599 0238       P3X           599 0951 AS   
QSO: 14051 CW 2021-12-19 0650 US7IY         599 0239       UA9CTT        599 0174 AS   
QSO: 07023 CW 2021-12-19 0654 US7IY         599 0240       9A5Y          599 0303 EU   
QSO: 07029 CW 2021-12-19 0654 US7IY         599 0241       YO4TL         599 0103 EU   
QSO: 07027 CW 2021-12-19 0655 US7IY         599 0242       OH2KW         599 0150 EU   
QSO: 07024 CW 2021-12-19 0657 US7IY         599 0243       E73ESP        599 0395 EU   
QSO: 07016 CW 2021-12-19 0659 US7IY         599 0244       RA3YDA        599 0273 EU   
QSO: 07016 CW 2021-12-19 0659 US7IY         599 0245       HG8K          599 0180 EU   
QSO: 07016 CW 2021-12-19 0702 US7IY         599 0246       R3OR          599 0184 EU   
QSO: 07016 CW 2021-12-19 0702 US7IY         599 0247       R3RK          599 0091 EU   
QSO: 07008 CW 2021-12-19 0704 US7IY         599 0248       YO4AAC        599 0041 EU   
QSO: 07015 CW 2021-12-19 0705 US7IY         599 0249       RT1I          599 0049 EU   
QSO: 07022 CW 2021-12-19 0706 US7IY         599 0250       YO8DOH        599 0282 EU   
QSO: 07024 CW 2021-12-19 0707 US7IY         599 0251       YO4DG         599 0447 EU   
QSO: 07016 CW 2021-12-19 0709 US7IY         599 0252       RM5F          599 0009 EU   
QSO: 07016 CW 2021-12-19 0709 US7IY         599 0253       E77R          599 0280 EU   
QSO: 07016 CW 2021-12-19 0709 US7IY         599 0254       YP5A          599 0168 EU   
QSO: 07016 CW 2021-12-19 0710 US7IY         599 0255       EW1TO         599 0012 EU   
QSO: 07016 CW 2021-12-19 0710 US7IY         599 0256       RL5A          599 0152 EU   
QSO: 07016 CW 2021-12-19 0711 US7IY         599 0257       UR7VA         599 0095 EU   
QSO: 07016 CW 2021-12-19 0712 US7IY         599 0258       YT6M          599 0512 EU   
QSO: 07016 CW 2021-12-19 0712 US7IY         599 0259       US3EW         599 0064 EU   
QSO: 07016 CW 2021-12-19 0714 US7IY         599 0260       YU5T          599 0230 EU   
QSO: 07016 CW 2021-12-19 0714 US7IY         599 0261       US5EFU        599 0156 EU   
QSO: 07016 CW 2021-12-19 0716 US7IY         599 0262       LZ2CH         599 0103 EU   
QSO: 07016 CW 2021-12-19 0717 US7IY         599 0263       SP1AEN        599 0263 EU   
QSO: 07004 CW 2021-12-19 0718 US7IY         599 0264       UR7GO         599 0067 EU   
QSO: 07021 CW 2021-12-19 0734 US7IY         599 0265       SP2DKI        599 0212 EU   
QSO: 07012 CW 2021-12-19 0734 US7IY         599 0266       9A1KDE        599 0699 EU   
QSO: 21018 CW 2021-12-19 0736 US7IY         599 0267       UP0L          599 0709 AS   
QSO: 21011 CW 2021-12-19 0738 US7IY         599 0268       RG9A          599 0850 AS   
QSO: 21019 CW 2021-12-19 0739 US7IY         599 0269       UA9CTT        599 0236 AS   
QSO: 21022 CW 2021-12-19 0740 US7IY         599 0270       UN7LZ         599 0685 AS   
QSO: 21030 CW 2021-12-19 0741 US7IY         599 0271       RD0A          599 0336 AS   
QSO: 14006 CW 2021-12-19 0744 US7IY         599 0272       LY4L          599 0942 EU   
QSO: 14006 CW 2021-12-19 0744 US7IY         599 0273       F5PAL         599 0165 EU   
QSO: 14007 CW 2021-12-19 0744 US7IY         599 0274       LY8A          599 0561 EU   
QSO: 14009 CW 2021-12-19 0745 US7IY         599 0275       RA9DZ         599 0095 AS   
QSO: 14019 CW 2021-12-19 0749 US7IY         599 0276       9A0KG         599 0798 EU   
QSO: 14022 CW 2021-12-19 0750 US7IY         599 0277       YT7X          599 0147 EU   
QSO: 14023 CW 2021-12-19 0750 US7IY         599 0278       UN7LZ         599 0696 AS   
QSO: 14041 CW 2021-12-19 0755 US7IY         599 0279       9A2EY         599 0191 EU   
QSO: 14041 CW 2021-12-19 0756 US7IY         599 0280       SP5ES         599 0196 EU   
QSO: 14041 CW 2021-12-19 0756 US7IY         599 0281       R9CD          599 0022 AS   
QSO: 14041 CW 2021-12-19 0756 US7IY         599 0282       S52WW         599 0012 EU   
QSO: 14041 CW 2021-12-19 0757 US7IY         599 0283       UA9UAE        599 0028 AS   
QSO: 14041 CW 2021-12-19 0757 US7IY         599 0284       YT3X          599 0374 EU   
QSO: 14041 CW 2021-12-19 0758 US7IY         599 0285       LY2CO         599 0111 EU   
QSO: 14041 CW 2021-12-19 0758 US7IY         599 0286       DL9ZP         599 0080 EU   
QSO: 14041 CW 2021-12-19 0759 US7IY         599 0287       UP0L          599 0751 AS   
QSO: 14041 CW 2021-12-19 0759 US7IY         599 0288       OK1DVA        599 0087 EU   
QSO: 14041 CW 2021-12-19 0800 US7IY         599 0289       R0WC          599 0071 AS   
QSO: 14041 CW 2021-12-19 0801 US7IY         599 0290       OG7F          599 0116 EU   
QSO: 14041 CW 2021-12-19 0801 US7IY         599 0291       F6GCI         599 0034 EU   
QSO: 14041 CW 2021-12-19 0803 US7IY         599 0292       OM3CAZ        599 0081 EU   
QSO: 14041 CW 2021-12-19 0803 US7IY         599 0293       UB8A          599 0052 AS   
QSO: 14041 CW 2021-12-19 0803 US7IY         599 0294       OL8R          599 0183 EU   
QSO: 14041 CW 2021-12-19 0804 US7IY         599 0295       RN4SS         599 0160 EU   
QSO: 14041 CW 2021-12-19 0804 US7IY         599 0296       RD4F          599 0133 EU   
QSO: 14041 CW 2021-12-19 0805 US7IY         599 0297       9A1KDE        599 0716 EU   
QSO: 14041 CW 2021-12-19 0806 US7IY         599 0298       UA9JNT        599 0013 AS   
QSO: 14041 CW 2021-12-19 0806 US7IY         599 0299       RA9JM         599 0036 AS   
QSO: 14041 CW 2021-12-19 0806 US7IY         599 0300       HA5JI         599 0310 EU   
QSO: 14041 CW 2021-12-19 0807 US7IY         599 0301       9A1DR         599 0097 EU   
QSO: 14037 CW 2021-12-19 0808 US7IY         599 0302       E74A          599 0076 EU   
QSO: 21006 CW 2021-12-19 0832 US7IY         599 0303       F5PAL         599 0187 EU   
QSO: 21013 CW 2021-12-19 0834 US7IY         599 0304       ON5JT         599 0206 EU   
QSO: 21044 CW 2021-12-19 0837 US7IY         599 0305       IT9RBW        599 0279 EU   
QSO: 21044 CW 2021-12-19 0837 US7IY         599 0306       OR5O          599 0010 EU   
QSO: 21044 CW 2021-12-19 0838 US7IY         599 0307       RX9L          599 0046 AS   
QSO: 21044 CW 2021-12-19 0839 US7IY         599 0308       F6GCI         599 0059 EU   
QSO: 14039 CW 2021-12-19 0842 US7IY         599 0309       YT6M          599 0563 EU   
QSO: 14039 CW 2021-12-19 0842 US7IY         599 0310       DL4AC         599 0043 EU   
QSO: 14039 CW 2021-12-19 0843 US7IY         599 0311       D1M           599 0076 EU   
QSO: 14039 CW 2021-12-19 0844 US7IY         599 0312       DM7AA         599 0471 EU   
QSO: 14039 CW 2021-12-19 0844 US7IY         599 0313       UN8PT         599 0221 AS   
QSO: 14039 CW 2021-12-19 0845 US7IY         599 0314       SP2GMA        599 0401 EU   
QSO: 14039 CW 2021-12-19 0845 US7IY         599 0315       M1X           599 0253 EU   
QSO: 14039 CW 2021-12-19 0846 US7IY         599 0316       UA9R          599 0128 AS   
QSO: 14039 CW 2021-12-19 0846 US7IY         599 0317       DJ7UC         599 0054 EU   
QSO: 14024 CW 2021-12-19 0847 US7IY         599 0318       9A7V          599 1468 EU   
QSO: 14046 CW 2021-12-19 0848 US7IY         599 0319       9A2Z          599 0048 EU   
QSO: 14026 CW 2021-12-19 0848 US7IY         599 0320       4U1A          599 0179 EU   
QSO: 14016 CW 2021-12-19 0849 US7IY         599 0321       SV1ENG        599 0232 EU   
QSO: 14042 CW 2021-12-19 0849 US7IY         599 0322       CR5O          599 0328 EU   
QSO: 14041 CW 2021-12-19 0850 US7IY         599 0323       EA8RM         599 0545 AF   
QSO: 21012 CW 2021-12-19 0956 US7IY         599 0324       RK8I          599 0177 AS   
QSO: 21018 CW 2021-12-19 0957 US7IY         599 0325       F5IN          599 0493 EU   
QSO: 21019 CW 2021-12-19 0958 US7IY         599 0326       EA4OR         599 0437 EU   
QSO: 21029 CW 2021-12-19 0959 US7IY         599 0327       LB6GG         599 0590 EU   
QSO: 21005 CW 2021-12-19 1002 US7IY         599 0328       VK4DX         599 0029 OC   
QSO: 21006 CW 2021-12-19 1003 US7IY         599 0329       OQ5M          599 0623 EU   
QSO: 21012 CW 2021-12-19 1004 US7IY         599 0330       P3X           599 1188 AS   
QSO: 21023 CW 2021-12-19 1005 US7IY         599 0331       ON4CT         599 0037 EU   
QSO: 21026 CW 2021-12-19 1005 US7IY         599 0332       IQ2CJ         599 0162 EU   
QSO: 21028 CW 2021-12-19 1006 US7IY         599 0333       UA9XO         599 0025 AS   
QSO: 21027 CW 2021-12-19 1007 US7IY         599 0334       OZ3SM         599 0318 EU   
QSO: 14034 CW 2021-12-19 1008 US7IY         599 0335       LZ3R          599 0034 EU   
QSO: 14026 CW 2021-12-19 1011 US7IY         599 0336       9A9A          599 0537 EU   
QSO: 14018 CW 2021-12-19 1012 US7IY         599 0337       9A0BB         599 1422 EU   
QSO: 14015 CW 2021-12-19 1012 US7IY         599 0338       DG7EE         599 0286 EU   
QSO: 14023 CW 2021-12-19 1013 US7IY         599 0339       9A2W          599 0273 EU   
QSO: 14031 CW 2021-12-19 1015 US7IY         599 0340       9A2AJ         599 0952 EU   
QSO: 14052 CW 2021-12-19 1015 US7IY         599 0341       LY2PX         599 0293 EU   
QSO: 21002 CW 2021-12-19 1017 US7IY         599 0342       M7DX          599 0934 EU   
QSO: 21018 CW 2021-12-19 1021 US7IY         599 0343       R9LM          599 0080 AS   
QSO: 21022 CW 2021-12-19 1022 US7IY         599 0344       I2WIJ         599 0095 EU   
QSO: 21026 CW 2021-12-19 1022 US7IY         599 0345       DL6KVA        599 0186 EU   
QSO: 21032 CW 2021-12-19 1023 US7IY         599 0346       IK2JUB        599 0125 EU   
QSO: 21025 CW 2021-12-19 1025 US7IY         599 0347       SV1JG         599 0429 EU   
QSO: 21021 CW 2021-12-19 1027 US7IY         599 0348       LZ95MA        599 0184 EU   
QSO: 21018 CW 2021-12-19 1027 US7IY         599 0349       RZ9L          599 0264 AS   
QSO: 21008 CW 2021-12-19 1028 US7IY         599 0350       RA9AP         599 0188 AS   
QSO: 21024 CW 2021-12-19 1030 US7IY         599 0351       IK0YVV        599 0152 EU   
QSO: 21029 CW 2021-12-19 1030 US7IY         599 0352       OH2KW         599 0438 EU   
QSO: 21048 CW 2021-12-19 1031 US7IY         599 0353       F5PHY         599 0029 EU   
QSO: 21010 CW 2021-12-19 1033 US7IY         599 0354       CR5O          599 0429 EU   
QSO: 21015 CW 2021-12-19 1035 US7IY         599 0355       OR5T          599 0337 EU   
QSO: 21031 CW 2021-12-19 1037 US7IY         599 0356       DL0DIX        599 0168 EU   
QSO: 21031 CW 2021-12-19 1038 US7IY         599 0357       DL8MBS        599 0097 EU   
QSO: 21031 CW 2021-12-19 1039 US7IY         599 0358       OG7F          599 0271 EU   
QSO: 21031 CW 2021-12-19 1039 US7IY         599 0359       UA9JNT        599 0033 AS   
QSO: 21031 CW 2021-12-19 1040 US7IY         599 0360       DF5EG         599 0162 EU   
QSO: 21031 CW 2021-12-19 1040 US7IY         599 0361       II2MMI        599 0105 EU   
QSO: 21031 CW 2021-12-19 1040 US7IY         599 0362       PA0CT         599 0108 EU   
QSO: 21006 CW 2021-12-19 1043 US7IY         599 0363       9A6A          599 0310 EU   
QSO: 21008 CW 2021-12-19 1043 US7IY         599 0364       EA2AZ         599 0168 EU   
QSO: 21020 CW 2021-12-19 1044 US7IY         599 0365       UA9R          599 0231 AS   
QSO: 21026 CW 2021-12-19 1045 US7IY         599 0366       IS0/OM3RM     599 0799 EU   
QSO: 21028 CW 2021-12-19 1046 US7IY         599 0367       9A0KG         599 0980 EU   
QSO: 21012 CW 2021-12-19 1048 US7IY         599 0368       GM2V          599 0037 EU   
QSO: 21025 CW 2021-12-19 1057 US7IY         599 0369       YU5R          599 0150 EU   
QSO: 14010 CW 2021-12-19 1058 US7IY         599 0370       R9LY          599 0152 EU   
QSO: 14012 CW 2021-12-19 1059 US7IY         599 0371       M0BEW         599 0104 EU   
QSO: 14014 CW 2021-12-19 1059 US7IY         599 0372       SP2FAP        599 0241 EU   
QSO: 14020 CW 2021-12-19 1100 US7IY         599 0373       YL2BJ         599 0363 EU   
QSO: 14023 CW 2021-12-19 1101 US7IY         599 0374       YL5W          599 0229 EU   
QSO: 14032 CW 2021-12-19 1102 US7IY         599 0375       DL5YM         599 0266 EU   
QSO: 14033 CW 2021-12-19 1102 US7IY         599 0376       UN0LM         599 0120 AS   
QSO: 14036 CW 2021-12-19 1103 US7IY         599 0377       IK0YVV        599 0207 EU   
QSO: 14037 CW 2021-12-19 1103 US7IY         599 0378       OR5T          599 0377 EU   
QSO: 14043 CW 2021-12-19 1104 US7IY         599 0379       Z36W          599 0469 EU   
QSO: 14011 CW 2021-12-19 1106 US7IY         599 0380       9A3XV         599 0407 EU   
QSO: 14006 CW 2021-12-19 1108 US7IY         599 0381       4X6FR         599 0166 AS   
QSO: 14004 CW 2021-12-19 1109 US7IY         599 0382       9A5SSS        599 0081 EU   
QSO: 14049 CW 2021-12-19 1109 US7IY         599 0383       9A2KI         599 0391 EU   
QSO: 14039 CW 2021-12-19 1123 US7IY         599 0384       9A2L          599 0853 EU   
QSO: 14051 CW 2021-12-19 1124 US7IY         599 0385       9A4R          599 0138 EU   
QSO: 14013 CW 2021-12-19 1124 US7IY         599 0386       OM8AA         599 0908 EU   
QSO: 14035 CW 2021-12-19 1126 US7IY         599 0387       YU5R          599 0181 EU   
QSO: 14014 CW 2021-12-19 1126 US7IY         599 0388       UA4M          599 1236 EU   
QSO: 14012 CW 2021-12-19 1131 US7IY         599 0389       S51Z          599 0245 EU   
QSO: 14012 CW 2021-12-19 1131 US7IY         599 0390       OM7AT         599 0051 EU   
QSO: 14012 CW 2021-12-19 1132 US7IY         599 0391       ON7CC         599 0172 EU   
QSO: 14012 CW 2021-12-19 1133 US7IY         599 0392       EW8OM         599 0557 EU   
QSO: 14012 CW 2021-12-19 1133 US7IY         599 0393       DH6BH         599 0010 EU   
QSO: 14012 CW 2021-12-19 1134 US7IY         599 0394       DH0GDS        599 0060 EU   
QSO: 14012 CW 2021-12-19 1134 US7IY         599 0395       EA5DO         599 0118 EU   
QSO: 14012 CW 2021-12-19 1135 US7IY         599 0396       YU1KT         599 0324 EU   
QSO: 14012 CW 2021-12-19 1136 US7IY         599 0397       R4WT          599 0008 EU   
QSO: 14012 CW 2021-12-19 1138 US7IY         599 0398       VU3BY         599 0004 AS   
QSO: 14017 CW 2021-12-19 1139 US7IY         599 0399       F5IN          599 0537 EU   
QSO: 14036 CW 2021-12-19 1142 US7IY         599 0400       9A2X          599 0254 EU   
QSO: 14050 CW 2021-12-19 1142 US7IY         599 0401       9A1E          599 0574 EU   
QSO: 14005 CW 2021-12-19 1143 US7IY         599 0402       DC0YOTA       599 0063 EU   
QSO: 14010 CW 2021-12-19 1144 US7IY         599 0403       LZ1ND         599 0765 EU   
QSO: 14011 CW 2021-12-19 1145 US7IY         599 0404       IK7MIY        599 0131 EU   
QSO: 14025 CW 2021-12-19 1146 US7IY         599 0405       LZ5R          599 1465 EU   
QSO: 14026 CW 2021-12-19 1146 US7IY         599 0406       SN5N          599 0414 EU   
QSO: 14027 CW 2021-12-19 1147 US7IY         599 0407       OK2PVF        599 0300 EU   
QSO: 14030 CW 2021-12-19 1147 US7IY         599 0408       HA1DAE        599 0176 EU   
QSO: 14044 CW 2021-12-19 1149 US7IY         599 0409       9A0DIG        599 0065 EU   
QSO: 14003 CW 2021-12-19 1149 US7IY         599 0410       K1ZZ          599 0959 NA   
QSO: 14011 CW 2021-12-19 1202 US7IY         599 0411       YO4NF         599 0963 EU   
QSO: 14008 CW 2021-12-19 1209 US7IY         599 0412       IV3SKB        599 0169 EU   
QSO: 14036 CW 2021-12-19 1215 US7IY         599 0413       DL1NKS        599 0430 EU   
QSO: 14032 CW 2021-12-19 1232 US7IY         599 0414       EI5KF         599 0743 EU   
QSO: 14037 CW 2021-12-19 1233 US7IY         599 0415       DR7T          599 0154 EU   
QSO: 14033 CW 2021-12-19 1235 US7IY         599 0416       M7DX          599 1050 EU   
QSO: 14023 CW 2021-12-19 1236 US7IY         599 0417       RK9Q          599 0229 AS   
QSO: 14013 CW 2021-12-19 1237 US7IY         599 0418       G3SVK         599 0418 EU   
QSO: 14011 CW 2021-12-19 1238 US7IY         599 0419       OL70DG        599 0713 EU   
QSO: 14009 CW 2021-12-19 1239 US7IY         599 0420       K3ZO          599 0323 NA   
QSO: 14013 CW 2021-12-19 1240 US7IY         599 0421       OK1JOC        599 0396 EU   
QSO: 14015 CW 2021-12-19 1240 US7IY         599 0422       EO50FF        599 0531 EU   
QSO: 14018 CW 2021-12-19 1241 US7IY         599 0423       SM5CSS        599 0266 EU   
QSO: 14021 CW 2021-12-19 1242 US7IY         599 0424       RX9CM         599 0192 AS   
QSO: 14030 CW 2021-12-19 1243 US7IY         599 0425       OH2KW         599 0518 EU   
QSO: 14031 CW 2021-12-19 1243 US7IY         599 0426       DL6KVA        599 0293 EU   
QSO: 14023 CW 2021-12-19 1245 US7IY         599 0427       VE9AA         599 0097 NA   
QSO: 14034 CW 2021-12-19 1247 US7IY         599 0428       LZ2CJ         599 0003 EU   
QSO: 14035 CW 2021-12-19 1247 US7IY         599 0429       PA3AAV        599 0424 EU   
QSO: 14037 CW 2021-12-19 1247 US7IY         599 0430       LZ1BJ         599 0261 EU   
QSO: 14041 CW 2021-12-19 1248 US7IY         599 0431       LY5AX         599 0230 EU   
QSO: 14047 CW 2021-12-19 1250 US7IY         599 0432       LZ1DQ         599 0223 EU   
QSO: 14058 CW 2021-12-19 1250 US7IY         599 0433       IT9RBW        599 0463 EU   
QSO: 14033 CW 2021-12-19 1252 US7IY         599 0434       IK2SND        599 0115 EU   
QSO: 14029 CW 2021-12-19 1253 US7IY         599 0435       MM2T          599 0058 EU   
QSO: 07005 CW 2021-12-19 1256 US7IY         599 0436       OM8VL         599 0146 EU   
QSO: 07005 CW 2021-12-19 1256 US7IY         599 0437       LZ2DF         599 0164 EU   
QSO: 07005 CW 2021-12-19 1257 US7IY         599 0438       RM8Y          599 0056 AS   
QSO: 07005 CW 2021-12-19 1258 US7IY         599 0439       EU2F          599 0431 EU   
QSO: 07013 CW 2021-12-19 1258 US7IY         599 0440       RW7F          599 0133 EU   
QSO: 07012 CW 2021-12-19 1259 US7IY         599 0441       DL1NKS        599 0472 EU   
QSO: 07012 CW 2021-12-19 1300 US7IY         599 0442       9A3JH         599 0488 EU   
QSO: 07016 CW 2021-12-19 1303 US7IY         599 0443       LY8A          599 0824 EU   
QSO: 07010 CW 2021-12-19 1305 US7IY         599 0444       LZ1PJ         599 0232 EU   
QSO: 07008 CW 2021-12-19 1306 US7IY         599 0445       RT9A          599 0695 AS   
QSO: 07008 CW 2021-12-19 1306 US7IY         599 0446       EW8OM         599 0626 EU   
QSO: 07009 CW 2021-12-19 1308 US7IY         599 0447       US1VM         599 0219 EU   
QSO: 07016 CW 2021-12-19 1317 US7IY         599 0448       RO7C          599 0628 EU   
QSO: 07026 CW 2021-12-19 1317 US7IY         599 0449       DK2FG         599 0328 EU   
QSO: 07026 CW 2021-12-19 1318 US7IY         599 0450       9A4BA         599 0490 EU   
QSO: 07027 CW 2021-12-19 1319 US7IY         599 0451       OM8LA         599 0275 EU   
QSO: 07035 CW 2021-12-19 1320 US7IY         599 0452       RT5P          599 0161 EU   
QSO: 07036 CW 2021-12-19 1320 US7IY         599 0453       YU1ML         599 0177 EU   
QSO: 07024 CW 2021-12-19 1322 US7IY         599 0454       YU1ED         599 0196 EU   
QSO: 07018 CW 2021-12-19 1324 US7IY         599 0455       RK9CYA        599 0106 AS   
QSO: 07019 CW 2021-12-19 1325 US7IY         599 0456       YR9F          599 0403 EU   
QSO: 07018 CW 2021-12-19 1328 US7IY         599 0457       RN4SS         599 0415 EU   
QSO: 07014 CW 2021-12-19 1329 US7IY         599 0458       SN7F          599 0304 EU   
QSO: 07023 CW 2021-12-19 1330 US7IY         599 0459       9A2X          599 0338 EU   
QSO: 07039 CW 2021-12-19 1332 US7IY         599 0460       R7HF          599 0440 EU   
QSO: 07026 CW 2021-12-19 1335 US7IY         599 0461       OM3TZZ        599 0179 EU   
QSO: 07025 CW 2021-12-19 1335 US7IY         599 0462       LY5O          599 0058 EU   
QSO: 07037 CW 2021-12-19 1336 US7IY         599 0463       SP9YGD        599 0617 EU   
QSO: 07013 CW 2021-12-19 1338 US7IY         599 0464       RT4W          599 0232 EU   
QSO: 07039 CW 2021-12-19 1341 US7IY         599 0465       RT2F          599 0238 EU   
QSO: 07023 CW 2021-12-19 1343 US7IY         599 0466       EI5KF         599 0814 EU   
QSO: 07021 CW 2021-12-19 1345 US7IY         599 0467       IK8UND        599 0075 EU   
END-OF-LOG:
