START-OF-LOG: 3.0
CREATED-BY: reconstructed-log-builder
CONTEST: YURI-GAGARIN-DX
CALLSIGN: YT5FD
LOCATION: 
CATEGORY: CHECKLOG
CATEGORY-OPERATOR: SINGLE-OP
CATEGORY-BAND: ALL
CATEGORY-MODE: MIXED
CATEGORY-POWER: UNKNOWN
CATEGORY-ASSISTED: NON-ASSISTED
CATEGORY-TRANSMITTER: ONE
CATEGORY-STATION: UNKNOWN
CATEGORY-OVERLAY: 
OPERATORS: YT5FD
CLAIMED-SCORE: 
CLUB: 
NAME: 
SOAPBOX: RECONSTRUCTED MOCKUP LOG - NOT AN OFFICIAL SUBMISSION.
SOAPBOX: Derived from submitted logs for YURI-GAGARIN-DX YuriGagarinDXContest/2020.
QSO:  7022 CW 2020-04-11 2105 YT5FD         599 28 YU7KW         599 28
QSO:  7021 CW 2020-04-11 2106 YT5FD         599 28 R3KM          599 29
QSO:  7021 CW 2020-04-11 2107 YT5FD         599 28 PA4O          599 27
QSO:  7019 CW 2020-04-11 2108 YT5FD         599 28 YT1HA         599 28
QSO:  7016 CW 2020-04-11 2109 YT5FD         599 28 EA1X          599 37
QSO:  7038 CW 2020-04-11 2109 YT5FD         599 28 RU1AC         599 29
QSO:  7024 CW 2020-04-11 2113 YT5FD         599 28 RA5G          599 29
QSO:  7024 CW 2020-04-11 2113 YT5FD         599 28 UA4CC         599 29
QSO:  7024 CW 2020-04-11 2114 YT5FD         599 28 RA1AL         599 29
QSO:  7027 CW 2020-04-11 2115 YT5FD         599 28 OR5T          599 27
QSO:  7029 CW 2020-04-11 2117 YT5FD         599 28 IT9RZU        599 28
QSO:  7031 CW 2020-04-11 2117 YT5FD         599 28 R3ZZ          599 29
QSO:  7031 CW 2020-04-11 2120 YT5FD         599 28 US1IV         599 29
QSO:  7032 CW 2020-04-11 2120 YT5FD         599 28 SP1AEN        599 28
QSO:  7034 CW 2020-04-11 2122 YT5FD         599 28 4Z5LY         599 39
QSO:  3517 CW 2020-04-11 2125 YT5FD         599 28 S58Q          599 28
QSO:  3515 CW 2020-04-11 2126 YT5FD         599 28 YO4NF         599 28
QSO:  3516 CW 2020-04-11 2126 YT5FD         599 28 UR7GO         599 29
QSO:  3514 CW 2020-04-11 2127 YT5FD         599 28 LZ5R          599 28
QSO:  3513 CW 2020-04-11 2128 YT5FD         599 28 SP7UWL        599 28
QSO:  3518 CW 2020-04-11 2131 YT5FD         599 28 UI3A          599 29
QSO:  3518 CW 2020-04-11 2132 YT5FD         599 28 SN5N          599 28
QSO:  3519 CW 2020-04-11 2133 YT5FD         599 28 EU8U          599 29
QSO:  3520 CW 2020-04-11 2133 YT5FD         599 28 E77EA         599 28
QSO:  3521 CW 2020-04-11 2134 YT5FD         599 28 OZ2TF         599 18
QSO:  3521 CW 2020-04-11 2135 YT5FD         599 28 HA3NU         599 28
QSO:  3522 CW 2020-04-11 2136 YT5FD         599 28 R3FX          599 29
QSO:  3523 CW 2020-04-11 2137 YT5FD         599 28 OK4RQ         599 28
QSO:  3523 CW 2020-04-11 2137 YT5FD         599 28 SN7Q          599 28
QSO:  3524 CW 2020-04-11 2138 YT5FD         599 28 OK2EA         599 28
QSO:  3525 CW 2020-04-11 2138 YT5FD         599 28 PA8AD         599 27
QSO:  3527 CW 2020-04-11 2140 YT5FD         599 28 YT4T          599 28
QSO:  3528 CW 2020-04-11 2142 YT5FD         599 28 4O4T          599 28
QSO:  3528 CW 2020-04-11 2142 YT5FD         599 28 R7RC          599 29
QSO:  3529 CW 2020-04-11 2143 YT5FD         599 28 YT6W          599 28
QSO:  3530 CW 2020-04-11 2144 YT5FD         599 28 9A1AA         599 28
QSO:  3532 CW 2020-04-11 2145 YT5FD         599 28 IK0YVV        599 28
QSO:  3532 CW 2020-04-11 2146 YT5FD         599 28 YT1WA         599 28
QSO:  3533 CW 2020-04-11 2147 YT5FD         599 28 RM2U          599 29
QSO:  3534 CW 2020-04-11 2148 YT5FD         599 28 LZ5XQ         599 28
QSO:  3534 CW 2020-04-11 2148 YT5FD         599 28 LZ7G          599 28
QSO:  3537 CW 2020-04-11 2150 YT5FD         599 28 YU3A          599 28
QSO:  3538 CW 2020-04-11 2151 YT5FD         599 28 R3LB          599 29
QSO:  3500 CW 2020-04-11 2152 YT5FD         599 28 R5FP          599 29
QSO:  3541 CW 2020-04-11 2153 YT5FD         599 28 9A3XV         599 28
QSO:  3500 CW 2020-04-11 2154 YT5FD         599 28 YT1AC         599 28
QSO:  3500 CW 2020-04-11 2154 YT5FD         599 28 YT5M          599 28
QSO:  3544 CW 2020-04-11 2156 YT5FD         599 28 LZ1QZ         599 28
QSO:  3500 CW 2020-04-11 2157 YT5FD         599 28 OK1DOR        599 28
QSO:  3500 CW 2020-04-11 2157 YT5FD         599 28 YU5T          599 28
QSO:  7031 CW 2020-04-12 0430 YT5FD         599 28 SM5IMO        599 18
QSO:  7029 CW 2020-04-12 0435 YT5FD         599 28 UA4CNJ        599 29
QSO:  7027 CW 2020-04-12 0437 YT5FD         599 28 RK3ER         599 29
QSO:  7025 CW 2020-04-12 0438 YT5FD         599 28 RA7A          599 29
QSO:  7024 CW 2020-04-12 0439 YT5FD         599 28 EU5C          599 29
QSO:  7000 CW 2020-04-12 0441 YT5FD         599 28 RM3Z          599 29
QSO:  7022 CW 2020-04-12 0441 YT5FD         599 28 R8CT          599 30
QSO:  7024 CW 2020-04-12 0441 YT5FD         599 28 RG4A          599 29
QSO:  7022 CW 2020-04-12 0442 YT5FD         599 28 NP4Z          599 11
QSO:  7021 CW 2020-04-12 0444 YT5FD         599 28 RA7E          599 29
QSO:  7000 CW 2020-04-12 0446 YT5FD         599 28 LY2J          599 29
QSO:  7027 CW 2020-04-12 0448 YT5FD         599 28 LY6A          599 29
QSO:  7026 CW 2020-04-12 0449 YT5FD         599 28 RT4D          599 29
QSO:  7019 CW 2020-04-12 0454 YT5FD         599 28 R3FX          599 29
QSO:  7016 CW 2020-04-12 0455 YT5FD         599 28 RK3AW         599 29
QSO:  7015 CW 2020-04-12 0456 YT5FD         599 28 DK2FG         599 28
QSO:  7014 CW 2020-04-12 0457 YT5FD         599 28 PY4XX         599 15
QSO:  7000 CW 2020-04-12 0504 YT5FD         599 28 UZ1U          599 29
QSO:  7009 CW 2020-04-12 0505 YT5FD         599 28 RA5G          599 29
QSO:  7011 CW 2020-04-12 0505 YT5FD         599 28 P3X           599 39
QSO:  7000 CW 2020-04-12 0508 YT5FD         599 28 RD1T          599 29
QSO: 14035 CW 2020-04-12 0807 YT5FD         599 28 EA7Q          599 37
QSO: 14033 CW 2020-04-12 0808 YT5FD         599 28 R8CT          599 30
QSO: 14031 CW 2020-04-12 0809 YT5FD         599 28 RU9SO         599 30
QSO: 14030 CW 2020-04-12 0811 YT5FD         599 28 UA5C          599 29
QSO: 14028 CW 2020-04-12 0812 YT5FD         599 28 R4BZ          599 29
QSO: 14000 CW 2020-04-12 0813 YT5FD         599 28 R1NW          599 19
QSO: 14026 CW 2020-04-12 0814 YT5FD         599 28 UA6CC         599 29
QSO: 14005 CW 2020-04-12 0815 YT5FD         599 28 UP4L          599 30
QSO: 14000 CW 2020-04-12 0816 YT5FD         599 28 RW3X          599 29
QSO: 14010 CW 2020-04-12 0816 YT5FD         599 28 RA5G          599 29
QSO: 14012 CW 2020-04-12 0817 YT5FD         599 28 RK4FM         599 29
QSO: 14011 CW 2020-04-12 0818 YT5FD         599 28 UF5A          599 29
QSO: 14013 CW 2020-04-12 0819 YT5FD         599 28 OR5T          599 27
QSO: 14018 CW 2020-04-12 0820 YT5FD         599 28 TA2SE         599 39
QSO: 14000 CW 2020-04-12 0822 YT5FD         599 28 RC9J          599 21
QSO: 14019 CW 2020-04-12 0822 YT5FD         599 28 RX9CM         599 30
QSO: 14021 CW 2020-04-12 0823 YT5FD         599 28 4L8A          599 29
QSO: 14021 CW 2020-04-12 0824 YT5FD         599 28 R9MM          599 30
QSO: 14000 CW 2020-04-12 0826 YT5FD         599 28 UA9CTT        599 30
QSO: 14025 CW 2020-04-12 0829 YT5FD         599 28 UR7GO         599 29
QSO: 14030 CW 2020-04-12 0830 YT5FD         599 28 UA5R          599 29
QSO: 14033 CW 2020-04-12 0831 YT5FD         599 28 R8CT          599 30
QSO: 14037 CW 2020-04-12 0833 YT5FD         599 28 UA4Z          599 29
QSO: 14038 CW 2020-04-12 0834 YT5FD         599 28 UA4FER        599 29
QSO: 14042 CW 2020-04-12 0835 YT5FD         599 28 R3FX          599 29
QSO: 14044 CW 2020-04-12 0837 YT5FD         599 28 RX3APM        599 29
QSO: 14046 CW 2020-04-12 0837 YT5FD         599 28 RN0A          599 32
QSO: 14000 CW 2020-04-12 0839 YT5FD         599 28 UI7C          599 29
QSO: 14055 CW 2020-04-12 0841 YT5FD         599 28 RK3TD         599 29
QSO: 14039 CW 2020-04-12 0930 YT5FD         599 28 YO4DW         599 28
QSO: 14035 CW 2020-04-12 0933 YT5FD         599 28 RC6U          599 29
QSO: 14000 CW 2020-04-12 0934 YT5FD         599 28 IT9CKA        599 28
QSO: 14032 CW 2020-04-12 0937 YT5FD         599 28 RK6HG         599 29
QSO: 14032 CW 2020-04-12 0937 YT5FD         599 28 RT4W          599 30
QSO: 14033 CW 2020-04-12 0937 YT5FD         599 28 YO4NF         599 28
QSO: 14033 CW 2020-04-12 0938 YT5FD         599 28 UT7E          599 29
QSO: 14032 CW 2020-04-12 0940 YT5FD         599 28 R7KO          599 29
QSO: 14032 CW 2020-04-12 0941 YT5FD         599 28 RL6M          599 29
QSO: 14033 CW 2020-04-12 0943 YT5FD         599 28 SC0T          599 18
QSO: 14000 CW 2020-04-12 0944 YT5FD         599 28 UT3UZ         599 29
QSO: 14032 CW 2020-04-12 0944 YT5FD         599 28 RA9SN         599 30
QSO: 14032 CW 2020-04-12 1005 YT5FD         599 28 UA7G          599 29
QSO: 14032 CW 2020-04-12 1007 YT5FD         599 28 RL9I          599 21
QSO: 14027 CW 2020-04-12 1010 YT5FD         599 28 UA9BA         599 30
QSO: 14000 CW 2020-04-12 1011 YT5FD         599 28 US0ZK         599 29
QSO: 14027 CW 2020-04-12 1012 YT5FD         599 28 EA3FZT        599 37
QSO: 14026 CW 2020-04-12 1013 YT5FD         599 28 UA6LCJ        599 29
QSO: 14026 CW 2020-04-12 1328 YT5FD         599 28 RM2U          599 29
QSO: 14025 CW 2020-04-12 1329 YT5FD         599 28 EA1X          599 37
QSO: 14023 CW 2020-04-12 1330 YT5FD         599 28 RM3M          599 29
QSO: 14018 CW 2020-04-12 1332 YT5FD         599 28 RA5G          599 29
QSO: 14018 CW 2020-04-12 1332 YT5FD         599 28 RT9A          599 30
QSO: 14019 CW 2020-04-12 1332 YT5FD         599 28 YL5T          599 29
QSO: 14015 CW 2020-04-12 1333 YT5FD         599 28 RW0A          599 32
QSO: 14018 CW 2020-04-12 1333 YT5FD         599 28 RA3TT         599 29
QSO: 14036 CW 2020-04-12 1338 YT5FD         599 28 SK0QO         599 18
QSO: 14036 CW 2020-04-12 1339 YT5FD         599 28 R3QA          599 29
QSO: 14036 CW 2020-04-12 1339 YT5FD         599 28 RM7G          599 29
QSO: 14034 CW 2020-04-12 1343 YT5FD         599 28 4Z5LY         599 39
QSO: 14031 CW 2020-04-12 1345 YT5FD         599 28 RA3UT         599 29
QSO: 14032 CW 2020-04-12 1345 YT5FD         599 28 4L8A          599 29
QSO: 14029 CW 2020-04-12 1347 YT5FD         599 28 OK4RQ         599 28
QSO: 14027 CW 2020-04-12 1350 YT5FD         599 28 DF3VM         599 28
QSO: 14025 CW 2020-04-12 1351 YT5FD         599 28 UY2IG         599 29
QSO: 14026 CW 2020-04-12 1351 YT5FD         599 28 R4KO          599 29
QSO: 14021 CW 2020-04-12 1354 YT5FD         599 28 UA5R          599 29
QSO: 14024 CW 2020-04-12 1354 YT5FD         599 28 SQ7OXU        599 28
QSO: 14020 CW 2020-04-12 1356 YT5FD         599 28 RC6U          599 29
QSO: 14012 CW 2020-04-12 1358 YT5FD         599 28 DL6KVA        599 28
QSO: 14014 CW 2020-04-12 1358 YT5FD         599 28 R9MM          599 30
QSO: 14010 CW 2020-04-12 1359 YT5FD         599 28 R7CA          599 29
QSO: 14008 CW 2020-04-12 1400 YT5FD         599 28 EA2AZ         599 37
QSO: 14050 CW 2020-04-12 1405 YT5FD         599 28 K1ZZ          599 08
QSO: 14045 CW 2020-04-12 1410 YT5FD         599 28 RU9TN         599 30
QSO: 14040 CW 2020-04-12 1411 YT5FD         599 28 RG6G          599 29
QSO: 14041 CW 2020-04-12 1411 YT5FD         599 28 UT7E          599 29
QSO: 14039 CW 2020-04-12 1412 YT5FD         599 28 F4DXW         599 27
QSO: 14039 CW 2020-04-12 1413 YT5FD         599 28 LY2AX         599 29
QSO: 14037 CW 2020-04-12 1414 YT5FD         599 28 RG61PP        599 29
QSO:  7020 CW 2020-04-12 1712 YT5FD         599 28 R8CT          599 30
QSO:  7000 CW 2020-04-12 1713 YT5FD         599 28 OK1HCG        599 28
QSO:  7024 CW 2020-04-12 1717 YT5FD         599 28 YO4NF         599 28
QSO:  7025 CW 2020-04-12 1718 YT5FD         599 28 F8DFP         599 27
QSO:  7025 CW 2020-04-12 1718 YT5FD         599 28 IV3FPX        599 28
QSO:  7027 CW 2020-04-12 1719 YT5FD         599 28 SQ7OXU        599 28
QSO:  7027 CW 2020-04-12 1720 YT5FD         599 28 RU6MO         599 29
QSO:  7028 CW 2020-04-12 1720 YT5FD         599 28 YO8DOH        599 28
QSO:  7028 CW 2020-04-12 1722 YT5FD         599 28 SV1BJW        599 28
QSO:  7028 CW 2020-04-12 1723 YT5FD         599 28 YT6W          599 28
QSO:  7000 CW 2020-04-12 1724 YT5FD         599 28 YT1A          599 28
QSO:  7031 CW 2020-04-12 1726 YT5FD         599 28 4Z5LY         599 39
QSO:  7031 CW 2020-04-12 1727 YT5FD         599 28 LX5WARD       599 27
QSO:  7033 CW 2020-04-12 1728 YT5FD         599 28 RG2A          599 29
QSO:  7032 CW 2020-04-12 1730 YT5FD         599 28 R3VL          599 29
QSO:  7036 CW 2020-04-12 1732 YT5FD         599 28 RC9A          599 30
QSO:  7038 CW 2020-04-12 1732 YT5FD         599 28 UN9L          599 30
QSO:  7022 CW 2020-04-12 1733 YT5FD         599 28 UA6G          599 29
QSO:  7029 CW 2020-04-12 1735 YT5FD         599 28 OK4RQ         599 28
QSO:  7026 CW 2020-04-12 1736 YT5FD         599 28 RK4FM         599 29
QSO:  7027 CW 2020-04-12 1736 YT5FD         599 28 IV3SKB        599 28
QSO:  7030 CW 2020-04-12 1736 YT5FD         599 28 TM0SOC        599 27
QSO:  7025 CW 2020-04-12 1737 YT5FD         599 28 9A3SMS        599 28
QSO:  3532 CW 2020-04-12 1740 YT5FD         599 28 SV2BXA        599 28
QSO:  3531 CW 2020-04-12 1741 YT5FD         599 28 R8TT          599 30
QSO:  3531 CW 2020-04-12 1741 YT5FD         599 28 RL4A          599 29
QSO:  3531 CW 2020-04-12 1741 YT5FD         599 28 YT5DM         599 28
QSO:  3531 CW 2020-04-12 1742 YT5FD         599 28 EW8DX         599 29
QSO:  3532 CW 2020-04-12 1742 YT5FD         599 28 SP9GFI        599 28
QSO:  3532 CW 2020-04-12 1743 YT5FD         599 28 RW0A          599 32
QSO:  3500 CW 2020-04-12 1744 YT5FD         599 28 R7AC          599 29
QSO:  3531 CW 2020-04-12 1744 YT5FD         599 28 YU6DX         599 28
QSO:  3532 CW 2020-04-12 1746 YT5FD         599 28 RK2M          599 29
QSO:  3532 CW 2020-04-12 1746 YT5FD         599 28 UA4Z          599 29
QSO:  3531 CW 2020-04-12 1748 YT5FD         599 28 Z32U          599 28
QSO:  3531 CW 2020-04-12 1750 YT5FD         599 28 RK3DK         599 29
QSO:  3532 CW 2020-04-12 1750 YT5FD         599 28 RK4FM         599 29
QSO:  3531 CW 2020-04-12 1751 YT5FD         599 28 RW3YB         599 29
QSO:  3532 CW 2020-04-12 1752 YT5FD         599 28 YO5AXF        599 28
QSO:  3531 CW 2020-04-12 1753 YT5FD         599 28 UA4FER        599 29
QSO:  3532 CW 2020-04-12 1753 YT5FD         599 28 OM8CW         599 28
QSO:  3500 CW 2020-04-12 1755 YT5FD         599 28 DH1TST        599 28
QSO:  3531 CW 2020-04-12 1755 YT5FD         599 28 EU4E          599 29
QSO:  3500 CW 2020-04-12 1756 YT5FD         599 28 HA5OO         599 28
QSO:  3500 CW 2020-04-12 1757 YT5FD         599 28 RM7C          599 29
QSO:  3532 CW 2020-04-12 1757 YT5FD         599 28 SV1BJW        599 28
QSO:  3532 CW 2020-04-12 1758 YT5FD         599 28 LZ5N          599 28
QSO:  3532 CW 2020-04-12 1759 YT5FD         599 28 RT2F          599 29
QSO:  3531 CW 2020-04-12 1800 YT5FD         599 28 RW3YA         599 29
QSO:  3531 CW 2020-04-12 1801 YT5FD         599 28 YU1KT         599 28
QSO:  3531 CW 2020-04-12 1802 YT5FD         599 28 SN7O          599 28
QSO:  3500 CW 2020-04-12 1803 YT5FD         599 28 9A1AD         599 28
QSO:  3500 CW 2020-04-12 1804 YT5FD         599 28 R7KX          599 29
QSO:  3531 CW 2020-04-12 1804 YT5FD         599 28 UA5R          599 29
END-OF-LOG:
