START-OF-LOG: 3.0
CREATED-BY: reconstructed-log-builder
CONTEST: CQ-WW-CW
CALLSIGN: DL3HWD
LOCATION: 
CATEGORY: CHECKLOG
CATEGORY-OPERATOR: SINGLE-OP
CATEGORY-BAND: ALL
CATEGORY-MODE: MIXED
CATEGORY-POWER: UNKNOWN
CATEGORY-ASSISTED: NON-ASSISTED
CATEGORY-TRANSMITTER: ONE
CATEGORY-STATION: UNKNOWN
CATEGORY-OVERLAY: 
OPERATORS: DL3HWD
CLAIMED-SCORE: 
CLUB: 
NAME: 
SOAPBOX: RECONSTRUCTED MOCKUP LOG - NOT AN OFFICIAL SUBMISSION.
SOAPBOX: Derived from submitted logs for CQ-WW-CW CQWW/cw/2007.
QSO:  3500 CW 2007-11-24 2048 DL3HWD        599 14 EA6IB         599 14
QSO:  3500 CW 2007-11-24 2050 DL3HWD        599 14 M6T           599 14
QSO:  7005 CW 2007-11-24 2055 DL3HWD        599 14 4L8A          599 21
QSO:  7000 CW 2007-11-24 2110 DL3HWD        599 14 9Y4AA         599 9
QSO:  7000 CW 2007-11-24 2114 DL3HWD        599 14 P49Y          599 9
QSO:  7055 CW 2007-11-24 2115 DL3HWD        599 14 V26K          599 08
QSO:  3509 CW 2007-11-24 2124 DL3HWD        599 14 KC1XX         599 5
QSO:  3501 CW 2007-11-24 2128 DL3HWD        599 14 SV9CVY        599 20
QSO:  3504 CW 2007-11-24 2128 DL3HWD        599 14 UA9PC         599 18
QSO:  3512 CW 2007-11-25 1547 DL3HWD        599 14 LN9Z          599 14
QSO:  3500 CW 2007-11-25 2047 DL3HWD        599 14 CN2FB         599 33
QSO:  3501 CW 2007-11-25 2227 DL3HWD        599 14 LX7I          599 14
QSO:  3500 CW 2007-11-25 2233 DL3HWD        599 14 EW8DX         599 16
QSO:  3507 CW 2007-11-25 2241 DL3HWD        599 14 P3F           599 20
QSO:  3512 CW 2007-11-25 2248 DL3HWD        599 14 UZ7U          599 16
QSO:  3529 CW 2007-11-25 2254 DL3HWD        599 14 CN3A          599 33
QSO:  3500 CW 2007-11-25 2258 DL3HWD        599 14 MU0FAL        599 14
QSO:  3500 CW 2007-11-25 2305 DL3HWD        599 14 J43J          599 20
END-OF-LOG:
